2026-01-28 14:34:34.006  4496-4530  XtreamPreflightWorker   com.fishit.player.v2                 I  START sync_run_id=91a4ac3e-8822-43d6-a8e9-6d6501bb309f mode=force_rescan source=XTREAM attempt=0/5
2026-01-28 14:34:34.006  4496-4496  WM-Processor            com.fishit.player.v2                 D  Processor f80f2007-c411-455d-9b41-37447b812570 executed; reschedule = false
2026-01-28 14:34:34.006  4496-4496  WM-SystemJobService     com.fishit.player.v2                 D  f80f2007-c411-455d-9b41-37447b812570 executed on JobScheduler
2026-01-28 14:34:34.008  4496-4530  RuntimeGuards           com.fishit.player.v2                 D  Manual sync (force_rescan) - skipping battery guard (level=100%)
2026-01-28 14:34:34.008  4496-4530  XtreamPreflightWorker   com.fishit.player.v2                 I  SUCCESS duration_ms=2 (credentials valid)
2026-01-28 14:34:34.012  4496-4554  WM-GreedyScheduler      com.fishit.player.v2                 D  Cancelling work ID f80f2007-c411-455d-9b41-37447b812570
2026-01-28 14:34:34.017  4496-4496  WorkManage...teObserver com.fishit.player.v2                 I  Sync state: SUCCEEDED
2026-01-28 14:34:34.018  4496-4554  WM-WorkerWrapper        com.fishit.player.v2                 I  Worker result SUCCESS for Work [ id=1369f082-d33f-4f14-8bd4-a7dea5600785, tags={ com.fishit.player.v2.work.XtreamPreflightWorker,catalog_sync,source_xtream,worker/XtreamPreflightWorker } ]
2026-01-28 14:34:34.019  4496-4496  WorkManage...teObserver com.fishit.player.v2                 I  Sync state: SUCCEEDED
2026-01-28 14:34:34.020  4496-4554  WM-WorkerWrapper        com.fishit.player.v2                 I  Setting status to enqueued for 8ada49e8-546a-4e2c-a7a2-20a95c95a647
2026-01-28 14:34:34.054  4496-4496  WM-Processor            com.fishit.player.v2                 D  Processor 1369f082-d33f-4f14-8bd4-a7dea5600785 executed; reschedule = false
2026-01-28 14:34:34.055  4496-4496  WM-SystemJobService     com.fishit.player.v2                 D  1369f082-d33f-4f14-8bd4-a7dea5600785 executed on JobScheduler
2026-01-28 14:34:34.059  4496-4552  WM-GreedyScheduler      com.fishit.player.v2                 D  Cancelling work ID 1369f082-d33f-4f14-8bd4-a7dea5600785
2026-01-28 14:34:34.069  4496-4552  WM-SystemJobScheduler   com.fishit.player.v2                 D  Scheduling work ID 8ada49e8-546a-4e2c-a7a2-20a95c95a647Job ID 7
2026-01-28 14:34:34.073  4496-4552  WM-GreedyScheduler      com.fishit.player.v2                 D  Starting work for 8ada49e8-546a-4e2c-a7a2-20a95c95a647
2026-01-28 14:34:34.077  4496-4496  WM-SystemJobService     com.fishit.player.v2                 D  onStopJob for WorkGenerationalId(workSpecId=1369f082-d33f-4f14-8bd4-a7dea5600785, generation=0)
2026-01-28 14:34:34.078  4496-4496  WM-SystemJobService     com.fishit.player.v2                 D  onStartJob for WorkGenerationalId(workSpecId=8ada49e8-546a-4e2c-a7a2-20a95c95a647, generation=0)
2026-01-28 14:34:34.081  4496-4552  WM-Processor            com.fishit.player.v2                 D  Processor: processing WorkGenerationalId(workSpecId=8ada49e8-546a-4e2c-a7a2-20a95c95a647, generation=0)
2026-01-28 14:34:34.085  4496-4552  WM-Processor            com.fishit.player.v2                 D  Work WorkGenerationalId(workSpecId=8ada49e8-546a-4e2c-a7a2-20a95c95a647, generation=0) is already enqueued for processing
2026-01-28 14:34:34.089  4496-4496  WM-WorkerWrapper        com.fishit.player.v2                 D  Starting work for com.fishit.player.v2.work.XtreamCatalogScanWorker
2026-01-28 14:34:34.090  4496-4705  XtreamCatalogScanWorker com.fishit.player.v2                 I  START sync_run_id=91a4ac3e-8822-43d6-a8e9-6d6501bb309f mode=force_rescan source=XTREAM scope=INCREMENTAL runtimeBudgetMs=900000 checkpoint=xtream|v=2|phase=VOD_LIST|offset=0
2026-01-28 14:34:34.091  4496-4705  RuntimeGuards           com.fishit.player.v2                 D  Manual sync (force_rescan) - skipping battery guard (level=100%)
2026-01-28 14:34:34.092  4496-4705  XtreamCatalogScanWorker com.fishit.player.v2                 D  Catalog sync: includeVod=true includeSeries=true includeEpisodes=false (lazy) includeLive=true scope=INCREMENTAL enhanced=true
2026-01-28 14:34:34.092  4496-4705  XtreamCatalogScanWorker com.fishit.player.v2                 I  Using ENHANCED sync: live=600 movies=400 series=200 timeFlush=true
2026-01-28 14:34:34.092  4496-4705  CatalogSyncService      com.fishit.player.v2                 I  Starting enhanced Xtream sync: live=true, vod=true, series=true, episodes=false, excludeSeriesIds=0, episodeParallelism=4, canonical_linking=false
2026-01-28 14:34:34.092  4496-4705  XtreamCatalogScanWorker com.fishit.player.v2                 D  Enhanced catalog sync started
2026-01-28 14:34:34.094  4496-5727  XtreamCatalogPipeline   com.fishit.player.v2                 I  Starting Xtream catalog scan: vod=true, series=true, episodes=false, live=true
2026-01-28 14:34:34.095  4496-5727  XtreamCatalogPipeline   com.fishit.player.v2                 D  [SERIES] Starting parallel scan (streaming-first, episodes deferred)...
2026-01-28 14:34:34.095  4496-4530  XtreamCatalogPipeline   com.fishit.player.v2                 D  [LIVE] Starting parallel scan (streaming-first)...
2026-01-28 14:34:34.095  4496-5729  XtreamCatalogPipeline   com.fishit.player.v2                 D  [VOD] Starting parallel scan (streaming-first)...
2026-01-28 14:34:34.098  4496-4530  XtreamApiClient         com.fishit.player.v2                 D  buildPlayerApiUrl: action=get_live_streams -> konigtv.com/player_api.php
2026-01-28 14:34:34.101  4496-5727  XtreamApiClient         com.fishit.player.v2                 D  buildPlayerApiUrl: action=get_series -> konigtv.com/player_api.php
2026-01-28 14:34:34.102  4496-4705  CatalogSyncService      com.fishit.player.v2                 D  Enhanced scan started
2026-01-28 14:34:34.108  4496-5729  XtreamApiClient         com.fishit.player.v2                 D  buildPlayerApiUrl: action=get_vod_streams -> konigtv.com/player_api.php
2026-01-28 14:34:34.108  4496-4685  TrafficStats            com.fishit.player.v2                 D  tagSocket(137) with statsTag=0xffffffff, statsUid=-1
2026-01-28 14:34:34.233  4496-5770  TrafficStats            com.fishit.player.v2                 D  tagSocket(140) with statsTag=0xffffffff, statsUid=-1
2026-01-28 14:34:34.348  4496-5770  TrafficStats            com.fishit.player.v2                 D  tagSocket(152) with statsTag=0xffffffff, statsUid=-1
2026-01-28 14:34:34.457  4496-4530  XtreamApiClient         com.fishit.player.v2                 D  StreamingFetch: Success for konigtv.com/player_api.php, streaming response
2026-01-28 14:34:34.586  4496-5729  XtreamApiClient         com.fishit.player.v2                 D  StreamingFetch: Success for konigtv.com/player_api.php, streaming response
2026-01-28 14:34:34.691  4496-4530  XTC                     com.fishit.player.v2                 D  [LIVE] DTO→Raw #1 | id=xtream:live:81568 | title="DE HEVC" | sourceType=XTREAM | Fields: ✓[poster] ✗[year, plot, cast, director, backdrop, duration, tmdb]
2026-01-28 14:34:34.715  4496-4530  XTC                     com.fishit.player.v2                 D  [LIVE] DTO→Raw #50 | id=xtream:live:71808 | title="DE: Deluxe Music HEVC" | sourceType=XTREAM | Fields: ✓[poster] ✗[year, plot, cast, director, backdrop, duration, tmdb]
2026-01-28 14:34:34.737  4496-4530  XTC                     com.fishit.player.v2                 D  [LIVE] DTO→Raw #100 | id=xtream:live:49200 | title="DE: Pro 7 Maxx FHD" | sourceType=XTREAM | Fields: ✓[poster] ✗[year, plot, cast, director, backdrop, duration, tmdb]
2026-01-28 14:34:34.737  4496-4527  XtreamCatalogScanWorker com.fishit.player.v2                 D  PROGRESS discovered=100 persisted=0 phase=null
2026-01-28 14:34:34.740  4496-4527  SyncPerfMetrics         com.fishit.player.v2                 D  Phase LIVE started
2026-01-28 14:34:34.741  4496-4527  XtreamCatalogScanWorker com.fishit.player.v2                 D  PROGRESS discovered=100 persisted=0 phase=LIVE
2026-01-28 14:34:34.759  4496-4530  XTC                     com.fishit.player.v2                 D  [LIVE] DTO→Raw #150 | id=xtream:live:361561 | title="DE: NDR Hamburg" | sourceType=XTREAM | Fields: ✓[poster] ✗[year, plot, cast, director, backdrop, duration, tmdb]
2026-01-28 14:34:34.830  4496-4530  XTC                     com.fishit.player.v2                 D  [LIVE] DTO→Raw #200 | id=xtream:live:197779 | title="DE: QVC STYLE TV" | sourceType=XTREAM | Fields: ✓[poster] ✗[year, plot, cast, director, backdrop, duration, tmdb]
2026-01-28 14:34:34.831  4496-4527  XtreamCatalogScanWorker com.fishit.player.v2                 D  PROGRESS discovered=200 persisted=0 phase=null
2026-01-28 14:34:34.831  4496-4527  SyncPerfMetrics         com.fishit.player.v2                 D  Phase LIVE started
2026-01-28 14:34:34.832  4496-4527  XtreamCatalogScanWorker com.fishit.player.v2                 D  PROGRESS discovered=200 persisted=0 phase=LIVE
2026-01-28 14:34:34.848  4496-4530  XTC                     com.fishit.player.v2                 D  [LIVE] DTO→Raw #250 | id=xtream:live:67411 | title="DE: Bndliga 7 SD" | sourceType=XTREAM | Fields: ✓[poster] ✗[year, plot, cast, director, backdrop, duration, tmdb]
2026-01-28 14:34:34.866  4496-4530  XTC                     com.fishit.player.v2                 D  [LIVE] DTO→Raw #300 | id=xtream:live:354423 | title="DE: Bundesliga Tivibu 2 (Türkisch)" | sourceType=XTREAM | Fields: ✓[poster] ✗[year, plot, cast, director, backdrop, duration, tmdb]
2026-01-28 14:34:34.867  4496-4527  XtreamCatalogScanWorker com.fishit.player.v2                 D  PROGRESS discovered=300 persisted=0 phase=null
2026-01-28 14:34:34.867  4496-4527  SyncPerfMetrics         com.fishit.player.v2                 D  Phase LIVE started
2026-01-28 14:34:34.868  4496-4527  XtreamCatalogScanWorker com.fishit.player.v2                 D  PROGRESS discovered=300 persisted=0 phase=LIVE
2026-01-28 14:34:34.881  4496-4530  XTC                     com.fishit.player.v2                 D  [LIVE] DTO→Raw #350 | id=xtream:live:181819 | title="MyTeam TV - 7" | sourceType=XTREAM | Fields: ✓[poster] ✗[year, plot, cast, director, backdrop, duration, tmdb]
2026-01-28 14:34:34.896  4496-4530  XTC                     com.fishit.player.v2                 D  [LIVE] DTO→Raw #400 | id=xtream:live:795605 | title="DE: DEL2 EVENT 16" | sourceType=XTREAM | Fields: ✓[poster] ✗[year, plot, cast, director, backdrop, duration, tmdb]
2026-01-28 14:34:34.896  4496-4653  XtreamCatalogScanWorker com.fishit.player.v2                 D  PROGRESS discovered=400 persisted=0 phase=null
2026-01-28 14:34:34.897  4496-4653  SyncPerfMetrics         com.fishit.player.v2                 D  Phase LIVE started
2026-01-28 14:34:34.898  4496-4653  XtreamCatalogScanWorker com.fishit.player.v2                 D  PROGRESS discovered=400 persisted=0 phase=LIVE
2026-01-28 14:34:34.910  4496-4530  XTC                     com.fishit.player.v2                 D  [LIVE] DTO→Raw #450 | id=xtream:live:792958 | title="DE: RTL+ SPORT EVENT 17" | sourceType=XTREAM | Fields: ✓[poster] ✗[year, plot, cast, director, backdrop, duration, tmdb]
2026-01-28 14:34:34.926  4496-4530  XTC                     com.fishit.player.v2                 D  [LIVE] DTO→Raw #500 | id=xtream:live:797354 | title="DE: DAZN EVENT 26 HD" | sourceType=XTREAM | Fields: ✓[poster] ✗[year, plot, cast, director, backdrop, duration, tmdb]
2026-01-28 14:34:34.927  4496-4527  XtreamCatalogScanWorker com.fishit.player.v2                 D  PROGRESS discovered=500 persisted=0 phase=null
2026-01-28 14:34:34.927  4496-4527  SyncPerfMetrics         com.fishit.player.v2                 D  Phase LIVE started
2026-01-28 14:34:34.928  4496-4527  XtreamCatalogScanWorker com.fishit.player.v2                 D  PROGRESS discovered=500 persisted=0 phase=LIVE
2026-01-28 14:34:34.958  4496-4530  XTC                     com.fishit.player.v2                 D  [LIVE] DTO→Raw #550 | id=xtream:live:744166 | title="DE: DYN SPORT 25" | sourceType=XTREAM | Fields: ✓[poster] ✗[year, plot, cast, director, backdrop, duration, tmdb]
2026-01-28 14:34:34.973  4496-4530  XTC                     com.fishit.player.v2                 D  [LIVE] DTO→Raw #600 | id=xtream:live:121760 | title="DE: Spiegel TV Wissen RAW" | sourceType=XTREAM | Fields: ✓[poster] ✗[year, plot, cast, director, backdrop, duration, tmdb]
2026-01-28 14:34:34.974  4496-4527  SyncBatchManager        com.fishit.player.v2                 D  Flushing LIVE batch: 600 items (timeBased=false)
2026-01-28 14:34:34.974  4496-4527  CatalogSyncService      com.fishit.player.v2                 D  Persisting Xtream live batch (NX-ONLY): 600 items
2026-01-28 14:34:34.978  4496-5729  XTC                     com.fishit.player.v2                 D  [SERIES] DTO→Raw #1 | id=xtream:series:-441 | title="Madam Secretary" | sourceType=XTREAM | Fields: ✓[plot(542c), cast, poster] ✗[year, director, backdrop, duration, tmdb]
2026-01-28 14:34:35.267  4496-4506  ishit.player.v2         com.fishit.player.v2                 I  Background concurrent copying GC freed 370331(13MB) AllocSpace objects, 0(0B) LOS objects, 37% free, 40MB/64MB, paused 139us,98us total 173.991ms
2026-01-28 14:34:35.289  4496-4508  Box                     com.fishit.player.v2                 W  Skipping low-level close for read-only cursor (non-creator thread 'FinalizerDaemon')
2026-01-28 14:34:35.289  4496-4508  System.out              com.fishit.player.v2                 I  Hint: use closeThreadResources() to avoid finalizing recycled transactions (initial commit count: 30696).
2026-01-28 14:34:35.289  4496-4508  Box                     com.fishit.player.v2                 W  Skipping low-level close for read-only cursor (non-creator thread 'FinalizerDaemon')
2026-01-28 14:34:35.289  4496-4508  Box                     com.fishit.player.v2                 E  Destroying inactive transaction #4379 owned by thread #4 in non-owner thread 'FinalizerDaemon'
2026-01-28 14:34:35.289  4496-4508  Box                     com.fishit.player.v2                 E  Aborting a read transaction in a non-creator thread is a severe usage error and may cause a panic in a future version
2026-01-28 14:34:35.289  4496-4508  Box                     com.fishit.player.v2                 W  Skipping low-level close for read-only cursor (non-creator thread 'FinalizerDaemon')
2026-01-28 14:34:35.289  4496-4508  Box                     com.fishit.player.v2                 W  Skipping low-level close for read-only cursor (non-creator thread 'FinalizerDaemon')
2026-01-28 14:34:35.289  4496-4508  Box                     com.fishit.player.v2                 W  Skipping low-level close for read-only cursor (non-creator thread 'FinalizerDaemon')
2026-01-28 14:34:35.289  4496-4508  System.out              com.fishit.player.v2                 I  Hint: use closeThreadResources() to avoid finalizing recycled transactions (initial commit count: 27978).
2026-01-28 14:34:35.289  4496-4508  Box                     com.fishit.player.v2                 W  Skipping low-level close for read-only cursor (non-creator thread 'FinalizerDaemon')
2026-01-28 14:34:35.289  4496-4508  Box                     com.fishit.player.v2                 E  Destroying inactive transaction #4528 owned by thread #15 in non-owner thread 'FinalizerDaemon'
2026-01-28 14:34:35.289  4496-4508  Box                     com.fishit.player.v2                 E  Aborting a read transaction in a non-creator thread is a severe usage error and may cause a panic in a future version
2026-01-28 14:34:35.289  4496-4508  Box                     com.fishit.player.v2                 W  Skipping low-level close for read-only cursor (non-creator thread 'FinalizerDaemon')
2026-01-28 14:34:35.289  4496-4508  Box                     com.fishit.player.v2                 W  Skipping low-level close for read-only cursor (non-creator thread 'FinalizerDaemon')
2026-01-28 14:34:35.289  4496-4508  Box                     com.fishit.player.v2                 W  Skipping low-level close for read-only cursor (non-creator thread 'FinalizerDaemon')
2026-01-28 14:34:35.289  4496-4508  System.out              com.fishit.player.v2                 I  Hint: use closeThreadResources() to avoid finalizing recycled transactions (initial commit count: 33985).
2026-01-28 14:34:35.290  4496-4508  Box                     com.fishit.player.v2                 W  Skipping low-level close for read-only cursor (non-creator thread 'FinalizerDaemon')
2026-01-28 14:34:35.290  4496-4508  Box                     com.fishit.player.v2                 E  Destroying inactive transaction #4705 owned by thread #5 in non-owner thread 'FinalizerDaemon'
2026-01-28 14:34:35.290  4496-4508  Box                     com.fishit.player.v2                 E  Aborting a read transaction in a non-creator thread is a severe usage error and may cause a panic in a future version
2026-01-28 14:34:35.738  4496-4506  ishit.player.v2         com.fishit.player.v2                 I  Background young concurrent copying GC freed 531753(22MB) AllocSpace objects, 0(0B) LOS objects, 10% free, 57MB/64MB, paused 175us,147us total 228.644ms
2026-01-28 14:34:35.740  4496-5727  XtreamApiClient         com.fishit.player.v2                 D  StreamingFetch: Success for konigtv.com/player_api.php, streaming response
2026-01-28 14:34:35.970  4496-4506  ishit.player.v2         com.fishit.player.v2                 I  Background concurrent copying GC freed 708679(38MB) AllocSpace objects, 0(0B) LOS objects, 39% free, 37MB/61MB, paused 176us,222us total 165.617ms
2026-01-28 14:34:35.972  4496-4508  System.out              com.fishit.player.v2                 I  Hint: use closeThreadResources() to avoid finalizing recycled transactions (initial commit count: 30628).
2026-01-28 14:34:35.972  4496-4508  Box                     com.fishit.player.v2                 E  Destroying inactive transaction #4378 owned by thread #4 in non-owner thread 'FinalizerDaemon'
2026-01-28 14:34:35.972  4496-4508  Box                     com.fishit.player.v2                 E  Aborting a read transaction in a non-creator thread is a severe usage error and may cause a panic in a future version
2026-01-28 14:34:35.972  4496-4508  System.out              com.fishit.player.v2                 I  Hint: use closeThreadResources() to avoid finalizing recycled transactions (initial commit count: 34306).
2026-01-28 14:34:35.972  4496-4508  Box                     com.fishit.player.v2                 E  Destroying inactive transaction #4406 owned by thread #14 in non-owner thread 'FinalizerDaemon'
2026-01-28 14:34:35.972  4496-4508  Box                     com.fishit.player.v2                 E  Aborting a read transaction in a non-creator thread is a severe usage error and may cause a panic in a future version
2026-01-28 14:34:35.972  4496-4508  System.out              com.fishit.player.v2                 I  Hint: use closeThreadResources() to avoid finalizing recycled transactions (initial commit count: 34327).
2026-01-28 14:34:35.972  4496-4508  Box                     com.fishit.player.v2                 E  Destroying inactive transaction #4419 owned by thread #14 in non-owner thread 'FinalizerDaemon'
2026-01-28 14:34:35.972  4496-4508  Box                     com.fishit.player.v2                 E  Aborting a read transaction in a non-creator thread is a severe usage error and may cause a panic in a future version
2026-01-28 14:34:35.972  4496-4508  System.out              com.fishit.player.v2                 I  Hint: use closeThreadResources() to avoid finalizing recycled transactions (initial commit count: 27964).
2026-01-28 14:34:35.972  4496-4508  Box                     com.fishit.player.v2                 E  Destroying inactive transaction #4526 owned by thread #15 in non-owner thread 'FinalizerDaemon'
2026-01-28 14:34:35.972  4496-4508  Box                     com.fishit.player.v2                 E  Aborting a read transaction in a non-creator thread is a severe usage error and may cause a panic in a future version
2026-01-28 14:34:35.972  4496-4508  System.out              com.fishit.player.v2                 I  Hint: use closeThreadResources() to avoid finalizing recycled transactions (initial commit count: 29945).
2026-01-28 14:34:35.972  4496-4508  Box                     com.fishit.player.v2                 E  Destroying inactive transaction #4673 owned by thread #3 in non-owner thread 'FinalizerDaemon'
2026-01-28 14:34:35.972  4496-4508  Box                     com.fishit.player.v2                 E  Aborting a read transaction in a non-creator thread is a severe usage error and may cause a panic in a future version
2026-01-28 14:34:36.339  4496-4506  ishit.player.v2         com.fishit.player.v2                 I  Background young concurrent copying GC freed 472776(18MB) AllocSpace objects, 0(0B) LOS objects, 15% free, 51MB/61MB, paused 334us,152us total 134.281ms
2026-01-28 14:34:36.403  4496-5727  XTC                     com.fishit.player.v2                 D  [VOD] DTO→Raw #1 | id=xtream:vod:804345 | title="Ella McCay | 2025 | 5.2" | sourceType=XTREAM | Fields: ✓[year=2025, poster] ✗[plot, cast, director, backdrop, duration, tmdb]
2026-01-28 14:34:36.789  4496-4506  ishit.player.v2         com.fishit.player.v2                 I  Background concurrent copying GC freed 620707(31MB) AllocSpace objects, 0(0B) LOS objects, 30% free, 53MB/77MB, paused 128us,128us total 353.988ms
2026-01-28 14:34:37.350  4496-4506  ishit.player.v2         com.fishit.player.v2                 I  Background young concurrent copying GC freed 723666(30MB) AllocSpace objects, 0(0B) LOS objects, 9% free, 70MB/77MB, paused 568us,202us total 318.821ms
2026-01-28 14:34:37.658  4496-4506  ishit.player.v2         com.fishit.player.v2                 I  Background concurrent copying GC freed 919645(46MB) AllocSpace objects, 0(0B) LOS objects, 33% free, 47MB/71MB, paused 143us,112us total 231.743ms
2026-01-28 14:34:38.045  4496-4506  ishit.player.v2         com.fishit.player.v2                 I  Background young concurrent copying GC freed 607695(26MB) AllocSpace objects, 0(0B) LOS objects, 22% free, 55MB/71MB, paused 271us,119us total 144.443ms
2026-01-28 14:34:38.580  4496-4506  ishit.player.v2         com.fishit.player.v2                 I  Background concurrent copying GC freed 1060346(54MB) AllocSpace objects, 0(0B) LOS objects, 34% free, 45MB/69MB, paused 345us,157us total 369.088ms
2026-01-28 14:34:39.116  4496-4506  ishit.player.v2         com.fishit.player.v2                 I  Background young concurrent copying GC freed 516422(20MB) AllocSpace objects, 0(0B) LOS objects, 0% free, 72MB/72MB, paused 285us,201us total 293.173ms
2026-01-28 14:34:39.244  4496-4506  ishit.player.v2         com.fishit.player.v2                 I  Background concurrent copying GC freed 905103(47MB) AllocSpace objects, 0(0B) LOS objects, 41% free, 34MB/58MB, paused 185us,127us total 126.527ms
2026-01-28 14:34:39.727  4496-4506  ishit.player.v2         com.fishit.player.v2                 I  Background young concurrent copying GC freed 403492(14MB) AllocSpace objects, 0(0B) LOS objects, 0% free, 61MB/61MB, paused 271us,112us total 235.587ms
2026-01-28 14:34:40.024  4496-4506  ishit.player.v2         com.fishit.player.v2                 I  Background concurrent copying GC freed 643136(35MB) AllocSpace objects, 0(0B) LOS objects, 32% free, 50MB/74MB, paused 140us,157us total 295.542ms
2026-01-28 14:34:40.423  4496-4506  ishit.player.v2         com.fishit.player.v2                 I  Background young concurrent copying GC freed 759863(33MB) AllocSpace objects, 0(0B) LOS objects, 28% free, 53MB/74MB, paused 239us,136us total 161.751ms
2026-01-28 14:34:40.967  4496-4506  ishit.player.v2         com.fishit.player.v2                 I  Background concurrent copying GC freed 1073309(53MB) AllocSpace objects, 0(0B) LOS objects, 35% free, 44MB/68MB, paused 173us,240us total 319.035ms
2026-01-28 14:34:41.419  4496-4506  ishit.player.v2         com.fishit.player.v2                 I  Background young concurrent copying GC freed 556562(22MB) AllocSpace objects, 0(0B) LOS objects, 8% free, 62MB/68MB, paused 179us,91us total 202.772ms
2026-01-28 14:34:41.666  4496-4496  ViewRootIm...nActivity] com.fishit.player.v2                 I  ViewPostIme pointer 0
2026-01-28 14:34:41.690  4496-4506  ishit.player.v2         com.fishit.player.v2                 I  Background concurrent copying GC freed 707040(38MB) AllocSpace objects, 0(0B) LOS objects, 34% free, 45MB/69MB, paused 198us,90us total 212.815ms
2026-01-28 14:34:41.735  4496-4496  ViewRootIm...nActivity] com.fishit.player.v2                 I  ViewPostIme pointer 1
2026-01-28 14:34:41.739  4496-4496  DebugViewModel          com.fishit.player.v2                 I  User triggered: Sync All (enqueueExpertSyncNow)
2026-01-28 14:34:41.744  4496-4496  CatalogSyncScheduler    com.fishit.player.v2                 D  Enqueueing EXPERT_NOW sync
2026-01-28 14:34:41.786  4496-4553  WM-SystemJobScheduler   com.fishit.player.v2                 D  Scheduling work ID a925562c-8770-40f5-8bb5-f4a973c35ef6Job ID 8
2026-01-28 14:34:41.798  4496-4496  WM-SystemJobService     com.fishit.player.v2                 D  onStartJob for WorkGenerationalId(workSpecId=a925562c-8770-40f5-8bb5-f4a973c35ef6, generation=0)
2026-01-28 14:34:41.799  4496-4553  WM-GreedyScheduler      com.fishit.player.v2                 D  Starting work for a925562c-8770-40f5-8bb5-f4a973c35ef6
2026-01-28 14:34:41.810  4496-4553  WM-Processor            com.fishit.player.v2                 D  Processor: processing WorkGenerationalId(workSpecId=a925562c-8770-40f5-8bb5-f4a973c35ef6, generation=0)
2026-01-28 14:34:41.815  4496-4553  WM-Processor            com.fishit.player.v2                 D  Work WorkGenerationalId(workSpecId=a925562c-8770-40f5-8bb5-f4a973c35ef6, generation=0) is already enqueued for processing
2026-01-28 14:34:41.839  4496-4496  WM-WorkerWrapper        com.fishit.player.v2                 D  Starting work for com.fishit.player.v2.work.CatalogSyncOrchestratorWorker
2026-01-28 14:34:41.840  4496-5727  CatalogSyn...atorWorker com.fishit.player.v2                 I  START sync_run_id=2dcabc82-c41a-49f4-8f95-a1fc6a529d73 mode=expert_now
2026-01-28 14:34:41.852  4496-5727  RuntimeGuards           com.fishit.player.v2                 D  Manual sync (expert_now) - skipping battery guard (level=100%)
2026-01-28 14:34:41.853  4496-5727  CatalogSyn...atorWorker com.fishit.player.v2                 I  Active sources check: [XTREAM] (isEmpty=false)
2026-01-28 14:34:41.853  4496-5727  CatalogSyn...atorWorker com.fishit.player.v2                 D  Active sources: [XTREAM] (TELEGRAM=false, XTREAM=true, IO=false)
2026-01-28 14:34:41.859  4496-5727  CatalogSyn...atorWorker com.fishit.player.v2                 D  Enqueued Xtream chain: work_name=catalog_sync_global_xtream policy=KEEP workers=2
2026-01-28 14:34:41.860  4496-5727  CatalogSyn...atorWorker com.fishit.player.v2                 D  Telegram not in active sources - skipping Telegram workers
2026-01-28 14:34:41.861  4496-5727  CatalogSyn...atorWorker com.fishit.player.v2                 D  📊 WorkInfo chains enqueued:
[XTREAM] work_name=catalog_sync_global_xtream → ENQUEUED
Use 'adb shell dumpsys jobscheduler' or WorkManager Inspector for detailed state
2026-01-28 14:34:41.862  4496-4553  WM-EnqueueRunnable      com.fishit.player.v2                 E  Prerequisite 56791855-064d-4686-aaf5-361ca79f674c doesn't exist; not enqueuing
2026-01-28 14:34:41.863  4496-5727  CatalogSyn...atorWorker com.fishit.player.v2                 I  CHAINS_ENQUEUED duration_ms=22 policy=KEEP sources=XTREAM (downstream workers will report completion)
2026-01-28 14:34:41.880  4496-4496  WorkManage...teObserver com.fishit.player.v2                 D  Sync state: RUNNING | id=a925562c | attempts=1 | tags=[mode_expert_now, catalog_sync, worker/CatalogSyncOrchestratorWorker, com.fishit.player.v2.work.CatalogSyncOrchestratorWorker]
2026-01-28 14:34:41.883  4496-4496  WorkManage...teObserver com.fishit.player.v2                 D  Sync state: RUNNING | id=a925562c | attempts=1 | tags=[mode_expert_now, catalog_sync, worker/CatalogSyncOrchestratorWorker, com.fishit.player.v2.work.CatalogSyncOrchestratorWorker]
2026-01-28 14:34:41.886  4496-4538  WM-WorkerWrapper        com.fishit.player.v2                 I  Worker result SUCCESS for Work [ id=a925562c-8770-40f5-8bb5-f4a973c35ef6, tags={ com.fishit.player.v2.work.CatalogSyncOrchestratorWorker,catalog_sync,mode_expert_now,worker/CatalogSyncOrchestratorWorker } ]
2026-01-28 14:34:41.930  4496-4496  WM-Processor            com.fishit.player.v2                 D  Processor a925562c-8770-40f5-8bb5-f4a973c35ef6 executed; reschedule = false
2026-01-28 14:34:41.930  4496-4496  WM-SystemJobService     com.fishit.player.v2                 D  a925562c-8770-40f5-8bb5-f4a973c35ef6 executed on JobScheduler
2026-01-28 14:34:41.937  4496-4552  WM-GreedyScheduler      com.fishit.player.v2                 D  Cancelling work ID a925562c-8770-40f5-8bb5-f4a973c35ef6
2026-01-28 14:34:41.967  4496-4496  WM-SystemJobService     com.fishit.player.v2                 D  onStopJob for WorkGenerationalId(workSpecId=a925562c-8770-40f5-8bb5-f4a973c35ef6, generation=0)
2026-01-28 14:34:41.968  4496-4496  WorkManage...teObserver com.fishit.player.v2                 I  Sync state: SUCCEEDED
2026-01-28 14:34:41.975  4496-4496  WorkManage...teObserver com.fishit.player.v2                 I  Sync state: SUCCEEDED
2026-01-28 14:34:42.049  4496-4506  ishit.player.v2         com.fishit.player.v2                 I  Background young concurrent copying GC freed 535022(22MB) AllocSpace objects, 0(0B) LOS objects, 10% free, 61MB/69MB, paused 105us,119us total 171.882ms
2026-01-28 14:34:42.265  4496-4506  ishit.player.v2         com.fishit.player.v2                 I  Background concurrent copying GC freed 761088(41MB) AllocSpace objects, 0(0B) LOS objects, 33% free, 46MB/70MB, paused 61us,80us total 166.119ms
2026-01-28 14:34:42.664  4496-4506  ishit.player.v2         com.fishit.player.v2                 I  Background young concurrent copying GC freed 638511(26MB) AllocSpace objects, 0(0B) LOS objects, 19% free, 56MB/70MB, paused 319us,103us total 171.153ms
2026-01-28 14:34:42.988  4496-4506  ishit.player.v2         com.fishit.player.v2                 I  Background concurrent copying GC freed 930404(48MB) AllocSpace objects, 0(0B) LOS objects, 40% free, 34MB/58MB, paused 118us,107us total 177.415ms
2026-01-28 14:34:43.622  4496-4506  ishit.player.v2         com.fishit.player.v2                 I  Background concurrent copying GC freed 557226(28MB) AllocSpace objects, 0(0B) LOS objects, 38% free, 38MB/62MB, paused 114us,73us total 136.011ms
2026-01-28 14:34:43.623  4496-4508  System.out              com.fishit.player.v2                 I  Hint: use closeThreadResources() to avoid finalizing recycled transactions (initial commit count: 29924).
2026-01-28 14:34:43.623  4496-4508  Box                     com.fishit.player.v2                 E  Destroying inactive transaction #4672 owned by thread #3 in non-owner thread 'FinalizerDaemon'
2026-01-28 14:34:43.623  4496-4508  Box                     com.fishit.player.v2                 E  Aborting a read transaction in a non-creator thread is a severe usage error and may cause a panic in a future version
2026-01-28 14:34:43.623  4496-4508  System.out              com.fishit.player.v2                 I  Hint: use closeThreadResources() to avoid finalizing recycled transactions (initial commit count: 33972).
2026-01-28 14:34:43.623  4496-4508  Box                     com.fishit.player.v2                 E  Destroying inactive transaction #4700 owned by thread #5 in non-owner thread 'FinalizerDaemon'
2026-01-28 14:34:43.623  4496-4508  Box                     com.fishit.player.v2                 E  Aborting a read transaction in a non-creator thread is a severe usage error and may cause a panic in a future version
2026-01-28 14:34:44.141  4496-4506  ishit.player.v2         com.fishit.player.v2                 I  Background young concurrent copying GC freed 419722(14MB) AllocSpace objects, 0(0B) LOS objects, 0% free, 69MB/69MB, paused 338us,183us total 282.975ms
2026-01-28 14:34:44.474  4496-4506  ishit.player.v2         com.fishit.player.v2                 I  Background concurrent copying GC freed 965133(48MB) AllocSpace objects, 0(0B) LOS objects, 33% free, 48MB/72MB, paused 247us,470us total 333.055ms
2026-01-28 14:34:44.933  4496-4506  ishit.player.v2         com.fishit.player.v2                 I  Background young concurrent copying GC freed 621243(26MB) AllocSpace objects, 0(0B) LOS objects, 18% free, 58MB/72MB, paused 180us,134us total 216.562ms
2026-01-28 14:34:45.379  4496-4506  ishit.player.v2         com.fishit.player.v2                 I  Background concurrent copying GC freed 811836(42MB) AllocSpace objects, 0(0B) LOS objects, 32% free, 50MB/74MB, paused 162us,122us total 300.997ms
2026-01-28 14:34:45.908  4496-4506  ishit.player.v2         com.fishit.player.v2                 I  Background young concurrent copying GC freed 716036(30MB) AllocSpace objects, 0(0B) LOS objects, 11% free, 66MB/74MB, paused 1.191ms,164us total 275.939ms
2026-01-28 14:34:46.121  4496-4506  ishit.player.v2         com.fishit.player.v2                 I  Background concurrent copying GC freed 972810(50MB) AllocSpace objects, 0(0B) LOS objects, 40% free, 35MB/59MB, paused 68us,66us total 131.774ms
2026-01-28 14:34:46.360  4496-5729  CatalogSyncService      com.fishit.player.v2                 D  Xtream live batch complete (NX): ingested=600 total_ms=11386
2026-01-28 14:34:46.366  4496-5729  XtreamCatalogScanWorker com.fishit.player.v2                 D  PROGRESS discovered=600 persisted=600 phase=null
2026-01-28 14:34:46.370  4496-5729  SyncPerfMetrics         com.fishit.player.v2                 D  Phase LIVE started
2026-01-28 14:34:46.390  4496-5729  XtreamCatalogScanWorker com.fishit.player.v2                 D  PROGRESS discovered=600 persisted=600 phase=LIVE
2026-01-28 14:34:46.393  4496-4648  XTC                     com.fishit.player.v2                 D  [LIVE] DTO→Raw #650 | id=xtream:live:48858 | title="DE: Sky Cinema Highlights FHD" | sourceType=XTREAM | Fields: ✓[poster] ✗[year, plot, cast, director, backdrop, duration, tmdb]
2026-01-28 14:34:46.399  4496-4530  XtreamCatalogScanWorker com.fishit.player.v2                 D  PROGRESS discovered=700 persisted=600 phase=null
2026-01-28 14:34:46.421  4496-4705  XTC                     com.fishit.player.v2                 D  [VOD] DTO→Raw #50 | id=xtream:vod:801981 | title="Anaconda | 2025 | 6.7" | sourceType=XTREAM | Fields: ✓[year=2025, poster] ✗[plot, cast, director, backdrop, duration, tmdb]
2026-01-28 14:34:46.427  4496-4527  XTC                     com.fishit.player.v2                 D  [SERIES] DTO→Raw #50 | id=xtream:series:365 | title="4 Blocks" | sourceType=XTREAM | Fields: ✓[plot(424c), cast, poster] ✗[year, director, backdrop, duration, tmdb]
2026-01-28 14:34:46.432  4496-4530  XtreamCatalogScanWorker com.fishit.player.v2                 D  PROGRESS discovered=800 persisted=600 phase=null
2026-01-28 14:34:46.447  4496-4705  XTC                     com.fishit.player.v2                 D  [VOD] DTO→Raw #100 | id=xtream:vod:800634 | title="Whiteout - Überleben ist alles | 2025 | " | sourceType=XTREAM | Fields: ✓[year=2025, poster] ✗[plot, cast, director, backdrop, duration, tmdb]
2026-01-28 14:34:46.453  4496-4648  XTC                     com.fishit.player.v2                 D  [LIVE] DTO→Raw #700 | id=xtream:live:733471 | title="DE: 2 BROKE GIRLS" | sourceType=XTREAM | Fields: ✓[poster] ✗[year, plot, cast, director, backdrop, duration, tmdb]
2026-01-28 14:34:46.454  4496-4527  XTC                     com.fishit.player.v2                 D  [SERIES] DTO→Raw #100 | id=xtream:series:687 | title="The I-Land" | sourceType=XTREAM | Fields: ✓[plot(471c), cast, poster] ✗[year, director, backdrop, duration, tmdb]
2026-01-28 14:34:46.464  4496-4653  SyncPerfMetrics         com.fishit.player.v2                 D  Phase MOVIES started
2026-01-28 14:34:46.465  4496-4653  XtreamCatalogScanWorker com.fishit.player.v2                 D  PROGRESS discovered=875 persisted=600 phase=VOD
2026-01-28 14:34:46.472  4496-4653  XtreamCatalogScanWorker com.fishit.player.v2                 D  PROGRESS discovered=900 persisted=600 phase=null
2026-01-28 14:34:46.514  4496-4653  SyncPerfMetrics         com.fishit.player.v2                 D  Phase LIVE started
2026-01-28 14:34:46.517  4496-4653  XtreamCatalogScanWorker com.fishit.player.v2                 D  PROGRESS discovered=904 persisted=600 phase=LIVE
2026-01-28 14:34:46.520  4496-4653  SyncPerfMetrics         com.fishit.player.v2                 D  Phase SERIES started
2026-01-28 14:34:46.521  4496-4653  XtreamCatalogScanWorker com.fishit.player.v2                 D  PROGRESS discovered=906 persisted=600 phase=SERIES
2026-01-28 14:34:46.525  4496-4506  ishit.player.v2         com.fishit.player.v2                 I  Background young concurrent copying GC freed 477229(20MB) AllocSpace objects, 0(0B) LOS objects, 15% free, 50MB/59MB, paused 154us,100us total 156.322ms
2026-01-28 14:34:46.542  4496-4527  XTC                     com.fishit.player.v2                 D  [VOD] DTO→Raw #150 | id=xtream:vod:798830 | title="825 Forest Road | 2025 | 5.9 |" | sourceType=XTREAM | Fields: ✓[year=2025, poster] ✗[plot, cast, director, backdrop, duration, tmdb]
2026-01-28 14:34:46.544  4496-4653  XtreamCatalogScanWorker com.fishit.player.v2                 D  PROGRESS discovered=1000 persisted=600 phase=null
2026-01-28 14:34:46.555  4496-4648  XTC                     com.fishit.player.v2                 D  [SERIES] DTO→Raw #150 | id=xtream:series:784 | title="Who Killed Jeffrey Epstein" | sourceType=XTREAM | Fields: ✓[poster] ✗[year, plot, cast, director, backdrop, duration, tmdb]
2026-01-28 14:34:46.562  4496-4527  XTC                     com.fishit.player.v2                 D  [VOD] DTO→Raw #200 | id=xtream:vod:797304 | title="Frankenstein | 2025 | 7.9 |" | sourceType=XTREAM | Fields: ✓[year=2025, poster] ✗[plot, cast, director, backdrop, duration, tmdb]
2026-01-28 14:34:46.564  4496-4653  SyncPerfMetrics         com.fishit.player.v2                 D  Phase MOVIES started
2026-01-28 14:34:46.565  4496-4653  XtreamCatalogScanWorker com.fishit.player.v2                 D  PROGRESS discovered=1090 persisted=600 phase=VOD
2026-01-28 14:34:46.568  4496-4527  XTC                     com.fishit.player.v2                 D  [VOD] DTO→Raw #250 | id=xtream:vod:794087 | title="Jenseits der blauen Grenze | 2024 | 6.4 " | sourceType=XTREAM | Fields: ✓[year=2024, poster] ✗[plot, cast, director, backdrop, duration, tmdb]
2026-01-28 14:34:46.569  4496-4653  XtreamCatalogScanWorker com.fishit.player.v2                 D  PROGRESS discovered=1100 persisted=600 phase=null
2026-01-28 14:34:46.576  4496-5727  XTC                     com.fishit.player.v2                 D  [LIVE] DTO→Raw #750 | id=xtream:live:749839 | title="DE: EDGAR WALLACE MIX" | sourceType=XTREAM | Fields: ✓[poster] ✗[year, plot, cast, director, backdrop, duration, tmdb]
2026-01-28 14:34:46.591  4496-4530  XTC                     com.fishit.player.v2                 D  [VOD] DTO→Raw #300 | id=xtream:vod:791360 | title="All of You | 2025 | 6.5 |" | sourceType=XTREAM | Fields: ✓[year=2025, poster] ✗[plot, cast, director, backdrop, duration, tmdb]
2026-01-28 14:34:46.591  4496-4619  SyncBatchManager        com.fishit.player.v2                 D  Time-based flush for LIVE: 144 items after 11618ms
2026-01-28 14:34:46.592  4496-4619  SyncBatchManager        com.fishit.player.v2                 D  Flushing LIVE batch: 144 items (timeBased=true)
2026-01-28 14:34:46.594  4496-4619  CatalogSyncService      com.fishit.player.v2                 D  Persisting Xtream live batch (NX-ONLY): 144 items
2026-01-28 14:34:46.600  4496-4705  XtreamCatalogScanWorker com.fishit.player.v2                 D  PROGRESS discovered=1200 persisted=600 phase=null
2026-01-28 14:34:46.613  4496-4705  SyncPerfMetrics         com.fishit.player.v2                 D  Phase MOVIES started
2026-01-28 14:34:46.617  4496-4705  XtreamCatalogScanWorker com.fishit.player.v2                 D  PROGRESS discovered=1241 persisted=600 phase=VOD
2026-01-28 14:34:46.624  4496-5798  XTC                     com.fishit.player.v2                 D  [SERIES] DTO→Raw #200 | id=xtream:series:1141 | title="Godless" | sourceType=XTREAM | Fields: ✓[plot(170c), cast, poster] ✗[year, director, backdrop, duration, tmdb]
2026-01-28 14:34:46.628  4496-4537  XTC                     com.fishit.player.v2                 D  [VOD] DTO→Raw #350 | id=xtream:vod:788976 | title="Was ist Liebe wert - Materialists | 2025" | sourceType=XTREAM | Fields: ✓[year=2025, poster] ✗[plot, cast, director, backdrop, duration, tmdb]
2026-01-28 14:34:46.637  4496-4705  XtreamCatalogScanWorker com.fishit.player.v2                 D  PROGRESS discovered=1300 persisted=600 phase=null
2026-01-28 14:34:46.642  4496-4705  SyncBatchManager        com.fishit.player.v2                 D  Flushing SERIES batch: 200 items (timeBased=false)
2026-01-28 14:34:46.643  4496-4705  CatalogSyncService      com.fishit.player.v2                 D  Persisting Xtream catalog batch (NX-ONLY): 200 items (canonical_linking=false)
2026-01-28 14:34:46.802  4496-4506  ishit.player.v2         com.fishit.player.v2                 I  Background concurrent copying GC freed 588904(30MB) AllocSpace objects, 0(0B) LOS objects, 38% free, 37MB/61MB, paused 1.290ms,106us total 163.675ms
2026-01-28 14:34:47.331  4496-4506  ishit.player.v2         com.fishit.player.v2                 I  Background young concurrent copying GC freed 419519(15MB) AllocSpace objects, 0(0B) LOS objects, 0% free, 66MB/66MB, paused 157us,196us total 275.388ms
2026-01-28 14:34:47.531  4496-4506  ishit.player.v2         com.fishit.player.v2                 I  Background concurrent copying GC freed 734209(39MB) AllocSpace objects, 0(0B) LOS objects, 35% free, 42MB/66MB, paused 135us,165us total 199.916ms
2026-01-28 14:34:47.924  4496-4506  ishit.player.v2         com.fishit.player.v2                 I  Background young concurrent copying GC freed 549656(22MB) AllocSpace objects, 0(0B) LOS objects, 22% free, 51MB/66MB, paused 375us,158us total 138.309ms
2026-01-28 14:34:48.476  4496-4506  ishit.player.v2         com.fishit.player.v2                 I  Background concurrent copying GC freed 1016679(51MB) AllocSpace objects, 0(0B) LOS objects, 34% free, 46MB/70MB, paused 307us,155us total 386.987ms
2026-01-28 14:34:48.610  4496-4496  ViewRootIm...nActivity] com.fishit.player.v2                 I  ViewPostIme pointer 0
2026-01-28 14:34:48.725  4496-4496  ViewRootIm...nActivity] com.fishit.player.v2                 I  ViewPostIme pointer 1
2026-01-28 14:34:48.931  4496-4506  ishit.player.v2         com.fishit.player.v2                 I  Background young concurrent copying GC freed 622998(25MB) AllocSpace objects, 0(0B) LOS objects, 10% free, 63MB/70MB, paused 294us,165us total 212.094ms
2026-01-28 14:34:49.094  4496-4506  ishit.player.v2         com.fishit.player.v2                 I  Background concurrent copying GC freed 746507(37MB) AllocSpace objects, 0(0B) LOS objects, 36% free, 41MB/65MB, paused 108us,36us total 112.929ms
2026-01-28 14:34:49.127  4496-4619  CatalogSyncService      com.fishit.player.v2                 D  Xtream batch complete (HOT PATH/NX): ingested=200 total_ms=2483
2026-01-28 14:34:49.127  4496-4619  SyncPerfMetrics         com.fishit.player.v2                 D  Phase SERIES started
2026-01-28 14:34:49.128  4496-4619  XtreamCatalogScanWorker com.fishit.player.v2                 D  PROGRESS discovered=1328 persisted=800 phase=SERIES
2026-01-28 14:34:49.128  4496-4653  CatalogSyncService      com.fishit.player.v2                 D  Xtream live batch complete (NX): ingested=144 total_ms=2535
2026-01-28 14:34:49.128  4496-4653  CatalogSyncService      com.fishit.player.v2                 D  Time-based flush LIVE: 144 items in 2535ms
2026-01-28 14:34:49.129  4496-4653  SyncBatchManager        com.fishit.player.v2                 D  Time-based flush for MOVIES: 342 items after 14834ms
2026-01-28 14:34:49.129  4496-4653  SyncBatchManager        com.fishit.player.v2                 D  Flushing MOVIES batch: 342 items (timeBased=true)
2026-01-28 14:34:49.129  4496-4653  CatalogSyncService      com.fishit.player.v2                 D  Persisting Xtream catalog batch (NX-ONLY): 342 items (canonical_linking=false)
2026-01-28 14:34:49.134  4496-4652  XTC                     com.fishit.player.v2                 D  [VOD] DTO→Raw #400 | id=xtream:vod:786362 | title="Checkmates - Ziemlich schräge Figuren | " | sourceType=XTREAM | Fields: ✓[year=2024, poster] ✗[plot, cast, director, backdrop, duration, tmdb]
2026-01-28 14:34:49.137  4496-5729  XTC                     com.fishit.player.v2                 D  [LIVE] DTO→Raw #800 | id=xtream:live:729970 | title="DE: POLICE ACADEMY" | sourceType=XTREAM | Fields: ✓[poster] ✗[year, plot, cast, director, backdrop, duration, tmdb]
2026-01-28 14:34:49.138  4496-4619  XtreamCatalogScanWorker com.fishit.player.v2                 D  PROGRESS discovered=1400 persisted=944 phase=null
2026-01-28 14:34:49.138  4496-4619  SyncPerfMetrics         com.fishit.player.v2                 D  Phase MOVIES started
2026-01-28 14:34:49.139  4496-4619  XtreamCatalogScanWorker com.fishit.player.v2                 D  PROGRESS discovered=1419 persisted=944 phase=VOD
2026-01-28 14:34:49.141  4496-4648  XTC                     com.fishit.player.v2                 D  [VOD] DTO→Raw #450 | id=xtream:vod:783657 | title="The Ballad of Wallis Island | 2025 | 7.0" | sourceType=XTREAM | Fields: ✓[year=2025, poster] ✗[plot, cast, director, backdrop, duration, tmdb]
2026-01-28 14:34:49.142  4496-4652  XTC                     com.fishit.player.v2                 D  [SERIES] DTO→Raw #250 | id=xtream:series:1344 | title="LOL: Last One Laughing" | sourceType=XTREAM | Fields: ✓[plot(258c), cast, poster] ✗[year, director, backdrop, duration, tmdb]
2026-01-28 14:34:49.144  4496-4619  SyncPerfMetrics         com.fishit.player.v2                 D  Phase LIVE started
2026-01-28 14:34:49.144  4496-4619  XtreamCatalogScanWorker com.fishit.player.v2                 D  PROGRESS discovered=1455 persisted=944 phase=LIVE
2026-01-28 14:34:49.145  4496-4619  XtreamCatalogScanWorker com.fishit.player.v2                 D  PROGRESS discovered=1500 persisted=944 phase=null
2026-01-28 14:34:49.148  4496-4619  XTC                     com.fishit.player.v2                 D  [VOD] DTO→Raw #500 | id=xtream:vod:780844 | title="Shadow of God | 2025 | 5.0 |" | sourceType=XTREAM | Fields: ✓[year=2025, poster] ✗[plot, cast, director, backdrop, duration, tmdb]
2026-01-28 14:34:49.153  4496-4705  SyncPerfMetrics         com.fishit.player.v2                 D  Phase MOVIES started
2026-01-28 14:34:49.154  4496-4705  XtreamCatalogScanWorker com.fishit.player.v2                 D  PROGRESS discovered=1576 persisted=944 phase=VOD
2026-01-28 14:34:49.169  4496-4527  XTC                     com.fishit.player.v2                 D  [LIVE] DTO→Raw #850 | id=xtream:live:140923 | title="DE: X-Men HD 24/7" | sourceType=XTREAM | Fields: ✓[poster] ✗[year, plot, cast, director, backdrop, duration, tmdb]
2026-01-28 14:34:49.174  4496-4705  XtreamCatalogScanWorker com.fishit.player.v2                 D  PROGRESS discovered=1600 persisted=944 phase=null
2026-01-28 14:34:49.180  4496-4652  XTC                     com.fishit.player.v2                 D  [SERIES] DTO→Raw #300 | id=xtream:series:1475 | title="Panic" | sourceType=XTREAM | Fields: ✓[plot(526c), cast, poster] ✗[year, director, backdrop, duration, tmdb]
2026-01-28 14:34:49.188  4496-4705  SyncPerfMetrics         com.fishit.player.v2                 D  Phase SERIES started
2026-01-28 14:34:49.188  4496-4705  XtreamCatalogScanWorker com.fishit.player.v2                 D  PROGRESS discovered=1682 persisted=944 phase=SERIES
2026-01-28 14:34:49.189  4496-4537  XTC                     com.fishit.player.v2                 D  [LIVE] DTO→Raw #900 | id=xtream:live:364840 | title="DE: TOM HARDY - 24/7" | sourceType=XTREAM | Fields: ✓[poster] ✗[year, plot, cast, director, backdrop, duration, tmdb]
2026-01-28 14:34:49.194  4496-4705  XtreamCatalogScanWorker com.fishit.player.v2                 D  PROGRESS discovered=1700 persisted=944 phase=null
2026-01-28 14:34:49.195  4496-4705  SyncPerfMetrics         com.fishit.player.v2                 D  Phase LIVE started
2026-01-28 14:34:49.195  4496-4705  XtreamCatalogScanWorker com.fishit.player.v2                 D  PROGRESS discovered=1709 persisted=944 phase=LIVE
2026-01-28 14:34:49.202  4496-5801  XtreamCatalogScanWorker com.fishit.player.v2                 D  PROGRESS discovered=1800 persisted=944 phase=null
2026-01-28 14:34:49.203  4496-4619  XTC                     com.fishit.player.v2                 D  [VOD] DTO→Raw #550 | id=xtream:vod:779064 | title="Escape - Der unsichtbare Feind | 2024 | " | sourceType=XTREAM | Fields: ✓[year=2024, poster] ✗[plot, cast, director, backdrop, duration, tmdb]
2026-01-28 14:34:49.205  4496-4537  XTC                     com.fishit.player.v2                 D  [LIVE] DTO→Raw #950 | id=xtream:live:140794 | title="DE: See - Reich der Blinden - Premium 24" | sourceType=XTREAM | Fields: ✓[poster] ✗[year, plot, cast, director, backdrop, duration, tmdb]
2026-01-28 14:34:49.209  4496-4619  XTC                     com.fishit.player.v2                 D  [VOD] DTO→Raw #600 | id=xtream:vod:776412 | title="WWE WrestleMania 41: Sunday | 2025 | 6.1" | sourceType=XTREAM | Fields: ✓[year=2025, poster] ✗[plot, cast, director, backdrop, duration, tmdb]
2026-01-28 14:34:49.209  4496-4527  SyncPerfMetrics         com.fishit.player.v2                 D  Phase MOVIES started
