2026-01-28 14:34:49.210  4496-4527  XtreamCatalogScanWorker com.fishit.player.v2                 D  PROGRESS discovered=1891 persisted=944 phase=VOD
2026-01-28 14:34:49.210  4496-4527  XtreamCatalogScanWorker com.fishit.player.v2                 D  PROGRESS discovered=1900 persisted=944 phase=null
2026-01-28 14:34:49.215  4496-4619  XTC                     com.fishit.player.v2                 D  [VOD] DTO→Raw #650 | id=xtream:vod:773840 | title="Vena | 2024 | 7.7 |" | sourceType=XTREAM | Fields: ✓[year=2024, poster] ✗[plot, cast, director, backdrop, duration, tmdb]
2026-01-28 14:34:49.218  4496-4705  XtreamCatalogScanWorker com.fishit.player.v2                 D  PROGRESS discovered=2000 persisted=944 phase=null
2026-01-28 14:34:49.222  4496-4537  XTC                     com.fishit.player.v2                 D  [LIVE] DTO→Raw #1000 | id=xtream:live:143675 | title="DE: Bad Blood 24/7" | sourceType=XTREAM | Fields: ✓[poster] ✗[year, plot, cast, director, backdrop, duration, tmdb]
2026-01-28 14:34:49.222  4496-4619  XTC                     com.fishit.player.v2                 D  [VOD] DTO→Raw #700 | id=xtream:vod:771263 | title="Old Guy - Alter Hund mit neuen Tricks | " | sourceType=XTREAM | Fields: ✓[year=2024, poster] ✗[plot, cast, director, backdrop, duration, tmdb]
2026-01-28 14:34:49.223  4496-5802  SyncPerfMetrics         com.fishit.player.v2                 D  Phase LIVE started
2026-01-28 14:34:49.224  4496-5802  XtreamCatalogScanWorker com.fishit.player.v2                 D  PROGRESS discovered=2044 persisted=944 phase=LIVE
2026-01-28 14:34:49.224  4496-5802  SyncPerfMetrics         com.fishit.player.v2                 D  Phase MOVIES started
2026-01-28 14:34:49.224  4496-5802  XtreamCatalogScanWorker com.fishit.player.v2                 D  PROGRESS discovered=2045 persisted=944 phase=VOD
2026-01-28 14:34:49.226  4496-4652  XTC                     com.fishit.player.v2                 D  [SERIES] DTO→Raw #350 | id=xtream:series:1604 | title="Monster bei der Arbeit" | sourceType=XTREAM | Fields: ✓[plot(482c), cast, poster] ✗[year, director, backdrop, duration, tmdb]
2026-01-28 14:34:49.228  4496-4619  XTC                     com.fishit.player.v2                 D  [VOD] DTO→Raw #750 | id=xtream:vod:767670 | title="We Live in Time | 2024 | 7.5 |" | sourceType=XTREAM | Fields: ✓[year=2024, poster] ✗[plot, cast, director, backdrop, duration, tmdb]
2026-01-28 14:34:49.232  4496-5802  SyncBatchManager        com.fishit.player.v2                 D  Flushing MOVIES batch: 400 items (timeBased=false)
2026-01-28 14:34:49.232  4496-5802  CatalogSyncService      com.fishit.player.v2                 D  Persisting Xtream catalog batch (NX-ONLY): 400 items (canonical_linking=false)
2026-01-28 14:34:49.893  4496-4506  ishit.player.v2         com.fishit.player.v2                 I  Background concurrent copying GC freed 773704(41MB) AllocSpace objects, 0(0B) LOS objects, 45% free, 28MB/52MB, paused 142us,146us total 109.744ms
2026-01-28 14:34:50.051  4496-4496  ViewRootIm...nActivity] com.fishit.player.v2                 I  ViewPostIme pointer 0
2026-01-28 14:34:50.158  4496-4496  ViewRootIm...nActivity] com.fishit.player.v2                 I  ViewPostIme pointer 1
2026-01-28 14:34:50.167  4496-4496  WindowOnBackDispatcher  com.fishit.player.v2                 W  OnBackInvokedCallback is not enabled for the application.
Set 'android:enableOnBackInvokedCallback="true"' in the application manifest.
2026-01-28 14:34:50.192  4496-4652  CacheManager            com.fishit.player.v2                 D  TDLib files cache size: 0 bytes
2026-01-28 14:34:50.361  4496-4537  CacheManager            com.fishit.player.v2                 D  Image cache size: 0 bytes
2026-01-28 14:34:50.482  4496-5729  CacheManager            com.fishit.player.v2                 D  Database size: 18837504 bytes
2026-01-28 14:34:50.517  4496-4496  WorkManage...teObserver com.fishit.player.v2                 I  Sync state: SUCCEEDED
2026-01-28 14:34:51.260  4496-4530  CatalogSyncService      com.fishit.player.v2                 D  Xtream batch complete (HOT PATH/NX): ingested=342 total_ms=2131
2026-01-28 14:34:51.261  4496-4530  CatalogSyncService      com.fishit.player.v2                 D  Time-based flush MOVIES: 342 items in 2132ms
2026-01-28 14:34:51.261  4496-4530  SyncBatchManager        com.fishit.player.v2                 D  Time-based flush for SERIES: 149 items after 4619ms
2026-01-28 14:34:51.261  4496-4530  SyncBatchManager        com.fishit.player.v2                 D  Flushing SERIES batch: 149 items (timeBased=true)
2026-01-28 14:34:51.262  4496-4530  CatalogSyncService      com.fishit.player.v2                 D  Persisting Xtream catalog batch (NX-ONLY): 149 items (canonical_linking=false)
2026-01-28 14:34:51.587  4496-4506  ishit.player.v2         com.fishit.player.v2                 I  Background concurrent copying GC freed 673788(30MB) AllocSpace objects, 0(0B) LOS objects, 45% free, 29MB/53MB, paused 117us,85us total 116.259ms
2026-01-28 14:34:51.651  4496-5729  CatalogSyncService      com.fishit.player.v2                 D  Xtream batch complete (HOT PATH/NX): ingested=400 total_ms=2419
2026-01-28 14:34:51.653  4496-5729  XtreamCatalogScanWorker com.fishit.player.v2                 D  PROGRESS discovered=2100 persisted=1686 phase=null
2026-01-28 14:34:51.654  4496-4619  XTC                     com.fishit.player.v2                 D  [VOD] DTO→Raw #800 | id=xtream:vod:765621 | title="The Killer | 2024 | 6.4 |" | sourceType=XTREAM | Fields: ✓[year=2024, poster] ✗[plot, cast, director, backdrop, duration, tmdb]
2026-01-28 14:34:51.658  4496-5729  SyncPerfMetrics         com.fishit.player.v2                 D  Phase MOVIES started
2026-01-28 14:34:51.658  4496-5729  XtreamCatalogScanWorker com.fishit.player.v2                 D  PROGRESS discovered=2169 persisted=1686 phase=VOD
2026-01-28 14:34:51.660  4496-5729  XtreamCatalogScanWorker com.fishit.player.v2                 D  PROGRESS discovered=2200 persisted=1686 phase=null
2026-01-28 14:34:51.663  4496-5802  XTC                     com.fishit.player.v2                 D  [VOD] DTO→Raw #850 | id=xtream:vod:763435 | title="Escape: Flucht in die Freiheit | 2024 | " | sourceType=XTREAM | Fields: ✓[year=2024, poster] ✗[plot, cast, director, backdrop, duration, tmdb]
2026-01-28 14:34:51.673  4496-5801  XtreamCatalogScanWorker com.fishit.player.v2                 D  PROGRESS discovered=2300 persisted=1686 phase=null
2026-01-28 14:34:51.674  4496-5802  XTC                     com.fishit.player.v2                 D  [VOD] DTO→Raw #900 | id=xtream:vod:761313 | title="Blitz | 2024 | 5.2 |" | sourceType=XTREAM | Fields: ✓[year=2024, poster] ✗[plot, cast, director, backdrop, duration, tmdb]
2026-01-28 14:34:51.677  4496-5801  SyncPerfMetrics         com.fishit.player.v2                 D  Phase MOVIES started
2026-01-28 14:34:51.679  4496-5801  XtreamCatalogScanWorker com.fishit.player.v2                 D  PROGRESS discovered=2326 persisted=1686 phase=VOD
2026-01-28 14:34:51.680  4496-4619  XTC                     com.fishit.player.v2                 D  [SERIES] DTO→Raw #400 | id=xtream:series:1752 | title="The North Water" | sourceType=XTREAM | Fields: ✓[plot(570c), cast, poster] ✗[year, director, backdrop, duration, tmdb]
2026-01-28 14:34:51.684  4496-5727  XTC                     com.fishit.player.v2                 D  [LIVE] DTO→Raw #1050 | id=xtream:live:364966 | title="DE: SCRUBS 24/7" | sourceType=XTREAM | Fields: ✓[poster] ✗[year, plot, cast, director, backdrop, duration, tmdb]
2026-01-28 14:34:51.688  4496-5801  SyncPerfMetrics         com.fishit.player.v2                 D  Phase SERIES started
2026-01-28 14:34:51.689  4496-5801  XtreamCatalogScanWorker com.fishit.player.v2                 D  PROGRESS discovered=2393 persisted=1686 phase=SERIES
2026-01-28 14:34:51.690  4496-4537  XTC                     com.fishit.player.v2                 D  [VOD] DTO→Raw #950 | id=xtream:vod:756534 | title="Libre | 2024 | 5.9 |" | sourceType=XTREAM | Fields: ✓[year=2024, poster] ✗[plot, cast, director, backdrop, duration, tmdb]
2026-01-28 14:34:51.691  4496-5801  XtreamCatalogScanWorker com.fishit.player.v2                 D  PROGRESS discovered=2400 persisted=1686 phase=null
2026-01-28 14:34:51.700  4496-4537  XTC                     com.fishit.player.v2                 D  [VOD] DTO→Raw #1000 | id=xtream:vod:755046 | title="Arcadian | 2024 | 6.0 |" | sourceType=XTREAM | Fields: ✓[year=2024, poster] ✗[plot, cast, director, backdrop, duration, tmdb]
2026-01-28 14:34:51.703  4496-5729  XTC                     com.fishit.player.v2                 D  [SERIES] DTO→Raw #450 | id=xtream:series:1972 | title="Tales of Zestiria the X" | sourceType=XTREAM | Fields: ✓[plot(603c), cast, poster] ✗[year, director, backdrop, duration, tmdb]
2026-01-28 14:34:51.703  4496-5801  XtreamCatalogScanWorker com.fishit.player.v2                 D  PROGRESS discovered=2500 persisted=1686 phase=null
2026-01-28 14:34:51.705  4496-5801  SyncPerfMetrics         com.fishit.player.v2                 D  Phase MOVIES started
2026-01-28 14:34:51.706  4496-5801  XtreamCatalogScanWorker com.fishit.player.v2                 D  PROGRESS discovered=2505 persisted=1686 phase=VOD
2026-01-28 14:34:51.719  4496-5729  XTC                     com.fishit.player.v2                 D  [SERIES] DTO→Raw #500 | id=xtream:series:2039 | title="Die Abenteuer des Odysseus" | sourceType=XTREAM | Fields: ✓[plot(841c), cast, poster] ✗[year, director, backdrop, duration, tmdb]
2026-01-28 14:34:51.719  4496-4619  SyncPerfMetrics         com.fishit.player.v2                 D  Phase SERIES started
2026-01-28 14:34:51.720  4496-4619  XtreamCatalogScanWorker com.fishit.player.v2                 D  PROGRESS discovered=2581 persisted=1686 phase=SERIES
2026-01-28 14:34:51.733  4496-4652  XtreamCatalogScanWorker com.fishit.player.v2                 D  PROGRESS discovered=2600 persisted=1686 phase=null
2026-01-28 14:34:51.737  4496-5727  XTC                     com.fishit.player.v2                 D  [LIVE] DTO→Raw #1100 | id=xtream:live:102696 | title="DE: Vera Marvel 5" | sourceType=XTREAM | Fields: ✓[poster] ✗[year, plot, cast, director, backdrop, duration, tmdb]
2026-01-28 14:34:51.737  4496-4537  XTC                     com.fishit.player.v2                 D  [VOD] DTO→Raw #1050 | id=xtream:vod:753417 | title="The Crow | 2024 | 5.3 |" | sourceType=XTREAM | Fields: ✓[year=2024, poster] ✗[plot, cast, director, backdrop, duration, tmdb]
2026-01-28 14:34:51.739  4496-4652  SyncPerfMetrics         com.fishit.player.v2                 D  Phase LIVE started
2026-01-28 14:34:51.740  4496-4652  XtreamCatalogScanWorker com.fishit.player.v2                 D  PROGRESS discovered=2649 persisted=1686 phase=LIVE
2026-01-28 14:34:51.743  4496-4537  XTC                     com.fishit.player.v2                 D  [VOD] DTO→Raw #1100 | id=xtream:vod:751157 | title="The Good Half | 2024 | 5.3 |" | sourceType=XTREAM | Fields: ✓[year=2024, poster] ✗[plot, cast, director, backdrop, duration, tmdb]
2026-01-28 14:34:51.750  4496-4652  XtreamCatalogScanWorker com.fishit.player.v2                 D  PROGRESS discovered=2700 persisted=1686 phase=null
2026-01-28 14:34:51.751  4496-4652  SyncPerfMetrics         com.fishit.player.v2                 D  Phase MOVIES started
2026-01-28 14:34:51.751  4496-4652  XtreamCatalogScanWorker com.fishit.player.v2                 D  PROGRESS discovered=2708 persisted=1686 phase=VOD
2026-01-28 14:34:51.753  4496-4652  SyncBatchManager        com.fishit.player.v2                 D  Flushing MOVIES batch: 400 items (timeBased=false)
2026-01-28 14:34:51.753  4496-4652  CatalogSyncService      com.fishit.player.v2                 D  Persisting Xtream catalog batch (NX-ONLY): 400 items (canonical_linking=false)
2026-01-28 14:34:51.753  4496-5801  XTC                     com.fishit.player.v2                 D  [VOD] DTO→Raw #1150 | id=xtream:vod:749239 | title="Nightwatch - Demons Are Forever | 2023 |" | sourceType=XTREAM | Fields: ✓[year=2023, poster] ✗[plot, cast, director, backdrop, duration, tmdb]
2026-01-28 14:34:51.762  4496-5801  XTC                     com.fishit.player.v2                 D  [VOD] DTO→Raw #1200 | id=xtream:vod:746657 | title="Spieleabend | 2024 | 6.7 |" | sourceType=XTREAM | Fields: ✓[year=2024, poster] ✗[plot, cast, director, backdrop, duration, tmdb]
2026-01-28 14:34:51.901  4496-5801  CatalogSyncService      com.fishit.player.v2                 D  Xtream batch complete (HOT PATH/NX): ingested=149 total_ms=640
2026-01-28 14:34:51.902  4496-5801  CatalogSyncService      com.fishit.player.v2                 D  Time-based flush SERIES: 149 items in 641ms
2026-01-28 14:34:52.103  4496-4527  SyncBatchManager        com.fishit.player.v2                 D  Time-based flush for LIVE: 375 items after 5511ms
2026-01-28 14:34:52.103  4496-4527  SyncBatchManager        com.fishit.player.v2                 D  Flushing LIVE batch: 375 items (timeBased=true)
2026-01-28 14:34:52.103  4496-4527  CatalogSyncService      com.fishit.player.v2                 D  Persisting Xtream live batch (NX-ONLY): 375 items
2026-01-28 14:34:52.484  4496-4496  ViewRootIm...nActivity] com.fishit.player.v2                 I  ViewPostIme pointer 0
2026-01-28 14:34:52.568  4496-4496  ViewRootIm...nActivity] com.fishit.player.v2                 I  ViewPostIme pointer 1
2026-01-28 14:34:52.569  4496-4496  SettingsViewModel       com.fishit.player.v2                 I  User triggered: Sync Now
2026-01-28 14:34:52.569  4496-4496  CatalogSyncScheduler    com.fishit.player.v2                 D  Enqueueing EXPERT_NOW sync
2026-01-28 14:34:52.716  4496-4553  WM-SystemJobScheduler   com.fishit.player.v2                 D  Scheduling work ID 0cdbf187-456a-456b-bea8-6fc9f9bfdd3bJob ID 9
2026-01-28 14:34:52.722  4496-4496  WM-SystemJobService     com.fishit.player.v2                 D  onStartJob for WorkGenerationalId(workSpecId=0cdbf187-456a-456b-bea8-6fc9f9bfdd3b, generation=0)
2026-01-28 14:34:52.722  4496-4553  WM-GreedyScheduler      com.fishit.player.v2                 D  Starting work for 0cdbf187-456a-456b-bea8-6fc9f9bfdd3b
2026-01-28 14:34:52.725  4496-4553  WM-Processor            com.fishit.player.v2                 D  Processor: processing WorkGenerationalId(workSpecId=0cdbf187-456a-456b-bea8-6fc9f9bfdd3b, generation=0)
2026-01-28 14:34:52.726  4496-4553  WM-Processor            com.fishit.player.v2                 D  Work WorkGenerationalId(workSpecId=0cdbf187-456a-456b-bea8-6fc9f9bfdd3b, generation=0) is already enqueued for processing
2026-01-28 14:34:52.732  4496-4496  WM-WorkerWrapper        com.fishit.player.v2                 D  Starting work for com.fishit.player.v2.work.CatalogSyncOrchestratorWorker
2026-01-28 14:34:52.732  4496-4530  CatalogSyn...atorWorker com.fishit.player.v2                 I  START sync_run_id=b6ee2e1e-619f-4bf0-ac88-9d27f0727112 mode=expert_now
2026-01-28 14:34:52.733  4496-4530  RuntimeGuards           com.fishit.player.v2                 D  Manual sync (expert_now) - skipping battery guard (level=100%)
2026-01-28 14:34:52.734  4496-4530  CatalogSyn...atorWorker com.fishit.player.v2                 I  Active sources check: [XTREAM] (isEmpty=false)
2026-01-28 14:34:52.734  4496-4496  WorkManage...teObserver com.fishit.player.v2                 D  Sync state: ENQUEUED | id=0cdbf187 | attempts=0 | tags=[mode_expert_now, catalog_sync, worker/CatalogSyncOrchestratorWorker, com.fishit.player.v2.work.CatalogSyncOrchestratorWorker]
2026-01-28 14:34:52.734  4496-4530  CatalogSyn...atorWorker com.fishit.player.v2                 D  Active sources: [XTREAM] (TELEGRAM=false, XTREAM=true, IO=false)
2026-01-28 14:34:52.735  4496-4496  WorkManage...teObserver com.fishit.player.v2                 D  Sync state: RUNNING | id=0cdbf187 | attempts=1 | tags=[mode_expert_now, catalog_sync, worker/CatalogSyncOrchestratorWorker, com.fishit.player.v2.work.CatalogSyncOrchestratorWorker]
2026-01-28 14:34:52.735  4496-4530  CatalogSyn...atorWorker com.fishit.player.v2                 D  Enqueued Xtream chain: work_name=catalog_sync_global_xtream policy=KEEP workers=2
2026-01-28 14:34:52.735  4496-4530  CatalogSyn...atorWorker com.fishit.player.v2                 D  Telegram not in active sources - skipping Telegram workers
2026-01-28 14:34:52.736  4496-4530  CatalogSyn...atorWorker com.fishit.player.v2                 D  📊 WorkInfo chains enqueued:
[XTREAM] work_name=catalog_sync_global_xtream → ENQUEUED
Use 'adb shell dumpsys jobscheduler' or WorkManager Inspector for detailed state
2026-01-28 14:34:52.736  4496-4530  CatalogSyn...atorWorker com.fishit.player.v2                 I  CHAINS_ENQUEUED duration_ms=4 policy=KEEP sources=XTREAM (downstream workers will report completion)
2026-01-28 14:34:52.738  4496-4538  WM-EnqueueRunnable      com.fishit.player.v2                 E  Prerequisite a1ff001c-9059-4d55-9acd-e5321968a0b9 doesn't exist; not enqueuing
2026-01-28 14:34:52.739  4496-4538  WM-WorkerWrapper        com.fishit.player.v2                 I  Worker result SUCCESS for Work [ id=0cdbf187-456a-456b-bea8-6fc9f9bfdd3b, tags={ com.fishit.player.v2.work.CatalogSyncOrchestratorWorker,catalog_sync,mode_expert_now,worker/CatalogSyncOrchestratorWorker } ]
2026-01-28 14:34:52.740  4496-4496  WM-Processor            com.fishit.player.v2                 D  Processor 0cdbf187-456a-456b-bea8-6fc9f9bfdd3b executed; reschedule = false
2026-01-28 14:34:52.740  4496-4496  WM-SystemJobService     com.fishit.player.v2                 D  0cdbf187-456a-456b-bea8-6fc9f9bfdd3b executed on JobScheduler
2026-01-28 14:34:52.755  4496-4538  WM-GreedyScheduler      com.fishit.player.v2                 D  Cancelling work ID 0cdbf187-456a-456b-bea8-6fc9f9bfdd3b
2026-01-28 14:34:52.767  4496-4496  WorkManage...teObserver com.fishit.player.v2                 D  Sync state: RUNNING | id=0cdbf187 | attempts=1 | tags=[mode_expert_now, catalog_sync, worker/CatalogSyncOrchestratorWorker, com.fishit.player.v2.work.CatalogSyncOrchestratorWorker]
2026-01-28 14:34:52.770  4496-4496  WorkManage...teObserver com.fishit.player.v2                 I  Sync state: SUCCEEDED
2026-01-28 14:34:52.772  4496-4496  WorkManage...teObserver com.fishit.player.v2                 I  Sync state: SUCCEEDED
2026-01-28 14:34:56.596  4496-4496  ViewRootIm...nActivity] com.fishit.player.v2                 I  ViewPostIme pointer 0
2026-01-28 14:34:56.704  4496-4496  ViewRootIm...nActivity] com.fishit.player.v2                 I  ViewPostIme pointer 1
2026-01-28 14:34:56.704  4496-4496  SettingsViewModel       com.fishit.player.v2                 I  User triggered: Force Rescan
2026-01-28 14:34:56.705  4496-4496  CatalogSyncScheduler    com.fishit.player.v2                 D  Enqueueing FORCE_RESCAN sync
2026-01-28 14:34:56.714  4496-4554  WM-SystemJobScheduler   com.fishit.player.v2                 D  Scheduling work ID 9028a599-a6c9-4d42-8bd7-833df7679f38Job ID 10
2026-01-28 14:34:56.720  4496-4554  WM-GreedyScheduler      com.fishit.player.v2                 D  Starting work for 9028a599-a6c9-4d42-8bd7-833df7679f38
2026-01-28 14:34:56.723  4496-4538  WM-Processor            com.fishit.player.v2                 D  Processor: processing WorkGenerationalId(workSpecId=9028a599-a6c9-4d42-8bd7-833df7679f38, generation=0)
2026-01-28 14:34:56.723  4496-4496  WM-SystemJobService     com.fishit.player.v2                 D  onStartJob for WorkGenerationalId(workSpecId=9028a599-a6c9-4d42-8bd7-833df7679f38, generation=0)
2026-01-28 14:34:56.728  4496-4496  WM-WorkerWrapper        com.fishit.player.v2                 D  Starting work for com.fishit.player.v2.work.CatalogSyncOrchestratorWorker
2026-01-28 14:34:56.729  4496-4705  CatalogSyn...atorWorker com.fishit.player.v2                 I  START sync_run_id=6f6f7662-257b-40b5-9583-bc18eab9063b mode=force_rescan
2026-01-28 14:34:56.730  4496-4705  RuntimeGuards           com.fishit.player.v2                 D  Manual sync (force_rescan) - skipping battery guard (level=100%)
2026-01-28 14:34:56.730  4496-4705  CatalogSyn...atorWorker com.fishit.player.v2                 I  Active sources check: [XTREAM] (isEmpty=false)
2026-01-28 14:34:56.731  4496-4705  CatalogSyn...atorWorker com.fishit.player.v2                 D  Active sources: [XTREAM] (TELEGRAM=false, XTREAM=true, IO=false)
2026-01-28 14:34:56.732  4496-4538  WM-Processor            com.fishit.player.v2                 D  Work WorkGenerationalId(workSpecId=9028a599-a6c9-4d42-8bd7-833df7679f38, generation=0) is already enqueued for processing
2026-01-28 14:34:56.734  4496-4705  CatalogSyn...atorWorker com.fishit.player.v2                 D  Enqueued Xtream chain: work_name=catalog_sync_global_xtream policy=KEEP workers=2
2026-01-28 14:34:56.735  4496-4705  CatalogSyn...atorWorker com.fishit.player.v2                 D  Telegram not in active sources - skipping Telegram workers
2026-01-28 14:34:56.736  4496-4705  CatalogSyn...atorWorker com.fishit.player.v2                 D  📊 WorkInfo chains enqueued:
[XTREAM] work_name=catalog_sync_global_xtream → ENQUEUED
Use 'adb shell dumpsys jobscheduler' or WorkManager Inspector for detailed state
2026-01-28 14:34:56.737  4496-4705  CatalogSyn...atorWorker com.fishit.player.v2                 I  CHAINS_ENQUEUED duration_ms=7 policy=KEEP sources=XTREAM (downstream workers will report completion)
2026-01-28 14:34:56.737  4496-4553  WM-EnqueueRunnable      com.fishit.player.v2                 E  Prerequisite 09ed65ff-bc75-4f73-a7ee-c586569aa6d9 doesn't exist; not enqueuing
2026-01-28 14:34:56.746  4496-4496  WorkManage...teObserver com.fishit.player.v2                 D  Sync state: RUNNING | id=9028a599 | attempts=1 | tags=[catalog_sync, worker/CatalogSyncOrchestratorWorker, mode_force_rescan, com.fishit.player.v2.work.CatalogSyncOrchestratorWorker]
2026-01-28 14:34:56.749  4496-4496  WorkManage...teObserver com.fishit.player.v2                 D  Sync state: RUNNING | id=9028a599 | attempts=1 | tags=[catalog_sync, worker/CatalogSyncOrchestratorWorker, mode_force_rescan, com.fishit.player.v2.work.CatalogSyncOrchestratorWorker]
2026-01-28 14:34:56.749  4496-4553  WM-WorkerWrapper        com.fishit.player.v2                 I  Worker result SUCCESS for Work [ id=9028a599-a6c9-4d42-8bd7-833df7679f38, tags={ com.fishit.player.v2.work.CatalogSyncOrchestratorWorker,catalog_sync,mode_force_rescan,worker/CatalogSyncOrchestratorWorker } ]
2026-01-28 14:34:56.772  4496-4496  WM-Processor            com.fishit.player.v2                 D  Processor 9028a599-a6c9-4d42-8bd7-833df7679f38 executed; reschedule = false
2026-01-28 14:34:56.772  4496-4496  WM-SystemJobService     com.fishit.player.v2                 D  9028a599-a6c9-4d42-8bd7-833df7679f38 executed on JobScheduler
2026-01-28 14:34:56.778  4496-4538  WM-GreedyScheduler      com.fishit.player.v2                 D  Cancelling work ID 9028a599-a6c9-4d42-8bd7-833df7679f38
2026-01-28 14:34:56.780  4496-4496  WM-SystemJobService     com.fishit.player.v2                 D  onStopJob for WorkGenerationalId(workSpecId=9028a599-a6c9-4d42-8bd7-833df7679f38, generation=0)
2026-01-28 14:34:56.783  4496-4496  WorkManage...teObserver com.fishit.player.v2                 I  Sync state: SUCCEEDED
2026-01-28 14:34:56.803  4496-4496  WorkManage...teObserver com.fishit.player.v2                 I  Sync state: SUCCEEDED
2026-01-28 14:35:02.821  4496-4652  CatalogSyncService      com.fishit.player.v2                 D  Xtream batch complete (HOT PATH/NX): ingested=400 total_ms=11068
2026-01-28 14:35:02.822  4496-4652  XtreamCatalogScanWorker com.fishit.player.v2                 D  PROGRESS discovered=2800 persisted=2235 phase=null
2026-01-28 14:35:02.823  4496-4652  SyncPerfMetrics         com.fishit.player.v2                 D  Phase MOVIES started
2026-01-28 14:35:02.824  4496-4652  XtreamCatalogScanWorker com.fishit.player.v2                 D  PROGRESS discovered=2827 persisted=2235 phase=VOD
2026-01-28 14:35:02.829  4496-5727  XTC                     com.fishit.player.v2                 D  [VOD] DTO→Raw #1250 | id=xtream:vod:744770 | title="We Grown Now | 2024 | 7.2 |" | sourceType=XTREAM | Fields: ✓[year=2024, poster] ✗[plot, cast, director, backdrop, duration, tmdb]
2026-01-28 14:35:02.829  4496-4619  XtreamCatalogScanWorker com.fishit.player.v2                 D  PROGRESS discovered=2900 persisted=2235 phase=null
2026-01-28 14:35:02.834  4496-5727  XTC                     com.fishit.player.v2                 D  [VOD] DTO→Raw #1300 | id=xtream:vod:743327 | title="The Last Rifleman | 2023 | 6.7 |" | sourceType=XTREAM | Fields: ✓[year=2023, poster] ✗[plot, cast, director, backdrop, duration, tmdb]
2026-01-28 14:35:02.836  4496-4619  SyncPerfMetrics         com.fishit.player.v2                 D  Phase MOVIES started
2026-01-28 14:35:02.837  4496-4530  XTC                     com.fishit.player.v2                 D  [SERIES] DTO→Raw #550 | id=xtream:series:2129 | title="Weihnachtsmann & Co. KG" | sourceType=XTREAM | Fields: ✓[plot(468c), cast, poster] ✗[year, director, backdrop, duration, tmdb]
2026-01-28 14:35:02.837  4496-4619  XtreamCatalogScanWorker com.fishit.player.v2                 D  PROGRESS discovered=2977 persisted=2235 phase=VOD
2026-01-28 14:35:02.841  4496-5727  XTC                     com.fishit.player.v2                 D  [VOD] DTO→Raw #1350 | id=xtream:vod:741596 | title="Chantal im Märchenland | 2024 | 5.2 |" | sourceType=XTREAM | Fields: ✓[year=2024, poster] ✗[plot, cast, director, backdrop, duration, tmdb]
2026-01-28 14:35:02.842  4496-4619  XtreamCatalogScanWorker com.fishit.player.v2                 D  PROGRESS discovered=3000 persisted=2235 phase=null
2026-01-28 14:35:02.844  4496-4619  SyncBatchManager        com.fishit.player.v2                 D  Flushing SERIES batch: 200 items (timeBased=false)
2026-01-28 14:35:02.845  4496-4619  CatalogSyncService      com.fishit.player.v2                 D  Persisting Xtream catalog batch (NX-ONLY): 200 items (canonical_linking=false)
2026-01-28 14:35:05.067  4496-4652  CatalogSyncService      com.fishit.player.v2                 D  Xtream live batch complete (NX): ingested=375 total_ms=12964
2026-01-28 14:35:05.068  4496-4652  CatalogSyncService      com.fishit.player.v2                 D  Time-based flush LIVE: 375 items in 12965ms
2026-01-28 14:35:05.068  4496-4652  SyncBatchManager        com.fishit.player.v2                 D  Time-based flush for MOVIES: 177 items after 13315ms
2026-01-28 14:35:05.069  4496-4652  SyncBatchManager        com.fishit.player.v2                 D  Flushing MOVIES batch: 177 items (timeBased=true)
2026-01-28 14:35:05.069  4496-4652  CatalogSyncService      com.fishit.player.v2                 D  Persisting Xtream catalog batch (NX-ONLY): 177 items (canonical_linking=false)
2026-01-28 14:35:08.436  4496-5727  CatalogSyncService      com.fishit.player.v2                 D  Xtream batch complete (HOT PATH/NX): ingested=200 total_ms=5591
2026-01-28 14:35:08.441  4496-5727  XtreamCatalogScanWorker com.fishit.player.v2                 D  PROGRESS discovered=3100 persisted=2810 phase=null
2026-01-28 14:35:08.443  4496-4527  XTC                     com.fishit.player.v2                 D  [VOD] DTO→Raw #1400 | id=xtream:vod:740067 | title="Die Knochenfrau | 2023 | 5.8 |" | sourceType=XTREAM | Fields: ✓[year=2023, poster] ✗[plot, cast, director, backdrop, duration, tmdb]
2026-01-28 14:35:08.443  4496-4652  XTC                     com.fishit.player.v2                 D  [LIVE] DTO→Raw #1150 | id=xtream:live:150141 | title="DE-SELECT: 2 - ANEMONE" | sourceType=XTREAM | Fields: ✓[poster] ✗[year, plot, cast, director, backdrop, duration, tmdb]
2026-01-28 14:35:08.443  4496-5802  SyncPerfMetrics         com.fishit.player.v2                 D  Phase MOVIES started
2026-01-28 14:35:08.444  4496-5802  XtreamCatalogScanWorker com.fishit.player.v2                 D  PROGRESS discovered=3115 persisted=2810 phase=VOD
2026-01-28 14:35:08.448  4496-4527  XTC                     com.fishit.player.v2                 D  [VOD] DTO→Raw #1450 | id=xtream:vod:731525 | title="Für immer | 2023 | 6.1 |" | sourceType=XTREAM | Fields: ✓[year=2023, poster] ✗[plot, cast, director, backdrop, duration, tmdb]
2026-01-28 14:35:08.453  4496-4527  XtreamCatalogScanWorker com.fishit.player.v2                 D  PROGRESS discovered=3200 persisted=2810 phase=null
2026-01-28 14:35:08.460  4496-5729  XTC                     com.fishit.player.v2                 D  [SERIES] DTO→Raw #600 | id=xtream:series:2346 | title="Shadow and Bone" | sourceType=XTREAM | Fields: ✓[plot(164c), cast, poster] ✗[year, director, backdrop, duration, tmdb]
2026-01-28 14:35:08.461  4496-4652  SyncPerfMetrics         com.fishit.player.v2                 D  Phase SERIES started
2026-01-28 14:35:08.462  4496-4652  XtreamCatalogScanWorker com.fishit.player.v2                 D  PROGRESS discovered=3257 persisted=2810 phase=SERIES
2026-01-28 14:35:08.465  4496-5802  XTC                     com.fishit.player.v2                 D  [VOD] DTO→Raw #1500 | id=xtream:vod:728107 | title="My Name Is Loh Kiwan | 2024 | 6.0 |" | sourceType=XTREAM | Fields: ✓[year=2024, poster] ✗[plot, cast, director, backdrop, duration, tmdb]
2026-01-28 14:35:08.466  4496-4652  SyncPerfMetrics         com.fishit.player.v2                 D  Phase MOVIES started
2026-01-28 14:35:08.466  4496-4652  XtreamCatalogScanWorker com.fishit.player.v2                 D  PROGRESS discovered=3275 persisted=2810 phase=VOD
2026-01-28 14:35:08.470  4496-5802  StreamingJsonParser     com.fishit.player.v2                 W  streamInBatches mapper error #1: timeout
2026-01-28 14:35:08.479  4496-4652  XtreamCatalogScanWorker com.fishit.player.v2                 D  PROGRESS discovered=3300 persisted=2810 phase=null
2026-01-28 14:35:08.479  4496-5802  XtreamApiClient         com.fishit.player.v2                 D  buildPlayerApiUrl: action=get_movie_streams -> konigtv.com/player_api.php
2026-01-28 14:35:08.481  4496-4530  XTC                     com.fishit.player.v2                 D  [LIVE] DTO→Raw #1200 | id=xtream:live:376376 | title="DE: One Piece - 5 Premium 24/7" | sourceType=XTREAM | Fields: ✓[poster] ✗[year, plot, cast, director, backdrop, duration, tmdb]
2026-01-28 14:35:08.481  4496-4652  SyncPerfMetrics         com.fishit.player.v2                 D  Phase LIVE started
2026-01-28 14:35:08.482  4496-4652  XtreamCatalogScanWorker com.fishit.player.v2                 D  PROGRESS discovered=3324 persisted=2810 phase=LIVE
2026-01-28 14:35:08.499  4496-4530  XTC                     com.fishit.player.v2                 D  [LIVE] DTO→Raw #1250 | id=xtream:live:360770 | title="DE: Wickie und die starken Maenner 2 - 2" | sourceType=XTREAM | Fields: ✓[poster] ✗[year, plot, cast, director, backdrop, duration, tmdb]
2026-01-28 14:35:08.500  4496-5770  TrafficStats            com.fishit.player.v2                 D  tagSocket(137) with statsTag=0xffffffff, statsUid=-1
2026-01-28 14:35:08.501  4496-4652  XtreamCatalogScanWorker com.fishit.player.v2                 D  PROGRESS discovered=3400 persisted=2810 phase=null
2026-01-28 14:35:08.503  4496-5729  XTC                     com.fishit.player.v2                 D  [SERIES] DTO→Raw #650 | id=xtream:series:2445 | title="And Just Like That…" | sourceType=XTREAM | Fields: ✓[plot(200c), cast, poster] ✗[year, director, backdrop, duration, tmdb]
2026-01-28 14:35:08.524  4496-4530  XTC                     com.fishit.player.v2                 D  [LIVE] DTO→Raw #1300 | id=xtream:live:769591 | title="Black Visionaries" | sourceType=XTREAM | Fields: ✓[poster] ✗[year, plot, cast, director, backdrop, duration, tmdb]
2026-01-28 14:35:08.525  4496-5727  SyncPerfMetrics         com.fishit.player.v2                 D  Phase LIVE started
2026-01-28 14:35:08.527  4496-5727  XtreamCatalogScanWorker com.fishit.player.v2                 D  PROGRESS discovered=3480 persisted=2810 phase=LIVE
2026-01-28 14:35:08.530  4496-5727  XtreamCatalogScanWorker com.fishit.player.v2                 D  PROGRESS discovered=3500 persisted=2810 phase=null
2026-01-28 14:35:08.531  4496-5729  XTC                     com.fishit.player.v2                 D  [SERIES] DTO→Raw #700 | id=xtream:series:2513 | title="Deep Shit" | sourceType=XTREAM | Fields: ✓[plot(317c), cast, poster] ✗[year, director, backdrop, duration, tmdb]
2026-01-28 14:35:08.533  4496-5727  SyncPerfMetrics         com.fishit.player.v2                 D  Phase SERIES started
2026-01-28 14:35:08.534  4496-5727  XtreamCatalogScanWorker com.fishit.player.v2                 D  PROGRESS discovered=3514 persisted=2810 phase=SERIES
2026-01-28 14:35:08.545  4496-4705  SyncBatchManager        com.fishit.player.v2                 D  Flushing SERIES batch: 200 items (timeBased=false)
2026-01-28 14:35:08.546  4496-4530  XTC                     com.fishit.player.v2                 D  [LIVE] DTO→Raw #1350 | id=xtream:live:769641 | title="Perry Mason" | sourceType=XTREAM | Fields: ✓[poster] ✗[year, plot, cast, director, backdrop, duration, tmdb]
2026-01-28 14:35:08.546  4496-5729  XTC                     com.fishit.player.v2                 D  [SERIES] DTO→Raw #750 | id=xtream:series:2569 | title="Sharp Objects" | sourceType=XTREAM | Fields: ✓[plot(599c), cast, poster] ✗[year, director, backdrop, duration, tmdb]
2026-01-28 14:35:08.546  4496-4705  CatalogSyncService      com.fishit.player.v2                 D  Persisting Xtream catalog batch (NX-ONLY): 200 items (canonical_linking=false)
2026-01-28 14:35:08.731  4496-5802  XtreamApiClient         com.fishit.player.v2                 D  StreamingFetch: Success for konigtv.com/player_api.php, streaming response
2026-01-28 14:35:08.734  4496-5802  XtreamApiClient         com.fishit.player.v2                 D  StreamBatch: 0 items in 0 batches (2ms)
2026-01-28 14:35:08.741  4496-5802  XtreamApiClient         com.fishit.player.v2                 D  buildPlayerApiUrl: action=get_movies_streams -> konigtv.com/player_api.php
2026-01-28 14:35:08.935  4496-5802  XtreamApiClient         com.fishit.player.v2                 D  StreamingFetch: Success for konigtv.com/player_api.php, streaming response
2026-01-28 14:35:08.937  4496-5802  XtreamApiClient         com.fishit.player.v2                 D  StreamBatch: 0 items in 0 batches (2ms)
2026-01-28 14:35:08.945  4496-5802  XtreamApiClient         com.fishit.player.v2                 D  buildPlayerApiUrl: action=get_vod_streams -> konigtv.com/player_api.php
2026-01-28 14:35:10.263  4496-5802  XtreamApiClient         com.fishit.player.v2                 D  StreamingFetch: Success for konigtv.com/player_api.php, streaming response
2026-01-28 14:35:11.176  4496-5729  CatalogSyncService      com.fishit.player.v2                 D  Xtream batch complete (HOT PATH/NX): ingested=177 total_ms=6107
2026-01-28 14:35:11.176  4496-5729  CatalogSyncService      com.fishit.player.v2                 D  Time-based flush MOVIES: 177 items in 6107ms
2026-01-28 14:35:11.377  4496-5729  SyncBatchManager        com.fishit.player.v2                 D  Time-based flush for LIVE: 230 items after 19274ms
2026-01-28 14:35:11.377  4496-5729  SyncBatchManager        com.fishit.player.v2                 D  Flushing LIVE batch: 230 items (timeBased=true)
2026-01-28 14:35:11.378  4496-5729  CatalogSyncService      com.fishit.player.v2                 D  Persisting Xtream live batch (NX-ONLY): 230 items
2026-01-28 14:35:11.404  4496-4652  CatalogSyncService      com.fishit.player.v2                 D  Xtream batch complete (HOT PATH/NX): ingested=200 total_ms=2858
2026-01-28 14:35:11.405  4496-4652  XtreamCatalogScanWorker com.fishit.player.v2                 D  PROGRESS discovered=3600 persisted=3187 phase=null
2026-01-28 14:35:11.410  4496-4705  XTC                     com.fishit.player.v2                 D  [SERIES] DTO→Raw #800 | id=xtream:series:2619 | title="Informer" | sourceType=XTREAM | Fields: ✓[plot(665c), cast, poster] ✗[year, director, backdrop, duration, tmdb]
2026-01-28 14:35:11.413  4496-4652  SyncPerfMetrics         com.fishit.player.v2                 D  Phase SERIES started
2026-01-28 14:35:11.413  4496-4652  XtreamCatalogScanWorker com.fishit.player.v2                 D  PROGRESS discovered=3687 persisted=3187 phase=SERIES
2026-01-28 14:35:11.414  4496-4652  XtreamCatalogScanWorker com.fishit.player.v2                 D  PROGRESS discovered=3700 persisted=3187 phase=null
2026-01-28 14:35:11.427  4496-4527  XTC                     com.fishit.player.v2                 D  [SERIES] DTO→Raw #850 | id=xtream:series:2670 | title="The Sniffer" | sourceType=XTREAM | Fields: ✓[cast, poster] ✗[year, plot, director, backdrop, duration, tmdb]
2026-01-28 14:35:11.427  4496-5802  XTC                     com.fishit.player.v2                 D  [VOD] DTO→Raw #1550 | id=xtream:vod:801981 | title="Anaconda | 2025 | 6.7" | sourceType=XTREAM | Fields: ✓[year=2025, poster] ✗[plot, cast, director, backdrop, duration, tmdb]
2026-01-28 14:35:11.429  4496-5729  XtreamCatalogScanWorker com.fishit.player.v2                 D  PROGRESS discovered=3800 persisted=3187 phase=null
2026-01-28 14:35:11.436  4496-5802  XTC                     com.fishit.player.v2                 D  [VOD] DTO→Raw #1600 | id=xtream:vod:800634 | title="Whiteout - Überleben ist alles | 2025 | " | sourceType=XTREAM | Fields: ✓[year=2025, poster] ✗[plot, cast, director, backdrop, duration, tmdb]
2026-01-28 14:35:11.437  4496-4705  SyncPerfMetrics         com.fishit.player.v2                 D  Phase MOVIES started
2026-01-28 14:35:11.438  4496-4705  XtreamCatalogScanWorker com.fishit.player.v2                 D  PROGRESS discovered=3881 persisted=3187 phase=VOD
2026-01-28 14:35:11.439  4496-4619  XTC                     com.fishit.player.v2                 D  [LIVE] DTO→Raw #1400 | id=xtream:live:769691 | title="Dateline 24/7" | sourceType=XTREAM | Fields: ✓[poster] ✗[year, plot, cast, director, backdrop, duration, tmdb]
2026-01-28 14:35:11.440  4496-4527  XTC                     com.fishit.player.v2                 D  [SERIES] DTO→Raw #900 | id=xtream:series:2721 | title="Confess" | sourceType=XTREAM | Fields: ✓[cast, poster] ✗[year, plot, director, backdrop, duration, tmdb]
2026-01-28 14:35:11.441  4496-4705  XtreamCatalogScanWorker com.fishit.player.v2                 D  PROGRESS discovered=3900 persisted=3187 phase=null
2026-01-28 14:35:11.443  4496-4705  SyncPerfMetrics         com.fishit.player.v2                 D  Phase LIVE started
2026-01-28 14:35:11.443  4496-5802  XTC                     com.fishit.player.v2                 D  [VOD] DTO→Raw #1650 | id=xtream:vod:798830 | title="825 Forest Road | 2025 | 5.9 |" | sourceType=XTREAM | Fields: ✓[year=2025, poster] ✗[plot, cast, director, backdrop, duration, tmdb]
2026-01-28 14:35:11.444  4496-4705  XtreamCatalogScanWorker com.fishit.player.v2                 D  PROGRESS discovered=3916 persisted=3187 phase=LIVE
2026-01-28 14:35:11.446  4496-4705  SyncPerfMetrics         com.fishit.player.v2                 D  Phase SERIES started
2026-01-28 14:35:11.447  4496-4705  XtreamCatalogScanWorker com.fishit.player.v2                 D  PROGRESS discovered=3924 persisted=3187 phase=SERIES
2026-01-28 14:35:11.457  4496-4705  XtreamCatalogScanWorker com.fishit.player.v2                 D  PROGRESS discovered=4000 persisted=3187 phase=null
2026-01-28 14:35:11.459  4496-4619  XTC                     com.fishit.player.v2                 D  [SERIES] DTO→Raw #950 | id=xtream:series:2771 | title="Riverdale" | sourceType=XTREAM | Fields: ✓[plot(606c), cast, poster] ✗[year, director, backdrop, duration, tmdb]
2026-01-28 14:35:11.464  4496-4705  SyncBatchManager        com.fishit.player.v2                 D  Flushing SERIES batch: 200 items (timeBased=false)
2026-01-28 14:35:11.465  4496-4705  CatalogSyncService      com.fishit.player.v2                 D  Persisting Xtream catalog batch (NX-ONLY): 200 items (canonical_linking=false)
2026-01-28 14:35:11.465  4496-5727  XTC                     com.fishit.player.v2                 D  [VOD] DTO→Raw #1700 | id=xtream:vod:797304 | title="Frankenstein | 2025 | 7.9 |" | sourceType=XTREAM | Fields: ✓[year=2025, poster] ✗[plot, cast, director, backdrop, duration, tmdb]
2026-01-28 14:35:12.382  4496-4652  CatalogSyncService      com.fishit.player.v2                 D  Xtream batch complete (HOT PATH/NX): ingested=200 total_ms=918
2026-01-28 14:35:12.384  4496-4652  SyncPerfMetrics         com.fishit.player.v2                 D  Phase MOVIES started
2026-01-28 14:35:12.384  4496-4652  XtreamCatalogScanWorker com.fishit.player.v2                 D  PROGRESS discovered=4098 persisted=3387 phase=VOD
2026-01-28 14:35:12.385  4496-4652  XtreamCatalogScanWorker com.fishit.player.v2                 D  PROGRESS discovered=4100 persisted=3387 phase=null
2026-01-28 14:35:12.386  4496-4652  SyncBatchManager        com.fishit.player.v2                 D  Flushing MOVIES batch: 400 items (timeBased=false)
2026-01-28 14:35:12.386  4496-4652  CatalogSyncService      com.fishit.player.v2                 D  Persisting Xtream catalog batch (NX-ONLY): 400 items (canonical_linking=false)
2026-01-28 14:35:12.389  4496-5802  XTC                     com.fishit.player.v2                 D  [SERIES] DTO→Raw #1000 | id=xtream:series:2822 | title="Bluff City Law" | sourceType=XTREAM | Fields: ✓[cast, poster] ✗[year, plot, director, backdrop, duration, tmdb]
2026-01-28 14:35:12.390  4496-4653  XTC                     com.fishit.player.v2                 D  [VOD] DTO→Raw #1750 | id=xtream:vod:794087 | title="Jenseits der blauen Grenze | 2024 | 6.4 " | sourceType=XTREAM | Fields: ✓[year=2024, poster] ✗[plot, cast, director, backdrop, duration, tmdb]
2026-01-28 14:35:12.391  4496-5802  StreamingJsonParser     com.fishit.player.v2                 W  streamInBatches mapper error #1: timeout
2026-01-28 14:35:12.394  4496-5802  XtreamApiClient         com.fishit.player.v2                 D  buildPlayerApiUrl: action=get_series -> konigtv.com/player_api.php
2026-01-28 14:35:12.405  4496-5770  TrafficStats            com.fishit.player.v2                 D  tagSocket(140) with statsTag=0xffffffff, statsUid=-1
2026-01-28 14:35:12.804  4496-5802  XtreamApiClient         com.fishit.player.v2                 D  StreamingFetch: Success for konigtv.com/player_api.php, streaming response
2026-01-28 14:35:12.844  4496-4530  CatalogSyncService      com.fishit.player.v2                 D  Xtream live batch complete (NX): ingested=230 total_ms=1466
2026-01-28 14:35:12.844  4496-4530  CatalogSyncService      com.fishit.player.v2                 D  Time-based flush LIVE: 230 items in 1466ms
2026-01-28 14:35:12.844  4496-4530  SyncBatchManager        com.fishit.player.v2                 D  Time-based flush for SERIES: 32 items after 1381ms
2026-01-28 14:35:12.845  4496-4530  SyncBatchManager        com.fishit.player.v2                 D  Flushing SERIES batch: 32 items (timeBased=true)
2026-01-28 14:35:12.845  4496-4530  CatalogSyncService      com.fishit.player.v2                 D  Persisting Xtream catalog batch (NX-ONLY): 32 items (canonical_linking=false)
2026-01-28 14:35:12.918  4496-4506  ishit.player.v2         com.fishit.player.v2                 I  Background concurrent copying GC freed 621020(28MB) AllocSpace objects, 0(0B) LOS objects, 44% free, 30MB/54MB, paused 99us,72us total 127.116ms
2026-01-28 14:35:13.011  4496-4537  CatalogSyncService      com.fishit.player.v2                 D  Xtream batch complete (HOT PATH/NX): ingested=32 total_ms=165
2026-01-28 14:35:13.011  4496-4537  CatalogSyncService      com.fishit.player.v2                 D  Time-based flush SERIES: 32 items in 166ms
2026-01-28 14:35:13.212  4496-4619  SyncBatchManager        com.fishit.player.v2                 D  Time-based flush for LIVE: 81 items after 1835ms
2026-01-28 14:35:13.212  4496-4619  SyncBatchManager        com.fishit.player.v2                 D  Flushing LIVE batch: 81 items (timeBased=true)
2026-01-28 14:35:13.212  4496-4619  CatalogSyncService      com.fishit.player.v2                 D  Persisting Xtream live batch (NX-ONLY): 81 items
2026-01-28 14:35:13.696  4496-4530  CatalogSyncService      com.fishit.player.v2                 D  Xtream live batch complete (NX): ingested=81 total_ms=484
2026-01-28 14:35:13.696  4496-4530  CatalogSyncService      com.fishit.player.v2                 D  Time-based flush LIVE: 81 items in 484ms
2026-01-28 14:35:14.452  4496-4619  CatalogSyncService      com.fishit.player.v2                 D  Xtream batch complete (HOT PATH/NX): ingested=400 total_ms=2066
2026-01-28 14:35:14.454  4496-4619  SyncPerfMetrics         com.fishit.player.v2                 D  Phase SERIES started
2026-01-28 14:35:14.454  4496-4619  XtreamCatalogScanWorker com.fishit.player.v2                 D  PROGRESS discovered=4181 persisted=4130 phase=SERIES
2026-01-28 14:35:14.455  4496-4619  XtreamCatalogScanWorker com.fishit.player.v2                 D  PROGRESS discovered=4200 persisted=4130 phase=null
2026-01-28 14:35:14.457  4496-4653  XTC                     com.fishit.player.v2                 D  [LIVE] DTO→Raw #1450 | id=xtream:live:769741 | title="Top Chef Vault" | sourceType=XTREAM | Fields: ✓[poster] ✗[year, plot, cast, director, backdrop, duration, tmdb]
2026-01-28 14:35:14.458  4496-4705  XTC                     com.fishit.player.v2                 D  [VOD] DTO→Raw #1800 | id=xtream:vod:791360 | title="All of You | 2025 | 6.5 |" | sourceType=XTREAM | Fields: ✓[year=2025, poster] ✗[plot, cast, director, backdrop, duration, tmdb]
2026-01-28 14:35:14.458  4496-5798  SyncPerfMetrics         com.fishit.player.v2                 D  Phase MOVIES started
2026-01-28 14:35:14.458  4496-5798  XtreamCatalogScanWorker com.fishit.player.v2                 D  PROGRESS discovered=4258 persisted=4130 phase=VOD
2026-01-28 14:35:14.461  4496-5798  XtreamCatalogScanWorker com.fishit.player.v2                 D  PROGRESS discovered=4300 persisted=4130 phase=null
2026-01-28 14:35:14.464  4496-4705  XTC                     com.fishit.player.v2                 D  [VOD] DTO→Raw #1850 | id=xtream:vod:788976 | title="Was ist Liebe wert - Materialists | 2025" | sourceType=XTREAM | Fields: ✓[year=2025, poster] ✗[plot, cast, director, backdrop, duration, tmdb]
2026-01-28 14:35:14.470  4496-4705  XTC                     com.fishit.player.v2                 D  [VOD] DTO→Raw #1900 | id=xtream:vod:786362 | title="Checkmates - Ziemlich schräge Figuren | " | sourceType=XTREAM | Fields: ✓[year=2024, poster] ✗[plot, cast, director, backdrop, duration, tmdb]
2026-01-28 14:35:14.471  4496-5801  XtreamCatalogScanWorker com.fishit.player.v2                 D  PROGRESS discovered=4400 persisted=4130 phase=null
2026-01-28 14:35:14.473  4496-5801  SyncPerfMetrics         com.fishit.player.v2                 D  Phase MOVIES started
2026-01-28 14:35:14.473  4496-5801  XtreamCatalogScanWorker com.fishit.player.v2                 D  PROGRESS discovered=4409 persisted=4130 phase=VOD
2026-01-28 14:35:14.475  4496-4653  XTC                     com.fishit.player.v2                 D  [LIVE] DTO→Raw #1500 | id=xtream:live:769791 | title="CBS News Chicago" | sourceType=XTREAM | Fields: ✓[poster] ✗[year, plot, cast, director, backdrop, duration, tmdb]
2026-01-28 14:35:14.476  4496-4705  XTC                     com.fishit.player.v2                 D  [VOD] DTO→Raw #1950 | id=xtream:vod:783657 | title="The Ballad of Wallis Island | 2025 | 7.0" | sourceType=XTREAM | Fields: ✓[year=2025, poster] ✗[plot, cast, director, backdrop, duration, tmdb]
2026-01-28 14:35:14.476  4496-4653  StreamingJsonParser     com.fishit.player.v2                 W  streamInBatches mapper error #1: timeout
2026-01-28 14:35:14.479  4496-4653  XtreamApiClient         com.fishit.player.v2                 D  buildPlayerApiUrl: action=get_live_streams -> konigtv.com/player_api.php
2026-01-28 14:35:14.482  4496-4705  XTC                     com.fishit.player.v2                 D  [VOD] DTO→Raw #2000 | id=xtream:vod:780844 | title="Shadow of God | 2025 | 5.0 |" | sourceType=XTREAM | Fields: ✓[year=2025, poster] ✗[plot, cast, director, backdrop, duration, tmdb]
2026-01-28 14:35:14.482  4496-5801  SyncPerfMetrics         com.fishit.player.v2                 D  Phase LIVE started
2026-01-28 14:35:14.483  4496-5801  XtreamCatalogScanWorker com.fishit.player.v2                 D  PROGRESS discovered=4473 persisted=4130 phase=LIVE
2026-01-28 14:35:14.488  4496-5801  XtreamCatalogScanWorker com.fishit.player.v2                 D  PROGRESS discovered=4500 persisted=4130 phase=null
2026-01-28 14:35:14.492  4496-5801  SyncPerfMetrics         com.fishit.player.v2                 D  Phase MOVIES started
2026-01-28 14:35:14.493  4496-5801  XtreamCatalogScanWorker com.fishit.player.v2                 D  PROGRESS discovered=4536 persisted=4130 phase=VOD
2026-01-28 14:35:14.495  4496-4537  XTC                     com.fishit.player.v2                 D  [SERIES] DTO→Raw #1050 | id=xtream:series:365 | title="4 Blocks" | sourceType=XTREAM | Fields: ✓[plot(424c), cast, poster] ✗[year, director, backdrop, duration, tmdb]
2026-01-28 14:35:14.499  4496-5801  SyncBatchManager        com.fishit.player.v2                 D  Time-based flush for LIVE: 70 items after 1287ms
2026-01-28 14:35:14.499  4496-5801  SyncBatchManager        com.fishit.player.v2                 D  Flushing LIVE batch: 70 items (timeBased=true)
2026-01-28 14:35:14.501  4496-5801  CatalogSyncService      com.fishit.player.v2                 D  Persisting Xtream live batch (NX-ONLY): 70 items
2026-01-28 14:35:14.509  4496-4619  XtreamCatalogScanWorker com.fishit.player.v2                 D  PROGRESS discovered=4600 persisted=4130 phase=null
2026-01-28 14:35:14.511  4496-4705  XTC                     com.fishit.player.v2                 D  [VOD] DTO→Raw #2050 | id=xtream:vod:779064 | title="Escape - Der unsichtbare Feind | 2024 | " | sourceType=XTREAM | Fields: ✓[year=2024, poster] ✗[plot, cast, director, backdrop, duration, tmdb]
