2026-01-28 14:32:12.911  4496-4653  CatalogSyncService      com.fishit.player.v2                 D  Persisting Xtream catalog batch (NX-ONLY): 200 items (canonical_linking=false)
2026-01-28 14:32:17.284  4496-4654  CatalogSyncService      com.fishit.player.v2                 D  Xtream batch complete (HOT PATH/NX): ingested=251 total_ms=10275
2026-01-28 14:32:17.284  4496-4654  CatalogSyncService      com.fishit.player.v2                 D  Time-based flush MOVIES: 251 items in 10275ms
2026-01-28 14:32:17.485  4496-4654  SyncBatchManager        com.fishit.player.v2                 D  Time-based flush for LIVE: 375 items after 10648ms
2026-01-28 14:32:17.485  4496-4654  SyncBatchManager        com.fishit.player.v2                 D  Flushing LIVE batch: 375 items (timeBased=true)
2026-01-28 14:32:17.486  4496-4654  CatalogSyncService      com.fishit.player.v2                 D  Persisting Xtream live batch (NX-ONLY): 375 items
2026-01-28 14:32:17.487  4496-4705  CatalogSyncService      com.fishit.player.v2                 D  Xtream batch complete (HOT PATH/NX): ingested=200 total_ms=4576
2026-01-28 14:32:17.489  4496-4527  XTC                     com.fishit.player.v2                 D  [LIVE] DTO→Raw #3050 | id=xtream:live:744166 | title="DE: DYN SPORT 25" | sourceType=XTREAM | Fields: ✓[poster] ✗[year, plot, cast, director, backdrop, duration, tmdb]
2026-01-28 14:32:17.492  4496-4705  XtreamCatalogScanWorker com.fishit.player.v2                 D  PROGRESS discovered=11400 persisted=10596 phase=null
2026-01-28 14:32:17.496  4496-4654  XTC                     com.fishit.player.v2                 D  [VOD] DTO→Raw #5050 | id=xtream:vod:704641 | title="Cat Person | 2023 | 6.2 |" | sourceType=XTREAM | Fields: ✓[year=2023, poster] ✗[plot, cast, director, backdrop, duration, tmdb]
2026-01-28 14:32:17.497  4496-4705  SyncBatchManager        com.fishit.player.v2                 D  Flushing MOVIES batch: 400 items (timeBased=false)
2026-01-28 14:32:17.497  4496-4653  XTC                     com.fishit.player.v2                 D  [SERIES] DTO→Raw #3350 | id=xtream:series:2670 | title="The Sniffer" | sourceType=XTREAM | Fields: ✓[cast, poster] ✗[year, plot, director, backdrop, duration, tmdb]
2026-01-28 14:32:17.498  4496-4705  CatalogSyncService      com.fishit.player.v2                 D  Persisting Xtream catalog batch (NX-ONLY): 400 items (canonical_linking=false)
2026-01-28 14:32:28.932  4496-4526  CatalogSyncService      com.fishit.player.v2                 D  Xtream live batch complete (NX): ingested=375 total_ms=11446
2026-01-28 14:32:28.932  4496-4526  CatalogSyncService      com.fishit.player.v2                 D  Time-based flush LIVE: 375 items in 11446ms
2026-01-28 14:32:28.932  4496-4526  SyncBatchManager        com.fishit.player.v2                 D  Time-based flush for SERIES: 37 items after 16021ms
2026-01-28 14:32:28.933  4496-4526  SyncBatchManager        com.fishit.player.v2                 D  Flushing SERIES batch: 37 items (timeBased=true)
2026-01-28 14:32:28.933  4496-4526  CatalogSyncService      com.fishit.player.v2                 D  Persisting Xtream catalog batch (NX-ONLY): 37 items (canonical_linking=false)
2026-01-28 14:32:29.093  4496-4526  CatalogSyncService      com.fishit.player.v2                 D  Xtream batch complete (HOT PATH/NX): ingested=37 total_ms=160
2026-01-28 14:32:29.095  4496-4526  CatalogSyncService      com.fishit.player.v2                 D  Time-based flush SERIES: 37 items in 161ms
2026-01-28 14:32:29.130  4496-4536  CatalogSyncService      com.fishit.player.v2                 D  Xtream batch complete (HOT PATH/NX): ingested=400 total_ms=11632
2026-01-28 14:32:29.133  4496-4648  XTC                     com.fishit.player.v2                 D  [VOD] DTO→Raw #5100 | id=xtream:vod:696436 | title="Naughty - Entfesselte Lust | 2023 | 5.8 " | sourceType=XTREAM | Fields: ✓[year=2023, poster] ✗[plot, cast, director, backdrop, duration, tmdb]
2026-01-28 14:32:29.142  4496-4536  XtreamCatalogScanWorker com.fishit.player.v2                 D  PROGRESS discovered=11500 persisted=11408 phase=null
2026-01-28 14:32:29.146  4496-4536  SyncPerfMetrics         com.fishit.player.v2                 D  Phase MOVIES started
2026-01-28 14:32:29.146  4496-4536  XtreamCatalogScanWorker com.fishit.player.v2                 D  PROGRESS discovered=11542 persisted=11408 phase=VOD
2026-01-28 14:32:29.149  4496-4530  XtreamCatalogScanWorker com.fishit.player.v2                 D  PROGRESS discovered=11600 persisted=11408 phase=null
2026-01-28 14:32:29.154  4496-4537  XTC                     com.fishit.player.v2                 D  [VOD] DTO→Raw #5150 | id=xtream:vod:692594 | title="Slotherhouse - Ein Faultier zum Fürchten" | sourceType=XTREAM | Fields: ✓[year=2023, poster] ✗[plot, cast, director, backdrop, duration, tmdb]
2026-01-28 14:32:29.154  4496-4536  XTC                     com.fishit.player.v2                 D  [LIVE] DTO→Raw #3100 | id=xtream:live:121760 | title="DE: Spiegel TV Wissen RAW" | sourceType=XTREAM | Fields: ✓[poster] ✗[year, plot, cast, director, backdrop, duration, tmdb]
2026-01-28 14:32:29.155  4496-4530  SyncPerfMetrics         com.fishit.player.v2                 D  Phase LIVE started
2026-01-28 14:32:29.155  4496-4530  XtreamCatalogScanWorker com.fishit.player.v2                 D  PROGRESS discovered=11636 persisted=11408 phase=LIVE
2026-01-28 14:32:29.163  4496-4537  XTC                     com.fishit.player.v2                 D  [VOD] DTO→Raw #5200 | id=xtream:vod:674679 | title="A Royal Corgi Christmas - Weihnachten wi" | sourceType=XTREAM | Fields: ✓[year=2022, poster] ✗[plot, cast, director, backdrop, duration, tmdb]
2026-01-28 14:32:29.165  4496-4652  XtreamCatalogScanWorker com.fishit.player.v2                 D  PROGRESS discovered=11700 persisted=11408 phase=null
2026-01-28 14:32:29.166  4496-4654  XTC                     com.fishit.player.v2                 D  [SERIES] DTO→Raw #3400 | id=xtream:series:2721 | title="Confess" | sourceType=XTREAM | Fields: ✓[cast, poster] ✗[year, plot, director, backdrop, duration, tmdb]
2026-01-28 14:32:29.171  4496-4654  XTC                     com.fishit.player.v2                 D  [LIVE] DTO→Raw #3150 | id=xtream:live:48858 | title="DE: Sky Cinema Highlights FHD" | sourceType=XTREAM | Fields: ✓[poster] ✗[year, plot, cast, director, backdrop, duration, tmdb]
2026-01-28 14:32:29.171  4496-4652  SyncPerfMetrics         com.fishit.player.v2                 D  Phase MOVIES started
2026-01-28 14:32:29.171  4496-4652  XtreamCatalogScanWorker com.fishit.player.v2                 D  PROGRESS discovered=11728 persisted=11408 phase=VOD
2026-01-28 14:32:29.175  4496-4652  SyncPerfMetrics         com.fishit.player.v2                 D  Phase SERIES started
2026-01-28 14:32:29.176  4496-4652  XtreamCatalogScanWorker com.fishit.player.v2                 D  PROGRESS discovered=11770 persisted=11408 phase=SERIES
2026-01-28 14:32:29.177  4496-4652  XtreamCatalogScanWorker com.fishit.player.v2                 D  PROGRESS discovered=11800 persisted=11408 phase=null
2026-01-28 14:32:29.177  4496-4705  XTC                     com.fishit.player.v2                 D  [VOD] DTO→Raw #5250 | id=xtream:vod:672225 | title="Elf Me | 2023 | 6.2 |" | sourceType=XTREAM | Fields: ✓[year=2023, poster] ✗[plot, cast, director, backdrop, duration, tmdb]
2026-01-28 14:32:29.186  4496-4653  XTC                     com.fishit.player.v2                 D  [SERIES] DTO→Raw #3450 | id=xtream:series:2771 | title="Riverdale" | sourceType=XTREAM | Fields: ✓[plot(606c), cast, poster] ✗[year, director, backdrop, duration, tmdb]
2026-01-28 14:32:29.188  4496-4537  XtreamCatalogScanWorker com.fishit.player.v2                 D  PROGRESS discovered=11900 persisted=11408 phase=null
2026-01-28 14:32:29.195  4496-4654  XTC                     com.fishit.player.v2                 D  [LIVE] DTO→Raw #3200 | id=xtream:live:733471 | title="DE: 2 BROKE GIRLS" | sourceType=XTREAM | Fields: ✓[poster] ✗[year, plot, cast, director, backdrop, duration, tmdb]
2026-01-28 14:32:29.197  4496-4652  SyncPerfMetrics         com.fishit.player.v2                 D  Phase LIVE started
2026-01-28 14:32:29.198  4496-4652  XtreamCatalogScanWorker com.fishit.player.v2                 D  PROGRESS discovered=11949 persisted=11408 phase=LIVE
2026-01-28 14:32:29.203  4496-4652  XtreamCatalogScanWorker com.fishit.player.v2                 D  PROGRESS discovered=12000 persisted=11408 phase=null
2026-01-28 14:32:29.204  4496-4705  XTC                     com.fishit.player.v2                 D  [VOD] DTO→Raw #5300 | id=xtream:vod:669556 | title="The Royal Nanny | 2022 | 6.2 |" | sourceType=XTREAM | Fields: ✓[year=2022, poster] ✗[plot, cast, director, backdrop, duration, tmdb]
2026-01-28 14:32:29.206  4496-4652  SyncPerfMetrics         com.fishit.player.v2                 D  Phase MOVIES started
2026-01-28 14:32:29.206  4496-4652  XtreamCatalogScanWorker com.fishit.player.v2                 D  PROGRESS discovered=12021 persisted=11408 phase=VOD
2026-01-28 14:32:29.207  4496-4653  XTC                     com.fishit.player.v2                 D  [SERIES] DTO→Raw #3500 | id=xtream:series:2822 | title="Bluff City Law" | sourceType=XTREAM | Fields: ✓[cast, poster] ✗[year, plot, director, backdrop, duration, tmdb]
2026-01-28 14:32:29.207  4496-4537  SyncPerfMetrics         com.fishit.player.v2                 D  Phase SERIES started
2026-01-28 14:32:29.208  4496-4537  XtreamCatalogScanWorker com.fishit.player.v2                 D  PROGRESS discovered=12029 persisted=11408 phase=SERIES
2026-01-28 14:32:29.215  4496-4654  XTC                     com.fishit.player.v2                 D  [LIVE] DTO→Raw #3250 | id=xtream:live:749839 | title="DE: EDGAR WALLACE MIX" | sourceType=XTREAM | Fields: ✓[poster] ✗[year, plot, cast, director, backdrop, duration, tmdb]
2026-01-28 14:32:29.218  4496-4652  XtreamCatalogScanWorker com.fishit.player.v2                 D  PROGRESS discovered=12100 persisted=11408 phase=null
2026-01-28 14:32:29.221  4496-4705  XTC                     com.fishit.player.v2                 D  [VOD] DTO→Raw #5350 | id=xtream:vod:667269 | title="As They Made Us | 2022 | 5.5 |" | sourceType=XTREAM | Fields: ✓[year=2022, poster] ✗[plot, cast, director, backdrop, duration, tmdb]
2026-01-28 14:32:29.237  4496-4654  XTC                     com.fishit.player.v2                 D  [LIVE] DTO→Raw #3300 | id=xtream:live:729970 | title="DE: POLICE ACADEMY" | sourceType=XTREAM | Fields: ✓[poster] ✗[year, plot, cast, director, backdrop, duration, tmdb]
2026-01-28 14:32:29.237  4496-4705  XTC                     com.fishit.player.v2                 D  [VOD] DTO→Raw #5400 | id=xtream:vod:659371 | title="Detective Dee und die Armee der Toten | " | sourceType=XTREAM | Fields: ✓[year=2022, poster] ✗[plot, cast, director, backdrop, duration, tmdb]
2026-01-28 14:32:29.238  4496-4652  SyncPerfMetrics         com.fishit.player.v2                 D  Phase LIVE started
2026-01-28 14:32:29.238  4496-4652  XtreamCatalogScanWorker com.fishit.player.v2                 D  PROGRESS discovered=12199 persisted=11408 phase=LIVE
2026-01-28 14:32:29.239  4496-4652  XtreamCatalogScanWorker com.fishit.player.v2                 D  PROGRESS discovered=12200 persisted=11408 phase=null
2026-01-28 14:32:29.239  4496-4537  SyncPerfMetrics         com.fishit.player.v2                 D  Phase MOVIES started
2026-01-28 14:32:29.240  4496-4537  XtreamCatalogScanWorker com.fishit.player.v2                 D  PROGRESS discovered=12202 persisted=11408 phase=VOD
2026-01-28 14:32:29.246  4496-4652  XTC                     com.fishit.player.v2                 D  [VOD] DTO→Raw #5450 | id=xtream:vod:655613 | title="War of the Worlds: The Attack | 2023 | 5" | sourceType=XTREAM | Fields: ✓[year=2023, poster] ✗[plot, cast, director, backdrop, duration, tmdb]
2026-01-28 14:32:29.247  4496-4530  SyncBatchManager        com.fishit.player.v2                 D  Flushing MOVIES batch: 400 items (timeBased=false)
2026-01-28 14:32:29.248  4496-4530  CatalogSyncService      com.fishit.player.v2                 D  Persisting Xtream catalog batch (NX-ONLY): 400 items (canonical_linking=false)
2026-01-28 14:32:29.297  4496-4652  SyncBatchManager        com.fishit.player.v2                 D  Time-based flush for LIVE: 309 items after 11812ms
2026-01-28 14:32:29.298  4496-4652  SyncBatchManager        com.fishit.player.v2                 D  Flushing LIVE batch: 309 items (timeBased=true)
2026-01-28 14:32:29.298  4496-4652  CatalogSyncService      com.fishit.player.v2                 D  Persisting Xtream live batch (NX-ONLY): 309 items
2026-01-28 14:32:29.751  4496-4506  ishit.player.v2         com.fishit.player.v2                 I  Background concurrent copying GC freed 719194(32MB) AllocSpace objects, 0(0B) LOS objects, 44% free, 30MB/54MB, paused 177us,49us total 242.574ms
2026-01-28 14:32:30.891  4496-4506  ishit.player.v2         com.fishit.player.v2                 I  Background concurrent copying GC freed 757143(34MB) AllocSpace objects, 0(0B) LOS objects, 43% free, 30MB/54MB, paused 209us,106us total 227.446ms
2026-01-28 14:32:31.316  4496-4537  CatalogSyncService      com.fishit.player.v2                 D  Xtream live batch complete (NX): ingested=309 total_ms=2017
2026-01-28 14:32:31.316  4496-4537  CatalogSyncService      com.fishit.player.v2                 D  Time-based flush LIVE: 309 items in 2018ms
2026-01-28 14:32:31.316  4496-4537  SyncBatchManager        com.fishit.player.v2                 D  Time-based flush for SERIES: 151 items after 2383ms
2026-01-28 14:32:31.317  4496-4537  SyncBatchManager        com.fishit.player.v2                 D  Flushing SERIES batch: 151 items (timeBased=true)
2026-01-28 14:32:31.317  4496-4537  CatalogSyncService      com.fishit.player.v2                 D  Persisting Xtream catalog batch (NX-ONLY): 151 items (canonical_linking=false)
2026-01-28 14:32:31.793  4496-4653  CatalogSyncService      com.fishit.player.v2                 D  Xtream batch complete (HOT PATH/NX): ingested=400 total_ms=2545
2026-01-28 14:32:31.795  4496-4653  XtreamCatalogScanWorker com.fishit.player.v2                 D  PROGRESS discovered=12300 persisted=12117 phase=null
2026-01-28 14:32:31.795  4496-4537  XTC                     com.fishit.player.v2                 D  [VOD] DTO→Raw #5500 | id=xtream:vod:641588 | title="Meinen Hass bekommt ihr nicht | 2022 | 5" | sourceType=XTREAM | Fields: ✓[year=2022, poster] ✗[plot, cast, director, backdrop, duration, tmdb]
2026-01-28 14:32:31.797  4496-4653  SyncPerfMetrics         com.fishit.player.v2                 D  Phase MOVIES started
2026-01-28 14:32:31.797  4496-4537  StreamingJsonParser     com.fishit.player.v2                 W  streamInBatches mapper error #1: timeout
2026-01-28 14:32:31.797  4496-4653  XtreamCatalogScanWorker com.fishit.player.v2                 D  PROGRESS discovered=12345 persisted=12117 phase=VOD
2026-01-28 14:32:31.801  4496-4537  XtreamApiClient         com.fishit.player.v2                 D  buildPlayerApiUrl: action=get_movie_streams -> konigtv.com/player_api.php
2026-01-28 14:32:31.806  4496-4654  XTC                     com.fishit.player.v2                 D  [LIVE] DTO→Raw #3350 | id=xtream:live:140923 | title="DE: X-Men HD 24/7" | sourceType=XTREAM | Fields: ✓[poster] ✗[year, plot, cast, director, backdrop, duration, tmdb]
2026-01-28 14:32:31.816  4496-4526  XtreamCatalogScanWorker com.fishit.player.v2                 D  PROGRESS discovered=12400 persisted=12117 phase=null
2026-01-28 14:32:31.825  4496-4727  TrafficStats            com.fishit.player.v2                 D  tagSocket(137) with statsTag=0xffffffff, statsUid=-1
2026-01-28 14:32:31.827  4496-4654  XTC                     com.fishit.player.v2                 D  [LIVE] DTO→Raw #3400 | id=xtream:live:364840 | title="DE: TOM HARDY - 24/7" | sourceType=XTREAM | Fields: ✓[poster] ✗[year, plot, cast, director, backdrop, duration, tmdb]
2026-01-28 14:32:31.829  4496-4652  SyncPerfMetrics         com.fishit.player.v2                 D  Phase LIVE started
2026-01-28 14:32:31.829  4496-4652  XtreamCatalogScanWorker com.fishit.player.v2                 D  PROGRESS discovered=12442 persisted=12117 phase=LIVE
2026-01-28 14:32:31.834  4496-4648  XTC                     com.fishit.player.v2                 D  [SERIES] DTO→Raw #3550 | id=xtream:series:2876 | title="New Amsterdam" | sourceType=XTREAM | Fields: ✓[plot(648c), cast, poster] ✗[year, director, backdrop, duration, tmdb]
2026-01-28 14:32:31.843  4496-4526  XtreamCatalogScanWorker com.fishit.player.v2                 D  PROGRESS discovered=12500 persisted=12117 phase=null
2026-01-28 14:32:31.847  4496-4654  XTC                     com.fishit.player.v2                 D  [LIVE] DTO→Raw #3450 | id=xtream:live:140794 | title="DE: See - Reich der Blinden - Premium 24" | sourceType=XTREAM | Fields: ✓[poster] ✗[year, plot, cast, director, backdrop, duration, tmdb]
2026-01-28 14:32:31.865  4496-4648  XTC                     com.fishit.player.v2                 D  [SERIES] DTO→Raw #3600 | id=xtream:series:2929 | title="Top of the Lake" | sourceType=XTREAM | Fields: ✓[plot(379c), cast, poster] ✗[year, director, backdrop, duration, tmdb]
2026-01-28 14:32:31.865  4496-4652  SyncPerfMetrics         com.fishit.player.v2                 D  Phase SERIES started
2026-01-28 14:32:31.866  4496-4652  XtreamCatalogScanWorker com.fishit.player.v2                 D  PROGRESS discovered=12581 persisted=12117 phase=SERIES
2026-01-28 14:32:31.871  4496-4619  XtreamCatalogScanWorker com.fishit.player.v2                 D  PROGRESS discovered=12600 persisted=12117 phase=null
2026-01-28 14:32:31.877  4496-4654  XTC                     com.fishit.player.v2                 D  [LIVE] DTO→Raw #3500 | id=xtream:live:143675 | title="DE: Bad Blood 24/7" | sourceType=XTREAM | Fields: ✓[poster] ✗[year, plot, cast, director, backdrop, duration, tmdb]
2026-01-28 14:32:31.879  4496-4654  StreamingJsonParser     com.fishit.player.v2                 W  streamInBatches mapper error #1: timeout
2026-01-28 14:32:31.879  4496-4648  XTC                     com.fishit.player.v2                 D  [SERIES] DTO→Raw #3650 | id=xtream:series:3034 | title="Threesome - Ein Dreier mit Folgen" | sourceType=XTREAM | Fields: ✓[plot(308c), cast, poster] ✗[year, director, backdrop, duration, tmdb]
2026-01-28 14:32:31.880  4496-4654  XtreamApiClient         com.fishit.player.v2                 D  streamContentInBatches(get_live_streams): 0 items without category_id (fallback)
2026-01-28 14:32:31.880  4496-4654  XtreamCatalogPipeline   com.fishit.player.v2                 D  [LIVE] Scan complete: 3500 channels
2026-01-28 14:32:31.880  4496-4654  XTC                     com.fishit.player.v2                 I  Phase complete: LIVE | items=3500 | duration=132824ms | rate=26 items/sec
2026-01-28 14:32:31.892  4496-4619  SyncPerfMetrics         com.fishit.player.v2                 D  Phase LIVE started
2026-01-28 14:32:31.893  4496-4619  XtreamCatalogScanWorker com.fishit.player.v2                 D  PROGRESS discovered=12642 persisted=12117 phase=LIVE
2026-01-28 14:32:31.905  4496-4648  XTC                     com.fishit.player.v2                 D  [SERIES] DTO→Raw #3700 | id=xtream:series:3154 | title="Toy Boy" | sourceType=XTREAM | Fields: ✓[plot(169c), cast, poster] ✗[year, director, backdrop, duration, tmdb]
2026-01-28 14:32:31.905  4496-4652  SyncBatchManager        com.fishit.player.v2                 D  Flushing SERIES batch: 200 items (timeBased=false)
2026-01-28 14:32:31.906  4496-4652  CatalogSyncService      com.fishit.player.v2                 D  Persisting Xtream catalog batch (NX-ONLY): 200 items (canonical_linking=false)
2026-01-28 14:32:31.923  4496-4648  XTC                     com.fishit.player.v2                 D  [SERIES] DTO→Raw #3750 | id=xtream:series:3216 | title="Westwall" | sourceType=XTREAM | Fields: ✓[poster] ✗[year, plot, cast, director, backdrop, duration, tmdb]
2026-01-28 14:32:31.963  4496-4506  ishit.player.v2         com.fishit.player.v2                 I  Background concurrent copying GC freed 774569(34MB) AllocSpace objects, 0(0B) LOS objects, 45% free, 28MB/52MB, paused 503us,96us total 162.795ms
2026-01-28 14:32:31.991  4496-4537  XtreamApiClient         com.fishit.player.v2                 D  StreamingFetch: Success for konigtv.com/player_api.php, streaming response
2026-01-28 14:32:31.994  4496-4537  XtreamApiClient         com.fishit.player.v2                 D  StreamBatch: 0 items in 0 batches (2ms)
2026-01-28 14:32:32.001  4496-4537  XtreamApiClient         com.fishit.player.v2                 D  buildPlayerApiUrl: action=get_movies_streams -> konigtv.com/player_api.php
2026-01-28 14:32:32.011  4496-4536  CatalogSyncService      com.fishit.player.v2                 D  Xtream batch complete (HOT PATH/NX): ingested=151 total_ms=694
2026-01-28 14:32:32.012  4496-4536  CatalogSyncService      com.fishit.player.v2                 D  Time-based flush SERIES: 151 items in 694ms
2026-01-28 14:32:32.152  4496-4537  XtreamApiClient         com.fishit.player.v2                 D  StreamingFetch: Success for konigtv.com/player_api.php, streaming response
2026-01-28 14:32:32.155  4496-4537  XtreamApiClient         com.fishit.player.v2                 D  StreamBatch: 0 items in 0 batches (2ms)
2026-01-28 14:32:32.156  4496-4537  XtreamApiClient         com.fishit.player.v2                 D  streamContentInBatches(get_vod_streams): 0 items without category_id (fallback)
2026-01-28 14:32:32.157  4496-4536  XtreamCatalogPipeline   com.fishit.player.v2                 D  [VOD] Scan complete: 5500 items
2026-01-28 14:32:32.157  4496-4536  XTC                     com.fishit.player.v2                 I  Phase complete: VOD | items=5500 | duration=133100ms | rate=41 items/sec
2026-01-28 14:32:32.213  4496-4654  SyncBatchManager        com.fishit.player.v2                 D  Time-based flush for LIVE: 183 items after 2914ms
2026-01-28 14:32:32.213  4496-4654  SyncBatchManager        com.fishit.player.v2                 D  Flushing LIVE batch: 183 items (timeBased=true)
2026-01-28 14:32:32.213  4496-4654  CatalogSyncService      com.fishit.player.v2                 D  Persisting Xtream live batch (NX-ONLY): 183 items
2026-01-28 14:32:32.552  4496-4506  ishit.player.v2         com.fishit.player.v2                 I  Background young concurrent copying GC freed 494681(21MB) AllocSpace objects, 0(0B) LOS objects, 33% free, 34MB/52MB, paused 217us,71us total 115.821ms
2026-01-28 14:32:36.099  4496-4536  CatalogSyncService      com.fishit.player.v2                 D  Xtream batch complete (HOT PATH/NX): ingested=200 total_ms=4193
2026-01-28 14:32:36.100  4496-4536  XtreamCatalogScanWorker com.fishit.player.v2                 D  PROGRESS discovered=12700 persisted=12468 phase=null
2026-01-28 14:32:36.102  4496-4536  SyncPerfMetrics         com.fishit.player.v2                 D  Phase SERIES started
2026-01-28 14:32:36.102  4496-4536  XtreamCatalogScanWorker com.fishit.player.v2                 D  PROGRESS discovered=12700 persisted=12468 phase=SERIES
2026-01-28 14:32:36.114  4496-4648  XTC                     com.fishit.player.v2                 D  [SERIES] DTO→Raw #3800 | id=xtream:series:3275 | title="Lore" | sourceType=XTREAM | Fields: ✓[plot(668c), cast, poster] ✗[year, director, backdrop, duration, tmdb]
2026-01-28 14:32:36.115  4496-4705  XtreamCatalogScanWorker com.fishit.player.v2                 D  PROGRESS discovered=12800 persisted=12468 phase=null
2026-01-28 14:32:36.115  4496-4705  SyncPerfMetrics         com.fishit.player.v2                 D  Phase SERIES started
2026-01-28 14:32:36.116  4496-4705  XtreamCatalogScanWorker com.fishit.player.v2                 D  PROGRESS discovered=12800 persisted=12468 phase=SERIES
2026-01-28 14:32:36.131  4496-4648  XTC                     com.fishit.player.v2                 D  [SERIES] DTO→Raw #3850 | id=xtream:series:3341 | title="Gordon Ramsay: Uncharted" | sourceType=XTREAM | Fields: ✓[cast, poster] ✗[year, plot, director, backdrop, duration, tmdb]
2026-01-28 14:32:36.147  4496-4648  XTC                     com.fishit.player.v2                 D  [SERIES] DTO→Raw #3900 | id=xtream:series:3452 | title="The Guardians of Justice" | sourceType=XTREAM | Fields: ✓[plot(800c), cast, poster] ✗[year, director, backdrop, duration, tmdb]
2026-01-28 14:32:36.147  4496-4705  SyncBatchManager        com.fishit.player.v2                 D  Flushing SERIES batch: 200 items (timeBased=false)
2026-01-28 14:32:36.148  4496-4705  CatalogSyncService      com.fishit.player.v2                 D  Persisting Xtream catalog batch (NX-ONLY): 200 items (canonical_linking=false)
2026-01-28 14:32:36.161  4496-4648  XTC                     com.fishit.player.v2                 D  [SERIES] DTO→Raw #3950 | id=xtream:series:3642 | title="Warrior" | sourceType=XTREAM | Fields: ✓[plot(440c), cast, poster] ✗[year, director, backdrop, duration, tmdb]
2026-01-28 14:32:39.952  4496-4648  CatalogSyncService      com.fishit.player.v2                 D  Xtream live batch complete (NX): ingested=183 total_ms=7739
2026-01-28 14:32:39.952  4496-4648  CatalogSyncService      com.fishit.player.v2                 D  Time-based flush LIVE: 183 items in 7739ms
2026-01-28 14:32:39.953  4496-4648  SyncBatchManager        com.fishit.player.v2                 D  Time-based flush for MOVIES: 49 items after 10706ms
2026-01-28 14:32:39.953  4496-4648  SyncBatchManager        com.fishit.player.v2                 D  Flushing MOVIES batch: 49 items (timeBased=true)
2026-01-28 14:32:39.953  4496-4648  CatalogSyncService      com.fishit.player.v2                 D  Persisting Xtream catalog batch (NX-ONLY): 49 items (canonical_linking=false)
2026-01-28 14:32:41.282  4496-4619  CatalogSyncService      com.fishit.player.v2                 D  Xtream batch complete (HOT PATH/NX): ingested=200 total_ms=5134
2026-01-28 14:32:41.282  4496-4619  XtreamCatalogScanWorker com.fishit.player.v2                 D  PROGRESS discovered=12900 persisted=12851 phase=null
2026-01-28 14:32:41.283  4496-4619  SyncPerfMetrics         com.fishit.player.v2                 D  Phase SERIES started
2026-01-28 14:32:41.284  4496-4619  XtreamCatalogScanWorker com.fishit.player.v2                 D  PROGRESS discovered=12900 persisted=12851 phase=SERIES
2026-01-28 14:32:41.317  4496-4648  XTC                     com.fishit.player.v2                 D  [SERIES] DTO→Raw #4000 | id=xtream:series:3803 | title="Gossip Girl" | sourceType=XTREAM | Fields: ✓[plot(593c), cast, poster] ✗[year, director, backdrop, duration, tmdb]
2026-01-28 14:32:41.317  4496-4619  XtreamCatalogScanWorker com.fishit.player.v2                 D  PROGRESS discovered=13000 persisted=12851 phase=null
2026-01-28 14:32:41.318  4496-4619  SyncPerfMetrics         com.fishit.player.v2                 D  Phase SERIES started
2026-01-28 14:32:41.318  4496-4648  StreamingJsonParser     com.fishit.player.v2                 W  streamInBatches mapper error #1: timeout
2026-01-28 14:32:41.318  4496-4619  XtreamCatalogScanWorker com.fishit.player.v2                 D  PROGRESS discovered=13000 persisted=12851 phase=SERIES
2026-01-28 14:32:41.319  4496-4648  XtreamApiClient         com.fishit.player.v2                 D  streamContentInBatches(get_series): 0 items without category_id (fallback)
2026-01-28 14:32:41.319  4496-4619  XtreamCatalogPipeline   com.fishit.player.v2                 D  [SERIES] Scan complete: 4000 items
2026-01-28 14:32:41.320  4496-4619  XTC                     com.fishit.player.v2                 I  Phase complete: SERIES | items=4000 | duration=142262ms | rate=28 items/sec
2026-01-28 14:32:41.320  4496-4619  XtreamCatalogPipeline   com.fishit.player.v2                 I  Xtream catalog scan completed: 13000 items (live=3500, vod=5500, series=4000, episodes=0) in 142265ms
2026-01-28 14:32:41.321  4496-4619  SyncBatchManager        com.fishit.player.v2                 D  Flushing SERIES batch: 100 items (timeBased=false)
2026-01-28 14:32:41.321  4496-4619  CatalogSyncService      com.fishit.player.v2                 D  Persisting Xtream catalog batch (NX-ONLY): 100 items (canonical_linking=false)
2026-01-28 14:32:41.339  4496-4527  NxCatalogWriter         com.fishit.player.v2                 E  Failed to ingest: Sugar
kotlinx.coroutines.JobCancellationException: StandaloneCoroutine was cancelled; job=StandaloneCoroutine{Cancelling}@8fe67e8
2026-01-28 14:32:41.341  4496-4527  NxCatalogWriter         com.fishit.player.v2                 E  Failed to ingest: Rendezvous mit Torten
kotlinx.coroutines.JobCancellationException: StandaloneCoroutine was cancelled; job=StandaloneCoroutine{Cancelling}@8fe67e8
2026-01-28 14:32:41.342  4496-4527  NxCatalogWriter         com.fishit.player.v2                 E  Failed to ingest: Sentinelle
kotlinx.coroutines.JobCancellationException: StandaloneCoroutine was cancelled; job=StandaloneCoroutine{Cancelling}@8fe67e8
2026-01-28 14:32:41.343  4496-4527  NxCatalogWriter         com.fishit.player.v2                 E  Failed to ingest: Mord wie er im Buche steht
kotlinx.coroutines.JobCancellationException: StandaloneCoroutine was cancelled; job=StandaloneCoroutine{Cancelling}@8fe67e8
2026-01-28 14:32:41.345  4496-4527  NxCatalogWriter         com.fishit.player.v2                 E  Failed to ingest: Bunker - Angel of War
kotlinx.coroutines.JobCancellationException: StandaloneCoroutine was cancelled; job=StandaloneCoroutine{Cancelling}@8fe67e8
2026-01-28 14:32:41.346  4496-4527  NxCatalogWriter         com.fishit.player.v2                 E  Failed to ingest: Hui Buh und das Hexenschloss
kotlinx.coroutines.JobCancellationException: StandaloneCoroutine was cancelled; job=StandaloneCoroutine{Cancelling}@8fe67e8
2026-01-28 14:32:41.347  4496-4527  NxCatalogWriter         com.fishit.player.v2                 E  Failed to ingest: Sisi & Ich
kotlinx.coroutines.JobCancellationException: StandaloneCoroutine was cancelled; job=StandaloneCoroutine{Cancelling}@8fe67e8
2026-01-28 14:32:41.350  4496-4527  NxCatalogWriter         com.fishit.player.v2                 E  Failed to ingest: The Winter Palace - Verliebt in einen Prinz
kotlinx.coroutines.JobCancellationException: StandaloneCoroutine was cancelled; job=StandaloneCoroutine{Cancelling}@8fe67e8
2026-01-28 14:32:41.352  4496-4527  NxCatalogWriter         com.fishit.player.v2                 E  Failed to ingest: Entführt - 14 Tage Überleben
kotlinx.coroutines.JobCancellationException: StandaloneCoroutine was cancelled; job=StandaloneCoroutine{Cancelling}@8fe67e8
2026-01-28 14:32:41.353  4496-4527  NxCatalogWriter         com.fishit.player.v2                 E  Failed to ingest: Caribbean Summer – Urlaub wider Willen
kotlinx.coroutines.JobCancellationException: StandaloneCoroutine was cancelled; job=StandaloneCoroutine{Cancelling}@8fe67e8
2026-01-28 14:32:41.354  4496-4527  NxCatalogWriter         com.fishit.player.v2                 E  Failed to ingest: Paradise City
kotlinx.coroutines.JobCancellationException: StandaloneCoroutine was cancelled; job=StandaloneCoroutine{Cancelling}@8fe67e8
2026-01-28 14:32:41.355  4496-4527  NxCatalogWriter         com.fishit.player.v2                 E  Failed to ingest: A Way Back to Luckyland
kotlinx.coroutines.JobCancellationException: StandaloneCoroutine was cancelled; job=StandaloneCoroutine{Cancelling}@8fe67e8
2026-01-28 14:32:41.356  4496-4527  NxCatalogWriter         com.fishit.player.v2                 E  Failed to ingest: Die ewige Tochter
kotlinx.coroutines.JobCancellationException: StandaloneCoroutine was cancelled; job=StandaloneCoroutine{Cancelling}@8fe67e8
2026-01-28 14:32:41.358  4496-4527  NxCatalogWriter         com.fishit.player.v2                 E  Failed to ingest: The Retaliators - Auge um Auge
kotlinx.coroutines.JobCancellationException: StandaloneCoroutine was cancelled; job=StandaloneCoroutine{Cancelling}@8fe67e8
2026-01-28 14:32:41.359  4496-4527  NxCatalogWriter         com.fishit.player.v2                 E  Failed to ingest: When the Rain Falls
kotlinx.coroutines.JobCancellationException: StandaloneCoroutine was cancelled; job=StandaloneCoroutine{Cancelling}@8fe67e8
2026-01-28 14:32:41.360  4496-4527  NxCatalogWriter         com.fishit.player.v2                 E  Failed to ingest: Die Verlobungsplanerin - How To Find Forever
kotlinx.coroutines.JobCancellationException: StandaloneCoroutine was cancelled; job=StandaloneCoroutine{Cancelling}@8fe67e8
2026-01-28 14:32:41.361  4496-4527  NxCatalogWriter         com.fishit.player.v2                 E  Failed to ingest: Luckless in Love - Der Dating-Blog
kotlinx.coroutines.JobCancellationException: StandaloneCoroutine was cancelled; job=StandaloneCoroutine{Cancelling}@8fe67e8
2026-01-28 14:32:41.362  4496-4527  NxCatalogWriter         com.fishit.player.v2                 E  Failed to ingest: Der vermessene Mensch
kotlinx.coroutines.JobCancellationException: StandaloneCoroutine was cancelled; job=StandaloneCoroutine{Cancelling}@8fe67e8
2026-01-28 14:32:41.363  4496-4527  NxCatalogWriter         com.fishit.player.v2                 E  Failed to ingest: Doggy Style
kotlinx.coroutines.JobCancellationException: StandaloneCoroutine was cancelled; job=StandaloneCoroutine{Cancelling}@8fe67e8
2026-01-28 14:32:41.365  4496-4527  NxCatalogWriter         com.fishit.player.v2                 E  Failed to ingest: Meinen Hass bekommt ihr nicht
kotlinx.coroutines.JobCancellationException: StandaloneCoroutine was cancelled; job=StandaloneCoroutine{Cancelling}@8fe67e8
2026-01-28 14:32:41.365  4496-4527  CatalogSyncService      com.fishit.player.v2                 D  Xtream batch complete (HOT PATH/NX): ingested=49 total_ms=1412
2026-01-28 14:32:41.366  4496-4527  CatalogSyncService      com.fishit.player.v2                 D  Time-based flush MOVIES: 49 items in 1412ms
2026-01-28 14:32:42.875  4496-4537  CatalogSyncService      com.fishit.player.v2                 D  Xtream batch complete (HOT PATH/NX): ingested=100 total_ms=1554
2026-01-28 14:32:42.876  4496-4537  SyncPerfMetrics         com.fishit.player.v2                 D  Phase SERIES ended (1558ms)
2026-01-28 14:32:42.880  4496-4537  CatalogSyncService      com.fishit.player.v2                 I  Enhanced sync completed:
=== Xtream Catalog Sync Performance Report ===
Generated: 2026-01-28T13:32:42.876438Z

                                                                                                    --- LIVE ---
                                                                                                      Duration: 0ms
                                                                                                      Fetch: 0 calls, 0ms total, 0,0ms avg
                                                                                                      Parse: 0 calls, 0ms total
                                                                                                      Persist: 20 batches, 79366ms total, 3968,3ms avg
                                                                                                      Items Discovered: 3500 (0,0/sec)
                                                                                                      Items Persisted: 3500 (0,0/sec)
                                                                                                      Batches Flushed: 20 (19 time-based)
                                                                                                      Errors: 0 (0,00/1000 items)
                                                                                                      Retries: 0
                                                                                                      Memory Variance: 0 MB
                                                                                                    
                                                                                                    --- MOVIES ---
                                                                                                      Duration: 0ms
                                                                                                      Fetch: 0 calls, 0ms total, 0,0ms avg
                                                                                                      Parse: 0 calls, 0ms total
                                                                                                      Persist: 18 batches, 114284ms total, 6349,1ms avg
                                                                                                      Items Discovered: 5500 (0,0/sec)
                                                                                                      Items Persisted: 5500 (0,0/sec)
                                                                                                      Batches Flushed: 18 (8 time-based)
                                                                                                      Errors: 0 (0,00/1000 items)
                                                                                                      Retries: 0
                                                                                                      Memory Variance: 0 MB
                                                                                                    
                                                                                                    --- SERIES ---
                                                                                                      Duration: 1558ms
                                                                                                      Fetch: 0 calls, 0ms total, 0,0ms avg
                                                                                                      Parse: 0 calls, 0ms total
                                                                                                      Persist: 26 batches, 69312ms total, 2665,8ms avg
                                                                                                      Items Discovered: 4000 (2567,4/sec)
                                                                                                      Items Persisted: 4000 (2567,4/sec)
                                                                                                      Batches Flushed: 26 (10 time-based)
                                                                                                      Errors: 0 (0,00/1000 items)
                                                                                                      Retries: 0
                                                                                                      Memory Variance: 1 MB
                                                                                                    
                                                                                                    === TOTALS ===
                                                                                                      Total Duration: 1558ms (1.558s)
                                                                                                      Total Discovered: 13000 items
                                                                                                      Total Persisted: 13000 items
                                                                                                      Total Errors: 0
                                                                                                      Total Retries: 0
                                                                                                      Memory Variance: 1 MB
                                                                                                      Overall Throughput: 8344,0 items/sec
2026-01-28 14:32:42.881  4496-4537  XtreamCatalogScanWorker com.fishit.player.v2                 I  Enhanced catalog sync completed: 13000 items, advancing to VOD_INFO phase
2026-01-28 14:32:42.885  4496-4530  XtreamCatalogScanWorker com.fishit.player.v2                 I  SUCCESS duration_ms=143840 throughput=90 items/sec | vod=1988 series=1350 episodes=0 live=0 | backfill_remaining: vod=0 series=0
2026-01-28 14:32:42.886  4496-4530  HomeCacheInvalidator    com.fishit.player.v2                 I  INVALIDATE_ALL source=XTREAM sync_run_id=ae1fd9fd-8053-4fd8-8cb6-78aa3c6308e5
2026-01-28 14:32:42.887  4496-4530  HomeCacheInvalidator    com.fishit.player.v2                 D  Cache invalidated: Home UI will refresh from DB on next query
2026-01-28 14:32:42.898  4496-4530  XtreamCatalogScanWorker com.fishit.player.v2                 D  Saved sync metadata for incremental sync: vod=1988 series=1350 live=0
2026-01-28 14:32:42.901  4496-4554  WM-WorkerWrapper        com.fishit.player.v2                 I  Worker result SUCCESS for Work [ id=1b54b68a-33ae-4584-980b-530de9c3fc78, tags={ com.fishit.player.v2.work.XtreamCatalogScanWorker,catalog_sync,source_xtream,worker/XtreamCatalogScanWorker } ]
2026-01-28 14:32:42.903  4496-4496  WM-Processor            com.fishit.player.v2                 D  Processor 1b54b68a-33ae-4584-980b-530de9c3fc78 executed; reschedule = false
2026-01-28 14:32:42.903  4496-4496  WM-SystemJobService     com.fishit.player.v2                 D  1b54b68a-33ae-4584-980b-530de9c3fc78 executed on JobScheduler
2026-01-28 14:32:42.908  4496-4496  LeakCanary              com.fishit.player.v2                 D  Watching instance of androidx.work.impl.background.systemjob.SystemJobService (androidx.work.impl.background.systemjob.SystemJobService received Service#onDestroy() callback) with key 7c62b8dd-0077-4d07-b820-f6703f05a0be
2026-01-28 14:32:42.908  4496-4538  WM-GreedyScheduler      com.fishit.player.v2                 D  Cancelling work ID 1b54b68a-33ae-4584-980b-530de9c3fc78
2026-01-28 14:32:48.045  4496-4525  ishit.player.v2         com.fishit.player.v2                 I  Explicit concurrent copying GC freed 437189(22MB) AllocSpace objects, 0(0B) LOS objects, 50% free, 20MB/40MB, paused 308us,74us total 128.630ms
2026-01-28 14:34:26.438  4496-4496  ViewRootIm...nActivity] com.fishit.player.v2                 I  ViewPostIme pointer 0
2026-01-28 14:34:26.609  4496-4496  ViewRootIm...nActivity] com.fishit.player.v2                 I  ViewPostIme pointer 1
2026-01-28 14:34:26.818  4496-4496  ViewRootIm...nActivity] com.fishit.player.v2                 I  ViewPostIme pointer 0
2026-01-28 14:34:26.925  4496-4496  ViewRootIm...nActivity] com.fishit.player.v2                 I  ViewPostIme pointer 1
2026-01-28 14:34:28.895  4496-4496  ViewRootIm...nActivity] com.fishit.player.v2                 I  ViewPostIme pointer 0
2026-01-28 14:34:28.998  4496-4496  ViewRootIm...nActivity] com.fishit.player.v2                 I  ViewPostIme pointer 1
2026-01-28 14:34:29.016  4496-4496  WindowOnBackDispatcher  com.fishit.player.v2                 W  OnBackInvokedCallback is not enabled for the application.
Set 'android:enableOnBackInvokedCallback="true"' in the application manifest.
2026-01-28 14:34:29.040  4496-4496  LeakDiagnostics         com.fishit.player.v2                 W  Failed to get leak summary: objectWatcher
2026-01-28 14:34:29.041  4496-4496  LeakDiagnostics         com.fishit.player.v2                 W  Failed to get detailed status: objectWatcher
2026-01-28 14:34:29.052  4496-4648  CacheManager            com.fishit.player.v2                 D  TDLib files cache size: 0 bytes
2026-01-28 14:34:29.235  4496-4530  XtreamCredStore         com.fishit.player.v2                 I  Read stored config: scheme=http, host=konigtv.com, port=8080
2026-01-28 14:34:29.292  4496-4530  CacheManager            com.fishit.player.v2                 D  Image cache size: 0 bytes
2026-01-28 14:34:29.330  4496-4496  WorkManage...teObserver com.fishit.player.v2                 I  Sync state: SUCCEEDED
2026-01-28 14:34:29.332  4496-4530  CacheManager            com.fishit.player.v2                 D  Database size: 18706432 bytes
2026-01-28 14:34:30.731  4496-4496  ViewRootIm...nActivity] com.fishit.player.v2                 I  ViewPostIme pointer 0
2026-01-28 14:34:30.840  4496-4496  ViewRootIm...nActivity] com.fishit.player.v2                 I  ViewPostIme pointer 1
2026-01-28 14:34:31.413  4496-4496  ViewRootIm...nActivity] com.fishit.player.v2                 I  ViewPostIme pointer 0
2026-01-28 14:34:31.646  4496-4496  ViewRootIm...nActivity] com.fishit.player.v2                 I  ViewPostIme pointer 1
2026-01-28 14:34:32.653  4496-4496  ViewRootIm...nActivity] com.fishit.player.v2                 I  ViewPostIme pointer 0
2026-01-28 14:34:32.902  4496-4496  ViewRootIm...nActivity] com.fishit.player.v2                 I  ViewPostIme pointer 1
2026-01-28 14:34:33.767  4496-4496  ViewRootIm...nActivity] com.fishit.player.v2                 I  ViewPostIme pointer 0
2026-01-28 14:34:33.864  4496-4496  ViewRootIm...nActivity] com.fishit.player.v2                 I  ViewPostIme pointer 1
2026-01-28 14:34:33.866  4496-4496  DebugViewModel          com.fishit.player.v2                 I  User triggered: Force Rescan (enqueueForceRescan)
2026-01-28 14:34:33.868  4496-4496  CatalogSyncScheduler    com.fishit.player.v2                 D  Enqueueing FORCE_RESCAN sync
2026-01-28 14:34:33.886  4496-4552  WM-SystemJobScheduler   com.fishit.player.v2                 D  Scheduling work ID f80f2007-c411-455d-9b41-37447b812570Job ID 5
2026-01-28 14:34:33.891  4496-4552  WM-GreedyScheduler      com.fishit.player.v2                 D  Starting work for f80f2007-c411-455d-9b41-37447b812570
2026-01-28 14:34:33.896  4496-4552  WM-Processor            com.fishit.player.v2                 D  Processor: processing WorkGenerationalId(workSpecId=f80f2007-c411-455d-9b41-37447b812570, generation=0)
2026-01-28 14:34:33.935  4496-4496  WM-WorkerWrapper        com.fishit.player.v2                 D  Starting work for com.fishit.player.v2.work.CatalogSyncOrchestratorWorker
2026-01-28 14:34:33.936  4496-4530  CatalogSyn...atorWorker com.fishit.player.v2                 I  START sync_run_id=91a4ac3e-8822-43d6-a8e9-6d6501bb309f mode=force_rescan
2026-01-28 14:34:33.938  4496-4530  RuntimeGuards           com.fishit.player.v2                 D  Manual sync (force_rescan) - skipping battery guard (level=100%)
2026-01-28 14:34:33.939  4496-4530  CatalogSyn...atorWorker com.fishit.player.v2                 I  Active sources check: [XTREAM] (isEmpty=false)
2026-01-28 14:34:33.939  4496-4530  CatalogSyn...atorWorker com.fishit.player.v2                 D  Active sources: [XTREAM] (TELEGRAM=false, XTREAM=true, IO=false)
2026-01-28 14:34:33.940  4496-4496  WM-SystemJobService     com.fishit.player.v2                 D  onStartJob for WorkGenerationalId(workSpecId=f80f2007-c411-455d-9b41-37447b812570, generation=0)
2026-01-28 14:34:33.941  4496-4530  CatalogSyn...atorWorker com.fishit.player.v2                 D  Enqueued Xtream chain: work_name=catalog_sync_global_xtream policy=KEEP workers=2
2026-01-28 14:34:33.941  4496-4530  CatalogSyn...atorWorker com.fishit.player.v2                 D  Telegram not in active sources - skipping Telegram workers
2026-01-28 14:34:33.942  4496-4530  CatalogSyn...atorWorker com.fishit.player.v2                 D  📊 WorkInfo chains enqueued:
[XTREAM] work_name=catalog_sync_global_xtream → ENQUEUED
Use 'adb shell dumpsys jobscheduler' or WorkManager Inspector for detailed state
2026-01-28 14:34:33.942  4496-4530  CatalogSyn...atorWorker com.fishit.player.v2                 I  CHAINS_ENQUEUED duration_ms=6 policy=KEEP sources=XTREAM (downstream workers will report completion)
2026-01-28 14:34:33.943  4496-4554  WM-Processor            com.fishit.player.v2                 D  Work WorkGenerationalId(workSpecId=f80f2007-c411-455d-9b41-37447b812570, generation=0) is already enqueued for processing
2026-01-28 14:34:33.957  4496-4554  WM-SystemJobScheduler   com.fishit.player.v2                 D  Scheduling work ID 1369f082-d33f-4f14-8bd4-a7dea5600785Job ID 6
2026-01-28 14:34:33.960  4496-4554  WM-GreedyScheduler      com.fishit.player.v2                 D  Starting work for 1369f082-d33f-4f14-8bd4-a7dea5600785
2026-01-28 14:34:33.967  4496-4554  WM-Processor            com.fishit.player.v2                 D  Processor: processing WorkGenerationalId(workSpecId=1369f082-d33f-4f14-8bd4-a7dea5600785, generation=0)
2026-01-28 14:34:33.975  4496-4496  WM-SystemJobService     com.fishit.player.v2                 D  onStartJob for WorkGenerationalId(workSpecId=1369f082-d33f-4f14-8bd4-a7dea5600785, generation=0)
2026-01-28 14:34:33.976  4496-4496  WorkManage...teObserver com.fishit.player.v2                 D  Sync state: RUNNING | id=f80f2007 | attempts=1 | tags=[catalog_sync, worker/CatalogSyncOrchestratorWorker, mode_force_rescan, com.fishit.player.v2.work.CatalogSyncOrchestratorWorker]
2026-01-28 14:34:33.977  4496-4496  WorkManage...teObserver com.fishit.player.v2                 D  Sync state: RUNNING | id=f80f2007 | attempts=1 | tags=[catalog_sync, worker/CatalogSyncOrchestratorWorker, mode_force_rescan, com.fishit.player.v2.work.CatalogSyncOrchestratorWorker]
2026-01-28 14:34:33.978  4496-4554  WM-WorkerWrapper        com.fishit.player.v2                 I  Worker result SUCCESS for Work [ id=f80f2007-c411-455d-9b41-37447b812570, tags={ com.fishit.player.v2.work.CatalogSyncOrchestratorWorker,catalog_sync,mode_force_rescan,worker/CatalogSyncOrchestratorWorker } ]
2026-01-28 14:34:33.982  4496-4554  WM-Processor            com.fishit.player.v2                 D  Work WorkGenerationalId(workSpecId=1369f082-d33f-4f14-8bd4-a7dea5600785, generation=0) is already enqueued for processing
2026-01-28 14:34:34.006  4496-4496  WM-WorkerWrapper        com.fishit.player.v2                 D  Starting work for com.fishit.player.v2.work.XtreamPreflightWorker
