2026-01-28 14:35:57.478  4496-4705  XtreamCatalogScanWorker com.fishit.player.v2                 D  PROGRESS discovered=8400 persisted=8048 phase=LIVE
2026-01-28 14:35:57.495  4496-5729  XTC                     com.fishit.player.v2                 D  [LIVE] DTO→Raw #2450 | id=xtream:live:140794 | title="DE: See - Reich der Blinden - Premium 24" | sourceType=XTREAM | Fields: ✓[poster] ✗[year, plot, cast, director, backdrop, duration, tmdb]
2026-01-28 14:35:57.514  4496-5729  XTC                     com.fishit.player.v2                 D  [LIVE] DTO→Raw #2500 | id=xtream:live:143675 | title="DE: Bad Blood 24/7" | sourceType=XTREAM | Fields: ✓[poster] ✗[year, plot, cast, director, backdrop, duration, tmdb]
2026-01-28 14:35:57.514  4496-4705  XtreamCatalogScanWorker com.fishit.player.v2                 D  PROGRESS discovered=8500 persisted=8048 phase=null
2026-01-28 14:35:57.514  4496-4705  SyncPerfMetrics         com.fishit.player.v2                 D  Phase LIVE started
2026-01-28 14:35:57.515  4496-4705  XtreamCatalogScanWorker com.fishit.player.v2                 D  PROGRESS discovered=8500 persisted=8048 phase=LIVE
2026-01-28 14:35:57.515  4496-5729  StreamingJsonParser     com.fishit.player.v2                 W  streamInBatches mapper error #1: timeout
2026-01-28 14:35:57.518  4496-5729  XtreamApiClient         com.fishit.player.v2                 D  buildPlayerApiUrl: action=get_live_streams -> konigtv.com/player_api.php
2026-01-28 14:35:57.573  4496-4705  SyncBatchManager        com.fishit.player.v2                 D  Time-based flush for LIVE: 238 items after 3616ms
2026-01-28 14:35:57.574  4496-4705  SyncBatchManager        com.fishit.player.v2                 D  Flushing LIVE batch: 238 items (timeBased=true)
2026-01-28 14:35:57.574  4496-4705  CatalogSyncService      com.fishit.player.v2                 D  Persisting Xtream live batch (NX-ONLY): 238 items
2026-01-28 14:35:57.590  4496-4686  TrafficStats            com.fishit.player.v2                 D  tagSocket(140) with statsTag=0xffffffff, statsUid=-1
2026-01-28 14:35:57.711  4496-5775  TrafficStats            com.fishit.player.v2                 D  tagSocket(141) with statsTag=0xffffffff, statsUid=-1
2026-01-28 14:35:57.776  4496-4648  XtreamApiClient         com.fishit.player.v2                 D  StreamingFetch: Success for konigtv.com/player_api.php, streaming response
2026-01-28 14:35:57.929  4496-4506  ishit.player.v2         com.fishit.player.v2                 I  Background concurrent copying GC freed 616199(28MB) AllocSpace objects, 0(0B) LOS objects, 45% free, 29MB/53MB, paused 87us,135us total 132.529ms
2026-01-28 14:35:57.933  4496-4530  XtreamApiClient         com.fishit.player.v2                 D  StreamingFetch: Success for konigtv.com/player_api.php, streaming response
2026-01-28 14:35:57.934  4496-4530  XtreamApiClient         com.fishit.player.v2                 D  StreamBatch: 0 items in 0 batches (1ms)
2026-01-28 14:35:57.937  4496-4530  XtreamApiClient         com.fishit.player.v2                 D  buildPlayerApiUrl: action=get_movies_streams -> konigtv.com/player_api.php
2026-01-28 14:35:58.011  4496-4652  XtreamApiClient         com.fishit.player.v2                 D  StreamingFetch: Success for konigtv.com/player_api.php, streaming response
2026-01-28 14:35:58.055  4496-4530  XtreamApiClient         com.fishit.player.v2                 D  StreamingFetch: Success for konigtv.com/player_api.php, streaming response
2026-01-28 14:35:58.059  4496-4530  XtreamApiClient         com.fishit.player.v2                 D  StreamBatch: 0 items in 0 batches (2ms)
2026-01-28 14:35:58.065  4496-4530  XtreamApiClient         com.fishit.player.v2                 D  buildPlayerApiUrl: action=get_vod_streams -> konigtv.com/player_api.php
2026-01-28 14:35:58.285  4496-4648  XTC                     com.fishit.player.v2                 D  [SERIES] DTO→Raw #2050 | id=xtream:series:365 | title="4 Blocks" | sourceType=XTREAM | Fields: ✓[plot(424c), cast, poster] ✗[year, director, backdrop, duration, tmdb]
2026-01-28 14:35:58.286  4496-4652  XTC                     com.fishit.player.v2                 D  [LIVE] DTO→Raw #2550 | id=xtream:live:71808 | title="DE: Deluxe Music HEVC" | sourceType=XTREAM | Fields: ✓[poster] ✗[year, plot, cast, director, backdrop, duration, tmdb]
2026-01-28 14:35:58.293  4496-4537  XtreamCatalogScanWorker com.fishit.player.v2                 D  PROGRESS discovered=8600 persisted=8048 phase=null
2026-01-28 14:35:58.298  4496-4648  XTC                     com.fishit.player.v2                 D  [SERIES] DTO→Raw #2100 | id=xtream:series:687 | title="The I-Land" | sourceType=XTREAM | Fields: ✓[plot(471c), cast, poster] ✗[year, director, backdrop, duration, tmdb]
2026-01-28 14:35:58.303  4496-4652  XTC                     com.fishit.player.v2                 D  [LIVE] DTO→Raw #2600 | id=xtream:live:49200 | title="DE: Pro 7 Maxx FHD" | sourceType=XTREAM | Fields: ✓[poster] ✗[year, plot, cast, director, backdrop, duration, tmdb]
2026-01-28 14:35:58.303  4496-4537  SyncPerfMetrics         com.fishit.player.v2                 D  Phase SERIES started
2026-01-28 14:35:58.305  4496-4537  XtreamCatalogScanWorker com.fishit.player.v2                 D  PROGRESS discovered=8684 persisted=8048 phase=SERIES
2026-01-28 14:35:58.306  4496-4537  SyncBatchManager        com.fishit.player.v2                 D  Flushing SERIES batch: 200 items (timeBased=false)
2026-01-28 14:35:58.308  4496-4537  CatalogSyncService      com.fishit.player.v2                 D  Persisting Xtream catalog batch (NX-ONLY): 200 items (canonical_linking=false)
2026-01-28 14:35:58.992  4496-4506  ishit.player.v2         com.fishit.player.v2                 I  Background concurrent copying GC freed 570700(27MB) AllocSpace objects, 0(0B) LOS objects, 46% free, 27MB/51MB, paused 135us,61us total 114.642ms
2026-01-28 14:35:59.321  4496-4530  XtreamApiClient         com.fishit.player.v2                 D  StreamingFetch: Success for konigtv.com/player_api.php, streaming response
2026-01-28 14:36:00.150  4496-4506  ishit.player.v2         com.fishit.player.v2                 I  Background concurrent copying GC freed 588272(27MB) AllocSpace objects, 0(0B) LOS objects, 45% free, 28MB/52MB, paused 96us,64us total 118.098ms
2026-01-28 14:36:01.341  4496-4506  ishit.player.v2         com.fishit.player.v2                 I  Background concurrent copying GC freed 601788(27MB) AllocSpace objects, 0(0B) LOS objects, 46% free, 27MB/51MB, paused 176us,95us total 120.230ms
2026-01-28 14:36:02.546  4496-4506  ishit.player.v2         com.fishit.player.v2                 I  Background concurrent copying GC freed 591196(27MB) AllocSpace objects, 0(0B) LOS objects, 46% free, 27MB/51MB, paused 143us,61us total 121.248ms
2026-01-28 14:36:02.718  4496-4619  CatalogSyncService      com.fishit.player.v2                 D  Xtream batch complete (HOT PATH/NX): ingested=200 total_ms=4411
2026-01-28 14:36:02.719  4496-4619  XtreamCatalogScanWorker com.fishit.player.v2                 D  PROGRESS discovered=8700 persisted=8248 phase=null
2026-01-28 14:36:02.720  4496-4619  SyncPerfMetrics         com.fishit.player.v2                 D  Phase LIVE started
2026-01-28 14:36:02.721  4496-4619  XtreamCatalogScanWorker com.fishit.player.v2                 D  PROGRESS discovered=8723 persisted=8248 phase=LIVE
2026-01-28 14:36:02.725  4496-5802  XTC                     com.fishit.player.v2                 D  [SERIES] DTO→Raw #2150 | id=xtream:series:784 | title="Who Killed Jeffrey Epstein" | sourceType=XTREAM | Fields: ✓[poster] ✗[year, plot, cast, director, backdrop, duration, tmdb]
2026-01-28 14:36:02.727  4496-4530  XtreamCatalogScanWorker com.fishit.player.v2                 D  PROGRESS discovered=8800 persisted=8248 phase=null
2026-01-28 14:36:02.727  4496-4619  XTC                     com.fishit.player.v2                 D  [VOD] DTO→Raw #4050 | id=xtream:vod:801981 | title="Anaconda | 2025 | 6.7" | sourceType=XTREAM | Fields: ✓[year=2025, poster] ✗[plot, cast, director, backdrop, duration, tmdb]
2026-01-28 14:36:02.729  4496-4705  XTC                     com.fishit.player.v2                 D  [LIVE] DTO→Raw #2650 | id=xtream:live:361561 | title="DE: NDR Hamburg" | sourceType=XTREAM | Fields: ✓[poster] ✗[year, plot, cast, director, backdrop, duration, tmdb]
2026-01-28 14:36:02.732  4496-5729  XtreamCatalogScanWorker com.fishit.player.v2                 D  PROGRESS discovered=8900 persisted=8248 phase=null
2026-01-28 14:36:02.733  4496-4619  XTC                     com.fishit.player.v2                 D  [VOD] DTO→Raw #4100 | id=xtream:vod:800634 | title="Whiteout - Überleben ist alles | 2025 | " | sourceType=XTREAM | Fields: ✓[year=2025, poster] ✗[plot, cast, director, backdrop, duration, tmdb]
2026-01-28 14:36:02.735  4496-4653  SyncPerfMetrics         com.fishit.player.v2                 D  Phase MOVIES started
2026-01-28 14:36:02.736  4496-4653  XtreamCatalogScanWorker com.fishit.player.v2                 D  PROGRESS discovered=8927 persisted=8248 phase=VOD
2026-01-28 14:36:02.747  4496-4653  XtreamCatalogScanWorker com.fishit.player.v2                 D  PROGRESS discovered=9000 persisted=8248 phase=null
2026-01-28 14:36:02.748  4496-4619  XTC                     com.fishit.player.v2                 D  [SERIES] DTO→Raw #2200 | id=xtream:series:1141 | title="Godless" | sourceType=XTREAM | Fields: ✓[plot(170c), cast, poster] ✗[year, director, backdrop, duration, tmdb]
2026-01-28 14:36:02.749  4496-4705  SyncPerfMetrics         com.fishit.player.v2                 D  Phase SERIES started
2026-01-28 14:36:02.749  4496-4705  XtreamCatalogScanWorker com.fishit.player.v2                 D  PROGRESS discovered=9027 persisted=8248 phase=SERIES
2026-01-28 14:36:02.752  4496-5802  XTC                     com.fishit.player.v2                 D  [VOD] DTO→Raw #4150 | id=xtream:vod:798830 | title="825 Forest Road | 2025 | 5.9 |" | sourceType=XTREAM | Fields: ✓[year=2025, poster] ✗[plot, cast, director, backdrop, duration, tmdb]
2026-01-28 14:36:02.758  4496-4705  XtreamCatalogScanWorker com.fishit.player.v2                 D  PROGRESS discovered=9100 persisted=8248 phase=null
2026-01-28 14:36:02.762  4496-5729  XTC                     com.fishit.player.v2                 D  [LIVE] DTO→Raw #2700 | id=xtream:live:197779 | title="DE: QVC STYLE TV" | sourceType=XTREAM | Fields: ✓[poster] ✗[year, plot, cast, director, backdrop, duration, tmdb]
2026-01-28 14:36:02.762  4496-4705  SyncPerfMetrics         com.fishit.player.v2                 D  Phase LIVE started
2026-01-28 14:36:02.763  4496-4705  XtreamCatalogScanWorker com.fishit.player.v2                 D  PROGRESS discovered=9136 persisted=8248 phase=LIVE
2026-01-28 14:36:02.764  4496-4619  XTC                     com.fishit.player.v2                 D  [SERIES] DTO→Raw #2250 | id=xtream:series:1344 | title="LOL: Last One Laughing" | sourceType=XTREAM | Fields: ✓[plot(258c), cast, poster] ✗[year, director, backdrop, duration, tmdb]
2026-01-28 14:36:02.764  4496-5802  XTC                     com.fishit.player.v2                 D  [VOD] DTO→Raw #4200 | id=xtream:vod:797304 | title="Frankenstein | 2025 | 7.9 |" | sourceType=XTREAM | Fields: ✓[year=2025, poster] ✗[plot, cast, director, backdrop, duration, tmdb]
2026-01-28 14:36:02.770  4496-5729  SyncPerfMetrics         com.fishit.player.v2                 D  Phase MOVIES started
2026-01-28 14:36:02.770  4496-5729  XtreamCatalogScanWorker com.fishit.player.v2                 D  PROGRESS discovered=9156 persisted=8248 phase=VOD
2026-01-28 14:36:02.772  4496-5729  XtreamCatalogScanWorker com.fishit.player.v2                 D  PROGRESS discovered=9200 persisted=8248 phase=null
2026-01-28 14:36:02.773  4496-4619  XTC                     com.fishit.player.v2                 D  [VOD] DTO→Raw #4250 | id=xtream:vod:794087 | title="Jenseits der blauen Grenze | 2024 | 6.4 " | sourceType=XTREAM | Fields: ✓[year=2024, poster] ✗[plot, cast, director, backdrop, duration, tmdb]
2026-01-28 14:36:02.784  4496-5729  XtreamCatalogScanWorker com.fishit.player.v2                 D  PROGRESS discovered=9300 persisted=8248 phase=null
2026-01-28 14:36:02.786  4496-5729  SyncBatchManager        com.fishit.player.v2                 D  Flushing MOVIES batch: 400 items (timeBased=false)
2026-01-28 14:36:02.786  4496-5729  CatalogSyncService      com.fishit.player.v2                 D  Persisting Xtream catalog batch (NX-ONLY): 400 items (canonical_linking=false)
2026-01-28 14:36:02.787  4496-4619  XTC                     com.fishit.player.v2                 D  [VOD] DTO→Raw #4300 | id=xtream:vod:791360 | title="All of You | 2025 | 6.5 |" | sourceType=XTREAM | Fields: ✓[year=2025, poster] ✗[plot, cast, director, backdrop, duration, tmdb]
2026-01-28 14:36:02.790  4496-4537  XTC                     com.fishit.player.v2                 D  [SERIES] DTO→Raw #2300 | id=xtream:series:1475 | title="Panic" | sourceType=XTREAM | Fields: ✓[plot(526c), cast, poster] ✗[year, director, backdrop, duration, tmdb]
2026-01-28 14:36:05.683  4496-4705  CatalogSyncService      com.fishit.player.v2                 D  Xtream live batch complete (NX): ingested=238 total_ms=8109
2026-01-28 14:36:05.683  4496-4705  CatalogSyncService      com.fishit.player.v2                 D  Time-based flush LIVE: 238 items in 8109ms
2026-01-28 14:36:05.683  4496-4705  SyncBatchManager        com.fishit.player.v2                 D  Time-based flush for SERIES: 181 items after 7377ms
2026-01-28 14:36:05.684  4496-4705  SyncBatchManager        com.fishit.player.v2                 D  Flushing SERIES batch: 181 items (timeBased=true)
2026-01-28 14:36:05.684  4496-4705  CatalogSyncService      com.fishit.player.v2                 D  Persisting Xtream catalog batch (NX-ONLY): 181 items (canonical_linking=false)
2026-01-28 14:36:08.450  4496-4496  ViewRootIm...nActivity] com.fishit.player.v2                 I  ViewPostIme pointer 0
2026-01-28 14:36:08.548  4496-4496  ViewRootIm...nActivity] com.fishit.player.v2                 I  ViewPostIme pointer 1
2026-01-28 14:36:09.426  4496-4496  ViewRootIm...nActivity] com.fishit.player.v2                 I  ViewPostIme pointer 0
2026-01-28 14:36:09.541  4496-4496  ViewRootIm...nActivity] com.fishit.player.v2                 I  ViewPostIme pointer 1
2026-01-28 14:36:10.028  4496-4496  ViewRootIm...nActivity] com.fishit.player.v2                 I  ViewPostIme pointer 0
2026-01-28 14:36:10.149  4496-4705  CatalogSyncService      com.fishit.player.v2                 D  Xtream batch complete (HOT PATH/NX): ingested=181 total_ms=4465
2026-01-28 14:36:10.149  4496-4705  CatalogSyncService      com.fishit.player.v2                 D  Time-based flush SERIES: 181 items in 4465ms
2026-01-28 14:36:10.175  4496-4496  ViewRootIm...nActivity] com.fishit.player.v2                 I  ViewPostIme pointer 1
2026-01-28 14:36:10.350  4496-4530  SyncBatchManager        com.fishit.player.v2                 D  Time-based flush for LIVE: 248 items after 12776ms
2026-01-28 14:36:10.350  4496-4530  SyncBatchManager        com.fishit.player.v2                 D  Flushing LIVE batch: 248 items (timeBased=true)
2026-01-28 14:36:10.351  4496-4530  CatalogSyncService      com.fishit.player.v2                 D  Persisting Xtream live batch (NX-ONLY): 248 items
2026-01-28 14:36:12.363  4496-5729  CatalogSyncService      com.fishit.player.v2                 D  Xtream batch complete (HOT PATH/NX): ingested=400 total_ms=9577
2026-01-28 14:36:12.365  4496-5729  SyncPerfMetrics         com.fishit.player.v2                 D  Phase MOVIES started
2026-01-28 14:36:12.366  4496-4705  XTC                     com.fishit.player.v2                 D  [LIVE] DTO→Raw #2750 | id=xtream:live:67411 | title="DE: Bndliga 7 SD" | sourceType=XTREAM | Fields: ✓[poster] ✗[year, plot, cast, director, backdrop, duration, tmdb]
2026-01-28 14:36:12.366  4496-5729  XtreamCatalogScanWorker com.fishit.player.v2                 D  PROGRESS discovered=9340 persisted=9067 phase=VOD
2026-01-28 14:36:12.367  4496-5729  SyncPerfMetrics         com.fishit.player.v2                 D  Phase SERIES started
2026-01-28 14:36:12.367  4496-5729  XtreamCatalogScanWorker com.fishit.player.v2                 D  PROGRESS discovered=9370 persisted=9067 phase=SERIES
2026-01-28 14:36:12.368  4496-5729  XtreamCatalogScanWorker com.fishit.player.v2                 D  PROGRESS discovered=9400 persisted=9067 phase=null
2026-01-28 14:36:12.377  4496-4530  XTC                     com.fishit.player.v2                 D  [VOD] DTO→Raw #4350 | id=xtream:vod:788976 | title="Was ist Liebe wert - Materialists | 2025" | sourceType=XTREAM | Fields: ✓[year=2025, poster] ✗[plot, cast, director, backdrop, duration, tmdb]
2026-01-28 14:36:12.386  4496-5802  XtreamCatalogScanWorker com.fishit.player.v2                 D  PROGRESS discovered=9500 persisted=9067 phase=null
2026-01-28 14:36:12.387  4496-4705  XTC                     com.fishit.player.v2                 D  [LIVE] DTO→Raw #2800 | id=xtream:live:354423 | title="DE: Bundesliga Tivibu 2 (Türkisch)" | sourceType=XTREAM | Fields: ✓[poster] ✗[year, plot, cast, director, backdrop, duration, tmdb]
2026-01-28 14:36:12.387  4496-5802  SyncPerfMetrics         com.fishit.player.v2                 D  Phase LIVE started
2026-01-28 14:36:12.388  4496-5802  XtreamCatalogScanWorker com.fishit.player.v2                 D  PROGRESS discovered=9509 persisted=9067 phase=LIVE
2026-01-28 14:36:12.389  4496-4653  XTC                     com.fishit.player.v2                 D  [SERIES] DTO→Raw #2350 | id=xtream:series:1604 | title="Monster bei der Arbeit" | sourceType=XTREAM | Fields: ✓[plot(482c), cast, poster] ✗[year, director, backdrop, duration, tmdb]
2026-01-28 14:36:12.394  4496-4530  XTC                     com.fishit.player.v2                 D  [VOD] DTO→Raw #4400 | id=xtream:vod:786362 | title="Checkmates - Ziemlich schräge Figuren | " | sourceType=XTREAM | Fields: ✓[year=2024, poster] ✗[plot, cast, director, backdrop, duration, tmdb]
2026-01-28 14:36:12.397  4496-4619  SyncPerfMetrics         com.fishit.player.v2                 D  Phase MOVIES started
2026-01-28 14:36:12.398  4496-4619  XtreamCatalogScanWorker com.fishit.player.v2                 D  PROGRESS discovered=9587 persisted=9067 phase=VOD
2026-01-28 14:36:12.401  4496-4619  XtreamCatalogScanWorker com.fishit.player.v2                 D  PROGRESS discovered=9600 persisted=9067 phase=null
2026-01-28 14:36:12.406  4496-4705  XTC                     com.fishit.player.v2                 D  [VOD] DTO→Raw #4450 | id=xtream:vod:783657 | title="The Ballad of Wallis Island | 2025 | 7.0" | sourceType=XTREAM | Fields: ✓[year=2025, poster] ✗[plot, cast, director, backdrop, duration, tmdb]
2026-01-28 14:36:12.408  4496-5729  XTC                     com.fishit.player.v2                 D  [LIVE] DTO→Raw #2850 | id=xtream:live:181819 | title="MyTeam TV - 7" | sourceType=XTREAM | Fields: ✓[poster] ✗[year, plot, cast, director, backdrop, duration, tmdb]
2026-01-28 14:36:12.412  4496-5729  XTC                     com.fishit.player.v2                 D  [SERIES] DTO→Raw #2400 | id=xtream:series:1752 | title="The North Water" | sourceType=XTREAM | Fields: ✓[plot(570c), cast, poster] ✗[year, director, backdrop, duration, tmdb]
2026-01-28 14:36:12.415  4496-4619  XtreamCatalogScanWorker com.fishit.player.v2                 D  PROGRESS discovered=9700 persisted=9067 phase=null
2026-01-28 14:36:12.418  4496-4537  XTC                     com.fishit.player.v2                 D  [VOD] DTO→Raw #4500 | id=xtream:vod:780844 | title="Shadow of God | 2025 | 5.0 |" | sourceType=XTREAM | Fields: ✓[year=2025, poster] ✗[plot, cast, director, backdrop, duration, tmdb]
2026-01-28 14:36:12.422  4496-4619  SyncPerfMetrics         com.fishit.player.v2                 D  Phase SERIES started
2026-01-28 14:36:12.423  4496-4619  XtreamCatalogScanWorker com.fishit.player.v2                 D  PROGRESS discovered=9739 persisted=9067 phase=SERIES
2026-01-28 14:36:12.428  4496-4619  SyncPerfMetrics         com.fishit.player.v2                 D  Phase MOVIES started
2026-01-28 14:36:12.429  4496-4619  XtreamCatalogScanWorker com.fishit.player.v2                 D  PROGRESS discovered=9771 persisted=9067 phase=VOD
2026-01-28 14:36:12.431  4496-4653  XTC                     com.fishit.player.v2                 D  [SERIES] DTO→Raw #2450 | id=xtream:series:1972 | title="Tales of Zestiria the X" | sourceType=XTREAM | Fields: ✓[plot(603c), cast, poster] ✗[year, director, backdrop, duration, tmdb]
2026-01-28 14:36:12.433  4496-4619  XtreamCatalogScanWorker com.fishit.player.v2                 D  PROGRESS discovered=9800 persisted=9067 phase=null
2026-01-28 14:36:12.441  4496-4652  XTC                     com.fishit.player.v2                 D  [LIVE] DTO→Raw #2900 | id=xtream:live:795605 | title="DE: DEL2 EVENT 16" | sourceType=XTREAM | Fields: ✓[poster] ✗[year, plot, cast, director, backdrop, duration, tmdb]
2026-01-28 14:36:12.441  4496-4530  SyncPerfMetrics         com.fishit.player.v2                 D  Phase LIVE started
2026-01-28 14:36:12.442  4496-4530  XtreamCatalogScanWorker com.fishit.player.v2                 D  PROGRESS discovered=9878 persisted=9067 phase=LIVE
2026-01-28 14:36:12.446  4496-5729  SyncBatchManager        com.fishit.player.v2                 D  Flushing SERIES batch: 200 items (timeBased=false)
2026-01-28 14:36:12.447  4496-5729  CatalogSyncService      com.fishit.player.v2                 D  Persisting Xtream catalog batch (NX-ONLY): 200 items (canonical_linking=false)
2026-01-28 14:36:12.451  4496-4653  XTC                     com.fishit.player.v2                 D  [SERIES] DTO→Raw #2500 | id=xtream:series:2039 | title="Die Abenteuer des Odysseus" | sourceType=XTREAM | Fields: ✓[plot(841c), cast, poster] ✗[year, director, backdrop, duration, tmdb]
2026-01-28 14:36:12.610  4496-4619  CatalogSyncService      com.fishit.player.v2                 D  Xtream live batch complete (NX): ingested=248 total_ms=2259
2026-01-28 14:36:12.610  4496-4619  CatalogSyncService      com.fishit.player.v2                 D  Time-based flush LIVE: 248 items in 2259ms
2026-01-28 14:36:12.611  4496-4619  SyncBatchManager        com.fishit.player.v2                 D  Time-based flush for MOVIES: 217 items after 9826ms
2026-01-28 14:36:12.611  4496-4619  SyncBatchManager        com.fishit.player.v2                 D  Flushing MOVIES batch: 217 items (timeBased=true)
2026-01-28 14:36:12.611  4496-4619  CatalogSyncService      com.fishit.player.v2                 D  Persisting Xtream catalog batch (NX-ONLY): 217 items (canonical_linking=false)
2026-01-28 14:36:12.694  4496-4506  ishit.player.v2         com.fishit.player.v2                 I  Background concurrent copying GC freed 680944(30MB) AllocSpace objects, 0(0B) LOS objects, 42% free, 31MB/55MB, paused 252us,40us total 227.280ms
2026-01-28 14:36:13.430  4496-5729  CatalogSyncService      com.fishit.player.v2                 D  Xtream batch complete (HOT PATH/NX): ingested=200 total_ms=983
2026-01-28 14:36:13.432  4496-5729  XtreamCatalogScanWorker com.fishit.player.v2                 D  PROGRESS discovered=9900 persisted=9515 phase=null
2026-01-28 14:36:13.432  4496-4537  XTC                     com.fishit.player.v2                 D  [LIVE] DTO→Raw #2950 | id=xtream:live:792958 | title="DE: RTL+ SPORT EVENT 17" | sourceType=XTREAM | Fields: ✓[poster] ✗[year, plot, cast, director, backdrop, duration, tmdb]
2026-01-28 14:36:13.433  4496-5729  SyncPerfMetrics         com.fishit.player.v2                 D  Phase SERIES started
2026-01-28 14:36:13.434  4496-5729  XtreamCatalogScanWorker com.fishit.player.v2                 D  PROGRESS discovered=9924 persisted=9515 phase=SERIES
2026-01-28 14:36:13.439  4496-4537  XtreamCatalogScanWorker com.fishit.player.v2                 D  PROGRESS discovered=10000 persisted=9515 phase=null
2026-01-28 14:36:13.449  4496-5727  XTC                     com.fishit.player.v2                 D  [VOD] DTO→Raw #4550 | id=xtream:vod:779064 | title="Escape - Der unsichtbare Feind | 2024 | " | sourceType=XTREAM | Fields: ✓[year=2024, poster] ✗[plot, cast, director, backdrop, duration, tmdb]
2026-01-28 14:36:13.451  4496-4619  XTC                     com.fishit.player.v2                 D  [SERIES] DTO→Raw #2550 | id=xtream:series:2129 | title="Weihnachtsmann & Co. KG" | sourceType=XTREAM | Fields: ✓[plot(468c), cast, poster] ✗[year, director, backdrop, duration, tmdb]
2026-01-28 14:36:13.457  4496-4537  XtreamCatalogScanWorker com.fishit.player.v2                 D  PROGRESS discovered=10100 persisted=9515 phase=null
2026-01-28 14:36:13.462  4496-4530  XTC                     com.fishit.player.v2                 D  [LIVE] DTO→Raw #3000 | id=xtream:live:797354 | title="DE: DAZN EVENT 26 HD" | sourceType=XTREAM | Fields: ✓[poster] ✗[year, plot, cast, director, backdrop, duration, tmdb]
2026-01-28 14:36:13.465  4496-4619  XTC                     com.fishit.player.v2                 D  [SERIES] DTO→Raw #2600 | id=xtream:series:2346 | title="Shadow and Bone" | sourceType=XTREAM | Fields: ✓[plot(164c), cast, poster] ✗[year, director, backdrop, duration, tmdb]
2026-01-28 14:36:13.468  4496-4537  SyncPerfMetrics         com.fishit.player.v2                 D  Phase LIVE started
2026-01-28 14:36:13.468  4496-4537  XtreamCatalogScanWorker com.fishit.player.v2                 D  PROGRESS discovered=10164 persisted=9515 phase=LIVE
2026-01-28 14:36:13.469  4496-4537  SyncPerfMetrics         com.fishit.player.v2                 D  Phase SERIES started
2026-01-28 14:36:13.470  4496-4537  XtreamCatalogScanWorker com.fishit.player.v2                 D  PROGRESS discovered=10185 persisted=9515 phase=SERIES
2026-01-28 14:36:13.470  4496-4537  XtreamCatalogScanWorker com.fishit.player.v2                 D  PROGRESS discovered=10200 persisted=9515 phase=null
2026-01-28 14:36:13.472  4496-5727  XTC                     com.fishit.player.v2                 D  [VOD] DTO→Raw #4600 | id=xtream:vod:776412 | title="WWE WrestleMania 41: Sunday | 2025 | 6.1" | sourceType=XTREAM | Fields: ✓[year=2025, poster] ✗[plot, cast, director, backdrop, duration, tmdb]
2026-01-28 14:36:13.473  4496-4619  SyncPerfMetrics         com.fishit.player.v2                 D  Phase MOVIES started
2026-01-28 14:36:13.474  4496-4619  XtreamCatalogScanWorker com.fishit.player.v2                 D  PROGRESS discovered=10221 persisted=9515 phase=VOD
2026-01-28 14:36:13.482  4496-5801  XTC                     com.fishit.player.v2                 D  [SERIES] DTO→Raw #2650 | id=xtream:series:2445 | title="And Just Like That…" | sourceType=XTREAM | Fields: ✓[plot(200c), cast, poster] ✗[year, director, backdrop, duration, tmdb]
2026-01-28 14:36:13.486  4496-5729  XtreamCatalogScanWorker com.fishit.player.v2                 D  PROGRESS discovered=10300 persisted=9515 phase=null
2026-01-28 14:36:13.494  4496-5727  XTC                     com.fishit.player.v2                 D  [VOD] DTO→Raw #4650 | id=xtream:vod:773840 | title="Vena | 2024 | 7.7 |" | sourceType=XTREAM | Fields: ✓[year=2024, poster] ✗[plot, cast, director, backdrop, duration, tmdb]
2026-01-28 14:36:13.494  4496-5802  SyncBatchManager        com.fishit.player.v2                 D  Flushing SERIES batch: 200 items (timeBased=false)
2026-01-28 14:36:13.495  4496-5802  CatalogSyncService      com.fishit.player.v2                 D  Persisting Xtream catalog batch (NX-ONLY): 200 items (canonical_linking=false)
2026-01-28 14:36:13.498  4496-4530  XTC                     com.fishit.player.v2                 D  [LIVE] DTO→Raw #3050 | id=xtream:live:744166 | title="DE: DYN SPORT 25" | sourceType=XTREAM | Fields: ✓[poster] ✗[year, plot, cast, director, backdrop, duration, tmdb]
2026-01-28 14:36:13.498  4496-5801  XTC                     com.fishit.player.v2                 D  [SERIES] DTO→Raw #2700 | id=xtream:series:2513 | title="Deep Shit" | sourceType=XTREAM | Fields: ✓[plot(317c), cast, poster] ✗[year, director, backdrop, duration, tmdb]
2026-01-28 14:36:13.778  4496-4506  ishit.player.v2         com.fishit.player.v2                 I  Background concurrent copying GC freed 710951(32MB) AllocSpace objects, 0(0B) LOS objects, 45% free, 28MB/52MB, paused 124us,70us total 159.116ms
2026-01-28 14:36:15.875  4496-5729  CatalogSyncService      com.fishit.player.v2                 D  Xtream batch complete (HOT PATH/NX): ingested=217 total_ms=3264
2026-01-28 14:36:15.875  4496-5729  CatalogSyncService      com.fishit.player.v2                 D  Time-based flush MOVIES: 217 items in 3264ms
2026-01-28 14:36:16.076  4496-5729  SyncBatchManager        com.fishit.player.v2                 D  Time-based flush for LIVE: 287 items after 5726ms
2026-01-28 14:36:16.077  4496-5729  SyncBatchManager        com.fishit.player.v2                 D  Flushing LIVE batch: 287 items (timeBased=true)
2026-01-28 14:36:16.077  4496-5729  CatalogSyncService      com.fishit.player.v2                 D  Persisting Xtream live batch (NX-ONLY): 287 items
2026-01-28 14:36:17.109  4496-5802  CatalogSyncService      com.fishit.player.v2                 D  Xtream batch complete (HOT PATH/NX): ingested=200 total_ms=3614
2026-01-28 14:36:17.112  4496-5802  XtreamCatalogScanWorker com.fishit.player.v2                 D  PROGRESS discovered=10400 persisted=9932 phase=null
2026-01-28 14:36:17.113  4496-5802  SyncPerfMetrics         com.fishit.player.v2                 D  Phase SERIES started
2026-01-28 14:36:17.113  4496-5802  XtreamCatalogScanWorker com.fishit.player.v2                 D  PROGRESS discovered=10410 persisted=9932 phase=SERIES
2026-01-28 14:36:17.115  4496-4619  XTC                     com.fishit.player.v2                 D  [VOD] DTO→Raw #4700 | id=xtream:vod:771263 | title="Old Guy - Alter Hund mit neuen Tricks | " | sourceType=XTREAM | Fields: ✓[year=2024, poster] ✗[plot, cast, director, backdrop, duration, tmdb]
2026-01-28 14:36:17.116  4496-5802  SyncPerfMetrics         com.fishit.player.v2                 D  Phase MOVIES started
2026-01-28 14:36:17.116  4496-5802  XtreamCatalogScanWorker com.fishit.player.v2                 D  PROGRESS discovered=10487 persisted=9932 phase=VOD
2026-01-28 14:36:17.117  4496-5802  XtreamCatalogScanWorker com.fishit.player.v2                 D  PROGRESS discovered=10500 persisted=9932 phase=null
2026-01-28 14:36:17.122  4496-4619  XTC                     com.fishit.player.v2                 D  [VOD] DTO→Raw #4750 | id=xtream:vod:767670 | title="We Live in Time | 2024 | 7.5 |" | sourceType=XTREAM | Fields: ✓[year=2024, poster] ✗[plot, cast, director, backdrop, duration, tmdb]
2026-01-28 14:36:17.122  4496-4705  XTC                     com.fishit.player.v2                 D  [SERIES] DTO→Raw #2750 | id=xtream:series:2569 | title="Sharp Objects" | sourceType=XTREAM | Fields: ✓[plot(599c), cast, poster] ✗[year, director, backdrop, duration, tmdb]
2026-01-28 14:36:17.126  4496-4537  XtreamCatalogScanWorker com.fishit.player.v2                 D  PROGRESS discovered=10600 persisted=9932 phase=null
2026-01-28 14:36:17.128  4496-4619  XTC                     com.fishit.player.v2                 D  [VOD] DTO→Raw #4800 | id=xtream:vod:765621 | title="The Killer | 2024 | 6.4 |" | sourceType=XTREAM | Fields: ✓[year=2024, poster] ✗[plot, cast, director, backdrop, duration, tmdb]
2026-01-28 14:36:17.131  4496-4537  SyncPerfMetrics         com.fishit.player.v2                 D  Phase MOVIES started
2026-01-28 14:36:17.132  4496-4537  XtreamCatalogScanWorker com.fishit.player.v2                 D  PROGRESS discovered=10643 persisted=9932 phase=VOD
2026-01-28 14:36:17.134  4496-4619  XTC                     com.fishit.player.v2                 D  [VOD] DTO→Raw #4850 | id=xtream:vod:763435 | title="Escape: Flucht in die Freiheit | 2024 | " | sourceType=XTREAM | Fields: ✓[year=2024, poster] ✗[plot, cast, director, backdrop, duration, tmdb]
2026-01-28 14:36:17.136  4496-4705  XTC                     com.fishit.player.v2                 D  [SERIES] DTO→Raw #2800 | id=xtream:series:2619 | title="Informer" | sourceType=XTREAM | Fields: ✓[plot(665c), cast, poster] ✗[year, director, backdrop, duration, tmdb]
2026-01-28 14:36:17.138  4496-4537  XtreamCatalogScanWorker com.fishit.player.v2                 D  PROGRESS discovered=10700 persisted=9932 phase=null
2026-01-28 14:36:17.140  4496-4537  SyncPerfMetrics         com.fishit.player.v2                 D  Phase SERIES started
2026-01-28 14:36:17.140  4496-4537  XtreamCatalogScanWorker com.fishit.player.v2                 D  PROGRESS discovered=10744 persisted=9932 phase=SERIES
2026-01-28 14:36:17.142  4496-4530  XTC                     com.fishit.player.v2                 D  [VOD] DTO→Raw #4900 | id=xtream:vod:761313 | title="Blitz | 2024 | 5.2 |" | sourceType=XTREAM | Fields: ✓[year=2024, poster] ✗[plot, cast, director, backdrop, duration, tmdb]
2026-01-28 14:36:17.142  4496-5802  SyncBatchManager        com.fishit.player.v2                 D  Flushing MOVIES batch: 400 items (timeBased=false)
2026-01-28 14:36:17.143  4496-5802  CatalogSyncService      com.fishit.player.v2                 D  Persisting Xtream catalog batch (NX-ONLY): 400 items (canonical_linking=false)
2026-01-28 14:36:26.602  4496-5801  CatalogSyncService      com.fishit.player.v2                 D  Xtream live batch complete (NX): ingested=287 total_ms=10525
2026-01-28 14:36:26.602  4496-5801  CatalogSyncService      com.fishit.player.v2                 D  Time-based flush LIVE: 287 items in 10525ms
2026-01-28 14:36:26.602  4496-5801  SyncBatchManager        com.fishit.player.v2                 D  Time-based flush for SERIES: 133 items after 13108ms
2026-01-28 14:36:26.603  4496-5801  SyncBatchManager        com.fishit.player.v2                 D  Flushing SERIES batch: 133 items (timeBased=true)
2026-01-28 14:36:26.603  4496-5801  CatalogSyncService      com.fishit.player.v2                 D  Persisting Xtream catalog batch (NX-ONLY): 133 items (canonical_linking=false)
2026-01-28 14:36:29.663  4496-5802  CatalogSyncService      com.fishit.player.v2                 D  Xtream batch complete (HOT PATH/NX): ingested=133 total_ms=3060
2026-01-28 14:36:29.664  4496-5802  CatalogSyncService      com.fishit.player.v2                 D  Time-based flush SERIES: 133 items in 3060ms
2026-01-28 14:36:29.865  4496-4653  SyncBatchManager        com.fishit.player.v2                 D  Time-based flush for LIVE: 47 items after 13788ms
2026-01-28 14:36:29.865  4496-4653  SyncBatchManager        com.fishit.player.v2                 D  Flushing LIVE batch: 47 items (timeBased=true)
2026-01-28 14:36:29.865  4496-4653  CatalogSyncService      com.fishit.player.v2                 D  Persisting Xtream live batch (NX-ONLY): 47 items
2026-01-28 14:36:31.357  4496-5802  CatalogSyncService      com.fishit.player.v2                 D  Xtream batch complete (HOT PATH/NX): ingested=400 total_ms=14214
2026-01-28 14:36:31.357  4496-5802  XtreamCatalogScanWorker com.fishit.player.v2                 D  PROGRESS discovered=10800 persisted=10752 phase=null
2026-01-28 14:36:31.358  4496-5802  SyncPerfMetrics         com.fishit.player.v2                 D  Phase MOVIES started
2026-01-28 14:36:31.358  4496-5802  XtreamCatalogScanWorker com.fishit.player.v2                 D  PROGRESS discovered=10800 persisted=10752 phase=VOD
2026-01-28 14:36:31.360  4496-5801  XTC                     com.fishit.player.v2                 D  [VOD] DTO→Raw #4950 | id=xtream:vod:756534 | title="Libre | 2024 | 5.9 |" | sourceType=XTREAM | Fields: ✓[year=2024, poster] ✗[plot, cast, director, backdrop, duration, tmdb]
2026-01-28 14:36:31.364  4496-5727  XtreamCatalogScanWorker com.fishit.player.v2                 D  PROGRESS discovered=10900 persisted=10752 phase=null
2026-01-28 14:36:31.368  4496-4619  XTC                     com.fishit.player.v2                 D  [LIVE] DTO→Raw #3100 | id=xtream:live:121760 | title="DE: Spiegel TV Wissen RAW" | sourceType=XTREAM | Fields: ✓[poster] ✗[year, plot, cast, director, backdrop, duration, tmdb]
2026-01-28 14:36:31.368  4496-5727  SyncPerfMetrics         com.fishit.player.v2                 D  Phase LIVE started
2026-01-28 14:36:31.369  4496-4705  XTC                     com.fishit.player.v2                 D  [SERIES] DTO→Raw #2850 | id=xtream:series:2670 | title="The Sniffer" | sourceType=XTREAM | Fields: ✓[cast, poster] ✗[year, plot, director, backdrop, duration, tmdb]
2026-01-28 14:36:31.370  4496-5727  XtreamCatalogScanWorker com.fishit.player.v2                 D  PROGRESS discovered=10918 persisted=10752 phase=LIVE
2026-01-28 14:36:31.377  4496-5801  XTC                     com.fishit.player.v2                 D  [VOD] DTO→Raw #5000 | id=xtream:vod:755046 | title="Arcadian | 2024 | 6.0 |" | sourceType=XTREAM | Fields: ✓[year=2024, poster] ✗[plot, cast, director, backdrop, duration, tmdb]
2026-01-28 14:36:31.378  4496-5801  StreamingJsonParser     com.fishit.player.v2                 W  streamInBatches mapper error #1: timeout
2026-01-28 14:36:31.379  4496-5727  SyncPerfMetrics         com.fishit.player.v2                 D  Phase MOVIES started
2026-01-28 14:36:31.380  4496-5727  XtreamCatalogScanWorker com.fishit.player.v2                 D  PROGRESS discovered=10993 persisted=10752 phase=VOD
2026-01-28 14:36:31.381  4496-5801  XtreamApiClient         com.fishit.player.v2                 D  buildPlayerApiUrl: action=get_movie_streams -> konigtv.com/player_api.php
2026-01-28 14:36:31.382  4496-5727  XtreamCatalogScanWorker com.fishit.player.v2                 D  PROGRESS discovered=11000 persisted=10752 phase=null
2026-01-28 14:36:31.385  4496-4619  XTC                     com.fishit.player.v2                 D  [LIVE] DTO→Raw #3150 | id=xtream:live:48858 | title="DE: Sky Cinema Highlights FHD" | sourceType=XTREAM | Fields: ✓[poster] ✗[year, plot, cast, director, backdrop, duration, tmdb]
2026-01-28 14:36:31.392  4496-4726  TrafficStats            com.fishit.player.v2                 D  tagSocket(137) with statsTag=0xffffffff, statsUid=-1
2026-01-28 14:36:31.394  4496-4705  XTC                     com.fishit.player.v2                 D  [SERIES] DTO→Raw #2900 | id=xtream:series:2721 | title="Confess" | sourceType=XTREAM | Fields: ✓[cast, poster] ✗[year, plot, director, backdrop, duration, tmdb]
2026-01-28 14:36:31.396  4496-4537  SyncPerfMetrics         com.fishit.player.v2                 D  Phase SERIES started
2026-01-28 14:36:31.397  4496-4537  XtreamCatalogScanWorker com.fishit.player.v2                 D  PROGRESS discovered=11074 persisted=10752 phase=SERIES
2026-01-28 14:36:31.401  4496-4537  XtreamCatalogScanWorker com.fishit.player.v2                 D  PROGRESS discovered=11100 persisted=10752 phase=null
2026-01-28 14:36:31.403  4496-4619  XTC                     com.fishit.player.v2                 D  [LIVE] DTO→Raw #3200 | id=xtream:live:733471 | title="DE: 2 BROKE GIRLS" | sourceType=XTREAM | Fields: ✓[poster] ✗[year, plot, cast, director, backdrop, duration, tmdb]
2026-01-28 14:36:31.406  4496-4537  SyncPerfMetrics         com.fishit.player.v2                 D  Phase LIVE started
2026-01-28 14:36:31.406  4496-4705  XTC                     com.fishit.player.v2                 D  [SERIES] DTO→Raw #2950 | id=xtream:series:2771 | title="Riverdale" | sourceType=XTREAM | Fields: ✓[plot(606c), cast, poster] ✗[year, director, backdrop, duration, tmdb]
2026-01-28 14:36:31.407  4496-4537  XtreamCatalogScanWorker com.fishit.player.v2                 D  PROGRESS discovered=11140 persisted=10752 phase=LIVE
2026-01-28 14:36:31.414  4496-4537  XtreamCatalogScanWorker com.fishit.player.v2                 D  PROGRESS discovered=11200 persisted=10752 phase=null
2026-01-28 14:36:31.418  4496-4705  XTC                     com.fishit.player.v2                 D  [SERIES] DTO→Raw #3000 | id=xtream:series:2822 | title="Bluff City Law" | sourceType=XTREAM | Fields: ✓[cast, poster] ✗[year, plot, director, backdrop, duration, tmdb]
2026-01-28 14:36:31.418  4496-4537  SyncPerfMetrics         com.fishit.player.v2                 D  Phase SERIES started
2026-01-28 14:36:31.419  4496-4705  StreamingJsonParser     com.fishit.player.v2                 W  streamInBatches mapper error #1: timeout
2026-01-28 14:36:31.419  4496-4705  XtreamApiClient         com.fishit.player.v2                 D  streamContentInBatches(get_series): 0 items without category_id (fallback)
2026-01-28 14:36:31.420  4496-4537  XtreamCatalogScanWorker com.fishit.player.v2                 D  PROGRESS discovered=11237 persisted=10752 phase=SERIES
2026-01-28 14:36:31.420  4496-4705  XtreamCatalogPipeline   com.fishit.player.v2                 D  [SERIES] Scan complete: 3000 items
2026-01-28 14:36:31.420  4496-4705  XTC                     com.fishit.player.v2                 I  Phase complete: SERIES | items=3000 | duration=117325ms | rate=25 items/sec
2026-01-28 14:36:31.423  4496-4619  XTC                     com.fishit.player.v2                 D  [LIVE] DTO→Raw #3250 | id=xtream:live:749839 | title="DE: EDGAR WALLACE MIX" | sourceType=XTREAM | Fields: ✓[poster] ✗[year, plot, cast, director, backdrop, duration, tmdb]
2026-01-28 14:36:31.443  4496-4619  XTC                     com.fishit.player.v2                 D  [LIVE] DTO→Raw #3300 | id=xtream:live:729970 | title="DE: POLICE ACADEMY" | sourceType=XTREAM | Fields: ✓[poster] ✗[year, plot, cast, director, backdrop, duration, tmdb]
2026-01-28 14:36:31.443  4496-5802  XtreamCatalogScanWorker com.fishit.player.v2                 D  PROGRESS discovered=11300 persisted=10752 phase=null
2026-01-28 14:36:31.444  4496-5802  SyncPerfMetrics         com.fishit.player.v2                 D  Phase LIVE started
2026-01-28 14:36:31.444  4496-5802  XtreamCatalogScanWorker com.fishit.player.v2                 D  PROGRESS discovered=11300 persisted=10752 phase=LIVE
2026-01-28 14:36:31.463  4496-4619  XTC                     com.fishit.player.v2                 D  [LIVE] DTO→Raw #3350 | id=xtream:live:140923 | title="DE: X-Men HD 24/7" | sourceType=XTREAM | Fields: ✓[poster] ✗[year, plot, cast, director, backdrop, duration, tmdb]
2026-01-28 14:36:31.484  4496-4619  XTC                     com.fishit.player.v2                 D  [LIVE] DTO→Raw #3400 | id=xtream:live:364840 | title="DE: TOM HARDY - 24/7" | sourceType=XTREAM | Fields: ✓[poster] ✗[year, plot, cast, director, backdrop, duration, tmdb]
2026-01-28 14:36:31.485  4496-5727  XtreamCatalogScanWorker com.fishit.player.v2                 D  PROGRESS discovered=11400 persisted=10752 phase=null
2026-01-28 14:36:31.485  4496-5727  SyncPerfMetrics         com.fishit.player.v2                 D  Phase LIVE started
2026-01-28 14:36:31.485  4496-5727  XtreamCatalogScanWorker com.fishit.player.v2                 D  PROGRESS discovered=11400 persisted=10752 phase=LIVE
2026-01-28 14:36:31.505  4496-4619  XTC                     com.fishit.player.v2                 D  [LIVE] DTO→Raw #3450 | id=xtream:live:140794 | title="DE: See - Reich der Blinden - Premium 24" | sourceType=XTREAM | Fields: ✓[poster] ✗[year, plot, cast, director, backdrop, duration, tmdb]
2026-01-28 14:36:31.515  4496-5801  XtreamApiClient         com.fishit.player.v2                 D  StreamingFetch: Success for konigtv.com/player_api.php, streaming response
2026-01-28 14:36:31.519  4496-5801  XtreamApiClient         com.fishit.player.v2                 D  StreamBatch: 0 items in 0 batches (2ms)
2026-01-28 14:36:31.525  4496-5801  XtreamApiClient         com.fishit.player.v2                 D  buildPlayerApiUrl: action=get_movies_streams -> konigtv.com/player_api.php
2026-01-28 14:36:31.526  4496-4619  XTC                     com.fishit.player.v2                 D  [LIVE] DTO→Raw #3500 | id=xtream:live:143675 | title="DE: Bad Blood 24/7" | sourceType=XTREAM | Fields: ✓[poster] ✗[year, plot, cast, director, backdrop, duration, tmdb]
2026-01-28 14:36:31.527  4496-5802  XtreamCatalogScanWorker com.fishit.player.v2                 D  PROGRESS discovered=11500 persisted=10752 phase=null
2026-01-28 14:36:31.527  4496-5802  SyncPerfMetrics         com.fishit.player.v2                 D  Phase LIVE started
2026-01-28 14:36:31.527  4496-5802  XtreamCatalogScanWorker com.fishit.player.v2                 D  PROGRESS discovered=11500 persisted=10752 phase=LIVE
2026-01-28 14:36:31.528  4496-4619  StreamingJsonParser     com.fishit.player.v2                 W  streamInBatches mapper error #1: timeout
2026-01-28 14:36:31.529  4496-4619  XtreamApiClient         com.fishit.player.v2                 D  streamContentInBatches(get_live_streams): 0 items without category_id (fallback)
2026-01-28 14:36:31.529  4496-4619  XtreamCatalogPipeline   com.fishit.player.v2                 D  [LIVE] Scan complete: 3500 channels
2026-01-28 14:36:31.530  4496-4619  XTC                     com.fishit.player.v2                 I  Phase complete: LIVE | items=3500 | duration=117434ms | rate=29 items/sec
2026-01-28 14:36:31.587  4496-4653  CatalogSyncService      com.fishit.player.v2                 D  Xtream live batch complete (NX): ingested=47 total_ms=1722
2026-01-28 14:36:31.588  4496-4653  CatalogSyncService      com.fishit.player.v2                 D  Time-based flush LIVE: 47 items in 1722ms
2026-01-28 14:36:31.588  4496-4653  SyncBatchManager        com.fishit.player.v2                 D  Time-based flush for MOVIES: 100 items after 14446ms
2026-01-28 14:36:31.588  4496-4653  SyncBatchManager        com.fishit.player.v2                 D  Flushing MOVIES batch: 100 items (timeBased=true)
2026-01-28 14:36:31.589  4496-4653  CatalogSyncService      com.fishit.player.v2                 D  Persisting Xtream catalog batch (NX-ONLY): 100 items (canonical_linking=false)
2026-01-28 14:36:31.636  4496-5801  XtreamApiClient         com.fishit.player.v2                 D  StreamingFetch: Success for konigtv.com/player_api.php, streaming response
2026-01-28 14:36:31.637  4496-5801  XtreamApiClient         com.fishit.player.v2                 D  StreamBatch: 0 items in 0 batches (1ms)
2026-01-28 14:36:31.637  4496-5801  XtreamApiClient         com.fishit.player.v2                 D  streamContentInBatches(get_vod_streams): 0 items without category_id (fallback)
2026-01-28 14:36:31.638  4496-5801  XtreamCatalogPipeline   com.fishit.player.v2                 D  [VOD] Scan complete: 5000 items
2026-01-28 14:36:31.639  4496-5801  XTC                     com.fishit.player.v2                 I  Phase complete: VOD | items=5000 | duration=117543ms | rate=42 items/sec
2026-01-28 14:36:31.639  4496-5801  XtreamCatalogPipeline   com.fishit.player.v2                 I  Xtream catalog scan completed: 11500 items (live=3500, vod=5000, series=3000, episodes=0) in 117545ms
2026-01-28 14:36:31.640  4496-5727  SyncBatchManager        com.fishit.player.v2                 D  Flushing LIVE batch: 418 items (timeBased=false)
2026-01-28 14:36:31.641  4496-5727  SyncBatchManager        com.fishit.player.v2                 D  Flushing SERIES batch: 183 items (timeBased=false)
2026-01-28 14:36:31.641  4496-5727  CatalogSyncService      com.fishit.player.v2                 D  Persisting Xtream live batch (NX-ONLY): 418 items
2026-01-28 14:36:31.675  4496-4530  NxCatalogWriter         com.fishit.player.v2                 E  Failed to ingest: Baby Trouble
kotlinx.coroutines.JobCancellationException: StandaloneCoroutine was cancelled; job=StandaloneCoroutine{Cancelling}@784b475
2026-01-28 14:36:31.676  4496-4530  NxCatalogWriter         com.fishit.player.v2                 E  Failed to ingest: Baby Trouble 2
kotlinx.coroutines.JobCancellationException: StandaloneCoroutine was cancelled; job=StandaloneCoroutine{Cancelling}@784b475
2026-01-28 14:36:31.678  4496-4530  NxCatalogWriter         com.fishit.player.v2                 E  Failed to ingest: Parallel
kotlinx.coroutines.JobCancellationException: StandaloneCoroutine was cancelled; job=StandaloneCoroutine{Cancelling}@784b475
2026-01-28 14:36:31.679  4496-4530  NxCatalogWriter         com.fishit.player.v2                 E  Failed to ingest: GTMAX
kotlinx.coroutines.JobCancellationException: StandaloneCoroutine was cancelled; job=StandaloneCoroutine{Cancelling}@784b475
2026-01-28 14:36:31.680  4496-4530  NxCatalogWriter         com.fishit.player.v2                 E  Failed to ingest: The Merry Gentlemen
kotlinx.coroutines.JobCancellationException: StandaloneCoroutine was cancelled; job=StandaloneCoroutine{Cancelling}@784b475
2026-01-28 14:36:31.682  4496-4530  NxCatalogWriter         com.fishit.player.v2                 E  Failed to ingest: Acid: Tödlicher Regen
kotlinx.coroutines.JobCancellationException: StandaloneCoroutine was cancelled; job=StandaloneCoroutine{Cancelling}@784b475
2026-01-28 14:36:31.683  4496-4530  NxCatalogWriter         com.fishit.player.v2                 E  Failed to ingest: The Convert
kotlinx.coroutines.JobCancellationException: StandaloneCoroutine was cancelled; job=StandaloneCoroutine{Cancelling}@784b475
2026-01-28 14:36:31.684  4496-4530  NxCatalogWriter         com.fishit.player.v2                 E  Failed to ingest: All My Friends Are Dead
kotlinx.coroutines.JobCancellationException: StandaloneCoroutine was cancelled; job=StandaloneCoroutine{Cancelling}@784b475
2026-01-28 14:36:31.685  4496-4530  NxCatalogWriter         com.fishit.player.v2                 E  Failed to ingest: Concrete Utopia
kotlinx.coroutines.JobCancellationException: StandaloneCoroutine was cancelled; job=StandaloneCoroutine{Cancelling}@784b475
2026-01-28 14:36:31.686  4496-4530  NxCatalogWriter         com.fishit.player.v2                 E  Failed to ingest: End Times: Tag der Abrechnung
kotlinx.coroutines.JobCancellationException: StandaloneCoroutine was cancelled; job=StandaloneCoroutine{Cancelling}@784b475
2026-01-28 14:36:31.688  4496-4530  NxCatalogWriter         com.fishit.player.v2                 E  Failed to ingest: Jake Paul vs. Mike Tyson
kotlinx.coroutines.JobCancellationException: StandaloneCoroutine was cancelled; job=StandaloneCoroutine{Cancelling}@784b475
