                                                                                                    T@mï¿½Ä–ï¿½}ï¿½ï¿½ï¿½Oï¿½??ï¿½ï¿½Dï¿½RÊ”{Oï¿½i_(ï¿½Ä¯##ï¿½ï¿½ï¿½ï¿½ï¿½ï¿½ï¿½ï¿½~ï¿½'ï¿½ï¿½/ï¿½ï¿½.ï¿½åŸ¿|y \ï¿½dï¿½ï¿½A<ï¿½ï¿½ï¿½ï¿½zr\ï¿½ï¿½ï¿½ï¿½Ë·_|yï¿½ï¿½ï¿½_ï¿½ï¿½Iï¿½ï¿½ï¿½{ï¿½ï¿½ï¿½ï¿½ï¿½ï¿½ï¿½cï¿½ï¿½7ï¿½ï¿½/ï¿½Tï¿½ï¿½ï¿½w.ï¿½#ï¿½ï¿½ï¿½lv?ï¿½ï¿½_ï¿½ï¿½z=IGï¿½ ï¿½xy3~Lï¿½ï¿½~ï¿½ï¿½Ë¯ï¿½ï¿½Ë¯7ï¿½ï¿½eï¿½ï¿½ï¿½ï¿½ï¿½jï¿½^ï¿½]ï¿½ï¿½9ï¿½ï¿½ï¿½ï¿½ï¿½M:eï¿½ï¿½_?zï¿½ï¿½K:dï¿½ï¿½`ï¿½ï¿½sbï¿½Lgï¿½ï¿½xï¿½mï¿½ï¿½/ï¿½ï¿½ï¿½ï¿½ï¿½ï¿½ï¿½İ¿ï¿½ï¿½ï¿½2ï¿½ï¿½=ï¿½;ï¿½\ï¿½ï¿½ï¿½ï¿½ï¿½ï¿½ï¿½Iv9ï¿½ï¿½tï¿½0ï¿½ï¿½ï¿½'ï¿½=xï¿½ï¿½ï¿½ï¿½ï¿½ï¿½ï¿½ï¿½ï¿½ï¿½ï¿½;Êƒï¿½?ï¿½ï¿½Z/ï¿½w{ï¿½gr??:Qï¿½>ï¿½tï¿½Mï¿½ï¿½ï¿½ï¿½Uï¿½_ï¿½ï¿½ï¿½ï¿½xï¿½wD\sFB,"ï¿½ï¿½èƒC8z]8ï¿½Vq1_ï¿½Í…-pï¿½ï¿½ï¿½\Zï¿½ï¿½d6\ï¿½ï¿½|96ï¿½ï¿½ï¿½t2ï¿½ï¿½ï¿½E6rï¿½ï¿½×¥s?Oï¿½o[ï¿½ï¿½<$cCKï¿½ï¿½ï¿½yï¿½ï¿½ÂˆxXĞŸOYï¿½ï¿½ï¿½Ø„ï¿½ï¿½^ï¿½ï¿½ï¿½ï¿½ï¿½â™¦3ï¿½ï¿½Mï¿½ï¿½ï¿½ï¿½p6ï¿½ï¿½_ï¿½ï¿½
2026-01-30 08:30:49.625 22805-22828 XtreamApiClient         com.fishit.player.v2                 D  streamContentInBatches(get_live_streams): 0 items without category_id (fallback)
2026-01-30 08:30:49.627 22805-22828 XtreamCatalogPipeline   com.fishit.player.v2                 D  [LIVE] Scan complete: 0 channels
2026-01-30 08:30:49.628 22805-22828 XTC                     com.fishit.player.v2                 I  Phase complete: LIVE | items=0 | duration=912ms | rate=0 items/sec
2026-01-30 08:30:49.668 22805-22834 XtreamApiClient         com.fishit.player.v2                 D  buildPlayerApiUrl: action=get_series -> konigtv.com/player_api.php
2026-01-30 08:30:50.017 22805-22834 XtreamApiClient         com.fishit.player.v2                 D  StreamingFetch: Success for konigtv.com/player_api.php, streaming response
2026-01-30 08:30:50.021 22805-22834 XtreamApiClient         com.fishit.player.v2                 D  streamFromUrl PREVIEW (500 bytes): ï¿½????????????ï¿½ï¿½ï¿½iwï¿½ï¿½ï¿½.ï¿½Wï¿½ï¿½ï¿½ï¿½ï¿½ï¿½1ï¿½ï¿½Cï¿½ï¿½b3llï¿½ï¿½kï¿½Jï¿½Dï¿½??ï¿½{ï¿½?ï¿½)1ï¿½Tuï¿½ï¿½gï¿½ï¿½ï¿½ï¿½lï¿½Rï¿½ï¿½ï¿½xï¿½ï¿½xï¿½ï¿½ï¿½_ï¿½ï¿½?<ï¿½ï¿½?ï¿½ï¿½cï¿½ï¿½jSï¿½xÄ‚ï¿½Wï¿½<<ï¿½ï¿½0ï¿½ï¿½+S,ï¿½'ï¿½ï¿½ï¿½Q+ï¿½ï¿½ï¿½_ï¿½ï¿½ï¿½ï¿½ï¿½ï¿½:rï¿½ï¿½Ì¿ï¿½ï¿½ï¿½ï¿½ï¿½ï¿½ï¿½Ş–ï¿½ï¿½ï¿½0ï¿½ï¿½ï¿½Uï¿½ï¿½ï¿½<ï¿½6ï¿½ï¿½ï¿½ï¿½ï¿½^ï¿½ï¿½[ï¿½/ï¿½/ï¿½ï¿½ï¿½ï¿½8ï¿½ï¿½ï¿½ï¿½Uï¿½_ï¿½ï¿½&ï¿½pï¿½ï¿½\~ï¿½ï¿½ï¿½]ï¿½ï¿½=ï¿½ydiï¿½Eï¿½MXï¿½,ï¿½eï¿½_t.4ï¿½Zï¿½_ï¿½Xï¿½4ï¿½ï¿½uï¿½iï¿½ï¿½4ï¿½ï¿½ï¿½ï¿½kï¿½ï¿½ï¿½/,ï¿½{ï¿½ï¿½Â¢à«ï¿½ï¿½	ï¿½ï¿½-ï¿½ï¿½{ï¿½ï¿½tï¿½ï¿½ï¿½Ò¦ï¿½ï¿½ï¿½Æ…Çµsï¿½?ï¿½Kï¿½ï¿½ï¿½rï¿½ï¿½ï¿½3ï¿½ï¿½'ï¿½ï¿½ï¿½ap]ï¿½ï¿½ï¿½xï¿½ï¿½Ò¯Cmï¿½j+nï¿½pk#p!ï¿½Oï¿½fï¿½paï¿½_;Nlï¿½yl2=ï¿½ï¿½`OOï¿½ï¿½ï¿½nï¿½ï¿½cï¿½ï¿½ï¿½ï¿½+<Fï¿½[ï¿½ï¿½#ï¿½ï¿½mFpï¿½iï¿½ï¿½ï¿½ï¿½=ï¿½ï¿½ï¿½;ï¿½ï¿½ï¿½ï¿½6ï¿½ï¿½ï¿½aUï¿½!ï¿½ï¿½?;ï¿½ï¿½ï¿½ï¿½ï¿½ï¿½~ï¿½=lYï¿½ï¿½ï¿½ï¿½ï¿½ï¿½ï¿½g^kMï¿½ï¿½ï¿½ï¿½ï¿½ï¿½Ş•ï¿½G{ï¿½ï¿½jï¿½ï¿½
2026-01-30 08:30:50.131 22805-22834 XtreamApiClient         com.fishit.player.v2                 D  streamContentInBatches(get_series): 0 items without category_id (fallback)
2026-01-30 08:30:50.134 22805-22828 XtreamCatalogPipeline   com.fishit.player.v2                 D  [SERIES] Scan complete: 0 items
2026-01-30 08:30:50.135 22805-22828 XTC                     com.fishit.player.v2                 I  Phase complete: SERIES | items=0 | duration=1417ms | rate=0 items/sec
2026-01-30 08:30:50.233 22805-22885 XtreamApiClient         com.fishit.player.v2                 D  StreamingFetch: Success for konigtv.com/player_api.php, streaming response
2026-01-30 08:30:50.236 22805-22885 XtreamApiClient         com.fishit.player.v2                 D  streamFromUrl PREVIEW (500 bytes): ï¿½????????????ï¿½ï¿½ï¿½Ysï¿½:ï¿½ï¿½
                                                                                                    ï¿½ï¿½ï¿½9ï¿½ï¿½ï¿½ï¿½yï¿½ï¿½xï¿½;U)2`ï¿½ï¿½Bxï¿½ï¿½ï¿½ï¿½ï¿½97vï¿½ï¿½:\7ï¿½ï¿½xï¿½ï¿½_-ï¿½ï¿½ï¿½Fï¿½ï¿½ï¿½ï¿½ï¿½ï¿½ï¿½ï¿½1|ï¿½ï¿½ï¿½Tï¿½<Cï¿½ï¿½$ï¿½Gï¿½Eï¿½ï¿½,?ï¿½xï¿½Å†ï¿½ï¿½Naï¿½9?Ø»ï¿½ï¿½ï¿½k=ï¿½hï¿½x}ï¿½ï¿½ï¿½ï¿½Xï¿½ï¿½ï¿½|ï¿½ï¿½ï¿½ï¿½ï¿½ï¿½ï¿½oï¿½ï¿½jï¿½ï¿½dï¿½?ï¿½ï¿½ï¿½$ï¿½ï¿½>ï¿½ï¿½pï¿½ï¿½ï¿½ï¿½ODGG	9ï¿½ï¿½7ï¿½ï¿½ï¿½gï¿½ï¿½p9zÏ›ï¿½ï¿½'ï¿½sï¿½ï¿½Oï¿½yuï¿½O?ï¿½Êˆ0ï¿½ï¿½ï¿½x2,+9~ï¿½Tï¿½C]ï¿½ï¿½äƒ¦ï¿½ï¿½ï¿½ï¿½å’Ÿ J^
                                                                                                    3\ï¿½ï¿½>2L"ï¿½rï¿½ï¿½vï¿½ï¿½G,ï¿½?ï¿½Ë§ï¿½sË¥ï¿½dQS3ï¿½ï¿½ï¿½ï¿½ï¿½ï¿½_'ï¿½Ì„ï¿½K6ï¿½??>9"ï¿½ï¿½>ÃŒeMË‡cÔ˜ï¿½ï¿½ï¿½Ü/ï¿½7ï¿½ï¿½ï¿½ï¿½nÚŒï¿½ï¿½ï¿½9~^ï¿½oï¿½ï¿½ï¿½ï¿½ï¿½??ï¿½"9ï¿½/ï¿½Uï¿½ï¿½{Xï¿½0ï¿½ï¿½v#ï¿½ï¿½Dï¿½ï¿½ï¿½bAï¿½*TÍ¬PYï¿½!+ï¿½ÒŠF3Uï¿½ï¿½Ãï¿½gï¿½{ï¿½ï¿½=Y9ï¿½,ï¿½#ï¿½ï¿½Hï¿½ï¿½ï¿½2Nï¿½ï¿½SXbï¿½aï¿½	'=ï¿½ï¿½]ï¿½Yï¿½
                                                                                                    @NZï¿½ï¿½Vsï¿½lï¿½*ï¿½pï¿½jï¿½ï¿½-ï¿½ï¿½ï¿½Ğªï¿½ï¿½ï¿½aÚšï¿½Mï¿½PC2ĞŠ$
                                                                                                    ï¿½ï¿½
2026-01-30 08:30:50.430 22805-22885 XtreamApiClient         com.fishit.player.v2                 D  buildPlayerApiUrl: action=get_movie_streams -> konigtv.com/player_api.php
2026-01-30 08:30:50.451 22805-22909 TrafficStats            com.fishit.player.v2                 D  tagSocket(88) with statsTag=0xffffffff, statsUid=-1
2026-01-30 08:30:50.658 22805-22885 XtreamApiClient         com.fishit.player.v2                 D  StreamingFetch: Success for konigtv.com/player_api.php, streaming response
2026-01-30 08:30:50.661 22805-22885 XtreamApiClient         com.fishit.player.v2                 D  streamFromUrl PREVIEW (321 bytes): ï¿½????????????ï¿½LPMOï¿½0ï¿½+(ï¿½ï¿½ï¿½]ï¿½ï¿½ï¿½??ï¿½vï¿½??(
                                                                                                    ]ï¿½Vï¿½qï¿½8ï¿½Ä´ï¿½ï¿½ï¿½Dï¿½ï¿½ß‡ï¿½ï¿½ï¿½ï¿½E3ï¿½ï¿½ï¿½x.ï¿½ï¿½ï¿½hï¿½Cï¿½ï¿½z%ï¿½Lï¿½ï¿½âšˆç•/iUï¿½%ï¿½Kï¿½nYï¿½ï¿½ï¿½ï¿½96c/Z5	-ï¿½Dï¿½}ï¿½Ã)wfmï¿½ï¿½ï¿½^Ö…^ï¿½'|Hï¿½`Gï¿½yï¿½=ï¿½M>]ï¿½.:ï¿½ï¿½ï¿½Å³ï¿½ï¿½+ï¿½ï¿½Js{`ï¿½wï¿½ï¿½wGØ“2ï¿½ï¿½fqï¿½Hä›˜ï¿½Üï¿½ï¿½ï¿½Etqï¿½ï¿½ï¿½ï¿½ï¿½[ï¿½ï¿½ï¿½>ï¿½:Dï¿½È†ï¿½ï¿½!ï¿½+Vï¿½ï¿½ï¿½ï¿½" tï¿½XDDï¿½)ï¿½Jz<vï¿½ï¿½7x>ï¿½cï¿½ï¿½ï¿½ï¿½ï¿½ï¿½ï¿½ï¿½ï¿½RE.{:aï¿½Xï¿½Uï¿½+yï¿½.ï¿½ï¿½R/ï¿½Rï¿½yï¿½d[È¶ï¿½ï¿½tï¿½????ï¿½ï¿½??ï¿½Yï¿½ï¿½ï¿½????
2026-01-30 08:30:50.673 22805-22885 XtreamApiClient         com.fishit.player.v2                 D  buildPlayerApiUrl: action=get_movies_streams -> konigtv.com/player_api.php
2026-01-30 08:30:50.861 22805-22885 XtreamApiClient         com.fishit.player.v2                 D  StreamingFetch: Success for konigtv.com/player_api.php, streaming response
2026-01-30 08:30:50.864 22805-22885 XtreamApiClient         com.fishit.player.v2                 D  streamFromUrl PREVIEW (315 bytes): ï¿½????????????ï¿½MPMOï¿½0ï¿½+(ï¿½ï¿½ï¿½]ï¿½ï¿½ï¿½??ï¿½vï¿½??(
                                                                                                    ]ï¿½Vï¿½qï¿½8ï¿½Ä´ï¿½ï¿½ï¿½Dï¿½ï¿½ß‡ï¿½ï¿½ï¿½ï¿½E3ï¿½ï¿½ï¿½x.ï¿½ï¿½ï¿½hï¿½Cï¿½ï¿½z%ï¿½Lï¿½ï¿½âšˆç•/iUï¿½%ï¿½Kï¿½nYï¿½ï¿½ï¿½ï¿½96c/Z5	-ï¿½Dï¿½}ï¿½Ã)wfmï¿½ï¿½ï¿½^Ö…^ï¿½'|Hï¿½`Gï¿½yï¿½=ï¿½M>]ï¿½.:ï¿½ï¿½ï¿½Å³ï¿½ï¿½+ï¿½ï¿½Js{`ï¿½wï¿½ï¿½wGØ“2ï¿½ï¿½fqï¿½Hä›˜ï¿½Üï¿½ï¿½ï¿½Etqï¿½ï¿½ï¿½ï¿½ï¿½[ï¿½ï¿½ï¿½>ï¿½:Dï¿½È†ï¿½ï¿½!ï¿½+Vï¿½ï¿½ï¿½ï¿½" tï¿½XDDï¿½)ï¿½Jz<vï¿½ï¿½7x>ï¿½cï¿½ï¿½ï¿½ï¿½ï¿½ï¿½ï¿½ï¿½ï¿½RE.{:aï¿½Xï¿½Uï¿½+yï¿½.ï¿½ï¿½R/ï¿½Rï¿½yï¿½d[È¶ï¿½ï¿½tï¿½ï¿½Yï¿½ï¿½ï¿½????
2026-01-30 08:30:50.874 22805-22885 XtreamApiClient         com.fishit.player.v2                 D  buildPlayerApiUrl: action=get_vod_streams -> konigtv.com/player_api.php
2026-01-30 08:30:52.120 22805-22885 XtreamApiClient         com.fishit.player.v2                 D  StreamingFetch: Success for konigtv.com/player_api.php, streaming response
2026-01-30 08:30:52.121 22805-22885 XtreamApiClient         com.fishit.player.v2                 D  streamFromUrl PREVIEW (500 bytes): ï¿½????????????ï¿½ï¿½ï¿½]sï¿½8Æ¿Jï¿½ï¿½Bï¿½??ï¿½;ï¿½ï¿½ï¿½ï¿½ï¿½Rï¿½ï¿½'ï¿½Pï¿½ï¿½ï¿½ï¿½ï¿½ï¿½ï¿½/<;pï¿½ï¿½ï¿½ï¿½'Ï“ï¿½ï¿½ï¿½Ä²Pï¿½Wï¿½$ï¿½C*ï¿½Kï¿½ ï¿½ï¿½ï¿½iï¿½ï¿½@ï¿½ï¿½kPï¿½ï¿½Rï¿½P.ï¿½!ï¿½ï¿½ï¿½Ö§ï¿½Qï¿½Hï¿½ï¿½ï¿½ï¿½ï¿½~r"&&zï¿½ï¿½ï¿½ï¿½ï¿½>ï¿½ï¿½!viï¿½ï¿½dYï¿½w^ï¿½ï¿½z<ï¿½ï¿½,/0#ï¿½ï¿½%Mï¿½ï¿½ï¿½(ï¿½ï¿½MFZï¿½_ï¿½aï¿½Äï¿½Fï¿½ï¿½ zï¿½ï¿½bW,ï¿½`ï¿½3W,ï¿½Uï¿½ï¿½ï¿½B_â”ŠZ`ï¿½Iï¿½ï¿½ï¿½/)ï¿½tKï¿½ï¿½|ï¿½ï¿½9uï¿½ï¿½ï¿½Yï¿½ï¿½ï¿½|(bï¿½ï¿½&ï¿½ç”¥ï¿½gï¿½ï¿½zï¿½ï¿½ï¿½Rï¿½ï¿½ï¿½sï¿½x&~Bï¿½Hï¿½,qrï¿½?wï¿½1ï¿½'ï¿½6Mï¿½ï¿½ï¿½g+ï¿½/ï¿½H4FMï¿½ï¿½#4ï¿½r8ï¿½ï¿½1M;ï¿½ï¿½{ï¿½
                                                                                                    ï¿½ï¿½n6ï¿½oÆï¿½ï¿½ï¿½ï¿½Wuï¿½8ï¿½5ï¿½Wï¿½ï¿½ï¿½ï¿½R%Gï¿½Ä±ï¿½Sï¿½ï¿½xY@ï¿½	ï¿½ï¿½ï¿½ï¿½Gï¿½}ï¿½Pï¿½ï¿½jÜ¬Phï¿½å…ï¿½uï¿½ï¿½uï¿½ï¿½JYï¿½ï™¿ï¿½ï¿½"Yxï¿½,*ï¿½Eï¿½Q%Yï¿½Dï¿½Asï¿½ï¿½Mï¿½r@ï¿½	ï¿½å¿Uï¿½ï¿½Zï¿½VIï¿½<N;ï¿½ï¿½Jï¿½ï¿½Zï¿½ï¿½Y6>ï¿½ï¿½ï¿½yï¿½Úï¿½ï¿½Uï¿½DP5ï¿½$ï¿½ï¿½ï¿½>aFï¿½ï¿½C!ÏŒ@p
2026-01-30 08:30:52.240 22805-22885 XtreamApiClient         com.fishit.player.v2                 D  buildPlayerApiUrl: action=get_movie_streams -> konigtv.com/player_api.php
2026-01-30 08:30:52.256 22805-22909 TrafficStats            com.fishit.player.v2                 D  tagSocket(88) with statsTag=0xffffffff, statsUid=-1
2026-01-30 08:30:52.453 22805-22885 XtreamApiClient         com.fishit.player.v2                 D  StreamingFetch: Success for konigtv.com/player_api.php, streaming response
2026-01-30 08:30:52.456 22805-22885 XtreamApiClient         com.fishit.player.v2                 D  streamFromUrl PREVIEW (321 bytes): ï¿½????????????ï¿½LPMOï¿½0ï¿½+(ï¿½ï¿½ï¿½]ï¿½ï¿½ï¿½??ï¿½vï¿½??ï¿½
                                                                                                    ]ï¿½Fï¿½qï¿½8ï¿½Ä´ï¿½ï¿½ï¿½Dï¿½ï¿½ß‡ï¿½ï¿½ï¿½ï¿½ï¿½ï¿½ï¿½ï¿½ï¿½x.ï¿½ï¿½ï¿½hï¿½ï¿½]Bï¿½ï¿½b&ï¿½IiqMï¿½ï¿½JÇ—ï¿½ï¿½Ë’ï¿½É¦dï¿½ï¿½ï¿½cï¿½	ï¿½qï¿½ï¿½ï¿½ï¿½s"ï¿½Gï¿½cï¿½Bï¿½6ï¿½zU/ï¿½B/ï¿½ï¿½Rï¿½Ñ™ï¿½pï¿½fï¿½ï¿½ï¿½ï¿½ï¿½H-ï¿½Öï¿½ï¿½ï¿½ï¿½+ï¿½ï¿½Jss`ï¿½ï¿½ï¿½ï¿½wGØ“2ï¿½ï¿½ï¿½ï¿½dï¿½ï¿½71ï¿½!'ï¿½hï¿½ï¿½ï¿½ï¿½ï¿½#|ï¿½w[ï¿½ï¿½ï¿½>ï¿½:Dï¿½È†ï¿½ï¿½!uWï¿½,ï¿½ï¿½#D@ï¿½ï¿½ï¿½ï¿½ï¿½Sï¿½ï¿½6ï¿½xï¿½ï¿½ï¿½7x>ï¿½cï¿½ï¿½ï¿½ï¿½ï¿½ï¿½ï¿½ï¿½ï¿½RE.{:aï¿½Xï¿½Uï¿½+}ï¿½.ï¿½ï¿½R/ï¿½Rï¿½yï¿½d[È¶ï¿½ï¿½tï¿½????ï¿½ï¿½??>pï¿½ï¿½????
2026-01-30 08:30:52.463 22805-22885 XtreamApiClient         com.fishit.player.v2                 D  buildPlayerApiUrl: action=get_movies_streams -> konigtv.com/player_api.php
2026-01-30 08:30:52.601 22805-22885 XtreamApiClient         com.fishit.player.v2                 D  StreamingFetch: Success for konigtv.com/player_api.php, streaming response
2026-01-30 08:30:52.605 22805-22885 XtreamApiClient         com.fishit.player.v2                 D  streamFromUrl PREVIEW (321 bytes): ï¿½????????????ï¿½LPMOï¿½0ï¿½+(ï¿½ï¿½ï¿½]ï¿½ï¿½ï¿½??ï¿½vï¿½??ï¿½
                                                                                                    ]ï¿½Fï¿½qï¿½8ï¿½Ä´ï¿½ï¿½ï¿½Dï¿½ï¿½ß‡ï¿½ï¿½ï¿½ï¿½ï¿½ï¿½ï¿½ï¿½ï¿½x.ï¿½ï¿½ï¿½hï¿½ï¿½]Bï¿½ï¿½b&ï¿½IiqMï¿½ï¿½JÇ—ï¿½ï¿½Ë’ï¿½É¦dï¿½ï¿½ï¿½cï¿½	ï¿½qï¿½ï¿½ï¿½ï¿½s"ï¿½Gï¿½cï¿½Bï¿½6ï¿½zU/ï¿½B/ï¿½ï¿½Rï¿½Ñ™ï¿½pï¿½fï¿½ï¿½ï¿½ï¿½ï¿½H-ï¿½Öï¿½ï¿½ï¿½ï¿½+ï¿½ï¿½Jss`ï¿½ï¿½ï¿½ï¿½wGØ“2ï¿½ï¿½ï¿½ï¿½dï¿½ï¿½71ï¿½!'ï¿½hï¿½ï¿½ï¿½ï¿½ï¿½#|ï¿½w[ï¿½ï¿½ï¿½>ï¿½:Dï¿½È†ï¿½ï¿½!uWï¿½,ï¿½ï¿½#D@ï¿½ï¿½ï¿½ï¿½ï¿½Sï¿½ï¿½6ï¿½xï¿½ï¿½ï¿½7x>ï¿½cï¿½ï¿½ï¿½ï¿½ï¿½ï¿½ï¿½ï¿½ï¿½RE.{:aï¿½Xï¿½Uï¿½+}ï¿½.ï¿½ï¿½R/ï¿½Rï¿½yï¿½d[È¶ï¿½ï¿½tï¿½????ï¿½ï¿½??>pï¿½ï¿½????
2026-01-30 08:30:52.616 22805-22885 XtreamApiClient         com.fishit.player.v2                 D  buildPlayerApiUrl: action=get_vod_streams -> konigtv.com/player_api.php
2026-01-30 08:30:53.662 22805-22826 ishit.player.v2         com.fishit.player.v2                 I  Explicit concurrent copying GC freed 1095967(38MB) AllocSpace objects, 7(212KB) LOS objects, 49% free, 18MB/36MB, paused 62us,52us total 61.730ms
2026-01-30 08:30:53.868 22805-22885 XtreamApiClient         com.fishit.player.v2                 D  StreamingFetch: Success for konigtv.com/player_api.php, streaming response
2026-01-30 08:30:53.872 22805-22885 XtreamApiClient         com.fishit.player.v2                 D  streamFromUrl PREVIEW (500 bytes): ï¿½????????????ï¿½ï¿½ï¿½Ysï¿½<ï¿½ï¿½
                                                                                                    ï¿½ï¿½4 $ï¿½ï¿½oxï¿½ï¿½xRï¿½ï¿½Alï¿½ï¿½ï¿½ï¿½ï¿½#ï¿½ï¿½ï¿½Nï¿½ï¿½ï¿½ï¿½&ï¿½Kï¿½ï¿½ï¿½Yï¿½ï¿½Hï¿½ï¿½ï¿½Mï¿½ï¿½_Ò'ï¿½}ï¿½ï¿½ï¿½ï¿½yXï¿½5|ï¿½#È¢ï¿½|ï¿½ï¿½~<ï¿½,"ï¿½gï¿½0ï¿½ï¿½\r{Õµï¿½~iï¿½x{ï¿½(ï¿½ï¿½ï¿½Xï¿½zï¿½ï¿½ï¿½ï¿½ï¿½ï¿½Mï¿½ï¿½oï¿½ï¿½ï¿½ï¿½~ï¿½ï¿½ï¿½~ï¿½o?ï¿½Hï¿½1ï¿½ï¿½ï¿½_ï¿½Iï¿½ï¿½ï¿½Oï¿½Orï¿½?mC?4Cï¿½nï¿½ï¿½jï¿½ï¿½ï¿½ï¿½ï¿½oaï¿½Rï¿½ï¿½ï¿½ï¿½ï¿½~?}ï¿½kï¿½ï¿½ï¿½xÂ–ï¿½^?I*Ò¡.ï¿½jï¿½A3bï¿½ï¿½ï¿½ï¿½'ï¿½Ò—Ê°KIï¿½NNï¿½ï¿½Ø½.ï¿½ï¿½ï¿½ï¿½ï¿½ï¿½ï¿½{|ï¿½4nï¿½1ï¿½{$ï¿½ï¿½rxï¿½ï¿ï¿½ï¿½$ï¿½ï¿½	ï¿½nï¿½??~sDï¿½A}ï¿½99ÊšVÇ¸5#qï¿½mï¿½Xï¿½ï¿½7ï¿½Wï¿½ï¿½~ÖOï¿½?9ï¿½^ï¿½ï¿½ï¿½ï¿½ï¿½ï¿½??ï¿½29ï¿½ï¿½uï¿½/ï¿½ï¿½xDï¿½H$ï¿½ï¿½Æ¦Cï¿½0uIDï¿½ï¿½jï¿½ï¿½uï¿½ï¿½ï¿½(ï¿½x<Wehy0ï¿½J[qï¿½ï¿½ï¿½ï¿½d>ï¿½ï¿½ï¿½È¢ï¿½HQï¿½$ï¿½|ï¿½ï¿½ï¿½ï¿½?ï¿½ï¿½<b3ï¿½ï¿½ï¿½cï¿½9ï¿½7V((V-ï¿½j/Ú­}m+ï¿½u:ï¿½%W7Ó¨.gï¿½<ï¿½ï¿½ï¿½?bjHZï¿½Dï¿½
2026-01-30 08:30:54.052 22805-22885 XtreamApiClient         com.fishit.player.v2                 D  buildPlayerApiUrl: action=get_movie_streams -> konigtv.com/player_api.php
2026-01-30 08:30:54.069 22805-22909 TrafficStats            com.fishit.player.v2                 D  tagSocket(88) with statsTag=0xffffffff, statsUid=-1
2026-01-30 08:30:54.322 22805-22910 TrafficStats            com.fishit.player.v2                 D  tagSocket(123) with statsTag=0xffffffff, statsUid=-1
2026-01-30 08:30:54.579 22805-22885 XtreamApiClient         com.fishit.player.v2                 D  StreamingFetch: Success for konigtv.com/player_api.php, streaming response
2026-01-30 08:30:54.582 22805-22885 XtreamApiClient         com.fishit.player.v2                 D  streamFromUrl PREVIEW (315 bytes): ï¿½????????????ï¿½MPMOï¿½0ï¿½+(ï¿½ï¿½ï¿½]ï¿½ï¿½ï¿½??ï¿½vï¿½??ï¿½
                                                                                                    ]ï¿½Fï¿½qï¿½8ï¿½Ä´ï¿½ï¿½ï¿½Dï¿½ï¿½ß‡ï¿½ï¿½ï¿½ï¿½ï¿½ï¿½ï¿½ï¿½ï¿½x.ï¿½ï¿½ï¿½hï¿½ï¿½]Bï¿½ï¿½b&ï¿½IiqMï¿½ï¿½JÇ—ï¿½ï¿½Ë’ï¿½É¦dï¿½ï¿½ï¿½cï¿½	ï¿½qï¿½ï¿½ï¿½ï¿½s"ï¿½Gï¿½cï¿½Bï¿½6ï¿½zU/ï¿½B/ï¿½ï¿½Rï¿½Ñ™ï¿½pï¿½fï¿½ï¿½ï¿½ï¿½ï¿½H-ï¿½Öï¿½ï¿½ï¿½ï¿½+ï¿½ï¿½Jss`ï¿½ï¿½ï¿½ï¿½wGØ“2ï¿½ï¿½ï¿½ï¿½dï¿½ï¿½71ï¿½!'ï¿½hï¿½ï¿½ï¿½ï¿½ï¿½#|ï¿½w[ï¿½ï¿½ï¿½>ï¿½:Dï¿½È†ï¿½ï¿½!uWï¿½,ï¿½ï¿½#D@ï¿½ï¿½ï¿½ï¿½ï¿½Sï¿½ï¿½6ï¿½xï¿½ï¿½ï¿½7x>ï¿½cï¿½ï¿½ï¿½ï¿½ï¿½ï¿½ï¿½ï¿½ï¿½RE.{:aï¿½Xï¿½Uï¿½ï¿½ï¿½B]Pï¿½ï¿½^Ì¥ï¿½ï¿½FÉ¶ï¿½mUï¿½ï¿½ï¿½>ï¿½ï¿½}ï¿½????
2026-01-30 08:30:54.596 22805-22885 XtreamApiClient         com.fishit.player.v2                 D  buildPlayerApiUrl: action=get_movies_streams -> konigtv.com/player_api.php
2026-01-30 08:30:54.756 22805-22885 XtreamApiClient         com.fishit.player.v2                 D  StreamingFetch: Success for konigtv.com/player_api.php, streaming response
2026-01-30 08:30:54.759 22805-22885 XtreamApiClient         com.fishit.player.v2                 D  streamFromUrl PREVIEW (321 bytes): ï¿½????????????ï¿½LPMOï¿½0ï¿½+(ï¿½ï¿½ï¿½]ï¿½ï¿½ï¿½??ï¿½vï¿½??ï¿½
                                                                                                    ]ï¿½Fï¿½qï¿½8ï¿½Ä´ï¿½ï¿½ï¿½Dï¿½ï¿½ß‡ï¿½ï¿½ï¿½ï¿½ï¿½ï¿½ï¿½ï¿½ï¿½x.ï¿½ï¿½ï¿½hï¿½ï¿½]Bï¿½ï¿½b&ï¿½IiqMï¿½ï¿½JÇ—ï¿½ï¿½Ë’ï¿½É¦dï¿½ï¿½ï¿½cï¿½	ï¿½qï¿½ï¿½ï¿½ï¿½s"ï¿½Gï¿½cï¿½Bï¿½6ï¿½zU/ï¿½B/ï¿½ï¿½Rï¿½Ñ™ï¿½pï¿½fï¿½ï¿½ï¿½ï¿½ï¿½H-ï¿½Öï¿½ï¿½ï¿½ï¿½+ï¿½ï¿½Jss`ï¿½ï¿½ï¿½ï¿½wGØ“2ï¿½ï¿½ï¿½ï¿½dï¿½ï¿½71ï¿½!'ï¿½hï¿½ï¿½ï¿½ï¿½ï¿½#|ï¿½w[ï¿½ï¿½ï¿½>ï¿½:Dï¿½È†ï¿½ï¿½!uWï¿½,ï¿½ï¿½#D@ï¿½ï¿½ï¿½ï¿½ï¿½Sï¿½ï¿½6ï¿½xï¿½ï¿½ï¿½7x>ï¿½cï¿½ï¿½ï¿½ï¿½ï¿½ï¿½ï¿½ï¿½ï¿½RE.{:aï¿½Xï¿½Uï¿½ï¿½ï¿½B]Pï¿½ï¿½^Ì¥ï¿½ï¿½FÉ¶ï¿½mUï¿½ï¿½ï¿½????ï¿½ï¿½??>ï¿½ï¿½}ï¿½????
2026-01-30 08:30:54.763 22805-22885 XtreamApiClient         com.fishit.player.v2                 D  streamContentInBatches(get_vod_streams): 0 items without category_id (fallback)
2026-01-30 08:30:54.766 22805-22828 XtreamCatalogPipeline   com.fishit.player.v2                 D  [VOD] Scan complete: 0 items
2026-01-30 08:30:54.767 22805-22828 XTC                     com.fishit.player.v2                 I  Phase complete: VOD | items=0 | duration=6050ms | rate=0 items/sec
2026-01-30 08:30:54.769 22805-22885 XtreamCatalogPipeline   com.fishit.player.v2                 I  Xtream catalog scan completed: 0 items (live=0, vod=0, series=0, episodes=0) in 6056ms
2026-01-30 08:30:54.776 22805-22834 CatalogSyncService      com.fishit.player.v2                 I  Enhanced sync completed:
                                                                                                    === Xtream Catalog Sync Performance Report ===
                                                                                                    Generated: 2026-01-30T07:30:54.772792Z

                                                                                                    === TOTALS ===
                                                                                                      Total Duration: 0ms (0.0s)
                                                                                                      Total Discovered: 0 items
                                                                                                      Total Persisted: 0 items
                                                                                                      Total Errors: 0
                                                                                                      Total Retries: 0
                                                                                                      Memory Variance: 0 MB
2026-01-30 08:30:54.777 22805-22834 XtreamCatalogScanWorker com.fishit.player.v2                 I  Enhanced catalog sync completed: 0 items, advancing to VOD_INFO phase
2026-01-30 08:30:54.788 22805-22834 XtreamCatalogScanWorker com.fishit.player.v2                 I  SUCCESS duration_ms=6091 throughput=0 items/sec | vod=0 series=0 episodes=0 live=0 | backfill_remaining: vod=0 series=0
2026-01-30 08:30:54.789 22805-22834 HomeCacheInvalidator    com.fishit.player.v2                 I  INVALIDATE_ALL source=XTREAM sync_run_id=70c2ed89-ba20-4961-8351-39cb5353be6d
2026-01-30 08:30:54.791 22805-22834 HomeCacheInvalidator    com.fishit.player.v2                 D  Cache invalidated: Home UI will refresh from DB on next query
2026-01-30 08:30:54.825 22805-22885 XtreamCatalogScanWorker com.fishit.player.v2                 D  Saved sync metadata for incremental sync: vod=0 series=0 live=0
2026-01-30 08:30:54.829 22805-22851 WM-WorkerWrapper        com.fishit.player.v2                 I  Worker result SUCCESS for Work [ id=a8a8eccb-0993-4cf6-8fd4-b6c4b6be36a6, tags={ com.fishit.player.v2.work.XtreamCatalogScanWorker,catalog_sync,source_xtream,worker/XtreamCatalogScanWorker } ]
2026-01-30 08:30:54.831 22805-22805 WM-Processor            com.fishit.player.v2                 D  Processor a8a8eccb-0993-4cf6-8fd4-b6c4b6be36a6 executed; reschedule = false
2026-01-30 08:30:54.832 22805-22805 WM-SystemJobService     com.fishit.player.v2                 D  a8a8eccb-0993-4cf6-8fd4-b6c4b6be36a6 executed on JobScheduler
2026-01-30 08:30:54.841 22805-22851 WM-GreedyScheduler      com.fishit.player.v2                 D  Cancelling work ID a8a8eccb-0993-4cf6-8fd4-b6c4b6be36a6
2026-01-30 08:30:54.842 22805-22805 LeakCanary              com.fishit.player.v2                 D  Watching instance of androidx.work.impl.background.systemjob.SystemJobService (androidx.work.impl.background.systemjob.SystemJobService received Service#onDestroy() callback) with key d095a9fe-842f-4134-880b-2509118d5ab3
2026-01-30 08:30:59.897 22805-22826 ishit.player.v2         com.fishit.player.v2                 I  Explicit concurrent copying GC freed 10814(644KB) AllocSpace objects, 0(0B) LOS objects, 49% free, 17MB/35MB, paused 74us,53us total 48.778ms
