2026-01-30 14:50:06.108 29280-29289 ishit.player.v2         com.fishit.player.v2                 I  Background concurrent copying GC freed 467235(23MB) AllocSpace objects, 0(0B) LOS objects, 33% free, 48MB/72MB, paused 148us,41us total 139.397ms
2026-01-30 14:50:06.127 29280-29732 NxCatalogWriter         com.fishit.player.v2                 D  📥 OPTIMIZED ingestBatch START: 400 items
2026-01-30 14:50:06.174 29280-29732 NxWorkRepository        com.fishit.player.v2                 W  Deduped 26 duplicate workKeys in batch (400 → 374)
2026-01-30 14:50:07.013 29280-29513 NxCatalogWriter         com.fishit.player.v2                 D  ✅ OPTIMIZED ingestBatch COMPLETE: 400 items | persist_ms=1076 total_ms=1131 (353 items/sec)
2026-01-30 14:50:07.014 29280-29513 CatalogSyncService      com.fishit.player.v2                 W  Xtream batch (NX): ingested=400 failed=0 hint_warnings=95 ingest_ms=1253 total_ms=1253
2026-01-30 14:50:07.028 29280-29519 XTC                     com.fishit.player.v2                 D  [LIVE] DTO→Raw #10150 | id=xtream:live:349415 | title="AR: Al Basira TV EGY" | sourceType=XTREAM | Fields: ✓[] ✗[year, plot, cast, director, poster, backdrop, duration, tmdb]
2026-01-30 14:50:07.033 29280-29513 CatalogSyncService      com.fishit.player.v2                 D  Persisting Xtream catalog batch (NX-ONLY): 400 items (canonical_linking=true)
2026-01-30 14:50:07.044 29280-29676 XTC                     com.fishit.player.v2                 D  [VOD] DTO→Raw #9400 | id=xtream:vod:408926 | title="Elliot, das Schmunzelmonster (1977)" | sourceType=XTREAM | Fields: ✓[year=1977, poster] ✗[plot, cast, director, backdrop, duration, tmdb]
2026-01-30 14:50:07.047 29280-29761 XTC                     com.fishit.player.v2                 D  [SERIES] DTO→Raw #6050 | id=xtream:series:11166 | title="My Lady Jane" | sourceType=XTREAM | Fields: ✓[plot(167c), cast, poster] ✗[year, director, backdrop, duration, tmdb]
2026-01-30 14:50:07.055 29280-29516 XTC                     com.fishit.player.v2                 D  [LIVE] DTO→Raw #10200 | id=xtream:live:349787 | title="BH: BAHRAIN TV" | sourceType=XTREAM | Fields: ✓[] ✗[year, plot, cast, director, poster, backdrop, duration, tmdb]
2026-01-30 14:50:07.059 29280-29676 XTC                     com.fishit.player.v2                 D  [VOD] DTO→Raw #9450 | id=xtream:vod:408838 | title="American Carnage (2022)" | sourceType=XTREAM | Fields: ✓[year=2022, poster] ✗[plot, cast, director, backdrop, duration, tmdb]
2026-01-30 14:50:07.066 29280-29516 XTC                     com.fishit.player.v2                 D  [LIVE] DTO→Raw #10250 | id=xtream:live:349898 | title="AR PALESTINE" | sourceType=XTREAM | Fields: ✓[poster] ✗[year, plot, cast, director, backdrop, duration, tmdb]
2026-01-30 14:50:07.069 29280-29761 XTC                     com.fishit.player.v2                 D  [SERIES] DTO→Raw #6100 | id=xtream:series:11263 | title="Carl Hiaasen's Bad Monkey" | sourceType=XTREAM | Fields: ✓[plot(210c), cast, poster] ✗[year, director, backdrop, duration, tmdb]
2026-01-30 14:50:07.134 29280-29513 NxCatalogWriter         com.fishit.player.v2                 D  📥 OPTIMIZED ingestBatch START: 400 items
2026-01-30 14:50:07.182 29280-29513 NxWorkRepository        com.fishit.player.v2                 W  Deduped 6 duplicate workKeys in batch (400 → 394)
2026-01-30 14:50:07.184 29280-29730 NxCatalogWriter         com.fishit.player.v2                 D  ✅ OPTIMIZED ingestBatch COMPLETE: 400 items | persist_ms=1334 total_ms=1413 (283 items/sec)
2026-01-30 14:50:07.184 29280-29730 CatalogSyncService      com.fishit.player.v2                 W  Xtream batch (NX): ingested=400 failed=0 hint_warnings=38 ingest_ms=1547 total_ms=1547
2026-01-30 14:50:07.185 29280-29730 CatalogSyncService      com.fishit.player.v2                 D  Consumer#1: 20 batches, 24000 total items
2026-01-30 14:50:07.190 29280-29730 CatalogSyncService      com.fishit.player.v2                 D  Persisting Xtream catalog batch (NX-ONLY): 400 items (canonical_linking=true)
2026-01-30 14:50:07.196 29280-29516 XTC                     com.fishit.player.v2                 D  [LIVE] DTO→Raw #10300 | id=xtream:live:349959 | title="LBY: WTV HD" | sourceType=XTREAM | Fields: ✓[] ✗[year, plot, cast, director, poster, backdrop, duration, tmdb]
2026-01-30 14:50:07.197 29280-29747 XTC                     com.fishit.player.v2                 D  [VOD] DTO→Raw #9500 | id=xtream:vod:408742 | title="Der König der Löwen 3 - Hakuna Matata (2" | sourceType=XTREAM | Fields: ✓[year=2004, poster] ✗[plot, cast, director, backdrop, duration, tmdb]
2026-01-30 14:50:07.203 29280-29761 XtreamCatalogScanWorker com.fishit.player.v2                 D  PROGRESS discovered=25909 persisted=24000 phase=N/A
2026-01-30 14:50:07.210 29280-29516 XTC                     com.fishit.player.v2                 D  [LIVE] DTO→Raw #10350 | id=xtream:live:350011 | title="AR: AL QURAIN" | sourceType=XTREAM | Fields: ✓[] ✗[year, plot, cast, director, poster, backdrop, duration, tmdb]
2026-01-30 14:50:07.224 29280-29516 XTC                     com.fishit.player.v2                 D  [LIVE] DTO→Raw #10400 | id=xtream:live:350063 | title="SY: ALYAWM" | sourceType=XTREAM | Fields: ✓[] ✗[year, plot, cast, director, poster, backdrop, duration, tmdb]
2026-01-30 14:50:07.239 29280-29516 XTC                     com.fishit.player.v2                 D  [LIVE] DTO→Raw #10450 | id=xtream:live:349701 | title="MR MAURITANIA" | sourceType=XTREAM | Fields: ✓[poster] ✗[year, plot, cast, director, backdrop, duration, tmdb]
2026-01-30 14:50:07.246 29280-29676 XTC                     com.fishit.player.v2                 D  [SERIES] DTO→Raw #6150 | id=xtream:series:11369 | title="The Hollow" | sourceType=XTREAM | Fields: ✓[plot(167c), cast, poster, duration=1500000ms] ✗[year, director, backdrop, tmdb]
2026-01-30 14:50:07.251 29280-29516 XTC                     com.fishit.player.v2                 D  [LIVE] DTO→Raw #10500 | id=xtream:live:51024 | title="IR: GEM Series + HD" | sourceType=XTREAM | Fields: ✓[] ✗[year, plot, cast, director, poster, backdrop, duration, tmdb]
2026-01-30 14:50:07.255 29280-29761 XtreamCatalogScanWorker com.fishit.player.v2                 D  PROGRESS discovered=26160 persisted=24000 phase=N/A
2026-01-30 14:50:07.270 29280-29676 XTC                     com.fishit.player.v2                 D  [SERIES] DTO→Raw #6200 | id=xtream:series:11441 | title="Like a Dragon: Yakuza" | sourceType=XTREAM | Fields: ✓[plot(400c), cast, poster] ✗[year, director, backdrop, duration, tmdb]
2026-01-30 14:50:07.291 29280-29289 ishit.player.v2         com.fishit.player.v2                 I  Background young concurrent copying GC freed 324270(10MB) AllocSpace objects, 0(0B) LOS objects, 4% free, 64MB/67MB, paused 154us,74us total 107.291ms
2026-01-30 14:50:07.347 29280-29732 NxCatalogWriter         com.fishit.player.v2                 D  ✅ OPTIMIZED ingestBatch COMPLETE: 400 items | persist_ms=1174 total_ms=1220 (327 items/sec)
2026-01-30 14:50:07.348 29280-29732 CatalogSyncService      com.fishit.player.v2                 W  Xtream batch (NX): ingested=400 failed=0 hint_warnings=110 ingest_ms=1380 total_ms=1381
2026-01-30 14:50:07.349 29280-29730 NxCatalogWriter         com.fishit.player.v2                 D  📥 OPTIMIZED ingestBatch START: 400 items
2026-01-30 14:50:07.349 29280-29732 CatalogSyncService      com.fishit.player.v2                 D  Consumer#2: 20 batches, 24400 total items
2026-01-30 14:50:07.360 29280-29516 XTC                     com.fishit.player.v2                 D  [SERIES] DTO→Raw #6250 | id=xtream:series:11550 | title="Senna" | sourceType=XTREAM | Fields: ✓[plot(167c), cast, poster] ✗[year, director, backdrop, duration, tmdb]
2026-01-30 14:50:07.364 29280-29676 XTC                     com.fishit.player.v2                 D  [LIVE] DTO→Raw #10550 | id=xtream:live:51089 | title="IR: Varzesh HD" | sourceType=XTREAM | Fields: ✓[] ✗[year, plot, cast, director, poster, backdrop, duration, tmdb]
2026-01-30 14:50:07.369 29280-29519 XTC                     com.fishit.player.v2                 D  [VOD] DTO→Raw #9550 | id=xtream:vod:409541 | title="Hundejahre (2021)" | sourceType=XTREAM | Fields: ✓[year=2021, poster] ✗[plot, cast, director, backdrop, duration, tmdb]
2026-01-30 14:50:07.371 29280-29732 CatalogSyncService      com.fishit.player.v2                 D  Persisting Xtream catalog batch (NX-ONLY): 400 items (canonical_linking=true)
2026-01-30 14:50:07.378 29280-29676 XTC                     com.fishit.player.v2                 D  [LIVE] DTO→Raw #10600 | id=xtream:live:363017 | title="AF: Africa News EN" | sourceType=XTREAM | Fields: ✓[] ✗[year, plot, cast, director, poster, backdrop, duration, tmdb]
2026-01-30 14:50:07.390 29280-29676 XTC                     com.fishit.player.v2                 D  [VOD] DTO→Raw #9600 | id=xtream:vod:409480 | title="The Man from Toronto (2022)" | sourceType=XTREAM | Fields: ✓[year=2022, poster] ✗[plot, cast, director, backdrop, duration, tmdb]
2026-01-30 14:50:07.397 29280-29731 XTC                     com.fishit.player.v2                 D  [SERIES] DTO→Raw #6300 | id=xtream:series:11633 | title="The Split – Beziehungsstatus ungeklärt" | sourceType=XTREAM | Fields: ✓[plot(632c), cast, poster, duration=3480000ms] ✗[year, director, backdrop, tmdb]
2026-01-30 14:50:07.400 29280-29519 XTC                     com.fishit.player.v2                 D  [LIVE] DTO→Raw #10650 | id=xtream:live:363067 | title="AF: SOMALI CABLE TV" | sourceType=XTREAM | Fields: ✓[] ✗[year, plot, cast, director, poster, backdrop, duration, tmdb]
2026-01-30 14:50:07.419 29280-29761 XTC                     com.fishit.player.v2                 D  [VOD] DTO→Raw #9650 | id=xtream:vod:409403 | title="Der Hundertjährige, der aus dem Fenster " | sourceType=XTREAM | Fields: ✓[year=2013, poster] ✗[plot, cast, director, backdrop, duration, tmdb]
2026-01-30 14:50:07.462 29280-29730 NxWorkRepository        com.fishit.player.v2                 W  Deduped 3 duplicate workKeys in batch (400 → 397)
2026-01-30 14:50:07.496 29280-29289 ishit.player.v2         com.fishit.player.v2                 I  Background concurrent copying GC freed 583289(28MB) AllocSpace objects, 0(0B) LOS objects, 32% free, 49MB/73MB, paused 150us,70us total 169.746ms
2026-01-30 14:50:07.505 29280-29732 NxCatalogWriter         com.fishit.player.v2                 D  📥 OPTIMIZED ingestBatch START: 400 items
2026-01-30 14:50:08.225 29280-29289 ishit.player.v2         com.fishit.player.v2                 I  Background concurrent copying GC freed 585246(29MB) AllocSpace objects, 0(0B) LOS objects, 32% free, 49MB/73MB, paused 124us,66us total 115.685ms
2026-01-30 14:50:08.647 29280-29732 NxCatalogWriter         com.fishit.player.v2                 D  ✅ OPTIMIZED ingestBatch COMPLETE: 400 items | persist_ms=1094 total_ms=1142 (350 items/sec)
2026-01-30 14:50:08.647 29280-29732 CatalogSyncService      com.fishit.player.v2                 W  Xtream batch (NX): ingested=400 failed=0 hint_warnings=78 ingest_ms=1275 total_ms=1276
2026-01-30 14:50:08.653 29280-29747 XTC                     com.fishit.player.v2                 D  [SERIES] DTO→Raw #6350 | id=xtream:series:11724 | title="Sakamoto Days" | sourceType=XTREAM | Fields: ✓[plot(169c), cast, poster] ✗[year, director, backdrop, duration, tmdb]
2026-01-30 14:50:08.661 29280-29732 CatalogSyncService      com.fishit.player.v2                 D  Persisting Xtream catalog batch (NX-ONLY): 400 items (canonical_linking=true)
2026-01-30 14:50:08.662 29280-29519 XTC                     com.fishit.player.v2                 D  [LIVE] DTO→Raw #10700 | id=xtream:live:370748 | title="IN: 24 News" | sourceType=XTREAM | Fields: ✓[poster] ✗[year, plot, cast, director, backdrop, duration, tmdb]
2026-01-30 14:50:08.682 29280-29519 XTC                     com.fishit.player.v2                 D  [LIVE] DTO→Raw #10750 | id=xtream:live:370798 | title="IN: Captain TV" | sourceType=XTREAM | Fields: ✓[poster] ✗[year, plot, cast, director, backdrop, duration, tmdb]
2026-01-30 14:50:08.686 29280-29540 XTC                     com.fishit.player.v2                 D  [VOD] DTO→Raw #9700 | id=xtream:vod:409343 | title="Die Addams Family (2019)" | sourceType=XTREAM | Fields: ✓[year=2019, poster] ✗[plot, cast, director, backdrop, duration, tmdb]
2026-01-30 14:50:08.702 29280-29747 XTC                     com.fishit.player.v2                 D  [SERIES] DTO→Raw #6400 | id=xtream:series:11815 | title="Hell on Wheels" | sourceType=XTREAM | Fields: ✓[plot(446c), cast, poster, duration=3600000ms] ✗[year, director, backdrop, tmdb]
2026-01-30 14:50:08.707 29280-29519 XTC                     com.fishit.player.v2                 D  [LIVE] DTO→Raw #10800 | id=xtream:live:370848 | title="IN: E 24" | sourceType=XTREAM | Fields: ✓[poster] ✗[year, plot, cast, director, backdrop, duration, tmdb]
2026-01-30 14:50:08.718 29280-29540 XTC                     com.fishit.player.v2                 D  [VOD] DTO→Raw #9750 | id=xtream:vod:430971 | title="Die Stadt die Weihnachten verbannte (200" | sourceType=XTREAM | Fields: ✓[year=2006, poster] ✗[plot, cast, director, backdrop, duration, tmdb]
2026-01-30 14:50:08.723 29280-29519 XTC                     com.fishit.player.v2                 D  [LIVE] DTO→Raw #10850 | id=xtream:live:370898 | title="IN: Jigyasa TV" | sourceType=XTREAM | Fields: ✓[poster] ✗[year, plot, cast, director, backdrop, duration, tmdb]
2026-01-30 14:50:08.768 29280-29730 NxCatalogWriter         com.fishit.player.v2                 D  ✅ OPTIMIZED ingestBatch COMPLETE: 400 items | persist_ms=1307 total_ms=1419 (281 items/sec)
2026-01-30 14:50:08.770 29280-29747 CatalogSyncService      com.fishit.player.v2                 W  Xtream batch (NX): ingested=400 failed=0 hint_warnings=117 ingest_ms=1580 total_ms=1580
2026-01-30 14:50:08.774 29280-29747 CatalogSyncService      com.fishit.player.v2                 D  Persisting Xtream catalog batch (NX-ONLY): 400 items (canonical_linking=true)
2026-01-30 14:50:08.777 29280-29519 XTC                     com.fishit.player.v2                 D  [VOD] DTO→Raw #9800 | id=xtream:vod:431763 | title="Tinkerbell und die Legende vom Nimmerbie" | sourceType=XTREAM | Fields: ✓[year=2014, poster] ✗[plot, cast, director, backdrop, duration, tmdb]
2026-01-30 14:50:08.788 29280-29731 XTC                     com.fishit.player.v2                 D  [SERIES] DTO→Raw #6450 | id=xtream:series:11957 | title="Parallel Me" | sourceType=XTREAM | Fields: ✓[plot(479c), cast, poster] ✗[year, director, backdrop, duration, tmdb]
2026-01-30 14:50:08.791 29280-29519 XTC                     com.fishit.player.v2                 D  [VOD] DTO→Raw #9850 | id=xtream:vod:431706 | title="Alles steht Kopf (2015)" | sourceType=XTREAM | Fields: ✓[year=2015, poster] ✗[plot, cast, director, backdrop, duration, tmdb]
2026-01-30 14:50:08.803 29280-29519 XTC                     com.fishit.player.v2                 D  [VOD] DTO→Raw #9900 | id=xtream:vod:431643 | title="Es ist ein Elch entsprungen (2005)" | sourceType=XTREAM | Fields: ✓[year=2005, poster] ✗[plot, cast, director, backdrop, duration, tmdb]
2026-01-30 14:50:08.811 29280-29519 XTC                     com.fishit.player.v2                 D  [VOD] DTO→Raw #9950 | id=xtream:vod:431582 | title="...und den Weihnachtsmann gibts doch! (1" | sourceType=XTREAM | Fields: ✓[year=1991, poster] ✗[plot, cast, director, backdrop, duration, tmdb]
2026-01-30 14:50:08.817 29280-29732 NxCatalogWriter         com.fishit.player.v2                 D  📥 OPTIMIZED ingestBatch START: 400 items
2026-01-30 14:50:08.821 29280-29519 XTC                     com.fishit.player.v2                 D  [VOD] DTO→Raw #10000 | id=xtream:vod:431415 | title="Scooby-Doo! Das Grusel-Sommercamp (2010)" | sourceType=XTREAM | Fields: ✓[year=2010, poster] ✗[plot, cast, director, backdrop, duration, tmdb]
2026-01-30 14:50:08.823 29280-29730 XtreamCatalogScanWorker com.fishit.player.v2                 D  PROGRESS discovered=27382 persisted=25200 phase=N/A
2026-01-30 14:50:08.826 29280-29541 XTC                     com.fishit.player.v2                 D  [LIVE] DTO→Raw #10900 | id=xtream:live:370948 | title="IN: NDTV 24X7" | sourceType=XTREAM | Fields: ✓[poster] ✗[year, plot, cast, director, backdrop, duration, tmdb]
2026-01-30 14:50:08.849 29280-29731 XTC                     com.fishit.player.v2                 D  [SERIES] DTO→Raw #6500 | id=xtream:series:12080 | title="Mercy for None" | sourceType=XTREAM | Fields: ✓[plot(161c), cast, poster] ✗[year, director, backdrop, duration, tmdb]
2026-01-30 14:50:08.870 29280-29541 XTC                     com.fishit.player.v2                 D  [LIVE] DTO→Raw #10950 | id=xtream:live:370998 | title="IN: Raj Musix Telugu" | sourceType=XTREAM | Fields: ✓[poster] ✗[year, plot, cast, director, backdrop, duration, tmdb]
2026-01-30 14:50:08.882 29280-29289 ishit.player.v2         com.fishit.player.v2                 I  Background young concurrent copying GC freed 271485(9026KB) AllocSpace objects, 0(0B) LOS objects, 0% free, 80MB/80MB, paused 501us,200us total 224.659ms
2026-01-30 14:50:08.911 29280-29732 NxWorkRepository        com.fishit.player.v2                 W  Deduped 6 duplicate workKeys in batch (400 → 394)
2026-01-30 14:50:08.941 29280-29747 NxCatalogWriter         com.fishit.player.v2                 D  📥 OPTIMIZED ingestBatch START: 400 items
2026-01-30 14:50:08.968 29280-29513 NxCatalogWriter         com.fishit.player.v2                 D  ✅ OPTIMIZED ingestBatch COMPLETE: 400 items | persist_ms=1787 total_ms=1834 (218 items/sec)
2026-01-30 14:50:08.969 29280-29513 CatalogSyncService      com.fishit.player.v2                 W  Xtream batch (NX): ingested=400 failed=0 hint_warnings=95 ingest_ms=1936 total_ms=1936
2026-01-30 14:50:08.975 29280-29520 XtreamCatalogScanWorker com.fishit.player.v2                 D  PROGRESS discovered=27432 persisted=25600 phase=N/A
2026-01-30 14:50:08.982 29280-29513 CatalogSyncService      com.fishit.player.v2                 D  Persisting Xtream catalog batch (NX-ONLY): 400 items (canonical_linking=true)
2026-01-30 14:50:08.983 29280-29747 NxWorkRepository        com.fishit.player.v2                 W  Deduped 8 duplicate workKeys in batch (400 → 392)
2026-01-30 14:50:08.991 29280-29519 XTC                     com.fishit.player.v2                 D  [LIVE] DTO→Raw #11000 | id=xtream:live:371048 | title="IN: Sony Wah" | sourceType=XTREAM | Fields: ✓[poster] ✗[year, plot, cast, director, backdrop, duration, tmdb]
2026-01-30 14:50:08.993 29280-29520 XtreamCatalogScanWorker com.fishit.player.v2                 D  PROGRESS discovered=27573 persisted=25600 phase=N/A
2026-01-30 14:50:08.996 29280-29761 XTC                     com.fishit.player.v2                 D  [SERIES] DTO→Raw #6550 | id=xtream:series:12198 | title="Dark Angel" | sourceType=XTREAM | Fields: ✓[plot(685c), cast, poster, duration=3720000ms] ✗[year, director, backdrop, tmdb]
2026-01-30 14:50:08.999 29280-29541 XTC                     com.fishit.player.v2                 D  [VOD] DTO→Raw #10050 | id=xtream:vod:431204 | title="Barbie: Bühne frei für große Träume (202" | sourceType=XTREAM | Fields: ✓[year=2021, poster] ✗[plot, cast, director, backdrop, duration, tmdb]
2026-01-30 14:50:09.030 29280-29541 XTC                     com.fishit.player.v2                 D  [VOD] DTO→Raw #10100 | id=xtream:vod:432539 | title="Der Eisdrache und die Legende der blauen" | sourceType=XTREAM | Fields: ✓[year=2018, poster] ✗[plot, cast, director, backdrop, duration, tmdb]
2026-01-30 14:50:09.032 29280-29519 XTC                     com.fishit.player.v2                 D  [LIVE] DTO→Raw #11050 | id=xtream:live:371098 | title="IN: Utsav Plus" | sourceType=XTREAM | Fields: ✓[poster] ✗[year, plot, cast, director, backdrop, duration, tmdb]
2026-01-30 14:50:09.043 29280-29541 XTC                     com.fishit.player.v2                 D  [VOD] DTO→Raw #10150 | id=xtream:vod:432473 | title="Hotel Transsilvanien (2012)" | sourceType=XTREAM | Fields: ✓[year=2012, poster] ✗[plot, cast, director, backdrop, duration, tmdb]
2026-01-30 14:50:09.045 29280-29289 ishit.player.v2         com.fishit.player.v2                 I  Background concurrent copying GC freed 1041826(46MB) AllocSpace objects, 0(0B) LOS objects, 34% free, 44MB/68MB, paused 74us,146us total 161.796ms
2026-01-30 14:50:09.114 29280-29513 NxCatalogWriter         com.fishit.player.v2                 D  📥 OPTIMIZED ingestBatch START: 400 items
2026-01-30 14:50:09.162 29280-29513 NxWorkRepository        com.fishit.player.v2                 W  Deduped 2 duplicate workKeys in batch (400 → 398)
2026-01-30 14:50:09.606 29280-29747 NxCatalogWriter         com.fishit.player.v2                 D  ✅ OPTIMIZED ingestBatch COMPLETE: 400 items | persist_ms=624 total_ms=665 (601 items/sec)
2026-01-30 14:50:09.607 29280-29730 CatalogSyncService      com.fishit.player.v2                 W  Xtream batch (NX): ingested=400 failed=0 hint_warnings=155 ingest_ms=832 total_ms=833
2026-01-30 14:50:09.611 29280-29730 CatalogSyncService      com.fishit.player.v2                 D  Persisting Xtream catalog batch (NX-ONLY): 400 items (canonical_linking=true)
2026-01-30 14:50:09.612 29280-29520 XTC                     com.fishit.player.v2                 D  [VOD] DTO→Raw #10200 | id=xtream:vod:432351 | title="Luis und die Aliens (2018)" | sourceType=XTREAM | Fields: ✓[year=2018, poster] ✗[plot, cast, director, backdrop, duration, tmdb]
2026-01-30 14:50:09.613 29280-29519 XTC                     com.fishit.player.v2                 D  [LIVE] DTO→Raw #11100 | id=xtream:live:768960 | title="PK: A Sports" | sourceType=XTREAM | Fields: ✓[poster] ✗[year, plot, cast, director, backdrop, duration, tmdb]
2026-01-30 14:50:09.618 29280-29541 XTC                     com.fishit.player.v2                 D  [SERIES] DTO→Raw #6600 | id=xtream:series:12298 | title="English Teacher" | sourceType=XTREAM | Fields: ✓[plot(641c), cast, poster] ✗[year, director, backdrop, duration, tmdb]
2026-01-30 14:50:09.634 29280-29520 XTC                     com.fishit.player.v2                 D  [VOD] DTO→Raw #10250 | id=xtream:vod:801984 | title="Oak | 2025 | 5.5" | sourceType=XTREAM | Fields: ✓[year=2025, poster] ✗[plot, cast, director, backdrop, duration, tmdb]
2026-01-30 14:50:09.641 29280-29520 XTC                     com.fishit.player.v2                 D  [VOD] DTO→Raw #10300 | id=xtream:vod:790809 | title="Blood Relatives | 2022 | 5.5" | sourceType=XTREAM | Fields: ✓[year=2022, poster] ✗[plot, cast, director, backdrop, duration, tmdb]
2026-01-30 14:50:09.643 29280-29541 XTC                     com.fishit.player.v2                 D  [SERIES] DTO→Raw #6650 | id=xtream:series:12421 | title="Animal" | sourceType=XTREAM | Fields: ✓[plot(187c), cast, poster] ✗[year, director, backdrop, duration, tmdb]
2026-01-30 14:50:09.643 29280-29519 XTC                     com.fishit.player.v2                 D  [LIVE] DTO→Raw #11150 | id=xtream:live:769010 | title="PK: Isaac TV" | sourceType=XTREAM | Fields: ✓[poster] ✗[year, plot, cast, director, backdrop, duration, tmdb]
2026-01-30 14:50:09.654 29280-29520 XTC                     com.fishit.player.v2                 D  [VOD] DTO→Raw #10350 | id=xtream:vod:781540 | title="You Shall Not Sleep Tonight | 2024 | 6.5" | sourceType=XTREAM | Fields: ✓[year=2024, poster] ✗[plot, cast, director, backdrop, duration, tmdb]
2026-01-30 14:50:09.663 29280-29513 NxCatalogWriter         com.fishit.player.v2                 D  ✅ OPTIMIZED ingestBatch COMPLETE: 400 items | persist_ms=502 total_ms=549 (728 items/sec)
2026-01-30 14:50:09.664 29280-29513 CatalogSyncService      com.fishit.player.v2                 W  Xtream batch (NX): ingested=400 failed=0 hint_warnings=99 ingest_ms=682 total_ms=682
2026-01-30 14:50:09.667 29280-29731 XTC                     com.fishit.player.v2                 D  [LIVE] DTO→Raw #11200 | id=xtream:live:174550 | title="AFG: Afghanistan International TV" | sourceType=XTREAM | Fields: ✓[poster] ✗[year, plot, cast, director, backdrop, duration, tmdb]
2026-01-30 14:50:09.668 29280-29513 CatalogSyncService      com.fishit.player.v2                 D  Persisting Xtream catalog batch (NX-ONLY): 400 items (canonical_linking=true)
2026-01-30 14:50:09.671 29280-29731 XTC                     com.fishit.player.v2                 D  [VOD] DTO→Raw #10400 | id=xtream:vod:769113 | title="Night of the Witches - Das Hexenritual |" | sourceType=XTREAM | Fields: ✓[year=2024, poster] ✗[plot, cast, director, backdrop, duration, tmdb]
2026-01-30 14:50:09.672 29280-29516 XTC                     com.fishit.player.v2                 D  [SERIES] DTO→Raw #6700 | id=xtream:series:12533 | title="Blade -  Die Jagd geht weiter" | sourceType=XTREAM | Fields: ✓[plot(489c), cast, poster, duration=2700000ms] ✗[year, director, backdrop, tmdb]
2026-01-30 14:50:09.679 29280-29519 XTC                     com.fishit.player.v2                 D  [LIVE] DTO→Raw #11250 | id=xtream:live:199086 | title="IL: History HD" | sourceType=XTREAM | Fields: ✓[poster] ✗[year, plot, cast, director, backdrop, duration, tmdb]
2026-01-30 14:50:09.690 29280-29519 XTC                     com.fishit.player.v2                 D  [LIVE] DTO→Raw #11300 | id=xtream:live:199131 | title="IL: Yes TV Drama FHD" | sourceType=XTREAM | Fields: ✓[poster] ✗[year, plot, cast, director, backdrop, duration, tmdb]
2026-01-30 14:50:09.693 29280-29520 XTC                     com.fishit.player.v2                 D  [VOD] DTO→Raw #10450 | id=xtream:vod:755130 | title="The Mean One | 2022 | 6.8" | sourceType=XTREAM | Fields: ✓[year=2022, poster] ✗[plot, cast, director, backdrop, duration, tmdb]
2026-01-30 14:50:09.701 29280-29516 XTC                     com.fishit.player.v2                 D  [VOD] DTO→Raw #10500 | id=xtream:vod:745176 | title="Medusa’s Venom – Tödliche Verführung | 2" | sourceType=XTREAM | Fields: ✓[year=2023, poster] ✗[plot, cast, director, backdrop, duration, tmdb]
2026-01-30 14:50:09.703 29280-29747 XtreamCatalogScanWorker com.fishit.player.v2                 D  PROGRESS discovered=28572 persisted=26400 phase=N/A
2026-01-30 14:50:09.703 29280-29731 XTC                     com.fishit.player.v2                 D  [SERIES] DTO→Raw #6750 | id=xtream:series:12620 | title="Disney Twisted-Wonderland: Die Serie" | sourceType=XTREAM | Fields: ✓[plot(722c), cast, poster] ✗[year, director, backdrop, duration, tmdb]
2026-01-30 14:50:09.705 29280-29519 XTC                     com.fishit.player.v2                 D  [LIVE] DTO→Raw #11350 | id=xtream:live:175963 | title="TH: True Sport 7" | sourceType=XTREAM | Fields: ✓[poster] ✗[year, plot, cast, director, backdrop, duration, tmdb]
2026-01-30 14:50:09.718 29280-29730 NxCatalogWriter         com.fishit.player.v2                 D  📥 OPTIMIZED ingestBatch START: 400 items
2026-01-30 14:50:09.756 29280-29513 NxCatalogWriter         com.fishit.player.v2                 D  📥 OPTIMIZED ingestBatch START: 400 items
2026-01-30 14:50:09.759 29280-29730 NxWorkRepository        com.fishit.player.v2                 W  Deduped 9 duplicate workKeys in batch (400 → 391)
2026-01-30 14:50:09.810 29280-29513 NxWorkRepository        com.fishit.player.v2                 W  Deduped 1 duplicate workKeys in batch (400 → 399)
2026-01-30 14:50:09.839 29280-29289 ishit.player.v2         com.fishit.player.v2                 I  Background concurrent copying GC freed 897388(40MB) AllocSpace objects, 0(0B) LOS objects, 37% free, 39MB/63MB, paused 66us,72us total 162.391ms
2026-01-30 14:50:09.848 29280-29732 NxCatalogWriter         com.fishit.player.v2                 D  ✅ OPTIMIZED ingestBatch COMPLETE: 400 items | persist_ms=937 total_ms=1031 (387 items/sec)
2026-01-30 14:50:09.849 29280-29732 CatalogSyncService      com.fishit.player.v2                 W  Xtream batch (NX): ingested=400 failed=0 hint_warnings=89 ingest_ms=1187 total_ms=1188
2026-01-30 14:50:09.855 29280-29541 XTC                     com.fishit.player.v2                 D  [LIVE] DTO→Raw #11400 | id=xtream:live:698161 | title="XXX: PORNBOX BANGBUS" | sourceType=XTREAM | Fields: ✓[poster] ✗[year, plot, cast, director, backdrop, duration, tmdb]
2026-01-30 14:50:09.856 29280-29732 CatalogSyncService      com.fishit.player.v2                 D  Persisting Xtream catalog batch (NX-ONLY): 400 items (canonical_linking=true)
2026-01-30 14:50:09.859 29280-29516 XTC                     com.fishit.player.v2                 D  [SERIES] DTO→Raw #6800 | id=xtream:series:12715 | title="The Beauty" | sourceType=XTREAM | Fields: ✓[plot(365c), cast, poster] ✗[year, director, backdrop, duration, tmdb]
2026-01-30 14:50:09.862 29280-29516 XtreamApiClient         com.fishit.player.v2                 D  StreamBatch: 6806 items in 14 batches (25405ms) | errors=0
2026-01-30 14:50:09.862 29280-29516 XtreamApiClient         com.fishit.player.v2                 D  streamContentInBatches(get_series): 6806 items with category_id=*
2026-01-30 14:50:09.863 29280-29731 XtreamCatalogPipeline   com.fishit.player.v2                 D  [SERIES] Scan complete: 6806 items
2026-01-30 14:50:09.864 29280-29731 XTC                     com.fishit.player.v2                 I  Phase complete: SERIES | items=6806 | duration=25909ms | rate=262 items/sec
2026-01-30 14:50:09.864 29280-29520 XTC                     com.fishit.player.v2                 D  [VOD] DTO→Raw #10550 | id=xtream:vod:729897 | title="Trinket Box - Wenn das Böse erwacht | 20" | sourceType=XTREAM | Fields: ✓[year=2023, poster] ✗[plot, cast, director, backdrop, duration, tmdb]
2026-01-30 14:50:09.868 29280-29541 XTC                     com.fishit.player.v2                 D  [LIVE] DTO→Raw #11450 | id=xtream:live:48037 | title="XXX: French Lover" | sourceType=XTREAM | Fields: ✓[] ✗[year, plot, cast, director, poster, backdrop, duration, tmdb]
2026-01-30 14:50:09.874 29280-29541 XTC                     com.fishit.player.v2                 D  [LIVE] DTO→Raw #11500 | id=xtream:live:366547 | title="XXX: Vera BLACKED 9" | sourceType=XTREAM | Fields: ✓[] ✗[year, plot, cast, director, poster, backdrop, duration, tmdb]
2026-01-30 14:50:09.874 29280-29731 XtreamCatalogScanWorker com.fishit.player.v2                 D  PROGRESS discovered=28895 persisted=26800 phase=N/A
2026-01-30 14:50:09.876 29280-29520 XTC                     com.fishit.player.v2                 D  [VOD] DTO→Raw #10600 | id=xtream:vod:672838 | title="Pakt der Wölfe | 2001 | 6.7" | sourceType=XTREAM | Fields: ✓[year=2001, poster] ✗[plot, cast, director, backdrop, duration, tmdb]
2026-01-30 14:50:09.884 29280-29747 XTC                     com.fishit.player.v2                 D  [VOD] DTO→Raw #10650 | id=xtream:vod:656210 | title="Dampyr | 2022 | 6.5" | sourceType=XTREAM | Fields: ✓[year=2022, poster] ✗[plot, cast, director, backdrop, duration, tmdb]
2026-01-30 14:50:09.889 29280-29520 XTC                     com.fishit.player.v2                 D  [LIVE] DTO→Raw #11550 | id=xtream:live:674188 | title="XXX: FAMILY STROKES HD" | sourceType=XTREAM | Fields: ✓[] ✗[year, plot, cast, director, poster, backdrop, duration, tmdb]
2026-01-30 14:50:09.938 29280-29732 NxCatalogWriter         com.fishit.player.v2                 D  📥 OPTIMIZED ingestBatch START: 400 items
2026-01-30 14:50:10.519 29280-29289 ishit.player.v2         com.fishit.player.v2                 I  Background concurrent copying GC freed 389347(22MB) AllocSpace objects, 0(0B) LOS objects, 34% free, 45MB/69MB, paused 52us,41us total 101.012ms
2026-01-30 14:50:10.596 29280-29513 NxCatalogWriter         com.fishit.player.v2                 D  ✅ OPTIMIZED ingestBatch COMPLETE: 400 items | persist_ms=787 total_ms=840 (476 items/sec)
2026-01-30 14:50:10.597 29280-29513 CatalogSyncService      com.fishit.player.v2                 W  Xtream batch (NX): ingested=400 failed=0 hint_warnings=100 ingest_ms=929 total_ms=930
2026-01-30 14:50:10.601 29280-29731 XTC                     com.fishit.player.v2                 D  [LIVE] DTO→Raw #11600 | id=xtream:live:380387 | title="XXX: TRANS PREMIUM 2" | sourceType=XTREAM | Fields: ✓[] ✗[year, plot, cast, director, poster, backdrop, duration, tmdb]
2026-01-30 14:50:10.602 29280-29513 CatalogSyncService      com.fishit.player.v2                 D  Persisting Xtream catalog batch (NX-ONLY): 400 items (canonical_linking=true)
2026-01-30 14:50:10.605 29280-29520 XTC                     com.fishit.player.v2                 D  [VOD] DTO→Raw #10700 | id=xtream:vod:426012 | title="Ghosts of War | 2020 | 6.3" | sourceType=XTREAM | Fields: ✓[year=2020, poster] ✗[plot, cast, director, backdrop, duration, tmdb]
2026-01-30 14:50:10.619 29280-29731 XtreamApiClient         com.fishit.player.v2                 D  StreamBatch: 11627 items in 24 batches (26383ms) | errors=0
2026-01-30 14:50:10.620 29280-29731 XtreamApiClient         com.fishit.player.v2                 D  streamContentInBatches(get_live_streams): 11627 items with category_id=*
2026-01-30 14:50:10.620 29280-29747 XtreamCatalogPipeline   com.fishit.player.v2                 D  [LIVE] Scan complete: 11627 channels
2026-01-30 14:50:10.621 29280-29747 XTC                     com.fishit.player.v2                 I  Phase complete: LIVE | items=11627 | duration=26667ms | rate=436 items/sec
2026-01-30 14:50:10.623 29280-29520 XTC                     com.fishit.player.v2                 D  [VOD] DTO→Raw #10750 | id=xtream:vod:397127 | title="Halloween Ends (2022)" | sourceType=XTREAM | Fields: ✓[year=2022, poster] ✗[plot, cast, director, backdrop, duration, tmdb]
2026-01-30 14:50:10.630 29280-29520 XTC                     com.fishit.player.v2                 D  [VOD] DTO→Raw #10800 | id=xtream:vod:389808 | title="Matriarch (2022)" | sourceType=XTREAM | Fields: ✓[year=2022, poster] ✗[plot, cast, director, backdrop, duration, tmdb]
2026-01-30 14:50:10.645 29280-29520 XTC                     com.fishit.player.v2                 D  [VOD] DTO→Raw #10850 | id=xtream:vod:397201 | title="Freitag der 13. Teil VIII – Todesfalle M" | sourceType=XTREAM | Fields: ✓[year=1989, poster] ✗[plot, cast, director, backdrop, duration, tmdb]
2026-01-30 14:50:10.657 29280-29520 XTC                     com.fishit.player.v2                 D  [VOD] DTO→Raw #10900 | id=xtream:vod:397142 | title="Das Morgan Projekt (2016)" | sourceType=XTREAM | Fields: ✓[year=2016, poster] ✗[plot, cast, director, backdrop, duration, tmdb]
2026-01-30 14:50:10.663 29280-29513 NxCatalogWriter         com.fishit.player.v2                 D  📥 OPTIMIZED ingestBatch START: 400 items
2026-01-30 14:50:10.667 29280-29520 XTC                     com.fishit.player.v2                 D  [VOD] DTO→Raw #10950 | id=xtream:vod:397078 | title="Pulse (2001)" | sourceType=XTREAM | Fields: ✓[year=2001, poster] ✗[plot, cast, director, backdrop, duration, tmdb]
2026-01-30 14:50:10.675 29280-29520 XTC                     com.fishit.player.v2                 D  [VOD] DTO→Raw #11000 | id=xtream:vod:389548 | title="Andy Warhols Dracula (1974)" | sourceType=XTREAM | Fields: ✓[year=1974, poster] ✗[plot, cast, director, backdrop, duration, tmdb]
2026-01-30 14:50:10.698 29280-29513 NxWorkRepository        com.fishit.player.v2                 W  Deduped 2 duplicate workKeys in batch (400 → 398)
2026-01-30 14:50:10.784 29280-29732 NxCatalogWriter         com.fishit.player.v2                 D  ✅ OPTIMIZED ingestBatch COMPLETE: 400 items | persist_ms=800 total_ms=846 (472 items/sec)
2026-01-30 14:50:10.785 29280-29732 CatalogSyncService      com.fishit.player.v2                 W  Xtream batch (NX): ingested=400 failed=0 hint_warnings=73 ingest_ms=928 total_ms=928
2026-01-30 14:50:10.793 29280-29731 XTC                     com.fishit.player.v2                 D  [VOD] DTO→Raw #11050 | id=xtream:vod:389611 | title="Darkwolf (2003)" | sourceType=XTREAM | Fields: ✓[year=2003, poster] ✗[plot, cast, director, backdrop, duration, tmdb]
2026-01-30 14:50:10.793 29280-29761 XtreamCatalogScanWorker com.fishit.player.v2                 D  PROGRESS discovered=29433 persisted=27600 phase=N/A
2026-01-30 14:50:10.804 29280-29732 CatalogSyncService      com.fishit.player.v2                 D  Persisting Xtream catalog batch (NX-ONLY): 400 items (canonical_linking=true)
2026-01-30 14:50:10.807 29280-29731 XTC                     com.fishit.player.v2                 D  [VOD] DTO→Raw #11100 | id=xtream:vod:389669 | title="Eight for Silver (2021)" | sourceType=XTREAM | Fields: ✓[year=2021, poster] ✗[plot, cast, director, backdrop, duration, tmdb]
2026-01-30 14:50:10.828 29280-29731 XTC                     com.fishit.player.v2                 D  [VOD] DTO→Raw #11150 | id=xtream:vod:389730 | title="Haunted Hill (1999)" | sourceType=XTREAM | Fields: ✓[year=1999, poster] ✗[plot, cast, director, backdrop, duration, tmdb]
2026-01-30 14:50:10.844 29280-29731 XTC                     com.fishit.player.v2                 D  [VOD] DTO→Raw #11200 | id=xtream:vod:389792 | title="Lake Placid 3 (2010)" | sourceType=XTREAM | Fields: ✓[year=2010, poster] ✗[plot, cast, director, backdrop, duration, tmdb]
2026-01-30 14:50:10.857 29280-29731 XTC                     com.fishit.player.v2                 D  [VOD] DTO→Raw #11250 | id=xtream:vod:389854 | title="Poltergeist II – Die andere Seite (1986)" | sourceType=XTREAM | Fields: ✓[year=1986, poster] ✗[plot, cast, director, backdrop, duration, tmdb]
2026-01-30 14:50:10.867 29280-29731 XTC                     com.fishit.player.v2                 D  [VOD] DTO→Raw #11300 | id=xtream:vod:389915 | title="Sleeper (2018)" | sourceType=XTREAM | Fields: ✓[year=2018, poster] ✗[plot, cast, director, backdrop, duration, tmdb]
2026-01-30 14:50:10.875 29280-29731 XTC                     com.fishit.player.v2                 D  [VOD] DTO→Raw #11350 | id=xtream:vod:389977 | title="The Encounter at Boundless (2021)" | sourceType=XTREAM | Fields: ✓[year=2021, poster] ✗[plot, cast, director, backdrop, duration, tmdb]
2026-01-30 14:50:10.886 29280-29731 XTC                     com.fishit.player.v2                 D  [VOD] DTO→Raw #11400 | id=xtream:vod:390038 | title="Train to Busan (2016)" | sourceType=XTREAM | Fields: ✓[year=2016, poster] ✗[plot, cast, director, backdrop, duration, tmdb]
2026-01-30 14:50:10.897 29280-29732 NxCatalogWriter         com.fishit.player.v2                 D  📥 OPTIMIZED ingestBatch START: 400 items
2026-01-30 14:50:10.954 29280-29732 NxWorkRepository        com.fishit.player.v2                 W  Deduped 11 duplicate workKeys in batch (400 → 389)
2026-01-30 14:50:11.188 29280-29289 ishit.player.v2         com.fishit.player.v2                 I  Background concurrent copying GC freed 676126(33MB) AllocSpace objects, 0(0B) LOS objects, 36% free, 41MB/65MB, paused 97us,71us total 105.489ms
2026-01-30 14:50:11.379 29280-29280 ViewRootIm...nActivity] com.fishit.player.v2                 I  ViewPostIme pointer 0
2026-01-30 14:50:11.436 29280-29280 ViewRootIm...nActivity] com.fishit.player.v2                 I  ViewPostIme pointer 1
2026-01-30 14:50:11.453 29280-29280 WindowOnBackDispatcher  com.fishit.player.v2                 W  OnBackInvokedCallback is not enabled for the application.
                                                                                                    Set 'android:enableOnBackInvokedCallback="true"' in the application manifest.
2026-01-30 14:50:11.763 29280-29289 ishit.player.v2         com.fishit.player.v2                 I  Background young concurrent copying GC freed 272381(8696KB) AllocSpace objects, 0(0B) LOS objects, 6% free, 61MB/65MB, paused 158us,70us total 100.813ms
2026-01-30 14:50:11.938 29280-29289 ishit.player.v2         com.fishit.player.v2                 I  Background concurrent copying GC freed 595535(31MB) AllocSpace objects, 0(0B) LOS objects, 38% free, 39MB/63MB, paused 130us,79us total 103.374ms
2026-01-30 14:50:12.233 29280-29513 NxCatalogWriter         com.fishit.player.v2                 D  ✅ OPTIMIZED ingestBatch COMPLETE: 400 items | persist_ms=1536 total_ms=1570 (254 items/sec)
2026-01-30 14:50:12.234 29280-29513 CatalogSyncService      com.fishit.player.v2                 W  Xtream batch (NX): ingested=400 failed=0 hint_warnings=83 ingest_ms=1632 total_ms=1632
2026-01-30 14:50:12.234 29280-29513 CatalogSyncService      com.fishit.player.v2                 D  Consumer#0: 25 batches, 28000 total items
2026-01-30 14:50:12.238 29280-29541 XTC                     com.fishit.player.v2                 D  [VOD] DTO→Raw #11450 | id=xtream:vod:415843 | title="Zombieland 2: Doppelt hält besser (2019)" | sourceType=XTREAM | Fields: ✓[year=2019, poster] ✗[plot, cast, director, backdrop, duration, tmdb]
2026-01-30 14:50:12.246 29280-29513 CatalogSyncService      com.fishit.player.v2                 D  Persisting Xtream catalog batch (NX-ONLY): 400 items (canonical_linking=true)
2026-01-30 14:50:12.254 29280-29541 XTC                     com.fishit.player.v2                 D  [VOD] DTO→Raw #11500 | id=xtream:vod:803864 | title="The Housemaid - Wenn sie wüsste | 2025 |" | sourceType=XTREAM | Fields: ✓[year=2025, poster] ✗[plot, cast, director, backdrop, duration, tmdb]
2026-01-30 14:50:12.256 29280-29747 XtreamCatalogScanWorker com.fishit.player.v2                 D  PROGRESS discovered=29933 persisted=28000 phase=N/A
2026-01-30 14:50:12.310 29280-29541 XTC                     com.fishit.player.v2                 D  [VOD] DTO→Raw #11550 | id=xtream:vod:788388 | title="Sinfluencer - Besessen von dir | 2022 | " | sourceType=XTREAM | Fields: ✓[year=2022, poster] ✗[plot, cast, director, backdrop, duration, tmdb]
2026-01-30 14:50:12.321 29280-29541 XTC                     com.fishit.player.v2                 D  [VOD] DTO→Raw #11600 | id=xtream:vod:772332 | title="Dish - Süße Rache | 2022 | 5.4" | sourceType=XTREAM | Fields: ✓[year=2022, poster] ✗[plot, cast, director, backdrop, duration, tmdb]
2026-01-30 14:50:12.323 29280-29541 XTC                     com.fishit.player.v2                 D  [VOD] DTO→Raw #11650 | id=xtream:vod:756574 | title="Tatami | 2024 | 7.5" | sourceType=XTREAM | Fields: ✓[year=2024, poster] ✗[plot, cast, director, backdrop, duration, tmdb]
2026-01-30 14:50:12.326 29280-29541 XTC                     com.fishit.player.v2                 D  [VOD] DTO→Raw #11700 | id=xtream:vod:743767 | title="Im Wasser der Seine | 2024 | 5.7" | sourceType=XTREAM | Fields: ✓[year=2024, poster] ✗[plot, cast, director, backdrop, duration, tmdb]
2026-01-30 14:50:12.337 29280-29541 XTC                     com.fishit.player.v2                 D  [VOD] DTO→Raw #11750 | id=xtream:vod:697717 | title="Free Skate | 2022 | 5.5" | sourceType=XTREAM | Fields: ✓[year=2022, poster] ✗[plot, cast, director, backdrop, duration, tmdb]
2026-01-30 14:50:12.339 29280-29541 XTC                     com.fishit.player.v2                 D  [VOD] DTO→Raw #11800 | id=xtream:vod:669263 | title="Die Yacht | 2023 | 5.3" | sourceType=XTREAM | Fields: ✓[year=2023, poster] ✗[plot, cast, director, backdrop, duration, tmdb]
2026-01-30 14:50:12.377 29280-29513 NxCatalogWriter         com.fishit.player.v2                 D  📥 OPTIMIZED ingestBatch START: 400 items
2026-01-30 14:50:12.431 29280-29513 NxWorkRepository        com.fishit.player.v2                 W  Deduped 10 duplicate workKeys in batch (400 → 390)
2026-01-30 14:50:12.436 29280-29730 NxCatalogWriter         com.fishit.player.v2                 D  ✅ OPTIMIZED ingestBatch COMPLETE: 400 items | persist_ms=2677 total_ms=2718 (147 items/sec)
2026-01-30 14:50:12.436 29280-29730 CatalogSyncService      com.fishit.player.v2                 W  Xtream batch (NX): ingested=400 failed=0 hint_warnings=77 ingest_ms=2825 total_ms=2826
2026-01-30 14:50:12.449 29280-29730 CatalogSyncService      com.fishit.player.v2                 D  Persisting Xtream catalog batch (NX-ONLY): 400 items (canonical_linking=true)
2026-01-30 14:50:12.451 29280-29761 XTC                     com.fishit.player.v2                 D  [VOD] DTO→Raw #11850 | id=xtream:vod:658462 | title="Memento | 2000 | 8.1" | sourceType=XTREAM | Fields: ✓[year=2000, poster] ✗[plot, cast, director, backdrop, duration, tmdb]
2026-01-30 14:50:12.464 29280-29761 XTC                     com.fishit.player.v2                 D  [VOD] DTO→Raw #11900 | id=xtream:vod:390437 | title="Art of Revenge - Mein Körper gehört mir " | sourceType=XTREAM | Fields: ✓[year=2017, poster] ✗[plot, cast, director, backdrop, duration, tmdb]
2026-01-30 14:50:12.490 29280-29761 XTC                     com.fishit.player.v2                 D  [VOD] DTO→Raw #11950 | id=xtream:vod:390489 | title="Graphic Desires (2022)" | sourceType=XTREAM | Fields: ✓[year=2022, poster] ✗[plot, cast, director, backdrop, duration, tmdb]
2026-01-30 14:50:12.508 29280-29761 XTC                     com.fishit.player.v2                 D  [VOD] DTO→Raw #12000 | id=xtream:vod:390542 | title="The Collector - Der Sammler (2002)" | sourceType=XTREAM | Fields: ✓[year=2002, poster] ✗[plot, cast, director, backdrop, duration, tmdb]
2026-01-30 14:50:12.509 29280-29747 XtreamCatalogScanWorker com.fishit.player.v2                 D  PROGRESS discovered=30433 persisted=28400 phase=N/A
2026-01-30 14:50:12.555 29280-29761 XTC                     com.fishit.player.v2                 D  [VOD] DTO→Raw #12050 | id=xtream:vod:397626 | title="Fear comes home: Wer bleibt am Leben? (2" | sourceType=XTREAM | Fields: ✓[year=2013, poster] ✗[plot, cast, director, backdrop, duration, tmdb]
2026-01-30 14:50:12.564 29280-29761 XTC                     com.fishit.player.v2                 D  [VOD] DTO→Raw #12100 | id=xtream:vod:397753 | title="The Toll Man (2021)" | sourceType=XTREAM | Fields: ✓[year=2021, poster] ✗[plot, cast, director, backdrop, duration, tmdb]
2026-01-30 14:50:12.572 29280-29761 XTC                     com.fishit.player.v2                 D  [VOD] DTO→Raw #12150 | id=xtream:vod:397898 | title="The Pool (2018)" | sourceType=XTREAM | Fields: ✓[year=2018, poster] ✗[plot, cast, director, backdrop, duration, tmdb]
2026-01-30 14:50:12.590 29280-29761 XTC                     com.fishit.player.v2                 D  [VOD] DTO→Raw #12200 | id=xtream:vod:397845 | title="Apokalypse Los Angeles (2014)" | sourceType=XTREAM | Fields: ✓[year=2014, poster] ✗[plot, cast, director, backdrop, duration, tmdb]
2026-01-30 14:50:12.601 29280-29289 ishit.player.v2         com.fishit.player.v2                 I  Background young concurrent copying GC freed 289270(9861KB) AllocSpace objects, 0(0B) LOS objects, 0% free, 65MB/65MB, paused 142us,154us total 250.127ms
2026-01-30 14:50:12.607 29280-29732 NxCatalogWriter         com.fishit.player.v2                 D  ✅ OPTIMIZED ingestBatch COMPLETE: 400 items | persist_ms=1659 total_ms=1710 (233 items/sec)
2026-01-30 14:50:12.608 29280-29732 CatalogSyncService      com.fishit.player.v2                 W  Xtream batch (NX): ingested=400 failed=0 hint_warnings=97 ingest_ms=1803 total_ms=1804
2026-01-30 14:50:12.608 29280-29519 NxCatalogWriter         com.fishit.player.v2                 D  📥 OPTIMIZED ingestBatch START: 400 items
2026-01-30 14:50:12.612 29280-29732 CatalogSyncService      com.fishit.player.v2                 D  Persisting Xtream catalog batch (NX-ONLY): 400 items (canonical_linking=true)
2026-01-30 14:50:12.617 29280-29541 XTC                     com.fishit.player.v2                 D  [VOD] DTO→Raw #12250 | id=xtream:vod:397790 | title="Don't Breathe 2 | 2021 | 7.1" | sourceType=XTREAM | Fields: ✓[year=2021, poster] ✗[plot, cast, director, backdrop, duration, tmdb]
2026-01-30 14:50:12.627 29280-29541 XTC                     com.fishit.player.v2                 D  [VOD] DTO→Raw #12300 | id=xtream:vod:788975 | title="Was ist Liebe wert - Materialists | 2025" | sourceType=XTREAM | Fields: ✓[year=2025, poster] ✗[plot, cast, director, backdrop, duration, tmdb]
2026-01-30 14:50:12.631 29280-29541 XTC                     com.fishit.player.v2                 D  [VOD] DTO→Raw #12350 | id=xtream:vod:753831 | title="Ein echter Gentleman | 2024 | 5.8" | sourceType=XTREAM | Fields: ✓[year=2024, poster] ✗[plot, cast, director, backdrop, duration, tmdb]
2026-01-30 14:50:12.636 29280-29541 XTC                     com.fishit.player.v2                 D  [VOD] DTO→Raw #12400 | id=xtream:vod:727578 | title="Through my Window – Ich seh’ dich an | 2" | sourceType=XTREAM | Fields: ✓[year=2024, poster] ✗[plot, cast, director, backdrop, duration, tmdb]
2026-01-30 14:50:12.640 29280-29541 XTC                     com.fishit.player.v2                 D  [VOD] DTO→Raw #12450 | id=xtream:vod:672195 | title="Meine erfundene Frau | 2011 | 6.6" | sourceType=XTREAM | Fields: ✓[year=2011, poster] ✗[plot, cast, director, backdrop, duration, tmdb]
2026-01-30 14:50:12.643 29280-29541 XTC                     com.fishit.player.v2                 D  [VOD] DTO→Raw #12500 | id=xtream:vod:654388 | title="Die statistische Wahrscheinlichkeit von " | sourceType=XTREAM | Fields: ✓[year=2023, poster] ✗[plot, cast, director, backdrop, duration, tmdb]
2026-01-30 14:50:12.644 29280-29761 XtreamCatalogScanWorker com.fishit.player.v2                 D  PROGRESS discovered=30933 persisted=28800 phase=N/A
2026-01-30 14:50:12.704 29280-29541 XTC                     com.fishit.player.v2                 D  [VOD] DTO→Raw #12550 | id=xtream:vod:397356 | title="Five Star Christmas (2020)" | sourceType=XTREAM | Fields: ✓[year=2020, poster] ✗[plot, cast, director, backdrop, duration, tmdb]
2026-01-30 14:50:12.721 29280-29541 XTC                     com.fishit.player.v2                 D  [VOD] DTO→Raw #12600 | id=xtream:vod:397393 | title="Du bist es (2023)" | sourceType=XTREAM | Fields: ✓[year=2023, poster] ✗[plot, cast, director, backdrop, duration, tmdb]
2026-01-30 14:50:12.738 29280-29519 NxWorkRepository        com.fishit.player.v2                 W  Deduped 18 duplicate workKeys in batch (400 → 382)
2026-01-30 14:50:12.745 29280-29732 NxCatalogWriter         com.fishit.player.v2                 D  📥 OPTIMIZED ingestBatch START: 400 items
