2026-01-30 12:37:12.107 11485-11500 ViewRootIm...nActivity] com.fishit.player.v2                 I  Resizing android.view.ViewRootImpl@b787c95: frame = [0,0][1080,2400] reportDraw = false forceLayout = false syncSeqId = -1
2026-01-30 12:37:12.111 11485-11485 InsetsController        com.fishit.player.v2                 I  onStateChanged: host=com.fishit.player.v2/com.fishit.player.v2.MainActivity, from=android.view.ViewRootImpl$ViewRootHandler.handleMessageImpl:7196, state=InsetsState: {mDisplayFrame=Rect(0, 0 - 1080, 2400), mDisplayCutout=DisplayCutout{insets=Rect(0, 80 - 0, 0) waterfall=Insets{left=0, top=0, right=0, bottom=0} boundingRect={Bounds=[Rect(0, 0 - 0, 0), Rect(510, 0 - 570, 80), Rect(0, 0 - 0, 0), Rect(0, 0 - 0, 0)]} cutoutPathParserInfo={CutoutPathParserInfo{displayWidth=1080 displayHeight=2400 physicalDisplayWidth=1080 physicalDisplayHeight=2400 density={3.0} cutoutSpec={M 0,0 H -10 V 26.66666666666667 H 10 V 0 H 0 Z @dp} rotation={0} scale={1.0} physicalPixelDisplaySizeRatio={1.0}}}}, mRoundedCorners=RoundedCorners{[RoundedCorner{position=TopLeft, radius=90, center=Point(90, 90)}, RoundedCorner{position=TopRight, radius=90, center=Point(990, 90)}, RoundedCorner{position=BottomRight, radius=90, center=Point(990, 2310)}, RoundedCorner{position=BottomLeft, radius=90, center=Point(90, 2310)}]}  mRoundedCornerFrame=Rect(0, 0 - 1080, 2400), mPrivacyIndicatorBounds=PrivacyIndicatorBounds {static bounds=Rect(948, 0 - 1080, 80) rotation=0}, mDisplayShape=DisplayShape{ spec=-311912193 displayWidth=1080 displayHeight=2400 physicalPixelDisplaySizeRatio=1.0 rotation=0 offsetX=0 offsetY=0 scale=1.0}, mSources= { InsetsSource: {3 mType=ime mFrame=[0,0][0,0] mVisible=false mFlags=[]}, InsetsSource: {27 mType=displayCutout mFrame=[0,0][1080,80] mVisible=true mFlags=[]}, InsetsSource: {24df0000 mType=statusBars mFrame=[0,0][1080,80] mVisible=true mFlags=[]}, InsetsSource: {24df0005 mType=mandatorySystemGestures mFrame=[0,0][1080,116] mVisible=true mFlags=[]}, InsetsSource: {24df0006 mType=tappableElement mFrame=[0,0][1080,80] mVisible=true mFlags=[]}, InsetsSource: {68b60001 mType=navigationBars mFrame=[0,2256][1080,2400] mVisible=true mFlags=[]}, InsetsSource: {68b60004 mType=systemGestures mFrame=[0,0][0,0] mVisible=true mFlags=[]}, InsetsSource: {68b60005 mType=mandatorySystemGestures mFrame=[0,2256][1080,2400] mVisible=true mFlags=[]}, InsetsSource: {68b60006 mType=tappableElement mFrame=[0,2256][1080,2400] mVisible=true mFlags=[]}, InsetsSource: {68b60024 mType=systemGestures mFrame=[0,0][0,0] mVisible=true mFlags=[]} }
2026-01-30 12:37:12.113 11485-11485 ViewRootIm...nActivity] com.fishit.player.v2                 I  handleResized, msg = 4 frames=ClientWindowFrames{frame=[0,0][1080,2400] display=[0,0][1080,2400] parentFrame=[0,0][0,0]} forceNextWindowRelayout=false displayId=0 dragResizing=false compatScale=1.0 frameChanged=false attachedFrameChanged=false configChanged=false displayChanged=false compatScaleChanged=false
2026-01-30 12:37:12.152 11485-11819 XtreamApiClient         com.fishit.player.v2                 D  NetworkProbe: HTTP 200 for konigtv.com/player_api.php | bytes=321 contentType=application/json
2026-01-30 12:37:12.154 11485-11819 XtreamApiClient         com.fishit.player.v2                 D  NetworkProbe: Manually decompressed gzip body for konigtv.com/player_api.php | original=321 decompressed=458
2026-01-30 12:37:12.222 11485-11583 XtreamApiClient         com.fishit.player.v2                 D  NetworkProbe: HTTP 200 for konigtv.com/player_api.php | bytes=2043500 contentType=application/json
2026-01-30 12:37:12.226 11485-11585 XtreamApiClient         com.fishit.player.v2                 D  NetworkProbe: HTTP 200 for konigtv.com/player_api.php | bytes=259341 contentType=application/json
2026-01-30 12:37:12.253 11485-11582 XtreamApiClient         com.fishit.player.v2                 D  NetworkProbe: HTTP 200 for konigtv.com/player_api.php | bytes=321 contentType=application/json
2026-01-30 12:37:12.263 11485-11582 XtreamApiClient         com.fishit.player.v2                 D  NetworkProbe: Manually decompressed gzip body for konigtv.com/player_api.php | original=321 decompressed=458
2026-01-30 12:37:12.290 11485-11588 XtreamApiClient         com.fishit.player.v2                 D  buildPlayerApiUrl: action=get_short_epg -> konigtv.com/player_api.php
2026-01-30 12:37:12.308 11485-11495 InputTransport          com.fishit.player.v2                 D  Input channel destroyed: 'ClientS', fd=162
2026-01-30 12:37:12.331 11485-11495 InputTransport          com.fishit.player.v2                 D  Input channel destroyed: 'ClientS', fd=122
2026-01-30 12:37:12.331 11485-11495 InputTransport          com.fishit.player.v2                 D  Input channel destroyed: 'ClientS', fd=74
2026-01-30 12:37:12.332 11485-11496 System                  com.fishit.player.v2                 W  A resource failed to call release.
2026-01-30 12:37:12.389 11485-11588 XtreamApiClient         com.fishit.player.v2                 D  NetworkProbe: HTTP 200 for konigtv.com/player_api.php | bytes=39 contentType=application/json
2026-01-30 12:37:12.394 11485-11588 XtreamApiClient         com.fishit.player.v2                 D  NetworkProbe: Manually decompressed gzip body for konigtv.com/player_api.php | original=39 decompressed=19
2026-01-30 12:37:12.401 11485-11585 XtreamApiClient         com.fishit.player.v2                 D  NetworkProbe: Manually decompressed gzip body for konigtv.com/player_api.php | original=259341 decompressed=3288108
2026-01-30 12:37:12.414 11485-11494 ishit.player.v2         com.fishit.player.v2                 I  Background concurrent copying GC freed 2945(185KB) AllocSpace objects, 8(5440KB) LOS objects, 49% free, 24MB/48MB, paused 251us,58us total 101.244ms
2026-01-30 12:37:12.727 11485-11583 XtreamApiClient         com.fishit.player.v2                 D  NetworkProbe: Manually decompressed gzip body for konigtv.com/player_api.php | original=2043500 decompressed=6215313
2026-01-30 12:37:13.503 11485-11494 ishit.player.v2         com.fishit.player.v2                 I  Background concurrent copying GC freed 3122(194KB) AllocSpace objects, 9(16MB) LOS objects, 38% free, 38MB/62MB, paused 139us,70us total 192.791ms
2026-01-30 12:37:14.128 11485-11583 XtreamApiClient         com.fishit.player.v2                 D  buildPlayerApiUrl: action=null -> konigtv.com/player_api.php
2026-01-30 12:37:14.130 11485-11583 XtreamApiClient         com.fishit.player.v2                 D  getServerInfo: Fetching from konigtv.com/player_api.php
2026-01-30 12:37:14.233 11485-11583 XtreamApiClient         com.fishit.player.v2                 D  NetworkProbe: HTTP 200 for konigtv.com/player_api.php | bytes=321 contentType=application/json
2026-01-30 12:37:14.237 11485-11583 XtreamApiClient         com.fishit.player.v2                 D  NetworkProbe: Manually decompressed gzip body for konigtv.com/player_api.php | original=321 decompressed=458
2026-01-30 12:37:14.239 11485-11583 XtreamApiClient         com.fishit.player.v2                 D  getServerInfo: Received 458 bytes, parsing...
2026-01-30 12:37:14.250 11485-11583 XtreamApiClient         com.fishit.player.v2                 D  Server info retrieved: konigtv.com
2026-01-30 12:37:14.253 11485-11588 XtreamAuthRepoAdapter   com.fishit.player.v2                 D  connectionState -> Connected(baseUrl=http://konigtv.com:8080, latencyMs=2826) | domain=Connected
2026-01-30 12:37:14.254 11485-11485 XtreamAuthRepoAdapter   com.fishit.player.v2                 D  initialize: API client initialized successfully with capabilities: http://konigtv.com:8080
2026-01-30 12:37:14.255 11485-11588 XtreamAuthRepoAdapter   com.fishit.player.v2                 D  authState -> Authenticated(userInfo=XtreamUserInfo(username=Christoph10, status=ACTIVE, expDateEpoch=1797326326, maxConnections=1, activeConnections=0, isTrial=false, allowedFormats=[m3u8, ts], createdAt=1757512912, message=Welcome)) | domain=Authenticated
2026-01-30 12:37:14.393 11485-11582 CatalogSyncBootstrap    com.fishit.player.v2                 D  Source activation check: activeSources=[XTREAM], hasActive=true
2026-01-30 12:37:14.394 11485-11585 SourceActivationStore   com.fishit.player.v2                 D  Loaded state from DataStore: SourceActivationSnapshot(xtream=Active, telegram=Inactive, io=Inactive)
2026-01-30 12:37:14.397 11485-11587 SourceActi...onObserver com.fishit.player.v2                 I  Active sources changed: [XTREAM] → enqueuing auto sync
2026-01-30 12:37:14.398 11485-11587 CatalogSyncScheduler    com.fishit.player.v2                 D  Enqueueing AUTO sync
2026-01-30 12:37:14.418 11485-11485 SourceActivationStore   com.fishit.player.v2                 I  Source activation changed: XTREAM -> Active
2026-01-30 12:37:14.419 11485-11485 XtreamAuthRepoAdapter   com.fishit.player.v2                 I  initialize: XTREAM source activated
2026-01-30 12:37:14.420 11485-11485 OnboardingViewModel     com.fishit.player.v2                 D  connectXtream: Initialize succeeded, saving credentials
2026-01-30 12:37:14.449 11485-11587 XtreamCredStore         com.fishit.player.v2                 I  Stored credentials: scheme=http, host=konigtv.com, port=8080
2026-01-30 12:37:14.450 11485-11608 Compatibil...geReporter com.fishit.player.v2                 D  Compat change id reported: 194532703; UID 10459; state: ENABLED
2026-01-30 12:37:14.450 11485-11608 Compatibil...geReporter com.fishit.player.v2                 D  Compat change id reported: 253665015; UID 10459; state: ENABLED
2026-01-30 12:37:14.451 11485-11608 WM-SystemJobScheduler   com.fishit.player.v2                 D  Scheduling work ID 322f8490-58c5-4211-ac16-f1f04003730dJob ID 0
2026-01-30 12:37:14.482 11485-11608 WM-GreedyScheduler      com.fishit.player.v2                 D  Starting work for 322f8490-58c5-4211-ac16-f1f04003730d
2026-01-30 12:37:14.488 11485-11485 WM-SystemJobService     com.fishit.player.v2                 D  onStartJob for WorkGenerationalId(workSpecId=322f8490-58c5-4211-ac16-f1f04003730d, generation=0)
2026-01-30 12:37:14.501 11485-11608 WM-Processor            com.fishit.player.v2                 D  Processor: processing WorkGenerationalId(workSpecId=322f8490-58c5-4211-ac16-f1f04003730d, generation=0)
2026-01-30 12:37:14.509 11485-11608 WM-Processor            com.fishit.player.v2                 D  Work WorkGenerationalId(workSpecId=322f8490-58c5-4211-ac16-f1f04003730d, generation=0) is already enqueued for processing
2026-01-30 12:37:14.518 11485-11608 Compatibil...geReporter com.fishit.player.v2                 D  Compat change id reported: 263076149; UID 10459; state: ENABLED
2026-01-30 12:37:14.529 11485-11485 WM-WorkerWrapper        com.fishit.player.v2                 D  Starting work for com.fishit.player.v2.work.CatalogSyncOrchestratorWorker
2026-01-30 12:37:14.531 11485-11587 CatalogSyn...atorWorker com.fishit.player.v2                 I  START sync_run_id=ae9ac4c4-026e-4f20-abd1-259ecfa97db0 mode=auto
2026-01-30 12:37:14.538 11485-11587 RuntimeGuards           com.fishit.player.v2                 D  Manual sync (auto) - skipping battery guard (level=63%)
2026-01-30 12:37:14.540 11485-11587 CatalogSyn...atorWorker com.fishit.player.v2                 I  Active sources check: [XTREAM] (isEmpty=false)
2026-01-30 12:37:14.543 11485-11587 CatalogSyn...atorWorker com.fishit.player.v2                 D  Active sources: [XTREAM] (TELEGRAM=false, XTREAM=true, IO=false)
2026-01-30 12:37:14.543 11485-11608 WM-PackageManagerHelper com.fishit.player.v2                 D  androidx.work.impl.background.systemalarm.RescheduleReceiver enabled
2026-01-30 12:37:14.550 11485-11587 CatalogSyn...atorWorker com.fishit.player.v2                 D  Enqueued Xtream chain: work_name=catalog_sync_global_xtream policy=KEEP workers=2
2026-01-30 12:37:14.552 11485-11587 CatalogSyn...atorWorker com.fishit.player.v2                 D  Telegram not in active sources - skipping Telegram workers
2026-01-30 12:37:14.554 11485-11587 CatalogSyn...atorWorker com.fishit.player.v2                 D  📊 WorkInfo chains enqueued:
                                                                                                      [XTREAM] work_name=catalog_sync_global_xtream → ENQUEUED
                                                                                                      Use 'adb shell dumpsys jobscheduler' or WorkManager Inspector for detailed state
2026-01-30 12:37:14.556 11485-11587 CatalogSyn...atorWorker com.fishit.player.v2                 I  CHAINS_ENQUEUED duration_ms=25 policy=KEEP sources=XTREAM (downstream workers will report completion)
2026-01-30 12:37:14.601 11485-11610 WM-SystemJobScheduler   com.fishit.player.v2                 D  Scheduling work ID b80df834-a8ef-4aa1-aa15-3017aaddebeeJob ID 1
2026-01-30 12:37:14.610 11485-11610 WM-GreedyScheduler      com.fishit.player.v2                 D  Starting work for b80df834-a8ef-4aa1-aa15-3017aaddebee
2026-01-30 12:37:14.611 11485-11485 WM-SystemJobService     com.fishit.player.v2                 D  onStartJob for WorkGenerationalId(workSpecId=b80df834-a8ef-4aa1-aa15-3017aaddebee, generation=0)
2026-01-30 12:37:14.614 11485-11610 WM-WorkerWrapper        com.fishit.player.v2                 I  Worker result SUCCESS for Work [ id=322f8490-58c5-4211-ac16-f1f04003730d, tags={ com.fishit.player.v2.work.CatalogSyncOrchestratorWorker,catalog_sync,mode_auto,worker/CatalogSyncOrchestratorWorker } ]
2026-01-30 12:37:14.618 11485-11485 WM-Processor            com.fishit.player.v2                 D  Processor 322f8490-58c5-4211-ac16-f1f04003730d executed; reschedule = false
2026-01-30 12:37:14.618 11485-11485 WM-SystemJobService     com.fishit.player.v2                 D  322f8490-58c5-4211-ac16-f1f04003730d executed on JobScheduler
2026-01-30 12:37:14.624 11485-11610 WM-Processor            com.fishit.player.v2                 D  Processor: processing WorkGenerationalId(workSpecId=b80df834-a8ef-4aa1-aa15-3017aaddebee, generation=0)
2026-01-30 12:37:14.628 11485-11610 WM-Processor            com.fishit.player.v2                 D  Work WorkGenerationalId(workSpecId=b80df834-a8ef-4aa1-aa15-3017aaddebee, generation=0) is already enqueued for processing
2026-01-30 12:37:14.630 11485-11610 WM-GreedyScheduler      com.fishit.player.v2                 D  Cancelling work ID 322f8490-58c5-4211-ac16-f1f04003730d
2026-01-30 12:37:14.649 11485-11485 WM-WorkerWrapper        com.fishit.player.v2                 D  Starting work for com.fishit.player.v2.work.XtreamPreflightWorker
2026-01-30 12:37:14.650 11485-11587 XtreamPreflightWorker   com.fishit.player.v2                 I  START sync_run_id=ae9ac4c4-026e-4f20-abd1-259ecfa97db0 mode=auto source=XTREAM attempt=0/5
2026-01-30 12:37:14.655 11485-11587 RuntimeGuards           com.fishit.player.v2                 D  Manual sync (auto) - skipping battery guard (level=63%)
2026-01-30 12:37:14.657 11485-11587 XtreamPreflightWorker   com.fishit.player.v2                 I  SUCCESS duration_ms=6 (credentials valid)
2026-01-30 12:37:14.661 11485-11608 WM-WorkerWrapper        com.fishit.player.v2                 I  Worker result SUCCESS for Work [ id=b80df834-a8ef-4aa1-aa15-3017aaddebee, tags={ com.fishit.player.v2.work.XtreamPreflightWorker,catalog_sync,source_xtream,worker/XtreamPreflightWorker } ]
2026-01-30 12:37:14.665 11485-11608 WM-WorkerWrapper        com.fishit.player.v2                 I  Setting status to enqueued for 111f54cd-2b22-4773-8d78-df826d365c24
2026-01-30 12:37:14.668 11485-11485 WM-Processor            com.fishit.player.v2                 D  Processor b80df834-a8ef-4aa1-aa15-3017aaddebee executed; reschedule = false
2026-01-30 12:37:14.668 11485-11485 WM-SystemJobService     com.fishit.player.v2                 D  b80df834-a8ef-4aa1-aa15-3017aaddebee executed on JobScheduler
2026-01-30 12:37:14.674 11485-11608 WM-GreedyScheduler      com.fishit.player.v2                 D  Cancelling work ID b80df834-a8ef-4aa1-aa15-3017aaddebee
2026-01-30 12:37:14.674 11485-11485 ishit.player.v2         com.fishit.player.v2                 W  Accessing hidden field Landroid/app/ActivityThread;->mServices:Landroid/util/ArrayMap; (unsupported, reflection, allowed)
2026-01-30 12:37:14.676 11485-11485 LeakCanary              com.fishit.player.v2                 D  Watching instance of androidx.work.impl.background.systemjob.SystemJobService (androidx.work.impl.background.systemjob.SystemJobService received Service#onDestroy() callback) with key d24ccb5b-47b5-4ee8-9a3e-88c25609e94e
2026-01-30 12:37:14.688 11485-11608 WM-SystemJobScheduler   com.fishit.player.v2                 D  Scheduling work ID 111f54cd-2b22-4773-8d78-df826d365c24Job ID 2
2026-01-30 12:37:14.704 11485-11608 WM-GreedyScheduler      com.fishit.player.v2                 D  Starting work for 111f54cd-2b22-4773-8d78-df826d365c24
2026-01-30 12:37:14.708 11485-11485 WM-SystemJobService     com.fishit.player.v2                 D  onStartJob for WorkGenerationalId(workSpecId=111f54cd-2b22-4773-8d78-df826d365c24, generation=0)
2026-01-30 12:37:14.713 11485-11608 WM-Processor            com.fishit.player.v2                 D  Processor: processing WorkGenerationalId(workSpecId=111f54cd-2b22-4773-8d78-df826d365c24, generation=0)
2026-01-30 12:37:14.717 11485-11608 WM-Processor            com.fishit.player.v2                 D  Work WorkGenerationalId(workSpecId=111f54cd-2b22-4773-8d78-df826d365c24, generation=0) is already enqueued for processing
2026-01-30 12:37:15.088 11485-11485 WM-WorkerWrapper        com.fishit.player.v2                 D  Starting work for com.fishit.player.v2.work.XtreamCatalogScanWorker
2026-01-30 12:37:15.098 11485-11819 XtreamCatalogScanWorker com.fishit.player.v2                 I  START sync_run_id=ae9ac4c4-026e-4f20-abd1-259ecfa97db0 mode=auto source=XTREAM scope=INCREMENTAL runtimeBudgetMs=900000 checkpoint=xtream|v=2|phase=VOD_LIST|offset=0
2026-01-30 12:37:15.102 11485-11819 RuntimeGuards           com.fishit.player.v2                 D  Manual sync (auto) - skipping battery guard (level=63%)
2026-01-30 12:37:15.103 11485-11819 XtreamCatalogScanWorker com.fishit.player.v2                 D  Catalog sync: includeVod=true includeSeries=true includeEpisodes=false (lazy) includeLive=true scope=INCREMENTAL enhanced=true
2026-01-30 12:37:15.106 11485-11819 XtreamCatalogScanWorker com.fishit.player.v2                 I  Using CHANNEL-BUFFERED sync: buffer=1000, consumers=3 (25-30% faster than enhanced sync)
2026-01-30 12:37:15.110 11485-11819 XtreamCatalogScanWorker com.fishit.player.v2                 D  Channel-buffered catalog sync started
2026-01-30 12:37:15.111 11485-11588 CatalogSyncService      com.fishit.player.v2                 I  Starting channel-buffered Xtream sync: buffer=1000, consumers=3
2026-01-30 12:37:15.121 11485-11585 XtreamCatalogPipeline   com.fishit.player.v2                 I  Starting Xtream catalog scan: vod=true, series=true, episodes=false, live=true
2026-01-30 12:37:15.129 11485-11588 XtreamCatalogPipeline   com.fishit.player.v2                 D  [LIVE] Starting parallel scan (streaming)...
2026-01-30 12:37:15.131 11485-11579 XtreamCatalogPipeline   com.fishit.player.v2                 D  [SERIES] Starting scan (after slot available)...
2026-01-30 12:37:15.139 11485-11588 XtreamApiClient         com.fishit.player.v2                 D  buildPlayerApiUrl: action=get_live_streams -> konigtv.com/player_api.php
2026-01-30 12:37:15.140 11485-11579 XtreamApiClient         com.fishit.player.v2                 D  buildPlayerApiUrl: action=get_series -> konigtv.com/player_api.php
2026-01-30 12:37:15.143 11485-11579 XtreamApiClient         com.fishit.player.v2                 D  streamFromUrl: CALLED for konigtv.com/player_api.php
2026-01-30 12:37:15.144 11485-11588 XtreamApiClient         com.fishit.player.v2                 D  streamFromUrl: CALLED for konigtv.com/player_api.php
2026-01-30 12:37:15.466 11485-11579 XtreamApiClient         com.fishit.player.v2                 D  StreamingFetch: Detected GZIP for konigtv.com/player_api.php (manual decompression)
2026-01-30 12:37:15.469 11485-11579 XtreamApiClient         com.fishit.player.v2                 D  StreamingFetch: Success for konigtv.com/player_api.php, streaming response
2026-01-30 12:37:15.473 11485-11579 XtreamApiClient         com.fishit.player.v2                 D  streamFromUrl: Starting StreamingJsonParser.streamInBatches() for konigtv.com/player_api.php
2026-01-30 12:37:15.632 11485-11585 XtreamCatalogPipeline   com.fishit.player.v2                 D  [VOD] Starting parallel scan (streaming)...
2026-01-30 12:37:15.640 11485-11585 XtreamApiClient         com.fishit.player.v2                 D  buildPlayerApiUrl: action=get_vod_streams -> konigtv.com/player_api.php
2026-01-30 12:37:15.644 11485-11585 XtreamApiClient         com.fishit.player.v2                 D  streamFromUrl: CALLED for konigtv.com/player_api.php
2026-01-30 12:37:15.730 11485-11588 XtreamApiClient         com.fishit.player.v2                 D  StreamingFetch: Detected GZIP for konigtv.com/player_api.php (manual decompression)
2026-01-30 12:37:15.733 11485-11588 XtreamApiClient         com.fishit.player.v2                 D  StreamingFetch: Success for konigtv.com/player_api.php, streaming response
2026-01-30 12:37:15.741 11485-11588 XtreamApiClient         com.fishit.player.v2                 D  streamFromUrl: Starting StreamingJsonParser.streamInBatches() for konigtv.com/player_api.php
2026-01-30 12:37:15.862 11485-11579 StreamingJsonParser     com.fishit.player.v2                 W  streamInBatches mapper error #1: Series ID must be positive, got: -441
2026-01-30 12:37:15.914 11485-11579 StreamingJsonParser     com.fishit.player.v2                 W  streamInBatches mapper error #2: Series ID must be positive, got: -441
2026-01-30 12:37:15.933 11485-11588 XTC                     com.fishit.player.v2                 D  [LIVE] DTO→Raw #1 | id=xtream:live:81568 | title="DE HEVC" | sourceType=XTREAM | Fields: ✓[poster] ✗[year, plot, cast, director, backdrop, duration, tmdb]
2026-01-30 12:37:15.965 11485-11579 StreamingJsonParser     com.fishit.player.v2                 W  streamInBatches mapper error #3: Series ID must be positive, got: -441
2026-01-30 12:37:16.054 11485-11588 XTC                     com.fishit.player.v2                 D  [LIVE] DTO→Raw #50 | id=xtream:live:71808 | title="DE: Deluxe Music HEVC" | sourceType=XTREAM | Fields: ✓[poster] ✗[year, plot, cast, director, backdrop, duration, tmdb]
2026-01-30 12:37:16.165 11485-11588 XTC                     com.fishit.player.v2                 D  [LIVE] DTO→Raw #100 | id=xtream:live:49200 | title="DE: Pro 7 Maxx FHD" | sourceType=XTREAM | Fields: ✓[poster] ✗[year, plot, cast, director, backdrop, duration, tmdb]
2026-01-30 12:37:16.268 11485-11588 XTC                     com.fishit.player.v2                 D  [LIVE] DTO→Raw #150 | id=xtream:live:361561 | title="DE: NDR Hamburg" | sourceType=XTREAM | Fields: ✓[poster] ✗[year, plot, cast, director, backdrop, duration, tmdb]
2026-01-30 12:37:16.352 11485-11588 XTC                     com.fishit.player.v2                 D  [LIVE] DTO→Raw #200 | id=xtream:live:197779 | title="DE: QVC STYLE TV" | sourceType=XTREAM | Fields: ✓[poster] ✗[year, plot, cast, director, backdrop, duration, tmdb]
2026-01-30 12:37:16.432 11485-11588 XTC                     com.fishit.player.v2                 D  [LIVE] DTO→Raw #250 | id=xtream:live:67411 | title="DE: Bndliga 7 SD" | sourceType=XTREAM | Fields: ✓[poster] ✗[year, plot, cast, director, backdrop, duration, tmdb]
2026-01-30 12:37:16.514 11485-11588 XTC                     com.fishit.player.v2                 D  [LIVE] DTO→Raw #300 | id=xtream:live:354423 | title="DE: Bundesliga Tivibu 2 (Türkisch)" | sourceType=XTREAM | Fields: ✓[poster] ✗[year, plot, cast, director, backdrop, duration, tmdb]
2026-01-30 12:37:16.586 11485-11588 XTC                     com.fishit.player.v2                 D  [LIVE] DTO→Raw #350 | id=xtream:live:181819 | title="MyTeam TV - 7" | sourceType=XTREAM | Fields: ✓[poster] ✗[year, plot, cast, director, backdrop, duration, tmdb]
2026-01-30 12:37:16.663 11485-11588 XTC                     com.fishit.player.v2                 D  [LIVE] DTO→Raw #400 | id=xtream:live:795605 | title="DE: DEL2 EVENT 16" | sourceType=XTREAM | Fields: ✓[poster] ✗[year, plot, cast, director, backdrop, duration, tmdb]
2026-01-30 12:37:16.665 11485-11494 ishit.player.v2         com.fishit.player.v2                 I  Background young concurrent copying GC freed 175131(6019KB) AllocSpace objects, 10(324KB) LOS objects, 6% free, 58MB/62MB, paused 237us,58us total 180.152ms
2026-01-30 12:37:16.727 11485-11588 XTC                     com.fishit.player.v2                 D  [LIVE] DTO→Raw #450 | id=xtream:live:792958 | title="DE: RTL+ SPORT EVENT 17" | sourceType=XTREAM | Fields: ✓[poster] ✗[year, plot, cast, director, backdrop, duration, tmdb]
2026-01-30 12:37:16.784 11485-11588 XTC                     com.fishit.player.v2                 D  [LIVE] DTO→Raw #500 | id=xtream:live:797354 | title="DE: DAZN EVENT 26 HD" | sourceType=XTREAM | Fields: ✓[poster] ✗[year, plot, cast, director, backdrop, duration, tmdb]
2026-01-30 12:37:16.786 11485-11583 XtreamCatalogScanWorker com.fishit.player.v2                 D  PROGRESS discovered=500 persisted=0 phase=N/A
2026-01-30 12:37:16.888 11485-11494 ishit.player.v2         com.fishit.player.v2                 I  Background concurrent copying GC freed 1357861(44MB) AllocSpace objects, 3(112KB) LOS objects, 50% free, 22MB/44MB, paused 136us,56us total 120.834ms
2026-01-30 12:37:16.919 11485-11588 XTC                     com.fishit.player.v2                 D  [LIVE] DTO→Raw #550 | id=xtream:live:744166 | title="DE: DYN SPORT 25" | sourceType=XTREAM | Fields: ✓[poster] ✗[year, plot, cast, director, backdrop, duration, tmdb]
2026-01-30 12:37:16.967 11485-11588 XTC                     com.fishit.player.v2                 D  [LIVE] DTO→Raw #600 | id=xtream:live:121760 | title="DE: Spiegel TV Wissen RAW" | sourceType=XTREAM | Fields: ✓[poster] ✗[year, plot, cast, director, backdrop, duration, tmdb]
2026-01-30 12:37:17.012 11485-11588 XTC                     com.fishit.player.v2                 D  [LIVE] DTO→Raw #650 | id=xtream:live:48858 | title="DE: Sky Cinema Highlights FHD" | sourceType=XTREAM | Fields: ✓[poster] ✗[year, plot, cast, director, backdrop, duration, tmdb]
2026-01-30 12:37:17.056 11485-11588 XTC                     com.fishit.player.v2                 D  [LIVE] DTO→Raw #700 | id=xtream:live:733471 | title="DE: 2 BROKE GIRLS" | sourceType=XTREAM | Fields: ✓[poster] ✗[year, plot, cast, director, backdrop, duration, tmdb]
2026-01-30 12:37:17.087 11485-11585 XtreamApiClient         com.fishit.player.v2                 D  StreamingFetch: Detected GZIP for konigtv.com/player_api.php (manual decompression)
2026-01-30 12:37:17.088 11485-11585 XtreamApiClient         com.fishit.player.v2                 D  StreamingFetch: Success for konigtv.com/player_api.php, streaming response
2026-01-30 12:37:17.092 11485-11585 XtreamApiClient         com.fishit.player.v2                 D  streamFromUrl: Starting StreamingJsonParser.streamInBatches() for konigtv.com/player_api.php
2026-01-30 12:37:17.095 11485-11588 XTC                     com.fishit.player.v2                 D  [LIVE] DTO→Raw #750 | id=xtream:live:749839 | title="DE: EDGAR WALLACE MIX" | sourceType=XTREAM | Fields: ✓[poster] ✗[year, plot, cast, director, backdrop, duration, tmdb]
2026-01-30 12:37:17.196 11485-11588 XTC                     com.fishit.player.v2                 D  [LIVE] DTO→Raw #800 | id=xtream:live:729970 | title="DE: POLICE ACADEMY" | sourceType=XTREAM | Fields: ✓[poster] ✗[year, plot, cast, director, backdrop, duration, tmdb]
2026-01-30 12:37:17.238 11485-11588 XTC                     com.fishit.player.v2                 D  [LIVE] DTO→Raw #850 | id=xtream:live:140923 | title="DE: X-Men HD 24/7" | sourceType=XTREAM | Fields: ✓[poster] ✗[year, plot, cast, director, backdrop, duration, tmdb]
2026-01-30 12:37:17.250 11485-11585 XTC                     com.fishit.player.v2                 D  [VOD] DTO→Raw #1 | id=xtream:vod:804345 | title="Ella McCay | 2025 | 5.2" | sourceType=XTREAM | Fields: ✓[year=2025, poster] ✗[plot, cast, director, backdrop, duration, tmdb]
2026-01-30 12:37:17.272 11485-11585 XTC                     com.fishit.player.v2                 D  [VOD] DTO→Raw #50 | id=xtream:vod:801981 | title="Anaconda | 2025 | 6.7" | sourceType=XTREAM | Fields: ✓[year=2025, poster] ✗[plot, cast, director, backdrop, duration, tmdb]
2026-01-30 12:37:17.283 11485-11583 XTC                     com.fishit.player.v2                 D  [LIVE] DTO→Raw #900 | id=xtream:live:364840 | title="DE: TOM HARDY - 24/7" | sourceType=XTREAM | Fields: ✓[poster] ✗[year, plot, cast, director, backdrop, duration, tmdb]
2026-01-30 12:37:17.311 11485-11580 XTC                     com.fishit.player.v2                 D  [VOD] DTO→Raw #100 | id=xtream:vod:800634 | title="Whiteout - Überleben ist alles | 2025 | " | sourceType=XTREAM | Fields: ✓[year=2025, poster] ✗[plot, cast, director, backdrop, duration, tmdb]
2026-01-30 12:37:17.334 11485-11580 XTC                     com.fishit.player.v2                 D  [VOD] DTO→Raw #150 | id=xtream:vod:798830 | title="825 Forest Road | 2025 | 5.9 |" | sourceType=XTREAM | Fields: ✓[year=2025, poster] ✗[plot, cast, director, backdrop, duration, tmdb]
2026-01-30 12:37:17.338 11485-11819 XTC                     com.fishit.player.v2                 D  [LIVE] DTO→Raw #950 | id=xtream:live:140794 | title="DE: See - Reich der Blinden - Premium 24" | sourceType=XTREAM | Fields: ✓[poster] ✗[year, plot, cast, director, backdrop, duration, tmdb]
2026-01-30 12:37:17.356 11485-11819 XTC                     com.fishit.player.v2                 D  [VOD] DTO→Raw #200 | id=xtream:vod:797304 | title="Frankenstein | 2025 | 7.9 |" | sourceType=XTREAM | Fields: ✓[year=2025, poster] ✗[plot, cast, director, backdrop, duration, tmdb]
2026-01-30 12:37:17.371 11485-11896 CatalogSyncService      com.fishit.player.v2                 D  Persisting Xtream catalog batch (NX-ONLY): 400 items (canonical_linking=true)
2026-01-30 12:37:17.371 11485-11823 CatalogSyncService      com.fishit.player.v2                 D  Persisting Xtream catalog batch (NX-ONLY): 400 items (canonical_linking=true)
2026-01-30 12:37:17.384 11485-11819 XTC                     com.fishit.player.v2                 D  [VOD] DTO→Raw #250 | id=xtream:vod:794087 | title="Jenseits der blauen Grenze | 2024 | 6.4 " | sourceType=XTREAM | Fields: ✓[year=2024, poster] ✗[plot, cast, director, backdrop, duration, tmdb]
2026-01-30 12:37:17.386 11485-11581 CatalogSyncService      com.fishit.player.v2                 D  Persisting Xtream catalog batch (NX-ONLY): 400 items (canonical_linking=true)
2026-01-30 12:37:17.408 11485-11582 XTC                     com.fishit.player.v2                 D  [LIVE] DTO→Raw #1000 | id=xtream:live:143675 | title="DE: Bad Blood 24/7" | sourceType=XTREAM | Fields: ✓[poster] ✗[year, plot, cast, director, backdrop, duration, tmdb]
2026-01-30 12:37:17.411 11485-11819 XTC                     com.fishit.player.v2                 D  [VOD] DTO→Raw #300 | id=xtream:vod:791360 | title="All of You | 2025 | 6.5 |" | sourceType=XTREAM | Fields: ✓[year=2025, poster] ✗[plot, cast, director, backdrop, duration, tmdb]
2026-01-30 12:37:17.416 11485-11583 XtreamCatalogScanWorker com.fishit.player.v2                 D  PROGRESS discovered=1296 persisted=0 phase=N/A
2026-01-30 12:37:17.453 11485-11819 XTC                     com.fishit.player.v2                 D  [VOD] DTO→Raw #350 | id=xtream:vod:788976 | title="Was ist Liebe wert - Materialists | 2025" | sourceType=XTREAM | Fields: ✓[year=2025, poster] ✗[plot, cast, director, backdrop, duration, tmdb]
2026-01-30 12:37:17.461 11485-11494 ishit.player.v2         com.fishit.player.v2                 I  Background young concurrent copying GC freed 829664(23MB) AllocSpace objects, 0(0B) LOS objects, 41% free, 26MB/44MB, paused 331us,195us total 103.433ms
2026-01-30 12:37:17.472 11485-11819 XTC                     com.fishit.player.v2                 D  [VOD] DTO→Raw #400 | id=xtream:vod:786362 | title="Checkmates - Ziemlich schräge Figuren | " | sourceType=XTREAM | Fields: ✓[year=2024, poster] ✗[plot, cast, director, backdrop, duration, tmdb]
2026-01-30 12:37:17.499 11485-11819 XTC                     com.fishit.player.v2                 D  [VOD] DTO→Raw #450 | id=xtream:vod:783657 | title="The Ballad of Wallis Island | 2025 | 7.0" | sourceType=XTREAM | Fields: ✓[year=2025, poster] ✗[plot, cast, director, backdrop, duration, tmdb]
2026-01-30 12:37:17.519 11485-11819 XTC                     com.fishit.player.v2                 D  [VOD] DTO→Raw #500 | id=xtream:vod:780844 | title="Shadow of God | 2025 | 5.0 |" | sourceType=XTREAM | Fields: ✓[year=2025, poster] ✗[plot, cast, director, backdrop, duration, tmdb]
2026-01-30 12:37:17.520 11485-11896 XtreamCatalogScanWorker com.fishit.player.v2                 D  PROGRESS discovered=1523 persisted=0 phase=N/A
2026-01-30 12:37:17.538 11485-11582 XTC                     com.fishit.player.v2                 D  [LIVE] DTO→Raw #1050 | id=xtream:live:364966 | title="DE: SCRUBS 24/7" | sourceType=XTREAM | Fields: ✓[poster] ✗[year, plot, cast, director, backdrop, duration, tmdb]
2026-01-30 12:37:17.593 11485-11582 XTC                     com.fishit.player.v2                 D  [LIVE] DTO→Raw #1100 | id=xtream:live:102696 | title="DE: Vera Marvel 5" | sourceType=XTREAM | Fields: ✓[poster] ✗[year, plot, cast, director, backdrop, duration, tmdb]
2026-01-30 12:37:17.620 11485-11819 XTC                     com.fishit.player.v2                 D  [VOD] DTO→Raw #550 | id=xtream:vod:779064 | title="Escape - Der unsichtbare Feind | 2024 | " | sourceType=XTREAM | Fields: ✓[year=2024, poster] ✗[plot, cast, director, backdrop, duration, tmdb]
2026-01-30 12:37:17.648 11485-11819 XTC                     com.fishit.player.v2                 D  [VOD] DTO→Raw #600 | id=xtream:vod:776412 | title="WWE WrestleMania 41: Sunday | 2025 | 6.1" | sourceType=XTREAM | Fields: ✓[year=2025, poster] ✗[plot, cast, director, backdrop, duration, tmdb]
2026-01-30 12:37:17.661 11485-11582 XTC                     com.fishit.player.v2                 D  [LIVE] DTO→Raw #1150 | id=xtream:live:150141 | title="DE-SELECT: 2 - ANEMONE" | sourceType=XTREAM | Fields: ✓[poster] ✗[year, plot, cast, director, backdrop, duration, tmdb]
2026-01-30 12:37:17.672 11485-11819 XTC                     com.fishit.player.v2                 D  [VOD] DTO→Raw #650 | id=xtream:vod:773840 | title="Vena | 2024 | 7.7 |" | sourceType=XTREAM | Fields: ✓[year=2024, poster] ✗[plot, cast, director, backdrop, duration, tmdb]
2026-01-30 12:37:17.691 11485-11819 XTC                     com.fishit.player.v2                 D  [VOD] DTO→Raw #700 | id=xtream:vod:771263 | title="Old Guy - Alter Hund mit neuen Tricks | " | sourceType=XTREAM | Fields: ✓[year=2024, poster] ✗[plot, cast, director, backdrop, duration, tmdb]
2026-01-30 12:37:17.712 11485-11819 XTC                     com.fishit.player.v2                 D  [VOD] DTO→Raw #750 | id=xtream:vod:767670 | title="We Live in Time | 2024 | 7.5 |" | sourceType=XTREAM | Fields: ✓[year=2024, poster] ✗[plot, cast, director, backdrop, duration, tmdb]
2026-01-30 12:37:17.715 11485-11582 XTC                     com.fishit.player.v2                 D  [LIVE] DTO→Raw #1200 | id=xtream:live:376376 | title="DE: One Piece - 5 Premium 24/7" | sourceType=XTREAM | Fields: ✓[poster] ✗[year, plot, cast, director, backdrop, duration, tmdb]
2026-01-30 12:37:17.730 11485-11819 XTC                     com.fishit.player.v2                 D  [VOD] DTO→Raw #800 | id=xtream:vod:765621 | title="The Killer | 2024 | 6.4 |" | sourceType=XTREAM | Fields: ✓[year=2024, poster] ✗[plot, cast, director, backdrop, duration, tmdb]
2026-01-30 12:37:17.747 11485-11819 XTC                     com.fishit.player.v2                 D  [VOD] DTO→Raw #850 | id=xtream:vod:763435 | title="Escape: Flucht in die Freiheit | 2024 | " | sourceType=XTREAM | Fields: ✓[year=2024, poster] ✗[plot, cast, director, backdrop, duration, tmdb]
2026-01-30 12:37:17.757 11485-11582 XTC                     com.fishit.player.v2                 D  [LIVE] DTO→Raw #1250 | id=xtream:live:360770 | title="DE: Wickie und die starken Maenner 2 - 2" | sourceType=XTREAM | Fields: ✓[poster] ✗[year, plot, cast, director, backdrop, duration, tmdb]
2026-01-30 12:37:17.766 11485-11819 XTC                     com.fishit.player.v2                 D  [VOD] DTO→Raw #900 | id=xtream:vod:761313 | title="Blitz | 2024 | 5.2 |" | sourceType=XTREAM | Fields: ✓[year=2024, poster] ✗[plot, cast, director, backdrop, duration, tmdb]
2026-01-30 12:37:17.784 11485-11819 XTC                     com.fishit.player.v2                 D  [VOD] DTO→Raw #950 | id=xtream:vod:756534 | title="Libre | 2024 | 5.9 |" | sourceType=XTREAM | Fields: ✓[year=2024, poster] ✗[plot, cast, director, backdrop, duration, tmdb]
2026-01-30 12:37:17.923 11485-11494 ishit.player.v2         com.fishit.player.v2                 I  Background concurrent copying GC freed 853606(24MB) AllocSpace objects, 0(0B) LOS objects, 46% free, 27MB/51MB, paused 155us,243us total 150.103ms
2026-01-30 12:37:19.397 11485-11585 CatalogSyncBootstrap    com.fishit.player.v2                 I  Catalog sync bootstrap triggered; activeSources=[XTREAM]
2026-01-30 12:37:19.397 11485-11585 CatalogSyncScheduler    com.fishit.player.v2                 D  Enqueueing AUTO sync
2026-01-30 12:37:19.404 11485-11585 CatalogSyncScheduler    com.fishit.player.v2                 D  Scheduling periodic incremental sync every 2 hours
2026-01-30 12:37:19.410 11485-11585 CatalogSyncScheduler    com.fishit.player.v2                 I  Periodic incremental sync scheduled: every 2 hours
2026-01-30 12:37:19.415 11485-11585 CatalogSyncBootstrap    com.fishit.player.v2                 I  Periodic incremental sync scheduled: every 2h
2026-01-30 12:37:19.452 11485-11610 WM-SystemJobScheduler   com.fishit.player.v2                 D  Scheduling work ID 8a38e009-61eb-4967-9f40-f062acebb790Job ID 3
2026-01-30 12:37:19.459 11485-11485 WM-SystemJobService     com.fishit.player.v2                 D  onStartJob for WorkGenerationalId(workSpecId=8a38e009-61eb-4967-9f40-f062acebb790, generation=0)
2026-01-30 12:37:19.459 11485-11610 WM-GreedyScheduler      com.fishit.player.v2                 D  Starting work for 8a38e009-61eb-4967-9f40-f062acebb790
2026-01-30 12:37:19.531 11485-11610 WM-SystemJobScheduler   com.fishit.player.v2                 D  Scheduling work ID e1f6b01c-4283-48d9-9b35-2b80dc0e94c3Job ID 4
2026-01-30 12:37:19.537 11485-11610 WM-GreedyScheduler      com.fishit.player.v2                 D  Starting tracking for e1f6b01c-4283-48d9-9b35-2b80dc0e94c3
2026-01-30 12:37:19.549 11485-11485 WM-SystemJobService     com.fishit.player.v2                 D  onStartJob for WorkGenerationalId(workSpecId=e1f6b01c-4283-48d9-9b35-2b80dc0e94c3, generation=0)
2026-01-30 12:37:19.560 11485-11608 WM-Processor            com.fishit.player.v2                 D  Processor: processing WorkGenerationalId(workSpecId=8a38e009-61eb-4967-9f40-f062acebb790, generation=0)
2026-01-30 12:37:19.569 11485-11608 WM-Processor            com.fishit.player.v2                 D  Work WorkGenerationalId(workSpecId=8a38e009-61eb-4967-9f40-f062acebb790, generation=0) is already enqueued for processing
2026-01-30 12:37:19.588 11485-11608 WM-Processor            com.fishit.player.v2                 D  Processor: processing WorkGenerationalId(workSpecId=e1f6b01c-4283-48d9-9b35-2b80dc0e94c3, generation=0)
2026-01-30 12:37:19.607 11485-11485 WM-WorkerWrapper        com.fishit.player.v2                 D  Starting work for com.fishit.player.v2.work.CatalogSyncOrchestratorWorker
2026-01-30 12:37:19.608 11485-11820 CatalogSyn...atorWorker com.fishit.player.v2                 I  START sync_run_id=aabbae39-7266-4567-b575-539ab2d89e0c mode=auto
2026-01-30 12:37:19.612 11485-11820 RuntimeGuards           com.fishit.player.v2                 D  Manual sync (auto) - skipping battery guard (level=63%)
2026-01-30 12:37:19.613 11485-11820 CatalogSyn...atorWorker com.fishit.player.v2                 I  Active sources check: [XTREAM] (isEmpty=false)
2026-01-30 12:37:19.613 11485-11820 CatalogSyn...atorWorker com.fishit.player.v2                 D  Active sources: [XTREAM] (TELEGRAM=false, XTREAM=true, IO=false)
2026-01-30 12:37:19.618 11485-11820 CatalogSyn...atorWorker com.fishit.player.v2                 D  Enqueued Xtream chain: work_name=catalog_sync_global_xtream policy=KEEP workers=2
2026-01-30 12:37:19.619 11485-11820 CatalogSyn...atorWorker com.fishit.player.v2                 D  Telegram not in active sources - skipping Telegram workers
2026-01-30 12:37:19.620 11485-11820 CatalogSyn...atorWorker com.fishit.player.v2                 D  📊 WorkInfo chains enqueued:
                                                                                                      [XTREAM] work_name=catalog_sync_global_xtream → ENQUEUED
                                                                                                      Use 'adb shell dumpsys jobscheduler' or WorkManager Inspector for detailed state
2026-01-30 12:37:19.621 11485-11820 CatalogSyn...atorWorker com.fishit.player.v2                 I  CHAINS_ENQUEUED duration_ms=13 policy=KEEP sources=XTREAM (downstream workers will report completion)
2026-01-30 12:37:19.622 11485-11485 WM-WorkerWrapper        com.fishit.player.v2                 D  Starting work for com.fishit.player.v2.work.CatalogSyncOrchestratorWorker
2026-01-30 12:37:19.623 11485-11581 CatalogSyn...atorWorker com.fishit.player.v2                 I  START sync_run_id=periodic_1769773039407 mode=incremental
2026-01-30 12:37:19.627 11485-11581 RuntimeGuards           com.fishit.player.v2                 D  Manual sync (incremental) - skipping battery guard (level=63%)
2026-01-30 12:37:19.628 11485-11581 CatalogSyn...atorWorker com.fishit.player.v2                 I  Active sources check: [XTREAM] (isEmpty=false)
2026-01-30 12:37:19.628 11485-11581 CatalogSyn...atorWorker com.fishit.player.v2                 D  Active sources: [XTREAM] (TELEGRAM=false, XTREAM=true, IO=false)
2026-01-30 12:37:19.629 11485-11608 WM-ConstraintTracker    com.fishit.player.v2                 D  BatteryNotLowTracker: initial state = true
2026-01-30 12:37:19.629 11485-11608 WM-BrdcstRcvrCnstrntTrc com.fishit.player.v2                 D  BatteryNotLowTracker: registering receiver
2026-01-30 12:37:19.634 11485-11581 CatalogSyn...atorWorker com.fishit.player.v2                 D  Enqueued Xtream chain: work_name=catalog_sync_global_xtream policy=KEEP workers=2
2026-01-30 12:37:19.635 11485-11581 CatalogSyn...atorWorker com.fishit.player.v2                 D  Telegram not in active sources - skipping Telegram workers
2026-01-30 12:37:19.636 11485-11581 CatalogSyn...atorWorker com.fishit.player.v2                 D  📊 WorkInfo chains enqueued:
                                                                                                      [XTREAM] work_name=catalog_sync_global_xtream → ENQUEUED
                                                                                                      Use 'adb shell dumpsys jobscheduler' or WorkManager Inspector for detailed state
2026-01-30 12:37:19.637 11485-11581 CatalogSyn...atorWorker com.fishit.player.v2                 I  CHAINS_ENQUEUED duration_ms=14 policy=KEEP sources=XTREAM (downstream workers will report completion)
2026-01-30 12:37:19.646 11485-11608 WM-ConstraintTracker    com.fishit.player.v2                 D  NetworkStateTracker24: initial state = NetworkState(isConnected=true, isValidated=true, isMetered=true, isNotRoaming=true)
2026-01-30 12:37:19.646 11485-11608 WM-NetworkStateTracker  com.fishit.player.v2                 D  Registering network callback
2026-01-30 12:37:19.648 11485-11608 ConnectivityManager     com.fishit.player.v2                 D  StackLog: [android.net.ConnectivityManager.sendRequestForNetwork(ConnectivityManager.java:4402)] [android.net.ConnectivityManager.registerDefaultNetworkCallbackForUid(ConnectivityManager.java:4966)] [android.net.ConnectivityManager.registerDefaultNetworkCallback(ConnectivityManager.java:4933)] [android.net.ConnectivityManager.registerDefaultNetworkCallback(ConnectivityManager.java:4907)] [androidx.work.impl.utils.NetworkApi24.registerDefaultNetworkCallbackCompat(NetworkApi24.kt:26)] [androidx.work.impl.constraints.trackers.NetworkStateTracker24.startTracking(NetworkStateTracker.kt:165)] [androidx.work.impl.constraints.trackers.ConstraintTracker.addListener(ConstraintTracker.kt:52)] [androidx.work.impl.constraints.controllers.BaseConstraintController$track$1.invokeSuspend(ContraintControllers.kt:62)] [androidx.work.impl.constraints.controllers.BaseConstraintController$track$1.invoke(Unknown Source:8)] [androidx.work.impl.constraints.controllers.BaseConstraintController$track$1.invoke(Unknown Source:4)] [kotlinx.coroutines.flow.ChannelFlowBuilder.collectTo$suspendImpl(Builders.kt:316)] [kotlinx.coroutines.flow.ChannelFlowBuilder.collectTo(Unknown Source:0)] [kotlinx.coroutines.flow.CallbackFlowBuilder.collectTo(Builders.kt:330)] [kotlinx.coroutines.flow.internal.ChannelFlow$collectToFun$1.invokeSuspend(ChannelFlow.kt:56)] [kotlin.coroutines.jvm.internal.BaseContinuationImpl.resumeWith(ContinuationImpl.kt:34)] [kotlinx.coroutines.DispatchedTask.run(DispatchedTask.kt:100)] [androidx.work.impl.utils.SerialExecutorImpl$Task.run(SerialExecutorImpl.java:96)] [java.util.concurrent.ThreadPoolExecutor.runWorker(ThreadPoolExecutor.java:1145)] [java.util.concurrent.ThreadPoolExecutor$Worker.run(ThreadPoolExecutor.java:644)] [java.lang.Thread.run(Thread.java:1012)]
2026-01-30 12:37:19.657 11485-11900 WM-NetworkStateTracker  com.fishit.player.v2                 D  Network capabilities changed: [ Transports: CELLULAR Capabilities: SUPL&INTERNET&NOT_RESTRICTED&TRUSTED&NOT_VPN&VALIDATED&NOT_ROAMING&FOREGROUND&NOT_CONGESTED&NOT_SUSPENDED&NOT_VCN_MANAGED LinkUpBandwidth>=14251Kbps LinkDnBandwidth>=37680Kbps Specifier: <TelephonyNetworkSpecifier [mSubId = 1]> SubscriptionIds: {1} UnderlyingNetworks: Null]
2026-01-30 12:37:19.668 11485-11608 WM-EnqueueRunnable      com.fishit.player.v2                 E  Prerequisite 3764c950-f5fa-41db-92e8-4d8d45dec0e4 doesn't exist; not enqueuing
2026-01-30 12:37:19.675 11485-11608 WM-WorkerWrapper        com.fishit.player.v2                 I  Worker result SUCCESS for Work [ id=8a38e009-61eb-4967-9f40-f062acebb790, tags={ com.fishit.player.v2.work.CatalogSyncOrchestratorWorker,catalog_sync,mode_auto,worker/CatalogSyncOrchestratorWorker } ]
2026-01-30 12:37:19.683 11485-11485 WM-Processor            com.fishit.player.v2                 D  Processor 8a38e009-61eb-4967-9f40-f062acebb790 executed; reschedule = false
2026-01-30 12:37:19.684 11485-11485 WM-SystemJobService     com.fishit.player.v2                 D  8a38e009-61eb-4967-9f40-f062acebb790 executed on JobScheduler
2026-01-30 12:37:19.693 11485-11608 WM-EnqueueRunnable      com.fishit.player.v2                 E  Prerequisite 091c89e6-07b8-450d-9fcb-5a7d7c46a516 doesn't exist; not enqueuing
2026-01-30 12:37:19.697 11485-11608 WM-WorkerWrapper        com.fishit.player.v2                 I  Worker result SUCCESS for Work [ id=e1f6b01c-4283-48d9-9b35-2b80dc0e94c3, tags={ com.fishit.player.v2.work.CatalogSyncOrchestratorWorker,catalog_sync,mode_incremental,worker/CatalogSyncOrchestratorWorker } ]
2026-01-30 12:37:19.702 11485-11485 WM-Processor            com.fishit.player.v2                 D  Processor e1f6b01c-4283-48d9-9b35-2b80dc0e94c3 executed; reschedule = false
2026-01-30 12:37:19.703 11485-11485 WM-GreedyScheduler      com.fishit.player.v2                 D  Stopping tracking for WorkGenerationalId(workSpecId=e1f6b01c-4283-48d9-9b35-2b80dc0e94c3, generation=0)
2026-01-30 12:37:19.705 11485-11485 WM-SystemJobService     com.fishit.player.v2                 D  e1f6b01c-4283-48d9-9b35-2b80dc0e94c3 executed on JobScheduler
2026-01-30 12:37:19.711 11485-11608 WM-GreedyScheduler      com.fishit.player.v2                 D  Cancelling work ID 8a38e009-61eb-4967-9f40-f062acebb790
2026-01-30 12:37:19.725 11485-11608 WM-SystemJobScheduler   com.fishit.player.v2                 D  Scheduling work ID e1f6b01c-4283-48d9-9b35-2b80dc0e94c3Job ID 4
2026-01-30 12:37:19.738 11485-11608 WM-GreedyScheduler      com.fishit.player.v2                 D  Cancelling work ID e1f6b01c-4283-48d9-9b35-2b80dc0e94c3
2026-01-30 12:37:19.744 11485-11608 WM-BrdcstRcvrCnstrntTrc com.fishit.player.v2                 D  BatteryNotLowTracker: unregistering receiver
2026-01-30 12:37:19.748 11485-11608 WM-NetworkStateTracker  com.fishit.player.v2                 D  Unregistering network callback
