2026-01-30 12:37:19.749 11485-11608 ConnectivityManager     com.fishit.player.v2                 D  StackLog: [android.net.ConnectivityManager.unregisterNetworkCallback(ConnectivityManager.java:5076)] [androidx.work.impl.utils.NetworkApi21.unregisterNetworkCallbackCompat(NetworkApi21.kt:28)] [androidx.work.impl.constraints.trackers.NetworkStateTracker24.stopTracking(NetworkStateTracker.kt:180)] [androidx.work.impl.constraints.trackers.ConstraintTracker.removeListener(ConstraintTracker.kt:67)] [androidx.work.impl.constraints.controllers.BaseConstraintController$track$1$1.invoke(ContraintControllers.kt:63)] [androidx.work.impl.constraints.controllers.BaseConstraintController$track$1$1.invoke(ContraintControllers.kt:63)] [kotlinx.coroutines.channels.ProduceKt.awaitClose(Produce.kt:69)] [kotlinx.coroutines.channels.ProduceKt$awaitClose$1.invokeSuspend(Unknown Source:13)] [kotlin.coroutines.jvm.internal.BaseContinuationImpl.resumeWith(ContinuationImpl.kt:34)] [kotlinx.coroutines.DispatchedTask.run(DispatchedTask.kt:98)] [androidx.work.impl.utils.SerialExecutorImpl$Task.run(SerialExecutorImpl.java:96)] [java.util.concurrent.ThreadPoolExecutor.runWorker(ThreadPoolExecutor.java:1145)] [java.util.concurrent.ThreadPoolExecutor$Worker.run(ThreadPoolExecutor.java:644)] [java.lang.Thread.run(Thread.java:1012)]
2026-01-30 12:37:20.448 11485-11580 NxCatalogWriter         com.fishit.player.v2                 E  Failed to ingest: DE: DAZN 1
                                                                                                    io.objectbox.exception.UniqueViolationException: Unique constraint for NX_Work.workKey would be violated by putting object with ID 194 because same property value already exists in object with ID 193
                                                                                                    	at io.objectbox.Cursor.collect004000(Native Method)
                                                                                                    	at com.fishit.player.core.persistence.obx.NX_WorkCursor.put(NX_WorkCursor.java:150)
                                                                                                    	at com.fishit.player.core.persistence.obx.NX_WorkCursor.put(NX_WorkCursor.java:18)
                                                                                                    	at io.objectbox.Box.put(Box.java:364)
                                                                                                    	at com.fishit.player.infra.data.nx.repository.NxWorkRepositoryImpl$upsert$2.invokeSuspend(NxWorkRepositoryImpl.kt:298)
                                                                                                    	at kotlin.coroutines.jvm.internal.BaseContinuationImpl.resumeWith(ContinuationImpl.kt:34)
                                                                                                    	at kotlinx.coroutines.DispatchedTask.run(DispatchedTask.kt:100)
                                                                                                    	at kotlinx.coroutines.internal.LimitedDispatcher$Worker.run(LimitedDispatcher.kt:124)
                                                                                                    	at kotlinx.coroutines.scheduling.TaskImpl.run(Tasks.kt:89)
                                                                                                    	at kotlinx.coroutines.scheduling.CoroutineScheduler.runSafely(CoroutineScheduler.kt:586)
                                                                                                    	at kotlinx.coroutines.scheduling.CoroutineScheduler$Worker.executeTask(CoroutineScheduler.kt:820)
                                                                                                    	at kotlinx.coroutines.scheduling.CoroutineScheduler$Worker.runWorker(CoroutineScheduler.kt:717)
                                                                                                    	at kotlinx.coroutines.scheduling.CoroutineScheduler$Worker.run(CoroutineScheduler.kt:704)
2026-01-30 12:37:27.247 11485-11485 ViewRootIm...nActivity] com.fishit.player.v2                 I  ViewPostIme pointer 0
2026-01-30 12:37:27.436 11485-11485 Compatibil...geReporter com.fishit.player.v2                 D  Compat change id reported: 171228096; UID 10459; state: ENABLED
2026-01-30 12:37:27.462 11485-11485 ViewRootIm...nActivity] com.fishit.player.v2                 I  ViewPostIme pointer 1
2026-01-30 12:37:27.666 11485-11494 ishit.player.v2         com.fishit.player.v2                 I  Background concurrent copying GC freed 824044(26MB) AllocSpace objects, 0(0B) LOS objects, 46% free, 28MB/52MB, paused 202us,91us total 106.628ms
2026-01-30 12:37:28.787 11485-11485 ViewRootIm...nActivity] com.fishit.player.v2                 I  ViewPostIme pointer 0
2026-01-30 12:37:28.863 11485-11485 ViewRootIm...nActivity] com.fishit.player.v2                 I  ViewPostIme pointer 1
2026-01-30 12:37:28.967 11485-11485 NxHomeContentRepo       com.fishit.player.v2                 I  🎬 getMoviesPagingData() CALLED - Creating Movies PagingSource
2026-01-30 12:37:28.973 11485-11485 NxHomeContentRepo       com.fishit.player.v2                 I  📺 getSeriesPagingData() CALLED - Creating Series PagingSource
2026-01-30 12:37:28.979 11485-11485 HomeViewModel           com.fishit.player.v2                 I  🏠 HomeViewModel INIT - Creating content flows and paging sources
2026-01-30 12:37:29.183 11485-11485 NxHomeContentRepo       com.fishit.player.v2                 D  🎬 Movies PagingSource FACTORY invoked
2026-01-30 12:37:29.212 11485-11485 NxHomeContentRepo       com.fishit.player.v2                 D  📺 Series PagingSource FACTORY invoked
2026-01-30 12:37:29.489 11485-11494 ishit.player.v2         com.fishit.player.v2                 I  Background concurrent copying GC freed 859313(26MB) AllocSpace objects, 0(0B) LOS objects, 43% free, 30MB/54MB, paused 304us,149us total 136.625ms
2026-01-30 12:37:29.748 11485-11485 WorkManage...teObserver com.fishit.player.v2                 I  Sync state: SUCCEEDED
2026-01-30 12:37:30.132 11485-11829 TrafficStats            com.fishit.player.v2                 D  tagSocket(109) with statsTag=0xffffffff, statsUid=-1
2026-01-30 12:37:30.191 11485-11831 TrafficStats            com.fishit.player.v2                 D  tagSocket(139) with statsTag=0xffffffff, statsUid=-1
2026-01-30 12:37:30.192 11485-11947 TrafficStats            com.fishit.player.v2                 D  tagSocket(168) with statsTag=0xffffffff, statsUid=-1
2026-01-30 12:37:30.194 11485-11948 TrafficStats            com.fishit.player.v2                 D  tagSocket(160) with statsTag=0xffffffff, statsUid=-1
2026-01-30 12:37:30.239 11485-11494 ishit.player.v2         com.fishit.player.v2                 I  Background concurrent copying GC freed 1020044(31MB) AllocSpace objects, 1(20KB) LOS objects, 41% free, 33MB/57MB, paused 189us,46us total 159.126ms
2026-01-30 12:37:30.308 11485-11949 TrafficStats            com.fishit.player.v2                 D  tagSocket(177) with statsTag=0xffffffff, statsUid=-1
2026-01-30 12:37:30.326 11485-11493 ishit.player.v2         com.fishit.player.v2                 I  Compiler allocated 7198KB to compile void android.view.ViewRootImpl.performTraversals()
2026-01-30 12:37:30.345 11485-11948 TrafficStats            com.fishit.player.v2                 D  tagSocket(178) with statsTag=0xffffffff, statsUid=-1
2026-01-30 12:37:30.356 11485-11613 OpenGLRenderer          com.fishit.player.v2                 I  Davey! duration=851ms; Flags=0, FrameTimelineVsyncId=2118853, IntendedVsync=46553999904590, Vsync=46554300329792, InputEventId=0, HandleInputStart=46554317202162, AnimationStart=46554317222508, PerformTraversalsStart=46554439421546, DrawStart=46554439785969, FrameDeadline=46554267363947, FrameInterval=46554316467046, FrameStartTime=16690289, SyncQueued=46554700822546, SyncStart=46554700988008, IssueDrawCommandsStart=46554701361085, SwapBuffers=46554847895661, FrameCompleted=46554851450815, DequeueBufferDuration=35038, QueueBufferDuration=514808, GpuCompleted=46554851450815, SwapBuffersCompleted=46554850538815, DisplayPresentTime=288234774265332736, CommandSubmissionCompleted=46554847895661,
2026-01-30 12:37:31.187 11485-11494 ishit.player.v2         com.fishit.player.v2                 I  Background concurrent copying GC freed 1245271(38MB) AllocSpace objects, 7(140KB) LOS objects, 40% free, 34MB/58MB, paused 369us,139us total 284.801ms
2026-01-30 12:37:33.419 11485-11485 ViewRootIm...nActivity] com.fishit.player.v2                 I  ViewPostIme pointer 0
2026-01-30 12:37:33.489 11485-11494 ishit.player.v2         com.fishit.player.v2                 I  Background concurrent copying GC freed 941473(34MB) AllocSpace objects, 13(260KB) LOS objects, 40% free, 35MB/59MB, paused 191us,318us total 131.189ms
2026-01-30 12:37:33.600 11485-11485 ViewRootIm...nActivity] com.fishit.player.v2                 I  ViewPostIme pointer 1
2026-01-30 12:37:34.015 11485-11485 ViewRootIm...nActivity] com.fishit.player.v2                 I  ViewPostIme pointer 0
2026-01-30 12:37:34.160 11485-11485 ViewRootIm...nActivity] com.fishit.player.v2                 I  ViewPostIme pointer 1
2026-01-30 12:37:34.230 11485-11493 ishit.player.v2         com.fishit.player.v2                 I  Compiler allocated 7198KB to compile void android.view.ViewRootImpl.performTraversals()
2026-01-30 12:37:34.324 11485-11485 ViewRootIm...nActivity] com.fishit.player.v2                 I  ViewPostIme pointer 0
2026-01-30 12:37:34.404 11485-11822 CatalogSyncService      com.fishit.player.v2                 D  Xtream batch complete (NX): ingested=400 ingest_ms=17030 total_ms=17032
2026-01-30 12:37:34.423 11485-11587 XTC                     com.fishit.player.v2                 D  [VOD] DTO→Raw #1000 | id=xtream:vod:755046 | title="Arcadian | 2024 | 6.0 |" | sourceType=XTREAM | Fields: ✓[year=2024, poster] ✗[plot, cast, director, backdrop, duration, tmdb]
2026-01-30 12:37:34.430 11485-11583 CatalogSyncService      com.fishit.player.v2                 D  Xtream batch complete (NX): ingested=400 ingest_ms=17038 total_ms=17045
2026-01-30 12:37:34.431 11485-11821 XtreamCatalogScanWorker com.fishit.player.v2                 D  PROGRESS discovered=2280 persisted=400 phase=N/A
2026-01-30 12:37:34.434 11485-11485 ViewRootIm...nActivity] com.fishit.player.v2                 I  ViewPostIme pointer 1
2026-01-30 12:37:34.458 11485-11822 CatalogSyncService      com.fishit.player.v2                 D  Persisting Xtream catalog batch (NX-ONLY): 400 items (canonical_linking=true)
2026-01-30 12:37:34.466 11485-11585 XTC                     com.fishit.player.v2                 D  [LIVE] DTO→Raw #1300 | id=xtream:live:769591 | title="Black Visionaries" | sourceType=XTREAM | Fields: ✓[poster] ✗[year, plot, cast, director, backdrop, duration, tmdb]
2026-01-30 12:37:34.481 11485-11583 CatalogSyncService      com.fishit.player.v2                 D  Persisting Xtream catalog batch (NX-ONLY): 400 items (canonical_linking=true)
2026-01-30 12:37:34.537 11485-11585 XTC                     com.fishit.player.v2                 D  [LIVE] DTO→Raw #1350 | id=xtream:live:769641 | title="Perry Mason" | sourceType=XTREAM | Fields: ✓[poster] ✗[year, plot, cast, director, backdrop, duration, tmdb]
2026-01-30 12:37:34.556 11485-11582 XTC                     com.fishit.player.v2                 D  [VOD] DTO→Raw #1050 | id=xtream:vod:753417 | title="The Crow | 2024 | 5.3 |" | sourceType=XTREAM | Fields: ✓[year=2024, poster] ✗[plot, cast, director, backdrop, duration, tmdb]
2026-01-30 12:37:34.573 11485-11494 ishit.player.v2         com.fishit.player.v2                 I  Background concurrent copying GC freed 1230426(39MB) AllocSpace objects, 0(0B) LOS objects, 36% free, 41MB/65MB, paused 2.869ms,187us total 271.522ms
2026-01-30 12:37:34.602 11485-11585 XTC                     com.fishit.player.v2                 D  [LIVE] DTO→Raw #1400 | id=xtream:live:769691 | title="Dateline 24/7" | sourceType=XTREAM | Fields: ✓[poster] ✗[year, plot, cast, director, backdrop, duration, tmdb]
2026-01-30 12:37:34.612 11485-11582 XTC                     com.fishit.player.v2                 D  [VOD] DTO→Raw #1100 | id=xtream:vod:751157 | title="The Good Half | 2024 | 5.3 |" | sourceType=XTREAM | Fields: ✓[year=2024, poster] ✗[plot, cast, director, backdrop, duration, tmdb]
2026-01-30 12:37:34.627 11485-11582 XTC                     com.fishit.player.v2                 D  [VOD] DTO→Raw #1150 | id=xtream:vod:749239 | title="Nightwatch - Demons Are Forever | 2023 |" | sourceType=XTREAM | Fields: ✓[year=2023, poster] ✗[plot, cast, director, backdrop, duration, tmdb]
2026-01-30 12:37:34.641 11485-11582 XTC                     com.fishit.player.v2                 D  [VOD] DTO→Raw #1200 | id=xtream:vod:746657 | title="Spieleabend | 2024 | 6.7 |" | sourceType=XTREAM | Fields: ✓[year=2024, poster] ✗[plot, cast, director, backdrop, duration, tmdb]
2026-01-30 12:37:34.651 11485-11582 XTC                     com.fishit.player.v2                 D  [VOD] DTO→Raw #1250 | id=xtream:vod:744770 | title="We Grown Now | 2024 | 7.2 |" | sourceType=XTREAM | Fields: ✓[year=2024, poster] ✗[plot, cast, director, backdrop, duration, tmdb]
2026-01-30 12:37:34.661 11485-11585 XTC                     com.fishit.player.v2                 D  [LIVE] DTO→Raw #1450 | id=xtream:live:769741 | title="Top Chef Vault" | sourceType=XTREAM | Fields: ✓[poster] ✗[year, plot, cast, director, backdrop, duration, tmdb]
2026-01-30 12:37:34.662 11485-11950 CatalogSyncService      com.fishit.player.v2                 D  Xtream batch complete (NX): ingested=400 ingest_ms=17289 total_ms=17291
2026-01-30 12:37:34.662 11485-11582 XTC                     com.fishit.player.v2                 D  [VOD] DTO→Raw #1300 | id=xtream:vod:743327 | title="The Last Rifleman | 2023 | 6.7 |" | sourceType=XTREAM | Fields: ✓[year=2023, poster] ✗[plot, cast, director, backdrop, duration, tmdb]
2026-01-30 12:37:34.681 11485-11582 XTC                     com.fishit.player.v2                 D  [VOD] DTO→Raw #1350 | id=xtream:vod:741596 | title="Chantal im Märchenland | 2024 | 5.2 |" | sourceType=XTREAM | Fields: ✓[year=2024, poster] ✗[plot, cast, director, backdrop, duration, tmdb]
2026-01-30 12:37:34.773 11485-11582 XTC                     com.fishit.player.v2                 D  [VOD] DTO→Raw #1400 | id=xtream:vod:740067 | title="Die Knochenfrau | 2023 | 5.8 |" | sourceType=XTREAM | Fields: ✓[year=2023, poster] ✗[plot, cast, director, backdrop, duration, tmdb]
2026-01-30 12:37:34.781 11485-11950 CatalogSyncService      com.fishit.player.v2                 D  Persisting Xtream catalog batch (NX-ONLY): 400 items (canonical_linking=true)
2026-01-30 12:37:34.790 11485-11582 XTC                     com.fishit.player.v2                 D  [VOD] DTO→Raw #1450 | id=xtream:vod:731525 | title="Für immer | 2023 | 6.1 |" | sourceType=XTREAM | Fields: ✓[year=2023, poster] ✗[plot, cast, director, backdrop, duration, tmdb]
2026-01-30 12:37:34.807 11485-11582 XTC                     com.fishit.player.v2                 D  [VOD] DTO→Raw #1500 | id=xtream:vod:728107 | title="My Name Is Loh Kiwan | 2024 | 6.0 |" | sourceType=XTREAM | Fields: ✓[year=2024, poster] ✗[plot, cast, director, backdrop, duration, tmdb]
2026-01-30 12:37:34.807 11485-11585 XTC                     com.fishit.player.v2                 D  [LIVE] DTO→Raw #1500 | id=xtream:live:769791 | title="CBS News Chicago" | sourceType=XTREAM | Fields: ✓[poster] ✗[year, plot, cast, director, backdrop, duration, tmdb]
2026-01-30 12:37:34.810 11485-11930 XtreamCatalogScanWorker com.fishit.player.v2                 D  PROGRESS discovered=2999 persisted=1200 phase=N/A
2026-01-30 12:37:34.811 11485-11930 XtreamCatalogScanWorker com.fishit.player.v2                 D  PROGRESS discovered=3000 persisted=1200 phase=N/A
2026-01-30 12:37:34.903 11485-11585 XTC                     com.fishit.player.v2                 D  [LIVE] DTO→Raw #1550 | id=xtream:live:769841 | title="Pluto TV Science" | sourceType=XTREAM | Fields: ✓[poster] ✗[year, plot, cast, director, backdrop, duration, tmdb]
2026-01-30 12:37:34.903 11485-11582 XTC                     com.fishit.player.v2                 D  [VOD] DTO→Raw #1550 | id=xtream:vod:704641 | title="Cat Person | 2023 | 6.2 |" | sourceType=XTREAM | Fields: ✓[year=2023, poster] ✗[plot, cast, director, backdrop, duration, tmdb]
2026-01-30 12:37:34.919 11485-11582 XTC                     com.fishit.player.v2                 D  [VOD] DTO→Raw #1600 | id=xtream:vod:696436 | title="Naughty - Entfesselte Lust | 2023 | 5.8 " | sourceType=XTREAM | Fields: ✓[year=2023, poster] ✗[plot, cast, director, backdrop, duration, tmdb]
2026-01-30 12:37:34.937 11485-11585 XTC                     com.fishit.player.v2                 D  [LIVE] DTO→Raw #1600 | id=xtream:live:769891 | title="Totally Teen" | sourceType=XTREAM | Fields: ✓[poster] ✗[year, plot, cast, director, backdrop, duration, tmdb]
2026-01-30 12:37:34.951 11485-11582 XTC                     com.fishit.player.v2                 D  [VOD] DTO→Raw #1650 | id=xtream:vod:692594 | title="Slotherhouse - Ein Faultier zum Fürchten" | sourceType=XTREAM | Fields: ✓[year=2023, poster] ✗[plot, cast, director, backdrop, duration, tmdb]
2026-01-30 12:37:34.979 11485-11582 XTC                     com.fishit.player.v2                 D  [VOD] DTO→Raw #1700 | id=xtream:vod:674679 | title="A Royal Corgi Christmas - Weihnachten wi" | sourceType=XTREAM | Fields: ✓[year=2022, poster] ✗[plot, cast, director, backdrop, duration, tmdb]
2026-01-30 12:37:34.982 11485-11585 XTC                     com.fishit.player.v2                 D  [LIVE] DTO→Raw #1650 | id=xtream:live:769941 | title="EstrellaTV" | sourceType=XTREAM | Fields: ✓[poster] ✗[year, plot, cast, director, backdrop, duration, tmdb]
2026-01-30 12:37:35.029 11485-11582 XTC                     com.fishit.player.v2                 D  [VOD] DTO→Raw #1750 | id=xtream:vod:672225 | title="Elf Me | 2023 | 6.2 |" | sourceType=XTREAM | Fields: ✓[year=2023, poster] ✗[plot, cast, director, backdrop, duration, tmdb]
2026-01-30 12:37:35.043 11485-11494 ishit.player.v2         com.fishit.player.v2                 I  Background young concurrent copying GC freed 1100046(32MB) AllocSpace objects, 0(0B) LOS objects, 34% free, 43MB/65MB, paused 692us,167us total 138.204ms
2026-01-30 12:37:35.370 11485-11494 ishit.player.v2         com.fishit.player.v2                 I  Background concurrent copying GC freed 1287200(40MB) AllocSpace objects, 0(0B) LOS objects, 40% free, 34MB/58MB, paused 124us,56us total 116.730ms
2026-01-30 12:37:37.274 11485-11494 ishit.player.v2         com.fishit.player.v2                 I  Background concurrent copying GC freed 880094(31MB) AllocSpace objects, 0(0B) LOS objects, 40% free, 35MB/59MB, paused 138us,59us total 105.735ms
2026-01-30 12:37:39.081 11485-11494 ishit.player.v2         com.fishit.player.v2                 I  Background concurrent copying GC freed 1149457(39MB) AllocSpace objects, 0(0B) LOS objects, 39% free, 37MB/61MB, paused 207us,149us total 191.859ms
2026-01-30 12:37:40.154 11485-11494 ishit.player.v2         com.fishit.player.v2                 I  Background concurrent copying GC freed 1220678(40MB) AllocSpace objects, 0(0B) LOS objects, 40% free, 34MB/58MB, paused 231us,55us total 180.211ms
2026-01-30 12:37:41.485 11485-11494 ishit.player.v2         com.fishit.player.v2                 I  Background concurrent copying GC freed 961377(33MB) AllocSpace objects, 0(0B) LOS objects, 39% free, 36MB/60MB, paused 175us,97us total 111.970ms
2026-01-30 12:37:42.296 11485-11494 ishit.player.v2         com.fishit.player.v2                 I  Background concurrent copying GC freed 1062832(34MB) AllocSpace objects, 0(0B) LOS objects, 39% free, 36MB/60MB, paused 156us,115us total 122.155ms
2026-01-30 12:37:43.085 11485-11494 ishit.player.v2         com.fishit.player.v2                 I  Background concurrent copying GC freed 1080610(35MB) AllocSpace objects, 0(0B) LOS objects, 40% free, 35MB/59MB, paused 163us,116us total 107.711ms
2026-01-30 12:37:44.279 11485-11494 ishit.player.v2         com.fishit.player.v2                 I  Background concurrent copying GC freed 985920(33MB) AllocSpace objects, 0(0B) LOS objects, 39% free, 36MB/60MB, paused 147us,95us total 106.114ms
2026-01-30 12:37:45.063 11485-11494 ishit.player.v2         com.fishit.player.v2                 I  Background concurrent copying GC freed 1007342(33MB) AllocSpace objects, 0(0B) LOS objects, 38% free, 38MB/62MB, paused 135us,55us total 128.588ms
2026-01-30 12:37:46.356 11485-11494 ishit.player.v2         com.fishit.player.v2                 I  Background concurrent copying GC freed 1029924(35MB) AllocSpace objects, 0(0B) LOS objects, 38% free, 38MB/62MB, paused 194us,659us total 140.935ms
2026-01-30 12:37:47.158 11485-11494 ishit.player.v2         com.fishit.player.v2                 I  Background concurrent copying GC freed 1024312(33MB) AllocSpace objects, 0(0B) LOS objects, 40% free, 35MB/59MB, paused 99us,755us total 125.720ms
2026-01-30 12:37:48.308 11485-11494 ishit.player.v2         com.fishit.player.v2                 I  Background concurrent copying GC freed 947095(33MB) AllocSpace objects, 0(0B) LOS objects, 40% free, 35MB/59MB, paused 155us,89us total 108.001ms
2026-01-30 12:37:49.283 11485-11494 ishit.player.v2         com.fishit.player.v2                 I  Background concurrent copying GC freed 951223(32MB) AllocSpace objects, 0(0B) LOS objects, 38% free, 38MB/62MB, paused 160us,57us total 124.690ms
2026-01-30 12:37:49.940 11485-11952 CatalogSyncService      com.fishit.player.v2                 D  Xtream batch complete (NX): ingested=400 ingest_ms=15458 total_ms=15459
2026-01-30 12:37:49.959 11485-11952 CatalogSyncService      com.fishit.player.v2                 D  Persisting Xtream catalog batch (NX-ONLY): 400 items (canonical_linking=true)
2026-01-30 12:37:49.964 11485-11950 XTC                     com.fishit.player.v2                 D  [LIVE] DTO→Raw #1700 | id=xtream:live:769991 | title="CBS News Chicago" | sourceType=XTREAM | Fields: ✓[poster] ✗[year, plot, cast, director, backdrop, duration, tmdb]
2026-01-30 12:37:49.968 11485-11955 XTC                     com.fishit.player.v2                 D  [VOD] DTO→Raw #1800 | id=xtream:vod:669556 | title="The Royal Nanny | 2022 | 6.2 |" | sourceType=XTREAM | Fields: ✓[year=2022, poster] ✗[plot, cast, director, backdrop, duration, tmdb]
2026-01-30 12:37:49.992 11485-11955 XTC                     com.fishit.player.v2                 D  [VOD] DTO→Raw #1850 | id=xtream:vod:667269 | title="As They Made Us | 2022 | 5.5 |" | sourceType=XTREAM | Fields: ✓[year=2022, poster] ✗[plot, cast, director, backdrop, duration, tmdb]
2026-01-30 12:37:49.998 11485-11950 XTC                     com.fishit.player.v2                 D  [LIVE] DTO→Raw #1750 | id=xtream:live:48684 | title="VIP SPORT: DIGI SPORT 2 (RO)" | sourceType=XTREAM | Fields: ✓[] ✗[year, plot, cast, director, poster, backdrop, duration, tmdb]
2026-01-30 12:37:50.030 11485-11955 XTC                     com.fishit.player.v2                 D  [VOD] DTO→Raw #1900 | id=xtream:vod:659371 | title="Detective Dee und die Armee der Toten | " | sourceType=XTREAM | Fields: ✓[year=2022, poster] ✗[plot, cast, director, backdrop, duration, tmdb]
2026-01-30 12:37:50.035 11485-11950 XTC                     com.fishit.player.v2                 D  [LIVE] DTO→Raw #1800 | id=xtream:live:182158 | title="VIP SPORT: UFC French" | sourceType=XTREAM | Fields: ✓[poster] ✗[year, plot, cast, director, backdrop, duration, tmdb]
2026-01-30 12:37:50.046 11485-11955 XTC                     com.fishit.player.v2                 D  [VOD] DTO→Raw #1950 | id=xtream:vod:655613 | title="War of the Worlds: The Attack | 2023 | 5" | sourceType=XTREAM | Fields: ✓[year=2023, poster] ✗[plot, cast, director, backdrop, duration, tmdb]
2026-01-30 12:37:50.068 11485-11955 XTC                     com.fishit.player.v2                 D  [VOD] DTO→Raw #2000 | id=xtream:vod:641588 | title="Meinen Hass bekommt ihr nicht | 2022 | 5" | sourceType=XTREAM | Fields: ✓[year=2022, poster] ✗[plot, cast, director, backdrop, duration, tmdb]
2026-01-30 12:37:50.078 11485-11950 XTC                     com.fishit.player.v2                 D  [LIVE] DTO→Raw #1850 | id=xtream:live:12928 | title="AT: Sky Sport AT 1 FHD" | sourceType=XTREAM | Fields: ✓[poster] ✗[year, plot, cast, director, backdrop, duration, tmdb]
2026-01-30 12:37:50.117 11485-11494 ishit.player.v2         com.fishit.player.v2                 I  Background young concurrent copying GC freed 752443(22MB) AllocSpace objects, 0(0B) LOS objects, 16% free, 52MB/62MB, paused 271us,101us total 130.092ms
2026-01-30 12:37:50.163 11485-11820 CatalogSyncService      com.fishit.player.v2                 D  Xtream batch complete (NX): ingested=400 ingest_ms=15375 total_ms=15382
2026-01-30 12:37:50.174 11485-11822 XtreamCatalogScanWorker com.fishit.player.v2                 D  PROGRESS discovered=3834 persisted=2000 phase=N/A
2026-01-30 12:37:50.182 11485-11820 CatalogSyncService      com.fishit.player.v2                 D  Persisting Xtream catalog batch (NX-ONLY): 400 items (canonical_linking=true)
2026-01-30 12:37:50.198 11485-11585 XTC                     com.fishit.player.v2                 D  [LIVE] DTO→Raw #1900 | id=xtream:live:68164 | title="HR: RTL PASSION" | sourceType=XTREAM | Fields: ✓[poster] ✗[year, plot, cast, director, backdrop, duration, tmdb]
2026-01-30 12:37:50.204 11485-11955 XTC                     com.fishit.player.v2                 D  [VOD] DTO→Raw #2050 | id=xtream:vod:639373 | title="A Life Too Short: The Isabella Nardoni C" | sourceType=XTREAM | Fields: ✓[year=2023, poster] ✗[plot, cast, director, backdrop, duration, tmdb]
2026-01-30 12:37:50.230 11485-11955 XTC                     com.fishit.player.v2                 D  [VOD] DTO→Raw #2100 | id=xtream:vod:622323 | title="Operacja: Soulcatcher | 2023 | 6.4 |" | sourceType=XTREAM | Fields: ✓[year=2023, poster] ✗[plot, cast, director, backdrop, duration, tmdb]
2026-01-30 12:37:50.234 11485-11585 XTC                     com.fishit.player.v2                 D  [LIVE] DTO→Raw #1950 | id=xtream:live:68283 | title="BIH: RTRS 1" | sourceType=XTREAM | Fields: ✓[poster] ✗[year, plot, cast, director, backdrop, duration, tmdb]
2026-01-30 12:37:50.253 11485-11955 XTC                     com.fishit.player.v2                 D  [VOD] DTO→Raw #2150 | id=xtream:vod:613244 | title="Bird Box: Barcelona | 2023 | 6.7 |" | sourceType=XTREAM | Fields: ✓[year=2023, poster] ✗[plot, cast, director, backdrop, duration, tmdb]
2026-01-30 12:37:50.257 11485-11585 XTC                     com.fishit.player.v2                 D  [LIVE] DTO→Raw #2000 | id=xtream:live:68013 | title="SRB: PRVA HD" | sourceType=XTREAM | Fields: ✓[poster] ✗[year, plot, cast, director, backdrop, duration, tmdb]
2026-01-30 12:37:50.259 11485-11930 XtreamCatalogScanWorker com.fishit.player.v2                 D  PROGRESS discovered=4159 persisted=2000 phase=N/A
2026-01-30 12:37:50.286 11485-11955 XTC                     com.fishit.player.v2                 D  [VOD] DTO→Raw #2200 | id=xtream:vod:580171 | title="Infinity Pool | 2023 | 6.3" | sourceType=XTREAM | Fields: ✓[year=2023, poster] ✗[plot, cast, director, backdrop, duration, tmdb]
2026-01-30 12:37:50.305 11485-11955 XTC                     com.fishit.player.v2                 D  [VOD] DTO→Raw #2250 | id=xtream:vod:414905 | title="Scream 6 (2023)" | sourceType=XTREAM | Fields: ✓[year=2023, poster] ✗[plot, cast, director, backdrop, duration, tmdb]
2026-01-30 12:37:50.352 11485-11823 CatalogSyncService      com.fishit.player.v2                 D  Xtream batch complete (NX): ingested=400 ingest_ms=15881 total_ms=15894
2026-01-30 12:37:50.353 11485-11494 ishit.player.v2         com.fishit.player.v2                 I  Background concurrent copying GC freed 1164752(38MB) AllocSpace objects, 0(0B) LOS objects, 39% free, 37MB/61MB, paused 176us,103us total 153.402ms
2026-01-30 12:37:50.376 11485-11823 CatalogSyncService      com.fishit.player.v2                 D  Persisting Xtream catalog batch (NX-ONLY): 400 items (canonical_linking=true)
2026-01-30 12:37:50.378 11485-11588 XTC                     com.fishit.player.v2                 D  [VOD] DTO→Raw #2300 | id=xtream:vod:383802 | title="American Murderer (2022)" | sourceType=XTREAM | Fields: ✓[year=2022, poster] ✗[plot, cast, director, backdrop, duration, tmdb]
2026-01-30 12:37:50.390 11485-11950 XTC                     com.fishit.player.v2                 D  [LIVE] DTO→Raw #2050 | id=xtream:live:57393 | title="SLOVENIA CHANNELS" | sourceType=XTREAM | Fields: ✓[] ✗[year, plot, cast, director, poster, backdrop, duration, tmdb]
2026-01-30 12:37:50.397 11485-11588 XTC                     com.fishit.player.v2                 D  [VOD] DTO→Raw #2350 | id=xtream:vod:383892 | title="Familie um jeden Preis (2022)" | sourceType=XTREAM | Fields: ✓[year=2022, poster] ✗[plot, cast, director, backdrop, duration, tmdb]
2026-01-30 12:37:50.419 11485-11588 XTC                     com.fishit.player.v2                 D  [VOD] DTO→Raw #2400 | id=xtream:vod:384013 | title="Happy Nous Year (2022)" | sourceType=XTREAM | Fields: ✓[year=2022, poster] ✗[plot, cast, director, backdrop, duration, tmdb]
2026-01-30 12:37:50.420 11485-11950 XTC                     com.fishit.player.v2                 D  [LIVE] DTO→Raw #2100 | id=xtream:live:68354 | title="MK: MPT 3" | sourceType=XTREAM | Fields: ✓[poster] ✗[year, plot, cast, director, backdrop, duration, tmdb]
2026-01-30 12:37:50.439 11485-11588 XTC                     com.fishit.player.v2                 D  [VOD] DTO→Raw #2450 | id=xtream:vod:384103 | title="Batman und Superman: Kampf der Supersöhn" | sourceType=XTREAM | Fields: ✓[year=2022, poster] ✗[plot, cast, director, backdrop, duration, tmdb]
2026-01-30 12:37:50.455 11485-11950 XTC                     com.fishit.player.v2                 D  [LIVE] DTO→Raw #2150 | id=xtream:live:112383 | title="CRO: Arena Sport 8 FHD" | sourceType=XTREAM | Fields: ✓[poster] ✗[year, plot, cast, director, backdrop, duration, tmdb]
2026-01-30 12:37:50.455 11485-11588 XTC                     com.fishit.player.v2                 D  [VOD] DTO→Raw #2500 | id=xtream:vod:384161 | title="Emily the Criminal (2022)" | sourceType=XTREAM | Fields: ✓[year=2022, poster] ✗[plot, cast, director, backdrop, duration, tmdb]
2026-01-30 12:37:51.130 11485-11494 ishit.player.v2         com.fishit.player.v2                 I  Background concurrent copying GC freed 1045952(34MB) AllocSpace objects, 0(0B) LOS objects, 41% free, 34MB/58MB, paused 172us,102us total 111.704ms
2026-01-30 12:37:51.671 11485-11494 ishit.player.v2         com.fishit.player.v2                 I  Background concurrent copying GC freed 987193(31MB) AllocSpace objects, 0(0B) LOS objects, 39% free, 36MB/60MB, paused 183us,96us total 105.173ms
2026-01-30 12:37:52.733 11485-11494 ishit.player.v2         com.fishit.player.v2                 I  Background concurrent copying GC freed 1029496(35MB) AllocSpace objects, 0(0B) LOS objects, 35% free, 43MB/67MB, paused 163us,128us total 194.220ms
2026-01-30 12:37:53.572 11485-11494 ishit.player.v2         com.fishit.player.v2                 I  Background young concurrent copying GC freed 803357(23MB) AllocSpace objects, 0(0B) LOS objects, 23% free, 49MB/64MB, paused 823us,120us total 101.078ms
2026-01-30 12:37:53.957 11485-11494 ishit.player.v2         com.fishit.player.v2                 I  Background concurrent copying GC freed 1366963(45MB) AllocSpace objects, 0(0B) LOS objects, 35% free, 43MB/67MB, paused 231us,172us total 253.235ms
2026-01-30 12:37:55.889 11485-11494 ishit.player.v2         com.fishit.player.v2                 I  Background concurrent copying GC freed 946194(34MB) AllocSpace objects, 0(0B) LOS objects, 39% free, 36MB/60MB, paused 139us,87us total 102.796ms
