2026-02-10 14:16:42.912 32287-32627 WM-GreedyScheduler      com.fishit.player.v2                 D  Starting work for 6523bdb3-ed33-4a3d-a9af-d00256969f90
2026-02-10 14:16:42.917 32287-32627 WM-Processor            com.fishit.player.v2                 D  Processor: processing WorkGenerationalId(workSpecId=6523bdb3-ed33-4a3d-a9af-d00256969f90, generation=0)
2026-02-10 14:16:42.920 32287-32287 SourceActivationStore   com.fishit.player.v2                 I  Source activation changed: XTREAM -> Active
2026-02-10 14:16:42.920 32287-32287 XtreamAuthRepoAdapter   com.fishit.player.v2                 I  initialize: XTREAM source activated
2026-02-10 14:16:42.921 32287-32287 OnboardingViewModel     com.fishit.player.v2                 D  connectXtream: Initialize succeeded, saving credentials
2026-02-10 14:16:42.922 32287-32287 XtreamAuthRepoAdapter   com.fishit.player.v2                 D  saveCredentials: Generated accountKey=xtream:Christoph10@konigtv.com for host=konigtv.com
2026-02-10 14:16:42.922 32287-32627 Compatibil...geReporter com.fishit.player.v2                 D  Compat change id reported: 263076149; UID 10516; state: ENABLED
2026-02-10 14:16:42.935 32287-32287 WM-SystemJobService     com.fishit.player.v2                 D  onStartJob for WorkGenerationalId(workSpecId=6523bdb3-ed33-4a3d-a9af-d00256969f90, generation=0)
2026-02-10 14:16:42.936 32287-32287 WM-WorkerWrapper        com.fishit.player.v2                 D  Starting work for com.fishit.player.v2.work.CatalogSyncOrchestratorWorker
2026-02-10 14:16:42.937 32287-32529 CatalogSyncOrchestrator com.fishit.player.v2                 I  START sync_run_id=3cbd0b56-462b-44a6-9337-527b17c99ec3 mode=auto
2026-02-10 14:16:42.940 32287-32627 WM-Processor            com.fishit.player.v2                 D  Work WorkGenerationalId(workSpecId=6523bdb3-ed33-4a3d-a9af-d00256969f90, generation=0) is already enqueued for processing
2026-02-10 14:16:42.940 32287-32529 RuntimeGuards           com.fishit.player.v2                 D  Manual sync (auto) - skipping battery guard (level=50%)
2026-02-10 14:16:42.940 32287-32529 CatalogSyncOrchestrator com.fishit.player.v2                 I  Active sources: [XTREAM] (isEmpty=false)
2026-02-10 14:16:42.941 32287-32599 CatalogSyncOrchestrator com.fishit.player.v2                 I  Xtream sync starting...
2026-02-10 14:16:42.944 32287-32596 CatalogSyncOrchestrator com.fishit.player.v2                 W  XOC-3: Category selection not complete for account=xtream:Christoph10@konigtv.com, skipping Xtream sync
2026-02-10 14:16:42.944 32287-32596 CatalogSyncOrchestrator com.fishit.player.v2                 I  SUCCESS duration_ms=7 total_items=0 sources=1
2026-02-10 14:16:42.947 32287-32591 XtreamCredStore         com.fishit.player.v2                 I  Stored credentials: scheme=http, host=konigtv.com, port=8080
2026-02-10 14:16:42.947 32287-32627 WM-PackageManagerHelper com.fishit.player.v2                 D  androidx.work.impl.background.systemalarm.RescheduleReceiver enabled
2026-02-10 14:16:42.948 32287-32287 XtreamAuthRepoAdapter   com.fishit.player.v2                 I  saveCredentials: Xtream account persisted with key=xtream:Christoph10@konigtv.com
2026-02-10 14:16:42.948 32287-32287 OnboardingViewModel     com.fishit.player.v2                 D  connectXtream: Credentials saved, preloading categories
2026-02-10 14:16:42.950 32287-32627 WM-WorkerWrapper        com.fishit.player.v2                 I  Worker result SUCCESS for Work [ id=6523bdb3-ed33-4a3d-a9af-d00256969f90, tags={ com.fishit.player.v2.work.CatalogSyncOrchestratorWorker,catalog_sync,mode_auto,worker/CatalogSyncOrchestratorWorker } ]
2026-02-10 14:16:42.951 32287-32287 WM-Processor            com.fishit.player.v2                 D  Processor 6523bdb3-ed33-4a3d-a9af-d00256969f90 executed; reschedule = false
2026-02-10 14:16:42.952 32287-32287 WM-SystemJobService     com.fishit.player.v2                 D  6523bdb3-ed33-4a3d-a9af-d00256969f90 executed on JobScheduler
2026-02-10 14:16:42.955 32287-32627 WM-GreedyScheduler      com.fishit.player.v2                 D  Cancelling work ID 6523bdb3-ed33-4a3d-a9af-d00256969f90
2026-02-10 14:16:42.955 32287-32287 XtreamCategoryPreloader com.fishit.player.v2                 I  Starting category preload (forceRefresh=true, accountKey=xtream:C...)
2026-02-10 14:16:42.965 32287-32627 WM-PackageManagerHelper com.fishit.player.v2                 D  androidx.work.impl.background.systemalarm.RescheduleReceiver disabled
2026-02-10 14:16:43.223 32287-32591 HttpClient              com.fishit.player.v2                 D  HTTP 200 for konigtv.com/player_api.php | bytes=10494 contentType=application/json
2026-02-10 14:16:43.227 32287-32591 HttpClient              com.fishit.player.v2                 D  Response received for konigtv.com/player_api.php (10494 chars)
2026-02-10 14:16:43.488 32287-32591 HttpClient              com.fishit.player.v2                 D  HTTP 200 for konigtv.com/player_api.php | bytes=3753 contentType=application/json
2026-02-10 14:16:43.489 32287-32591 HttpClient              com.fishit.player.v2                 D  Response received for konigtv.com/player_api.php (3753 chars)
2026-02-10 14:16:43.861 32287-32591 HttpClient              com.fishit.player.v2                 D  HTTP 200 for konigtv.com/player_api.php | bytes=11945 contentType=application/json
2026-02-10 14:16:43.864 32287-32591 HttpClient              com.fishit.player.v2                 D  Response received for konigtv.com/player_api.php (11945 chars)
2026-02-10 14:16:43.890 32287-32287 XtreamCatalogPipeline   com.fishit.player.v2                 I  Fetched categories: vod=137, series=47, live=163
2026-02-10 14:16:43.925 32287-32287 XtreamCategoryPreloader com.fishit.player.v2                 D  Persisted 347 categories to repository
2026-02-10 14:16:43.925 32287-32287 XtreamCategoryPreloader com.fishit.player.v2                 I  Categories preloaded & persisted: vod=137, series=47, live=163
2026-02-10 14:16:43.926 32287-32287 OnboardingViewModel     com.fishit.player.v2                 D  Category preload succeeded, resolving accountKey
2026-02-10 14:16:43.952 32287-32287 Dialog                  com.fishit.player.v2                 I  mIsDeviceDefault = false, mIsSamsungBasicInteraction = false, isMetaDataInActivity = false
2026-02-10 14:16:43.957 32287-32287 DecorView               com.fishit.player.v2                 I  setWindowBackground: isPopOver=false color=0 d=android.graphics.drawable.ColorDrawable@30566c9
2026-02-10 14:16:43.975 32287-32287 WindowOnBackDispatcher  com.fishit.player.v2                 W  OnBackInvokedCallback is not enabled for the application.
                                                                                                    Set 'android:enableOnBackInvokedCallback="true"' in the application manifest.
2026-02-10 14:16:43.976 32287-32287 WindowManager           com.fishit.player.v2                 I  WindowManagerGlobal#addView, ty=2, view=DecorView@b3b9171[MainActivity], caller=android.view.WindowManagerImpl.addView:150 android.app.Dialog.show:512 androidx.compose.material3.ModalBottomSheet_androidKt$ModalBottomSheetDialog$1$1.invoke:307
2026-02-10 14:16:43.978 32287-32604 NativeCust...ncyManager com.fishit.player.v2                 D  [NativeCFMS] BpCustomFrequencyManager::BpCustomFrequencyManager()
2026-02-10 14:16:43.992 32287-32287 InsetsController        com.fishit.player.v2                 I  onStateChanged: host=com.fishit.player.v2/com.fishit.player.v2.MainActivity, from=android.view.ViewRootImpl.setView:1753, state=InsetsState: {mDisplayFrame=Rect(0, 0 - 1080, 2400), mDisplayCutout=DisplayCutout{insets=Rect(0, 80 - 0, 0) waterfall=Insets{left=0, top=0, right=0, bottom=0} boundingRect={Bounds=[Rect(0, 0 - 0, 0), Rect(510, 0 - 570, 80), Rect(0, 0 - 0, 0), Rect(0, 0 - 0, 0)]} cutoutPathParserInfo={CutoutPathParserInfo{displayWidth=1080 displayHeight=2400 physicalDisplayWidth=1080 physicalDisplayHeight=2400 density={3.0} cutoutSpec={M 0,0 H -10 V 26.66666666666667 H 10 V 0 H 0 Z @dp} rotation={0} scale={1.0} physicalPixelDisplaySizeRatio={1.0}}}}, mRoundedCorners=RoundedCorners{[RoundedCorner{position=TopLeft, radius=90, center=Point(90, 90)}, RoundedCorner{position=TopRight, radius=90, center=Point(990, 90)}, RoundedCorner{position=BottomRight, radius=90, center=Point(990, 2310)}, RoundedCorner{position=BottomLeft, radius=90, center=Point(90, 2310)}]}  mRoundedCornerFrame=Rect(0, 0 - 1080, 2400), mPrivacyIndicatorBounds=PrivacyIndicatorBounds {static bounds=Rect(948, 0 - 1080, 80) rotation=0}, mDisplayShape=DisplayShape{ spec=-311912193 displayWidth=1080 displayHeight=2400 physicalPixelDisplaySizeRatio=1.0 rotation=0 offsetX=0 offsetY=0 scale=1.0}, mSources= { InsetsSource: {f91a0000 mType=statusBars mFrame=[0,0][1080,80] mVisible=true mFlags=[]}, InsetsSource: {f91a0005 mType=mandatorySystemGestures mFrame=[0,0][1080,116] mVisible=true mFlags=[]}, InsetsSource: {f91a0006 mType=tappableElement mFrame=[0,0][1080,80] mVisible=true mFlags=[]}, InsetsSource: {3 mType=ime mFrame=[0,0][0,0] mVisible=false mFlags=[]}, InsetsSource: {27 mType=displayCutout mFrame=[0,0][1080,80] mVisible=true mFlags=[]}, InsetsSource: {2c340001 mType=navigationBars mFrame=[0,2256][1080,2400] mVisible=true mFlags=[]}, InsetsSource: {2c340004 mType=systemGestures mFrame=[0,0][0,0] mVisible=true mFlags=[]}, InsetsSource: {2c340005 mType=mandatorySystemGestures mFrame=[0,2256][1080,2400] mVisible=true mFlags=[]}, InsetsSource: {2c340006 mType=tappableElement mFrame=[0,2256][1080,2400] mVisible=true mFlags=[]}, InsetsSource: {2c340024 mType=systemGestures mFrame=[0,0][0,0] mVisible=true mFlags=[]} }
2026-02-10 14:16:43.993 32287-32287 ViewRootIm...nActivity] com.fishit.player.v2                 I  synced displayState. AttachInfo displayState=2
2026-02-10 14:16:43.993 32287-32287 ViewRootIm...nActivity] com.fishit.player.v2                 I  setView = com.android.internal.policy.DecorView@b3b9171 TM=true
2026-02-10 14:16:44.005 32287-32287 WindowOnBackDispatcher  com.fishit.player.v2                 W  OnBackInvokedCallback is not enabled for the application.
                                                                                                    Set 'android:enableOnBackInvokedCallback="true"' in the application manifest.
2026-02-10 14:16:44.204 32287-32287 InsetsSourceConsumer    com.fishit.player.v2                 I  applyRequestedVisibilityToControl: visible=true, type=navigationBars, host=com.fishit.player.v2/com.fishit.player.v2.MainActivity
2026-02-10 14:16:44.204 32287-32287 InsetsSourceConsumer    com.fishit.player.v2                 I  applyRequestedVisibilityToControl: visible=true, type=statusBars, host=com.fishit.player.v2/com.fishit.player.v2.MainActivity
2026-02-10 14:16:44.205 32287-32287 BLASTBufferQueue_Java   com.fishit.player.v2                 I  new BLASTBufferQueue, mName= ViewRootImpl@d138b56[MainActivity] mNativeObject= 0xb4000075006cd330 sc.mNativeObject= 0xb4000072e06af790 caller= android.view.ViewRootImpl.updateBlastSurfaceIfNeeded:3028 android.view.ViewRootImpl.relayoutWindow:10131 android.view.ViewRootImpl.performTraversals:4110 android.view.ViewRootImpl.doTraversal:3288 android.view.ViewRootImpl$TraversalRunnable.run:11344 android.view.Choreographer$CallbackRecord.run:1689 android.view.Choreographer$CallbackRecord.run:1698 android.view.Choreographer.doCallbacks:1153 android.view.Choreographer.doFrame:1079 android.view.Choreographer$FrameDisplayEventReceiver.run:1646
2026-02-10 14:16:44.205 32287-32287 BLASTBufferQueue_Java   com.fishit.player.v2                 I  update, w= 1080 h= 2400 mName = ViewRootImpl@d138b56[MainActivity] mNativeObject= 0xb4000075006cd330 sc.mNativeObject= 0xb4000072e06af790 format= -2 caller= android.graphics.BLASTBufferQueue.<init>:89 android.view.ViewRootImpl.updateBlastSurfaceIfNeeded:3028 android.view.ViewRootImpl.relayoutWindow:10131 android.view.ViewRootImpl.performTraversals:4110 android.view.ViewRootImpl.doTraversal:3288 android.view.ViewRootImpl$TraversalRunnable.run:11344
2026-02-10 14:16:44.206 32287-32287 ViewRootIm...nActivity] com.fishit.player.v2                 I  Relayout returned: old=(0,0,1080,2400) new=(0,0,1080,2400) relayoutAsync=false req=(1080,2400)0 dur=10 res=0x403 s={true 0xb40000742071ebd0} ch=true seqId=0
2026-02-10 14:16:44.206 32287-32287 ViewRootIm...nActivity] com.fishit.player.v2                 I  performConfigurationChange setNightDimText nightDimLevel=0
2026-02-10 14:16:44.206 32287-32287 ViewRootIm...nActivity] com.fishit.player.v2                 D  mThreadedRenderer.initialize() mSurface={isValid=true 0xb40000742071ebd0} hwInitialized=true
2026-02-10 14:16:44.230 32287-32287 ViewRootIm...nActivity] com.fishit.player.v2                 D  reportNextDraw android.view.ViewRootImpl.performTraversals:4718 android.view.ViewRootImpl.doTraversal:3288 android.view.ViewRootImpl$TraversalRunnable.run:11344 android.view.Choreographer$CallbackRecord.run:1689 android.view.Choreographer$CallbackRecord.run:1698
2026-02-10 14:16:44.230 32287-32287 ViewRootIm...nActivity] com.fishit.player.v2                 I  Setup new sync=wmsSync-ViewRootImpl@d138b56[MainActivity]#2
2026-02-10 14:16:44.230 32287-32287 ViewRootIm...nActivity] com.fishit.player.v2                 I  Creating new active sync group ViewRootImpl@d138b56[MainActivity]#3
2026-02-10 14:16:44.231 32287-32287 ViewRootIm...nActivity] com.fishit.player.v2                 I  registerCallbacksForSync syncBuffer=false
2026-02-10 14:16:44.240 32287-32674 ViewRootIm...nActivity] com.fishit.player.v2                 I  Received frameDrawingCallback syncResult=0 frameNum=1.
2026-02-10 14:16:44.241 32287-32674 ViewRootIm...nActivity] com.fishit.player.v2                 I  mWNT: t=0xb4000072d06a30f0 mBlastBufferQueue=0xb4000075006cd330 fn= 1 mRenderHdrSdrRatio=1.0 caller= android.view.ViewRootImpl$8.onFrameDraw:13841 android.view.ThreadedRenderer$1.onFrameDraw:792 <bottom of call stack>
2026-02-10 14:16:44.241 32287-32674 ViewRootIm...nActivity] com.fishit.player.v2                 I  Setting up sync and frameCommitCallback
2026-02-10 14:16:44.241 32287-32604 BLASTBufferQueue        com.fishit.player.v2                 I  [ViewRootImpl@d138b56[MainActivity]#1](f:0,a:0,s:0) onFrameAvailable the first frame is available
2026-02-10 14:16:44.242 32287-32604 ViewRootIm...nActivity] com.fishit.player.v2                 I  Received frameCommittedCallback lastAttemptedDrawFrameNum=1 didProduceBuffer=true
2026-02-10 14:16:44.243 32287-32604 OpenGLRenderer          com.fishit.player.v2                 D  CFMS:: SetUp Pid : 32287    Tid : 32604
2026-02-10 14:16:44.243 32287-32287 ViewRootIm...nActivity] com.fishit.player.v2                 I  reportDrawFinished seqId=0
2026-02-10 14:16:44.247 32287-32604 OpenGLRenderer          com.fishit.player.v2                 D  HWUI - treat SMPTE_170M as sRGB
2026-02-10 14:16:44.251 32287-32287 BLASTBufferQueue_Java   com.fishit.player.v2                 I  update, w= 1080 h= 2400 mName = ViewRootImpl@d138b56[MainActivity] mNativeObject= 0xb4000075006cd330 sc.mNativeObject= 0xb4000072e06af790 format= -2 caller= android.view.ViewRootImpl.updateBlastSurfaceIfNeeded:3017 android.view.ViewRootImpl.relayoutWindow:10131 android.view.ViewRootImpl.performTraversals:4110 android.view.ViewRootImpl.doTraversal:3288 android.view.ViewRootImpl$TraversalRunnable.run:11344 android.view.Choreographer$CallbackRecord.run:1689
2026-02-10 14:16:44.251 32287-32287 ViewRootIm...nActivity] com.fishit.player.v2                 I  Relayout returned: old=(0,0,1080,2400) new=(0,0,1080,2400) relayoutAsync=true req=(1080,2400)0 dur=0 res=0x0 s={true 0xb40000742071ebd0} ch=false seqId=0
2026-02-10 14:16:44.251 32287-32287 ViewRootIm...nActivity] com.fishit.player.v2                 I  registerCallbackForPendingTransactions
2026-02-10 14:16:44.253 32287-32673 ViewRootIm...nActivity] com.fishit.player.v2                 I  mWNT: t=0xb4000072d06a2750 mBlastBufferQueue=0xb4000075006cd330 fn= 2 mRenderHdrSdrRatio=1.0 caller= android.view.ViewRootImpl$6.onFrameDraw:5635 android.view.ViewRootImpl$2.onFrameDraw:2146 android.view.ThreadedRenderer$1.onFrameDraw:792
2026-02-10 14:16:44.253 32287-32287 ViewRootIm...nActivity] com.fishit.player.v2                 I  handleWindowFocusChanged: 0 0 call from android.view.ViewRootImpl.-$$Nest$mhandleWindowFocusChanged:0
2026-02-10 14:16:44.253 32287-32287 ImeFocusController      com.fishit.player.v2                 I  onPreWindowFocus: skipped, hasWindowFocus=false mHasImeFocus=true
2026-02-10 14:16:44.254 32287-32287 ImeFocusController      com.fishit.player.v2                 I  onPostWindowFocus: skipped, hasWindowFocus=false mHasImeFocus=true
2026-02-10 14:16:44.339 32287-32287 ViewRootIm...nActivity] com.fishit.player.v2                 I  handleWindowFocusChanged: 1 0 call from android.view.ViewRootImpl.-$$Nest$mhandleWindowFocusChanged:0
2026-02-10 14:16:44.339 32287-32287 ViewRootIm...nActivity] com.fishit.player.v2                 D  mThreadedRenderer.initializeIfNeeded()#2 mSurface={isValid=true 0xb40000742071ebd0}
2026-02-10 14:16:44.340 32287-32287 InputMethodManagerUtils com.fishit.player.v2                 D  startInputInner - Id : 0
2026-02-10 14:16:44.340 32287-32287 InputMethodManager      com.fishit.player.v2                 I  startInputInner - IInputMethodManagerGlobalInvoker.startInputOrWindowGainedFocus
2026-02-10 14:16:44.351 32287-32287 InsetsSourceConsumer    com.fishit.player.v2                 I  applyRequestedVisibilityToControl: visible=false, type=ime, host=com.fishit.player.v2/com.fishit.player.v2.MainActivity
2026-02-10 14:16:47.883 32287-32596 CatalogSyncBootstrap    com.fishit.player.v2                 I  Catalog sync bootstrap triggered; activeSources=[XTREAM]
2026-02-10 14:16:47.885 32287-32596 CatalogSyncScheduler    com.fishit.player.v2                 D  Enqueueing AUTO sync
2026-02-10 14:16:47.895 32287-32596 CatalogSyncScheduler    com.fishit.player.v2                 D  Scheduling periodic incremental sync every 2 hours
2026-02-10 14:16:47.906 32287-32596 CatalogSyncScheduler    com.fishit.player.v2                 I  Periodic incremental sync scheduled: every 2 hours
2026-02-10 14:16:47.907 32287-32596 CatalogSyncBootstrap    com.fishit.player.v2                 I  Periodic incremental sync scheduled: every 2h
2026-02-10 14:16:47.917 32287-32602 WM-SystemJobScheduler   com.fishit.player.v2                 D  Scheduling work ID daaec529-bbe8-44f1-a80a-e523ace211a2Job ID 1
2026-02-10 14:16:47.934 32287-32602 WM-GreedyScheduler      com.fishit.player.v2                 D  Starting work for daaec529-bbe8-44f1-a80a-e523ace211a2
2026-02-10 14:16:47.940 32287-32287 WM-SystemJobService     com.fishit.player.v2                 D  onStartJob for WorkGenerationalId(workSpecId=daaec529-bbe8-44f1-a80a-e523ace211a2, generation=0)
2026-02-10 14:16:47.946 32287-32602 WM-SystemJobScheduler   com.fishit.player.v2                 D  Scheduling work ID d55c6719-a578-47c4-9d81-15207746362cJob ID 2
2026-02-10 14:16:47.951 32287-32602 WM-GreedyScheduler      com.fishit.player.v2                 D  Starting tracking for d55c6719-a578-47c4-9d81-15207746362c
2026-02-10 14:16:47.957 32287-32602 WM-Processor            com.fishit.player.v2                 D  Processor: processing WorkGenerationalId(workSpecId=daaec529-bbe8-44f1-a80a-e523ace211a2, generation=0)
2026-02-10 14:16:47.959 32287-32602 WM-Processor            com.fishit.player.v2                 D  Work WorkGenerationalId(workSpecId=daaec529-bbe8-44f1-a80a-e523ace211a2, generation=0) is already enqueued for processing
2026-02-10 14:16:47.964 32287-32287 WM-SystemJobService     com.fishit.player.v2                 D  onStartJob for WorkGenerationalId(workSpecId=d55c6719-a578-47c4-9d81-15207746362c, generation=0)
2026-02-10 14:16:47.968 32287-32287 WM-WorkerWrapper        com.fishit.player.v2                 D  Starting work for com.fishit.player.v2.work.CatalogSyncOrchestratorWorker
2026-02-10 14:16:47.968 32287-32596 CatalogSyncOrchestrator com.fishit.player.v2                 I  START sync_run_id=4eb8a984-aa2a-43a9-8366-fa2e43d1d45c mode=auto
2026-02-10 14:16:47.970 32287-32596 RuntimeGuards           com.fishit.player.v2                 D  Manual sync (auto) - skipping battery guard (level=50%)
2026-02-10 14:16:47.970 32287-32596 CatalogSyncOrchestrator com.fishit.player.v2                 I  Active sources: [XTREAM] (isEmpty=false)
2026-02-10 14:16:47.971 32287-32602 WM-Processor            com.fishit.player.v2                 D  Processor: processing WorkGenerationalId(workSpecId=d55c6719-a578-47c4-9d81-15207746362c, generation=0)
2026-02-10 14:16:47.971 32287-32527 CatalogSyncOrchestrator com.fishit.player.v2                 I  Xtream sync starting...
2026-02-10 14:16:47.972 32287-32596 CatalogSyncOrchestrator com.fishit.player.v2                 W  XOC-3: Category selection not complete for account=xtream:Christoph10@konigtv.com, skipping Xtream sync
2026-02-10 14:16:47.972 32287-32602 WM-ConstraintTracker    com.fishit.player.v2                 D  BatteryNotLowTracker: initial state = true
2026-02-10 14:16:47.972 32287-32602 WM-BrdcstRcvrCnstrntTrc com.fishit.player.v2                 D  BatteryNotLowTracker: registering receiver
2026-02-10 14:16:47.973 32287-32529 CatalogSyncOrchestrator com.fishit.player.v2                 I  SUCCESS duration_ms=5 total_items=0 sources=1
2026-02-10 14:16:47.977 32287-32602 WM-ConstraintTracker    com.fishit.player.v2                 D  NetworkStateTracker24: initial state = NetworkState(isConnected=true, isValidated=true, isMetered=true, isNotRoaming=true)
2026-02-10 14:16:47.977 32287-32602 WM-NetworkStateTracker  com.fishit.player.v2                 D  Registering network callback
2026-02-10 14:16:47.978 32287-32602 ConnectivityManager     com.fishit.player.v2                 D  StackLog: [android.net.ConnectivityManager.sendRequestForNetwork(ConnectivityManager.java:4402)] [android.net.ConnectivityManager.registerDefaultNetworkCallbackForUid(ConnectivityManager.java:4966)] [android.net.ConnectivityManager.registerDefaultNetworkCallback(ConnectivityManager.java:4933)] [android.net.ConnectivityManager.registerDefaultNetworkCallback(ConnectivityManager.java:4907)] [androidx.work.impl.utils.NetworkApi24.registerDefaultNetworkCallbackCompat(NetworkApi24.kt:26)] [androidx.work.impl.constraints.trackers.NetworkStateTracker24.startTracking(NetworkStateTracker.kt:165)] [androidx.work.impl.constraints.trackers.ConstraintTracker.addListener(ConstraintTracker.kt:52)] [androidx.work.impl.constraints.controllers.BaseConstraintController$track$1.invokeSuspend(ContraintControllers.kt:62)] [androidx.work.impl.constraints.controllers.BaseConstraintController$track$1.invoke(Unknown Source:8)] [androidx.work.impl.constraints.controllers.BaseConstraintController$track$1.invoke(Unknown Source:4)] [kotlinx.coroutines.flow.ChannelFlowBuilder.collectTo$suspendImpl(Builders.kt:316)] [kotlinx.coroutines.flow.ChannelFlowBuilder.collectTo(Unknown Source:0)] [kotlinx.coroutines.flow.CallbackFlowBuilder.collectTo(Builders.kt:330)] [kotlinx.coroutines.flow.internal.ChannelFlow$collectToFun$1.invokeSuspend(ChannelFlow.kt:56)] [kotlin.coroutines.jvm.internal.BaseContinuationImpl.resumeWith(ContinuationImpl.kt:34)] [kotlinx.coroutines.DispatchedTask.run(DispatchedTask.kt:100)] [androidx.work.impl.utils.SerialExecutorImpl$Task.run(SerialExecutorImpl.java:96)] [java.util.concurrent.ThreadPoolExecutor.runWorker(ThreadPoolExecutor.java:1145)] [java.util.concurrent.ThreadPoolExecutor$Worker.run(ThreadPoolExecutor.java:644)] [java.lang.Thread.run(Thread.java:1012)]
2026-02-10 14:16:47.983 32287-1385  WM-NetworkStateTracker  com.fishit.player.v2                 D  Network capabilities changed: [ Transports: CELLULAR Capabilities: SUPL&INTERNET&NOT_RESTRICTED&TRUSTED&NOT_VPN&VALIDATED&NOT_ROAMING&FOREGROUND&NOT_CONGESTED&NOT_SUSPENDED&NOT_VCN_MANAGED LinkUpBandwidth>=40597Kbps LinkDnBandwidth>=60549Kbps Specifier: <TelephonyNetworkSpecifier [mSubId = 1]> SubscriptionIds: {1} UnderlyingNetworks: Null]
2026-02-10 14:16:47.988 32287-32602 WM-PackageManagerHelper com.fishit.player.v2                 D  androidx.work.impl.background.systemalarm.RescheduleReceiver enabled
2026-02-10 14:16:47.992 32287-32287 WM-WorkerWrapper        com.fishit.player.v2                 D  Starting work for com.fishit.player.v2.work.CatalogSyncOrchestratorWorker
2026-02-10 14:16:47.993 32287-32596 CatalogSyncOrchestrator com.fishit.player.v2                 I  START sync_run_id=periodic_1770729407899 mode=incremental
2026-02-10 14:16:47.993 32287-32602 WM-WorkerWrapper        com.fishit.player.v2                 I  Worker result SUCCESS for Work [ id=daaec529-bbe8-44f1-a80a-e523ace211a2, tags={ com.fishit.player.v2.work.CatalogSyncOrchestratorWorker,catalog_sync,mode_auto,worker/CatalogSyncOrchestratorWorker } ]
2026-02-10 14:16:47.994 32287-32287 WM-Processor            com.fishit.player.v2                 D  Processor daaec529-bbe8-44f1-a80a-e523ace211a2 executed; reschedule = false
2026-02-10 14:16:47.995 32287-32287 WM-SystemJobService     com.fishit.player.v2                 D  daaec529-bbe8-44f1-a80a-e523ace211a2 executed on JobScheduler
2026-02-10 14:16:47.995 32287-32596 RuntimeGuards           com.fishit.player.v2                 D  Manual sync (incremental) - skipping battery guard (level=50%)
2026-02-10 14:16:47.996 32287-32596 CatalogSyncOrchestrator com.fishit.player.v2                 I  Active sources: [XTREAM] (isEmpty=false)
2026-02-10 14:16:47.996 32287-32626 WM-GreedyScheduler      com.fishit.player.v2                 D  Constraints met: Scheduling work ID WorkGenerationalId(workSpecId=d55c6719-a578-47c4-9d81-15207746362c, generation=0)
2026-02-10 14:16:47.997 32287-32529 CatalogSyncOrchestrator com.fishit.player.v2                 I  Xtream sync starting...
2026-02-10 14:16:47.998 32287-32626 WM-GreedyScheduler      com.fishit.player.v2                 D  Cancelling work ID daaec529-bbe8-44f1-a80a-e523ace211a2
2026-02-10 14:16:48.001 32287-32527 CatalogSyncOrchestrator com.fishit.player.v2                 W  XOC-3: Category selection not complete for account=xtream:Christoph10@konigtv.com, skipping Xtream sync
2026-02-10 14:16:48.001 32287-32527 CatalogSyncOrchestrator com.fishit.player.v2                 I  SUCCESS duration_ms=8 total_items=0 sources=1
2026-02-10 14:16:48.003 32287-32626 WM-Processor            com.fishit.player.v2                 D  Work WorkGenerationalId(workSpecId=d55c6719-a578-47c4-9d81-15207746362c, generation=0) is already enqueued for processing
2026-02-10 14:16:48.005 32287-32626 WM-WorkerWrapper        com.fishit.player.v2                 I  Worker result SUCCESS for Work [ id=d55c6719-a578-47c4-9d81-15207746362c, tags={ com.fishit.player.v2.work.CatalogSyncOrchestratorWorker,catalog_sync,mode_incremental,worker/CatalogSyncOrchestratorWorker } ]
2026-02-10 14:16:48.009 32287-32287 WM-Processor            com.fishit.player.v2                 D  Processor d55c6719-a578-47c4-9d81-15207746362c executed; reschedule = false
2026-02-10 14:16:48.009 32287-32287 WM-GreedyScheduler      com.fishit.player.v2                 D  Stopping tracking for WorkGenerationalId(workSpecId=d55c6719-a578-47c4-9d81-15207746362c, generation=0)
2026-02-10 14:16:48.010 32287-32287 WM-SystemJobService     com.fishit.player.v2                 D  d55c6719-a578-47c4-9d81-15207746362c executed on JobScheduler
2026-02-10 14:16:48.014 32287-32626 WM-GreedyScheduler      com.fishit.player.v2                 D  Cancelling work ID d55c6719-a578-47c4-9d81-15207746362c
2026-02-10 14:16:48.018 32287-32626 WM-SystemJobScheduler   com.fishit.player.v2                 D  Scheduling work ID d55c6719-a578-47c4-9d81-15207746362cJob ID 2
2026-02-10 14:16:48.020 32287-32626 WM-BrdcstRcvrCnstrntTrc com.fishit.player.v2                 D  BatteryNotLowTracker: unregistering receiver
2026-02-10 14:16:48.022 32287-32626 WM-NetworkStateTracker  com.fishit.player.v2                 D  Unregistering network callback
2026-02-10 14:16:48.023 32287-32626 ConnectivityManager     com.fishit.player.v2                 D  StackLog: [android.net.ConnectivityManager.unregisterNetworkCallback(ConnectivityManager.java:5076)] [androidx.work.impl.utils.NetworkApi21.unregisterNetworkCallbackCompat(NetworkApi21.kt:28)] [androidx.work.impl.constraints.trackers.NetworkStateTracker24.stopTracking(NetworkStateTracker.kt:180)] [androidx.work.impl.constraints.trackers.ConstraintTracker.removeListener(ConstraintTracker.kt:67)] [androidx.work.impl.constraints.controllers.BaseConstraintController$track$1$1.invoke(ContraintControllers.kt:63)] [androidx.work.impl.constraints.controllers.BaseConstraintController$track$1$1.invoke(ContraintControllers.kt:63)] [kotlinx.coroutines.channels.ProduceKt.awaitClose(Produce.kt:69)] [kotlinx.coroutines.channels.ProduceKt$awaitClose$1.invokeSuspend(Unknown Source:13)] [kotlin.coroutines.jvm.internal.BaseContinuationImpl.resumeWith(ContinuationImpl.kt:34)] [kotlinx.coroutines.DispatchedTask.run(DispatchedTask.kt:98)] [androidx.work.impl.utils.SerialExecutorImpl$Task.run(SerialExecutorImpl.java:96)] [java.util.concurrent.ThreadPoolExecutor.runWorker(ThreadPoolExecutor.java:1145)] [java.util.concurrent.ThreadPoolExecutor$Worker.run(ThreadPoolExecutor.java:644)] [java.lang.Thread.run(Thread.java:1012)]
2026-02-10 14:16:50.747 32287-32287 ViewRootIm...nActivity] com.fishit.player.v2                 I  ViewPostIme pointer 0
2026-02-10 14:16:50.794 32287-32287 ViewRootIm...nActivity] com.fishit.player.v2                 I  ViewPostIme pointer 1
2026-02-10 14:16:52.099 32287-32287 ViewRootIm...nActivity] com.fishit.player.v2                 I  ViewPostIme pointer 0
2026-02-10 14:16:52.198 32287-32309 ishit.player.v2         com.fishit.player.v2                 I  Compiler allocated 7198KB to compile void android.view.ViewRootImpl.performTraversals()
2026-02-10 14:16:52.262 32287-32287 ViewRootIm...nActivity] com.fishit.player.v2                 I  ViewPostIme pointer 1
2026-02-10 14:16:52.295 32287-32287 OnboardingViewModel     com.fishit.player.v2                 D  Category gate set: complete=true for account=xtream:Christoph10@konigtv.com
2026-02-10 14:16:52.295 32287-32287 CatalogSyncScheduler    com.fishit.player.v2                 D  Enqueueing EXPERT_NOW sync
2026-02-10 14:16:52.296 32287-32287 OnboardingViewModel     com.fishit.player.v2                 I  Category selection confirmed — sync enqueued, navigating to Home
2026-02-10 14:16:52.311 32287-32632 WM-SystemJobScheduler   com.fishit.player.v2                 D  Scheduling work ID 914623c2-55dd-40c5-a7de-b10e2dea684fJob ID 3
2026-02-10 14:16:52.314 32287-32632 WM-GreedyScheduler      com.fishit.player.v2                 D  Starting work for 914623c2-55dd-40c5-a7de-b10e2dea684f
2026-02-10 14:16:52.316 32287-32287 WindowManager           com.fishit.player.v2                 I  WindowManagerGlobal#removeView, ty=2, view=DecorView@b3b9171[MainActivity], caller=android.view.WindowManagerGlobal.removeView:628 android.view.WindowManagerImpl.removeViewImmediate:208 android.app.Dialog.dismissDialog:801
2026-02-10 14:16:52.316 32287-32632 WM-Processor            com.fishit.player.v2                 D  Processor: processing WorkGenerationalId(workSpecId=914623c2-55dd-40c5-a7de-b10e2dea684f, generation=0)
2026-02-10 14:16:52.317 32287-32287 WindowOnBackDispatcher  com.fishit.player.v2                 W  sendCancelIfRunning: isInProgress=falsecallback=android.view.ViewRootImpl$$ExternalSyntheticLambda19@5226461
2026-02-10 14:16:52.338 32287-32287 ViewRootIm...nActivity] com.fishit.player.v2                 I  dispatchDetachedFromWindow
2026-02-10 14:16:52.349 32287-32287 InputTransport          com.fishit.player.v2                 D  Input channel destroyed: '364f3a8', fd=139
2026-02-10 14:16:52.351  1432-1524  WindowManager           system_server                        E  win=Window{364f3a8 u0 com.fishit.player.v2/com.fishit.player.v2.MainActivity EXITING} destroySurfaces: appStopped=false cleanupOnResume=false win.mWindowRemovalAllowed=true win.mRemoveOnExit=true win.mViewVisibility=0 caller=com.android.server.wm.WindowState.onExitAnimationDone:5764 com.android.server.wm.WindowStateAnimator.onAnimationFinished:208 com.android.server.wm.WindowState.onAnimationFinished:5995 com.android.server.wm.WindowContainer$$ExternalSyntheticLambda4.onAnimationFinished:0 com.android.server.wm.SurfaceAnimator.lambda$getFinishedCallback$0:140 com.android.server.wm.SurfaceAnimator.$r8$lambda$eYT7rjaBOE8bCIRq043wVzQ_RTM:0 com.android.server.wm.SurfaceAnimator$$ExternalSyntheticLambda1.run:0
2026-02-10 14:16:52.357 32287-32287 WM-WorkerWrapper        com.fishit.player.v2                 D  Starting work for com.fishit.player.v2.work.CatalogSyncOrchestratorWorker
2026-02-10 14:16:52.357 32287-32599 CatalogSyncOrchestrator com.fishit.player.v2                 I  START sync_run_id=ee3df026-838c-4a48-8821-a55841c0704b mode=expert_now
2026-02-10 14:16:52.359 32287-32599 RuntimeGuards           com.fishit.player.v2                 D  Manual sync (expert_now) - skipping battery guard (level=50%)
2026-02-10 14:16:52.359 32287-32599 CatalogSyncOrchestrator com.fishit.player.v2                 I  Active sources: [XTREAM] (isEmpty=false)
2026-02-10 14:16:52.360 32287-32527 CatalogSyncOrchestrator com.fishit.player.v2                 I  Xtream sync starting...
2026-02-10 14:16:52.370 32287-32529 XtreamSyncService       com.fishit.player.v2                 D  Starting Xtream sync: profile=PHONE_HIGH_RAM, forceFullSync=false
2026-02-10 14:16:52.378 32287-32529 IncrementalSyncDecider  com.fishit.player.v2                 I  [all] First sync - full required
2026-02-10 14:16:52.379 32287-32529 SyncPerfMetrics         com.fishit.player.v2                 D  Sync app-default started
2026-02-10 14:16:52.383 32287-32596 XtreamCatalogPipeline   com.fishit.player.v2                 I  Starting Xtream catalog scan: vod=true, series=true, episodes=false, live=true
2026-02-10 14:16:52.383 32287-32287 HomeViewModel           com.fishit.player.v2                 I  🏠 HomeViewModel INIT - Creating content flows and paging sources
2026-02-10 14:16:52.384 32287-32527 LiveChannelPhase        com.fishit.player.v2                 D  [LIVE] Starting parallel scan (streaming) with 163 category filter(s) [server-side]...
2026-02-10 14:16:52.385 32287-32596 SeriesItemPhase         com.fishit.player.v2                 D  [SERIES] Starting scan (after slot available) with 47 category filter(s) [server-side]...
2026-02-10 14:16:52.389 32287-32598 XtreamStreamFetcher     com.fishit.player.v2                 D  streamFromUrl: CALLED for http://konigtv.com:8080/player_api.php?action=get_live_streams&category_id=129&username=***&password=***
2026-02-10 14:16:52.389 32287-32597 XtreamStreamFetcher     com.fishit.player.v2                 D  streamFromUrl: CALLED for http://konigtv.com:8080/player_api.php?action=get_series&category_id=60&username=***&password=***
2026-02-10 14:16:52.393 32287-32528 XtreamStreamFetcher     com.fishit.player.v2                 D  streamFromUrl: CALLED for http://konigtv.com:8080/player_api.php?action=get_live_streams&category_id=11&username=***&password=***
2026-02-10 14:16:52.394 32287-32587 XtreamStreamFetcher     com.fishit.player.v2                 D  streamFromUrl: CALLED for http://konigtv.com:8080/player_api.php?action=get_live_streams&category_id=12&username=***&password=***
2026-02-10 14:16:52.400 32287-1400  XtreamStreamFetcher     com.fishit.player.v2                 D  streamFromUrl: CALLED for http://konigtv.com:8080/player_api.php?action=get_live_streams&category_id=464&username=***&password=***
2026-02-10 14:16:52.402 32287-32591 XtreamStreamFetcher     com.fishit.player.v2                 D  streamFromUrl: CALLED for http://konigtv.com:8080/player_api.php?action=get_series&category_id=249&username=***&password=***
2026-02-10 14:16:52.415 32287-32595 XtreamStreamFetcher     com.fishit.player.v2                 D  streamFromUrl: CALLED for http://konigtv.com:8080/player_api.php?action=get_series&category_id=61&username=***&password=***
2026-02-10 14:16:52.416 32287-32590 XtreamStreamFetcher     com.fishit.player.v2                 D  streamFromUrl: CALLED for http://konigtv.com:8080/player_api.php?action=get_series&category_id=469&username=***&password=***
2026-02-10 14:16:52.422 32287-1347  TrafficStats            com.fishit.player.v2                 D  tagSocket(110) with statsTag=0xffffffff, statsUid=-1
2026-02-10 14:16:52.424 32287-1344  TrafficStats            com.fishit.player.v2                 D  tagSocket(139) with statsTag=0xffffffff, statsUid=-1
2026-02-10 14:16:52.428 32287-1357  TrafficStats            com.fishit.player.v2                 D  tagSocket(134) with statsTag=0xffffffff, statsUid=-1
2026-02-10 14:16:52.428 32287-1356  TrafficStats            com.fishit.player.v2                 D  tagSocket(158) with statsTag=0xffffffff, statsUid=-1
2026-02-10 14:16:52.430 32287-1341  TrafficStats            com.fishit.player.v2                 D  tagSocket(113) with statsTag=0xffffffff, statsUid=-1
2026-02-10 14:16:52.433 32287-1358  TrafficStats            com.fishit.player.v2                 D  tagSocket(159) with statsTag=0xffffffff, statsUid=-1
2026-02-10 14:16:52.437 32287-1345  TrafficStats            com.fishit.player.v2                 D  tagSocket(160) with statsTag=0xffffffff, statsUid=-1
2026-02-10 14:16:52.456 32287-32287 InsetsController        com.fishit.player.v2                 I  onStateChanged: host=com.fishit.player.v2/com.fishit.player.v2.MainActivity, from=android.view.ViewRootImpl$ViewRootHandler.handleMessageImpl:7209, state=InsetsState: {mDisplayFrame=Rect(0, 0 - 1080, 2400), mDisplayCutout=DisplayCutout{insets=Rect(0, 80 - 0, 0) waterfall=Insets{left=0, top=0, right=0, bottom=0} boundingRect={Bounds=[Rect(0, 0 - 0, 0), Rect(510, 0 - 570, 80), Rect(0, 0 - 0, 0), Rect(0, 0 - 0, 0)]} cutoutPathParserInfo={CutoutPathParserInfo{displayWidth=1080 displayHeight=2400 physicalDisplayWidth=1080 physicalDisplayHeight=2400 density={3.0} cutoutSpec={M 0,0 H -10 V 26.66666666666667 H 10 V 0 H 0 Z @dp} rotation={0} scale={1.0} physicalPixelDisplaySizeRatio={1.0}}}}, mRoundedCorners=RoundedCorners{[RoundedCorner{position=TopLeft, radius=90, center=Point(90, 90)}, RoundedCorner{position=TopRight, radius=90, center=Point(990, 90)}, RoundedCorner{position=BottomRight, radius=90, center=Point(990, 2310)}, RoundedCorner{position=BottomLeft, radius=90, center=Point(90, 2310)}]}  mRoundedCornerFrame=Rect(0, 0 - 1080, 2400), mPrivacyIndicatorBounds=PrivacyIndicatorBounds {static bounds=Rect(948, 0 - 1080, 80) rotation=0}, mDisplayShape=DisplayShape{ spec=-311912193 displayWidth=1080 displayHeight=2400 physicalPixelDisplaySizeRatio=1.0 rotation=0 offsetX=0 offsetY=0 scale=1.0}, mSources= { InsetsSource: {f91a0000 mType=statusBars mFrame=[0,0][1080,80] mVisible=true mFlags=[]}, InsetsSource: {f91a0005 mType=mandatorySystemGestures mFrame=[0,0][1080,116] mVisible=true mFlags=[]}, InsetsSource: {f91a0006 mType=tappableElement mFrame=[0,0][1080,80] mVisible=true mFlags=[]}, InsetsSource: {27 mType=displayCutout mFrame=[0,0][1080,80] mVisible=true mFlags=[]}, InsetsSource: {2c340001 mType=navigationBars mFrame=[0,2256][1080,2400] mVisible=true mFlags=[]}, InsetsSource: {2c340004 mType=systemGestures mFrame=[0,0][0,0] mVisible=true mFlags=[]}, InsetsSource: {2c340005 mType=mandatorySystemGestures mFrame=[0,2256][1080,2400] mVisible=true mFlags=[]}, InsetsSource: {2c340006 mType=tappableElement mFrame=[0,2256][1080,2400] mVisible=true mFlags=[]}, InsetsSource: {2c340024 mType=systemGestures mFrame=[0,0][0,0] mVisible=true mFlags=[]} }
2026-02-10 14:16:52.456 32287-32287 InsetsSourceConsumer    com.fishit.player.v2                 I  applyRequestedVisibilityToControl: visible=true, type=navigationBars, host=com.fishit.player.v2/com.fishit.player.v2.MainActivity
2026-02-10 14:16:52.457 32287-32287 InsetsSourceConsumer    com.fishit.player.v2                 I  applyRequestedVisibilityToControl: visible=true, type=statusBars, host=com.fishit.player.v2/com.fishit.player.v2.MainActivity
2026-02-10 14:16:52.457 32287-32287 WM-SystemJobService     com.fishit.player.v2                 D  onStartJob for WorkGenerationalId(workSpecId=914623c2-55dd-40c5-a7de-b10e2dea684f, generation=0)
2026-02-10 14:16:52.459 32287-32602 WM-Processor            com.fishit.player.v2                 D  Work WorkGenerationalId(workSpecId=914623c2-55dd-40c5-a7de-b10e2dea684f, generation=0) is already enqueued for processing
2026-02-10 14:16:52.464 32287-32287 HomeViewModel           com.fishit.player.v2                 D  🔄 Movies PagingFlow recreated (trigger=0)
2026-02-10 14:16:52.464 32287-32287 NxHomeContentRepo       com.fishit.player.v2                 I  🎬 getMoviesPagingData() CALLED - Creating Movies PagingSource
2026-02-10 14:16:52.467 32287-32287 NxHomeContentRepo       com.fishit.player.v2                 D  🎬 Movies PagingSource FACTORY invoked
2026-02-10 14:16:52.475 32287-32287 NxHomeContentRepo       com.fishit.player.v2                 D  🔍 HomePagingSource.load() START | workType=MOVIE offset=0 loadSize=40
2026-02-10 14:16:52.477 32287-32527 ObjectBoxPagingSource   com.fishit.player.v2                 D  🔍 DB Query: offset=0 loadSize=40 → results=0
2026-02-10 14:16:52.477 32287-32527 NxHomeContentRepo       com.fishit.player.v2                 D  🔍 HomePagingSource: DB returned 0 works
2026-02-10 14:16:52.478 32287-32287 HomeViewModel           com.fishit.player.v2                 D  🔄 Series PagingFlow recreated (trigger=0)
2026-02-10 14:16:52.478 32287-32287 NxHomeContentRepo       com.fishit.player.v2                 I  📺 getSeriesPagingData() CALLED - Creating Series PagingSource
2026-02-10 14:16:52.480 32287-32287 NxHomeContentRepo       com.fishit.player.v2                 D  📺 Series PagingSource FACTORY invoked
2026-02-10 14:16:52.482 32287-32287 NxHomeContentRepo       com.fishit.player.v2                 D  🔍 HomePagingSource.load() START | workType=SERIES offset=0 loadSize=40
2026-02-10 14:16:52.483 32287-32287 HomeViewModel           com.fishit.player.v2                 D  🔄 Clips PagingFlow recreated (trigger=0)
2026-02-10 14:16:52.484 32287-32527 ObjectBoxPagingSource   com.fishit.player.v2                 D  🔍 DB Query: offset=0 loadSize=40 → results=0
2026-02-10 14:16:52.484 32287-32527 NxHomeContentRepo       com.fishit.player.v2                 D  🔍 HomePagingSource: DB returned 0 works
2026-02-10 14:16:52.487 32287-32287 NxHomeContentRepo       com.fishit.player.v2                 D  🔍 HomePagingSource.load() START | workType=CLIP offset=0 loadSize=40
2026-02-10 14:16:52.488 32287-32527 ObjectBoxPagingSource   com.fishit.player.v2                 D  🔍 DB Query: offset=0 loadSize=40 → results=0
2026-02-10 14:16:52.488 32287-32527 NxHomeContentRepo       com.fishit.player.v2                 D  🔍 HomePagingSource: DB returned 0 works
2026-02-10 14:16:52.489 32287-32287 HomeViewModel           com.fishit.player.v2                 D  🔄 Live PagingFlow recreated (trigger=0)
2026-02-10 14:16:52.491 32287-32287 NxHomeContentRepo       com.fishit.player.v2                 D  🔍 HomePagingSource.load() START | workType=LIVE_CHANNEL offset=0 loadSize=40
2026-02-10 14:16:52.492 32287-32527 ObjectBoxPagingSource   com.fishit.player.v2                 D  🔍 DB Query: offset=0 loadSize=40 → results=0
2026-02-10 14:16:52.492 32287-32527 NxHomeContentRepo       com.fishit.player.v2                 D  🔍 HomePagingSource: DB returned 0 works
2026-02-10 14:16:52.493 32287-32287 HomeViewModel           com.fishit.player.v2                 D  🔄 RecentlyAdded PagingFlow recreated (trigger=0)
2026-02-10 14:16:52.495 32287-32287 NxHomeContentRepo       com.fishit.player.v2                 D  🔍 HomePagingSource.load() START | workType=ALL offset=0 loadSize=40
2026-02-10 14:16:52.496 32287-32527 ObjectBoxPagingSource   com.fishit.player.v2                 D  🔍 DB Query: offset=0 loadSize=40 → results=0
2026-02-10 14:16:52.496 32287-32527 NxHomeContentRepo       com.fishit.player.v2                 D  🔍 HomePagingSource: DB returned 0 works
2026-02-10 14:16:52.514 32287-32287 ViewRootIm...nActivity] com.fishit.player.v2                 I  handleWindowFocusChanged: 1 0 call from android.view.ViewRootImpl.-$$Nest$mhandleWindowFocusChanged:0
2026-02-10 14:16:52.514 32287-32287 ViewRootIm...nActivity] com.fishit.player.v2                 D  mThreadedRenderer.initializeIfNeeded()#2 mSurface={isValid=true 0xb4000074206dcbe0}
2026-02-10 14:16:52.514 32287-32287 InputMethodManagerUtils com.fishit.player.v2                 D  startInputInner - Id : 0
2026-02-10 14:16:52.515 32287-32287 InputMethodManager      com.fishit.player.v2                 I  startInputInner - IInputMethodManagerGlobalInvoker.startInputOrWindowGainedFocus
2026-02-10 14:16:52.517 32287-32287 NxHomeContentRepo       com.fishit.player.v2                 D  🔍 HomePagingSource: Processing 0 works for mapping
2026-02-10 14:16:52.518 32287-32287 NxHomeContentRepo       com.fishit.player.v2                 D  🔍 HomePagingSource: Processing 0 works for mapping
2026-02-10 14:16:52.518 32287-32287 NxHomeContentRepo       com.fishit.player.v2                 D  🔍 HomePagingSource: Processing 0 works for mapping
2026-02-10 14:16:52.518 32287-32287 NxHomeContentRepo       com.fishit.player.v2                 D  🔍 HomePagingSource: Processing 0 works for mapping
2026-02-10 14:16:52.519 32287-32287 NxHomeContentRepo       com.fishit.player.v2                 D  🔍 HomePagingSource: Filtered out episodes: 0 → 0
2026-02-10 14:16:52.519 32287-32287 NxHomeContentRepo       com.fishit.player.v2                 D  🔍 HomePagingSource: Processing 0 works for mapping
2026-02-10 14:16:52.590 32287-32287 WorkManage...teObserver com.fishit.player.v2                 D  Sync state: RUNNING | id=914623c2 | attempts=1 | tags=[mode_expert_now, catalog_sync, worker/CatalogSyncOrchestratorWorker, com.fishit.player.v2.work.CatalogSyncOrchestratorWorker]
2026-02-10 14:16:52.591 32287-32287 NxHomeContentRepo       com.fishit.player.v2                 D  🔍 HomePagingSource: Loaded source refs for 0 works
2026-02-10 14:16:52.591 32287-32287 NxHomeContentRepo       com.fishit.player.v2                 I  ✅ HomePagingSource.load() RESULT | workType=MOVIE offset=0 count=0 hasNext=false titles=
2026-02-10 14:16:52.594 32287-32287 NxHomeContentRepo       com.fishit.player.v2                 D  🔍 HomePagingSource: Loaded source refs for 0 works
2026-02-10 14:16:52.594 32287-32287 NxHomeContentRepo       com.fishit.player.v2                 I  ✅ HomePagingSource.load() RESULT | workType=SERIES offset=0 count=0 hasNext=false titles=
2026-02-10 14:16:52.598 32287-32287 NxHomeContentRepo       com.fishit.player.v2                 D  🔍 HomePagingSource: Loaded source refs for 0 works
2026-02-10 14:16:52.598 32287-32287 NxHomeContentRepo       com.fishit.player.v2                 I  ✅ HomePagingSource.load() RESULT | workType=CLIP offset=0 count=0 hasNext=false titles=
2026-02-10 14:16:52.600 32287-32287 NxHomeContentRepo       com.fishit.player.v2                 D  🔍 HomePagingSource: Loaded source refs for 0 works
2026-02-10 14:16:52.600 32287-32287 NxHomeContentRepo       com.fishit.player.v2                 I  ✅ HomePagingSource.load() RESULT | workType=LIVE_CHANNEL offset=0 count=0 hasNext=false titles=
2026-02-10 14:16:52.602 32287-32287 NxHomeContentRepo       com.fishit.player.v2                 D  🔍 HomePagingSource: Loaded source refs for 0 works
2026-02-10 14:16:52.602 32287-32287 NxHomeContentRepo       com.fishit.player.v2                 I  ✅ HomePagingSource.load() RESULT | workType=ALL offset=0 count=0 hasNext=false titles=
2026-02-10 14:16:52.605 32287-32287 InsetsSourceConsumer    com.fishit.player.v2                 I  applyRequestedVisibilityToControl: visible=false, type=ime, host=com.fishit.player.v2/com.fishit.player.v2.MainActivity
2026-02-10 14:16:52.704 32287-32598 XtreamStreamFetcher     com.fishit.player.v2                 D  streamFromUrl: Starting StreamingJsonParser.streamInBatches() for http://konigtv.com:8080/player_api.php?action=get_live_streams&category_id=129&username=***&password=***
2026-02-10 14:16:52.753 32287-32598 XTC                     com.fishit.player.v2                 D  [LIVE] DTO→Raw #1 | id=xtream:live:81568 | title="DE HEVC" | sourceType=XTREAM | Fields: ✓[poster] ✗[year, plot, cast, director, backdrop, duration, tmdb]
2026-02-10 14:16:52.778 32287-32598 XTC                     com.fishit.player.v2                 D  [LIVE] DTO→Raw #50 | id=xtream:live:71808 | title="DE: Deluxe Music HEVC" | sourceType=XTREAM | Fields: ✓[poster] ✗[year, plot, cast, director, backdrop, duration, tmdb]
2026-02-10 14:16:52.781 32287-32598 XtreamStreamFetcher     com.fishit.player.v2                 D  StreamBatch: 53 items in 1 batches (79ms) | errors=0
2026-02-10 14:16:52.785 32287-32598 XtreamStreamFetcher     com.fishit.player.v2                 D  streamFromUrl: CALLED for http://konigtv.com:8080/player_api.php?action=get_live_streams&category_id=463&username=***&password=***
2026-02-10 14:16:52.794 32287-32595 XtreamStreamFetcher     com.fishit.player.v2                 D  streamFromUrl: Starting StreamingJsonParser.streamInBatches() for http://konigtv.com:8080/player_api.php?action=get_series&category_id=61&username=***&password=***
2026-02-10 14:16:52.799 32287-32595 XtreamStreamFetcher     com.fishit.player.v2                 D  StreamBatch: 0 items in 0 batches (5ms) | errors=0
2026-02-10 14:16:52.799 32287-32595 XtreamStreamFetcher     com.fishit.player.v2                 W  streamFromUrl: ZERO items parsed from http://konigtv.com:8080/player_api.php?action=get_series&category_id=61&username=***&password=*** | batchCount=0 errors=0
