2026-01-30 15:10:34.029  7425-7425  ViewRootIm...nActivity] com.fishit.player.v2                 I  ViewPostIme pointer 0
2026-01-30 15:10:34.115  7425-7425  ViewRootIm...nActivity] com.fishit.player.v2                 I  ViewPostIme pointer 1
2026-01-30 15:10:34.160  7425-7434  ishit.player.v2         com.fishit.player.v2                 I  Background concurrent copying GC freed 76531(6128KB) AllocSpace objects, 22(888KB) LOS objects, 49% free, 7812KB/15MB, paused 500us,42us total 115.617ms
2026-01-30 15:10:34.238  7425-7425  InputMethodManagerUtils com.fishit.player.v2                 D  startInputInner - Id : 0
2026-01-30 15:10:34.239  7425-7425  InputMethodManager      com.fishit.player.v2                 I  startInputInner - IInputMethodManagerGlobalInvoker.startInputOrWindowGainedFocus
2026-01-30 15:10:34.244  7425-7425  InputMethodManagerUtils com.fishit.player.v2                 D  startInputInner - Id : 0
2026-01-30 15:10:34.245  7425-7425  InputMethodManager      com.fishit.player.v2                 I  startInputInner - IInputMethodManagerGlobalInvoker.startInputOrWindowGainedFocus
2026-01-30 15:10:34.255  7425-7425  ImeTracker              com.fishit.player.v2                 I  com.fishit.player.v2:b21c90f6: onRequestShow at ORIGIN_CLIENT_SHOW_SOFT_INPUT reason SHOW_SOFT_INPUT_BY_INSETS_API
2026-01-30 15:10:34.255  7425-7425  InsetsController        com.fishit.player.v2                 D  show(ime(), fromIme=false)
2026-01-30 15:10:34.256  7425-7425  InsetsController        com.fishit.player.v2                 I  setRequestedVisibleTypes: visible=true, mask=ime, host=com.fishit.player.v2/com.fishit.player.v2.MainActivity, from=android.view.InsetsController.controlAnimationUnchecked:1445 android.view.InsetsController.applyAnimation:2005 android.view.InsetsController.applyAnimation:1968 android.view.InsetsController.show:1309 android.view.InsetsController.show:1237 androidx.core.view.SoftwareKeyboardControllerCompat$Impl30.show:194 androidx.core.view.SoftwareKeyboardControllerCompat.show:71 androidx.compose.ui.text.input.InputMethodManagerImpl.showSoftInput:81 androidx.compose.ui.text.input.TextInputServiceAndroid.setKeyboardVisibleImmediately:475 androidx.compose.ui.text.input.TextInputServiceAndroid.processInputCommands:359
2026-01-30 15:10:34.257  7425-7425  InputMethodManager_LC   com.fishit.player.v2                 I  ris()
2026-01-30 15:10:34.257  7425-7425  InputMethodManager_LC   com.fishit.player.v2                 I  ssi(): flags=0 view=com.fishit.player.v2 reason = SHOW_SOFT_INPUT_BY_INSETS_API
2026-01-30 15:10:34.257  7425-7425  InputMethodManager_LC   com.fishit.player.v2                 I  ssi() view is not EditText
2026-01-30 15:10:34.258  7425-7425  InputMethodManager      com.fishit.player.v2                 D  showSoftInput() view=androidx.compose.ui.platform.AndroidComposeView{ff4684f VFED..... .F....ID 0,0-1080,2400 aid=1073741824} flags=0 reason=SHOW_SOFT_INPUT_BY_INSETS_API
2026-01-30 15:10:34.264  7425-7425  InsetsController        com.fishit.player.v2                 I  setRequestedVisibleTypes: visible=false, mask=ime, host=com.fishit.player.v2/com.fishit.player.v2.MainActivity, from=android.view.InsetsController.controlAnimationUncheckedInner:1546 android.view.InsetsController.controlAnimationUnchecked:1449 android.view.InsetsController.applyAnimation:2005 android.view.InsetsController.applyAnimation:1968 android.view.InsetsController.show:1309 android.view.InsetsController.show:1237 androidx.core.view.SoftwareKeyboardControllerCompat$Impl30.show:194 androidx.core.view.SoftwareKeyboardControllerCompat.show:71 androidx.compose.ui.text.input.InputMethodManagerImpl.showSoftInput:81 androidx.compose.ui.text.input.TextInputServiceAndroid.setKeyboardVisibleImmediately:475
2026-01-30 15:10:34.348  7425-7425  RemoteInpu...ectionImpl com.fishit.player.v2                 W  getExtractedText on inactive InputConnection
2026-01-30 15:10:34.350  7425-7425  InputMethodManager_LC   com.fishit.player.v2                 I  showSoftInput(View,I)
2026-01-30 15:10:34.355  7425-7425  ImeTracker              com.fishit.player.v2                 I  com.fishit.player.v2:d47223ea: onRequestShow at ORIGIN_CLIENT_SHOW_SOFT_INPUT reason SHOW_SOFT_INPUT
2026-01-30 15:10:34.356  7425-7425  InputMethodManager_LC   com.fishit.player.v2                 I  ssi(): flags=0 view=com.fishit.player.v2 reason = SHOW_SOFT_INPUT
2026-01-30 15:10:34.356  7425-7425  InputMethodManager_LC   com.fishit.player.v2                 I  ssi() view is not EditText
2026-01-30 15:10:34.356  7425-7425  InputMethodManager      com.fishit.player.v2                 D  showSoftInput() view=androidx.compose.ui.platform.AndroidComposeView{ff4684f VFED..... .F....ID 0,0-1080,2400 aid=1073741824} flags=0 reason=SHOW_SOFT_INPUT
2026-01-30 15:10:34.504  7425-7453  ViewRootIm...nActivity] com.fishit.player.v2                 I  Resizing android.view.ViewRootImpl@a07312c: frame = [0,0][1080,2400] reportDraw = false forceLayout = false syncSeqId = -1
2026-01-30 15:10:34.505  7425-7425  InsetsController        com.fishit.player.v2                 I  onStateChanged: host=com.fishit.player.v2/com.fishit.player.v2.MainActivity, from=android.view.ViewRootImpl$ViewRootHandler.handleMessageImpl:7196, state=InsetsState: {mDisplayFrame=Rect(0, 0 - 1080, 2400), mDisplayCutout=DisplayCutout{insets=Rect(0, 80 - 0, 0) waterfall=Insets{left=0, top=0, right=0, bottom=0} boundingRect={Bounds=[Rect(0, 0 - 0, 0), Rect(510, 0 - 570, 80), Rect(0, 0 - 0, 0), Rect(0, 0 - 0, 0)]} cutoutPathParserInfo={CutoutPathParserInfo{displayWidth=1080 displayHeight=2400 physicalDisplayWidth=1080 physicalDisplayHeight=2400 density={3.0} cutoutSpec={M 0,0 H -10 V 26.66666666666667 H 10 V 0 H 0 Z @dp} rotation={0} scale={1.0} physicalPixelDisplaySizeRatio={1.0}}}}, mRoundedCorners=RoundedCorners{[RoundedCorner{position=TopLeft, radius=90, center=Point(90, 90)}, RoundedCorner{position=TopRight, radius=90, center=Point(990, 90)}, RoundedCorner{position=BottomRight, radius=90, center=Point(990, 2310)}, RoundedCorner{position=BottomLeft, radius=90, center=Point(90, 2310)}]}  mRoundedCornerFrame=Rect(0, 0 - 1080, 2400), mPrivacyIndicatorBounds=PrivacyIndicatorBounds {static bounds=Rect(948, 0 - 1080, 80) rotation=0}, mDisplayShape=DisplayShape{ spec=-311912193 displayWidth=1080 displayHeight=2400 physicalPixelDisplaySizeRatio=1.0 rotation=0 offsetX=0 offsetY=0 scale=1.0}, mSources= { InsetsSource: {3 mType=ime mFrame=[0,2256][1080,2400] mVisible=false mFlags=[]}, InsetsSource: {27 mType=displayCutout mFrame=[0,0][1080,80] mVisible=true mFlags=[]}, InsetsSource: {24df0000 mType=statusBars mFrame=[0,0][1080,80] mVisible=true mFlags=[]}, InsetsSource: {24df0005 mType=mandatorySystemGestures mFrame=[0,0][1080,116] mVisible=true mFlags=[]}, InsetsSource: {24df0006 mType=tappableElement mFrame=[0,0][1080,80] mVisible=true mFlags=[]}, InsetsSource: {68b60001 mType=navigationBars mFrame=[0,2256][1080,2400] mVisible=true mFlags=[]}, InsetsSource: {68b60004 mType=systemGestures mFrame=[0,0][0,0] mVisible=true mFlags=[]}, InsetsSource: {68b60005 mType=mandatorySystemGestures mFrame=[0,2256][1080,2400] mVisible=true mFlags=[]}, InsetsSource: {68b60006 mType=tappableElement mFrame=[0,2256][1080,2400] mVisible=true mFlags=[]}, InsetsSource: {68b60024 mType=systemGestures mFrame=[0,0][0,0] mVisible=true mFlags=[]} }
2026-01-30 15:10:34.505  7425-7425  ViewRootIm...nActivity] com.fishit.player.v2                 I  handleResized, msg = 4 frames=ClientWindowFrames{frame=[0,0][1080,2400] display=[0,0][1080,2400] parentFrame=[0,0][0,0]} forceNextWindowRelayout=false displayId=0 dragResizing=false compatScale=1.0 frameChanged=false attachedFrameChanged=false configChanged=false displayChanged=false compatScaleChanged=false
2026-01-30 15:10:34.531  7425-7425  InsetsController        com.fishit.player.v2                 D  show(ime(), fromIme=true)
2026-01-30 15:10:34.532  7425-7425  InsetsController        com.fishit.player.v2                 I  setRequestedVisibleTypes: visible=true, mask=ime, host=com.fishit.player.v2/com.fishit.player.v2.MainActivity, from=android.view.InsetsController.controlAnimationUnchecked:1445 android.view.InsetsController.handlePendingControlRequest:1324 android.view.InsetsController.show:1260 android.view.ViewRootImpl$ViewRootHandler.handleMessageImpl:7233 android.view.ViewRootImpl$ViewRootHandler.handleMessage:7166 android.os.Handler.dispatchMessage:106 android.os.Looper.loopOnce:230 android.os.Looper.loop:319 android.app.ActivityThread.main:8919 java.lang.reflect.Method.invoke:-2
2026-01-30 15:10:34.533  7425-7425  InsetsController        com.fishit.player.v2                 I  controlAnimationUncheckedInner: Added types=ime, animType=0, host=com.fishit.player.v2/com.fishit.player.v2.MainActivity, from=android.view.InsetsController.controlAnimationUnchecked:1449 android.view.InsetsController.handlePendingControlRequest:1324 android.view.InsetsController.show:1260
2026-01-30 15:10:34.540  7425-7453  ViewRootIm...nActivity] com.fishit.player.v2                 I  Resizing android.view.ViewRootImpl@a07312c: frame = [0,0][1080,2400] reportDraw = false forceLayout = false syncSeqId = -1
2026-01-30 15:10:34.554  7425-7425  InsetsController        com.fishit.player.v2                 I  onStateChanged: host=com.fishit.player.v2/com.fishit.player.v2.MainActivity, from=android.view.ViewRootImpl$ViewRootHandler.handleMessageImpl:7209, state=InsetsState: {mDisplayFrame=Rect(0, 0 - 1080, 2400), mDisplayCutout=DisplayCutout{insets=Rect(0, 80 - 0, 0) waterfall=Insets{left=0, top=0, right=0, bottom=0} boundingRect={Bounds=[Rect(0, 0 - 0, 0), Rect(510, 0 - 570, 80), Rect(0, 0 - 0, 0), Rect(0, 0 - 0, 0)]} cutoutPathParserInfo={CutoutPathParserInfo{displayWidth=1080 displayHeight=2400 physicalDisplayWidth=1080 physicalDisplayHeight=2400 density={3.0} cutoutSpec={M 0,0 H -10 V 26.66666666666667 H 10 V 0 H 0 Z @dp} rotation={0} scale={1.0} physicalPixelDisplaySizeRatio={1.0}}}}, mRoundedCorners=RoundedCorners{[RoundedCorner{position=TopLeft, radius=90, center=Point(90, 90)}, RoundedCorner{position=TopRight, radius=90, center=Point(990, 90)}, RoundedCorner{position=BottomRight, radius=90, center=Point(990, 2310)}, RoundedCorner{position=BottomLeft, radius=90, center=Point(90, 2310)}]}  mRoundedCornerFrame=Rect(0, 0 - 1080, 2400), mPrivacyIndicatorBounds=PrivacyIndicatorBounds {static bounds=Rect(948, 0 - 1080, 80) rotation=0}, mDisplayShape=DisplayShape{ spec=-311912193 displayWidth=1080 displayHeight=2400 physicalPixelDisplaySizeRatio=1.0 rotation=0 offsetX=0 offsetY=0 scale=1.0}, mSources= { InsetsSource: {3 mType=ime mFrame=[0,2256][1080,2400] mVisible=true mFlags=[]}, InsetsSource: {27 mType=displayCutout mFrame=[0,0][1080,80] mVisible=true mFlags=[]}, InsetsSource: {24df0000 mType=statusBars mFrame=[0,0][1080,80] mVisible=true mFlags=[]}, InsetsSource: {24df0005 mType=mandatorySystemGestures mFrame=[0,0][1080,116] mVisible=true mFlags=[]}, InsetsSource: {24df0006 mType=tappableElement mFrame=[0,0][1080,80] mVisible=true mFlags=[]}, InsetsSource: {68b60001 mType=navigationBars mFrame=[0,2256][1080,2400] mVisible=true mFlags=[]}, InsetsSource: {68b60004 mType=systemGestures mFrame=[0,0][0,0] mVisible=true mFlags=[]}, InsetsSource: {68b60005 mType=mandatorySystemGestures mFrame=[0,2256][1080,2400] mVisible=true mFlags=[]}, InsetsSource: {68b60006 mType=tappableElement mFrame=[0,2256][1080,2400] mVisible=true mFlags=[]}, InsetsSource: {68b60024 mType=systemGestures mFrame=[0,0][0,0] mVisible=true mFlags=[]} }
2026-01-30 15:10:34.555  7425-7425  ViewRootIm...nActivity] com.fishit.player.v2                 I  handleResized, msg = 4 frames=ClientWindowFrames{frame=[0,0][1080,2400] display=[0,0][1080,2400] parentFrame=[0,0][0,0]} forceNextWindowRelayout=false displayId=0 dragResizing=false compatScale=1.0 frameChanged=false attachedFrameChanged=false configChanged=false displayChanged=false compatScaleChanged=false
2026-01-30 15:10:34.558  7425-7425  InsetsController        com.fishit.player.v2                 I  cancelAnimation: types=ime, animType=0, host=com.fishit.player.v2/com.fishit.player.v2.MainActivity, from=android.view.InsetsController.notifyFinished:1748 android.view.InsetsAnimationThreadControlRunner$1.lambda$notifyFinished$0:85 android.view.InsetsAnimationThreadControlRunner$1.$r8$lambda$RAf1SfIREsj9-wH5FOigMy6eLkM:0
2026-01-30 15:10:34.558  7425-7425  ImeTracker              com.fishit.player.v2                 I  com.fishit.player.v2:d47223ea: onShown
2026-01-30 15:10:34.580  7425-7855  ViewRootIm...nActivity] com.fishit.player.v2                 I  mWNT: t=0xb4000078e4e3f2b0 mBlastBufferQueue=0xb400007a14e42af0 fn= 8 mRenderHdrSdrRatio=1.0 caller= android.view.SyncRtSurfaceTransactionApplier.applyTransaction:96 android.view.SyncRtSurfaceTransactionApplier.lambda$scheduleApply$0:69 android.view.SyncRtSurfaceTransactionApplier.$r8$lambda$SgowXC58rj3PR958kHUfRgLZmvE:0
2026-01-30 15:10:36.075  7425-7425  ViewRootIm...nActivity] com.fishit.player.v2                 I  ViewPostIme pointer 0
2026-01-30 15:10:36.365  7425-7425  ViewRootIm...nActivity] com.fishit.player.v2                 I  ViewPostIme pointer 1
2026-01-30 15:10:38.744  7425-7425  ViewRootIm...nActivity] com.fishit.player.v2                 I  ViewPostIme key 0
2026-01-30 15:10:38.761  7425-7425  ViewRootIm...nActivity] com.fishit.player.v2                 I  ViewPostIme key 1
2026-01-30 15:10:44.410  7425-7433  ishit.player.v2         com.fishit.player.v2                 I  Compiler allocated 7198KB to compile void android.view.ViewRootImpl.performTraversals()
2026-01-30 15:10:48.156  7425-7425  ViewRootIm...nActivity] com.fishit.player.v2                 I  ViewPostIme pointer 0
2026-01-30 15:10:48.212  7425-7425  ViewRootIm...nActivity] com.fishit.player.v2                 I  ViewPostIme pointer 1
2026-01-30 15:10:48.216  7425-7425  OnboardingViewModel     com.fishit.player.v2                 D  connectXtream: Starting with URL host: http://konigtv.com:8080
2026-01-30 15:10:48.220  7425-7425  OnboardingViewModel     com.fishit.player.v2                 D  connectXtream: Parsed credentials - host=konigtv.com, port=8080, username=Christoph10, useHttps=false
2026-01-30 15:10:48.220  7425-7425  Compatibil...geReporter com.fishit.player.v2                 D  Compat change id reported: 247079863; UID 10496; state: ENABLED
2026-01-30 15:10:48.222  7425-7425  OnboardingViewModel     com.fishit.player.v2                 D  connectXtream: Created config - scheme=http, host=konigtv.com, port=8080, username=Christoph10
2026-01-30 15:10:48.224  7425-7425  XtreamAuthRepoAdapter   com.fishit.player.v2                 D  initialize: Starting with config - scheme=http, host=konigtv.com, port=8080, username=Christoph10
2026-01-30 15:10:48.226  7425-7425  XtreamAuthRepoAdapter   com.fishit.player.v2                 D  initialize: Calling apiClient.initialize
2026-01-30 15:10:48.229  7425-7599  XtreamApiClient         com.fishit.player.v2                 D  Initializing client for konigtv.com (forceDiscovery=false)
2026-01-30 15:10:48.230  7425-7599  XtreamApiClient         com.fishit.player.v2                 D  Resolved port: 8080
2026-01-30 15:10:48.285  7425-7598  XtreamApiClient         com.fishit.player.v2                 D  buildPlayerApiUrl: action=get_series_categories -> konigtv.com/player_api.php
2026-01-30 15:10:48.289  7425-7597  XtreamApiClient         com.fishit.player.v2                 D  buildPlayerApiUrl: action=get_movie_categories -> konigtv.com/player_api.php
2026-01-30 15:10:48.291  7425-7601  XtreamApiClient         com.fishit.player.v2                 D  buildPlayerApiUrl: action=get_series -> konigtv.com/player_api.php
2026-01-30 15:10:48.292  7425-7592  XtreamApiClient         com.fishit.player.v2                 D  buildPlayerApiUrl: action=get_vod_categories -> konigtv.com/player_api.php
2026-01-30 15:10:48.292  7425-7591  XtreamApiClient         com.fishit.player.v2                 D  buildPlayerApiUrl: action=get_live_streams -> konigtv.com/player_api.php
2026-01-30 15:10:48.296  7425-7590  XtreamApiClient         com.fishit.player.v2                 D  buildPlayerApiUrl: action=get_live_categories -> konigtv.com/player_api.php
2026-01-30 15:10:48.299  7425-7600  XtreamApiClient         com.fishit.player.v2                 D  buildPlayerApiUrl: action=get_movies_categories -> konigtv.com/player_api.php
2026-01-30 15:10:48.357  7425-7425  ImeTracker              com.fishit.player.v2                 I  com.fishit.player.v2:c49f161e: onRequestHide at ORIGIN_CLIENT_HIDE_SOFT_INPUT reason HIDE_SOFT_INPUT_BY_INSETS_API
2026-01-30 15:10:48.358  7425-7425  InsetsController        com.fishit.player.v2                 I  setRequestedVisibleTypes: visible=false, mask=ime, host=com.fishit.player.v2/com.fishit.player.v2.MainActivity, from=android.view.InsetsController.controlAnimationUnchecked:1445 android.view.InsetsController.applyAnimation:2005 android.view.InsetsController.applyAnimation:1968 android.view.InsetsController.hide:1403 android.view.InsetsController.hide:1342 androidx.core.view.SoftwareKeyboardControllerCompat$Impl30.hide:227 androidx.core.view.SoftwareKeyboardControllerCompat.hide:81 androidx.compose.ui.text.input.InputMethodManagerImpl.hideSoftInput:85 androidx.compose.ui.text.input.TextInputServiceAndroid.setKeyboardVisibleImmediately:477 androidx.compose.ui.text.input.TextInputServiceAndroid.processInputCommands:359
2026-01-30 15:10:48.359  7425-7425  ImeTracker              com.fishit.player.v2                 I  com.fishit.player.v2:828a7de3: onRequestHide at ORIGIN_CLIENT_HIDE_SOFT_INPUT reason HIDE_SOFT_INPUT_BY_INSETS_API
2026-01-30 15:10:48.360  7425-7425  InputMethodManager_LC   com.fishit.player.v2                 I  notifyImeHidden: IInputMethodManagerGlobalInvoker.hideSoftInput
2026-01-30 15:10:48.364  7425-7425  InsetsController        com.fishit.player.v2                 I  controlAnimationUncheckedInner: Added types=ime, animType=1, host=com.fishit.player.v2/com.fishit.player.v2.MainActivity, from=android.view.InsetsController.controlAnimationUnchecked:1449 android.view.InsetsController.applyAnimation:2005 android.view.InsetsController.applyAnimation:1968
2026-01-30 15:10:48.364  7425-7425  InputMethodManagerUtils com.fishit.player.v2                 D  startInputInner - Id : 0
2026-01-30 15:10:48.365  7425-7425  InputMethodManager      com.fishit.player.v2                 I  startInputInner - IInputMethodManagerGlobalInvoker.startInputOrWindowGainedFocus
2026-01-30 15:10:48.387  7425-7425  ImeTracker              com.fishit.player.v2                 I  com.fishit.player.v2:828a7de3: onCancelled at PHASE_CLIENT_APPLY_ANIMATION
2026-01-30 15:10:48.387  7425-7425  RemoteInpu...ectionImpl com.fishit.player.v2                 W  requestCursorAnchorInfo on inactive InputConnection
2026-01-30 15:10:48.389  7425-7451  ViewRootIm...nActivity] com.fishit.player.v2                 I  Resizing android.view.ViewRootImpl@a07312c: frame = [0,0][1080,2400] reportDraw = false forceLayout = false syncSeqId = -1
2026-01-30 15:10:48.390  7425-7425  InsetsController        com.fishit.player.v2                 I  onStateChanged: host=com.fishit.player.v2/com.fishit.player.v2.MainActivity, from=android.view.ViewRootImpl$ViewRootHandler.handleMessageImpl:7209, state=InsetsState: {mDisplayFrame=Rect(0, 0 - 1080, 2400), mDisplayCutout=DisplayCutout{insets=Rect(0, 80 - 0, 0) waterfall=Insets{left=0, top=0, right=0, bottom=0} boundingRect={Bounds=[Rect(0, 0 - 0, 0), Rect(510, 0 - 570, 80), Rect(0, 0 - 0, 0), Rect(0, 0 - 0, 0)]} cutoutPathParserInfo={CutoutPathParserInfo{displayWidth=1080 displayHeight=2400 physicalDisplayWidth=1080 physicalDisplayHeight=2400 density={3.0} cutoutSpec={M 0,0 H -10 V 26.66666666666667 H 10 V 0 H 0 Z @dp} rotation={0} scale={1.0} physicalPixelDisplaySizeRatio={1.0}}}}, mRoundedCorners=RoundedCorners{[RoundedCorner{position=TopLeft, radius=90, center=Point(90, 90)}, RoundedCorner{position=TopRight, radius=90, center=Point(990, 90)}, RoundedCorner{position=BottomRight, radius=90, center=Point(990, 2310)}, RoundedCorner{position=BottomLeft, radius=90, center=Point(90, 2310)}]}  mRoundedCornerFrame=Rect(0, 0 - 1080, 2400), mPrivacyIndicatorBounds=PrivacyIndicatorBounds {static bounds=Rect(948, 0 - 1080, 80) rotation=0}, mDisplayShape=DisplayShape{ spec=-311912193 displayWidth=1080 displayHeight=2400 physicalPixelDisplaySizeRatio=1.0 rotation=0 offsetX=0 offsetY=0 scale=1.0}, mSources= { InsetsSource: {3 mType=ime mFrame=[0,2256][1080,2400] mVisible=false mFlags=[]}, InsetsSource: {27 mType=displayCutout mFrame=[0,0][1080,80] mVisible=true mFlags=[]}, InsetsSource: {24df0000 mType=statusBars mFrame=[0,0][1080,80] mVisible=true mFlags=[]}, InsetsSource: {24df0005 mType=mandatorySystemGestures mFrame=[0,0][1080,116] mVisible=true mFlags=[]}, InsetsSource: {24df0006 mType=tappableElement mFrame=[0,0][1080,80] mVisible=true mFlags=[]}, InsetsSource: {68b60001 mType=navigationBars mFrame=[0,2256][1080,2400] mVisible=true mFlags=[]}, InsetsSource: {68b60004 mType=systemGestures mFrame=[0,0][0,0] mVisible=true mFlags=[]}, InsetsSource: {68b60005 mType=mandatorySystemGestures mFrame=[0,2256][1080,2400] mVisible=true mFlags=[]}, InsetsSource: {68b60006 mType=tappableElement mFrame=[0,2256][1080,2400] mVisible=true mFlags=[]}, InsetsSource: {68b60024 mType=systemGestures mFrame=[0,0][0,0] mVisible=true mFlags=[]} }
2026-01-30 15:10:48.391  7425-7425  InsetsSourceConsumer    com.fishit.player.v2                 I  applyRequestedVisibilityToControl: visible=true, type=navigationBars, host=com.fishit.player.v2/com.fishit.player.v2.MainActivity
2026-01-30 15:10:48.392  7425-7425  WindowOnBackDispatcher  com.fishit.player.v2                 W  sendCancelIfRunning: isInProgress=falsecallback=ImeCallback=ImeOnBackInvokedCallback@162403614 Callback=android.window.IOnBackInvokedCallback$Stub$Proxy@47ed068
2026-01-30 15:10:48.393  7425-7425  ViewRootIm...nActivity] com.fishit.player.v2                 I  handleResized, msg = 4 frames=ClientWindowFrames{frame=[0,0][1080,2400] display=[0,0][1080,2400] parentFrame=[0,0][0,0]} forceNextWindowRelayout=false displayId=0 dragResizing=false compatScale=1.0 frameChanged=false attachedFrameChanged=false configChanged=false displayChanged=false compatScaleChanged=false
2026-01-30 15:10:48.394  7425-7425  InsetsController        com.fishit.player.v2                 I  cancelAnimation: types=ime, animType=1, host=com.fishit.player.v2/com.fishit.player.v2.MainActivity, from=android.view.InsetsController.notifyFinished:1748 android.view.InsetsAnimationThreadControlRunner$1.lambda$notifyFinished$0:85 android.view.InsetsAnimationThreadControlRunner$1.$r8$lambda$RAf1SfIREsj9-wH5FOigMy6eLkM:0
2026-01-30 15:10:48.395  7425-7425  ImeTracker              com.fishit.player.v2                 I  com.fishit.player.v2:18770ebc: onRequestHide at ORIGIN_CLIENT_HIDE_SOFT_INPUT reason HIDE_SOFT_INPUT_BY_INSETS_API
2026-01-30 15:10:48.395  7425-7425  InputMethodManager_LC   com.fishit.player.v2                 I  notifyImeHidden: IInputMethodManagerGlobalInvoker.hideSoftInput
2026-01-30 15:10:48.396  7425-7425  ImeTracker              com.fishit.player.v2                 I  com.fishit.player.v2:c49f161e: onHidden
2026-01-30 15:10:48.462  7425-8116  TrafficStats            com.fishit.player.v2                 D  tagSocket(123) with statsTag=0xffffffff, statsUid=-1
2026-01-30 15:10:48.528  7425-8117  TrafficStats            com.fishit.player.v2                 D  tagSocket(131) with statsTag=0xffffffff, statsUid=-1
2026-01-30 15:10:48.539  7425-8118  TrafficStats            com.fishit.player.v2                 D  tagSocket(136) with statsTag=0xffffffff, statsUid=-1
2026-01-30 15:10:48.664  7425-8116  TrafficStats            com.fishit.player.v2                 D  tagSocket(161) with statsTag=0xffffffff, statsUid=-1
2026-01-30 15:10:48.724  7425-7598  XtreamApiClient         com.fishit.player.v2                 D  NetworkProbe: HTTP 200 for konigtv.com/player_api.php | bytes=678 contentType=application/json
2026-01-30 15:10:48.728  7425-7598  XtreamApiClient         com.fishit.player.v2                 D  NetworkProbe: Manually decompressed gzip body for konigtv.com/player_api.php | original=678 decompressed=3753
2026-01-30 15:10:48.783  7425-8118  TrafficStats            com.fishit.player.v2                 D  tagSocket(131) with statsTag=0xffffffff, statsUid=-1
2026-01-30 15:10:48.798  7425-7590  XtreamApiClient         com.fishit.player.v2                 D  NetworkProbe: HTTP 200 for konigtv.com/player_api.php | bytes=1557 contentType=application/json
2026-01-30 15:10:48.813  7425-7590  XtreamApiClient         com.fishit.player.v2                 D  NetworkProbe: Manually decompressed gzip body for konigtv.com/player_api.php | original=1557 decompressed=10494
2026-01-30 15:10:48.946  7425-7451  ViewRootIm...nActivity] com.fishit.player.v2                 I  Resizing android.view.ViewRootImpl@a07312c: frame = [0,0][1080,2400] reportDraw = false forceLayout = false syncSeqId = -1
2026-01-30 15:10:48.949  7425-7425  InsetsController        com.fishit.player.v2                 I  onStateChanged: host=com.fishit.player.v2/com.fishit.player.v2.MainActivity, from=android.view.ViewRootImpl$ViewRootHandler.handleMessageImpl:7196, state=InsetsState: {mDisplayFrame=Rect(0, 0 - 1080, 2400), mDisplayCutout=DisplayCutout{insets=Rect(0, 80 - 0, 0) waterfall=Insets{left=0, top=0, right=0, bottom=0} boundingRect={Bounds=[Rect(0, 0 - 0, 0), Rect(510, 0 - 570, 80), Rect(0, 0 - 0, 0), Rect(0, 0 - 0, 0)]} cutoutPathParserInfo={CutoutPathParserInfo{displayWidth=1080 displayHeight=2400 physicalDisplayWidth=1080 physicalDisplayHeight=2400 density={3.0} cutoutSpec={M 0,0 H -10 V 26.66666666666667 H 10 V 0 H 0 Z @dp} rotation={0} scale={1.0} physicalPixelDisplaySizeRatio={1.0}}}}, mRoundedCorners=RoundedCorners{[RoundedCorner{position=TopLeft, radius=90, center=Point(90, 90)}, RoundedCorner{position=TopRight, radius=90, center=Point(990, 90)}, RoundedCorner{position=BottomRight, radius=90, center=Point(990, 2310)}, RoundedCorner{position=BottomLeft, radius=90, center=Point(90, 2310)}]}  mRoundedCornerFrame=Rect(0, 0 - 1080, 2400), mPrivacyIndicatorBounds=PrivacyIndicatorBounds {static bounds=Rect(948, 0 - 1080, 80) rotation=0}, mDisplayShape=DisplayShape{ spec=-311912193 displayWidth=1080 displayHeight=2400 physicalPixelDisplaySizeRatio=1.0 rotation=0 offsetX=0 offsetY=0 scale=1.0}, mSources= { InsetsSource: {3 mType=ime mFrame=[0,0][0,0] mVisible=false mFlags=[]}, InsetsSource: {27 mType=displayCutout mFrame=[0,0][1080,80] mVisible=true mFlags=[]}, InsetsSource: {24df0000 mType=statusBars mFrame=[0,0][1080,80] mVisible=true mFlags=[]}, InsetsSource: {24df0005 mType=mandatorySystemGestures mFrame=[0,0][1080,116] mVisible=true mFlags=[]}, InsetsSource: {24df0006 mType=tappableElement mFrame=[0,0][1080,80] mVisible=true mFlags=[]}, InsetsSource: {68b60001 mType=navigationBars mFrame=[0,2256][1080,2400] mVisible=true mFlags=[]}, InsetsSource: {68b60004 mType=systemGestures mFrame=[0,0][0,0] mVisible=true mFlags=[]}, InsetsSource: {68b60005 mType=mandatorySystemGestures mFrame=[0,2256][1080,2400] mVisible=true mFlags=[]}, InsetsSource: {68b60006 mType=tappableElement mFrame=[0,2256][1080,2400] mVisible=true mFlags=[]}, InsetsSource: {68b60024 mType=systemGestures mFrame=[0,0][0,0] mVisible=true mFlags=[]} }
2026-01-30 15:10:48.950  7425-7425  ViewRootIm...nActivity] com.fishit.player.v2                 I  handleResized, msg = 4 frames=ClientWindowFrames{frame=[0,0][1080,2400] display=[0,0][1080,2400] parentFrame=[0,0][0,0]} forceNextWindowRelayout=false displayId=0 dragResizing=false compatScale=1.0 frameChanged=false attachedFrameChanged=false configChanged=false displayChanged=false compatScaleChanged=false
2026-01-30 15:10:49.032  7425-8117  TrafficStats            com.fishit.player.v2                 D  tagSocket(162) with statsTag=0xffffffff, statsUid=-1
2026-01-30 15:10:49.036  7425-8116  TrafficStats            com.fishit.player.v2                 D  tagSocket(163) with statsTag=0xffffffff, statsUid=-1
2026-01-30 15:10:49.181  7425-7600  XtreamApiClient         com.fishit.player.v2                 D  NetworkProbe: HTTP 200 for konigtv.com/player_api.php | bytes=321 contentType=application/json
2026-01-30 15:10:49.185  7425-7600  XtreamApiClient         com.fishit.player.v2                 D  NetworkProbe: Manually decompressed gzip body for konigtv.com/player_api.php | original=321 decompressed=458
2026-01-30 15:10:49.327  7425-7601  XtreamApiClient         com.fishit.player.v2                 D  NetworkProbe: HTTP 200 for konigtv.com/player_api.php | bytes=321 contentType=application/json
2026-01-30 15:10:49.332  7425-7601  XtreamApiClient         com.fishit.player.v2                 D  NetworkProbe: Manually decompressed gzip body for konigtv.com/player_api.php | original=321 decompressed=458
2026-01-30 15:10:49.351  7425-7600  XtreamApiClient         com.fishit.player.v2                 D  buildPlayerApiUrl: action=get_short_epg -> konigtv.com/player_api.php
2026-01-30 15:10:49.476  7425-7590  XtreamApiClient         com.fishit.player.v2                 D  NetworkProbe: HTTP 200 for konigtv.com/player_api.php | bytes=1786 contentType=application/json
2026-01-30 15:10:49.477  7425-7600  XtreamApiClient         com.fishit.player.v2                 D  NetworkProbe: HTTP 200 for konigtv.com/player_api.php | bytes=39 contentType=application/json
2026-01-30 15:10:49.479  7425-7600  XtreamApiClient         com.fishit.player.v2                 D  NetworkProbe: Manually decompressed gzip body for konigtv.com/player_api.php | original=39 decompressed=19
2026-01-30 15:10:49.493  7425-7590  XtreamApiClient         com.fishit.player.v2                 D  NetworkProbe: Manually decompressed gzip body for konigtv.com/player_api.php | original=1786 decompressed=11946
2026-01-30 15:10:49.525  7425-7598  XtreamApiClient         com.fishit.player.v2                 D  NetworkProbe: HTTP 200 for konigtv.com/player_api.php | bytes=259728 contentType=application/json
2026-01-30 15:10:49.586  7425-7435  InputTransport          com.fishit.player.v2                 D  Input channel destroyed: 'ClientS', fd=137
2026-01-30 15:10:49.589  7425-7435  InputTransport          com.fishit.player.v2                 D  Input channel destroyed: 'ClientS', fd=122
2026-01-30 15:10:49.589  7425-7435  InputTransport          com.fishit.player.v2                 D  Input channel destroyed: 'ClientS', fd=74
2026-01-30 15:10:49.590  7425-7436  System                  com.fishit.player.v2                 W  A resource failed to call release.
2026-01-30 15:10:49.620  7425-7598  XtreamApiClient         com.fishit.player.v2                 D  NetworkProbe: Manually decompressed gzip body for konigtv.com/player_api.php | original=259728 decompressed=3288108
2026-01-30 15:10:49.900  7425-7591  XtreamApiClient         com.fishit.player.v2                 D  NetworkProbe: HTTP 200 for konigtv.com/player_api.php | bytes=2043706 contentType=application/json
2026-01-30 15:10:50.183  7425-7591  XtreamApiClient         com.fishit.player.v2                 D  NetworkProbe: Manually decompressed gzip body for konigtv.com/player_api.php | original=2043706 decompressed=6215313
2026-01-30 15:10:50.967  7425-7591  XtreamApiClient         com.fishit.player.v2                 D  buildPlayerApiUrl: action=null -> konigtv.com/player_api.php
2026-01-30 15:10:50.969  7425-7591  XtreamApiClient         com.fishit.player.v2                 D  getServerInfo: Fetching from konigtv.com/player_api.php
2026-01-30 15:10:50.999  7425-7434  ishit.player.v2         com.fishit.player.v2                 I  Background young concurrent copying GC freed 11320(711KB) AllocSpace objects, 2(60KB) LOS objects, 0% free, 63MB/63MB, paused 69us,59us total 128.015ms
2026-01-30 15:10:51.100  7425-7591  XtreamApiClient         com.fishit.player.v2                 D  NetworkProbe: HTTP 200 for konigtv.com/player_api.php | bytes=321 contentType=application/json
2026-01-30 15:10:51.104  7425-7591  XtreamApiClient         com.fishit.player.v2                 D  NetworkProbe: Manually decompressed gzip body for konigtv.com/player_api.php | original=321 decompressed=458
2026-01-30 15:10:51.106  7425-7591  XtreamApiClient         com.fishit.player.v2                 D  getServerInfo: Received 458 bytes, parsing...
2026-01-30 15:10:51.115  7425-7591  XtreamApiClient         com.fishit.player.v2                 D  Server info retrieved: konigtv.com
2026-01-30 15:10:51.118  7425-7598  XtreamAuthRepoAdapter   com.fishit.player.v2                 D  connectionState -> Connected(baseUrl=http://konigtv.com:8080, latencyMs=2734) | domain=Connected
2026-01-30 15:10:51.125  7425-7425  XtreamAuthRepoAdapter   com.fishit.player.v2                 D  initialize: API client initialized successfully with capabilities: http://konigtv.com:8080
2026-01-30 15:10:51.125  7425-7598  XtreamAuthRepoAdapter   com.fishit.player.v2                 D  authState -> Authenticated(userInfo=XtreamUserInfo(username=Christoph10, status=ACTIVE, expDateEpoch=1797326326, maxConnections=1, activeConnections=0, isTrial=false, allowedFormats=[m3u8, ts], createdAt=1757512912, message=Welcome)) | domain=Authenticated
2026-01-30 15:10:51.129  7425-7434  ishit.player.v2         com.fishit.player.v2                 I  Background concurrent copying GC freed 1527(140KB) AllocSpace objects, 3(10MB) LOS objects, 31% free, 53MB/77MB, paused 74us,185us total 129.466ms
2026-01-30 15:10:51.183  7425-7592  SourceActi...onObserver com.fishit.player.v2                 I  Active sources changed: [XTREAM] â†’ enqueuing auto sync
2026-01-30 15:10:51.184  7425-7592  CatalogSyncScheduler    com.fishit.player.v2                 D  Enqueueing AUTO sync
2026-01-30 15:10:51.184  7425-7598  CatalogSyncBootstrap    com.fishit.player.v2                 D  Source activation check: activeSources=[XTREAM], hasActive=true
2026-01-30 15:10:51.185  7425-7601  SourceActivationStore   com.fishit.player.v2                 D  Loaded state from DataStore: SourceActivationSnapshot(xtream=Active, telegram=Inactive, io=Inactive)
2026-01-30 15:10:51.229  7425-7425  SourceActivationStore   com.fishit.player.v2                 I  Source activation changed: XTREAM -> Active
2026-01-30 15:10:51.229  7425-7425  XtreamAuthRepoAdapter   com.fishit.player.v2                 I  initialize: XTREAM source activated
2026-01-30 15:10:51.230  7425-7425  OnboardingViewModel     com.fishit.player.v2                 D  connectXtream: Initialize succeeded, saving credentials
2026-01-30 15:10:51.258  7425-7592  XtreamCredStore         com.fishit.player.v2                 I  Stored credentials: scheme=http, host=konigtv.com, port=8080
2026-01-30 15:10:51.259  7425-7783  Compatibil...geReporter com.fishit.player.v2                 D  Compat change id reported: 194532703; UID 10496; state: ENABLED
2026-01-30 15:10:51.259  7425-7783  Compatibil...geReporter com.fishit.player.v2                 D  Compat change id reported: 253665015; UID 10496; state: ENABLED
2026-01-30 15:10:51.260  7425-7783  WM-SystemJobScheduler   com.fishit.player.v2                 D  Scheduling work ID fb742da1-879c-4bdf-a7af-f397841d3f1aJob ID 0
2026-01-30 15:10:51.275  7425-7783  WM-GreedyScheduler      com.fishit.player.v2                 D  Starting work for fb742da1-879c-4bdf-a7af-f397841d3f1a
2026-01-30 15:10:51.279  7425-7425  WM-SystemJobService     com.fishit.player.v2                 D  onStartJob for WorkGenerationalId(workSpecId=fb742da1-879c-4bdf-a7af-f397841d3f1a, generation=0)
2026-01-30 15:10:51.285  7425-7783  WM-Processor            com.fishit.player.v2                 D  Processor: processing WorkGenerationalId(workSpecId=fb742da1-879c-4bdf-a7af-f397841d3f1a, generation=0)
2026-01-30 15:10:51.289  7425-7783  WM-Processor            com.fishit.player.v2                 D  Work WorkGenerationalId(workSpecId=fb742da1-879c-4bdf-a7af-f397841d3f1a, generation=0) is already enqueued for processing
2026-01-30 15:10:51.293  7425-7783  Compatibil...geReporter com.fishit.player.v2                 D  Compat change id reported: 263076149; UID 10496; state: ENABLED
2026-01-30 15:10:51.301  7425-7425  WM-WorkerWrapper        com.fishit.player.v2                 D  Starting work for com.fishit.player.v2.work.CatalogSyncOrchestratorWorker
2026-01-30 15:10:51.302  7425-7592  CatalogSyn...atorWorker com.fishit.player.v2                 I  START sync_run_id=11cb8c25-d625-46f7-ba01-0883fa302ae7 mode=auto
2026-01-30 15:10:51.310  7425-7592  RuntimeGuards           com.fishit.player.v2                 D  Manual sync (auto) - skipping battery guard (level=100%)
2026-01-30 15:10:51.311  7425-7592  CatalogSyn...atorWorker com.fishit.player.v2                 I  Active sources check: [XTREAM] (isEmpty=false)
2026-01-30 15:10:51.312  7425-7592  CatalogSyn...atorWorker com.fishit.player.v2                 D  Active sources: [XTREAM] (TELEGRAM=false, XTREAM=true, IO=false)
2026-01-30 15:10:51.314  7425-7592  CatalogSyn...atorWorker com.fishit.player.v2                 D  Enqueued Xtream chain: work_name=catalog_sync_global_xtream policy=KEEP workers=2
2026-01-30 15:10:51.315  7425-7783  WM-PackageManagerHelper com.fishit.player.v2                 D  androidx.work.impl.background.systemalarm.RescheduleReceiver enabled
2026-01-30 15:10:51.315  7425-7592  CatalogSyn...atorWorker com.fishit.player.v2                 D  Telegram not in active sources - skipping Telegram workers
2026-01-30 15:10:51.316  7425-7592  CatalogSyn...atorWorker com.fishit.player.v2                 D  ðŸ“Š WorkInfo chains enqueued:
                                                                                                      [XTREAM] work_name=catalog_sync_global_xtream â†’ ENQUEUED
                                                                                                      Use 'adb shell dumpsys jobscheduler' or WorkManager Inspector for detailed state
2026-01-30 15:10:51.316  7425-7592  CatalogSyn...atorWorker com.fishit.player.v2                 I  CHAINS_ENQUEUED duration_ms=14 policy=KEEP sources=XTREAM (downstream workers will report completion)
2026-01-30 15:10:51.334  7425-7783  WM-SystemJobScheduler   com.fishit.player.v2                 D  Scheduling work ID a4eb9a74-2695-4205-ac62-d52087cc0cb3Job ID 1
2026-01-30 15:10:51.341  7425-7783  WM-GreedyScheduler      com.fishit.player.v2                 D  Starting work for a4eb9a74-2695-4205-ac62-d52087cc0cb3
2026-01-30 15:10:51.341  7425-7425  WM-SystemJobService     com.fishit.player.v2                 D  onStartJob for WorkGenerationalId(workSpecId=a4eb9a74-2695-4205-ac62-d52087cc0cb3, generation=0)
2026-01-30 15:10:51.344  7425-7783  WM-WorkerWrapper        com.fishit.player.v2                 I  Worker result SUCCESS for Work [ id=fb742da1-879c-4bdf-a7af-f397841d3f1a, tags={ com.fishit.player.v2.work.CatalogSyncOrchestratorWorker,catalog_sync,mode_auto,worker/CatalogSyncOrchestratorWorker } ]
2026-01-30 15:10:51.346  7425-7425  WM-Processor            com.fishit.player.v2                 D  Processor fb742da1-879c-4bdf-a7af-f397841d3f1a executed; reschedule = false
2026-01-30 15:10:51.347  7425-7425  WM-SystemJobService     com.fishit.player.v2                 D  fb742da1-879c-4bdf-a7af-f397841d3f1a executed on JobScheduler
2026-01-30 15:10:51.351  7425-7783  WM-Processor            com.fishit.player.v2                 D  Processor: processing WorkGenerationalId(workSpecId=a4eb9a74-2695-4205-ac62-d52087cc0cb3, generation=0)
2026-01-30 15:10:51.353  7425-7783  WM-Processor            com.fishit.player.v2                 D  Work WorkGenerationalId(workSpecId=a4eb9a74-2695-4205-ac62-d52087cc0cb3, generation=0) is already enqueued for processing
2026-01-30 15:10:51.356  7425-7783  WM-GreedyScheduler      com.fishit.player.v2                 D  Cancelling work ID fb742da1-879c-4bdf-a7af-f397841d3f1a
2026-01-30 15:10:51.369  7425-7425  WM-WorkerWrapper        com.fishit.player.v2                 D  Starting work for com.fishit.player.v2.work.XtreamPreflightWorker
2026-01-30 15:10:51.370  7425-7592  XtreamPreflightWorker   com.fishit.player.v2                 I  START sync_run_id=11cb8c25-d625-46f7-ba01-0883fa302ae7 mode=auto source=XTREAM attempt=0/5
2026-01-30 15:10:51.373  7425-7592  RuntimeGuards           com.fishit.player.v2                 D  Manual sync (auto) - skipping battery guard (level=100%)
2026-01-30 15:10:51.374  7425-7592  XtreamPreflightWorker   com.fishit.player.v2                 I  SUCCESS duration_ms=4 (credentials valid)
2026-01-30 15:10:51.379  7425-7785  WM-WorkerWrapper        com.fishit.player.v2                 I  Worker result SUCCESS for Work [ id=a4eb9a74-2695-4205-ac62-d52087cc0cb3, tags={ com.fishit.player.v2.work.XtreamPreflightWorker,catalog_sync,source_xtream,worker/XtreamPreflightWorker } ]
2026-01-30 15:10:51.382  7425-7785  WM-WorkerWrapper        com.fishit.player.v2                 I  Setting status to enqueued for c9838323-fd99-4c8f-a89c-8a1d4557a79d
2026-01-30 15:10:51.385  7425-7425  WM-Processor            com.fishit.player.v2                 D  Processor a4eb9a74-2695-4205-ac62-d52087cc0cb3 executed; reschedule = false
2026-01-30 15:10:51.385  7425-7425  WM-SystemJobService     com.fishit.player.v2                 D  a4eb9a74-2695-4205-ac62-d52087cc0cb3 executed on JobScheduler
2026-01-30 15:10:51.391  7425-7785  WM-GreedyScheduler      com.fishit.player.v2                 D  Cancelling work ID a4eb9a74-2695-4205-ac62-d52087cc0cb3
2026-01-30 15:10:51.404  7425-7785  WM-SystemJobScheduler   com.fishit.player.v2                 D  Scheduling work ID c9838323-fd99-4c8f-a89c-8a1d4557a79dJob ID 2
2026-01-30 15:10:51.413  7425-7785  WM-GreedyScheduler      com.fishit.player.v2                 D  Starting work for c9838323-fd99-4c8f-a89c-8a1d4557a79d
2026-01-30 15:10:51.415  7425-7425  WM-SystemJobService     com.fishit.player.v2                 D  onStartJob for WorkGenerationalId(workSpecId=c9838323-fd99-4c8f-a89c-8a1d4557a79d, generation=0)
2026-01-30 15:10:51.420  7425-7785  WM-Processor            com.fishit.player.v2                 D  Processor: processing WorkGenerationalId(workSpecId=c9838323-fd99-4c8f-a89c-8a1d4557a79d, generation=0)
2026-01-30 15:10:51.423  7425-7785  WM-Processor            com.fishit.player.v2                 D  Work WorkGenerationalId(workSpecId=c9838323-fd99-4c8f-a89c-8a1d4557a79d, generation=0) is already enqueued for processing
2026-01-30 15:10:51.648  7425-7425  WM-WorkerWrapper        com.fishit.player.v2                 D  Starting work for com.fishit.player.v2.work.XtreamCatalogScanWorker
2026-01-30 15:10:51.655  7425-7590  XtreamCatalogScanWorker com.fishit.player.v2                 I  START sync_run_id=11cb8c25-d625-46f7-ba01-0883fa302ae7 mode=auto source=XTREAM scope=INCREMENTAL runtimeBudgetMs=900000 checkpoint=xtream|v=2|phase=VOD_LIST|offset=0
2026-01-30 15:10:51.657  7425-7590  RuntimeGuards           com.fishit.player.v2                 D  Manual sync (auto) - skipping battery guard (level=100%)
2026-01-30 15:10:51.658  7425-7590  XtreamCatalogScanWorker com.fishit.player.v2                 D  Catalog sync: includeVod=true includeSeries=true includeEpisodes=false (lazy) includeLive=true scope=INCREMENTAL enhanced=true
2026-01-30 15:10:51.661  7425-7590  XtreamCatalogScanWorker com.fishit.player.v2                 I  Using CHANNEL-BUFFERED sync: buffer=200 (reduced for OOM fix), consumers=3
2026-01-30 15:10:51.663  7425-7590  XtreamCatalogScanWorker com.fishit.player.v2                 D  Channel-buffered catalog sync started
2026-01-30 15:10:51.664  7425-7592  CatalogSyncService      com.fishit.player.v2                 I  Starting channel-buffered Xtream sync: buffer=200, consumers=3
2026-01-30 15:10:51.669  7425-7600  XtreamCatalogPipeline   com.fishit.player.v2                 I  Starting Xtream catalog scan: vod=true, series=true, episodes=false, live=true
2026-01-30 15:10:51.671  7425-7590  XtreamCatalogPipeline   com.fishit.player.v2                 D  [LIVE] Starting parallel scan (streaming)...
2026-01-30 15:10:51.672  7425-7600  XtreamCatalogPipeline   com.fishit.player.v2                 D  [SERIES] Starting scan (after slot available)...
2026-01-30 15:10:51.676  7425-7590  XtreamApiClient         com.fishit.player.v2                 D  buildPlayerApiUrl: action=get_live_streams -> konigtv.com/player_api.php
2026-01-30 15:10:51.679  7425-7590  XtreamApiClient         com.fishit.player.v2                 D  streamFromUrl: CALLED for konigtv.com/player_api.php
2026-01-30 15:10:51.681  7425-7600  XtreamApiClient         com.fishit.player.v2                 D  buildPlayerApiUrl: action=get_series -> konigtv.com/player_api.php
2026-01-30 15:10:51.684  7425-7600  XtreamApiClient         com.fishit.player.v2                 D  streamFromUrl: CALLED for konigtv.com/player_api.php
2026-01-30 15:10:51.920  7425-7590  XtreamApiClient         com.fishit.player.v2                 D  StreamingFetch: Detected GZIP for konigtv.com/player_api.php (manual decompression)
2026-01-30 15:10:51.921  7425-7590  XtreamApiClient         com.fishit.player.v2                 D  StreamingFetch: Success for konigtv.com/player_api.php, streaming response
2026-01-30 15:10:51.924  7425-7590  XtreamApiClient         com.fishit.player.v2                 D  streamFromUrl: Starting StreamingJsonParser.streamInBatches() for konigtv.com/player_api.php
2026-01-30 15:10:52.150  7425-7600  XtreamApiClient         com.fishit.player.v2                 D  StreamingFetch: Detected GZIP for konigtv.com/player_api.php (manual decompression)
2026-01-30 15:10:52.153  7425-7600  XtreamApiClient         com.fishit.player.v2                 D  StreamingFetch: Success for konigtv.com/player_api.php, streaming response
2026-01-30 15:10:52.156  7425-7600  XtreamApiClient         com.fishit.player.v2                 D  streamFromUrl: Starting StreamingJsonParser.streamInBatches() for konigtv.com/player_api.php
2026-01-30 15:10:52.158  7425-7590  XTC                     com.fishit.player.v2                 D  [LIVE] DTOâ†’Raw #1 | id=xtream:live:81568 | title="DE HEVC" | sourceType=XTREAM | Fields: âœ“[poster] âœ—[year, plot, cast, director, backdrop, duration, tmdb]
2026-01-30 15:10:52.173  7425-7591  XtreamCatalogPipeline   com.fishit.player.v2                 D  [VOD] Starting parallel scan (streaming)...
2026-01-30 15:10:52.182  7425-7591  XtreamApiClient         com.fishit.player.v2                 D  buildPlayerApiUrl: action=get_vod_streams -> konigtv.com/player_api.php
2026-01-30 15:10:52.186  7425-7591  XtreamApiClient         com.fishit.player.v2                 D  streamFromUrl: CALLED for konigtv.com/player_api.php
2026-01-30 15:10:52.246  7425-7590  XTC                     com.fishit.player.v2                 D  [LIVE] DTOâ†’Raw #50 | id=xtream:live:71808 | title="DE: Deluxe Music HEVC" | sourceType=XTREAM | Fields: âœ“[poster] âœ—[year, plot, cast, director, backdrop, duration, tmdb]
2026-01-30 15:10:52.313  7425-7590  XTC                     com.fishit.player.v2                 D  [LIVE] DTOâ†’Raw #100 | id=xtream:live:49200 | title="DE: Pro 7 Maxx FHD" | sourceType=XTREAM | Fields: âœ“[poster] âœ—[year, plot, cast, director, backdrop, duration, tmdb]
2026-01-30 15:10:52.314  7425-7590  MemoryPressure          com.fishit.player.v2                 D  Memory: 56MB / 256MB (22%) | throttles=0
2026-01-30 15:10:52.364  7425-7590  XTC                     com.fishit.player.v2                 D  [LIVE] DTOâ†’Raw #150 | id=xtream:live:361561 | title="DE: NDR Hamburg" | sourceType=XTREAM | Fields: âœ“[poster] âœ—[year, plot, cast, director, backdrop, duration, tmdb]
2026-01-30 15:10:52.413  7425-7590  XTC                     com.fishit.player.v2                 D  [LIVE] DTOâ†’Raw #200 | id=xtream:live:197779 | title="DE: QVC STYLE TV" | sourceType=XTREAM | Fields: âœ“[poster] âœ—[year, plot, cast, director, backdrop, duration, tmdb]
2026-01-30 15:10:52.465  7425-7590  XTC                     com.fishit.player.v2                 D  [LIVE] DTOâ†’Raw #250 | id=xtream:live:67411 | title="DE: Bndliga 7 SD" | sourceType=XTREAM | Fields: âœ“[poster] âœ—[year, plot, cast, director, backdrop, duration, tmdb]
2026-01-30 15:10:52.522  7425-7590  XTC                     com.fishit.player.v2                 D  [LIVE] DTOâ†’Raw #300 | id=xtream:live:354423 | title="DE: Bundesliga Tivibu 2 (TÃ¼rkisch)" | sourceType=XTREAM | Fields: âœ“[poster] âœ—[year, plot, cast, director, backdrop, duration, tmdb]
2026-01-30 15:10:52.546  7425-7600  XTC                     com.fishit.player.v2                 D  [SERIES] DTOâ†’Raw #1 | id=xtream:series:-441 | title="Madam Secretary" | sourceType=XTREAM | Fields: âœ“[plot(542c), cast, poster, duration=2700000ms] âœ—[year, director, backdrop, tmdb]
2026-01-30 15:10:52.570  7425-7590  XTC                     com.fishit.player.v2                 D  [LIVE] DTOâ†’Raw #350 | id=xtream:live:181819 | title="MyTeam TV - 7" | sourceType=XTREAM | Fields: âœ“[poster] âœ—[year, plot, cast, director, backdrop, duration, tmdb]
2026-01-30 15:10:52.572  7425-7600  XTC                     com.fishit.player.v2                 D  [SERIES] DTOâ†’Raw #50 | id=xtream:series:365 | title="4 Blocks" | sourceType=XTREAM | Fields: âœ“[plot(424c), cast, poster, duration=3000000ms] âœ—[year, director, backdrop, tmdb]
2026-01-30 15:10:52.597  7425-7600  XTC                     com.fishit.player.v2                 D  [SERIES] DTOâ†’Raw #100 | id=xtream:series:687 | title="The I-Land" | sourceType=XTREAM | Fields: âœ“[plot(471c), cast, poster, duration=2520000ms] âœ—[year, director, backdrop, tmdb]
2026-01-30 15:10:52.608  7425-7590  XTC                     com.fishit.player.v2                 D  [LIVE] DTOâ†’Raw #400 | id=xtream:live:795605 | title="DE: DEL2 EVENT 16" | sourceType=XTREAM | Fields: âœ“[poster] âœ—[year, plot, cast, director, backdrop, duration, tmdb]
