2026-01-30 08:45:52.415 25056-25090 XtreamApiClient         com.fishit.player.v2                 D  buildPlayerApiUrl: action=get_series -> konigtv.com/player_api.php
2026-01-30 08:45:52.417 25056-25090 XtreamApiClient         com.fishit.player.v2                 D  streamFromUrl: CALLED for konigtv.com/player_api.php
2026-01-30 08:45:52.449 25056-25084 XtreamApiClient         com.fishit.player.v2                 W  streamContentInBatches(get_live_streams): streamFromUrl FAILED for alias=live params={category_id=*} | JsonParseException: Illegal character ((CTRL-CHAR, code 31)): only regular white space (\r, \n, \t) is allowed between tokens
                                                                                                     at [Source: REDACTED (`StreamReadFeature.INCLUDE_SOURCE_IN_LOCATION` disabled); line: 1, column: 2]
2026-01-30 08:45:52.460 25056-25084 XtreamApiClient         com.fishit.player.v2                 D  buildPlayerApiUrl: action=get_live_streams -> konigtv.com/player_api.php
2026-01-30 08:45:52.464 25056-25084 XtreamApiClient         com.fishit.player.v2                 D  streamFromUrl: CALLED for konigtv.com/player_api.php
2026-01-30 08:45:52.702 25056-25090 XtreamApiClient         com.fishit.player.v2                 D  StreamingFetch: Success for konigtv.com/player_api.php, streaming response
2026-01-30 08:45:52.709 25056-25090 XtreamApiClient         com.fishit.player.v2                 D  streamFromUrl: Starting StreamingJsonParser.streamInBatches() for konigtv.com/player_api.php
2026-01-30 08:45:52.880 25056-25090 XtreamApiClient         com.fishit.player.v2                 W  streamContentInBatches(get_series): streamFromUrl FAILED for alias=series params={category_id=0} | JsonParseException: Illegal character ((CTRL-CHAR, code 31)): only regular white space (\r, \n, \t) is allowed between tokens
                                                                                                     at [Source: REDACTED (`StreamReadFeature.INCLUDE_SOURCE_IN_LOCATION` disabled); line: 1, column: 2]
2026-01-30 08:45:52.895 25056-25090 XtreamApiClient         com.fishit.player.v2                 D  buildPlayerApiUrl: action=get_series -> konigtv.com/player_api.php
2026-01-30 08:45:52.901 25056-25090 XtreamApiClient         com.fishit.player.v2                 D  streamFromUrl: CALLED for konigtv.com/player_api.php
2026-01-30 08:45:53.029 25056-25084 XtreamApiClient         com.fishit.player.v2                 D  StreamingFetch: Success for konigtv.com/player_api.php, streaming response
2026-01-30 08:45:53.038 25056-25084 XtreamApiClient         com.fishit.player.v2                 D  streamFromUrl: Starting StreamingJsonParser.streamInBatches() for konigtv.com/player_api.php
2026-01-30 08:45:53.085 25056-25084 XtreamApiClient         com.fishit.player.v2                 W  streamContentInBatches(get_live_streams): streamFromUrl FAILED for alias=live params={category_id=0} | JsonParseException: Illegal character ((CTRL-CHAR, code 31)): only regular white space (\r, \n, \t) is allowed between tokens
                                                                                                     at [Source: REDACTED (`StreamReadFeature.INCLUDE_SOURCE_IN_LOCATION` disabled); line: 1, column: 2]
2026-01-30 08:45:53.095 25056-25084 XtreamApiClient         com.fishit.player.v2                 D  buildPlayerApiUrl: action=get_live_streams -> konigtv.com/player_api.php
2026-01-30 08:45:53.099 25056-25084 XtreamApiClient         com.fishit.player.v2                 D  streamFromUrl: CALLED for konigtv.com/player_api.php
2026-01-30 08:45:53.170 25056-25090 XtreamApiClient         com.fishit.player.v2                 D  StreamingFetch: Success for konigtv.com/player_api.php, streaming response
2026-01-30 08:45:53.175 25056-25090 XtreamApiClient         com.fishit.player.v2                 D  streamFromUrl: Starting StreamingJsonParser.streamInBatches() for konigtv.com/player_api.php
2026-01-30 08:45:53.281 25056-25090 XtreamApiClient         com.fishit.player.v2                 W  streamContentInBatches(get_series): streamFromUrl FAILED for alias=series params=null | JsonParseException: Illegal character ((CTRL-CHAR, code 31)): only regular white space (\r, \n, \t) is allowed between tokens
                                                                                                     at [Source: REDACTED (`StreamReadFeature.INCLUDE_SOURCE_IN_LOCATION` disabled); line: 1, column: 2]
2026-01-30 08:45:53.284 25056-25090 XtreamApiClient         com.fishit.player.v2                 D  streamContentInBatches(get_series): 0 items without category_id (fallback)
2026-01-30 08:45:53.287 25056-25090 XtreamCatalogPipeline   com.fishit.player.v2                 D  [SERIES] Scan complete: 0 items
2026-01-30 08:45:53.289 25056-25090 XTC                     com.fishit.player.v2                 I  Phase complete: SERIES | items=0 | duration=1292ms | rate=0 items/sec
2026-01-30 08:45:53.314 25056-25084 XtreamApiClient         com.fishit.player.v2                 D  StreamingFetch: Success for konigtv.com/player_api.php, streaming response
2026-01-30 08:45:53.317 25056-25084 XtreamApiClient         com.fishit.player.v2                 D  streamFromUrl: Starting StreamingJsonParser.streamInBatches() for konigtv.com/player_api.php
2026-01-30 08:45:53.380 25056-25084 XtreamApiClient         com.fishit.player.v2                 W  streamContentInBatches(get_live_streams): streamFromUrl FAILED for alias=live params=null | JsonParseException: Illegal character ((CTRL-CHAR, code 31)): only regular white space (\r, \n, \t) is allowed between tokens
                                                                                                     at [Source: REDACTED (`StreamReadFeature.INCLUDE_SOURCE_IN_LOCATION` disabled); line: 1, column: 2]
2026-01-30 08:45:53.382 25056-25084 XtreamApiClient         com.fishit.player.v2                 D  streamContentInBatches(get_live_streams): 0 items without category_id (fallback)
2026-01-30 08:45:53.384 25056-25090 XtreamCatalogPipeline   com.fishit.player.v2                 D  [LIVE] Scan complete: 0 channels
2026-01-30 08:45:53.386 25056-25090 XTC                     com.fishit.player.v2                 I  Phase complete: LIVE | items=0 | duration=1390ms | rate=0 items/sec
2026-01-30 08:45:53.473 25056-25082 XtreamApiClient         com.fishit.player.v2                 D  StreamingFetch: Success for konigtv.com/player_api.php, streaming response
2026-01-30 08:45:53.480 25056-25082 XtreamApiClient         com.fishit.player.v2                 D  streamFromUrl: Starting StreamingJsonParser.streamInBatches() for konigtv.com/player_api.php
2026-01-30 08:45:53.588 25056-25082 XtreamApiClient         com.fishit.player.v2                 W  streamContentInBatches(get_vod_streams): streamFromUrl FAILED for alias=vod params={category_id=*} | JsonParseException: Illegal character ((CTRL-CHAR, code 31)): only regular white space (\r, \n, \t) is allowed between tokens
                                                                                                     at [Source: REDACTED (`StreamReadFeature.INCLUDE_SOURCE_IN_LOCATION` disabled); line: 1, column: 2]
2026-01-30 08:45:53.596 25056-25082 XtreamApiClient         com.fishit.player.v2                 D  buildPlayerApiUrl: action=get_movie_streams -> konigtv.com/player_api.php
2026-01-30 08:45:53.599 25056-25082 XtreamApiClient         com.fishit.player.v2                 D  streamFromUrl: CALLED for konigtv.com/player_api.php
2026-01-30 08:45:53.726 25056-25082 XtreamApiClient         com.fishit.player.v2                 D  StreamingFetch: Success for konigtv.com/player_api.php, streaming response
2026-01-30 08:45:53.732 25056-25082 XtreamApiClient         com.fishit.player.v2                 D  streamFromUrl: Starting StreamingJsonParser.streamInBatches() for konigtv.com/player_api.php
2026-01-30 08:45:53.736 25056-25082 XtreamApiClient         com.fishit.player.v2                 W  streamContentInBatches(get_vod_streams): streamFromUrl FAILED for alias=movie params={category_id=*} | JsonParseException: Illegal character ((CTRL-CHAR, code 31)): only regular white space (\r, \n, \t) is allowed between tokens
                                                                                                     at [Source: REDACTED (`StreamReadFeature.INCLUDE_SOURCE_IN_LOCATION` disabled); line: 1, column: 2]
2026-01-30 08:45:53.744 25056-25082 XtreamApiClient         com.fishit.player.v2                 D  buildPlayerApiUrl: action=get_movies_streams -> konigtv.com/player_api.php
2026-01-30 08:45:53.746 25056-25082 XtreamApiClient         com.fishit.player.v2                 D  streamFromUrl: CALLED for konigtv.com/player_api.php
2026-01-30 08:45:53.878 25056-25082 XtreamApiClient         com.fishit.player.v2                 D  StreamingFetch: Success for konigtv.com/player_api.php, streaming response
2026-01-30 08:45:53.884 25056-25082 XtreamApiClient         com.fishit.player.v2                 D  streamFromUrl: Starting StreamingJsonParser.streamInBatches() for konigtv.com/player_api.php
2026-01-30 08:45:53.885 25056-25082 XtreamApiClient         com.fishit.player.v2                 W  streamContentInBatches(get_vod_streams): streamFromUrl FAILED for alias=movies params={category_id=*} | JsonParseException: Illegal character ((CTRL-CHAR, code 31)): only regular white space (\r, \n, \t) is allowed between tokens
                                                                                                     at [Source: REDACTED (`StreamReadFeature.INCLUDE_SOURCE_IN_LOCATION` disabled); line: 1, column: 2]
2026-01-30 08:45:53.889 25056-25082 XtreamApiClient         com.fishit.player.v2                 D  buildPlayerApiUrl: action=get_vod_streams -> konigtv.com/player_api.php
2026-01-30 08:45:53.891 25056-25082 XtreamApiClient         com.fishit.player.v2                 D  streamFromUrl: CALLED for konigtv.com/player_api.php
2026-01-30 08:45:55.152 25056-25082 XtreamApiClient         com.fishit.player.v2                 D  StreamingFetch: Success for konigtv.com/player_api.php, streaming response
2026-01-30 08:45:55.155 25056-25082 XtreamApiClient         com.fishit.player.v2                 D  streamFromUrl: Starting StreamingJsonParser.streamInBatches() for konigtv.com/player_api.php
2026-01-30 08:45:55.261 25056-25082 XtreamApiClient         com.fishit.player.v2                 W  streamContentInBatches(get_vod_streams): streamFromUrl FAILED for alias=vod params={category_id=0} | JsonParseException: Illegal character ((CTRL-CHAR, code 31)): only regular white space (\r, \n, \t) is allowed between tokens
                                                                                                     at [Source: REDACTED (`StreamReadFeature.INCLUDE_SOURCE_IN_LOCATION` disabled); line: 1, column: 2]
2026-01-30 08:45:55.272 25056-25082 XtreamApiClient         com.fishit.player.v2                 D  buildPlayerApiUrl: action=get_movie_streams -> konigtv.com/player_api.php
2026-01-30 08:45:55.277 25056-25082 XtreamApiClient         com.fishit.player.v2                 D  streamFromUrl: CALLED for konigtv.com/player_api.php
2026-01-30 08:45:55.338 25056-25154 TrafficStats            com.fishit.player.v2                 D  tagSocket(6) with statsTag=0xffffffff, statsUid=-1
2026-01-30 08:45:55.522 25056-25082 XtreamApiClient         com.fishit.player.v2                 D  StreamingFetch: Success for konigtv.com/player_api.php, streaming response
2026-01-30 08:45:55.525 25056-25082 XtreamApiClient         com.fishit.player.v2                 D  streamFromUrl: Starting StreamingJsonParser.streamInBatches() for konigtv.com/player_api.php
2026-01-30 08:45:55.527 25056-25082 XtreamApiClient         com.fishit.player.v2                 W  streamContentInBatches(get_vod_streams): streamFromUrl FAILED for alias=movie params={category_id=0} | JsonParseException: Illegal character ((CTRL-CHAR, code 31)): only regular white space (\r, \n, \t) is allowed between tokens
                                                                                                     at [Source: REDACTED (`StreamReadFeature.INCLUDE_SOURCE_IN_LOCATION` disabled); line: 1, column: 2]
2026-01-30 08:45:55.532 25056-25082 XtreamApiClient         com.fishit.player.v2                 D  buildPlayerApiUrl: action=get_movies_streams -> konigtv.com/player_api.php
2026-01-30 08:45:55.534 25056-25082 XtreamApiClient         com.fishit.player.v2                 D  streamFromUrl: CALLED for konigtv.com/player_api.php
2026-01-30 08:45:55.679 25056-25082 XtreamApiClient         com.fishit.player.v2                 D  StreamingFetch: Success for konigtv.com/player_api.php, streaming response
2026-01-30 08:45:55.687 25056-25082 XtreamApiClient         com.fishit.player.v2                 D  streamFromUrl: Starting StreamingJsonParser.streamInBatches() for konigtv.com/player_api.php
2026-01-30 08:45:55.691 25056-25082 XtreamApiClient         com.fishit.player.v2                 W  streamContentInBatches(get_vod_streams): streamFromUrl FAILED for alias=movies params={category_id=0} | JsonParseException: Illegal character ((CTRL-CHAR, code 31)): only regular white space (\r, \n, \t) is allowed between tokens
                                                                                                     at [Source: REDACTED (`StreamReadFeature.INCLUDE_SOURCE_IN_LOCATION` disabled); line: 1, column: 2]
2026-01-30 08:45:55.695 25056-25082 XtreamApiClient         com.fishit.player.v2                 D  buildPlayerApiUrl: action=get_vod_streams -> konigtv.com/player_api.php
2026-01-30 08:45:55.697 25056-25082 XtreamApiClient         com.fishit.player.v2                 D  streamFromUrl: CALLED for konigtv.com/player_api.php
2026-01-30 08:45:56.997 25056-25082 XtreamApiClient         com.fishit.player.v2                 D  StreamingFetch: Success for konigtv.com/player_api.php, streaming response
2026-01-30 08:45:57.000 25056-25082 XtreamApiClient         com.fishit.player.v2                 D  streamFromUrl: Starting StreamingJsonParser.streamInBatches() for konigtv.com/player_api.php
2026-01-30 08:45:57.116 25056-25082 XtreamApiClient         com.fishit.player.v2                 W  streamContentInBatches(get_vod_streams): streamFromUrl FAILED for alias=vod params=null | JsonParseException: Illegal character ((CTRL-CHAR, code 31)): only regular white space (\r, \n, \t) is allowed between tokens
                                                                                                     at [Source: REDACTED (`StreamReadFeature.INCLUDE_SOURCE_IN_LOCATION` disabled); line: 1, column: 2]
2026-01-30 08:45:57.128 25056-25082 XtreamApiClient         com.fishit.player.v2                 D  buildPlayerApiUrl: action=get_movie_streams -> konigtv.com/player_api.php
2026-01-30 08:45:57.131 25056-25082 XtreamApiClient         com.fishit.player.v2                 D  streamFromUrl: CALLED for konigtv.com/player_api.php
2026-01-30 08:45:57.138 25056-25154 TrafficStats            com.fishit.player.v2                 D  tagSocket(6) with statsTag=0xffffffff, statsUid=-1
2026-01-30 08:45:57.455 25056-25082 XtreamApiClient         com.fishit.player.v2                 D  StreamingFetch: Success for konigtv.com/player_api.php, streaming response
2026-01-30 08:45:57.463 25056-25082 XtreamApiClient         com.fishit.player.v2                 D  streamFromUrl: Starting StreamingJsonParser.streamInBatches() for konigtv.com/player_api.php
2026-01-30 08:45:57.468 25056-25082 XtreamApiClient         com.fishit.player.v2                 W  streamContentInBatches(get_vod_streams): streamFromUrl FAILED for alias=movie params=null | JsonParseException: Illegal character ((CTRL-CHAR, code 31)): only regular white space (\r, \n, \t) is allowed between tokens
                                                                                                     at [Source: REDACTED (`StreamReadFeature.INCLUDE_SOURCE_IN_LOCATION` disabled); line: 1, column: 2]
2026-01-30 08:45:57.472 25056-25082 XtreamApiClient         com.fishit.player.v2                 D  buildPlayerApiUrl: action=get_movies_streams -> konigtv.com/player_api.php
2026-01-30 08:45:57.475 25056-25082 XtreamApiClient         com.fishit.player.v2                 D  streamFromUrl: CALLED for konigtv.com/player_api.php
2026-01-30 08:45:57.699 25056-25082 XtreamApiClient         com.fishit.player.v2                 D  StreamingFetch: Success for konigtv.com/player_api.php, streaming response
2026-01-30 08:45:57.705 25056-25082 XtreamApiClient         com.fishit.player.v2                 D  streamFromUrl: Starting StreamingJsonParser.streamInBatches() for konigtv.com/player_api.php
2026-01-30 08:45:57.709 25056-25082 XtreamApiClient         com.fishit.player.v2                 W  streamContentInBatches(get_vod_streams): streamFromUrl FAILED for alias=movies params=null | JsonParseException: Illegal character ((CTRL-CHAR, code 31)): only regular white space (\r, \n, \t) is allowed between tokens
                                                                                                     at [Source: REDACTED (`StreamReadFeature.INCLUDE_SOURCE_IN_LOCATION` disabled); line: 1, column: 2]
2026-01-30 08:45:57.709 25056-25082 XtreamApiClient         com.fishit.player.v2                 D  streamContentInBatches(get_vod_streams): 0 items without category_id (fallback)
2026-01-30 08:45:57.711 25056-25082 XtreamCatalogPipeline   com.fishit.player.v2                 D  [VOD] Scan complete: 0 items
2026-01-30 08:45:57.711 25056-25082 XTC                     com.fishit.player.v2                 I  Phase complete: VOD | items=0 | duration=5717ms | rate=0 items/sec
2026-01-30 08:45:57.713 25056-25082 XtreamCatalogPipeline   com.fishit.player.v2                 I  Xtream catalog scan completed: 0 items (live=0, vod=0, series=0, episodes=0) in 5721ms
2026-01-30 08:45:57.719 25056-25090 CatalogSyncService      com.fishit.player.v2                 I  Enhanced sync completed:
                                                                                                    === Xtream Catalog Sync Performance Report ===
                                                                                                    Generated: 2026-01-30T07:45:57.716160Z

                                                                                                    === TOTALS ===
                                                                                                      Total Duration: 0ms (0.0s)
                                                                                                      Total Discovered: 0 items
                                                                                                      Total Persisted: 0 items
                                                                                                      Total Errors: 0
                                                                                                      Total Retries: 0
                                                                                                      Memory Variance: 0 MB
2026-01-30 08:45:57.721 25056-25090 XtreamCatalogScanWorker com.fishit.player.v2                 I  Enhanced catalog sync completed: 0 items, advancing to VOD_INFO phase
2026-01-30 08:45:57.732 25056-25132 XtreamCatalogScanWorker com.fishit.player.v2                 I  SUCCESS duration_ms=5759 throughput=0 items/sec | vod=0 series=0 episodes=0 live=0 | backfill_remaining: vod=0 series=0
2026-01-30 08:45:57.733 25056-25132 HomeCacheInvalidator    com.fishit.player.v2                 I  INVALIDATE_ALL source=XTREAM sync_run_id=8c75d616-bb66-489f-8770-1dde2f6a5a6c
2026-01-30 08:45:57.734 25056-25132 HomeCacheInvalidator    com.fishit.player.v2                 D  Cache invalidated: Home UI will refresh from DB on next query
2026-01-30 08:45:57.773 25056-25082 XtreamCatalogScanWorker com.fishit.player.v2                 D  Saved sync metadata for incremental sync: vod=0 series=0 live=0
2026-01-30 08:45:57.776 25056-25088 WM-WorkerWrapper        com.fishit.player.v2                 I  Worker result SUCCESS for Work [ id=5b87a721-0535-4f7b-8924-8f049184bf58, tags={ com.fishit.player.v2.work.XtreamCatalogScanWorker,catalog_sync,source_xtream,worker/XtreamCatalogScanWorker } ]
2026-01-30 08:45:57.779 25056-25056 WM-Processor            com.fishit.player.v2                 D  Processor 5b87a721-0535-4f7b-8924-8f049184bf58 executed; reschedule = false
2026-01-30 08:45:57.780 25056-25056 WM-SystemJobService     com.fishit.player.v2                 D  5b87a721-0535-4f7b-8924-8f049184bf58 executed on JobScheduler
2026-01-30 08:45:57.794 25056-25056 LeakCanary              com.fishit.player.v2                 D  Watching instance of androidx.work.impl.background.systemjob.SystemJobService (androidx.work.impl.background.systemjob.SystemJobService received Service#onDestroy() callback) with key 4c785a53-6d40-4de5-88f3-145685a03f9f
2026-01-30 08:45:57.795 25056-25103 WM-GreedyScheduler      com.fishit.player.v2                 D  Cancelling work ID 5b87a721-0535-4f7b-8924-8f049184bf58
2026-01-30 08:46:02.848 25056-25081 ishit.player.v2         com.fishit.player.v2                 I  Explicit concurrent copying GC freed 1083575(37MB) AllocSpace objects, 7(212KB) LOS objects, 49% free, 18MB/36MB, paused 36us,38us total 48.753ms
