2026-02-10 13:36:37.523 19301-19610 XTC                     com.fishit.player.v2                 D  [VOD] DTO→Raw #2550 | id=xtream:vod:728039 | title="Code 8 - Teil II | 2024 | 7.0 |" | sourceType=XTREAM | Fields: ✓[year=2024, poster] ✗[plot, cast, director, backdrop, duration, tmdb]
2026-02-10 13:36:37.740 19301-21239 XtreamSyncService       com.fishit.player.v2                 D  Progress: vod=2546, series=3000, live=546
2026-02-10 13:36:37.742 19301-19610 XTC                     com.fishit.player.v2                 D  [VOD] DTO→Raw #2600 | id=xtream:vod:704454 | title="A Paris Proposal - Ein funkelndes Verspr" | sourceType=XTREAM | Fields: ✓[year=2023, poster] ✗[plot, cast, director, backdrop, duration, tmdb]
2026-02-10 13:36:37.972 19301-21147 XTC                     com.fishit.player.v2                 D  [VOD] DTO→Raw #2650 | id=xtream:vod:696277 | title="One More Shot | 2024 | 7.1 |" | sourceType=XTREAM | Fields: ✓[year=2024, poster] ✗[plot, cast, director, backdrop, duration, tmdb]
2026-02-10 13:36:37.974 19301-19610 StreamingJsonParser     com.fishit.player.v2                 W  streamInBatches mapper error #1: timeout
2026-02-10 13:36:37.975 19301-19610 XtreamStreamFetcher     com.fishit.player.v2                 W  streamContentInBatches(get_series): streamFromUrl FAILED for alias=series catId=66 | SocketException: Socket closed
2026-02-10 13:36:37.975 19301-19610 SeriesItemPhase         com.fishit.player.v2                 D  [SERIES] Scan complete: 3018 items
2026-02-10 13:36:37.976 19301-19610 XTC                     com.fishit.player.v2                 I  Phase complete: SERIES | items=3018 | duration=31037ms | rate=97 items/sec
2026-02-10 13:36:38.211 19301-19611 StreamingJsonParser     com.fishit.player.v2                 W  streamInBatches mapper error #1: timeout
2026-02-10 13:36:38.212 19301-19611 XtreamStreamFetcher     com.fishit.player.v2                 W  streamContentInBatches(get_vod_streams): streamFromUrl FAILED for alias=vod catId=56 | SocketException: Socket closed
2026-02-10 13:36:38.213 19301-19611 XtreamStreamFetcher     com.fishit.player.v2                 D  streamFromUrl: CALLED for http://konigtv.com:8080/player_api.php?action=get_movie_streams&category_id=56&username=***&password=***
2026-02-10 13:36:38.492 19301-19611 XtreamStreamFetcher     com.fishit.player.v2                 D  streamFromUrl: Starting StreamingJsonParser.streamInBatches() for http://konigtv.com:8080/player_api.php?action=get_movie_streams&category_id=56&username=***&password=***
2026-02-10 13:36:38.497 19301-19611 XtreamStreamFetcher     com.fishit.player.v2                 D  StreamBatch: 0 items in 0 batches (6ms) | errors=0
2026-02-10 13:36:38.498 19301-19611 XtreamStreamFetcher     com.fishit.player.v2                 W  streamFromUrl: ZERO items parsed from http://konigtv.com:8080/player_api.php?action=get_movie_streams&category_id=56&username=***&password=*** | batchCount=0 errors=0
2026-02-10 13:36:38.503 19301-19611 XtreamStreamFetcher     com.fishit.player.v2                 D  streamFromUrl: CALLED for http://konigtv.com:8080/player_api.php?action=get_movies_streams&category_id=56&username=***&password=***
2026-02-10 13:36:39.046 19301-19611 XtreamStreamFetcher     com.fishit.player.v2                 D  streamFromUrl: Starting StreamingJsonParser.streamInBatches() for http://konigtv.com:8080/player_api.php?action=get_movies_streams&category_id=56&username=***&password=***
2026-02-10 13:36:39.048 19301-19611 XtreamStreamFetcher     com.fishit.player.v2                 D  StreamBatch: 0 items in 0 batches (3ms) | errors=0
2026-02-10 13:36:39.049 19301-19611 XtreamStreamFetcher     com.fishit.player.v2                 W  streamFromUrl: ZERO items parsed from http://konigtv.com:8080/player_api.php?action=get_movies_streams&category_id=56&username=***&password=*** | batchCount=0 errors=0
2026-02-10 13:36:39.050 19301-19611 VodItemPhase            com.fishit.player.v2                 D  [VOD] Scan complete: 2678 items
2026-02-10 13:36:39.050 19301-19611 XTC                     com.fishit.player.v2                 I  Phase complete: VOD | items=2678 | duration=31611ms | rate=84 items/sec
2026-02-10 13:36:39.051 19301-21193 XtreamCatalogPipeline   com.fishit.player.v2                 I  Xtream catalog scan completed: 6242 items (live=546, vod=2678, series=3018, episodes=0) in 32116ms
2026-02-10 13:36:39.053 19301-21193 ChannelSyncBuffer       com.fishit.player.v2                 D  [SyncBuffer] Buffer closed, metrics: BufferMetrics(sent=6242, received=5350, inBuffer=892, backpressure=115, elapsed=31654ms, throughput=169.0/s)
2026-02-10 13:36:43.183 19301-21159 ChannelSyncBuffer       com.fishit.player.v2                 D  [SyncBuffer] Consumer finished, flushed 42 remaining
2026-02-10 13:36:43.187 19301-21147 SyncCheckpointStore     com.fishit.player.v2                 D  Checkpoint cleared for xtream_xtream:Christoph10@konigtv.com
2026-02-10 13:36:43.188 19301-21147 SyncPerfMetrics         com.fishit.player.v2                 I  Sync app-default completed in 36257ms
2026-02-10 13:36:43.188 19301-21147 XtreamSyncService       com.fishit.player.v2                 D  Sync completed: 6242 items in 36258ms (live=546, vod=2678, series=3018, episodes=0, skippedTimestamp=0, skippedFingerprint=0)
2026-02-10 13:36:43.189 19301-21147 CatalogSyncOrchestrator com.fishit.player.v2                 I  Xtream SUCCESS: vod=2678 series=3018 live=546
2026-02-10 13:36:43.189 19301-21147 HomeCacheInvalidator    com.fishit.player.v2                 I  INVALIDATE_ALL source=XTREAM sync_run_id=6c94a360-63a1-4186-a3dc-32c2c7efb1bd
2026-02-10 13:36:43.190 19301-19301 HomeViewModel           com.fishit.player.v2                 I  📢 Cache invalidation received: continue_watching - triggering paging refresh
2026-02-10 13:36:43.190 19301-21147 HomeCacheInvalidator    com.fishit.player.v2                 D  Cache invalidated: Home UI will refresh from DB on next query
2026-02-10 13:36:43.191 19301-21147 CatalogSyncOrchestrator com.fishit.player.v2                 I  SUCCESS duration_ms=36277 total_items=6092 sources=1
2026-02-10 13:36:43.191 19301-19608 NxHomeContentRepo       com.fishit.player.v2                 D  Cache invalidation detected: ContinueWatching, triggering paging refresh
2026-02-10 13:36:43.192 19301-19608 NxHomeContentRepo       com.fishit.player.v2                 D  Cache invalidation detected: RecentlyAdded, triggering paging refresh
2026-02-10 13:36:43.202 19301-19301 HomeViewModel           com.fishit.player.v2                 I  📢 Cache invalidation received: recently_added - triggering paging refresh
2026-02-10 13:36:43.202 19301-19301 HomeViewModel           com.fishit.player.v2                 I  📢 Cache invalidation received: movies - triggering paging refresh
2026-02-10 13:36:43.203 19301-19301 HomeViewModel           com.fishit.player.v2                 I  📢 Cache invalidation received: series - triggering paging refresh
2026-02-10 13:36:43.203 19301-19301 HomeViewModel           com.fishit.player.v2                 I  📢 Cache invalidation received: clips - triggering paging refresh
2026-02-10 13:36:43.203 19301-19301 HomeViewModel           com.fishit.player.v2                 I  📢 Cache invalidation received: live_tv - triggering paging refresh
2026-02-10 13:36:43.204 19301-19301 HomeViewModel           com.fishit.player.v2                 D  🔄 Movies PagingFlow recreated (trigger=1)
2026-02-10 13:36:43.204 19301-19301 NxHomeContentRepo       com.fishit.player.v2                 I  🎬 getMoviesPagingData() CALLED - Creating Movies PagingSource
2026-02-10 13:36:43.205 19301-19301 HomeViewModel           com.fishit.player.v2                 D  🔄 Movies PagingFlow recreated (trigger=6)
2026-02-10 13:36:43.206 19301-19301 NxHomeContentRepo       com.fishit.player.v2                 I  🎬 getMoviesPagingData() CALLED - Creating Movies PagingSource
2026-02-10 13:36:43.207 19301-19301 NxHomeContentRepo       com.fishit.player.v2                 D  🎬 Movies PagingSource FACTORY invoked
2026-02-10 13:36:43.218 19301-19301 HomeViewModel           com.fishit.player.v2                 D  🔄 Series PagingFlow recreated (trigger=1)
2026-02-10 13:36:43.218 19301-19301 NxHomeContentRepo       com.fishit.player.v2                 I  📺 getSeriesPagingData() CALLED - Creating Series PagingSource
2026-02-10 13:36:43.219 19301-19301 HomeViewModel           com.fishit.player.v2                 D  🔄 Series PagingFlow recreated (trigger=6)
2026-02-10 13:36:43.220 19301-19301 NxHomeContentRepo       com.fishit.player.v2                 I  📺 getSeriesPagingData() CALLED - Creating Series PagingSource
2026-02-10 13:36:43.221 19301-19301 NxHomeContentRepo       com.fishit.player.v2                 D  📺 Series PagingSource FACTORY invoked
2026-02-10 13:36:43.234 19301-19301 HomeViewModel           com.fishit.player.v2                 D  🔄 Clips PagingFlow recreated (trigger=1)
2026-02-10 13:36:43.236 19301-19301 HomeViewModel           com.fishit.player.v2                 D  🔄 Clips PagingFlow recreated (trigger=6)
2026-02-10 13:36:43.244 19301-19301 HomeViewModel           com.fishit.player.v2                 D  🔄 Live PagingFlow recreated (trigger=1)
2026-02-10 13:36:43.245 19301-19301 HomeViewModel           com.fishit.player.v2                 D  🔄 Live PagingFlow recreated (trigger=6)
2026-02-10 13:36:43.253 19301-21159 NxHomeContentRepo       com.fishit.player.v2                 D  Cache invalidation detected: Movies, triggering paging refresh
2026-02-10 13:36:43.256 19301-19301 NxHomeContentRepo       com.fishit.player.v2                 D  📺 Series PagingSource FACTORY invoked
2026-02-10 13:36:43.266 19301-21159 NxHomeContentRepo       com.fishit.player.v2                 D  Cache invalidation detected: Series, triggering paging refresh
2026-02-10 13:36:43.274 19301-21159 NxHomeContentRepo       com.fishit.player.v2                 D  Cache invalidation detected: Clips, triggering paging refresh
2026-02-10 13:36:43.279 19301-21159 NxHomeContentRepo       com.fishit.player.v2                 D  Cache invalidation detected: LiveTV, triggering paging refresh
2026-02-10 13:36:43.290 19301-19301 NxHomeContentRepo       com.fishit.player.v2                 D  📺 Series PagingSource FACTORY invoked
2026-02-10 13:36:43.293 19301-19301 NxHomeContentRepo       com.fishit.player.v2                 D  🎬 Movies PagingSource FACTORY invoked
2026-02-10 13:36:43.296 19301-19301 HomeViewModel           com.fishit.player.v2                 D  🔄 RecentlyAdded PagingFlow recreated (trigger=1)
2026-02-10 13:36:43.297 19301-19301 HomeViewModel           com.fishit.player.v2                 D  🔄 RecentlyAdded PagingFlow recreated (trigger=6)
2026-02-10 13:36:43.307 19301-19673 WM-WorkerWrapper        com.fishit.player.v2                 I  Worker result SUCCESS for Work [ id=f9476dce-2a49-4d74-b3db-c934f9a7081c, tags={ com.fishit.player.v2.work.CatalogSyncOrchestratorWorker,catalog_sync,mode_expert_now,worker/CatalogSyncOrchestratorWorker } ]
2026-02-10 13:36:43.313 19301-19301 NxHomeContentRepo       com.fishit.player.v2                 D  🔍 HomePagingSource.load() START | workType=MOVIE offset=0 loadSize=40
2026-02-10 13:36:43.315   927-927   audit                   auditd                               E  type=1400 audit(1770727003.309:137342): avc:  denied  { ioctl } for  pid=19301 comm="WM.task-2" path="/data/data/com.fishit.player.v2/no_backup/androidx.work.workdb" dev="dm-52" ino=2364834 ioctlcmd=0xf522 scontext=u:r:untrusted_app:s0:c3,c258,c512,c768 tcontext=u:object_r:app_data_file:s0:c3,c258,c512,c768 tclass=file permissive=0 SEPF_SM-G991B_12_0001 audit_filtered
2026-02-10 13:36:43.315   927-927   audit                   auditd                               E  type=1327 audit(1770727003.309:137342): proctitle="com.fishit.player.v2"
2026-02-10 13:36:43.317 19301-19483 ObjectBoxPagingSource   com.fishit.player.v2                 D  🔍 DB Query: offset=0 loadSize=40 → results=40
2026-02-10 13:36:43.317 19301-19483 NxHomeContentRepo       com.fishit.player.v2                 D  🔍 HomePagingSource: DB returned 40 works
2026-02-10 13:36:43.317 19301-19301 NxHomeContentRepo       com.fishit.player.v2                 D  🔍 HomePagingSource.load() START | workType=ALL offset=0 loadSize=40
2026-02-10 13:36:43.321 19301-19483 ObjectBoxPagingSource   com.fishit.player.v2                 D  🔍 DB Query: offset=0 loadSize=40 → results=40
2026-02-10 13:36:43.321 19301-19483 NxHomeContentRepo       com.fishit.player.v2                 D  🔍 HomePagingSource: DB returned 40 works
2026-02-10 13:36:43.321 19301-19301 NxHomeContentRepo       com.fishit.player.v2                 D  🔍 HomePagingSource.load() START | workType=SERIES offset=0 loadSize=40
2026-02-10 13:36:43.323 19301-19301 NxHomeContentRepo       com.fishit.player.v2                 D  🔍 HomePagingSource.load() START | workType=CLIP offset=0 loadSize=40
2026-02-10 13:36:43.323 19301-21159 ObjectBoxPagingSource   com.fishit.player.v2                 D  🔍 DB Query: offset=0 loadSize=40 → results=0
2026-02-10 13:36:43.324 19301-21159 NxHomeContentRepo       com.fishit.player.v2                 D  🔍 HomePagingSource: DB returned 0 works
2026-02-10 13:36:43.324 19301-19301 NxHomeContentRepo       com.fishit.player.v2                 D  🔍 HomePagingSource.load() START | workType=LIVE_CHANNEL offset=0 loadSize=40
2026-02-10 13:36:43.325 19301-19483 ObjectBoxPagingSource   com.fishit.player.v2                 D  🔍 DB Query: offset=0 loadSize=40 → results=40
2026-02-10 13:36:43.325 19301-19483 NxHomeContentRepo       com.fishit.player.v2                 D  🔍 HomePagingSource: DB returned 40 works
2026-02-10 13:36:43.328 19301-19608 ObjectBoxPagingSource   com.fishit.player.v2                 D  🔍 DB Query: offset=0 loadSize=40 → results=40
2026-02-10 13:36:43.328 19301-19608 NxHomeContentRepo       com.fishit.player.v2                 D  🔍 HomePagingSource: DB returned 40 works
2026-02-10 13:36:43.395 19301-19301 WM-Processor            com.fishit.player.v2                 D  Processor f9476dce-2a49-4d74-b3db-c934f9a7081c executed; reschedule = false
2026-02-10 13:36:43.395 19301-19301 WM-SystemJobService     com.fishit.player.v2                 D  f9476dce-2a49-4d74-b3db-c934f9a7081c executed on JobScheduler
2026-02-10 13:36:43.397 19301-19301 NxHomeContentRepo       com.fishit.player.v2                 D  🔍 HomePagingSource: Processing 40 works for mapping
2026-02-10 13:36:43.398 19301-19301 NxHomeContentRepo       com.fishit.player.v2                 D  🔍 HomePagingSource: Filtered out episodes: 40 → 40
2026-02-10 13:36:43.398 19301-19301 NxHomeContentRepo       com.fishit.player.v2                 D  🔍 HomePagingSource: Processing 40 works for mapping
2026-02-10 13:36:43.398 19301-19301 NxHomeContentRepo       com.fishit.player.v2                 D  🔍 HomePagingSource: Processing 0 works for mapping
2026-02-10 13:36:43.399 19301-19301 NxHomeContentRepo       com.fishit.player.v2                 D  🔍 HomePagingSource: Processing 40 works for mapping
2026-02-10 13:36:43.399 19301-19301 NxHomeContentRepo       com.fishit.player.v2                 D  🔍 HomePagingSource: Processing 40 works for mapping
2026-02-10 13:36:43.403 19301-19622 WM-GreedyScheduler      com.fishit.player.v2                 D  Cancelling work ID f9476dce-2a49-4d74-b3db-c934f9a7081c
2026-02-10 13:36:43.414 19301-19301 WM-SystemJobService     com.fishit.player.v2                 D  onStopJob for WorkGenerationalId(workSpecId=f9476dce-2a49-4d74-b3db-c934f9a7081c, generation=0)
2026-02-10 13:36:43.414 19301-19301 NxHomeContentRepo       com.fishit.player.v2                 D  🔍 HomePagingSource: Loaded source refs for 0 works
2026-02-10 13:36:43.415 19301-19301 NxHomeContentRepo       com.fishit.player.v2                 I  ✅ HomePagingSource.load() RESULT | workType=CLIP offset=0 count=0 hasNext=false titles=
2026-02-10 13:36:43.435 19301-19301 WorkManage...teObserver com.fishit.player.v2                 I  Sync state: SUCCEEDED
2026-02-10 13:36:43.787 19301-19312 ishit.player.v2         com.fishit.player.v2                 I  Background concurrent copying GC freed 420576(21MB) AllocSpace objects, 0(0B) LOS objects, 50% free, 18MB/36MB, paused 395us,143us total 303.897ms
2026-02-10 13:36:44.001 19301-19301 NxHomeContentRepo       com.fishit.player.v2                 D  🔍 HomePagingSource: Loaded source refs for 40 works
2026-02-10 13:36:44.008 19301-19301 NxHomeContentRepo       com.fishit.player.v2                 I  ✅ HomePagingSource.load() RESULT | workType=MOVIE offset=0 count=40 hasNext=true titles="#SchwarzeSchafe", "(Pri)sons", "...und den Weihnachtsmann gibts doch!"
2026-02-10 13:36:44.032 19301-19301 NxHomeContentRepo       com.fishit.player.v2                 D  🔍 HomePagingSource: Loaded source refs for 40 works
2026-02-10 13:36:44.036 19301-19301 NxHomeContentRepo       com.fishit.player.v2                 I  ✅ HomePagingSource.load() RESULT | workType=ALL offset=0 count=40 hasNext=true titles="Skins – Hautnah", "Ich bin ein Star – Holt mich hier raus!", "The Change"
2026-02-10 13:36:44.187 19301-19301 NxHomeContentRepo       com.fishit.player.v2                 D  🔍 HomePagingSource: Loaded source refs for 40 works
2026-02-10 13:36:44.189 19301-19301 NxHomeContentRepo       com.fishit.player.v2                 I  ✅ HomePagingSource.load() RESULT | workType=LIVE_CHANNEL offset=0 count=40 hasNext=true titles="DE 24/7 Movies", "DE 24/7 Series", "DE : REDBOX Kino 10"
2026-02-10 13:36:44.259 19301-19301 NxHomeContentRepo       com.fishit.player.v2                 D  🔍 HomePagingSource: Loaded source refs for 40 works
2026-02-10 13:36:44.260 19301-19301 NxHomeContentRepo       com.fishit.player.v2                 I  ✅ HomePagingSource.load() RESULT | workType=SERIES offset=0 count=40 hasNext=true titles="#LikeMe", "#TextMeWhenYouGetHome", "1000 Wege ins Gras zu beissen"
2026-02-10 13:36:48.206 19301-19301 ViewRootIm...nActivity] com.fishit.player.v2                 I  ViewPostIme pointer 0
2026-02-10 13:36:48.368 19301-19301 ViewRootIm...nActivity] com.fishit.player.v2                 I  ViewPostIme pointer 1
2026-02-10 13:36:49.087 19301-19301 ViewRootIm...nActivity] com.fishit.player.v2                 I  ViewPostIme pointer 0
2026-02-10 13:36:49.207 19301-19301 ViewRootIm...nActivity] com.fishit.player.v2                 I  ViewPostIme pointer 1
2026-02-10 13:36:50.195 19301-19301 ViewRootIm...nActivity] com.fishit.player.v2                 I  ViewPostIme pointer 0
2026-02-10 13:36:50.268 19301-19301 Compatibil...geReporter com.fishit.player.v2                 D  Compat change id reported: 171228096; UID 10515; state: ENABLED
2026-02-10 13:36:50.303 19301-19301 ViewRootIm...nActivity] com.fishit.player.v2                 I  ViewPostIme pointer 1
2026-02-10 13:36:54.291 19301-19301 ViewRootIm...nActivity] com.fishit.player.v2                 I  ViewPostIme pointer 0
2026-02-10 13:36:54.421 19301-19301 ViewRootIm...nActivity] com.fishit.player.v2                 I  ViewPostIme pointer 1
2026-02-10 13:36:55.100 19301-19301 ViewRootIm...nActivity] com.fishit.player.v2                 I  ViewPostIme pointer 0
2026-02-10 13:36:55.227 19301-19301 ViewRootIm...nActivity] com.fishit.player.v2                 I  ViewPostIme pointer 1
2026-02-10 13:36:56.644 19301-19301 ViewRootIm...nActivity] com.fishit.player.v2                 I  ViewPostIme pointer 0
2026-02-10 13:36:56.792 19301-19301 ViewRootIm...nActivity] com.fishit.player.v2                 I  ViewPostIme pointer 1
2026-02-10 13:36:57.317 19301-19301 ViewRootIm...nActivity] com.fishit.player.v2                 I  ViewPostIme pointer 0
2026-02-10 13:36:57.395 19301-19301 ViewRootIm...nActivity] com.fishit.player.v2                 I  ViewPostIme pointer 1
2026-02-10 13:36:59.314 19301-19301 ViewRootIm...nActivity] com.fishit.player.v2                 I  ViewPostIme pointer 0
2026-02-10 13:36:59.371 19301-19301 ViewRootIm...nActivity] com.fishit.player.v2                 I  ViewPostIme pointer 1
2026-02-10 13:36:59.391 19301-19301 WindowOnBackDispatcher  com.fishit.player.v2                 W  OnBackInvokedCallback is not enabled for the application.
                                                                                                    Set 'android:enableOnBackInvokedCallback="true"' in the application manifest.
2026-02-10 13:36:59.517 19301-19301 DetailEnrichment        com.fishit.player.v2                 D  enrichIfNeededInternal: skipped (already has plot) canonicalId=series:heuristic:likeme-2019
2026-02-10 13:36:59.765 19301-19301 ApiPriority             com.fishit.player.v2                 D  ⬆️ HIGH_PRIORITY started: DetailLoad:series:5815 (active=1)
2026-02-10 13:36:59.766 19301-19301 UnifiedDetailLoader     com.fishit.player.v2                 D  loadSeriesDetailInternal: fetching seriesId=5815
2026-02-10 13:36:59.970 19301-19608 HttpClient              com.fishit.player.v2                 D  HTTP 200 for konigtv.com/player_api.php | bytes=58532 contentType=application/json
2026-02-10 13:36:59.972 19301-19608 HttpClient              com.fishit.player.v2                 D  Response received for konigtv.com/player_api.php (58532 chars)
2026-02-10 13:37:00.018 19301-19301 NxSeriesIndex           com.fishit.player.v2                 D  upsertSeasons: NX stores seasons via NX_WorkRelation - no separate entity needed
2026-02-10 13:37:00.018 19301-19301 UnifiedDetailLoader     com.fishit.player.v2                 D  loadSeriesDetailInternal: persisted 5 seasons
2026-02-10 13:37:00.021 19301-19301 UnifiedDetailLoader     com.fishit.player.v2                 E  loadDetailInternal failed
                                                                                                    kotlinx.serialization.SerializationException: Serializer for class 'EpisodePlaybackHints' is not found.
                                                                                                    Please ensure that class is marked as '@Serializable' and that the serialization compiler plugin is applied.

                                                                                                    	at kotlinx.serialization.internal.Platform_commonKt.serializerNotRegistered(Platform.common.kt:90)
                                                                                                    	at kotlinx.serialization.SerializersKt__SerializersKt.noCompiledSerializer(Serializers.kt:415)
                                                                                                    	at kotlinx.serialization.SerializersKt.noCompiledSerializer(Unknown Source:1)
                                                                                                    	at com.fishit.player.infra.data.detail.UnifiedDetailLoaderImpl.buildPlaybackHintsJson(UnifiedDetailLoaderImpl.kt:1164)
                                                                                                    	at com.fishit.player.infra.data.detail.UnifiedDetailLoaderImpl.extractEpisodes(UnifiedDetailLoaderImpl.kt:516)
                                                                                                    	at com.fishit.player.infra.data.detail.UnifiedDetailLoaderImpl.loadSeriesDetailInternal(UnifiedDetailLoaderImpl.kt:414)
                                                                                                    	at com.fishit.player.infra.data.detail.UnifiedDetailLoaderImpl.access$loadSeriesDetailInternal(UnifiedDetailLoaderImpl.kt:118)
                                                                                                    	at com.fishit.player.infra.data.detail.UnifiedDetailLoaderImpl$loadSeriesDetailInternal$1.invokeSuspend(Unknown Source:15)
                                                                                                    	at kotlin.coroutines.jvm.internal.BaseContinuationImpl.resumeWith(ContinuationImpl.kt:34)
                                                                                                    	at kotlinx.coroutines.DispatchedTask.run(DispatchedTask.kt:100)
                                                                                                    	at android.os.Handler.handleCallback(Handler.java:958)
                                                                                                    	at android.os.Handler.dispatchMessage(Handler.java:99)
                                                                                                    	at android.os.Looper.loopOnce(Looper.java:230)
                                                                                                    	at android.os.Looper.loop(Looper.java:319)
                                                                                                    	at android.app.ActivityThread.main(ActivityThread.java:8919)
                                                                                                    	at java.lang.reflect.Method.invoke(Native Method)
                                                                                                    	at com.android.internal.os.RuntimeInit$MethodAndArgsCaller.run(RuntimeInit.java:578)
                                                                                                    	at com.android.internal.os.ZygoteInit.main(ZygoteInit.java:1103)
2026-02-10 13:37:00.023 19301-19301 UnifiedDetailLoader     com.fishit.player.v2                 I  loadDetailDeduped: completed in 503ms for series:5815 hasData=false
2026-02-10 13:37:00.024 19301-19301 ApiPriority             com.fishit.player.v2                 D  ⬇️ HIGH_PRIORITY ended: DetailLoad:series:5815 (active=0)
2026-02-10 13:37:00.024 19301-19301 UnifiedDetailVM         com.fishit.player.v2                 W  loadDetailWithUnifiedLoader: Xtream API returned null for SERIES (canonicalId=series:heuristic:likeme-2019). Using cached data.
2026-02-10 13:37:00.268 19301-19312 ishit.player.v2         com.fishit.player.v2                 I  Background concurrent copying GC freed 488487(21MB) AllocSpace objects, 3(140KB) LOS objects, 50% free, 19MB/38MB, paused 79us,82us total 112.930ms
2026-02-10 13:37:08.351 19301-19301 ViewRootIm...nActivity] com.fishit.player.v2                 I  ViewPostIme key 0
2026-02-10 13:37:08.351 19301-19301 Activity                com.fishit.player.v2                 D  onKeyDown(KEYCODE_BACK)
2026-02-10 13:37:08.413 19301-19301 ViewRootIm...nActivity] com.fishit.player.v2                 I  ViewPostIme key 1
2026-02-10 13:37:08.413 19301-19301 Activity                com.fishit.player.v2                 D  onKeyUp(KEYCODE_BACK) isTracking()=true isCanceled()=false hasCallback=false
2026-02-10 13:37:09.320 19301-19301 ViewRootIm...nActivity] com.fishit.player.v2                 I  ViewPostIme pointer 0
2026-02-10 13:37:09.406 19301-19301 ViewRootIm...nActivity] com.fishit.player.v2                 I  ViewPostIme pointer 1
2026-02-10 13:37:09.733 19301-19301 ViewRootIm...nActivity] com.fishit.player.v2                 I  ViewPostIme pointer 0
2026-02-10 13:37:09.958 19301-19301 ViewRootIm...nActivity] com.fishit.player.v2                 I  ViewPostIme pointer 1
2026-02-10 13:37:10.441 19301-19301 ViewRootIm...nActivity] com.fishit.player.v2                 I  ViewPostIme pointer 0
2026-02-10 13:37:10.492 19301-19301 ViewRootIm...nActivity] com.fishit.player.v2                 I  ViewPostIme pointer 1
2026-02-10 13:37:10.511 19301-19301 WindowOnBackDispatcher  com.fishit.player.v2                 W  OnBackInvokedCallback is not enabled for the application.
                                                                                                    Set 'android:enableOnBackInvokedCallback="true"' in the application manifest.
2026-02-10 13:37:10.630 19301-19301 DetailEnrichment        com.fishit.player.v2                 D  enrichIfNeededInternal: skipped (already has plot) canonicalId=series:heuristic:11-22-63-der-anschlag-2016
2026-02-10 13:37:10.768 19301-19301 ApiPriority             com.fishit.player.v2                 D  ⬆️ HIGH_PRIORITY started: DetailLoad:series:2035 (active=1)
2026-02-10 13:37:10.768 19301-19301 UnifiedDetailLoader     com.fishit.player.v2                 D  loadSeriesDetailInternal: fetching seriesId=2035
2026-02-10 13:37:11.018 19301-19611 HttpClient              com.fishit.player.v2                 D  HTTP 200 for konigtv.com/player_api.php | bytes=22865 contentType=application/json
2026-02-10 13:37:11.019 19301-19611 HttpClient              com.fishit.player.v2                 D  Response received for konigtv.com/player_api.php (22865 chars)
2026-02-10 13:37:11.042 19301-19301 NxSeriesIndex           com.fishit.player.v2                 D  upsertSeasons: NX stores seasons via NX_WorkRelation - no separate entity needed
2026-02-10 13:37:11.043 19301-19301 UnifiedDetailLoader     com.fishit.player.v2                 D  loadSeriesDetailInternal: persisted 1 seasons
2026-02-10 13:37:11.044 19301-19301 UnifiedDetailLoader     com.fishit.player.v2                 E  loadDetailInternal failed
                                                                                                    kotlinx.serialization.SerializationException: Serializer for class 'EpisodePlaybackHints' is not found.
                                                                                                    Please ensure that class is marked as '@Serializable' and that the serialization compiler plugin is applied.

                                                                                                    	at kotlinx.serialization.internal.Platform_commonKt.serializerNotRegistered(Platform.common.kt:90)
                                                                                                    	at kotlinx.serialization.SerializersKt__SerializersKt.noCompiledSerializer(Serializers.kt:415)
                                                                                                    	at kotlinx.serialization.SerializersKt.noCompiledSerializer(Unknown Source:1)
                                                                                                    	at com.fishit.player.infra.data.detail.UnifiedDetailLoaderImpl.buildPlaybackHintsJson(UnifiedDetailLoaderImpl.kt:1164)
                                                                                                    	at com.fishit.player.infra.data.detail.UnifiedDetailLoaderImpl.extractEpisodes(UnifiedDetailLoaderImpl.kt:516)
                                                                                                    	at com.fishit.player.infra.data.detail.UnifiedDetailLoaderImpl.loadSeriesDetailInternal(UnifiedDetailLoaderImpl.kt:414)
                                                                                                    	at com.fishit.player.infra.data.detail.UnifiedDetailLoaderImpl.access$loadSeriesDetailInternal(UnifiedDetailLoaderImpl.kt:118)
                                                                                                    	at com.fishit.player.infra.data.detail.UnifiedDetailLoaderImpl$loadSeriesDetailInternal$1.invokeSuspend(Unknown Source:15)
                                                                                                    	at kotlin.coroutines.jvm.internal.BaseContinuationImpl.resumeWith(ContinuationImpl.kt:34)
                                                                                                    	at kotlinx.coroutines.DispatchedTask.run(DispatchedTask.kt:100)
                                                                                                    	at android.os.Handler.handleCallback(Handler.java:958)
                                                                                                    	at android.os.Handler.dispatchMessage(Handler.java:99)
                                                                                                    	at android.os.Looper.loopOnce(Looper.java:230)
                                                                                                    	at android.os.Looper.loop(Looper.java:319)
                                                                                                    	at android.app.ActivityThread.main(ActivityThread.java:8919)
                                                                                                    	at java.lang.reflect.Method.invoke(Native Method)
                                                                                                    	at com.android.internal.os.RuntimeInit$MethodAndArgsCaller.run(RuntimeInit.java:578)
                                                                                                    	at com.android.internal.os.ZygoteInit.main(ZygoteInit.java:1103)
2026-02-10 13:37:11.046 19301-19301 UnifiedDetailLoader     com.fishit.player.v2                 I  loadDetailDeduped: completed in 414ms for series:2035 hasData=false
2026-02-10 13:37:11.046 19301-19301 ApiPriority             com.fishit.player.v2                 D  ⬇️ HIGH_PRIORITY ended: DetailLoad:series:2035 (active=0)
2026-02-10 13:37:11.046 19301-19301 UnifiedDetailVM         com.fishit.player.v2                 W  loadDetailWithUnifiedLoader: Xtream API returned null for SERIES (canonicalId=series:heuristic:11-22-63-der-anschlag-2016). Using cached data.
2026-02-10 13:37:12.155 19301-19301 ViewRootIm...nActivity] com.fishit.player.v2                 I  ViewPostIme key 0
2026-02-10 13:37:12.155 19301-19301 Activity                com.fishit.player.v2                 D  onKeyDown(KEYCODE_BACK)
2026-02-10 13:37:12.232 19301-19301 ViewRootIm...nActivity] com.fishit.player.v2                 I  ViewPostIme key 1
2026-02-10 13:37:12.232 19301-19301 Activity                com.fishit.player.v2                 D  onKeyUp(KEYCODE_BACK) isTracking()=true isCanceled()=false hasCallback=false
2026-02-10 13:38:08.249 19301-19301 ViewRootIm...nActivity] com.fishit.player.v2                 I  onDisplayChanged oldDisplayState=2 newDisplayState=1
2026-02-10 13:38:08.289 19301-19301 ViewRootImpl            com.fishit.player.v2                 I  updatePointerIcon pointerType = 1, calling pid = 19301
2026-02-10 13:38:08.290 19301-19301 InputManagerGlobal      com.fishit.player.v2                 D  setPointerIconType iconId = 1, callingPid = 19301
2026-02-10 13:38:08.419 19301-19301 ViewRootIm...nActivity] com.fishit.player.v2                 I  onDisplayChanged oldDisplayState=1 newDisplayState=1
2026-02-10 13:38:10.904 19301-19301 InsetsSourceConsumer    com.fishit.player.v2                 I  applyRequestedVisibilityToControl: visible=true, type=statusBars, host=com.fishit.player.v2/com.fishit.player.v2.MainActivity
2026-02-10 13:38:21.564 19301-19301 ViewRootImpl            com.fishit.player.v2                 I  updatePointerIcon pointerType = 1, calling pid = 19301
2026-02-10 13:38:21.566 19301-19301 InputManagerGlobal      com.fishit.player.v2                 D  setPointerIconType iconId = 1, callingPid = 19301
2026-02-10 13:38:21.587 19301-19301 ViewRootIm...nActivity] com.fishit.player.v2                 I  onDisplayChanged oldDisplayState=1 newDisplayState=2
2026-02-10 13:38:21.766 19301-19301 ViewRootIm...nActivity] com.fishit.player.v2                 I  onDisplayChanged oldDisplayState=2 newDisplayState=2
2026-02-10 13:38:29.398 19301-19301 ViewRootIm...nActivity] com.fishit.player.v2                 I  ViewPostIme pointer 0
2026-02-10 13:38:29.648 19301-19301 ViewRootIm...nActivity] com.fishit.player.v2                 I  ViewPostIme pointer 1
2026-02-10 13:38:30.577 19301-19301 ViewRootIm...nActivity] com.fishit.player.v2                 I  ViewPostIme pointer 0
2026-02-10 13:38:30.617 19301-19301 ViewRootIm...nActivity] com.fishit.player.v2                 I  ViewPostIme pointer 1
2026-02-10 13:38:30.634 19301-19301 WindowOnBackDispatcher  com.fishit.player.v2                 W  OnBackInvokedCallback is not enabled for the application.
                                                                                                    Set 'android:enableOnBackInvokedCallback="true"' in the application manifest.
2026-02-10 13:38:30.740 19301-19301 DetailEnrichment        com.fishit.player.v2                 D  enrichFromXtream: delegating to UnifiedDetailLoader for sourceKey=src:xtream:xtream:Christoph10@konigtv.com:xtream:vod:791354 (PLATIN)
2026-02-10 13:38:30.740 19301-19301 ApiPriority             com.fishit.player.v2                 D  ⬆️ HIGH_PRIORITY started: DetailLoad:vod:791354 (active=1)
2026-02-10 13:38:30.741 19301-19301 UnifiedDetailLoader     com.fishit.player.v2                 D  loadVodDetailInternal: fetching vodId=791354
2026-02-10 13:38:31.025 19301-19611 HttpClient              com.fishit.player.v2                 D  HTTP 200 for konigtv.com/player_api.php | bytes=3881 contentType=application/json
2026-02-10 13:38:31.026 19301-19611 HttpClient              com.fishit.player.v2                 D  Response received for konigtv.com/player_api.php (3881 chars)
2026-02-10 13:38:31.059 19301-19301 UnifiedDetailLoader     com.fishit.player.v2                 I  loadDetailDeduped: completed in 319ms for vod:791354 hasData=true
2026-02-10 13:38:31.060 19301-19301 ApiPriority             com.fishit.player.v2                 D  ⬇️ HIGH_PRIORITY ended: DetailLoad:vod:791354 (active=0)
2026-02-10 13:38:31.155 19301-19301 DetailEnrichment        com.fishit.player.v2                 D  enrichFromXtream: success via UnifiedDetailLoader, hasPlot=false
2026-02-10 13:38:31.156 19301-19301 DetailEnrichment        com.fishit.player.v2                 I  enrichIfNeededInternal: completed in 417ms canonicalId=movie:heuristic:schwarzeschafe-2025 hasPlot=false source=xtream
2026-02-10 13:38:31.157 19301-19301 ApiPriority             com.fishit.player.v2                 D  ⬆️ HIGH_PRIORITY started: DetailLoad:vod:791354 (active=1)
2026-02-10 13:38:31.158 19301-19301 UnifiedDetailLoader     com.fishit.player.v2                 D  loadVodDetailInternal: fetching vodId=791354
2026-02-10 13:38:31.966 19301-19611 HttpClient              com.fishit.player.v2                 D  HTTP 200 for konigtv.com/player_api.php | bytes=3881 contentType=application/json
2026-02-10 13:38:31.967 19301-19611 HttpClient              com.fishit.player.v2                 D  Response received for konigtv.com/player_api.php (3881 chars)
2026-02-10 13:38:31.984 19301-19301 UnifiedDetailLoader     com.fishit.player.v2                 I  loadDetailDeduped: completed in 827ms for vod:791354 hasData=true
2026-02-10 13:38:31.986 19301-19301 ApiPriority             com.fishit.player.v2                 D  ⬇️ HIGH_PRIORITY ended: DetailLoad:vod:791354 (active=0)
2026-02-10 13:38:31.989 19301-19301 UnifiedDetailVM         com.fishit.player.v2                 D  applyVodBundle: vodId=791354 containerExtension=mkv
2026-02-10 13:38:31.991 19301-19301 UnifiedDetailVM         com.fishit.player.v2                 I  loadDetailWithUnifiedLoader: completed in 833ms type=Vod
2026-02-10 13:38:32.035 19301-19301 ViewRootIm...nActivity] com.fishit.player.v2                 I  ViewPostIme pointer 0
2026-02-10 13:38:32.064 19301-19301 ViewRootIm...nActivity] com.fishit.player.v2                 I  ViewPostIme pointer 1
2026-02-10 13:38:32.066 19301-19301 UnifiedDetailVM         com.fishit.player.v2                 D  play: canonicalId=movie:heuristic:schwarzeschafe-2025 sourceKey=src:xtream:xtream:Christoph10@konigtv.com:xtream:vod:791354 missingHints=[]
2026-02-10 13:38:32.109 19301-19301 PlayerNavViewModel      com.fishit.player.v2                 D  Using pending playback: movie:heuristic:schwarzeschafe-2025
2026-02-10 13:38:32.153 19301-19301 PlayerUiViewModel       com.fishit.player.v2                 D  player.ui.start.requested: canonicalId=movie:heuristic:schwarzeschafe-2025
2026-02-10 13:38:32.154 19301-19301 InternalPlayerEntryImpl com.fishit.player.v2                 D  Starting playback: movie:heuristic:schwarzeschafe-2025
2026-02-10 13:38:32.160 19301-19301 SubtitleTrackManager    com.fishit.player.v2                 D  Detached from player
2026-02-10 13:38:32.160 19301-19301 AudioTrackManager       com.fishit.player.v2                 D  Detached from player
2026-02-10 13:38:32.160 19301-19301 InternalPlayerSession   com.fishit.player.v2                 D  Initializing playback: movie:heuristic:schwarzeschafe-2025
2026-02-10 13:38:32.179 19301-19301 PlaybackSourceResolver  com.fishit.player.v2                 D  Resolving source for: movie:heuristic:schwarzeschafe-2025 (XTREAM)
2026-02-10 13:38:32.180 19301-19301 PlaybackSourceResolver  com.fishit.player.v2                 D  Using factory: XtreamPlaybackSourceFactoryImpl
2026-02-10 13:38:32.181 19301-19301 XtreamPlaybackFactory   com.fishit.player.v2                 D  Creating source for: movie:heuristic:schwarzeschafe-2025
2026-02-10 13:38:32.181 19301-19301 XtreamPlaybackFactory   com.fishit.player.v2                 D  resolveOutputExtension: contentType=vod, containerExt=mkv, hasNewKey=true, hasLegacyKey=false
2026-02-10 13:38:32.181 19301-19301 XtreamPlaybackFactory   com.fishit.player.v2                 I  vod: Using file containerExtension: mkv (SSOT)
2026-02-10 13:38:32.182 19301-19301 XtreamPlaybackFactory   com.fishit.player.v2                 D  Built stream URL for vod content with extension: mkv
2026-02-10 13:38:32.182 19301-19301 PlaybackSourceResolver  com.fishit.player.v2                 D  Selected dataSourceType=XTREAM_HTTP for canonicalId=movie:heuristic:schwarzeschafe-2025
2026-02-10 13:38:32.183 19301-19301 InternalPlayerSession   com.fishit.player.v2                 D  Source resolved: uri=http://konigtv.com:8080/vod/Christoph10/JQ2rKsQ744/791354.mkv, mimeType=video/x-matroska, headers=[User-Agent, Accept, Accept-Encoding, Icy-MetaData, Referer], dataSourceType=XTREAM_HTTP
2026-02-10 13:38:32.192 19301-19301 InternalPlayerSession   com.fishit.player.v2                 D  Set MediaItem MIME type: video/x-matroska
2026-02-10 13:38:32.195 19301-19301 InternalPlayerSession   com.fishit.player.v2                 D  Using Xtream HTTP DataSource = OkHttpDataSource.Factory (redirect-safe)
2026-02-10 13:38:32.201 19301-19301 NextlibCodecs           com.fishit.player.v2                 I  Creating NextLib FFmpeg renderers factory
2026-02-10 13:38:32.204 19301-19301 NextlibCodecs           com.fishit.player.v2                 D  NextRenderersFactory configured with FFmpeg decoders for: Audio(Vorbis, Opus, FLAC, ALAC, MP3, AAC, AC3, EAC3, DTS, TrueHD), Video(H.264, HEVC, VP8, VP9)
2026-02-10 13:38:32.205 19301-19301 InternalPlayerSession   com.fishit.player.v2                 I  SIP using NextLib NextRenderersFactory for FFmpeg codecs
2026-02-10 13:38:32.218 19301-19301 ExoPlayerImpl           com.fishit.player.v2                 I  Init 73e801f [AndroidXMedia3/1.8.0] [o1s, SM-G991B, samsung, 34]
2026-02-10 13:38:32.246 19301-19301 ishit.player.v2         com.fishit.player.v2                 W  Accessing hidden method Landroid/media/AudioTrack;->getLatency()I (unsupported, reflection, allowed)
2026-02-10 13:38:32.306 19301-19301 SubtitleTrackManager    com.fishit.player.v2                 I  Discovered 0 subtitle tracks
2026-02-10 13:38:32.306 19301-19301 SubtitleTrackManager    com.fishit.player.v2                 D  Attached to player
2026-02-10 13:38:32.307 19301-19301 AudioTrackManager       com.fishit.player.v2                 I  Discovered 0 audio tracks
2026-02-10 13:38:32.307 19301-19301 AudioTrackManager       com.fishit.player.v2                 D  Attached to player (preferredLang=null, surround=true)
2026-02-10 13:38:32.308 19301-19301 InternalPlayerEntryImpl com.fishit.player.v2                 D  Playback started: movie:heuristic:schwarzeschafe-2025
2026-02-10 13:38:32.308 19301-19301 PlayerUiViewModel       com.fishit.player.v2                 D  player.ui.start.succeeded: canonicalId=movie:heuristic:schwarzeschafe-2025
2026-02-10 13:38:32.324 19301-22464 XtreamHttpDataSource    com.fishit.player.v2                 D  Chucker not available (disabled via compile-time gating)
2026-02-10 13:38:32.355 19301-20186 TrafficStats            com.fishit.player.v2                 D  tagSocket(227) with statsTag=0xffffffff, statsUid=-1
2026-02-10 13:38:32.425 19301-19301 Compatibil...geReporter com.fishit.player.v2                 D  Compat change id reported: 210923482; UID 10515; state: ENABLED
2026-02-10 13:38:32.428 19301-19301 SurfaceView@9ef08b1     com.fishit.player.v2                 D  166660273 updateSurface: has no frame
2026-02-10 13:38:32.512 19301-22466 XtreamHttpDataSource    com.fishit.player.v2                 D  → Xtream HTTP request: GET http://konigtv.com/vod/Christoph10/JQ2rKsQ744/791354.mkv
2026-02-10 13:38:32.527 19301-19301 SurfaceView@9ef08b1     com.fishit.player.v2                 I  onWindowVisibilityChanged(0) true android.view.SurfaceView{9ef08b1 V.E...... ......I. 0,0-0,0} of ViewRootImpl@e8a5216[MainActivity]
2026-02-10 13:38:32.527 19301-19301 SurfaceView@9ef08b1     com.fishit.player.v2                 D  166660273 updateSurface: has no frame
2026-02-10 13:38:32.532 19301-19301 AnimatorSet             com.fishit.player.v2                 D  mReversing is false. Don't call initChildren.
2026-02-10 13:38:32.533 19301-19301 AnimatorSet             com.fishit.player.v2                 D  mReversing is false. Don't call initChildren.
2026-02-10 13:38:32.611 19301-19301 BLASTBufferQueue_Java   com.fishit.player.v2                 I  update, w= 1080 h= 2400 mName = ViewRootImpl@e8a5216[MainActivity] mNativeObject= 0xb4000075006ba0f0 sc.mNativeObject= 0xb4000072e069f4d0 format= -3 caller= android.view.ViewRootImpl.updateBlastSurfaceIfNeeded:3017 android.view.ViewRootImpl.relayoutWindow:10131 android.view.ViewRootImpl.performTraversals:4110 android.view.ViewRootImpl.doTraversal:3288 android.view.ViewRootImpl$TraversalRunnable.run:11344 android.view.Choreographer$CallbackRecord.run:1689
2026-02-10 13:38:32.611 19301-19301 ViewRootIm...nActivity] com.fishit.player.v2                 I  Relayout returned: old=(0,0,1080,2400) new=(0,0,1080,2400) relayoutAsync=true req=(1080,2400)0 dur=0 res=0x0 s={true 0xb4000074206da9d0} ch=false seqId=0
2026-02-10 13:38:32.616 19301-19301 SurfaceView@9ef08b1     com.fishit.player.v2                 D  166660273 updateSurface: has no frame
2026-02-10 13:38:32.621 19301-19301 SurfaceView             com.fishit.player.v2                 I  166660273 Changes: creating=true format=true size=true visible=true alpha=false hint=false visible=true left=true top=true z=false attached=true lifecycleStrategy=true
2026-02-10 13:38:32.624 19301-19301 BLASTBufferQueue_Java   com.fishit.player.v2                 I  update, w= 1080 h= 2400 mName = null mNativeObject= 0xb4000075006d75b0 sc.mNativeObject= 0xb4000072e06b0990 format= 4 caller= android.view.SurfaceView.createBlastSurfaceControls:1517 android.view.SurfaceView.updateSurface:1193 android.view.SurfaceView.lambda$new$0:258 android.view.SurfaceView.$r8$lambda$cm3nmzErr-srXoT_KjIYQgdhFN0:0 android.view.SurfaceView$$ExternalSyntheticLambda2.onPreDraw:2 android.view.ViewTreeObserver.dispatchOnPreDraw:1204
2026-02-10 13:38:32.624 19301-19301 SurfaceView@9ef08b1     com.fishit.player.v2                 I  166660273 Cur surface: Surface(name=null)/@0x26ef020
2026-02-10 13:38:32.625 19301-19301 SurfaceView@9ef08b1     com.fishit.player.v2                 I  pST: sr = Rect(0, 0 - 1080, 2400) sw = 1080 sh = 2400
2026-02-10 13:38:32.625 19301-19301 SurfaceView@9ef08b1     com.fishit.player.v2                 D  166660273 performSurfaceTransaction RenderWorker position = [0, 0, 1080, 2400] surfaceSize = 1080x2400
2026-02-10 13:38:32.625 19301-19301 SurfaceView@9ef08b1     com.fishit.player.v2                 I  updateSurface: mVisible = true mSurface.isValid() = true
2026-02-10 13:38:32.625 19301-19301 SurfaceView@9ef08b1     com.fishit.player.v2                 I  updateSurface: mSurfaceCreated = false surfaceChanged = true visibleChanged = true
2026-02-10 13:38:32.625 19301-19301 SurfaceView             com.fishit.player.v2                 I  166660273 visibleChanged -- surfaceCreated
2026-02-10 13:38:32.625 19301-19301 SurfaceView@9ef08b1     com.fishit.player.v2                 I  surfaceCreated 1 #8 android.view.SurfaceView{9ef08b1 V.E...... ......ID 0,0-1080,2400}
2026-02-10 13:38:32.626 19301-19301 SurfaceView             com.fishit.player.v2                 I  166660273 surfaceChanged -- format=4 w=1080 h=2400
2026-02-10 13:38:32.626 19301-19301 SurfaceView@9ef08b1     com.fishit.player.v2                 I  surfaceChanged (1080,2400) 1 #8 android.view.SurfaceView{9ef08b1 V.E...... ......ID 0,0-1080,2400}
2026-02-10 13:38:32.626 19301-19301 SurfaceView             com.fishit.player.v2                 I  166660273 surfaceRedrawNeeded
2026-02-10 13:38:32.627 19301-19301 SurfaceView             com.fishit.player.v2                 I  166660273 finishedDrawing
2026-02-10 13:38:32.627 19301-19301 SurfaceView@9ef08b1     com.fishit.player.v2                 V  Layout: x=0 y=0 w=1080 h=2400, frame=Rect(0, 0 - 1080, 2400)
2026-02-10 13:38:32.627 19301-19301 ViewRootIm...nActivity] com.fishit.player.v2                 I  registerCallbackForPendingTransactions
2026-02-10 13:38:32.629 19301-22466 XtreamHttpDataSource    com.fishit.player.v2                 W  ← Xtream HTTP error: 404 Not Found
2026-02-10 13:38:32.640 19301-19624 SurfaceView             com.fishit.player.v2                 D  166660273 updateSurfacePosition RenderWorker, frameNr = 491, position = [0, 0, 1080, 2400] surfaceSize = 1080x2400
2026-02-10 13:38:32.641 19301-19624 SurfaceView@9ef08b1     com.fishit.player.v2                 I  uSP: rtp = Rect(0, 0 - 1080, 2400) rtsw = 1080 rtsh = 2400
2026-02-10 13:38:32.641 19301-19624 SurfaceView@9ef08b1     com.fishit.player.v2                 I  onSSPAndSRT: pl = 0 pt = 0 sx = 1.0 sy = 1.0
