2026-01-30 09:06:10.521 30107-30173 XTC                     com.fishit.player.v2                 D  [LIVE] DTO→Raw #3000 | id=xtream:live:143675 | title="DE: Bad Blood 24/7" | sourceType=XTREAM | Fields: ✓[poster] ✗[year, plot, cast, director, backdrop, duration, tmdb]
2026-01-30 09:06:10.717 30107-30117 ishit.player.v2         com.fishit.player.v2                 I  Background young concurrent copying GC freed 1319531(37MB) AllocSpace objects, 4(84KB) LOS objects, 0% free, 116MB/116MB, paused 156us,236us total 184.464ms
2026-01-30 09:06:11.033 30107-30117 ishit.player.v2         com.fishit.player.v2                 I  Background concurrent copying GC freed 2285021(73MB) AllocSpace objects, 3(80KB) LOS objects, 17% free, 110MB/134MB, paused 367us,137us total 316.678ms
2026-01-30 09:06:11.241 30107-30117 ishit.player.v2         com.fishit.player.v2                 I  Background young concurrent copying GC freed 1868263(57MB) AllocSpace objects, 0(0B) LOS objects, 19% free, 97MB/121MB, paused 113us,99us total 104.023ms
2026-01-30 09:06:11.265 30107-30171 CatalogSyncService      com.fishit.player.v2                 D  Xtream live batch complete (NX): ingested=94 total_ms=813
2026-01-30 09:06:11.265 30107-30171 CatalogSyncService      com.fishit.player.v2                 D  Time-based flush LIVE: 94 items in 813ms
2026-01-30 09:06:11.610 30107-30117 ishit.player.v2         com.fishit.player.v2                 I  Background concurrent copying GC freed 2473449(79MB) AllocSpace objects, 0(0B) LOS objects, 19% free, 98MB/122MB, paused 207us,183us total 261.956ms
2026-01-30 09:06:11.667 30107-30174 SyncBatchManager        com.fishit.player.v2                 D  Time-based flush for LIVE: 190 items after 1215ms
2026-01-30 09:06:11.668 30107-30174 SyncBatchManager        com.fishit.player.v2                 D  Flushing LIVE batch: 190 items (timeBased=true)
2026-01-30 09:06:11.668 30107-30174 CatalogSyncService      com.fishit.player.v2                 D  Persisting Xtream live batch (NX-ONLY): 190 items
2026-01-30 09:06:11.820 30107-30117 ishit.player.v2         com.fishit.player.v2                 I  Background young concurrent copying GC freed 1589576(48MB) AllocSpace objects, 0(0B) LOS objects, 20% free, 94MB/118MB, paused 130us,168us total 111.581ms
2026-01-30 09:06:12.125 30107-30117 ishit.player.v2         com.fishit.player.v2                 I  Background concurrent copying GC freed 2046053(65MB) AllocSpace objects, 0(0B) LOS objects, 20% free, 93MB/117MB, paused 133us,78us total 203.410ms
2026-01-30 09:06:12.412 30107-30117 ishit.player.v2         com.fishit.player.v2                 I  Background young concurrent copying GC freed 1320350(37MB) AllocSpace objects, 0(0B) LOS objects, 0% free, 119MB/119MB, paused 76us,176us total 184.693ms
2026-01-30 09:06:12.583 30107-30117 ishit.player.v2         com.fishit.player.v2                 I  Background concurrent copying GC freed 1906977(62MB) AllocSpace objects, 0(0B) LOS objects, 20% free, 93MB/117MB, paused 98us,105us total 170.243ms
2026-01-30 09:06:12.833 30107-30117 ishit.player.v2         com.fishit.player.v2                 I  Background young concurrent copying GC freed 1185567(33MB) AllocSpace objects, 0(0B) LOS objects, 2% free, 113MB/117MB, paused 58us,110us total 150.185ms
2026-01-30 09:06:13.173 30107-30117 ishit.player.v2         com.fishit.player.v2                 I  Background young concurrent copying GC freed 968331(28MB) AllocSpace objects, 0(0B) LOS objects, 1% free, 107MB/108MB, paused 390us,79us total 142.720ms
2026-01-30 09:06:13.191 30107-30107 ViewRootIm...nActivity] com.fishit.player.v2                 I  ViewPostIme pointer 0
2026-01-30 09:06:13.257 30107-30107 ViewRootIm...nActivity] com.fishit.player.v2                 I  ViewPostIme pointer 1
2026-01-30 09:06:13.259 30107-30107 UnifiedDetailVM         com.fishit.player.v2                 D  play: canonicalId=movie:ella-mccay:2025 sourceKey=src:xtream:xtream:xtream:vod:xtream:vod:804345 missingHints=[]
2026-01-30 09:06:13.310 30107-30117 ishit.player.v2         com.fishit.player.v2                 I  Background concurrent copying GC freed 1464643(47MB) AllocSpace objects, 0(0B) LOS objects, 21% free, 87MB/111MB, paused 83us,58us total 132.051ms
2026-01-30 09:06:13.312 30107-30107 PlayerNavViewModel      com.fishit.player.v2                 D  Using pending playback: movie:ella-mccay:2025
2026-01-30 09:06:13.353 30107-30107 PlayerUiViewModel       com.fishit.player.v2                 D  player.ui.start.requested: canonicalId=movie:ella-mccay:2025
2026-01-30 09:06:13.354 30107-30107 InternalPlayerEntryImpl com.fishit.player.v2                 D  Starting playback: movie:ella-mccay:2025
2026-01-30 09:06:13.354 30107-30107 InternalPlayerEntryImpl com.fishit.player.v2                 D  Stopping previous session
2026-01-30 09:06:13.354 30107-30107 SubtitleTrackManager    com.fishit.player.v2                 D  Detached from player
2026-01-30 09:06:13.355 30107-30107 AudioTrackManager       com.fishit.player.v2                 D  Detached from player
2026-01-30 09:06:13.355 30107-30107 ExoPlayerImpl           com.fishit.player.v2                 I  Release 56c42b6 [AndroidXMedia3/1.8.0] [o1s, SM-G991B, samsung, 34] [media3.common, media3.exoplayer, media3.decoder, media3.datasource.okhttp, media3.datasource, media3.ui, media3.extractor]
2026-01-30 09:06:13.355 30107-30665 CCodec                  com.fishit.player.v2                 I  [c2.exynos.h264.decoder] state->set(FLUSHING)
2026-01-30 09:06:13.356 30107-30666 CCodec                  com.fishit.player.v2                 I  [c2.exynos.h264.decoder] state->set(FLUSHED)
2026-01-30 09:06:13.356 30107-30642 MediaCodec              com.fishit.player.v2                 D  keep callback message for reclaim
2026-01-30 09:06:13.356 30107-30665 CCodec                  com.fishit.player.v2                 I  [c2.exynos.h264.decoder] state->set(RESUMING)
2026-01-30 09:06:13.357 30107-30665 CCodecConfig            com.fishit.player.v2                 I  query failed after returning 14 values (BAD_INDEX)
2026-01-30 09:06:13.358 30107-30665 BufferPoolAccessor2.0   com.fishit.player.v2                 D  bufferpool2 0xb400007964eafff8 : 1(7340032 size) total buffers - 1(7340032 size) used buffers - 693/699 (recycle/alloc) - 8/698 (fetch/transfer)
2026-01-30 09:06:13.361 30107-30173 CatalogSyncService      com.fishit.player.v2                 D  Xtream live batch complete (NX): ingested=190 total_ms=1693
2026-01-30 09:06:13.361 30107-30173 CatalogSyncService      com.fishit.player.v2                 D  Time-based flush LIVE: 190 items in 1693ms
2026-01-30 09:06:13.373 30107-30665 CCodecBufferChannel     com.fishit.player.v2                 I  [c2.exynos.h264.decoder#182] 4 initial input buffers available
2026-01-30 09:06:13.373 30107-30665 Codec2Client            com.fishit.player.v2                 W  query -- param skipped: index = 1073743886.
2026-01-30 09:06:13.373 30107-30665 Codec2Client            com.fishit.player.v2                 W  query -- param skipped: index = 1610614798.
2026-01-30 09:06:13.373 30107-30665 Codec2Client            com.fishit.player.v2                 W  query -- param skipped: index = 1610614821.
2026-01-30 09:06:13.373 30107-30665 CCodec                  com.fishit.player.v2                 I  [c2.exynos.h264.decoder] state->set(RUNNING)
2026-01-30 09:06:13.375 30107-30682 CCodec                  com.fishit.player.v2                 I  [c2.android.aac.decoder] state->set(FLUSHING)
2026-01-30 09:06:13.376 30107-30682 CCodec                  com.fishit.player.v2                 I  [c2.android.aac.decoder] state->set(FLUSHED)
2026-01-30 09:06:13.376 30107-30682 CCodecBuffers           com.fishit.player.v2                 D  [c2.android.aac.decoder#417:1D-Output.Impl[N]] Client returned a buffer it does not own according to our record: 0
2026-01-30 09:06:13.377 30107-30642 MediaCodec              com.fishit.player.v2                 D  keep callback message for reclaim
2026-01-30 09:06:13.377 30107-30682 CCodec                  com.fishit.player.v2                 I  [c2.android.aac.decoder] state->set(RESUMING)
2026-01-30 09:06:13.377 30107-30682 CCodecConfig            com.fishit.player.v2                 I  query failed after returning 20 values (BAD_INDEX)
2026-01-30 09:06:13.377 30107-30682 BufferPoolAccessor2.0   com.fishit.player.v2                 D  bufferpool2 0xb400007964ec3828 : 1(8192 size) total buffers - 1(8192 size) used buffers - 608/614 (recycle/alloc) - 5/613 (fetch/transfer)
2026-01-30 09:06:13.379 30107-30682 CCodecBufferChannel     com.fishit.player.v2                 I  [c2.android.aac.decoder#417] 4 initial input buffers available
2026-01-30 09:06:13.379 30107-30682 Codec2Client            com.fishit.player.v2                 W  query -- param skipped: index = 1342179345.
2026-01-30 09:06:13.379 30107-30682 Codec2Client            com.fishit.player.v2                 W  query -- param skipped: index = 2415921170.
2026-01-30 09:06:13.379 30107-30682 Codec2Client            com.fishit.player.v2                 W  query -- param skipped: index = 1610614798.
2026-01-30 09:06:13.379 30107-30682 CCodec                  com.fishit.player.v2                 I  [c2.android.aac.decoder] state->set(RUNNING)
2026-01-30 09:06:13.384 30107-30665 SurfaceUtils            com.fishit.player.v2                 D  connecting to surface 0xb400007994f0a280, reason connectToSurface
2026-01-30 09:06:13.384 30107-30665 MediaCodec              com.fishit.player.v2                 I  [c2.exynos.h264.decoder] setting surface generation to 30829571
2026-01-30 09:06:13.384 30107-30665 SurfaceUtils            com.fishit.player.v2                 D  disconnecting from surface 0xb400007994f0a280, reason connectToSurface(reconnect)
2026-01-30 09:06:13.384 30107-30665 SurfaceUtils            com.fishit.player.v2                 D  connecting to surface 0xb400007994f0a280, reason connectToSurface(reconnect)
2026-01-30 09:06:13.384 30107-30665 Codec2-Out...ufferQueue com.fishit.player.v2                 D  remote graphic buffer migration 0/0
2026-01-30 09:06:13.384 30107-30665 Codec2Client            com.fishit.player.v2                 D  setOutputSurface -- failed to set consumer usage (6/BAD_INDEX)
2026-01-30 09:06:13.384 30107-30665 Codec2Client            com.fishit.player.v2                 D  setOutputSurface -- generation=30829571 consumer usage=0x900
2026-01-30 09:06:13.387 30107-30665 BufferQueueProducer     com.fishit.player.v2                 W  [SurfaceTexture-1-30107-0](id:759b00000002,api:3,p:30107,c:30107) detachBuffer: slot 2 is not owned by the producer (state = FREE)
2026-01-30 09:06:13.388 30107-30665 BufferQueueProducer     com.fishit.player.v2                 W  [SurfaceTexture-1-30107-0](id:759b00000002,api:3,p:30107,c:30107) detachBuffer: slot 3 is not owned by the producer (state = FREE)
2026-01-30 09:06:13.389 30107-30665 BufferQueueProducer     com.fishit.player.v2                 W  [SurfaceTexture-1-30107-0](id:759b00000002,api:3,p:30107,c:30107) detachBuffer: slot 9 is not owned by the producer (state = FREE)
2026-01-30 09:06:13.390 30107-30665 BufferQueueProducer     com.fishit.player.v2                 W  [SurfaceTexture-1-30107-0](id:759b00000002,api:3,p:30107,c:30107) detachBuffer: slot 10 is not owned by the producer (state = FREE)
2026-01-30 09:06:13.390 30107-30665 BufferQueueProducer     com.fishit.player.v2                 W  [SurfaceTexture-1-30107-0](id:759b00000002,api:3,p:30107,c:30107) detachBuffer: slot 12 is not owned by the producer (state = FREE)
2026-01-30 09:06:13.390 30107-30665 BufferQueueProducer     com.fishit.player.v2                 W  [SurfaceTexture-1-30107-0](id:759b00000002,api:3,p:30107,c:30107) detachBuffer: slot 13 is not owned by the producer (state = FREE)
2026-01-30 09:06:13.390 30107-30665 BufferQueueProducer     com.fishit.player.v2                 W  [SurfaceTexture-1-30107-0](id:759b00000002,api:3,p:30107,c:30107) detachBuffer: slot 14 is not owned by the producer (state = FREE)
2026-01-30 09:06:13.391 30107-30665 BufferQueueProducer     com.fishit.player.v2                 W  [SurfaceTexture-1-30107-0](id:759b00000002,api:3,p:30107,c:30107) detachBuffer: slot 15 is not owned by the producer (state = FREE)
2026-01-30 09:06:13.391 30107-30665 BufferQueueProducer     com.fishit.player.v2                 W  [SurfaceTexture-1-30107-0](id:759b00000002,api:3,p:30107,c:30107) detachBuffer: slot 16 is not owned by the producer (state = FREE)
2026-01-30 09:06:13.391 30107-30665 BufferQueueProducer     com.fishit.player.v2                 W  [SurfaceTexture-1-30107-0](id:759b00000002,api:3,p:30107,c:30107) detachBuffer: slot 17 is not owned by the producer (state = FREE)
2026-01-30 09:06:13.391 30107-30665 BufferQueueProducer     com.fishit.player.v2                 W  [SurfaceTexture-1-30107-0](id:759b00000002,api:3,p:30107,c:30107) detachBuffer: slot 18 is not owned by the producer (state = FREE)
2026-01-30 09:06:13.391 30107-30665 BufferQueueProducer     com.fishit.player.v2                 W  [SurfaceTexture-1-30107-0](id:759b00000002,api:3,p:30107,c:30107) detachBuffer: slot 19 is not owned by the producer (state = FREE)
2026-01-30 09:06:13.391 30107-30665 BufferQueueProducer     com.fishit.player.v2                 W  [SurfaceTexture-1-30107-0](id:759b00000002,api:3,p:30107,c:30107) detachBuffer: slot 20 is not owned by the producer (state = FREE)
2026-01-30 09:06:13.391 30107-30665 BufferQueueProducer     com.fishit.player.v2                 W  [SurfaceTexture-1-30107-0](id:759b00000002,api:3,p:30107,c:30107) detachBuffer: slot 21 is not owned by the producer (state = FREE)
2026-01-30 09:06:13.391 30107-30665 BufferQueueProducer     com.fishit.player.v2                 W  [SurfaceTexture-1-30107-0](id:759b00000002,api:3,p:30107,c:30107) detachBuffer: slot 22 is not owned by the producer (state = FREE)
2026-01-30 09:06:13.392 30107-30665 BufferQueueProducer     com.fishit.player.v2                 W  [SurfaceTexture-1-30107-0](id:759b00000002,api:3,p:30107,c:30107) detachBuffer: slot 23 is not owned by the producer (state = FREE)
2026-01-30 09:06:13.392 30107-30665 BufferQueueProducer     com.fishit.player.v2                 W  [SurfaceTexture-1-30107-0](id:759b00000002,api:3,p:30107,c:30107) detachBuffer: slot 24 is not owned by the producer (state = FREE)
2026-01-30 09:06:13.392 30107-30665 BufferQueueProducer     com.fishit.player.v2                 W  [SurfaceTexture-1-30107-0](id:759b00000002,api:3,p:30107,c:30107) detachBuffer: slot 25 is not owned by the producer (state = FREE)
2026-01-30 09:06:13.392 30107-30665 BufferQueueProducer     com.fishit.player.v2                 W  [SurfaceTexture-1-30107-0](id:759b00000002,api:3,p:30107,c:30107) detachBuffer: slot 26 is not owned by the producer (state = FREE)
2026-01-30 09:06:13.392 30107-30665 BufferQueueProducer     com.fishit.player.v2                 W  [SurfaceTexture-1-30107-0](id:759b00000002,api:3,p:30107,c:30107) detachBuffer: slot 27 is not owned by the producer (state = FREE)
2026-01-30 09:06:13.392 30107-30665 BufferQueueProducer     com.fishit.player.v2                 W  [SurfaceTexture-1-30107-0](id:759b00000002,api:3,p:30107,c:30107) detachBuffer: slot 28 is not owned by the producer (state = FREE)
2026-01-30 09:06:13.392 30107-30665 BufferQueueProducer     com.fishit.player.v2                 W  [SurfaceTexture-1-30107-0](id:759b00000002,api:3,p:30107,c:30107) detachBuffer: slot 29 is not owned by the producer (state = FREE)
2026-01-30 09:06:13.393 30107-30665 BufferQueueProducer     com.fishit.player.v2                 W  [SurfaceTexture-1-30107-0](id:759b00000002,api:3,p:30107,c:30107) detachBuffer: slot 30 is not owned by the producer (state = FREE)
2026-01-30 09:06:13.393 30107-30665 BufferQueueProducer     com.fishit.player.v2                 W  [SurfaceTexture-1-30107-0](id:759b00000002,api:3,p:30107,c:30107) detachBuffer: slot 31 is not owned by the producer (state = FREE)
2026-01-30 09:06:13.393 30107-30665 BufferQueueProducer     com.fishit.player.v2                 W  [SurfaceTexture-1-30107-0](id:759b00000002,api:3,p:30107,c:30107) detachBuffer: slot 32 is not owned by the producer (state = FREE)
2026-01-30 09:06:13.393 30107-30665 BufferQueueProducer     com.fishit.player.v2                 W  [SurfaceTexture-1-30107-0](id:759b00000002,api:3,p:30107,c:30107) detachBuffer: slot 33 is not owned by the producer (state = FREE)
2026-01-30 09:06:13.393 30107-30665 BufferQueueProducer     com.fishit.player.v2                 W  [SurfaceTexture-1-30107-0](id:759b00000002,api:3,p:30107,c:30107) detachBuffer: slot 34 is not owned by the producer (state = FREE)
2026-01-30 09:06:13.393 30107-30665 BufferQueueProducer     com.fishit.player.v2                 W  [SurfaceTexture-1-30107-0](id:759b00000002,api:3,p:30107,c:30107) detachBuffer: slot 35 is not owned by the producer (state = FREE)
2026-01-30 09:06:13.393 30107-30665 BufferQueueProducer     com.fishit.player.v2                 W  [SurfaceTexture-1-30107-0](id:759b00000002,api:3,p:30107,c:30107) detachBuffer: slot 36 is not owned by the producer (state = FREE)
2026-01-30 09:06:13.393 30107-30665 BufferQueueProducer     com.fishit.player.v2                 W  [SurfaceTexture-1-30107-0](id:759b00000002,api:3,p:30107,c:30107) detachBuffer: slot 37 is not owned by the producer (state = FREE)
2026-01-30 09:06:13.393 30107-30665 BufferQueueProducer     com.fishit.player.v2                 W  [SurfaceTexture-1-30107-0](id:759b00000002,api:3,p:30107,c:30107) detachBuffer: slot 38 is not owned by the producer (state = FREE)
2026-01-30 09:06:13.393 30107-30665 BufferQueueProducer     com.fishit.player.v2                 W  [SurfaceTexture-1-30107-0](id:759b00000002,api:3,p:30107,c:30107) detachBuffer: slot 39 is not owned by the producer (state = FREE)
2026-01-30 09:06:13.393 30107-30665 BufferQueueProducer     com.fishit.player.v2                 W  [SurfaceTexture-1-30107-0](id:759b00000002,api:3,p:30107,c:30107) detachBuffer: slot 40 is not owned by the producer (state = FREE)
2026-01-30 09:06:13.394 30107-30665 BufferQueueProducer     com.fishit.player.v2                 W  [SurfaceTexture-1-30107-0](id:759b00000002,api:3,p:30107,c:30107) detachBuffer: slot 41 is not owned by the producer (state = FREE)
2026-01-30 09:06:13.394 30107-30665 BufferQueueProducer     com.fishit.player.v2                 W  [SurfaceTexture-1-30107-0](id:759b00000002,api:3,p:30107,c:30107) detachBuffer: slot 42 is not owned by the producer (state = FREE)
2026-01-30 09:06:13.394 30107-30665 BufferQueueProducer     com.fishit.player.v2                 W  [SurfaceTexture-1-30107-0](id:759b00000002,api:3,p:30107,c:30107) detachBuffer: slot 43 is not owned by the producer (state = FREE)
2026-01-30 09:06:13.394 30107-30665 BufferQueueProducer     com.fishit.player.v2                 W  [SurfaceTexture-1-30107-0](id:759b00000002,api:3,p:30107,c:30107) detachBuffer: slot 44 is not owned by the producer (state = FREE)
2026-01-30 09:06:13.394 30107-30665 BufferQueueProducer     com.fishit.player.v2                 W  [SurfaceTexture-1-30107-0](id:759b00000002,api:3,p:30107,c:30107) detachBuffer: slot 45 is not owned by the producer (state = FREE)
2026-01-30 09:06:13.394 30107-30665 BufferQueueProducer     com.fishit.player.v2                 W  [SurfaceTexture-1-30107-0](id:759b00000002,api:3,p:30107,c:30107) detachBuffer: slot 46 is not owned by the producer (state = FREE)
2026-01-30 09:06:13.394 30107-30665 BufferQueueProducer     com.fishit.player.v2                 W  [SurfaceTexture-1-30107-0](id:759b00000002,api:3,p:30107,c:30107) detachBuffer: slot 47 is not owned by the producer (state = FREE)
2026-01-30 09:06:13.394 30107-30665 BufferQueueProducer     com.fishit.player.v2                 W  [SurfaceTexture-1-30107-0](id:759b00000002,api:3,p:30107,c:30107) detachBuffer: slot 48 is not owned by the producer (state = FREE)
2026-01-30 09:06:13.394 30107-30665 BufferQueueProducer     com.fishit.player.v2                 W  [SurfaceTexture-1-30107-0](id:759b00000002,api:3,p:30107,c:30107) detachBuffer: slot 49 is not owned by the producer (state = FREE)
2026-01-30 09:06:13.394 30107-30665 BufferQueueProducer     com.fishit.player.v2                 W  [SurfaceTexture-1-30107-0](id:759b00000002,api:3,p:30107,c:30107) detachBuffer: slot 50 is not owned by the producer (state = FREE)
2026-01-30 09:06:13.397 30107-30665 BufferQueueProducer     com.fishit.player.v2                 W  [SurfaceTexture-1-30107-0](id:759b00000002,api:3,p:30107,c:30107) detachBuffer: slot 51 is not owned by the producer (state = FREE)
2026-01-30 09:06:13.397 30107-30665 BufferQueueProducer     com.fishit.player.v2                 W  [SurfaceTexture-1-30107-0](id:759b00000002,api:3,p:30107,c:30107) detachBuffer: slot 52 is not owned by the producer (state = FREE)
2026-01-30 09:06:13.399 30107-30665 BufferQueueProducer     com.fishit.player.v2                 W  [SurfaceTexture-1-30107-0](id:759b00000002,api:3,p:30107,c:30107) detachBuffer: slot 53 is not owned by the producer (state = FREE)
2026-01-30 09:06:13.399 30107-30665 BufferQueueProducer     com.fishit.player.v2                 W  [SurfaceTexture-1-30107-0](id:759b00000002,api:3,p:30107,c:30107) detachBuffer: slot 54 is not owned by the producer (state = FREE)
2026-01-30 09:06:13.399 30107-30665 BufferQueueProducer     com.fishit.player.v2                 W  [SurfaceTexture-1-30107-0](id:759b00000002,api:3,p:30107,c:30107) detachBuffer: slot 55 is not owned by the producer (state = FREE)
2026-01-30 09:06:13.400 30107-30665 BufferQueueProducer     com.fishit.player.v2                 W  [SurfaceTexture-1-30107-0](id:759b00000002,api:3,p:30107,c:30107) detachBuffer: slot 56 is not owned by the producer (state = FREE)
2026-01-30 09:06:13.400 30107-30665 BufferQueueProducer     com.fishit.player.v2                 W  [SurfaceTexture-1-30107-0](id:759b00000002,api:3,p:30107,c:30107) detachBuffer: slot 57 is not owned by the producer (state = FREE)
2026-01-30 09:06:13.400 30107-30665 BufferQueueProducer     com.fishit.player.v2                 W  [SurfaceTexture-1-30107-0](id:759b00000002,api:3,p:30107,c:30107) detachBuffer: slot 58 is not owned by the producer (state = FREE)
2026-01-30 09:06:13.400 30107-30665 BufferQueueProducer     com.fishit.player.v2                 W  [SurfaceTexture-1-30107-0](id:759b00000002,api:3,p:30107,c:30107) detachBuffer: slot 59 is not owned by the producer (state = FREE)
2026-01-30 09:06:13.400 30107-30665 BufferQueueProducer     com.fishit.player.v2                 W  [SurfaceTexture-1-30107-0](id:759b00000002,api:3,p:30107,c:30107) detachBuffer: slot 60 is not owned by the producer (state = FREE)
2026-01-30 09:06:13.400 30107-30665 BufferQueueProducer     com.fishit.player.v2                 W  [SurfaceTexture-1-30107-0](id:759b00000002,api:3,p:30107,c:30107) detachBuffer: slot 61 is not owned by the producer (state = FREE)
2026-01-30 09:06:13.401 30107-30665 BufferQueueProducer     com.fishit.player.v2                 W  [SurfaceTexture-1-30107-0](id:759b00000002,api:3,p:30107,c:30107) detachBuffer: slot 62 is not owned by the producer (state = FREE)
2026-01-30 09:06:13.401 30107-30665 BufferQueueProducer     com.fishit.player.v2                 W  [SurfaceTexture-1-30107-0](id:759b00000002,api:3,p:30107,c:30107) detachBuffer: slot 63 is not owned by the producer (state = FREE)
2026-01-30 09:06:13.405 30107-30665 Codec2Client            com.fishit.player.v2                 D  Surface configure completed
2026-01-30 09:06:13.405 30107-30665 SurfaceUtils            com.fishit.player.v2                 D  disconnecting from surface 0xb400007994ef6ff0, reason disconnectFromSurface
2026-01-30 09:06:13.406 30107-30665 CCodec                  com.fishit.player.v2                 I  [c2.exynos.h264.decoder] state->set(RELEASING)
2026-01-30 09:06:13.407 30107-30665 CCodecBufferChannel     com.fishit.player.v2                 D  [c2.exynos.h264.decoder#182] MediaCodec discarded an unknown buffer
2026-01-30 09:06:13.407 30107-30665 CCodecBufferChannel     com.fishit.player.v2                 D  [c2.exynos.h264.decoder#182] MediaCodec discarded an unknown buffer
2026-01-30 09:06:13.407 30107-30665 CCodecBufferChannel     com.fishit.player.v2                 D  [c2.exynos.h264.decoder#182] MediaCodec discarded an unknown buffer
2026-01-30 09:06:13.407 30107-30665 CCodecBufferChannel     com.fishit.player.v2                 D  [c2.exynos.h264.decoder#182] MediaCodec discarded an unknown buffer
2026-01-30 09:06:13.410 30107-30682 CCodec                  com.fishit.player.v2                 I  [c2.android.aac.decoder] state->set(RELEASING)
2026-01-30 09:06:13.411 30107-30682 CCodecBufferChannel     com.fishit.player.v2                 D  [c2.android.aac.decoder#417] MediaCodec discarded an unknown buffer
2026-01-30 09:06:13.411 30107-30682 CCodecBufferChannel     com.fishit.player.v2                 D  [c2.android.aac.decoder#417] MediaCodec discarded an unknown buffer
2026-01-30 09:06:13.411 30107-30682 CCodecBufferChannel     com.fishit.player.v2                 D  [c2.android.aac.decoder#417] MediaCodec discarded an unknown buffer
2026-01-30 09:06:13.411 30107-30682 CCodecBufferChannel     com.fishit.player.v2                 D  [c2.android.aac.decoder#417] MediaCodec discarded an unknown buffer
2026-01-30 09:06:13.417 30107-30942 CCodec                  com.fishit.player.v2                 I  [c2.android.aac.decoder] state->set(RELEASED)
2026-01-30 09:06:13.417 30107-30682 hw-BpHwBinder           com.fishit.player.v2                 I  onLastStrongRef automatically unlinking death recipients
2026-01-30 09:06:13.417 30107-30107 SubtitleTrackManager    com.fishit.player.v2                 D  Detached from player
2026-01-30 09:06:13.418 30107-30107 AudioTrackManager       com.fishit.player.v2                 D  Detached from player
2026-01-30 09:06:13.418 30107-30107 InternalPlayerSession   com.fishit.player.v2                 D  Initializing playback: movie:ella-mccay:2025
2026-01-30 09:06:13.419 30107-30682 MediaCodec              com.fishit.player.v2                 I  Codec shutdown complete
2026-01-30 09:06:13.419 30107-30682 MediaCodec              com.fishit.player.v2                 D  flushMediametrics
2026-01-30 09:06:13.419 30107-30682 MediaCodec              com.fishit.player.v2                 D  flushMediametrics
2026-01-30 09:06:13.419 30107-30682 MediaCodec              com.fishit.player.v2                 W  no metrics handle found
2026-01-30 09:06:13.430 30107-30941 BufferQueueProducer     com.fishit.player.v2                 W  [MediaCodec.release](id:759b00000003,api:3,p:30107,c:30107) detachBuffer: slot 0 is not owned by the producer (state = FREE)
2026-01-30 09:06:13.430 30107-30941 BufferQueueProducer     com.fishit.player.v2                 W  [MediaCodec.release](id:759b00000003,api:3,p:30107,c:30107) detachBuffer: slot 1 is not owned by the producer (state = FREE)
2026-01-30 09:06:13.430 30107-30941 BufferQueueProducer     com.fishit.player.v2                 W  [MediaCodec.release](id:759b00000003,api:3,p:30107,c:30107) detachBuffer: slot 2 is not owned by the producer (state = FREE)
2026-01-30 09:06:13.431 30107-30941 BufferQueueProducer     com.fishit.player.v2                 W  [MediaCodec.release](id:759b00000003,api:3,p:30107,c:30107) detachBuffer: slot 3 is not owned by the producer (state = FREE)
2026-01-30 09:06:13.431 30107-30941 BufferQueueProducer     com.fishit.player.v2                 W  [MediaCodec.release](id:759b00000003,api:3,p:30107,c:30107) detachBuffer: slot 4 is not owned by the producer (state = FREE)
2026-01-30 09:06:13.431 30107-30941 BufferQueueProducer     com.fishit.player.v2                 W  [MediaCodec.release](id:759b00000003,api:3,p:30107,c:30107) detachBuffer: slot 5 is not owned by the producer (state = FREE)
2026-01-30 09:06:13.431 30107-30941 BufferQueueProducer     com.fishit.player.v2                 W  [MediaCodec.release](id:759b00000003,api:3,p:30107,c:30107) detachBuffer: slot 6 is not owned by the producer (state = FREE)
2026-01-30 09:06:13.431 30107-30941 BufferQueueProducer     com.fishit.player.v2                 W  [MediaCodec.release](id:759b00000003,api:3,p:30107,c:30107) detachBuffer: slot 7 is not owned by the producer (state = FREE)
2026-01-30 09:06:13.431 30107-30941 BufferQueueProducer     com.fishit.player.v2                 W  [MediaCodec.release](id:759b00000003,api:3,p:30107,c:30107) detachBuffer: slot 8 is not owned by the producer (state = FREE)
2026-01-30 09:06:13.431 30107-30941 BufferQueueProducer     com.fishit.player.v2                 W  [MediaCodec.release](id:759b00000003,api:3,p:30107,c:30107) detachBuffer: slot 9 is not owned by the producer (state = FREE)
2026-01-30 09:06:13.432 30107-30941 BufferQueueProducer     com.fishit.player.v2                 W  [MediaCodec.release](id:759b00000003,api:3,p:30107,c:30107) detachBuffer: slot 10 is not owned by the producer (state = FREE)
2026-01-30 09:06:13.432 30107-30941 BufferQueueProducer     com.fishit.player.v2                 W  [MediaCodec.release](id:759b00000003,api:3,p:30107,c:30107) detachBuffer: slot 11 is not owned by the producer (state = FREE)
2026-01-30 09:06:13.432 30107-30941 BufferQueueProducer     com.fishit.player.v2                 W  [MediaCodec.release](id:759b00000003,api:3,p:30107,c:30107) detachBuffer: slot 12 is not owned by the producer (state = FREE)
2026-01-30 09:06:13.432 30107-30941 BufferQueueProducer     com.fishit.player.v2                 W  [MediaCodec.release](id:759b00000003,api:3,p:30107,c:30107) detachBuffer: slot 13 is not owned by the producer (state = FREE)
2026-01-30 09:06:13.432 30107-30941 BufferQueueProducer     com.fishit.player.v2                 W  [MediaCodec.release](id:759b00000003,api:3,p:30107,c:30107) detachBuffer: slot 14 is not owned by the producer (state = FREE)
2026-01-30 09:06:13.432 30107-30941 BufferQueueProducer     com.fishit.player.v2                 W  [MediaCodec.release](id:759b00000003,api:3,p:30107,c:30107) detachBuffer: slot 15 is not owned by the producer (state = FREE)
2026-01-30 09:06:13.433 30107-30941 BufferQueueProducer     com.fishit.player.v2                 W  [MediaCodec.release](id:759b00000003,api:3,p:30107,c:30107) detachBuffer: slot 16 is not owned by the producer (state = FREE)
2026-01-30 09:06:13.433 30107-30941 BufferQueueProducer     com.fishit.player.v2                 W  [MediaCodec.release](id:759b00000003,api:3,p:30107,c:30107) detachBuffer: slot 17 is not owned by the producer (state = FREE)
2026-01-30 09:06:13.433 30107-30941 BufferQueueProducer     com.fishit.player.v2                 W  [MediaCodec.release](id:759b00000003,api:3,p:30107,c:30107) detachBuffer: slot 18 is not owned by the producer (state = FREE)
2026-01-30 09:06:13.433 30107-30941 BufferQueueProducer     com.fishit.player.v2                 W  [MediaCodec.release](id:759b00000003,api:3,p:30107,c:30107) detachBuffer: slot 19 is not owned by the producer (state = FREE)
2026-01-30 09:06:13.433 30107-30941 BufferQueueProducer     com.fishit.player.v2                 W  [MediaCodec.release](id:759b00000003,api:3,p:30107,c:30107) detachBuffer: slot 20 is not owned by the producer (state = FREE)
2026-01-30 09:06:13.433 30107-30941 BufferQueueProducer     com.fishit.player.v2                 W  [MediaCodec.release](id:759b00000003,api:3,p:30107,c:30107) detachBuffer: slot 21 is not owned by the producer (state = FREE)
2026-01-30 09:06:13.433 30107-30941 BufferQueueProducer     com.fishit.player.v2                 W  [MediaCodec.release](id:759b00000003,api:3,p:30107,c:30107) detachBuffer: slot 22 is not owned by the producer (state = FREE)
2026-01-30 09:06:13.434 30107-30941 BufferQueueProducer     com.fishit.player.v2                 W  [MediaCodec.release](id:759b00000003,api:3,p:30107,c:30107) detachBuffer: slot 23 is not owned by the producer (state = FREE)
2026-01-30 09:06:13.434 30107-30941 BufferQueueProducer     com.fishit.player.v2                 W  [MediaCodec.release](id:759b00000003,api:3,p:30107,c:30107) detachBuffer: slot 24 is not owned by the producer (state = FREE)
2026-01-30 09:06:13.434 30107-30941 BufferQueueProducer     com.fishit.player.v2                 W  [MediaCodec.release](id:759b00000003,api:3,p:30107,c:30107) detachBuffer: slot 25 is not owned by the producer (state = FREE)
2026-01-30 09:06:13.434 30107-30941 BufferQueueProducer     com.fishit.player.v2                 W  [MediaCodec.release](id:759b00000003,api:3,p:30107,c:30107) detachBuffer: slot 26 is not owned by the producer (state = FREE)
2026-01-30 09:06:13.434 30107-30941 BufferQueueProducer     com.fishit.player.v2                 W  [MediaCodec.release](id:759b00000003,api:3,p:30107,c:30107) detachBuffer: slot 27 is not owned by the producer (state = FREE)
2026-01-30 09:06:13.434 30107-30941 BufferQueueProducer     com.fishit.player.v2                 W  [MediaCodec.release](id:759b00000003,api:3,p:30107,c:30107) detachBuffer: slot 28 is not owned by the producer (state = FREE)
2026-01-30 09:06:13.435 30107-30941 BufferQueueProducer     com.fishit.player.v2                 W  [MediaCodec.release](id:759b00000003,api:3,p:30107,c:30107) detachBuffer: slot 29 is not owned by the producer (state = FREE)
2026-01-30 09:06:13.435 30107-30941 BufferQueueProducer     com.fishit.player.v2                 W  [MediaCodec.release](id:759b00000003,api:3,p:30107,c:30107) detachBuffer: slot 30 is not owned by the producer (state = FREE)
2026-01-30 09:06:13.435 30107-30941 BufferQueueProducer     com.fishit.player.v2                 W  [MediaCodec.release](id:759b00000003,api:3,p:30107,c:30107) detachBuffer: slot 31 is not owned by the producer (state = FREE)
2026-01-30 09:06:13.435 30107-30941 BufferQueueProducer     com.fishit.player.v2                 W  [MediaCodec.release](id:759b00000003,api:3,p:30107,c:30107) detachBuffer: slot 32 is not owned by the producer (state = FREE)
2026-01-30 09:06:13.435 30107-30941 BufferQueueProducer     com.fishit.player.v2                 W  [MediaCodec.release](id:759b00000003,api:3,p:30107,c:30107) detachBuffer: slot 33 is not owned by the producer (state = FREE)
2026-01-30 09:06:13.435 30107-30941 BufferQueueProducer     com.fishit.player.v2                 W  [MediaCodec.release](id:759b00000003,api:3,p:30107,c:30107) detachBuffer: slot 34 is not owned by the producer (state = FREE)
2026-01-30 09:06:13.436 30107-30941 BufferQueueProducer     com.fishit.player.v2                 W  [MediaCodec.release](id:759b00000003,api:3,p:30107,c:30107) detachBuffer: slot 35 is not owned by the producer (state = FREE)
2026-01-30 09:06:13.436 30107-30941 BufferQueueProducer     com.fishit.player.v2                 W  [MediaCodec.release](id:759b00000003,api:3,p:30107,c:30107) detachBuffer: slot 36 is not owned by the producer (state = FREE)
2026-01-30 09:06:13.436 30107-30941 BufferQueueProducer     com.fishit.player.v2                 W  [MediaCodec.release](id:759b00000003,api:3,p:30107,c:30107) detachBuffer: slot 37 is not owned by the producer (state = FREE)
2026-01-30 09:06:13.436 30107-30941 BufferQueueProducer     com.fishit.player.v2                 W  [MediaCodec.release](id:759b00000003,api:3,p:30107,c:30107) detachBuffer: slot 38 is not owned by the producer (state = FREE)
2026-01-30 09:06:13.436 30107-30941 BufferQueueProducer     com.fishit.player.v2                 W  [MediaCodec.release](id:759b00000003,api:3,p:30107,c:30107) detachBuffer: slot 39 is not owned by the producer (state = FREE)
2026-01-30 09:06:13.436 30107-30941 BufferQueueProducer     com.fishit.player.v2                 W  [MediaCodec.release](id:759b00000003,api:3,p:30107,c:30107) detachBuffer: slot 40 is not owned by the producer (state = FREE)
2026-01-30 09:06:13.437 30107-30941 BufferQueueProducer     com.fishit.player.v2                 W  [MediaCodec.release](id:759b00000003,api:3,p:30107,c:30107) detachBuffer: slot 41 is not owned by the producer (state = FREE)
2026-01-30 09:06:13.437 30107-30941 BufferQueueProducer     com.fishit.player.v2                 W  [MediaCodec.release](id:759b00000003,api:3,p:30107,c:30107) detachBuffer: slot 42 is not owned by the producer (state = FREE)
2026-01-30 09:06:13.437 30107-30941 BufferQueueProducer     com.fishit.player.v2                 W  [MediaCodec.release](id:759b00000003,api:3,p:30107,c:30107) detachBuffer: slot 43 is not owned by the producer (state = FREE)
2026-01-30 09:06:13.438 30107-30941 BufferQueueProducer     com.fishit.player.v2                 W  [MediaCodec.release](id:759b00000003,api:3,p:30107,c:30107) detachBuffer: slot 44 is not owned by the producer (state = FREE)
2026-01-30 09:06:13.438 30107-30941 BufferQueueProducer     com.fishit.player.v2                 W  [MediaCodec.release](id:759b00000003,api:3,p:30107,c:30107) detachBuffer: slot 45 is not owned by the producer (state = FREE)
2026-01-30 09:06:13.438 30107-30941 BufferQueueProducer     com.fishit.player.v2                 W  [MediaCodec.release](id:759b00000003,api:3,p:30107,c:30107) detachBuffer: slot 46 is not owned by the producer (state = FREE)
2026-01-30 09:06:13.438 30107-30941 BufferQueueProducer     com.fishit.player.v2                 W  [MediaCodec.release](id:759b00000003,api:3,p:30107,c:30107) detachBuffer: slot 47 is not owned by the producer (state = FREE)
2026-01-30 09:06:13.438 30107-30941 BufferQueueProducer     com.fishit.player.v2                 W  [MediaCodec.release](id:759b00000003,api:3,p:30107,c:30107) detachBuffer: slot 48 is not owned by the producer (state = FREE)
2026-01-30 09:06:13.438 30107-30941 BufferQueueProducer     com.fishit.player.v2                 W  [MediaCodec.release](id:759b00000003,api:3,p:30107,c:30107) detachBuffer: slot 49 is not owned by the producer (state = FREE)
2026-01-30 09:06:13.438 30107-30941 BufferQueueProducer     com.fishit.player.v2                 W  [MediaCodec.release](id:759b00000003,api:3,p:30107,c:30107) detachBuffer: slot 50 is not owned by the producer (state = FREE)
2026-01-30 09:06:13.438 30107-30941 BufferQueueProducer     com.fishit.player.v2                 W  [MediaCodec.release](id:759b00000003,api:3,p:30107,c:30107) detachBuffer: slot 51 is not owned by the producer (state = FREE)
2026-01-30 09:06:13.439 30107-30941 BufferQueueProducer     com.fishit.player.v2                 W  [MediaCodec.release](id:759b00000003,api:3,p:30107,c:30107) detachBuffer: slot 52 is not owned by the producer (state = FREE)
2026-01-30 09:06:13.439 30107-30941 BufferQueueProducer     com.fishit.player.v2                 W  [MediaCodec.release](id:759b00000003,api:3,p:30107,c:30107) detachBuffer: slot 53 is not owned by the producer (state = FREE)
2026-01-30 09:06:13.439 30107-30941 BufferQueueProducer     com.fishit.player.v2                 W  [MediaCodec.release](id:759b00000003,api:3,p:30107,c:30107) detachBuffer: slot 54 is not owned by the producer (state = FREE)
2026-01-30 09:06:13.439 30107-30941 BufferQueueProducer     com.fishit.player.v2                 W  [MediaCodec.release](id:759b00000003,api:3,p:30107,c:30107) detachBuffer: slot 55 is not owned by the producer (state = FREE)
2026-01-30 09:06:13.439 30107-30941 BufferQueueProducer     com.fishit.player.v2                 W  [MediaCodec.release](id:759b00000003,api:3,p:30107,c:30107) detachBuffer: slot 56 is not owned by the producer (state = FREE)
2026-01-30 09:06:13.439 30107-30941 BufferQueueProducer     com.fishit.player.v2                 W  [MediaCodec.release](id:759b00000003,api:3,p:30107,c:30107) detachBuffer: slot 57 is not owned by the producer (state = FREE)
2026-01-30 09:06:13.441 30107-30941 BufferQueueProducer     com.fishit.player.v2                 W  [MediaCodec.release](id:759b00000003,api:3,p:30107,c:30107) detachBuffer: slot 58 is not owned by the producer (state = FREE)
2026-01-30 09:06:13.441 30107-30941 BufferQueueProducer     com.fishit.player.v2                 W  [MediaCodec.release](id:759b00000003,api:3,p:30107,c:30107) detachBuffer: slot 59 is not owned by the producer (state = FREE)
2026-01-30 09:06:13.441 30107-30941 BufferQueueProducer     com.fishit.player.v2                 W  [MediaCodec.release](id:759b00000003,api:3,p:30107,c:30107) detachBuffer: slot 60 is not owned by the producer (state = FREE)
2026-01-30 09:06:13.442 30107-30941 BufferQueueProducer     com.fishit.player.v2                 W  [MediaCodec.release](id:759b00000003,api:3,p:30107,c:30107) detachBuffer: slot 61 is not owned by the producer (state = FREE)
2026-01-30 09:06:13.442 30107-30941 BufferQueueProducer     com.fishit.player.v2                 W  [MediaCodec.release](id:759b00000003,api:3,p:30107,c:30107) detachBuffer: slot 62 is not owned by the producer (state = FREE)
2026-01-30 09:06:13.442 30107-30941 BufferQueueProducer     com.fishit.player.v2                 W  [MediaCodec.release](id:759b00000003,api:3,p:30107,c:30107) detachBuffer: slot 63 is not owned by the producer (state = FREE)
2026-01-30 09:06:13.445 30107-30941 CCodec                  com.fishit.player.v2                 I  [c2.exynos.h264.decoder] state->set(RELEASED)
2026-01-30 09:06:13.445 30107-30666 hw-BpHwBinder           com.fishit.player.v2                 I  onLastStrongRef automatically unlinking death recipients
2026-01-30 09:06:13.446 30107-30665 SurfaceUtils            com.fishit.player.v2                 D  disconnecting from surface 0xb400007994f0a280, reason disconnectFromSurface
2026-01-30 09:06:13.449 30107-30665 MediaCodec              com.fishit.player.v2                 I  Codec shutdown complete
2026-01-30 09:06:13.451 30107-30665 MediaCodec              com.fishit.player.v2                 D  flushMediametrics
2026-01-30 09:06:13.452 30107-30665 MediaCodec              com.fishit.player.v2                 D  flushMediametrics
2026-01-30 09:06:13.452 30107-30665 MediaCodec              com.fishit.player.v2                 W  no metrics handle found
2026-01-30 09:06:13.455 30107-30107 PlaybackSourceResolver  com.fishit.player.v2                 D  Resolving source for: movie:ella-mccay:2025 (XTREAM)
2026-01-30 09:06:13.463 30107-30107 PlaybackSourceResolver  com.fishit.player.v2                 D  Using factory: XtreamPlaybackSourceFactoryImpl
2026-01-30 09:06:13.463 30107-30107 XtreamPlaybackFactory   com.fishit.player.v2                 D  Creating source for: movie:ella-mccay:2025
2026-01-30 09:06:13.464 30107-30107 XtreamPlaybackFactory   com.fishit.player.v2                 D  resolveOutputExtension: contentType=vod, containerExt=mkv, hasNewKey=true, hasLegacyKey=false
2026-01-30 09:06:13.464 30107-30107 XtreamPlaybackFactory   com.fishit.player.v2                 I  vod: Using file containerExtension: mkv (SSOT)
2026-01-30 09:06:13.464 30107-30107 XtreamPlaybackFactory   com.fishit.player.v2                 D  Built stream URL for vod content with extension: mkv
2026-01-30 09:06:13.465 30107-30107 PlaybackSourceResolver  com.fishit.player.v2                 D  Selected dataSourceType=XTREAM_HTTP for canonicalId=movie:ella-mccay:2025
2026-01-30 09:06:13.465 30107-30107 InternalPlayerSession   com.fishit.player.v2                 D  Source resolved: uri=http://konigtv.com:8080/movie/Christoph10/JQ2rKsQ744/804345.mkv, mimeType=video/x-matroska, headers=[User-Agent, Accept, Accept-Encoding, Icy-MetaData, Referer], dataSourceType=XTREAM_HTTP
2026-01-30 09:06:13.465 30107-30107 InternalPlayerSession   com.fishit.player.v2                 D  Set MediaItem MIME type: video/x-matroska
2026-01-30 09:06:13.465 30107-30107 InternalPlayerSession   com.fishit.player.v2                 D  Using Xtream HTTP DataSource = OkHttpDataSource.Factory (redirect-safe)
2026-01-30 09:06:13.466 30107-30107 NextlibCodecs           com.fishit.player.v2                 I  Creating NextLib FFmpeg renderers factory
2026-01-30 09:06:13.466 30107-30107 NextlibCodecs           com.fishit.player.v2                 D  NextRenderersFactory configured with FFmpeg decoders for: Audio(Vorbis, Opus, FLAC, ALAC, MP3, AAC, AC3, EAC3, DTS, TrueHD), Video(H.264, HEVC, VP8, VP9)
2026-01-30 09:06:13.466 30107-30107 InternalPlayerSession   com.fishit.player.v2                 I  SIP using NextLib NextRenderersFactory for FFmpeg codecs
2026-01-30 09:06:13.467 30107-30107 ExoPlayerImpl           com.fishit.player.v2                 I  Init 2302f47 [AndroidXMedia3/1.8.0] [o1s, SM-G991B, samsung, 34]
2026-01-30 09:06:13.472 30107-30107 SubtitleTrackManager    com.fishit.player.v2                 I  Discovered 0 subtitle tracks
2026-01-30 09:06:13.472 30107-30107 SubtitleTrackManager    com.fishit.player.v2                 D  Attached to player
2026-01-30 09:06:13.473 30107-30107 AudioTrackManager       com.fishit.player.v2                 I  Discovered 0 audio tracks
2026-01-30 09:06:13.473 30107-30107 AudioTrackManager       com.fishit.player.v2                 D  Attached to player (preferredLang=null, surround=true)
2026-01-30 09:06:13.473 30107-30107 InternalPlayerEntryImpl com.fishit.player.v2                 D  Playback started: movie:ella-mccay:2025
2026-01-30 09:06:13.474 30107-30107 PlayerUiViewModel       com.fishit.player.v2                 D  player.ui.start.succeeded: canonicalId=movie:ella-mccay:2025
2026-01-30 09:06:13.492 30107-30944 XtreamHttpDataSource    com.fishit.player.v2                 D  Chucker interceptor added
2026-01-30 09:06:13.509 30107-30107 SurfaceView@38534f4     com.fishit.player.v2                 D  59061492 updateSurface: has no frame
2026-01-30 09:06:13.526 30107-30862 TrafficStats            com.fishit.player.v2                 D  tagSocket(153) with statsTag=0xffffffff, statsUid=-1
2026-01-30 09:06:13.558 30107-30107 SurfaceView@38534f4     com.fishit.player.v2                 I  onWindowVisibilityChanged(0) true android.view.SurfaceView{38534f4 V.E...... ......I. 0,0-0,0} of ViewRootImpl@6bc52ae[MainActivity]
2026-01-30 09:06:13.558 30107-30107 SurfaceView@38534f4     com.fishit.player.v2                 D  59061492 updateSurface: has no frame
2026-01-30 09:06:13.561 30107-30107 AnimatorSet             com.fishit.player.v2                 D  mReversing is false. Don't call initChildren.
2026-01-30 09:06:13.562 30107-30117 ishit.player.v2         com.fishit.player.v2                 I  Background young concurrent copying GC freed 1124267(32MB) AllocSpace objects, 0(0B) LOS objects, 5% free, 105MB/111MB, paused 144us,97us total 135.484ms
2026-01-30 09:06:13.562 30107-30107 AnimatorSet             com.fishit.player.v2                 D  mReversing is false. Don't call initChildren.
2026-01-30 09:06:13.572 30107-30107 SurfaceView@38534f4     com.fishit.player.v2                 D  59061492 updateSurface: has no frame
2026-01-30 09:06:13.636 30107-30107 SurfaceView@38534f4     com.fishit.player.v2                 D  59061492 updateSurface: has no frame
2026-01-30 09:06:13.637 30107-30946 XtreamHttpDataSource    com.fishit.player.v2                 D  → Xtream HTTP request: GET http://konigtv.com/movie/Christoph10/JQ2rKsQ744/804345.mkv
2026-01-30 09:06:13.664 30107-30107 SurfaceView             com.fishit.player.v2                 I  59061492 Changes: creating=true format=true size=true visible=true alpha=false hint=false visible=true left=true top=true z=false attached=true lifecycleStrategy=true
2026-01-30 09:06:13.667 30107-30107 BLASTBufferQueue_Java   com.fishit.player.v2                 I  update, w= 1080 h= 2400 mName = null mNativeObject= 0xb400007a14e87d30 sc.mNativeObject= 0xb400007b04e4de50 format= 4 caller= android.view.SurfaceView.createBlastSurfaceControls:1517 android.view.SurfaceView.updateSurface:1193 android.view.SurfaceView.lambda$new$0:258 android.view.SurfaceView.$r8$lambda$cm3nmzErr-srXoT_KjIYQgdhFN0:0 android.view.SurfaceView$$ExternalSyntheticLambda2.onPreDraw:2 android.view.ViewTreeObserver.dispatchOnPreDraw:1204
2026-01-30 09:06:13.667 30107-30107 SurfaceView@38534f4     com.fishit.player.v2                 I  59061492 Cur surface: Surface(name=null)/@0x38bdf85
2026-01-30 09:06:13.667 30107-30107 SurfaceView@38534f4     com.fishit.player.v2                 I  pST: sr = Rect(0, 0 - 1080, 2400) sw = 1080 sh = 2400
2026-01-30 09:06:13.668 30107-30107 SurfaceView@38534f4     com.fishit.player.v2                 D  59061492 performSurfaceTransaction RenderWorker position = [0, 0, 1080, 2400] surfaceSize = 1080x2400
2026-01-30 09:06:13.669 30107-30107 SurfaceView@38534f4     com.fishit.player.v2                 I  updateSurface: mVisible = true mSurface.isValid() = true
2026-01-30 09:06:13.669 30107-30107 SurfaceView@38534f4     com.fishit.player.v2                 I  updateSurface: mSurfaceCreated = false surfaceChanged = true visibleChanged = true
2026-01-30 09:06:13.669 30107-30107 SurfaceView             com.fishit.player.v2                 I  59061492 visibleChanged -- surfaceCreated
2026-01-30 09:06:13.669 30107-30107 SurfaceView@38534f4     com.fishit.player.v2                 I  surfaceCreated 1 #8 android.view.SurfaceView{38534f4 V.E...... ........ 0,0-1080,2400}
2026-01-30 09:06:13.669 30107-30107 SurfaceView             com.fishit.player.v2                 I  59061492 surfaceChanged -- format=4 w=1080 h=2400
2026-01-30 09:06:13.669 30107-30107 SurfaceView@38534f4     com.fishit.player.v2                 I  surfaceChanged (1080,2400) 1 #8 android.view.SurfaceView{38534f4 V.E...... ........ 0,0-1080,2400}
2026-01-30 09:06:13.670 30107-30107 SurfaceView             com.fishit.player.v2                 I  59061492 surfaceRedrawNeeded
2026-01-30 09:06:13.670 30107-30107 SurfaceView             com.fishit.player.v2                 I  59061492 finishedDrawing
2026-01-30 09:06:13.670 30107-30107 SurfaceView@38534f4     com.fishit.player.v2                 V  Layout: x=0 y=0 w=1080 h=2400, frame=Rect(0, 0 - 1080, 2400)
2026-01-30 09:06:13.670 30107-30107 ViewRootIm...nActivity] com.fishit.player.v2                 I  registerCallbackForPendingTransactions
