2026-01-28 15:53:56.979 31194-31248 CatalogSyn...atorWorker com.fishit.player.v2                 D  Enqueued Xtream chain: work_name=catalog_sync_global_xtream policy=KEEP workers=2
2026-01-28 15:53:56.979 31194-31248 CatalogSyn...atorWorker com.fishit.player.v2                 D  Telegram not in active sources - skipping Telegram workers
2026-01-28 15:53:56.980 31194-31248 CatalogSyn...atorWorker com.fishit.player.v2                 D  📊 WorkInfo chains enqueued:
                                                                                                      [XTREAM] work_name=catalog_sync_global_xtream → ENQUEUED
                                                                                                      Use 'adb shell dumpsys jobscheduler' or WorkManager Inspector for detailed state
2026-01-28 15:53:56.980 31194-31248 CatalogSyn...atorWorker com.fishit.player.v2                 I  CHAINS_ENQUEUED duration_ms=16 policy=KEEP sources=XTREAM (downstream workers will report completion)
2026-01-28 15:53:56.985 31194-31407 WM-NetworkStateTracker  com.fishit.player.v2                 D  Network capabilities changed: [ Transports: CELLULAR Capabilities: SUPL&INTERNET&NOT_RESTRICTED&TRUSTED&NOT_VPN&VALIDATED&NOT_ROAMING&FOREGROUND&NOT_CONGESTED&NOT_SUSPENDED&NOT_VCN_MANAGED LinkUpBandwidth>=38279Kbps LinkDnBandwidth>=38279Kbps Specifier: <TelephonyNetworkSpecifier [mSubId = 1]> SubscriptionIds: {1} UnderlyingNetworks: Null]
2026-01-28 15:53:56.990 31194-31250 WM-EnqueueRunnable      com.fishit.player.v2                 E  Prerequisite a52f1d1f-1a08-499d-a031-e0b1cf5d8cb4 doesn't exist; not enqueuing
2026-01-28 15:53:56.993 31194-31250 WM-EnqueueRunnable      com.fishit.player.v2                 E  Prerequisite 2e9bdc1b-4dc3-4bb4-a7e6-4461e5ee0ffc doesn't exist; not enqueuing
2026-01-28 15:53:56.995 31194-31250 WM-WorkerWrapper        com.fishit.player.v2                 I  Worker result SUCCESS for Work [ id=058a26b1-a393-44b2-bc9d-6041e454023f, tags={ com.fishit.player.v2.work.CatalogSyncOrchestratorWorker,catalog_sync,mode_auto,worker/CatalogSyncOrchestratorWorker } ]
2026-01-28 15:53:57.000 31194-31194 WM-Processor            com.fishit.player.v2                 D  Processor 058a26b1-a393-44b2-bc9d-6041e454023f executed; reschedule = false
2026-01-28 15:53:57.000 31194-31194 WM-SystemJobService     com.fishit.player.v2                 D  058a26b1-a393-44b2-bc9d-6041e454023f executed on JobScheduler
2026-01-28 15:53:57.002 31194-31250 WM-WorkerWrapper        com.fishit.player.v2                 I  Worker result SUCCESS for Work [ id=2fa579aa-8b1a-40d4-a923-d1bf9c68d96d, tags={ com.fishit.player.v2.work.CatalogSyncOrchestratorWorker,catalog_sync,mode_incremental,worker/CatalogSyncOrchestratorWorker } ]
2026-01-28 15:53:57.007 31194-31194 WM-Processor            com.fishit.player.v2                 D  Processor 2fa579aa-8b1a-40d4-a923-d1bf9c68d96d executed; reschedule = false
2026-01-28 15:53:57.008 31194-31250 WM-GreedyScheduler      com.fishit.player.v2                 D  Constraints met: Scheduling work ID WorkGenerationalId(workSpecId=2fa579aa-8b1a-40d4-a923-d1bf9c68d96d, generation=0)
2026-01-28 15:53:57.008 31194-31194 WM-GreedyScheduler      com.fishit.player.v2                 D  Stopping tracking for WorkGenerationalId(workSpecId=2fa579aa-8b1a-40d4-a923-d1bf9c68d96d, generation=0)
2026-01-28 15:53:57.010 31194-31266 WM-GreedyScheduler      com.fishit.player.v2                 D  Cancelling work ID 058a26b1-a393-44b2-bc9d-6041e454023f
2026-01-28 15:53:57.013 31194-31194 WM-SystemJobService     com.fishit.player.v2                 D  2fa579aa-8b1a-40d4-a923-d1bf9c68d96d executed on JobScheduler
2026-01-28 15:53:57.019 31194-31266 WM-SystemJobScheduler   com.fishit.player.v2                 D  Scheduling work ID 2fa579aa-8b1a-40d4-a923-d1bf9c68d96dJob ID 4
2026-01-28 15:53:57.028 31194-31266 WM-GreedyScheduler      com.fishit.player.v2                 D  Cancelling work ID 2fa579aa-8b1a-40d4-a923-d1bf9c68d96d
2026-01-28 15:53:57.035 31194-31266 WM-Processor            com.fishit.player.v2                 D  Processor: processing WorkGenerationalId(workSpecId=2fa579aa-8b1a-40d4-a923-d1bf9c68d96d, generation=0)
2026-01-28 15:53:57.036 31194-31266 WM-BrdcstRcvrCnstrntTrc com.fishit.player.v2                 D  BatteryNotLowTracker: unregistering receiver
2026-01-28 15:53:57.039 31194-31266 WM-NetworkStateTracker  com.fishit.player.v2                 D  Unregistering network callback
2026-01-28 15:53:57.039 31194-31266 ConnectivityManager     com.fishit.player.v2                 D  StackLog: [android.net.ConnectivityManager.unregisterNetworkCallback(ConnectivityManager.java:5076)] [androidx.work.impl.utils.NetworkApi21.unregisterNetworkCallbackCompat(NetworkApi21.kt:28)] [androidx.work.impl.constraints.trackers.NetworkStateTracker24.stopTracking(NetworkStateTracker.kt:180)] [androidx.work.impl.constraints.trackers.ConstraintTracker.removeListener(ConstraintTracker.kt:67)] [androidx.work.impl.constraints.controllers.BaseConstraintController$track$1$1.invoke(ContraintControllers.kt:63)] [androidx.work.impl.constraints.controllers.BaseConstraintController$track$1$1.invoke(ContraintControllers.kt:63)] [kotlinx.coroutines.channels.ProduceKt.awaitClose(Produce.kt:69)] [kotlinx.coroutines.channels.ProduceKt$awaitClose$1.invokeSuspend(Unknown Source:13)] [kotlin.coroutines.jvm.internal.BaseContinuationImpl.resumeWith(ContinuationImpl.kt:34)] [kotlinx.coroutines.DispatchedTask.run(DispatchedTask.kt:98)] [androidx.work.impl.utils.SerialExecutorImpl$Task.run(SerialExecutorImpl.java:96)] [java.util.concurrent.ThreadPoolExecutor.runWorker(ThreadPoolExecutor.java:1145)] [java.util.concurrent.ThreadPoolExecutor$Worker.run(ThreadPoolExecutor.java:644)] [java.lang.Thread.run(Thread.java:1012)]
2026-01-28 15:53:57.043 31194-31266 WM-Processor            com.fishit.player.v2                 D  WorkerWrapper interrupted for 2fa579aa-8b1a-40d4-a923-d1bf9c68d96d
2026-01-28 15:53:57.043 31194-31266 WM-StopWorkRunnable     com.fishit.player.v2                 D  StopWorkRunnable for 2fa579aa-8b1a-40d4-a923-d1bf9c68d96d; Processor.stopWork = true
2026-01-28 15:53:57.044 31194-31266 WM-WorkerWrapper        com.fishit.player.v2                 D  Status for 2fa579aa-8b1a-40d4-a923-d1bf9c68d96d is ENQUEUED; not doing any work and rescheduling for later execution
2026-01-28 15:53:57.045 31194-31194 WM-Processor            com.fishit.player.v2                 D  Processor 2fa579aa-8b1a-40d4-a923-d1bf9c68d96d executed; reschedule = true
2026-01-28 15:53:57.045 31194-31194 WM-SystemJobService     com.fishit.player.v2                 D  2fa579aa-8b1a-40d4-a923-d1bf9c68d96d executed on JobScheduler
2026-01-28 15:53:57.048 31194-31266 WM-GreedyScheduler      com.fishit.player.v2                 D  Cancelling work ID 2fa579aa-8b1a-40d4-a923-d1bf9c68d96d
2026-01-28 15:53:57.055 31194-31266 WM-SystemJobScheduler   com.fishit.player.v2                 D  Scheduling work ID 2fa579aa-8b1a-40d4-a923-d1bf9c68d96dJob ID 5
2026-01-28 15:53:58.169 31194-31253 CatalogSyncService      com.fishit.player.v2                 D  Xtream live batch complete (NX): ingested=292 total_ms=1711
2026-01-28 15:53:58.170 31194-31253 CatalogSyncService      com.fishit.player.v2                 D  Time-based flush LIVE: 292 items in 1712ms
2026-01-28 15:53:58.170 31194-31253 SyncBatchManager        com.fishit.player.v2                 D  Time-based flush for SERIES: 65 items after 2588ms
2026-01-28 15:53:58.170 31194-31253 SyncBatchManager        com.fishit.player.v2                 D  Flushing SERIES batch: 65 items (timeBased=true)
2026-01-28 15:53:58.171 31194-31253 CatalogSyncService      com.fishit.player.v2                 D  Persisting Xtream catalog batch (NX-ONLY): 65 items (canonical_linking=false)
2026-01-28 15:53:58.384 31194-31244 CatalogSyncService      com.fishit.player.v2                 D  Xtream batch complete (HOT PATH/NX): ingested=65 total_ms=213
2026-01-28 15:53:58.385 31194-31244 CatalogSyncService      com.fishit.player.v2                 D  Time-based flush SERIES: 65 items in 213ms
2026-01-28 15:53:58.520 31194-31242 CatalogSyncService      com.fishit.player.v2                 D  Xtream batch complete (HOT PATH/NX): ingested=400 total_ms=2176
2026-01-28 15:53:58.526 31194-31242 SyncPerfMetrics         com.fishit.player.v2                 D  Phase MOVIES started
2026-01-28 15:53:58.527 31194-31368 XTC                     com.fishit.player.v2                 D  [SERIES] DTO→Raw #700 | id=xtream:series:2513 | title="Deep Shit" | sourceType=XTREAM | Fields: ✓[plot(317c), cast, poster] ✗[year, director, backdrop, duration, tmdb]
2026-01-28 15:53:58.527 31194-31242 XtreamCatalogScanWorker com.fishit.player.v2                 D  PROGRESS discovered=1778 persisted=1713 phase=VOD
2026-01-28 15:53:58.528 31194-31249 XTC                     com.fishit.player.v2                 D  [LIVE] DTO→Raw #500 | id=xtream:live:797354 | title="DE: DAZN EVENT 26 HD" | sourceType=XTREAM | Fields: ✓[poster] ✗[year, plot, cast, director, backdrop, duration, tmdb]
2026-01-28 15:53:58.528 31194-31242 XtreamCatalogScanWorker com.fishit.player.v2                 D  PROGRESS discovered=1800 persisted=1713 phase=null
2026-01-28 15:53:58.530 31194-31242 SyncPerfMetrics         com.fishit.player.v2                 D  Phase SERIES started
2026-01-28 15:53:58.530 31194-31242 XtreamCatalogScanWorker com.fishit.player.v2                 D  PROGRESS discovered=1820 persisted=1713 phase=SERIES
2026-01-28 15:53:58.531 31194-31242 SyncPerfMetrics         com.fishit.player.v2                 D  Phase LIVE started
2026-01-28 15:53:58.532 31194-31242 XtreamCatalogScanWorker com.fishit.player.v2                 D  PROGRESS discovered=1823 persisted=1713 phase=LIVE
2026-01-28 15:53:58.545 31194-31368 XTC                     com.fishit.player.v2                 D  [SERIES] DTO→Raw #750 | id=xtream:series:2569 | title="Sharp Objects" | sourceType=XTREAM | Fields: ✓[plot(599c), cast, poster] ✗[year, director, backdrop, duration, tmdb]
2026-01-28 15:53:58.546 31194-31242 XtreamCatalogScanWorker com.fishit.player.v2                 D  PROGRESS discovered=1900 persisted=1713 phase=null
2026-01-28 15:53:58.547 31194-31243 XTC                     com.fishit.player.v2                 D  [VOD] DTO→Raw #650 | id=xtream:vod:773840 | title="Vena | 2024 | 7.7 |" | sourceType=XTREAM | Fields: ✓[year=2024, poster] ✗[plot, cast, director, backdrop, duration, tmdb]
2026-01-28 15:53:58.561 31194-31368 XTC                     com.fishit.player.v2                 D  [SERIES] DTO→Raw #800 | id=xtream:series:2619 | title="Informer" | sourceType=XTREAM | Fields: ✓[plot(665c), cast, poster] ✗[year, director, backdrop, duration, tmdb]
2026-01-28 15:53:58.562 31194-31244 SyncPerfMetrics         com.fishit.player.v2                 D  Phase SERIES started
2026-01-28 15:53:58.562 31194-31244 XtreamCatalogScanWorker com.fishit.player.v2                 D  PROGRESS discovered=1997 persisted=1713 phase=SERIES
2026-01-28 15:53:58.562 31194-31243 XTC                     com.fishit.player.v2                 D  [VOD] DTO→Raw #700 | id=xtream:vod:771263 | title="Old Guy - Alter Hund mit neuen Tricks | " | sourceType=XTREAM | Fields: ✓[year=2024, poster] ✗[plot, cast, director, backdrop, duration, tmdb]
2026-01-28 15:53:58.563 31194-31244 XtreamCatalogScanWorker com.fishit.player.v2                 D  PROGRESS discovered=2000 persisted=1713 phase=null
2026-01-28 15:53:58.563 31194-31244 SyncPerfMetrics         com.fishit.player.v2                 D  Phase MOVIES started
2026-01-28 15:53:58.564 31194-31244 XtreamCatalogScanWorker com.fishit.player.v2                 D  PROGRESS discovered=2004 persisted=1713 phase=VOD
2026-01-28 15:53:58.574 31194-31368 XTC                     com.fishit.player.v2                 D  [SERIES] DTO→Raw #850 | id=xtream:series:2670 | title="The Sniffer" | sourceType=XTREAM | Fields: ✓[cast, poster] ✗[year, plot, director, backdrop, duration, tmdb]
2026-01-28 15:53:58.575 31194-31244 XtreamCatalogScanWorker com.fishit.player.v2                 D  PROGRESS discovered=2100 persisted=1713 phase=null
2026-01-28 15:53:58.575 31194-31243 XTC                     com.fishit.player.v2                 D  [VOD] DTO→Raw #750 | id=xtream:vod:767670 | title="We Live in Time | 2024 | 7.5 |" | sourceType=XTREAM | Fields: ✓[year=2024, poster] ✗[plot, cast, director, backdrop, duration, tmdb]
2026-01-28 15:53:58.581 31194-31366 SyncBatchManager        com.fishit.player.v2                 D  Flushing SERIES batch: 200 items (timeBased=false)
2026-01-28 15:53:58.582 31194-31366 CatalogSyncService      com.fishit.player.v2                 D  Persisting Xtream catalog batch (NX-ONLY): 200 items (canonical_linking=false)
2026-01-28 15:53:58.585 31194-31244 SyncBatchManager        com.fishit.player.v2                 D  Time-based flush for LIVE: 18 items after 2127ms
2026-01-28 15:53:58.586 31194-31244 SyncBatchManager        com.fishit.player.v2                 D  Flushing LIVE batch: 18 items (timeBased=true)
2026-01-28 15:53:58.586 31194-31244 CatalogSyncService      com.fishit.player.v2                 D  Persisting Xtream live batch (NX-ONLY): 18 items
2026-01-28 15:53:58.675 31194-31249 CatalogSyncService      com.fishit.player.v2                 D  Xtream live batch complete (NX): ingested=18 total_ms=89
2026-01-28 15:53:58.675 31194-31249 CatalogSyncService      com.fishit.player.v2                 D  Time-based flush LIVE: 18 items in 89ms
2026-01-28 15:53:58.675 31194-31249 SyncBatchManager        com.fishit.player.v2                 D  Time-based flush for MOVIES: 197 items after 2331ms
2026-01-28 15:53:58.676 31194-31249 SyncBatchManager        com.fishit.player.v2                 D  Flushing MOVIES batch: 197 items (timeBased=true)
2026-01-28 15:53:58.676 31194-31249 CatalogSyncService      com.fishit.player.v2                 D  Persisting Xtream catalog batch (NX-ONLY): 197 items (canonical_linking=false)
2026-01-28 15:54:01.634 31194-31194 ViewRootIm...nActivity] com.fishit.player.v2                 I  ViewPostIme pointer 0
2026-01-28 15:54:01.792 31194-31194 ViewRootIm...nActivity] com.fishit.player.v2                 I  ViewPostIme pointer 1
2026-01-28 15:54:01.840 31194-31194 Compatibil...geReporter com.fishit.player.v2                 D  Compat change id reported: 171228096; UID 10491; state: ENABLED
2026-01-28 15:54:01.963 31194-31244 CatalogSyncService      com.fishit.player.v2                 D  Xtream batch complete (HOT PATH/NX): ingested=200 total_ms=3381
2026-01-28 15:54:01.964 31194-31253 XTC                     com.fishit.player.v2                 D  [VOD] DTO→Raw #800 | id=xtream:vod:765621 | title="The Killer | 2024 | 6.4 |" | sourceType=XTREAM | Fields: ✓[year=2024, poster] ✗[plot, cast, director, backdrop, duration, tmdb]
2026-01-28 15:54:01.967 31194-31244 SyncPerfMetrics         com.fishit.player.v2                 D  Phase MOVIES started
2026-01-28 15:54:01.968 31194-31244 XtreamCatalogScanWorker com.fishit.player.v2                 D  PROGRESS discovered=2198 persisted=1931 phase=VOD
2026-01-28 15:54:01.968 31194-31244 XtreamCatalogScanWorker com.fishit.player.v2                 D  PROGRESS discovered=2200 persisted=1931 phase=null
2026-01-28 15:54:01.971 31194-31253 XTC                     com.fishit.player.v2                 D  [VOD] DTO→Raw #850 | id=xtream:vod:763435 | title="Escape: Flucht in die Freiheit | 2024 | " | sourceType=XTREAM | Fields: ✓[year=2024, poster] ✗[plot, cast, director, backdrop, duration, tmdb]
2026-01-28 15:54:01.971 31194-31243 XTC                     com.fishit.player.v2                 D  [SERIES] DTO→Raw #900 | id=xtream:series:2721 | title="Confess" | sourceType=XTREAM | Fields: ✓[cast, poster] ✗[year, plot, director, backdrop, duration, tmdb]
2026-01-28 15:54:01.973 31194-31242 SyncPerfMetrics         com.fishit.player.v2                 D  Phase SERIES started
2026-01-28 15:54:01.973 31194-31242 XtreamCatalogScanWorker com.fishit.player.v2                 D  PROGRESS discovered=2283 persisted=1931 phase=SERIES
2026-01-28 15:54:01.974 31194-31242 XtreamCatalogScanWorker com.fishit.player.v2                 D  PROGRESS discovered=2300 persisted=1931 phase=null
2026-01-28 15:54:01.979 31194-31253 XTC                     com.fishit.player.v2                 D  [VOD] DTO→Raw #900 | id=xtream:vod:761313 | title="Blitz | 2024 | 5.2 |" | sourceType=XTREAM | Fields: ✓[year=2024, poster] ✗[plot, cast, director, backdrop, duration, tmdb]
2026-01-28 15:54:01.979 31194-31252 SyncPerfMetrics         com.fishit.player.v2                 D  Phase MOVIES started
2026-01-28 15:54:01.979 31194-31252 XtreamCatalogScanWorker com.fishit.player.v2                 D  PROGRESS discovered=2348 persisted=1931 phase=VOD
2026-01-28 15:54:01.984 31194-31368 XtreamCatalogScanWorker com.fishit.player.v2                 D  PROGRESS discovered=2400 persisted=1931 phase=null
2026-01-28 15:54:01.985 31194-31248 XTC                     com.fishit.player.v2                 D  [LIVE] DTO→Raw #550 | id=xtream:live:744166 | title="DE: DYN SPORT 25" | sourceType=XTREAM | Fields: ✓[poster] ✗[year, plot, cast, director, backdrop, duration, tmdb]
2026-01-28 15:54:01.986 31194-31253 XTC                     com.fishit.player.v2                 D  [VOD] DTO→Raw #950 | id=xtream:vod:756534 | title="Libre | 2024 | 5.9 |" | sourceType=XTREAM | Fields: ✓[year=2024, poster] ✗[plot, cast, director, backdrop, duration, tmdb]
2026-01-28 15:54:01.993 31194-31249 XtreamCatalogScanWorker com.fishit.player.v2                 D  PROGRESS discovered=2500 persisted=1931 phase=null
2026-01-28 15:54:01.994 31194-31253 XTC                     com.fishit.player.v2                 D  [VOD] DTO→Raw #1000 | id=xtream:vod:755046 | title="Arcadian | 2024 | 6.0 |" | sourceType=XTREAM | Fields: ✓[year=2024, poster] ✗[plot, cast, director, backdrop, duration, tmdb]
2026-01-28 15:54:01.994 31194-31249 SyncPerfMetrics         com.fishit.player.v2                 D  Phase MOVIES started
2026-01-28 15:54:01.994 31194-31249 XtreamCatalogScanWorker com.fishit.player.v2                 D  PROGRESS discovered=2510 persisted=1931 phase=VOD
2026-01-28 15:54:01.996 31194-31243 XTC                     com.fishit.player.v2                 D  [SERIES] DTO→Raw #950 | id=xtream:series:2771 | title="Riverdale" | sourceType=XTREAM | Fields: ✓[plot(606c), cast, poster] ✗[year, director, backdrop, duration, tmdb]
2026-01-28 15:54:02.006 31194-31248 XTC                     com.fishit.player.v2                 D  [LIVE] DTO→Raw #600 | id=xtream:live:121760 | title="DE: Spiegel TV Wissen RAW" | sourceType=XTREAM | Fields: ✓[poster] ✗[year, plot, cast, director, backdrop, duration, tmdb]
2026-01-28 15:54:02.009 31194-31368 SyncPerfMetrics         com.fishit.player.v2                 D  Phase LIVE started
2026-01-28 15:54:02.009 31194-31368 XtreamCatalogScanWorker com.fishit.player.v2                 D  PROGRESS discovered=2578 persisted=1931 phase=LIVE
2026-01-28 15:54:02.012 31194-31368 XtreamCatalogScanWorker com.fishit.player.v2                 D  PROGRESS discovered=2600 persisted=1931 phase=null
2026-01-28 15:54:02.012 31194-31243 XTC                     com.fishit.player.v2                 D  [SERIES] DTO→Raw #1000 | id=xtream:series:2822 | title="Bluff City Law" | sourceType=XTREAM | Fields: ✓[cast, poster] ✗[year, plot, director, backdrop, duration, tmdb]
2026-01-28 15:54:02.013 31194-31368 SyncPerfMetrics         com.fishit.player.v2                 D  Phase SERIES started
2026-01-28 15:54:02.013 31194-31368 XtreamCatalogScanWorker com.fishit.player.v2                 D  PROGRESS discovered=2617 persisted=1931 phase=SERIES
2026-01-28 15:54:02.029 31194-31248 XTC                     com.fishit.player.v2                 D  [LIVE] DTO→Raw #650 | id=xtream:live:48858 | title="DE: Sky Cinema Highlights FHD" | sourceType=XTREAM | Fields: ✓[poster] ✗[year, plot, cast, director, backdrop, duration, tmdb]
2026-01-28 15:54:02.045 31194-31249 XtreamCatalogScanWorker com.fishit.player.v2                 D  PROGRESS discovered=2700 persisted=1931 phase=null
2026-01-28 15:54:02.046 31194-31253 XTC                     com.fishit.player.v2                 D  [VOD] DTO→Raw #1050 | id=xtream:vod:753417 | title="The Crow | 2024 | 5.3 |" | sourceType=XTREAM | Fields: ✓[year=2024, poster] ✗[plot, cast, director, backdrop, duration, tmdb]
2026-01-28 15:54:02.049 31194-31248 XTC                     com.fishit.player.v2                 D  [LIVE] DTO→Raw #700 | id=xtream:live:733471 | title="DE: 2 BROKE GIRLS" | sourceType=XTREAM | Fields: ✓[poster] ✗[year, plot, cast, director, backdrop, duration, tmdb]
2026-01-28 15:54:02.055 31194-31249 SyncPerfMetrics         com.fishit.player.v2                 D  Phase LIVE started
2026-01-28 15:54:02.055 31194-31249 XtreamCatalogScanWorker com.fishit.player.v2                 D  PROGRESS discovered=2778 persisted=1931 phase=LIVE
2026-01-28 15:54:02.056 31194-31367 XTC                     com.fishit.player.v2                 D  [VOD] DTO→Raw #1100 | id=xtream:vod:751157 | title="The Good Half | 2024 | 5.3 |" | sourceType=XTREAM | Fields: ✓[year=2024, poster] ✗[plot, cast, director, backdrop, duration, tmdb]
2026-01-28 15:54:02.057 31194-31249 XtreamCatalogScanWorker com.fishit.player.v2                 D  PROGRESS discovered=2800 persisted=1931 phase=null
2026-01-28 15:54:02.057 31194-31249 SyncPerfMetrics         com.fishit.player.v2                 D  Phase MOVIES started
2026-01-28 15:54:02.058 31194-31249 XtreamCatalogScanWorker com.fishit.player.v2                 D  PROGRESS discovered=2811 persisted=1931 phase=VOD
2026-01-28 15:54:02.066 31194-31367 XTC                     com.fishit.player.v2                 D  [VOD] DTO→Raw #1150 | id=xtream:vod:749239 | title="Nightwatch - Demons Are Forever | 2023 |" | sourceType=XTREAM | Fields: ✓[year=2023, poster] ✗[plot, cast, director, backdrop, duration, tmdb]
2026-01-28 15:54:02.071 31194-31249 XtreamCatalogScanWorker com.fishit.player.v2                 D  PROGRESS discovered=2900 persisted=1931 phase=null
2026-01-28 15:54:02.071 31194-31248 XTC                     com.fishit.player.v2                 D  [LIVE] DTO→Raw #750 | id=xtream:live:749839 | title="DE: EDGAR WALLACE MIX" | sourceType=XTREAM | Fields: ✓[poster] ✗[year, plot, cast, director, backdrop, duration, tmdb]
2026-01-28 15:54:02.072 31194-31249 SyncBatchManager        com.fishit.player.v2                 D  Flushing MOVIES batch: 400 items (timeBased=false)
2026-01-28 15:54:02.072 31194-31249 CatalogSyncService      com.fishit.player.v2                 D  Persisting Xtream catalog batch (NX-ONLY): 400 items (canonical_linking=false)
2026-01-28 15:54:02.076 31194-31367 XTC                     com.fishit.player.v2                 D  [VOD] DTO→Raw #1200 | id=xtream:vod:746657 | title="Spieleabend | 2024 | 6.7 |" | sourceType=XTREAM | Fields: ✓[year=2024, poster] ✗[plot, cast, director, backdrop, duration, tmdb]
2026-01-28 15:54:02.514 31194-31194 ViewRootIm...nActivity] com.fishit.player.v2                 I  ViewPostIme pointer 0
2026-01-28 15:54:02.564 31194-31194 ViewRootIm...nActivity] com.fishit.player.v2                 I  ViewPostIme pointer 1
2026-01-28 15:54:02.631 31194-31194 NxHomeContentRepo       com.fishit.player.v2                 I  🎬 getMoviesPagingData() CALLED - Creating Movies PagingSource
2026-01-28 15:54:02.636 31194-31194 NxHomeContentRepo       com.fishit.player.v2                 I  📺 getSeriesPagingData() CALLED - Creating Series PagingSource
2026-01-28 15:54:02.639 31194-31194 HomeViewModel           com.fishit.player.v2                 I  🏠 HomeViewModel INIT - Creating content flows and paging sources
2026-01-28 15:54:02.731 31194-31194 NxHomeContentRepo       com.fishit.player.v2                 D  🎬 Movies PagingSource FACTORY invoked
2026-01-28 15:54:02.745 31194-31194 NxHomeContentRepo       com.fishit.player.v2                 D  📺 Series PagingSource FACTORY invoked
2026-01-28 15:54:02.873 31194-31194 WorkManage...teObserver com.fishit.player.v2                 I  Sync state: SUCCEEDED
2026-01-28 15:54:02.906 31194-31205 ishit.player.v2         com.fishit.player.v2                 I  Compiler allocated 7198KB to compile void android.view.ViewRootImpl.performTraversals()
2026-01-28 15:54:03.417 31194-31384 TrafficStats            com.fishit.player.v2                 D  tagSocket(161) with statsTag=0xffffffff, statsUid=-1
2026-01-28 15:54:03.434 31194-31385 TrafficStats            com.fishit.player.v2                 D  tagSocket(93) with statsTag=0xffffffff, statsUid=-1
2026-01-28 15:54:03.598 31194-31428 TrafficStats            com.fishit.player.v2                 D  tagSocket(145) with statsTag=0xffffffff, statsUid=-1
2026-01-28 15:54:03.598 31194-31384 TrafficStats            com.fishit.player.v2                 D  tagSocket(146) with statsTag=0xffffffff, statsUid=-1
2026-01-28 15:54:03.599 31194-31447 TrafficStats            com.fishit.player.v2                 D  tagSocket(166) with statsTag=0xffffffff, statsUid=-1
2026-01-28 15:54:03.604 31194-31448 TrafficStats            com.fishit.player.v2                 D  tagSocket(160) with statsTag=0xffffffff, statsUid=-1
2026-01-28 15:54:03.685 31194-31449 TrafficStats            com.fishit.player.v2                 D  tagSocket(193) with statsTag=0xffffffff, statsUid=-1
2026-01-28 15:54:04.841 31194-31194 ViewRootIm...nActivity] com.fishit.player.v2                 I  ViewPostIme pointer 0
2026-01-28 15:54:04.928 31194-31366 CatalogSyncService      com.fishit.player.v2                 D  Xtream batch complete (HOT PATH/NX): ingested=197 total_ms=6252
2026-01-28 15:54:04.929 31194-31366 CatalogSyncService      com.fishit.player.v2                 D  Time-based flush MOVIES: 197 items in 6253ms
2026-01-28 15:54:04.929 31194-31366 SyncBatchManager        com.fishit.player.v2                 D  Time-based flush for SERIES: 135 items after 6348ms
2026-01-28 15:54:04.929 31194-31366 SyncBatchManager        com.fishit.player.v2                 D  Flushing SERIES batch: 135 items (timeBased=true)
2026-01-28 15:54:04.930 31194-31366 CatalogSyncService      com.fishit.player.v2                 D  Persisting Xtream catalog batch (NX-ONLY): 135 items (canonical_linking=false)
2026-01-28 15:54:05.151 31194-31194 ViewRootIm...nActivity] com.fishit.player.v2                 I  ViewPostIme pointer 1
2026-01-28 15:54:06.702 31194-31194 ViewRootIm...nActivity] com.fishit.player.v2                 I  ViewPostIme pointer 0
2026-01-28 15:54:06.751 31194-31194 ViewRootIm...nActivity] com.fishit.player.v2                 I  ViewPostIme pointer 1
2026-01-28 15:54:06.766 31194-31194 WindowOnBackDispatcher  com.fishit.player.v2                 W  OnBackInvokedCallback is not enabled for the application.
                                                                                                    Set 'android:enableOnBackInvokedCallback="true"' in the application manifest.
2026-01-28 15:54:06.893 31194-31194 DetailEnrichment        com.fishit.player.v2                 W  enrichFromXtream: invalid sourceId=src:xtream:xtream:Xtream VOD:vod:xtream:vod:791354
2026-01-28 15:54:06.897 31194-31194 DetailEnrichment        com.fishit.player.v2                 W  enrichFromXtream: invalid sourceId=src:xtream:xtream:Xtream VOD:vod:xtream:vod:791354
2026-01-28 15:54:08.009 31194-31194 ViewRootIm...nActivity] com.fishit.player.v2                 I  ViewPostIme pointer 0
2026-01-28 15:54:08.051 31194-31194 ViewRootIm...nActivity] com.fishit.player.v2                 I  ViewPostIme pointer 1
2026-01-28 15:54:08.053 31194-31194 UnifiedDetailVM         com.fishit.player.v2                 D  play: canonicalId=movie:schwarzeschafe:2025 sourceKey=src:xtream:xtream:Xtream VOD:vod:xtream:vod:791354 missingHints=[]
2026-01-28 15:54:08.100 31194-31194 PlayerNavViewModel      com.fishit.player.v2                 D  Using pending playback: movie:schwarzeschafe:2025
2026-01-28 15:54:08.161 31194-31194 PlayerUiViewModel       com.fishit.player.v2                 D  player.ui.start.requested: canonicalId=movie:schwarzeschafe:2025
2026-01-28 15:54:08.162 31194-31194 InternalPlayerEntryImpl com.fishit.player.v2                 D  Starting playback: movie:schwarzeschafe:2025
2026-01-28 15:54:08.169 31194-31194 SubtitleTrackManager    com.fishit.player.v2                 D  Detached from player
2026-01-28 15:54:08.169 31194-31194 AudioTrackManager       com.fishit.player.v2                 D  Detached from player
2026-01-28 15:54:08.169 31194-31194 InternalPlayerSession   com.fishit.player.v2                 D  Initializing playback: movie:schwarzeschafe:2025
2026-01-28 15:54:08.194 31194-31194 PlaybackSourceResolver  com.fishit.player.v2                 D  Resolving source for: movie:schwarzeschafe:2025 (XTREAM)
2026-01-28 15:54:08.196 31194-31194 PlaybackSourceResolver  com.fishit.player.v2                 D  Using factory: XtreamPlaybackSourceFactoryImpl
2026-01-28 15:54:08.196 31194-31194 XtreamPlaybackFactory   com.fishit.player.v2                 D  Creating source for: movie:schwarzeschafe:2025
2026-01-28 15:54:08.196 31194-31194 XtreamPlaybackFactory   com.fishit.player.v2                 D  resolveOutputExtension: contentType=vod, containerExt=mkv, hasNewKey=true, hasLegacyKey=false
2026-01-28 15:54:08.197 31194-31194 XtreamPlaybackFactory   com.fishit.player.v2                 I  vod: Using file containerExtension: mkv (SSOT)
2026-01-28 15:54:08.197 31194-31194 XtreamPlaybackFactory   com.fishit.player.v2                 D  Built stream URL for vod content with extension: mkv
2026-01-28 15:54:08.198 31194-31194 PlaybackSourceResolver  com.fishit.player.v2                 D  Selected dataSourceType=XTREAM_HTTP for canonicalId=movie:schwarzeschafe:2025
2026-01-28 15:54:08.198 31194-31194 InternalPlayerSession   com.fishit.player.v2                 D  Source resolved: uri=http://konigtv.com:8080/movie/Christoph10/JQ2rKsQ744/791354.mkv, mimeType=video/x-matroska, headers=[User-Agent, Accept, Accept-Encoding, Icy-MetaData, Referer], dataSourceType=XTREAM_HTTP
2026-01-28 15:54:08.205 31194-31194 InternalPlayerSession   com.fishit.player.v2                 D  Set MediaItem MIME type: video/x-matroska
2026-01-28 15:54:08.208 31194-31194 InternalPlayerSession   com.fishit.player.v2                 D  Using Xtream HTTP DataSource = OkHttpDataSource.Factory (redirect-safe)
2026-01-28 15:54:08.224 31194-31194 NextlibCodecs           com.fishit.player.v2                 I  Creating NextLib FFmpeg renderers factory
2026-01-28 15:54:08.230 31194-31194 NextlibCodecs           com.fishit.player.v2                 D  NextRenderersFactory configured with FFmpeg decoders for: Audio(Vorbis, Opus, FLAC, ALAC, MP3, AAC, AC3, EAC3, DTS, TrueHD), Video(H.264, HEVC, VP8, VP9)
2026-01-28 15:54:08.230 31194-31194 InternalPlayerSession   com.fishit.player.v2                 I  SIP using NextLib NextRenderersFactory for FFmpeg codecs
2026-01-28 15:54:08.262 31194-31194 ExoPlayerImpl           com.fishit.player.v2                 I  Init 4d81ffc [AndroidXMedia3/1.8.0] [o1s, SM-G991B, samsung, 34]
2026-01-28 15:54:08.287 31194-31194 ishit.player.v2         com.fishit.player.v2                 W  Accessing hidden method Landroid/media/AudioTrack;->getLatency()I (unsupported, reflection, allowed)
2026-01-28 15:54:08.340 31194-31194 SubtitleTrackManager    com.fishit.player.v2                 I  Discovered 0 subtitle tracks
2026-01-28 15:54:08.340 31194-31194 SubtitleTrackManager    com.fishit.player.v2                 D  Attached to player
2026-01-28 15:54:08.341 31194-31194 AudioTrackManager       com.fishit.player.v2                 I  Discovered 0 audio tracks
2026-01-28 15:54:08.341 31194-31194 AudioTrackManager       com.fishit.player.v2                 D  Attached to player (preferredLang=null, surround=true)
2026-01-28 15:54:08.341 31194-31194 InternalPlayerEntryImpl com.fishit.player.v2                 D  Playback started: movie:schwarzeschafe:2025
2026-01-28 15:54:08.342 31194-31194 PlayerUiViewModel       com.fishit.player.v2                 D  player.ui.start.succeeded: canonicalId=movie:schwarzeschafe:2025
2026-01-28 15:54:08.370 31194-31463 XtreamHttpDataSource    com.fishit.player.v2                 D  Chucker interceptor added
2026-01-28 15:54:08.392 31194-31418 CatalogSyncService      com.fishit.player.v2                 D  Xtream batch complete (HOT PATH/NX): ingested=135 total_ms=3462
2026-01-28 15:54:08.393 31194-31418 CatalogSyncService      com.fishit.player.v2                 D  Time-based flush SERIES: 135 items in 3463ms
2026-01-28 15:54:08.425 31194-31384 TrafficStats            com.fishit.player.v2                 D  tagSocket(210) with statsTag=0xffffffff, statsUid=-1
2026-01-28 15:54:08.466 31194-31465 XtreamHttpDataSource    com.fishit.player.v2                 D  → Xtream HTTP request: GET http://konigtv.com/movie/Christoph10/JQ2rKsQ744/791354.mkv
2026-01-28 15:54:08.503 31194-31194 Compatibil...geReporter com.fishit.player.v2                 D  Compat change id reported: 210923482; UID 10491; state: ENABLED
2026-01-28 15:54:08.505 31194-31194 SurfaceView@bb60d8e     com.fishit.player.v2                 D  196480398 updateSurface: has no frame
2026-01-28 15:54:08.596 31194-31249 SyncBatchManager        com.fishit.player.v2                 D  Time-based flush for LIVE: 246 items after 10010ms
2026-01-28 15:54:08.598 31194-31249 SyncBatchManager        com.fishit.player.v2                 D  Flushing LIVE batch: 246 items (timeBased=true)
2026-01-28 15:54:08.598 31194-31465 XtreamHttpDataSource    com.fishit.player.v2                 W  ← Redirect response: 302 (redirects should be auto-followed)
2026-01-28 15:54:08.603 31194-31249 CatalogSyncService      com.fishit.player.v2                 D  Persisting Xtream live batch (NX-ONLY): 246 items
2026-01-28 15:54:08.618 31194-31384 TrafficStats            com.fishit.player.v2                 D  tagSocket(213) with statsTag=0xffffffff, statsUid=-1
2026-01-28 15:54:08.639 31194-31194 SurfaceView@bb60d8e     com.fishit.player.v2                 I  onWindowVisibilityChanged(0) true android.view.SurfaceView{bb60d8e V.E...... ......I. 0,0-0,0} of ViewRootImpl@ce48818[MainActivity]
2026-01-28 15:54:08.639 31194-31194 SurfaceView@bb60d8e     com.fishit.player.v2                 D  196480398 updateSurface: has no frame
2026-01-28 15:54:08.642 31194-31194 AnimatorSet             com.fishit.player.v2                 D  mReversing is false. Don't call initChildren.
2026-01-28 15:54:08.643 31194-31194 AnimatorSet             com.fishit.player.v2                 D  mReversing is false. Don't call initChildren.
2026-01-28 15:54:08.671 31194-31194 BLASTBufferQueue_Java   com.fishit.player.v2                 I  update, w= 1080 h= 2400 mName = ViewRootImpl@ce48818[MainActivity] mNativeObject= 0xb400006e78df5270 sc.mNativeObject= 0xb400006f48ddac10 format= -3 caller= android.view.ViewRootImpl.updateBlastSurfaceIfNeeded:3017 android.view.ViewRootImpl.relayoutWindow:10131 android.view.ViewRootImpl.performTraversals:4110 android.view.ViewRootImpl.doTraversal:3288 android.view.ViewRootImpl$TraversalRunnable.run:11344 android.view.Choreographer$CallbackRecord.run:1689
2026-01-28 15:54:08.671 31194-31194 ViewRootIm...nActivity] com.fishit.player.v2                 I  Relayout returned: old=(0,0,1080,2400) new=(0,0,1080,2400) relayoutAsync=true req=(1080,2400)0 dur=1 res=0x0 s={true 0xb400006ec8e20630} ch=false seqId=0
2026-01-28 15:54:08.676 31194-31194 SurfaceView@bb60d8e     com.fishit.player.v2                 D  196480398 updateSurface: has no frame
2026-01-28 15:54:08.687 31194-31194 SurfaceView             com.fishit.player.v2                 I  196480398 Changes: creating=true format=true size=true visible=true alpha=false hint=false visible=true left=true top=true z=false attached=true lifecycleStrategy=true
2026-01-28 15:54:08.693 31194-31194 BLASTBufferQueue_Java   com.fishit.player.v2                 I  update, w= 1080 h= 2400 mName = null mNativeObject= 0xb400006e78e20b50 sc.mNativeObject= 0xb400006f48deb650 format= 4 caller= android.view.SurfaceView.createBlastSurfaceControls:1517 android.view.SurfaceView.updateSurface:1193 android.view.SurfaceView.lambda$new$0:258 android.view.SurfaceView.$r8$lambda$cm3nmzErr-srXoT_KjIYQgdhFN0:0 android.view.SurfaceView$$ExternalSyntheticLambda2.onPreDraw:2 android.view.ViewTreeObserver.dispatchOnPreDraw:1204
2026-01-28 15:54:08.693 31194-31194 SurfaceView@bb60d8e     com.fishit.player.v2                 I  196480398 Cur surface: Surface(name=null)/@0xa41d4ef
2026-01-28 15:54:08.693 31194-31194 SurfaceView@bb60d8e     com.fishit.player.v2                 I  pST: sr = Rect(0, 0 - 1080, 2400) sw = 1080 sh = 2400
2026-01-28 15:54:08.694 31194-31194 SurfaceView@bb60d8e     com.fishit.player.v2                 D  196480398 performSurfaceTransaction RenderWorker position = [0, 0, 1080, 2400] surfaceSize = 1080x2400
2026-01-28 15:54:08.694 31194-31194 SurfaceView@bb60d8e     com.fishit.player.v2                 I  updateSurface: mVisible = true mSurface.isValid() = true
2026-01-28 15:54:08.695 31194-31194 SurfaceView@bb60d8e     com.fishit.player.v2                 I  updateSurface: mSurfaceCreated = false surfaceChanged = true visibleChanged = true
2026-01-28 15:54:08.695 31194-31194 SurfaceView             com.fishit.player.v2                 I  196480398 visibleChanged -- surfaceCreated
2026-01-28 15:54:08.695 31194-31194 SurfaceView@bb60d8e     com.fishit.player.v2                 I  surfaceCreated 1 #8 android.view.SurfaceView{bb60d8e V.E...... ......ID 0,0-1080,2400}
2026-01-28 15:54:08.695 31194-31194 SurfaceView             com.fishit.player.v2                 I  196480398 surfaceChanged -- format=4 w=1080 h=2400
2026-01-28 15:54:08.695 31194-31194 SurfaceView@bb60d8e     com.fishit.player.v2                 I  surfaceChanged (1080,2400) 1 #8 android.view.SurfaceView{bb60d8e V.E...... ......ID 0,0-1080,2400}
2026-01-28 15:54:08.695 31194-31194 SurfaceView             com.fishit.player.v2                 I  196480398 surfaceRedrawNeeded
2026-01-28 15:54:08.696 31194-31194 SurfaceView             com.fishit.player.v2                 I  196480398 finishedDrawing
2026-01-28 15:54:08.696 31194-31194 SurfaceView@bb60d8e     com.fishit.player.v2                 V  Layout: x=0 y=0 w=1080 h=2400, frame=Rect(0, 0 - 1080, 2400)
2026-01-28 15:54:08.696 31194-31194 ViewRootIm...nActivity] com.fishit.player.v2                 I  registerCallbackForPendingTransactions
2026-01-28 15:54:08.709 31194-31254 SurfaceView             com.fishit.player.v2                 D  196480398 updateSurfacePosition RenderWorker, frameNr = 113, position = [0, 0, 1080, 2400] surfaceSize = 1080x2400
2026-01-28 15:54:08.709 31194-31254 SurfaceView@bb60d8e     com.fishit.player.v2                 I  uSP: rtp = Rect(0, 0 - 1080, 2400) rtsw = 1080 rtsh = 2400
2026-01-28 15:54:08.710 31194-31254 SurfaceView@bb60d8e     com.fishit.player.v2                 I  onSSPAndSRT: pl = 0 pt = 0 sx = 1.0 sy = 1.0
2026-01-28 15:54:08.711 31194-31254 SurfaceView@bb60d8e     com.fishit.player.v2                 I  aOrMT: ViewRootImpl@ce48818[MainActivity] t = android.view.SurfaceControl$Transaction@c1cc9a9 fN = 113 android.view.SurfaceView.-$$Nest$mapplyOrMergeTransaction:0 android.view.SurfaceView$SurfaceViewPositionUpdateListener.positionChanged:1666 android.graphics.RenderNode$CompositePositionUpdateListener.positionChanged:369
2026-01-28 15:54:08.711 31194-31254 ViewRootIm...nActivity] com.fishit.player.v2                 I  mWNT: t=0xb400007078e7c710 mBlastBufferQueue=0xb400006e78df5270 fn= 113 mRenderHdrSdrRatio=1.0 caller= android.view.SurfaceView.applyOrMergeTransaction:1598 android.view.SurfaceView.-$$Nest$mapplyOrMergeTransaction:0 android.view.SurfaceView$SurfaceViewPositionUpdateListener.positionChanged:1666
2026-01-28 15:54:08.712 31194-31289 ViewRootIm...nActivity] com.fishit.player.v2                 I  mWNT: t=0xb400007078ea1bd0 mBlastBufferQueue=0xb400006e78df5270 fn= 113 mRenderHdrSdrRatio=1.0 caller= android.view.ViewRootImpl$6.onFrameDraw:5635 android.view.ViewRootImpl$2.onFrameDraw:2146 android.view.ThreadedRenderer$1.onFrameDraw:792
2026-01-28 15:54:08.812 31194-31465 XtreamHttpDataSource    com.fishit.player.v2                 D  → Xtream HTTP request: GET http://45.159.94.48/movie/Christoph10/JQ2rKsQ744/791354.mkv
2026-01-28 15:54:08.898 31194-31465 XtreamHttpDataSource    com.fishit.player.v2                 I  ← Xtream HTTP success: 200 [no redirect], HLS manifest: false
2026-01-28 15:54:09.207 31194-31465 XtreamHttpDataSource    com.fishit.player.v2                 D  → Xtream HTTP request: GET http://konigtv.com/movie/Christoph10/JQ2rKsQ744/791354.mkv
2026-01-28 15:54:09.328 31194-31465 XtreamHttpDataSource    com.fishit.player.v2                 W  ← Redirect response: 302 (redirects should be auto-followed)
2026-01-28 15:54:09.349 31194-31384 TrafficStats            com.fishit.player.v2                 D  tagSocket(150) with statsTag=0xffffffff, statsUid=-1
2026-01-28 15:54:09.390 31194-31465 XtreamHttpDataSource    com.fishit.player.v2                 D  → Xtream HTTP request: GET http://45.159.94.48/movie/Christoph10/JQ2rKsQ744/791354.mkv
2026-01-28 15:54:09.453 31194-31465 XtreamHttpDataSource    com.fishit.player.v2                 W  ← Xtream HTTP error: 206 Partial Content
2026-01-28 15:54:09.790 31194-31465 XtreamHttpDataSource    com.fishit.player.v2                 D  → Xtream HTTP request: GET http://konigtv.com/movie/Christoph10/JQ2rKsQ744/791354.mkv
2026-01-28 15:54:09.811 31194-31463 AudioCapabilities       com.fishit.player.v2                 W  Unsupported mime audio/x-ape
2026-01-28 15:54:09.812 31194-31463 AudioCapabilities       com.fishit.player.v2                 W  Unsupported mime audio/x-ima
2026-01-28 15:54:09.813 31194-31463 AudioCapabilities       com.fishit.player.v2                 W  Unsupported mime audio/mpeg-L1
2026-01-28 15:54:09.813 31194-31463 AudioCapabilities       com.fishit.player.v2                 W  Unsupported mime audio/mpeg-L2
2026-01-28 15:54:09.814 31194-31463 VideoCapabilities       com.fishit.player.v2                 W  Unsupported mime video/wvc1
2026-01-28 15:54:09.814 31194-31463 VideoCapabilities       com.fishit.player.v2                 W  Unsupported mime video/x-ms-wmv
2026-01-28 15:54:09.830 31194-31465 XtreamHttpDataSource    com.fishit.player.v2                 W  ← Redirect response: 302 (redirects should be auto-followed)
2026-01-28 15:54:09.839 31194-31465 XtreamHttpDataSource    com.fishit.player.v2                 D  → Xtream HTTP request: GET http://45.159.94.48/movie/Christoph10/JQ2rKsQ744/791354.mkv
2026-01-28 15:54:09.903 31194-31463 AudioManager            com.fishit.player.v2                 I  getParameters keys = offloadVariableRateSupported
2026-01-28 15:54:09.953 31194-31465 XtreamHttpDataSource    com.fishit.player.v2                 W  ← Xtream HTTP error: 206 Partial Content
2026-01-28 15:54:09.988 31194-31463 DMCodecAdapterFactory   com.fishit.player.v2                 I  Creating an asynchronous MediaCodec adapter for track type video
2026-01-28 15:54:09.989 31194-31194 SubtitleTrackManager    com.fishit.player.v2                 I  Discovered 1 subtitle tracks
2026-01-28 15:54:09.989 31194-31194 SubtitleTrackManager    com.fishit.player.v2                 D  Selecting default track: VeraTV
2026-01-28 15:54:09.997 31194-31194 SubtitleTrackManager    com.fishit.player.v2                 I  Subtitle track selected: 1802188542:0
2026-01-28 15:54:09.999 31194-31194 AudioTrackManager       com.fishit.player.v2                 I  Discovered 1 audio tracks
2026-01-28 15:54:10.005 31194-31477 CCodec                  com.fishit.player.v2                 I  state->set(ALLOCATING)
2026-01-28 15:54:10.006 31194-31478 CCodec                  com.fishit.player.v2                 I  allocate(c2.exynos.h264.decoder)
2026-01-28 15:54:10.010 31194-31478 Codec2Client            com.fishit.player.v2                 I  Available Codec2 services: "default" "default0" "software"
2026-01-28 15:54:10.022 31194-31478 CCodec                  com.fishit.player.v2                 I  setting up 'default' as default (vendor) store
2026-01-28 15:54:10.036 31194-31478 CCodec                  com.fishit.player.v2                 I  Created component [c2.exynos.h264.decoder]
2026-01-28 15:54:10.036 31194-31478 CCodec                  com.fishit.player.v2                 I  [c2.exynos.h264.decoder] state->set(ALLOCATED)
2026-01-28 15:54:10.037 31194-31478 CCodecConfig            com.fishit.player.v2                 D  read media type: video/avc
2026-01-28 15:54:10.058 31194-31478 ReflectedParamUpdater   com.fishit.player.v2                 D  extent() != 1 for single value type: output.subscribed-indices.values
2026-01-28 15:54:10.058 31194-31478 ReflectedParamUpdater   com.fishit.player.v2                 D  extent() != 1 for single value type: input.buffers.allocator-ids.values
2026-01-28 15:54:10.058 31194-31478 ReflectedParamUpdater   com.fishit.player.v2                 D  extent() != 1 for single value type: output.buffers.allocator-ids.values
2026-01-28 15:54:10.058 31194-31478 ReflectedParamUpdater   com.fishit.player.v2                 D  extent() != 1 for single value type: output.buffers.pool-ids.values
2026-01-28 15:54:10.059 31194-31478 ReflectedParamUpdater   com.fishit.player.v2                 D  ignored struct field coded.color-format.locations
2026-01-28 15:54:10.061 31194-31478 CCodecConfig            com.fishit.player.v2                 D  ignoring local param raw.size (0xd2001800) as it is already supported
2026-01-28 15:54:10.061 31194-31478 CCodecConfig            com.fishit.player.v2                 D  ignoring local param default.color (0x5200180b) as it is already supported
2026-01-28 15:54:10.061 31194-31478 ReflectedParamUpdater   com.fishit.player.v2                 D  ignored struct field raw.hdr-static-info.mastering
2026-01-28 15:54:10.062 31194-31478 CCodecConfig            com.fishit.player.v2                 I  query failed after returning 13 values (BAD_INDEX)
2026-01-28 15:54:10.062 31194-31478 CCodecConfig            com.fishit.player.v2                 D  c2 config diff is Dict {
                                                                                                      c2::i32 algo.priority.value = 0
                                                                                                      c2::float algo.rate.value = 0
                                                                                                      c2::u32 coded.pl.level = 20496
                                                                                                      c2::u32 coded.pl.profile = 20481
                                                                                                      c2::u32 coded.vui.color.matrix = 0
                                                                                                      c2::u32 coded.vui.color.primaries = 0
                                                                                                      c2::u32 coded.vui.color.range = 0
                                                                                                      c2::u32 coded.vui.color.transfer = 0
                                                                                                      c2::u32 default.color.matrix = 0
                                                                                                      c2::u32 default.color.primaries = 0
                                                                                                      c2::u32 default.color.range = 0
                                                                                                      c2::u32 default.color.transfer = 0
                                                                                                      c2::u32 input.buffers.max-size.value = 7340032
                                                                                                      string input.media-type.value = "video/avc"
                                                                                                      c2::u32 output.delay.value = 8
                                                                                                      string output.media-type.value = "video/raw"
                                                                                                      c2::u32 raw.color.matrix = 0
                                                                                                      c2::u32 raw.color.primaries = 0
                                                                                                      c2::u32 raw.color.range = 0
                                                                                                      c2::u32 raw.color.transfer = 0
                                                                                                      c2::u32 raw.max-size.height = 240
                                                                                                      c2::u32 raw.max-size.width = 320
                                                                                                      c2::u32 raw.pixel-format.value = 34
                                                                                                      c2::i32 raw.rotation.flip = 0
                                                                                                      c2::i32 raw.rotation.value = 0
                                                                                                      c2::u32 raw.sar.height = 1
                                                                                                      c2::u32 raw.sar.width = 1
