2026-01-30 12:13:53.081 31051-31081 ishit.player.v2         com.fishit.player.v2                 I  Background concurrent copying GC freed 869156(37MB) AllocSpace objects, 0(0B) LOS objects, 38% free, 38MB/62MB, paused 125us,88us total 114.820ms
2026-01-30 12:13:53.140 31051-31297 CatalogSyncService      com.fishit.player.v2                 D  Xtream live batch complete (NX): ingested=419 total_ms=9723
2026-01-30 12:13:53.142 31051-31297 CatalogSyncService      com.fishit.player.v2                 D  Time-based flush LIVE: 419 items in 9724ms
2026-01-30 12:13:53.343 31051-663   SyncBatchManager        com.fishit.player.v2                 D  Time-based flush for LIVE: 385 items after 9927ms
2026-01-30 12:13:53.346 31051-663   SyncBatchManager        com.fishit.player.v2                 D  Flushing LIVE batch: 385 items (timeBased=true)
2026-01-30 12:13:53.348 31051-663   CatalogSyncService      com.fishit.player.v2                 D  Persisting Xtream live batch (NX-ONLY): 385 items
2026-01-30 12:13:53.368 31051-31051 ViewRootIm...nActivity] com.fishit.player.v2                 I  ViewPostIme pointer 0
2026-01-30 12:13:53.387 31051-31051 ViewRootIm...nActivity] com.fishit.player.v2                 I  ViewPostIme pointer 1
2026-01-30 12:13:53.562 31051-31081 ishit.player.v2         com.fishit.player.v2                 I  Background young concurrent copying GC freed 453176(16MB) AllocSpace objects, 0(0B) LOS objects, 2% free, 60MB/62MB, paused 406us,89us total 198.239ms
2026-01-30 12:13:53.570 31051-31051 ViewRootIm...nActivity] com.fishit.player.v2                 I  ViewPostIme pointer 0
2026-01-30 12:13:53.577 31051-31051 ViewRootIm...nActivity] com.fishit.player.v2                 I  ViewPostIme pointer 1
2026-01-30 12:13:53.848 31051-31081 ishit.player.v2         com.fishit.player.v2                 I  Background concurrent copying GC freed 1064425(45MB) AllocSpace objects, 0(0B) LOS objects, 39% free, 37MB/61MB, paused 361us,92us total 275.095ms
2026-01-30 12:13:56.165 31051-31326 CatalogSyncService      com.fishit.player.v2                 D  Xtream batch complete (HOT PATH/NX): ingested=400 total_ms=5443
2026-01-30 12:13:56.168 31051-663   XTC                     com.fishit.player.v2                 D  [VOD] DTO→Raw #3650 | id=xtream:vod:727616 | title="Young Ip Man: Crisis Time | 2023 | 6.1" | sourceType=XTREAM | Fields: ✓[year=2023, poster] ✗[plot, cast, director, backdrop, duration, tmdb]
2026-01-30 12:13:56.168 31051-31297 XTC                     com.fishit.player.v2                 D  [LIVE] DTO→Raw #3450 | id=xtream:live:35983 | title="BG: NOVA TV HD" | sourceType=XTREAM | Fields: ✓[poster] ✗[year, plot, cast, director, backdrop, duration, tmdb]
2026-01-30 12:13:56.169 31051-31326 XtreamCatalogScanWorker com.fishit.player.v2                 D  PROGRESS discovered=7100 persisted=6616 phase=null
2026-01-30 12:13:56.175 31051-663   XTC                     com.fishit.player.v2                 D  [VOD] DTO→Raw #3700 | id=xtream:vod:391869 | title="Batman v Superman: Dawn of Justice (2016" | sourceType=XTREAM | Fields: ✓[year=2016, poster] ✗[plot, cast, director, backdrop, duration, tmdb]
2026-01-30 12:13:56.178 31051-593   XtreamCatalogScanWorker com.fishit.player.v2                 D  PROGRESS discovered=7200 persisted=6616 phase=null
2026-01-30 12:13:56.179 31051-31297 XTC                     com.fishit.player.v2                 D  [LIVE] DTO→Raw #3500 | id=xtream:live:82078 | title="BULGARIA KIDS" | sourceType=XTREAM | Fields: ✓[] ✗[year, plot, cast, director, poster, backdrop, duration, tmdb]
2026-01-30 12:13:56.180 31051-593   SyncPerfMetrics         com.fishit.player.v2                 D  Phase LIVE started
2026-01-30 12:13:56.180 31051-593   XtreamCatalogScanWorker com.fishit.player.v2                 D  PROGRESS discovered=7219 persisted=6616 phase=LIVE
2026-01-30 12:13:56.184 31051-663   XTC                     com.fishit.player.v2                 D  [VOD] DTO→Raw #3750 | id=xtream:vod:391944 | title="Star Trek Beyond (2016)" | sourceType=XTREAM | Fields: ✓[year=2016, poster] ✗[plot, cast, director, backdrop, duration, tmdb]
2026-01-30 12:13:56.194 31051-663   XTC                     com.fishit.player.v2                 D  [VOD] DTO→Raw #3800 | id=xtream:vod:392000 | title="X-Men: Apocalypse (2016)" | sourceType=XTREAM | Fields: ✓[year=2016, poster] ✗[plot, cast, director, backdrop, duration, tmdb]
2026-01-30 12:13:56.195 31051-31326 XtreamCatalogScanWorker com.fishit.player.v2                 D  PROGRESS discovered=7300 persisted=6616 phase=null
2026-01-30 12:13:56.203 31051-663   XTC                     com.fishit.player.v2                 D  [VOD] DTO→Raw #3850 | id=xtream:vod:434474 | title="Dirty Harry (1971)" | sourceType=XTREAM | Fields: ✓[year=1971, poster] ✗[plot, cast, director, backdrop, duration, tmdb]
2026-01-30 12:13:56.204 31051-31308 XtreamCatalogScanWorker com.fishit.player.v2                 D  PROGRESS discovered=7400 persisted=6616 phase=null
2026-01-30 12:13:56.204 31051-31297 XTC                     com.fishit.player.v2                 D  [LIVE] DTO→Raw #3550 | id=xtream:live:82070 | title="BG: MAX Sport 3 HD" | sourceType=XTREAM | Fields: ✓[] ✗[year, plot, cast, director, poster, backdrop, duration, tmdb]
2026-01-30 12:13:56.211 31051-663   XTC                     com.fishit.player.v2                 D  [VOD] DTO→Raw #3900 | id=xtream:vod:434540 | title="Harry Potter und die Heiligtümer des Tod" | sourceType=XTREAM | Fields: ✓[year=2010, poster] ✗[plot, cast, director, backdrop, duration, tmdb]
2026-01-30 12:13:56.212 31051-31297 XTC                     com.fishit.player.v2                 D  [LIVE] DTO→Raw #3600 | id=xtream:live:43803 | title="AL: RTSH Plus" | sourceType=XTREAM | Fields: ✓[] ✗[year, plot, cast, director, poster, backdrop, duration, tmdb]
2026-01-30 12:13:56.215 31051-594   XtreamCatalogScanWorker com.fishit.player.v2                 D  PROGRESS discovered=7500 persisted=6616 phase=null
2026-01-30 12:13:56.221 31051-591   XTC                     com.fishit.player.v2                 D  [LIVE] DTO→Raw #3650 | id=xtream:live:23257 | title="AL: TV Mitrovica" | sourceType=XTREAM | Fields: ✓[] ✗[year, plot, cast, director, poster, backdrop, duration, tmdb]
2026-01-30 12:13:56.227 31051-31304 XTC                     com.fishit.player.v2                 D  [VOD] DTO→Raw #3950 | id=xtream:vod:434605 | title="Kill Bill - Volume 1 (2003)" | sourceType=XTREAM | Fields: ✓[year=2003, poster] ✗[plot, cast, director, backdrop, duration, tmdb]
2026-01-30 12:13:56.229 31051-594   XtreamCatalogScanWorker com.fishit.player.v2                 D  PROGRESS discovered=7600 persisted=6616 phase=null
2026-01-30 12:13:56.232 31051-591   XTC                     com.fishit.player.v2                 D  [LIVE] DTO→Raw #3700 | id=xtream:live:101384 | title="AL: PEACE TV" | sourceType=XTREAM | Fields: ✓[] ✗[year, plot, cast, director, poster, backdrop, duration, tmdb]
2026-01-30 12:13:56.238 31051-31308 XTC                     com.fishit.player.v2                 D  [VOD] DTO→Raw #4000 | id=xtream:vod:434668 | title="Return of the Footsoldier (2015)" | sourceType=XTREAM | Fields: ✓[year=2015, poster] ✗[plot, cast, director, backdrop, duration, tmdb]
2026-01-30 12:13:56.238 31051-594   XtreamCatalogScanWorker com.fishit.player.v2                 D  PROGRESS discovered=7700 persisted=6616 phase=null
2026-01-30 12:13:56.239 31051-594   SyncBatchManager        com.fishit.player.v2                 D  Flushing MOVIES batch: 400 items (timeBased=false)
2026-01-30 12:13:56.239 31051-594   CatalogSyncService      com.fishit.player.v2                 D  Persisting Xtream catalog batch (NX-ONLY): 400 items (canonical_linking=false)
2026-01-30 12:13:56.246 31051-31304 XTC                     com.fishit.player.v2                 D  [LIVE] DTO→Raw #3750 | id=xtream:live:705095 | title="AL: KS Çiftelia" | sourceType=XTREAM | Fields: ✓[] ✗[year, plot, cast, director, poster, backdrop, duration, tmdb]
2026-01-30 12:13:57.836 31051-594   CatalogSyncService      com.fishit.player.v2                 D  Xtream live batch complete (NX): ingested=385 total_ms=4489
2026-01-30 12:13:57.836 31051-594   CatalogSyncService      com.fishit.player.v2                 D  Time-based flush LIVE: 385 items in 4489ms
2026-01-30 12:13:58.037 31051-594   SyncBatchManager        com.fishit.player.v2                 D  Time-based flush for LIVE: 316 items after 4693ms
2026-01-30 12:13:58.037 31051-594   SyncBatchManager        com.fishit.player.v2                 D  Flushing LIVE batch: 316 items (timeBased=true)
2026-01-30 12:13:58.037 31051-594   CatalogSyncService      com.fishit.player.v2                 D  Persisting Xtream live batch (NX-ONLY): 316 items
2026-01-30 12:13:59.564 31051-31051 ViewRootIm...nActivity] com.fishit.player.v2                 I  ViewPostIme pointer 0
2026-01-30 12:13:59.630 31051-31051 ViewRootIm...nActivity] com.fishit.player.v2                 I  ViewPostIme pointer 1
2026-01-30 12:14:03.316 31051-31051 ViewRootIm...nActivity] com.fishit.player.v2                 I  handleWindowFocusChanged: 0 0 call from android.view.ViewRootImpl.-$$Nest$mhandleWindowFocusChanged:0
2026-01-30 12:14:03.316 31051-31051 ImeFocusController      com.fishit.player.v2                 I  onPreWindowFocus: skipped, hasWindowFocus=false mHasImeFocus=true
2026-01-30 12:14:03.317 31051-31051 ImeFocusController      com.fishit.player.v2                 I  onPostWindowFocus: skipped, hasWindowFocus=false mHasImeFocus=true
2026-01-30 12:14:03.424 31051-31051 ViewRootIm...nActivity] com.fishit.player.v2                 I  handleAppVisibility mAppVisible = true visible = false
2026-01-30 12:14:03.437 31051-31051 ViewRootIm...nActivity] com.fishit.player.v2                 I  destroyHardwareResources: Callers=android.view.ViewRootImpl.performTraversals:3932 android.view.ViewRootImpl.doTraversal:3288 android.view.ViewRootImpl$TraversalRunnable.run:11344 android.view.Choreographer$CallbackRecord.run:1689 android.view.Choreographer$CallbackRecord.run:1698 android.view.Choreographer.doCallbacks:1153 android.view.Choreographer.doFrame:1079 android.view.Choreographer$FrameDisplayEventReceiver.run:1646 android.os.Handler.handleCallback:958 android.os.Handler.dispatchMessage:99
2026-01-30 12:14:03.440 31051-31332 OpenGLRenderer          com.fishit.player.v2                 D  CacheManager::trimMemory(20)
2026-01-30 12:14:03.464 31051-31051 ViewRootIm...nActivity] com.fishit.player.v2                 I  Relayout returned: old=(0,0,1080,2400) new=(0,0,1080,2400) relayoutAsync=false req=(1080,2400)8 dur=21 res=0x402 s={false 0x0} ch=true seqId=0
2026-01-30 12:14:03.466 31051-31332 OpenGLRenderer          com.fishit.player.v2                 D  CacheManager::trimMemory(20)
2026-01-30 12:14:03.471 31051-31051 ViewRootIm...nActivity] com.fishit.player.v2                 I  stopped(true) old = false
2026-01-30 12:14:03.471 31051-31051 ViewRootIm...nActivity] com.fishit.player.v2                 D  WindowStopped on com.fishit.player.v2/com.fishit.player.v2.MainActivity set to true
2026-01-30 12:14:03.471 31051-31332 OpenGLRenderer          com.fishit.player.v2                 D  CacheManager::trimMemory(20)
2026-01-30 12:14:03.477 31051-31051 InputTransport          com.fishit.player.v2                 D  Input channel destroyed: 'ClientS', fd=136
2026-01-30 12:14:03.478 31051-31051 WM-SystemJobService     com.fishit.player.v2                 D  onStopJob for WorkGenerationalId(workSpecId=b0f1917a-05e8-4a45-aa52-d58dccfb5919, generation=0)
2026-01-30 12:14:03.481 31051-31297 NxCatalogWriter         com.fishit.player.v2                 W  Ingest cancelled for: Rambo III
2026-01-30 12:14:03.482 31051-31297 CatalogSyncService      com.fishit.player.v2                 W  HOT PATH: Failed to ingest xtream:vod:434666: Job was cancelled
2026-01-30 12:14:03.483 31051-591   StreamingJsonParser     com.fishit.player.v2                 W  streamInBatches mapper error #1: Job was cancelled
2026-01-30 12:14:03.483 31051-912   StreamingJsonParser     com.fishit.player.v2                 W  streamInBatches mapper error #1: Job was cancelled
2026-01-30 12:14:03.484 31051-31352 WM-Processor            com.fishit.player.v2                 D  WorkerWrapper interrupted for b0f1917a-05e8-4a45-aa52-d58dccfb5919
2026-01-30 12:14:03.485 31051-31352 WM-StopWorkRunnable     com.fishit.player.v2                 D  StopWorkRunnable for b0f1917a-05e8-4a45-aa52-d58dccfb5919; Processor.stopWork = true
2026-01-30 12:14:03.493  1438-5772  WindowManager           system_server                        E  win=Window{7f129cf u0 com.fishit.player.v2/com.fishit.player.v2.MainActivity} destroySurfaces: appStopped=true cleanupOnResume=false win.mWindowRemovalAllowed=false win.mRemoveOnExit=false win.mViewVisibility=8 caller=com.android.server.wm.ActivityRecord.destroySurfaces:6949 com.android.server.wm.ActivityRecord.destroySurfaces:6930 com.android.server.wm.ActivityRecord.activityStopped:7630 com.android.server.wm.ActivityClientController.activityStopped:321 android.app.IActivityClientController$Stub.onTransact:702 com.android.server.wm.ActivityClientController.onTransact:186 android.os.Binder.execTransactInternal:1380
2026-01-30 12:14:03.496 31051-31351 WM-WorkerWrapper        com.fishit.player.v2                 I  Work [ id=b0f1917a-05e8-4a45-aa52-d58dccfb5919, tags={ com.fishit.player.v2.work.XtreamCatalogScanWorker,catalog_sync,source_xtream,worker/XtreamCatalogScanWorker } ] was cancelled
                                                                                                    androidx.work.impl.WorkerStoppedException
                                                                                                    	at androidx.work.impl.WorkerWrapper.interrupt(WorkerWrapper.kt:348)
                                                                                                    	at androidx.work.impl.Processor.interrupt(Processor.java:439)
                                                                                                    	at androidx.work.impl.Processor.stopWork(Processor.java:259)
                                                                                                    	at androidx.work.impl.utils.StopWorkRunnable.run(StopWorkRunnable.kt:49)
                                                                                                    	at androidx.work.impl.utils.SerialExecutorImpl$Task.run(SerialExecutorImpl.java:96)
                                                                                                    	at java.util.concurrent.ThreadPoolExecutor.runWorker(ThreadPoolExecutor.java:1145)
                                                                                                    	at java.util.concurrent.ThreadPoolExecutor$Worker.run(ThreadPoolExecutor.java:644)
                                                                                                    	at java.lang.Thread.run(Thread.java:1012)
2026-01-30 12:14:03.499 31051-31051 LeakCanary              com.fishit.player.v2                 D  Watching instance of androidx.work.impl.background.systemjob.SystemJobService (androidx.work.impl.background.systemjob.SystemJobService received Service#onDestroy() callback) with key 15a1ab83-605d-4f3e-81f2-e3f4ca482079
2026-01-30 12:14:03.501 31051-31351 WM-WorkerWrapper        com.fishit.player.v2                 D  Status for b0f1917a-05e8-4a45-aa52-d58dccfb5919 is RUNNING; not doing any work and rescheduling for later execution
2026-01-30 12:14:03.513 31051-31308 NxCatalogWriter         com.fishit.player.v2                 W  Ingest cancelled for: AL: PEACE TV
2026-01-30 12:14:03.515 31051-31297 NxCatalogWriter         com.fishit.player.v2                 W  Ingest cancelled for: Rambo - Last Blood
2026-01-30 12:14:03.517 31051-31297 CatalogSyncService      com.fishit.player.v2                 W  HOT PATH: Failed to ingest xtream:vod:434667: Job was cancelled
2026-01-30 12:14:03.519 31051-31297 NxCatalogWriter         com.fishit.player.v2                 W  Ingest cancelled for: Return of the Footsoldier
2026-01-30 12:14:03.520 31051-31308 CatalogSyncService      com.fishit.player.v2                 W  Failed to ingest live channel xtream:live:101384: Job was cancelled
2026-01-30 12:14:03.520 31051-31297 CatalogSyncService      com.fishit.player.v2                 W  HOT PATH: Failed to ingest xtream:vod:434668: Job was cancelled
2026-01-30 12:14:03.521 31051-31297 CatalogSyncService      com.fishit.player.v2                 D  Xtream batch complete (HOT PATH/NX): ingested=397 total_ms=7282
2026-01-30 12:14:03.523 31051-31297 SyncPerfMetrics         com.fishit.player.v2                 D  Phase MOVIES started
2026-01-30 12:14:03.531 31051-31051 WM-Processor            com.fishit.player.v2                 D  Processor b0f1917a-05e8-4a45-aa52-d58dccfb5919 executed; reschedule = true
2026-01-30 12:14:03.534 31051-31308 NxCatalogWriter         com.fishit.player.v2                 W  Ingest cancelled for: AL: Rtv Islam
2026-01-30 12:14:03.536 31051-31308 CatalogSyncService      com.fishit.player.v2                 W  Failed to ingest live channel xtream:live:101386: Job was cancelled
2026-01-30 12:14:03.539 31051-31308 NxCatalogWriter         com.fishit.player.v2                 W  Ingest cancelled for: AL: RTV Islam
2026-01-30 12:14:03.543 31051-31351 WM-GreedyScheduler      com.fishit.player.v2                 D  Cancelling work ID b0f1917a-05e8-4a45-aa52-d58dccfb5919
2026-01-30 12:14:03.570 31051-31308 CatalogSyncService      com.fishit.player.v2                 W  Failed to ingest live channel xtream:live:101387: Job was cancelled
2026-01-30 12:14:03.571 31051-31351 WM-SystemJobScheduler   com.fishit.player.v2                 D  Scheduling work ID b0f1917a-05e8-4a45-aa52-d58dccfb5919Job ID 5
2026-01-30 12:14:03.575 31051-31351 WM-GreedyScheduler      com.fishit.player.v2                 D  Starting work for b0f1917a-05e8-4a45-aa52-d58dccfb5919
2026-01-30 12:14:03.594 31051-31308 NxCatalogWriter         com.fishit.player.v2                 W  Ingest cancelled for: AL: TV Meka Live
2026-01-30 12:14:03.595 31051-31308 CatalogSyncService      com.fishit.player.v2                 W  Failed to ingest live channel xtream:live:101389: Job was cancelled
2026-01-30 12:14:03.598 31051-31308 NxCatalogWriter         com.fishit.player.v2                 W  Ingest cancelled for: AL: Boomerang
2026-01-30 12:14:03.600 31051-31353 WM-Processor            com.fishit.player.v2                 D  Processor: processing WorkGenerationalId(workSpecId=b0f1917a-05e8-4a45-aa52-d58dccfb5919, generation=0)
2026-01-30 12:14:03.606 31051-31308 CatalogSyncService      com.fishit.player.v2                 W  Failed to ingest live channel xtream:live:101392: Job was cancelled
2026-01-30 12:14:03.609 31051-31308 NxCatalogWriter         com.fishit.player.v2                 W  Ingest cancelled for: AL: Disney Junior
2026-01-30 12:14:03.615 31051-31308 CatalogSyncService      com.fishit.player.v2                 W  Failed to ingest live channel xtream:live:101396: Job was cancelled
2026-01-30 12:14:03.617 31051-31308 NxCatalogWriter         com.fishit.player.v2                 W  Ingest cancelled for: AL: Duck TV
2026-01-30 12:14:03.627 31051-31308 CatalogSyncService      com.fishit.player.v2                 W  Failed to ingest live channel xtream:live:101397: Job was cancelled
2026-01-30 12:14:03.629 31051-31308 NxCatalogWriter         com.fishit.player.v2                 W  Ingest cancelled for: AL: TV Opoja
2026-01-30 12:14:03.630 31051-31308 CatalogSyncService      com.fishit.player.v2                 W  Failed to ingest live channel xtream:live:348807: Job was cancelled
2026-01-30 12:14:03.632 31051-31308 NxCatalogWriter         com.fishit.player.v2                 W  Ingest cancelled for: AL: ASHKALI TV 1
2026-01-30 12:14:03.632 31051-31308 CatalogSyncService      com.fishit.player.v2                 W  Failed to ingest live channel xtream:live:766034: Job was cancelled
2026-01-30 12:14:03.634 31051-31308 NxCatalogWriter         com.fishit.player.v2                 W  Ingest cancelled for: AL: ASHKALI TV 2
2026-01-30 12:14:03.641 31051-31051 WM-WorkerWrapper        com.fishit.player.v2                 D  Starting work for com.fishit.player.v2.work.XtreamCatalogScanWorker
2026-01-30 12:14:03.642 31051-31308 CatalogSyncService      com.fishit.player.v2                 W  Failed to ingest live channel xtream:live:766035: Job was cancelled
2026-01-30 12:14:03.643 31051-31297 XtreamCatalogScanWorker com.fishit.player.v2                 I  START sync_run_id=ed140eba-c109-4831-95ee-2efc8374bc88 mode=auto source=XTREAM scope=INCREMENTAL runtimeBudgetMs=900000 checkpoint=xtream|v=2|phase=VOD_LIST|offset=0
2026-01-30 12:14:03.645 31051-31308 NxCatalogWriter         com.fishit.player.v2                 W  Ingest cancelled for: AL: Klan Music ♫
2026-01-30 12:14:03.645 31051-31308 CatalogSyncService      com.fishit.player.v2                 W  Failed to ingest live channel xtream:live:348811: Job was cancelled
2026-01-30 12:14:03.646 31051-31297 RuntimeGuards           com.fishit.player.v2                 D  Manual sync (auto) - skipping battery guard (level=61%)
2026-01-30 12:14:03.646 31051-31297 XtreamCatalogScanWorker com.fishit.player.v2                 D  Catalog sync: includeVod=true includeSeries=true includeEpisodes=false (lazy) includeLive=true scope=INCREMENTAL enhanced=true
2026-01-30 12:14:03.647 31051-31297 XtreamCatalogScanWorker com.fishit.player.v2                 I  Using CHANNEL-BUFFERED sync: buffer=1000, consumers=3 (25-30% faster than enhanced sync)
2026-01-30 12:14:03.647 31051-31297 XtreamCatalogScanWorker com.fishit.player.v2                 D  Channel-buffered catalog sync started
2026-01-30 12:14:03.647 31051-31297 CatalogSyncService      com.fishit.player.v2                 I  Starting channel-buffered Xtream sync: buffer=1000, consumers=3
2026-01-30 12:14:03.651 31051-31304 XtreamCatalogPipeline   com.fishit.player.v2                 I  Starting Xtream catalog scan: vod=true, series=true, episodes=false, live=true
2026-01-30 12:14:03.652 31051-31308 NxCatalogWriter         com.fishit.player.v2                 W  Ingest cancelled for: AL: KS Cifteli FHD
2026-01-30 12:14:03.652 31051-31308 CatalogSyncService      com.fishit.player.v2                 W  Failed to ingest live channel xtream:live:348812: Job was cancelled
2026-01-30 12:14:03.653 31051-663   XtreamCatalogPipeline   com.fishit.player.v2                 D  [LIVE] Starting parallel scan (streaming)...
2026-01-30 12:14:03.654 31051-31308 NxCatalogWriter         com.fishit.player.v2                 W  Ingest cancelled for: AL: Roma Tv
2026-01-30 12:14:03.655 31051-31308 CatalogSyncService      com.fishit.player.v2                 W  Failed to ingest live channel xtream:live:348813: Job was cancelled
2026-01-30 12:14:03.656 31051-31308 NxCatalogWriter         com.fishit.player.v2                 W  Ingest cancelled for: AL: Kinema DUCK
2026-01-30 12:14:03.657 31051-31308 CatalogSyncService      com.fishit.player.v2                 W  Failed to ingest live channel xtream:live:348817: Job was cancelled
2026-01-30 12:14:03.663 31051-663   XtreamApiClient         com.fishit.player.v2                 D  buildPlayerApiUrl: action=get_live_streams -> konigtv.com/player_api.php
2026-01-30 12:14:03.666 31051-663   XtreamApiClient         com.fishit.player.v2                 D  streamFromUrl: CALLED for konigtv.com/player_api.php
2026-01-30 12:14:03.670 31051-31308 NxCatalogWriter         com.fishit.player.v2                 W  Ingest cancelled for: AL: WebStar Histori Shqip
2026-01-30 12:14:03.671 31051-31308 CatalogSyncService      com.fishit.player.v2                 W  Failed to ingest live channel xtream:live:348820: Job was cancelled
2026-01-30 12:14:03.673 31051-31308 NxCatalogWriter         com.fishit.player.v2                 W  Ingest cancelled for: AL: Topestrada
2026-01-30 12:14:03.674 31051-31308 CatalogSyncService      com.fishit.player.v2                 W  Failed to ingest live channel xtream:live:353638: Job was cancelled
2026-01-30 12:14:03.675 31051-31308 NxCatalogWriter         com.fishit.player.v2                 W  Ingest cancelled for: AL: Alb Humor 2
2026-01-30 12:14:03.676 31051-31308 CatalogSyncService      com.fishit.player.v2                 W  Failed to ingest live channel xtream:live:101634: Job was cancelled
2026-01-30 12:14:03.678 31051-31308 NxCatalogWriter         com.fishit.player.v2                 W  Ingest cancelled for: AL: Alb’swiss TV
2026-01-30 12:14:03.687 31051-31308 CatalogSyncService      com.fishit.player.v2                 W  Failed to ingest live channel xtream:live:353672: Job was cancelled
2026-01-30 12:14:03.688 31051-31308 CatalogSyncService      com.fishit.player.v2                 D  Xtream live batch complete (NX): ingested=298 total_ms=5650
2026-01-30 12:14:03.688 31051-31308 CatalogSyncService      com.fishit.player.v2                 D  Time-based flush LIVE: 316 items in 5651ms
2026-01-30 12:14:04.020 31051-663   XtreamApiClient         com.fishit.player.v2                 D  StreamingFetch: Detected GZIP for konigtv.com/player_api.php (manual decompression)
2026-01-30 12:14:04.021 31051-663   XtreamApiClient         com.fishit.player.v2                 D  StreamingFetch: Success for konigtv.com/player_api.php, streaming response
2026-01-30 12:14:04.027 31051-663   XtreamApiClient         com.fishit.player.v2                 D  streamFromUrl: Starting StreamingJsonParser.streamInBatches() for konigtv.com/player_api.php
2026-01-30 12:14:04.135 31051-663   XTC                     com.fishit.player.v2                 D  [LIVE] DTO→Raw #1 | id=xtream:live:81568 | title="DE HEVC" | sourceType=XTREAM | Fields: ✓[poster] ✗[year, plot, cast, director, backdrop, duration, tmdb]
2026-01-30 12:14:04.162 31051-31297 XtreamCatalogPipeline   com.fishit.player.v2                 D  [VOD] Starting parallel scan (streaming)...
2026-01-30 12:14:04.170 31051-31297 XtreamApiClient         com.fishit.player.v2                 D  buildPlayerApiUrl: action=get_vod_streams -> konigtv.com/player_api.php
2026-01-30 12:14:04.202 31051-31297 XtreamApiClient         com.fishit.player.v2                 D  streamFromUrl: CALLED for konigtv.com/player_api.php
2026-01-30 12:14:04.354 31051-663   XTC                     com.fishit.player.v2                 D  [LIVE] DTO→Raw #50 | id=xtream:live:71808 | title="DE: Deluxe Music HEVC" | sourceType=XTREAM | Fields: ✓[poster] ✗[year, plot, cast, director, backdrop, duration, tmdb]
2026-01-30 12:14:04.542 31051-663   XTC                     com.fishit.player.v2                 D  [LIVE] DTO→Raw #100 | id=xtream:live:49200 | title="DE: Pro 7 Maxx FHD" | sourceType=XTREAM | Fields: ✓[poster] ✗[year, plot, cast, director, backdrop, duration, tmdb]
2026-01-30 12:14:04.587 31051-31081 ishit.player.v2         com.fishit.player.v2                 I  Background concurrent copying GC freed 1057227(39MB) AllocSpace objects, 0(0B) LOS objects, 45% free, 28MB/52MB, paused 394us,324us total 775.483ms
2026-01-30 12:14:04.608 31051-663   XTC                     com.fishit.player.v2                 D  [LIVE] DTO→Raw #150 | id=xtream:live:361561 | title="DE: NDR Hamburg" | sourceType=XTREAM | Fields: ✓[poster] ✗[year, plot, cast, director, backdrop, duration, tmdb]
2026-01-30 12:14:04.672 31051-663   XTC                     com.fishit.player.v2                 D  [LIVE] DTO→Raw #200 | id=xtream:live:197779 | title="DE: QVC STYLE TV" | sourceType=XTREAM | Fields: ✓[poster] ✗[year, plot, cast, director, backdrop, duration, tmdb]
2026-01-30 12:14:04.738 31051-663   XTC                     com.fishit.player.v2                 D  [LIVE] DTO→Raw #250 | id=xtream:live:67411 | title="DE: Bndliga 7 SD" | sourceType=XTREAM | Fields: ✓[poster] ✗[year, plot, cast, director, backdrop, duration, tmdb]
2026-01-30 12:14:04.812 31051-663   XTC                     com.fishit.player.v2                 D  [LIVE] DTO→Raw #300 | id=xtream:live:354423 | title="DE: Bundesliga Tivibu 2 (Türkisch)" | sourceType=XTREAM | Fields: ✓[poster] ✗[year, plot, cast, director, backdrop, duration, tmdb]
2026-01-30 12:14:04.862 31051-31051 ViewRootIm...nActivity] com.fishit.player.v2                 I  handleAppVisibility mAppVisible = false visible = true
2026-01-30 12:14:04.864 31051-31051 ViewRootIm...nActivity] com.fishit.player.v2                 I  stopped(false) old = true
2026-01-30 12:14:04.864 31051-31051 ViewRootIm...nActivity] com.fishit.player.v2                 D  WindowStopped on com.fishit.player.v2/com.fishit.player.v2.MainActivity set to false
2026-01-30 12:14:04.908 31051-31051 BLASTBufferQueue_Java   com.fishit.player.v2                 I  new BLASTBufferQueue, mName= ViewRootImpl@7302557[MainActivity] mNativeObject= 0xb400007a14e41510 sc.mNativeObject= 0xb400007b04e3fed0 caller= android.view.ViewRootImpl.updateBlastSurfaceIfNeeded:3028 android.view.ViewRootImpl.relayoutWindow:10131 android.view.ViewRootImpl.performTraversals:4110 android.view.ViewRootImpl.doTraversal:3288 android.view.ViewRootImpl$TraversalRunnable.run:11344 android.view.Choreographer$CallbackRecord.run:1689 android.view.Choreographer$CallbackRecord.run:1698 android.view.Choreographer.doCallbacks:1153 android.view.Choreographer.doFrame:1079 android.view.Choreographer$FrameDisplayEventReceiver.run:1646
2026-01-30 12:14:04.909 31051-31051 BLASTBufferQueue_Java   com.fishit.player.v2                 I  update, w= 1080 h= 2400 mName = ViewRootImpl@7302557[MainActivity] mNativeObject= 0xb400007a14e41510 sc.mNativeObject= 0xb400007b04e3fed0 format= -1 caller= android.graphics.BLASTBufferQueue.<init>:89 android.view.ViewRootImpl.updateBlastSurfaceIfNeeded:3028 android.view.ViewRootImpl.relayoutWindow:10131 android.view.ViewRootImpl.performTraversals:4110 android.view.ViewRootImpl.doTraversal:3288 android.view.ViewRootImpl$TraversalRunnable.run:11344
2026-01-30 12:14:04.909 31051-31051 ViewRootIm...nActivity] com.fishit.player.v2                 I  Relayout returned: old=(0,0,1080,2400) new=(0,0,1080,2400) relayoutAsync=false req=(1080,2400)0 dur=34 res=0x403 s={true 0xb400007994e99520} ch=true seqId=0
2026-01-30 12:14:04.910 31051-31051 ViewRootIm...nActivity] com.fishit.player.v2                 D  mThreadedRenderer.initialize() mSurface={isValid=true 0xb400007994e99520} hwInitialized=true
2026-01-30 12:14:04.912 31051-31051 ViewRootIm...nActivity] com.fishit.player.v2                 D  reportNextDraw android.view.ViewRootImpl.performTraversals:4718 android.view.ViewRootImpl.doTraversal:3288 android.view.ViewRootImpl$TraversalRunnable.run:11344 android.view.Choreographer$CallbackRecord.run:1689 android.view.Choreographer$CallbackRecord.run:1698
2026-01-30 12:14:04.913 31051-31051 ViewRootIm...nActivity] com.fishit.player.v2                 I  Setup new sync=wmsSync-ViewRootImpl@7302557[MainActivity]#4
2026-01-30 12:14:04.913 31051-31051 ViewRootIm...nActivity] com.fishit.player.v2                 I  Creating new active sync group ViewRootImpl@7302557[MainActivity]#5
2026-01-30 12:14:04.914 31051-31051 ViewRootIm...nActivity] com.fishit.player.v2                 I  registerCallbacksForSync syncBuffer=false
2026-01-30 12:14:04.917 31051-663   XTC                     com.fishit.player.v2                 D  [LIVE] DTO→Raw #350 | id=xtream:live:181819 | title="MyTeam TV - 7" | sourceType=XTREAM | Fields: ✓[poster] ✗[year, plot, cast, director, backdrop, duration, tmdb]
2026-01-30 12:14:04.919 31051-31392 ViewRootIm...nActivity] com.fishit.player.v2                 I  Received frameDrawingCallback syncResult=0 frameNum=1.
2026-01-30 12:14:04.920 31051-31392 ViewRootIm...nActivity] com.fishit.player.v2                 I  mWNT: t=0xb4000078e4ee3d30 mBlastBufferQueue=0xb400007a14e41510 fn= 1 mRenderHdrSdrRatio=1.0 caller= android.view.ViewRootImpl$8.onFrameDraw:13841 android.view.ThreadedRenderer$1.onFrameDraw:792 <bottom of call stack>
2026-01-30 12:14:04.920 31051-31392 ViewRootIm...nActivity] com.fishit.player.v2                 I  Setting up sync and frameCommitCallback
2026-01-30 12:14:04.925 31051-31332 BLASTBufferQueue        com.fishit.player.v2                 I  [ViewRootImpl@7302557[MainActivity]#2](f:0,a:0,s:0) onFrameAvailable the first frame is available
2026-01-30 12:14:04.926 31051-31332 ViewRootIm...nActivity] com.fishit.player.v2                 I  Received frameCommittedCallback lastAttemptedDrawFrameNum=1 didProduceBuffer=true
2026-01-30 12:14:04.927 31051-31051 ViewRootIm...nActivity] com.fishit.player.v2                 I  reportDrawFinished seqId=0
2026-01-30 12:14:04.929 31051-31051 InsetsSourceConsumer    com.fishit.player.v2                 I  applyRequestedVisibilityToControl: visible=true, type=navigationBars, host=com.fishit.player.v2/com.fishit.player.v2.MainActivity
2026-01-30 12:14:04.930 31051-31051 InsetsSourceConsumer    com.fishit.player.v2                 I  applyRequestedVisibilityToControl: visible=true, type=statusBars, host=com.fishit.player.v2/com.fishit.player.v2.MainActivity
2026-01-30 12:14:04.968 31051-31051 WM-SystemJobService     com.fishit.player.v2                 D  onStartJob for WorkGenerationalId(workSpecId=b0f1917a-05e8-4a45-aa52-d58dccfb5919, generation=0)
2026-01-30 12:14:04.987 31051-31352 WM-Processor            com.fishit.player.v2                 D  Work WorkGenerationalId(workSpecId=b0f1917a-05e8-4a45-aa52-d58dccfb5919, generation=0) is already enqueued for processing
2026-01-30 12:14:04.987 31051-31051 ViewRootIm...nActivity] com.fishit.player.v2                 I  handleWindowFocusChanged: 1 0 call from android.view.ViewRootImpl.-$$Nest$mhandleWindowFocusChanged:0
2026-01-30 12:14:04.988 31051-31051 ViewRootIm...nActivity] com.fishit.player.v2                 D  mThreadedRenderer.initializeIfNeeded()#2 mSurface={isValid=true 0xb400007994e99520}
2026-01-30 12:14:04.990 31051-31051 InputMethodManagerUtils com.fishit.player.v2                 D  startInputInner - Id : 0
2026-01-30 12:14:04.990 31051-31051 InputMethodManager      com.fishit.player.v2                 I  startInputInner - IInputMethodManagerGlobalInvoker.startInputOrWindowGainedFocus
2026-01-30 12:14:05.000 31051-663   XTC                     com.fishit.player.v2                 D  [LIVE] DTO→Raw #400 | id=xtream:live:795605 | title="DE: DEL2 EVENT 16" | sourceType=XTREAM | Fields: ✓[poster] ✗[year, plot, cast, director, backdrop, duration, tmdb]
2026-01-30 12:14:05.019 31051-31051 InsetsSourceConsumer    com.fishit.player.v2                 I  applyRequestedVisibilityToControl: visible=false, type=ime, host=com.fishit.player.v2/com.fishit.player.v2.MainActivity
2026-01-30 12:14:05.029 31051-31090 ViewRootIm...nActivity] com.fishit.player.v2                 I  Resizing android.view.ViewRootImpl@6c36d16: frame = [0,0][1080,2400] reportDraw = false forceLayout = false syncSeqId = -1
2026-01-30 12:14:05.030 31051-31051 ViewRootIm...nActivity] com.fishit.player.v2                 I  handleResized, msg = 4 frames=ClientWindowFrames{frame=[0,0][1080,2400] display=[0,0][1080,2400] parentFrame=[0,0][0,0]} forceNextWindowRelayout=false displayId=0 dragResizing=false compatScale=1.0 frameChanged=false attachedFrameChanged=false configChanged=false displayChanged=false compatScaleChanged=false
2026-01-30 12:14:05.056 31051-663   XTC                     com.fishit.player.v2                 D  [LIVE] DTO→Raw #450 | id=xtream:live:792958 | title="DE: RTL+ SPORT EVENT 17" | sourceType=XTREAM | Fields: ✓[poster] ✗[year, plot, cast, director, backdrop, duration, tmdb]
2026-01-30 12:14:05.069 31051-591   StreamingJsonParser     com.fishit.player.v2                 W  streamInBatches: 1 errors, 11627 items in 24 batches
2026-01-30 12:14:05.070 31051-591   XtreamApiClient         com.fishit.player.v2                 D  StreamBatch: 11627 items in 24 batches (54046ms) | errors=1
2026-01-30 12:14:05.070 31051-591   XtreamApiClient         com.fishit.player.v2                 D  streamContentInBatches(get_live_streams): 11627 items with category_id=*
2026-01-30 12:14:05.071 31051-591   XtreamCatalogPipeline   com.fishit.player.v2                 W  [LIVE] Scan failed: Failed to stream live channels
2026-01-30 12:14:05.094 31051-663   XTC                     com.fishit.player.v2                 D  [LIVE] DTO→Raw #500 | id=xtream:live:797354 | title="DE: DAZN EVENT 26 HD" | sourceType=XTREAM | Fields: ✓[poster] ✗[year, plot, cast, director, backdrop, duration, tmdb]
2026-01-30 12:14:05.372 31051-663   XtreamApiClient         com.fishit.player.v2                 D  StreamBatch: 11627 items in 24 batches (1350ms) | errors=0
2026-01-30 12:14:05.372 31051-663   XtreamApiClient         com.fishit.player.v2                 D  streamContentInBatches(get_live_streams): 11627 items with category_id=*
2026-01-30 12:14:05.373 31051-663   XtreamCatalogPipeline   com.fishit.player.v2                 W  [LIVE] Scan failed: Failed to stream live channels
2026-01-30 12:14:05.721 31051-31297 XtreamApiClient         com.fishit.player.v2                 D  StreamingFetch: Detected GZIP for konigtv.com/player_api.php (manual decompression)
2026-01-30 12:14:05.723 31051-31297 XtreamApiClient         com.fishit.player.v2                 D  StreamingFetch: Success for konigtv.com/player_api.php, streaming response
2026-01-30 12:14:05.724 31051-31297 XtreamApiClient         com.fishit.player.v2                 D  streamFromUrl: Starting StreamingJsonParser.streamInBatches() for konigtv.com/player_api.php
2026-01-30 12:14:06.304 31051-912   StreamingJsonParser     com.fishit.player.v2                 W  streamInBatches: 1 errors, 43761 items in 88 batches
2026-01-30 12:14:06.304 31051-912   XtreamApiClient         com.fishit.player.v2                 D  StreamBatch: 43761 items in 88 batches (53764ms) | errors=1
2026-01-30 12:14:06.305 31051-912   XtreamApiClient         com.fishit.player.v2                 D  streamContentInBatches(get_vod_streams): 43761 items with category_id=*
2026-01-30 12:14:06.305 31051-912   XtreamCatalogPipeline   com.fishit.player.v2                 W  [VOD] Scan failed: Failed to stream VOD items
2026-01-30 12:14:06.306 31051-912   XtreamCatalogPipeline   com.fishit.player.v2                 I  Scan cancelled by coroutine cancellation
2026-01-30 12:14:06.307 31051-912   CatalogSyncService      com.fishit.player.v2                 W  Enhanced sync cancelled: 7717 items persisted
2026-01-30 12:14:06.951 31051-31297 XtreamApiClient         com.fishit.player.v2                 D  StreamBatch: 43761 items in 88 batches (1228ms) | errors=0
2026-01-30 12:14:06.951 31051-31297 XtreamApiClient         com.fishit.player.v2                 D  streamContentInBatches(get_vod_streams): 43761 items with category_id=*
2026-01-30 12:14:06.952 31051-31297 XtreamCatalogPipeline   com.fishit.player.v2                 W  [VOD] Scan failed: Failed to stream VOD items
2026-01-30 12:14:06.952 31051-31297 XtreamCatalogPipeline   com.fishit.player.v2                 I  Scan cancelled by coroutine cancellation
2026-01-30 12:14:06.954 31051-31297 CatalogSyncService      com.fishit.player.v2                 D  Producer finished: 500 items sent, 0 backpressure events
2026-01-30 12:14:06.954 31051-31304 CatalogSyncService      com.fishit.player.v2                 D  Consumer#2: Flushing 163 remaining items
2026-01-30 12:14:06.954 31051-663   CatalogSyncService      com.fishit.player.v2                 D  Consumer#0: Flushing 168 remaining items
2026-01-30 12:14:06.954 31051-31304 CatalogSyncService      com.fishit.player.v2                 D  Persisting Xtream catalog batch (NX-ONLY): 163 items (canonical_linking=true)
2026-01-30 12:14:06.954 31051-663   CatalogSyncService      com.fishit.player.v2                 D  Persisting Xtream catalog batch (NX-ONLY): 168 items (canonical_linking=true)
2026-01-30 12:14:06.955 31051-31297 CatalogSyncService      com.fishit.player.v2                 D  Consumer#1: Flushing 169 remaining items
2026-01-30 12:14:06.955 31051-31297 CatalogSyncService      com.fishit.player.v2                 D  Persisting Xtream catalog batch (NX-ONLY): 169 items (canonical_linking=true)
2026-01-30 12:14:06.955 31051-663   NxCatalogWriter         com.fishit.player.v2                 W  Ingest cancelled for: DE
2026-01-30 12:14:06.955 31051-31304 NxCatalogWriter         com.fishit.player.v2                 W  Ingest cancelled for: DE: DAS ERSTE
2026-01-30 12:14:06.955 31051-663   CatalogSyncService      com.fishit.player.v2                 W  Failed to ingest xtream:live:81568 to NX: Parent job is Cancelling
2026-01-30 12:14:06.956 31051-31304 CatalogSyncService      com.fishit.player.v2                 W  Failed to ingest xtream:live:50318 to NX: Parent job is Cancelling
2026-01-30 12:14:06.956 31051-31297 NxCatalogWriter         com.fishit.player.v2                 W  Ingest cancelled for: DE: ZDF
2026-01-30 12:14:06.956 31051-31297 CatalogSyncService      com.fishit.player.v2                 W  Failed to ingest xtream:live:50319 to NX: Parent job is Cancelling
2026-01-30 12:14:06.956 31051-663   NxCatalogWriter         com.fishit.player.v2                 W  Ingest cancelled for: DE: RTL
2026-01-30 12:14:06.956 31051-31304 NxCatalogWriter         com.fishit.player.v2                 W  Ingest cancelled for: DE: ProSieben
2026-01-30 12:14:06.956 31051-663   CatalogSyncService      com.fishit.player.v2                 W  Failed to ingest xtream:live:50320 to NX: Parent job is Cancelling
2026-01-30 12:14:06.957 31051-31304 CatalogSyncService      com.fishit.player.v2                 W  Failed to ingest xtream:live:50321 to NX: Parent job is Cancelling
2026-01-30 12:14:06.957 31051-31297 NxCatalogWriter         com.fishit.player.v2                 W  Ingest cancelled for: DE: RTL ZWEI
2026-01-30 12:14:06.957 31051-31297 CatalogSyncService      com.fishit.player.v2                 W  Failed to ingest xtream:live:50322 to NX: Parent job is Cancelling
2026-01-30 12:14:06.957 31051-663   NxCatalogWriter         com.fishit.player.v2                 W  Ingest cancelled for: DE: SAT 1
2026-01-30 12:14:06.957 31051-31304 NxCatalogWriter         com.fishit.player.v2                 W  Ingest cancelled for: DE: VOX
2026-01-30 12:14:06.958 31051-663   CatalogSyncService      com.fishit.player.v2                 W  Failed to ingest xtream:live:50323 to NX: Parent job is Cancelling
2026-01-30 12:14:06.958 31051-31304 CatalogSyncService      com.fishit.player.v2                 W  Failed to ingest xtream:live:50324 to NX: Parent job is Cancelling
2026-01-30 12:14:06.958 31051-31297 NxCatalogWriter         com.fishit.player.v2                 W  Ingest cancelled for: DE: Kabel Eins
2026-01-30 12:14:06.958 31051-31297 CatalogSyncService      com.fishit.player.v2                 W  Failed to ingest xtream:live:50325 to NX: Parent job is Cancelling
2026-01-30 12:14:06.958 31051-663   NxCatalogWriter         com.fishit.player.v2                 W  Ingest cancelled for: DE: Pro7 MAXX
2026-01-30 12:14:06.959 31051-663   CatalogSyncService      com.fishit.player.v2                 W  Failed to ingest xtream:live:50326 to NX: Parent job is Cancelling
2026-01-30 12:14:06.959 31051-31304 NxCatalogWriter         com.fishit.player.v2                 W  Ingest cancelled for: DE: SIXX
2026-01-30 12:14:06.959 31051-31297 NxCatalogWriter         com.fishit.player.v2                 W  Ingest cancelled for: DE: SAT 1 GOLD
2026-01-30 12:14:06.959 31051-31304 CatalogSyncService      com.fishit.player.v2                 W  Failed to ingest xtream:live:50327 to NX: Parent job is Cancelling
2026-01-30 12:14:06.959 31051-31297 CatalogSyncService      com.fishit.player.v2                 W  Failed to ingest xtream:live:50328 to NX: Parent job is Cancelling
2026-01-30 12:14:06.959 31051-663   NxCatalogWriter         com.fishit.player.v2                 W  Ingest cancelled for: DE: TELE 5
2026-01-30 12:14:06.960 31051-663   CatalogSyncService      com.fishit.player.v2                 W  Failed to ingest xtream:live:71814 to NX: Parent job is Cancelling
2026-01-30 12:14:06.960 31051-31304 NxCatalogWriter         com.fishit.player.v2                 W  Ingest cancelled for: DE: NITRO
2026-01-30 12:14:06.960 31051-31297 NxCatalogWriter         com.fishit.player.v2                 W  Ingest cancelled for: DE: SKY CINEMA
2026-01-30 12:14:06.960 31051-31304 CatalogSyncService      com.fishit.player.v2                 W  Failed to ingest xtream:live:50329 to NX: Parent job is Cancelling
2026-01-30 12:14:06.960 31051-31297 CatalogSyncService      com.fishit.player.v2                 W  Failed to ingest xtream:live:50331 to NX: Parent job is Cancelling
2026-01-30 12:14:06.961 31051-663   NxCatalogWriter         com.fishit.player.v2                 W  Ingest cancelled for: DE: SKY CINEMA PREMIEREN +24
2026-01-30 12:14:06.961 31051-31297 NxCatalogWriter         com.fishit.player.v2                 W  Ingest cancelled for: DE: Sky Cinema Family
2026-01-30 12:14:06.961 31051-31304 NxCatalogWriter         com.fishit.player.v2                 W  Ingest cancelled for: DE: SKY CINEMA ACTION
2026-01-30 12:14:06.961 31051-663   CatalogSyncService      com.fishit.player.v2                 W  Failed to ingest xtream:live:50333 to NX: Parent job is Cancelling
2026-01-30 12:14:06.961 31051-31297 CatalogSyncService      com.fishit.player.v2                 W  Failed to ingest xtream:live:50335 to NX: Parent job is Cancelling
2026-01-30 12:14:06.961 31051-31304 CatalogSyncService      com.fishit.player.v2                 W  Failed to ingest xtream:live:50334 to NX: Parent job is Cancelling
2026-01-30 12:14:06.962 31051-31297 NxCatalogWriter         com.fishit.player.v2                 W  Ingest cancelled for: DE: SKY ATLANTIC
2026-01-30 12:14:06.962 31051-663   NxCatalogWriter         com.fishit.player.v2                 W  Ingest cancelled for: DE: SKY CINEMA PREMIEREN
2026-01-30 12:14:06.962 31051-31297 CatalogSyncService      com.fishit.player.v2                 W  Failed to ingest xtream:live:50339 to NX: Parent job is Cancelling
2026-01-30 12:14:06.962 31051-31304 NxCatalogWriter         com.fishit.player.v2                 W  Ingest cancelled for: DE: SKY CINEMA CLASSICS
2026-01-30 12:14:06.962 31051-663   CatalogSyncService      com.fishit.player.v2                 W  Failed to ingest xtream:live:50336 to NX: Parent job is Cancelling
2026-01-30 12:14:06.963 31051-31304 CatalogSyncService      com.fishit.player.v2                 W  Failed to ingest xtream:live:50337 to NX: Parent job is Cancelling
2026-01-30 12:14:06.963 31051-31297 NxCatalogWriter         com.fishit.player.v2                 W  Ingest cancelled for: DE: Warner Film
2026-01-30 12:14:06.963 31051-663   NxCatalogWriter         com.fishit.player.v2                 W  Ingest cancelled for: DE: SKY KRIMI
2026-01-30 12:14:06.963 31051-31297 CatalogSyncService      com.fishit.player.v2                 W  Failed to ingest xtream:live:50343 to NX: Parent job is Cancelling
2026-01-30 12:14:06.963 31051-31304 NxCatalogWriter         com.fishit.player.v2                 W  Ingest cancelled for: DE: WARNER COMEDY
2026-01-30 12:14:06.963 31051-663   CatalogSyncService      com.fishit.player.v2                 W  Failed to ingest xtream:live:50341 to NX: Parent job is Cancelling
2026-01-30 12:14:06.964 31051-31304 CatalogSyncService      com.fishit.player.v2                 W  Failed to ingest xtream:live:50342 to NX: Parent job is Cancelling
2026-01-30 12:14:06.964 31051-31297 NxCatalogWriter         com.fishit.player.v2                 W  Ingest cancelled for: DE: SYFY
2026-01-30 12:14:06.964 31051-663   NxCatalogWriter         com.fishit.player.v2                 W  Ingest cancelled for: DE: WARNER SERIE
2026-01-30 12:14:06.964 31051-31304 NxCatalogWriter         com.fishit.player.v2                 W  Ingest cancelled for: DE: 13th Street
2026-01-30 12:14:06.964 31051-31297 CatalogSyncService      com.fishit.player.v2                 W  Failed to ingest xtream:live:50346 to NX: Parent job is Cancelling
2026-01-30 12:14:06.965 31051-663   CatalogSyncService      com.fishit.player.v2                 W  Failed to ingest xtream:live:50344 to NX: Parent job is Cancelling
2026-01-30 12:14:06.965 31051-31304 CatalogSyncService      com.fishit.player.v2                 W  Failed to ingest xtream:live:50345 to NX: Parent job is Cancelling
2026-01-30 12:14:06.965 31051-663   NxCatalogWriter         com.fishit.player.v2                 W  Ingest cancelled for: DE: Sky Replay
2026-01-30 12:14:06.965 31051-31304 NxCatalogWriter         com.fishit.player.v2                 W  Ingest cancelled for: DE: KiKA
2026-01-30 12:14:06.966 31051-31297 NxCatalogWriter         com.fishit.player.v2                 W  Ingest cancelled for: DE: Nat Geo Wild
2026-01-30 12:14:06.966 31051-663   CatalogSyncService      com.fishit.player.v2                 W  Failed to ingest xtream:live:50348 to NX: Parent job is Cancelling
2026-01-30 12:14:06.966 31051-31304 CatalogSyncService      com.fishit.player.v2                 W  Failed to ingest xtream:live:50349 to NX: Parent job is Cancelling
2026-01-30 12:14:06.966 31051-31297 CatalogSyncService      com.fishit.player.v2                 W  Failed to ingest xtream:live:50350 to NX: Parent job is Cancelling
2026-01-30 12:14:06.966 31051-663   NxCatalogWriter         com.fishit.player.v2                 W  Ingest cancelled for: DE: Nat Geo
2026-01-30 12:14:06.966 31051-31304 NxCatalogWriter         com.fishit.player.v2                 W  Ingest cancelled for: DE: Discovery
2026-01-30 12:14:06.966 31051-31297 NxCatalogWriter         com.fishit.player.v2                 W  Ingest cancelled for: DE: HISTORY
2026-01-30 12:14:06.967 31051-663   CatalogSyncService      com.fishit.player.v2                 W  Failed to ingest xtream:live:50351 to NX: Parent job is Cancelling
