2026-01-30 14:29:53.311 24187-24390 XTC                     com.fishit.player.v2                 D  [LIVE] DTO→Raw #1450 | id=xtream:live:769741 | title="Top Chef Vault" | sourceType=XTREAM | Fields: ✓[poster] ✗[year, plot, cast, director, backdrop, duration, tmdb]
2026-01-30 14:29:53.331 24187-24389 XTC                     com.fishit.player.v2                 D  [VOD] DTO→Raw #300 | id=xtream:vod:791360 | title="All of You | 2025 | 6.5 |" | sourceType=XTREAM | Fields: ✓[year=2025, poster] ✗[plot, cast, director, backdrop, duration, tmdb]
2026-01-30 14:29:53.416 24187-24361 NxWorkRepository        com.fishit.player.v2                 W  Deduped 5 duplicate workKeys in batch (400 → 395)
2026-01-30 14:29:53.455 24187-24258 NxCatalogWriter         com.fishit.player.v2                 D  ✅ OPTIMIZED ingestBatch COMPLETE: 400 items | persist_ms=1155 total_ms=1594 (250 items/sec)
2026-01-30 14:29:53.456 24187-24258 CatalogSyncService      com.fishit.player.v2                 W  Xtream batch (NX): ingested=400 failed=0 hint_warnings=141 ingest_ms=2147 total_ms=2148
2026-01-30 14:29:53.476 24187-24264 XTC                     com.fishit.player.v2                 D  [LIVE] DTO→Raw #1500 | id=xtream:live:769791 | title="CBS News Chicago" | sourceType=XTREAM | Fields: ✓[poster] ✗[year, plot, cast, director, backdrop, duration, tmdb]
2026-01-30 14:29:53.479 24187-24256 XTC                     com.fishit.player.v2                 D  [VOD] DTO→Raw #350 | id=xtream:vod:788976 | title="Was ist Liebe wert - Materialists | 2025" | sourceType=XTREAM | Fields: ✓[year=2025, poster] ✗[plot, cast, director, backdrop, duration, tmdb]
2026-01-30 14:29:53.480 24187-24389 XtreamCatalogScanWorker com.fishit.player.v2                 D  PROGRESS discovered=3139 persisted=1200 phase=N/A
2026-01-30 14:29:53.486 24187-24258 CatalogSyncService      com.fishit.player.v2                 D  Persisting Xtream catalog batch (NX-ONLY): 400 items (canonical_linking=true)
2026-01-30 14:29:53.488 24187-24266 XTC                     com.fishit.player.v2                 D  [SERIES] DTO→Raw #1300 | id=xtream:series:3275 | title="Lore" | sourceType=XTREAM | Fields: ✓[plot(668c), cast, poster, duration=2400000ms] ✗[year, director, backdrop, tmdb]
2026-01-30 14:29:53.501 24187-24256 XTC                     com.fishit.player.v2                 D  [VOD] DTO→Raw #400 | id=xtream:vod:786362 | title="Checkmates - Ziemlich schräge Figuren | " | sourceType=XTREAM | Fields: ✓[year=2024, poster] ✗[plot, cast, director, backdrop, duration, tmdb]
2026-01-30 14:29:53.637 24187-24256 XTC                     com.fishit.player.v2                 D  [VOD] DTO→Raw #450 | id=xtream:vod:783657 | title="The Ballad of Wallis Island | 2025 | 7.0" | sourceType=XTREAM | Fields: ✓[year=2025, poster] ✗[plot, cast, director, backdrop, duration, tmdb]
2026-01-30 14:29:53.645 24187-24264 XTC                     com.fishit.player.v2                 D  [LIVE] DTO→Raw #1550 | id=xtream:live:769841 | title="Pluto TV Science" | sourceType=XTREAM | Fields: ✓[poster] ✗[year, plot, cast, director, backdrop, duration, tmdb]
2026-01-30 14:29:53.654 24187-24266 XTC                     com.fishit.player.v2                 D  [SERIES] DTO→Raw #1350 | id=xtream:series:3341 | title="Gordon Ramsay: Uncharted" | sourceType=XTREAM | Fields: ✓[cast, poster, duration=2820000ms] ✗[year, plot, director, backdrop, tmdb]
2026-01-30 14:29:53.664 24187-24256 XTC                     com.fishit.player.v2                 D  [VOD] DTO→Raw #500 | id=xtream:vod:780844 | title="Shadow of God | 2025 | 5.0 |" | sourceType=XTREAM | Fields: ✓[year=2025, poster] ✗[plot, cast, director, backdrop, duration, tmdb]
2026-01-30 14:29:53.670 24187-24264 XTC                     com.fishit.player.v2                 D  [LIVE] DTO→Raw #1600 | id=xtream:live:769891 | title="Totally Teen" | sourceType=XTREAM | Fields: ✓[poster] ✗[year, plot, cast, director, backdrop, duration, tmdb]
2026-01-30 14:29:53.711 24187-24258 NxCatalogWriter         com.fishit.player.v2                 D  📥 OPTIMIZED ingestBatch START: 400 items
2026-01-30 14:29:53.773 24187-24254 NxCatalogWriter         com.fishit.player.v2                 D  ✅ OPTIMIZED ingestBatch COMPLETE: 400 items | persist_ms=786 total_ms=867 (461 items/sec)
2026-01-30 14:29:53.774 24187-24254 CatalogSyncService      com.fishit.player.v2                 W  Xtream batch (NX): ingested=400 failed=0 hint_warnings=136 ingest_ms=967 total_ms=968
2026-01-30 14:29:53.792 24187-24362 XtreamCatalogScanWorker com.fishit.player.v2                 D  PROGRESS discovered=3460 persisted=1600 phase=N/A
2026-01-30 14:29:53.798 24187-24254 CatalogSyncService      com.fishit.player.v2                 D  Persisting Xtream catalog batch (NX-ONLY): 400 items (canonical_linking=true)
2026-01-30 14:29:53.812 24187-24258 NxWorkRepository        com.fishit.player.v2                 W  Deduped 10 duplicate workKeys in batch (400 → 390)
2026-01-30 14:29:53.816 24187-24266 XTC                     com.fishit.player.v2                 D  [VOD] DTO→Raw #550 | id=xtream:vod:779064 | title="Escape - Der unsichtbare Feind | 2024 | " | sourceType=XTREAM | Fields: ✓[year=2024, poster] ✗[plot, cast, director, backdrop, duration, tmdb]
2026-01-30 14:29:53.846 24187-24390 XTC                     com.fishit.player.v2                 D  [LIVE] DTO→Raw #1650 | id=xtream:live:769941 | title="EstrellaTV" | sourceType=XTREAM | Fields: ✓[poster] ✗[year, plot, cast, director, backdrop, duration, tmdb]
2026-01-30 14:29:53.853 24187-24266 XTC                     com.fishit.player.v2                 D  [VOD] DTO→Raw #600 | id=xtream:vod:776412 | title="WWE WrestleMania 41: Sunday | 2025 | 6.1" | sourceType=XTREAM | Fields: ✓[year=2025, poster] ✗[plot, cast, director, backdrop, duration, tmdb]
2026-01-30 14:29:53.863 24187-24360 XTC                     com.fishit.player.v2                 D  [SERIES] DTO→Raw #1400 | id=xtream:series:3452 | title="The Guardians of Justice" | sourceType=XTREAM | Fields: ✓[plot(800c), cast, poster, duration=1200000ms] ✗[year, director, backdrop, tmdb]
2026-01-30 14:29:53.877 24187-24390 XTC                     com.fishit.player.v2                 D  [LIVE] DTO→Raw #1700 | id=xtream:live:769991 | title="CBS News Chicago" | sourceType=XTREAM | Fields: ✓[poster] ✗[year, plot, cast, director, backdrop, duration, tmdb]
2026-01-30 14:29:53.878 24187-24266 XTC                     com.fishit.player.v2                 D  [VOD] DTO→Raw #650 | id=xtream:vod:773840 | title="Vena | 2024 | 7.7 |" | sourceType=XTREAM | Fields: ✓[year=2024, poster] ✗[plot, cast, director, backdrop, duration, tmdb]
2026-01-30 14:29:53.920 24187-24254 NxCatalogWriter         com.fishit.player.v2                 D  📥 OPTIMIZED ingestBatch START: 400 items
2026-01-30 14:29:53.995 24187-24254 NxWorkRepository        com.fishit.player.v2                 W  Deduped 7 duplicate workKeys in batch (400 → 393)
2026-01-30 14:29:54.108 24187-24361 NxCatalogWriter         com.fishit.player.v2                 D  ✅ OPTIMIZED ingestBatch COMPLETE: 400 items | persist_ms=694 total_ms=810 (493 items/sec)
2026-01-30 14:29:54.109 24187-24361 CatalogSyncService      com.fishit.player.v2                 W  Xtream batch (NX): ingested=400 failed=0 hint_warnings=285 ingest_ms=914 total_ms=915
2026-01-30 14:29:54.111 24187-24256 XTC                     com.fishit.player.v2                 D  [VOD] DTO→Raw #700 | id=xtream:vod:771263 | title="Old Guy - Alter Hund mit neuen Tricks | " | sourceType=XTREAM | Fields: ✓[year=2024, poster] ✗[plot, cast, director, backdrop, duration, tmdb]
2026-01-30 14:29:54.121 24187-24364 XTC                     com.fishit.player.v2                 D  [LIVE] DTO→Raw #1750 | id=xtream:live:48684 | title="VIP SPORT: DIGI SPORT 2 (RO)" | sourceType=XTREAM | Fields: ✓[] ✗[year, plot, cast, director, poster, backdrop, duration, tmdb]
2026-01-30 14:29:54.126 24187-24361 CatalogSyncService      com.fishit.player.v2                 D  Persisting Xtream catalog batch (NX-ONLY): 400 items (canonical_linking=true)
2026-01-30 14:29:54.127 24187-24360 XTC                     com.fishit.player.v2                 D  [VOD] DTO→Raw #750 | id=xtream:vod:767670 | title="We Live in Time | 2024 | 7.5 |" | sourceType=XTREAM | Fields: ✓[year=2024, poster] ✗[plot, cast, director, backdrop, duration, tmdb]
2026-01-30 14:29:54.134 24187-24363 XTC                     com.fishit.player.v2                 D  [SERIES] DTO→Raw #1450 | id=xtream:series:3642 | title="Warrior" | sourceType=XTREAM | Fields: ✓[plot(440c), cast, poster, duration=3300000ms] ✗[year, director, backdrop, tmdb]
2026-01-30 14:29:54.149 24187-24264 XTC                     com.fishit.player.v2                 D  [LIVE] DTO→Raw #1800 | id=xtream:live:182158 | title="VIP SPORT: UFC French" | sourceType=XTREAM | Fields: ✓[poster] ✗[year, plot, cast, director, backdrop, duration, tmdb]
2026-01-30 14:29:54.151 24187-24360 XTC                     com.fishit.player.v2                 D  [VOD] DTO→Raw #800 | id=xtream:vod:765621 | title="The Killer | 2024 | 6.4 |" | sourceType=XTREAM | Fields: ✓[year=2024, poster] ✗[plot, cast, director, backdrop, duration, tmdb]
2026-01-30 14:29:54.176 24187-24360 XTC                     com.fishit.player.v2                 D  [VOD] DTO→Raw #850 | id=xtream:vod:763435 | title="Escape: Flucht in die Freiheit | 2024 | " | sourceType=XTREAM | Fields: ✓[year=2024, poster] ✗[plot, cast, director, backdrop, duration, tmdb]
2026-01-30 14:29:54.188 24187-24360 XTC                     com.fishit.player.v2                 D  [VOD] DTO→Raw #900 | id=xtream:vod:761313 | title="Blitz | 2024 | 5.2 |" | sourceType=XTREAM | Fields: ✓[year=2024, poster] ✗[plot, cast, director, backdrop, duration, tmdb]
2026-01-30 14:29:54.191 24187-24264 XTC                     com.fishit.player.v2                 D  [LIVE] DTO→Raw #1850 | id=xtream:live:12928 | title="AT: Sky Sport AT 1 FHD" | sourceType=XTREAM | Fields: ✓[poster] ✗[year, plot, cast, director, backdrop, duration, tmdb]
2026-01-30 14:29:54.199 24187-24361 NxCatalogWriter         com.fishit.player.v2                 D  📥 OPTIMIZED ingestBatch START: 400 items
2026-01-30 14:29:54.354 24187-24254 NxCatalogWriter         com.fishit.player.v2                 D  ✅ OPTIMIZED ingestBatch COMPLETE: 400 items | persist_ms=360 total_ms=434 (921 items/sec)
2026-01-30 14:29:54.355 24187-24254 CatalogSyncService      com.fishit.player.v2                 W  Xtream batch (NX): ingested=400 failed=0 hint_warnings=186 ingest_ms=555 total_ms=557
2026-01-30 14:29:54.362 24187-24254 CatalogSyncService      com.fishit.player.v2                 D  Persisting Xtream catalog batch (NX-ONLY): 400 items (canonical_linking=true)
2026-01-30 14:29:54.363 24187-24364 XTC                     com.fishit.player.v2                 D  [VOD] DTO→Raw #950 | id=xtream:vod:756534 | title="Libre | 2024 | 5.9 |" | sourceType=XTREAM | Fields: ✓[year=2024, poster] ✗[plot, cast, director, backdrop, duration, tmdb]
2026-01-30 14:29:54.364 24187-24389 XTC                     com.fishit.player.v2                 D  [SERIES] DTO→Raw #1500 | id=xtream:series:3803 | title="Gossip Girl" | sourceType=XTREAM | Fields: ✓[plot(593c), cast, poster, duration=2520000ms] ✗[year, director, backdrop, tmdb]
2026-01-30 14:29:54.367 24187-24363 XtreamCatalogScanWorker com.fishit.player.v2                 D  PROGRESS discovered=4306 persisted=2400 phase=N/A
2026-01-30 14:29:54.376 24187-24364 XTC                     com.fishit.player.v2                 D  [VOD] DTO→Raw #1000 | id=xtream:vod:755046 | title="Arcadian | 2024 | 6.0 |" | sourceType=XTREAM | Fields: ✓[year=2024, poster] ✗[plot, cast, director, backdrop, duration, tmdb]
2026-01-30 14:29:54.379 24187-24363 XtreamCatalogScanWorker com.fishit.player.v2                 D  PROGRESS discovered=4363 persisted=2400 phase=N/A
2026-01-30 14:29:54.399 24187-24256 XTC                     com.fishit.player.v2                 D  [LIVE] DTO→Raw #1900 | id=xtream:live:68164 | title="HR: RTL PASSION" | sourceType=XTREAM | Fields: ✓[poster] ✗[year, plot, cast, director, backdrop, duration, tmdb]
2026-01-30 14:29:54.432 24187-24256 XTC                     com.fishit.player.v2                 D  [LIVE] DTO→Raw #1950 | id=xtream:live:68283 | title="BIH: RTRS 1" | sourceType=XTREAM | Fields: ✓[poster] ✗[year, plot, cast, director, backdrop, duration, tmdb]
2026-01-30 14:29:54.458 24187-24258 NxCatalogWriter         com.fishit.player.v2                 D  ✅ OPTIMIZED ingestBatch COMPLETE: 400 items | persist_ms=646 total_ms=747 (535 items/sec)
2026-01-30 14:29:54.459 24187-24258 CatalogSyncService      com.fishit.player.v2                 W  Xtream batch (NX): ingested=400 failed=0 hint_warnings=96 ingest_ms=973 total_ms=973
2026-01-30 14:29:54.465 24187-24256 XTC                     com.fishit.player.v2                 D  [LIVE] DTO→Raw #2000 | id=xtream:live:68013 | title="SRB: PRVA HD" | sourceType=XTREAM | Fields: ✓[poster] ✗[year, plot, cast, director, backdrop, duration, tmdb]
2026-01-30 14:29:54.467 24187-24258 CatalogSyncService      com.fishit.player.v2                 D  Persisting Xtream catalog batch (NX-ONLY): 400 items (canonical_linking=true)
2026-01-30 14:29:54.469 24187-24266 XtreamCatalogScanWorker com.fishit.player.v2                 D  PROGRESS discovered=4500 persisted=2800 phase=N/A
2026-01-30 14:29:54.474 24187-24364 XTC                     com.fishit.player.v2                 D  [VOD] DTO→Raw #1050 | id=xtream:vod:753417 | title="The Crow | 2024 | 5.3 |" | sourceType=XTREAM | Fields: ✓[year=2024, poster] ✗[plot, cast, director, backdrop, duration, tmdb]
2026-01-30 14:29:54.476 24187-24254 NxCatalogWriter         com.fishit.player.v2                 D  📥 OPTIMIZED ingestBatch START: 400 items
2026-01-30 14:29:54.492 24187-24364 XTC                     com.fishit.player.v2                 D  [VOD] DTO→Raw #1100 | id=xtream:vod:751157 | title="The Good Half | 2024 | 5.3 |" | sourceType=XTREAM | Fields: ✓[year=2024, poster] ✗[plot, cast, director, backdrop, duration, tmdb]
2026-01-30 14:29:54.506 24187-24364 XTC                     com.fishit.player.v2                 D  [VOD] DTO→Raw #1150 | id=xtream:vod:749239 | title="Nightwatch - Demons Are Forever | 2023 |" | sourceType=XTREAM | Fields: ✓[year=2023, poster] ✗[plot, cast, director, backdrop, duration, tmdb]
2026-01-30 14:29:54.518 24187-24389 XTC                     com.fishit.player.v2                 D  [SERIES] DTO→Raw #1550 | id=xtream:series:3957 | title="Befruchtet" | sourceType=XTREAM | Fields: ✓[plot(166c), cast, poster, duration=2100000ms] ✗[year, director, backdrop, tmdb]
2026-01-30 14:29:54.530 24187-24364 XTC                     com.fishit.player.v2                 D  [VOD] DTO→Raw #1200 | id=xtream:vod:746657 | title="Spieleabend | 2024 | 6.7 |" | sourceType=XTREAM | Fields: ✓[year=2024, poster] ✗[plot, cast, director, backdrop, duration, tmdb]
2026-01-30 14:29:54.538 24187-24389 XTC                     com.fishit.player.v2                 D  [SERIES] DTO→Raw #1600 | id=xtream:series:4083 | title="The Terminal List - Die Abschussliste" | sourceType=XTREAM | Fields: ✓[plot(317c), cast, poster, duration=3600000ms] ✗[year, director, backdrop, tmdb]
2026-01-30 14:29:54.540 24187-24258 NxCatalogWriter         com.fishit.player.v2                 D  📥 OPTIMIZED ingestBatch START: 400 items
2026-01-30 14:29:54.546 24187-24364 XTC                     com.fishit.player.v2                 D  [VOD] DTO→Raw #1250 | id=xtream:vod:744770 | title="We Grown Now | 2024 | 7.2 |" | sourceType=XTREAM | Fields: ✓[year=2024, poster] ✗[plot, cast, director, backdrop, duration, tmdb]
2026-01-30 14:29:54.557 24187-24264 XTC                     com.fishit.player.v2                 D  [SERIES] DTO→Raw #1650 | id=xtream:series:4299 | title="House of the Dragon" | sourceType=XTREAM | Fields: ✓[plot(96c), cast, poster, duration=3600000ms] ✗[year, director, backdrop, tmdb]
2026-01-30 14:29:54.560 24187-24266 XTC                     com.fishit.player.v2                 D  [VOD] DTO→Raw #1300 | id=xtream:vod:743327 | title="The Last Rifleman | 2023 | 6.7 |" | sourceType=XTREAM | Fields: ✓[year=2023, poster] ✗[plot, cast, director, backdrop, duration, tmdb]
2026-01-30 14:29:54.567 24187-24389 XTC                     com.fishit.player.v2                 D  [LIVE] DTO→Raw #2050 | id=xtream:live:57393 | title="SLOVENIA CHANNELS" | sourceType=XTREAM | Fields: ✓[] ✗[year, plot, cast, director, poster, backdrop, duration, tmdb]
2026-01-30 14:29:54.570 24187-24266 XTC                     com.fishit.player.v2                 D  [VOD] DTO→Raw #1350 | id=xtream:vod:741596 | title="Chantal im Märchenland | 2024 | 5.2 |" | sourceType=XTREAM | Fields: ✓[year=2024, poster] ✗[plot, cast, director, backdrop, duration, tmdb]
2026-01-30 14:29:54.577 24187-24363 CatalogSyncBootstrap    com.fishit.player.v2                 I  Catalog sync bootstrap triggered; activeSources=[XTREAM]
2026-01-30 14:29:54.577 24187-24363 CatalogSyncScheduler    com.fishit.player.v2                 D  Enqueueing AUTO sync
2026-01-30 14:29:54.581 24187-24363 CatalogSyncScheduler    com.fishit.player.v2                 D  Scheduling periodic incremental sync every 2 hours
2026-01-30 14:29:54.585 24187-24363 CatalogSyncScheduler    com.fishit.player.v2                 I  Periodic incremental sync scheduled: every 2 hours
2026-01-30 14:29:54.586 24187-24363 CatalogSyncBootstrap    com.fishit.player.v2                 I  Periodic incremental sync scheduled: every 2h
2026-01-30 14:29:54.593 24187-24254 NxWorkRepository        com.fishit.player.v2                 W  Deduped 1 duplicate workKeys in batch (400 → 399)
2026-01-30 14:29:54.601 24187-24289 WM-SystemJobScheduler   com.fishit.player.v2                 D  Scheduling work ID ca4c71c5-892e-402d-bfa3-7c05645ff39eJob ID 3
2026-01-30 14:29:54.617 24187-24289 WM-GreedyScheduler      com.fishit.player.v2                 D  Starting work for ca4c71c5-892e-402d-bfa3-7c05645ff39e
2026-01-30 14:29:54.621   925-925   audit                   auditd                               E  type=1400 audit(1769779794.616:42865): avc:  denied  { ioctl } for  pid=24187 comm="WM.task-4" path="/data/data/com.fishit.player.v2/no_backup/androidx.work.workdb" dev="dm-52" ino=2238826 ioctlcmd=0xf522 scontext=u:r:untrusted_app:s0:c238,c257,c512,c768 tcontext=u:object_r:app_data_file:s0:c238,c257,c512,c768 tclass=file permissive=0 SEPF_SM-G991B_12_0001 audit_filtered
2026-01-30 14:29:54.621   925-925   audit                   auditd                               E  type=1327 audit(1769779794.616:42865): proctitle="com.fishit.player.v2"
2026-01-30 14:29:54.623 24187-24187 WM-SystemJobService     com.fishit.player.v2                 D  onStartJob for WorkGenerationalId(workSpecId=ca4c71c5-892e-402d-bfa3-7c05645ff39e, generation=0)
2026-01-30 14:29:54.672 24187-24289 WM-SystemJobScheduler   com.fishit.player.v2                 D  Scheduling work ID 466be217-1a24-4383-bdc9-28fb5ff86de5Job ID 4
2026-01-30 14:29:54.679 24187-24289 WM-GreedyScheduler      com.fishit.player.v2                 D  Starting tracking for 466be217-1a24-4383-bdc9-28fb5ff86de5
2026-01-30 14:29:54.686 24187-24289 WM-Processor            com.fishit.player.v2                 D  Processor: processing WorkGenerationalId(workSpecId=ca4c71c5-892e-402d-bfa3-7c05645ff39e, generation=0)
2026-01-30 14:29:54.689 24187-24289 WM-Processor            com.fishit.player.v2                 D  Work WorkGenerationalId(workSpecId=ca4c71c5-892e-402d-bfa3-7c05645ff39e, generation=0) is already enqueued for processing
2026-01-30 14:29:54.692 24187-24187 WM-SystemJobService     com.fishit.player.v2                 D  onStartJob for WorkGenerationalId(workSpecId=466be217-1a24-4383-bdc9-28fb5ff86de5, generation=0)
2026-01-30 14:29:54.704 24187-24288 WM-Processor            com.fishit.player.v2                 D  Processor: processing WorkGenerationalId(workSpecId=466be217-1a24-4383-bdc9-28fb5ff86de5, generation=0)
2026-01-30 14:29:54.706 24187-24187 WM-WorkerWrapper        com.fishit.player.v2                 D  Starting work for com.fishit.player.v2.work.CatalogSyncOrchestratorWorker
2026-01-30 14:29:54.707 24187-24363 CatalogSyn...atorWorker com.fishit.player.v2                 I  START sync_run_id=910f6237-7931-4a6e-a55a-cab5a1a6d57a mode=auto
2026-01-30 14:29:54.709 24187-24187 WorkManage...teObserver com.fishit.player.v2                 D  Sync state: ENQUEUED | id=ca4c71c5 | attempts=0 | tags=[catalog_sync, worker/CatalogSyncOrchestratorWorker, com.fishit.player.v2.work.CatalogSyncOrchestratorWorker, mode_auto]
2026-01-30 14:29:54.711 24187-24289 WM-ConstraintTracker    com.fishit.player.v2                 D  BatteryNotLowTracker: initial state = true
2026-01-30 14:29:54.711 24187-24289 WM-BrdcstRcvrCnstrntTrc com.fishit.player.v2                 D  BatteryNotLowTracker: registering receiver
2026-01-30 14:29:54.711 24187-24363 RuntimeGuards           com.fishit.player.v2                 D  Manual sync (auto) - skipping battery guard (level=89%)
2026-01-30 14:29:54.712 24187-24363 CatalogSyn...atorWorker com.fishit.player.v2                 I  Active sources check: [XTREAM] (isEmpty=false)
2026-01-30 14:29:54.713 24187-24363 CatalogSyn...atorWorker com.fishit.player.v2                 D  Active sources: [XTREAM] (TELEGRAM=false, XTREAM=true, IO=false)
2026-01-30 14:29:54.715 24187-24363 CatalogSyn...atorWorker com.fishit.player.v2                 D  Enqueued Xtream chain: work_name=catalog_sync_global_xtream policy=KEEP workers=2
2026-01-30 14:29:54.715 24187-24363 CatalogSyn...atorWorker com.fishit.player.v2                 D  Telegram not in active sources - skipping Telegram workers
2026-01-30 14:29:54.715 24187-24363 CatalogSyn...atorWorker com.fishit.player.v2                 D  📊 WorkInfo chains enqueued:
                                                                                                      [XTREAM] work_name=catalog_sync_global_xtream → ENQUEUED
                                                                                                      Use 'adb shell dumpsys jobscheduler' or WorkManager Inspector for detailed state
2026-01-30 14:29:54.716 24187-24363 CatalogSyn...atorWorker com.fishit.player.v2                 I  CHAINS_ENQUEUED duration_ms=9 policy=KEEP sources=XTREAM (downstream workers will report completion)
2026-01-30 14:29:54.720 24187-24289 WM-ConstraintTracker    com.fishit.player.v2                 D  NetworkStateTracker24: initial state = NetworkState(isConnected=true, isValidated=true, isMetered=true, isNotRoaming=true)
2026-01-30 14:29:54.720 24187-24289 WM-NetworkStateTracker  com.fishit.player.v2                 D  Registering network callback
2026-01-30 14:29:54.721 24187-24289 ConnectivityManager     com.fishit.player.v2                 D  StackLog: [android.net.ConnectivityManager.sendRequestForNetwork(ConnectivityManager.java:4402)] [android.net.ConnectivityManager.registerDefaultNetworkCallbackForUid(ConnectivityManager.java:4966)] [android.net.ConnectivityManager.registerDefaultNetworkCallback(ConnectivityManager.java:4933)] [android.net.ConnectivityManager.registerDefaultNetworkCallback(ConnectivityManager.java:4907)] [androidx.work.impl.utils.NetworkApi24.registerDefaultNetworkCallbackCompat(NetworkApi24.kt:26)] [androidx.work.impl.constraints.trackers.NetworkStateTracker24.startTracking(NetworkStateTracker.kt:165)] [androidx.work.impl.constraints.trackers.ConstraintTracker.addListener(ConstraintTracker.kt:52)] [androidx.work.impl.constraints.controllers.BaseConstraintController$track$1.invokeSuspend(ContraintControllers.kt:62)] [androidx.work.impl.constraints.controllers.BaseConstraintController$track$1.invoke(Unknown Source:8)] [androidx.work.impl.constraints.controllers.BaseConstraintController$track$1.invoke(Unknown Source:4)] [kotlinx.coroutines.flow.ChannelFlowBuilder.collectTo$suspendImpl(Builders.kt:316)] [kotlinx.coroutines.flow.ChannelFlowBuilder.collectTo(Unknown Source:0)] [kotlinx.coroutines.flow.CallbackFlowBuilder.collectTo(Builders.kt:330)] [kotlinx.coroutines.flow.internal.ChannelFlow$collectToFun$1.invokeSuspend(ChannelFlow.kt:56)] [kotlin.coroutines.jvm.internal.BaseContinuationImpl.resumeWith(ContinuationImpl.kt:34)] [kotlinx.coroutines.DispatchedTask.run(DispatchedTask.kt:100)] [androidx.work.impl.utils.SerialExecutorImpl$Task.run(SerialExecutorImpl.java:96)] [java.util.concurrent.ThreadPoolExecutor.runWorker(ThreadPoolExecutor.java:1145)] [java.util.concurrent.ThreadPoolExecutor$Worker.run(ThreadPoolExecutor.java:644)] [java.lang.Thread.run(Thread.java:1012)]
2026-01-30 14:29:54.732 24187-24408 WM-NetworkStateTracker  com.fishit.player.v2                 D  Network capabilities changed: [ Transports: CELLULAR Capabilities: SUPL&INTERNET&NOT_RESTRICTED&TRUSTED&NOT_VPN&VALIDATED&NOT_ROAMING&FOREGROUND&NOT_CONGESTED&NOT_SUSPENDED&NOT_VCN_MANAGED LinkUpBandwidth>=23114Kbps LinkDnBandwidth>=50152Kbps Specifier: <TelephonyNetworkSpecifier [mSubId = 1]> SubscriptionIds: {1} UnderlyingNetworks: Null]
2026-01-30 14:29:54.740 24187-24275 WM-EnqueueRunnable      com.fishit.player.v2                 E  Prerequisite 236748a0-a19c-4046-b99b-6c390a2558a9 doesn't exist; not enqueuing
2026-01-30 14:29:54.747 24187-24275 WM-GreedyScheduler      com.fishit.player.v2                 D  Constraints met: Scheduling work ID WorkGenerationalId(workSpecId=466be217-1a24-4383-bdc9-28fb5ff86de5, generation=0)
2026-01-30 14:29:54.751 24187-24288 WM-Processor            com.fishit.player.v2                 D  Work WorkGenerationalId(workSpecId=466be217-1a24-4383-bdc9-28fb5ff86de5, generation=0) is already enqueued for processing
2026-01-30 14:29:54.755 24187-24187 WM-WorkerWrapper        com.fishit.player.v2                 D  Starting work for com.fishit.player.v2.work.CatalogSyncOrchestratorWorker
2026-01-30 14:29:54.756 24187-24288 WM-WorkerWrapper        com.fishit.player.v2                 I  Worker result SUCCESS for Work [ id=ca4c71c5-892e-402d-bfa3-7c05645ff39e, tags={ com.fishit.player.v2.work.CatalogSyncOrchestratorWorker,catalog_sync,mode_auto,worker/CatalogSyncOrchestratorWorker } ]
2026-01-30 14:29:54.756 24187-24389 CatalogSyn...atorWorker com.fishit.player.v2                 I  START sync_run_id=periodic_1769779794583 mode=incremental
2026-01-30 14:29:54.760 24187-24389 RuntimeGuards           com.fishit.player.v2                 D  Manual sync (incremental) - skipping battery guard (level=89%)
2026-01-30 14:29:54.760 24187-24389 CatalogSyn...atorWorker com.fishit.player.v2                 I  Active sources check: [XTREAM] (isEmpty=false)
2026-01-30 14:29:54.761 24187-24389 CatalogSyn...atorWorker com.fishit.player.v2                 D  Active sources: [XTREAM] (TELEGRAM=false, XTREAM=true, IO=false)
2026-01-30 14:29:54.765 24187-24389 CatalogSyn...atorWorker com.fishit.player.v2                 D  Enqueued Xtream chain: work_name=catalog_sync_global_xtream policy=KEEP workers=2
2026-01-30 14:29:54.766 24187-24389 CatalogSyn...atorWorker com.fishit.player.v2                 D  Telegram not in active sources - skipping Telegram workers
2026-01-30 14:29:54.767 24187-24389 CatalogSyn...atorWorker com.fishit.player.v2                 D  📊 WorkInfo chains enqueued:
                                                                                                      [XTREAM] work_name=catalog_sync_global_xtream → ENQUEUED
                                                                                                      Use 'adb shell dumpsys jobscheduler' or WorkManager Inspector for detailed state
2026-01-30 14:29:54.767 24187-24288 WM-EnqueueRunnable      com.fishit.player.v2                 E  Prerequisite 6b6ad8d2-aa01-4463-ac45-7f7f7e7fef11 doesn't exist; not enqueuing
2026-01-30 14:29:54.768 24187-24389 CatalogSyn...atorWorker com.fishit.player.v2                 I  CHAINS_ENQUEUED duration_ms=12 policy=KEEP sources=XTREAM (downstream workers will report completion)
2026-01-30 14:29:54.768 24187-24187 WM-Processor            com.fishit.player.v2                 D  Processor ca4c71c5-892e-402d-bfa3-7c05645ff39e executed; reschedule = false
2026-01-30 14:29:54.768 24187-24187 WM-SystemJobService     com.fishit.player.v2                 D  ca4c71c5-892e-402d-bfa3-7c05645ff39e executed on JobScheduler
2026-01-30 14:29:54.769 24187-24187 WorkManage...teObserver com.fishit.player.v2                 D  Sync state: RUNNING | id=ca4c71c5 | attempts=1 | tags=[catalog_sync, worker/CatalogSyncOrchestratorWorker, com.fishit.player.v2.work.CatalogSyncOrchestratorWorker, mode_auto]
2026-01-30 14:29:54.775 24187-24288 WM-GreedyScheduler      com.fishit.player.v2                 D  Cancelling work ID ca4c71c5-892e-402d-bfa3-7c05645ff39e
2026-01-30 14:29:54.776 24187-24187 WM-SystemJobService     com.fishit.player.v2                 D  onStopJob for WorkGenerationalId(workSpecId=ca4c71c5-892e-402d-bfa3-7c05645ff39e, generation=0)
2026-01-30 14:29:54.779 24187-24187 WorkManage...teObserver com.fishit.player.v2                 I  Sync state: SUCCEEDED
2026-01-30 14:29:54.783 24187-24288 WM-WorkerWrapper        com.fishit.player.v2                 I  Worker result SUCCESS for Work [ id=466be217-1a24-4383-bdc9-28fb5ff86de5, tags={ com.fishit.player.v2.work.CatalogSyncOrchestratorWorker,catalog_sync,mode_incremental,worker/CatalogSyncOrchestratorWorker } ]
2026-01-30 14:29:54.818 24187-24187 WM-Processor            com.fishit.player.v2                 D  Processor 466be217-1a24-4383-bdc9-28fb5ff86de5 executed; reschedule = false
2026-01-30 14:29:54.818 24187-24187 WM-GreedyScheduler      com.fishit.player.v2                 D  Stopping tracking for WorkGenerationalId(workSpecId=466be217-1a24-4383-bdc9-28fb5ff86de5, generation=0)
2026-01-30 14:29:54.819 24187-24187 WM-SystemJobService     com.fishit.player.v2                 D  466be217-1a24-4383-bdc9-28fb5ff86de5 executed on JobScheduler
2026-01-30 14:29:54.822 24187-24275 WM-GreedyScheduler      com.fishit.player.v2                 D  Cancelling work ID 466be217-1a24-4383-bdc9-28fb5ff86de5
2026-01-30 14:29:54.832 24187-24275 WM-SystemJobScheduler   com.fishit.player.v2                 D  Scheduling work ID 466be217-1a24-4383-bdc9-28fb5ff86de5Job ID 5
2026-01-30 14:29:54.835 24187-24275 WM-BrdcstRcvrCnstrntTrc com.fishit.player.v2                 D  BatteryNotLowTracker: unregistering receiver
2026-01-30 14:29:54.837 24187-24275 WM-NetworkStateTracker  com.fishit.player.v2                 D  Unregistering network callback
2026-01-30 14:29:54.840 24187-24361 NxCatalogWriter         com.fishit.player.v2                 D  ✅ OPTIMIZED ingestBatch COMPLETE: 400 items | persist_ms=561 total_ms=641 (624 items/sec)
2026-01-30 14:29:54.841 24187-24361 CatalogSyncService      com.fishit.player.v2                 W  Xtream batch (NX): ingested=400 failed=0 hint_warnings=106 ingest_ms=715 total_ms=715
2026-01-30 14:29:54.842 24187-24275 ConnectivityManager     com.fishit.player.v2                 D  StackLog: [android.net.ConnectivityManager.unregisterNetworkCallback(ConnectivityManager.java:5076)] [androidx.work.impl.utils.NetworkApi21.unregisterNetworkCallbackCompat(NetworkApi21.kt:28)] [androidx.work.impl.constraints.trackers.NetworkStateTracker24.stopTracking(NetworkStateTracker.kt:180)] [androidx.work.impl.constraints.trackers.ConstraintTracker.removeListener(ConstraintTracker.kt:67)] [androidx.work.impl.constraints.controllers.BaseConstraintController$track$1$1.invoke(ContraintControllers.kt:63)] [androidx.work.impl.constraints.controllers.BaseConstraintController$track$1$1.invoke(ContraintControllers.kt:63)] [kotlinx.coroutines.channels.ProduceKt.awaitClose(Produce.kt:69)] [kotlinx.coroutines.channels.ProduceKt$awaitClose$1.invokeSuspend(Unknown Source:13)] [kotlin.coroutines.jvm.internal.BaseContinuationImpl.resumeWith(ContinuationImpl.kt:34)] [kotlinx.coroutines.DispatchedTask.run(DispatchedTask.kt:98)] [androidx.work.impl.utils.SerialExecutorImpl$Task.run(SerialExecutorImpl.java:96)] [java.util.concurrent.ThreadPoolExecutor.runWorker(ThreadPoolExecutor.java:1145)] [java.util.concurrent.ThreadPoolExecutor$Worker.run(ThreadPoolExecutor.java:644)] [java.lang.Thread.run(Thread.java:1012)]
2026-01-30 14:29:54.848 24187-24361 CatalogSyncService      com.fishit.player.v2                 D  Persisting Xtream catalog batch (NX-ONLY): 400 items (canonical_linking=true)
2026-01-30 14:29:54.860 24187-24187 WM-SystemJobService     com.fishit.player.v2                 D  onStopJob for WorkGenerationalId(workSpecId=466be217-1a24-4383-bdc9-28fb5ff86de5, generation=0)
2026-01-30 14:29:54.862 24187-24266 XTC                     com.fishit.player.v2                 D  [VOD] DTO→Raw #1400 | id=xtream:vod:740067 | title="Die Knochenfrau | 2023 | 5.8 |" | sourceType=XTREAM | Fields: ✓[year=2023, poster] ✗[plot, cast, director, backdrop, duration, tmdb]
2026-01-30 14:29:54.869 24187-24256 XTC                     com.fishit.player.v2                 D  [LIVE] DTO→Raw #2100 | id=xtream:live:68354 | title="MK: MPT 3" | sourceType=XTREAM | Fields: ✓[poster] ✗[year, plot, cast, director, backdrop, duration, tmdb]
2026-01-30 14:29:54.875 24187-24266 XTC                     com.fishit.player.v2                 D  [VOD] DTO→Raw #1450 | id=xtream:vod:731525 | title="Für immer | 2023 | 6.1 |" | sourceType=XTREAM | Fields: ✓[year=2023, poster] ✗[plot, cast, director, backdrop, duration, tmdb]
2026-01-30 14:29:54.883 24187-24266 XTC                     com.fishit.player.v2                 D  [VOD] DTO→Raw #1500 | id=xtream:vod:728107 | title="My Name Is Loh Kiwan | 2024 | 6.0 |" | sourceType=XTREAM | Fields: ✓[year=2024, poster] ✗[plot, cast, director, backdrop, duration, tmdb]
2026-01-30 14:29:54.883 24187-24265 XTC                     com.fishit.player.v2                 D  [SERIES] DTO→Raw #1700 | id=xtream:series:4449 | title="Irma Vep" | sourceType=XTREAM | Fields: ✓[plot(448c), cast, poster, duration=3600000ms] ✗[year, director, backdrop, tmdb]
2026-01-30 14:29:54.884 24187-24256 XTC                     com.fishit.player.v2                 D  [LIVE] DTO→Raw #2150 | id=xtream:live:112383 | title="CRO: Arena Sport 8 FHD" | sourceType=XTREAM | Fields: ✓[poster] ✗[year, plot, cast, director, backdrop, duration, tmdb]
2026-01-30 14:29:54.896 24187-24389 XtreamCatalogScanWorker com.fishit.player.v2                 D  PROGRESS discovered=5348 persisted=3200 phase=N/A
2026-01-30 14:29:54.905 24187-24256 XTC                     com.fishit.player.v2                 D  [LIVE] DTO→Raw #2200 | id=xtream:live:81562 | title="EYXU PINK" | sourceType=XTREAM | Fields: ✓[] ✗[year, plot, cast, director, poster, backdrop, duration, tmdb]
2026-01-30 14:29:54.928 24187-24256 NxCatalogWriter         com.fishit.player.v2                 D  📥 OPTIMIZED ingestBatch START: 400 items
2026-01-30 14:29:55.011 24187-24256 NxWorkRepository        com.fishit.player.v2                 W  Deduped 9 duplicate workKeys in batch (400 → 391)
2026-01-30 14:29:55.011 24187-24202 ishit.player.v2         com.fishit.player.v2                 I  Background young concurrent copying GC freed 553643(20MB) AllocSpace objects, 6(120KB) LOS objects, 27% free, 35MB/48MB, paused 227us,51us total 133.242ms
2026-01-30 14:29:55.135 24187-24258 NxCatalogWriter         com.fishit.player.v2                 D  ✅ OPTIMIZED ingestBatch COMPLETE: 400 items | persist_ms=491 total_ms=595 (672 items/sec)
2026-01-30 14:29:55.136 24187-24258 CatalogSyncService      com.fishit.player.v2                 W  Xtream batch (NX): ingested=400 failed=0 hint_warnings=66 ingest_ms=669 total_ms=669
2026-01-30 14:29:55.140 24187-24265 XTC                     com.fishit.player.v2                 D  [SERIES] DTO→Raw #1750 | id=xtream:series:4577 | title="Shantaram" | sourceType=XTREAM | Fields: ✓[plot(534c), cast, poster, duration=3180000ms] ✗[year, director, backdrop, tmdb]
2026-01-30 14:29:55.146 24187-24266 XTC                     com.fishit.player.v2                 D  [VOD] DTO→Raw #1550 | id=xtream:vod:704641 | title="Cat Person | 2023 | 6.2 |" | sourceType=XTREAM | Fields: ✓[year=2023, poster] ✗[plot, cast, director, backdrop, duration, tmdb]
2026-01-30 14:29:55.151 24187-24389 XTC                     com.fishit.player.v2                 D  [LIVE] DTO→Raw #2250 | id=xtream:live:68054 | title="SRB: Fox Crime" | sourceType=XTREAM | Fields: ✓[poster] ✗[year, plot, cast, director, backdrop, duration, tmdb]
2026-01-30 14:29:55.151 24187-24258 CatalogSyncService      com.fishit.player.v2                 D  Persisting Xtream catalog batch (NX-ONLY): 400 items (canonical_linking=true)
2026-01-30 14:29:55.152 24187-24266 XTC                     com.fishit.player.v2                 D  [VOD] DTO→Raw #1600 | id=xtream:vod:696436 | title="Naughty - Entfesselte Lust | 2023 | 5.8 " | sourceType=XTREAM | Fields: ✓[year=2023, poster] ✗[plot, cast, director, backdrop, duration, tmdb]
2026-01-30 14:29:55.174 24187-24265 XTC                     com.fishit.player.v2                 D  [SERIES] DTO→Raw #1800 | id=xtream:series:4656 | title="Truth Be Told - Der Wahrheit auf der Spu" | sourceType=XTREAM | Fields: ✓[plot(277c), cast, poster, duration=2700000ms] ✗[year, director, backdrop, tmdb]
2026-01-30 14:29:55.175 24187-24264 XTC                     com.fishit.player.v2                 D  [VOD] DTO→Raw #1650 | id=xtream:vod:692594 | title="Slotherhouse - Ein Faultier zum Fürchten" | sourceType=XTREAM | Fields: ✓[year=2023, poster] ✗[plot, cast, director, backdrop, duration, tmdb]
2026-01-30 14:29:55.177 24187-24389 XTC                     com.fishit.player.v2                 D  [LIVE] DTO→Raw #2300 | id=xtream:live:80163 | title="EXYU: BBC Earth" | sourceType=XTREAM | Fields: ✓[poster] ✗[year, plot, cast, director, backdrop, duration, tmdb]
2026-01-30 14:29:55.187 24187-24264 XTC                     com.fishit.player.v2                 D  [VOD] DTO→Raw #1700 | id=xtream:vod:674679 | title="A Royal Corgi Christmas - Weihnachten wi" | sourceType=XTREAM | Fields: ✓[year=2022, poster] ✗[plot, cast, director, backdrop, duration, tmdb]
2026-01-30 14:29:55.216 24187-24258 NxCatalogWriter         com.fishit.player.v2                 D  📥 OPTIMIZED ingestBatch START: 400 items
2026-01-30 14:29:55.277 24187-24258 NxWorkRepository        com.fishit.player.v2                 W  Deduped 2 duplicate workKeys in batch (400 → 398)
2026-01-30 14:29:55.465 24187-24254 NxCatalogWriter         com.fishit.player.v2                 D  ✅ OPTIMIZED ingestBatch COMPLETE: 400 items | persist_ms=873 total_ms=989 (404 items/sec)
2026-01-30 14:29:55.466 24187-24254 CatalogSyncService      com.fishit.player.v2                 W  Xtream batch (NX): ingested=400 failed=0 hint_warnings=74 ingest_ms=1104 total_ms=1104
2026-01-30 14:29:55.478 24187-24360 XTC                     com.fishit.player.v2                 D  [VOD] DTO→Raw #1750 | id=xtream:vod:672225 | title="Elf Me | 2023 | 6.2 |" | sourceType=XTREAM | Fields: ✓[year=2023, poster] ✗[plot, cast, director, backdrop, duration, tmdb]
2026-01-30 14:29:55.479 24187-24254 CatalogSyncService      com.fishit.player.v2                 D  Persisting Xtream catalog batch (NX-ONLY): 400 items (canonical_linking=true)
2026-01-30 14:29:55.480 24187-24266 XTC                     com.fishit.player.v2                 D  [LIVE] DTO→Raw #2350 | id=xtream:live:71045 | title="CR: Narodni TV" | sourceType=XTREAM | Fields: ✓[] ✗[year, plot, cast, director, poster, backdrop, duration, tmdb]
2026-01-30 14:29:55.498 24187-24361 XTC                     com.fishit.player.v2                 D  [SERIES] DTO→Raw #1850 | id=xtream:series:4755 | title="The Great Game" | sourceType=XTREAM | Fields: ✓[plot(321c), cast, poster, duration=3360000ms] ✗[year, director, backdrop, tmdb]
2026-01-30 14:29:55.507 24187-24266 XTC                     com.fishit.player.v2                 D  [LIVE] DTO→Raw #2400 | id=xtream:live:123310 | title="NL: ZIGGO SPORT DOCU HEVC" | sourceType=XTREAM | Fields: ✓[poster] ✗[year, plot, cast, director, backdrop, duration, tmdb]
2026-01-30 14:29:55.507 24187-24360 XTC                     com.fishit.player.v2                 D  [VOD] DTO→Raw #1800 | id=xtream:vod:669556 | title="The Royal Nanny | 2022 | 6.2 |" | sourceType=XTREAM | Fields: ✓[year=2022, poster] ✗[plot, cast, director, backdrop, duration, tmdb]
2026-01-30 14:29:55.543 24187-24364 XTC                     com.fishit.player.v2                 D  [VOD] DTO→Raw #1850 | id=xtream:vod:667269 | title="As They Made Us | 2022 | 5.5 |" | sourceType=XTREAM | Fields: ✓[year=2022, poster] ✗[plot, cast, director, backdrop, duration, tmdb]
2026-01-30 14:29:55.551 24187-24264 XTC                     com.fishit.player.v2                 D  [LIVE] DTO→Raw #2450 | id=xtream:live:67994 | title="NL: CBS REALITY" | sourceType=XTREAM | Fields: ✓[] ✗[year, plot, cast, director, poster, backdrop, duration, tmdb]
2026-01-30 14:29:55.553 24187-24364 XTC                     com.fishit.player.v2                 D  [VOD] DTO→Raw #1900 | id=xtream:vod:659371 | title="Detective Dee und die Armee der Toten | " | sourceType=XTREAM | Fields: ✓[year=2022, poster] ✗[plot, cast, director, backdrop, duration, tmdb]
2026-01-30 14:29:55.557 24187-24254 NxCatalogWriter         com.fishit.player.v2                 D  📥 OPTIMIZED ingestBatch START: 400 items
2026-01-30 14:29:55.623 24187-24254 NxWorkRepository        com.fishit.player.v2                 W  Deduped 1 duplicate workKeys in batch (400 → 399)
2026-01-30 14:29:55.688 24187-24258 NxCatalogWriter         com.fishit.player.v2                 D  ✅ OPTIMIZED ingestBatch COMPLETE: 400 items | persist_ms=412 total_ms=472 (847 items/sec)
2026-01-30 14:29:55.689 24187-24258 CatalogSyncService      com.fishit.player.v2                 W  Xtream batch (NX): ingested=400 failed=0 hint_warnings=88 ingest_ms=537 total_ms=538
2026-01-30 14:29:55.698 24187-24258 CatalogSyncService      com.fishit.player.v2                 D  Persisting Xtream catalog batch (NX-ONLY): 400 items (canonical_linking=true)
2026-01-30 14:29:55.698 24187-24389 XTC                     com.fishit.player.v2                 D  [LIVE] DTO→Raw #2500 | id=xtream:live:728060 | title="NL: VIAPLAY Premier League 1 FHD" | sourceType=XTREAM | Fields: ✓[poster] ✗[year, plot, cast, director, backdrop, duration, tmdb]
2026-01-30 14:29:55.703 24187-24360 XtreamCatalogScanWorker com.fishit.player.v2                 D  PROGRESS discovered=6322 persisted=4400 phase=N/A
2026-01-30 14:29:55.703 24187-24364 XTC                     com.fishit.player.v2                 D  [SERIES] DTO→Raw #1900 | id=xtream:series:4854 | title="Last X-mas - 24 Tage für die Liebe" | sourceType=XTREAM | Fields: ✓[plot(632c), cast, poster] ✗[year, director, backdrop, duration, tmdb]
2026-01-30 14:29:55.707 24187-24390 XTC                     com.fishit.player.v2                 D  [VOD] DTO→Raw #1950 | id=xtream:vod:655613 | title="War of the Worlds: The Attack | 2023 | 5" | sourceType=XTREAM | Fields: ✓[year=2023, poster] ✗[plot, cast, director, backdrop, duration, tmdb]
2026-01-30 14:29:55.724 24187-24390 XTC                     com.fishit.player.v2                 D  [VOD] DTO→Raw #2000 | id=xtream:vod:641588 | title="Meinen Hass bekommt ihr nicht | 2022 | 5" | sourceType=XTREAM | Fields: ✓[year=2022, poster] ✗[plot, cast, director, backdrop, duration, tmdb]
2026-01-30 14:29:55.730 24187-24266 XtreamCatalogScanWorker com.fishit.player.v2                 D  PROGRESS discovered=6445 persisted=4400 phase=N/A
2026-01-30 14:29:55.739 24187-24364 XTC                     com.fishit.player.v2                 D  [SERIES] DTO→Raw #1950 | id=xtream:series:4952 | title="Vienna Blood" | sourceType=XTREAM | Fields: ✓[plot(715c), cast, poster, duration=5340000ms] ✗[year, director, backdrop, tmdb]
2026-01-30 14:29:55.753 24187-24389 XTC                     com.fishit.player.v2                 D  [LIVE] DTO→Raw #2550 | id=xtream:live:51111 | title="NL: FILM 1 ACTION FHD" | sourceType=XTREAM | Fields: ✓[] ✗[year, plot, cast, director, poster, backdrop, duration, tmdb]
2026-01-30 14:29:55.767 24187-24258 NxCatalogWriter         com.fishit.player.v2                 D  📥 OPTIMIZED ingestBatch START: 400 items
2026-01-30 14:29:55.770 24187-24256 NxCatalogWriter         com.fishit.player.v2                 D  ✅ OPTIMIZED ingestBatch COMPLETE: 400 items | persist_ms=760 total_ms=842 (475 items/sec)
2026-01-30 14:29:55.771 24187-24256 CatalogSyncService      com.fishit.player.v2                 W  Xtream batch (NX): ingested=400 failed=0 hint_warnings=51 ingest_ms=922 total_ms=923
2026-01-30 14:29:55.776 24187-24389 XTC                     com.fishit.player.v2                 D  [LIVE] DTO→Raw #2600 | id=xtream:live:324134 | title="FR: E! ENTERTAINMENT HEVC" | sourceType=XTREAM | Fields: ✓[poster] ✗[year, plot, cast, director, backdrop, duration, tmdb]
2026-01-30 14:29:55.783 24187-24364 XTC                     com.fishit.player.v2                 D  [SERIES] DTO→Raw #2000 | id=xtream:series:5054 | title="Planet Sex mit Cara Delevingne" | sourceType=XTREAM | Fields: ✓[plot(231c), cast, poster, duration=2700000ms] ✗[year, director, backdrop, tmdb]
2026-01-30 14:29:55.786 24187-24360 XtreamCatalogScanWorker com.fishit.player.v2                 D  PROGRESS discovered=6601 persisted=4800 phase=N/A
2026-01-30 14:29:55.795 24187-24256 CatalogSyncService      com.fishit.player.v2                 D  Persisting Xtream catalog batch (NX-ONLY): 400 items (canonical_linking=true)
2026-01-30 14:29:55.819 24187-24389 XTC                     com.fishit.player.v2                 D  [LIVE] DTO→Raw #2650 | id=xtream:live:324241 | title="FR: PIWI+ HEVC" | sourceType=XTREAM | Fields: ✓[poster] ✗[year, plot, cast, director, backdrop, duration, tmdb]
2026-01-30 14:29:55.824 24187-24390 XTC                     com.fishit.player.v2                 D  [VOD] DTO→Raw #2050 | id=xtream:vod:639373 | title="A Life Too Short: The Isabella Nardoni C" | sourceType=XTREAM | Fields: ✓[year=2023, poster] ✗[plot, cast, director, backdrop, duration, tmdb]
2026-01-30 14:29:55.829 24187-24390 XTC                     com.fishit.player.v2                 D  [VOD] DTO→Raw #2100 | id=xtream:vod:622323 | title="Operacja: Soulcatcher | 2023 | 6.4 |" | sourceType=XTREAM | Fields: ✓[year=2023, poster] ✗[plot, cast, director, backdrop, duration, tmdb]
2026-01-30 14:29:55.836 24187-24390 XTC                     com.fishit.player.v2                 D  [VOD] DTO→Raw #2150 | id=xtream:vod:613244 | title="Bird Box: Barcelona | 2023 | 6.7 |" | sourceType=XTREAM | Fields: ✓[year=2023, poster] ✗[plot, cast, director, backdrop, duration, tmdb]
2026-01-30 14:29:55.843 24187-24390 XTC                     com.fishit.player.v2                 D  [VOD] DTO→Raw #2200 | id=xtream:vod:580171 | title="Infinity Pool | 2023 | 6.3" | sourceType=XTREAM | Fields: ✓[year=2023, poster] ✗[plot, cast, director, backdrop, duration, tmdb]
2026-01-30 14:29:55.857 24187-24389 XTC                     com.fishit.player.v2                 D  [LIVE] DTO→Raw #2700 | id=xtream:live:361934 | title="FR: BEIN SPORTS MAX8 HEVC" | sourceType=XTREAM | Fields: ✓[] ✗[year, plot, cast, director, poster, backdrop, duration, tmdb]
2026-01-30 14:29:55.858 24187-24390 XTC                     com.fishit.player.v2                 D  [VOD] DTO→Raw #2250 | id=xtream:vod:414905 | title="Scream 6 (2023)" | sourceType=XTREAM | Fields: ✓[year=2023, poster] ✗[plot, cast, director, backdrop, duration, tmdb]
2026-01-30 14:29:55.873 24187-24389 XTC                     com.fishit.player.v2                 D  [LIVE] DTO→Raw #2750 | id=xtream:live:44392 | title="FR: Orange Cinema 2 HD" | sourceType=XTREAM | Fields: ✓[poster] ✗[year, plot, cast, director, backdrop, duration, tmdb]
2026-01-30 14:29:55.891 24187-24256 NxCatalogWriter         com.fishit.player.v2                 D  📥 OPTIMIZED ingestBatch START: 400 items
2026-01-30 14:29:55.896 24187-24202 ishit.player.v2         com.fishit.player.v2                 I  Background young concurrent copying GC freed 557130(20MB) AllocSpace objects, 0(0B) LOS objects, 31% free, 34MB/50MB, paused 151us,143us total 124.869ms
2026-01-30 14:29:55.908 24187-24258 NxWorkRepository        com.fishit.player.v2                 W  Deduped 6 duplicate workKeys in batch (400 → 394)
2026-01-30 14:29:55.948 24187-24256 NxWorkRepository        com.fishit.player.v2                 W  Deduped 2 duplicate workKeys in batch (400 → 398)
2026-01-30 14:29:56.282 24187-24258 NxCatalogWriter         com.fishit.player.v2                 D  ✅ OPTIMIZED ingestBatch COMPLETE: 400 items | persist_ms=376 total_ms=516 (775 items/sec)
2026-01-30 14:29:56.283 24187-24258 CatalogSyncService      com.fishit.player.v2                 W  Xtream batch (NX): ingested=400 failed=0 hint_warnings=82 ingest_ms=585 total_ms=585
2026-01-30 14:29:56.283 24187-24258 CatalogSyncService      com.fishit.player.v2                 D  Consumer#1: 5 batches, 5200 total items
2026-01-30 14:29:56.289 24187-24390 XTC                     com.fishit.player.v2                 D  [VOD] DTO→Raw #2300 | id=xtream:vod:383802 | title="American Murderer (2022)" | sourceType=XTREAM | Fields: ✓[year=2022, poster] ✗[plot, cast, director, backdrop, duration, tmdb]
2026-01-30 14:29:56.290 24187-24258 CatalogSyncService      com.fishit.player.v2                 D  Persisting Xtream catalog batch (NX-ONLY): 400 items (canonical_linking=true)
2026-01-30 14:29:56.303 24187-24390 XTC                     com.fishit.player.v2                 D  [VOD] DTO→Raw #2350 | id=xtream:vod:383892 | title="Familie um jeden Preis (2022)" | sourceType=XTREAM | Fields: ✓[year=2022, poster] ✗[plot, cast, director, backdrop, duration, tmdb]
2026-01-30 14:29:56.310 24187-24364 XTC                     com.fishit.player.v2                 D  [LIVE] DTO→Raw #2800 | id=xtream:live:44458 | title="FR: AB1 FHD" | sourceType=XTREAM | Fields: ✓[] ✗[year, plot, cast, director, poster, backdrop, duration, tmdb]
