2026-01-28 15:19:28.116 19658-19658 ViewRootIm...nActivity] com.fishit.player.v2                 I  ViewPostIme pointer 0
2026-01-28 15:19:28.190 19658-19658 ViewRootIm...nActivity] com.fishit.player.v2                 I  ViewPostIme pointer 1
2026-01-28 15:19:28.260 19658-19658 InputMethodManagerUtils com.fishit.player.v2                 D  startInputInner - Id : 0
2026-01-28 15:19:28.260 19658-19658 InputMethodManager      com.fishit.player.v2                 I  startInputInner - IInputMethodManagerGlobalInvoker.startInputOrWindowGainedFocus
2026-01-28 15:19:28.265 19658-19658 InputMethodManagerUtils com.fishit.player.v2                 D  startInputInner - Id : 0
2026-01-28 15:19:28.265 19658-19658 InputMethodManager      com.fishit.player.v2                 I  startInputInner - IInputMethodManagerGlobalInvoker.startInputOrWindowGainedFocus
2026-01-28 15:19:28.269 19658-19658 ImeTracker              com.fishit.player.v2                 I  com.fishit.player.v2:b9694038: onRequestShow at ORIGIN_CLIENT_SHOW_SOFT_INPUT reason SHOW_SOFT_INPUT_BY_INSETS_API
2026-01-28 15:19:28.269 19658-19658 InsetsController        com.fishit.player.v2                 D  show(ime(), fromIme=false)
2026-01-28 15:19:28.270 19658-19658 InsetsController        com.fishit.player.v2                 I  setRequestedVisibleTypes: visible=true, mask=ime, host=com.fishit.player.v2/com.fishit.player.v2.MainActivity, from=android.view.InsetsController.controlAnimationUnchecked:1445 android.view.InsetsController.applyAnimation:2005 android.view.InsetsController.applyAnimation:1968 android.view.InsetsController.show:1309 android.view.InsetsController.show:1237 androidx.core.view.SoftwareKeyboardControllerCompat$Impl30.show:194 androidx.core.view.SoftwareKeyboardControllerCompat.show:71 androidx.compose.ui.text.input.InputMethodManagerImpl.showSoftInput:81 androidx.compose.ui.text.input.TextInputServiceAndroid.setKeyboardVisibleImmediately:475 androidx.compose.ui.text.input.TextInputServiceAndroid.processInputCommands:359
2026-01-28 15:19:28.270 19658-19658 InputMethodManager_LC   com.fishit.player.v2                 I  ris()
2026-01-28 15:19:28.270 19658-19658 InputMethodManager_LC   com.fishit.player.v2                 I  ssi(): flags=0 view=com.fishit.player.v2 reason = SHOW_SOFT_INPUT_BY_INSETS_API
2026-01-28 15:19:28.270 19658-19658 InputMethodManager_LC   com.fishit.player.v2                 I  ssi() view is not EditText
2026-01-28 15:19:28.270 19658-19658 InputMethodManager      com.fishit.player.v2                 D  showSoftInput() view=androidx.compose.ui.platform.AndroidComposeView{601ecde VFED..... .F....ID 0,0-1080,2400 aid=1073741824} flags=0 reason=SHOW_SOFT_INPUT_BY_INSETS_API
2026-01-28 15:19:28.273 19658-19658 InsetsController        com.fishit.player.v2                 I  setRequestedVisibleTypes: visible=false, mask=ime, host=com.fishit.player.v2/com.fishit.player.v2.MainActivity, from=android.view.InsetsController.controlAnimationUncheckedInner:1546 android.view.InsetsController.controlAnimationUnchecked:1449 android.view.InsetsController.applyAnimation:2005 android.view.InsetsController.applyAnimation:1968 android.view.InsetsController.show:1309 android.view.InsetsController.show:1237 androidx.core.view.SoftwareKeyboardControllerCompat$Impl30.show:194 androidx.core.view.SoftwareKeyboardControllerCompat.show:71 androidx.compose.ui.text.input.InputMethodManagerImpl.showSoftInput:81 androidx.compose.ui.text.input.TextInputServiceAndroid.setKeyboardVisibleImmediately:475
2026-01-28 15:19:28.321 19658-19658 InputMethodManager_LC   com.fishit.player.v2                 I  showSoftInput(View,I)
2026-01-28 15:19:28.325 19658-19658 ImeTracker              com.fishit.player.v2                 I  com.fishit.player.v2:c7236abb: onRequestShow at ORIGIN_CLIENT_SHOW_SOFT_INPUT reason SHOW_SOFT_INPUT
2026-01-28 15:19:28.325 19658-19658 InputMethodManager_LC   com.fishit.player.v2                 I  ssi(): flags=0 view=com.fishit.player.v2 reason = SHOW_SOFT_INPUT
2026-01-28 15:19:28.325 19658-19658 InputMethodManager_LC   com.fishit.player.v2                 I  ssi() view is not EditText
2026-01-28 15:19:28.325 19658-19658 InputMethodManager      com.fishit.player.v2                 D  showSoftInput() view=androidx.compose.ui.platform.AndroidComposeView{601ecde VFED..... .F....ID 0,0-1080,2400 aid=1073741824} flags=0 reason=SHOW_SOFT_INPUT
2026-01-28 15:19:28.337 19658-19658 RemoteInpu...ectionImpl com.fishit.player.v2                 W  getExtractedText on inactive InputConnection
2026-01-28 15:19:28.452 19658-19676 ViewRootIm...nActivity] com.fishit.player.v2                 I  Resizing android.view.ViewRootImpl@14e58b3: frame = [0,0][1080,2400] reportDraw = false forceLayout = false syncSeqId = -1
2026-01-28 15:19:28.454 19658-19658 InsetsController        com.fishit.player.v2                 I  onStateChanged: host=com.fishit.player.v2/com.fishit.player.v2.MainActivity, from=android.view.ViewRootImpl$ViewRootHandler.handleMessageImpl:7196, state=InsetsState: {mDisplayFrame=Rect(0, 0 - 1080, 2400), mDisplayCutout=DisplayCutout{insets=Rect(0, 80 - 0, 0) waterfall=Insets{left=0, top=0, right=0, bottom=0} boundingRect={Bounds=[Rect(0, 0 - 0, 0), Rect(510, 0 - 570, 80), Rect(0, 0 - 0, 0), Rect(0, 0 - 0, 0)]} cutoutPathParserInfo={CutoutPathParserInfo{displayWidth=1080 displayHeight=2400 physicalDisplayWidth=1080 physicalDisplayHeight=2400 density={3.0} cutoutSpec={M 0,0 H -10 V 26.66666666666667 H 10 V 0 H 0 Z @dp} rotation={0} scale={1.0} physicalPixelDisplaySizeRatio={1.0}}}}, mRoundedCorners=RoundedCorners{[RoundedCorner{position=TopLeft, radius=90, center=Point(90, 90)}, RoundedCorner{position=TopRight, radius=90, center=Point(990, 90)}, RoundedCorner{position=BottomRight, radius=90, center=Point(990, 2310)}, RoundedCorner{position=BottomLeft, radius=90, center=Point(90, 2310)}]}  mRoundedCornerFrame=Rect(0, 0 - 1080, 2400), mPrivacyIndicatorBounds=PrivacyIndicatorBounds {static bounds=Rect(948, 0 - 1080, 80) rotation=0}, mDisplayShape=DisplayShape{ spec=-311912193 displayWidth=1080 displayHeight=2400 physicalPixelDisplaySizeRatio=1.0 rotation=0 offsetX=0 offsetY=0 scale=1.0}, mSources= { InsetsSource: {3 mType=ime mFrame=[0,2256][1080,2400] mVisible=false mFlags=[]}, InsetsSource: {27 mType=displayCutout mFrame=[0,0][1080,80] mVisible=true mFlags=[]}, InsetsSource: {567b0001 mType=navigationBars mFrame=[0,2256][1080,2400] mVisible=true mFlags=[]}, InsetsSource: {567b0004 mType=systemGestures mFrame=[0,0][0,0] mVisible=true mFlags=[]}, InsetsSource: {567b0005 mType=mandatorySystemGestures mFrame=[0,2256][1080,2400] mVisible=true mFlags=[]}, InsetsSource: {567b0006 mType=tappableElement mFrame=[0,2256][1080,2400] mVisible=true mFlags=[]}, InsetsSource: {567b0024 mType=systemGestures mFrame=[0,0][0,0] mVisible=true mFlags=[]}, InsetsSource: {667f0000 mType=statusBars mFrame=[0,0][1080,80] mVisible=true mFlags=[]}, InsetsSource: {667f0005 mType=mandatorySystemGestures mFrame=[0,0][1080,116] mVisible=true mFlags=[]}, InsetsSource: {667f0006 mType=tappableElement mFrame=[0,0][1080,80] mVisible=true mFlags=[]} }
2026-01-28 15:19:28.455 19658-19658 ViewRootIm...nActivity] com.fishit.player.v2                 I  handleResized, msg = 4 frames=ClientWindowFrames{frame=[0,0][1080,2400] display=[0,0][1080,2400] parentFrame=[0,0][0,0]} forceNextWindowRelayout=false displayId=0 dragResizing=false compatScale=1.0 frameChanged=false attachedFrameChanged=false configChanged=false displayChanged=false compatScaleChanged=false
2026-01-28 15:19:28.474 19658-19658 InsetsController        com.fishit.player.v2                 D  show(ime(), fromIme=true)
2026-01-28 15:19:28.475 19658-19658 InsetsController        com.fishit.player.v2                 I  setRequestedVisibleTypes: visible=true, mask=ime, host=com.fishit.player.v2/com.fishit.player.v2.MainActivity, from=android.view.InsetsController.controlAnimationUnchecked:1445 android.view.InsetsController.handlePendingControlRequest:1324 android.view.InsetsController.show:1260 android.view.ViewRootImpl$ViewRootHandler.handleMessageImpl:7233 android.view.ViewRootImpl$ViewRootHandler.handleMessage:7166 android.os.Handler.dispatchMessage:106 android.os.Looper.loopOnce:230 android.os.Looper.loop:319 android.app.ActivityThread.main:8919 java.lang.reflect.Method.invoke:-2
2026-01-28 15:19:28.481 19658-19658 InsetsController        com.fishit.player.v2                 I  controlAnimationUncheckedInner: Added types=ime, animType=0, host=com.fishit.player.v2/com.fishit.player.v2.MainActivity, from=android.view.InsetsController.controlAnimationUnchecked:1449 android.view.InsetsController.handlePendingControlRequest:1324 android.view.InsetsController.show:1260
2026-01-28 15:19:28.496 19658-19676 ViewRootIm...nActivity] com.fishit.player.v2                 I  Resizing android.view.ViewRootImpl@14e58b3: frame = [0,0][1080,2400] reportDraw = false forceLayout = false syncSeqId = -1
2026-01-28 15:19:28.522 19658-19658 InsetsController        com.fishit.player.v2                 I  onStateChanged: host=com.fishit.player.v2/com.fishit.player.v2.MainActivity, from=android.view.ViewRootImpl$ViewRootHandler.handleMessageImpl:7209, state=InsetsState: {mDisplayFrame=Rect(0, 0 - 1080, 2400), mDisplayCutout=DisplayCutout{insets=Rect(0, 80 - 0, 0) waterfall=Insets{left=0, top=0, right=0, bottom=0} boundingRect={Bounds=[Rect(0, 0 - 0, 0), Rect(510, 0 - 570, 80), Rect(0, 0 - 0, 0), Rect(0, 0 - 0, 0)]} cutoutPathParserInfo={CutoutPathParserInfo{displayWidth=1080 displayHeight=2400 physicalDisplayWidth=1080 physicalDisplayHeight=2400 density={3.0} cutoutSpec={M 0,0 H -10 V 26.66666666666667 H 10 V 0 H 0 Z @dp} rotation={0} scale={1.0} physicalPixelDisplaySizeRatio={1.0}}}}, mRoundedCorners=RoundedCorners{[RoundedCorner{position=TopLeft, radius=90, center=Point(90, 90)}, RoundedCorner{position=TopRight, radius=90, center=Point(990, 90)}, RoundedCorner{position=BottomRight, radius=90, center=Point(990, 2310)}, RoundedCorner{position=BottomLeft, radius=90, center=Point(90, 2310)}]}  mRoundedCornerFrame=Rect(0, 0 - 1080, 2400), mPrivacyIndicatorBounds=PrivacyIndicatorBounds {static bounds=Rect(948, 0 - 1080, 80) rotation=0}, mDisplayShape=DisplayShape{ spec=-311912193 displayWidth=1080 displayHeight=2400 physicalPixelDisplaySizeRatio=1.0 rotation=0 offsetX=0 offsetY=0 scale=1.0}, mSources= { InsetsSource: {3 mType=ime mFrame=[0,2256][1080,2400] mVisible=true mFlags=[]}, InsetsSource: {27 mType=displayCutout mFrame=[0,0][1080,80] mVisible=true mFlags=[]}, InsetsSource: {567b0001 mType=navigationBars mFrame=[0,2256][1080,2400] mVisible=true mFlags=[]}, InsetsSource: {567b0004 mType=systemGestures mFrame=[0,0][0,0] mVisible=true mFlags=[]}, InsetsSource: {567b0005 mType=mandatorySystemGestures mFrame=[0,2256][1080,2400] mVisible=true mFlags=[]}, InsetsSource: {567b0006 mType=tappableElement mFrame=[0,2256][1080,2400] mVisible=true mFlags=[]}, InsetsSource: {567b0024 mType=systemGestures mFrame=[0,0][0,0] mVisible=true mFlags=[]}, InsetsSource: {667f0000 mType=statusBars mFrame=[0,0][1080,80] mVisible=true mFlags=[]}, InsetsSource: {667f0005 mType=mandatorySystemGestures mFrame=[0,0][1080,116] mVisible=true mFlags=[]}, InsetsSource: {667f0006 mType=tappableElement mFrame=[0,0][1080,80] mVisible=true mFlags=[]} }
2026-01-28 15:19:28.523 19658-19658 ViewRootIm...nActivity] com.fishit.player.v2                 I  handleResized, msg = 4 frames=ClientWindowFrames{frame=[0,0][1080,2400] display=[0,0][1080,2400] parentFrame=[0,0][0,0]} forceNextWindowRelayout=false displayId=0 dragResizing=false compatScale=1.0 frameChanged=false attachedFrameChanged=false configChanged=false displayChanged=false compatScaleChanged=false
2026-01-28 15:19:28.528 19658-19658 InsetsController        com.fishit.player.v2                 I  cancelAnimation: types=ime, animType=0, host=com.fishit.player.v2/com.fishit.player.v2.MainActivity, from=android.view.InsetsController.notifyFinished:1748 android.view.InsetsAnimationThreadControlRunner$1.lambda$notifyFinished$0:85 android.view.InsetsAnimationThreadControlRunner$1.$r8$lambda$RAf1SfIREsj9-wH5FOigMy6eLkM:0
2026-01-28 15:19:28.534 19658-19658 ImeTracker              com.fishit.player.v2                 I  com.fishit.player.v2:c7236abb: onShown
2026-01-28 15:19:28.546 19658-20094 ViewRootIm...nActivity] com.fishit.player.v2                 I  mWNT: t=0xb400007078e06050 mBlastBufferQueue=0xb400006e78df2390 fn= 10 mRenderHdrSdrRatio=1.0 caller= android.view.SyncRtSurfaceTransactionApplier.applyTransaction:96 android.view.SyncRtSurfaceTransactionApplier.lambda$scheduleApply$0:69 android.view.SyncRtSurfaceTransactionApplier.$r8$lambda$SgowXC58rj3PR958kHUfRgLZmvE:0
2026-01-28 15:19:30.621 19658-19658 ViewRootIm...nActivity] com.fishit.player.v2                 I  ViewPostIme key 0
2026-01-28 15:19:30.627 19658-19658 ViewRootIm...nActivity] com.fishit.player.v2                 I  ViewPostIme key 1
2026-01-28 15:19:34.303 19658-19658 ViewRootIm...nActivity] com.fishit.player.v2                 I  ViewPostIme pointer 0
2026-01-28 15:19:34.362 19658-19658 ViewRootIm...nActivity] com.fishit.player.v2                 I  ViewPostIme pointer 1
2026-01-28 15:19:34.365 19658-19658 OnboardingViewModel     com.fishit.player.v2                 D  connectXtream: Starting with URL host: http://konigtv.com:8080
2026-01-28 15:19:34.370 19658-19658 OnboardingViewModel     com.fishit.player.v2                 D  connectXtream: Parsed credentials - host=konigtv.com, port=8080, username=Christoph10, useHttps=false
2026-01-28 15:19:34.371 19658-19658 Compatibil...geReporter com.fishit.player.v2                 D  Compat change id reported: 247079863; UID 10462; state: ENABLED
2026-01-28 15:19:34.372 19658-19658 OnboardingViewModel     com.fishit.player.v2                 D  connectXtream: Created config - scheme=http, host=konigtv.com, port=8080, username=Christoph10
2026-01-28 15:19:34.373 19658-19658 XtreamAuthRepoAdapter   com.fishit.player.v2                 D  initialize: Starting with config - scheme=http, host=konigtv.com, port=8080, username=Christoph10
2026-01-28 15:19:34.374 19658-19658 XtreamAuthRepoAdapter   com.fishit.player.v2                 D  initialize: Calling apiClient.initialize
2026-01-28 15:19:34.376 19658-20058 XtreamApiClient         com.fishit.player.v2                 D  Initializing client for konigtv.com (forceDiscovery=false)
2026-01-28 15:19:34.376 19658-20058 XtreamApiClient         com.fishit.player.v2                 D  Resolved port: 8080
2026-01-28 15:19:34.411 19658-20060 XtreamApiClient         com.fishit.player.v2                 D  buildPlayerApiUrl: action=get_vod_categories -> konigtv.com/player_api.php
2026-01-28 15:19:34.411 19658-20072 XtreamApiClient         com.fishit.player.v2                 D  buildPlayerApiUrl: action=get_live_categories -> konigtv.com/player_api.php
2026-01-28 15:19:34.413 19658-20061 XtreamApiClient         com.fishit.player.v2                 D  buildPlayerApiUrl: action=get_movie_categories -> konigtv.com/player_api.php
2026-01-28 15:19:34.417 19658-20057 XtreamApiClient         com.fishit.player.v2                 D  buildPlayerApiUrl: action=get_live_streams -> konigtv.com/player_api.php
2026-01-28 15:19:34.424 19658-21182 XtreamApiClient         com.fishit.player.v2                 D  buildPlayerApiUrl: action=get_movies_categories -> konigtv.com/player_api.php
2026-01-28 15:19:34.425 19658-20070 XtreamApiClient         com.fishit.player.v2                 D  buildPlayerApiUrl: action=get_series_categories -> konigtv.com/player_api.php
2026-01-28 15:19:34.437 19658-20071 XtreamApiClient         com.fishit.player.v2                 D  buildPlayerApiUrl: action=get_series -> konigtv.com/player_api.php
2026-01-28 15:19:34.457 19658-19658 ImeTracker              com.fishit.player.v2                 I  com.fishit.player.v2:ec7caf8b: onRequestHide at ORIGIN_CLIENT_HIDE_SOFT_INPUT reason HIDE_SOFT_INPUT_BY_INSETS_API
2026-01-28 15:19:34.457 19658-19658 InsetsController        com.fishit.player.v2                 I  setRequestedVisibleTypes: visible=false, mask=ime, host=com.fishit.player.v2/com.fishit.player.v2.MainActivity, from=android.view.InsetsController.controlAnimationUnchecked:1445 android.view.InsetsController.applyAnimation:2005 android.view.InsetsController.applyAnimation:1968 android.view.InsetsController.hide:1403 android.view.InsetsController.hide:1342 androidx.core.view.SoftwareKeyboardControllerCompat$Impl30.hide:227 androidx.core.view.SoftwareKeyboardControllerCompat.hide:81 androidx.compose.ui.text.input.InputMethodManagerImpl.hideSoftInput:85 androidx.compose.ui.text.input.TextInputServiceAndroid.setKeyboardVisibleImmediately:477 androidx.compose.ui.text.input.TextInputServiceAndroid.processInputCommands:359
2026-01-28 15:19:34.458 19658-19658 ImeTracker              com.fishit.player.v2                 I  com.fishit.player.v2:486cadbb: onRequestHide at ORIGIN_CLIENT_HIDE_SOFT_INPUT reason HIDE_SOFT_INPUT_BY_INSETS_API
2026-01-28 15:19:34.458 19658-19658 InputMethodManager_LC   com.fishit.player.v2                 I  notifyImeHidden: IInputMethodManagerGlobalInvoker.hideSoftInput
2026-01-28 15:19:34.461 19658-19658 InsetsController        com.fishit.player.v2                 I  controlAnimationUncheckedInner: Added types=ime, animType=1, host=com.fishit.player.v2/com.fishit.player.v2.MainActivity, from=android.view.InsetsController.controlAnimationUnchecked:1449 android.view.InsetsController.applyAnimation:2005 android.view.InsetsController.applyAnimation:1968
2026-01-28 15:19:34.462 19658-19658 InputMethodManagerUtils com.fishit.player.v2                 D  startInputInner - Id : 0
2026-01-28 15:19:34.462 19658-19658 InputMethodManager      com.fishit.player.v2                 I  startInputInner - IInputMethodManagerGlobalInvoker.startInputOrWindowGainedFocus
2026-01-28 15:19:34.473 19658-19658 ImeTracker              com.fishit.player.v2                 I  com.fishit.player.v2:486cadbb: onCancelled at PHASE_CLIENT_APPLY_ANIMATION
2026-01-28 15:19:34.473 19658-19658 RemoteInpu...ectionImpl com.fishit.player.v2                 W  requestCursorAnchorInfo on inactive InputConnection
2026-01-28 15:19:34.475 19658-19658 InsetsController        com.fishit.player.v2                 I  onStateChanged: host=com.fishit.player.v2/com.fishit.player.v2.MainActivity, from=android.view.ViewRootImpl$ViewRootHandler.handleMessageImpl:7209, state=InsetsState: {mDisplayFrame=Rect(0, 0 - 1080, 2400), mDisplayCutout=DisplayCutout{insets=Rect(0, 80 - 0, 0) waterfall=Insets{left=0, top=0, right=0, bottom=0} boundingRect={Bounds=[Rect(0, 0 - 0, 0), Rect(510, 0 - 570, 80), Rect(0, 0 - 0, 0), Rect(0, 0 - 0, 0)]} cutoutPathParserInfo={CutoutPathParserInfo{displayWidth=1080 displayHeight=2400 physicalDisplayWidth=1080 physicalDisplayHeight=2400 density={3.0} cutoutSpec={M 0,0 H -10 V 26.66666666666667 H 10 V 0 H 0 Z @dp} rotation={0} scale={1.0} physicalPixelDisplaySizeRatio={1.0}}}}, mRoundedCorners=RoundedCorners{[RoundedCorner{position=TopLeft, radius=90, center=Point(90, 90)}, RoundedCorner{position=TopRight, radius=90, center=Point(990, 90)}, RoundedCorner{position=BottomRight, radius=90, center=Point(990, 2310)}, RoundedCorner{position=BottomLeft, radius=90, center=Point(90, 2310)}]}  mRoundedCornerFrame=Rect(0, 0 - 1080, 2400), mPrivacyIndicatorBounds=PrivacyIndicatorBounds {static bounds=Rect(948, 0 - 1080, 80) rotation=0}, mDisplayShape=DisplayShape{ spec=-311912193 displayWidth=1080 displayHeight=2400 physicalPixelDisplaySizeRatio=1.0 rotation=0 offsetX=0 offsetY=0 scale=1.0}, mSources= { InsetsSource: {3 mType=ime mFrame=[0,2256][1080,2400] mVisible=false mFlags=[]}, InsetsSource: {27 mType=displayCutout mFrame=[0,0][1080,80] mVisible=true mFlags=[]}, InsetsSource: {567b0001 mType=navigationBars mFrame=[0,2256][1080,2400] mVisible=true mFlags=[]}, InsetsSource: {567b0004 mType=systemGestures mFrame=[0,0][0,0] mVisible=true mFlags=[]}, InsetsSource: {567b0005 mType=mandatorySystemGestures mFrame=[0,2256][1080,2400] mVisible=true mFlags=[]}, InsetsSource: {567b0006 mType=tappableElement mFrame=[0,2256][1080,2400] mVisible=true mFlags=[]}, InsetsSource: {567b0024 mType=systemGestures mFrame=[0,0][0,0] mVisible=true mFlags=[]}, InsetsSource: {667f0000 mType=statusBars mFrame=[0,0][1080,80] mVisible=true mFlags=[]}, InsetsSource: {667f0005 mType=mandatorySystemGestures mFrame=[0,0][1080,116] mVisible=true mFlags=[]}, InsetsSource: {667f0006 mType=tappableElement mFrame=[0,0][1080,80] mVisible=true mFlags=[]} }
2026-01-28 15:19:34.477 19658-19673 ViewRootIm...nActivity] com.fishit.player.v2                 I  Resizing android.view.ViewRootImpl@14e58b3: frame = [0,0][1080,2400] reportDraw = false forceLayout = false syncSeqId = -1
2026-01-28 15:19:34.479 19658-19658 InsetsSourceConsumer    com.fishit.player.v2                 I  applyRequestedVisibilityToControl: visible=true, type=navigationBars, host=com.fishit.player.v2/com.fishit.player.v2.MainActivity
2026-01-28 15:19:34.481 19658-19658 InsetsController        com.fishit.player.v2                 I  cancelAnimation: types=ime, animType=1, host=com.fishit.player.v2/com.fishit.player.v2.MainActivity, from=android.view.InsetsController.notifyFinished:1748 android.view.InsetsAnimationThreadControlRunner$1.lambda$notifyFinished$0:85 android.view.InsetsAnimationThreadControlRunner$1.$r8$lambda$RAf1SfIREsj9-wH5FOigMy6eLkM:0
2026-01-28 15:19:34.483 19658-19658 ImeTracker              com.fishit.player.v2                 I  com.fishit.player.v2:751f1d44: onRequestHide at ORIGIN_CLIENT_HIDE_SOFT_INPUT reason HIDE_SOFT_INPUT_BY_INSETS_API
2026-01-28 15:19:34.484 19658-19658 InputMethodManager_LC   com.fishit.player.v2                 I  notifyImeHidden: IInputMethodManagerGlobalInvoker.hideSoftInput
2026-01-28 15:19:34.487 19658-19658 ImeTracker              com.fishit.player.v2                 I  com.fishit.player.v2:ec7caf8b: onHidden
2026-01-28 15:19:34.488 19658-19658 ViewRootIm...nActivity] com.fishit.player.v2                 I  handleResized, msg = 4 frames=ClientWindowFrames{frame=[0,0][1080,2400] display=[0,0][1080,2400] parentFrame=[0,0][0,0]} forceNextWindowRelayout=false displayId=0 dragResizing=false compatScale=1.0 frameChanged=false attachedFrameChanged=false configChanged=false displayChanged=false compatScaleChanged=false
2026-01-28 15:19:34.488 19658-19658 WindowOnBackDispatcher  com.fishit.player.v2                 W  sendCancelIfRunning: isInProgress=falsecallback=ImeCallback=ImeOnBackInvokedCallback@154262279 Callback=android.window.IOnBackInvokedCallback$Stub$Proxy@fb2ccc9
2026-01-28 15:19:34.509 19658-21209 TrafficStats            com.fishit.player.v2                 D  tagSocket(134) with statsTag=0xffffffff, statsUid=-1
2026-01-28 15:19:34.539 19658-21209 TrafficStats            com.fishit.player.v2                 D  tagSocket(140) with statsTag=0xffffffff, statsUid=-1
2026-01-28 15:19:34.661 19658-21210 TrafficStats            com.fishit.player.v2                 D  tagSocket(141) with statsTag=0xffffffff, statsUid=-1
2026-01-28 15:19:34.730 19658-20071 XtreamApiClient         com.fishit.player.v2                 D  NetworkProbe: HTTP 200 for konigtv.com/player_api.php | bytes=10494 contentType=application/json
2026-01-28 15:19:34.737 19658-20072 XtreamApiClient         com.fishit.player.v2                 D  NetworkProbe: HTTP 200 for konigtv.com/player_api.php | bytes=11946 contentType=application/json
2026-01-28 15:19:34.870 19658-20070 XtreamApiClient         com.fishit.player.v2                 D  NetworkProbe: HTTP 200 for konigtv.com/player_api.php | bytes=458 contentType=application/json
2026-01-28 15:19:35.026 19658-21206 ViewRootIm...nActivity] com.fishit.player.v2                 I  Resizing android.view.ViewRootImpl@14e58b3: frame = [0,0][1080,2400] reportDraw = false forceLayout = false syncSeqId = -1
2026-01-28 15:19:35.034 19658-19658 InsetsController        com.fishit.player.v2                 I  onStateChanged: host=com.fishit.player.v2/com.fishit.player.v2.MainActivity, from=android.view.ViewRootImpl$ViewRootHandler.handleMessageImpl:7196, state=InsetsState: {mDisplayFrame=Rect(0, 0 - 1080, 2400), mDisplayCutout=DisplayCutout{insets=Rect(0, 80 - 0, 0) waterfall=Insets{left=0, top=0, right=0, bottom=0} boundingRect={Bounds=[Rect(0, 0 - 0, 0), Rect(510, 0 - 570, 80), Rect(0, 0 - 0, 0), Rect(0, 0 - 0, 0)]} cutoutPathParserInfo={CutoutPathParserInfo{displayWidth=1080 displayHeight=2400 physicalDisplayWidth=1080 physicalDisplayHeight=2400 density={3.0} cutoutSpec={M 0,0 H -10 V 26.66666666666667 H 10 V 0 H 0 Z @dp} rotation={0} scale={1.0} physicalPixelDisplaySizeRatio={1.0}}}}, mRoundedCorners=RoundedCorners{[RoundedCorner{position=TopLeft, radius=90, center=Point(90, 90)}, RoundedCorner{position=TopRight, radius=90, center=Point(990, 90)}, RoundedCorner{position=BottomRight, radius=90, center=Point(990, 2310)}, RoundedCorner{position=BottomLeft, radius=90, center=Point(90, 2310)}]}  mRoundedCornerFrame=Rect(0, 0 - 1080, 2400), mPrivacyIndicatorBounds=PrivacyIndicatorBounds {static bounds=Rect(948, 0 - 1080, 80) rotation=0}, mDisplayShape=DisplayShape{ spec=-311912193 displayWidth=1080 displayHeight=2400 physicalPixelDisplaySizeRatio=1.0 rotation=0 offsetX=0 offsetY=0 scale=1.0}, mSources= { InsetsSource: {3 mType=ime mFrame=[0,0][0,0] mVisible=false mFlags=[]}, InsetsSource: {27 mType=displayCutout mFrame=[0,0][1080,80] mVisible=true mFlags=[]}, InsetsSource: {567b0001 mType=navigationBars mFrame=[0,2256][1080,2400] mVisible=true mFlags=[]}, InsetsSource: {567b0004 mType=systemGestures mFrame=[0,0][0,0] mVisible=true mFlags=[]}, InsetsSource: {567b0005 mType=mandatorySystemGestures mFrame=[0,2256][1080,2400] mVisible=true mFlags=[]}, InsetsSource: {567b0006 mType=tappableElement mFrame=[0,2256][1080,2400] mVisible=true mFlags=[]}, InsetsSource: {567b0024 mType=systemGestures mFrame=[0,0][0,0] mVisible=true mFlags=[]}, InsetsSource: {667f0000 mType=statusBars mFrame=[0,0][1080,80] mVisible=true mFlags=[]}, InsetsSource: {667f0005 mType=mandatorySystemGestures mFrame=[0,0][1080,116] mVisible=true mFlags=[]}, InsetsSource: {667f0006 mType=tappableElement mFrame=[0,0][1080,80] mVisible=true mFlags=[]} }
2026-01-28 15:19:35.036 19658-19658 ViewRootIm...nActivity] com.fishit.player.v2                 I  handleResized, msg = 4 frames=ClientWindowFrames{frame=[0,0][1080,2400] display=[0,0][1080,2400] parentFrame=[0,0][0,0]} forceNextWindowRelayout=false displayId=0 dragResizing=false compatScale=1.0 frameChanged=false attachedFrameChanged=false configChanged=false displayChanged=false compatScaleChanged=false
2026-01-28 15:19:35.048 19658-20070 XtreamApiClient         com.fishit.player.v2                 D  NetworkProbe: HTTP 200 for konigtv.com/player_api.php | bytes=458 contentType=application/json
2026-01-28 15:19:35.055 19658-20070 XtreamApiClient         com.fishit.player.v2                 D  buildPlayerApiUrl: action=get_short_epg -> konigtv.com/player_api.php
2026-01-28 15:19:35.166 19658-21193 XtreamApiClient         com.fishit.player.v2                 D  NetworkProbe: HTTP 200 for konigtv.com/player_api.php | bytes=3753 contentType=application/json
2026-01-28 15:19:35.441 19658-21193 XtreamApiClient         com.fishit.player.v2                 D  NetworkProbe: HTTP 200 for konigtv.com/player_api.php | bytes=39 contentType=application/json
2026-01-28 15:19:35.447 19658-21193 XtreamApiClient         com.fishit.player.v2                 D  NetworkProbe: Manually decompressed gzip body for konigtv.com/player_api.php | original=39 decompressed=19
2026-01-28 15:19:35.941 19658-20072 XtreamApiClient         com.fishit.player.v2                 D  NetworkProbe: HTTP 200 for konigtv.com/player_api.php | bytes=3287878 contentType=application/json
2026-01-28 15:19:35.968 19658-19670 InputTransport          com.fishit.player.v2                 D  Input channel destroyed: 'ClientS', fd=156
2026-01-28 15:19:35.969 19658-19670 InputTransport          com.fishit.player.v2                 D  Input channel destroyed: 'ClientS', fd=146
2026-01-28 15:19:35.969 19658-19670 InputTransport          com.fishit.player.v2                 D  Input channel destroyed: 'ClientS', fd=136
2026-01-28 15:19:35.970 19658-19671 System                  com.fishit.player.v2                 W  A resource failed to call release.
2026-01-28 15:19:37.883 19658-20070 XtreamApiClient         com.fishit.player.v2                 D  NetworkProbe: HTTP 200 for konigtv.com/player_api.php | bytes=6212435 contentType=application/json
2026-01-28 15:19:38.772 19658-20072 XtreamApiClient         com.fishit.player.v2                 D  buildPlayerApiUrl: action=null -> konigtv.com/player_api.php
2026-01-28 15:19:38.774 19658-20072 XtreamApiClient         com.fishit.player.v2                 D  getServerInfo: Fetching from konigtv.com/player_api.php
2026-01-28 15:19:38.925 19658-20072 XtreamApiClient         com.fishit.player.v2                 D  NetworkProbe: HTTP 200 for konigtv.com/player_api.php | bytes=458 contentType=application/json
2026-01-28 15:19:38.927 19658-20072 XtreamApiClient         com.fishit.player.v2                 D  getServerInfo: Received 458 bytes, parsing...
2026-01-28 15:19:38.943 19658-20072 XtreamApiClient         com.fishit.player.v2                 D  Server info retrieved: konigtv.com
2026-01-28 15:19:38.945 19658-19658 XtreamAuthRepoAdapter   com.fishit.player.v2                 D  initialize: API client initialized successfully with capabilities: http://konigtv.com:8080
2026-01-28 15:19:38.953 19658-20071 XtreamAuthRepoAdapter   com.fishit.player.v2                 D  connectionState -> Connected(baseUrl=http://konigtv.com:8080, latencyMs=4393) | domain=Connected
2026-01-28 15:19:38.957 19658-20071 XtreamAuthRepoAdapter   com.fishit.player.v2                 D  authState -> Authenticated(userInfo=XtreamUserInfo(username=Christoph10, status=ACTIVE, expDateEpoch=1797326326, maxConnections=1, activeConnections=0, isTrial=false, allowedFormats=[m3u8, ts], createdAt=1757512912, message=Welcome)) | domain=Authenticated
2026-01-28 15:19:38.961 19658-21193 SourceActivationStore   com.fishit.player.v2                 D  Loaded state from DataStore: SourceActivationSnapshot(xtream=Active, telegram=Inactive, io=Inactive)
2026-01-28 15:19:38.961 19658-20072 SourceActi...onObserver com.fishit.player.v2                 I  Active sources changed: [XTREAM] → enqueuing auto sync
2026-01-28 15:19:38.962 19658-20071 CatalogSyncBootstrap    com.fishit.player.v2                 D  Source activation check: activeSources=[XTREAM], hasActive=true
2026-01-28 15:19:38.962 19658-20072 CatalogSyncScheduler    com.fishit.player.v2                 D  Enqueueing AUTO sync
2026-01-28 15:19:39.020 19658-20085 Compatibil...geReporter com.fishit.player.v2                 D  Compat change id reported: 194532703; UID 10462; state: ENABLED
2026-01-28 15:19:39.020 19658-20085 Compatibil...geReporter com.fishit.player.v2                 D  Compat change id reported: 253665015; UID 10462; state: ENABLED
2026-01-28 15:19:39.021 19658-20085 WM-SystemJobScheduler   com.fishit.player.v2                 D  Scheduling work ID cd9c99ac-85be-4a97-958d-3e43ba719991Job ID 0
2026-01-28 15:19:39.037 19658-20085 WM-GreedyScheduler      com.fishit.player.v2                 D  Starting work for cd9c99ac-85be-4a97-958d-3e43ba719991
2026-01-28 15:19:39.043 19658-20085 WM-Processor            com.fishit.player.v2                 D  Processor: processing WorkGenerationalId(workSpecId=cd9c99ac-85be-4a97-958d-3e43ba719991, generation=0)
2026-01-28 15:19:39.072 19658-20085 Compatibil...geReporter com.fishit.player.v2                 D  Compat change id reported: 263076149; UID 10462; state: ENABLED
2026-01-28 15:19:39.086 19658-19658 SourceActivationStore   com.fishit.player.v2                 I  Source activation changed: XTREAM -> Active
2026-01-28 15:19:39.087 19658-19658 XtreamAuthRepoAdapter   com.fishit.player.v2                 I  initialize: XTREAM source activated
2026-01-28 15:19:39.087 19658-19658 OnboardingViewModel     com.fishit.player.v2                 D  connectXtream: Initialize succeeded, saving credentials
2026-01-28 15:19:39.089 19658-20085 WM-PackageManagerHelper com.fishit.player.v2                 D  androidx.work.impl.background.systemalarm.RescheduleReceiver enabled
2026-01-28 15:19:39.102 19658-20071 XtreamCredStore         com.fishit.player.v2                 I  Stored credentials: scheme=http, host=konigtv.com, port=8080
2026-01-28 15:19:39.108 19658-19658 WM-WorkerWrapper        com.fishit.player.v2                 D  Starting work for com.fishit.player.v2.work.CatalogSyncOrchestratorWorker
2026-01-28 15:19:39.109 19658-20071 CatalogSyn...atorWorker com.fishit.player.v2                 I  START sync_run_id=74856a5b-c9fc-46c4-8a77-083f6b927f07 mode=auto
2026-01-28 15:19:39.112 19658-20071 RuntimeGuards           com.fishit.player.v2                 D  Manual sync (auto) - skipping battery guard (level=100%)
2026-01-28 15:19:39.112 19658-20071 CatalogSyn...atorWorker com.fishit.player.v2                 I  Active sources check: [XTREAM] (isEmpty=false)
2026-01-28 15:19:39.113 19658-20071 CatalogSyn...atorWorker com.fishit.player.v2                 D  Active sources: [XTREAM] (TELEGRAM=false, XTREAM=true, IO=false)
2026-01-28 15:19:39.113 19658-19658 WM-SystemJobService     com.fishit.player.v2                 D  onStartJob for WorkGenerationalId(workSpecId=cd9c99ac-85be-4a97-958d-3e43ba719991, generation=0)
2026-01-28 15:19:39.114 19658-20071 CatalogSyn...atorWorker com.fishit.player.v2                 D  Enqueued Xtream chain: work_name=catalog_sync_global_xtream policy=KEEP workers=2
2026-01-28 15:19:39.115 19658-20071 CatalogSyn...atorWorker com.fishit.player.v2                 D  Telegram not in active sources - skipping Telegram workers
2026-01-28 15:19:39.115 19658-20071 CatalogSyn...atorWorker com.fishit.player.v2                 D  📊 WorkInfo chains enqueued:
                                                                                                      [XTREAM] work_name=catalog_sync_global_xtream → ENQUEUED
                                                                                                      Use 'adb shell dumpsys jobscheduler' or WorkManager Inspector for detailed state
2026-01-28 15:19:39.115 19658-20071 CatalogSyn...atorWorker com.fishit.player.v2                 I  CHAINS_ENQUEUED duration_ms=6 policy=KEEP sources=XTREAM (downstream workers will report completion)
2026-01-28 15:19:39.116 19658-20069 WM-Processor            com.fishit.player.v2                 D  Work WorkGenerationalId(workSpecId=cd9c99ac-85be-4a97-958d-3e43ba719991, generation=0) is already enqueued for processing
2026-01-28 15:19:39.131 19658-20069 WM-SystemJobScheduler   com.fishit.player.v2                 D  Scheduling work ID 32c95bef-dde9-448c-84f2-edcb25aa3ffeJob ID 1
2026-01-28 15:19:39.139 19658-20069 WM-GreedyScheduler      com.fishit.player.v2                 D  Starting work for 32c95bef-dde9-448c-84f2-edcb25aa3ffe
2026-01-28 15:19:39.140 19658-19658 WM-SystemJobService     com.fishit.player.v2                 D  onStartJob for WorkGenerationalId(workSpecId=32c95bef-dde9-448c-84f2-edcb25aa3ffe, generation=0)
2026-01-28 15:19:39.141 19658-20069 WM-WorkerWrapper        com.fishit.player.v2                 I  Worker result SUCCESS for Work [ id=cd9c99ac-85be-4a97-958d-3e43ba719991, tags={ com.fishit.player.v2.work.CatalogSyncOrchestratorWorker,catalog_sync,mode_auto,worker/CatalogSyncOrchestratorWorker } ]
2026-01-28 15:19:39.143 19658-19658 WM-Processor            com.fishit.player.v2                 D  Processor cd9c99ac-85be-4a97-958d-3e43ba719991 executed; reschedule = false
2026-01-28 15:19:39.143 19658-19658 WM-SystemJobService     com.fishit.player.v2                 D  cd9c99ac-85be-4a97-958d-3e43ba719991 executed on JobScheduler
2026-01-28 15:19:39.145 19658-20069 WM-Processor            com.fishit.player.v2                 D  Processor: processing WorkGenerationalId(workSpecId=32c95bef-dde9-448c-84f2-edcb25aa3ffe, generation=0)
2026-01-28 15:19:39.147 19658-20069 WM-Processor            com.fishit.player.v2                 D  Work WorkGenerationalId(workSpecId=32c95bef-dde9-448c-84f2-edcb25aa3ffe, generation=0) is already enqueued for processing
2026-01-28 15:19:39.149 19658-20069 WM-GreedyScheduler      com.fishit.player.v2                 D  Cancelling work ID cd9c99ac-85be-4a97-958d-3e43ba719991
2026-01-28 15:19:39.157 19658-19658 WM-WorkerWrapper        com.fishit.player.v2                 D  Starting work for com.fishit.player.v2.work.XtreamPreflightWorker
2026-01-28 15:19:39.158 19658-20071 XtreamPreflightWorker   com.fishit.player.v2                 I  START sync_run_id=74856a5b-c9fc-46c4-8a77-083f6b927f07 mode=auto source=XTREAM attempt=0/5
2026-01-28 15:19:39.160 19658-20071 RuntimeGuards           com.fishit.player.v2                 D  Manual sync (auto) - skipping battery guard (level=100%)
2026-01-28 15:19:39.160 19658-20071 XtreamPreflightWorker   com.fishit.player.v2                 I  SUCCESS duration_ms=2 (credentials valid)
2026-01-28 15:19:39.162 19658-20069 WM-WorkerWrapper        com.fishit.player.v2                 I  Worker result SUCCESS for Work [ id=32c95bef-dde9-448c-84f2-edcb25aa3ffe, tags={ com.fishit.player.v2.work.XtreamPreflightWorker,catalog_sync,source_xtream,worker/XtreamPreflightWorker } ]
2026-01-28 15:19:39.163 19658-20069 WM-WorkerWrapper        com.fishit.player.v2                 I  Setting status to enqueued for b26d2a72-2b69-48d9-826d-1013a6746e4f
2026-01-28 15:19:39.164 19658-19658 WM-Processor            com.fishit.player.v2                 D  Processor 32c95bef-dde9-448c-84f2-edcb25aa3ffe executed; reschedule = false
2026-01-28 15:19:39.164 19658-19658 WM-SystemJobService     com.fishit.player.v2                 D  32c95bef-dde9-448c-84f2-edcb25aa3ffe executed on JobScheduler
2026-01-28 15:19:39.167 19658-20069 WM-GreedyScheduler      com.fishit.player.v2                 D  Cancelling work ID 32c95bef-dde9-448c-84f2-edcb25aa3ffe
2026-01-28 15:19:39.168 19658-19658 ishit.player.v2         com.fishit.player.v2                 W  Accessing hidden field Landroid/app/ActivityThread;->mServices:Landroid/util/ArrayMap; (unsupported, reflection, allowed)
2026-01-28 15:19:39.175 19658-20069 WM-SystemJobScheduler   com.fishit.player.v2                 D  Scheduling work ID b26d2a72-2b69-48d9-826d-1013a6746e4fJob ID 2
2026-01-28 15:19:39.176 19658-19658 LeakCanary              com.fishit.player.v2                 D  Watching instance of androidx.work.impl.background.systemjob.SystemJobService (androidx.work.impl.background.systemjob.SystemJobService received Service#onDestroy() callback) with key 412e9416-02ac-47a3-bb3d-f533f7847380
2026-01-28 15:19:39.185 19658-20069 WM-GreedyScheduler      com.fishit.player.v2                 D  Starting work for b26d2a72-2b69-48d9-826d-1013a6746e4f
2026-01-28 15:19:39.187 19658-19658 WM-SystemJobService     com.fishit.player.v2                 D  onStartJob for WorkGenerationalId(workSpecId=b26d2a72-2b69-48d9-826d-1013a6746e4f, generation=0)
2026-01-28 15:19:39.189 19658-20069 WM-Processor            com.fishit.player.v2                 D  Processor: processing WorkGenerationalId(workSpecId=b26d2a72-2b69-48d9-826d-1013a6746e4f, generation=0)
2026-01-28 15:19:39.191 19658-20069 WM-Processor            com.fishit.player.v2                 D  Work WorkGenerationalId(workSpecId=b26d2a72-2b69-48d9-826d-1013a6746e4f, generation=0) is already enqueued for processing
2026-01-28 15:19:39.302 19658-19658 WM-WorkerWrapper        com.fishit.player.v2                 D  Starting work for com.fishit.player.v2.work.XtreamCatalogScanWorker
2026-01-28 15:19:39.305 19658-20058 XtreamCatalogScanWorker com.fishit.player.v2                 I  START sync_run_id=74856a5b-c9fc-46c4-8a77-083f6b927f07 mode=auto source=XTREAM scope=INCREMENTAL runtimeBudgetMs=900000 checkpoint=xtream|v=2|phase=VOD_LIST|offset=0
2026-01-28 15:19:39.307 19658-20058 RuntimeGuards           com.fishit.player.v2                 D  Manual sync (auto) - skipping battery guard (level=100%)
2026-01-28 15:19:39.307 19658-20058 XtreamCatalogScanWorker com.fishit.player.v2                 D  Catalog sync: includeVod=true includeSeries=true includeEpisodes=false (lazy) includeLive=true scope=INCREMENTAL enhanced=true
2026-01-28 15:19:39.308 19658-20058 XtreamCatalogScanWorker com.fishit.player.v2                 I  Using ENHANCED sync: live=600 movies=400 series=200 timeFlush=true
2026-01-28 15:19:39.310 19658-20058 CatalogSyncService      com.fishit.player.v2                 I  Starting enhanced Xtream sync: live=true, vod=true, series=true, episodes=false, excludeSeriesIds=0, episodeParallelism=4, canonical_linking=false
2026-01-28 15:19:39.311 19658-20058 XtreamCatalogScanWorker com.fishit.player.v2                 D  Enhanced catalog sync started
2026-01-28 15:19:39.318 19658-20071 XtreamCatalogPipeline   com.fishit.player.v2                 I  Starting Xtream catalog scan: vod=true, series=true, episodes=false, live=true
2026-01-28 15:19:39.318 19658-20058 CatalogSyncService      com.fishit.player.v2                 D  Enhanced scan started
2026-01-28 15:19:39.319 19658-20072 XtreamCatalogPipeline   com.fishit.player.v2                 D  [LIVE] Starting parallel scan (streaming-first)...
2026-01-28 15:19:39.319 19658-20058 XtreamCatalogPipeline   com.fishit.player.v2                 D  [VOD] Starting parallel scan (streaming-first)...
2026-01-28 15:19:39.320 19658-21193 XtreamCatalogPipeline   com.fishit.player.v2                 D  [SERIES] Starting parallel scan (streaming-first, episodes deferred)...
2026-01-28 15:19:39.326 19658-21193 XtreamApiClient         com.fishit.player.v2                 D  buildPlayerApiUrl: action=get_series -> konigtv.com/player_api.php
2026-01-28 15:19:39.326 19658-20072 XtreamApiClient         com.fishit.player.v2                 D  buildPlayerApiUrl: action=get_live_streams -> konigtv.com/player_api.php
2026-01-28 15:19:39.326 19658-20058 XtreamApiClient         com.fishit.player.v2                 D  buildPlayerApiUrl: action=get_vod_streams -> konigtv.com/player_api.php
2026-01-28 15:19:39.550 19658-20072 XtreamApiClient         com.fishit.player.v2                 D  StreamingFetch: Success for konigtv.com/player_api.php, streaming response
2026-01-28 15:19:39.698 19658-20072 XTC                     com.fishit.player.v2                 D  [LIVE] DTO→Raw #1 | id=xtream:live:81568 | title="DE HEVC" | sourceType=XTREAM | Fields: ✓[poster] ✗[year, plot, cast, director, backdrop, duration, tmdb]
2026-01-28 15:19:39.732 19658-20072 XTC                     com.fishit.player.v2                 D  [LIVE] DTO→Raw #50 | id=xtream:live:71808 | title="DE: Deluxe Music HEVC" | sourceType=XTREAM | Fields: ✓[poster] ✗[year, plot, cast, director, backdrop, duration, tmdb]
2026-01-28 15:19:39.764 19658-20072 XTC                     com.fishit.player.v2                 D  [LIVE] DTO→Raw #100 | id=xtream:live:49200 | title="DE: Pro 7 Maxx FHD" | sourceType=XTREAM | Fields: ✓[poster] ✗[year, plot, cast, director, backdrop, duration, tmdb]
2026-01-28 15:19:39.765 19658-20061 XtreamCatalogScanWorker com.fishit.player.v2                 D  PROGRESS discovered=100 persisted=0 phase=null
2026-01-28 15:19:39.766 19658-20061 SyncPerfMetrics         com.fishit.player.v2                 D  Phase LIVE started
2026-01-28 15:19:39.767 19658-20061 XtreamCatalogScanWorker com.fishit.player.v2                 D  PROGRESS discovered=100 persisted=0 phase=LIVE
2026-01-28 15:19:39.795 19658-20072 XTC                     com.fishit.player.v2                 D  [LIVE] DTO→Raw #150 | id=xtream:live:361561 | title="DE: NDR Hamburg" | sourceType=XTREAM | Fields: ✓[poster] ✗[year, plot, cast, director, backdrop, duration, tmdb]
2026-01-28 15:19:39.823 19658-20072 XTC                     com.fishit.player.v2                 D  [LIVE] DTO→Raw #200 | id=xtream:live:197779 | title="DE: QVC STYLE TV" | sourceType=XTREAM | Fields: ✓[poster] ✗[year, plot, cast, director, backdrop, duration, tmdb]
2026-01-28 15:19:39.824 19658-20060 XtreamCatalogScanWorker com.fishit.player.v2                 D  PROGRESS discovered=200 persisted=0 phase=null
2026-01-28 15:19:39.825 19658-20060 SyncPerfMetrics         com.fishit.player.v2                 D  Phase LIVE started
2026-01-28 15:19:39.825 19658-20060 XtreamCatalogScanWorker com.fishit.player.v2                 D  PROGRESS discovered=200 persisted=0 phase=LIVE
2026-01-28 15:19:39.827 19658-20071 XtreamApiClient         com.fishit.player.v2                 D  StreamingFetch: Success for konigtv.com/player_api.php, streaming response
2026-01-28 15:19:39.858 19658-20072 XTC                     com.fishit.player.v2                 D  [LIVE] DTO→Raw #250 | id=xtream:live:67411 | title="DE: Bndliga 7 SD" | sourceType=XTREAM | Fields: ✓[poster] ✗[year, plot, cast, director, backdrop, duration, tmdb]
2026-01-28 15:19:39.886 19658-20072 XTC                     com.fishit.player.v2                 D  [LIVE] DTO→Raw #300 | id=xtream:live:354423 | title="DE: Bundesliga Tivibu 2 (Türkisch)" | sourceType=XTREAM | Fields: ✓[poster] ✗[year, plot, cast, director, backdrop, duration, tmdb]
2026-01-28 15:19:39.887 19658-20060 XtreamCatalogScanWorker com.fishit.player.v2                 D  PROGRESS discovered=300 persisted=0 phase=null
2026-01-28 15:19:39.887 19658-20060 SyncPerfMetrics         com.fishit.player.v2                 D  Phase LIVE started
2026-01-28 15:19:39.888 19658-20060 XtreamCatalogScanWorker com.fishit.player.v2                 D  PROGRESS discovered=300 persisted=0 phase=LIVE
2026-01-28 15:19:39.913 19658-20072 XTC                     com.fishit.player.v2                 D  [LIVE] DTO→Raw #350 | id=xtream:live:181819 | title="MyTeam TV - 7" | sourceType=XTREAM | Fields: ✓[poster] ✗[year, plot, cast, director, backdrop, duration, tmdb]
2026-01-28 15:19:39.939 19658-20072 XTC                     com.fishit.player.v2                 D  [LIVE] DTO→Raw #400 | id=xtream:live:795605 | title="DE: DEL2 EVENT 16" | sourceType=XTREAM | Fields: ✓[poster] ✗[year, plot, cast, director, backdrop, duration, tmdb]
2026-01-28 15:19:39.939 19658-20061 XtreamCatalogScanWorker com.fishit.player.v2                 D  PROGRESS discovered=400 persisted=0 phase=null
2026-01-28 15:19:39.940 19658-20061 SyncPerfMetrics         com.fishit.player.v2                 D  Phase LIVE started
2026-01-28 15:19:39.940 19658-20061 XtreamCatalogScanWorker com.fishit.player.v2                 D  PROGRESS discovered=400 persisted=0 phase=LIVE
2026-01-28 15:19:39.967 19658-20072 XTC                     com.fishit.player.v2                 D  [LIVE] DTO→Raw #450 | id=xtream:live:792958 | title="DE: RTL+ SPORT EVENT 17" | sourceType=XTREAM | Fields: ✓[poster] ✗[year, plot, cast, director, backdrop, duration, tmdb]
2026-01-28 15:19:39.995 19658-20072 XTC                     com.fishit.player.v2                 D  [LIVE] DTO→Raw #500 | id=xtream:live:797354 | title="DE: DAZN EVENT 26 HD" | sourceType=XTREAM | Fields: ✓[poster] ✗[year, plot, cast, director, backdrop, duration, tmdb]
2026-01-28 15:19:39.995 19658-20061 XtreamCatalogScanWorker com.fishit.player.v2                 D  PROGRESS discovered=500 persisted=0 phase=null
2026-01-28 15:19:39.996 19658-20061 SyncPerfMetrics         com.fishit.player.v2                 D  Phase LIVE started
2026-01-28 15:19:39.996 19658-20061 XtreamCatalogScanWorker com.fishit.player.v2                 D  PROGRESS discovered=500 persisted=0 phase=LIVE
2026-01-28 15:19:40.029 19658-20071 XTC                     com.fishit.player.v2                 D  [SERIES] DTO→Raw #1 | id=xtream:series:-441 | title="Madam Secretary" | sourceType=XTREAM | Fields: ✓[plot(542c), cast, poster] ✗[year, director, backdrop, duration, tmdb]
2026-01-28 15:19:40.048 19658-20071 XTC                     com.fishit.player.v2                 D  [SERIES] DTO→Raw #50 | id=xtream:series:365 | title="4 Blocks" | sourceType=XTREAM | Fields: ✓[plot(424c), cast, poster] ✗[year, director, backdrop, duration, tmdb]
2026-01-28 15:19:40.059 19658-20061 XtreamCatalogScanWorker com.fishit.player.v2                 D  PROGRESS discovered=600 persisted=0 phase=null
2026-01-28 15:19:40.066 19658-20071 XTC                     com.fishit.player.v2                 D  [SERIES] DTO→Raw #100 | id=xtream:series:687 | title="The I-Land" | sourceType=XTREAM | Fields: ✓[plot(471c), cast, poster] ✗[year, director, backdrop, duration, tmdb]
2026-01-28 15:19:40.066 19658-20060 SyncPerfMetrics         com.fishit.player.v2                 D  Phase SERIES started
2026-01-28 15:19:40.066 19658-20060 XtreamCatalogScanWorker com.fishit.player.v2                 D  PROGRESS discovered=636 persisted=0 phase=SERIES
2026-01-28 15:19:40.072 19658-20072 XTC                     com.fishit.player.v2                 D  [LIVE] DTO→Raw #550 | id=xtream:live:744166 | title="DE: DYN SPORT 25" | sourceType=XTREAM | Fields: ✓[poster] ✗[year, plot, cast, director, backdrop, duration, tmdb]
2026-01-28 15:19:40.079 19658-20061 XtreamCatalogScanWorker com.fishit.player.v2                 D  PROGRESS discovered=700 persisted=0 phase=null
2026-01-28 15:19:40.083 19658-20071 XTC                     com.fishit.player.v2                 D  [SERIES] DTO→Raw #150 | id=xtream:series:784 | title="Who Killed Jeffrey Epstein" | sourceType=XTREAM | Fields: ✓[poster] ✗[year, plot, cast, director, backdrop, duration, tmdb]
2026-01-28 15:19:40.095 19658-20072 XTC                     com.fishit.player.v2                 D  [LIVE] DTO→Raw #600 | id=xtream:live:121760 | title="DE: Spiegel TV Wissen RAW" | sourceType=XTREAM | Fields: ✓[poster] ✗[year, plot, cast, director, backdrop, duration, tmdb]
2026-01-28 15:19:40.095 19658-20060 SyncBatchManager        com.fishit.player.v2                 D  Flushing LIVE batch: 600 items (timeBased=false)
