2026-01-30 15:10:56.574  7425-7425  NxHomeContentRepo       com.fishit.player.v2                 D  ðŸ” HomePagingSource.load() START | workType=SERIES offset=0 loadSize=40
2026-01-30 15:10:56.576  7425-8102  ObjectBoxPagingSource   com.fishit.player.v2                 D  ðŸ” DB Query: offset=0 loadSize=40 â†’ results=40
2026-01-30 15:10:56.576  7425-8102  NxHomeContentRepo       com.fishit.player.v2                 D  ðŸ” HomePagingSource: DB returned 40 works
2026-01-30 15:10:56.583  7425-7425  NxHomeContentRepo       com.fishit.player.v2                 D  ðŸ” HomePagingSource.load() START | workType=CLIP offset=0 loadSize=40
2026-01-30 15:10:56.584  7425-8102  ObjectBoxPagingSource   com.fishit.player.v2                 D  ðŸ” DB Query: offset=0 loadSize=40 â†’ results=0
2026-01-30 15:10:56.584  7425-8102  NxHomeContentRepo       com.fishit.player.v2                 D  ðŸ” HomePagingSource: DB returned 0 works
2026-01-30 15:10:56.589  7425-7425  NxHomeContentRepo       com.fishit.player.v2                 D  ðŸ” HomePagingSource.load() START | workType=LIVE_CHANNEL offset=0 loadSize=40
2026-01-30 15:10:56.592  7425-7590  ObjectBoxPagingSource   com.fishit.player.v2                 D  ðŸ” DB Query: offset=0 loadSize=40 â†’ results=40
2026-01-30 15:10:56.592  7425-7590  NxHomeContentRepo       com.fishit.player.v2                 D  ðŸ” HomePagingSource: DB returned 40 works
2026-01-30 15:10:56.596  7425-7425  NxHomeContentRepo       com.fishit.player.v2                 D  ðŸ” HomePagingSource.load() START | workType=ALL offset=0 loadSize=40
2026-01-30 15:10:56.599  7425-8102  ObjectBoxPagingSource   com.fishit.player.v2                 D  ðŸ” DB Query: offset=0 loadSize=40 â†’ results=40
2026-01-30 15:10:56.600  7425-8102  NxHomeContentRepo       com.fishit.player.v2                 D  ðŸ” HomePagingSource: DB returned 40 works
2026-01-30 15:10:56.608  7425-7590  ObjectBoxPagingSource   com.fishit.player.v2                 D  ðŸ” DB Query: offset=0 loadSize=40 â†’ results=40
2026-01-30 15:10:56.608  7425-7590  NxHomeContentRepo       com.fishit.player.v2                 D  ðŸ” HomePagingSource: DB returned 40 works
2026-01-30 15:10:56.635  7425-7425  WM-WorkerWrapper        com.fishit.player.v2                 D  Starting work for com.fishit.player.v2.work.CatalogSyncOrchestratorWorker
2026-01-30 15:10:56.639  7425-7590  CatalogSyn...atorWorker com.fishit.player.v2                 I  START sync_run_id=periodic_1769782256192 mode=incremental
2026-01-30 15:10:56.641  7425-7425  NxHomeContentRepo       com.fishit.player.v2                 D  ðŸ” HomePagingSource: Processing 40 works for mapping
2026-01-30 15:10:56.642  7425-7425  NxHomeContentRepo       com.fishit.player.v2                 D  ðŸ” HomePagingSource: Processing 0 works for mapping
2026-01-30 15:10:56.642  7425-7425  NxHomeContentRepo       com.fishit.player.v2                 D  ðŸ” HomePagingSource: Processing 40 works for mapping
2026-01-30 15:10:56.647  7425-7590  RuntimeGuards           com.fishit.player.v2                 D  Manual sync (incremental) - skipping battery guard (level=100%)
2026-01-30 15:10:56.647  7425-7745  WM-WorkerWrapper        com.fishit.player.v2                 I  Worker result SUCCESS for Work [ id=30902ce3-a0a5-4665-8ade-dbee4a5968da, tags={ com.fishit.player.v2.work.CatalogSyncOrchestratorWorker,catalog_sync,mode_auto,worker/CatalogSyncOrchestratorWorker } ]
2026-01-30 15:10:56.648  7425-7590  CatalogSyn...atorWorker com.fishit.player.v2                 I  Active sources check: [XTREAM] (isEmpty=false)
2026-01-30 15:10:56.648  7425-7590  CatalogSyn...atorWorker com.fishit.player.v2                 D  Active sources: [XTREAM] (TELEGRAM=false, XTREAM=true, IO=false)
2026-01-30 15:10:56.653  7425-7590  CatalogSyn...atorWorker com.fishit.player.v2                 D  Enqueued Xtream chain: work_name=catalog_sync_global_xtream policy=KEEP workers=2
2026-01-30 15:10:56.655  7425-7590  CatalogSyn...atorWorker com.fishit.player.v2                 D  Telegram not in active sources - skipping Telegram workers
2026-01-30 15:10:56.656  7425-7590  CatalogSyn...atorWorker com.fishit.player.v2                 D  ðŸ“Š WorkInfo chains enqueued:
                                                                                                      [XTREAM] work_name=catalog_sync_global_xtream â†’ ENQUEUED
                                                                                                      Use 'adb shell dumpsys jobscheduler' or WorkManager Inspector for detailed state
2026-01-30 15:10:56.657  7425-7590  CatalogSyn...atorWorker com.fishit.player.v2                 I  CHAINS_ENQUEUED duration_ms=19 policy=KEEP sources=XTREAM (downstream workers will report completion)
2026-01-30 15:10:56.658  7425-7745  WM-EnqueueRunnable      com.fishit.player.v2                 E  Prerequisite d80afd4e-d4b1-4ac0-983d-4f3a1e78da08 doesn't exist; not enqueuing
2026-01-30 15:10:56.659   925-925   audit                   auditd                               E  type=1400 audit(1769782256.656:45812): avc:  denied  { ioctl } for  pid=7425 comm="WM.task-1" path="/data/data/com.fishit.player.v2/no_backup/androidx.work.workdb" dev="dm-52" ino=1964442 ioctlcmd=0xf522 scontext=u:r:untrusted_app:s0:c240,c257,c512,c768 tcontext=u:object_r:app_data_file:s0:c240,c257,c512,c768 tclass=file permissive=0 SEPF_SM-G991B_12_0001 audit_filtered
2026-01-30 15:10:56.659   925-925   audit                   auditd                               E  type=1327 audit(1769782256.656:45812): proctitle="com.fishit.player.v2"
2026-01-30 15:10:56.660  7425-7425  NxHomeContentRepo       com.fishit.player.v2                 D  ðŸ” HomePagingSource: Processing 40 works for mapping
2026-01-30 15:10:56.660  7425-7425  NxHomeContentRepo       com.fishit.player.v2                 D  ðŸ” HomePagingSource: Filtered out episodes: 40 â†’ 40
2026-01-30 15:10:56.661  7425-7425  NxHomeContentRepo       com.fishit.player.v2                 D  ðŸ” HomePagingSource: Processing 40 works for mapping
2026-01-30 15:10:56.874  7425-7425  WorkManage...teObserver com.fishit.player.v2                 D  Sync state: RUNNING | id=30902ce3 | attempts=1 | tags=[catalog_sync, worker/CatalogSyncOrchestratorWorker, com.fishit.player.v2.work.CatalogSyncOrchestratorWorker, mode_auto]
2026-01-30 15:10:56.875  7425-7425  NxHomeContentRepo       com.fishit.player.v2                 D  ðŸ” HomePagingSource: Loaded source refs for 0 works
2026-01-30 15:10:56.876  7425-7425  NxHomeContentRepo       com.fishit.player.v2                 I  âœ… HomePagingSource.load() RESULT | workType=CLIP offset=0 count=0 hasNext=false titles=
2026-01-30 15:10:56.881  7425-7425  WM-Processor            com.fishit.player.v2                 D  Processor 30902ce3-a0a5-4665-8ade-dbee4a5968da executed; reschedule = false
2026-01-30 15:10:56.881  7425-7425  WM-SystemJobService     com.fishit.player.v2                 D  30902ce3-a0a5-4665-8ade-dbee4a5968da executed on JobScheduler
2026-01-30 15:10:56.891  7425-7783  WM-GreedyScheduler      com.fishit.player.v2                 D  Cancelling work ID 30902ce3-a0a5-4665-8ade-dbee4a5968da
2026-01-30 15:10:56.894  7425-8103  NxCatalogWriter         com.fishit.player.v2                 D  âœ… OPTIMIZED ingestBatch COMPLETE: 400 items | persist_ms=901 total_ms=960 (416 items/sec)
2026-01-30 15:10:56.898  7425-8103  CatalogSyncService      com.fishit.player.v2                 W  Xtream batch (NX): ingested=400 failed=0 hint_warnings=69 ingest_ms=1053 total_ms=1053
2026-01-30 15:10:56.902  7425-7599  XTC                     com.fishit.player.v2                 D  [VOD] DTOâ†’Raw #1750 | id=xtream:vod:672225 | title="Elf Me | 2023 | 6.2 |" | sourceType=XTREAM | Fields: âœ“[year=2023, poster] âœ—[plot, cast, director, backdrop, duration, tmdb]
2026-01-30 15:10:56.949  7425-7783  WM-WorkerWrapper        com.fishit.player.v2                 I  Worker result SUCCESS for Work [ id=c4318628-b783-4dbf-aa32-aef84471ac87, tags={ com.fishit.player.v2.work.CatalogSyncOrchestratorWorker,catalog_sync,mode_incremental,worker/CatalogSyncOrchestratorWorker } ]
2026-01-30 15:10:56.990  7425-8131  XTC                     com.fishit.player.v2                 D  [SERIES] DTOâ†’Raw #1750 | id=xtream:series:4577 | title="Shantaram" | sourceType=XTREAM | Fields: âœ“[plot(534c), cast, poster, duration=3180000ms] âœ—[year, director, backdrop, tmdb]
2026-01-30 15:10:57.003  7425-8132  XTC                     com.fishit.player.v2                 D  [LIVE] DTOâ†’Raw #2050 | id=xtream:live:57393 | title="SLOVENIA CHANNELS" | sourceType=XTREAM | Fields: âœ“[] âœ—[year, plot, cast, director, poster, backdrop, duration, tmdb]
2026-01-30 15:10:57.007  7425-7434  ishit.player.v2         com.fishit.player.v2                 I  Background concurrent copying GC freed 1489282(53MB) AllocSpace objects, 2(36KB) LOS objects, 40% free, 35MB/59MB, paused 64us,228us total 413.565ms
2026-01-30 15:10:57.017  7425-7597  XTC                     com.fishit.player.v2                 D  [VOD] DTOâ†’Raw #1800 | id=xtream:vod:669556 | title="The Royal Nanny | 2022 | 6.2 |" | sourceType=XTREAM | Fields: âœ“[year=2022, poster] âœ—[plot, cast, director, backdrop, duration, tmdb]
2026-01-30 15:10:57.024  7425-8102  CatalogSyncService      com.fishit.player.v2                 D  Persisting Xtream catalog batch (NX-ONLY): 400 items (canonical_linking=true)
2026-01-30 15:10:57.052  7425-7425  WM-SystemJobService     com.fishit.player.v2                 D  onStopJob for WorkGenerationalId(workSpecId=30902ce3-a0a5-4665-8ade-dbee4a5968da, generation=0)
2026-01-30 15:10:57.053  7425-7425  WM-Processor            com.fishit.player.v2                 D  Processor c4318628-b783-4dbf-aa32-aef84471ac87 executed; reschedule = false
2026-01-30 15:10:57.053  7425-7425  WM-GreedyScheduler      com.fishit.player.v2                 D  Stopping tracking for WorkGenerationalId(workSpecId=c4318628-b783-4dbf-aa32-aef84471ac87, generation=0)
2026-01-30 15:10:57.054  7425-8131  XTC                     com.fishit.player.v2                 D  [LIVE] DTOâ†’Raw #2100 | id=xtream:live:68354 | title="MK: MPT 3" | sourceType=XTREAM | Fields: âœ“[poster] âœ—[year, plot, cast, director, backdrop, duration, tmdb]
2026-01-30 15:10:57.055  7425-7425  WM-SystemJobService     com.fishit.player.v2                 D  c4318628-b783-4dbf-aa32-aef84471ac87 executed on JobScheduler
2026-01-30 15:10:57.071  7425-7591  XTC                     com.fishit.player.v2                 D  [SERIES] DTOâ†’Raw #1800 | id=xtream:series:4656 | title="Truth Be Told - Der Wahrheit auf der Spu" | sourceType=XTREAM | Fields: âœ“[plot(277c), cast, poster, duration=2700000ms] âœ—[year, director, backdrop, tmdb]
2026-01-30 15:10:57.075  7425-7425  WorkManage...teObserver com.fishit.player.v2                 I  Sync state: SUCCEEDED
2026-01-30 15:10:57.076  7425-7425  WM-SystemJobService     com.fishit.player.v2                 D  onStopJob for WorkGenerationalId(workSpecId=c4318628-b783-4dbf-aa32-aef84471ac87, generation=0)
2026-01-30 15:10:57.079  7425-7425  NxHomeContentRepo       com.fishit.player.v2                 D  ðŸ” HomePagingSource: Loaded source refs for 21 works
2026-01-30 15:10:57.081  7425-7425  NxHomeContentRepo       com.fishit.player.v2                 I  âœ… HomePagingSource.load() RESULT | workType=LIVE_CHANNEL offset=0 count=40 hasNext=true titles="#### MAGENTA Sport ####", "00s Replay", "48 Hours"
2026-01-30 15:10:57.083  7425-7781  WM-GreedyScheduler      com.fishit.player.v2                 D  Cancelling work ID c4318628-b783-4dbf-aa32-aef84471ac87
2026-01-30 15:10:57.101  7425-7597  XTC                     com.fishit.player.v2                 D  [VOD] DTOâ†’Raw #1850 | id=xtream:vod:667269 | title="As They Made Us | 2022 | 5.5 |" | sourceType=XTREAM | Fields: âœ“[year=2022, poster] âœ—[plot, cast, director, backdrop, duration, tmdb]
2026-01-30 15:10:57.113  7425-8131  XTC                     com.fishit.player.v2                 D  [LIVE] DTOâ†’Raw #2150 | id=xtream:live:112383 | title="CRO: Arena Sport 8 FHD" | sourceType=XTREAM | Fields: âœ“[poster] âœ—[year, plot, cast, director, backdrop, duration, tmdb]
2026-01-30 15:10:57.125  7425-7781  WM-SystemJobScheduler   com.fishit.player.v2                 D  Scheduling work ID c4318628-b783-4dbf-aa32-aef84471ac87Job ID 5
2026-01-30 15:10:57.128  7425-7785  WM-BrdcstRcvrCnstrntTrc com.fishit.player.v2                 D  BatteryNotLowTracker: unregistering receiver
2026-01-30 15:10:57.131  7425-7785  WM-NetworkStateTracker  com.fishit.player.v2                 D  Unregistering network callback
2026-01-30 15:10:57.131  7425-7785  ConnectivityManager     com.fishit.player.v2                 D  StackLog: [android.net.ConnectivityManager.unregisterNetworkCallback(ConnectivityManager.java:5076)] [androidx.work.impl.utils.NetworkApi21.unregisterNetworkCallbackCompat(NetworkApi21.kt:28)] [androidx.work.impl.constraints.trackers.NetworkStateTracker24.stopTracking(NetworkStateTracker.kt:180)] [androidx.work.impl.constraints.trackers.ConstraintTracker.removeListener(ConstraintTracker.kt:67)] [androidx.work.impl.constraints.controllers.BaseConstraintController$track$1$1.invoke(ContraintControllers.kt:63)] [androidx.work.impl.constraints.controllers.BaseConstraintController$track$1$1.invoke(ContraintControllers.kt:63)] [kotlinx.coroutines.channels.ProduceKt.awaitClose(Produce.kt:69)] [kotlinx.coroutines.channels.ProduceKt$awaitClose$1.invokeSuspend(Unknown Source:13)] [kotlin.coroutines.jvm.internal.BaseContinuationImpl.resumeWith(ContinuationImpl.kt:34)] [kotlinx.coroutines.DispatchedTask.run(DispatchedTask.kt:98)] [androidx.work.impl.utils.SerialExecutorImpl$Task.run(SerialExecutorImpl.java:96)] [java.util.concurrent.ThreadPoolExecutor.runWorker(ThreadPoolExecutor.java:1145)] [java.util.concurrent.ThreadPoolExecutor$Worker.run(ThreadPoolExecutor.java:644)] [java.lang.Thread.run(Thread.java:1012)]
2026-01-30 15:10:57.207  7425-8102  NxCatalogWriter         com.fishit.player.v2                 D  ðŸ“¥ OPTIMIZED ingestBatch START: 400 items
2026-01-30 15:10:57.400  7425-7425  NxHomeContentRepo       com.fishit.player.v2                 D  ðŸ” HomePagingSource: Loaded source refs for 34 works
2026-01-30 15:10:57.402  7425-7425  NxHomeContentRepo       com.fishit.player.v2                 I  âœ… HomePagingSource.load() RESULT | workType=MOVIE offset=0 count=40 hasNext=true titles="#SchwarzeSchafe", "(Pri)sons", "1 Million Followers"
2026-01-30 15:10:57.406  7425-7425  NxHomeContentRepo       com.fishit.player.v2                 D  ðŸ” HomePagingSource: Loaded source refs for 40 works
2026-01-30 15:10:57.408  7425-7425  NxHomeContentRepo       com.fishit.player.v2                 I  âœ… HomePagingSource.load() RESULT | workType=ALL offset=0 count=40 hasNext=true titles="Are You The One?", "Ella McCay", "Jane Austen und das Chaos in meinem Leben"
2026-01-30 15:10:57.412  7425-7425  NxHomeContentRepo       com.fishit.player.v2                 D  ðŸ” HomePagingSource: Loaded source refs for 39 works
2026-01-30 15:10:57.414  7425-7425  NxHomeContentRepo       com.fishit.player.v2                 I  âœ… HomePagingSource.load() RESULT | workType=SERIES offset=0 count=40 hasNext=true titles="#FreeRayshawn", "11 22 63 â€“ Der Anschlag", "13 Gebote"
2026-01-30 15:10:57.418  7425-7600  NxCatalogWriter         com.fishit.player.v2                 D  âœ… OPTIMIZED ingestBatch COMPLETE: 400 items | persist_ms=1172 total_ms=1230 (325 items/sec)
2026-01-30 15:10:57.418  7425-7600  CatalogSyncService      com.fishit.player.v2                 W  Xtream batch (NX): ingested=400 failed=0 hint_warnings=62 ingest_ms=1340 total_ms=1340
2026-01-30 15:10:57.425  7425-7591  XTC                     com.fishit.player.v2                 D  [SERIES] DTOâ†’Raw #1850 | id=xtream:series:4755 | title="The Great Game" | sourceType=XTREAM | Fields: âœ“[plot(321c), cast, poster, duration=3360000ms] âœ—[year, director, backdrop, tmdb]
2026-01-30 15:10:57.427  7425-8131  XTC                     com.fishit.player.v2                 D  [VOD] DTOâ†’Raw #1900 | id=xtream:vod:659371 | title="Detective Dee und die Armee der Toten | " | sourceType=XTREAM | Fields: âœ“[year=2022, poster] âœ—[plot, cast, director, backdrop, duration, tmdb]
2026-01-30 15:10:57.436  7425-8131  XTC                     com.fishit.player.v2                 D  [VOD] DTOâ†’Raw #1950 | id=xtream:vod:655613 | title="War of the Worlds: The Attack | 2023 | 5" | sourceType=XTREAM | Fields: âœ“[year=2023, poster] âœ—[plot, cast, director, backdrop, duration, tmdb]
2026-01-30 15:10:57.440  7425-7590  CatalogSyncService      com.fishit.player.v2                 D  Persisting Xtream catalog batch (NX-ONLY): 400 items (canonical_linking=true)
2026-01-30 15:10:57.440  7425-7598  XTC                     com.fishit.player.v2                 D  [LIVE] DTOâ†’Raw #2200 | id=xtream:live:81562 | title="EYXU PINK" | sourceType=XTREAM | Fields: âœ“[] âœ—[year, plot, cast, director, poster, backdrop, duration, tmdb]
2026-01-30 15:10:57.444  7425-8131  XTC                     com.fishit.player.v2                 D  [VOD] DTOâ†’Raw #2000 | id=xtream:vod:641588 | title="Meinen Hass bekommt ihr nicht | 2022 | 5" | sourceType=XTREAM | Fields: âœ“[year=2022, poster] âœ—[plot, cast, director, backdrop, duration, tmdb]
2026-01-30 15:10:57.451  7425-7600  XtreamCatalogScanWorker com.fishit.player.v2                 D  PROGRESS discovered=6094 persisted=4800 phase=N/A
2026-01-30 15:10:57.451  7425-7591  XTC                     com.fishit.player.v2                 D  [SERIES] DTOâ†’Raw #1900 | id=xtream:series:4854 | title="Last X-mas - 24 Tage fÃ¼r die Liebe" | sourceType=XTREAM | Fields: âœ“[plot(632c), cast, poster] âœ—[year, director, backdrop, duration, tmdb]
2026-01-30 15:10:57.455  7425-7598  XTC                     com.fishit.player.v2                 D  [LIVE] DTOâ†’Raw #2250 | id=xtream:live:68054 | title="SRB: Fox Crime" | sourceType=XTREAM | Fields: âœ“[poster] âœ—[year, plot, cast, director, backdrop, duration, tmdb]
2026-01-30 15:10:57.470  7425-7598  XTC                     com.fishit.player.v2                 D  [LIVE] DTOâ†’Raw #2300 | id=xtream:live:80163 | title="EXYU: BBC Earth" | sourceType=XTREAM | Fields: âœ“[poster] âœ—[year, plot, cast, director, backdrop, duration, tmdb]
2026-01-30 15:10:57.473  7425-7591  XTC                     com.fishit.player.v2                 D  [SERIES] DTOâ†’Raw #1950 | id=xtream:series:4952 | title="Vienna Blood" | sourceType=XTREAM | Fields: âœ“[plot(715c), cast, poster, duration=5340000ms] âœ—[year, director, backdrop, tmdb]
2026-01-30 15:10:57.551  7425-7590  NxCatalogWriter         com.fishit.player.v2                 D  ðŸ“¥ OPTIMIZED ingestBatch START: 400 items
2026-01-30 15:10:57.616  7425-7601  NxCatalogWriter         com.fishit.player.v2                 D  âœ… OPTIMIZED ingestBatch COMPLETE: 400 items | persist_ms=1075 total_ms=1132 (353 items/sec)
2026-01-30 15:10:57.617  7425-7601  CatalogSyncService      com.fishit.player.v2                 W  Xtream batch (NX): ingested=400 failed=0 hint_warnings=109 ingest_ms=1304 total_ms=1305
2026-01-30 15:10:57.617  7425-7601  CatalogSyncService      com.fishit.player.v2                 D  Consumer#2: 5 batches, 5200 total items
2026-01-30 15:10:57.619  7425-7590  NxWorkRepository        com.fishit.player.v2                 W  Deduped 8 duplicate workKeys in batch (400 â†’ 392)
2026-01-30 15:10:57.638  7425-7601  XTC                     com.fishit.player.v2                 D  [LIVE] DTOâ†’Raw #2350 | id=xtream:live:71045 | title="CR: Narodni TV" | sourceType=XTREAM | Fields: âœ“[] âœ—[year, plot, cast, director, poster, backdrop, duration, tmdb]
2026-01-30 15:10:57.658  7425-8101  CatalogSyncService      com.fishit.player.v2                 D  Persisting Xtream catalog batch (NX-ONLY): 400 items (canonical_linking=true)
2026-01-30 15:10:57.661  7425-7601  XTC                     com.fishit.player.v2                 D  [LIVE] DTOâ†’Raw #2400 | id=xtream:live:123310 | title="NL: ZIGGO SPORT DOCU HEVC" | sourceType=XTREAM | Fields: âœ“[poster] âœ—[year, plot, cast, director, backdrop, duration, tmdb]
2026-01-30 15:10:57.664  7425-8132  XTC                     com.fishit.player.v2                 D  [VOD] DTOâ†’Raw #2050 | id=xtream:vod:639373 | title="A Life Too Short: The Isabella Nardoni C" | sourceType=XTREAM | Fields: âœ“[year=2023, poster] âœ—[plot, cast, director, backdrop, duration, tmdb]
2026-01-30 15:10:57.671  7425-7601  XTC                     com.fishit.player.v2                 D  [LIVE] DTOâ†’Raw #2450 | id=xtream:live:67994 | title="NL: CBS REALITY" | sourceType=XTREAM | Fields: âœ“[] âœ—[year, plot, cast, director, poster, backdrop, duration, tmdb]
2026-01-30 15:10:57.685  7425-8135  XTC                     com.fishit.player.v2                 D  [SERIES] DTOâ†’Raw #2000 | id=xtream:series:5054 | title="Planet Sex mit Cara Delevingne" | sourceType=XTREAM | Fields: âœ“[plot(231c), cast, poster, duration=2700000ms] âœ—[year, director, backdrop, tmdb]
2026-01-30 15:10:57.687  7425-8124  XtreamCatalogScanWorker com.fishit.player.v2                 D  PROGRESS discovered=6576 persisted=5200 phase=N/A
2026-01-30 15:10:57.693  7425-7601  XTC                     com.fishit.player.v2                 D  [LIVE] DTOâ†’Raw #2500 | id=xtream:live:728060 | title="NL: VIAPLAY Premier League 1 FHD" | sourceType=XTREAM | Fields: âœ“[poster] âœ—[year, plot, cast, director, backdrop, duration, tmdb]
2026-01-30 15:10:57.693  7425-8132  XTC                     com.fishit.player.v2                 D  [VOD] DTOâ†’Raw #2100 | id=xtream:vod:622323 | title="Operacja: Soulcatcher | 2023 | 6.4 |" | sourceType=XTREAM | Fields: âœ“[year=2023, poster] âœ—[plot, cast, director, backdrop, duration, tmdb]
2026-01-30 15:10:57.696  7425-8124  XtreamCatalogScanWorker com.fishit.player.v2                 D  PROGRESS discovered=6599 persisted=5200 phase=N/A
2026-01-30 15:10:57.717  7425-8132  XTC                     com.fishit.player.v2                 D  [VOD] DTOâ†’Raw #2150 | id=xtream:vod:613244 | title="Bird Box: Barcelona | 2023 | 6.7 |" | sourceType=XTREAM | Fields: âœ“[year=2023, poster] âœ—[plot, cast, director, backdrop, duration, tmdb]
2026-01-30 15:10:57.761  7425-7434  ishit.player.v2         com.fishit.player.v2                 I  Background young concurrent copying GC freed 749414(28MB) AllocSpace objects, 1(20KB) LOS objects, 34% free, 38MB/59MB, paused 211us,175us total 136.644ms
2026-01-30 15:10:57.813  7425-8101  NxCatalogWriter         com.fishit.player.v2                 D  ðŸ“¥ OPTIMIZED ingestBatch START: 400 items
2026-01-30 15:10:57.820  7425-8121  TrafficStats            com.fishit.player.v2                 D  tagSocket(131) with statsTag=0xffffffff, statsUid=-1
2026-01-30 15:10:57.830  7425-8118  TrafficStats            com.fishit.player.v2                 D  tagSocket(128) with statsTag=0xffffffff, statsUid=-1
2026-01-30 15:10:57.832  7425-8116  TrafficStats            com.fishit.player.v2                 D  tagSocket(140) with statsTag=0xffffffff, statsUid=-1
2026-01-30 15:10:57.832  7425-8117  TrafficStats            com.fishit.player.v2                 D  tagSocket(134) with statsTag=0xffffffff, statsUid=-1
2026-01-30 15:10:57.836  7425-8172  TrafficStats            com.fishit.player.v2                 D  tagSocket(169) with statsTag=0xffffffff, statsUid=-1
2026-01-30 15:10:57.836  7425-8173  TrafficStats            com.fishit.player.v2                 D  tagSocket(170) with statsTag=0xffffffff, statsUid=-1
2026-01-30 15:10:57.836  7425-8174  TrafficStats            com.fishit.player.v2                 D  tagSocket(175) with statsTag=0xffffffff, statsUid=-1
2026-01-30 15:10:57.839  7425-8175  TrafficStats            com.fishit.player.v2                 D  tagSocket(177) with statsTag=0xffffffff, statsUid=-1
2026-01-30 15:10:57.903  7425-8101  NxWorkRepository        com.fishit.player.v2                 W  Deduped 2 duplicate workKeys in batch (400 â†’ 398)
2026-01-30 15:10:57.933  7425-8102  NxCatalogWriter         com.fishit.player.v2                 D  âœ… OPTIMIZED ingestBatch COMPLETE: 400 items | persist_ms=580 total_ms=726 (550 items/sec)
2026-01-30 15:10:57.934  7425-8102  CatalogSyncService      com.fishit.player.v2                 W  Xtream batch (NX): ingested=400 failed=0 hint_warnings=130 ingest_ms=906 total_ms=911
2026-01-30 15:10:57.934  7425-8102  CatalogSyncService      com.fishit.player.v2                 D  Consumer#1: 5 batches, 5600 total items
2026-01-30 15:10:57.950  7425-8132  XTC                     com.fishit.player.v2                 D  [LIVE] DTOâ†’Raw #2550 | id=xtream:live:51111 | title="NL: FILM 1 ACTION FHD" | sourceType=XTREAM | Fields: âœ“[] âœ—[year, plot, cast, director, poster, backdrop, duration, tmdb]
2026-01-30 15:10:57.970  7425-7599  XTC                     com.fishit.player.v2                 D  [VOD] DTOâ†’Raw #2200 | id=xtream:vod:580171 | title="Infinity Pool | 2023 | 6.3" | sourceType=XTREAM | Fields: âœ“[year=2023, poster] âœ—[plot, cast, director, backdrop, duration, tmdb]
2026-01-30 15:10:57.971  7425-8178  CatalogSyncService      com.fishit.player.v2                 D  Persisting Xtream catalog batch (NX-ONLY): 400 items (canonical_linking=true)
2026-01-30 15:10:57.989  7425-8124  XTC                     com.fishit.player.v2                 D  [LIVE] DTOâ†’Raw #2600 | id=xtream:live:324134 | title="FR: E! ENTERTAINMENT HEVC" | sourceType=XTREAM | Fields: âœ“[poster] âœ—[year, plot, cast, director, backdrop, duration, tmdb]
2026-01-30 15:10:57.990  7425-8134  XTC                     com.fishit.player.v2                 D  [SERIES] DTOâ†’Raw #2050 | id=xtream:series:5147 | title="Luden - KÃ¶nige der Reeperbahn" | sourceType=XTREAM | Fields: âœ“[plot(292c), cast, poster] âœ—[year, director, backdrop, duration, tmdb]
2026-01-30 15:10:58.002  7425-8177  XTC                     com.fishit.player.v2                 D  [VOD] DTOâ†’Raw #2250 | id=xtream:vod:414905 | title="Scream 6 (2023)" | sourceType=XTREAM | Fields: âœ“[year=2023, poster] âœ—[plot, cast, director, backdrop, duration, tmdb]
2026-01-30 15:10:58.026  7425-8132  XTC                     com.fishit.player.v2                 D  [LIVE] DTOâ†’Raw #2650 | id=xtream:live:324241 | title="FR: PIWI+ HEVC" | sourceType=XTREAM | Fields: âœ“[poster] âœ—[year, plot, cast, director, backdrop, duration, tmdb]
2026-01-30 15:10:58.041  7425-8177  XTC                     com.fishit.player.v2                 D  [VOD] DTOâ†’Raw #2300 | id=xtream:vod:383802 | title="American Murderer (2022)" | sourceType=XTREAM | Fields: âœ“[year=2022, poster] âœ—[plot, cast, director, backdrop, duration, tmdb]
2026-01-30 15:10:58.221  7425-8178  NxCatalogWriter         com.fishit.player.v2                 D  ðŸ“¥ OPTIMIZED ingestBatch START: 400 items
2026-01-30 15:10:58.307  7425-8178  NxWorkRepository        com.fishit.player.v2                 W  Deduped 16 duplicate workKeys in batch (400 â†’ 384)
2026-01-30 15:10:58.512  7425-7590  NxCatalogWriter         com.fishit.player.v2                 D  âœ… OPTIMIZED ingestBatch COMPLETE: 400 items | persist_ms=893 total_ms=960 (416 items/sec)
2026-01-30 15:10:58.512  7425-7590  CatalogSyncService      com.fishit.player.v2                 W  Xtream batch (NX): ingested=400 failed=0 hint_warnings=100 ingest_ms=1071 total_ms=1072
2026-01-30 15:10:58.513  7425-7590  CatalogSyncService      com.fishit.player.v2                 D  Consumer#0: 5 batches, 6000 total items
2026-01-30 15:10:58.516  7425-7592  XTC                     com.fishit.player.v2                 D  [SERIES] DTOâ†’Raw #2100 | id=xtream:series:5258 | title="War Sailor" | sourceType=XTREAM | Fields: âœ“[plot(539c), cast, poster, duration=3600000ms] âœ—[year, director, backdrop, tmdb]
2026-01-30 15:10:58.532  7425-8133  XTC                     com.fishit.player.v2                 D  [LIVE] DTOâ†’Raw #2700 | id=xtream:live:361934 | title="FR: BEIN SPORTS MAX8 HEVC" | sourceType=XTREAM | Fields: âœ“[] âœ—[year, plot, cast, director, poster, backdrop, duration, tmdb]
2026-01-30 15:10:58.532  7425-7600  XTC                     com.fishit.player.v2                 D  [VOD] DTOâ†’Raw #2350 | id=xtream:vod:383892 | title="Familie um jeden Preis (2022)" | sourceType=XTREAM | Fields: âœ“[year=2022, poster] âœ—[plot, cast, director, backdrop, duration, tmdb]
2026-01-30 15:10:58.546  7425-7742  CatalogSyncService      com.fishit.player.v2                 D  Persisting Xtream catalog batch (NX-ONLY): 400 items (canonical_linking=true)
2026-01-30 15:10:58.546  7425-7592  XTC                     com.fishit.player.v2                 D  [SERIES] DTOâ†’Raw #2150 | id=xtream:series:5361 | title="Arctic Warrior" | sourceType=XTREAM | Fields: âœ“[plot(233c), cast, poster] âœ—[year, director, backdrop, duration, tmdb]
2026-01-30 15:10:58.547  7425-7600  XTC                     com.fishit.player.v2                 D  [VOD] DTOâ†’Raw #2400 | id=xtream:vod:384013 | title="Happy Nous Year (2022)" | sourceType=XTREAM | Fields: âœ“[year=2022, poster] âœ—[plot, cast, director, backdrop, duration, tmdb]
2026-01-30 15:10:58.558  7425-7600  XTC                     com.fishit.player.v2                 D  [VOD] DTOâ†’Raw #2450 | id=xtream:vod:384103 | title="Batman und Superman: Kampf der SupersÃ¶hn" | sourceType=XTREAM | Fields: âœ“[year=2022, poster] âœ—[plot, cast, director, backdrop, duration, tmdb]
2026-01-30 15:10:58.564  7425-8133  XTC                     com.fishit.player.v2                 D  [LIVE] DTOâ†’Raw #2750 | id=xtream:live:44392 | title="FR: Orange Cinema 2 HD" | sourceType=XTREAM | Fields: âœ“[poster] âœ—[year, plot, cast, director, backdrop, duration, tmdb]
2026-01-30 15:10:58.590  7425-8101  NxCatalogWriter         com.fishit.player.v2                 D  âœ… OPTIMIZED ingestBatch COMPLETE: 400 items | persist_ms=687 total_ms=776 (515 items/sec)
2026-01-30 15:10:58.590  7425-7598  CatalogSyncService      com.fishit.player.v2                 W  Xtream batch (NX): ingested=400 failed=0 hint_warnings=113 ingest_ms=930 total_ms=932
2026-01-30 15:10:58.613  7425-8101  XTC                     com.fishit.player.v2                 D  [VOD] DTOâ†’Raw #2500 | id=xtream:vod:384161 | title="Emily the Criminal (2022)" | sourceType=XTREAM | Fields: âœ“[year=2022, poster] âœ—[plot, cast, director, backdrop, duration, tmdb]
2026-01-30 15:10:58.614  7425-7600  XtreamCatalogScanWorker com.fishit.player.v2                 D  PROGRESS discovered=7479 persisted=6400 phase=N/A
2026-01-30 15:10:58.622  7425-7592  XTC                     com.fishit.player.v2                 D  [SERIES] DTOâ†’Raw #2200 | id=xtream:series:5481 | title="XO, Kitty" | sourceType=XTREAM | Fields: âœ“[plot(164c), cast, poster, duration=1800000ms] âœ—[year, director, backdrop, tmdb]
2026-01-30 15:10:58.622  7425-7591  XTC                     com.fishit.player.v2                 D  [LIVE] DTOâ†’Raw #2800 | id=xtream:live:44458 | title="FR: AB1 FHD" | sourceType=XTREAM | Fields: âœ“[] âœ—[year, plot, cast, director, poster, backdrop, duration, tmdb]
2026-01-30 15:10:58.654  7425-7591  XTC                     com.fishit.player.v2                 D  [LIVE] DTOâ†’Raw #2850 | id=xtream:live:791065 | title="LIGUE 1+" | sourceType=XTREAM | Fields: âœ“[poster] âœ—[year, plot, cast, director, backdrop, duration, tmdb]
2026-01-30 15:10:58.661  7425-7592  XTC                     com.fishit.player.v2                 D  [SERIES] DTOâ†’Raw #2250 | id=xtream:series:5552 | title="Equinox" | sourceType=XTREAM | Fields: âœ“[plot(150c), cast, poster, duration=2820000ms] âœ—[year, director, backdrop, tmdb]
2026-01-30 15:10:58.664  7425-8131  CatalogSyncService      com.fishit.player.v2                 D  Persisting Xtream catalog batch (NX-ONLY): 400 items (canonical_linking=true)
2026-01-30 15:10:58.688  7425-7591  XTC                     com.fishit.player.v2                 D  [LIVE] DTOâ†’Raw #2900 | id=xtream:live:44515 | title="FR: EQUIDIA LIVE FHD" | sourceType=XTREAM | Fields: âœ“[] âœ—[year, plot, cast, director, poster, backdrop, duration, tmdb]
2026-01-30 15:10:58.690  7425-7592  XTC                     com.fishit.player.v2                 D  [SERIES] DTOâ†’Raw #2300 | id=xtream:series:5610 | title="Stateless" | sourceType=XTREAM | Fields: âœ“[plot(482c), cast, poster, duration=3000000ms] âœ—[year, director, backdrop, tmdb]
2026-01-30 15:10:58.704  7425-8101  XTC                     com.fishit.player.v2                 D  [VOD] DTOâ†’Raw #2550 | id=xtream:vod:384228 | title="Monsieur Claude und sein groÃŸes Fest (20" | sourceType=XTREAM | Fields: âœ“[year=2021, poster] âœ—[plot, cast, director, backdrop, duration, tmdb]
2026-01-30 15:10:58.710  7425-7591  XTC                     com.fishit.player.v2                 D  [LIVE] DTOâ†’Raw #2950 | id=xtream:live:124147 | title="FR: AMAZON PRIME 5 FHD" | sourceType=XTREAM | Fields: âœ“[] âœ—[year, plot, cast, director, poster, backdrop, duration, tmdb]
2026-01-30 15:10:58.764  7425-8178  NxCatalogWriter         com.fishit.player.v2                 D  âœ… OPTIMIZED ingestBatch COMPLETE: 400 items | persist_ms=458 total_ms=543 (736 items/sec)
2026-01-30 15:10:58.764  7425-8178  CatalogSyncService      com.fishit.player.v2                 W  Xtream batch (NX): ingested=400 failed=0 hint_warnings=52 ingest_ms=793 total_ms=794
2026-01-30 15:10:58.770  7425-7598  XTC                     com.fishit.player.v2                 D  [LIVE] DTOâ†’Raw #3000 | id=xtream:live:743659 | title="FR: HISTOIRE HD" | sourceType=XTREAM | Fields: âœ“[] âœ—[year, plot, cast, director, poster, backdrop, duration, tmdb]
2026-01-30 15:10:58.774  7425-8135  NxCatalogWriter         com.fishit.player.v2                 D  ðŸ“¥ OPTIMIZED ingestBatch START: 400 items
2026-01-30 15:10:58.777  7425-7434  ishit.player.v2         com.fishit.player.v2                 I  Background young concurrent copying GC freed 333154(12MB) AllocSpace objects, 12(240KB) LOS objects, 5% free, 56MB/59MB, paused 2.496ms,158us total 184.236ms
2026-01-30 15:10:58.780  7425-7592  XtreamCatalogScanWorker com.fishit.player.v2                 D  PROGRESS discovered=7906 persisted=6800 phase=N/A
2026-01-30 15:10:58.784  7425-7591  XTC                     com.fishit.player.v2                 D  [VOD] DTOâ†’Raw #2600 | id=xtream:vod:384290 | title="Stand up! Was bleibt, wenn alles weg ist" | sourceType=XTREAM | Fields: âœ“[year=2022, poster] âœ—[plot, cast, director, backdrop, duration, tmdb]
2026-01-30 15:10:58.807  7425-8101  XTC                     com.fishit.player.v2                 D  [SERIES] DTOâ†’Raw #2350 | id=xtream:series:5674 | title="Alex" | sourceType=XTREAM | Fields: âœ“[plot(835c), cast, poster, duration=2700000ms] âœ—[year, director, backdrop, tmdb]
2026-01-30 15:10:58.815  7425-7742  CatalogSyncService      com.fishit.player.v2                 D  Persisting Xtream catalog batch (NX-ONLY): 400 items (canonical_linking=true)
2026-01-30 15:10:58.820  7425-7591  XTC                     com.fishit.player.v2                 D  [VOD] DTOâ†’Raw #2650 | id=xtream:vod:384361 | title="Unhuman - Wem kannst du trauen? (2022)" | sourceType=XTREAM | Fields: âœ“[year=2022, poster] âœ—[plot, cast, director, backdrop, duration, tmdb]
2026-01-30 15:10:58.828  7425-7598  XTC                     com.fishit.player.v2                 D  [LIVE] DTOâ†’Raw #3050 | id=xtream:live:54814 | title="BE: Voo Sport World 3 HD" | sourceType=XTREAM | Fields: âœ“[] âœ—[year, plot, cast, director, poster, backdrop, duration, tmdb]
2026-01-30 15:10:58.845  7425-8101  XTC                     com.fishit.player.v2                 D  [SERIES] DTOâ†’Raw #2400 | id=xtream:series:5729 | title="Blocco 181" | sourceType=XTREAM | Fields: âœ“[plot(198c), cast, poster, duration=3000000ms] âœ—[year, director, backdrop, tmdb]
2026-01-30 15:10:58.846  7425-7591  XTC                     com.fishit.player.v2                 D  [VOD] DTOâ†’Raw #2700 | id=xtream:vod:388669 | title="Antlers (2021)" | sourceType=XTREAM | Fields: âœ“[year=2021, poster] âœ—[plot, cast, director, backdrop, duration, tmdb]
2026-01-30 15:10:58.859  7425-7598  XTC                     com.fishit.player.v2                 D  [LIVE] DTOâ†’Raw #3100 | id=xtream:live:178407 | title="RU: Ð”Ð¸Ð°Ð»Ð¾Ð³Ð¸ Ð¾ Ñ€Ñ‹Ð±Ð°Ð»ÐºÐµ FHD" | sourceType=XTREAM | Fields: âœ“[poster] âœ—[year, plot, cast, director, backdrop, duration, tmdb]
2026-01-30 15:10:58.899  7425-8131  NxCatalogWriter         com.fishit.player.v2                 D  ðŸ“¥ OPTIMIZED ingestBatch START: 400 items
2026-01-30 15:10:58.948  7425-8135  NxWorkRepository        com.fishit.player.v2                 W  Deduped 5 duplicate workKeys in batch (400 â†’ 395)
2026-01-30 15:10:58.952  7425-7742  NxCatalogWriter         com.fishit.player.v2                 D  ðŸ“¥ OPTIMIZED ingestBatch START: 400 items
2026-01-30 15:10:58.980  7425-8131  NxWorkRepository        com.fishit.player.v2                 W  Deduped 7 duplicate workKeys in batch (400 â†’ 393)
2026-01-30 15:10:58.998  7425-7434  ishit.player.v2         com.fishit.player.v2                 I  Background concurrent copying GC freed 810456(38MB) AllocSpace objects, 20(400KB) LOS objects, 43% free, 30MB/54MB, paused 149us,48us total 180.409ms
2026-01-30 15:10:59.025  7425-7742  NxWorkRepository        com.fishit.player.v2                 W  Deduped 17 duplicate workKeys in batch (400 â†’ 383)
2026-01-30 15:10:59.235  7425-8135  NxCatalogWriter         com.fishit.player.v2                 D  âœ… OPTIMIZED ingestBatch COMPLETE: 400 items | persist_ms=288 total_ms=462 (865 items/sec)
2026-01-30 15:10:59.236  7425-8135  CatalogSyncService      com.fishit.player.v2                 W  Xtream batch (NX): ingested=400 failed=0 hint_warnings=102 ingest_ms=688 total_ms=691
2026-01-30 15:10:59.241  7425-8101  XTC                     com.fishit.player.v2                 D  [VOD] DTOâ†’Raw #2750 | id=xtream:vod:388719 | title="Breaking News in Yuba County (2021)" | sourceType=XTREAM | Fields: âœ“[year=2021, poster] âœ—[plot, cast, director, backdrop, duration, tmdb]
2026-01-30 15:10:59.260  7425-7600  XTC                     com.fishit.player.v2                 D  [SERIES] DTOâ†’Raw #2450 | id=xtream:series:5780 | title="Gannibal" | sourceType=XTREAM | Fields: âœ“[cast, poster, duration=2700000ms] âœ—[year, plot, director, backdrop, tmdb]
2026-01-30 15:10:59.264  7425-8101  XTC                     com.fishit.player.v2                 D  [VOD] DTOâ†’Raw #2800 | id=xtream:vod:388770 | title="Dark Glasses (2022)" | sourceType=XTREAM | Fields: âœ“[year=2022, poster] âœ—[plot, cast, director, backdrop, duration, tmdb]
2026-01-30 15:10:59.268  7425-7591  XTC                     com.fishit.player.v2                 D  [LIVE] DTOâ†’Raw #3150 | id=xtream:live:178457 | title="RU: Ð”Ð¾Ð¼ ÐºÐ¸Ð½Ð¾ Ð¿Ñ€ÐµÐ¼Ð¸ÑƒÐ¼ FHD" | sourceType=XTREAM | Fields: âœ“[poster] âœ—[year, plot, cast, director, backdrop, duration, tmdb]
2026-01-30 15:10:59.272  7425-7598  CatalogSyncService      com.fishit.player.v2                 D  Persisting Xtream catalog batch (NX-ONLY): 400 items (canonical_linking=true)
2026-01-30 15:10:59.280  7425-7600  XTC                     com.fishit.player.v2                 D  [SERIES] DTOâ†’Raw #2500 | id=xtream:series:5831 | title="Miracle Workers" | sourceType=XTREAM | Fields: âœ“[plot(227c), cast, poster, duration=1380000ms] âœ—[year, director, backdrop, tmdb]
2026-01-30 15:10:59.281  7425-8177  XtreamCatalogScanWorker com.fishit.player.v2                 D  PROGRESS discovered=8492 persisted=7200 phase=N/A
2026-01-30 15:10:59.285  7425-8101  XTC                     com.fishit.player.v2                 D  [VOD] DTOâ†’Raw #2850 | id=xtream:vod:388820 | title="Die Rettung der uns bekannten Welt (2021" | sourceType=XTREAM | Fields: âœ“[year=2021, poster] âœ—[plot, cast, director, backdrop, duration, tmdb]
2026-01-30 15:10:59.290  7425-7742  NxCatalogWriter         com.fishit.player.v2                 D  âœ… OPTIMIZED ingestBatch COMPLETE: 400 items | persist_ms=265 total_ms=337 (1186 items/sec)
2026-01-30 15:10:59.290  7425-7742  CatalogSyncService      com.fishit.player.v2                 W  Xtream batch (NX): ingested=400 failed=0 hint_warnings=113 ingest_ms=475 total_ms=475
2026-01-30 15:10:59.308  7425-7591  XTC                     com.fishit.player.v2                 D  [LIVE] DTOâ†’Raw #3200 | id=xtream:live:178508 | title="RU: ÐšÐ¸Ð½Ð¾ÑÐµÐ¼ÑŒÑ FHD" | sourceType=XTREAM | Fields: âœ“[poster] âœ—[year, plot, cast, director, backdrop, duration, tmdb]
2026-01-30 15:10:59.311  7425-8101  XTC                     com.fishit.player.v2                 D  [VOD] DTOâ†’Raw #2900 | id=xtream:vod:388870 | title="Lointain (2021)" | sourceType=XTREAM | Fields: âœ“[year=2021, poster] âœ—[plot, cast, director, backdrop, duration, tmdb]
2026-01-30 15:10:59.321  7425-7591  XTC                     com.fishit.player.v2                 D  [LIVE] DTOâ†’Raw #3250 | id=xtream:live:178566 | title="RU: ÐœÐ°Ñ‚Ñ‡! Ð¤ÑƒÑ‚Ð±Ð¾Ð» 2 FHD" | sourceType=XTREAM | Fields: âœ“[poster] âœ—[year, plot, cast, director, backdrop, duration, tmdb]
2026-01-30 15:10:59.338  7425-7591  XTC                     com.fishit.player.v2                 D  [LIVE] DTOâ†’Raw #3300 | id=xtream:live:178625 | title="RU: Ð Ð¾ÑÑÐ¸Ñ 1 FHD" | sourceType=XTREAM | Fields: âœ“[poster] âœ—[year, plot, cast, director, backdrop, duration, tmdb]
2026-01-30 15:10:59.348  7425-7591  XTC                     com.fishit.player.v2                 D  [LIVE] DTOâ†’Raw #3350 | id=xtream:live:178663 | title="RU: MTV Live FHD" | sourceType=XTREAM | Fields: âœ“[poster] âœ—[year, plot, cast, director, backdrop, duration, tmdb]
2026-01-30 15:10:59.355  7425-8101  XTC                     com.fishit.player.v2                 D  [VOD] DTOâ†’Raw #2950 | id=xtream:vod:388922 | title="Held (2021)" | sourceType=XTREAM | Fields: âœ“[year=2021, poster] âœ—[plot, cast, director, backdrop, duration, tmdb]
2026-01-30 15:10:59.355  7425-8133  CatalogSyncService      com.fishit.player.v2                 D  Persisting Xtream catalog batch (NX-ONLY): 400 items (canonical_linking=true)
2026-01-30 15:10:59.364  7425-7591  XTC                     com.fishit.player.v2                 D  [LIVE] DTOâ†’Raw #3400 | id=xtream:live:124239 | title="UA: TET" | sourceType=XTREAM | Fields: âœ“[poster] âœ—[year, plot, cast, director, backdrop, duration, tmdb]
2026-01-30 15:10:59.383  7425-8131  NxCatalogWriter         com.fishit.player.v2                 D  âœ… OPTIMIZED ingestBatch COMPLETE: 400 items | persist_ms=405 total_ms=484 (826 items/sec)
2026-01-30 15:10:59.384  7425-8131  CatalogSyncService      com.fishit.player.v2                 W  Xtream batch (NX): ingested=400 failed=0 hint_warnings=109 ingest_ms=719 total_ms=720
2026-01-30 15:10:59.389  7425-7591  XTC                     com.fishit.player.v2                 D  [LIVE] DTOâ†’Raw #3450 | id=xtream:live:35983 | title="BG: NOVA TV HD" | sourceType=XTREAM | Fields: âœ“[poster] âœ—[year, plot, cast, director, backdrop, duration, tmdb]
2026-01-30 15:10:59.401  7425-7591  XTC                     com.fishit.player.v2                 D  [LIVE] DTOâ†’Raw #3500 | id=xtream:live:82078 | title="BULGARIA KIDS" | sourceType=XTREAM | Fields: âœ“[] âœ—[year, plot, cast, director, poster, backdrop, duration, tmdb]
2026-01-30 15:10:59.404  7425-8135  XtreamCatalogScanWorker com.fishit.player.v2                 D  PROGRESS discovered=8991 persisted=8000 phase=N/A
2026-01-30 15:10:59.412  7425-8101  XTC                     com.fishit.player.v2                 D  [VOD] DTOâ†’Raw #3000 | id=xtream:vod:388974 | title="Kate (2021)" | sourceType=XTREAM | Fields: âœ“[year=2021, poster] âœ—[plot, cast, director, backdrop, duration, tmdb]
2026-01-30 15:10:59.421  7425-7597  XtreamCatalogScanWorker com.fishit.player.v2                 D  PROGRESS discovered=9007 persisted=8000 phase=N/A
2026-01-30 15:10:59.425  7425-7600  XTC                     com.fishit.player.v2                 D  [SERIES] DTOâ†’Raw #2550 | id=xtream:series:5884 | title="Die Ritter von Castelcorvo" | sourceType=XTREAM | Fields: âœ“[plot(214c), cast, poster, duration=1500000ms] âœ—[year, director, backdrop, tmdb]
2026-01-30 15:10:59.468  7425-7591  XTC                     com.fishit.player.v2                 D  [LIVE] DTOâ†’Raw #3550 | id=xtream:live:82070 | title="BG: MAX Sport 3 HD" | sourceType=XTREAM | Fields: âœ“[] âœ—[year, plot, cast, director, poster, backdrop, duration, tmdb]
2026-01-30 15:10:59.479  7425-7591  XTC                     com.fishit.player.v2                 D  [LIVE] DTOâ†’Raw #3600 | id=xtream:live:43803 | title="AL: RTSH Plus" | sourceType=XTREAM | Fields: âœ“[] âœ—[year, plot, cast, director, poster, backdrop, duration, tmdb]
2026-01-30 15:10:59.486  7425-7598  NxCatalogWriter         com.fishit.player.v2                 D  ðŸ“¥ OPTIMIZED ingestBatch START: 400 items
2026-01-30 15:10:59.486  7425-8178  CatalogSyncService      com.fishit.player.v2                 D  Persisting Xtream catalog batch (NX-ONLY): 400 items (canonical_linking=true)
2026-01-30 15:10:59.491  7425-7742  XTC                     com.fishit.player.v2                 D  [SERIES] DTOâ†’Raw #2600 | id=xtream:series:5938 | title="Awake" | sourceType=XTREAM | Fields: âœ“[plot(283c), cast, poster, duration=2700000ms] âœ—[year, director, backdrop, tmdb]
2026-01-30 15:10:59.506  7425-7591  XTC                     com.fishit.player.v2                 D  [LIVE] DTOâ†’Raw #3650 | id=xtream:live:23257 | title="AL: TV Mitrovica" | sourceType=XTREAM | Fields: âœ“[] âœ—[year, plot, cast, director, poster, backdrop, duration, tmdb]
2026-01-30 15:10:59.516  7425-8101  XTC                     com.fishit.player.v2                 D  [VOD] DTOâ†’Raw #3050 | id=xtream:vod:389025 | title="Megaboa (2021)" | sourceType=XTREAM | Fields: âœ“[year=2021, poster] âœ—[plot, cast, director, backdrop, duration, tmdb]
2026-01-30 15:10:59.521  7425-7434  ishit.player.v2         com.fishit.player.v2                 I  Background young concurrent copying GC freed 604337(24MB) AllocSpace objects, 0(0B) LOS objects, 22% free, 42MB/54MB, paused 195us,191us total 191.164ms
2026-01-30 15:10:59.544  7425-7591  XTC                     com.fishit.player.v2                 D  [LIVE] DTOâ†’Raw #3700 | id=xtream:live:101384 | title="AL: PEACE TV" | sourceType=XTREAM | Fields: âœ“[] âœ—[year, plot, cast, director, poster, backdrop, duration, tmdb]
2026-01-30 15:10:59.547  7425-7742  XTC                     com.fishit.player.v2                 D  [SERIES] DTOâ†’Raw #2650 | id=xtream:series:5989 | title="Tin Star" | sourceType=XTREAM | Fields: âœ“[plot(993c), cast, poster, duration=3600000ms] âœ—[year, director, backdrop, tmdb]
2026-01-30 15:10:59.548  7425-8101  XTC                     com.fishit.player.v2                 D  [VOD] DTOâ†’Raw #3100 | id=xtream:vod:389076 | title="Old (2021)" | sourceType=XTREAM | Fields: âœ“[year=2021, poster] âœ—[plot, cast, director, backdrop, duration, tmdb]
2026-01-30 15:10:59.581  7425-7598  NxWorkRepository        com.fishit.player.v2                 W  Deduped 54 duplicate workKeys in batch (400 â†’ 346)
2026-01-30 15:10:59.585  7425-8133  NxCatalogWriter         com.fishit.player.v2                 D  ðŸ“¥ OPTIMIZED ingestBatch START: 400 items
2026-01-30 15:10:59.633  7425-8133  NxWorkRepository        com.fishit.player.v2                 W  Deduped 103 duplicate workKeys in batch (400 â†’ 297)
2026-01-30 15:10:59.645  7425-8178  NxCatalogWriter         com.fishit.player.v2                 D  ðŸ“¥ OPTIMIZED ingestBatch START: 400 items
2026-01-30 15:10:59.701  7425-8178  NxWorkRepository        com.fishit.player.v2                 W  Deduped 5 duplicate workKeys in batch (400 â†’ 395)
2026-01-30 15:10:59.735  7425-7598  NxCatalogWriter         com.fishit.player.v2                 D  âœ… OPTIMIZED ingestBatch COMPLETE: 400 items | persist_ms=155 total_ms=255 (1568 items/sec)
2026-01-30 15:10:59.736  7425-7598  CatalogSyncService      com.fishit.player.v2                 W  Xtream batch (NX): ingested=400 failed=0 hint_warnings=105 ingest_ms=463 total_ms=464
2026-01-30 15:10:59.762  7425-8101  XTC                     com.fishit.player.v2                 D  [VOD] DTOâ†’Raw #3150 | id=xtream:vod:389127 | title="Rettungshund Ruby (2022)" | sourceType=XTREAM | Fields: âœ“[year=2022, poster] âœ—[plot, cast, director, backdrop, duration, tmdb]
2026-01-30 15:10:59.763  7425-7600  XTC                     com.fishit.player.v2                 D  [LIVE] DTOâ†’Raw #3750 | id=xtream:live:705095 | title="AL: KS Ã‡iftelia" | sourceType=XTREAM | Fields: âœ“[] âœ—[year, plot, cast, director, poster, backdrop, duration, tmdb]
2026-01-30 15:10:59.772  7425-8135  CatalogSyncService      com.fishit.player.v2                 D  Persisting Xtream catalog batch (NX-ONLY): 400 items (canonical_linking=true)
2026-01-30 15:10:59.777  7425-8101  XTC                     com.fishit.player.v2                 D  [VOD] DTOâ†’Raw #3200 | id=xtream:vod:389178 | title="LiebeÂ² (2021)" | sourceType=XTREAM | Fields: âœ“[year=2021, poster] âœ—[plot, cast, director, backdrop, duration, tmdb]
2026-01-30 15:10:59.794  7425-7600  XTC                     com.fishit.player.v2                 D  [LIVE] DTOâ†’Raw #3800 | id=xtream:live:23250 | title="AL: Tring Super" | sourceType=XTREAM | Fields: âœ“[poster] âœ—[year, plot, cast, director, backdrop, duration, tmdb]
2026-01-30 15:10:59.796  7425-7434  ishit.player.v2         com.fishit.player.v2                 I  Background concurrent copying GC freed 704106(26MB) AllocSpace objects, 0(0B) LOS objects, 40% free, 35MB/59MB, paused 96us,111us total 129.527ms
2026-01-30 15:10:59.816  7425-7600  XTC                     com.fishit.player.v2                 D  [LIVE] DTOâ†’Raw #3850 | id=xtream:live:101660 | title="AL: X Action FHD" | sourceType=XTREAM | Fields: âœ“[] âœ—[year, plot, cast, director, poster, backdrop, duration, tmdb]
