2026-01-28 15:20:32.267 19658-20058 XTC                     com.fishit.player.v2                 D  [VOD] DTO→Raw #2250 | id=xtream:vod:794087 | title="Jenseits der blauen Grenze | 2024 | 6.4 " | sourceType=XTREAM | Fields: ✓[year=2024, poster] ✗[plot, cast, director, backdrop, duration, tmdb]
2026-01-28 15:20:32.269 19658-21389 SyncPerfMetrics         com.fishit.player.v2                 D  Phase SERIES started
2026-01-28 15:20:32.270 19658-21389 XtreamCatalogScanWorker com.fishit.player.v2                 D  PROGRESS discovered=6848 persisted=6396 phase=SERIES
2026-01-28 15:20:32.276 19658-21182 XTC                     com.fishit.player.v2                 D  [VOD] DTO→Raw #2300 | id=xtream:vod:791360 | title="All of You | 2025 | 6.5 |" | sourceType=XTREAM | Fields: ✓[year=2025, poster] ✗[plot, cast, director, backdrop, duration, tmdb]
2026-01-28 15:20:32.280 19658-21389 XtreamCatalogScanWorker com.fishit.player.v2                 D  PROGRESS discovered=6900 persisted=6396 phase=null
2026-01-28 15:20:32.283 19658-21184 XTC                     com.fishit.player.v2                 D  [SERIES] DTO→Raw #2150 | id=xtream:series:784 | title="Who Killed Jeffrey Epstein" | sourceType=XTREAM | Fields: ✓[poster] ✗[year, plot, cast, director, backdrop, duration, tmdb]
2026-01-28 15:20:32.287 19658-21389 SyncPerfMetrics         com.fishit.player.v2                 D  Phase MOVIES started
2026-01-28 15:20:32.288 19658-21389 XtreamCatalogScanWorker com.fishit.player.v2                 D  PROGRESS discovered=6939 persisted=6396 phase=VOD
2026-01-28 15:20:32.292 19658-21389 XtreamCatalogScanWorker com.fishit.player.v2                 D  PROGRESS discovered=7000 persisted=6396 phase=null
2026-01-28 15:20:32.294 19658-21182 XTC                     com.fishit.player.v2                 D  [VOD] DTO→Raw #2350 | id=xtream:vod:788976 | title="Was ist Liebe wert - Materialists | 2025" | sourceType=XTREAM | Fields: ✓[year=2025, poster] ✗[plot, cast, director, backdrop, duration, tmdb]
2026-01-28 15:20:32.300 19658-21392 XtreamCatalogScanWorker com.fishit.player.v2                 D  PROGRESS discovered=7100 persisted=6396 phase=null
2026-01-28 15:20:32.303 19658-21182 XTC                     com.fishit.player.v2                 D  [VOD] DTO→Raw #2400 | id=xtream:vod:786362 | title="Checkmates - Ziemlich schräge Figuren | " | sourceType=XTREAM | Fields: ✓[year=2024, poster] ✗[plot, cast, director, backdrop, duration, tmdb]
2026-01-28 15:20:32.304 19658-20058 XTC                     com.fishit.player.v2                 D  [LIVE] DTO→Raw #2550 | id=xtream:live:744166 | title="DE: DYN SPORT 25" | sourceType=XTREAM | Fields: ✓[poster] ✗[year, plot, cast, director, backdrop, duration, tmdb]
2026-01-28 15:20:32.305 19658-21392 SyncBatchManager        com.fishit.player.v2                 D  Flushing MOVIES batch: 400 items (timeBased=false)
2026-01-28 15:20:32.305 19658-21392 CatalogSyncService      com.fishit.player.v2                 D  Persisting Xtream catalog batch (NX-ONLY): 400 items (canonical_linking=false)
2026-01-28 15:20:34.707 19658-21182 CatalogSyncService      com.fishit.player.v2                 D  Xtream live batch complete (NX): ingested=80 total_ms=2483
2026-01-28 15:20:34.707 19658-21182 CatalogSyncService      com.fishit.player.v2                 D  Time-based flush LIVE: 80 items in 2483ms
2026-01-28 15:20:34.708 19658-21182 SyncBatchManager        com.fishit.player.v2                 D  Time-based flush for SERIES: 177 items after 15062ms
2026-01-28 15:20:34.708 19658-21182 SyncBatchManager        com.fishit.player.v2                 D  Flushing SERIES batch: 177 items (timeBased=true)
2026-01-28 15:20:34.708 19658-21182 CatalogSyncService      com.fishit.player.v2                 D  Persisting Xtream catalog batch (NX-ONLY): 177 items (canonical_linking=false)
2026-01-28 15:20:34.941 19658-19669 ishit.player.v2         com.fishit.player.v2                 I  Background concurrent copying GC freed 489169(24MB) AllocSpace objects, 0(0B) LOS objects, 44% free, 29MB/53MB, paused 101us,109us total 105.525ms
2026-01-28 15:20:35.487 19658-21184 CatalogSyncService      com.fishit.player.v2                 D  Xtream batch complete (HOT PATH/NX): ingested=177 total_ms=779
2026-01-28 15:20:35.487 19658-21184 CatalogSyncService      com.fishit.player.v2                 D  Time-based flush SERIES: 177 items in 779ms
2026-01-28 15:20:35.688 19658-20058 SyncBatchManager        com.fishit.player.v2                 D  Time-based flush for LIVE: 73 items after 3464ms
2026-01-28 15:20:35.689 19658-20058 SyncBatchManager        com.fishit.player.v2                 D  Flushing LIVE batch: 73 items (timeBased=true)
2026-01-28 15:20:35.689 19658-20058 CatalogSyncService      com.fishit.player.v2                 D  Persisting Xtream live batch (NX-ONLY): 73 items
2026-01-28 15:20:36.159 19658-21182 CatalogSyncService      com.fishit.player.v2                 D  Xtream live batch complete (NX): ingested=73 total_ms=470
2026-01-28 15:20:36.159 19658-21182 CatalogSyncService      com.fishit.player.v2                 D  Time-based flush LIVE: 73 items in 470ms
2026-01-28 15:20:36.533 19658-20070 CatalogSyncService      com.fishit.player.v2                 D  Xtream batch complete (HOT PATH/NX): ingested=400 total_ms=4228
2026-01-28 15:20:36.534 19658-20070 SyncPerfMetrics         com.fishit.player.v2                 D  Phase MOVIES started
2026-01-28 15:20:36.534 19658-20070 XtreamCatalogScanWorker com.fishit.player.v2                 D  PROGRESS discovered=7126 persisted=7126 phase=VOD
2026-01-28 15:20:36.537 19658-21184 XTC                     com.fishit.player.v2                 D  [VOD] DTO→Raw #2450 | id=xtream:vod:783657 | title="The Ballad of Wallis Island | 2025 | 7.0" | sourceType=XTREAM | Fields: ✓[year=2025, poster] ✗[plot, cast, director, backdrop, duration, tmdb]
2026-01-28 15:20:36.538 19658-20070 XtreamCatalogScanWorker com.fishit.player.v2                 D  PROGRESS discovered=7200 persisted=7126 phase=null
2026-01-28 15:20:36.545 19658-21184 XTC                     com.fishit.player.v2                 D  [VOD] DTO→Raw #2500 | id=xtream:vod:780844 | title="Shadow of God | 2025 | 5.0 |" | sourceType=XTREAM | Fields: ✓[year=2025, poster] ✗[plot, cast, director, backdrop, duration, tmdb]
2026-01-28 15:20:36.546 19658-20070 SyncPerfMetrics         com.fishit.player.v2                 D  Phase MOVIES started
2026-01-28 15:20:36.547 19658-20070 XtreamCatalogScanWorker com.fishit.player.v2                 D  PROGRESS discovered=7272 persisted=7126 phase=VOD
2026-01-28 15:20:36.548 19658-21389 XTC                     com.fishit.player.v2                 D  [SERIES] DTO→Raw #2200 | id=xtream:series:1141 | title="Godless" | sourceType=XTREAM | Fields: ✓[plot(170c), cast, poster] ✗[year, director, backdrop, duration, tmdb]
2026-01-28 15:20:36.550 19658-20070 SyncPerfMetrics         com.fishit.player.v2                 D  Phase SERIES started
2026-01-28 15:20:36.552 19658-20070 XtreamCatalogScanWorker com.fishit.player.v2                 D  PROGRESS discovered=7277 persisted=7126 phase=SERIES
2026-01-28 15:20:36.561 19658-20059 SyncBatchManager        com.fishit.player.v2                 D  Time-based flush for MOVIES: 100 items after 4256ms
2026-01-28 15:20:36.561 19658-20059 SyncBatchManager        com.fishit.player.v2                 D  Flushing MOVIES batch: 100 items (timeBased=true)
2026-01-28 15:20:36.561 19658-20059 CatalogSyncService      com.fishit.player.v2                 D  Persisting Xtream catalog batch (NX-ONLY): 100 items (canonical_linking=false)
2026-01-28 15:20:36.564 19658-20070 XtreamCatalogScanWorker com.fishit.player.v2                 D  PROGRESS discovered=7300 persisted=7126 phase=null
2026-01-28 15:20:36.569 19658-20058 XTC                     com.fishit.player.v2                 D  [LIVE] DTO→Raw #2600 | id=xtream:live:121760 | title="DE: Spiegel TV Wissen RAW" | sourceType=XTREAM | Fields: ✓[poster] ✗[year, plot, cast, director, backdrop, duration, tmdb]
2026-01-28 15:20:36.572 19658-20070 SyncPerfMetrics         com.fishit.player.v2                 D  Phase LIVE started
2026-01-28 15:20:36.573 19658-20070 XtreamCatalogScanWorker com.fishit.player.v2                 D  PROGRESS discovered=7345 persisted=7126 phase=LIVE
2026-01-28 15:20:36.578 19658-21389 XTC                     com.fishit.player.v2                 D  [SERIES] DTO→Raw #2250 | id=xtream:series:1344 | title="LOL: Last One Laughing" | sourceType=XTREAM | Fields: ✓[plot(258c), cast, poster] ✗[year, director, backdrop, duration, tmdb]
2026-01-28 15:20:36.590 19658-20059 XtreamCatalogScanWorker com.fishit.player.v2                 D  PROGRESS discovered=7400 persisted=7126 phase=null
2026-01-28 15:20:36.605 19658-20058 XTC                     com.fishit.player.v2                 D  [LIVE] DTO→Raw #2650 | id=xtream:live:48858 | title="DE: Sky Cinema Highlights FHD" | sourceType=XTREAM | Fields: ✓[poster] ✗[year, plot, cast, director, backdrop, duration, tmdb]
2026-01-28 15:20:36.606 19658-21184 XTC                     com.fishit.player.v2                 D  [VOD] DTO→Raw #2550 | id=xtream:vod:779064 | title="Escape - Der unsichtbare Feind | 2024 | " | sourceType=XTREAM | Fields: ✓[year=2024, poster] ✗[plot, cast, director, backdrop, duration, tmdb]
2026-01-28 15:20:36.607 19658-21389 XTC                     com.fishit.player.v2                 D  [SERIES] DTO→Raw #2300 | id=xtream:series:1475 | title="Panic" | sourceType=XTREAM | Fields: ✓[plot(526c), cast, poster] ✗[year, director, backdrop, duration, tmdb]
2026-01-28 15:20:36.610 19658-20057 XtreamCatalogScanWorker com.fishit.player.v2                 D  PROGRESS discovered=7500 persisted=7126 phase=null
2026-01-28 15:20:36.612 19658-20057 SyncPerfMetrics         com.fishit.player.v2                 D  Phase SERIES started
2026-01-28 15:20:36.613 19658-20057 XtreamCatalogScanWorker com.fishit.player.v2                 D  PROGRESS discovered=7505 persisted=7126 phase=SERIES
2026-01-28 15:20:36.616 19658-20059 XTC                     com.fishit.player.v2                 D  [VOD] DTO→Raw #2600 | id=xtream:vod:776412 | title="WWE WrestleMania 41: Sunday | 2025 | 6.1" | sourceType=XTREAM | Fields: ✓[year=2025, poster] ✗[plot, cast, director, backdrop, duration, tmdb]
2026-01-28 15:20:36.624 19658-20057 SyncPerfMetrics         com.fishit.player.v2                 D  Phase MOVIES started
2026-01-28 15:20:36.624 19658-20057 XtreamCatalogScanWorker com.fishit.player.v2                 D  PROGRESS discovered=7587 persisted=7126 phase=VOD
2026-01-28 15:20:36.625 19658-21389 XTC                     com.fishit.player.v2                 D  [SERIES] DTO→Raw #2350 | id=xtream:series:1604 | title="Monster bei der Arbeit" | sourceType=XTREAM | Fields: ✓[plot(482c), cast, poster] ✗[year, director, backdrop, duration, tmdb]
2026-01-28 15:20:36.627 19658-20057 XtreamCatalogScanWorker com.fishit.player.v2                 D  PROGRESS discovered=7600 persisted=7126 phase=null
2026-01-28 15:20:36.631 19658-20058 XTC                     com.fishit.player.v2                 D  [VOD] DTO→Raw #2650 | id=xtream:vod:773840 | title="Vena | 2024 | 7.7 |" | sourceType=XTREAM | Fields: ✓[year=2024, poster] ✗[plot, cast, director, backdrop, duration, tmdb]
2026-01-28 15:20:36.633 19658-20057 XtreamCatalogScanWorker com.fishit.player.v2                 D  PROGRESS discovered=7700 persisted=7126 phase=null
2026-01-28 15:20:36.636 19658-20070 SyncBatchManager        com.fishit.player.v2                 D  Flushing SERIES batch: 200 items (timeBased=false)
2026-01-28 15:20:36.636 19658-20070 CatalogSyncService      com.fishit.player.v2                 D  Persisting Xtream catalog batch (NX-ONLY): 200 items (canonical_linking=false)
2026-01-28 15:20:36.641 19658-20058 XTC                     com.fishit.player.v2                 D  [VOD] DTO→Raw #2700 | id=xtream:vod:771263 | title="Old Guy - Alter Hund mit neuen Tricks | " | sourceType=XTREAM | Fields: ✓[year=2024, poster] ✗[plot, cast, director, backdrop, duration, tmdb]
2026-01-28 15:20:36.777 19658-19669 ishit.player.v2         com.fishit.player.v2                 I  Background concurrent copying GC freed 689728(33MB) AllocSpace objects, 0(0B) LOS objects, 47% free, 26MB/50MB, paused 197us,87us total 148.778ms
2026-01-28 15:20:37.158 19658-19658 ViewRootIm...nActivity] com.fishit.player.v2                 I  ViewPostIme pointer 0
2026-01-28 15:20:37.206 19658-20072 CatalogSyncService      com.fishit.player.v2                 D  Xtream batch complete (HOT PATH/NX): ingested=100 total_ms=645
2026-01-28 15:20:37.207 19658-20072 CatalogSyncService      com.fishit.player.v2                 D  Time-based flush MOVIES: 100 items in 646ms
2026-01-28 15:20:37.333 19658-19658 ViewRootIm...nActivity] com.fishit.player.v2                 I  ViewPostIme pointer 1
2026-01-28 15:20:37.407 19658-20057 SyncBatchManager        com.fishit.player.v2                 D  Time-based flush for LIVE: 133 items after 1718ms
2026-01-28 15:20:37.408 19658-20057 SyncBatchManager        com.fishit.player.v2                 D  Flushing LIVE batch: 133 items (timeBased=true)
2026-01-28 15:20:37.408 19658-20057 CatalogSyncService      com.fishit.player.v2                 D  Persisting Xtream live batch (NX-ONLY): 133 items
2026-01-28 15:20:37.423 19658-20072 CatalogSyncService      com.fishit.player.v2                 D  Xtream batch complete (HOT PATH/NX): ingested=200 total_ms=787
2026-01-28 15:20:37.428 19658-20060 XTC                     com.fishit.player.v2                 D  [LIVE] DTO→Raw #2700 | id=xtream:live:733471 | title="DE: 2 BROKE GIRLS" | sourceType=XTREAM | Fields: ✓[poster] ✗[year, plot, cast, director, backdrop, duration, tmdb]
2026-01-28 15:20:37.432 19658-20058 XTC                     com.fishit.player.v2                 D  [SERIES] DTO→Raw #2400 | id=xtream:series:1752 | title="The North Water" | sourceType=XTREAM | Fields: ✓[plot(570c), cast, poster] ✗[year, director, backdrop, duration, tmdb]
2026-01-28 15:20:37.433 19658-20072 SyncPerfMetrics         com.fishit.player.v2                 D  Phase MOVIES started
2026-01-28 15:20:37.434 19658-20072 XtreamCatalogScanWorker com.fishit.player.v2                 D  PROGRESS discovered=7778 persisted=7426 phase=VOD
2026-01-28 15:20:37.438 19658-20072 XtreamCatalogScanWorker com.fishit.player.v2                 D  PROGRESS discovered=7800 persisted=7426 phase=null
2026-01-28 15:20:37.441 19658-20072 SyncPerfMetrics         com.fishit.player.v2                 D  Phase LIVE started
2026-01-28 15:20:37.442 19658-20072 XtreamCatalogScanWorker com.fishit.player.v2                 D  PROGRESS discovered=7813 persisted=7426 phase=LIVE
2026-01-28 15:20:37.444 19658-20072 SyncPerfMetrics         com.fishit.player.v2                 D  Phase SERIES started
2026-01-28 15:20:37.445 19658-20072 XtreamCatalogScanWorker com.fishit.player.v2                 D  PROGRESS discovered=7824 persisted=7426 phase=SERIES
2026-01-28 15:20:37.452 19658-20059 XTC                     com.fishit.player.v2                 D  [VOD] DTO→Raw #2750 | id=xtream:vod:767670 | title="We Live in Time | 2024 | 7.5 |" | sourceType=XTREAM | Fields: ✓[year=2024, poster] ✗[plot, cast, director, backdrop, duration, tmdb]
2026-01-28 15:20:37.460 19658-21392 XTC                     com.fishit.player.v2                 D  [LIVE] DTO→Raw #2750 | id=xtream:live:749839 | title="DE: EDGAR WALLACE MIX" | sourceType=XTREAM | Fields: ✓[poster] ✗[year, plot, cast, director, backdrop, duration, tmdb]
2026-01-28 15:20:37.462 19658-20072 XtreamCatalogScanWorker com.fishit.player.v2                 D  PROGRESS discovered=7900 persisted=7426 phase=null
2026-01-28 15:20:37.466 19658-21392 XTC                     com.fishit.player.v2                 D  [SERIES] DTO→Raw #2450 | id=xtream:series:1972 | title="Tales of Zestiria the X" | sourceType=XTREAM | Fields: ✓[plot(603c), cast, poster] ✗[year, director, backdrop, duration, tmdb]
2026-01-28 15:20:37.478 19658-20070 XTC                     com.fishit.player.v2                 D  [VOD] DTO→Raw #2800 | id=xtream:vod:765621 | title="The Killer | 2024 | 6.4 |" | sourceType=XTREAM | Fields: ✓[year=2024, poster] ✗[plot, cast, director, backdrop, duration, tmdb]
2026-01-28 15:20:37.481 19658-20072 XtreamCatalogScanWorker com.fishit.player.v2                 D  PROGRESS discovered=8000 persisted=7426 phase=null
2026-01-28 15:20:37.484 19658-20072 SyncPerfMetrics         com.fishit.player.v2                 D  Phase MOVIES started
2026-01-28 15:20:37.485 19658-20072 XtreamCatalogScanWorker com.fishit.player.v2                 D  PROGRESS discovered=8049 persisted=7426 phase=VOD
2026-01-28 15:20:37.485 19658-20070 XTC                     com.fishit.player.v2                 D  [VOD] DTO→Raw #2850 | id=xtream:vod:763435 | title="Escape: Flucht in die Freiheit | 2024 | " | sourceType=XTREAM | Fields: ✓[year=2024, poster] ✗[plot, cast, director, backdrop, duration, tmdb]
2026-01-28 15:20:37.487 19658-20072 XtreamCatalogScanWorker com.fishit.player.v2                 D  PROGRESS discovered=8100 persisted=7426 phase=null
2026-01-28 15:20:37.491 19658-20058 XTC                     com.fishit.player.v2                 D  [LIVE] DTO→Raw #2800 | id=xtream:live:729970 | title="DE: POLICE ACADEMY" | sourceType=XTREAM | Fields: ✓[poster] ✗[year, plot, cast, director, backdrop, duration, tmdb]
2026-01-28 15:20:37.494 19658-20072 SyncPerfMetrics         com.fishit.player.v2                 D  Phase LIVE started
2026-01-28 15:20:37.494 19658-20072 XtreamCatalogScanWorker com.fishit.player.v2                 D  PROGRESS discovered=8139 persisted=7426 phase=LIVE
2026-01-28 15:20:37.504 19658-21389 XtreamCatalogScanWorker com.fishit.player.v2                 D  PROGRESS discovered=8200 persisted=7426 phase=null
2026-01-28 15:20:37.507 19658-20071 XTC                     com.fishit.player.v2                 D  [SERIES] DTO→Raw #2500 | id=xtream:series:2039 | title="Die Abenteuer des Odysseus" | sourceType=XTREAM | Fields: ✓[plot(841c), cast, poster] ✗[year, director, backdrop, duration, tmdb]
2026-01-28 15:20:37.508 19658-20057 SyncPerfMetrics         com.fishit.player.v2                 D  Phase SERIES started
2026-01-28 15:20:37.508 19658-20057 XtreamCatalogScanWorker com.fishit.player.v2                 D  PROGRESS discovered=8230 persisted=7426 phase=SERIES
2026-01-28 15:20:37.510 19658-20070 XTC                     com.fishit.player.v2                 D  [VOD] DTO→Raw #2900 | id=xtream:vod:761313 | title="Blitz | 2024 | 5.2 |" | sourceType=XTREAM | Fields: ✓[year=2024, poster] ✗[plot, cast, director, backdrop, duration, tmdb]
2026-01-28 15:20:37.510 19658-20057 SyncBatchManager        com.fishit.player.v2                 D  Flushing MOVIES batch: 400 items (timeBased=false)
2026-01-28 15:20:37.511 19658-20057 CatalogSyncService      com.fishit.player.v2                 D  Persisting Xtream catalog batch (NX-ONLY): 400 items (canonical_linking=false)
2026-01-28 15:20:37.511 19658-20058 XTC                     com.fishit.player.v2                 D  [LIVE] DTO→Raw #2850 | id=xtream:live:140923 | title="DE: X-Men HD 24/7" | sourceType=XTREAM | Fields: ✓[poster] ✗[year, plot, cast, director, backdrop, duration, tmdb]
2026-01-28 15:20:37.573 19658-19669 ishit.player.v2         com.fishit.player.v2                 I  Background concurrent copying GC freed 550649(25MB) AllocSpace objects, 0(0B) LOS objects, 43% free, 31MB/55MB, paused 190us,67us total 114.753ms
2026-01-28 15:20:37.623 19658-19658 ViewRootIm...nActivity] com.fishit.player.v2                 I  ViewPostIme pointer 0
2026-01-28 15:20:37.833 19658-19658 ViewRootIm...nActivity] com.fishit.player.v2                 I  ViewPostIme pointer 1
2026-01-28 15:20:38.227 19658-20060 CatalogSyncService      com.fishit.player.v2                 D  Xtream live batch complete (NX): ingested=133 total_ms=819
2026-01-28 15:20:38.228 19658-20060 CatalogSyncService      com.fishit.player.v2                 D  Time-based flush LIVE: 133 items in 820ms
2026-01-28 15:20:38.228 19658-20060 SyncBatchManager        com.fishit.player.v2                 D  Time-based flush for SERIES: 123 items after 1593ms
2026-01-28 15:20:38.228 19658-20060 SyncBatchManager        com.fishit.player.v2                 D  Flushing SERIES batch: 123 items (timeBased=true)
2026-01-28 15:20:38.229 19658-20060 CatalogSyncService      com.fishit.player.v2                 D  Persisting Xtream catalog batch (NX-ONLY): 123 items (canonical_linking=false)
2026-01-28 15:20:38.557 19658-19658 ViewRootIm...nActivity] com.fishit.player.v2                 I  ViewPostIme pointer 0
2026-01-28 15:20:38.750 19658-20070 CatalogSyncService      com.fishit.player.v2                 D  Xtream batch complete (HOT PATH/NX): ingested=123 total_ms=520
2026-01-28 15:20:38.751 19658-19658 ViewRootIm...nActivity] com.fishit.player.v2                 I  ViewPostIme pointer 1
2026-01-28 15:20:38.753 19658-20070 CatalogSyncService      com.fishit.player.v2                 D  Time-based flush SERIES: 123 items in 523ms
2026-01-28 15:20:38.954 19658-20061 SyncBatchManager        com.fishit.player.v2                 D  Time-based flush for LIVE: 164 items after 1546ms
2026-01-28 15:20:38.954 19658-20061 SyncBatchManager        com.fishit.player.v2                 D  Flushing LIVE batch: 164 items (timeBased=true)
2026-01-28 15:20:38.954 19658-20061 CatalogSyncService      com.fishit.player.v2                 D  Persisting Xtream live batch (NX-ONLY): 164 items
2026-01-28 15:20:39.317 19658-19658 ViewRootIm...nActivity] com.fishit.player.v2                 I  ViewPostIme pointer 0
2026-01-28 15:20:39.485 19658-19658 ViewRootIm...nActivity] com.fishit.player.v2                 I  ViewPostIme pointer 1
2026-01-28 15:20:39.781 19658-20058 CatalogSyncService      com.fishit.player.v2                 D  Xtream batch complete (HOT PATH/NX): ingested=400 total_ms=2270
2026-01-28 15:20:39.781 19658-20058 SyncPerfMetrics         com.fishit.player.v2                 D  Phase MOVIES started
2026-01-28 15:20:39.782 19658-20058 XtreamCatalogScanWorker com.fishit.player.v2                 D  PROGRESS discovered=8246 persisted=8082 phase=VOD
2026-01-28 15:20:39.786 19658-21182 XTC                     com.fishit.player.v2                 D  [VOD] DTO→Raw #2950 | id=xtream:vod:756534 | title="Libre | 2024 | 5.9 |" | sourceType=XTREAM | Fields: ✓[year=2024, poster] ✗[plot, cast, director, backdrop, duration, tmdb]
2026-01-28 15:20:39.791 19658-20058 XtreamCatalogScanWorker com.fishit.player.v2                 D  PROGRESS discovered=8300 persisted=8082 phase=null
2026-01-28 15:20:39.798 19658-21193 XTC                     com.fishit.player.v2                 D  [VOD] DTO→Raw #3000 | id=xtream:vod:755046 | title="Arcadian | 2024 | 6.0 |" | sourceType=XTREAM | Fields: ✓[year=2024, poster] ✗[plot, cast, director, backdrop, duration, tmdb]
2026-01-28 15:20:39.799 19658-21392 XtreamCatalogScanWorker com.fishit.player.v2                 D  PROGRESS discovered=8400 persisted=8082 phase=null
2026-01-28 15:20:39.800 19658-20060 XTC                     com.fishit.player.v2                 D  [SERIES] DTO→Raw #2550 | id=xtream:series:2129 | title="Weihnachtsmann & Co. KG" | sourceType=XTREAM | Fields: ✓[plot(468c), cast, poster] ✗[year, director, backdrop, duration, tmdb]
2026-01-28 15:20:39.800 19658-21392 SyncPerfMetrics         com.fishit.player.v2                 D  Phase MOVIES started
2026-01-28 15:20:39.800 19658-21392 XtreamCatalogScanWorker com.fishit.player.v2                 D  PROGRESS discovered=8431 persisted=8082 phase=VOD
2026-01-28 15:20:39.801 19658-20059 XTC                     com.fishit.player.v2                 D  [LIVE] DTO→Raw #2900 | id=xtream:live:364840 | title="DE: TOM HARDY - 24/7" | sourceType=XTREAM | Fields: ✓[poster] ✗[year, plot, cast, director, backdrop, duration, tmdb]
2026-01-28 15:20:39.804 19658-20058 SyncPerfMetrics         com.fishit.player.v2                 D  Phase LIVE started
2026-01-28 15:20:39.805 19658-20058 XtreamCatalogScanWorker com.fishit.player.v2                 D  PROGRESS discovered=8456 persisted=8082 phase=LIVE
2026-01-28 15:20:39.809 19658-20057 XtreamCatalogScanWorker com.fishit.player.v2                 D  PROGRESS discovered=8500 persisted=8082 phase=null
2026-01-28 15:20:39.814 19658-20060 XTC                     com.fishit.player.v2                 D  [SERIES] DTO→Raw #2600 | id=xtream:series:2346 | title="Shadow and Bone" | sourceType=XTREAM | Fields: ✓[plot(164c), cast, poster] ✗[year, director, backdrop, duration, tmdb]
2026-01-28 15:20:39.815 19658-20058 SyncPerfMetrics         com.fishit.player.v2                 D  Phase SERIES started
2026-01-28 15:20:39.815 19658-20058 XtreamCatalogScanWorker com.fishit.player.v2                 D  PROGRESS discovered=8532 persisted=8082 phase=SERIES
2026-01-28 15:20:39.831 19658-20059 XTC                     com.fishit.player.v2                 D  [LIVE] DTO→Raw #2950 | id=xtream:live:140794 | title="DE: See - Reich der Blinden - Premium 24" | sourceType=XTREAM | Fields: ✓[poster] ✗[year, plot, cast, director, backdrop, duration, tmdb]
2026-01-28 15:20:39.831 19658-20060 XTC                     com.fishit.player.v2                 D  [SERIES] DTO→Raw #2650 | id=xtream:series:2445 | title="And Just Like That…" | sourceType=XTREAM | Fields: ✓[plot(200c), cast, poster] ✗[year, director, backdrop, duration, tmdb]
2026-01-28 15:20:39.832 19658-20061 XtreamCatalogScanWorker com.fishit.player.v2                 D  PROGRESS discovered=8600 persisted=8082 phase=null
2026-01-28 15:20:39.842 19658-20058 CatalogSyncService      com.fishit.player.v2                 D  Xtream live batch complete (NX): ingested=164 total_ms=888
2026-01-28 15:20:39.842 19658-20058 CatalogSyncService      com.fishit.player.v2                 D  Time-based flush LIVE: 164 items in 888ms
2026-01-28 15:20:39.842 19658-20058 SyncBatchManager        com.fishit.player.v2                 D  Time-based flush for MOVIES: 100 items after 2332ms
2026-01-28 15:20:39.843 19658-20058 SyncBatchManager        com.fishit.player.v2                 D  Flushing MOVIES batch: 100 items (timeBased=true)
2026-01-28 15:20:39.843 19658-20058 CatalogSyncService      com.fishit.player.v2                 D  Persisting Xtream catalog batch (NX-ONLY): 100 items (canonical_linking=false)
2026-01-28 15:20:39.844 19658-20060 XTC                     com.fishit.player.v2                 D  [SERIES] DTO→Raw #2700 | id=xtream:series:2513 | title="Deep Shit" | sourceType=XTREAM | Fields: ✓[plot(317c), cast, poster] ✗[year, director, backdrop, duration, tmdb]
2026-01-28 15:20:39.844 19658-21392 SyncBatchManager        com.fishit.player.v2                 D  Flushing SERIES batch: 200 items (timeBased=false)
2026-01-28 15:20:39.844 19658-21392 CatalogSyncService      com.fishit.player.v2                 D  Persisting Xtream catalog batch (NX-ONLY): 200 items (canonical_linking=false)
2026-01-28 15:20:40.076 19658-19658 ViewRootIm...nActivity] com.fishit.player.v2                 I  ViewPostIme pointer 0
2026-01-28 15:20:40.242 19658-19658 ViewRootIm...nActivity] com.fishit.player.v2                 I  ViewPostIme pointer 1
2026-01-28 15:20:40.868 19658-19658 ViewRootIm...nActivity] com.fishit.player.v2                 I  ViewPostIme pointer 0
2026-01-28 15:20:41.076 19658-19658 ViewRootIm...nActivity] com.fishit.player.v2                 I  ViewPostIme pointer 1
2026-01-28 15:20:42.122 19658-20059 CatalogSyncService      com.fishit.player.v2                 D  Xtream batch complete (HOT PATH/NX): ingested=100 total_ms=2279
2026-01-28 15:20:42.122 19658-20059 CatalogSyncService      com.fishit.player.v2                 D  Time-based flush MOVIES: 100 items in 2279ms
2026-01-28 15:20:42.323 19658-20057 SyncBatchManager        com.fishit.player.v2                 D  Time-based flush for LIVE: 114 items after 3369ms
2026-01-28 15:20:42.324 19658-20057 SyncBatchManager        com.fishit.player.v2                 D  Flushing LIVE batch: 114 items (timeBased=true)
2026-01-28 15:20:42.324 19658-20057 CatalogSyncService      com.fishit.player.v2                 D  Persisting Xtream live batch (NX-ONLY): 114 items
2026-01-28 15:20:43.244 19658-20061 CatalogSyncService      com.fishit.player.v2                 D  Xtream batch complete (HOT PATH/NX): ingested=200 total_ms=3400
2026-01-28 15:20:43.244 19658-20061 SyncPerfMetrics         com.fishit.player.v2                 D  Phase SERIES started
2026-01-28 15:20:43.247 19658-20061 XtreamCatalogScanWorker com.fishit.player.v2                 D  PROGRESS discovered=8659 persisted=8546 phase=SERIES
2026-01-28 15:20:43.250 19658-20061 XtreamCatalogScanWorker com.fishit.player.v2                 D  PROGRESS discovered=8700 persisted=8546 phase=null
2026-01-28 15:20:43.253 19658-21392 XTC                     com.fishit.player.v2                 D  [SERIES] DTO→Raw #2750 | id=xtream:series:2569 | title="Sharp Objects" | sourceType=XTREAM | Fields: ✓[plot(599c), cast, poster] ✗[year, director, backdrop, duration, tmdb]
2026-01-28 15:20:43.260 19658-20057 XTC                     com.fishit.player.v2                 D  [VOD] DTO→Raw #3050 | id=xtream:vod:753417 | title="The Crow | 2024 | 5.3 |" | sourceType=XTREAM | Fields: ✓[year=2024, poster] ✗[plot, cast, director, backdrop, duration, tmdb]
2026-01-28 15:20:43.263 19658-21184 XtreamCatalogScanWorker com.fishit.player.v2                 D  PROGRESS discovered=8800 persisted=8546 phase=null
2026-01-28 15:20:43.270 19658-20057 XTC                     com.fishit.player.v2                 D  [VOD] DTO→Raw #3100 | id=xtream:vod:751157 | title="The Good Half | 2024 | 5.3 |" | sourceType=XTREAM | Fields: ✓[year=2024, poster] ✗[plot, cast, director, backdrop, duration, tmdb]
2026-01-28 15:20:43.279 19658-21184 SyncPerfMetrics         com.fishit.player.v2                 D  Phase MOVIES started
2026-01-28 15:20:43.279 19658-20061 XTC                     com.fishit.player.v2                 D  [VOD] DTO→Raw #3150 | id=xtream:vod:749239 | title="Nightwatch - Demons Are Forever | 2023 |" | sourceType=XTREAM | Fields: ✓[year=2023, poster] ✗[plot, cast, director, backdrop, duration, tmdb]
2026-01-28 15:20:43.280 19658-21184 XtreamCatalogScanWorker com.fishit.player.v2                 D  PROGRESS discovered=8863 persisted=8546 phase=VOD
2026-01-28 15:20:43.288 19658-21184 XtreamCatalogScanWorker com.fishit.player.v2                 D  PROGRESS discovered=8900 persisted=8546 phase=null
2026-01-28 15:20:43.289 19658-20058 XTC                     com.fishit.player.v2                 D  [SERIES] DTO→Raw #2800 | id=xtream:series:2619 | title="Informer" | sourceType=XTREAM | Fields: ✓[plot(665c), cast, poster] ✗[year, director, backdrop, duration, tmdb]
2026-01-28 15:20:43.291 19658-20060 SyncPerfMetrics         com.fishit.player.v2                 D  Phase SERIES started
2026-01-28 15:20:43.292 19658-20060 XtreamCatalogScanWorker com.fishit.player.v2                 D  PROGRESS discovered=8953 persisted=8546 phase=SERIES
2026-01-28 15:20:43.296 19658-21184 XTC                     com.fishit.player.v2                 D  [VOD] DTO→Raw #3200 | id=xtream:vod:746657 | title="Spieleabend | 2024 | 6.7 |" | sourceType=XTREAM | Fields: ✓[year=2024, poster] ✗[plot, cast, director, backdrop, duration, tmdb]
2026-01-28 15:20:43.298 19658-20059 XTC                     com.fishit.player.v2                 D  [LIVE] DTO→Raw #3000 | id=xtream:live:143675 | title="DE: Bad Blood 24/7" | sourceType=XTREAM | Fields: ✓[poster] ✗[year, plot, cast, director, backdrop, duration, tmdb]
2026-01-28 15:20:43.299 19658-20060 XtreamCatalogScanWorker com.fishit.player.v2                 D  PROGRESS discovered=9000 persisted=8546 phase=null
2026-01-28 15:20:43.299 19658-20060 SyncPerfMetrics         com.fishit.player.v2                 D  Phase MOVIES started
2026-01-28 15:20:43.300 19658-20060 XtreamCatalogScanWorker com.fishit.player.v2                 D  PROGRESS discovered=9005 persisted=8546 phase=VOD
2026-01-28 15:20:43.301 19658-20060 SyncPerfMetrics         com.fishit.player.v2                 D  Phase LIVE started
2026-01-28 15:20:43.301 19658-20060 XtreamCatalogScanWorker com.fishit.player.v2                 D  PROGRESS discovered=9027 persisted=8546 phase=LIVE
2026-01-28 15:20:43.303 19658-21184 XTC                     com.fishit.player.v2                 D  [VOD] DTO→Raw #3250 | id=xtream:vod:744770 | title="We Grown Now | 2024 | 7.2 |" | sourceType=XTREAM | Fields: ✓[year=2024, poster] ✗[plot, cast, director, backdrop, duration, tmdb]
2026-01-28 15:20:43.308 19658-20070 XtreamCatalogScanWorker com.fishit.player.v2                 D  PROGRESS discovered=9100 persisted=8546 phase=null
2026-01-28 15:20:43.310 19658-21184 XTC                     com.fishit.player.v2                 D  [VOD] DTO→Raw #3300 | id=xtream:vod:743327 | title="The Last Rifleman | 2023 | 6.7 |" | sourceType=XTREAM | Fields: ✓[year=2023, poster] ✗[plot, cast, director, backdrop, duration, tmdb]
2026-01-28 15:20:43.312 19658-20070 SyncPerfMetrics         com.fishit.player.v2                 D  Phase MOVIES started
2026-01-28 15:20:43.313 19658-20070 XtreamCatalogScanWorker com.fishit.player.v2                 D  PROGRESS discovered=9122 persisted=8546 phase=VOD
2026-01-28 15:20:43.319 19658-21184 XTC                     com.fishit.player.v2                 D  [VOD] DTO→Raw #3350 | id=xtream:vod:741596 | title="Chantal im Märchenland | 2024 | 5.2 |" | sourceType=XTREAM | Fields: ✓[year=2024, poster] ✗[plot, cast, director, backdrop, duration, tmdb]
2026-01-28 15:20:43.320 19658-20058 XTC                     com.fishit.player.v2                 D  [SERIES] DTO→Raw #2850 | id=xtream:series:2670 | title="The Sniffer" | sourceType=XTREAM | Fields: ✓[cast, poster] ✗[year, plot, director, backdrop, duration, tmdb]
2026-01-28 15:20:43.322 19658-21182 XtreamCatalogScanWorker com.fishit.player.v2                 D  PROGRESS discovered=9200 persisted=8546 phase=null
2026-01-28 15:20:43.326 19658-21184 XTC                     com.fishit.player.v2                 D  [VOD] DTO→Raw #3400 | id=xtream:vod:740067 | title="Die Knochenfrau | 2023 | 5.8 |" | sourceType=XTREAM | Fields: ✓[year=2023, poster] ✗[plot, cast, director, backdrop, duration, tmdb]
2026-01-28 15:20:43.332 19658-20058 XTC                     com.fishit.player.v2                 D  [SERIES] DTO→Raw #2900 | id=xtream:series:2721 | title="Confess" | sourceType=XTREAM | Fields: ✓[cast, poster] ✗[year, plot, director, backdrop, duration, tmdb]
2026-01-28 15:20:43.332 19658-21182 SyncBatchManager        com.fishit.player.v2                 D  Flushing MOVIES batch: 400 items (timeBased=false)
2026-01-28 15:20:43.333 19658-21182 CatalogSyncService      com.fishit.player.v2                 D  Persisting Xtream catalog batch (NX-ONLY): 400 items (canonical_linking=false)
2026-01-28 15:20:43.803 19658-19658 ViewRootIm...nActivity] com.fishit.player.v2                 I  ViewPostIme pointer 0
2026-01-28 15:20:43.854 19658-19658 ViewRootIm...nActivity] com.fishit.player.v2                 I  ViewPostIme pointer 1
2026-01-28 15:20:43.867 19658-19658 WindowOnBackDispatcher  com.fishit.player.v2                 W  OnBackInvokedCallback is not enabled for the application.
                                                                                                    Set 'android:enableOnBackInvokedCallback="true"' in the application manifest.
2026-01-28 15:20:43.968 19658-19658 DetailEnrichment        com.fishit.player.v2                 W  enrichFromXtream: invalid sourceId=src:xtream:xtream:Xtream Series:series:xtream:series:87
2026-01-28 15:20:43.970 19658-19658 DetailEnrichment        com.fishit.player.v2                 W  enrichFromXtream: invalid sourceId=src:xtream:xtream:Xtream Series:series:xtream:series:87
2026-01-28 15:20:43.970 19658-19658 UnifiedDetailVM         com.fishit.player.v2                 D  Series canonical ID has no numeric ID: series:1918-1939-krieg-der-tr-ume:1918 (expected when no Xtream source exists)
2026-01-28 15:20:43.970 19658-19658 UnifiedDetailVM         com.fishit.player.v2                 W  Cannot load series details: unable to extract series ID from series:1918-1939-krieg-der-tr-ume:1918
2026-01-28 15:20:44.695 19658-19658 ViewRootIm...nActivity] com.fishit.player.v2                 I  ViewPostIme pointer 0
2026-01-28 15:20:44.737 19658-19658 ViewRootIm...nActivity] com.fishit.player.v2                 I  ViewPostIme pointer 1
2026-01-28 15:20:44.739 19658-19658 UnifiedDetailVM         com.fishit.player.v2                 D  play: canonicalId=series:1918-1939-krieg-der-tr-ume:1918 sourceKey=src:xtream:xtream:Xtream Series:series:xtream:series:87 missingHints=[]
2026-01-28 15:20:44.804 19658-19658 PlayerNavViewModel      com.fishit.player.v2                 D  Using pending playback: series:1918-1939-krieg-der-tr-ume:1918
2026-01-28 15:20:44.855 19658-19658 PlayerUiViewModel       com.fishit.player.v2                 D  player.ui.start.requested: canonicalId=series:1918-1939-krieg-der-tr-ume:1918
2026-01-28 15:20:44.856 19658-19658 InternalPlayerEntryImpl com.fishit.player.v2                 D  Starting playback: series:1918-1939-krieg-der-tr-ume:1918
2026-01-28 15:20:44.862 19658-19658 SubtitleTrackManager    com.fishit.player.v2                 D  Detached from player
2026-01-28 15:20:44.863 19658-19658 AudioTrackManager       com.fishit.player.v2                 D  Detached from player
2026-01-28 15:20:44.863 19658-19658 InternalPlayerSession   com.fishit.player.v2                 D  Initializing playback: series:1918-1939-krieg-der-tr-ume:1918
2026-01-28 15:20:44.885 19658-19658 PlaybackSourceResolver  com.fishit.player.v2                 D  Resolving source for: series:1918-1939-krieg-der-tr-ume:1918 (XTREAM)
2026-01-28 15:20:44.887 19658-19658 PlaybackSourceResolver  com.fishit.player.v2                 D  Using factory: XtreamPlaybackSourceFactoryImpl
2026-01-28 15:20:44.887 19658-19658 XtreamPlaybackFactory   com.fishit.player.v2                 D  Creating source for: series:1918-1939-krieg-der-tr-ume:1918
2026-01-28 15:20:44.887 19658-19658 XtreamPlaybackFactory   com.fishit.player.v2                 D  resolveOutputExtension: contentType=series, containerExt=null, hasNewKey=false, hasLegacyKey=false
2026-01-28 15:20:44.888 19658-19658 XtreamPlaybackFactory   com.fishit.player.v2                 W  series: No containerExtension provided. Using fallback: mkv (consistent with transport layer fallback)
2026-01-28 15:20:44.888 19658-19658 PlaybackSourceResolver  com.fishit.player.v2                 E  Factory failed to create source
                                                                                                    com.fishit.player.playback.domain.PlaybackSourceException: Missing seriesId for series content
                                                                                                    	at com.fishit.player.playback.xtream.XtreamPlaybackSourceFactoryImpl.createSource(XtreamPlaybackSourceFactoryImpl.kt:271)
                                                                                                    	at com.fishit.player.internal.source.PlaybackSourceResolver.resolve(PlaybackSourceResolver.kt:66)
                                                                                                    	at com.fishit.player.internal.session.InternalPlayerSession$initialize$4.invokeSuspend(InternalPlayerSession.kt:226)
                                                                                                    	at kotlin.coroutines.jvm.internal.BaseContinuationImpl.resumeWith(ContinuationImpl.kt:34)
                                                                                                    	at kotlinx.coroutines.DispatchedTask.run(DispatchedTask.kt:100)
                                                                                                    	at android.os.Handler.handleCallback(Handler.java:958)
                                                                                                    	at android.os.Handler.dispatchMessage(Handler.java:99)
                                                                                                    	at android.os.Looper.loopOnce(Looper.java:230)
                                                                                                    	at android.os.Looper.loop(Looper.java:319)
                                                                                                    	at android.app.ActivityThread.main(ActivityThread.java:8919)
                                                                                                    	at java.lang.reflect.Method.invoke(Native Method)
                                                                                                    	at com.android.internal.os.RuntimeInit$MethodAndArgsCaller.run(RuntimeInit.java:578)
                                                                                                    	at com.android.internal.os.ZygoteInit.main(ZygoteInit.java:1103)
2026-01-28 15:20:44.890 19658-19658 InternalPlayerSession   com.fishit.player.v2                 E  Failed to resolve source
                                                                                                    com.fishit.player.playback.domain.PlaybackSourceException: Failed to create source: Missing seriesId for series content
                                                                                                    	at com.fishit.player.internal.source.PlaybackSourceResolver.resolve(PlaybackSourceResolver.kt:73)
                                                                                                    	at com.fishit.player.internal.session.InternalPlayerSession$initialize$4.invokeSuspend(InternalPlayerSession.kt:226)
                                                                                                    	at kotlin.coroutines.jvm.internal.BaseContinuationImpl.resumeWith(ContinuationImpl.kt:34)
                                                                                                    	at kotlinx.coroutines.DispatchedTask.run(DispatchedTask.kt:100)
                                                                                                    	at android.os.Handler.handleCallback(Handler.java:958)
                                                                                                    	at android.os.Handler.dispatchMessage(Handler.java:99)
                                                                                                    	at android.os.Looper.loopOnce(Looper.java:230)
                                                                                                    	at android.os.Looper.loop(Looper.java:319)
                                                                                                    	at android.app.ActivityThread.main(ActivityThread.java:8919)
                                                                                                    	at java.lang.reflect.Method.invoke(Native Method)
                                                                                                    	at com.android.internal.os.RuntimeInit$MethodAndArgsCaller.run(RuntimeInit.java:578)
                                                                                                    	at com.android.internal.os.ZygoteInit.main(ZygoteInit.java:1103)
                                                                                                    Caused by: com.fishit.player.playback.domain.PlaybackSourceException: Missing seriesId for series content
                                                                                                    	at com.fishit.player.playback.xtream.XtreamPlaybackSourceFactoryImpl.createSource(XtreamPlaybackSourceFactoryImpl.kt:271)
                                                                                                    	at com.fishit.player.internal.source.PlaybackSourceResolver.resolve(PlaybackSourceResolver.kt:66)
                                                                                                    	at com.fishit.player.internal.session.InternalPlayerSession$initialize$4.invokeSuspend(InternalPlayerSession.kt:226) 
                                                                                                    	at kotlin.coroutines.jvm.internal.BaseContinuationImpl.resumeWith(ContinuationImpl.kt:34) 
                                                                                                    	at kotlinx.coroutines.DispatchedTask.run(DispatchedTask.kt:100) 
                                                                                                    	at android.os.Handler.handleCallback(Handler.java:958) 
                                                                                                    	at android.os.Handler.dispatchMessage(Handler.java:99) 
                                                                                                    	at android.os.Looper.loopOnce(Looper.java:230) 
                                                                                                    	at android.os.Looper.loop(Looper.java:319) 
                                                                                                    	at android.app.ActivityThread.main(ActivityThread.java:8919) 
                                                                                                    	at java.lang.reflect.Method.invoke(Native Method) 
                                                                                                    	at com.android.internal.os.RuntimeInit$MethodAndArgsCaller.run(RuntimeInit.java:578) 
                                                                                                    	at com.android.internal.os.ZygoteInit.main(ZygoteInit.java:1103) 
2026-01-28 15:20:44.891 19658-19658 InternalPlayerEntryImpl com.fishit.player.v2                 D  Playback started: series:1918-1939-krieg-der-tr-ume:1918
2026-01-28 15:20:44.892 19658-19658 PlayerUiViewModel       com.fishit.player.v2                 D  player.ui.start.succeeded: canonicalId=series:1918-1939-krieg-der-tr-ume:1918
2026-01-28 15:20:46.953 19658-21392 CatalogSyncService      com.fishit.player.v2                 D  Xtream live batch complete (NX): ingested=114 total_ms=4629
2026-01-28 15:20:46.953 19658-21392 CatalogSyncService      com.fishit.player.v2                 D  Time-based flush LIVE: 114 items in 4629ms
2026-01-28 15:20:46.954 19658-21392 SyncBatchManager        com.fishit.player.v2                 D  Time-based flush for SERIES: 179 items after 7110ms
2026-01-28 15:20:46.954 19658-21392 SyncBatchManager        com.fishit.player.v2                 D  Flushing SERIES batch: 179 items (timeBased=true)
2026-01-28 15:20:46.954 19658-21392 CatalogSyncService      com.fishit.player.v2                 D  Persisting Xtream catalog batch (NX-ONLY): 179 items (canonical_linking=false)
2026-01-28 15:20:47.505 19658-19658 ViewRootIm...nActivity] com.fishit.player.v2                 I  ViewPostIme pointer 0
2026-01-28 15:20:47.555 19658-19658 ViewRootIm...nActivity] com.fishit.player.v2                 I  ViewPostIme pointer 1
2026-01-28 15:20:47.813 19658-19658 DetailEnrichment        com.fishit.player.v2                 W  enrichFromXtream: invalid sourceId=src:xtream:xtream:Xtream Series:series:xtream:series:87
2026-01-28 15:20:47.814 19658-19658 DetailEnrichment        com.fishit.player.v2                 W  enrichFromXtream: invalid sourceId=src:xtream:xtream:Xtream Series:series:xtream:series:87
2026-01-28 15:20:47.814 19658-19658 UnifiedDetailVM         com.fishit.player.v2                 D  Series canonical ID has no numeric ID: series:1918-1939-krieg-der-tr-ume:1918 (expected when no Xtream source exists)
2026-01-28 15:20:47.815 19658-19658 UnifiedDetailVM         com.fishit.player.v2                 W  Cannot load series details: unable to extract series ID from series:1918-1939-krieg-der-tr-ume:1918
2026-01-28 15:20:51.890 19658-21392 CatalogSyncService      com.fishit.player.v2                 D  Xtream batch complete (HOT PATH/NX): ingested=179 total_ms=4936
2026-01-28 15:20:51.891 19658-21392 CatalogSyncService      com.fishit.player.v2                 D  Time-based flush SERIES: 179 items in 4937ms
2026-01-28 15:20:52.092 19658-21392 SyncBatchManager        com.fishit.player.v2                 D  Time-based flush for LIVE: 40 items after 9768ms
2026-01-28 15:20:52.092 19658-21392 SyncBatchManager        com.fishit.player.v2                 D  Flushing LIVE batch: 40 items (timeBased=true)
2026-01-28 15:20:52.093 19658-21392 CatalogSyncService      com.fishit.player.v2                 D  Persisting Xtream live batch (NX-ONLY): 40 items
2026-01-28 15:20:52.870 19658-20060 CatalogSyncService      com.fishit.player.v2                 D  Xtream live batch complete (NX): ingested=40 total_ms=777
2026-01-28 15:20:52.870 19658-20060 CatalogSyncService      com.fishit.player.v2                 D  Time-based flush LIVE: 40 items in 778ms
2026-01-28 15:20:53.536 19658-20060 CatalogSyncService      com.fishit.player.v2                 D  Xtream batch complete (HOT PATH/NX): ingested=400 total_ms=10203
2026-01-28 15:20:53.537 19658-20060 SyncPerfMetrics         com.fishit.player.v2                 D  Phase MOVIES started
2026-01-28 15:20:53.537 19658-20060 XtreamCatalogScanWorker com.fishit.player.v2                 D  PROGRESS discovered=9279 persisted=9279 phase=VOD
2026-01-28 15:20:53.548 19658-20060 XtreamCatalogScanWorker com.fishit.player.v2                 D  PROGRESS discovered=9300 persisted=9279 phase=null
2026-01-28 15:20:53.549 19658-20060 SyncPerfMetrics         com.fishit.player.v2                 D  Phase SERIES started
2026-01-28 15:20:53.550 19658-20060 XtreamCatalogScanWorker com.fishit.player.v2                 D  PROGRESS discovered=9337 persisted=9279 phase=SERIES
