2026-01-28 13:01:28.186 10869-10903 NxCatalogWriter         com.fishit.player.v2                 D  Ingested: live:de-pro-7-fun-fhd:live (source: src:xtream:xtream:Xtream Live:live:xtream:live:49202)
2026-01-28 13:01:28.194 10869-10900 NxCatalogWriter         com.fishit.player.v2                 D  Ingested: series:for-all-mankind:unknown (source: src:xtream:xtream:Xtream Series:series:xtream:series:739)
2026-01-28 13:01:28.201 10869-11107 NxCatalogWriter         com.fishit.player.v2                 D  Ingested: live:de-pro-7-fun:live (source: src:xtream:xtream:Xtream Live:live:xtream:live:1818)
2026-01-28 13:01:28.214 10869-10900 NxCatalogWriter         com.fishit.player.v2                 D  Ingested: series:home-before-dark:unknown (source: src:xtream:xtream:Xtream Series:series:xtream:series:740)
2026-01-28 13:01:28.223 10869-10903 NxCatalogWriter         com.fishit.player.v2                 D  Ingested: live:de-tv-now-fhd:live (source: src:xtream:xtream:Xtream Live:live:xtream:live:169840)
2026-01-28 13:01:28.224 10869-10900 NxCatalogWriter         com.fishit.player.v2                 D  Ingested: series:lucifer:unknown (source: src:xtream:xtream:Xtream Series:series:xtream:series:767)
2026-01-28 13:01:28.231 10869-10900 NxCatalogWriter         com.fishit.player.v2                 D  Ingested: series:outlander:unknown (source: src:xtream:xtream:Xtream Series:series:xtream:series:774)
2026-01-28 13:01:28.256 10869-10903 NxCatalogWriter         com.fishit.player.v2                 D  Ingested: live:de-tv-now:live (source: src:xtream:xtream:Xtream Live:live:xtream:live:169841)
2026-01-28 13:01:28.257 10869-10900 NxCatalogWriter         com.fishit.player.v2                 D  Ingested: series:barbaren:unknown (source: src:xtream:xtream:Xtream Series:series:xtream:series:779)
2026-01-28 13:01:28.268 10869-10905 NxCatalogWriter         com.fishit.player.v2                 D  Ingested: live:de-sat-1-vip:live (source: src:xtream:xtream:Xtream Live:live:xtream:live:48745)
2026-01-28 13:01:28.303 10869-10900 NxCatalogWriter         com.fishit.player.v2                 D  Ingested: series:who-killed-jeffrey-epstein:unknown (source: src:xtream:xtream:Xtream Series:series:xtream:series:784)
2026-01-28 13:01:28.313 10869-11107 NxCatalogWriter         com.fishit.player.v2                 D  Ingested: live:de-sat-1-fhd:live (source: src:xtream:xtream:Xtream Live:live:xtream:live:1820)
2026-01-28 13:01:28.316 10869-10900 NxCatalogWriter         com.fishit.player.v2                 D  Ingested: series:raised-by-wolves:unknown (source: src:xtream:xtream:Xtream Series:series:xtream:series:785)
2026-01-28 13:01:28.333 10869-11107 NxCatalogWriter         com.fishit.player.v2                 D  Ingested: series:scrubs-die-anf-nger:unknown (source: src:xtream:xtream:Xtream Series:series:xtream:series:894)
2026-01-28 13:01:28.338 10869-11112 NxCatalogWriter         com.fishit.player.v2                 D  Ingested: live:de-sat-1:live (source: src:xtream:xtream:Xtream Live:live:xtream:live:49191)
2026-01-28 13:01:28.347 10869-10900 NxCatalogWriter         com.fishit.player.v2                 D  Ingested: series:the-blackout:unknown (source: src:xtream:xtream:Xtream Series:series:xtream:series:907)
2026-01-28 13:01:28.351 10869-10901 NxCatalogWriter         com.fishit.player.v2                 D  Ingested: live:de-sat-1:live (source: src:xtream:xtream:Xtream Live:live:xtream:live:61919)
2026-01-28 13:01:28.365 10869-10907 NxCatalogWriter         com.fishit.player.v2                 D  Ingested: series:peaky-blinders-gangs-of-birmingham:unknown (source: src:xtream:xtream:Xtream Series:series:xtream:series:913)
2026-01-28 13:01:28.376 10869-10901 NxCatalogWriter         com.fishit.player.v2                 D  Ingested: live:de-sat-1-gold-fhd:live (source: src:xtream:xtream:Xtream Live:live:xtream:live:49192)
2026-01-28 13:01:28.377 10869-10907 NxCatalogWriter         com.fishit.player.v2                 D  Ingested: series:bir-ba-kad-r-acht-menschen-in-istanbul:unknown (source: src:xtream:xtream:Xtream Series:series:xtream:series:917)
2026-01-28 13:01:28.384 10869-10900 NxCatalogWriter         com.fishit.player.v2                 D  Ingested: series:when-they-see-us:unknown (source: src:xtream:xtream:Xtream Series:series:xtream:series:918)
2026-01-28 13:01:28.443 10869-10901 NxCatalogWriter         com.fishit.player.v2                 D  Ingested: live:de-sat-1-gold:live (source: src:xtream:xtream:Xtream Live:live:xtream:live:1821)
2026-01-28 13:01:28.445 10869-10907 NxCatalogWriter         com.fishit.player.v2                 D  Ingested: series:dark:unknown (source: src:xtream:xtream:Xtream Series:series:xtream:series:919)
2026-01-28 13:01:28.461 10869-11107 NxCatalogWriter         com.fishit.player.v2                 D  Ingested: series:the-last-man-on-earth:unknown (source: src:xtream:xtream:Xtream Series:series:xtream:series:920)
2026-01-28 13:01:28.466 10869-10900 NxCatalogWriter         com.fishit.player.v2                 D  Ingested: live:de-sat-1-emotions-fhd:live (source: src:xtream:xtream:Xtream Live:live:xtream:live:199038)
2026-01-28 13:01:28.474 10869-10907 NxCatalogWriter         com.fishit.player.v2                 D  Ingested: series:the-shield-gesetz-der-gewalt:unknown (source: src:xtream:xtream:Xtream Series:series:xtream:series:921)
2026-01-28 13:01:28.482 10869-10903 NxCatalogWriter         com.fishit.player.v2                 D  Ingested: live:de-sat-1-emotions:live (source: src:xtream:xtream:Xtream Live:live:xtream:live:51185)
2026-01-28 13:01:28.483 10869-11107 NxCatalogWriter         com.fishit.player.v2                 D  Ingested: series:the-undoing:unknown (source: src:xtream:xtream:Xtream Series:series:xtream:series:922)
2026-01-28 13:01:28.511 10869-10900 NxCatalogWriter         com.fishit.player.v2                 D  Ingested: series:outer-banks:unknown (source: src:xtream:xtream:Xtream Series:series:xtream:series:927)
2026-01-28 13:01:28.512 10869-10903 NxCatalogWriter         com.fishit.player.v2                 D  Ingested: live:de-vox-fhd:live (source: src:xtream:xtream:Xtream Live:live:xtream:live:1823)
2026-01-28 13:01:28.522 10869-10903 NxCatalogWriter         com.fishit.player.v2                 D  Ingested: series:devs:unknown (source: src:xtream:xtream:Xtream Series:series:xtream:series:965)
2026-01-28 13:01:28.527 10869-10907 NxCatalogWriter         com.fishit.player.v2                 D  Ingested: live:de-vox:live (source: src:xtream:xtream:Xtream Live:live:xtream:live:1824)
2026-01-28 13:01:28.561 10869-10900 NxCatalogWriter         com.fishit.player.v2                 D  Ingested: series:schatten-der-m-rder:unknown (source: src:xtream:xtream:Xtream Series:series:xtream:series:972)
2026-01-28 13:01:28.567 10869-10903 NxCatalogWriter         com.fishit.player.v2                 D  Ingested: live:de-vox-up:live (source: src:xtream:xtream:Xtream Live:live:xtream:live:38359)
2026-01-28 13:01:28.574 10869-10900 NxCatalogWriter         com.fishit.player.v2                 D  Ingested: series:la-valla-berleben-an-der-grenze:unknown (source: src:xtream:xtream:Xtream Series:series:xtream:series:979)
2026-01-28 13:01:28.578 10869-11112 NxCatalogWriter         com.fishit.player.v2                 D  Ingested: live:de-stefan-raab-live:live (source: src:xtream:xtream:Xtream Live:live:xtream:live:753107)
2026-01-28 13:01:28.631 10869-10900 NxCatalogWriter         com.fishit.player.v2                 D  Ingested: series:the-boss-baby-wieder-im-gesch-ft:unknown (source: src:xtream:xtream:Xtream Series:series:xtream:series:984)
2026-01-28 13:01:28.641 10869-11112 NxCatalogWriter         com.fishit.player.v2                 D  Ingested: live:de-kabel-1-fhd:live (source: src:xtream:xtream:Xtream Live:live:xtream:live:49203)
2026-01-28 13:01:28.648 10869-10903 NxCatalogWriter         com.fishit.player.v2                 D  Ingested: series:cobra-kai:unknown (source: src:xtream:xtream:Xtream Series:series:xtream:series:998)
2026-01-28 13:01:28.669 10869-10907 NxCatalogWriter         com.fishit.player.v2                 D  Ingested: live:de-kabel-1:live (source: src:xtream:xtream:Xtream Live:live:xtream:live:1826)
2026-01-28 13:01:28.669 10869-11112 NxCatalogWriter         com.fishit.player.v2                 D  Ingested: series:mocro-maffia:unknown (source: src:xtream:xtream:Xtream Series:series:xtream:series:1001)
2026-01-28 13:01:28.679 10869-10903 NxCatalogWriter         com.fishit.player.v2                 D  Ingested: series:mr-mercedes:unknown (source: src:xtream:xtream:Xtream Series:series:xtream:series:1002)
2026-01-28 13:01:28.691 10869-10905 CatalogSyncBootstrap    com.fishit.player.v2                 I  Catalog sync bootstrap triggered; activeSources=[XTREAM]
2026-01-28 13:01:28.692 10869-10905 CatalogSyncScheduler    com.fishit.player.v2                 D  Enqueueing AUTO sync
2026-01-28 13:01:28.694 10869-10905 CatalogSyncScheduler    com.fishit.player.v2                 D  Scheduling periodic incremental sync every 2 hours
2026-01-28 13:01:28.697 10869-10907 NxCatalogWriter         com.fishit.player.v2                 D  Ingested: live:de-kabel-1-classics:live (source: src:xtream:xtream:Xtream Live:live:xtream:live:82750)
2026-01-28 13:01:28.706 10869-10905 CatalogSyncScheduler    com.fishit.player.v2                 I  Periodic incremental sync scheduled: every 2 hours
2026-01-28 13:01:28.706 10869-10905 CatalogSyncBootstrap    com.fishit.player.v2                 I  Periodic incremental sync scheduled: every 2h
2026-01-28 13:01:28.715 10869-10920 WM-SystemJobScheduler   com.fishit.player.v2                 D  Scheduling work ID e62a3b71-4082-464b-b7ad-19a913ac7cf7Job ID 3
2026-01-28 13:01:28.718 10869-10905 NxCatalogWriter         com.fishit.player.v2                 D  Ingested: series:fear-the-walking-dead:unknown (source: src:xtream:xtream:Xtream Series:series:xtream:series:1007)
2026-01-28 13:01:28.720 10869-10907 NxCatalogWriter         com.fishit.player.v2                 D  Ingested: live:de-kabel-1-classics-fhd:live (source: src:xtream:xtream:Xtream Live:live:xtream:live:82751)
2026-01-28 13:01:28.730 10869-10903 NxCatalogWriter         com.fishit.player.v2                 D  Ingested: series:lupin:unknown (source: src:xtream:xtream:Xtream Series:series:xtream:series:1009)
2026-01-28 13:01:28.731 10869-10920 WM-GreedyScheduler      com.fishit.player.v2                 D  Starting work for e62a3b71-4082-464b-b7ad-19a913ac7cf7
2026-01-28 13:01:28.733 10869-10869 WM-SystemJobService     com.fishit.player.v2                 D  onStartJob for WorkGenerationalId(workSpecId=e62a3b71-4082-464b-b7ad-19a913ac7cf7, generation=0)
2026-01-28 13:01:28.737 10869-10903 NxCatalogWriter         com.fishit.player.v2                 D  Ingested: live:de-rtl-nitro-fhd:live (source: src:xtream:xtream:Xtream Live:live:xtream:live:48835)
2026-01-28 13:01:28.741 10869-10905 NxCatalogWriter         com.fishit.player.v2                 D  Ingested: series:el-chapo:unknown (source: src:xtream:xtream:Xtream Series:series:xtream:series:1013)
2026-01-28 13:01:28.772 10869-11107 NxCatalogWriter         com.fishit.player.v2                 D  Ingested: live:de-rtl-nitro:live (source: src:xtream:xtream:Xtream Live:live:xtream:live:1809)
2026-01-28 13:01:28.777 10869-10900 NxCatalogWriter         com.fishit.player.v2                 D  Ingested: series:wandavision:unknown (source: src:xtream:xtream:Xtream Series:series:xtream:series:1017)
2026-01-28 13:01:28.777 10869-10920 WM-SystemJobScheduler   com.fishit.player.v2                 D  Scheduling work ID 59a8dcf7-b332-4b89-9c7b-49f85756e6e1Job ID 4
2026-01-28 13:01:28.793 10869-10869 WM-SystemJobService     com.fishit.player.v2                 D  onStartJob for WorkGenerationalId(workSpecId=59a8dcf7-b332-4b89-9c7b-49f85756e6e1, generation=0)
2026-01-28 13:01:28.793 10869-10920 WM-GreedyScheduler      com.fishit.player.v2                 D  Starting tracking for 59a8dcf7-b332-4b89-9c7b-49f85756e6e1
2026-01-28 13:01:28.798 10869-11107 NxCatalogWriter         com.fishit.player.v2                 D  Ingested: live:de-rtl-passion-fhd:live (source: src:xtream:xtream:Xtream Live:live:xtream:live:49201)
2026-01-28 13:01:28.798 10869-10920 WM-Processor            com.fishit.player.v2                 D  Processor: processing WorkGenerationalId(workSpecId=e62a3b71-4082-464b-b7ad-19a913ac7cf7, generation=0)
2026-01-28 13:01:28.801 10869-10920 WM-Processor            com.fishit.player.v2                 D  Work WorkGenerationalId(workSpecId=e62a3b71-4082-464b-b7ad-19a913ac7cf7, generation=0) is already enqueued for processing
2026-01-28 13:01:28.803 10869-10900 NxCatalogWriter         com.fishit.player.v2                 D  Ingested: series:gangs-of-london:unknown (source: src:xtream:xtream:Xtream Series:series:xtream:series:1022)
2026-01-28 13:01:28.811 10869-10920 WM-Processor            com.fishit.player.v2                 D  Processor: processing WorkGenerationalId(workSpecId=59a8dcf7-b332-4b89-9c7b-49f85756e6e1, generation=0)
2026-01-28 13:01:28.814 10869-10907 NxCatalogWriter         com.fishit.player.v2                 D  Ingested: series:the-walking-dead-world-beyond:unknown (source: src:xtream:xtream:Xtream Series:series:xtream:series:1031)
2026-01-28 13:01:28.820 10869-10869 WM-WorkerWrapper        com.fishit.player.v2                 D  Starting work for com.fishit.player.v2.work.CatalogSyncOrchestratorWorker
2026-01-28 13:01:28.821 10869-10903 CatalogSyn...atorWorker com.fishit.player.v2                 I  START sync_run_id=4d20409c-9899-416e-b530-a2709fc9d38a mode=auto
2026-01-28 13:01:28.824 10869-10903 RuntimeGuards           com.fishit.player.v2                 D  Manual sync (auto) - skipping battery guard (level=100%)
2026-01-28 13:01:28.825 10869-10903 CatalogSyn...atorWorker com.fishit.player.v2                 I  Active sources check: [XTREAM] (isEmpty=false)
2026-01-28 13:01:28.825 10869-10903 CatalogSyn...atorWorker com.fishit.player.v2                 D  Active sources: [XTREAM] (TELEGRAM=false, XTREAM=true, IO=false)
2026-01-28 13:01:28.827 10869-10869 WM-WorkerWrapper        com.fishit.player.v2                 D  Starting work for com.fishit.player.v2.work.CatalogSyncOrchestratorWorker
2026-01-28 13:01:28.827 10869-10907 CatalogSyn...atorWorker com.fishit.player.v2                 I  START sync_run_id=periodic_1769601688703 mode=incremental
2026-01-28 13:01:28.830 10869-10907 RuntimeGuards           com.fishit.player.v2                 D  Manual sync (incremental) - skipping battery guard (level=100%)
2026-01-28 13:01:28.830 10869-10907 CatalogSyn...atorWorker com.fishit.player.v2                 I  Active sources check: [XTREAM] (isEmpty=false)
2026-01-28 13:01:28.831 10869-10907 CatalogSyn...atorWorker com.fishit.player.v2                 D  Active sources: [XTREAM] (TELEGRAM=false, XTREAM=true, IO=false)
2026-01-28 13:01:28.832 10869-10903 CatalogSyn...atorWorker com.fishit.player.v2                 D  Enqueued Xtream chain: work_name=catalog_sync_global_xtream policy=KEEP workers=2
2026-01-28 13:01:28.833 10869-10920 WM-ConstraintTracker    com.fishit.player.v2                 D  BatteryNotLowTracker: initial state = true
2026-01-28 13:01:28.833 10869-10903 CatalogSyn...atorWorker com.fishit.player.v2                 D  Telegram not in active sources - skipping Telegram workers
2026-01-28 13:01:28.833 10869-10920 WM-BrdcstRcvrCnstrntTrc com.fishit.player.v2                 D  BatteryNotLowTracker: registering receiver
2026-01-28 13:01:28.833 10869-11112 NxCatalogWriter         com.fishit.player.v2                 D  Ingested: series:attack-on-titan:unknown (source: src:xtream:xtream:Xtream Series:series:xtream:series:1032)
2026-01-28 13:01:28.834 10869-10903 CatalogSyn...atorWorker com.fishit.player.v2                 D  📊 WorkInfo chains enqueued:
                                                                                                      [XTREAM] work_name=catalog_sync_global_xtream → ENQUEUED
                                                                                                      Use 'adb shell dumpsys jobscheduler' or WorkManager Inspector for detailed state
2026-01-28 13:01:28.836 10869-10903 CatalogSyn...atorWorker com.fishit.player.v2                 I  CHAINS_ENQUEUED duration_ms=14 policy=KEEP sources=XTREAM (downstream workers will report completion)
2026-01-28 13:01:28.836 10869-10907 CatalogSyn...atorWorker com.fishit.player.v2                 D  Enqueued Xtream chain: work_name=catalog_sync_global_xtream policy=KEEP workers=2
2026-01-28 13:01:28.837 10869-10905 NxCatalogWriter         com.fishit.player.v2                 D  Ingested: live:de-rtl-passion:live (source: src:xtream:xtream:Xtream Live:live:xtream:live:1813)
2026-01-28 13:01:28.838 10869-10907 CatalogSyn...atorWorker com.fishit.player.v2                 D  Telegram not in active sources - skipping Telegram workers
2026-01-28 13:01:28.839 10869-10907 CatalogSyn...atorWorker com.fishit.player.v2                 D  📊 WorkInfo chains enqueued:
                                                                                                      [XTREAM] work_name=catalog_sync_global_xtream → ENQUEUED
                                                                                                      Use 'adb shell dumpsys jobscheduler' or WorkManager Inspector for detailed state
2026-01-28 13:01:28.841 10869-10907 CatalogSyn...atorWorker com.fishit.player.v2                 I  CHAINS_ENQUEUED duration_ms=14 policy=KEEP sources=XTREAM (downstream workers will report completion)
2026-01-28 13:01:28.846 10869-10920 WM-ConstraintTracker    com.fishit.player.v2                 D  NetworkStateTracker24: initial state = NetworkState(isConnected=true, isValidated=true, isMetered=true, isNotRoaming=true)
2026-01-28 13:01:28.846 10869-10920 WM-NetworkStateTracker  com.fishit.player.v2                 D  Registering network callback
2026-01-28 13:01:28.848 10869-10903 NxCatalogWriter         com.fishit.player.v2                 D  Ingested: series:die-garde-der-l-wen:unknown (source: src:xtream:xtream:Xtream Series:series:xtream:series:1033)
2026-01-28 13:01:28.851 10869-10920 ConnectivityManager     com.fishit.player.v2                 D  StackLog: [android.net.ConnectivityManager.sendRequestForNetwork(ConnectivityManager.java:4402)] [android.net.ConnectivityManager.registerDefaultNetworkCallbackForUid(ConnectivityManager.java:4966)] [android.net.ConnectivityManager.registerDefaultNetworkCallback(ConnectivityManager.java:4933)] [android.net.ConnectivityManager.registerDefaultNetworkCallback(ConnectivityManager.java:4907)] [androidx.work.impl.utils.NetworkApi24.registerDefaultNetworkCallbackCompat(NetworkApi24.kt:26)] [androidx.work.impl.constraints.trackers.NetworkStateTracker24.startTracking(NetworkStateTracker.kt:165)] [androidx.work.impl.constraints.trackers.ConstraintTracker.addListener(ConstraintTracker.kt:52)] [androidx.work.impl.constraints.controllers.BaseConstraintController$track$1.invokeSuspend(ContraintControllers.kt:62)] [androidx.work.impl.constraints.controllers.BaseConstraintController$track$1.invoke(Unknown Source:8)] [androidx.work.impl.constraints.controllers.BaseConstraintController$track$1.invoke(Unknown Source:4)] [kotlinx.coroutines.flow.ChannelFlowBuilder.collectTo$suspendImpl(Builders.kt:316)] [kotlinx.coroutines.flow.ChannelFlowBuilder.collectTo(Unknown Source:0)] [kotlinx.coroutines.flow.CallbackFlowBuilder.collectTo(Builders.kt:330)] [kotlinx.coroutines.flow.internal.ChannelFlow$collectToFun$1.invokeSuspend(ChannelFlow.kt:56)] [kotlin.coroutines.jvm.internal.BaseContinuationImpl.resumeWith(ContinuationImpl.kt:34)] [kotlinx.coroutines.DispatchedTask.run(DispatchedTask.kt:100)] [androidx.work.impl.utils.SerialExecutorImpl$Task.run(SerialExecutorImpl.java:96)] [java.util.concurrent.ThreadPoolExecutor.runWorker(ThreadPoolExecutor.java:1145)] [java.util.concurrent.ThreadPoolExecutor$Worker.run(ThreadPoolExecutor.java:644)] [java.lang.Thread.run(Thread.java:1012)]
2026-01-28 13:01:28.854 10869-10907 NxCatalogWriter         com.fishit.player.v2                 D  Ingested: live:de-rtl-living-fhd:live (source: src:xtream:xtream:Xtream Live:live:xtream:live:49199)
2026-01-28 13:01:28.865 10869-10920 WM-EnqueueRunnable      com.fishit.player.v2                 E  Prerequisite 33b9fa9e-81d9-4684-994c-54dc43c88758 doesn't exist; not enqueuing
2026-01-28 13:01:28.865 10869-11138 WM-NetworkStateTracker  com.fishit.player.v2                 D  Network capabilities changed: [ Transports: CELLULAR Capabilities: SUPL&INTERNET&NOT_RESTRICTED&TRUSTED&NOT_VPN&VALIDATED&NOT_ROAMING&FOREGROUND&NOT_CONGESTED&NOT_SUSPENDED&NOT_VCN_MANAGED LinkUpBandwidth>=23185Kbps LinkDnBandwidth>=35187Kbps Specifier: <TelephonyNetworkSpecifier [mSubId = 1]> SubscriptionIds: {1} UnderlyingNetworks: Null]
2026-01-28 13:01:28.868 10869-10920 WM-EnqueueRunnable      com.fishit.player.v2                 E  Prerequisite d088ee41-24dd-4078-b1ea-965fd3ff2eae doesn't exist; not enqueuing
2026-01-28 13:01:28.870 10869-10920 WM-WorkerWrapper        com.fishit.player.v2                 I  Worker result SUCCESS for Work [ id=e62a3b71-4082-464b-b7ad-19a913ac7cf7, tags={ com.fishit.player.v2.work.CatalogSyncOrchestratorWorker,catalog_sync,mode_auto,worker/CatalogSyncOrchestratorWorker } ]
2026-01-28 13:01:28.873 10869-10869 WM-Processor            com.fishit.player.v2                 D  Processor e62a3b71-4082-464b-b7ad-19a913ac7cf7 executed; reschedule = false
2026-01-28 13:01:28.873 10869-10869 WM-SystemJobService     com.fishit.player.v2                 D  e62a3b71-4082-464b-b7ad-19a913ac7cf7 executed on JobScheduler
2026-01-28 13:01:28.875 10869-10920 WM-WorkerWrapper        com.fishit.player.v2                 I  Worker result SUCCESS for Work [ id=59a8dcf7-b332-4b89-9c7b-49f85756e6e1, tags={ com.fishit.player.v2.work.CatalogSyncOrchestratorWorker,catalog_sync,mode_incremental,worker/CatalogSyncOrchestratorWorker } ]
2026-01-28 13:01:28.878 10869-10903 NxCatalogWriter         com.fishit.player.v2                 D  Ingested: series:bob-der-baumeister-helme-auf-und-los:unknown (source: src:xtream:xtream:Xtream Series:series:xtream:series:1034)
2026-01-28 13:01:28.879 10869-10869 WM-Processor            com.fishit.player.v2                 D  Processor 59a8dcf7-b332-4b89-9c7b-49f85756e6e1 executed; reschedule = false
2026-01-28 13:01:28.879 10869-10869 WM-GreedyScheduler      com.fishit.player.v2                 D  Stopping tracking for WorkGenerationalId(workSpecId=59a8dcf7-b332-4b89-9c7b-49f85756e6e1, generation=0)
2026-01-28 13:01:28.882 10869-10869 WM-SystemJobService     com.fishit.player.v2                 D  59a8dcf7-b332-4b89-9c7b-49f85756e6e1 executed on JobScheduler
2026-01-28 13:01:28.883 10869-10921 WM-GreedyScheduler      com.fishit.player.v2                 D  Cancelling work ID e62a3b71-4082-464b-b7ad-19a913ac7cf7
2026-01-28 13:01:28.888 10869-10901 NxCatalogWriter         com.fishit.player.v2                 D  Ingested: live:de-rtl-living:live (source: src:xtream:xtream:Xtream Live:live:xtream:live:1812)
2026-01-28 13:01:28.889 10869-10907 NxCatalogWriter         com.fishit.player.v2                 D  Ingested: series:50m2:unknown (source: src:xtream:xtream:Xtream Series:series:xtream:series:1045)
2026-01-28 13:01:28.894 10869-10921 WM-SystemJobScheduler   com.fishit.player.v2                 D  Scheduling work ID 59a8dcf7-b332-4b89-9c7b-49f85756e6e1Job ID 4
2026-01-28 13:01:28.909 10869-10921 WM-GreedyScheduler      com.fishit.player.v2                 D  Cancelling work ID 59a8dcf7-b332-4b89-9c7b-49f85756e6e1
2026-01-28 13:01:28.915 10869-10921 WM-BrdcstRcvrCnstrntTrc com.fishit.player.v2                 D  BatteryNotLowTracker: unregistering receiver
2026-01-28 13:01:28.918 10869-10921 WM-NetworkStateTracker  com.fishit.player.v2                 D  Unregistering network callback
2026-01-28 13:01:28.919 10869-10921 ConnectivityManager     com.fishit.player.v2                 D  StackLog: [android.net.ConnectivityManager.unregisterNetworkCallback(ConnectivityManager.java:5076)] [androidx.work.impl.utils.NetworkApi21.unregisterNetworkCallbackCompat(NetworkApi21.kt:28)] [androidx.work.impl.constraints.trackers.NetworkStateTracker24.stopTracking(NetworkStateTracker.kt:180)] [androidx.work.impl.constraints.trackers.ConstraintTracker.removeListener(ConstraintTracker.kt:67)] [androidx.work.impl.constraints.controllers.BaseConstraintController$track$1$1.invoke(ContraintControllers.kt:63)] [androidx.work.impl.constraints.controllers.BaseConstraintController$track$1$1.invoke(ContraintControllers.kt:63)] [kotlinx.coroutines.channels.ProduceKt.awaitClose(Produce.kt:69)] [kotlinx.coroutines.channels.ProduceKt$awaitClose$1.invokeSuspend(Unknown Source:13)] [kotlin.coroutines.jvm.internal.BaseContinuationImpl.resumeWith(ContinuationImpl.kt:34)] [kotlinx.coroutines.DispatchedTask.run(DispatchedTask.kt:98)] [androidx.work.impl.utils.SerialExecutorImpl$Task.run(SerialExecutorImpl.java:96)] [java.util.concurrent.ThreadPoolExecutor.runWorker(ThreadPoolExecutor.java:1145)] [java.util.concurrent.ThreadPoolExecutor$Worker.run(ThreadPoolExecutor.java:644)] [java.lang.Thread.run(Thread.java:1012)]
2026-01-28 13:01:28.920 10869-10907 NxCatalogWriter         com.fishit.player.v2                 D  Ingested: series:she-ra-und-die-rebellen-prinzessinnen:unknown (source: src:xtream:xtream:Xtream Series:series:xtream:series:1048)
2026-01-28 13:01:28.926 10869-10905 NxCatalogWriter         com.fishit.player.v2                 D  Ingested: live:de-rtl-up:live (source: src:xtream:xtream:Xtream Live:live:xtream:live:67324)
2026-01-28 13:01:28.929 10869-10905 NxCatalogWriter         com.fishit.player.v2                 D  Ingested: series:bonding:unknown (source: src:xtream:xtream:Xtream Series:series:xtream:series:1049)
2026-01-28 13:01:28.938 10869-10901 NxCatalogWriter         com.fishit.player.v2                 D  Ingested: series:riviera:unknown (source: src:xtream:xtream:Xtream Series:series:xtream:series:1067)
2026-01-28 13:01:28.984 10869-11112 NxCatalogWriter         com.fishit.player.v2                 D  Ingested: live:de-tlc:live (source: src:xtream:xtream:Xtream Live:live:xtream:live:7234)
2026-01-28 13:01:29.033 10869-10901 NxCatalogWriter         com.fishit.player.v2                 D  Ingested: series:the-crew:unknown (source: src:xtream:xtream:Xtream Series:series:xtream:series:1074)
2026-01-28 13:01:29.049 10869-11112 NxCatalogWriter         com.fishit.player.v2                 D  Ingested: series:nick-f-r-ungut:unknown (source: src:xtream:xtream:Xtream Series:series:xtream:series:1086)
2026-01-28 13:01:29.057 10869-10901 NxCatalogWriter         com.fishit.player.v2                 D  Ingested: live:de-tlc-fhd:live (source: src:xtream:xtream:Xtream Live:live:xtream:live:114728)
2026-01-28 13:01:29.059 10869-11112 NxCatalogWriter         com.fishit.player.v2                 D  Ingested: series:startup:unknown (source: src:xtream:xtream:Xtream Series:series:xtream:series:1087)
2026-01-28 13:01:29.067 10869-11112 NxCatalogWriter         com.fishit.player.v2                 D  Ingested: series:true-detective:unknown (source: src:xtream:xtream:Xtream Series:series:xtream:series:1092)
2026-01-28 13:01:29.122 10869-10905 NxCatalogWriter         com.fishit.player.v2                 D  Ingested: live:de-sixx-fhd:live (source: src:xtream:xtream:Xtream Live:live:xtream:live:1825)
2026-01-28 13:01:29.128 10869-10901 NxCatalogWriter         com.fishit.player.v2                 D  Ingested: series:alle-hassen-chris:unknown (source: src:xtream:xtream:Xtream Series:series:xtream:series:1093)
2026-01-28 13:01:29.134 10869-10898 ishit.player.v2         com.fishit.player.v2                 I  Explicit concurrent copying GC freed 1307561(45MB) AllocSpace objects, 9(336KB) LOS objects, 49% free, 21MB/43MB, paused 145us,42us total 136.488ms
2026-01-28 13:01:29.138 10869-10901 NxCatalogWriter         com.fishit.player.v2                 D  Ingested: live:de-sixx:live (source: src:xtream:xtream:Xtream Live:live:xtream:live:49204)
2026-01-28 13:01:29.139 10869-10905 NxCatalogWriter         com.fishit.player.v2                 D  Ingested: series:tribes-of-europa:unknown (source: src:xtream:xtream:Xtream Series:series:xtream:series:1096)
2026-01-28 13:01:29.147 10869-10907 NxCatalogWriter         com.fishit.player.v2                 D  Ingested: series:amend-the-fight-for-america:unknown (source: src:xtream:xtream:Xtream Series:series:xtream:series:1097)
2026-01-28 13:01:29.149 10869-10903 NxCatalogWriter         com.fishit.player.v2                 D  Ingested: live:de-anixe:live (source: src:xtream:xtream:Xtream Live:live:xtream:live:38367)
2026-01-28 13:01:29.160 10869-10907 NxCatalogWriter         com.fishit.player.v2                 D  Ingested: series:game-of-thrones:unknown (source: src:xtream:xtream:Xtream Series:series:xtream:series:1098)
2026-01-28 13:01:29.162 10869-11107 NxCatalogWriter         com.fishit.player.v2                 D  Ingested: live:de-anixe-fhd:live (source: src:xtream:xtream:Xtream Live:live:xtream:live:114747)
2026-01-28 13:01:29.185 10869-11112 NxCatalogWriter         com.fishit.player.v2                 D  Ingested: series:gomorrha:unknown (source: src:xtream:xtream:Xtream Series:series:xtream:series:1104)
2026-01-28 13:01:29.190 10869-10907 NxCatalogWriter         com.fishit.player.v2                 D  Ingested: live:de-anixe-plus:live (source: src:xtream:xtream:Xtream Live:live:xtream:live:38366)
2026-01-28 13:01:29.194 10869-11107 NxCatalogWriter         com.fishit.player.v2                 D  Ingested: series:star-crossed:unknown (source: src:xtream:xtream:Xtream Series:series:xtream:series:1105)
2026-01-28 13:01:29.202 10869-10901 NxCatalogWriter         com.fishit.player.v2                 D  Ingested: series:nashville:unknown (source: src:xtream:xtream:Xtream Series:series:xtream:series:1106)
2026-01-28 13:01:29.238 10869-10905 NxCatalogWriter         com.fishit.player.v2                 D  Ingested: live:de-arte-fhd:live (source: src:xtream:xtream:Xtream Live:live:xtream:live:49205)
2026-01-28 13:01:29.242 10869-11112 NxCatalogWriter         com.fishit.player.v2                 D  Ingested: series:mistresses:unknown (source: src:xtream:xtream:Xtream Series:series:xtream:series:1107)
2026-01-28 13:01:29.251 10869-11107 NxCatalogWriter         com.fishit.player.v2                 D  Ingested: series:mr-robot:unknown (source: src:xtream:xtream:Xtream Series:series:xtream:series:1108)
2026-01-28 13:01:29.253 10869-10907 NxCatalogWriter         com.fishit.player.v2                 D  Ingested: live:de-arte:live (source: src:xtream:xtream:Xtream Live:live:xtream:live:1828)
2026-01-28 13:01:29.293 10869-11112 NxCatalogWriter         com.fishit.player.v2                 D  Ingested: series:fate-the-winx-saga:unknown (source: src:xtream:xtream:Xtream Series:series:xtream:series:1109)
2026-01-28 13:01:29.299 10869-10905 NxCatalogWriter         com.fishit.player.v2                 D  Ingested: live:de-heimatkanal:live (source: src:xtream:xtream:Xtream Live:live:xtream:live:33003)
2026-01-28 13:01:29.306 10869-10901 NxCatalogWriter         com.fishit.player.v2                 D  Ingested: series:wir-kinder-vom-bahnhof-zoo:unknown (source: src:xtream:xtream:Xtream Series:series:xtream:series:1111)
2026-01-28 13:01:29.353 10869-11107 NxCatalogWriter         com.fishit.player.v2                 D  Ingested: live:de-heimatkanal:live (source: src:xtream:xtream:Xtream Live:live:xtream:live:175125)
2026-01-28 13:01:29.363 10869-10907 NxCatalogWriter         com.fishit.player.v2                 D  Ingested: series:kojak:unknown (source: src:xtream:xtream:Xtream Series:series:xtream:series:1112)
2026-01-28 13:01:29.373 10869-10905 NxCatalogWriter         com.fishit.player.v2                 D  Ingested: series:for-life:unknown (source: src:xtream:xtream:Xtream Series:series:xtream:series:1114)
2026-01-28 13:01:29.376 10869-10900 NxCatalogWriter         com.fishit.player.v2                 D  Ingested: live:de-romance-tv:live (source: src:xtream:xtream:Xtream Live:live:xtream:live:33001)
2026-01-28 13:01:29.413 10869-10900 NxCatalogWriter         com.fishit.player.v2                 D  Ingested: series:vindication:unknown (source: src:xtream:xtream:Xtream Series:series:xtream:series:1115)
2026-01-28 13:01:29.420 10869-10905 NxCatalogWriter         com.fishit.player.v2                 D  Ingested: live:de-romance-tv-backup:live (source: src:xtream:xtream:Xtream Live:live:xtream:live:319009)
2026-01-28 13:01:29.427 10869-11112 NxCatalogWriter         com.fishit.player.v2                 D  Ingested: series:godless:unknown (source: src:xtream:xtream:Xtream Series:series:xtream:series:1141)
2026-01-28 13:01:29.428 10869-11112 CatalogSyncService      com.fishit.player.v2                 D  Xtream batch complete (HOT PATH/NX): ingested=200 total_ms=3932
2026-01-28 13:01:29.429 10869-11112 SyncPerfMetrics         com.fishit.player.v2                 D  Phase SERIES started
2026-01-28 13:01:29.430 10869-11112 XtreamCatalogScanWorker com.fishit.player.v2                 D  PROGRESS discovered=428 persisted=200 phase=SERIES
2026-01-28 13:01:29.445 10869-11112 XtreamCatalogScanWorker com.fishit.player.v2                 D  PROGRESS discovered=500 persisted=200 phase=null
2026-01-28 13:01:29.455 10869-11112 SyncPerfMetrics         com.fishit.player.v2                 D  Phase SERIES started
2026-01-28 13:01:29.456 10869-11112 XtreamCatalogScanWorker com.fishit.player.v2                 D  PROGRESS discovered=568 persisted=200 phase=SERIES
2026-01-28 13:01:29.459 10869-11112 XtreamCatalogScanWorker com.fishit.player.v2                 D  PROGRESS discovered=600 persisted=200 phase=null
2026-01-28 13:01:29.460 10869-10901 NxCatalogWriter         com.fishit.player.v2                 D  Ingested: live:de-3sat:live (source: src:xtream:xtream:Xtream Live:live:xtream:live:24226)
2026-01-28 13:01:29.476 10869-10907 NxCatalogWriter         com.fishit.player.v2                 D  Ingested: live:de-mdr:live (source: src:xtream:xtream:Xtream Live:live:xtream:live:33022)
2026-01-28 13:01:29.477 10869-11112 XtreamCatalogScanWorker com.fishit.player.v2                 D  PROGRESS discovered=700 persisted=200 phase=null
2026-01-28 13:01:29.490 10869-10901 SyncPerfMetrics         com.fishit.player.v2                 D  Phase MOVIES started
2026-01-28 13:01:29.491 10869-10901 XtreamCatalogScanWorker com.fishit.player.v2                 D  PROGRESS discovered=769 persisted=200 phase=VOD
2026-01-28 13:01:29.494 10869-10901 XtreamCatalogScanWorker com.fishit.player.v2                 D  PROGRESS discovered=800 persisted=200 phase=null
2026-01-28 13:01:29.497 10869-11112 NxCatalogWriter         com.fishit.player.v2                 D  Ingested: live:de-mdr-sachsen-anhalt-raw:live (source: src:xtream:xtream:Xtream Live:live:xtream:live:174035)
2026-01-28 13:01:29.498 10869-10901 SyncBatchManager        com.fishit.player.v2                 D  Flushing SERIES batch: 200 items (timeBased=false)
2026-01-28 13:01:29.498 10869-10901 CatalogSyncService      com.fishit.player.v2                 D  Persisting Xtream catalog batch (NX-ONLY): 200 items (canonical_linking=false)
2026-01-28 13:01:29.505 10869-10907 NxCatalogWriter         com.fishit.player.v2                 D  Ingested: series:the-son:unknown (source: src:xtream:xtream:Xtream Series:series:xtream:series:1142)
2026-01-28 13:01:29.506 10869-11107 NxCatalogWriter         com.fishit.player.v2                 D  Ingested: live:de-sachseneins:live (source: src:xtream:xtream:Xtream Live:live:xtream:live:186389)
2026-01-28 13:01:29.512 10869-10903 NxCatalogWriter         com.fishit.player.v2                 D  Ingested: series:losing-alice:unknown (source: src:xtream:xtream:Xtream Series:series:xtream:series:1145)
2026-01-28 13:01:29.566 10869-10904 NxCatalogWriter         com.fishit.player.v2                 D  Ingested: live:de-swr-bw:live (source: src:xtream:xtream:Xtream Live:live:xtream:live:342792)
2026-01-28 13:01:29.573 10869-10907 NxCatalogWriter         com.fishit.player.v2                 D  Ingested: series:hunters:unknown (source: src:xtream:xtream:Xtream Series:series:xtream:series:1146)
2026-01-28 13:01:29.575 10869-10901 NxCatalogWriter         com.fishit.player.v2                 D  Ingested: live:de-swr-rp:live (source: src:xtream:xtream:Xtream Live:live:xtream:live:24680)
2026-01-28 13:01:29.615 10869-10904 NxCatalogWriter         com.fishit.player.v2                 D  Ingested: series:the-outsider:unknown (source: src:xtream:xtream:Xtream Series:series:xtream:series:1147)
2026-01-28 13:01:29.622 10869-11109 NxCatalogWriter         com.fishit.player.v2                 D  Ingested: live:de-ndr:live (source: src:xtream:xtream:Xtream Live:live:xtream:live:24682)
2026-01-28 13:01:29.625 10869-11107 NxCatalogWriter         com.fishit.player.v2                 D  Ingested: series:der-brief-f-r-den-k-nig:unknown (source: src:xtream:xtream:Xtream Series:series:xtream:series:1148)
2026-01-28 13:01:29.632 10869-11109 NxCatalogWriter         com.fishit.player.v2                 D  Ingested: series:two-weeks-to-live:unknown (source: src:xtream:xtream:Xtream Series:series:xtream:series:1153)
2026-01-28 13:01:29.659 10869-10907 NxCatalogWriter         com.fishit.player.v2                 D  Ingested: live:de-ndr-schleswig-holstein:live (source: src:xtream:xtream:Xtream Live:live:xtream:live:361560)
2026-01-28 13:01:29.665 10869-11107 NxCatalogWriter         com.fishit.player.v2                 D  Ingested: series:snowpiercer:unknown (source: src:xtream:xtream:Xtream Series:series:xtream:series:1154)
2026-01-28 13:01:29.673 10869-11109 NxCatalogWriter         com.fishit.player.v2                 D  Ingested: live:de-ndr-hamburg:live (source: src:xtream:xtream:Xtream Live:live:xtream:live:361561)
2026-01-28 13:01:29.674 10869-10904 NxCatalogWriter         com.fishit.player.v2                 D  Ingested: series:the-baker-and-the-beauty:unknown (source: src:xtream:xtream:Xtream Series:series:xtream:series:1155)
2026-01-28 13:01:29.714 10869-11107 NxCatalogWriter         com.fishit.player.v2                 D  Ingested: series:sky-rojo:unknown (source: src:xtream:xtream:Xtream Series:series:xtream:series:1163)
2026-01-28 13:01:29.718 10869-10901 NxCatalogWriter         com.fishit.player.v2                 D  Ingested: live:de-ndr-mv:live (source: src:xtream:xtream:Xtream Live:live:xtream:live:732183)
2026-01-28 13:01:29.725 10869-10904 NxCatalogWriter         com.fishit.player.v2                 D  Ingested: series:the-falcon-and-the-winter-soldier:unknown (source: src:xtream:xtream:Xtream Series:series:xtream:series:1164)
2026-01-28 13:01:29.774 10869-11109 NxCatalogWriter         com.fishit.player.v2                 D  Ingested: series:alex-rider:unknown (source: src:xtream:xtream:Xtream Series:series:xtream:series:1168)
2026-01-28 13:01:29.779 10869-11107 NxCatalogWriter         com.fishit.player.v2                 D  Ingested: live:de-rbb:live (source: src:xtream:xtream:Xtream Live:live:xtream:live:24683)
2026-01-28 13:01:29.785 10869-10903 NxCatalogWriter         com.fishit.player.v2                 D  Ingested: series:beyblade:unknown (source: src:xtream:xtream:Xtream Series:series:xtream:series:1171)
2026-01-28 13:01:29.809 10869-10903 NxCatalogWriter         com.fishit.player.v2                 D  Ingested: series:la-templanza:unknown (source: src:xtream:xtream:Xtream Series:series:xtream:series:1182)
2026-01-28 13:01:29.814 10869-10869 ViewRootIm...nActivity] com.fishit.player.v2                 I  ViewPostIme pointer 0
2026-01-28 13:01:29.819 10869-10901 NxCatalogWriter         com.fishit.player.v2                 D  Ingested: live:de-rbb-berlin:live (source: src:xtream:xtream:Xtream Live:live:xtream:live:744404)
2026-01-28 13:01:29.823 10869-10901 NxCatalogWriter         com.fishit.player.v2                 D  Ingested: series:das-hausboot:unknown (source: src:xtream:xtream:Xtream Series:series:xtream:series:1183)
2026-01-28 13:01:29.831 10869-10903 NxCatalogWriter         com.fishit.player.v2                 D  Ingested: series:die-toten-von-marnow:unknown (source: src:xtream:xtream:Xtream Series:series:xtream:series:1184)
2026-01-28 13:01:29.840 10869-10907 NxCatalogWriter         com.fishit.player.v2                 D  Ingested: series:g-sta:unknown (source: src:xtream:xtream:Xtream Series:series:xtream:series:1186)
2026-01-28 13:01:29.844 10869-11109 NxCatalogWriter         com.fishit.player.v2                 D  Ingested: live:de-rbb-brandenburg:live (source: src:xtream:xtream:Xtream Live:live:xtream:live:67336)
2026-01-28 13:01:29.849 10869-10907 NxCatalogWriter         com.fishit.player.v2                 D  Ingested: series:knightfall:unknown (source: src:xtream:xtream:Xtream Series:series:xtream:series:1188)
2026-01-28 13:01:29.881 10869-11107 NxCatalogWriter         com.fishit.player.v2                 D  Ingested: live:de-br:live (source: src:xtream:xtream:Xtream Live:live:xtream:live:33024)
2026-01-28 13:01:29.882 10869-10907 NxCatalogWriter         com.fishit.player.v2                 D  Ingested: series:homeland:unknown (source: src:xtream:xtream:Xtream Series:series:xtream:series:1207)
2026-01-28 13:01:29.891 10869-10907 NxCatalogWriter         com.fishit.player.v2                 D  Ingested: series:power-rangers-dino-charge:unknown (source: src:xtream:xtream:Xtream Series:series:xtream:series:1210)
2026-01-28 13:01:29.894 10869-10901 NxCatalogWriter         com.fishit.player.v2                 D  Ingested: live:de-sonneklar-tv:live (source: src:xtream:xtream:Xtream Live:live:xtream:live:38362)
2026-01-28 13:01:29.923 10869-11109 NxCatalogWriter         com.fishit.player.v2                 D  Ingested: series:the-pembrokeshire-murders:unknown (source: src:xtream:xtream:Xtream Series:series:xtream:series:1213)
2026-01-28 13:01:29.930 10869-10869 ViewRootIm...nActivity] com.fishit.player.v2                 I  ViewPostIme pointer 1
2026-01-28 13:01:29.931 10869-11107 NxCatalogWriter         com.fishit.player.v2                 D  Ingested: live:de-df1-fhd:live (source: src:xtream:xtream:Xtream Live:live:xtream:live:748626)
2026-01-28 13:01:29.935 10869-10901 NxCatalogWriter         com.fishit.player.v2                 D  Ingested: series:king-julien:unknown (source: src:xtream:xtream:Xtream Series:series:xtream:series:1216)
2026-01-28 13:01:29.968 10869-10901 NxCatalogWriter         com.fishit.player.v2                 D  Ingested: live:de-servus-tv-fhd:live (source: src:xtream:xtream:Xtream Live:live:xtream:live:67325)
2026-01-28 13:01:29.969 10869-10903 NxCatalogWriter         com.fishit.player.v2                 D  Ingested: series:baymax-robowabohu-in-serie:unknown (source: src:xtream:xtream:Xtream Series:series:xtream:series:1217)
2026-01-28 13:01:29.977 10869-10904 NxCatalogWriter         com.fishit.player.v2                 D  Ingested: series:big-hero-6-the-series:unknown (source: src:xtream:xtream:Xtream Series:series:xtream:series:1218)
2026-01-28 13:01:29.979 10869-10901 NxCatalogWriter         com.fishit.player.v2                 D  Ingested: live:de-servus-tv:live (source: src:xtream:xtream:Xtream Live:live:xtream:live:123268)
2026-01-28 13:01:29.986 10869-10869 Compatibil...geReporter com.fishit.player.v2                 D  Compat change id reported: 171228096; UID 10457; state: ENABLED
2026-01-28 13:01:30.010 10869-10903 NxCatalogWriter         com.fishit.player.v2                 D  Ingested: series:bugs-bunny-mein-name-ist-hase:unknown (source: src:xtream:xtream:Xtream Series:series:xtream:series:1219)
2026-01-28 13:01:30.015 10869-10899 NxCatalogWriter         com.fishit.player.v2                 D  Ingested: live:de-one-fhd:live (source: src:xtream:xtream:Xtream Live:live:xtream:live:128328)
2026-01-28 13:01:30.019 10869-11112 NxCatalogWriter         com.fishit.player.v2                 D  Ingested: series:cars-toons:unknown (source: src:xtream:xtream:Xtream Series:series:xtream:series:1221)
2026-01-28 13:01:30.076 10869-10903 NxCatalogWriter         com.fishit.player.v2                 D  Ingested: live:de-one:live (source: src:xtream:xtream:Xtream Live:live:xtream:live:67327)
2026-01-28 13:01:30.077 10869-11107 NxCatalogWriter         com.fishit.player.v2                 D  Ingested: series:die-abenteuer-des-jungen-marco-polo:unknown (source: src:xtream:xtream:Xtream Series:series:xtream:series:1222)
2026-01-28 13:01:30.085 10869-10899 NxCatalogWriter         com.fishit.player.v2                 D  Ingested: series:donald-duck:unknown (source: src:xtream:xtream:Xtream Series:series:xtream:series:1224)
2026-01-28 13:01:30.087 10869-10901 NxCatalogWriter         com.fishit.player.v2                 D  Ingested: live:de-atv-fhd:live (source: src:xtream:xtream:Xtream Live:live:xtream:live:67328)
2026-01-28 13:01:30.122 10869-11107 NxCatalogWriter         com.fishit.player.v2                 D  Ingested: series:dragonball-super:unknown (source: src:xtream:xtream:Xtream Series:series:xtream:series:1225)
2026-01-28 13:01:30.127 10869-10901 NxCatalogWriter         com.fishit.player.v2                 D  Ingested: live:de-atv-2:live (source: src:xtream:xtream:Xtream Live:live:xtream:live:67329)
2026-01-28 13:01:30.130 10869-10903 NxCatalogWriter         com.fishit.player.v2                 D  Ingested: series:dragons-die-jungen-drachenretter:unknown (source: src:xtream:xtream:Xtream Series:series:xtream:series:1227)
2026-01-28 13:01:30.169 10869-10901 NxCatalogWriter         com.fishit.player.v2                 D  Ingested: series:ein-lustiges-hundeleben:unknown (source: src:xtream:xtream:Xtream Series:series:xtream:series:1228)
2026-01-28 13:01:30.171 10869-10903 NxCatalogWriter         com.fishit.player.v2                 D  Ingested: live:de-munchen-tv-fhd:live (source: src:xtream:xtream:Xtream Live:live:xtream:live:67330)
2026-01-28 13:01:30.177 10869-11107 NxCatalogWriter         com.fishit.player.v2                 D  Ingested: series:final-space:unknown (source: src:xtream:xtream:Xtream Series:series:xtream:series:1230)
2026-01-28 13:01:30.219 10869-10899 NxCatalogWriter         com.fishit.player.v2                 D  Ingested: live:de-baden-tv:live (source: src:xtream:xtream:Xtream Live:live:xtream:live:67331)
2026-01-28 13:01:30.220 10869-11112 NxCatalogWriter         com.fishit.player.v2                 D  Ingested: series:heidi:unknown (source: src:xtream:xtream:Xtream Series:series:xtream:series:1231)
2026-01-28 13:01:30.228 10869-10907 NxCatalogWriter         com.fishit.player.v2                 D  Ingested: series:mein-kleines-pony:unknown (source: src:xtream:xtream:Xtream Series:series:xtream:series:1233)
2026-01-28 13:01:30.229 10869-11112 NxCatalogWriter         com.fishit.player.v2                 D  Ingested: live:de-hgtv-fhd:live (source: src:xtream:xtream:Xtream Live:live:xtream:live:200982)
2026-01-28 13:01:30.283 10869-10903 NxCatalogWriter         com.fishit.player.v2                 D  Ingested: series:pacific-rim-the-black:unknown (source: src:xtream:xtream:Xtream Series:series:xtream:series:1234)
2026-01-28 13:01:30.288 10869-11112 NxCatalogWriter         com.fishit.player.v2                 D  Ingested: live:de-hgtv:live (source: src:xtream:xtream:Xtream Live:live:xtream:live:67332)
2026-01-28 13:01:30.292 10869-10903 NxCatalogWriter         com.fishit.player.v2                 D  Ingested: series:peter-pan-und-die-piraten:unknown (source: src:xtream:xtream:Xtream Series:series:xtream:series:1235)
2026-01-28 13:01:30.333 10869-11112 NxCatalogWriter         com.fishit.player.v2                 D  Ingested: live:de-health-tv:live (source: src:xtream:xtream:Xtream Live:live:xtream:live:67333)
2026-01-28 13:01:30.334 10869-10907 NxCatalogWriter         com.fishit.player.v2                 D  Ingested: series:sherazade-geschichten-aus-1001-nacht:unknown (source: src:xtream:xtream:Xtream Series:series:xtream:series:1237)
2026-01-28 13:01:30.342 10869-10901 NxCatalogWriter         com.fishit.player.v2                 D  Ingested: series:sofia-die-erste-auf-einmal-prinzessin:unknown (source: src:xtream:xtream:Xtream Series:series:xtream:series:1238)
2026-01-28 13:01:30.343 10869-11112 NxCatalogWriter         com.fishit.player.v2                 D  Ingested: live:de-bibel-tv:live (source: src:xtream:xtream:Xtream Live:live:xtream:live:71583)
2026-01-28 13:01:30.373 10869-10899 NxCatalogWriter         com.fishit.player.v2                 D  Ingested: series:treehouse:unknown (source: src:xtream:xtream:Xtream Series:series:xtream:series:1240)
2026-01-28 13:01:30.378 10869-10901 NxCatalogWriter         com.fishit.player.v2                 D  Ingested: live:de-bibel-tv-fhd:live (source: src:xtream:xtream:Xtream Live:live:xtream:live:67334)
2026-01-28 13:01:30.382 10869-11112 NxCatalogWriter         com.fishit.player.v2                 D  Ingested: series:the-nevers:unknown (source: src:xtream:xtream:Xtream Series:series:xtream:series:1245)
2026-01-28 13:01:30.422 10869-10907 NxCatalogWriter         com.fishit.player.v2                 D  Ingested: live:de-k-tv:live (source: src:xtream:xtream:Xtream Live:live:xtream:live:67335)
2026-01-28 13:01:30.423 10869-10903 NxCatalogWriter         com.fishit.player.v2                 D  Ingested: series:big-sky:unknown (source: src:xtream:xtream:Xtream Series:series:xtream:series:1293)
2026-01-28 13:01:30.431 10869-10907 NxCatalogWriter         com.fishit.player.v2                 D  Ingested: series:blindspot:unknown (source: src:xtream:xtream:Xtream Series:series:xtream:series:1297)
2026-01-28 13:01:30.463 10869-11112 NxCatalogWriter         com.fishit.player.v2                 D  Ingested: live:de-br-fernsehen-nord:live (source: src:xtream:xtream:Xtream Live:live:xtream:live:67337)
2026-01-28 13:01:30.500 10869-10899 NxCatalogWriter         com.fishit.player.v2                 D  Ingested: series:8-zeugen:unknown (source: src:xtream:xtream:Xtream Series:series:xtream:series:1305)
