2026-01-28 15:05:06.412 17087-17087 ViewRootIm...nActivity] com.fishit.player.v2                 I  ViewPostIme pointer 0
2026-01-28 15:05:06.492 17087-17087 ViewRootIm...nActivity] com.fishit.player.v2                 I  ViewPostIme pointer 1
2026-01-28 15:05:06.598 17087-17087 InputMethodManagerUtils com.fishit.player.v2                 D  startInputInner - Id : 0
2026-01-28 15:05:06.599 17087-17087 InputMethodManager      com.fishit.player.v2                 I  startInputInner - IInputMethodManagerGlobalInvoker.startInputOrWindowGainedFocus
2026-01-28 15:05:06.604 17087-17087 InputMethodManagerUtils com.fishit.player.v2                 D  startInputInner - Id : 0
2026-01-28 15:05:06.604 17087-17087 InputMethodManager      com.fishit.player.v2                 I  startInputInner - IInputMethodManagerGlobalInvoker.startInputOrWindowGainedFocus
2026-01-28 15:05:06.608 17087-17087 ImeTracker              com.fishit.player.v2                 I  com.fishit.player.v2:c57b906b: onRequestShow at ORIGIN_CLIENT_SHOW_SOFT_INPUT reason SHOW_SOFT_INPUT_BY_INSETS_API
2026-01-28 15:05:06.608 17087-17087 InsetsController        com.fishit.player.v2                 D  show(ime(), fromIme=false)
2026-01-28 15:05:06.609 17087-17087 InsetsController        com.fishit.player.v2                 I  setRequestedVisibleTypes: visible=true, mask=ime, host=com.fishit.player.v2/com.fishit.player.v2.MainActivity, from=android.view.InsetsController.controlAnimationUnchecked:1445 android.view.InsetsController.applyAnimation:2005 android.view.InsetsController.applyAnimation:1968 android.view.InsetsController.show:1309 android.view.InsetsController.show:1237 androidx.core.view.SoftwareKeyboardControllerCompat$Impl30.show:194 androidx.core.view.SoftwareKeyboardControllerCompat.show:71 androidx.compose.ui.text.input.InputMethodManagerImpl.showSoftInput:81 androidx.compose.ui.text.input.TextInputServiceAndroid.setKeyboardVisibleImmediately:475 androidx.compose.ui.text.input.TextInputServiceAndroid.processInputCommands:359
2026-01-28 15:05:06.609 17087-17087 InputMethodManager_LC   com.fishit.player.v2                 I  ris()
2026-01-28 15:05:06.610 17087-17087 InputMethodManager_LC   com.fishit.player.v2                 I  ssi(): flags=0 view=com.fishit.player.v2 reason = SHOW_SOFT_INPUT_BY_INSETS_API
2026-01-28 15:05:06.610 17087-17087 InputMethodManager_LC   com.fishit.player.v2                 I  ssi() view is not EditText
2026-01-28 15:05:06.610 17087-17087 InputMethodManager      com.fishit.player.v2                 D  showSoftInput() view=androidx.compose.ui.platform.AndroidComposeView{601ecde VFED..... .F....ID 0,0-1080,2400 aid=1073741824} flags=0 reason=SHOW_SOFT_INPUT_BY_INSETS_API
2026-01-28 15:05:06.614 17087-17087 InsetsController        com.fishit.player.v2                 I  setRequestedVisibleTypes: visible=false, mask=ime, host=com.fishit.player.v2/com.fishit.player.v2.MainActivity, from=android.view.InsetsController.controlAnimationUncheckedInner:1546 android.view.InsetsController.controlAnimationUnchecked:1449 android.view.InsetsController.applyAnimation:2005 android.view.InsetsController.applyAnimation:1968 android.view.InsetsController.show:1309 android.view.InsetsController.show:1237 androidx.core.view.SoftwareKeyboardControllerCompat$Impl30.show:194 androidx.core.view.SoftwareKeyboardControllerCompat.show:71 androidx.compose.ui.text.input.InputMethodManagerImpl.showSoftInput:81 androidx.compose.ui.text.input.TextInputServiceAndroid.setKeyboardVisibleImmediately:475
2026-01-28 15:05:06.679 17087-17087 InputMethodManager_LC   com.fishit.player.v2                 I  showSoftInput(View,I)
2026-01-28 15:05:06.680 17087-17087 ImeTracker              com.fishit.player.v2                 I  com.fishit.player.v2:242232a9: onRequestShow at ORIGIN_CLIENT_SHOW_SOFT_INPUT reason SHOW_SOFT_INPUT
2026-01-28 15:05:06.680 17087-17087 InputMethodManager_LC   com.fishit.player.v2                 I  ssi(): flags=0 view=com.fishit.player.v2 reason = SHOW_SOFT_INPUT
2026-01-28 15:05:06.680 17087-17087 InputMethodManager_LC   com.fishit.player.v2                 I  ssi() view is not EditText
2026-01-28 15:05:06.680 17087-17087 InputMethodManager      com.fishit.player.v2                 D  showSoftInput() view=androidx.compose.ui.platform.AndroidComposeView{601ecde VFED..... .F....ID 0,0-1080,2400 aid=1073741824} flags=0 reason=SHOW_SOFT_INPUT
2026-01-28 15:05:06.685 17087-17087 RemoteInpu...ectionImpl com.fishit.player.v2                 W  getExtractedText on inactive InputConnection
2026-01-28 15:05:06.841 17087-17510 ViewRootIm...nActivity] com.fishit.player.v2                 I  Resizing android.view.ViewRootImpl@14e58b3: frame = [0,0][1080,2400] reportDraw = false forceLayout = false syncSeqId = -1
2026-01-28 15:05:06.843 17087-17087 InsetsController        com.fishit.player.v2                 I  onStateChanged: host=com.fishit.player.v2/com.fishit.player.v2.MainActivity, from=android.view.ViewRootImpl$ViewRootHandler.handleMessageImpl:7196, state=InsetsState: {mDisplayFrame=Rect(0, 0 - 1080, 2400), mDisplayCutout=DisplayCutout{insets=Rect(0, 80 - 0, 0) waterfall=Insets{left=0, top=0, right=0, bottom=0} boundingRect={Bounds=[Rect(0, 0 - 0, 0), Rect(510, 0 - 570, 80), Rect(0, 0 - 0, 0), Rect(0, 0 - 0, 0)]} cutoutPathParserInfo={CutoutPathParserInfo{displayWidth=1080 displayHeight=2400 physicalDisplayWidth=1080 physicalDisplayHeight=2400 density={3.0} cutoutSpec={M 0,0 H -10 V 26.66666666666667 H 10 V 0 H 0 Z @dp} rotation={0} scale={1.0} physicalPixelDisplaySizeRatio={1.0}}}}, mRoundedCorners=RoundedCorners{[RoundedCorner{position=TopLeft, radius=90, center=Point(90, 90)}, RoundedCorner{position=TopRight, radius=90, center=Point(990, 90)}, RoundedCorner{position=BottomRight, radius=90, center=Point(990, 2310)}, RoundedCorner{position=BottomLeft, radius=90, center=Point(90, 2310)}]}  mRoundedCornerFrame=Rect(0, 0 - 1080, 2400), mPrivacyIndicatorBounds=PrivacyIndicatorBounds {static bounds=Rect(948, 0 - 1080, 80) rotation=0}, mDisplayShape=DisplayShape{ spec=-311912193 displayWidth=1080 displayHeight=2400 physicalPixelDisplaySizeRatio=1.0 rotation=0 offsetX=0 offsetY=0 scale=1.0}, mSources= { InsetsSource: {3 mType=ime mFrame=[0,2256][1080,2400] mVisible=false mFlags=[]}, InsetsSource: {27 mType=displayCutout mFrame=[0,0][1080,80] mVisible=true mFlags=[]}, InsetsSource: {567b0001 mType=navigationBars mFrame=[0,2256][1080,2400] mVisible=true mFlags=[]}, InsetsSource: {567b0004 mType=systemGestures mFrame=[0,0][0,0] mVisible=true mFlags=[]}, InsetsSource: {567b0005 mType=mandatorySystemGestures mFrame=[0,2256][1080,2400] mVisible=true mFlags=[]}, InsetsSource: {567b0006 mType=tappableElement mFrame=[0,2256][1080,2400] mVisible=true mFlags=[]}, InsetsSource: {567b0024 mType=systemGestures mFrame=[0,0][0,0] mVisible=true mFlags=[]}, InsetsSource: {667f0000 mType=statusBars mFrame=[0,0][1080,80] mVisible=true mFlags=[]}, InsetsSource: {667f0005 mType=mandatorySystemGestures mFrame=[0,0][1080,116] mVisible=true mFlags=[]}, InsetsSource: {667f0006 mType=tappableElement mFrame=[0,0][1080,80] mVisible=true mFlags=[]} }
2026-01-28 15:05:06.844 17087-17087 ViewRootIm...nActivity] com.fishit.player.v2                 I  handleResized, msg = 4 frames=ClientWindowFrames{frame=[0,0][1080,2400] display=[0,0][1080,2400] parentFrame=[0,0][0,0]} forceNextWindowRelayout=false displayId=0 dragResizing=false compatScale=1.0 frameChanged=false attachedFrameChanged=false configChanged=false displayChanged=false compatScaleChanged=false
2026-01-28 15:05:06.892 17087-17087 InsetsController        com.fishit.player.v2                 D  show(ime(), fromIme=true)
2026-01-28 15:05:06.893 17087-17087 InsetsController        com.fishit.player.v2                 I  setRequestedVisibleTypes: visible=true, mask=ime, host=com.fishit.player.v2/com.fishit.player.v2.MainActivity, from=android.view.InsetsController.controlAnimationUnchecked:1445 android.view.InsetsController.handlePendingControlRequest:1324 android.view.InsetsController.show:1260 android.view.ViewRootImpl$ViewRootHandler.handleMessageImpl:7233 android.view.ViewRootImpl$ViewRootHandler.handleMessage:7166 android.os.Handler.dispatchMessage:106 android.os.Looper.loopOnce:230 android.os.Looper.loop:319 android.app.ActivityThread.main:8919 java.lang.reflect.Method.invoke:-2
2026-01-28 15:05:06.894 17087-17087 InsetsController        com.fishit.player.v2                 I  controlAnimationUncheckedInner: Added types=ime, animType=0, host=com.fishit.player.v2/com.fishit.player.v2.MainActivity, from=android.view.InsetsController.controlAnimationUnchecked:1449 android.view.InsetsController.handlePendingControlRequest:1324 android.view.InsetsController.show:1260
2026-01-28 15:05:06.906 17087-17510 ViewRootIm...nActivity] com.fishit.player.v2                 I  Resizing android.view.ViewRootImpl@14e58b3: frame = [0,0][1080,2400] reportDraw = false forceLayout = false syncSeqId = -1
2026-01-28 15:05:06.907 17087-17087 InsetsController        com.fishit.player.v2                 I  onStateChanged: host=com.fishit.player.v2/com.fishit.player.v2.MainActivity, from=android.view.ViewRootImpl$ViewRootHandler.handleMessageImpl:7209, state=InsetsState: {mDisplayFrame=Rect(0, 0 - 1080, 2400), mDisplayCutout=DisplayCutout{insets=Rect(0, 80 - 0, 0) waterfall=Insets{left=0, top=0, right=0, bottom=0} boundingRect={Bounds=[Rect(0, 0 - 0, 0), Rect(510, 0 - 570, 80), Rect(0, 0 - 0, 0), Rect(0, 0 - 0, 0)]} cutoutPathParserInfo={CutoutPathParserInfo{displayWidth=1080 displayHeight=2400 physicalDisplayWidth=1080 physicalDisplayHeight=2400 density={3.0} cutoutSpec={M 0,0 H -10 V 26.66666666666667 H 10 V 0 H 0 Z @dp} rotation={0} scale={1.0} physicalPixelDisplaySizeRatio={1.0}}}}, mRoundedCorners=RoundedCorners{[RoundedCorner{position=TopLeft, radius=90, center=Point(90, 90)}, RoundedCorner{position=TopRight, radius=90, center=Point(990, 90)}, RoundedCorner{position=BottomRight, radius=90, center=Point(990, 2310)}, RoundedCorner{position=BottomLeft, radius=90, center=Point(90, 2310)}]}  mRoundedCornerFrame=Rect(0, 0 - 1080, 2400), mPrivacyIndicatorBounds=PrivacyIndicatorBounds {static bounds=Rect(948, 0 - 1080, 80) rotation=0}, mDisplayShape=DisplayShape{ spec=-311912193 displayWidth=1080 displayHeight=2400 physicalPixelDisplaySizeRatio=1.0 rotation=0 offsetX=0 offsetY=0 scale=1.0}, mSources= { InsetsSource: {3 mType=ime mFrame=[0,2256][1080,2400] mVisible=true mFlags=[]}, InsetsSource: {27 mType=displayCutout mFrame=[0,0][1080,80] mVisible=true mFlags=[]}, InsetsSource: {567b0001 mType=navigationBars mFrame=[0,2256][1080,2400] mVisible=true mFlags=[]}, InsetsSource: {567b0004 mType=systemGestures mFrame=[0,0][0,0] mVisible=true mFlags=[]}, InsetsSource: {567b0005 mType=mandatorySystemGestures mFrame=[0,2256][1080,2400] mVisible=true mFlags=[]}, InsetsSource: {567b0006 mType=tappableElement mFrame=[0,2256][1080,2400] mVisible=true mFlags=[]}, InsetsSource: {567b0024 mType=systemGestures mFrame=[0,0][0,0] mVisible=true mFlags=[]}, InsetsSource: {667f0000 mType=statusBars mFrame=[0,0][1080,80] mVisible=true mFlags=[]}, InsetsSource: {667f0005 mType=mandatorySystemGestures mFrame=[0,0][1080,116] mVisible=true mFlags=[]}, InsetsSource: {667f0006 mType=tappableElement mFrame=[0,0][1080,80] mVisible=true mFlags=[]} }
2026-01-28 15:05:06.909 17087-17087 ViewRootIm...nActivity] com.fishit.player.v2                 I  handleResized, msg = 4 frames=ClientWindowFrames{frame=[0,0][1080,2400] display=[0,0][1080,2400] parentFrame=[0,0][0,0]} forceNextWindowRelayout=false displayId=0 dragResizing=false compatScale=1.0 frameChanged=false attachedFrameChanged=false configChanged=false displayChanged=false compatScaleChanged=false
2026-01-28 15:05:06.955 17087-17087 InsetsController        com.fishit.player.v2                 I  cancelAnimation: types=ime, animType=0, host=com.fishit.player.v2/com.fishit.player.v2.MainActivity, from=android.view.InsetsController.notifyFinished:1748 android.view.InsetsAnimationThreadControlRunner$1.lambda$notifyFinished$0:85 android.view.InsetsAnimationThreadControlRunner$1.$r8$lambda$RAf1SfIREsj9-wH5FOigMy6eLkM:0
2026-01-28 15:05:06.958 17087-17087 ImeTracker              com.fishit.player.v2                 I  com.fishit.player.v2:242232a9: onShown
2026-01-28 15:05:06.970 17087-17512 ViewRootIm...nActivity] com.fishit.player.v2                 I  mWNT: t=0xb400007078def130 mBlastBufferQueue=0xb400006e78df6e90 fn= 10 mRenderHdrSdrRatio=1.0 caller= android.view.SyncRtSurfaceTransactionApplier.applyTransaction:96 android.view.SyncRtSurfaceTransactionApplier.lambda$scheduleApply$0:69 android.view.SyncRtSurfaceTransactionApplier.$r8$lambda$SgowXC58rj3PR958kHUfRgLZmvE:0
2026-01-28 15:05:08.646 17087-17087 ViewRootIm...nActivity] com.fishit.player.v2                 I  ViewPostIme key 0
2026-01-28 15:05:08.657 17087-17087 ViewRootIm...nActivity] com.fishit.player.v2                 I  ViewPostIme key 1
2026-01-28 15:05:12.621 17087-17087 ViewRootIm...nActivity] com.fishit.player.v2                 I  ViewPostIme pointer 0
2026-01-28 15:05:12.696 17087-17087 ViewRootIm...nActivity] com.fishit.player.v2                 I  ViewPostIme pointer 1
2026-01-28 15:05:12.701 17087-17087 OnboardingViewModel     com.fishit.player.v2                 D  connectXtream: Starting with URL host: http://konigtv.com:8080
2026-01-28 15:05:12.705 17087-17087 OnboardingViewModel     com.fishit.player.v2                 D  connectXtream: Parsed credentials - host=konigtv.com, port=8080, username=Christoph10, useHttps=false
2026-01-28 15:05:12.706 17087-17087 Compatibil...geReporter com.fishit.player.v2                 D  Compat change id reported: 247079863; UID 10460; state: ENABLED
2026-01-28 15:05:12.707 17087-17087 OnboardingViewModel     com.fishit.player.v2                 D  connectXtream: Created config - scheme=http, host=konigtv.com, port=8080, username=Christoph10
2026-01-28 15:05:12.708 17087-17087 XtreamAuthRepoAdapter   com.fishit.player.v2                 D  initialize: Starting with config - scheme=http, host=konigtv.com, port=8080, username=Christoph10
2026-01-28 15:05:12.710 17087-17087 XtreamAuthRepoAdapter   com.fishit.player.v2                 D  initialize: Calling apiClient.initialize
2026-01-28 15:05:12.712 17087-17446 XtreamApiClient         com.fishit.player.v2                 D  Initializing client for konigtv.com (forceDiscovery=false)
2026-01-28 15:05:12.712 17087-17446 XtreamApiClient         com.fishit.player.v2                 D  Resolved port: 8080
2026-01-28 15:05:12.740 17087-17409 XtreamApiClient         com.fishit.player.v2                 D  buildPlayerApiUrl: action=get_live_categories -> konigtv.com/player_api.php
2026-01-28 15:05:12.757 17087-17440 XtreamApiClient         com.fishit.player.v2                 D  buildPlayerApiUrl: action=get_movie_categories -> konigtv.com/player_api.php
2026-01-28 15:05:12.758 17087-17435 XtreamApiClient         com.fishit.player.v2                 D  buildPlayerApiUrl: action=get_series -> konigtv.com/player_api.php
2026-01-28 15:05:12.760 17087-17408 XtreamApiClient         com.fishit.player.v2                 D  buildPlayerApiUrl: action=get_vod_categories -> konigtv.com/player_api.php
2026-01-28 15:05:12.762 17087-17407 XtreamApiClient         com.fishit.player.v2                 D  buildPlayerApiUrl: action=get_live_streams -> konigtv.com/player_api.php
2026-01-28 15:05:12.764 17087-17441 XtreamApiClient         com.fishit.player.v2                 D  buildPlayerApiUrl: action=get_series_categories -> konigtv.com/player_api.php
2026-01-28 15:05:12.769 17087-17437 XtreamApiClient         com.fishit.player.v2                 D  buildPlayerApiUrl: action=get_movies_categories -> konigtv.com/player_api.php
2026-01-28 15:05:12.822 17087-17693 TrafficStats            com.fishit.player.v2                 D  tagSocket(134) with statsTag=0xffffffff, statsUid=-1
2026-01-28 15:05:12.833 17087-17087 ImeTracker              com.fishit.player.v2                 I  com.fishit.player.v2:16a37805: onRequestHide at ORIGIN_CLIENT_HIDE_SOFT_INPUT reason HIDE_SOFT_INPUT_BY_INSETS_API
2026-01-28 15:05:12.834 17087-17087 InsetsController        com.fishit.player.v2                 I  setRequestedVisibleTypes: visible=false, mask=ime, host=com.fishit.player.v2/com.fishit.player.v2.MainActivity, from=android.view.InsetsController.controlAnimationUnchecked:1445 android.view.InsetsController.applyAnimation:2005 android.view.InsetsController.applyAnimation:1968 android.view.InsetsController.hide:1403 android.view.InsetsController.hide:1342 androidx.core.view.SoftwareKeyboardControllerCompat$Impl30.hide:227 androidx.core.view.SoftwareKeyboardControllerCompat.hide:81 androidx.compose.ui.text.input.InputMethodManagerImpl.hideSoftInput:85 androidx.compose.ui.text.input.TextInputServiceAndroid.setKeyboardVisibleImmediately:477 androidx.compose.ui.text.input.TextInputServiceAndroid.processInputCommands:359
2026-01-28 15:05:12.835 17087-17087 ImeTracker              com.fishit.player.v2                 I  com.fishit.player.v2:e8f35a98: onRequestHide at ORIGIN_CLIENT_HIDE_SOFT_INPUT reason HIDE_SOFT_INPUT_BY_INSETS_API
2026-01-28 15:05:12.836 17087-17087 InputMethodManager_LC   com.fishit.player.v2                 I  notifyImeHidden: IInputMethodManagerGlobalInvoker.hideSoftInput
2026-01-28 15:05:12.845 17087-17087 InsetsController        com.fishit.player.v2                 I  controlAnimationUncheckedInner: Added types=ime, animType=1, host=com.fishit.player.v2/com.fishit.player.v2.MainActivity, from=android.view.InsetsController.controlAnimationUnchecked:1449 android.view.InsetsController.applyAnimation:2005 android.view.InsetsController.applyAnimation:1968
2026-01-28 15:05:12.845 17087-17087 InputMethodManagerUtils com.fishit.player.v2                 D  startInputInner - Id : 0
2026-01-28 15:05:12.845 17087-17087 InputMethodManager      com.fishit.player.v2                 I  startInputInner - IInputMethodManagerGlobalInvoker.startInputOrWindowGainedFocus
2026-01-28 15:05:12.862 17087-17117 ViewRootIm...nActivity] com.fishit.player.v2                 I  Resizing android.view.ViewRootImpl@14e58b3: frame = [0,0][1080,2400] reportDraw = false forceLayout = false syncSeqId = -1
2026-01-28 15:05:12.870 17087-17087 ImeTracker              com.fishit.player.v2                 I  com.fishit.player.v2:e8f35a98: onCancelled at PHASE_CLIENT_APPLY_ANIMATION
2026-01-28 15:05:12.870 17087-17087 RemoteInpu...ectionImpl com.fishit.player.v2                 W  requestCursorAnchorInfo on inactive InputConnection
2026-01-28 15:05:12.874 17087-17087 InsetsController        com.fishit.player.v2                 I  onStateChanged: host=com.fishit.player.v2/com.fishit.player.v2.MainActivity, from=android.view.ViewRootImpl$ViewRootHandler.handleMessageImpl:7209, state=InsetsState: {mDisplayFrame=Rect(0, 0 - 1080, 2400), mDisplayCutout=DisplayCutout{insets=Rect(0, 80 - 0, 0) waterfall=Insets{left=0, top=0, right=0, bottom=0} boundingRect={Bounds=[Rect(0, 0 - 0, 0), Rect(510, 0 - 570, 80), Rect(0, 0 - 0, 0), Rect(0, 0 - 0, 0)]} cutoutPathParserInfo={CutoutPathParserInfo{displayWidth=1080 displayHeight=2400 physicalDisplayWidth=1080 physicalDisplayHeight=2400 density={3.0} cutoutSpec={M 0,0 H -10 V 26.66666666666667 H 10 V 0 H 0 Z @dp} rotation={0} scale={1.0} physicalPixelDisplaySizeRatio={1.0}}}}, mRoundedCorners=RoundedCorners{[RoundedCorner{position=TopLeft, radius=90, center=Point(90, 90)}, RoundedCorner{position=TopRight, radius=90, center=Point(990, 90)}, RoundedCorner{position=BottomRight, radius=90, center=Point(990, 2310)}, RoundedCorner{position=BottomLeft, radius=90, center=Point(90, 2310)}]}  mRoundedCornerFrame=Rect(0, 0 - 1080, 2400), mPrivacyIndicatorBounds=PrivacyIndicatorBounds {static bounds=Rect(948, 0 - 1080, 80) rotation=0}, mDisplayShape=DisplayShape{ spec=-311912193 displayWidth=1080 displayHeight=2400 physicalPixelDisplaySizeRatio=1.0 rotation=0 offsetX=0 offsetY=0 scale=1.0}, mSources= { InsetsSource: {3 mType=ime mFrame=[0,2256][1080,2400] mVisible=false mFlags=[]}, InsetsSource: {27 mType=displayCutout mFrame=[0,0][1080,80] mVisible=true mFlags=[]}, InsetsSource: {567b0001 mType=navigationBars mFrame=[0,2256][1080,2400] mVisible=true mFlags=[]}, InsetsSource: {567b0004 mType=systemGestures mFrame=[0,0][0,0] mVisible=true mFlags=[]}, InsetsSource: {567b0005 mType=mandatorySystemGestures mFrame=[0,2256][1080,2400] mVisible=true mFlags=[]}, InsetsSource: {567b0006 mType=tappableElement mFrame=[0,2256][1080,2400] mVisible=true mFlags=[]}, InsetsSource: {567b0024 mType=systemGestures mFrame=[0,0][0,0] mVisible=true mFlags=[]}, InsetsSource: {667f0000 mType=statusBars mFrame=[0,0][1080,80] mVisible=true mFlags=[]}, InsetsSource: {667f0005 mType=mandatorySystemGestures mFrame=[0,0][1080,116] mVisible=true mFlags=[]}, InsetsSource: {667f0006 mType=tappableElement mFrame=[0,0][1080,80] mVisible=true mFlags=[]} }
2026-01-28 15:05:12.876 17087-17087 InsetsSourceConsumer    com.fishit.player.v2                 I  applyRequestedVisibilityToControl: visible=true, type=navigationBars, host=com.fishit.player.v2/com.fishit.player.v2.MainActivity
2026-01-28 15:05:12.877 17087-17693 TrafficStats            com.fishit.player.v2                 D  tagSocket(152) with statsTag=0xffffffff, statsUid=-1
2026-01-28 15:05:12.877 17087-17087 ViewRootIm...nActivity] com.fishit.player.v2                 I  handleResized, msg = 4 frames=ClientWindowFrames{frame=[0,0][1080,2400] display=[0,0][1080,2400] parentFrame=[0,0][0,0]} forceNextWindowRelayout=false displayId=0 dragResizing=false compatScale=1.0 frameChanged=false attachedFrameChanged=false configChanged=false displayChanged=false compatScaleChanged=false
2026-01-28 15:05:12.877 17087-17087 WindowOnBackDispatcher  com.fishit.player.v2                 W  sendCancelIfRunning: isInProgress=falsecallback=ImeCallback=ImeOnBackInvokedCallback@154262279 Callback=android.window.IOnBackInvokedCallback$Stub$Proxy@bb7dce7
2026-01-28 15:05:12.879 17087-17087 InsetsController        com.fishit.player.v2                 I  cancelAnimation: types=ime, animType=1, host=com.fishit.player.v2/com.fishit.player.v2.MainActivity, from=android.view.InsetsController.notifyFinished:1748 android.view.InsetsAnimationThreadControlRunner$1.lambda$notifyFinished$0:85 android.view.InsetsAnimationThreadControlRunner$1.$r8$lambda$RAf1SfIREsj9-wH5FOigMy6eLkM:0
2026-01-28 15:05:12.880 17087-17087 ImeTracker              com.fishit.player.v2                 I  com.fishit.player.v2:d3557d41: onRequestHide at ORIGIN_CLIENT_HIDE_SOFT_INPUT reason HIDE_SOFT_INPUT_BY_INSETS_API
2026-01-28 15:05:12.880 17087-17087 InputMethodManager_LC   com.fishit.player.v2                 I  notifyImeHidden: IInputMethodManagerGlobalInvoker.hideSoftInput
2026-01-28 15:05:12.881 17087-17087 ImeTracker              com.fishit.player.v2                 I  com.fishit.player.v2:16a37805: onHidden
2026-01-28 15:05:13.005 17087-17697 TrafficStats            com.fishit.player.v2                 D  tagSocket(156) with statsTag=0xffffffff, statsUid=-1
2026-01-28 15:05:13.014 17087-17409 XtreamApiClient         com.fishit.player.v2                 D  NetworkProbe: HTTP 200 for konigtv.com/player_api.php | bytes=11946 contentType=application/json
2026-01-28 15:05:13.014 17087-17437 XtreamApiClient         com.fishit.player.v2                 D  NetworkProbe: HTTP 200 for konigtv.com/player_api.php | bytes=458 contentType=application/json
2026-01-28 15:05:13.240 17087-17409 XtreamApiClient         com.fishit.player.v2                 D  NetworkProbe: HTTP 200 for konigtv.com/player_api.php | bytes=10494 contentType=application/json
2026-01-28 15:05:13.421 17087-17117 ViewRootIm...nActivity] com.fishit.player.v2                 I  Resizing android.view.ViewRootImpl@14e58b3: frame = [0,0][1080,2400] reportDraw = false forceLayout = false syncSeqId = -1
2026-01-28 15:05:13.424 17087-17087 InsetsController        com.fishit.player.v2                 I  onStateChanged: host=com.fishit.player.v2/com.fishit.player.v2.MainActivity, from=android.view.ViewRootImpl$ViewRootHandler.handleMessageImpl:7196, state=InsetsState: {mDisplayFrame=Rect(0, 0 - 1080, 2400), mDisplayCutout=DisplayCutout{insets=Rect(0, 80 - 0, 0) waterfall=Insets{left=0, top=0, right=0, bottom=0} boundingRect={Bounds=[Rect(0, 0 - 0, 0), Rect(510, 0 - 570, 80), Rect(0, 0 - 0, 0), Rect(0, 0 - 0, 0)]} cutoutPathParserInfo={CutoutPathParserInfo{displayWidth=1080 displayHeight=2400 physicalDisplayWidth=1080 physicalDisplayHeight=2400 density={3.0} cutoutSpec={M 0,0 H -10 V 26.66666666666667 H 10 V 0 H 0 Z @dp} rotation={0} scale={1.0} physicalPixelDisplaySizeRatio={1.0}}}}, mRoundedCorners=RoundedCorners{[RoundedCorner{position=TopLeft, radius=90, center=Point(90, 90)}, RoundedCorner{position=TopRight, radius=90, center=Point(990, 90)}, RoundedCorner{position=BottomRight, radius=90, center=Point(990, 2310)}, RoundedCorner{position=BottomLeft, radius=90, center=Point(90, 2310)}]}  mRoundedCornerFrame=Rect(0, 0 - 1080, 2400), mPrivacyIndicatorBounds=PrivacyIndicatorBounds {static bounds=Rect(948, 0 - 1080, 80) rotation=0}, mDisplayShape=DisplayShape{ spec=-311912193 displayWidth=1080 displayHeight=2400 physicalPixelDisplaySizeRatio=1.0 rotation=0 offsetX=0 offsetY=0 scale=1.0}, mSources= { InsetsSource: {3 mType=ime mFrame=[0,0][0,0] mVisible=false mFlags=[]}, InsetsSource: {27 mType=displayCutout mFrame=[0,0][1080,80] mVisible=true mFlags=[]}, InsetsSource: {567b0001 mType=navigationBars mFrame=[0,2256][1080,2400] mVisible=true mFlags=[]}, InsetsSource: {567b0004 mType=systemGestures mFrame=[0,0][0,0] mVisible=true mFlags=[]}, InsetsSource: {567b0005 mType=mandatorySystemGestures mFrame=[0,2256][1080,2400] mVisible=true mFlags=[]}, InsetsSource: {567b0006 mType=tappableElement mFrame=[0,2256][1080,2400] mVisible=true mFlags=[]}, InsetsSource: {567b0024 mType=systemGestures mFrame=[0,0][0,0] mVisible=true mFlags=[]}, InsetsSource: {667f0000 mType=statusBars mFrame=[0,0][1080,80] mVisible=true mFlags=[]}, InsetsSource: {667f0005 mType=mandatorySystemGestures mFrame=[0,0][1080,116] mVisible=true mFlags=[]}, InsetsSource: {667f0006 mType=tappableElement mFrame=[0,0][1080,80] mVisible=true mFlags=[]} }
2026-01-28 15:05:13.425 17087-17087 ViewRootIm...nActivity] com.fishit.player.v2                 I  handleResized, msg = 4 frames=ClientWindowFrames{frame=[0,0][1080,2400] display=[0,0][1080,2400] parentFrame=[0,0][0,0]} forceNextWindowRelayout=false displayId=0 dragResizing=false compatScale=1.0 frameChanged=false attachedFrameChanged=false configChanged=false displayChanged=false compatScaleChanged=false
2026-01-28 15:05:13.470 17087-17409 XtreamApiClient         com.fishit.player.v2                 D  NetworkProbe: HTTP 200 for konigtv.com/player_api.php | bytes=3753 contentType=application/json
2026-01-28 15:05:13.590 17087-17435 XtreamApiClient         com.fishit.player.v2                 D  NetworkProbe: HTTP 200 for konigtv.com/player_api.php | bytes=458 contentType=application/json
2026-01-28 15:05:13.606 17087-17435 XtreamApiClient         com.fishit.player.v2                 D  buildPlayerApiUrl: action=get_short_epg -> konigtv.com/player_api.php
2026-01-28 15:05:13.643 17087-17435 XtreamApiClient         com.fishit.player.v2                 D  NetworkProbe: HTTP 200 for konigtv.com/player_api.php | bytes=39 contentType=application/json
2026-01-28 15:05:13.649 17087-17435 XtreamApiClient         com.fishit.player.v2                 D  NetworkProbe: Manually decompressed gzip body for konigtv.com/player_api.php | original=39 decompressed=19
2026-01-28 15:05:13.943 17087-17108 InputTransport          com.fishit.player.v2                 D  Input channel destroyed: 'ClientS', fd=153
2026-01-28 15:05:13.945 17087-17108 InputTransport          com.fishit.player.v2                 D  Input channel destroyed: 'ClientS', fd=147
2026-01-28 15:05:13.945 17087-17108 InputTransport          com.fishit.player.v2                 D  Input channel destroyed: 'ClientS', fd=142
2026-01-28 15:05:13.946 17087-17109 System                  com.fishit.player.v2                 W  A resource failed to call release.
2026-01-28 15:05:14.191 17087-17441 XtreamApiClient         com.fishit.player.v2                 D  NetworkProbe: HTTP 200 for konigtv.com/player_api.php | bytes=6212435 contentType=application/json
2026-01-28 15:05:14.904 17087-17437 XtreamApiClient         com.fishit.player.v2                 D  NetworkProbe: HTTP 200 for konigtv.com/player_api.php | bytes=3287878 contentType=application/json
2026-01-28 15:05:15.621 17087-17106 ishit.player.v2         com.fishit.player.v2                 I  Background concurrent copying GC freed 8219(8099KB) AllocSpace objects, 0(0B) LOS objects, 36% free, 42MB/66MB, paused 100us,63us total 171.608ms
2026-01-28 15:05:16.114 17087-17441 XtreamApiClient         com.fishit.player.v2                 D  buildPlayerApiUrl: action=null -> konigtv.com/player_api.php
2026-01-28 15:05:16.116 17087-17441 XtreamApiClient         com.fishit.player.v2                 D  getServerInfo: Fetching from konigtv.com/player_api.php
2026-01-28 15:05:16.165 17087-17441 XtreamApiClient         com.fishit.player.v2                 D  NetworkProbe: HTTP 200 for konigtv.com/player_api.php | bytes=458 contentType=application/json
2026-01-28 15:05:16.166 17087-17441 XtreamApiClient         com.fishit.player.v2                 D  getServerInfo: Received 458 bytes, parsing...
2026-01-28 15:05:16.174 17087-17441 XtreamApiClient         com.fishit.player.v2                 D  Server info retrieved: konigtv.com
2026-01-28 15:05:16.176 17087-17087 XtreamAuthRepoAdapter   com.fishit.player.v2                 D  initialize: API client initialized successfully with capabilities: http://konigtv.com:8080
2026-01-28 15:05:16.186 17087-17437 XtreamAuthRepoAdapter   com.fishit.player.v2                 D  connectionState -> Connected(baseUrl=http://konigtv.com:8080, latencyMs=3397) | domain=Connected
2026-01-28 15:05:16.187 17087-17437 XtreamAuthRepoAdapter   com.fishit.player.v2                 D  authState -> Authenticated(userInfo=XtreamUserInfo(username=Christoph10, status=ACTIVE, expDateEpoch=1797326326, maxConnections=1, activeConnections=0, isTrial=false, allowedFormats=[m3u8, ts], createdAt=1757512912, message=Welcome)) | domain=Authenticated
2026-01-28 15:05:16.199 17087-17437 SourceActi...onObserver com.fishit.player.v2                 I  Active sources changed: [XTREAM] → enqueuing auto sync
2026-01-28 15:05:16.199 17087-17407 CatalogSyncBootstrap    com.fishit.player.v2                 D  Source activation check: activeSources=[XTREAM], hasActive=true
2026-01-28 15:05:16.200 17087-17437 CatalogSyncScheduler    com.fishit.player.v2                 D  Enqueueing AUTO sync
2026-01-28 15:05:16.201 17087-17087 SourceActivationStore   com.fishit.player.v2                 I  Source activation changed: XTREAM -> Active
2026-01-28 15:05:16.201 17087-17435 SourceActivationStore   com.fishit.player.v2                 D  Loaded state from DataStore: SourceActivationSnapshot(xtream=Active, telegram=Inactive, io=Inactive)
2026-01-28 15:05:16.202 17087-17087 XtreamAuthRepoAdapter   com.fishit.player.v2                 I  initialize: XTREAM source activated
2026-01-28 15:05:16.203 17087-17087 OnboardingViewModel     com.fishit.player.v2                 D  connectXtream: Initialize succeeded, saving credentials
2026-01-28 15:05:16.241 17087-17435 XtreamCredStore         com.fishit.player.v2                 I  Stored credentials: scheme=http, host=konigtv.com, port=8080
2026-01-28 15:05:16.249 17087-17445 Compatibil...geReporter com.fishit.player.v2                 D  Compat change id reported: 194532703; UID 10460; state: ENABLED
2026-01-28 15:05:16.250 17087-17445 Compatibil...geReporter com.fishit.player.v2                 D  Compat change id reported: 253665015; UID 10460; state: ENABLED
2026-01-28 15:05:16.250 17087-17445 WM-SystemJobScheduler   com.fishit.player.v2                 D  Scheduling work ID 4aabebda-9082-4a1e-87c5-00068d8fa7cbJob ID 0
2026-01-28 15:05:16.274 17087-17445 WM-GreedyScheduler      com.fishit.player.v2                 D  Starting work for 4aabebda-9082-4a1e-87c5-00068d8fa7cb
2026-01-28 15:05:16.374 17087-17445 WM-Processor            com.fishit.player.v2                 D  Processor: processing WorkGenerationalId(workSpecId=4aabebda-9082-4a1e-87c5-00068d8fa7cb, generation=0)
2026-01-28 15:05:16.384 17087-17478 Compatibil...geReporter com.fishit.player.v2                 D  Compat change id reported: 263076149; UID 10460; state: ENABLED
2026-01-28 15:05:16.414 17087-17478 WM-PackageManagerHelper com.fishit.player.v2                 D  androidx.work.impl.background.systemalarm.RescheduleReceiver enabled
2026-01-28 15:05:16.433 17087-17087 WM-WorkerWrapper        com.fishit.player.v2                 D  Starting work for com.fishit.player.v2.work.CatalogSyncOrchestratorWorker
2026-01-28 15:05:16.437 17087-17435 CatalogSyn...atorWorker com.fishit.player.v2                 I  START sync_run_id=bff5d387-94dd-4cc2-9c26-4d5e875c4d82 mode=auto
2026-01-28 15:05:16.446 17087-17435 RuntimeGuards           com.fishit.player.v2                 D  Manual sync (auto) - skipping battery guard (level=100%)
2026-01-28 15:05:16.448 17087-17435 CatalogSyn...atorWorker com.fishit.player.v2                 I  Active sources check: [XTREAM] (isEmpty=false)
2026-01-28 15:05:16.448 17087-17087 WM-SystemJobService     com.fishit.player.v2                 D  onStartJob for WorkGenerationalId(workSpecId=4aabebda-9082-4a1e-87c5-00068d8fa7cb, generation=0)
2026-01-28 15:05:16.449 17087-17435 CatalogSyn...atorWorker com.fishit.player.v2                 D  Active sources: [XTREAM] (TELEGRAM=false, XTREAM=true, IO=false)
2026-01-28 15:05:16.452 17087-17435 CatalogSyn...atorWorker com.fishit.player.v2                 D  Enqueued Xtream chain: work_name=catalog_sync_global_xtream policy=KEEP workers=2
2026-01-28 15:05:16.453 17087-17435 CatalogSyn...atorWorker com.fishit.player.v2                 D  Telegram not in active sources - skipping Telegram workers
2026-01-28 15:05:16.454 17087-17435 CatalogSyn...atorWorker com.fishit.player.v2                 D  📊 WorkInfo chains enqueued:
                                                                                                      [XTREAM] work_name=catalog_sync_global_xtream → ENQUEUED
                                                                                                      Use 'adb shell dumpsys jobscheduler' or WorkManager Inspector for detailed state
2026-01-28 15:05:16.454 17087-17478 WM-Processor            com.fishit.player.v2                 D  Work WorkGenerationalId(workSpecId=4aabebda-9082-4a1e-87c5-00068d8fa7cb, generation=0) is already enqueued for processing
2026-01-28 15:05:16.455 17087-17435 CatalogSyn...atorWorker com.fishit.player.v2                 I  CHAINS_ENQUEUED duration_ms=18 policy=KEEP sources=XTREAM (downstream workers will report completion)
2026-01-28 15:05:16.476 17087-17478 WM-SystemJobScheduler   com.fishit.player.v2                 D  Scheduling work ID c96b4496-9afd-4a43-a9c9-02bccbd7daf1Job ID 1
2026-01-28 15:05:16.481 17087-17087 WM-SystemJobService     com.fishit.player.v2                 D  onStartJob for WorkGenerationalId(workSpecId=c96b4496-9afd-4a43-a9c9-02bccbd7daf1, generation=0)
2026-01-28 15:05:16.481 17087-17478 WM-GreedyScheduler      com.fishit.player.v2                 D  Starting work for c96b4496-9afd-4a43-a9c9-02bccbd7daf1
2026-01-28 15:05:16.485 17087-17478 WM-WorkerWrapper        com.fishit.player.v2                 I  Worker result SUCCESS for Work [ id=4aabebda-9082-4a1e-87c5-00068d8fa7cb, tags={ com.fishit.player.v2.work.CatalogSyncOrchestratorWorker,catalog_sync,mode_auto,worker/CatalogSyncOrchestratorWorker } ]
2026-01-28 15:05:16.488 17087-17087 WM-Processor            com.fishit.player.v2                 D  Processor 4aabebda-9082-4a1e-87c5-00068d8fa7cb executed; reschedule = false
2026-01-28 15:05:16.488 17087-17087 WM-SystemJobService     com.fishit.player.v2                 D  4aabebda-9082-4a1e-87c5-00068d8fa7cb executed on JobScheduler
2026-01-28 15:05:16.491 17087-17478 WM-Processor            com.fishit.player.v2                 D  Processor: processing WorkGenerationalId(workSpecId=c96b4496-9afd-4a43-a9c9-02bccbd7daf1, generation=0)
2026-01-28 15:05:16.494 17087-17478 WM-Processor            com.fishit.player.v2                 D  Work WorkGenerationalId(workSpecId=c96b4496-9afd-4a43-a9c9-02bccbd7daf1, generation=0) is already enqueued for processing
2026-01-28 15:05:16.499 17087-17478 WM-GreedyScheduler      com.fishit.player.v2                 D  Cancelling work ID 4aabebda-9082-4a1e-87c5-00068d8fa7cb
2026-01-28 15:05:16.511 17087-17087 WM-WorkerWrapper        com.fishit.player.v2                 D  Starting work for com.fishit.player.v2.work.XtreamPreflightWorker
2026-01-28 15:05:16.512 17087-17435 XtreamPreflightWorker   com.fishit.player.v2                 I  START sync_run_id=bff5d387-94dd-4cc2-9c26-4d5e875c4d82 mode=auto source=XTREAM attempt=0/5
2026-01-28 15:05:16.515 17087-17435 RuntimeGuards           com.fishit.player.v2                 D  Manual sync (auto) - skipping battery guard (level=100%)
2026-01-28 15:05:16.516 17087-17435 XtreamPreflightWorker   com.fishit.player.v2                 I  SUCCESS duration_ms=4 (credentials valid)
2026-01-28 15:05:16.518 17087-17445 WM-WorkerWrapper        com.fishit.player.v2                 I  Worker result SUCCESS for Work [ id=c96b4496-9afd-4a43-a9c9-02bccbd7daf1, tags={ com.fishit.player.v2.work.XtreamPreflightWorker,catalog_sync,source_xtream,worker/XtreamPreflightWorker } ]
2026-01-28 15:05:16.521 17087-17445 WM-WorkerWrapper        com.fishit.player.v2                 I  Setting status to enqueued for 6c402955-b836-46d6-aa64-be47469a1250
2026-01-28 15:05:16.522 17087-17087 WM-Processor            com.fishit.player.v2                 D  Processor c96b4496-9afd-4a43-a9c9-02bccbd7daf1 executed; reschedule = false
2026-01-28 15:05:16.523 17087-17087 WM-SystemJobService     com.fishit.player.v2                 D  c96b4496-9afd-4a43-a9c9-02bccbd7daf1 executed on JobScheduler
2026-01-28 15:05:16.528 17087-17445 WM-GreedyScheduler      com.fishit.player.v2                 D  Cancelling work ID c96b4496-9afd-4a43-a9c9-02bccbd7daf1
2026-01-28 15:05:16.529 17087-17087 ishit.player.v2         com.fishit.player.v2                 W  Accessing hidden field Landroid/app/ActivityThread;->mServices:Landroid/util/ArrayMap; (unsupported, reflection, allowed)
2026-01-28 15:05:16.530 17087-17087 LeakCanary              com.fishit.player.v2                 D  Watching instance of androidx.work.impl.background.systemjob.SystemJobService (androidx.work.impl.background.systemjob.SystemJobService received Service#onDestroy() callback) with key 9fbc72e7-a14c-42a1-9785-5bd39a4690ec
2026-01-28 15:05:16.543 17087-17445 WM-SystemJobScheduler   com.fishit.player.v2                 D  Scheduling work ID 6c402955-b836-46d6-aa64-be47469a1250Job ID 2
2026-01-28 15:05:16.549 17087-17445 WM-GreedyScheduler      com.fishit.player.v2                 D  Starting work for 6c402955-b836-46d6-aa64-be47469a1250
2026-01-28 15:05:16.554 17087-17087 WM-SystemJobService     com.fishit.player.v2                 D  onStartJob for WorkGenerationalId(workSpecId=6c402955-b836-46d6-aa64-be47469a1250, generation=0)
2026-01-28 15:05:16.559 17087-17445 WM-Processor            com.fishit.player.v2                 D  Processor: processing WorkGenerationalId(workSpecId=6c402955-b836-46d6-aa64-be47469a1250, generation=0)
2026-01-28 15:05:16.564 17087-17445 WM-Processor            com.fishit.player.v2                 D  Work WorkGenerationalId(workSpecId=6c402955-b836-46d6-aa64-be47469a1250, generation=0) is already enqueued for processing
2026-01-28 15:05:16.758 17087-17087 WM-WorkerWrapper        com.fishit.player.v2                 D  Starting work for com.fishit.player.v2.work.XtreamCatalogScanWorker
2026-01-28 15:05:16.763 17087-17437 XtreamCatalogScanWorker com.fishit.player.v2                 I  START sync_run_id=bff5d387-94dd-4cc2-9c26-4d5e875c4d82 mode=auto source=XTREAM scope=INCREMENTAL runtimeBudgetMs=900000 checkpoint=xtream|v=2|phase=VOD_LIST|offset=0
2026-01-28 15:05:16.765 17087-17437 RuntimeGuards           com.fishit.player.v2                 D  Manual sync (auto) - skipping battery guard (level=100%)
2026-01-28 15:05:16.766 17087-17437 XtreamCatalogScanWorker com.fishit.player.v2                 D  Catalog sync: includeVod=true includeSeries=true includeEpisodes=false (lazy) includeLive=true scope=INCREMENTAL enhanced=true
2026-01-28 15:05:16.767 17087-17437 XtreamCatalogScanWorker com.fishit.player.v2                 I  Using ENHANCED sync: live=600 movies=400 series=200 timeFlush=true
2026-01-28 15:05:16.769 17087-17437 CatalogSyncService      com.fishit.player.v2                 I  Starting enhanced Xtream sync: live=true, vod=true, series=true, episodes=false, excludeSeriesIds=0, episodeParallelism=4, canonical_linking=false
2026-01-28 15:05:16.769 17087-17437 XtreamCatalogScanWorker com.fishit.player.v2                 D  Enhanced catalog sync started
2026-01-28 15:05:16.778 17087-17407 XtreamCatalogPipeline   com.fishit.player.v2                 I  Starting Xtream catalog scan: vod=true, series=true, episodes=false, live=true
2026-01-28 15:05:16.779 17087-17437 CatalogSyncService      com.fishit.player.v2                 D  Enhanced scan started
2026-01-28 15:05:16.779 17087-17435 XtreamCatalogPipeline   com.fishit.player.v2                 D  [LIVE] Starting parallel scan (streaming-first)...
2026-01-28 15:05:16.780 17087-17437 XtreamCatalogPipeline   com.fishit.player.v2                 D  [VOD] Starting parallel scan (streaming-first)...
2026-01-28 15:05:16.780 17087-17441 XtreamCatalogPipeline   com.fishit.player.v2                 D  [SERIES] Starting parallel scan (streaming-first, episodes deferred)...
2026-01-28 15:05:16.787 17087-17437 XtreamApiClient         com.fishit.player.v2                 D  buildPlayerApiUrl: action=get_vod_streams -> konigtv.com/player_api.php
2026-01-28 15:05:16.787 17087-17441 XtreamApiClient         com.fishit.player.v2                 D  buildPlayerApiUrl: action=get_series -> konigtv.com/player_api.php
2026-01-28 15:05:16.788 17087-17408 XtreamApiClient         com.fishit.player.v2                 D  buildPlayerApiUrl: action=get_live_streams -> konigtv.com/player_api.php
2026-01-28 15:05:17.137 17087-17435 XtreamApiClient         com.fishit.player.v2                 D  StreamingFetch: Success for konigtv.com/player_api.php, streaming response
2026-01-28 15:05:17.187 17087-17441 XtreamApiClient         com.fishit.player.v2                 D  StreamingFetch: Success for konigtv.com/player_api.php, streaming response
2026-01-28 15:05:17.369 17087-17441 XTC                     com.fishit.player.v2                 D  [LIVE] DTO→Raw #1 | id=xtream:live:81568 | title="DE HEVC" | sourceType=XTREAM | Fields: ✓[poster] ✗[year, plot, cast, director, backdrop, duration, tmdb]
2026-01-28 15:05:17.433 17087-17435 XTC                     com.fishit.player.v2                 D  [SERIES] DTO→Raw #1 | id=xtream:series:-441 | title="Madam Secretary" | sourceType=XTREAM | Fields: ✓[plot(542c), cast, poster] ✗[year, director, backdrop, duration, tmdb]
2026-01-28 15:05:17.445 17087-17441 XTC                     com.fishit.player.v2                 D  [LIVE] DTO→Raw #50 | id=xtream:live:71808 | title="DE: Deluxe Music HEVC" | sourceType=XTREAM | Fields: ✓[poster] ✗[year, plot, cast, director, backdrop, duration, tmdb]
2026-01-28 15:05:17.466 17087-17408 XtreamCatalogScanWorker com.fishit.player.v2                 D  PROGRESS discovered=100 persisted=0 phase=null
2026-01-28 15:05:17.474 17087-17435 XTC                     com.fishit.player.v2                 D  [SERIES] DTO→Raw #50 | id=xtream:series:365 | title="4 Blocks" | sourceType=XTREAM | Fields: ✓[plot(424c), cast, poster] ✗[year, director, backdrop, duration, tmdb]
2026-01-28 15:05:17.513 17087-17441 XTC                     com.fishit.player.v2                 D  [LIVE] DTO→Raw #100 | id=xtream:live:49200 | title="DE: Pro 7 Maxx FHD" | sourceType=XTREAM | Fields: ✓[poster] ✗[year, plot, cast, director, backdrop, duration, tmdb]
2026-01-28 15:05:17.514 17087-17435 XTC                     com.fishit.player.v2                 D  [SERIES] DTO→Raw #100 | id=xtream:series:687 | title="The I-Land" | sourceType=XTREAM | Fields: ✓[plot(471c), cast, poster] ✗[year, director, backdrop, duration, tmdb]
2026-01-28 15:05:17.515 17087-17409 XtreamCatalogScanWorker com.fishit.player.v2                 D  PROGRESS discovered=200 persisted=0 phase=null
2026-01-28 15:05:17.515 17087-17409 SyncPerfMetrics         com.fishit.player.v2                 D  Phase SERIES started
2026-01-28 15:05:17.516 17087-17409 XtreamCatalogScanWorker com.fishit.player.v2                 D  PROGRESS discovered=200 persisted=0 phase=SERIES
2026-01-28 15:05:17.517 17087-17409 SyncPerfMetrics         com.fishit.player.v2                 D  Phase LIVE started
2026-01-28 15:05:17.518 17087-17409 XtreamCatalogScanWorker com.fishit.player.v2                 D  PROGRESS discovered=200 persisted=0 phase=LIVE
2026-01-28 15:05:17.548 17087-17435 XTC                     com.fishit.player.v2                 D  [SERIES] DTO→Raw #150 | id=xtream:series:784 | title="Who Killed Jeffrey Epstein" | sourceType=XTREAM | Fields: ✓[poster] ✗[year, plot, cast, director, backdrop, duration, tmdb]
2026-01-28 15:05:17.557 17087-17441 XtreamCatalogScanWorker com.fishit.player.v2                 D  PROGRESS discovered=300 persisted=0 phase=null
2026-01-28 15:05:17.571 17087-17408 XTC                     com.fishit.player.v2                 D  [LIVE] DTO→Raw #150 | id=xtream:live:361561 | title="DE: NDR Hamburg" | sourceType=XTREAM | Fields: ✓[poster] ✗[year, plot, cast, director, backdrop, duration, tmdb]
2026-01-28 15:05:17.576 17087-17435 XTC                     com.fishit.player.v2                 D  [SERIES] DTO→Raw #200 | id=xtream:series:1141 | title="Godless" | sourceType=XTREAM | Fields: ✓[plot(170c), cast, poster] ✗[year, director, backdrop, duration, tmdb]
2026-01-28 15:05:17.577 17087-17441 SyncBatchManager        com.fishit.player.v2                 D  Flushing SERIES batch: 200 items (timeBased=false)
2026-01-28 15:05:17.577 17087-17441 CatalogSyncService      com.fishit.player.v2                 D  Persisting Xtream catalog batch (NX-ONLY): 200 items (canonical_linking=false)
2026-01-28 15:05:18.010 17087-17437 XtreamApiClient         com.fishit.player.v2                 D  StreamingFetch: Success for konigtv.com/player_api.php, streaming response
2026-01-28 15:05:18.184 17087-17408 SyncBatchManager        com.fishit.player.v2                 D  Time-based flush for LIVE: 155 items after 1206ms
2026-01-28 15:05:18.185 17087-17408 SyncBatchManager        com.fishit.player.v2                 D  Flushing LIVE batch: 155 items (timeBased=true)
2026-01-28 15:05:18.186 17087-17408 CatalogSyncService      com.fishit.player.v2                 D  Persisting Xtream live batch (NX-ONLY): 155 items
2026-01-28 15:05:18.253 17087-17437 XTC                     com.fishit.player.v2                 D  [VOD] DTO→Raw #1 | id=xtream:vod:804345 | title="Ella McCay | 2025 | 5.2" | sourceType=XTREAM | Fields: ✓[year=2025, poster] ✗[plot, cast, director, backdrop, duration, tmdb]
2026-01-28 15:05:19.262 17087-17437 CatalogSyncService      com.fishit.player.v2                 D  Xtream batch complete (HOT PATH/NX): ingested=200 total_ms=1685
2026-01-28 15:05:19.264 17087-17437 SyncPerfMetrics         com.fishit.player.v2                 D  Phase SERIES started
2026-01-28 15:05:19.265 17087-17437 XtreamCatalogScanWorker com.fishit.player.v2                 D  PROGRESS discovered=356 persisted=200 phase=SERIES
2026-01-28 15:05:19.278 17087-17409 XTC                     com.fishit.player.v2                 D  [SERIES] DTO→Raw #250 | id=xtream:series:1344 | title="LOL: Last One Laughing" | sourceType=XTREAM | Fields: ✓[plot(258c), cast, poster] ✗[year, director, backdrop, duration, tmdb]
2026-01-28 15:05:19.278 17087-17437 XtreamCatalogScanWorker com.fishit.player.v2                 D  PROGRESS discovered=400 persisted=200 phase=null
2026-01-28 15:05:19.297 17087-17408 XtreamCatalogScanWorker com.fishit.player.v2                 D  PROGRESS discovered=500 persisted=200 phase=null
2026-01-28 15:05:19.300 17087-17407 XTC                     com.fishit.player.v2                 D  [VOD] DTO→Raw #50 | id=xtream:vod:801981 | title="Anaconda | 2025 | 6.7" | sourceType=XTREAM | Fields: ✓[year=2025, poster] ✗[plot, cast, director, backdrop, duration, tmdb]
2026-01-28 15:05:19.303 17087-17435 XTC                     com.fishit.player.v2                 D  [LIVE] DTO→Raw #200 | id=xtream:live:197779 | title="DE: QVC STYLE TV" | sourceType=XTREAM | Fields: ✓[poster] ✗[year, plot, cast, director, backdrop, duration, tmdb]
2026-01-28 15:05:19.309 17087-17408 SyncPerfMetrics         com.fishit.player.v2                 D  Phase LIVE started
2026-01-28 15:05:19.309 17087-17408 XtreamCatalogScanWorker com.fishit.player.v2                 D  PROGRESS discovered=541 persisted=200 phase=LIVE
2026-01-28 15:05:19.312 17087-17409 XTC                     com.fishit.player.v2                 D  [SERIES] DTO→Raw #300 | id=xtream:series:1475 | title="Panic" | sourceType=XTREAM | Fields: ✓[plot(526c), cast, poster] ✗[year, director, backdrop, duration, tmdb]
2026-01-28 15:05:19.314 17087-17408 SyncPerfMetrics         com.fishit.player.v2                 D  Phase SERIES started
2026-01-28 15:05:19.353 17087-17408 XtreamCatalogScanWorker com.fishit.player.v2                 D  PROGRESS discovered=591 persisted=200 phase=SERIES
