2026-02-10 13:14:30.984  8937-9816  XTC                     com.fishit.player.v2                 D  [VOD] DTO→Raw #450 | id=xtream:vod:798828 | title="The Strangers: Chapter 2 | 2025 | 6.0 |" | sourceType=XTREAM | Fields: ✓[year=2025, poster] ✗[plot, cast, director, backdrop, duration, tmdb]
2026-02-10 13:14:30.994  8937-9822  NxXtreamCatalogRepo     com.fishit.player.v2                 W  upsertAll() called - writes should go through NxCatalogWriter
2026-02-10 13:14:30.996  8937-9816  XTC                     com.fishit.player.v2                 D  [VOD] DTO→Raw #500 | id=xtream:vod:797866 | title="Trail of Vengeance | 2025 | 5.2 |" | sourceType=XTREAM | Fields: ✓[year=2025, poster] ✗[plot, cast, director, backdrop, duration, tmdb]
2026-02-10 13:14:30.997  8937-9082  XtreamSyncService       com.fishit.player.v2                 D  Progress: vod=500, series=0, live=483
2026-02-10 13:14:31.000  8937-9816  StreamingJsonParser     com.fishit.player.v2                 W  streamInBatches mapper error #1: Channel was consumed, consumer had failed
2026-02-10 13:14:31.007  8937-9816  StreamingJsonParser     com.fishit.player.v2                 W  streamInBatches mapper error #2: Channel was consumed, consumer had failed
2026-02-10 13:14:31.014  8937-9816  StreamingJsonParser     com.fishit.player.v2                 W  streamInBatches mapper error #3: Channel was consumed, consumer had failed
2026-02-10 13:14:31.028  8937-9203  StreamingJsonParser     com.fishit.player.v2                 W  streamInBatches mapper error #1: Channel was consumed, consumer had failed
2026-02-10 13:14:31.035  8937-9203  StreamingJsonParser     com.fishit.player.v2                 W  streamInBatches mapper error #2: Channel was consumed, consumer had failed
2026-02-10 13:14:31.040  8937-9632  XtreamStreamFetcher     com.fishit.player.v2                 W  streamContentInBatches(get_live_streams): streamFromUrl FAILED for alias=live catId=421 | CancellationException: Channel was consumed, consumer had failed
2026-02-10 13:14:31.041  8937-9203  StreamingJsonParser     com.fishit.player.v2                 W  streamInBatches mapper error #3: Channel was consumed, consumer had failed
2026-02-10 13:14:31.071  8937-9205  XtreamStreamFetcher     com.fishit.player.v2                 D  streamFromUrl: CALLED for http://konigtv.com:8080/player_api.php?action=get_live_streams&category_id=246&username=***&password=***
2026-02-10 13:14:31.076  8937-9205  XtreamStreamFetcher     com.fishit.player.v2                 W  streamContentInBatches(get_live_streams): streamFromUrl FAILED for alias=live catId=246 | CancellationException: Channel was consumed, consumer had failed
2026-02-10 13:14:31.084  8937-9632  XtreamStreamFetcher     com.fishit.player.v2                 D  streamFromUrl: CALLED for http://konigtv.com:8080/player_api.php?action=get_live_streams&category_id=40&username=***&password=***
2026-02-10 13:14:31.101  8937-9672  TrafficStats            com.fishit.player.v2                 D  tagSocket(158) with statsTag=0xffffffff, statsUid=-1
2026-02-10 13:14:31.109  8937-9081  XtreamStreamFetcher     com.fishit.player.v2                 W  streamContentInBatches(get_live_streams): streamFromUrl FAILED for alias=live catId=71 | CancellationException: Channel was consumed, consumer had failed
2026-02-10 13:14:31.188  8937-8952  System                  com.fishit.player.v2                 W  A resource failed to call end.
2026-02-10 13:14:31.189  8937-8952  System                  com.fishit.player.v2                 W  A resource failed to call end.
2026-02-10 13:14:31.195  8937-9631  XtreamStreamFetcher     com.fishit.player.v2                 W  streamContentInBatches(get_live_streams): streamFromUrl FAILED for alias=live catId=468 | CancellationException: Channel was consumed, consumer had failed
2026-02-10 13:14:31.196  8937-9203  StreamingJsonParser     com.fishit.player.v2                 W  streamInBatches: 15 errors, 714 items in 5 batches
2026-02-10 13:14:31.196  8937-9203  XtreamStreamFetcher     com.fishit.player.v2                 D  StreamBatch: 714 items in 5 batches (497ms) | errors=15
2026-02-10 13:14:31.365  8937-8952  System                  com.fishit.player.v2                 W  A resource failed to call end.
2026-02-10 13:14:31.366  8937-9816  StreamingJsonParser     com.fishit.player.v2                 W  streamInBatches: 40 errors, 3399 items in 23 batches
2026-02-10 13:14:31.367  8937-9816  XtreamStreamFetcher     com.fishit.player.v2                 D  StreamBatch: 3399 items in 23 batches (560ms) | errors=40
2026-02-10 13:14:31.371  8937-9081  VodItemPhase            com.fishit.player.v2                 W  [VOD] Scan failed: Failed to stream VOD items
2026-02-10 13:14:31.426  8937-9823  XtreamStreamFetcher     com.fishit.player.v2                 W  streamContentInBatches(get_live_streams): streamFromUrl FAILED for alias=live catId=459 | CancellationException: Channel was consumed, consumer had failed
2026-02-10 13:14:31.426  8937-9632  XtreamStreamFetcher     com.fishit.player.v2                 W  streamContentInBatches(get_live_streams): streamFromUrl FAILED for alias=live catId=40 | CancellationException: Channel was consumed, consumer had failed
2026-02-10 13:14:31.431  8937-9823  LiveChannelPhase        com.fishit.player.v2                 W  [LIVE] Scan failed: Failed to stream live channels
2026-02-10 13:14:31.591  8937-8952  System                  com.fishit.player.v2                 W  A resource failed to call end.
2026-02-10 13:14:31.591  8937-8952  System                  com.fishit.player.v2                 W  A resource failed to call end.
2026-02-10 13:14:31.746  8937-9204  StreamingJsonParser     com.fishit.player.v2                 W  streamInBatches: 127 errors, 6821 items in 45 batches
2026-02-10 13:14:31.747  8937-9204  XtreamStreamFetcher     com.fishit.player.v2                 D  StreamBatch: 6821 items in 45 batches (1470ms) | errors=127
2026-02-10 13:14:31.747  8937-9204  CategoryFa...ckStrategy com.fishit.player.v2                 D  fetchScalarWithFallback: Success with fallback categoryId=* (original=null), result=6821
2026-02-10 13:14:31.748  8937-9204  SeriesItemPhase         com.fishit.player.v2                 W  [SERIES] Scan failed: Failed to stream series items
2026-02-10 13:14:31.749  8937-9204  XtreamCatalogPipeline   com.fishit.player.v2                 I  Scan cancelled by coroutine cancellation
2026-02-10 13:14:31.751  8937-9823  NxXtreamCatalogRepo     com.fishit.player.v2                 W  upsertAll() called - writes should go through NxCatalogWriter
2026-02-10 13:14:31.751  8937-9204  ChannelSyncBuffer       com.fishit.player.v2                 D  [SyncBuffer] Buffer closed, metrics: BufferMetrics(sent=983, received=983, inBuffer=0, backpressure=0, elapsed=1468ms, throughput=669,6/s)
2026-02-10 13:14:31.752  8937-9823  ChannelSyncBuffer       com.fishit.player.v2                 D  [SyncBuffer] Consumer finished, flushed 33 remaining
2026-02-10 13:14:31.762  8937-9204  AndroidRuntime          com.fishit.player.v2                 E  FATAL EXCEPTION: DefaultDispatcher-worker-7
                                                                                                    Process: com.fishit.player.v2, PID: 8937
                                                                                                    java.lang.IllegalStateException: Flow invariant is violated:
                                                                                                    		Emission from another coroutine is detected.
                                                                                                    		Child of StandaloneCoroutine{Active}@caedea3, expected child of DeferredCoroutine{Active}@35ca5a0.
                                                                                                    		FlowCollector is not thread-safe and concurrent emissions are prohibited.
                                                                                                    		To mitigate this restriction please use 'channelFlow' builder instead of 'flow'
                                                                                                    	at kotlinx.coroutines.flow.internal.SafeCollector_commonKt.checkContext$lambda$0(SafeCollector.common.kt:67)
                                                                                                    	at kotlinx.coroutines.flow.internal.SafeCollector_commonKt.$r8$lambda$0mv-1vIMKs5GqhpegvxZ5k4J09Y(Unknown Source:0)
                                                                                                    	at kotlinx.coroutines.flow.internal.SafeCollector_commonKt$$ExternalSyntheticLambda0.invoke(D8$$SyntheticClass:0)
                                                                                                    	at kotlin.coroutines.CoroutineContext$Element$DefaultImpls.fold(CoroutineContext.kt:70)
                                                                                                    	at kotlinx.coroutines.Job$DefaultImpls.fold(Job.kt:118)
                                                                                                    	at kotlinx.coroutines.JobSupport.fold(JobSupport.kt:22)
                                                                                                    	at kotlin.coroutines.CombinedContext.fold(CoroutineContextImpl.kt:133)
                                                                                                    	at kotlinx.coroutines.flow.internal.SafeCollector_commonKt.checkContext(SafeCollector.common.kt:24)
                                                                                                    	at kotlinx.coroutines.flow.internal.SafeCollector.checkContext(SafeCollector.kt:132)
                                                                                                    	at kotlinx.coroutines.flow.internal.SafeCollector.emit(SafeCollector.kt:109)
                                                                                                    	at kotlinx.coroutines.flow.internal.SafeCollector.emit(SafeCollector.kt:82)
                                                                                                    	at com.fishit.player.core.catalogsync.sources.xtream.DefaultXtreamSyncService$sync$1$producerJob$1$1.emit(DefaultXtreamSyncService.kt:222)
                                                                                                    	at com.fishit.player.core.catalogsync.sources.xtream.DefaultXtreamSyncService$sync$1$producerJob$1$1.emit(DefaultXtreamSyncService.kt:176)
                                                                                                    	at kotlinx.coroutines.flow.FlowKt__ChannelsKt.emitAllImpl$FlowKt__ChannelsKt(Channels.kt:33)
                                                                                                    	at kotlinx.coroutines.flow.FlowKt__ChannelsKt.access$emitAllImpl$FlowKt__ChannelsKt(Channels.kt:1)
                                                                                                    	at kotlinx.coroutines.flow.FlowKt__ChannelsKt$emitAllImpl$1.invokeSuspend(Unknown Source:14)
                                                                                                    	at kotlin.coroutines.jvm.internal.BaseContinuationImpl.resumeWith(ContinuationImpl.kt:34)
                                                                                                    	at kotlinx.coroutines.DispatchedTask.run(DispatchedTask.kt:100)
                                                                                                    	at kotlinx.coroutines.scheduling.CoroutineScheduler.runSafely(CoroutineScheduler.kt:586)
                                                                                                    	at kotlinx.coroutines.scheduling.CoroutineScheduler$Worker.executeTask(CoroutineScheduler.kt:829)
                                                                                                    	at kotlinx.coroutines.scheduling.CoroutineScheduler$Worker.runWorker(CoroutineScheduler.kt:717)
                                                                                                    	at kotlinx.coroutines.scheduling.CoroutineScheduler$Worker.run(CoroutineScheduler.kt:704)
                                                                                                    	Suppressed: kotlinx.coroutines.internal.DiagnosticCoroutineContextException: [StandaloneCoroutine{Cancelling}@caedea3, Dispatchers.Default]
---------------------------- PROCESS ENDED (8937) for package com.fishit.player.v2 ----------------------------
---------------------------- PROCESS STARTED (9865) for package com.fishit.player.v2 ----------------------------
2026-02-10 13:14:35.882  9865-9865  ActivityThread          com.fishit.player.v2                 I  Relaunch all activities: onCoreSettingsChange
2026-02-10 13:14:35.882  9865-9865  Compatibil...geReporter com.fishit.player.v2                 D  Compat change id reported: 171979766; UID 10514; state: ENABLED
2026-02-10 13:14:35.882  9865-9865  Compatibil...geReporter com.fishit.player.v2                 D  Compat change id reported: 242716250; UID 10514; state: ENABLED
2026-02-10 13:14:35.888  9865-9865  ziparchive              com.fishit.player.v2                 W  Unable to open '/data/app/~~cJagwBP_EkcRKbNFJrpnsA==/com.fishit.player.v2-0JOFArjdHnqeaoomrWjW9g==/base.dm': No such file or directory
2026-02-10 13:14:35.888  9865-9865  ziparchive              com.fishit.player.v2                 W  Unable to open '/data/app/~~cJagwBP_EkcRKbNFJrpnsA==/com.fishit.player.v2-0JOFArjdHnqeaoomrWjW9g==/base.dm': No such file or directory
2026-02-10 13:14:36.348  9865-9865  nativeloader            com.fishit.player.v2                 D  Configuring clns-4 for other apk /data/app/~~cJagwBP_EkcRKbNFJrpnsA==/com.fishit.player.v2-0JOFArjdHnqeaoomrWjW9g==/base.apk. target_sdk_version=35, uses_libraries=, library_path=/data/app/~~cJagwBP_EkcRKbNFJrpnsA==/com.fishit.player.v2-0JOFArjdHnqeaoomrWjW9g==/lib/arm64:/data/app/~~cJagwBP_EkcRKbNFJrpnsA==/com.fishit.player.v2-0JOFArjdHnqeaoomrWjW9g==/base.apk!/lib/arm64-v8a, permitted_path=/data:/mnt/expand:/data/user/0/com.fishit.player.v2
2026-02-10 13:14:36.357  9865-9865  GraphicsEnvironment     com.fishit.player.v2                 V  Currently set values for:
2026-02-10 13:14:36.357  9865-9865  GraphicsEnvironment     com.fishit.player.v2                 V    angle_gl_driver_selection_pkgs=[]
2026-02-10 13:14:36.357  9865-9865  GraphicsEnvironment     com.fishit.player.v2                 V    angle_gl_driver_selection_values=[]
2026-02-10 13:14:36.357  9865-9865  GraphicsEnvironment     com.fishit.player.v2                 V  ANGLE GameManagerService for com.fishit.player.v2: false
2026-02-10 13:14:36.357  9865-9865  GraphicsEnvironment     com.fishit.player.v2                 V  com.fishit.player.v2 is not listed in per-application setting
2026-02-10 13:14:36.357  9865-9865  GraphicsEnvironment     com.fishit.player.v2                 V  App is not on the allowlist for updatable production driver.
2026-02-10 13:14:36.390  9865-9865  FirebaseApp             com.fishit.player.v2                 W  Default FirebaseApp failed to initialize because no default options were found. This usually means that com.google.gms:google-services was not applied to your gradle project.
2026-02-10 13:14:36.390  9865-9865  FirebaseInitProvider    com.fishit.player.v2                 I  FirebaseApp initialization unsuccessful
2026-02-10 13:14:36.693  9865-9865  LeakCanaryConfig        com.fishit.player.v2                 I  LeakCanary not available (disabled via compile-time gating)
2026-02-10 13:14:36.694  9865-9865  DebugToolsInitializer   com.fishit.player.v2                 I  DebugToolsInitializer started (LeakCanary available=false)
2026-02-10 13:14:36.696  9865-9865  DebugBootstraps         com.fishit.player.v2                 I  Debug bootstraps started (DebugToolsInitializer)
2026-02-10 13:14:36.696  9865-9885  DebugToolsInitializer   com.fishit.player.v2                 D  LeakCanary not available (disabled via compile-time gating)
2026-02-10 13:14:36.696  9865-9886  DebugToolsInitializer   com.fishit.player.v2                 I  Chucker enabled=false
2026-02-10 13:14:36.696  9865-9885  DebugToolsInitializer   com.fishit.player.v2                 I  LeakCanary enabled=false (available=false)
2026-02-10 13:14:36.709  9865-9865  WM-PackageManagerHelper com.fishit.player.v2                 D  Skipping component enablement for androidx.work.impl.background.systemjob.SystemJobService
2026-02-10 13:14:36.709  9865-9865  WM-Schedulers           com.fishit.player.v2                 D  Created SystemJobScheduler and enabled SystemJobService
2026-02-10 13:14:36.711  9865-9892  WM-ForceStopRunnable    com.fishit.player.v2                 D  The default process name was not specified.
2026-02-10 13:14:36.712  9865-9892  WM-ForceStopRunnable    com.fishit.player.v2                 D  Performing cleanup operations.
2026-02-10 13:14:36.713  9865-9865  FishItV2Application     com.fishit.player.v2                 I  WorkManager initialized
2026-02-10 13:14:36.713  9865-9865  SourceActi...onObserver com.fishit.player.v2                 I  Starting activation observer
2026-02-10 13:14:36.714  9865-9865  TelegramAc...onObserver com.fishit.player.v2                 I  TelegramActivationObserver starting
2026-02-10 13:14:36.715  9865-9865  CatalogSyncBootstrap    com.fishit.player.v2                 I  Catalog sync bootstrap collection started
2026-02-10 13:14:36.715  9865-9885  TelegramAc...onObserver com.fishit.player.v2                 D  Auth state=Idle (initializing/in-progress) → leaving activation unchanged
2026-02-10 13:14:36.718  9865-9865  OpenGLRenderer          com.fishit.player.v2                 D  HWUI - treat SMPTE_170M as sRGB
2026-02-10 13:14:36.722  9865-9885  CatalogSyncBootstrap    com.fishit.player.v2                 D  Source activation check: activeSources=[XTREAM], hasActive=true
2026-02-10 13:14:36.722   927-927   audit                   auditd                               E  type=1400 audit(1770725676.717:135989): avc:  denied  { ioctl } for  pid=9865 comm="WM.task-1" path="/data/data/com.fishit.player.v2/no_backup/androidx.work.workdb" dev="dm-52" ino=2348668 ioctlcmd=0xf522 scontext=u:r:untrusted_app:s0:c2,c258,c512,c768 tcontext=u:object_r:app_data_file:s0:c2,c258,c512,c768 tclass=file permissive=0 SEPF_SM-G991B_12_0001 audit_filtered
2026-02-10 13:14:36.722   927-927   audit                   auditd                               E  type=1327 audit(1770725676.717:135989): proctitle="com.fishit.player.v2"
2026-02-10 13:14:36.735   927-927   audit                   auditd                               E  type=1400 audit(1770725676.729:135990): avc:  denied  { ioctl } for  pid=9865 comm="WM.task-1" path="/data/data/com.fishit.player.v2/no_backup/androidx.work.workdb" dev="dm-52" ino=2348668 ioctlcmd=0xf522 scontext=u:r:untrusted_app:s0:c2,c258,c512,c768 tcontext=u:object_r:app_data_file:s0:c2,c258,c512,c768 tclass=file permissive=0 SEPF_SM-G991B_12_0001 audit_filtered
2026-02-10 13:14:36.742  9865-9865  ishit.player.v2         com.fishit.player.v2                 E  Invalid resource ID 0x00000000.
2026-02-10 13:14:36.748  9865-9892  Compatibil...geReporter com.fishit.player.v2                 D  Compat change id reported: 160794467; UID 10514; state: ENABLED
2026-02-10 13:14:36.749  9865-9865  DecorView               com.fishit.player.v2                 I  setWindowBackground: isPopOver=false color=ff000000 d=android.graphics.drawable.ColorDrawable@de4fd84
2026-02-10 13:14:36.750  9865-9892  WM-ForceStopRunnable    com.fishit.player.v2                 D  Found unfinished work, scheduling it.
2026-02-10 13:14:36.751  9865-9865  PhoneWindow             com.fishit.player.v2                 D  forceLight changed to false [] from com.android.internal.policy.PhoneWindow.updateForceLightNavigationBar:4373 com.android.internal.policy.PhoneWindow.setNavigationBarColor:4064 androidx.activity.EdgeToEdgeApi29.setUp:312 androidx.activity.EdgeToEdge.enable:93 androidx.activity.EdgeToEdge.enable$default:71
2026-02-10 13:14:36.757  9865-9892  Compatibil...geReporter com.fishit.player.v2                 D  Compat change id reported: 194532703; UID 10514; state: ENABLED
2026-02-10 13:14:36.757  9865-9892  Compatibil...geReporter com.fishit.player.v2                 D  Compat change id reported: 253665015; UID 10514; state: ENABLED
2026-02-10 13:14:36.757  9865-9892  WM-SystemJobScheduler   com.fishit.player.v2                 D  Scheduling work ID 987ddee3-0f4b-4de3-80f0-0701f6e3f537Job ID 5
2026-02-10 13:14:36.768  9865-9907  WM-PackageManagerHelper com.fishit.player.v2                 D  Skipping component enablement for androidx.work.impl.background.systemalarm.RescheduleReceiver
2026-02-10 13:14:36.772  9865-9865  Compatibil...geReporter com.fishit.player.v2                 D  Compat change id reported: 237531167; UID 10514; state: DISABLED
2026-02-10 13:14:36.775  9865-9894  NativeCust...ncyManager com.fishit.player.v2                 D  [NativeCFMS] BpCustomFrequencyManager::BpCustomFrequencyManager()
2026-02-10 13:14:36.782  9865-9865  InsetsController        com.fishit.player.v2                 I  onStateChanged: host=com.fishit.player.v2/com.fishit.player.v2.MainActivity, from=android.view.ViewRootImpl.setView:1753, state=InsetsState: {mDisplayFrame=Rect(0, 0 - 1080, 2400), mDisplayCutout=DisplayCutout{insets=Rect(0, 80 - 0, 0) waterfall=Insets{left=0, top=0, right=0, bottom=0} boundingRect={Bounds=[Rect(0, 0 - 0, 0), Rect(510, 0 - 570, 80), Rect(0, 0 - 0, 0), Rect(0, 0 - 0, 0)]} cutoutPathParserInfo={CutoutPathParserInfo{displayWidth=1080 displayHeight=2400 physicalDisplayWidth=1080 physicalDisplayHeight=2400 density={3.0} cutoutSpec={M 0,0 H -10 V 26.66666666666667 H 10 V 0 H 0 Z @dp} rotation={0} scale={1.0} physicalPixelDisplaySizeRatio={1.0}}}}, mRoundedCorners=RoundedCorners{[RoundedCorner{position=TopLeft, radius=90, center=Point(90, 90)}, RoundedCorner{position=TopRight, radius=90, center=Point(990, 90)}, RoundedCorner{position=BottomRight, radius=90, center=Point(990, 2310)}, RoundedCorner{position=BottomLeft, radius=90, center=Point(90, 2310)}]}  mRoundedCornerFrame=Rect(0, 0 - 1080, 2400), mPrivacyIndicatorBounds=PrivacyIndicatorBounds {static bounds=Rect(948, 0 - 1080, 80) rotation=0}, mDisplayShape=DisplayShape{ spec=-311912193 displayWidth=1080 displayHeight=2400 physicalPixelDisplaySizeRatio=1.0 rotation=0 offsetX=0 offsetY=0 scale=1.0}, mSources= { InsetsSource: {f91a0000 mType=statusBars mFrame=[0,0][1080,80] mVisible=true mFlags=[]}, InsetsSource: {f91a0005 mType=mandatorySystemGestures mFrame=[0,0][1080,116] mVisible=true mFlags=[]}, InsetsSource: {f91a0006 mType=tappableElement mFrame=[0,0][1080,80] mVisible=true mFlags=[]}, InsetsSource: {27 mType=displayCutout mFrame=[0,0][1080,80] mVisible=true mFlags=[]}, InsetsSource: {2c340001 mType=navigationBars mFrame=[0,2256][1080,2400] mVisible=true mFlags=[]}, InsetsSource: {2c340004 mType=systemGestures mFrame=[0,0][0,0] mVisible=true mFlags=[]}, InsetsSource: {2c340005 mType=mandatorySystemGestures mFrame=[0,2256][1080,2400] mVisible=true mFlags=[]}, InsetsSource: {2c340006 mType=tappableElement mFrame=[0,2256][1080,2400] mVisible=true mFlags=[]}, InsetsSource: {2c340024 mType=systemGestures mFrame=[0,0][0,0] mVisible=true mFlags=[]} }
2026-02-10 13:14:36.782  9865-9865  ViewRootIm...nActivity] com.fishit.player.v2                 I  synced displayState. AttachInfo displayState=2
2026-02-10 13:14:36.783  9865-9865  ViewRootIm...nActivity] com.fishit.player.v2                 I  setView = com.android.internal.policy.DecorView@83c9376 TM=true
2026-02-10 13:14:36.783  9865-9865  IDS_TAG                 com.fishit.player.v2                 I  Starting IDS observe window
2026-02-10 13:14:36.783  9865-9865  IDS_TAG                 com.fishit.player.v2                 I  Getting Shared Preference for com.fishit.player.v2.FishItV2Application@9fced77 uid = 10514
2026-02-10 13:14:36.786  9865-9865  IDS_TAG                 com.fishit.player.v2                 I  App com.fishit.player.v2.FishItV2Application@9fced77 in NO_IDS list
2026-02-10 13:14:36.790  9865-9865  IDS_TAG                 com.fishit.player.v2                 I  Closing IDS observe window
2026-02-10 13:14:36.790  9865-9865  IDS_TAG                 com.fishit.player.v2                 I  Getting Shared Preference for com.fishit.player.v2.FishItV2Application@9fced77 uid = 10514
2026-02-10 13:14:36.900  9865-9891  XtreamCredStore         com.fishit.player.v2                 I  Read stored config: scheme=http, host=konigtv.com, port=8080
2026-02-10 13:14:36.903  9865-9886  SourceActivationStore   com.fishit.player.v2                 I  Source activation changed: XTREAM -> Active
2026-02-10 13:14:36.903  9865-9886  XtreamSessionBootstrap  com.fishit.player.v2                 I  XTREAM activated (optimistic) from stored config: scheme=http, host=konigtv.com, port=8080
2026-02-10 13:14:36.977  9865-9865  InsetsController        com.fishit.player.v2                 I  onStateChanged: host=com.fishit.player.v2/com.fishit.player.v2.MainActivity, from=android.view.ViewRootImpl.relayoutWindow:10072, state=InsetsState: {mDisplayFrame=Rect(0, 0 - 1080, 2400), mDisplayCutout=DisplayCutout{insets=Rect(0, 80 - 0, 0) waterfall=Insets{left=0, top=0, right=0, bottom=0} boundingRect={Bounds=[Rect(0, 0 - 0, 0), Rect(510, 0 - 570, 80), Rect(0, 0 - 0, 0), Rect(0, 0 - 0, 0)]} cutoutPathParserInfo={CutoutPathParserInfo{displayWidth=1080 displayHeight=2400 physicalDisplayWidth=1080 physicalDisplayHeight=2400 density={3.0} cutoutSpec={M 0,0 H -10 V 26.66666666666667 H 10 V 0 H 0 Z @dp} rotation={0} scale={1.0} physicalPixelDisplaySizeRatio={1.0}}}}, mRoundedCorners=RoundedCorners{[RoundedCorner{position=TopLeft, radius=90, center=Point(90, 90)}, RoundedCorner{position=TopRight, radius=90, center=Point(990, 90)}, RoundedCorner{position=BottomRight, radius=90, center=Point(990, 2310)}, RoundedCorner{position=BottomLeft, radius=90, center=Point(90, 2310)}]}  mRoundedCornerFrame=Rect(0, 0 - 1080, 2400), mPrivacyIndicatorBounds=PrivacyIndicatorBounds {static bounds=Rect(948, 0 - 1080, 80) rotation=0}, mDisplayShape=DisplayShape{ spec=-311912193 displayWidth=1080 displayHeight=2400 physicalPixelDisplaySizeRatio=1.0 rotation=0 offsetX=0 offsetY=0 scale=1.0}, mSources= { InsetsSource: {f91a0000 mType=statusBars mFrame=[0,0][1080,80] mVisible=true mFlags=[]}, InsetsSource: {f91a0005 mType=mandatorySystemGestures mFrame=[0,0][1080,116] mVisible=true mFlags=[]}, InsetsSource: {f91a0006 mType=tappableElement mFrame=[0,0][1080,80] mVisible=true mFlags=[]}, InsetsSource: {3 mType=ime mFrame=[0,0][0,0] mVisible=false mFlags=[]}, InsetsSource: {27 mType=displayCutout mFrame=[0,0][1080,80] mVisible=true mFlags=[]}, InsetsSource: {2c340001 mType=navigationBars mFrame=[0,2256][1080,2400] mVisible=true mFlags=[]}, InsetsSource: {2c340004 mType=systemGestures mFrame=[0,0][0,0] mVisible=true mFlags=[]}, InsetsSource: {2c340005 mType=mandatorySystemGestures mFrame=[0,2256][1080,2400] mVisible=true mFlags=[]}, InsetsSource: {2c340006 mType=tappableElement mFrame=[0,2256][1080,2400] mVisible=true mFlags=[]}, InsetsSource: {2c340024 mType=systemGestures mFrame=[0,0][0,0] mVisible=true mFlags=[]} }
2026-02-10 13:14:36.978  9865-9865  BLASTBufferQueue_Java   com.fishit.player.v2                 I  new BLASTBufferQueue, mName= ViewRootImpl@ed34e9e[MainActivity] mNativeObject= 0xb4000075006a7810 sc.mNativeObject= 0xb4000072e069f050 caller= android.view.ViewRootImpl.updateBlastSurfaceIfNeeded:3028 android.view.ViewRootImpl.relayoutWindow:10131 android.view.ViewRootImpl.performTraversals:4110 android.view.ViewRootImpl.doTraversal:3288 android.view.ViewRootImpl$TraversalRunnable.run:11344 android.view.Choreographer$CallbackRecord.run:1689 android.view.Choreographer$CallbackRecord.run:1698 android.view.Choreographer.doCallbacks:1153 android.view.Choreographer.doFrame:1079 android.view.Choreographer$FrameDisplayEventReceiver.run:1646
2026-02-10 13:14:36.978  9865-9865  BLASTBufferQueue_Java   com.fishit.player.v2                 I  update, w= 1080 h= 2400 mName = ViewRootImpl@ed34e9e[MainActivity] mNativeObject= 0xb4000075006a7810 sc.mNativeObject= 0xb4000072e069f050 format= -1 caller= android.graphics.BLASTBufferQueue.<init>:89 android.view.ViewRootImpl.updateBlastSurfaceIfNeeded:3028 android.view.ViewRootImpl.relayoutWindow:10131 android.view.ViewRootImpl.performTraversals:4110 android.view.ViewRootImpl.doTraversal:3288 android.view.ViewRootImpl$TraversalRunnable.run:11344
2026-02-10 13:14:36.979  9865-9865  ViewRootIm...nActivity] com.fishit.player.v2                 I  Relayout returned: old=(0,0,1080,2400) new=(0,0,1080,2400) relayoutAsync=false req=(1080,2400)0 dur=9 res=0x403 s={true 0xb4000074206dcbe0} ch=true seqId=0
2026-02-10 13:14:36.980  9865-9865  ViewRootIm...nActivity] com.fishit.player.v2                 I  performConfigurationChange setNightDimText nightDimLevel=0
2026-02-10 13:14:36.980  9865-9865  ViewRootIm...nActivity] com.fishit.player.v2                 D  mThreadedRenderer.initialize() mSurface={isValid=true 0xb4000074206dcbe0} hwInitialized=true
2026-02-10 13:14:36.986  9865-9865  ViewRootIm...nActivity] com.fishit.player.v2                 D  reportNextDraw android.view.ViewRootImpl.performTraversals:4718 android.view.ViewRootImpl.doTraversal:3288 android.view.ViewRootImpl$TraversalRunnable.run:11344 android.view.Choreographer$CallbackRecord.run:1689 android.view.Choreographer$CallbackRecord.run:1698
2026-02-10 13:14:36.986  9865-9865  ViewRootIm...nActivity] com.fishit.player.v2                 I  Setup new sync=wmsSync-ViewRootImpl@ed34e9e[MainActivity]#0
2026-02-10 13:14:36.987  9865-9865  ViewRootIm...nActivity] com.fishit.player.v2                 I  Creating new active sync group ViewRootImpl@ed34e9e[MainActivity]#1
2026-02-10 13:14:36.987  9865-9865  ViewRootIm...nActivity] com.fishit.player.v2                 I  registerCallbacksForSync syncBuffer=false
2026-02-10 13:14:36.992  9865-9912  ViewRootIm...nActivity] com.fishit.player.v2                 I  Received frameDrawingCallback syncResult=0 frameNum=1.
2026-02-10 13:14:36.992  9865-9912  ViewRootIm...nActivity] com.fishit.player.v2                 I  mWNT: t=0xb4000072d06b0e50 mBlastBufferQueue=0xb4000075006a7810 fn= 1 mRenderHdrSdrRatio=1.0 caller= android.view.ViewRootImpl$8.onFrameDraw:13841 android.view.ThreadedRenderer$1.onFrameDraw:792 <bottom of call stack>
2026-02-10 13:14:36.992  9865-9912  ViewRootIm...nActivity] com.fishit.player.v2                 I  Setting up sync and frameCommitCallback
2026-02-10 13:14:36.997  9865-9894  BLASTBufferQueue        com.fishit.player.v2                 I  [ViewRootImpl@ed34e9e[MainActivity]#0](f:0,a:0,s:0) onFrameAvailable the first frame is available
2026-02-10 13:14:36.997  9865-9894  ViewRootIm...nActivity] com.fishit.player.v2                 I  Received frameCommittedCallback lastAttemptedDrawFrameNum=1 didProduceBuffer=true
2026-02-10 13:14:36.997  9865-9894  OpenGLRenderer          com.fishit.player.v2                 D  CFMS:: SetUp Pid : 9865    Tid : 9894
2026-02-10 13:14:36.998  9865-9865  ViewRootIm...nActivity] com.fishit.player.v2                 I  reportDrawFinished seqId=0
2026-02-10 13:14:36.998  9865-9894  OpenGLRenderer          com.fishit.player.v2                 D  HWUI - treat SMPTE_170M as sRGB
2026-02-10 13:14:37.010  9865-9865  InsetsSourceConsumer    com.fishit.player.v2                 I  applyRequestedVisibilityToControl: visible=true, type=navigationBars, host=com.fishit.player.v2/com.fishit.player.v2.MainActivity
2026-02-10 13:14:37.011  9865-9865  InsetsSourceConsumer    com.fishit.player.v2                 I  applyRequestedVisibilityToControl: visible=true, type=statusBars, host=com.fishit.player.v2/com.fishit.player.v2.MainActivity
2026-02-10 13:14:37.042  9865-9865  ViewRootIm...nActivity] com.fishit.player.v2                 I  handleWindowFocusChanged: 1 0 call from android.view.ViewRootImpl.-$$Nest$mhandleWindowFocusChanged:0
2026-02-10 13:14:37.043  9865-9865  ViewRootIm...nActivity] com.fishit.player.v2                 D  mThreadedRenderer.initializeIfNeeded()#2 mSurface={isValid=true 0xb4000074206dcbe0}
2026-02-10 13:14:37.045  9865-9865  InputMethodManagerUtils com.fishit.player.v2                 D  startInputInner - Id : 0
2026-02-10 13:14:37.045  9865-9865  InputMethodManager      com.fishit.player.v2                 I  startInputInner - IInputMethodManagerGlobalInvoker.startInputOrWindowGainedFocus
2026-02-10 13:14:37.052  9865-9865  InputMethodManagerUtils com.fishit.player.v2                 D  startInputInner - Id : 0
2026-02-10 13:14:37.054  9865-9865  InsetsSourceConsumer    com.fishit.player.v2                 I  applyRequestedVisibilityToControl: visible=false, type=ime, host=com.fishit.player.v2/com.fishit.player.v2.MainActivity
2026-02-10 13:14:37.201  9865-9873  ishit.player.v2         com.fishit.player.v2                 I  Compiler allocated 7198KB to compile void android.view.ViewRootImpl.performTraversals()
2026-02-10 13:14:37.287  9865-9865  HomeViewModel           com.fishit.player.v2                 I  🏠 HomeViewModel INIT - Creating content flows and paging sources
2026-02-10 13:14:37.416  9865-9906  Compatibil...geReporter com.fishit.player.v2                 D  Compat change id reported: 263076149; UID 10514; state: ENABLED
2026-02-10 13:14:37.423  9865-9865  HomeViewModel           com.fishit.player.v2                 D  🔄 Movies PagingFlow recreated (trigger=0)
2026-02-10 13:14:37.423  9865-9865  NxHomeContentRepo       com.fishit.player.v2                 I  🎬 getMoviesPagingData() CALLED - Creating Movies PagingSource
2026-02-10 13:14:37.427  9865-9865  NxHomeContentRepo       com.fishit.player.v2                 D  🎬 Movies PagingSource FACTORY invoked
2026-02-10 13:14:37.435  9865-9865  NxHomeContentRepo       com.fishit.player.v2                 D  🔍 HomePagingSource.load() START | workType=MOVIE offset=0 loadSize=40
2026-02-10 13:14:37.438  9865-9885  ObjectBoxPagingSource   com.fishit.player.v2                 D  🔍 DB Query: offset=0 loadSize=40 → results=0
2026-02-10 13:14:37.438  9865-9885  NxHomeContentRepo       com.fishit.player.v2                 D  🔍 HomePagingSource: DB returned 0 works
2026-02-10 13:14:37.440  9865-9865  HomeViewModel           com.fishit.player.v2                 D  🔄 Series PagingFlow recreated (trigger=0)
2026-02-10 13:14:37.440  9865-9865  NxHomeContentRepo       com.fishit.player.v2                 I  📺 getSeriesPagingData() CALLED - Creating Series PagingSource
2026-02-10 13:14:37.443  9865-9865  NxHomeContentRepo       com.fishit.player.v2                 D  📺 Series PagingSource FACTORY invoked
2026-02-10 13:14:37.448  9865-9865  NxHomeContentRepo       com.fishit.player.v2                 D  🔍 HomePagingSource.load() START | workType=SERIES offset=0 loadSize=40
2026-02-10 13:14:37.449  9865-9886  ObjectBoxPagingSource   com.fishit.player.v2                 D  🔍 DB Query: offset=0 loadSize=40 → results=0
2026-02-10 13:14:37.449  9865-9886  NxHomeContentRepo       com.fishit.player.v2                 D  🔍 HomePagingSource: DB returned 0 works
2026-02-10 13:14:37.451  9865-9865  HomeViewModel           com.fishit.player.v2                 D  🔄 Clips PagingFlow recreated (trigger=0)
2026-02-10 13:14:37.458  9865-9865  NxHomeContentRepo       com.fishit.player.v2                 D  🔍 HomePagingSource.load() START | workType=CLIP offset=0 loadSize=40
2026-02-10 13:14:37.460  9865-9886  ObjectBoxPagingSource   com.fishit.player.v2                 D  🔍 DB Query: offset=0 loadSize=40 → results=0
2026-02-10 13:14:37.460  9865-9886  NxHomeContentRepo       com.fishit.player.v2                 D  🔍 HomePagingSource: DB returned 0 works
2026-02-10 13:14:37.461  9865-9865  HomeViewModel           com.fishit.player.v2                 D  🔄 Live PagingFlow recreated (trigger=0)
2026-02-10 13:14:37.467  9865-9865  NxHomeContentRepo       com.fishit.player.v2                 D  🔍 HomePagingSource.load() START | workType=LIVE_CHANNEL offset=0 loadSize=40
2026-02-10 13:14:37.470  9865-9886  ObjectBoxPagingSource   com.fishit.player.v2                 D  🔍 DB Query: offset=0 loadSize=40 → results=0
2026-02-10 13:14:37.470  9865-9865  HomeViewModel           com.fishit.player.v2                 D  🔄 RecentlyAdded PagingFlow recreated (trigger=0)
2026-02-10 13:14:37.470  9865-9886  NxHomeContentRepo       com.fishit.player.v2                 D  🔍 HomePagingSource: DB returned 0 works
2026-02-10 13:14:37.475  9865-9865  NxHomeContentRepo       com.fishit.player.v2                 D  🔍 HomePagingSource.load() START | workType=ALL offset=0 loadSize=40
2026-02-10 13:14:37.477  9865-9886  ObjectBoxPagingSource   com.fishit.player.v2                 D  🔍 DB Query: offset=0 loadSize=40 → results=0
2026-02-10 13:14:37.477  9865-9886  NxHomeContentRepo       com.fishit.player.v2                 D  🔍 HomePagingSource: DB returned 0 works
2026-02-10 13:14:37.609  9865-9865  WorkManage...teObserver com.fishit.player.v2                 W  Sync state: ENQUEUED | id=987ddee3 | attempts=2 | tags=[mode_expert_now, catalog_sync, worker/CatalogSyncOrchestratorWorker, com.fishit.player.v2.work.CatalogSyncOrchestratorWorker] | stopReason=UNKNOWN(-512) (⚠️ retry after previous attempt)
2026-02-10 13:14:37.611  9865-9865  NxHomeContentRepo       com.fishit.player.v2                 D  🔍 HomePagingSource: Processing 0 works for mapping
2026-02-10 13:14:37.611  9865-9865  NxHomeContentRepo       com.fishit.player.v2                 D  🔍 HomePagingSource: Processing 0 works for mapping
2026-02-10 13:14:37.612  9865-9865  NxHomeContentRepo       com.fishit.player.v2                 D  🔍 HomePagingSource: Processing 0 works for mapping
2026-02-10 13:14:37.612  9865-9865  NxHomeContentRepo       com.fishit.player.v2                 D  🔍 HomePagingSource: Processing 0 works for mapping
2026-02-10 13:14:37.613  9865-9865  NxHomeContentRepo       com.fishit.player.v2                 D  🔍 HomePagingSource: Filtered out episodes: 0 → 0
2026-02-10 13:14:37.614  9865-9865  NxHomeContentRepo       com.fishit.player.v2                 D  🔍 HomePagingSource: Processing 0 works for mapping
2026-02-10 13:14:37.655  9865-9865  NxHomeContentRepo       com.fishit.player.v2                 D  🔍 HomePagingSource: Loaded source refs for 0 works
2026-02-10 13:14:37.655  9865-9865  NxHomeContentRepo       com.fishit.player.v2                 I  ✅ HomePagingSource.load() RESULT | workType=SERIES offset=0 count=0 hasNext=false titles=
2026-02-10 13:14:37.660  9865-9865  NxHomeContentRepo       com.fishit.player.v2                 D  🔍 HomePagingSource: Loaded source refs for 0 works
2026-02-10 13:14:37.660  9865-9865  NxHomeContentRepo       com.fishit.player.v2                 I  ✅ HomePagingSource.load() RESULT | workType=MOVIE offset=0 count=0 hasNext=false titles=
2026-02-10 13:14:37.664  9865-9865  NxHomeContentRepo       com.fishit.player.v2                 D  🔍 HomePagingSource: Loaded source refs for 0 works
2026-02-10 13:14:37.664  9865-9865  NxHomeContentRepo       com.fishit.player.v2                 I  ✅ HomePagingSource.load() RESULT | workType=CLIP offset=0 count=0 hasNext=false titles=
2026-02-10 13:14:37.667  9865-9865  NxHomeContentRepo       com.fishit.player.v2                 D  🔍 HomePagingSource: Loaded source refs for 0 works
2026-02-10 13:14:37.667  9865-9865  NxHomeContentRepo       com.fishit.player.v2                 I  ✅ HomePagingSource.load() RESULT | workType=LIVE_CHANNEL offset=0 count=0 hasNext=false titles=
2026-02-10 13:14:37.670  9865-9865  NxHomeContentRepo       com.fishit.player.v2                 D  🔍 HomePagingSource: Loaded source refs for 0 works
2026-02-10 13:14:37.671  9865-9865  NxHomeContentRepo       com.fishit.player.v2                 I  ✅ HomePagingSource.load() RESULT | workType=ALL offset=0 count=0 hasNext=false titles=
2026-02-10 13:14:38.913  9865-9885  XtreamConnectionMgr     com.fishit.player.v2                 D  Initializing for konigtv.com (forceDiscovery=false)
2026-02-10 13:14:38.915  9865-9885  XtreamConnectionMgr     com.fishit.player.v2                 D  Resolved port: 8080
2026-02-10 13:14:38.972  9865-9977  TrafficStats            com.fishit.player.v2                 D  tagSocket(155) with statsTag=0xffffffff, statsUid=-1
2026-02-10 13:14:38.972  9865-9979  TrafficStats            com.fishit.player.v2                 D  tagSocket(147) with statsTag=0xffffffff, statsUid=-1
2026-02-10 13:14:38.973  9865-9980  TrafficStats            com.fishit.player.v2                 D  tagSocket(158) with statsTag=0xffffffff, statsUid=-1
2026-02-10 13:14:38.974  9865-9981  TrafficStats            com.fishit.player.v2                 D  tagSocket(89) with statsTag=0xffffffff, statsUid=-1
2026-02-10 13:14:38.974  9865-9978  TrafficStats            com.fishit.player.v2                 D  tagSocket(157) with statsTag=0xffffffff, statsUid=-1
2026-02-10 13:14:38.975  9865-9982  TrafficStats            com.fishit.player.v2                 D  tagSocket(156) with statsTag=0xffffffff, statsUid=-1
2026-02-10 13:14:38.976  9865-9983  TrafficStats            com.fishit.player.v2                 D  tagSocket(159) with statsTag=0xffffffff, statsUid=-1
2026-02-10 13:14:40.064  9865-9886  XtreamConnectionMgr     com.fishit.player.v2                 D  getServerInfo: Fetching...
2026-02-10 13:14:40.073  9865-9977  TrafficStats            com.fishit.player.v2                 D  tagSocket(89) with statsTag=0xffffffff, statsUid=-1
2026-02-10 13:14:40.164  9865-9886  HttpClient              com.fishit.player.v2                 D  HTTP 200 for konigtv.com/player_api.php | bytes=458 contentType=application/json
2026-02-10 13:14:40.164  9865-9886  HttpClient              com.fishit.player.v2                 D  Response received for konigtv.com/player_api.php (458 chars)
2026-02-10 13:14:40.165  9865-9886  XtreamConnectionMgr     com.fishit.player.v2                 D  getServerInfo: Received 458 bytes, parsing...
2026-02-10 13:14:40.173  9865-9886  XtreamConnectionMgr     com.fishit.player.v2                 D  Server info retrieved: konigtv.com
2026-02-10 13:14:40.175  9865-9886  XtreamSessionBootstrap  com.fishit.player.v2                 I  Xtream session validation succeeded
2026-02-10 13:14:40.184  9865-9886  XtreamCategoryPreloader com.fishit.player.v2                 I  Starting category preload (forceRefresh=false, accountKey=xtream:C...)
2026-02-10 13:14:40.426  9865-9886  HttpClient              com.fishit.player.v2                 D  HTTP 200 for konigtv.com/player_api.php | bytes=10494 contentType=application/json
2026-02-10 13:14:40.427  9865-9886  HttpClient              com.fishit.player.v2                 D  Response received for konigtv.com/player_api.php (10494 chars)
