2026-01-30 09:35:36.617 17307-17307 ViewRootIm...nActivity] com.fishit.player.v2                 I  ViewPostIme pointer 1
2026-01-30 09:35:37.079 17307-17307 ViewRootIm...nActivity] com.fishit.player.v2                 I  ViewPostIme pointer 0
2026-01-30 09:35:37.556 17307-17307 ViewRootIm...nActivity] com.fishit.player.v2                 I  ViewPostIme pointer 1
2026-01-30 09:35:37.972 17307-17307 ViewRootIm...nActivity] com.fishit.player.v2                 I  ViewPostIme pointer 0
2026-01-30 09:35:38.031 17307-17307 ViewRootIm...nActivity] com.fishit.player.v2                 I  ViewPostIme pointer 1
2026-01-30 09:35:38.070 17307-17307 WindowOnBackDispatcher  com.fishit.player.v2                 W  OnBackInvokedCallback is not enabled for the application.
                                                                                                    Set 'android:enableOnBackInvokedCallback="true"' in the application manifest.
2026-01-30 09:35:38.109 17307-17307 LeakDiagnostics         com.fishit.player.v2                 W  Failed to get leak summary: objectWatcher
2026-01-30 09:35:38.109 17307-17307 LeakDiagnostics         com.fishit.player.v2                 W  Failed to get detailed status: objectWatcher
2026-01-30 09:35:38.139 17307-17611 CacheManager            com.fishit.player.v2                 D  TDLib files cache size: 0 bytes
2026-01-30 09:35:38.479 17307-17610 XtreamCredStore         com.fishit.player.v2                 I  Read stored config: scheme=http, host=konigtv.com, port=8080
2026-01-30 09:35:38.513 17307-18013 CacheManager            com.fishit.player.v2                 D  Image cache size: 0 bytes
2026-01-30 09:35:38.560 17307-17322 ishit.player.v2         com.fishit.player.v2                 I  Background concurrent copying GC freed 633694(27MB) AllocSpace objects, 0(0B) LOS objects, 36% free, 41MB/65MB, paused 322us,1.050ms total 308.804ms
2026-01-30 09:35:38.875 17307-17307 WorkManage...teObserver com.fishit.player.v2                 I  Sync state: SUCCEEDED
2026-01-30 09:35:38.889 17307-17609 CacheManager            com.fishit.player.v2                 D  Database size: 32956416 bytes
2026-01-30 09:35:39.283 17307-17322 ishit.player.v2         com.fishit.player.v2                 I  Background young concurrent copying GC freed 432703(14MB) AllocSpace objects, 0(0B) LOS objects, 0% free, 67MB/67MB, paused 141us,1.361ms total 359.249ms
2026-01-30 09:35:39.492 17307-17307 Choreographer           com.fishit.player.v2                 I  Skipped 37 frames!  The application may be doing too much work on its main thread.
2026-01-30 09:35:39.568 17307-17337 OpenGLRenderer          com.fishit.player.v2                 I  Davey! duration=701ms; Flags=0, FrameTimelineVsyncId=1786130, IntendedVsync=35643362119611, Vsync=35643979476562, InputEventId=0, HandleInputStart=35643994752004, AnimationStart=35643994761773, PerformTraversalsStart=35644032199312, DrawStart=35644032323658, FrameDeadline=35643412168717, FrameInterval=35643993700504, FrameStartTime=16685323, SyncQueued=35644052340389, SyncStart=35644052499312, IssueDrawCommandsStart=35644052765542, SwapBuffers=35644057968965, FrameCompleted=35644063323735, DequeueBufferDuration=36269, QueueBufferDuration=1198731, GpuCompleted=35644060087465, SwapBuffersCompleted=35644063323735, DisplayPresentTime=35510798496292, CommandSubmissionCompleted=35644057968965,
2026-01-30 09:35:39.881 17307-17322 ishit.player.v2         com.fishit.player.v2                 I  Background concurrent copying GC freed 709647(30MB) AllocSpace objects, 0(0B) LOS objects, 26% free, 67MB/91MB, paused 344us,191us total 596.546ms
2026-01-30 09:35:39.986 17307-17611 CatalogSyncService      com.fishit.player.v2                 D  Xtream batch complete (HOT PATH/NX): ingested=400 total_ms=5430
2026-01-30 09:35:39.987 17307-17611 XtreamCatalogScanWorker com.fishit.player.v2                 D  PROGRESS discovered=23400 persisted=23400 phase=null
2026-01-30 09:35:39.987 17307-17611 SyncPerfMetrics         com.fishit.player.v2                 D  Phase MOVIES started
2026-01-30 09:35:39.987 17307-17611 XtreamCatalogScanWorker com.fishit.player.v2                 D  PROGRESS discovered=23400 persisted=23400 phase=VOD
2026-01-30 09:35:40.002 17307-17611 XTC                     com.fishit.player.v2                 D  [VOD] DTO→Raw #2500 | id=xtream:vod:384161 | title="Emily the Criminal (2022)" | sourceType=XTREAM | Fields: ✓[year=2022, poster] ✗[plot, cast, director, backdrop, duration, tmdb]
2026-01-30 09:35:40.005 17307-17589 XtreamCatalogScanWorker com.fishit.player.v2                 D  PROGRESS discovered=23500 persisted=23400 phase=null
2026-01-30 09:35:40.006 17307-17589 SyncPerfMetrics         com.fishit.player.v2                 D  Phase MOVIES started
2026-01-30 09:35:40.007 17307-17589 XtreamCatalogScanWorker com.fishit.player.v2                 D  PROGRESS discovered=23500 persisted=23400 phase=VOD
2026-01-30 09:35:40.020 17307-17611 StreamingJsonParser     com.fishit.player.v2                 W  streamInBatches mapper error #1: timeout
2026-01-30 09:35:40.021 17307-17611 XtreamApiClient         com.fishit.player.v2                 W  streamContentInBatches(get_vod_streams): streamFromUrl FAILED for alias=vod params={category_id=*} | SocketException: Socket closed
2026-01-30 09:35:40.029 17307-17589 SyncBatchManager        com.fishit.player.v2                 D  Time-based flush for MOVIES: 100 items after 5474ms
2026-01-30 09:35:40.030 17307-17589 SyncBatchManager        com.fishit.player.v2                 D  Flushing MOVIES batch: 100 items (timeBased=true)
2026-01-30 09:35:40.031 17307-17589 CatalogSyncService      com.fishit.player.v2                 D  Persisting Xtream catalog batch (NX-ONLY): 100 items (canonical_linking=false)
2026-01-30 09:35:40.031 17307-17611 XtreamApiClient         com.fishit.player.v2                 D  buildPlayerApiUrl: action=get_movie_streams -> konigtv.com/player_api.php
2026-01-30 09:35:40.032 17307-17611 XtreamApiClient         com.fishit.player.v2                 D  streamFromUrl: CALLED for konigtv.com/player_api.php
2026-01-30 09:35:40.191 17307-17611 XtreamApiClient         com.fishit.player.v2                 D  StreamingFetch: Detected GZIP for konigtv.com/player_api.php (manual decompression)
2026-01-30 09:35:40.192 17307-17611 XtreamApiClient         com.fishit.player.v2                 D  StreamingFetch: Success for konigtv.com/player_api.php, streaming response
2026-01-30 09:35:40.195 17307-17611 XtreamApiClient         com.fishit.player.v2                 D  streamFromUrl: Starting StreamingJsonParser.streamInBatches() for konigtv.com/player_api.php
2026-01-30 09:35:40.200 17307-17611 XtreamApiClient         com.fishit.player.v2                 D  StreamBatch: 0 items in 0 batches (7ms) | errors=0
2026-01-30 09:35:40.203 17307-17611 XtreamApiClient         com.fishit.player.v2                 W  streamFromUrl: ZERO items parsed from konigtv.com/player_api.php | batchCount=0 errors=0
2026-01-30 09:35:40.208 17307-17611 XtreamApiClient         com.fishit.player.v2                 D  buildPlayerApiUrl: action=get_movies_streams -> konigtv.com/player_api.php
2026-01-30 09:35:40.210 17307-17611 XtreamApiClient         com.fishit.player.v2                 D  streamFromUrl: CALLED for konigtv.com/player_api.php
2026-01-30 09:35:40.296 17307-17307 Choreographer           com.fishit.player.v2                 I  Skipped 45 frames!  The application may be doing too much work on its main thread.
2026-01-30 09:35:40.401 17307-17337 OpenGLRenderer          com.fishit.player.v2                 I  Davey! duration=847ms; Flags=0, FrameTimelineVsyncId=1786144, IntendedVsync=35644046222638, Vsync=35644797063073, InputEventId=0, HandleInputStart=35644800382657, AnimationStart=35644800395542, PerformTraversalsStart=35644862269965, DrawStart=35644862706003, FrameDeadline=35644079569843, FrameInterval=35644797942311, FrameStartTime=16685343, SyncQueued=35644882565965, SyncStart=35644882771234, IssueDrawCommandsStart=35644883041311, SwapBuffers=35644889398811, FrameCompleted=35644894186234, DequeueBufferDuration=35193, QueueBufferDuration=2684577, GpuCompleted=35644892387773, SwapBuffersCompleted=35644894186234, DisplayPresentTime=35510815273753, CommandSubmissionCompleted=35644889398811,
2026-01-30 09:35:40.446 17307-17611 XtreamApiClient         com.fishit.player.v2                 D  StreamingFetch: Detected GZIP for konigtv.com/player_api.php (manual decompression)
2026-01-30 09:35:40.448 17307-17611 XtreamApiClient         com.fishit.player.v2                 D  StreamingFetch: Success for konigtv.com/player_api.php, streaming response
2026-01-30 09:35:40.454 17307-17611 XtreamApiClient         com.fishit.player.v2                 D  streamFromUrl: Starting StreamingJsonParser.streamInBatches() for konigtv.com/player_api.php
2026-01-30 09:35:40.468 17307-17611 XtreamApiClient         com.fishit.player.v2                 D  StreamBatch: 0 items in 0 batches (18ms) | errors=0
2026-01-30 09:35:40.471 17307-17611 XtreamApiClient         com.fishit.player.v2                 W  streamFromUrl: ZERO items parsed from konigtv.com/player_api.php | batchCount=0 errors=0
2026-01-30 09:35:40.481 17307-17611 XtreamApiClient         com.fishit.player.v2                 D  buildPlayerApiUrl: action=get_vod_streams -> konigtv.com/player_api.php
2026-01-30 09:35:40.484 17307-17611 XtreamApiClient         com.fishit.player.v2                 D  streamFromUrl: CALLED for konigtv.com/player_api.php
2026-01-30 09:35:40.606 17307-17322 ishit.player.v2         com.fishit.player.v2                 I  Background young concurrent copying GC freed 514388(17MB) AllocSpace objects, 0(0B) LOS objects, 0% free, 94MB/94MB, paused 140us,292us total 374.967ms
2026-01-30 09:35:40.859 17307-17322 ishit.player.v2         com.fishit.player.v2                 I  Background concurrent copying GC freed 950905(42MB) AllocSpace objects, 0(0B) LOS objects, 27% free, 64MB/88MB, paused 133us,84us total 244.674ms
2026-01-30 09:35:40.934 17307-17307 Choreographer           com.fishit.player.v2                 I  Skipped 34 frames!  The application may be doing too much work on its main thread.
2026-01-30 09:35:41.618 17307-17322 ishit.player.v2         com.fishit.player.v2                 I  Background young concurrent copying GC freed 413631(14MB) AllocSpace objects, 0(0B) LOS objects, 0% free, 89MB/89MB, paused 225us,191us total 329.052ms
2026-01-30 09:35:41.771 17307-17611 XtreamApiClient         com.fishit.player.v2                 D  StreamingFetch: Detected GZIP for konigtv.com/player_api.php (manual decompression)
2026-01-30 09:35:41.772 17307-17611 XtreamApiClient         com.fishit.player.v2                 D  StreamingFetch: Success for konigtv.com/player_api.php, streaming response
2026-01-30 09:35:41.775 17307-17611 XtreamApiClient         com.fishit.player.v2                 D  streamFromUrl: Starting StreamingJsonParser.streamInBatches() for konigtv.com/player_api.php
2026-01-30 09:35:41.814 17307-18566 CatalogSyncService      com.fishit.player.v2                 D  Xtream batch complete (HOT PATH/NX): ingested=100 total_ms=1784
2026-01-30 09:35:41.815 17307-18566 CatalogSyncService      com.fishit.player.v2                 D  Time-based flush MOVIES: 100 items in 1785ms
2026-01-30 09:35:41.897 17307-17611 XTC                     com.fishit.player.v2                 D  [VOD] DTO→Raw #2550 | id=xtream:vod:801981 | title="Anaconda | 2025 | 6.7" | sourceType=XTREAM | Fields: ✓[year=2025, poster] ✗[plot, cast, director, backdrop, duration, tmdb]
2026-01-30 09:35:41.914 17307-17611 XTC                     com.fishit.player.v2                 D  [VOD] DTO→Raw #2600 | id=xtream:vod:800634 | title="Whiteout - Überleben ist alles | 2025 | " | sourceType=XTREAM | Fields: ✓[year=2025, poster] ✗[plot, cast, director, backdrop, duration, tmdb]
2026-01-30 09:35:41.915 17307-18013 XtreamCatalogScanWorker com.fishit.player.v2                 D  PROGRESS discovered=23600 persisted=23500 phase=null
2026-01-30 09:35:41.916 17307-18013 SyncPerfMetrics         com.fishit.player.v2                 D  Phase MOVIES started
2026-01-30 09:35:41.917 17307-18013 XtreamCatalogScanWorker com.fishit.player.v2                 D  PROGRESS discovered=23600 persisted=23500 phase=VOD
2026-01-30 09:35:41.931 17307-17611 XTC                     com.fishit.player.v2                 D  [VOD] DTO→Raw #2650 | id=xtream:vod:798830 | title="825 Forest Road | 2025 | 5.9 |" | sourceType=XTREAM | Fields: ✓[year=2025, poster] ✗[plot, cast, director, backdrop, duration, tmdb]
2026-01-30 09:35:41.948 17307-17611 XTC                     com.fishit.player.v2                 D  [VOD] DTO→Raw #2700 | id=xtream:vod:797304 | title="Frankenstein | 2025 | 7.9 |" | sourceType=XTREAM | Fields: ✓[year=2025, poster] ✗[plot, cast, director, backdrop, duration, tmdb]
2026-01-30 09:35:41.949 17307-18013 XtreamCatalogScanWorker com.fishit.player.v2                 D  PROGRESS discovered=23700 persisted=23500 phase=null
2026-01-30 09:35:41.950 17307-18013 SyncPerfMetrics         com.fishit.player.v2                 D  Phase MOVIES started
2026-01-30 09:35:41.951 17307-18013 XtreamCatalogScanWorker com.fishit.player.v2                 D  PROGRESS discovered=23700 persisted=23500 phase=VOD
2026-01-30 09:35:41.962 17307-17611 XTC                     com.fishit.player.v2                 D  [VOD] DTO→Raw #2750 | id=xtream:vod:794087 | title="Jenseits der blauen Grenze | 2024 | 6.4 " | sourceType=XTREAM | Fields: ✓[year=2024, poster] ✗[plot, cast, director, backdrop, duration, tmdb]
2026-01-30 09:35:41.990 17307-17611 XTC                     com.fishit.player.v2                 D  [VOD] DTO→Raw #2800 | id=xtream:vod:791360 | title="All of You | 2025 | 6.5 |" | sourceType=XTREAM | Fields: ✓[year=2025, poster] ✗[plot, cast, director, backdrop, duration, tmdb]
2026-01-30 09:35:41.991 17307-18566 XtreamCatalogScanWorker com.fishit.player.v2                 D  PROGRESS discovered=23800 persisted=23500 phase=null
2026-01-30 09:35:41.993 17307-18566 SyncPerfMetrics         com.fishit.player.v2                 D  Phase MOVIES started
2026-01-30 09:35:41.994 17307-18566 XtreamCatalogScanWorker com.fishit.player.v2                 D  PROGRESS discovered=23800 persisted=23500 phase=VOD
2026-01-30 09:35:42.008 17307-17611 XTC                     com.fishit.player.v2                 D  [VOD] DTO→Raw #2850 | id=xtream:vod:788976 | title="Was ist Liebe wert - Materialists | 2025" | sourceType=XTREAM | Fields: ✓[year=2025, poster] ✗[plot, cast, director, backdrop, duration, tmdb]
2026-01-30 09:35:42.016 17307-18566 SyncBatchManager        com.fishit.player.v2                 D  Time-based flush for MOVIES: 368 items after 1986ms
2026-01-30 09:35:42.017 17307-18566 SyncBatchManager        com.fishit.player.v2                 D  Flushing MOVIES batch: 368 items (timeBased=true)
2026-01-30 09:35:42.018 17307-18566 CatalogSyncService      com.fishit.player.v2                 D  Persisting Xtream catalog batch (NX-ONLY): 368 items (canonical_linking=false)
2026-01-30 09:35:42.028 17307-17611 XTC                     com.fishit.player.v2                 D  [VOD] DTO→Raw #2900 | id=xtream:vod:786362 | title="Checkmates - Ziemlich schräge Figuren | " | sourceType=XTREAM | Fields: ✓[year=2024, poster] ✗[plot, cast, director, backdrop, duration, tmdb]
2026-01-30 09:35:42.033 17307-17589 XtreamCatalogScanWorker com.fishit.player.v2                 D  PROGRESS discovered=23900 persisted=23500 phase=null
2026-01-30 09:35:42.035 17307-17589 SyncPerfMetrics         com.fishit.player.v2                 D  Phase MOVIES started
2026-01-30 09:35:42.036 17307-17589 XtreamCatalogScanWorker com.fishit.player.v2                 D  PROGRESS discovered=23900 persisted=23500 phase=VOD
2026-01-30 09:35:42.053 17307-17307 Choreographer           com.fishit.player.v2                 I  Skipped 63 frames!  The application may be doing too much work on its main thread.
2026-01-30 09:35:42.070 17307-17611 XTC                     com.fishit.player.v2                 D  [VOD] DTO→Raw #2950 | id=xtream:vod:783657 | title="The Ballad of Wallis Island | 2025 | 7.0" | sourceType=XTREAM | Fields: ✓[year=2025, poster] ✗[plot, cast, director, backdrop, duration, tmdb]
2026-01-30 09:35:42.093 17307-17611 XTC                     com.fishit.player.v2                 D  [VOD] DTO→Raw #3000 | id=xtream:vod:780844 | title="Shadow of God | 2025 | 5.0 |" | sourceType=XTREAM | Fields: ✓[year=2025, poster] ✗[plot, cast, director, backdrop, duration, tmdb]
2026-01-30 09:35:42.095 17307-18016 XtreamCatalogScanWorker com.fishit.player.v2                 D  PROGRESS discovered=24000 persisted=23500 phase=null
2026-01-30 09:35:42.097 17307-18016 SyncPerfMetrics         com.fishit.player.v2                 D  Phase MOVIES started
2026-01-30 09:35:42.098 17307-18016 XtreamCatalogScanWorker com.fishit.player.v2                 D  PROGRESS discovered=24000 persisted=23500 phase=VOD
2026-01-30 09:35:42.140 17307-17337 OpenGLRenderer          com.fishit.player.v2                 I  Davey! duration=1132ms; Flags=0, FrameTimelineVsyncId=1786173, IntendedVsync=35645497473591, Vsync=35646548896530, InputEventId=0, HandleInputStart=35646556290656, AnimationStart=35646556304425, PerformTraversalsStart=35646613554579, DrawStart=35646613725848, FrameDeadline=35645529833988, FrameInterval=35646554750925, FrameStartTime=16689253, SyncQueued=35646619466425, SyncStart=35646619725156, IssueDrawCommandsStart=35646620167810, SwapBuffers=35646626333848, FrameCompleted=35646629813002, DequeueBufferDuration=53269, QueueBufferDuration=733693, GpuCompleted=35646629610541, SwapBuffersCompleted=35646629813002, DisplayPresentTime=35510848569445, CommandSubmissionCompleted=35646626333848,
2026-01-30 09:35:42.159 17307-17611 XTC                     com.fishit.player.v2                 D  [VOD] DTO→Raw #3050 | id=xtream:vod:779064 | title="Escape - Der unsichtbare Feind | 2024 | " | sourceType=XTREAM | Fields: ✓[year=2024, poster] ✗[plot, cast, director, backdrop, duration, tmdb]
2026-01-30 09:35:42.163 17307-17611 XTC                     com.fishit.player.v2                 D  [VOD] DTO→Raw #3100 | id=xtream:vod:776412 | title="WWE WrestleMania 41: Sunday | 2025 | 6.1" | sourceType=XTREAM | Fields: ✓[year=2025, poster] ✗[plot, cast, director, backdrop, duration, tmdb]
2026-01-30 09:35:42.184 17307-17610 XtreamCatalogScanWorker com.fishit.player.v2                 D  PROGRESS discovered=24100 persisted=23500 phase=null
2026-01-30 09:35:42.184 17307-17610 SyncPerfMetrics         com.fishit.player.v2                 D  Phase MOVIES started
2026-01-30 09:35:42.185 17307-17610 XtreamCatalogScanWorker com.fishit.player.v2                 D  PROGRESS discovered=24100 persisted=23500 phase=VOD
2026-01-30 09:35:42.201 17307-17589 XTC                     com.fishit.player.v2                 D  [VOD] DTO→Raw #3150 | id=xtream:vod:773840 | title="Vena | 2024 | 7.7 |" | sourceType=XTREAM | Fields: ✓[year=2024, poster] ✗[plot, cast, director, backdrop, duration, tmdb]
2026-01-30 09:35:42.208 17307-17589 XTC                     com.fishit.player.v2                 D  [VOD] DTO→Raw #3200 | id=xtream:vod:771263 | title="Old Guy - Alter Hund mit neuen Tricks | " | sourceType=XTREAM | Fields: ✓[year=2024, poster] ✗[plot, cast, director, backdrop, duration, tmdb]
2026-01-30 09:35:42.209 17307-18013 XtreamCatalogScanWorker com.fishit.player.v2                 D  PROGRESS discovered=24200 persisted=23500 phase=null
2026-01-30 09:35:42.210 17307-18013 SyncPerfMetrics         com.fishit.player.v2                 D  Phase MOVIES started
2026-01-30 09:35:42.211 17307-18013 XtreamCatalogScanWorker com.fishit.player.v2                 D  PROGRESS discovered=24200 persisted=23500 phase=VOD
2026-01-30 09:35:42.216 17307-17589 XTC                     com.fishit.player.v2                 D  [VOD] DTO→Raw #3250 | id=xtream:vod:767670 | title="We Live in Time | 2024 | 7.5 |" | sourceType=XTREAM | Fields: ✓[year=2024, poster] ✗[plot, cast, director, backdrop, duration, tmdb]
2026-01-30 09:35:42.228 17307-17579 XTC                     com.fishit.player.v2                 D  [VOD] DTO→Raw #3300 | id=xtream:vod:765621 | title="The Killer | 2024 | 6.4 |" | sourceType=XTREAM | Fields: ✓[year=2024, poster] ✗[plot, cast, director, backdrop, duration, tmdb]
2026-01-30 09:35:42.230 17307-18013 SyncBatchManager        com.fishit.player.v2                 D  Flushing MOVIES batch: 400 items (timeBased=false)
2026-01-30 09:35:42.231 17307-18013 CatalogSyncService      com.fishit.player.v2                 D  Persisting Xtream catalog batch (NX-ONLY): 400 items (canonical_linking=false)
2026-01-30 09:35:42.582 17307-17322 ishit.player.v2         com.fishit.player.v2                 I  Background concurrent copying GC freed 898689(36MB) AllocSpace objects, 0(0B) LOS objects, 18% free, 106MB/130MB, paused 2.737ms,428us total 939.416ms
2026-01-30 09:35:42.908 17307-17307 Choreographer           com.fishit.player.v2                 I  Skipped 47 frames!  The application may be doing too much work on its main thread.
2026-01-30 09:35:43.006 17307-17337 OpenGLRenderer          com.fishit.player.v2                 I  Davey! duration=883ms; Flags=0, FrameTimelineVsyncId=1786187, IntendedVsync=35646614690962, Vsync=35647398024264, InputEventId=0, HandleInputStart=35647413506502, AnimationStart=35647413520848, PerformTraversalsStart=35647467005925, DrawStart=35647467393463, FrameDeadline=35646649009461, FrameInterval=35647410142848, FrameStartTime=16666666, SyncQueued=35647484649809, SyncStart=35647484952502, IssueDrawCommandsStart=35647485342078, SwapBuffers=35647490680771, FrameCompleted=35647498220501, DequeueBufferDuration=58116, QueueBufferDuration=2093615, GpuCompleted=35647494671001, SwapBuffersCompleted=35647498220501, DisplayPresentTime=35510865215676, CommandSubmissionCompleted=35647490680771,
2026-01-30 09:35:43.461 17307-17322 ishit.player.v2         com.fishit.player.v2                 I  Background young concurrent copying GC freed 798968(29MB) AllocSpace objects, 0(0B) LOS objects, 1% free, 128MB/130MB, paused 440us,162us total 512.297ms
2026-01-30 09:35:43.829 17307-17307 Choreographer           com.fishit.player.v2                 I  Skipped 50 frames!  The application may be doing too much work on its main thread.
2026-01-30 09:35:43.941 17307-17337 OpenGLRenderer          com.fishit.player.v2                 I  Davey! duration=940ms; Flags=0, FrameTimelineVsyncId=1786202, IntendedVsync=35647482115781, Vsync=35648315449081, InputEventId=0, HandleInputStart=35648335518809, AnimationStart=35648335537001, PerformTraversalsStart=35648385747270, DrawStart=35648386129732, FrameDeadline=35647514690926, FrameInterval=35648330522501, FrameStartTime=16666666, SyncQueued=35648402122193, SyncStart=35648402442116, IssueDrawCommandsStart=35648402868001, SwapBuffers=35648418582578, FrameCompleted=35648422792501, DequeueBufferDuration=62846, QueueBufferDuration=1903846, GpuCompleted=35648422067809, SwapBuffersCompleted=35648422792501, DisplayPresentTime=35510881907292, CommandSubmissionCompleted=35648418582578,
2026-01-30 09:35:44.843 17307-17307 Choreographer           com.fishit.player.v2                 I  Skipped 56 frames!  The application may be doing too much work on its main thread.
2026-01-30 09:35:44.911 17307-17337 OpenGLRenderer          com.fishit.player.v2                 I  Davey! duration=984ms; Flags=0, FrameTimelineVsyncId=1786217, IntendedVsync=35648399602614, Vsync=35649332935910, InputEventId=0, HandleInputStart=35649345253769, AnimationStart=35649345262808, PerformTraversalsStart=35649363393423, DrawStart=35649363723500, FrameDeadline=35648448782409, FrameInterval=35649344443423, FrameStartTime=16666666, SyncQueued=35649369465269, SyncStart=35649371082962, IssueDrawCommandsStart=35649371534000, SwapBuffers=35649379204616, FrameCompleted=35649385452154, DequeueBufferDuration=61654, QueueBufferDuration=1140154, GpuCompleted=35649384656654, SwapBuffersCompleted=35649385452154, DisplayPresentTime=35510898622561, CommandSubmissionCompleted=35649379204616,
2026-01-30 09:35:44.947 17307-17579 ishit.player.v2         com.fishit.player.v2                 W  Weak pointer dereference blocked for 13 milliseconds.
2026-01-30 09:35:45.188 17307-17322 ishit.player.v2         com.fishit.player.v2                 I  Background concurrent copying GC freed 1862243(81MB) AllocSpace objects, 0(0B) LOS objects, 15% free, 131MB/155MB, paused 584us,2.548ms total 1.697s
2026-01-30 09:35:45.504 17307-17307 Choreographer           com.fishit.player.v2                 I  Skipped 38 frames!  The application may be doing too much work on its main thread.
2026-01-30 09:35:46.307 17307-17307 Choreographer           com.fishit.player.v2                 I  Skipped 46 frames!  The application may be doing too much work on its main thread.
2026-01-30 09:35:46.344 17307-17330 OpenGLRenderer          com.fishit.player.v2                 I  Davey! duration=801ms; Flags=0, FrameTimelineVsyncId=1786260, IntendedVsync=35650034926396, Vsync=35650802464916, InputEventId=0, HandleInputStart=35650809082730, AnimationStart=35650809089922, PerformTraversalsStart=35650824497115, DrawStart=35650824673038, FrameDeadline=35650054040527, FrameInterval=35650808541115, FrameStartTime=16685620, SyncQueued=35650829607961, SyncStart=35650829789691, IssueDrawCommandsStart=35650829949807, SwapBuffers=35650832546653, FrameCompleted=35650837032461, DequeueBufferDuration=29307, QueueBufferDuration=434692, GpuCompleted=35650837032461, SwapBuffersCompleted=35650834936768, DisplayPresentTime=35510932075022, CommandSubmissionCompleted=35650832546653,
2026-01-30 09:35:46.664 17307-17322 ishit.player.v2         com.fishit.player.v2                 I  Background young concurrent copying GC freed 1077697(37MB) AllocSpace objects, 0(0B) LOS objects, 0% free, 164MB/164MB, paused 1.212ms,325us total 1.075s
2026-01-30 09:35:47.057 17307-17307 Choreographer           com.fishit.player.v2                 I  Skipped 43 frames!  The application may be doing too much work on its main thread.
2026-01-30 09:35:47.111 17307-17330 OpenGLRenderer          com.fishit.player.v2                 I  Davey! duration=763ms; Flags=0, FrameTimelineVsyncId=1786282, IntendedVsync=35650835738810, Vsync=35651553190026, InputEventId=0, HandleInputStart=35651561308845, AnimationStart=35651561318306, PerformTraversalsStart=35651585905383, DrawStart=35651586090729, FrameDeadline=35650869188442, FrameInterval=35651559210229, FrameStartTime=16684912, SyncQueued=35651592685383, SyncStart=35651592857806, IssueDrawCommandsStart=35651593731614, SwapBuffers=35651596329075, FrameCompleted=35651599396114, DequeueBufferDuration=31653, QueueBufferDuration=409269, GpuCompleted=35651599396114, SwapBuffersCompleted=35651598351883, DisplayPresentTime=35510948678330, CommandSubmissionCompleted=35651596329075,
2026-01-30 09:35:47.257 17307-17322 ishit.player.v2         com.fishit.player.v2                 I  Background concurrent copying GC freed 2065496(92MB) AllocSpace objects, 0(0B) LOS objects, 19% free, 98MB/122MB, paused 275us,105us total 592.161ms
2026-01-30 09:35:47.948 17307-17307 Choreographer           com.fishit.player.v2                 I  Skipped 51 frames!  The application may be doing too much work on its main thread.
2026-01-30 09:35:48.007 17307-17330 OpenGLRenderer          com.fishit.player.v2                 I  Davey! duration=907ms; Flags=0, FrameTimelineVsyncId=1786295, IntendedVsync=35651586451934, Vsync=35652437353223, InputEventId=0, HandleInputStart=35652451660652, AnimationStart=35652451667767, PerformTraversalsStart=35652470091113, DrawStart=35652470268690, FrameDeadline=35651619911428, FrameInterval=35652450130690, FrameStartTime=16684339, SyncQueued=35652476557690, SyncStart=35652477459383, IssueDrawCommandsStart=35652479237113, SwapBuffers=35652489177536, FrameCompleted=35652494992883, DequeueBufferDuration=63539, QueueBufferDuration=2656730, GpuCompleted=35652492667421, SwapBuffersCompleted=35652494992883, DisplayPresentTime=35510965284215, CommandSubmissionCompleted=35652489177536,
2026-01-30 09:35:48.239 17307-17322 ishit.player.v2         com.fishit.player.v2                 I  Background young concurrent copying GC freed 530157(18MB) AllocSpace objects, 0(0B) LOS objects, 0% free, 131MB/131MB, paused 312us,519us total 541.995ms
2026-01-30 09:35:48.886 17307-17307 Choreographer           com.fishit.player.v2                 I  Skipped 54 frames!  The application may be doing too much work on its main thread.
2026-01-30 09:35:49.011 17307-17330 OpenGLRenderer          com.fishit.player.v2                 I  Davey! duration=1008ms; Flags=0, FrameTimelineVsyncId=1786309, IntendedVsync=35652486726549, Vsync=35653386726513, InputEventId=0, HandleInputStart=35653392148420, AnimationStart=35653392170074, PerformTraversalsStart=35653461716151, DrawStart=35653462130805, FrameDeadline=35652520757245, FrameInterval=35653387323882, FrameStartTime=16666666, SyncQueued=35653481607882, SyncStart=35653481895997, IssueDrawCommandsStart=35653483324651, SwapBuffers=35653490264536, FrameCompleted=35653495990228, DequeueBufferDuration=55385, QueueBufferDuration=1666346, GpuCompleted=35653494656459, SwapBuffersCompleted=35653495990228, DisplayPresentTime=35510982014945, CommandSubmissionCompleted=35653490264536,
2026-01-30 09:35:49.546 17307-17322 ishit.player.v2         com.fishit.player.v2                 I  Background concurrent copying GC freed 1776018(74MB) AllocSpace objects, 0(0B) LOS objects, 15% free, 129MB/153MB, paused 4.207ms,296us total 1.305s
2026-01-30 09:35:49.650 17307-17307 Choreographer           com.fishit.player.v2                 I  Skipped 40 frames!  The application may be doing too much work on its main thread.
2026-01-30 09:35:49.695 17307-17330 OpenGLRenderer          com.fishit.player.v2                 I  Davey! duration=707ms; Flags=0, FrameTimelineVsyncId=1786330, IntendedVsync=35653471015991, Vsync=35654138295951, InputEventId=0, HandleInputStart=35654151719804, AnimationStart=35654151725035, PerformTraversalsStart=35654163803227, DrawStart=35654163942381, FrameDeadline=35653520059841, FrameInterval=35654151273689, FrameStartTime=16681999, SyncQueued=35654168050381, SyncStart=35654168435497, IssueDrawCommandsStart=35654168816766, SwapBuffers=35654175510343, FrameCompleted=35654179277843, DequeueBufferDuration=54231, QueueBufferDuration=775154, GpuCompleted=35654179190343, SwapBuffersCompleted=35654179277843, DisplayPresentTime=35511298966907, CommandSubmissionCompleted=35654175510343,
2026-01-30 09:35:50.413 17307-17307 Choreographer           com.fishit.player.v2                 I  Skipped 44 frames!  The application may be doing too much work on its main thread.
2026-01-30 09:35:50.438 17307-17322 ishit.player.v2         com.fishit.player.v2                 I  Background young concurrent copying GC freed 979170(35MB) AllocSpace objects, 0(0B) LOS objects, 4% free, 147MB/153MB, paused 318us,260us total 554.230ms
2026-01-30 09:35:50.514 17307-17330 OpenGLRenderer          com.fishit.player.v2                 I  Davey! duration=829ms; Flags=0, FrameTimelineVsyncId=1786344, IntendedVsync=35654171659949, Vsync=35654905667905, InputEventId=0, HandleInputStart=35654915966342, AnimationStart=35654915980304, PerformTraversalsStart=35654970755612, DrawStart=35654971219035, FrameDeadline=35654205008614, FrameInterval=35654914850919, FrameStartTime=16681999, SyncQueued=35654987733188, SyncStart=35654988036804, IssueDrawCommandsStart=35654988504073, SwapBuffers=35654993902573, FrameCompleted=35655001872573, DequeueBufferDuration=62731, QueueBufferDuration=1604231, GpuCompleted=35655001872573, SwapBuffersCompleted=35655000988112, DisplayPresentTime=35511315599714, CommandSubmissionCompleted=35654993902573,
2026-01-30 09:35:50.883 17307-17307 ViewRootIm...nActivity] com.fishit.player.v2                 I  ViewPostIme pointer 0
2026-01-30 09:35:50.900 17307-17307 ViewRootIm...nActivity] com.fishit.player.v2                 I  ViewPostIme pointer 1
2026-01-30 09:35:51.072 17307-17322 ishit.player.v2         com.fishit.player.v2                 I  Background concurrent copying GC freed 1581886(70MB) AllocSpace objects, 0(0B) LOS objects, 18% free, 107MB/131MB, paused 192us,92us total 512.506ms
2026-01-30 09:35:51.176 17307-17307 ViewRootIm...nActivity] com.fishit.player.v2                 I  ViewPostIme pointer 0
2026-01-30 09:35:51.185 17307-17307 Choreographer           com.fishit.player.v2                 I  Skipped 42 frames!  The application may be doing too much work on its main thread.
2026-01-30 09:35:51.230 17307-17337 OpenGLRenderer          com.fishit.player.v2                 I  Davey! duration=741ms; Flags=0, FrameTimelineVsyncId=1786365, IntendedVsync=35654972709862, Vsync=35655673441600, InputEventId=46341838, HandleInputStart=35655687096688, AnimationStart=35655689474226, PerformTraversalsStart=35655698581188, DrawStart=35655698720073, FrameDeadline=35655022426565, FrameInterval=35655686623303, FrameStartTime=16684089, SyncQueued=35655699721996, SyncStart=35655700186688, IssueDrawCommandsStart=35655700802534, SwapBuffers=35655711287188, FrameCompleted=35655714231496, DequeueBufferDuration=49461, QueueBufferDuration=683423, GpuCompleted=35655714231496, SwapBuffersCompleted=35655713503111, DisplayPresentTime=35511349005330, CommandSubmissionCompleted=35655711287188,
2026-01-30 09:35:51.641 17307-17307 ViewRootIm...nActivity] com.fishit.player.v2                 I  ViewPostIme pointer 1
2026-01-30 09:35:51.872 17307-17322 ishit.player.v2         com.fishit.player.v2                 I  Background young concurrent copying GC freed 492443(16MB) AllocSpace objects, 0(0B) LOS objects, 0% free, 135MB/135MB, paused 228us,109us total 399.021ms
2026-01-30 09:35:51.992 17307-17307 ViewRootIm...nActivity] com.fishit.player.v2                 I  ViewPostIme pointer 0
2026-01-30 09:35:51.998 17307-17307 ViewRootIm...nActivity] com.fishit.player.v2                 I  ViewPostIme pointer 1
2026-01-30 09:35:52.002 17307-17307 Choreographer           com.fishit.player.v2                 I  Skipped 48 frames!  The application may be doing too much work on its main thread.
2026-01-30 09:35:52.199 17307-17337 OpenGLRenderer          com.fishit.player.v2                 I  Davey! duration=995ms; Flags=0, FrameTimelineVsyncId=1786643, IntendedVsync=35655690011039, Vsync=35656490814959, InputEventId=46758511, HandleInputStart=35656504165303, AnimationStart=35656504205726, PerformTraversalsStart=35656653336226, DrawStart=35656653524495, FrameDeadline=35655740160533, FrameInterval=35656503388303, FrameStartTime=16683415, SyncQueued=35656677680533, SyncStart=35656677847687, IssueDrawCommandsStart=35656678045341, SwapBuffers=35656683242764, FrameCompleted=35656685941995, DequeueBufferDuration=25000, QueueBufferDuration=374692, GpuCompleted=35656685941995, SwapBuffersCompleted=35656684775456, DisplayPresentTime=35512266474367, CommandSubmissionCompleted=35656683242764,
2026-01-30 09:35:52.284 17307-17610 CatalogSyncService      com.fishit.player.v2                 D  Xtream batch complete (HOT PATH/NX): ingested=368 total_ms=10266
2026-01-30 09:35:52.285 17307-17610 CatalogSyncService      com.fishit.player.v2                 D  Time-based flush MOVIES: 368 items in 10268ms
2026-01-30 09:35:52.497 17307-17322 ishit.player.v2         com.fishit.player.v2                 I  Background concurrent copying GC freed 1186884(51MB) AllocSpace objects, 0(0B) LOS objects, 17% free, 111MB/135MB, paused 194us,86us total 614.096ms
2026-01-30 09:35:52.611 17307-17307 ViewRootIm...nActivity] com.fishit.player.v2                 I  ViewPostIme pointer 0
2026-01-30 09:35:52.616 17307-17307 ViewRootIm...nActivity] com.fishit.player.v2                 I  ViewPostIme pointer 1
2026-01-30 09:35:52.879 17307-17307 ViewRootIm...nActivity] com.fishit.player.v2                 I  ViewPostIme pointer 0
2026-01-30 09:35:52.883 17307-17307 Choreographer           com.fishit.player.v2                 I  Skipped 51 frames!  The application may be doing too much work on its main thread.
2026-01-30 09:35:53.062 17307-17307 ViewRootIm...nActivity] com.fishit.player.v2                 I  ViewPostIme pointer 1
2026-01-30 09:35:53.083 17307-17337 OpenGLRenderer          com.fishit.player.v2                 I  Davey! duration=1036ms; Flags=0, FrameTimelineVsyncId=1786917, IntendedVsync=35656524011753, Vsync=35657374826801, InputEventId=630572534, HandleInputStart=35657386253148, AnimationStart=35657397768379, PerformTraversalsStart=35657537619840, DrawStart=35657537976840, FrameDeadline=35656707682605, FrameInterval=35657384897802, FrameStartTime=16682648, SyncQueued=35657555374533, SyncStart=35657555546764, IssueDrawCommandsStart=35657555721071, SwapBuffers=35657558122340, FrameCompleted=35657560434264, DequeueBufferDuration=26231, QueueBufferDuration=379462, GpuCompleted=35657560434264, SwapBuffersCompleted=35657559307225, DisplayPresentTime=35512283139521, CommandSubmissionCompleted=35657558122340,
2026-01-30 09:35:53.223 17307-18013 CatalogSyncService      com.fishit.player.v2                 D  Xtream batch complete (HOT PATH/NX): ingested=400 total_ms=10992
2026-01-30 09:35:53.227 17307-17590 XTC                     com.fishit.player.v2                 D  [VOD] DTO→Raw #3350 | id=xtream:vod:763435 | title="Escape: Flucht in die Freiheit | 2024 | " | sourceType=XTREAM | Fields: ✓[year=2024, poster] ✗[plot, cast, director, backdrop, duration, tmdb]
2026-01-30 09:35:53.228 17307-18013 XtreamCatalogScanWorker com.fishit.player.v2                 D  PROGRESS discovered=24300 persisted=24268 phase=null
2026-01-30 09:35:53.229 17307-18013 SyncPerfMetrics         com.fishit.player.v2                 D  Phase MOVIES started
2026-01-30 09:35:53.231 17307-18013 XtreamCatalogScanWorker com.fishit.player.v2                 D  PROGRESS discovered=24300 persisted=24268 phase=VOD
2026-01-30 09:35:53.247 17307-18013 XTC                     com.fishit.player.v2                 D  [VOD] DTO→Raw #3400 | id=xtream:vod:761313 | title="Blitz | 2024 | 5.2 |" | sourceType=XTREAM | Fields: ✓[year=2024, poster] ✗[plot, cast, director, backdrop, duration, tmdb]
2026-01-30 09:35:53.248 17307-17590 XtreamCatalogScanWorker com.fishit.player.v2                 D  PROGRESS discovered=24400 persisted=24268 phase=null
2026-01-30 09:35:53.252 17307-17322 ishit.player.v2         com.fishit.player.v2                 I  Background young concurrent copying GC freed 426031(13MB) AllocSpace objects, 0(0B) LOS objects, 0% free, 134MB/135MB, paused 196us,142us total 382.602ms
2026-01-30 09:35:53.254 17307-17589 SyncPerfMetrics         com.fishit.player.v2                 D  Phase MOVIES started
2026-01-30 09:35:53.265 17307-17589 XtreamCatalogScanWorker com.fishit.player.v2                 D  PROGRESS discovered=24400 persisted=24268 phase=VOD
2026-01-30 09:35:53.277 17307-18013 XTC                     com.fishit.player.v2                 D  [VOD] DTO→Raw #3450 | id=xtream:vod:756534 | title="Libre | 2024 | 5.9 |" | sourceType=XTREAM | Fields: ✓[year=2024, poster] ✗[plot, cast, director, backdrop, duration, tmdb]
2026-01-30 09:35:53.281 17307-18013 XTC                     com.fishit.player.v2                 D  [VOD] DTO→Raw #3500 | id=xtream:vod:755046 | title="Arcadian | 2024 | 6.0 |" | sourceType=XTREAM | Fields: ✓[year=2024, poster] ✗[plot, cast, director, backdrop, duration, tmdb]
2026-01-30 09:35:53.282 17307-17589 XtreamCatalogScanWorker com.fishit.player.v2                 D  PROGRESS discovered=24500 persisted=24268 phase=null
2026-01-30 09:35:53.285 17307-17589 SyncPerfMetrics         com.fishit.player.v2                 D  Phase MOVIES started
2026-01-30 09:35:53.286 17307-17589 XtreamCatalogScanWorker com.fishit.player.v2                 D  PROGRESS discovered=24500 persisted=24268 phase=VOD
2026-01-30 09:35:53.291 17307-17589 SyncBatchManager        com.fishit.player.v2                 D  Time-based flush for MOVIES: 232 items after 11060ms
2026-01-30 09:35:53.295 17307-17589 SyncBatchManager        com.fishit.player.v2                 D  Flushing MOVIES batch: 232 items (timeBased=true)
2026-01-30 09:35:53.296 17307-17589 CatalogSyncService      com.fishit.player.v2                 D  Persisting Xtream catalog batch (NX-ONLY): 232 items (canonical_linking=false)
2026-01-30 09:35:53.359 17307-18013 XTC                     com.fishit.player.v2                 D  [VOD] DTO→Raw #3550 | id=xtream:vod:753417 | title="The Crow | 2024 | 5.3 |" | sourceType=XTREAM | Fields: ✓[year=2024, poster] ✗[plot, cast, director, backdrop, duration, tmdb]
2026-01-30 09:35:53.376 17307-18013 XTC                     com.fishit.player.v2                 D  [VOD] DTO→Raw #3600 | id=xtream:vod:751157 | title="The Good Half | 2024 | 5.3 |" | sourceType=XTREAM | Fields: ✓[year=2024, poster] ✗[plot, cast, director, backdrop, duration, tmdb]
2026-01-30 09:35:53.378 17307-17611 XtreamCatalogScanWorker com.fishit.player.v2                 D  PROGRESS discovered=24600 persisted=24268 phase=null
2026-01-30 09:35:53.378 17307-17611 SyncPerfMetrics         com.fishit.player.v2                 D  Phase MOVIES started
2026-01-30 09:35:53.379 17307-17611 XtreamCatalogScanWorker com.fishit.player.v2                 D  PROGRESS discovered=24600 persisted=24268 phase=VOD
2026-01-30 09:35:53.395 17307-18013 XTC                     com.fishit.player.v2                 D  [VOD] DTO→Raw #3650 | id=xtream:vod:749239 | title="Nightwatch - Demons Are Forever | 2023 |" | sourceType=XTREAM | Fields: ✓[year=2023, poster] ✗[plot, cast, director, backdrop, duration, tmdb]
2026-01-30 09:35:53.412 17307-18013 XTC                     com.fishit.player.v2                 D  [VOD] DTO→Raw #3700 | id=xtream:vod:746657 | title="Spieleabend | 2024 | 6.7 |" | sourceType=XTREAM | Fields: ✓[year=2024, poster] ✗[plot, cast, director, backdrop, duration, tmdb]
2026-01-30 09:35:53.414 17307-17609 XtreamCatalogScanWorker com.fishit.player.v2                 D  PROGRESS discovered=24700 persisted=24268 phase=null
2026-01-30 09:35:53.423 17307-17609 SyncPerfMetrics         com.fishit.player.v2                 D  Phase MOVIES started
2026-01-30 09:35:53.424 17307-17609 XtreamCatalogScanWorker com.fishit.player.v2                 D  PROGRESS discovered=24700 persisted=24268 phase=VOD
2026-01-30 09:35:53.425 17307-18013 XTC                     com.fishit.player.v2                 D  [VOD] DTO→Raw #3750 | id=xtream:vod:744770 | title="We Grown Now | 2024 | 7.2 |" | sourceType=XTREAM | Fields: ✓[year=2024, poster] ✗[plot, cast, director, backdrop, duration, tmdb]
2026-01-30 09:35:53.445 17307-18013 XTC                     com.fishit.player.v2                 D  [VOD] DTO→Raw #3800 | id=xtream:vod:743327 | title="The Last Rifleman | 2023 | 6.7 |" | sourceType=XTREAM | Fields: ✓[year=2023, poster] ✗[plot, cast, director, backdrop, duration, tmdb]
2026-01-30 09:35:53.446 17307-17589 XtreamCatalogScanWorker com.fishit.player.v2                 D  PROGRESS discovered=24800 persisted=24268 phase=null
2026-01-30 09:35:53.447 17307-17589 SyncPerfMetrics         com.fishit.player.v2                 D  Phase MOVIES started
2026-01-30 09:35:53.448 17307-17589 XtreamCatalogScanWorker com.fishit.player.v2                 D  PROGRESS discovered=24800 persisted=24268 phase=VOD
2026-01-30 09:35:53.459 17307-18013 XTC                     com.fishit.player.v2                 D  [VOD] DTO→Raw #3850 | id=xtream:vod:741596 | title="Chantal im Märchenland | 2024 | 5.2 |" | sourceType=XTREAM | Fields: ✓[year=2024, poster] ✗[plot, cast, director, backdrop, duration, tmdb]
2026-01-30 09:35:53.475 17307-18013 XTC                     com.fishit.player.v2                 D  [VOD] DTO→Raw #3900 | id=xtream:vod:740067 | title="Die Knochenfrau | 2023 | 5.8 |" | sourceType=XTREAM | Fields: ✓[year=2023, poster] ✗[plot, cast, director, backdrop, duration, tmdb]
2026-01-30 09:35:53.477 17307-17609 SyncBatchManager        com.fishit.player.v2                 D  Flushing MOVIES batch: 400 items (timeBased=false)
2026-01-30 09:35:53.478 17307-17609 CatalogSyncService      com.fishit.player.v2                 D  Persisting Xtream catalog batch (NX-ONLY): 400 items (canonical_linking=false)
2026-01-30 09:35:53.494 17307-18013 XTC                     com.fishit.player.v2                 D  [VOD] DTO→Raw #3950 | id=xtream:vod:731525 | title="Für immer | 2023 | 6.1 |" | sourceType=XTREAM | Fields: ✓[year=2023, poster] ✗[plot, cast, director, backdrop, duration, tmdb]
2026-01-30 09:35:53.691 17307-17307 ViewRootIm...nActivity] com.fishit.player.v2                 I  ViewPostIme pointer 0
2026-01-30 09:35:53.708 17307-17307 ViewRootIm...nActivity] com.fishit.player.v2                 I  ViewPostIme pointer 1
2026-01-30 09:35:54.204 17307-17307 Choreographer           com.fishit.player.v2                 I  Skipped 77 frames!  The application may be doing too much work on its main thread.
2026-01-30 09:35:54.329 17307-17330 OpenGLRenderer          com.fishit.player.v2                 I  Davey! duration=1403ms; Flags=0, FrameTimelineVsyncId=1787171, IntendedVsync=35657408186245, Vsync=35658692748370, InputEventId=906767508, HandleInputStart=35658706038147, AnimationStart=35658706102570, PerformTraversalsStart=35658792831570, DrawStart=35658793048686, FrameDeadline=35657591685243, FrameInterval=35658705531186, FrameStartTime=16682625, SyncQueued=35658807159301, SyncStart=35658807290686, IssueDrawCommandsStart=35658807717609, SwapBuffers=35658809793340, FrameCompleted=35658812142532, DequeueBufferDuration=23884, QueueBufferDuration=425846, GpuCompleted=35658812142532, SwapBuffersCompleted=35658810929378, DisplayPresentTime=35512299827329, CommandSubmissionCompleted=35658809793340,
2026-01-30 09:35:54.443 17307-17322 ishit.player.v2         com.fishit.player.v2                 I  Background concurrent copying GC freed 1371523(59MB) AllocSpace objects, 0(0B) LOS objects, 15% free, 135MB/159MB, paused 219us,828us total 1.180s
2026-01-30 09:35:54.958 17307-17307 ViewRootIm...nActivity] com.fishit.player.v2                 I  ViewPostIme pointer 0
2026-01-30 09:35:54.965 17307-17307 ViewRootIm...nActivity] com.fishit.player.v2                 I  ViewPostIme pointer 1
2026-01-30 09:35:54.970 17307-17307 Choreographer           com.fishit.player.v2                 I  Skipped 44 frames!  The application may be doing too much work on its main thread.
2026-01-30 09:35:55.050 17307-17330 OpenGLRenderer          com.fishit.player.v2                 I  Davey! duration=808ms; Flags=0, FrameTimelineVsyncId=1787359, IntendedVsync=35658726048738, Vsync=35659460076274, InputEventId=349458938, HandleInputStart=35659472083916, AnimationStart=35659472091185, PerformTraversalsStart=35659525615185, DrawStart=35659525802147, FrameDeadline=35658842876036, FrameInterval=35659471506454, FrameStartTime=16682444, SyncQueued=35659529443762, SyncStart=35659529606339, IssueDrawCommandsStart=35659529947262, SwapBuffers=35659532270916, FrameCompleted=35659535150647, DequeueBufferDuration=26231, QueueBufferDuration=440269, GpuCompleted=35659535150647, SwapBuffersCompleted=35659534153531, DisplayPresentTime=35512316527214, CommandSubmissionCompleted=35659532270916,
2026-01-30 09:35:55.391 17307-17322 ishit.player.v2         com.fishit.player.v2                 I  Background young concurrent copying GC freed 819985(30MB) AllocSpace objects, 0(0B) LOS objects, 0% free, 162MB/162MB, paused 213us,70us total 555.760ms
2026-01-30 09:35:55.805 17307-17307 Choreographer           com.fishit.player.v2                 I  Skipped 48 frames!  The application may be doing too much work on its main thread.
2026-01-30 09:35:55.831 17307-17322 ishit.player.v2         com.fishit.player.v2                 I  Background concurrent copying GC freed 1549068(67MB) AllocSpace objects, 0(0B) LOS objects, 16% free, 120MB/144MB, paused 189us,104us total 439.680ms
2026-01-30 09:35:56.016 17307-17330 OpenGLRenderer          com.fishit.player.v2                 I  Davey! duration=1014ms; Flags=0, FrameTimelineVsyncId=1787434, IntendedVsync=35659493314796, Vsync=35660294056268, InputEventId=0, HandleInputStart=35660307043185, AnimationStart=35660307053723, PerformTraversalsStart=35660376333338, DrawStart=35660376447838, FrameDeadline=35659560155160, FrameInterval=35660306335146, FrameStartTime=16682114, SyncQueued=35660501298992, SyncStart=35660501493877, IssueDrawCommandsStart=35660501884992, SwapBuffers=35660505591223, FrameCompleted=35660507764377, DequeueBufferDuration=36346, QueueBufferDuration=843000, GpuCompleted=35660507764377, SwapBuffersCompleted=35660507195877, DisplayPresentTime=35512333207598, CommandSubmissionCompleted=35660505591223,
2026-01-30 09:35:56.569 17307-17322 ishit.player.v2         com.fishit.player.v2                 I  Background young concurrent copying GC freed 425965(14MB) AllocSpace objects, 0(0B) LOS objects, 0% free, 146MB/146MB, paused 177us,182us total 322.149ms
2026-01-30 09:35:56.632 17307-17307 Choreographer           com.fishit.player.v2                 I  Skipped 49 frames!  The application may be doing too much work on its main thread.
