2026-01-30 09:12:47.534 30107-30107 InputMethodManager_LC   com.fishit.player.v2                 I  showSoftInput(View,I)
2026-01-30 09:12:47.535 30107-30107 ImeTracker              com.fishit.player.v2                 I  com.fishit.player.v2:e96e862d: onRequestShow at ORIGIN_CLIENT_SHOW_SOFT_INPUT reason SHOW_SOFT_INPUT
2026-01-30 09:12:47.535 30107-30107 InputMethodManager_LC   com.fishit.player.v2                 I  ssi(): flags=0 view=com.fishit.player.v2 reason = SHOW_SOFT_INPUT
2026-01-30 09:12:47.535 30107-30107 InputMethodManager_LC   com.fishit.player.v2                 I  ssi() view is not EditText
2026-01-30 09:12:47.535 30107-30107 InputMethodManager      com.fishit.player.v2                 D  showSoftInput() view=androidx.compose.ui.platform.AndroidComposeView{db56336 VFED..... .F...... 0,0-1080,2400 aid=1073741826} flags=0 reason=SHOW_SOFT_INPUT
2026-01-30 09:12:47.561 30107-30132 NotificationManager     com.fishit.player.v2                 I  com.fishit.player.v2: notify(2131362144, null, Notification(channel=LEAKCANARY_LOW shortcut=null contentView=null vibrate=null sound=null defaults=0x0 flags=0x10 color=0x00000000 groupKey=LEAKCANARY_LOW vis=PRIVATE semFlags=0x0 semPriority=0 semMissedCount=0)) as user
2026-01-30 09:12:47.576 30107-30124 ViewRootIm...nActivity] com.fishit.player.v2                 I  Resizing android.view.ViewRootImpl@40f0b81: frame = [0,0][1080,2400] reportDraw = false forceLayout = false syncSeqId = -1
2026-01-30 09:12:47.576 30107-30107 InsetsController        com.fishit.player.v2                 I  onStateChanged: host=com.fishit.player.v2/com.fishit.player.v2.MainActivity, from=android.view.ViewRootImpl$ViewRootHandler.handleMessageImpl:7196, state=InsetsState: {mDisplayFrame=Rect(0, 0 - 1080, 2400), mDisplayCutout=DisplayCutout{insets=Rect(0, 80 - 0, 0) waterfall=Insets{left=0, top=0, right=0, bottom=0} boundingRect={Bounds=[Rect(0, 0 - 0, 0), Rect(510, 0 - 570, 80), Rect(0, 0 - 0, 0), Rect(0, 0 - 0, 0)]} cutoutPathParserInfo={CutoutPathParserInfo{displayWidth=1080 displayHeight=2400 physicalDisplayWidth=1080 physicalDisplayHeight=2400 density={3.0} cutoutSpec={M 0,0 H -10 V 26.66666666666667 H 10 V 0 H 0 Z @dp} rotation={0} scale={1.0} physicalPixelDisplaySizeRatio={1.0}}}}, mRoundedCorners=RoundedCorners{[RoundedCorner{position=TopLeft, radius=90, center=Point(90, 90)}, RoundedCorner{position=TopRight, radius=90, center=Point(990, 90)}, RoundedCorner{position=BottomRight, radius=90, center=Point(990, 2310)}, RoundedCorner{position=BottomLeft, radius=90, center=Point(90, 2310)}]}  mRoundedCornerFrame=Rect(0, 0 - 1080, 2400), mPrivacyIndicatorBounds=PrivacyIndicatorBounds {static bounds=Rect(948, 0 - 1080, 80) rotation=0}, mDisplayShape=DisplayShape{ spec=-311912193 displayWidth=1080 displayHeight=2400 physicalPixelDisplaySizeRatio=1.0 rotation=0 offsetX=0 offsetY=0 scale=1.0}, mSources= { InsetsSource: {3 mType=ime mFrame=[0,2256][1080,2400] mVisible=false mFlags=[]}, InsetsSource: {27 mType=displayCutout mFrame=[0,0][1080,80] mVisible=true mFlags=[]}, InsetsSource: {24df0000 mType=statusBars mFrame=[0,0][1080,80] mVisible=true mFlags=[]}, InsetsSource: {24df0005 mType=mandatorySystemGestures mFrame=[0,0][1080,116] mVisible=true mFlags=[]}, InsetsSource: {24df0006 mType=tappableElement mFrame=[0,0][1080,80] mVisible=true mFlags=[]}, InsetsSource: {68b60001 mType=navigationBars mFrame=[0,2256][1080,2400] mVisible=true mFlags=[]}, InsetsSource: {68b60004 mType=systemGestures mFrame=[0,0][0,0] mVisible=true mFlags=[]}, InsetsSource: {68b60005 mType=mandatorySystemGestures mFrame=[0,2256][1080,2400] mVisible=true mFlags=[]}, InsetsSource: {68b60006 mType=tappableElement mFrame=[0,2256][1080,2400] mVisible=true mFlags=[]}, InsetsSource: {68b60024 mType=systemGestures mFrame=[0,0][0,0] mVisible=true mFlags=[]} }
2026-01-30 09:12:47.577 30107-30107 ViewRootIm...nActivity] com.fishit.player.v2                 I  handleResized, msg = 4 frames=ClientWindowFrames{frame=[0,0][1080,2400] display=[0,0][1080,2400] parentFrame=[0,0][0,0]} forceNextWindowRelayout=false displayId=0 dragResizing=false compatScale=1.0 frameChanged=false attachedFrameChanged=false configChanged=false displayChanged=false compatScaleChanged=false
2026-01-30 09:12:47.593 30107-30107 InsetsController        com.fishit.player.v2                 D  show(ime(), fromIme=true)
2026-01-30 09:12:47.593 30107-30107 InsetsController        com.fishit.player.v2                 I  setRequestedVisibleTypes: visible=true, mask=ime, host=com.fishit.player.v2/com.fishit.player.v2.MainActivity, from=android.view.InsetsController.controlAnimationUnchecked:1445 android.view.InsetsController.handlePendingControlRequest:1324 android.view.InsetsController.show:1260 android.view.ViewRootImpl$ViewRootHandler.handleMessageImpl:7233 android.view.ViewRootImpl$ViewRootHandler.handleMessage:7166 android.os.Handler.dispatchMessage:106 android.os.Looper.loopOnce:230 android.os.Looper.loop:319 android.app.ActivityThread.main:8919 java.lang.reflect.Method.invoke:-2
2026-01-30 09:12:47.593 30107-30107 InsetsController        com.fishit.player.v2                 I  controlAnimationUncheckedInner: Added types=ime, animType=0, host=com.fishit.player.v2/com.fishit.player.v2.MainActivity, from=android.view.InsetsController.controlAnimationUnchecked:1449 android.view.InsetsController.handlePendingControlRequest:1324 android.view.InsetsController.show:1260
2026-01-30 09:12:47.598 30107-30631 ViewRootIm...nActivity] com.fishit.player.v2                 I  Resizing android.view.ViewRootImpl@40f0b81: frame = [0,0][1080,2400] reportDraw = false forceLayout = false syncSeqId = -1
2026-01-30 09:12:47.609 30107-30107 InsetsController        com.fishit.player.v2                 I  onStateChanged: host=com.fishit.player.v2/com.fishit.player.v2.MainActivity, from=android.view.ViewRootImpl$ViewRootHandler.handleMessageImpl:7209, state=InsetsState: {mDisplayFrame=Rect(0, 0 - 1080, 2400), mDisplayCutout=DisplayCutout{insets=Rect(0, 80 - 0, 0) waterfall=Insets{left=0, top=0, right=0, bottom=0} boundingRect={Bounds=[Rect(0, 0 - 0, 0), Rect(510, 0 - 570, 80), Rect(0, 0 - 0, 0), Rect(0, 0 - 0, 0)]} cutoutPathParserInfo={CutoutPathParserInfo{displayWidth=1080 displayHeight=2400 physicalDisplayWidth=1080 physicalDisplayHeight=2400 density={3.0} cutoutSpec={M 0,0 H -10 V 26.66666666666667 H 10 V 0 H 0 Z @dp} rotation={0} scale={1.0} physicalPixelDisplaySizeRatio={1.0}}}}, mRoundedCorners=RoundedCorners{[RoundedCorner{position=TopLeft, radius=90, center=Point(90, 90)}, RoundedCorner{position=TopRight, radius=90, center=Point(990, 90)}, RoundedCorner{position=BottomRight, radius=90, center=Point(990, 2310)}, RoundedCorner{position=BottomLeft, radius=90, center=Point(90, 2310)}]}  mRoundedCornerFrame=Rect(0, 0 - 1080, 2400), mPrivacyIndicatorBounds=PrivacyIndicatorBounds {static bounds=Rect(948, 0 - 1080, 80) rotation=0}, mDisplayShape=DisplayShape{ spec=-311912193 displayWidth=1080 displayHeight=2400 physicalPixelDisplaySizeRatio=1.0 rotation=0 offsetX=0 offsetY=0 scale=1.0}, mSources= { InsetsSource: {3 mType=ime mFrame=[0,2256][1080,2400] mVisible=true mFlags=[]}, InsetsSource: {27 mType=displayCutout mFrame=[0,0][1080,80] mVisible=true mFlags=[]}, InsetsSource: {24df0000 mType=statusBars mFrame=[0,0][1080,80] mVisible=true mFlags=[]}, InsetsSource: {24df0005 mType=mandatorySystemGestures mFrame=[0,0][1080,116] mVisible=true mFlags=[]}, InsetsSource: {24df0006 mType=tappableElement mFrame=[0,0][1080,80] mVisible=true mFlags=[]}, InsetsSource: {68b60001 mType=navigationBars mFrame=[0,2256][1080,2400] mVisible=true mFlags=[]}, InsetsSource: {68b60004 mType=systemGestures mFrame=[0,0][0,0] mVisible=true mFlags=[]}, InsetsSource: {68b60005 mType=mandatorySystemGestures mFrame=[0,2256][1080,2400] mVisible=true mFlags=[]}, InsetsSource: {68b60006 mType=tappableElement mFrame=[0,2256][1080,2400] mVisible=true mFlags=[]}, InsetsSource: {68b60024 mType=systemGestures mFrame=[0,0][0,0] mVisible=true mFlags=[]} }
2026-01-30 09:12:47.610 30107-30107 ViewRootIm...nActivity] com.fishit.player.v2                 I  handleResized, msg = 4 frames=ClientWindowFrames{frame=[0,0][1080,2400] display=[0,0][1080,2400] parentFrame=[0,0][0,0]} forceNextWindowRelayout=false displayId=0 dragResizing=false compatScale=1.0 frameChanged=false attachedFrameChanged=false configChanged=false displayChanged=false compatScaleChanged=false
2026-01-30 09:12:47.611 30107-30107 InsetsController        com.fishit.player.v2                 I  cancelAnimation: types=ime, animType=0, host=com.fishit.player.v2/com.fishit.player.v2.MainActivity, from=android.view.InsetsController.notifyFinished:1748 android.view.InsetsAnimationThreadControlRunner$1.lambda$notifyFinished$0:85 android.view.InsetsAnimationThreadControlRunner$1.$r8$lambda$RAf1SfIREsj9-wH5FOigMy6eLkM:0
2026-01-30 09:12:47.611 30107-30107 ImeTracker              com.fishit.player.v2                 I  com.fishit.player.v2:e96e862d: onShown
2026-01-30 09:12:47.619 30107-30368 ViewRootIm...nActivity] com.fishit.player.v2                 I  mWNT: t=0xb4000078e4f0fe90 mBlastBufferQueue=0xb400007a14e7e0f0 fn= 1305 mRenderHdrSdrRatio=1.0 caller= android.view.SyncRtSurfaceTransactionApplier.applyTransaction:96 android.view.SyncRtSurfaceTransactionApplier.lambda$scheduleApply$0:69 android.view.SyncRtSurfaceTransactionApplier.$r8$lambda$SgowXC58rj3PR958kHUfRgLZmvE:0
2026-01-30 09:12:48.238 30107-30107 InputMethodManagerUtils com.fishit.player.v2                 D  startInputInner - Id : 0
2026-01-30 09:12:48.238 30107-30107 InputMethodManager      com.fishit.player.v2                 I  startInputInner - IInputMethodManagerGlobalInvoker.startInputOrWindowGainedFocus
2026-01-30 09:12:48.273 30107-30107 InsetsController        com.fishit.player.v2                 D  show(ime(), fromIme=true)
2026-01-30 09:12:48.273 30107-30107 ImeTracker              com.fishit.player.v2                 I  com.fishit.player.v2:2512ed03: onCancelled at PHASE_CLIENT_APPLY_ANIMATION
2026-01-30 09:12:48.539 30107-30107 InputMethodManagerUtils com.fishit.player.v2                 D  startInputInner - Id : 0
2026-01-30 09:12:48.539 30107-30107 InputMethodManager      com.fishit.player.v2                 I  startInputInner - IInputMethodManagerGlobalInvoker.startInputOrWindowGainedFocus
2026-01-30 09:12:48.600 30107-30107 InsetsController        com.fishit.player.v2                 D  show(ime(), fromIme=true)
2026-01-30 09:12:48.600 30107-30107 ImeTracker              com.fishit.player.v2                 I  com.fishit.player.v2:2422eeac: onCancelled at PHASE_CLIENT_APPLY_ANIMATION
2026-01-30 09:12:48.874 30107-30107 ViewRootIm...nActivity] com.fishit.player.v2                 I  ViewPostIme key 0
2026-01-30 09:12:48.877 30107-30107 ViewRootIm...nActivity] com.fishit.player.v2                 I  ViewPostIme key 1
2026-01-30 09:12:49.643 30107-30132 ishit.player.v2         com.fishit.player.v2                 I  Explicit concurrent copying GC freed 23254(1433KB) AllocSpace objects, 4(80KB) LOS objects, 16% free, 121MB/145MB, paused 113us,28us total 77.402ms
2026-01-30 09:12:49.644 30107-30118 InputTransport          com.fishit.player.v2                 D  Input channel destroyed: 'ClientS', fd=213
2026-01-30 09:12:49.644 30107-30118 InputTransport          com.fishit.player.v2                 D  Input channel destroyed: 'ClientS', fd=190
2026-01-30 09:12:49.644 30107-30118 InputTransport          com.fishit.player.v2                 D  Input channel destroyed: 'ClientS', fd=210
2026-01-30 09:12:49.644 30107-30119 System                  com.fishit.player.v2                 W  A resource failed to call release.
2026-01-30 09:12:49.650 30107-30107 ViewRootIm...nActivity] com.fishit.player.v2                 I  ViewPostIme pointer 0
2026-01-30 09:12:49.747 30107-30132 NotificationManager     com.fishit.player.v2                 I  com.fishit.player.v2: notify(2131362144, null, Notification(channel=LEAKCANARY_LOW shortcut=null contentView=null vibrate=null sound=null defaults=0x0 flags=0x10 color=0x00000000 groupKey=LEAKCANARY_LOW vis=PRIVATE semFlags=0x0 semPriority=0 semMissedCount=0)) as user
2026-01-30 09:12:49.750 30107-30107 ViewRootIm...nActivity] com.fishit.player.v2                 I  ViewPostIme pointer 1
2026-01-30 09:12:49.761 30107-30107 ImeTracker              com.fishit.player.v2                 I  com.fishit.player.v2:a9053f05: onRequestShow at ORIGIN_CLIENT_SHOW_SOFT_INPUT reason SHOW_SOFT_INPUT_BY_INSETS_API
2026-01-30 09:12:49.761 30107-30107 InsetsController        com.fishit.player.v2                 D  show(ime(), fromIme=false)
2026-01-30 09:12:49.761 30107-30107 ImeTracker              com.fishit.player.v2                 I  com.fishit.player.v2:a9053f05: onCancelled at PHASE_CLIENT_APPLY_ANIMATION
2026-01-30 09:12:49.768 30107-30107 InputMethodManager_LC   com.fishit.player.v2                 I  showSoftInput(View,I)
2026-01-30 09:12:49.771 30107-30107 ImeTracker              com.fishit.player.v2                 I  com.fishit.player.v2:f37f2491: onRequestShow at ORIGIN_CLIENT_SHOW_SOFT_INPUT reason SHOW_SOFT_INPUT
2026-01-30 09:12:49.771 30107-30107 InputMethodManager_LC   com.fishit.player.v2                 I  ssi(): flags=0 view=com.fishit.player.v2 reason = SHOW_SOFT_INPUT
2026-01-30 09:12:49.771 30107-30107 InputMethodManager_LC   com.fishit.player.v2                 I  ssi() view is not EditText
2026-01-30 09:12:49.771 30107-30107 InputMethodManager      com.fishit.player.v2                 D  showSoftInput() view=androidx.compose.ui.platform.AndroidComposeView{db56336 VFED..... .F....ID 0,0-1080,2400 aid=1073741826} flags=0 reason=SHOW_SOFT_INPUT
2026-01-30 09:12:49.779 30107-30107 WindowManager           com.fishit.player.v2                 I  WindowManagerGlobal#addView, ty=1002, view=androidx.compose.ui.window.PopupLayout{42168e5 V.E...... ......I. 0,0-0,0 #1020002 android:id/content}, caller=android.view.WindowManagerImpl.addView:150 androidx.compose.ui.window.PopupLayout.show:562 androidx.compose.ui.window.AndroidPopup_androidKt$Popup$2$1.invoke:334
2026-01-30 09:12:49.782 30107-30143 NativeCust...ncyManager com.fishit.player.v2                 D  [NativeCFMS] BpCustomFrequencyManager::BpCustomFrequencyManager()
2026-01-30 09:12:49.791 30107-30107 InsetsController        com.fishit.player.v2                 I  onStateChanged: host=Pop-up-Fenster, from=android.view.ViewRootImpl.setView:1753, state=InsetsState: {mDisplayFrame=Rect(0, 0 - 1080, 2400), mDisplayCutout=DisplayCutout{insets=Rect(0, 80 - 0, 0) waterfall=Insets{left=0, top=0, right=0, bottom=0} boundingRect={Bounds=[Rect(0, 0 - 0, 0), Rect(510, 0 - 570, 80), Rect(0, 0 - 0, 0), Rect(0, 0 - 0, 0)]} cutoutPathParserInfo={CutoutPathParserInfo{displayWidth=1080 displayHeight=2400 physicalDisplayWidth=1080 physicalDisplayHeight=2400 density={3.0} cutoutSpec={M 0,0 H -10 V 26.66666666666667 H 10 V 0 H 0 Z @dp} rotation={0} scale={1.0} physicalPixelDisplaySizeRatio={1.0}}}}, mRoundedCorners=RoundedCorners{[RoundedCorner{position=TopLeft, radius=90, center=Point(90, 90)}, RoundedCorner{position=TopRight, radius=90, center=Point(990, 90)}, RoundedCorner{position=BottomRight, radius=90, center=Point(990, 2310)}, RoundedCorner{position=BottomLeft, radius=90, center=Point(90, 2310)}]}  mRoundedCornerFrame=Rect(0, 0 - 1080, 2400), mPrivacyIndicatorBounds=PrivacyIndicatorBounds {static bounds=Rect(948, 0 - 1080, 80) rotation=0}, mDisplayShape=DisplayShape{ spec=-311912193 displayWidth=1080 displayHeight=2400 physicalPixelDisplaySizeRatio=1.0 rotation=0 offsetX=0 offsetY=0 scale=1.0}, mSources= { InsetsSource: {27 mType=displayCutout mFrame=[0,0][1080,80] mVisible=true mFlags=[]}, InsetsSource: {24df0000 mType=statusBars mFrame=[0,0][1080,80] mVisible=true mFlags=[]}, InsetsSource: {24df0005 mType=mandatorySystemGestures mFrame=[0,0][1080,116] mVisible=true mFlags=[]}, InsetsSource: {24df0006 mType=tappableElement mFrame=[0,0][1080,80] mVisible=true mFlags=[]}, InsetsSource: {68b60001 mType=navigationBars mFrame=[0,2256][1080,2400] mVisible=true mFlags=[]}, InsetsSource: {68b60004 mType=systemGestures mFrame=[0,0][0,0] mVisible=true mFlags=[]}, InsetsSource: {68b60005 mType=mandatorySystemGestures mFrame=[0,2256][1080,2400] mVisible=true mFlags=[]}, InsetsSource: {68b60006 mType=tappableElement mFrame=[0,2256][1080,2400] mVisible=true mFlags=[]}, InsetsSource: {68b60024 mType=systemGestures mFrame=[0,0][0,0] mVisible=true mFlags=[]} }
2026-01-30 09:12:49.791 30107-30107 ViewRootIm...p-Fenster] com.fishit.player.v2                 I  synced displayState. AttachInfo displayState=2
2026-01-30 09:12:49.792 30107-30107 ViewRootIm...p-Fenster] com.fishit.player.v2                 I  setView = androidx.compose.ui.window.PopupLayout@42168e5 TM=true
2026-01-30 09:12:49.804 30107-30107 WindowOnBackDispatcher  com.fishit.player.v2                 W  OnBackInvokedCallback is not enabled for the application.
                                                                                                    Set 'android:enableOnBackInvokedCallback="true"' in the application manifest.
2026-01-30 09:12:49.815 30107-31035 ViewRootIm...p-Fenster] com.fishit.player.v2                 I  Resizing android.view.ViewRootImpl@d32b6e6: frame = [268,374][330,449] reportDraw = true forceLayout = false syncSeqId = -1
2026-01-30 09:12:49.816 30107-30107 BLASTBufferQueue_Java   com.fishit.player.v2                 I  new BLASTBufferQueue, mName= ViewRootImpl@64d9fba[Pop-up-Fenster] mNativeObject= 0xb400007a14ea1370 sc.mNativeObject= 0xb400007b04e58650 caller= android.view.ViewRootImpl.updateBlastSurfaceIfNeeded:3028 android.view.ViewRootImpl.relayoutWindow:10131 android.view.ViewRootImpl.performTraversals:4110 android.view.ViewRootImpl.doTraversal:3288 android.view.ViewRootImpl$TraversalRunnable.run:11344 android.view.Choreographer$CallbackRecord.run:1689 android.view.Choreographer$CallbackRecord.run:1698 android.view.Choreographer.doCallbacks:1153 android.view.Choreographer.doFrame:1079 android.view.Choreographer$FrameDisplayEventReceiver.run:1646
2026-01-30 09:12:49.816 30107-30107 BLASTBufferQueue_Java   com.fishit.player.v2                 I  update, w= 158 h= 171 mName = ViewRootImpl@64d9fba[Pop-up-Fenster] mNativeObject= 0xb400007a14ea1370 sc.mNativeObject= 0xb400007b04e58650 format= -3 caller= android.graphics.BLASTBufferQueue.<init>:89 android.view.ViewRootImpl.updateBlastSurfaceIfNeeded:3028 android.view.ViewRootImpl.relayoutWindow:10131 android.view.ViewRootImpl.performTraversals:4110 android.view.ViewRootImpl.doTraversal:3288 android.view.ViewRootImpl$TraversalRunnable.run:11344
2026-01-30 09:12:49.817 30107-30107 ViewRootIm...p-Fenster] com.fishit.player.v2                 I  Relayout returned: old=(0,0,1080,2400) new=(268,374,330,449) relayoutAsync=false req=(62,75)0 dur=5 res=0x403 s={true 0xb400007994f54aa0} ch=true seqId=0
2026-01-30 09:12:49.817 30107-30107 ViewRootIm...p-Fenster] com.fishit.player.v2                 I  performConfigurationChange setNightDimText nightDimLevel=0
2026-01-30 09:12:49.817 30107-30107 ViewRootIm...p-Fenster] com.fishit.player.v2                 D  mThreadedRenderer.initialize() mSurface={isValid=true 0xb400007994f54aa0} hwInitialized=true
2026-01-30 09:12:49.819 30107-30107 ViewRootIm...p-Fenster] com.fishit.player.v2                 D  reportNextDraw android.view.ViewRootImpl.performTraversals:4718 android.view.ViewRootImpl.doTraversal:3288 android.view.ViewRootImpl$TraversalRunnable.run:11344 android.view.Choreographer$CallbackRecord.run:1689 android.view.Choreographer$CallbackRecord.run:1698
2026-01-30 09:12:49.819 30107-30107 ViewRootIm...p-Fenster] com.fishit.player.v2                 I  Setup new sync=wmsSync-ViewRootImpl@64d9fba[Pop-up-Fenster]#66
2026-01-30 09:12:49.819 30107-30107 ViewRootIm...p-Fenster] com.fishit.player.v2                 I  Creating new active sync group ViewRootImpl@64d9fba[Pop-up-Fenster]#67
2026-01-30 09:12:49.819 30107-30107 ViewRootIm...p-Fenster] com.fishit.player.v2                 I  registerCallbacksForSync syncBuffer=false
2026-01-30 09:12:49.821 30107-30369 ViewRootIm...p-Fenster] com.fishit.player.v2                 I  Received frameDrawingCallback syncResult=0 frameNum=1.
2026-01-30 09:12:49.821 30107-30369 ViewRootIm...p-Fenster] com.fishit.player.v2                 I  mWNT: t=0xb4000078e4eba3b0 mBlastBufferQueue=0xb400007a14ea1370 fn= 1 mRenderHdrSdrRatio=1.0 caller= android.view.ViewRootImpl$8.onFrameDraw:13841 android.view.ThreadedRenderer$1.onFrameDraw:792 <bottom of call stack>
2026-01-30 09:12:49.821 30107-30369 ViewRootIm...p-Fenster] com.fishit.player.v2                 I  Setting up sync and frameCommitCallback
2026-01-30 09:12:49.822 30107-30143 BLASTBufferQueue        com.fishit.player.v2                 I  [ViewRootImpl@64d9fba[Pop-up-Fenster]#20](f:0,a:0,s:0) onFrameAvailable the first frame is available
2026-01-30 09:12:49.822 30107-30143 ViewRootIm...p-Fenster] com.fishit.player.v2                 I  Received frameCommittedCallback lastAttemptedDrawFrameNum=1 didProduceBuffer=true
2026-01-30 09:12:49.823 30107-30143 OpenGLRenderer          com.fishit.player.v2                 D  CFMS:: SetUp Pid : 30107    Tid : 30143
2026-01-30 09:12:49.823 30107-30107 ViewRootIm...p-Fenster] com.fishit.player.v2                 I  reportDrawFinished seqId=0
2026-01-30 09:12:49.825 30107-30143 OpenGLRenderer          com.fishit.player.v2                 D  HWUI - treat SMPTE_170M as sRGB
2026-01-30 09:12:49.827 30107-30107 BLASTBufferQueue_Java   com.fishit.player.v2                 I  update, w= 158 h= 171 mName = ViewRootImpl@64d9fba[Pop-up-Fenster] mNativeObject= 0xb400007a14ea1370 sc.mNativeObject= 0xb400007b04e58650 format= -3 caller= android.view.ViewRootImpl.updateBlastSurfaceIfNeeded:3017 android.view.ViewRootImpl.relayoutWindow:10131 android.view.ViewRootImpl.performTraversals:4110 android.view.ViewRootImpl.doTraversal:3288 android.view.ViewRootImpl$TraversalRunnable.run:11344 android.view.Choreographer$CallbackRecord.run:1689
2026-01-30 09:12:49.827 30107-30107 ViewRootIm...p-Fenster] com.fishit.player.v2                 I  Relayout returned: old=(268,374,330,449) new=(268,374,330,449) relayoutAsync=true req=(62,75)0 dur=0 res=0x0 s={true 0xb400007994f54aa0} ch=false seqId=0
2026-01-30 09:12:49.828 30107-30107 ViewRootIm...p-Fenster] com.fishit.player.v2                 I  registerCallbackForPendingTransactions
2026-01-30 09:12:49.829 30107-30107 ViewRootIm...p-Fenster] com.fishit.player.v2                 I  handleResized, msg = 5 frames=ClientWindowFrames{frame=[268,374][330,449] display=[-100000,-100000][100000,100000] parentFrame=[0,0][0,0] attachedFrame=[0,0][1080,2400]} forceNextWindowRelayout=false displayId=0 dragResizing=false compatScale=1.0 frameChanged=false attachedFrameChanged=false configChanged=false displayChanged=false compatScaleChanged=false
2026-01-30 09:12:49.829 30107-30107 ViewRootIm...p-Fenster] com.fishit.player.v2                 I  handleResized mSyncSeqId = 0
2026-01-30 09:12:49.829 30107-30107 ViewRootIm...p-Fenster] com.fishit.player.v2                 D  reportNextDraw android.view.ViewRootImpl.handleResized:2530 android.view.ViewRootImpl.-$$Nest$mhandleResized:0 android.view.ViewRootImpl$ViewRootHandler.handleMessageImpl:7197 android.view.ViewRootImpl$ViewRootHandler.handleMessage:7166 android.os.Handler.dispatchMessage:106
2026-01-30 09:12:49.829 30107-30368 ViewRootIm...p-Fenster] com.fishit.player.v2                 I  mWNT: t=0xb4000078e4efa990 mBlastBufferQueue=0xb400007a14ea1370 fn= 2 mRenderHdrSdrRatio=1.0 caller= android.view.ViewRootImpl$6.onFrameDraw:5635 android.view.ViewRootImpl$2.onFrameDraw:2146 android.view.ThreadedRenderer$1.onFrameDraw:792
2026-01-30 09:12:49.839 30107-30107 BLASTBufferQueue_Java   com.fishit.player.v2                 I  update, w= 158 h= 171 mName = ViewRootImpl@64d9fba[Pop-up-Fenster] mNativeObject= 0xb400007a14ea1370 sc.mNativeObject= 0xb400007b04e58650 format= -3 caller= android.view.ViewRootImpl.updateBlastSurfaceIfNeeded:3017 android.view.ViewRootImpl.relayoutWindow:10131 android.view.ViewRootImpl.performTraversals:4110 android.view.ViewRootImpl.doTraversal:3288 android.view.ViewRootImpl$TraversalRunnable.run:11344 android.view.Choreographer$CallbackRecord.run:1689
2026-01-30 09:12:49.839 30107-30107 ViewRootIm...p-Fenster] com.fishit.player.v2                 I  Relayout returned: old=(268,374,330,449) new=(268,374,330,449) relayoutAsync=true req=(62,75)0 dur=0 res=0x0 s={true 0xb400007994f54aa0} ch=false seqId=0
2026-01-30 09:12:49.839 30107-30107 ViewRootIm...p-Fenster] com.fishit.player.v2                 I  Setup new sync=wmsSync-ViewRootImpl@64d9fba[Pop-up-Fenster]#68
2026-01-30 09:12:49.839 30107-30107 ViewRootIm...p-Fenster] com.fishit.player.v2                 I  Creating new active sync group ViewRootImpl@64d9fba[Pop-up-Fenster]#69
2026-01-30 09:12:49.840 30107-30107 ViewRootIm...p-Fenster] com.fishit.player.v2                 I  registerCallbacksForSync syncBuffer=false
2026-01-30 09:12:49.840 30107-30369 ViewRootIm...p-Fenster] com.fishit.player.v2                 I  Received frameDrawingCallback syncResult=0 frameNum=3.
2026-01-30 09:12:49.840 30107-30369 ViewRootIm...p-Fenster] com.fishit.player.v2                 I  mWNT: t=0xb4000078e4e32890 mBlastBufferQueue=0xb400007a14ea1370 fn= 3 mRenderHdrSdrRatio=1.0 caller= android.view.ViewRootImpl$8.onFrameDraw:13841 android.view.ThreadedRenderer$1.onFrameDraw:792 <bottom of call stack>
2026-01-30 09:12:49.840 30107-30369 ViewRootIm...p-Fenster] com.fishit.player.v2                 I  Setting up sync and frameCommitCallback
2026-01-30 09:12:49.841 30107-30143 ViewRootIm...p-Fenster] com.fishit.player.v2                 I  Received frameCommittedCallback lastAttemptedDrawFrameNum=3 didProduceBuffer=false
2026-01-30 09:12:49.841 30107-30143 BLASTBufferQueue_Java   com.fishit.player.v2                 I  gatherPendingTransactions, mName= ViewRootImpl@64d9fba[Pop-up-Fenster] mNativeObject= 0xb400007a14ea1370 frameNumber= 3 caller= android.view.ViewRootImpl$8.lambda$onFrameDraw$1:13914 android.view.ViewRootImpl$8.$r8$lambda$6frSHsGsDhUEo8Wl9hChpniTVZ0:0 android.view.ViewRootImpl$8$$ExternalSyntheticLambda1.onFrameCommit:9 android.view.ThreadedRenderer$1.lambda$onFrameDraw$0:804 android.view.ThreadedRenderer$1$$ExternalSyntheticLambda0.onFrameCommit:2 <bottom of call stack>
2026-01-30 09:12:49.841 30107-30107 ViewRootIm...p-Fenster] com.fishit.player.v2                 I  reportDrawFinished seqId=0
2026-01-30 09:12:49.843 30107-30107 InsetsController        com.fishit.player.v2                 D  show(ime(), fromIme=true)
2026-01-30 09:12:49.843 30107-30107 ImeTracker              com.fishit.player.v2                 I  com.fishit.player.v2:f37f2491: onCancelled at PHASE_CLIENT_APPLY_ANIMATION
2026-01-30 09:12:50.191 30107-30107 ViewRootIm...nActivity] com.fishit.player.v2                 I  ViewPostIme key 0
2026-01-30 09:12:50.194 30107-30107 ViewRootIm...nActivity] com.fishit.player.v2                 I  ViewPostIme key 1
2026-01-30 09:12:50.207 30107-30107 InputMethodManagerUtils com.fishit.player.v2                 D  startInputInner - Id : 0
2026-01-30 09:12:50.208 30107-30107 InputMethodManager      com.fishit.player.v2                 I  startInputInner - IInputMethodManagerGlobalInvoker.startInputOrWindowGainedFocus
2026-01-30 09:12:50.223 30107-30107 WindowManager           com.fishit.player.v2                 I  WindowManagerGlobal#removeView, ty=1002, view=androidx.compose.ui.window.PopupLayout{42168e5 V.E...... ......I. 0,0-62,75 #1020002 android:id/content}, caller=android.view.WindowManagerGlobal.removeView:628 android.view.WindowManagerImpl.removeViewImmediate:208 androidx.compose.ui.window.PopupLayout.dismiss:772
2026-01-30 09:12:50.223 30107-30107 WindowOnBackDispatcher  com.fishit.player.v2                 W  sendCancelIfRunning: isInProgress=falsecallback=android.view.ViewRootImpl$$ExternalSyntheticLambda19@f94f141
2026-01-30 09:12:50.226 30107-30107 ViewRootIm...p-Fenster] com.fishit.player.v2                 I  dispatchDetachedFromWindow
2026-01-30 09:12:50.230 30107-30107 InputTransport          com.fishit.player.v2                 D  Input channel destroyed: '50a7023', fd=190
2026-01-30 09:12:50.237 30107-30107 LeakCanary              com.fishit.player.v2                 D  Watching instance of androidx.compose.ui.window.PopupLayout (androidx.compose.ui.window.PopupLayout received View#onDetachedFromWindow() callback) with key aeec066a-d719-4152-adf1-9d897fbe6fad
2026-01-30 09:12:50.262 30107-30107 InsetsController        com.fishit.player.v2                 D  show(ime(), fromIme=true)
2026-01-30 09:12:50.262 30107-30107 ImeTracker              com.fishit.player.v2                 I  com.fishit.player.v2:8c8b6e3d: onCancelled at PHASE_CLIENT_APPLY_ANIMATION
2026-01-30 09:12:50.812 30107-30107 ViewRootIm...nActivity] com.fishit.player.v2                 I  ViewPostIme pointer 0
2026-01-30 09:12:50.859 30107-30107 ViewRootIm...nActivity] com.fishit.player.v2                 I  ViewPostIme pointer 1
2026-01-30 09:12:51.180 30107-30107 InputMethodManagerUtils com.fishit.player.v2                 D  startInputInner - Id : 0
2026-01-30 09:12:51.180 30107-30107 InputMethodManager      com.fishit.player.v2                 I  startInputInner - IInputMethodManagerGlobalInvoker.startInputOrWindowGainedFocus
2026-01-30 09:12:51.242 30107-30107 InsetsController        com.fishit.player.v2                 D  show(ime(), fromIme=true)
2026-01-30 09:12:51.242 30107-30107 ImeTracker              com.fishit.player.v2                 I  com.fishit.player.v2:2692522c: onCancelled at PHASE_CLIENT_APPLY_ANIMATION
2026-01-30 09:12:51.829 30107-30132 ishit.player.v2         com.fishit.player.v2                 I  Explicit concurrent copying GC freed 15393(729KB) AllocSpace objects, 0(0B) LOS objects, 16% free, 121MB/145MB, paused 64us,29us total 78.377ms
2026-01-30 09:12:51.831 30107-30118 InputTransport          com.fishit.player.v2                 D  Input channel destroyed: 'ClientS', fd=314
2026-01-30 09:12:51.831 30107-30118 InputTransport          com.fishit.player.v2                 D  Input channel destroyed: 'ClientS', fd=219
2026-01-30 09:12:51.935 30107-30132 NotificationManager     com.fishit.player.v2                 I  com.fishit.player.v2: notify(2131362144, null, Notification(channel=LEAKCANARY_LOW shortcut=null contentView=null vibrate=null sound=null defaults=0x0 flags=0x10 color=0x00000000 groupKey=LEAKCANARY_LOW vis=PRIVATE semFlags=0x0 semPriority=0 semMissedCount=0)) as user
2026-01-30 09:12:52.111 30107-30107 InputMethodManagerUtils com.fishit.player.v2                 D  startInputInner - Id : 0
2026-01-30 09:12:52.111 30107-30107 InputMethodManager      com.fishit.player.v2                 I  startInputInner - IInputMethodManagerGlobalInvoker.startInputOrWindowGainedFocus
2026-01-30 09:12:52.132 30107-30107 RemoteInpu...ectionImpl com.fishit.player.v2                 W  getExtractedText on inactive InputConnection
2026-01-30 09:12:52.158 30107-30107 InsetsController        com.fishit.player.v2                 D  show(ime(), fromIme=true)
2026-01-30 09:12:52.158 30107-30107 ImeTracker              com.fishit.player.v2                 I  com.fishit.player.v2:e3dc2f7b: onCancelled at PHASE_CLIENT_APPLY_ANIMATION
2026-01-30 09:12:52.427 30107-30107 InputMethodManagerUtils com.fishit.player.v2                 D  startInputInner - Id : 0
2026-01-30 09:12:52.427 30107-30107 InputMethodManager      com.fishit.player.v2                 I  startInputInner - IInputMethodManagerGlobalInvoker.startInputOrWindowGainedFocus
2026-01-30 09:12:52.492 30107-30107 InsetsController        com.fishit.player.v2                 D  show(ime(), fromIme=true)
2026-01-30 09:12:52.492 30107-30107 ImeTracker              com.fishit.player.v2                 I  com.fishit.player.v2:7c86c40e: onCancelled at PHASE_CLIENT_APPLY_ANIMATION
2026-01-30 09:12:53.005 30107-30107 ViewRootIm...nActivity] com.fishit.player.v2                 I  ViewPostIme pointer 0
2026-01-30 09:12:53.121 30107-30107 ViewRootIm...nActivity] com.fishit.player.v2                 I  ViewPostIme pointer 1
2026-01-30 09:12:53.137 30107-30107 WindowManager           com.fishit.player.v2                 I  WindowManagerGlobal#addView, ty=1002, view=androidx.compose.ui.window.PopupLayout{240478f V.E...... ......I. 0,0-0,0 #1020002 android:id/content}, caller=android.view.WindowManagerImpl.addView:150 androidx.compose.ui.window.PopupLayout.show:562 androidx.compose.ui.window.AndroidPopup_androidKt$Popup$2$1.invoke:334
2026-01-30 09:12:53.139 30107-30143 NativeCust...ncyManager com.fishit.player.v2                 D  [NativeCFMS] BpCustomFrequencyManager::BpCustomFrequencyManager()
2026-01-30 09:12:53.147 30107-30107 InsetsController        com.fishit.player.v2                 I  onStateChanged: host=Pop-up-Fenster, from=android.view.ViewRootImpl.setView:1753, state=InsetsState: {mDisplayFrame=Rect(0, 0 - 1080, 2400), mDisplayCutout=DisplayCutout{insets=Rect(0, 80 - 0, 0) waterfall=Insets{left=0, top=0, right=0, bottom=0} boundingRect={Bounds=[Rect(0, 0 - 0, 0), Rect(510, 0 - 570, 80), Rect(0, 0 - 0, 0), Rect(0, 0 - 0, 0)]} cutoutPathParserInfo={CutoutPathParserInfo{displayWidth=1080 displayHeight=2400 physicalDisplayWidth=1080 physicalDisplayHeight=2400 density={3.0} cutoutSpec={M 0,0 H -10 V 26.66666666666667 H 10 V 0 H 0 Z @dp} rotation={0} scale={1.0} physicalPixelDisplaySizeRatio={1.0}}}}, mRoundedCorners=RoundedCorners{[RoundedCorner{position=TopLeft, radius=90, center=Point(90, 90)}, RoundedCorner{position=TopRight, radius=90, center=Point(990, 90)}, RoundedCorner{position=BottomRight, radius=90, center=Point(990, 2310)}, RoundedCorner{position=BottomLeft, radius=90, center=Point(90, 2310)}]}  mRoundedCornerFrame=Rect(0, 0 - 1080, 2400), mPrivacyIndicatorBounds=PrivacyIndicatorBounds {static bounds=Rect(948, 0 - 1080, 80) rotation=0}, mDisplayShape=DisplayShape{ spec=-311912193 displayWidth=1080 displayHeight=2400 physicalPixelDisplaySizeRatio=1.0 rotation=0 offsetX=0 offsetY=0 scale=1.0}, mSources= { InsetsSource: {27 mType=displayCutout mFrame=[0,0][1080,80] mVisible=true mFlags=[]}, InsetsSource: {24df0000 mType=statusBars mFrame=[0,0][1080,80] mVisible=true mFlags=[]}, InsetsSource: {24df0005 mType=mandatorySystemGestures mFrame=[0,0][1080,116] mVisible=true mFlags=[]}, InsetsSource: {24df0006 mType=tappableElement mFrame=[0,0][1080,80] mVisible=true mFlags=[]}, InsetsSource: {68b60001 mType=navigationBars mFrame=[0,2256][1080,2400] mVisible=true mFlags=[]}, InsetsSource: {68b60004 mType=systemGestures mFrame=[0,0][0,0] mVisible=true mFlags=[]}, InsetsSource: {68b60005 mType=mandatorySystemGestures mFrame=[0,2256][1080,2400] mVisible=true mFlags=[]}, InsetsSource: {68b60006 mType=tappableElement mFrame=[0,2256][1080,2400] mVisible=true mFlags=[]}, InsetsSource: {68b60024 mType=systemGestures mFrame=[0,0][0,0] mVisible=true mFlags=[]} }
2026-01-30 09:12:53.148 30107-30107 ViewRootIm...p-Fenster] com.fishit.player.v2                 I  synced displayState. AttachInfo displayState=2
2026-01-30 09:12:53.148 30107-30107 ViewRootIm...p-Fenster] com.fishit.player.v2                 I  setView = androidx.compose.ui.window.PopupLayout@240478f TM=true
2026-01-30 09:12:53.149 30107-30107 ImeTracker              com.fishit.player.v2                 I  com.fishit.player.v2:723405ae: onRequestShow at ORIGIN_CLIENT_SHOW_SOFT_INPUT reason SHOW_SOFT_INPUT_BY_INSETS_API
2026-01-30 09:12:53.149 30107-30107 InsetsController        com.fishit.player.v2                 D  show(ime(), fromIme=false)
2026-01-30 09:12:53.149 30107-30107 ImeTracker              com.fishit.player.v2                 I  com.fishit.player.v2:723405ae: onCancelled at PHASE_CLIENT_APPLY_ANIMATION
2026-01-30 09:12:53.158 30107-30107 WindowOnBackDispatcher  com.fishit.player.v2                 W  OnBackInvokedCallback is not enabled for the application.
                                                                                                    Set 'android:enableOnBackInvokedCallback="true"' in the application manifest.
2026-01-30 09:12:53.168 30107-30122 ViewRootIm...p-Fenster] com.fishit.player.v2                 I  Resizing android.view.ViewRootImpl@544fe68: frame = [272,374][334,449] reportDraw = true forceLayout = false syncSeqId = -1
2026-01-30 09:12:53.170 30107-30107 BLASTBufferQueue_Java   com.fishit.player.v2                 I  new BLASTBufferQueue, mName= ViewRootImpl@2c63a1c[Pop-up-Fenster] mNativeObject= 0xb400007a14e5da30 sc.mNativeObject= 0xb400007b04e49f50 caller= android.view.ViewRootImpl.updateBlastSurfaceIfNeeded:3028 android.view.ViewRootImpl.relayoutWindow:10131 android.view.ViewRootImpl.performTraversals:4110 android.view.ViewRootImpl.doTraversal:3288 android.view.ViewRootImpl$TraversalRunnable.run:11344 android.view.Choreographer$CallbackRecord.run:1689 android.view.Choreographer$CallbackRecord.run:1698 android.view.Choreographer.doCallbacks:1153 android.view.Choreographer.doFrame:1079 android.view.Choreographer$FrameDisplayEventReceiver.run:1646
2026-01-30 09:12:53.170 30107-30107 BLASTBufferQueue_Java   com.fishit.player.v2                 I  update, w= 158 h= 171 mName = ViewRootImpl@2c63a1c[Pop-up-Fenster] mNativeObject= 0xb400007a14e5da30 sc.mNativeObject= 0xb400007b04e49f50 format= -3 caller= android.graphics.BLASTBufferQueue.<init>:89 android.view.ViewRootImpl.updateBlastSurfaceIfNeeded:3028 android.view.ViewRootImpl.relayoutWindow:10131 android.view.ViewRootImpl.performTraversals:4110 android.view.ViewRootImpl.doTraversal:3288 android.view.ViewRootImpl$TraversalRunnable.run:11344
2026-01-30 09:12:53.171 30107-30107 ViewRootIm...p-Fenster] com.fishit.player.v2                 I  Relayout returned: old=(0,0,1080,2400) new=(272,374,334,449) relayoutAsync=false req=(62,75)0 dur=4 res=0x403 s={true 0xb400007994eb2de0} ch=true seqId=0
2026-01-30 09:12:53.171 30107-30107 ViewRootIm...p-Fenster] com.fishit.player.v2                 I  performConfigurationChange setNightDimText nightDimLevel=0
2026-01-30 09:12:53.172 30107-30107 ViewRootIm...p-Fenster] com.fishit.player.v2                 D  mThreadedRenderer.initialize() mSurface={isValid=true 0xb400007994eb2de0} hwInitialized=true
2026-01-30 09:12:53.173 30107-30107 ViewRootIm...p-Fenster] com.fishit.player.v2                 D  reportNextDraw android.view.ViewRootImpl.performTraversals:4718 android.view.ViewRootImpl.doTraversal:3288 android.view.ViewRootImpl$TraversalRunnable.run:11344 android.view.Choreographer$CallbackRecord.run:1689 android.view.Choreographer$CallbackRecord.run:1698
2026-01-30 09:12:53.174 30107-30107 ViewRootIm...p-Fenster] com.fishit.player.v2                 I  Setup new sync=wmsSync-ViewRootImpl@2c63a1c[Pop-up-Fenster]#70
2026-01-30 09:12:53.174 30107-30107 ViewRootIm...p-Fenster] com.fishit.player.v2                 I  Creating new active sync group ViewRootImpl@2c63a1c[Pop-up-Fenster]#71
2026-01-30 09:12:53.174 30107-30107 ViewRootIm...p-Fenster] com.fishit.player.v2                 I  registerCallbacksForSync syncBuffer=false
2026-01-30 09:12:53.175 30107-30368 ViewRootIm...p-Fenster] com.fishit.player.v2                 I  Received frameDrawingCallback syncResult=0 frameNum=1.
2026-01-30 09:12:53.176 30107-30368 ViewRootIm...p-Fenster] com.fishit.player.v2                 I  mWNT: t=0xb4000078e4eca370 mBlastBufferQueue=0xb400007a14e5da30 fn= 1 mRenderHdrSdrRatio=1.0 caller= android.view.ViewRootImpl$8.onFrameDraw:13841 android.view.ThreadedRenderer$1.onFrameDraw:792 <bottom of call stack>
2026-01-30 09:12:53.176 30107-30368 ViewRootIm...p-Fenster] com.fishit.player.v2                 I  Setting up sync and frameCommitCallback
2026-01-30 09:12:53.176 30107-30143 BLASTBufferQueue        com.fishit.player.v2                 I  [ViewRootImpl@2c63a1c[Pop-up-Fenster]#21](f:0,a:0,s:0) onFrameAvailable the first frame is available
2026-01-30 09:12:53.176 30107-30143 ViewRootIm...p-Fenster] com.fishit.player.v2                 I  Received frameCommittedCallback lastAttemptedDrawFrameNum=1 didProduceBuffer=true
2026-01-30 09:12:53.177 30107-30143 OpenGLRenderer          com.fishit.player.v2                 D  CFMS:: SetUp Pid : 30107    Tid : 30143
2026-01-30 09:12:53.177 30107-30107 ViewRootIm...p-Fenster] com.fishit.player.v2                 I  reportDrawFinished seqId=0
2026-01-30 09:12:53.179 30107-30143 OpenGLRenderer          com.fishit.player.v2                 D  HWUI - treat SMPTE_170M as sRGB
2026-01-30 09:12:53.183 30107-30107 BLASTBufferQueue_Java   com.fishit.player.v2                 I  update, w= 158 h= 171 mName = ViewRootImpl@2c63a1c[Pop-up-Fenster] mNativeObject= 0xb400007a14e5da30 sc.mNativeObject= 0xb400007b04e49f50 format= -3 caller= android.view.ViewRootImpl.updateBlastSurfaceIfNeeded:3017 android.view.ViewRootImpl.relayoutWindow:10131 android.view.ViewRootImpl.performTraversals:4110 android.view.ViewRootImpl.doTraversal:3288 android.view.ViewRootImpl$TraversalRunnable.run:11344 android.view.Choreographer$CallbackRecord.run:1689
2026-01-30 09:12:53.184 30107-30107 ViewRootIm...p-Fenster] com.fishit.player.v2                 I  Relayout returned: old=(272,374,334,449) new=(272,374,334,449) relayoutAsync=true req=(62,75)0 dur=0 res=0x0 s={true 0xb400007994eb2de0} ch=false seqId=0
2026-01-30 09:12:53.184 30107-30107 ViewRootIm...p-Fenster] com.fishit.player.v2                 I  registerCallbackForPendingTransactions
2026-01-30 09:12:53.185 30107-30369 ViewRootIm...p-Fenster] com.fishit.player.v2                 I  mWNT: t=0xb4000078e4ef60b0 mBlastBufferQueue=0xb400007a14e5da30 fn= 2 mRenderHdrSdrRatio=1.0 caller= android.view.ViewRootImpl$6.onFrameDraw:5635 android.view.ViewRootImpl$2.onFrameDraw:2146 android.view.ThreadedRenderer$1.onFrameDraw:792
2026-01-30 09:12:53.189 30107-30107 InputMethodManager_LC   com.fishit.player.v2                 I  showSoftInput(View,I)
2026-01-30 09:12:53.190 30107-30107 ImeTracker              com.fishit.player.v2                 I  com.fishit.player.v2:2886f796: onRequestShow at ORIGIN_CLIENT_SHOW_SOFT_INPUT reason SHOW_SOFT_INPUT
2026-01-30 09:12:53.190 30107-30107 InputMethodManager_LC   com.fishit.player.v2                 I  ssi(): flags=0 view=com.fishit.player.v2 reason = SHOW_SOFT_INPUT
2026-01-30 09:12:53.190 30107-30107 InputMethodManager_LC   com.fishit.player.v2                 I  ssi() view is not EditText
2026-01-30 09:12:53.190 30107-30107 InputMethodManager      com.fishit.player.v2                 D  showSoftInput() view=androidx.compose.ui.platform.AndroidComposeView{db56336 VFED..... .F...... 0,0-1080,2400 aid=1073741826} flags=0 reason=SHOW_SOFT_INPUT
2026-01-30 09:12:53.192 30107-30107 ViewRootIm...p-Fenster] com.fishit.player.v2                 I  handleResized, msg = 5 frames=ClientWindowFrames{frame=[272,374][334,449] display=[-100000,-100000][100000,100000] parentFrame=[0,0][0,0] attachedFrame=[0,0][1080,2400]} forceNextWindowRelayout=false displayId=0 dragResizing=false compatScale=1.0 frameChanged=false attachedFrameChanged=false configChanged=false displayChanged=false compatScaleChanged=false
2026-01-30 09:12:53.192 30107-30107 ViewRootIm...p-Fenster] com.fishit.player.v2                 I  handleResized mSyncSeqId = 0
2026-01-30 09:12:53.192 30107-30107 ViewRootIm...p-Fenster] com.fishit.player.v2                 D  reportNextDraw android.view.ViewRootImpl.handleResized:2530 android.view.ViewRootImpl.-$$Nest$mhandleResized:0 android.view.ViewRootImpl$ViewRootHandler.handleMessageImpl:7197 android.view.ViewRootImpl$ViewRootHandler.handleMessage:7166 android.os.Handler.dispatchMessage:106
2026-01-30 09:12:53.194 30107-30107 BLASTBufferQueue_Java   com.fishit.player.v2                 I  update, w= 158 h= 171 mName = ViewRootImpl@2c63a1c[Pop-up-Fenster] mNativeObject= 0xb400007a14e5da30 sc.mNativeObject= 0xb400007b04e49f50 format= -3 caller= android.view.ViewRootImpl.updateBlastSurfaceIfNeeded:3017 android.view.ViewRootImpl.relayoutWindow:10131 android.view.ViewRootImpl.performTraversals:4110 android.view.ViewRootImpl.doTraversal:3288 android.view.ViewRootImpl$TraversalRunnable.run:11344 android.view.Choreographer$CallbackRecord.run:1689
2026-01-30 09:12:53.194 30107-30107 ViewRootIm...p-Fenster] com.fishit.player.v2                 I  Relayout returned: old=(272,374,334,449) new=(272,374,334,449) relayoutAsync=true req=(62,75)0 dur=0 res=0x0 s={true 0xb400007994eb2de0} ch=false seqId=0
2026-01-30 09:12:53.194 30107-30107 ViewRootIm...p-Fenster] com.fishit.player.v2                 I  Setup new sync=wmsSync-ViewRootImpl@2c63a1c[Pop-up-Fenster]#72
2026-01-30 09:12:53.194 30107-30107 ViewRootIm...p-Fenster] com.fishit.player.v2                 I  Creating new active sync group ViewRootImpl@2c63a1c[Pop-up-Fenster]#73
2026-01-30 09:12:53.194 30107-30107 ViewRootIm...p-Fenster] com.fishit.player.v2                 I  registerCallbacksForSync syncBuffer=false
2026-01-30 09:12:53.195 30107-30368 ViewRootIm...p-Fenster] com.fishit.player.v2                 I  Received frameDrawingCallback syncResult=0 frameNum=3.
2026-01-30 09:12:53.195 30107-30368 ViewRootIm...p-Fenster] com.fishit.player.v2                 I  mWNT: t=0xb4000078e4ecda70 mBlastBufferQueue=0xb400007a14e5da30 fn= 3 mRenderHdrSdrRatio=1.0 caller= android.view.ViewRootImpl$8.onFrameDraw:13841 android.view.ThreadedRenderer$1.onFrameDraw:792 <bottom of call stack>
2026-01-30 09:12:53.195 30107-30368 ViewRootIm...p-Fenster] com.fishit.player.v2                 I  Setting up sync and frameCommitCallback
2026-01-30 09:12:53.196 30107-30143 ViewRootIm...p-Fenster] com.fishit.player.v2                 I  Received frameCommittedCallback lastAttemptedDrawFrameNum=3 didProduceBuffer=true
2026-01-30 09:12:53.196 30107-30107 ViewRootIm...p-Fenster] com.fishit.player.v2                 I  reportDrawFinished seqId=0
2026-01-30 09:12:53.209 30107-30107 InsetsController        com.fishit.player.v2                 D  show(ime(), fromIme=true)
2026-01-30 09:12:53.209 30107-30107 ImeTracker              com.fishit.player.v2                 I  com.fishit.player.v2:2886f796: onCancelled at PHASE_CLIENT_APPLY_ANIMATION
2026-01-30 09:12:54.017 30107-30107 InputMethodManagerUtils com.fishit.player.v2                 D  startInputInner - Id : 0
2026-01-30 09:12:54.017 30107-30107 InputMethodManager      com.fishit.player.v2                 I  startInputInner - IInputMethodManagerGlobalInvoker.startInputOrWindowGainedFocus
2026-01-30 09:12:54.024 30107-30132 ishit.player.v2         com.fishit.player.v2                 I  Explicit concurrent copying GC freed 30738(1625KB) AllocSpace objects, 2(40KB) LOS objects, 16% free, 120MB/144MB, paused 66us,85us total 85.278ms
2026-01-30 09:12:54.024 30107-30118 InputTransport          com.fishit.player.v2                 D  Input channel destroyed: 'ClientS', fd=192
2026-01-30 09:12:54.024 30107-30118 InputTransport          com.fishit.player.v2                 D  Input channel destroyed: 'ClientS', fd=163
2026-01-30 09:12:54.025 30107-30107 WindowManager           com.fishit.player.v2                 I  WindowManagerGlobal#removeView, ty=1002, view=androidx.compose.ui.window.PopupLayout{240478f V.E...... ......I. 0,0-62,75 #1020002 android:id/content}, caller=android.view.WindowManagerGlobal.removeView:628 android.view.WindowManagerImpl.removeViewImmediate:208 androidx.compose.ui.window.PopupLayout.dismiss:772
2026-01-30 09:12:54.025 30107-30107 WindowOnBackDispatcher  com.fishit.player.v2                 W  sendCancelIfRunning: isInProgress=falsecallback=android.view.ViewRootImpl$$ExternalSyntheticLambda19@f617d8b
2026-01-30 09:12:54.027 30107-30107 ViewRootIm...p-Fenster] com.fishit.player.v2                 I  dispatchDetachedFromWindow
2026-01-30 09:12:54.030 30107-30107 InputTransport          com.fishit.player.v2                 D  Input channel destroyed: 'ae93564', fd=224
2026-01-30 09:12:54.036 30107-30107 LeakCanary              com.fishit.player.v2                 D  Watching instance of androidx.compose.ui.window.PopupLayout (androidx.compose.ui.window.PopupLayout received View#onDetachedFromWindow() callback) with key d5f0a400-ce5a-423f-b418-41ea18c17431
2026-01-30 09:12:54.059 30107-30107 InsetsController        com.fishit.player.v2                 D  show(ime(), fromIme=true)
2026-01-30 09:12:54.059 30107-30107 ImeTracker              com.fishit.player.v2                 I  com.fishit.player.v2:28ce0e6e: onCancelled at PHASE_CLIENT_APPLY_ANIMATION
2026-01-30 09:12:54.127 30107-30132 NotificationManager     com.fishit.player.v2                 I  com.fishit.player.v2: notify(2131362144, null, Notification(channel=LEAKCANARY_LOW shortcut=null contentView=null vibrate=null sound=null defaults=0x0 flags=0x10 color=0x00000000 groupKey=LEAKCANARY_LOW vis=PRIVATE semFlags=0x0 semPriority=0 semMissedCount=0)) as user
2026-01-30 09:12:54.312 30107-30107 InputMethodManagerUtils com.fishit.player.v2                 D  startInputInner - Id : 0
2026-01-30 09:12:54.312 30107-30107 InputMethodManager      com.fishit.player.v2                 I  startInputInner - IInputMethodManagerGlobalInvoker.startInputOrWindowGainedFocus
2026-01-30 09:12:54.370 30107-30107 InsetsController        com.fishit.player.v2                 D  show(ime(), fromIme=true)
2026-01-30 09:12:54.371 30107-30107 ImeTracker              com.fishit.player.v2                 I  com.fishit.player.v2:19d00b95: onCancelled at PHASE_CLIENT_APPLY_ANIMATION
2026-01-30 09:12:55.352 30107-30107 ViewRootIm...nActivity] com.fishit.player.v2                 I  ViewPostIme pointer 0
2026-01-30 09:12:55.423 30107-30107 ViewRootIm...nActivity] com.fishit.player.v2                 I  ViewPostIme pointer 1
