2026-01-30 14:18:58.499 21001-21001 ViewRootIm...nActivity] com.fishit.player.v2                 I  ViewPostIme pointer 0
2026-01-30 14:18:58.572 21001-21001 ViewRootIm...nActivity] com.fishit.player.v2                 I  ViewPostIme pointer 1
2026-01-30 14:18:58.670 21001-21001 InputMethodManagerUtils com.fishit.player.v2                 D  startInputInner - Id : 0
2026-01-30 14:18:58.671 21001-21001 InputMethodManager      com.fishit.player.v2                 I  startInputInner - IInputMethodManagerGlobalInvoker.startInputOrWindowGainedFocus
2026-01-30 14:18:58.677 21001-21001 InputMethodManagerUtils com.fishit.player.v2                 D  startInputInner - Id : 0
2026-01-30 14:18:58.677 21001-21001 InputMethodManager      com.fishit.player.v2                 I  startInputInner - IInputMethodManagerGlobalInvoker.startInputOrWindowGainedFocus
2026-01-30 14:18:58.717 21001-21001 ImeTracker              com.fishit.player.v2                 I  com.fishit.player.v2:844caa91: onRequestShow at ORIGIN_CLIENT_SHOW_SOFT_INPUT reason SHOW_SOFT_INPUT_BY_INSETS_API
2026-01-30 14:18:58.717 21001-21001 InsetsController        com.fishit.player.v2                 D  show(ime(), fromIme=false)
2026-01-30 14:18:58.719 21001-21001 InsetsController        com.fishit.player.v2                 I  setRequestedVisibleTypes: visible=true, mask=ime, host=com.fishit.player.v2/com.fishit.player.v2.MainActivity, from=android.view.InsetsController.controlAnimationUnchecked:1445 android.view.InsetsController.applyAnimation:2005 android.view.InsetsController.applyAnimation:1968 android.view.InsetsController.show:1309 android.view.InsetsController.show:1237 androidx.core.view.SoftwareKeyboardControllerCompat$Impl30.show:194 androidx.core.view.SoftwareKeyboardControllerCompat.show:71 androidx.compose.ui.text.input.InputMethodManagerImpl.showSoftInput:81 androidx.compose.ui.text.input.TextInputServiceAndroid.setKeyboardVisibleImmediately:475 androidx.compose.ui.text.input.TextInputServiceAndroid.processInputCommands:359
2026-01-30 14:18:58.719 21001-21001 InputMethodManager_LC   com.fishit.player.v2                 I  ris()
2026-01-30 14:18:58.720 21001-21001 InputMethodManager_LC   com.fishit.player.v2                 I  ssi(): flags=0 view=com.fishit.player.v2 reason = SHOW_SOFT_INPUT_BY_INSETS_API
2026-01-30 14:18:58.720 21001-21001 InputMethodManager_LC   com.fishit.player.v2                 I  ssi() view is not EditText
2026-01-30 14:18:58.720 21001-21001 InputMethodManager      com.fishit.player.v2                 D  showSoftInput() view=androidx.compose.ui.platform.AndroidComposeView{ff4684f VFED..... .F....ID 0,0-1080,2400 aid=1073741824} flags=0 reason=SHOW_SOFT_INPUT_BY_INSETS_API
2026-01-30 14:18:58.730 21001-21001 InsetsController        com.fishit.player.v2                 I  setRequestedVisibleTypes: visible=false, mask=ime, host=com.fishit.player.v2/com.fishit.player.v2.MainActivity, from=android.view.InsetsController.controlAnimationUncheckedInner:1546 android.view.InsetsController.controlAnimationUnchecked:1449 android.view.InsetsController.applyAnimation:2005 android.view.InsetsController.applyAnimation:1968 android.view.InsetsController.show:1309 android.view.InsetsController.show:1237 androidx.core.view.SoftwareKeyboardControllerCompat$Impl30.show:194 androidx.core.view.SoftwareKeyboardControllerCompat.show:71 androidx.compose.ui.text.input.InputMethodManagerImpl.showSoftInput:81 androidx.compose.ui.text.input.TextInputServiceAndroid.setKeyboardVisibleImmediately:475
2026-01-30 14:18:58.816 21001-21001 RemoteInpu...ectionImpl com.fishit.player.v2                 W  getExtractedText on inactive InputConnection
2026-01-30 14:18:58.820 21001-21001 InputMethodManager_LC   com.fishit.player.v2                 I  showSoftInput(View,I)
2026-01-30 14:18:58.822 21001-21001 ImeTracker              com.fishit.player.v2                 I  com.fishit.player.v2:647c3b98: onRequestShow at ORIGIN_CLIENT_SHOW_SOFT_INPUT reason SHOW_SOFT_INPUT
2026-01-30 14:18:58.822 21001-21001 InputMethodManager_LC   com.fishit.player.v2                 I  ssi(): flags=0 view=com.fishit.player.v2 reason = SHOW_SOFT_INPUT
2026-01-30 14:18:58.822 21001-21001 InputMethodManager_LC   com.fishit.player.v2                 I  ssi() view is not EditText
2026-01-30 14:18:58.823 21001-21001 InputMethodManager      com.fishit.player.v2                 D  showSoftInput() view=androidx.compose.ui.platform.AndroidComposeView{ff4684f VFED..... .F....ID 0,0-1080,2400 aid=1073741824} flags=0 reason=SHOW_SOFT_INPUT
2026-01-30 14:18:59.043 21001-21031 ViewRootIm...nActivity] com.fishit.player.v2                 I  Resizing android.view.ViewRootImpl@e5308ee: frame = [0,0][1080,2400] reportDraw = false forceLayout = false syncSeqId = -1
2026-01-30 14:18:59.045 21001-21001 InsetsController        com.fishit.player.v2                 I  onStateChanged: host=com.fishit.player.v2/com.fishit.player.v2.MainActivity, from=android.view.ViewRootImpl$ViewRootHandler.handleMessageImpl:7196, state=InsetsState: {mDisplayFrame=Rect(0, 0 - 1080, 2400), mDisplayCutout=DisplayCutout{insets=Rect(0, 80 - 0, 0) waterfall=Insets{left=0, top=0, right=0, bottom=0} boundingRect={Bounds=[Rect(0, 0 - 0, 0), Rect(510, 0 - 570, 80), Rect(0, 0 - 0, 0), Rect(0, 0 - 0, 0)]} cutoutPathParserInfo={CutoutPathParserInfo{displayWidth=1080 displayHeight=2400 physicalDisplayWidth=1080 physicalDisplayHeight=2400 density={3.0} cutoutSpec={M 0,0 H -10 V 26.66666666666667 H 10 V 0 H 0 Z @dp} rotation={0} scale={1.0} physicalPixelDisplaySizeRatio={1.0}}}}, mRoundedCorners=RoundedCorners{[RoundedCorner{position=TopLeft, radius=90, center=Point(90, 90)}, RoundedCorner{position=TopRight, radius=90, center=Point(990, 90)}, RoundedCorner{position=BottomRight, radius=90, center=Point(990, 2310)}, RoundedCorner{position=BottomLeft, radius=90, center=Point(90, 2310)}]}  mRoundedCornerFrame=Rect(0, 0 - 1080, 2400), mPrivacyIndicatorBounds=PrivacyIndicatorBounds {static bounds=Rect(948, 0 - 1080, 80) rotation=0}, mDisplayShape=DisplayShape{ spec=-311912193 displayWidth=1080 displayHeight=2400 physicalPixelDisplaySizeRatio=1.0 rotation=0 offsetX=0 offsetY=0 scale=1.0}, mSources= { InsetsSource: {3 mType=ime mFrame=[0,2256][1080,2400] mVisible=false mFlags=[]}, InsetsSource: {27 mType=displayCutout mFrame=[0,0][1080,80] mVisible=true mFlags=[]}, InsetsSource: {24df0000 mType=statusBars mFrame=[0,0][1080,80] mVisible=true mFlags=[]}, InsetsSource: {24df0005 mType=mandatorySystemGestures mFrame=[0,0][1080,116] mVisible=true mFlags=[]}, InsetsSource: {24df0006 mType=tappableElement mFrame=[0,0][1080,80] mVisible=true mFlags=[]}, InsetsSource: {68b60001 mType=navigationBars mFrame=[0,2256][1080,2400] mVisible=true mFlags=[]}, InsetsSource: {68b60004 mType=systemGestures mFrame=[0,0][0,0] mVisible=true mFlags=[]}, InsetsSource: {68b60005 mType=mandatorySystemGestures mFrame=[0,2256][1080,2400] mVisible=true mFlags=[]}, InsetsSource: {68b60006 mType=tappableElement mFrame=[0,2256][1080,2400] mVisible=true mFlags=[]}, InsetsSource: {68b60024 mType=systemGestures mFrame=[0,0][0,0] mVisible=true mFlags=[]} }
2026-01-30 14:18:59.046 21001-21001 ViewRootIm...nActivity] com.fishit.player.v2                 I  handleResized, msg = 4 frames=ClientWindowFrames{frame=[0,0][1080,2400] display=[0,0][1080,2400] parentFrame=[0,0][0,0]} forceNextWindowRelayout=false displayId=0 dragResizing=false compatScale=1.0 frameChanged=false attachedFrameChanged=false configChanged=false displayChanged=false compatScaleChanged=false
2026-01-30 14:18:59.089 21001-21001 InsetsController        com.fishit.player.v2                 D  show(ime(), fromIme=true)
2026-01-30 14:18:59.090 21001-21001 InsetsController        com.fishit.player.v2                 I  setRequestedVisibleTypes: visible=true, mask=ime, host=com.fishit.player.v2/com.fishit.player.v2.MainActivity, from=android.view.InsetsController.controlAnimationUnchecked:1445 android.view.InsetsController.handlePendingControlRequest:1324 android.view.InsetsController.show:1260 android.view.ViewRootImpl$ViewRootHandler.handleMessageImpl:7233 android.view.ViewRootImpl$ViewRootHandler.handleMessage:7166 android.os.Handler.dispatchMessage:106 android.os.Looper.loopOnce:230 android.os.Looper.loop:319 android.app.ActivityThread.main:8919 java.lang.reflect.Method.invoke:-2
2026-01-30 14:18:59.092 21001-21001 InsetsController        com.fishit.player.v2                 I  controlAnimationUncheckedInner: Added types=ime, animType=0, host=com.fishit.player.v2/com.fishit.player.v2.MainActivity, from=android.view.InsetsController.controlAnimationUnchecked:1449 android.view.InsetsController.handlePendingControlRequest:1324 android.view.InsetsController.show:1260
2026-01-30 14:18:59.102 21001-21031 ViewRootIm...nActivity] com.fishit.player.v2                 I  Resizing android.view.ViewRootImpl@e5308ee: frame = [0,0][1080,2400] reportDraw = false forceLayout = false syncSeqId = -1
2026-01-30 14:18:59.102 21001-21001 InsetsController        com.fishit.player.v2                 I  onStateChanged: host=com.fishit.player.v2/com.fishit.player.v2.MainActivity, from=android.view.ViewRootImpl$ViewRootHandler.handleMessageImpl:7209, state=InsetsState: {mDisplayFrame=Rect(0, 0 - 1080, 2400), mDisplayCutout=DisplayCutout{insets=Rect(0, 80 - 0, 0) waterfall=Insets{left=0, top=0, right=0, bottom=0} boundingRect={Bounds=[Rect(0, 0 - 0, 0), Rect(510, 0 - 570, 80), Rect(0, 0 - 0, 0), Rect(0, 0 - 0, 0)]} cutoutPathParserInfo={CutoutPathParserInfo{displayWidth=1080 displayHeight=2400 physicalDisplayWidth=1080 physicalDisplayHeight=2400 density={3.0} cutoutSpec={M 0,0 H -10 V 26.66666666666667 H 10 V 0 H 0 Z @dp} rotation={0} scale={1.0} physicalPixelDisplaySizeRatio={1.0}}}}, mRoundedCorners=RoundedCorners{[RoundedCorner{position=TopLeft, radius=90, center=Point(90, 90)}, RoundedCorner{position=TopRight, radius=90, center=Point(990, 90)}, RoundedCorner{position=BottomRight, radius=90, center=Point(990, 2310)}, RoundedCorner{position=BottomLeft, radius=90, center=Point(90, 2310)}]}  mRoundedCornerFrame=Rect(0, 0 - 1080, 2400), mPrivacyIndicatorBounds=PrivacyIndicatorBounds {static bounds=Rect(948, 0 - 1080, 80) rotation=0}, mDisplayShape=DisplayShape{ spec=-311912193 displayWidth=1080 displayHeight=2400 physicalPixelDisplaySizeRatio=1.0 rotation=0 offsetX=0 offsetY=0 scale=1.0}, mSources= { InsetsSource: {3 mType=ime mFrame=[0,2256][1080,2400] mVisible=true mFlags=[]}, InsetsSource: {27 mType=displayCutout mFrame=[0,0][1080,80] mVisible=true mFlags=[]}, InsetsSource: {24df0000 mType=statusBars mFrame=[0,0][1080,80] mVisible=true mFlags=[]}, InsetsSource: {24df0005 mType=mandatorySystemGestures mFrame=[0,0][1080,116] mVisible=true mFlags=[]}, InsetsSource: {24df0006 mType=tappableElement mFrame=[0,0][1080,80] mVisible=true mFlags=[]}, InsetsSource: {68b60001 mType=navigationBars mFrame=[0,2256][1080,2400] mVisible=true mFlags=[]}, InsetsSource: {68b60004 mType=systemGestures mFrame=[0,0][0,0] mVisible=true mFlags=[]}, InsetsSource: {68b60005 mType=mandatorySystemGestures mFrame=[0,2256][1080,2400] mVisible=true mFlags=[]}, InsetsSource: {68b60006 mType=tappableElement mFrame=[0,2256][1080,2400] mVisible=true mFlags=[]}, InsetsSource: {68b60024 mType=systemGestures mFrame=[0,0][0,0] mVisible=true mFlags=[]} }
2026-01-30 14:18:59.104 21001-21001 ViewRootIm...nActivity] com.fishit.player.v2                 I  handleResized, msg = 4 frames=ClientWindowFrames{frame=[0,0][1080,2400] display=[0,0][1080,2400] parentFrame=[0,0][0,0]} forceNextWindowRelayout=false displayId=0 dragResizing=false compatScale=1.0 frameChanged=false attachedFrameChanged=false configChanged=false displayChanged=false compatScaleChanged=false
2026-01-30 14:18:59.131 21001-21001 InsetsController        com.fishit.player.v2                 I  cancelAnimation: types=ime, animType=0, host=com.fishit.player.v2/com.fishit.player.v2.MainActivity, from=android.view.InsetsController.notifyFinished:1748 android.view.InsetsAnimationThreadControlRunner$1.lambda$notifyFinished$0:85 android.view.InsetsAnimationThreadControlRunner$1.$r8$lambda$RAf1SfIREsj9-wH5FOigMy6eLkM:0
2026-01-30 14:18:59.131 21001-21001 ImeTracker              com.fishit.player.v2                 I  com.fishit.player.v2:647c3b98: onShown
2026-01-30 14:18:59.133 21001-21184 ViewRootIm...nActivity] com.fishit.player.v2                 I  mWNT: t=0xb4000078e4e556d0 mBlastBufferQueue=0xb400007a14e42190 fn= 10 mRenderHdrSdrRatio=1.0 caller= android.view.SyncRtSurfaceTransactionApplier.applyTransaction:96 android.view.SyncRtSurfaceTransactionApplier.lambda$scheduleApply$0:69 android.view.SyncRtSurfaceTransactionApplier.$r8$lambda$SgowXC58rj3PR958kHUfRgLZmvE:0
2026-01-30 14:19:00.007 21001-21001 ViewRootIm...nActivity] com.fishit.player.v2                 I  ViewPostIme key 0
2026-01-30 14:19:00.015 21001-21001 ViewRootIm...nActivity] com.fishit.player.v2                 I  ViewPostIme key 1
2026-01-30 14:19:05.685 21001-21001 ViewRootIm...nActivity] com.fishit.player.v2                 I  ViewPostIme pointer 0
2026-01-30 14:19:05.734 21001-21001 ViewRootIm...nActivity] com.fishit.player.v2                 I  ViewPostIme pointer 1
2026-01-30 14:19:05.739 21001-21001 OnboardingViewModel     com.fishit.player.v2                 D  connectXtream: Starting with URL host: http://konigtv.com:8080
2026-01-30 14:19:05.743 21001-21001 OnboardingViewModel     com.fishit.player.v2                 D  connectXtream: Parsed credentials - host=konigtv.com, port=8080, username=Christoph10, useHttps=false
2026-01-30 14:19:05.744 21001-21001 Compatibil...geReporter com.fishit.player.v2                 D  Compat change id reported: 247079863; UID 10493; state: ENABLED
2026-01-30 14:19:05.746 21001-21001 OnboardingViewModel     com.fishit.player.v2                 D  connectXtream: Created config - scheme=http, host=konigtv.com, port=8080, username=Christoph10
2026-01-30 14:19:05.747 21001-21001 XtreamAuthRepoAdapter   com.fishit.player.v2                 D  initialize: Starting with config - scheme=http, host=konigtv.com, port=8080, username=Christoph10
2026-01-30 14:19:05.749 21001-21001 XtreamAuthRepoAdapter   com.fishit.player.v2                 D  initialize: Calling apiClient.initialize
2026-01-30 14:19:05.751 21001-21155 XtreamApiClient         com.fishit.player.v2                 D  Initializing client for konigtv.com (forceDiscovery=false)
2026-01-30 14:19:05.752 21001-21155 XtreamApiClient         com.fishit.player.v2                 D  Resolved port: 8080
2026-01-30 14:19:05.801 21001-21138 XtreamApiClient         com.fishit.player.v2                 D  buildPlayerApiUrl: action=get_live_categories -> konigtv.com/player_api.php
2026-01-30 14:19:05.810 21001-21157 XtreamApiClient         com.fishit.player.v2                 D  buildPlayerApiUrl: action=get_movies_categories -> konigtv.com/player_api.php
2026-01-30 14:19:05.816 21001-21139 XtreamApiClient         com.fishit.player.v2                 D  buildPlayerApiUrl: action=get_vod_categories -> konigtv.com/player_api.php
2026-01-30 14:19:05.819 21001-21153 XtreamApiClient         com.fishit.player.v2                 D  buildPlayerApiUrl: action=get_live_streams -> konigtv.com/player_api.php
2026-01-30 14:19:05.823 21001-21154 XtreamApiClient         com.fishit.player.v2                 D  buildPlayerApiUrl: action=get_series_categories -> konigtv.com/player_api.php
2026-01-30 14:19:05.824 21001-21158 XtreamApiClient         com.fishit.player.v2                 D  buildPlayerApiUrl: action=get_series -> konigtv.com/player_api.php
2026-01-30 14:19:05.825 21001-21140 XtreamApiClient         com.fishit.player.v2                 D  buildPlayerApiUrl: action=get_movie_categories -> konigtv.com/player_api.php
2026-01-30 14:19:05.888 21001-21001 ImeTracker              com.fishit.player.v2                 I  com.fishit.player.v2:d2cbd502: onRequestHide at ORIGIN_CLIENT_HIDE_SOFT_INPUT reason HIDE_SOFT_INPUT_BY_INSETS_API
2026-01-30 14:19:05.890 21001-21001 InsetsController        com.fishit.player.v2                 I  setRequestedVisibleTypes: visible=false, mask=ime, host=com.fishit.player.v2/com.fishit.player.v2.MainActivity, from=android.view.InsetsController.controlAnimationUnchecked:1445 android.view.InsetsController.applyAnimation:2005 android.view.InsetsController.applyAnimation:1968 android.view.InsetsController.hide:1403 android.view.InsetsController.hide:1342 androidx.core.view.SoftwareKeyboardControllerCompat$Impl30.hide:227 androidx.core.view.SoftwareKeyboardControllerCompat.hide:81 androidx.compose.ui.text.input.InputMethodManagerImpl.hideSoftInput:85 androidx.compose.ui.text.input.TextInputServiceAndroid.setKeyboardVisibleImmediately:477 androidx.compose.ui.text.input.TextInputServiceAndroid.processInputCommands:359
2026-01-30 14:19:05.892 21001-21001 ImeTracker              com.fishit.player.v2                 I  com.fishit.player.v2:283d092d: onRequestHide at ORIGIN_CLIENT_HIDE_SOFT_INPUT reason HIDE_SOFT_INPUT_BY_INSETS_API
2026-01-30 14:19:05.892 21001-21001 InputMethodManager_LC   com.fishit.player.v2                 I  notifyImeHidden: IInputMethodManagerGlobalInvoker.hideSoftInput
2026-01-30 14:19:05.899 21001-21001 InsetsController        com.fishit.player.v2                 I  controlAnimationUncheckedInner: Added types=ime, animType=1, host=com.fishit.player.v2/com.fishit.player.v2.MainActivity, from=android.view.InsetsController.controlAnimationUnchecked:1449 android.view.InsetsController.applyAnimation:2005 android.view.InsetsController.applyAnimation:1968
2026-01-30 14:19:05.900 21001-21001 InputMethodManagerUtils com.fishit.player.v2                 D  startInputInner - Id : 0
2026-01-30 14:19:05.901 21001-21001 InputMethodManager      com.fishit.player.v2                 I  startInputInner - IInputMethodManagerGlobalInvoker.startInputOrWindowGainedFocus
2026-01-30 14:19:05.921 21001-21368 ViewRootIm...nActivity] com.fishit.player.v2                 I  Resizing android.view.ViewRootImpl@e5308ee: frame = [0,0][1080,2400] reportDraw = false forceLayout = false syncSeqId = -1
2026-01-30 14:19:05.927 21001-21001 RemoteInpu...ectionImpl com.fishit.player.v2                 W  requestCursorAnchorInfo on inactive InputConnection
2026-01-30 14:19:05.930 21001-21001 InsetsController        com.fishit.player.v2                 I  onStateChanged: host=com.fishit.player.v2/com.fishit.player.v2.MainActivity, from=android.view.ViewRootImpl$ViewRootHandler.handleMessageImpl:7209, state=InsetsState: {mDisplayFrame=Rect(0, 0 - 1080, 2400), mDisplayCutout=DisplayCutout{insets=Rect(0, 80 - 0, 0) waterfall=Insets{left=0, top=0, right=0, bottom=0} boundingRect={Bounds=[Rect(0, 0 - 0, 0), Rect(510, 0 - 570, 80), Rect(0, 0 - 0, 0), Rect(0, 0 - 0, 0)]} cutoutPathParserInfo={CutoutPathParserInfo{displayWidth=1080 displayHeight=2400 physicalDisplayWidth=1080 physicalDisplayHeight=2400 density={3.0} cutoutSpec={M 0,0 H -10 V 26.66666666666667 H 10 V 0 H 0 Z @dp} rotation={0} scale={1.0} physicalPixelDisplaySizeRatio={1.0}}}}, mRoundedCorners=RoundedCorners{[RoundedCorner{position=TopLeft, radius=90, center=Point(90, 90)}, RoundedCorner{position=TopRight, radius=90, center=Point(990, 90)}, RoundedCorner{position=BottomRight, radius=90, center=Point(990, 2310)}, RoundedCorner{position=BottomLeft, radius=90, center=Point(90, 2310)}]}  mRoundedCornerFrame=Rect(0, 0 - 1080, 2400), mPrivacyIndicatorBounds=PrivacyIndicatorBounds {static bounds=Rect(948, 0 - 1080, 80) rotation=0}, mDisplayShape=DisplayShape{ spec=-311912193 displayWidth=1080 displayHeight=2400 physicalPixelDisplaySizeRatio=1.0 rotation=0 offsetX=0 offsetY=0 scale=1.0}, mSources= { InsetsSource: {3 mType=ime mFrame=[0,2256][1080,2400] mVisible=false mFlags=[]}, InsetsSource: {27 mType=displayCutout mFrame=[0,0][1080,80] mVisible=true mFlags=[]}, InsetsSource: {24df0000 mType=statusBars mFrame=[0,0][1080,80] mVisible=true mFlags=[]}, InsetsSource: {24df0005 mType=mandatorySystemGestures mFrame=[0,0][1080,116] mVisible=true mFlags=[]}, InsetsSource: {24df0006 mType=tappableElement mFrame=[0,0][1080,80] mVisible=true mFlags=[]}, InsetsSource: {68b60001 mType=navigationBars mFrame=[0,2256][1080,2400] mVisible=true mFlags=[]}, InsetsSource: {68b60004 mType=systemGestures mFrame=[0,0][0,0] mVisible=true mFlags=[]}, InsetsSource: {68b60005 mType=mandatorySystemGestures mFrame=[0,2256][1080,2400] mVisible=true mFlags=[]}, InsetsSource: {68b60006 mType=tappableElement mFrame=[0,2256][1080,2400] mVisible=true mFlags=[]}, InsetsSource: {68b60024 mType=systemGestures mFrame=[0,0][0,0] mVisible=true mFlags=[]} }
2026-01-30 14:19:05.931 21001-21001 InsetsSourceConsumer    com.fishit.player.v2                 I  applyRequestedVisibilityToControl: visible=true, type=navigationBars, host=com.fishit.player.v2/com.fishit.player.v2.MainActivity
2026-01-30 14:19:05.934 21001-21001 ViewRootIm...nActivity] com.fishit.player.v2                 I  handleResized, msg = 4 frames=ClientWindowFrames{frame=[0,0][1080,2400] display=[0,0][1080,2400] parentFrame=[0,0][0,0]} forceNextWindowRelayout=false displayId=0 dragResizing=false compatScale=1.0 frameChanged=false attachedFrameChanged=false configChanged=false displayChanged=false compatScaleChanged=false
2026-01-30 14:19:05.935 21001-21001 ImeTracker              com.fishit.player.v2                 I  com.fishit.player.v2:283d092d: onCancelled at PHASE_CLIENT_APPLY_ANIMATION
2026-01-30 14:19:05.935 21001-21001 WindowOnBackDispatcher  com.fishit.player.v2                 W  sendCancelIfRunning: isInProgress=falsecallback=ImeCallback=ImeOnBackInvokedCallback@162403614 Callback=android.window.IOnBackInvokedCallback$Stub$Proxy@d79964e
2026-01-30 14:19:05.939 21001-21001 InsetsController        com.fishit.player.v2                 I  cancelAnimation: types=ime, animType=1, host=com.fishit.player.v2/com.fishit.player.v2.MainActivity, from=android.view.InsetsController.notifyFinished:1748 android.view.InsetsAnimationThreadControlRunner$1.lambda$notifyFinished$0:85 android.view.InsetsAnimationThreadControlRunner$1.$r8$lambda$RAf1SfIREsj9-wH5FOigMy6eLkM:0
2026-01-30 14:19:05.940 21001-21001 ImeTracker              com.fishit.player.v2                 I  com.fishit.player.v2:4e502226: onRequestHide at ORIGIN_CLIENT_HIDE_SOFT_INPUT reason HIDE_SOFT_INPUT_BY_INSETS_API
2026-01-30 14:19:05.941 21001-21001 InputMethodManager_LC   com.fishit.player.v2                 I  notifyImeHidden: IInputMethodManagerGlobalInvoker.hideSoftInput
2026-01-30 14:19:05.943 21001-21001 ImeTracker              com.fishit.player.v2                 I  com.fishit.player.v2:d2cbd502: onHidden
2026-01-30 14:19:05.950 21001-21383 TrafficStats            com.fishit.player.v2                 D  tagSocket(77) with statsTag=0xffffffff, statsUid=-1
2026-01-30 14:19:05.951 21001-21384 TrafficStats            com.fishit.player.v2                 D  tagSocket(120) with statsTag=0xffffffff, statsUid=-1
2026-01-30 14:19:06.064 21001-21384 TrafficStats            com.fishit.player.v2                 D  tagSocket(129) with statsTag=0xffffffff, statsUid=-1
2026-01-30 14:19:06.186 21001-21383 TrafficStats            com.fishit.player.v2                 D  tagSocket(139) with statsTag=0xffffffff, statsUid=-1
2026-01-30 14:19:06.307 21001-21387 TrafficStats            com.fishit.player.v2                 D  tagSocket(162) with statsTag=0xffffffff, statsUid=-1
2026-01-30 14:19:06.316 21001-21383 TrafficStats            com.fishit.player.v2                 D  tagSocket(163) with statsTag=0xffffffff, statsUid=-1
2026-01-30 14:19:06.323 21001-21158 XtreamApiClient         com.fishit.player.v2                 D  NetworkProbe: HTTP 200 for konigtv.com/player_api.php | bytes=321 contentType=application/json
2026-01-30 14:19:06.325 21001-21158 XtreamApiClient         com.fishit.player.v2                 D  NetworkProbe: Manually decompressed gzip body for konigtv.com/player_api.php | original=321 decompressed=458
2026-01-30 14:19:06.346 21001-21138 XtreamApiClient         com.fishit.player.v2                 D  NetworkProbe: HTTP 200 for konigtv.com/player_api.php | bytes=1752 contentType=application/json
2026-01-30 14:19:06.354 21001-21138 XtreamApiClient         com.fishit.player.v2                 D  NetworkProbe: Manually decompressed gzip body for konigtv.com/player_api.php | original=1752 decompressed=11946
2026-01-30 14:19:06.381 21001-21154 XtreamApiClient         com.fishit.player.v2                 D  NetworkProbe: HTTP 200 for konigtv.com/player_api.php | bytes=672 contentType=application/json
2026-01-30 14:19:06.394 21001-21154 XtreamApiClient         com.fishit.player.v2                 D  NetworkProbe: Manually decompressed gzip body for konigtv.com/player_api.php | original=672 decompressed=3753
2026-01-30 14:19:06.489 21001-21058 ViewRootIm...nActivity] com.fishit.player.v2                 I  Resizing android.view.ViewRootImpl@e5308ee: frame = [0,0][1080,2400] reportDraw = false forceLayout = false syncSeqId = -1
2026-01-30 14:19:06.493 21001-21001 InsetsController        com.fishit.player.v2                 I  onStateChanged: host=com.fishit.player.v2/com.fishit.player.v2.MainActivity, from=android.view.ViewRootImpl$ViewRootHandler.handleMessageImpl:7196, state=InsetsState: {mDisplayFrame=Rect(0, 0 - 1080, 2400), mDisplayCutout=DisplayCutout{insets=Rect(0, 80 - 0, 0) waterfall=Insets{left=0, top=0, right=0, bottom=0} boundingRect={Bounds=[Rect(0, 0 - 0, 0), Rect(510, 0 - 570, 80), Rect(0, 0 - 0, 0), Rect(0, 0 - 0, 0)]} cutoutPathParserInfo={CutoutPathParserInfo{displayWidth=1080 displayHeight=2400 physicalDisplayWidth=1080 physicalDisplayHeight=2400 density={3.0} cutoutSpec={M 0,0 H -10 V 26.66666666666667 H 10 V 0 H 0 Z @dp} rotation={0} scale={1.0} physicalPixelDisplaySizeRatio={1.0}}}}, mRoundedCorners=RoundedCorners{[RoundedCorner{position=TopLeft, radius=90, center=Point(90, 90)}, RoundedCorner{position=TopRight, radius=90, center=Point(990, 90)}, RoundedCorner{position=BottomRight, radius=90, center=Point(990, 2310)}, RoundedCorner{position=BottomLeft, radius=90, center=Point(90, 2310)}]}  mRoundedCornerFrame=Rect(0, 0 - 1080, 2400), mPrivacyIndicatorBounds=PrivacyIndicatorBounds {static bounds=Rect(948, 0 - 1080, 80) rotation=0}, mDisplayShape=DisplayShape{ spec=-311912193 displayWidth=1080 displayHeight=2400 physicalPixelDisplaySizeRatio=1.0 rotation=0 offsetX=0 offsetY=0 scale=1.0}, mSources= { InsetsSource: {3 mType=ime mFrame=[0,0][0,0] mVisible=false mFlags=[]}, InsetsSource: {27 mType=displayCutout mFrame=[0,0][1080,80] mVisible=true mFlags=[]}, InsetsSource: {24df0000 mType=statusBars mFrame=[0,0][1080,80] mVisible=true mFlags=[]}, InsetsSource: {24df0005 mType=mandatorySystemGestures mFrame=[0,0][1080,116] mVisible=true mFlags=[]}, InsetsSource: {24df0006 mType=tappableElement mFrame=[0,0][1080,80] mVisible=true mFlags=[]}, InsetsSource: {68b60001 mType=navigationBars mFrame=[0,2256][1080,2400] mVisible=true mFlags=[]}, InsetsSource: {68b60004 mType=systemGestures mFrame=[0,0][0,0] mVisible=true mFlags=[]}, InsetsSource: {68b60005 mType=mandatorySystemGestures mFrame=[0,2256][1080,2400] mVisible=true mFlags=[]}, InsetsSource: {68b60006 mType=tappableElement mFrame=[0,2256][1080,2400] mVisible=true mFlags=[]}, InsetsSource: {68b60024 mType=systemGestures mFrame=[0,0][0,0] mVisible=true mFlags=[]} }
2026-01-30 14:19:06.494 21001-21001 ViewRootIm...nActivity] com.fishit.player.v2                 I  handleResized, msg = 4 frames=ClientWindowFrames{frame=[0,0][1080,2400] display=[0,0][1080,2400] parentFrame=[0,0][0,0]} forceNextWindowRelayout=false displayId=0 dragResizing=false compatScale=1.0 frameChanged=false attachedFrameChanged=false configChanged=false displayChanged=false compatScaleChanged=false
2026-01-30 14:19:06.611 21001-21140 XtreamApiClient         com.fishit.player.v2                 D  NetworkProbe: HTTP 200 for konigtv.com/player_api.php | bytes=1557 contentType=application/json
2026-01-30 14:19:06.624 21001-21154 XtreamApiClient         com.fishit.player.v2                 D  NetworkProbe: HTTP 200 for konigtv.com/player_api.php | bytes=315 contentType=application/json
2026-01-30 14:19:06.630 21001-21154 XtreamApiClient         com.fishit.player.v2                 D  NetworkProbe: Manually decompressed gzip body for konigtv.com/player_api.php | original=315 decompressed=458
2026-01-30 14:19:06.634 21001-21140 XtreamApiClient         com.fishit.player.v2                 D  NetworkProbe: Manually decompressed gzip body for konigtv.com/player_api.php | original=1557 decompressed=10494
2026-01-30 14:19:06.663 21001-21154 XtreamApiClient         com.fishit.player.v2                 D  buildPlayerApiUrl: action=get_short_epg -> konigtv.com/player_api.php
2026-01-30 14:19:06.813 21001-21154 XtreamApiClient         com.fishit.player.v2                 D  NetworkProbe: HTTP 200 for konigtv.com/player_api.php | bytes=39 contentType=application/json
2026-01-30 14:19:06.816 21001-21154 XtreamApiClient         com.fishit.player.v2                 D  NetworkProbe: Manually decompressed gzip body for konigtv.com/player_api.php | original=39 decompressed=19
2026-01-30 14:19:06.906 21001-21139 XtreamApiClient         com.fishit.player.v2                 D  NetworkProbe: HTTP 200 for konigtv.com/player_api.php | bytes=259239 contentType=application/json
2026-01-30 14:19:07.027 21001-21139 XtreamApiClient         com.fishit.player.v2                 D  NetworkProbe: Manually decompressed gzip body for konigtv.com/player_api.php | original=259239 decompressed=3288108
2026-01-30 14:19:07.044 21001-21025 InputTransport          com.fishit.player.v2                 D  Input channel destroyed: 'ClientS', fd=128
2026-01-30 14:19:07.046 21001-21025 InputTransport          com.fishit.player.v2                 D  Input channel destroyed: 'ClientS', fd=136
2026-01-30 14:19:07.046 21001-21025 InputTransport          com.fishit.player.v2                 D  Input channel destroyed: 'ClientS', fd=134
2026-01-30 14:19:07.047 21001-21026 System                  com.fishit.player.v2                 W  A resource failed to call release.
2026-01-30 14:19:07.381 21001-21138 XtreamApiClient         com.fishit.player.v2                 D  NetworkProbe: HTTP 200 for konigtv.com/player_api.php | bytes=2043502 contentType=application/json
2026-01-30 14:19:07.685 21001-21138 XtreamApiClient         com.fishit.player.v2                 D  NetworkProbe: Manually decompressed gzip body for konigtv.com/player_api.php | original=2043502 decompressed=6215313
2026-01-30 14:19:08.264 21001-21024 ishit.player.v2         com.fishit.player.v2                 I  Background concurrent copying GC freed 1353(131KB) AllocSpace objects, 4(10232KB) LOS objects, 33% free, 47MB/71MB, paused 75us,54us total 109.335ms
2026-01-30 14:19:08.451 21001-21001 ViewRootIm...nActivity] com.fishit.player.v2                 I  ViewPostIme pointer 0
2026-01-30 14:19:08.455 21001-21138 XtreamApiClient         com.fishit.player.v2                 D  buildPlayerApiUrl: action=null -> konigtv.com/player_api.php
2026-01-30 14:19:08.457 21001-21138 XtreamApiClient         com.fishit.player.v2                 D  getServerInfo: Fetching from konigtv.com/player_api.php
2026-01-30 14:19:08.649 21001-21001 ViewRootIm...nActivity] com.fishit.player.v2                 I  ViewPostIme pointer 1
2026-01-30 14:19:08.679 21001-21001 Compatibil...geReporter com.fishit.player.v2                 D  Compat change id reported: 171228096; UID 10493; state: ENABLED
2026-01-30 14:19:09.007 21001-21138 XtreamApiClient         com.fishit.player.v2                 D  NetworkProbe: HTTP 200 for konigtv.com/player_api.php | bytes=321 contentType=application/json
2026-01-30 14:19:09.009 21001-21138 XtreamApiClient         com.fishit.player.v2                 D  NetworkProbe: Manually decompressed gzip body for konigtv.com/player_api.php | original=321 decompressed=458
2026-01-30 14:19:09.011 21001-21138 XtreamApiClient         com.fishit.player.v2                 D  getServerInfo: Received 458 bytes, parsing...
2026-01-30 14:19:09.026 21001-21138 XtreamApiClient         com.fishit.player.v2                 D  Server info retrieved: konigtv.com
2026-01-30 14:19:09.031 21001-21154 XtreamAuthRepoAdapter   com.fishit.player.v2                 D  connectionState -> Connected(baseUrl=http://konigtv.com:8080, latencyMs=2699) | domain=Connected
2026-01-30 14:19:09.031 21001-21001 XtreamAuthRepoAdapter   com.fishit.player.v2                 D  initialize: API client initialized successfully with capabilities: http://konigtv.com:8080
2026-01-30 14:19:09.032 21001-21154 XtreamAuthRepoAdapter   com.fishit.player.v2                 D  authState -> Authenticated(userInfo=XtreamUserInfo(username=Christoph10, status=ACTIVE, expDateEpoch=1797326326, maxConnections=1, activeConnections=0, isTrial=false, allowedFormats=[m3u8, ts], createdAt=1757512912, message=Welcome)) | domain=Authenticated
2026-01-30 14:19:09.068 21001-21138 SourceActivationStore   com.fishit.player.v2                 D  Loaded state from DataStore: SourceActivationSnapshot(xtream=Active, telegram=Inactive, io=Inactive)
2026-01-30 14:19:09.068 21001-21154 SourceActi...onObserver com.fishit.player.v2                 I  Active sources changed: [XTREAM] â†’ enqueuing auto sync
2026-01-30 14:19:09.069 21001-21154 CatalogSyncScheduler    com.fishit.player.v2                 D  Enqueueing AUTO sync
2026-01-30 14:19:09.071 21001-21138 CatalogSyncBootstrap    com.fishit.player.v2                 D  Source activation check: activeSources=[XTREAM], hasActive=true
2026-01-30 14:19:09.113 21001-21001 SourceActivationStore   com.fishit.player.v2                 I  Source activation changed: XTREAM -> Active
2026-01-30 14:19:09.113 21001-21180 Compatibil...geReporter com.fishit.player.v2                 D  Compat change id reported: 194532703; UID 10493; state: ENABLED
2026-01-30 14:19:09.113 21001-21180 Compatibil...geReporter com.fishit.player.v2                 D  Compat change id reported: 253665015; UID 10493; state: ENABLED
2026-01-30 14:19:09.113 21001-21180 WM-SystemJobScheduler   com.fishit.player.v2                 D  Scheduling work ID 07b997d9-cc13-4eec-b253-64c465af5c2cJob ID 0
2026-01-30 14:19:09.113 21001-21001 XtreamAuthRepoAdapter   com.fishit.player.v2                 I  initialize: XTREAM source activated
2026-01-30 14:19:09.114 21001-21001 OnboardingViewModel     com.fishit.player.v2                 D  connectXtream: Initialize succeeded, saving credentials
2026-01-30 14:19:09.124 21001-21180 WM-GreedyScheduler      com.fishit.player.v2                 D  Starting work for 07b997d9-cc13-4eec-b253-64c465af5c2c
2026-01-30 14:19:09.133 21001-21180 WM-Processor            com.fishit.player.v2                 D  Processor: processing WorkGenerationalId(workSpecId=07b997d9-cc13-4eec-b253-64c465af5c2c, generation=0)
2026-01-30 14:19:09.135 21001-21154 XtreamCredStore         com.fishit.player.v2                 I  Stored credentials: scheme=http, host=konigtv.com, port=8080
2026-01-30 14:19:09.140 21001-21181 Compatibil...geReporter com.fishit.player.v2                 D  Compat change id reported: 263076149; UID 10493; state: ENABLED
2026-01-30 14:19:09.147 21001-21001 WM-SystemJobService     com.fishit.player.v2                 D  onStartJob for WorkGenerationalId(workSpecId=07b997d9-cc13-4eec-b253-64c465af5c2c, generation=0)
2026-01-30 14:19:09.149 21001-21001 WM-WorkerWrapper        com.fishit.player.v2                 D  Starting work for com.fishit.player.v2.work.CatalogSyncOrchestratorWorker
2026-01-30 14:19:09.150 21001-21154 CatalogSyn...atorWorker com.fishit.player.v2                 I  START sync_run_id=1759ac63-5aea-4cf8-af9a-e8eab368e4ca mode=auto
2026-01-30 14:19:09.152 21001-21154 RuntimeGuards           com.fishit.player.v2                 D  Manual sync (auto) - skipping battery guard (level=86%)
2026-01-30 14:19:09.154 21001-21154 CatalogSyn...atorWorker com.fishit.player.v2                 I  Active sources check: [XTREAM] (isEmpty=false)
2026-01-30 14:19:09.154 21001-21154 CatalogSyn...atorWorker com.fishit.player.v2                 D  Active sources: [XTREAM] (TELEGRAM=false, XTREAM=true, IO=false)
2026-01-30 14:19:09.154 21001-21161 WM-Processor            com.fishit.player.v2                 D  Work WorkGenerationalId(workSpecId=07b997d9-cc13-4eec-b253-64c465af5c2c, generation=0) is already enqueued for processing
2026-01-30 14:19:09.156 21001-21154 CatalogSyn...atorWorker com.fishit.player.v2                 D  Enqueued Xtream chain: work_name=catalog_sync_global_xtream policy=KEEP workers=2
2026-01-30 14:19:09.157 21001-21154 CatalogSyn...atorWorker com.fishit.player.v2                 D  Telegram not in active sources - skipping Telegram workers
2026-01-30 14:19:09.157 21001-21154 CatalogSyn...atorWorker com.fishit.player.v2                 D  ðŸ“Š WorkInfo chains enqueued:
                                                                                                      [XTREAM] work_name=catalog_sync_global_xtream â†’ ENQUEUED
                                                                                                      Use 'adb shell dumpsys jobscheduler' or WorkManager Inspector for detailed state
2026-01-30 14:19:09.158 21001-21154 CatalogSyn...atorWorker com.fishit.player.v2                 I  CHAINS_ENQUEUED duration_ms=8 policy=KEEP sources=XTREAM (downstream workers will report completion)
2026-01-30 14:19:09.159 21001-21161 WM-PackageManagerHelper com.fishit.player.v2                 D  androidx.work.impl.background.systemalarm.RescheduleReceiver enabled
2026-01-30 14:19:09.178 21001-21179 WM-SystemJobScheduler   com.fishit.player.v2                 D  Scheduling work ID 806e8482-9467-46fe-88e4-698bc2d758e4Job ID 1
2026-01-30 14:19:09.183 21001-21179 WM-GreedyScheduler      com.fishit.player.v2                 D  Starting work for 806e8482-9467-46fe-88e4-698bc2d758e4
2026-01-30 14:19:09.183 21001-21001 WM-SystemJobService     com.fishit.player.v2                 D  onStartJob for WorkGenerationalId(workSpecId=806e8482-9467-46fe-88e4-698bc2d758e4, generation=0)
2026-01-30 14:19:09.185 21001-21179 WM-WorkerWrapper        com.fishit.player.v2                 I  Worker result SUCCESS for Work [ id=07b997d9-cc13-4eec-b253-64c465af5c2c, tags={ com.fishit.player.v2.work.CatalogSyncOrchestratorWorker,catalog_sync,mode_auto,worker/CatalogSyncOrchestratorWorker } ]
2026-01-30 14:19:09.187 21001-21001 WM-Processor            com.fishit.player.v2                 D  Processor 07b997d9-cc13-4eec-b253-64c465af5c2c executed; reschedule = false
2026-01-30 14:19:09.187 21001-21001 WM-SystemJobService     com.fishit.player.v2                 D  07b997d9-cc13-4eec-b253-64c465af5c2c executed on JobScheduler
2026-01-30 14:19:09.192 21001-21181 WM-Processor            com.fishit.player.v2                 D  Processor: processing WorkGenerationalId(workSpecId=806e8482-9467-46fe-88e4-698bc2d758e4, generation=0)
2026-01-30 14:19:09.194 21001-21181 WM-Processor            com.fishit.player.v2                 D  Work WorkGenerationalId(workSpecId=806e8482-9467-46fe-88e4-698bc2d758e4, generation=0) is already enqueued for processing
2026-01-30 14:19:09.195 21001-21181 WM-GreedyScheduler      com.fishit.player.v2                 D  Cancelling work ID 07b997d9-cc13-4eec-b253-64c465af5c2c
2026-01-30 14:19:09.206 21001-21001 WM-WorkerWrapper        com.fishit.player.v2                 D  Starting work for com.fishit.player.v2.work.XtreamPreflightWorker
2026-01-30 14:19:09.207 21001-21154 XtreamPreflightWorker   com.fishit.player.v2                 I  START sync_run_id=1759ac63-5aea-4cf8-af9a-e8eab368e4ca mode=auto source=XTREAM attempt=0/5
2026-01-30 14:19:09.209 21001-21154 RuntimeGuards           com.fishit.player.v2                 D  Manual sync (auto) - skipping battery guard (level=86%)
2026-01-30 14:19:09.210 21001-21154 XtreamPreflightWorker   com.fishit.player.v2                 I  SUCCESS duration_ms=3 (credentials valid)
2026-01-30 14:19:09.212 21001-21179 WM-WorkerWrapper        com.fishit.player.v2                 I  Worker result SUCCESS for Work [ id=806e8482-9467-46fe-88e4-698bc2d758e4, tags={ com.fishit.player.v2.work.XtreamPreflightWorker,catalog_sync,source_xtream,worker/XtreamPreflightWorker } ]
2026-01-30 14:19:09.214 21001-21179 WM-WorkerWrapper        com.fishit.player.v2                 I  Setting status to enqueued for ffb7390a-44c8-4241-9cd0-736dedf46723
2026-01-30 14:19:09.216 21001-21001 WM-Processor            com.fishit.player.v2                 D  Processor 806e8482-9467-46fe-88e4-698bc2d758e4 executed; reschedule = false
2026-01-30 14:19:09.216 21001-21001 WM-SystemJobService     com.fishit.player.v2                 D  806e8482-9467-46fe-88e4-698bc2d758e4 executed on JobScheduler
2026-01-30 14:19:09.219 21001-21179 WM-GreedyScheduler      com.fishit.player.v2                 D  Cancelling work ID 806e8482-9467-46fe-88e4-698bc2d758e4
2026-01-30 14:19:09.227 21001-21179 WM-SystemJobScheduler   com.fishit.player.v2                 D  Scheduling work ID ffb7390a-44c8-4241-9cd0-736dedf46723Job ID 2
2026-01-30 14:19:09.233 21001-21179 WM-GreedyScheduler      com.fishit.player.v2                 D  Starting work for ffb7390a-44c8-4241-9cd0-736dedf46723
2026-01-30 14:19:09.236 21001-21001 WM-SystemJobService     com.fishit.player.v2                 D  onStartJob for WorkGenerationalId(workSpecId=ffb7390a-44c8-4241-9cd0-736dedf46723, generation=0)
2026-01-30 14:19:09.238 21001-21179 WM-Processor            com.fishit.player.v2                 D  Processor: processing WorkGenerationalId(workSpecId=ffb7390a-44c8-4241-9cd0-736dedf46723, generation=0)
2026-01-30 14:19:09.241 21001-21179 WM-Processor            com.fishit.player.v2                 D  Work WorkGenerationalId(workSpecId=ffb7390a-44c8-4241-9cd0-736dedf46723, generation=0) is already enqueued for processing
2026-01-30 14:19:09.561 21001-21001 WM-WorkerWrapper        com.fishit.player.v2                 D  Starting work for com.fishit.player.v2.work.XtreamCatalogScanWorker
2026-01-30 14:19:09.566 21001-21158 XtreamCatalogScanWorker com.fishit.player.v2                 I  START sync_run_id=1759ac63-5aea-4cf8-af9a-e8eab368e4ca mode=auto source=XTREAM scope=INCREMENTAL runtimeBudgetMs=900000 checkpoint=xtream|v=2|phase=VOD_LIST|offset=0
2026-01-30 14:19:09.568 21001-21158 RuntimeGuards           com.fishit.player.v2                 D  Manual sync (auto) - skipping battery guard (level=86%)
2026-01-30 14:19:09.568 21001-21158 XtreamCatalogScanWorker com.fishit.player.v2                 D  Catalog sync: includeVod=true includeSeries=true includeEpisodes=false (lazy) includeLive=true scope=INCREMENTAL enhanced=true
2026-01-30 14:19:09.570 21001-21158 XtreamCatalogScanWorker com.fishit.player.v2                 I  Using CHANNEL-BUFFERED sync: buffer=1000, consumers=3 (25-30% faster than enhanced sync)
2026-01-30 14:19:09.572 21001-21138 XtreamCatalogScanWorker com.fishit.player.v2                 D  Channel-buffered catalog sync started
2026-01-30 14:19:09.573 21001-21154 CatalogSyncService      com.fishit.player.v2                 I  Starting channel-buffered Xtream sync: buffer=1000, consumers=3
2026-01-30 14:19:09.578 21001-21154 XtreamCatalogPipeline   com.fishit.player.v2                 I  Starting Xtream catalog scan: vod=true, series=true, episodes=false, live=true
2026-01-30 14:19:09.580 21001-21158 XtreamCatalogPipeline   com.fishit.player.v2                 D  [LIVE] Starting parallel scan (streaming)...
2026-01-30 14:19:09.581 21001-21138 XtreamCatalogPipeline   com.fishit.player.v2                 D  [SERIES] Starting scan (after slot available)...
2026-01-30 14:19:09.585 21001-21138 XtreamApiClient         com.fishit.player.v2                 D  buildPlayerApiUrl: action=get_series -> konigtv.com/player_api.php
2026-01-30 14:19:09.587 21001-21138 XtreamApiClient         com.fishit.player.v2                 D  streamFromUrl: CALLED for konigtv.com/player_api.php
2026-01-30 14:19:09.590 21001-21158 XtreamApiClient         com.fishit.player.v2                 D  buildPlayerApiUrl: action=get_live_streams -> konigtv.com/player_api.php
2026-01-30 14:19:09.595 21001-21158 XtreamApiClient         com.fishit.player.v2                 D  streamFromUrl: CALLED for konigtv.com/player_api.php
2026-01-30 14:19:09.911 21001-21138 XtreamApiClient         com.fishit.player.v2                 D  StreamingFetch: Detected GZIP for konigtv.com/player_api.php (manual decompression)
2026-01-30 14:19:09.914 21001-21138 XtreamApiClient         com.fishit.player.v2                 D  StreamingFetch: Success for konigtv.com/player_api.php, streaming response
2026-01-30 14:19:09.915 21001-21158 XtreamApiClient         com.fishit.player.v2                 D  StreamingFetch: Detected GZIP for konigtv.com/player_api.php (manual decompression)
2026-01-30 14:19:09.917 21001-21158 XtreamApiClient         com.fishit.player.v2                 D  StreamingFetch: Success for konigtv.com/player_api.php, streaming response
2026-01-30 14:19:09.920 21001-21138 XtreamApiClient         com.fishit.player.v2                 D  streamFromUrl: Starting StreamingJsonParser.streamInBatches() for konigtv.com/player_api.php
2026-01-30 14:19:09.921 21001-21158 XtreamApiClient         com.fishit.player.v2                 D  streamFromUrl: Starting StreamingJsonParser.streamInBatches() for konigtv.com/player_api.php
2026-01-30 14:19:09.945 21001-21001 ViewRootIm...nActivity] com.fishit.player.v2                 I  ViewPostIme pointer 0
2026-01-30 14:19:10.067 21001-21001 ViewRootIm...nActivity] com.fishit.player.v2                 I  ViewPostIme pointer 1
2026-01-30 14:19:10.082 21001-21140 XtreamCatalogPipeline   com.fishit.player.v2                 D  [VOD] Starting parallel scan (streaming)...
2026-01-30 14:19:10.094 21001-21154 XtreamApiClient         com.fishit.player.v2                 D  buildPlayerApiUrl: action=get_vod_streams -> konigtv.com/player_api.php
2026-01-30 14:19:10.098 21001-21154 XtreamApiClient         com.fishit.player.v2                 D  streamFromUrl: CALLED for konigtv.com/player_api.php
2026-01-30 14:19:10.197 21001-21158 XTC                     com.fishit.player.v2                 D  [LIVE] DTOâ†’Raw #1 | id=xtream:live:81568 | title="DE HEVC" | sourceType=XTREAM | Fields: âœ“[poster] âœ—[year, plot, cast, director, backdrop, duration, tmdb]
2026-01-30 14:19:10.272 21001-21158 XTC                     com.fishit.player.v2                 D  [LIVE] DTOâ†’Raw #50 | id=xtream:live:71808 | title="DE: Deluxe Music HEVC" | sourceType=XTREAM | Fields: âœ“[poster] âœ—[year, plot, cast, director, backdrop, duration, tmdb]
2026-01-30 14:19:10.348 21001-21158 XTC                     com.fishit.player.v2                 D  [LIVE] DTOâ†’Raw #100 | id=xtream:live:49200 | title="DE: Pro 7 Maxx FHD" | sourceType=XTREAM | Fields: âœ“[poster] âœ—[year, plot, cast, director, backdrop, duration, tmdb]
2026-01-30 14:19:10.349 21001-21138 XTC                     com.fishit.player.v2                 D  [SERIES] DTOâ†’Raw #1 | id=xtream:series:-441 | title="Madam Secretary" | sourceType=XTREAM | Fields: âœ“[plot(542c), cast, poster, duration=2700000ms] âœ—[year, director, backdrop, tmdb]
2026-01-30 14:19:10.395 21001-21158 XTC                     com.fishit.player.v2                 D  [LIVE] DTOâ†’Raw #150 | id=xtream:live:361561 | title="DE: NDR Hamburg" | sourceType=XTREAM | Fields: âœ“[poster] âœ—[year, plot, cast, director, backdrop, duration, tmdb]
2026-01-30 14:19:10.397 21001-21138 XTC                     com.fishit.player.v2                 D  [SERIES] DTOâ†’Raw #50 | id=xtream:series:365 | title="4 Blocks" | sourceType=XTREAM | Fields: âœ“[plot(424c), cast, poster, duration=3000000ms] âœ—[year, director, backdrop, tmdb]
2026-01-30 14:19:10.446 21001-21375 XTC                     com.fishit.player.v2                 D  [SERIES] DTOâ†’Raw #100 | id=xtream:series:687 | title="The I-Land" | sourceType=XTREAM | Fields: âœ“[plot(471c), cast, poster, duration=2520000ms] âœ—[year, director, backdrop, tmdb]
2026-01-30 14:19:10.455 21001-21374 XTC                     com.fishit.player.v2                 D  [LIVE] DTOâ†’Raw #200 | id=xtream:live:197779 | title="DE: QVC STYLE TV" | sourceType=XTREAM | Fields: âœ“[poster] âœ—[year, plot, cast, director, backdrop, duration, tmdb]
2026-01-30 14:19:10.479 21001-21375 XTC                     com.fishit.player.v2                 D  [SERIES] DTOâ†’Raw #150 | id=xtream:series:784 | title="Who Killed Jeffrey Epstein" | sourceType=XTREAM | Fields: âœ“[poster] âœ—[year, plot, cast, director, backdrop, duration, tmdb]
2026-01-30 14:19:10.500 21001-21374 XTC                     com.fishit.player.v2                 D  [LIVE] DTOâ†’Raw #250 | id=xtream:live:67411 | title="DE: Bndliga 7 SD" | sourceType=XTREAM | Fields: âœ“[poster] âœ—[year, plot, cast, director, backdrop, duration, tmdb]
2026-01-30 14:19:10.523 21001-21155 XTC                     com.fishit.player.v2                 D  [SERIES] DTOâ†’Raw #200 | id=xtream:series:1141 | title="Godless" | sourceType=XTREAM | Fields: âœ“[plot(170c), cast, poster, duration=4800000ms] âœ—[year, director, backdrop, tmdb]
2026-01-30 14:19:10.555 21001-21155 XTC                     com.fishit.player.v2                 D  [SERIES] DTOâ†’Raw #250 | id=xtream:series:1344 | title="LOL: Last One Laughing" | sourceType=XTREAM | Fields: âœ“[plot(258c), cast, poster] âœ—[year, director, backdrop, duration, tmdb]
2026-01-30 14:19:10.557 21001-21153 XTC                     com.fishit.player.v2                 D  [LIVE] DTOâ†’Raw #300 | id=xtream:live:354423 | title="DE: Bundesliga Tivibu 2 (TÃ¼rkisch)" | sourceType=XTREAM | Fields: âœ“[poster] âœ—[year, plot, cast, director, backdrop, duration, tmdb]
2026-01-30 14:19:10.589 21001-21155 XTC                     com.fishit.player.v2                 D  [SERIES] DTOâ†’Raw #300 | id=xtream:series:1475 | title="Panic" | sourceType=XTREAM | Fields: âœ“[plot(526c), cast, poster, duration=2700000ms] âœ—[year, director, backdrop, tmdb]
