2026-02-10 14:18:14.166 32287-1403  XtreamStreamFetcher     com.fishit.player.v2                 D  streamFromUrl: Starting StreamingJsonParser.streamInBatches() for http://konigtv.com:8080/player_api.php?action=get_series&category_id=194&username=***&password=***
2026-02-10 14:18:14.312 32287-32287 ApiPriority             com.fishit.player.v2                 D  ⬆️ HIGH_PRIORITY started: DetailLoad:series:5815 (active=1)
2026-02-10 14:18:14.313 32287-32287 UnifiedDetailLoader     com.fishit.player.v2                 D  loadSeriesDetailInternal: fetching seriesId=5815
2026-02-10 14:18:14.337 32287-1358  TrafficStats            com.fishit.player.v2                 D  tagSocket(146) with statsTag=0xffffffff, statsUid=-1
2026-02-10 14:18:14.391 32287-32310 ishit.player.v2         com.fishit.player.v2                 I  Background concurrent copying GC freed 1355269(70MB) AllocSpace objects, 0(0B) LOS objects, 17% free, 110MB/134MB, paused 353us,163us total 751.680ms
2026-02-10 14:18:14.453 32287-32587 XtreamStreamFetcher     com.fishit.player.v2                 D  streamFromUrl: Starting StreamingJsonParser.streamInBatches() for http://konigtv.com:8080/player_api.php?action=get_live_streams&category_id=32&username=***&password=***
2026-02-10 14:18:14.687 32287-32528 HttpClient              com.fishit.player.v2                 D  HTTP 200 for konigtv.com/player_api.php | bytes=58532 contentType=application/json
2026-02-10 14:18:14.689 32287-32528 HttpClient              com.fishit.player.v2                 D  Response received for konigtv.com/player_api.php (58532 chars)
2026-02-10 14:18:14.838 32287-32287 NxSeriesIndex           com.fishit.player.v2                 D  upsertSeasons: NX stores seasons via NX_WorkRelation - no separate entity needed
2026-02-10 14:18:14.839 32287-32287 UnifiedDetailLoader     com.fishit.player.v2                 D  loadSeriesDetailInternal: persisted 5 seasons
2026-02-10 14:18:14.947 32287-32599 NxWorkRepository        com.fishit.player.v2                 I  observeByType EMITTING: type=SERIES, count=50
2026-02-10 14:18:14.980 32287-32310 ishit.player.v2         com.fishit.player.v2                 I  Background young concurrent copying GC freed 1064050(39MB) AllocSpace objects, 0(0B) LOS objects, 5% free, 126MB/134MB, paused 219us,4.089ms total 371.663ms
2026-02-10 14:18:15.546 32287-32596 XTC                     com.fishit.player.v2                 D  [LIVE] DTO→Raw #6450 | id=xtream:live:750735 | title="DK: VIAPLAY SPORT 53" | sourceType=XTREAM | Fields: ✓[poster] ✗[year, plot, cast, director, backdrop, duration, tmdb]
2026-02-10 14:18:15.548 32287-1446  XtreamStreamFetcher     com.fishit.player.v2                 D  StreamBatch: 53 items in 1 batches (6882ms) | errors=0
2026-02-10 14:18:15.550 32287-1446  XtreamStreamFetcher     com.fishit.player.v2                 D  streamFromUrl: CALLED for http://konigtv.com:8080/player_api.php?action=get_live_streams&category_id=35&username=***&password=***
2026-02-10 14:18:15.554 32287-32587 XTC                     com.fishit.player.v2                 D  [SERIES] DTO→Raw #5700 | id=xtream:series:10097 | title="Kastanjemanden" | sourceType=XTREAM | Fields: ✓[year=2021, plot(555c), cast, poster, duration=3300000ms] ✗[director, backdrop, tmdb]
2026-02-10 14:18:15.562 32287-3118  XTC                     com.fishit.player.v2                 D  [VOD] DTO→Raw #2300 | id=xtream:vod:803349 | title="Pretty Thing | 2025 | 5.4" | sourceType=XTREAM | Fields: ✓[year=2025, poster] ✗[plot, cast, director, backdrop, duration, tmdb]
2026-02-10 14:18:15.651 32287-3118  NxWorkRepository        com.fishit.player.v2                 I  observeByType EMITTING: type=SERIES, count=50
2026-02-10 14:18:15.787 32287-32310 ishit.player.v2         com.fishit.player.v2                 I  Background concurrent copying GC freed 1974889(106MB) AllocSpace objects, 2(120KB) LOS objects, 20% free, 91MB/115MB, paused 423us,191us total 723.012ms
2026-02-10 14:18:15.840 32287-1446  XtreamStreamFetcher     com.fishit.player.v2                 D  streamFromUrl: Starting StreamingJsonParser.streamInBatches() for http://konigtv.com:8080/player_api.php?action=get_live_streams&category_id=35&username=***&password=***
2026-02-10 14:18:16.188 32287-1436  NxWorkRepository        com.fishit.player.v2                 I  observeByType EMITTING: type=SERIES, count=50
2026-02-10 14:18:16.351 32287-32597 NxSeriesIndex           com.fishit.player.v2                 D  upsertEpisodes: Persisted 13 episodes for series 5815
2026-02-10 14:18:16.464 32287-32310 ishit.player.v2         com.fishit.player.v2                 I  Background young concurrent copying GC freed 853179(27MB) AllocSpace objects, 0(0B) LOS objects, 0% free, 131MB/131MB, paused 205us,229us total 496.266ms
2026-02-10 14:18:16.691 32287-1437  XTC                     com.fishit.player.v2                 D  [LIVE] DTO→Raw #6500 | id=xtream:live:118974 | title="SK: FilmBox Premium" | sourceType=XTREAM | Fields: ✓[] ✗[year, plot, cast, director, poster, backdrop, duration, tmdb]
2026-02-10 14:18:17.163 32287-32310 ishit.player.v2         com.fishit.player.v2                 I  Background concurrent copying GC freed 1912232(102MB) AllocSpace objects, 0(0B) LOS objects, 22% free, 83MB/107MB, paused 353us,1.211ms total 691.137ms
2026-02-10 14:18:17.410 32287-32589 XTC                     com.fishit.player.v2                 D  [SERIES] DTO→Raw #5750 | id=xtream:series:2694 | title="After Life" | sourceType=XTREAM | Fields: ✓[poster] ✗[year, plot, cast, director, backdrop, duration, tmdb]
2026-02-10 14:18:17.732 32287-32597 NxSeriesIndex           com.fishit.player.v2                 D  upsertEpisodes: Persisted 13 episodes for series 5815
2026-02-10 14:18:17.735 32287-32287 UnifiedDetailLoader     com.fishit.player.v2                 I  loadSeriesDetailInternal: persisted 26 episodes across 2 seasons
2026-02-10 14:18:17.738 32287-32287 UnifiedDetailLoader     com.fishit.player.v2                 I  loadDetailDeduped: completed in 4673ms for series:5815 hasData=true
2026-02-10 14:18:17.740 32287-32287 ApiPriority             com.fishit.player.v2                 D  ⬇️ HIGH_PRIORITY ended: DetailLoad:series:5815 (active=0)
2026-02-10 14:18:17.743 32287-32287 UnifiedDetailVM         com.fishit.player.v2                 D  applySeriesBundle: 5 seasons, 26 total episodes, 0 episodes for season 0
2026-02-10 14:18:17.744 32287-32287 UnifiedDetailVM         com.fishit.player.v2                 I  loadDetailWithUnifiedLoader: completed in 4679ms type=Series
2026-02-10 14:18:17.909 32287-32310 ishit.player.v2         com.fishit.player.v2                 I  Background young concurrent copying GC freed 810888(27MB) AllocSpace objects, 0(0B) LOS objects, 0% free, 124MB/124MB, paused 329us,1.784ms total 525.088ms
2026-02-10 14:18:18.098 32287-32598 XtreamSyncService       com.fishit.player.v2                 D  Progress: vod=2312, series=5733, live=6500
2026-02-10 14:18:18.111 32287-32597 XTC                     com.fishit.player.v2                 D  [LIVE] DTO→Raw #6550 | id=xtream:live:70954 | title="HU: Discovery Science" | sourceType=XTREAM | Fields: ✓[] ✗[year, plot, cast, director, poster, backdrop, duration, tmdb]
2026-02-10 14:18:18.815 32287-32310 ishit.player.v2         com.fishit.player.v2                 I  Background concurrent copying GC freed 1810075(90MB) AllocSpace objects, 2(40KB) LOS objects, 16% free, 120MB/144MB, paused 283us,261us total 903.802ms
2026-02-10 14:18:19.168 32287-32310 ishit.player.v2         com.fishit.player.v2                 I  Background young concurrent copying GC freed 1097458(46MB) AllocSpace objects, 0(0B) LOS objects, 17% free, 112MB/136MB, paused 165us,87us total 161.057ms
2026-02-10 14:18:19.615 32287-32596 XTC                     com.fishit.player.v2                 D  [SERIES] DTO→Raw #5800 | id=xtream:series:10552 | title="Diplomci" | sourceType=XTREAM | Fields: ✓[year=1971, cast, director, poster, duration=3000000ms] ✗[plot, backdrop, tmdb]
2026-02-10 14:18:19.615 32287-32528 XTC                     com.fishit.player.v2                 D  [LIVE] DTO→Raw #6600 | id=xtream:live:711921 | title="AL: ShqipTV Komedi" | sourceType=XTREAM | Fields: ✓[] ✗[year, plot, cast, director, poster, backdrop, duration, tmdb]
2026-02-10 14:18:20.020 32287-32310 ishit.player.v2         com.fishit.player.v2                 I  Background concurrent copying GC freed 1906062(98MB) AllocSpace objects, 0(0B) LOS objects, 18% free, 104MB/128MB, paused 206us,616us total 631.732ms
2026-02-10 14:18:20.547 32287-32310 ishit.player.v2         com.fishit.player.v2                 I  Background young concurrent copying GC freed 908310(40MB) AllocSpace objects, 0(0B) LOS objects, 8% free, 117MB/128MB, paused 302us,2.455ms total 303.498ms
2026-02-10 14:18:20.575 32287-1400  NxWorkRepository        com.fishit.player.v2                 I  observeByType EMITTING: type=SERIES, count=50
2026-02-10 14:18:20.698 32287-3120  XTC                     com.fishit.player.v2                 D  [SERIES] DTO→Raw #5850 | id=xtream:series:10565 | title="Ekipa" | sourceType=XTREAM | Fields: ✓[year=2007, cast, poster, duration=3060000ms] ✗[plot, director, backdrop, tmdb]
2026-02-10 14:18:20.699 32287-3120  XTC                     com.fishit.player.v2                 D  [VOD] DTO→Raw #2350 | id=xtream:vod:800915 | title="Preparation for the Next Life | 2025 | 5" | sourceType=XTREAM | Fields: ✓[year=2025, poster] ✗[plot, cast, director, backdrop, duration, tmdb]
2026-02-10 14:18:20.700 32287-32599 XTC                     com.fishit.player.v2                 D  [LIVE] DTO→Raw #6650 | id=xtream:live:711931 | title="AL: ShqipTV Western" | sourceType=XTREAM | Fields: ✓[] ✗[year, plot, cast, director, poster, backdrop, duration, tmdb]
2026-02-10 14:18:21.326 32287-32310 ishit.player.v2         com.fishit.player.v2                 I  Background concurrent copying GC freed 1835298(96MB) AllocSpace objects, 0(0B) LOS objects, 19% free, 100MB/124MB, paused 185us,234us total 685.126ms
2026-02-10 14:18:21.431 32287-32590 XtreamStreamFetcher     com.fishit.player.v2                 D  StreamBatch: 42 items in 1 batches (5591ms) | errors=0
2026-02-10 14:18:21.434 32287-32590 XtreamStreamFetcher     com.fishit.player.v2                 D  streamFromUrl: CALLED for http://konigtv.com:8080/player_api.php?action=get_live_streams&category_id=36&username=***&password=***
2026-02-10 14:18:21.760 32287-32590 XtreamStreamFetcher     com.fishit.player.v2                 D  streamFromUrl: Starting StreamingJsonParser.streamInBatches() for http://konigtv.com:8080/player_api.php?action=get_live_streams&category_id=36&username=***&password=***
2026-02-10 14:18:21.820 32287-32591 XTC                     com.fishit.player.v2                 D  [SERIES] DTO→Raw #5900 | id=xtream:series:10151 | title="Toon" | sourceType=XTREAM | Fields: ✓[year=2016, plot(239c), cast, director, poster, duration=1500000ms] ✗[backdrop, tmdb]
2026-02-10 14:18:21.823 32287-32599 XTC                     com.fishit.player.v2                 D  [LIVE] DTO→Raw #6700 | id=xtream:live:13762 | title="UK: BBC News HD" | sourceType=XTREAM | Fields: ✓[] ✗[year, plot, cast, director, poster, backdrop, duration, tmdb]
2026-02-10 14:18:21.895 32287-32310 ishit.player.v2         com.fishit.player.v2                 I  Background young concurrent copying GC freed 829206(33MB) AllocSpace objects, 0(0B) LOS objects, 2% free, 121MB/124MB, paused 154us,189us total 345.819ms
2026-02-10 14:18:21.988 32287-32287 ViewRootIm...nActivity] com.fishit.player.v2                 I  ViewPostIme pointer 0
2026-02-10 14:18:22.053 32287-32287 ViewRootIm...nActivity] com.fishit.player.v2                 I  ViewPostIme pointer 1
2026-02-10 14:18:22.536 32287-1403  XtreamStreamFetcher     com.fishit.player.v2                 D  StreamBatch: 302 items in 3 batches (21947ms) | errors=0
2026-02-10 14:18:22.536 32287-32598 XtreamStreamFetcher     com.fishit.player.v2                 D  StreamBatch: 73 items in 1 batches (8371ms) | errors=0
2026-02-10 14:18:22.537 32287-1403  XtreamStreamFetcher     com.fishit.player.v2                 D  streamFromUrl: CALLED for http://konigtv.com:8080/player_api.php?action=get_live_streams&category_id=471&username=***&password=***
2026-02-10 14:18:22.537 32287-32528 XtreamStreamFetcher     com.fishit.player.v2                 D  streamFromUrl: CALLED for http://konigtv.com:8080/player_api.php?action=get_series&category_id=438&username=***&password=***
2026-02-10 14:18:22.549 32287-32310 ishit.player.v2         com.fishit.player.v2                 I  Background concurrent copying GC freed 1928204(103MB) AllocSpace objects, 0(0B) LOS objects, 23% free, 76MB/100MB, paused 221us,173us total 624.334ms
2026-02-10 14:18:22.965 32287-32287 ApiPriority             com.fishit.player.v2                 D  ⬆️ HIGH_PRIORITY started: DetailLoad:series:5815 (active=1)
2026-02-10 14:18:22.967 32287-32287 UnifiedDetailLoader     com.fishit.player.v2                 D  loadSeriesDetailInternal: fetching seriesId=5815
2026-02-10 14:18:22.994 32287-32287 ViewRootIm...nActivity] com.fishit.player.v2                 I  ViewPostIme pointer 0
2026-02-10 14:18:22.999 32287-32310 ishit.player.v2         com.fishit.player.v2                 I  Background young concurrent copying GC freed 506974(15MB) AllocSpace objects, 0(0B) LOS objects, 4% free, 95MB/100MB, paused 175us,45us total 109.889ms
2026-02-10 14:18:23.054 32287-32528 XtreamStreamFetcher     com.fishit.player.v2                 D  streamFromUrl: Starting StreamingJsonParser.streamInBatches() for http://konigtv.com:8080/player_api.php?action=get_series&category_id=438&username=***&password=***
2026-02-10 14:18:23.055 32287-1403  XtreamStreamFetcher     com.fishit.player.v2                 D  streamFromUrl: Starting StreamingJsonParser.streamInBatches() for http://konigtv.com:8080/player_api.php?action=get_live_streams&category_id=471&username=***&password=***
2026-02-10 14:18:23.147 32287-32310 ishit.player.v2         com.fishit.player.v2                 I  Background concurrent copying GC freed 1329550(72MB) AllocSpace objects, 0(0B) LOS objects, 41% free, 34MB/58MB, paused 133us,42us total 103.974ms
2026-02-10 14:18:23.216 32287-32528 XTC                     com.fishit.player.v2                 D  [SERIES] DTO→Raw #5950 | id=xtream:series:9155 | title="Adım Farah" | sourceType=XTREAM | Fields: ✓[year=2023, cast, poster, duration=9000000ms] ✗[plot, director, backdrop, tmdb]
2026-02-10 14:18:23.220 32287-1403  XTC                     com.fishit.player.v2                 D  [LIVE] DTO→Raw #6750 | id=xtream:live:70921 | title="HU: RTL II HD" | sourceType=XTREAM | Fields: ✓[] ✗[year, plot, cast, director, poster, backdrop, duration, tmdb]
2026-02-10 14:18:23.221 32287-32597 XTC                     com.fishit.player.v2                 D  [VOD] DTO→Raw #2400 | id=xtream:vod:799208 | title="My Secret Santa | 2025 | 7.8" | sourceType=XTREAM | Fields: ✓[year=2025, poster] ✗[plot, cast, director, backdrop, duration, tmdb]
2026-02-10 14:18:23.223 32287-32590 HttpClient              com.fishit.player.v2                 D  HTTP 200 for konigtv.com/player_api.php | bytes=58532 contentType=application/json
2026-02-10 14:18:23.224 32287-32590 HttpClient              com.fishit.player.v2                 D  Response received for konigtv.com/player_api.php (58532 chars)
2026-02-10 14:18:23.254 32287-32287 NxSeriesIndex           com.fishit.player.v2                 D  upsertSeasons: NX stores seasons via NX_WorkRelation - no separate entity needed
2026-02-10 14:18:23.254 32287-32287 UnifiedDetailLoader     com.fishit.player.v2                 D  loadSeriesDetailInternal: persisted 5 seasons
2026-02-10 14:18:23.268 32287-32287 ViewRootIm...nActivity] com.fishit.player.v2                 I  ViewPostIme pointer 1
2026-02-10 14:18:23.293 32287-32287 Compatibil...geReporter com.fishit.player.v2                 D  Compat change id reported: 171228096; UID 10516; state: ENABLED
2026-02-10 14:18:23.541 32287-32310 ishit.player.v2         com.fishit.player.v2                 I  Background young concurrent copying GC freed 267887(8558KB) AllocSpace objects, 1(60KB) LOS objects, 1% free, 57MB/58MB, paused 81us,83us total 117.033ms
2026-02-10 14:18:23.736 32287-32287 ViewRootIm...nActivity] com.fishit.player.v2                 I  ViewPostIme pointer 0
2026-02-10 14:18:23.913 32287-32287 ViewRootIm...nActivity] com.fishit.player.v2                 I  ViewPostIme pointer 1
2026-02-10 14:18:24.085 32287-32599 NxSeriesIndex           com.fishit.player.v2                 D  upsertEpisodes: Persisted 13 episodes for series 5815
2026-02-10 14:18:24.743 32287-32590 XTC                     com.fishit.player.v2                 D  [SERIES] DTO→Raw #6000 | id=xtream:series:10612 | title="Kumovi" | sourceType=XTREAM | Fields: ✓[poster] ✗[year, plot, cast, director, backdrop, duration, tmdb]
2026-02-10 14:18:24.745 32287-32591 XTC                     com.fishit.player.v2                 D  [LIVE] DTO→Raw #6800 | id=xtream:live:70930 | title="HU: STORY 4" | sourceType=XTREAM | Fields: ✓[] ✗[year, plot, cast, director, poster, backdrop, duration, tmdb]
2026-02-10 14:18:24.751 32287-32596 NxSeriesIndex           com.fishit.player.v2                 D  upsertEpisodes: Persisted 13 episodes for series 5815
2026-02-10 14:18:24.752 32287-32287 UnifiedDetailLoader     com.fishit.player.v2                 I  loadSeriesDetailInternal: persisted 26 episodes across 2 seasons
2026-02-10 14:18:24.752 32287-32287 UnifiedDetailLoader     com.fishit.player.v2                 I  loadDetailDeduped: completed in 2698ms for series:5815 hasData=true
2026-02-10 14:18:24.752 32287-32287 ApiPriority             com.fishit.player.v2                 D  ⬇️ HIGH_PRIORITY ended: DetailLoad:series:5815 (active=0)
2026-02-10 14:18:24.753 32287-32287 UnifiedDetailVM         com.fishit.player.v2                 D  selectSeason: Loaded 13 episodes for season 1 (PLATIN)
2026-02-10 14:18:25.235 32287-1401  XtreamSyncService       com.fishit.player.v2                 D  Progress: vod=2412, series=6000, live=6799
2026-02-10 14:18:25.243 32287-32527 XTC                     com.fishit.player.v2                 D  [SERIES] DTO→Raw #6050 | id=xtream:series:10621 | title="Miris kiše na Balkanu" | sourceType=XTREAM | Fields: ✓[year=2010, cast, director, poster] ✗[plot, backdrop, duration, tmdb]
2026-02-10 14:18:25.513 32287-3118  XTC                     com.fishit.player.v2                 D  [LIVE] DTO→Raw #6850 | id=xtream:live:13793 | title="UK: Cartoon Network" | sourceType=XTREAM | Fields: ✓[poster] ✗[year, plot, cast, director, backdrop, duration, tmdb]
2026-02-10 14:18:25.516 32287-1445  XtreamStreamFetcher     com.fishit.player.v2                 D  StreamBatch: 149 items in 1 batches (11063ms) | errors=0
2026-02-10 14:18:25.517 32287-1445  XtreamStreamFetcher     com.fishit.player.v2                 D  streamFromUrl: CALLED for http://konigtv.com:8080/player_api.php?action=get_live_streams&category_id=37&username=***&password=***
2026-02-10 14:18:25.745 32287-32595 XTC                     com.fishit.player.v2                 D  [SERIES] DTO→Raw #6100 | id=xtream:series:2778 | title="Sons of Anarchy" | sourceType=XTREAM | Fields: ✓[year=2008, plot(314c), cast, poster, duration=2700000ms] ✗[director, backdrop, tmdb]
2026-02-10 14:18:25.792 32287-1445  XtreamStreamFetcher     com.fishit.player.v2                 D  streamFromUrl: Starting StreamingJsonParser.streamInBatches() for http://konigtv.com:8080/player_api.php?action=get_live_streams&category_id=37&username=***&password=***
2026-02-10 14:18:25.963 32287-1400  XTC                     com.fishit.player.v2                 D  [LIVE] DTO→Raw #6900 | id=xtream:live:13812 | title="UK: Crime & Investigation HD" | sourceType=XTREAM | Fields: ✓[] ✗[year, plot, cast, director, poster, backdrop, duration, tmdb]
2026-02-10 14:18:26.115 32287-32310 ishit.player.v2         com.fishit.player.v2                 I  Background concurrent copying GC freed 601660(29MB) AllocSpace objects, 0(0B) LOS objects, 44% free, 29MB/53MB, paused 80us,70us total 156.366ms
2026-02-10 14:18:26.187 32287-1445  XTC                     com.fishit.player.v2                 D  [SERIES] DTO→Raw #6150 | id=xtream:series:10648 | title="Nečista krv: Greh predaka" | sourceType=XTREAM | Fields: ✓[year=2021, cast, director, poster, duration=3300000ms] ✗[plot, backdrop, tmdb]
2026-02-10 14:18:26.406 32287-1400  XtreamStreamFetcher     com.fishit.player.v2                 D  StreamBatch: 50 items in 1 batches (3352ms) | errors=0
2026-02-10 14:18:26.407 32287-32597 XtreamStreamFetcher     com.fishit.player.v2                 D  streamFromUrl: CALLED for http://konigtv.com:8080/player_api.php?action=get_live_streams&category_id=309&username=***&password=***
2026-02-10 14:18:26.411 32287-32595 XTC                     com.fishit.player.v2                 D  [VOD] DTO→Raw #2450 | id=xtream:vod:797866 | title="Trail of Vengeance | 2025 | 5.2 |" | sourceType=XTREAM | Fields: ✓[year=2025, poster] ✗[plot, cast, director, backdrop, duration, tmdb]
2026-02-10 14:18:26.660 32287-1446  XTC                     com.fishit.player.v2                 D  [LIVE] DTO→Raw #6950 | id=xtream:live:357078 | title="CZ: Arena sport 2" | sourceType=XTREAM | Fields: ✓[] ✗[year, plot, cast, director, poster, backdrop, duration, tmdb]
2026-02-10 14:18:26.666 32287-1436  XTC                     com.fishit.player.v2                 D  [SERIES] DTO→Raw #6200 | id=xtream:series:10329 | title="Missing: Dead or Alive?" | sourceType=XTREAM | Fields: ✓[year=2023, plot(148c), poster, duration=2880000ms] ✗[cast, director, backdrop, tmdb]
2026-02-10 14:18:26.685 32287-32597 XtreamStreamFetcher     com.fishit.player.v2                 D  streamFromUrl: Starting StreamingJsonParser.streamInBatches() for http://konigtv.com:8080/player_api.php?action=get_live_streams&category_id=309&username=***&password=***
2026-02-10 14:18:26.959 32287-1406  XtreamStreamFetcher     com.fishit.player.v2                 D  StreamBatch: 216 items in 2 batches (18267ms) | errors=0
2026-02-10 14:18:26.960 32287-32590 XtreamStreamFetcher     com.fishit.player.v2                 D  streamFromUrl: CALLED for http://konigtv.com:8080/player_api.php?action=get_live_streams&category_id=308&username=***&password=***
2026-02-10 14:18:27.215 32287-32590 XtreamStreamFetcher     com.fishit.player.v2                 D  streamFromUrl: Starting StreamingJsonParser.streamInBatches() for http://konigtv.com:8080/player_api.php?action=get_live_streams&category_id=308&username=***&password=***
2026-02-10 14:18:27.228 32287-32590 XTC                     com.fishit.player.v2                 D  [LIVE] DTO→Raw #7000 | id=xtream:live:347378 | title="USA DOCUMENTARIES" | sourceType=XTREAM | Fields: ✓[poster] ✗[year, plot, cast, director, backdrop, duration, tmdb]
2026-02-10 14:18:27.230 32287-3118  XTC                     com.fishit.player.v2                 D  [SERIES] DTO→Raw #6250 | id=xtream:series:10666 | title="Policijska patrola" | sourceType=XTREAM | Fields: ✓[poster] ✗[year, plot, cast, director, backdrop, duration, tmdb]
2026-02-10 14:18:27.797 32287-32597 XtreamSyncService       com.fishit.player.v2                 D  Progress: vod=2474, series=6249, live=7000
2026-02-10 14:18:28.052 32287-1400  XTC                     com.fishit.player.v2                 D  [LIVE] DTO→Raw #7050 | id=xtream:live:13880 | title="UK: NICKSPONGEBOB" | sourceType=XTREAM | Fields: ✓[] ✗[year, plot, cast, director, poster, backdrop, duration, tmdb]
2026-02-10 14:18:28.052 32287-1437  XTC                     com.fishit.player.v2                 D  [SERIES] DTO→Raw #6300 | id=xtream:series:10679 | title="Prvaci sveta" | sourceType=XTREAM | Fields: ✓[year=2016, cast, director, poster] ✗[plot, backdrop, duration, tmdb]
2026-02-10 14:18:28.058 32287-32529 XtreamStreamFetcher     com.fishit.player.v2                 D  StreamBatch: 15 items in 1 batches (844ms) | errors=0
2026-02-10 14:18:28.059 32287-1406  XtreamStreamFetcher     com.fishit.player.v2                 D  streamFromUrl: CALLED for http://konigtv.com:8080/player_api.php?action=get_live_streams&category_id=307&username=***&password=***
2026-02-10 14:18:28.316 32287-32595 XTC                     com.fishit.player.v2                 D  [VOD] DTO→Raw #2500 | id=xtream:vod:795298 | title="Stans | 2025 | 7.1 |" | sourceType=XTREAM | Fields: ✓[year=2025, poster] ✗[plot, cast, director, backdrop, duration, tmdb]
2026-02-10 14:18:28.316 32287-32528 XtreamStreamFetcher     com.fishit.player.v2                 D  StreamBatch: 53 items in 1 batches (2525ms) | errors=0
2026-02-10 14:18:28.319 32287-32527 XtreamStreamFetcher     com.fishit.player.v2                 D  streamFromUrl: CALLED for http://konigtv.com:8080/player_api.php?action=get_live_streams&category_id=310&username=***&password=***
2026-02-10 14:18:28.442 32287-1406  XtreamStreamFetcher     com.fishit.player.v2                 D  streamFromUrl: Starting StreamingJsonParser.streamInBatches() for http://konigtv.com:8080/player_api.php?action=get_live_streams&category_id=307&username=***&password=***
2026-02-10 14:18:28.562 32287-1401  XTC                     com.fishit.player.v2                 D  [LIVE] DTO→Raw #7100 | id=xtream:live:347328 | title="USA: CBSN Pittsburgh" | sourceType=XTREAM | Fields: ✓[poster] ✗[year, plot, cast, director, backdrop, duration, tmdb]
2026-02-10 14:18:28.567 32287-1445  XTC                     com.fishit.player.v2                 D  [SERIES] DTO→Raw #6350 | id=xtream:series:10692 | title="San snova" | sourceType=XTREAM | Fields: ✓[poster] ✗[year, plot, cast, director, backdrop, duration, tmdb]
2026-02-10 14:18:28.569 32287-3119  XtreamStreamFetcher     com.fishit.player.v2                 D  StreamBatch: 107 items in 1 batches (5516ms) | errors=0
2026-02-10 14:18:28.659 32287-32527 XtreamStreamFetcher     com.fishit.player.v2                 D  streamFromUrl: Starting StreamingJsonParser.streamInBatches() for http://konigtv.com:8080/player_api.php?action=get_live_streams&category_id=310&username=***&password=***
2026-02-10 14:18:28.799 32287-1445  XtreamSyncService       com.fishit.player.v2                 D  Progress: vod=2500, series=6330, live=7093
2026-02-10 14:18:28.805 32287-1400  XtreamStreamFetcher     com.fishit.player.v2                 D  StreamBatch: 12 items in 1 batches (364ms) | errors=0
2026-02-10 14:18:28.807 32287-32595 XtreamStreamFetcher     com.fishit.player.v2                 D  streamFromUrl: CALLED for http://konigtv.com:8080/player_api.php?action=get_live_streams&category_id=306&username=***&password=***
2026-02-10 14:18:28.826 32287-32287 ViewRootIm...nActivity] com.fishit.player.v2                 I  ViewPostIme pointer 0
2026-02-10 14:18:29.112 32287-3119  XtreamStreamFetcher     com.fishit.player.v2                 D  StreamBatch: 249 items in 2 batches (21847ms) | errors=0
2026-02-10 14:18:29.113 32287-1401  XTC                     com.fishit.player.v2                 D  [LIVE] DTO→Raw #7150 | id=xtream:live:347342 | title="USA: Fox 40 Sacramento (KTXL)" | sourceType=XTREAM | Fields: ✓[poster] ✗[year, plot, cast, director, backdrop, duration, tmdb]
2026-02-10 14:18:29.134 32287-32595 XtreamStreamFetcher     com.fishit.player.v2                 D  streamFromUrl: Starting StreamingJsonParser.streamInBatches() for http://konigtv.com:8080/player_api.php?action=get_live_streams&category_id=306&username=***&password=***
2026-02-10 14:18:29.384 32287-3120  XTC                     com.fishit.player.v2                 D  [SERIES] DTO→Raw #6400 | id=xtream:series:2866 | title="Manhattan" | sourceType=XTREAM | Fields: ✓[year=2014, cast, poster, duration=2580000ms] ✗[plot, director, backdrop, tmdb]
2026-02-10 14:18:29.477 32287-32310 ishit.player.v2         com.fishit.player.v2                 I  Background concurrent copying GC freed 445470(23MB) AllocSpace objects, 0(0B) LOS objects, 42% free, 32MB/56MB, paused 135us,82us total 109.968ms
2026-02-10 14:18:29.645 32287-3119  XTC                     com.fishit.player.v2                 D  [LIVE] DTO→Raw #7200 | id=xtream:live:347351 | title="USA: KIRO 7 News (Seattle)" | sourceType=XTREAM | Fields: ✓[poster] ✗[year, plot, cast, director, backdrop, duration, tmdb]
2026-02-10 14:18:29.647 32287-32590 XtreamStreamFetcher     com.fishit.player.v2                 D  StreamBatch: 23 items in 1 batches (988ms) | errors=0
2026-02-10 14:18:29.648 32287-32595 XtreamStreamFetcher     com.fishit.player.v2                 D  streamFromUrl: CALLED for http://konigtv.com:8080/player_api.php?action=get_live_streams&category_id=303&username=***&password=***
2026-02-10 14:18:29.902 32287-32597 XtreamStreamFetcher     com.fishit.player.v2                 D  StreamBatch: 154 items in 2 batches (8141ms) | errors=0
2026-02-10 14:18:29.904 32287-32528 XtreamStreamFetcher     com.fishit.player.v2                 D  streamFromUrl: CALLED for http://konigtv.com:8080/player_api.php?action=get_live_streams&category_id=198&username=***&password=***
2026-02-10 14:18:29.917 32287-32599 XTC                     com.fishit.player.v2                 D  [VOD] DTO→Raw #2550 | id=xtream:vod:792994 | title="Scurry | 2025 | 6.5 |" | sourceType=XTREAM | Fields: ✓[year=2025, poster] ✗[plot, cast, director, backdrop, duration, tmdb]
2026-02-10 14:18:29.942 32287-32595 XtreamStreamFetcher     com.fishit.player.v2                 D  streamFromUrl: Starting StreamingJsonParser.streamInBatches() for http://konigtv.com:8080/player_api.php?action=get_live_streams&category_id=303&username=***&password=***
2026-02-10 14:18:30.216 32287-32589 XTC                     com.fishit.player.v2                 D  [LIVE] DTO→Raw #7250 | id=xtream:live:347368 | title="USA: News 12 (Long Island)" | sourceType=XTREAM | Fields: ✓[poster] ✗[year, plot, cast, director, backdrop, duration, tmdb]
2026-02-10 14:18:30.294 32287-32528 XtreamStreamFetcher     com.fishit.player.v2                 D  streamFromUrl: Starting StreamingJsonParser.streamInBatches() for http://konigtv.com:8080/player_api.php?action=get_live_streams&category_id=198&username=***&password=***
2026-02-10 14:18:30.483 32287-32287 ViewRootIm...nActivity] com.fishit.player.v2                 I  ViewPostIme pointer 1
2026-02-10 14:18:30.512 32287-3119  XtreamStreamFetcher     com.fishit.player.v2                 D  StreamBatch: 38 items in 1 batches (1379ms) | errors=0
2026-02-10 14:18:30.514 32287-32587 XtreamStreamFetcher     com.fishit.player.v2                 D  streamFromUrl: CALLED for http://konigtv.com:8080/player_api.php?action=get_live_streams&category_id=161&username=***&password=***
2026-02-10 14:18:30.515 32287-32528 XTC                     com.fishit.player.v2                 D  [SERIES] DTO→Raw #6450 | id=xtream:series:2887 | title="Resident Evil: Infinite Darkness" | sourceType=XTREAM | Fields: ✓[year=2021, cast, poster, duration=1560000ms] ✗[plot, director, backdrop, tmdb]
2026-02-10 14:18:30.750 32287-1436  XtreamStreamFetcher     com.fishit.player.v2                 D  StreamBatch: 92 items in 1 batches (4065ms) | errors=0
2026-02-10 14:18:30.753 32287-1438  XtreamStreamFetcher     com.fishit.player.v2                 D  streamFromUrl: CALLED for http://konigtv.com:8080/player_api.php?action=get_live_streams&category_id=134&username=***&password=***
2026-02-10 14:18:30.760 32287-1437  XTC                     com.fishit.player.v2                 D  [LIVE] DTO→Raw #7300 | id=xtream:live:751446 | title="US: Bally Sports Indiana HD" | sourceType=XTREAM | Fields: ✓[] ✗[year, plot, cast, director, poster, backdrop, duration, tmdb]
2026-02-10 14:18:30.914 32287-32587 XtreamStreamFetcher     com.fishit.player.v2                 D  streamFromUrl: Starting StreamingJsonParser.streamInBatches() for http://konigtv.com:8080/player_api.php?action=get_live_streams&category_id=161&username=***&password=***
2026-02-10 14:18:30.925 32287-32287 ViewRootIm...nActivity] com.fishit.player.v2                 I  ViewPostIme pointer 0
2026-02-10 14:18:31.031 32287-32597 XTC                     com.fishit.player.v2                 D  [VOD] DTO→Raw #2600 | id=xtream:vod:789948 | title="Gott ist nicht tot 5 - Wir vertrauen auf" | sourceType=XTREAM | Fields: ✓[year=2024, poster] ✗[plot, cast, director, backdrop, duration, tmdb]
2026-02-10 14:18:31.054 32287-1438  XtreamStreamFetcher     com.fishit.player.v2                 D  streamFromUrl: Starting StreamingJsonParser.streamInBatches() for http://konigtv.com:8080/player_api.php?action=get_live_streams&category_id=134&username=***&password=***
2026-02-10 14:18:31.402 32287-32599 XTC                     com.fishit.player.v2                 D  [LIVE] DTO→Raw #7350 | id=xtream:live:366174 | title="CA: CBC CALGARY" | sourceType=XTREAM | Fields: ✓[poster] ✗[year, plot, cast, director, backdrop, duration, tmdb]
2026-02-10 14:18:31.546 32287-32310 ishit.player.v2         com.fishit.player.v2                 I  Background concurrent copying GC freed 546860(28MB) AllocSpace objects, 1(24KB) LOS objects, 47% free, 26MB/50MB, paused 578us,85us total 110.864ms
2026-02-10 14:18:31.661 32287-32287 ViewRootIm...nActivity] com.fishit.player.v2                 I  ViewPostIme pointer 1
2026-02-10 14:18:31.711 32287-32599 XTC                     com.fishit.player.v2                 D  [SERIES] DTO→Raw #6500 | id=xtream:series:2916 | title="The Pembrokeshire Murders" | sourceType=XTREAM | Fields: ✓[year=2021, cast, poster, duration=2820000ms] ✗[plot, director, backdrop, tmdb]
2026-02-10 14:18:32.037 32287-32598 XtreamSyncService       com.fishit.player.v2                 D  Progress: vod=2621, series=6500, live=7364
2026-02-10 14:18:32.039 32287-1438  XTC                     com.fishit.player.v2                 D  [LIVE] DTO→Raw #7400 | id=xtream:live:366185 | title="CA: CITY TV MONTREAL" | sourceType=XTREAM | Fields: ✓[poster] ✗[year, plot, cast, director, backdrop, duration, tmdb]
2026-02-10 14:18:32.091 32287-32287 ViewRootIm...nActivity] com.fishit.player.v2                 I  ViewPostIme pointer 0
2026-02-10 14:18:32.329 32287-1400  XTC                     com.fishit.player.v2                 D  [VOD] DTO→Raw #2650 | id=xtream:vod:788125 | title="Planet Single: Greek Adventure | 2025 | " | sourceType=XTREAM | Fields: ✓[year=2025, poster] ✗[plot, cast, director, backdrop, duration, tmdb]
2026-02-10 14:18:32.334 32287-32529 XtreamStreamFetcher     com.fishit.player.v2                 D  StreamBatch: 353 items in 3 batches (27733ms) | errors=0
2026-02-10 14:18:32.817 32287-32596 XTC                     com.fishit.player.v2                 D  [LIVE] DTO→Raw #7450 | id=xtream:live:751488 | title="US: MLB Network HD" | sourceType=XTREAM | Fields: ✓[] ✗[year, plot, cast, director, poster, backdrop, duration, tmdb]
2026-02-10 14:18:33.035 32287-32528 XTC                     com.fishit.player.v2                 D  [SERIES] DTO→Raw #6550 | id=xtream:series:10794 | title="samo ti pricaj" | sourceType=XTREAM | Fields: ✓[year=2015, poster] ✗[plot, cast, director, backdrop, duration, tmdb]
2026-02-10 14:18:33.281 32287-32590 XtreamStreamFetcher     com.fishit.player.v2                 D  StreamBatch: 289 items in 2 batches (19200ms) | errors=0
2026-02-10 14:18:33.283 32287-32590 SeriesItemPhase         com.fishit.player.v2                 D  [SERIES] Scan complete: 6557 items
2026-02-10 14:18:33.283 32287-32590 XTC                     com.fishit.player.v2                 I  Phase complete: SERIES | items=6557 | duration=100897ms | rate=64 items/sec
2026-02-10 14:18:33.286 32287-32529 XTC                     com.fishit.player.v2                 D  [VOD] DTO→Raw #2700 | id=xtream:vod:784632 | title="Love Me | 2025 | 6.5 |" | sourceType=XTREAM | Fields: ✓[year=2025, poster] ✗[plot, cast, director, backdrop, duration, tmdb]
2026-02-10 14:18:33.298 32287-1401  XtreamStreamFetcher     com.fishit.player.v2                 D  StreamBatch: 46 items in 1 batches (2245ms) | errors=0
2026-02-10 14:18:33.299 32287-32587 XTC                     com.fishit.player.v2                 D  [LIVE] DTO→Raw #7500 | id=xtream:live:751514 | title="US: THE Fight Network HD" | sourceType=XTREAM | Fields: ✓[] ✗[year, plot, cast, director, poster, backdrop, duration, tmdb]
2026-02-10 14:18:33.300 32287-32595 XtreamStreamFetcher     com.fishit.player.v2                 D  streamFromUrl: CALLED for http://konigtv.com:8080/player_api.php?action=get_live_streams&category_id=114&username=***&password=***
2026-02-10 14:18:33.554 32287-32595 XtreamStreamFetcher     com.fishit.player.v2                 D  streamFromUrl: Starting StreamingJsonParser.streamInBatches() for http://konigtv.com:8080/player_api.php?action=get_live_streams&category_id=114&username=***&password=***
2026-02-10 14:18:33.649 32287-32287 ViewRootIm...nActivity] com.fishit.player.v2                 I  ViewPostIme pointer 1
2026-02-10 14:18:33.877 32287-1400  XtreamSyncService       com.fishit.player.v2                 D  Progress: vod=2699, series=6557, live=7500
2026-02-10 14:18:33.886 32287-32597 XTC                     com.fishit.player.v2                 D  [LIVE] DTO→Raw #7550 | id=xtream:live:366221 | title="CA: FOOD NETWORK" | sourceType=XTREAM | Fields: ✓[poster] ✗[year, plot, cast, director, backdrop, duration, tmdb]
2026-02-10 14:18:34.233 32287-32598 XTC                     com.fishit.player.v2                 D  [LIVE] DTO→Raw #7600 | id=xtream:live:366230 | title="CA: HBO" | sourceType=XTREAM | Fields: ✓[poster] ✗[year, plot, cast, director, backdrop, duration, tmdb]
2026-02-10 14:18:34.234 32287-32597 XTC                     com.fishit.player.v2                 D  [VOD] DTO→Raw #2750 | id=xtream:vod:782170 | title="The Ritual | 2025 | 5.9 |" | sourceType=XTREAM | Fields: ✓[year=2025, poster] ✗[plot, cast, director, backdrop, duration, tmdb]
2026-02-10 14:18:34.399 32287-32287 ViewRootIm...nActivity] com.fishit.player.v2                 I  ViewPostIme pointer 0
2026-02-10 14:18:34.643 32287-32310 ishit.player.v2         com.fishit.player.v2                 I  Background young concurrent copying GC freed 277667(8858KB) AllocSpace objects, 0(0B) LOS objects, 11% free, 40MB/45MB, paused 92us,89us total 161.734ms
2026-02-10 14:18:34.814 32287-32287 ViewRootIm...nActivity] com.fishit.player.v2                 I  ViewPostIme pointer 1
2026-02-10 14:18:34.838 32287-32310 ishit.player.v2         com.fishit.player.v2                 I  Background concurrent copying GC freed 441076(23MB) AllocSpace objects, 0(0B) LOS objects, 46% free, 27MB/51MB, paused 127us,76us total 120.622ms
2026-02-10 14:18:34.994 32287-32598 XTC                     com.fishit.player.v2                 D  [LIVE] DTO→Raw #7650 | id=xtream:live:751560 | title="US: Oxygen EAST HD" | sourceType=XTREAM | Fields: ✓[] ✗[year, plot, cast, director, poster, backdrop, duration, tmdb]
2026-02-10 14:18:35.246 32287-3118  XTC                     com.fishit.player.v2                 D  [LIVE] DTO→Raw #7700 | id=xtream:live:362556 | title="BR: Cinemax HD" | sourceType=XTREAM | Fields: ✓[poster] ✗[year, plot, cast, director, backdrop, duration, tmdb]
2026-02-10 14:18:35.490 32287-32310 ishit.player.v2         com.fishit.player.v2                 I  Background concurrent copying GC freed 442172(23MB) AllocSpace objects, 0(0B) LOS objects, 41% free, 33MB/57MB, paused 74us,49us total 112.813ms
2026-02-10 14:18:35.534 32287-1401  XtreamStreamFetcher     com.fishit.player.v2                 D  StreamBatch: 117 items in 1 batches (5593ms) | errors=0
2026-02-10 14:18:35.535 32287-32599 XTC                     com.fishit.player.v2                 D  [LIVE] DTO→Raw #7750 | id=xtream:live:366263 | title="CA: YTV" | sourceType=XTREAM | Fields: ✓[poster] ✗[year, plot, cast, director, backdrop, duration, tmdb]
2026-02-10 14:18:35.536 32287-32599 XtreamStreamFetcher     com.fishit.player.v2                 D  StreamBatch: 101 items in 1 batches (4623ms) | errors=0
2026-02-10 14:18:35.537 32287-32590 XtreamStreamFetcher     com.fishit.player.v2                 D  streamFromUrl: CALLED for http://konigtv.com:8080/player_api.php?action=get_live_streams&category_id=243&username=***&password=***
2026-02-10 14:18:35.538 32287-1401  XtreamStreamFetcher     com.fishit.player.v2                 D  streamFromUrl: CALLED for http://konigtv.com:8080/player_api.php?action=get_live_streams&category_id=40&username=***&password=***
2026-02-10 14:18:35.773 32287-1438  XTC                     com.fishit.player.v2                 D  [VOD] DTO→Raw #2800 | id=xtream:vod:780007 | title="Shadow Force - Die letzte Mission | 2025" | sourceType=XTREAM | Fields: ✓[year=2025, poster] ✗[plot, cast, director, backdrop, duration, tmdb]
2026-02-10 14:18:35.774 32287-32598 XTC                     com.fishit.player.v2                 D  [LIVE] DTO→Raw #7800 | id=xtream:live:751623 | title="US: HBO Family HD" | sourceType=XTREAM | Fields: ✓[] ✗[year, plot, cast, director, poster, backdrop, duration, tmdb]
2026-02-10 14:18:35.855 32287-32590 XtreamStreamFetcher     com.fishit.player.v2                 D  streamFromUrl: Starting StreamingJsonParser.streamInBatches() for http://konigtv.com:8080/player_api.php?action=get_live_streams&category_id=243&username=***&password=***
2026-02-10 14:18:35.864 32287-1401  XtreamStreamFetcher     com.fishit.player.v2                 D  streamFromUrl: Starting StreamingJsonParser.streamInBatches() for http://konigtv.com:8080/player_api.php?action=get_live_streams&category_id=40&username=***&password=***
2026-02-10 14:18:35.916 32287-32287 ViewRootIm...nActivity] com.fishit.player.v2                 I  ViewPostIme pointer 0
2026-02-10 14:18:36.149 32287-32310 ishit.player.v2         com.fishit.player.v2                 I  Background concurrent copying GC freed 626558(31MB) AllocSpace objects, 0(0B) LOS objects, 44% free, 29MB/53MB, paused 76us,58us total 101.130ms
2026-02-10 14:18:36.277 32287-32287 ViewRootIm...nActivity] com.fishit.player.v2                 I  ViewPostIme pointer 1
2026-02-10 14:18:36.442 32287-32597 XTC                     com.fishit.player.v2                 D  [LIVE] DTO→Raw #7850 | id=xtream:live:751631 | title="US: MGM Drive IN HD" | sourceType=XTREAM | Fields: ✓[] ✗[year, plot, cast, director, poster, backdrop, duration, tmdb]
2026-02-10 14:18:36.449 32287-32598 XTC                     com.fishit.player.v2                 D  [VOD] DTO→Raw #2850 | id=xtream:vod:777489 | title="Hard Home | 2024 | 5.2 |" | sourceType=XTREAM | Fields: ✓[year=2024, poster] ✗[plot, cast, director, backdrop, duration, tmdb]
2026-02-10 14:18:36.687 32287-3119  XTC                     com.fishit.player.v2                 D  [LIVE] DTO→Raw #7900 | id=xtream:live:126560 | title="ARM: HORIZON TV" | sourceType=XTREAM | Fields: ✓[] ✗[year, plot, cast, director, poster, backdrop, duration, tmdb]
2026-02-10 14:18:36.991 32287-1445  XTC                     com.fishit.player.v2                 D  [LIVE] DTO→Raw #7950 | id=xtream:live:126574 | title="ARM: YERKIR MEDIA" | sourceType=XTREAM | Fields: ✓[] ✗[year, plot, cast, director, poster, backdrop, duration, tmdb]
2026-02-10 14:18:37.081 32287-32287 ViewRootIm...nActivity] com.fishit.player.v2                 I  ViewPostIme pointer 0
2026-02-10 14:18:37.124 32287-32287 ViewRootIm...nActivity] com.fishit.player.v2                 I  ViewPostIme pointer 1
2026-02-10 14:18:37.126 32287-32287 UnifiedDetailVM         com.fishit.player.v2                 D  Starting episode playback: xtream:episode:series:5815:s1:e1
2026-02-10 14:18:37.126 32287-32287 EnsureEpisodePlayback   com.fishit.player.v2                 D  Checking playback readiness for xtream:episode:series:5815:s1:e1 (PLATIN)
2026-02-10 14:18:37.307 32287-1401  XtreamStreamFetcher     com.fishit.player.v2                 D  StreamBatch: 42 items in 1 batches (1452ms) | errors=0
2026-02-10 14:18:37.309 32287-32587 XtreamStreamFetcher     com.fishit.player.v2                 D  streamFromUrl: CALLED for http://konigtv.com:8080/player_api.php?action=get_live_streams&category_id=311&username=***&password=***
2026-02-10 14:18:37.459 32287-32310 ishit.player.v2         com.fishit.player.v2                 I  Background concurrent copying GC freed 480758(26MB) AllocSpace objects, 0(0B) LOS objects, 49% free, 23MB/47MB, paused 131us,86us total 118.994ms
2026-02-10 14:18:37.594 32287-32587 XtreamStreamFetcher     com.fishit.player.v2                 D  streamFromUrl: Starting StreamingJsonParser.streamInBatches() for http://konigtv.com:8080/player_api.php?action=get_live_streams&category_id=311&username=***&password=***
2026-02-10 14:18:37.629 32287-1436  XTC                     com.fishit.player.v2                 D  [LIVE] DTO→Raw #8000 | id=xtream:live:769195 | title="KU: DIMAN" | sourceType=XTREAM | Fields: ✓[poster] ✗[year, plot, cast, director, backdrop, duration, tmdb]
2026-02-10 14:18:37.774 32287-32287 EnsureEpisodePlayback   com.fishit.player.v2                 D  Episode xtream:episode:series:5815:s1:e1 is playback-ready
2026-02-10 14:18:37.775 32287-32287 UnifiedDetailVM         com.fishit.player.v2                 E  Playback failed for episode xtream:episode:series:5815:s1:e1
                                                                                                    java.lang.IllegalStateException: Episode missing streamId: xtream:episode:series:5815:s1:e1
                                                                                                    	at com.fishit.player.feature.detail.UnifiedDetailViewModel.playEpisodeWithHints(UnifiedDetailViewModel.kt:789)
                                                                                                    	at com.fishit.player.feature.detail.UnifiedDetailViewModel.access$playEpisodeWithHints(UnifiedDetailViewModel.kt:61)
                                                                                                    	at com.fishit.player.feature.detail.UnifiedDetailViewModel$playEpisode$1.invokeSuspend(UnifiedDetailViewModel.kt:736)
                                                                                                    	at kotlin.coroutines.jvm.internal.BaseContinuationImpl.resumeWith(ContinuationImpl.kt:34)
                                                                                                    	at kotlinx.coroutines.DispatchedTask.run(DispatchedTask.kt:100)
                                                                                                    	at android.os.Handler.handleCallback(Handler.java:958)
                                                                                                    	at android.os.Handler.dispatchMessage(Handler.java:99)
                                                                                                    	at android.os.Looper.loopOnce(Looper.java:230)
                                                                                                    	at android.os.Looper.loop(Looper.java:319)
                                                                                                    	at android.app.ActivityThread.main(ActivityThread.java:8919)
                                                                                                    	at java.lang.reflect.Method.invoke(Native Method)
                                                                                                    	at com.android.internal.os.RuntimeInit$MethodAndArgsCaller.run(RuntimeInit.java:578)
                                                                                                    	at com.android.internal.os.ZygoteInit.main(ZygoteInit.java:1103)
2026-02-10 14:18:37.968 32287-1436  XTC                     com.fishit.player.v2                 D  [LIVE] DTO→Raw #8050 | id=xtream:live:751680 | title="US: NEWS NET HD" | sourceType=XTREAM | Fields: ✓[] ✗[year, plot, cast, director, poster, backdrop, duration, tmdb]
2026-02-10 14:18:37.969 32287-1445  XtreamSyncService       com.fishit.player.v2                 D  Progress: vod=2882, series=6557, live=8000
2026-02-10 14:18:37.971 32287-32590 XTC                     com.fishit.player.v2                 D  [VOD] DTO→Raw #2900 | id=xtream:vod:774244 | title="Banger | 2025 | 5.8 |" | sourceType=XTREAM | Fields: ✓[year=2025, poster] ✗[plot, cast, director, backdrop, duration, tmdb]
2026-02-10 14:18:38.264 32287-1438  XTC                     com.fishit.player.v2                 D  [LIVE] DTO→Raw #8100 | id=xtream:live:769162 | title="KU: KURDMAX MUSIC" | sourceType=XTREAM | Fields: ✓[poster] ✗[year, plot, cast, director, backdrop, duration, tmdb]
2026-02-10 14:18:38.275 32287-32310 ishit.player.v2         com.fishit.player.v2                 I  Background concurrent copying GC freed 619651(32MB) AllocSpace objects, 0(0B) LOS objects, 41% free, 33MB/57MB, paused 269us,231us total 301.040ms
2026-02-10 14:18:38.743 32287-1438  XTC                     com.fishit.player.v2                 D  [LIVE] DTO→Raw #8150 | id=xtream:live:769223 | title="KU: LAWAN TV" | sourceType=XTREAM | Fields: ✓[poster] ✗[year, plot, cast, director, backdrop, duration, tmdb]
2026-02-10 14:18:38.745 32287-32595 XtreamStreamFetcher     com.fishit.player.v2                 D  StreamBatch: 59 items in 1 batches (1152ms) | errors=0
2026-02-10 14:18:38.752 32287-1436  XtreamStreamFetcher     com.fishit.player.v2                 D  streamFromUrl: CALLED for http://konigtv.com:8080/player_api.php?action=get_live_streams&category_id=312&username=***&password=***
2026-02-10 14:18:39.020 32287-1436  XtreamStreamFetcher     com.fishit.player.v2                 D  streamFromUrl: Starting StreamingJsonParser.streamInBatches() for http://konigtv.com:8080/player_api.php?action=get_live_streams&category_id=312&username=***&password=***
2026-02-10 14:18:39.022 32287-1406  XTC                     com.fishit.player.v2                 D  [VOD] DTO→Raw #2950 | id=xtream:vod:772288 | title="Delicious | 2025 | 5.1 |" | sourceType=XTREAM | Fields: ✓[year=2025, poster] ✗[plot, cast, director, backdrop, duration, tmdb]
