2026-02-10 14:19:03.575 32287-32528 XtreamStreamFetcher     com.fishit.player.v2                 D  StreamBatch: 51 items in 1 batches (1600ms) | errors=0
2026-02-10 14:19:03.847 32287-32528 XTC                     com.fishit.player.v2                 D  [LIVE] DTO→Raw #10750 | id=xtream:live:120753 | title="LA: Pinguinos de Madagascar 24/7" | sourceType=XTREAM | Fields: ✓[] ✗[year, plot, cast, director, poster, backdrop, duration, tmdb]
2026-02-10 14:19:04.138 32287-3118  XTC                     com.fishit.player.v2                 D  [VOD] DTO→Raw #4150 | id=xtream:vod:665690 | title="Goldsmith | 2022 | 6.8 |" | sourceType=XTREAM | Fields: ✓[year=2022, poster] ✗[plot, cast, director, backdrop, duration, tmdb]
2026-02-10 14:19:04.140 32287-1401  XTC                     com.fishit.player.v2                 D  [LIVE] DTO→Raw #10800 | id=xtream:live:120774 | title="LA: Saint Seiya Asgard 24/7" | sourceType=XTREAM | Fields: ✓[] ✗[year, plot, cast, director, poster, backdrop, duration, tmdb]
2026-02-10 14:19:04.728 32287-1403  XTC                     com.fishit.player.v2                 D  [LIVE] DTO→Raw #10850 | id=xtream:live:120796 | title="LA SPORTV 1" | sourceType=XTREAM | Fields: ✓[] ✗[year, plot, cast, director, poster, backdrop, duration, tmdb]
2026-02-10 14:19:04.730 32287-1401  XTC                     com.fishit.player.v2                 D  [VOD] DTO→Raw #4200 | id=xtream:vod:656550 | title="Der Schwan | 2023 | 7.8 |" | sourceType=XTREAM | Fields: ✓[year=2023, poster] ✗[plot, cast, director, backdrop, duration, tmdb]
2026-02-10 14:19:05.016 32287-32529 XTC                     com.fishit.player.v2                 D  [LIVE] DTO→Raw #10900 | id=xtream:live:526032 | title="XXX: Vintage Porn 3" | sourceType=XTREAM | Fields: ✓[] ✗[year, plot, cast, director, poster, backdrop, duration, tmdb]
2026-02-10 14:19:05.653 32287-1401  XTC                     com.fishit.player.v2                 D  [LIVE] DTO→Raw #10950 | id=xtream:live:371001 | title="IN: Real News Kerala" | sourceType=XTREAM | Fields: ✓[poster] ✗[year, plot, cast, director, backdrop, duration, tmdb]
2026-02-10 14:19:05.949 32287-32589 XTC                     com.fishit.player.v2                 D  [VOD] DTO→Raw #4250 | id=xtream:vod:643914 | title="Sugar | 2022 | 5.0 |" | sourceType=XTREAM | Fields: ✓[year=2022, poster] ✗[plot, cast, director, backdrop, duration, tmdb]
2026-02-10 14:19:06.230 32287-1437  XTC                     com.fishit.player.v2                 D  [LIVE] DTO→Raw #11000 | id=xtream:live:120843 | title="LA: Telemundo Lampa" | sourceType=XTREAM | Fields: ✓[] ✗[year, plot, cast, director, poster, backdrop, duration, tmdb]
2026-02-10 14:19:06.522 32287-32528 XtreamSyncService       com.fishit.player.v2                 D  Progress: vod=4285, series=6557, live=11000
2026-02-10 14:19:06.523 32287-1438  XTC                     com.fishit.player.v2                 D  [VOD] DTO→Raw #4300 | id=xtream:vod:639826 | title="Reveille | 2023 | 6.7 |" | sourceType=XTREAM | Fields: ✓[year=2023, poster] ✗[plot, cast, director, backdrop, duration, tmdb]
2026-02-10 14:19:06.810 32287-32528 XTC                     com.fishit.player.v2                 D  [LIVE] DTO→Raw #11050 | id=xtream:live:366544 | title="XXX: Vera BLACKED 6" | sourceType=XTREAM | Fields: ✓[] ✗[year, plot, cast, director, poster, backdrop, duration, tmdb]
2026-02-10 14:19:07.119 32287-32590 XTC                     com.fishit.player.v2                 D  [LIVE] DTO→Raw #11100 | id=xtream:live:120882 | title="LA: Unimas Phoenix HD" | sourceType=XTREAM | Fields: ✓[] ✗[year, plot, cast, director, poster, backdrop, duration, tmdb]
2026-02-10 14:19:07.401 32287-32599 XTC                     com.fishit.player.v2                 D  [VOD] DTO→Raw #4350 | id=xtream:vod:624680 | title="Kandahar | 2023 | 6.5 |" | sourceType=XTREAM | Fields: ✓[year=2023, poster] ✗[plot, cast, director, backdrop, duration, tmdb]
2026-02-10 14:19:07.409 32287-32528 XTC                     com.fishit.player.v2                 D  [LIVE] DTO→Raw #11150 | id=xtream:live:371044 | title="IN: Sony SAB" | sourceType=XTREAM | Fields: ✓[poster] ✗[year, plot, cast, director, backdrop, duration, tmdb]
2026-02-10 14:19:07.985 32287-32589 XTC                     com.fishit.player.v2                 D  [LIVE] DTO→Raw #11200 | id=xtream:live:371058 | title="IN: Star Movies Select" | sourceType=XTREAM | Fields: ✓[poster] ✗[year, plot, cast, director, backdrop, duration, tmdb]
2026-02-10 14:19:08.265 32287-3118  XTC                     com.fishit.player.v2                 D  [LIVE] DTO→Raw #11250 | id=xtream:live:120940 | title="MX: AYM Sports FHD" | sourceType=XTREAM | Fields: ✓[] ✗[year, plot, cast, director, poster, backdrop, duration, tmdb]
2026-02-10 14:19:08.265 32287-32590 XTC                     com.fishit.player.v2                 D  [VOD] DTO→Raw #4400 | id=xtream:vod:618063 | title="The Last Victim - Spirale der Gewalt  | " | sourceType=XTREAM | Fields: ✓[year=2022, poster] ✗[plot, cast, director, backdrop, duration, tmdb]
2026-02-10 14:19:08.905 32287-1403  XTC                     com.fishit.player.v2                 D  [LIVE] DTO→Raw #11300 | id=xtream:live:380386 | title="XXX: TRANS PREMIUM 1" | sourceType=XTREAM | Fields: ✓[] ✗[year, plot, cast, director, poster, backdrop, duration, tmdb]
2026-02-10 14:19:09.184 32287-3119  XTC                     com.fishit.player.v2                 D  [LIVE] DTO→Raw #11350 | id=xtream:live:120976 | title="MX: Cinemax FHD" | sourceType=XTREAM | Fields: ✓[] ✗[year, plot, cast, director, poster, backdrop, duration, tmdb]
2026-02-10 14:19:09.468 32287-32529 XTC                     com.fishit.player.v2                 D  [VOD] DTO→Raw #4450 | id=xtream:vod:590463 | title="Hawa | 2022 | 6.2 |" | sourceType=XTREAM | Fields: ✓[year=2022, poster] ✗[plot, cast, director, backdrop, duration, tmdb]
2026-02-10 14:19:09.471 32287-1403  XTC                     com.fishit.player.v2                 D  [LIVE] DTO→Raw #11400 | id=xtream:live:674814 | title="XXX: FAP TV Parody HD" | sourceType=XTREAM | Fields: ✓[] ✗[year, plot, cast, director, poster, backdrop, duration, tmdb]
2026-02-10 14:19:09.743 32287-1401  XtreamStreamFetcher     com.fishit.player.v2                 D  StreamBatch: 270 items in 2 batches (6468ms) | errors=0
2026-02-10 14:19:10.005 32287-1403  XTC                     com.fishit.player.v2                 D  [LIVE] DTO→Raw #11450 | id=xtream:live:121018 | title="MX: EDU JARDIN FHD" | sourceType=XTREAM | Fields: ✓[] ✗[year, plot, cast, director, poster, backdrop, duration, tmdb]
2026-02-10 14:19:10.008 32287-32591 XTC                     com.fishit.player.v2                 D  [VOD] DTO→Raw #4500 | id=xtream:vod:484897 | title="White Hell - Eiskalte Jagd | 2023 | 6.6 " | sourceType=XTREAM | Fields: ✓[year=2023, poster] ✗[plot, cast, director, backdrop, duration, tmdb]
2026-02-10 14:19:10.305 32287-32529 XtreamStreamFetcher     com.fishit.player.v2                 D  StreamBatch: 406 items in 3 batches (14758ms) | errors=0
2026-02-10 14:19:10.308 32287-1401  XTC                     com.fishit.player.v2                 D  [LIVE] DTO→Raw #11500 | id=xtream:live:121060 | title="MX: Garage TV FHD" | sourceType=XTREAM | Fields: ✓[] ✗[year, plot, cast, director, poster, backdrop, duration, tmdb]
2026-02-10 14:19:10.566 32287-1403  XtreamSyncService       com.fishit.player.v2                 D  Progress: vod=4500, series=6557, live=11461
2026-02-10 14:19:11.133 32287-32589 XtreamSyncService       com.fishit.player.v2                 D  Progress: vod=4500, series=6557, live=11500
2026-02-10 14:19:11.138 32287-32529 XTC                     com.fishit.player.v2                 D  [LIVE] DTO→Raw #11550 | id=xtream:live:121110 | title="MX: Nick 2 FHD" | sourceType=XTREAM | Fields: ✓[] ✗[year, plot, cast, director, poster, backdrop, duration, tmdb]
2026-02-10 14:19:11.439 32287-32591 XTC                     com.fishit.player.v2                 D  [LIVE] DTO→Raw #11600 | id=xtream:live:121160 | title="MX: TUDN HD" | sourceType=XTREAM | Fields: ✓[] ✗[year, plot, cast, director, poster, backdrop, duration, tmdb]
2026-02-10 14:19:11.707 32287-32596 XTC                     com.fishit.player.v2                 D  [VOD] DTO→Raw #4550 | id=xtream:vod:383925 | title="House Party - Fake it till you make it (" | sourceType=XTREAM | Fields: ✓[year=2023, poster] ✗[plot, cast, director, backdrop, duration, tmdb]
2026-02-10 14:19:11.711 32287-32591 XtreamStreamFetcher     com.fishit.player.v2                 D  StreamBatch: 793 items in 6 batches (16449ms) | errors=0
2026-02-10 14:19:11.712 32287-1437  LiveChannelPhase        com.fishit.player.v2                 D  [LIVE] Scan complete: 11629 channels
2026-02-10 14:19:11.713 32287-1437  XTC                     com.fishit.player.v2                 I  Phase complete: LIVE | items=11629 | duration=139328ms | rate=83 items/sec
2026-02-10 14:19:11.976 32287-1403  XTC                     com.fishit.player.v2                 D  [VOD] DTO→Raw #4600 | id=xtream:vod:383858 | title="Der schlimmste Tag im Leben | 2022 | 6.3" | sourceType=XTREAM | Fields: ✓[year=2022, poster] ✗[plot, cast, director, backdrop, duration, tmdb]
2026-02-10 14:19:12.258 32287-32596 XTC                     com.fishit.player.v2                 D  [VOD] DTO→Raw #4650 | id=xtream:vod:383959 | title="Mittagsstunde (2022)" | sourceType=XTREAM | Fields: ✓[year=2022, poster] ✗[plot, cast, director, backdrop, duration, tmdb]
2026-02-10 14:19:12.537 32287-32596 XTC                     com.fishit.player.v2                 D  [VOD] DTO→Raw #4700 | id=xtream:vod:384078 | title="Zeiten des Umbruchs (2022)" | sourceType=XTREAM | Fields: ✓[year=2022, poster] ✗[plot, cast, director, backdrop, duration, tmdb]
2026-02-10 14:19:12.819 32287-32591 XTC                     com.fishit.player.v2                 D  [VOD] DTO→Raw #4750 | id=xtream:vod:384137 | title="Der Nachname (2022)" | sourceType=XTREAM | Fields: ✓[year=2022, poster] ✗[plot, cast, director, backdrop, duration, tmdb]
2026-02-10 14:19:13.100 32287-1438  XTC                     com.fishit.player.v2                 D  [VOD] DTO→Raw #4800 | id=xtream:vod:384207 | title="Lady Chatterleys Liebhaber (2022)" | sourceType=XTREAM | Fields: ✓[year=2022, poster] ✗[plot, cast, director, backdrop, duration, tmdb]
2026-02-10 14:19:13.375 32287-32589 XTC                     com.fishit.player.v2                 D  [VOD] DTO→Raw #4850 | id=xtream:vod:384267 | title="Rimini (2022)" | sourceType=XTREAM | Fields: ✓[year=2022, poster] ✗[plot, cast, director, backdrop, duration, tmdb]
2026-02-10 14:19:13.658 32287-32596 XTC                     com.fishit.player.v2                 D  [VOD] DTO→Raw #4900 | id=xtream:vod:384335 | title="The Minute You Wake Up Dead (2022)" | sourceType=XTREAM | Fields: ✓[year=2022, poster] ✗[plot, cast, director, backdrop, duration, tmdb]
2026-02-10 14:19:13.989 32287-1438  XTC                     com.fishit.player.v2                 D  [VOD] DTO→Raw #4950 | id=xtream:vod:388649 | title="A Hero - Die verlorene Ehre des Herrn So" | sourceType=XTREAM | Fields: ✓[year=2021, poster] ✗[plot, cast, director, backdrop, duration, tmdb]
2026-02-10 14:19:14.271 32287-32591 XTC                     com.fishit.player.v2                 D  [VOD] DTO→Raw #5000 | id=xtream:vod:388700 | title="Bigbug (2022)" | sourceType=XTREAM | Fields: ✓[year=2022, poster] ✗[plot, cast, director, backdrop, duration, tmdb]
2026-02-10 14:19:14.547 32287-1438  XtreamSyncService       com.fishit.player.v2                 D  Progress: vod=5000, series=6557, live=11629
2026-02-10 14:19:14.551 32287-1403  XTC                     com.fishit.player.v2                 D  [VOD] DTO→Raw #5050 | id=xtream:vod:388751 | title="Colors of Love - Ein Hotel zum Verlieben" | sourceType=XTREAM | Fields: ✓[year=2021, poster] ✗[plot, cast, director, backdrop, duration, tmdb]
2026-02-10 14:19:14.837 32287-1437  XTC                     com.fishit.player.v2                 D  [VOD] DTO→Raw #5100 | id=xtream:vod:388801 | title="Der Vater der Braut (2022)" | sourceType=XTREAM | Fields: ✓[year=2022, poster] ✗[plot, cast, director, backdrop, duration, tmdb]
2026-02-10 14:19:15.133 32287-32591 XTC                     com.fishit.player.v2                 D  [VOD] DTO→Raw #5150 | id=xtream:vod:388851 | title="Ein Hund namens Palma (2021)" | sourceType=XTREAM | Fields: ✓[year=2021, poster] ✗[plot, cast, director, backdrop, duration, tmdb]
2026-02-10 14:19:15.469 32287-3119  XTC                     com.fishit.player.v2                 D  [VOD] DTO→Raw #5200 | id=xtream:vod:388901 | title="Gibt es ein Leben nach der Party? (2021)" | sourceType=XTREAM | Fields: ✓[year=2021, poster] ✗[plot, cast, director, backdrop, duration, tmdb]
2026-02-10 14:19:15.744 32287-1403  XTC                     com.fishit.player.v2                 D  [VOD] DTO→Raw #5250 | id=xtream:vod:388953 | title="Interceptor (2022)" | sourceType=XTREAM | Fields: ✓[year=2022, poster] ✗[plot, cast, director, backdrop, duration, tmdb]
2026-02-10 14:19:16.041 32287-1438  XTC                     com.fishit.player.v2                 D  [VOD] DTO→Raw #5300 | id=xtream:vod:389006 | title="Liebe für Erwachsene (2022)" | sourceType=XTREAM | Fields: ✓[year=2022, poster] ✗[plot, cast, director, backdrop, duration, tmdb]
2026-02-10 14:19:16.056 32287-32287 ViewRootIm...nActivity] com.fishit.player.v2                 I  ViewPostIme key 0
2026-02-10 14:19:16.057 32287-32287 Activity                com.fishit.player.v2                 D  onKeyDown(KEYCODE_BACK)
2026-02-10 14:19:16.083 32287-32287 ViewRootIm...nActivity] com.fishit.player.v2                 I  ViewPostIme key 1
2026-02-10 14:19:16.085 32287-32287 Activity                com.fishit.player.v2                 D  onKeyUp(KEYCODE_BACK) isTracking()=true isCanceled()=false hasCallback=false
2026-02-10 14:19:16.391 32287-1403  XTC                     com.fishit.player.v2                 D  [VOD] DTO→Raw #5350 | id=xtream:vod:389056 | title="Naked Singularity (2021)" | sourceType=XTREAM | Fields: ✓[year=2021, poster] ✗[plot, cast, director, backdrop, duration, tmdb]
2026-02-10 14:19:16.462 32287-1403  NxWorkRepository        com.fishit.player.v2                 I  observeByType EMITTING: type=SERIES, count=50
2026-02-10 14:19:16.463 32287-32310 ishit.player.v2         com.fishit.player.v2                 I  Background concurrent copying GC freed 630265(30MB) AllocSpace objects, 0(0B) LOS objects, 35% free, 43MB/67MB, paused 240us,229us total 386.719ms
2026-02-10 14:19:16.471 32287-32528 NxWorkRepository        com.fishit.player.v2                 I  observeByType EMITTING: type=MOVIE, count=50
2026-02-10 14:19:16.890 32287-32310 ishit.player.v2         com.fishit.player.v2                 I  Background young concurrent copying GC freed 439122(14MB) AllocSpace objects, 0(0B) LOS objects, 0% free, 69MB/69MB, paused 930us,154us total 212.038ms
2026-02-10 14:19:17.064 32287-3118  XTC                     com.fishit.player.v2                 D  [VOD] DTO→Raw #5400 | id=xtream:vod:389107 | title="Prinzessinnentausch 3 - Auf der Jagd nac" | sourceType=XTREAM | Fields: ✓[year=2021, poster] ✗[plot, cast, director, backdrop, duration, tmdb]
2026-02-10 14:19:17.273 32287-32310 ishit.player.v2         com.fishit.player.v2                 I  Background concurrent copying GC freed 662616(33MB) AllocSpace objects, 1(48KB) LOS objects, 25% free, 70MB/94MB, paused 542us,159us total 379.545ms
2026-02-10 14:19:17.954 32287-32310 ishit.player.v2         com.fishit.player.v2                 I  Background young concurrent copying GC freed 611272(21MB) AllocSpace objects, 0(0B) LOS objects, 0% free, 108MB/108MB, paused 299us,168us total 424.704ms
2026-02-10 14:19:17.995 32287-3118  XTC                     com.fishit.player.v2                 D  [VOD] DTO→Raw #5450 | id=xtream:vod:389159 | title="Single All the Way (2021)" | sourceType=XTREAM | Fields: ✓[year=2021, poster] ✗[plot, cast, director, backdrop, duration, tmdb]
2026-02-10 14:19:18.167 32287-32287 ViewRootIm...nActivity] com.fishit.player.v2                 I  ViewPostIme pointer 0
2026-02-10 14:19:18.238 32287-32287 ViewRootIm...nActivity] com.fishit.player.v2                 I  ViewPostIme pointer 1
2026-02-10 14:19:18.466 32287-32310 ishit.player.v2         com.fishit.player.v2                 I  Background concurrent copying GC freed 1314087(73MB) AllocSpace objects, 0(0B) LOS objects, 25% free, 71MB/95MB, paused 423us,161us total 508.872ms
2026-02-10 14:19:18.666 32287-32596 XTC                     com.fishit.player.v2                 D  [VOD] DTO→Raw #5500 | id=xtream:vod:389210 | title="The Djinn (2021)" | sourceType=XTREAM | Fields: ✓[year=2021, poster] ✗[plot, cast, director, backdrop, duration, tmdb]
2026-02-10 14:19:18.676 32287-32596 NxWorkRepository        com.fishit.player.v2                 I  observeByType EMITTING: type=MOVIE, count=50
2026-02-10 14:19:19.102 32287-32591 XTC                     com.fishit.player.v2                 D  [VOD] DTO→Raw #5550 | id=xtream:vod:389262 | title="The Seventh Day (2021)" | sourceType=XTREAM | Fields: ✓[year=2021, poster] ✗[plot, cast, director, backdrop, duration, tmdb]
2026-02-10 14:19:19.110 32287-32591 XtreamSyncService       com.fishit.player.v2                 D  Progress: vod=5500, series=6557, live=11629
2026-02-10 14:19:19.129 32287-32287 ViewRootIm...nActivity] com.fishit.player.v2                 I  ViewPostIme pointer 0
2026-02-10 14:19:19.148 32287-32310 ishit.player.v2         com.fishit.player.v2                 I  Background young concurrent copying GC freed 572925(19MB) AllocSpace objects, 0(0B) LOS objects, 0% free, 109MB/109MB, paused 296us,138us total 402.065ms
2026-02-10 14:19:19.171 32287-32287 ViewRootIm...nActivity] com.fishit.player.v2                 I  ViewPostIme pointer 1
2026-02-10 14:19:19.765 32287-3118  XTC                     com.fishit.player.v2                 D  [VOD] DTO→Raw #5600 | id=xtream:vod:389314 | title="Vier Gäste (2022)" | sourceType=XTREAM | Fields: ✓[year=2022, poster] ✗[plot, cast, director, backdrop, duration, tmdb]
2026-02-10 14:19:19.786 32287-32310 ishit.player.v2         com.fishit.player.v2                 I  Background concurrent copying GC freed 1427224(68MB) AllocSpace objects, 0(0B) LOS objects, 21% free, 85MB/109MB, paused 177us,330us total 637.958ms
2026-02-10 14:19:20.224 32287-3118  XTC                     com.fishit.player.v2                 D  [VOD] DTO→Raw #5650 | id=xtream:vod:799720 | title="Indiana Jones und das Königreich des Kri" | sourceType=XTREAM | Fields: ✓[year=2008, poster] ✗[plot, cast, director, backdrop, duration, tmdb]
2026-02-10 14:19:20.337 32287-32310 ishit.player.v2         com.fishit.player.v2                 I  Background young concurrent copying GC freed 716367(29MB) AllocSpace objects, 0(0B) LOS objects, 10% free, 98MB/109MB, paused 1.654ms,194us total 253.326ms
2026-02-10 14:19:20.359 32287-1403  NxWorkRepository        com.fishit.player.v2                 I  observeByType EMITTING: type=MOVIE, count=50
2026-02-10 14:19:20.586 32287-3118  NxWorkRepository        com.fishit.player.v2                 I  observeByType EMITTING: type=MOVIE, count=50
2026-02-10 14:19:20.623 32287-32528 XTC                     com.fishit.player.v2                 D  [VOD] DTO→Raw #5700 | id=xtream:vod:785417 | title="Rush Hour 2 | 2001 |  6.7 " | sourceType=XTREAM | Fields: ✓[year=2001, poster] ✗[plot, cast, director, backdrop, duration, tmdb]
2026-02-10 14:19:21.196 32287-1403  XTC                     com.fishit.player.v2                 D  [VOD] DTO→Raw #5750 | id=xtream:vod:757848 | title="Underworld - Aufstand der Lykaner | 2009" | sourceType=XTREAM | Fields: ✓[year=2009, poster] ✗[plot, cast, director, backdrop, duration, tmdb]
2026-02-10 14:19:21.337 32287-32310 ishit.player.v2         com.fishit.player.v2                 I  Background concurrent copying GC freed 1321283(69MB) AllocSpace objects, 0(0B) LOS objects, 18% free, 106MB/130MB, paused 267us,113us total 896.347ms
2026-02-10 14:19:21.354 32287-32287 DetailEnrichment        com.fishit.player.v2                 D  enrichFromXtream: delegating to UnifiedDetailLoader for sourceKey=src:xtream:xtream:Christoph10@konigtv.com:xtream:vod:791354 (PLATIN)
2026-02-10 14:19:21.356 32287-32287 ApiPriority             com.fishit.player.v2                 D  ⬆️ HIGH_PRIORITY started: DetailLoad:vod:791354 (active=1)
2026-02-10 14:19:21.357 32287-32287 UnifiedDetailLoader     com.fishit.player.v2                 D  loadVodDetailInternal: fetching vodId=791354
2026-02-10 14:19:21.636 32287-32596 HttpClient              com.fishit.player.v2                 D  HTTP 200 for konigtv.com/player_api.php | bytes=3881 contentType=application/json
2026-02-10 14:19:21.637 32287-32596 HttpClient              com.fishit.player.v2                 D  Response received for konigtv.com/player_api.php (3881 chars)
2026-02-10 14:19:21.754 32287-32287 UnifiedDetailLoader     com.fishit.player.v2                 I  loadDetailDeduped: completed in 398ms for vod:791354 hasData=true
2026-02-10 14:19:21.755 32287-32287 ApiPriority             com.fishit.player.v2                 D  ⬇️ HIGH_PRIORITY ended: DetailLoad:vod:791354 (active=0)
2026-02-10 14:19:21.776 32287-1401  NxWorkRepository        com.fishit.player.v2                 I  observeByType EMITTING: type=MOVIE, count=50
2026-02-10 14:19:21.939 32287-1438  XTC                     com.fishit.player.v2                 D  [VOD] DTO→Raw #5800 | id=xtream:vod:757415 | title="Wrong Turn 4: Bloody Beginnings | 2011 |" | sourceType=XTREAM | Fields: ✓[year=2011, poster] ✗[plot, cast, director, backdrop, duration, tmdb]
2026-02-10 14:19:21.953 32287-1406  NxWorkRepository        com.fishit.player.v2                 I  observeByType EMITTING: type=MOVIE, count=50
2026-02-10 14:19:22.011 32287-32310 ishit.player.v2         com.fishit.player.v2                 I  Background young concurrent copying GC freed 786517(26MB) AllocSpace objects, 0(0B) LOS objects, 0% free, 136MB/136MB, paused 151us,259us total 422.032ms
2026-02-10 14:19:22.419 32287-32590 XTC                     com.fishit.player.v2                 D  [VOD] DTO→Raw #5850 | id=xtream:vod:756711 | title="Hellraiser - Das Tor zur Hölle | 1987 | " | sourceType=XTREAM | Fields: ✓[year=1987, poster] ✗[plot, cast, director, backdrop, duration, tmdb]
2026-02-10 14:19:22.539 32287-32310 ishit.player.v2         com.fishit.player.v2                 I  Background concurrent copying GC freed 1994243(103MB) AllocSpace objects, 0(0B) LOS objects, 23% free, 76MB/100MB, paused 175us,164us total 511.345ms
2026-02-10 14:19:23.113 32287-1406  XTC                     com.fishit.player.v2                 D  [VOD] DTO→Raw #5900 | id=xtream:vod:727648 | title="Lethal Weapon 2 - Brennpunkt L.A. | 1989" | sourceType=XTREAM | Fields: ✓[year=1989, poster] ✗[plot, cast, director, backdrop, duration, tmdb]
2026-02-10 14:19:23.343 32287-32310 ishit.player.v2         com.fishit.player.v2                 I  Background young concurrent copying GC freed 646163(23MB) AllocSpace objects, 0(0B) LOS objects, 0% free, 114MB/114MB, paused 270us,305us total 523.033ms
2026-02-10 14:19:23.673 32287-1406  XTC                     com.fishit.player.v2                 D  [VOD] DTO→Raw #5950 | id=xtream:vod:669425 | title="Die Familie Claus | 2020 | 5.9" | sourceType=XTREAM | Fields: ✓[year=2020, poster] ✗[plot, cast, director, backdrop, duration, tmdb]
2026-02-10 14:19:24.011 32287-32310 ishit.player.v2         com.fishit.player.v2                 I  Background concurrent copying GC freed 1073434(55MB) AllocSpace objects, 0(0B) LOS objects, 18% free, 103MB/127MB, paused 168us,263us total 662.966ms
2026-02-10 14:19:24.410 32287-1406  XTC                     com.fishit.player.v2                 D  [VOD] DTO→Raw #6000 | id=xtream:vod:391916 | title="Fright Night 2 - Frisches Blut (2013)" | sourceType=XTREAM | Fields: ✓[year=2013, poster] ✗[plot, cast, director, backdrop, duration, tmdb]
2026-02-10 14:19:24.526 32287-32287 DetailEnrichment        com.fishit.player.v2                 D  enrichFromXtream: success via UnifiedDetailLoader, hasPlot=false
2026-02-10 14:19:24.526 32287-32287 DetailEnrichment        com.fishit.player.v2                 I  enrichIfNeededInternal: completed in 3172ms canonicalId=movie:heuristic:schwarzeschafe-2025 hasPlot=false source=xtream
2026-02-10 14:19:24.528 32287-32287 ApiPriority             com.fishit.player.v2                 D  ⬆️ HIGH_PRIORITY started: DetailLoad:vod:791354 (active=1)
2026-02-10 14:19:24.529 32287-32287 UnifiedDetailLoader     com.fishit.player.v2                 D  loadVodDetailInternal: fetching vodId=791354
2026-02-10 14:19:24.706 32287-32310 ishit.player.v2         com.fishit.player.v2                 I  Background young concurrent copying GC freed 659107(22MB) AllocSpace objects, 0(0B) LOS objects, 0% free, 137MB/137MB, paused 273us,317us total 445.799ms
2026-02-10 14:19:24.885 32287-32589 NxWorkRepository        com.fishit.player.v2                 I  observeByType EMITTING: type=MOVIE, count=50
2026-02-10 14:19:24.998 32287-1406  XtreamSyncService       com.fishit.player.v2                 D  Progress: vod=6000, series=6557, live=11629
2026-02-10 14:19:25.006 32287-1406  XTC                     com.fishit.player.v2                 D  [VOD] DTO→Raw #6050 | id=xtream:vod:391976 | title="Terminator (1984)" | sourceType=XTREAM | Fields: ✓[year=1984, poster] ✗[plot, cast, director, backdrop, duration, tmdb]
2026-02-10 14:19:25.007 32287-32596 HttpClient              com.fishit.player.v2                 D  HTTP 200 for konigtv.com/player_api.php | bytes=3881 contentType=application/json
2026-02-10 14:19:25.012 32287-32596 HttpClient              com.fishit.player.v2                 D  Response received for konigtv.com/player_api.php (3881 chars)
2026-02-10 14:19:25.062 32287-32287 UnifiedDetailLoader     com.fishit.player.v2                 I  loadDetailDeduped: completed in 534ms for vod:791354 hasData=true
2026-02-10 14:19:25.062 32287-32287 ApiPriority             com.fishit.player.v2                 D  ⬇️ HIGH_PRIORITY ended: DetailLoad:vod:791354 (active=0)
2026-02-10 14:19:25.063 32287-32287 UnifiedDetailVM         com.fishit.player.v2                 D  applyVodBundle: vodId=791354 containerExtension=mkv
2026-02-10 14:19:25.063 32287-32287 UnifiedDetailVM         com.fishit.player.v2                 I  loadDetailWithUnifiedLoader: completed in 535ms type=Vod
2026-02-10 14:19:25.316 32287-32596 NxWorkRepository        com.fishit.player.v2                 I  observeByType EMITTING: type=MOVIE, count=50
2026-02-10 14:19:25.398 32287-32310 ishit.player.v2         com.fishit.player.v2                 I  Background concurrent copying GC freed 1951698(101MB) AllocSpace objects, 0(0B) LOS objects, 20% free, 91MB/115MB, paused 218us,97us total 692.146ms
2026-02-10 14:19:25.952 32287-1401  XTC                     com.fishit.player.v2                 D  [VOD] DTO→Raw #6100 | id=xtream:vod:434443 | title="Pepe, der Paukerschreck (1969)" | sourceType=XTREAM | Fields: ✓[year=1969, poster] ✗[plot, cast, director, backdrop, duration, tmdb]
2026-02-10 14:19:26.113 32287-32310 ishit.player.v2         com.fishit.player.v2                 I  Background young concurrent copying GC freed 675087(23MB) AllocSpace objects, 4(80KB) LOS objects, 0% free, 130MB/130MB, paused 226us,223us total 452.007ms
2026-02-10 14:19:26.640 32287-32287 ViewRootIm...nActivity] com.fishit.player.v2                 I  ViewPostIme pointer 0
2026-02-10 14:19:26.700 32287-32287 ViewRootIm...nActivity] com.fishit.player.v2                 I  ViewPostIme pointer 1
2026-02-10 14:19:26.705 32287-32287 UnifiedDetailVM         com.fishit.player.v2                 D  play: canonicalId=movie:heuristic:schwarzeschafe-2025 sourceKey=src:xtream:xtream:Christoph10@konigtv.com:xtream:vod:791354 missingHints=[]
2026-02-10 14:19:26.818 32287-32310 ishit.player.v2         com.fishit.player.v2                 I  Background concurrent copying GC freed 1958221(104MB) AllocSpace objects, 0(0B) LOS objects, 20% free, 94MB/118MB, paused 207us,448us total 701.740ms
2026-02-10 14:19:26.835 32287-32596 XTC                     com.fishit.player.v2                 D  [VOD] DTO→Raw #6150 | id=xtream:vod:434516 | title="Ginger Snaps - Das Biest in dir (2000)" | sourceType=XTREAM | Fields: ✓[year=2000, poster] ✗[plot, cast, director, backdrop, duration, tmdb]
2026-02-10 14:19:26.850 32287-32596 StreamingJsonParser     com.fishit.player.v2                 W  streamInBatches mapper error #1: timeout
2026-02-10 14:19:26.851 32287-32596 XtreamStreamFetcher     com.fishit.player.v2                 W  streamContentInBatches(get_movie_streams): streamFromUrl FAILED for alias=vod catId=0 | SocketException: Socket closed
2026-02-10 14:19:26.856 32287-32596 XtreamStreamFetcher     com.fishit.player.v2                 D  streamFromUrl: CALLED for http://konigtv.com:8080/player_api.php?action=get_movies_streams&category_id=0&username=***&password=***
2026-02-10 14:19:26.865 32287-32287 PlayerNavViewModel      com.fishit.player.v2                 D  Using pending playback: movie:heuristic:schwarzeschafe-2025
2026-02-10 14:19:27.004 32287-32287 PlayerUiViewModel       com.fishit.player.v2                 D  player.ui.start.requested: canonicalId=movie:heuristic:schwarzeschafe-2025
2026-02-10 14:19:27.009 32287-32287 InternalPlayerEntryImpl com.fishit.player.v2                 D  Starting playback: movie:heuristic:schwarzeschafe-2025
2026-02-10 14:19:27.026 32287-32287 SubtitleTrackManager    com.fishit.player.v2                 D  Detached from player
2026-02-10 14:19:27.027 32287-32287 AudioTrackManager       com.fishit.player.v2                 D  Detached from player
2026-02-10 14:19:27.028 32287-32287 InternalPlayerSession   com.fishit.player.v2                 D  Initializing playback: movie:heuristic:schwarzeschafe-2025
2026-02-10 14:19:27.084 32287-32287 PlaybackSourceResolver  com.fishit.player.v2                 D  Resolving source for: movie:heuristic:schwarzeschafe-2025 (XTREAM)
2026-02-10 14:19:27.088 32287-32287 PlaybackSourceResolver  com.fishit.player.v2                 D  Using factory: XtreamPlaybackSourceFactoryImpl
2026-02-10 14:19:27.090 32287-32287 XtreamPlaybackFactory   com.fishit.player.v2                 D  Creating source for: movie:heuristic:schwarzeschafe-2025
2026-02-10 14:19:27.090 32287-32287 XtreamPlaybackFactory   com.fishit.player.v2                 D  resolveOutputExtension: contentType=vod, containerExt=mkv, hasNewKey=true, hasLegacyKey=false
2026-02-10 14:19:27.091 32287-32287 XtreamPlaybackFactory   com.fishit.player.v2                 I  vod: Using file containerExtension: mkv (SSOT)
2026-02-10 14:19:27.092 32287-32287 XtreamPlaybackFactory   com.fishit.player.v2                 D  Built stream URL for vod content with extension: mkv
2026-02-10 14:19:27.094 32287-32287 PlaybackSourceResolver  com.fishit.player.v2                 D  Selected dataSourceType=XTREAM_HTTP for canonicalId=movie:heuristic:schwarzeschafe-2025
2026-02-10 14:19:27.095 32287-32287 InternalPlayerSession   com.fishit.player.v2                 D  Source resolved: uri=http://konigtv.com:8080/vod/Christoph10/JQ2rKsQ744/791354.mkv, mimeType=video/x-matroska, headers=[User-Agent, Accept, Accept-Encoding, Icy-MetaData, Referer], dataSourceType=XTREAM_HTTP
2026-02-10 14:19:27.104 32287-32596 XtreamStreamFetcher     com.fishit.player.v2                 D  streamFromUrl: Starting StreamingJsonParser.streamInBatches() for http://konigtv.com:8080/player_api.php?action=get_movies_streams&category_id=0&username=***&password=***
2026-02-10 14:19:27.110 32287-32596 XtreamStreamFetcher     com.fishit.player.v2                 D  StreamBatch: 0 items in 0 batches (6ms) | errors=0
2026-02-10 14:19:27.114 32287-32596 XtreamStreamFetcher     com.fishit.player.v2                 W  streamFromUrl: ZERO items parsed from http://konigtv.com:8080/player_api.php?action=get_movies_streams&category_id=0&username=***&password=*** | batchCount=0 errors=0
2026-02-10 14:19:27.118 32287-32596 XtreamStreamFetcher     com.fishit.player.v2                 D  streamFromUrl: CALLED for http://konigtv.com:8080/player_api.php?action=get_movie_streams&username=***&password=***
2026-02-10 14:19:27.119 32287-32287 InternalPlayerSession   com.fishit.player.v2                 D  Set MediaItem MIME type: video/x-matroska
2026-02-10 14:19:27.136 32287-32287 InternalPlayerSession   com.fishit.player.v2                 D  Using Xtream HTTP DataSource = OkHttpDataSource.Factory (redirect-safe)
2026-02-10 14:19:27.154 32287-32287 NextlibCodecs           com.fishit.player.v2                 I  Creating NextLib FFmpeg renderers factory
2026-02-10 14:19:27.168 32287-32287 NextlibCodecs           com.fishit.player.v2                 D  NextRenderersFactory configured with FFmpeg decoders for: Audio(Vorbis, Opus, FLAC, ALAC, MP3, AAC, AC3, EAC3, DTS, TrueHD), Video(H.264, HEVC, VP8, VP9)
2026-02-10 14:19:27.170 32287-32287 InternalPlayerSession   com.fishit.player.v2                 I  SIP using NextLib NextRenderersFactory for FFmpeg codecs
2026-02-10 14:19:27.244 32287-32287 ExoPlayerImpl           com.fishit.player.v2                 I  Init 27b6444 [AndroidXMedia3/1.8.0] [o1s, SM-G991B, samsung, 34]
2026-02-10 14:19:27.334 32287-32287 ishit.player.v2         com.fishit.player.v2                 W  Accessing hidden method Landroid/media/AudioTrack;->getLatency()I (unsupported, reflection, allowed)
2026-02-10 14:19:27.428 32287-32287 SubtitleTrackManager    com.fishit.player.v2                 I  Discovered 0 subtitle tracks
2026-02-10 14:19:27.428 32287-32287 SubtitleTrackManager    com.fishit.player.v2                 D  Attached to player
2026-02-10 14:19:27.428 32287-32287 AudioTrackManager       com.fishit.player.v2                 I  Discovered 0 audio tracks
2026-02-10 14:19:27.429 32287-32310 ishit.player.v2         com.fishit.player.v2                 I  Background young concurrent copying GC freed 753171(26MB) AllocSpace objects, 0(0B) LOS objects, 6% free, 110MB/118MB, paused 253us,158us total 320.607ms
2026-02-10 14:19:27.430 32287-32287 AudioTrackManager       com.fishit.player.v2                 D  Attached to player (preferredLang=null, surround=true)
2026-02-10 14:19:27.431 32287-32287 InternalPlayerEntryImpl com.fishit.player.v2                 D  Playback started: movie:heuristic:schwarzeschafe-2025
2026-02-10 14:19:27.432 32287-32287 PlayerUiViewModel       com.fishit.player.v2                 D  player.ui.start.succeeded: canonicalId=movie:heuristic:schwarzeschafe-2025
2026-02-10 14:19:27.438 32287-32596 XtreamStreamFetcher     com.fishit.player.v2                 D  streamFromUrl: Starting StreamingJsonParser.streamInBatches() for http://konigtv.com:8080/player_api.php?action=get_movie_streams&username=***&password=***
2026-02-10 14:19:27.443 32287-32596 XtreamStreamFetcher     com.fishit.player.v2                 D  StreamBatch: 0 items in 0 batches (5ms) | errors=0
2026-02-10 14:19:27.450 32287-3640  XtreamHttpDataSource    com.fishit.player.v2                 D  Chucker not available (disabled via compile-time gating)
2026-02-10 14:19:27.451 32287-32596 XtreamStreamFetcher     com.fishit.player.v2                 W  streamFromUrl: ZERO items parsed from http://konigtv.com:8080/player_api.php?action=get_movie_streams&username=***&password=*** | batchCount=0 errors=0
2026-02-10 14:19:27.461 32287-32596 XtreamStreamFetcher     com.fishit.player.v2                 D  streamFromUrl: CALLED for http://konigtv.com:8080/player_api.php?action=get_vod_streams&username=***&password=***
2026-02-10 14:19:27.479 32287-1358  TrafficStats            com.fishit.player.v2                 D  tagSocket(235) with statsTag=0xffffffff, statsUid=-1
2026-02-10 14:19:27.587 32287-3642  XtreamHttpDataSource    com.fishit.player.v2                 D  → Xtream HTTP request: GET http://konigtv.com:8080/vod/Christoph10/JQ2rKsQ744/791354.mkv
2026-02-10 14:19:27.666 32287-3642  XtreamHttpDataSource    com.fishit.player.v2                 W  ← Xtream HTTP error: 404 Not Found
2026-02-10 14:19:27.688 32287-3642  XtreamHttpDataSource    com.fishit.player.v2                 D  → Xtream HTTP request: GET http://konigtv.com:8080/vod/Christoph10/JQ2rKsQ744/791354.mkv
2026-02-10 14:19:27.689 32287-32287 Compatibil...geReporter com.fishit.player.v2                 D  Compat change id reported: 210923482; UID 10516; state: ENABLED
2026-02-10 14:19:27.693 32287-32287 SurfaceView@2cc8152     com.fishit.player.v2                 D  46956882 updateSurface: has no frame
2026-02-10 14:19:27.745 32287-3642  XtreamHttpDataSource    com.fishit.player.v2                 W  ← Xtream HTTP error: 404 Not Found
2026-02-10 14:19:27.859 32287-32287 SurfaceView@2cc8152     com.fishit.player.v2                 I  onWindowVisibilityChanged(0) true android.view.SurfaceView{2cc8152 V.E...... ......I. 0,0-0,0} of ViewRootImpl@8c1f69[MainActivity]
2026-02-10 14:19:27.859 32287-32287 SurfaceView@2cc8152     com.fishit.player.v2                 D  46956882 updateSurface: has no frame
2026-02-10 14:19:27.868 32287-32287 AnimatorSet             com.fishit.player.v2                 D  mReversing is false. Don't call initChildren.
2026-02-10 14:19:27.869 32287-32287 AnimatorSet             com.fishit.player.v2                 D  mReversing is false. Don't call initChildren.
2026-02-10 14:19:27.909 32287-32287 BLASTBufferQueue_Java   com.fishit.player.v2                 I  update, w= 1080 h= 2400 mName = ViewRootImpl@8c1f69[MainActivity] mNativeObject= 0xb4000075006ae890 sc.mNativeObject= 0xb4000072e069fc50 format= -3 caller= android.view.ViewRootImpl.updateBlastSurfaceIfNeeded:3017 android.view.ViewRootImpl.relayoutWindow:10131 android.view.ViewRootImpl.performTraversals:4110 android.view.ViewRootImpl.doTraversal:3288 android.view.ViewRootImpl$TraversalRunnable.run:11344 android.view.Choreographer$CallbackRecord.run:1689
2026-02-10 14:19:27.909 32287-32287 ViewRootIm...nActivity] com.fishit.player.v2                 I  Relayout returned: old=(0,0,1080,2400) new=(0,0,1080,2400) relayoutAsync=true req=(1080,2400)0 dur=0 res=0x0 s={true 0xb4000074206dcbe0} ch=false seqId=0
2026-02-10 14:19:27.916 32287-32287 SurfaceView@2cc8152     com.fishit.player.v2                 D  46956882 updateSurface: has no frame
2026-02-10 14:19:27.929 32287-32287 SurfaceView             com.fishit.player.v2                 I  46956882 Changes: creating=true format=true size=true visible=true alpha=false hint=false visible=true left=true top=true z=false attached=true lifecycleStrategy=true
2026-02-10 14:19:27.939 32287-32287 BLASTBufferQueue_Java   com.fishit.player.v2                 I  update, w= 1080 h= 2400 mName = null mNativeObject= 0xb4000075006f8c10 sc.mNativeObject= 0xb4000072e06b7890 format= 4 caller= android.view.SurfaceView.createBlastSurfaceControls:1517 android.view.SurfaceView.updateSurface:1193 android.view.SurfaceView.lambda$new$0:258 android.view.SurfaceView.$r8$lambda$cm3nmzErr-srXoT_KjIYQgdhFN0:0 android.view.SurfaceView$$ExternalSyntheticLambda2.onPreDraw:2 android.view.ViewTreeObserver.dispatchOnPreDraw:1204
2026-02-10 14:19:27.941 32287-32287 SurfaceView@2cc8152     com.fishit.player.v2                 I  46956882 Cur surface: Surface(name=null)/@0x1ae7e1c
2026-02-10 14:19:27.941 32287-32287 SurfaceView@2cc8152     com.fishit.player.v2                 I  pST: sr = Rect(0, 0 - 1080, 2400) sw = 1080 sh = 2400
2026-02-10 14:19:27.942 32287-32287 SurfaceView@2cc8152     com.fishit.player.v2                 D  46956882 performSurfaceTransaction RenderWorker position = [0, 0, 1080, 2400] surfaceSize = 1080x2400
2026-02-10 14:19:27.942 32287-32287 SurfaceView@2cc8152     com.fishit.player.v2                 I  updateSurface: mVisible = true mSurface.isValid() = true
2026-02-10 14:19:27.942 32287-32287 SurfaceView@2cc8152     com.fishit.player.v2                 I  updateSurface: mSurfaceCreated = false surfaceChanged = true visibleChanged = true
2026-02-10 14:19:27.942 32287-32287 SurfaceView             com.fishit.player.v2                 I  46956882 visibleChanged -- surfaceCreated
2026-02-10 14:19:27.942 32287-32287 SurfaceView@2cc8152     com.fishit.player.v2                 I  surfaceCreated 1 #8 android.view.SurfaceView{2cc8152 V.E...... ......ID 0,0-1080,2400}
2026-02-10 14:19:27.942 32287-32287 SurfaceView             com.fishit.player.v2                 I  46956882 surfaceChanged -- format=4 w=1080 h=2400
2026-02-10 14:19:27.942 32287-32287 SurfaceView@2cc8152     com.fishit.player.v2                 I  surfaceChanged (1080,2400) 1 #8 android.view.SurfaceView{2cc8152 V.E...... ......ID 0,0-1080,2400}
2026-02-10 14:19:27.943 32287-32287 SurfaceView             com.fishit.player.v2                 I  46956882 surfaceRedrawNeeded
2026-02-10 14:19:27.948 32287-32287 SurfaceView             com.fishit.player.v2                 I  46956882 finishedDrawing
2026-02-10 14:19:27.950 32287-32287 SurfaceView@2cc8152     com.fishit.player.v2                 V  Layout: x=0 y=0 w=1080 h=2400, frame=Rect(0, 0 - 1080, 2400)
2026-02-10 14:19:27.951 32287-32287 ViewRootIm...nActivity] com.fishit.player.v2                 I  registerCallbackForPendingTransactions
2026-02-10 14:19:27.982 32287-32604 SurfaceView             com.fishit.player.v2                 D  46956882 updateSurfacePosition RenderWorker, frameNr = 458, position = [0, 0, 1080, 2400] surfaceSize = 1080x2400
2026-02-10 14:19:27.982 32287-32604 SurfaceView@2cc8152     com.fishit.player.v2                 I  uSP: rtp = Rect(0, 0 - 1080, 2400) rtsw = 1080 rtsh = 2400
2026-02-10 14:19:27.982 32287-32604 SurfaceView@2cc8152     com.fishit.player.v2                 I  onSSPAndSRT: pl = 0 pt = 0 sx = 1.0 sy = 1.0
2026-02-10 14:19:27.982 32287-32604 SurfaceView@2cc8152     com.fishit.player.v2                 I  aOrMT: ViewRootImpl@8c1f69[MainActivity] t = android.view.SurfaceControl$Transaction@4a1e9bd fN = 458 android.view.SurfaceView.-$$Nest$mapplyOrMergeTransaction:0 android.view.SurfaceView$SurfaceViewPositionUpdateListener.positionChanged:1666 android.graphics.RenderNode$CompositePositionUpdateListener.positionChanged:369
2026-02-10 14:19:27.982 32287-32604 ViewRootIm...nActivity] com.fishit.player.v2                 I  mWNT: t=0xb4000072d06a79d0 mBlastBufferQueue=0xb4000075006ae890 fn= 458 mRenderHdrSdrRatio=1.0 caller= android.view.SurfaceView.applyOrMergeTransaction:1598 android.view.SurfaceView.-$$Nest$mapplyOrMergeTransaction:0 android.view.SurfaceView$SurfaceViewPositionUpdateListener.positionChanged:1666
2026-02-10 14:19:27.983 32287-32674 ViewRootIm...nActivity] com.fishit.player.v2                 I  mWNT: t=0xb4000072d06db2d0 mBlastBufferQueue=0xb4000075006ae890 fn= 458 mRenderHdrSdrRatio=1.0 caller= android.view.ViewRootImpl$6.onFrameDraw:5635 android.view.ViewRootImpl$2.onFrameDraw:2146 android.view.ThreadedRenderer$1.onFrameDraw:792
2026-02-10 14:19:27.998 32287-32287 Choreographer           com.fishit.player.v2                 I  Skipped 33 frames!  The application may be doing too much work on its main thread.
2026-02-10 14:19:28.051 32287-32314 OpenGLRenderer          com.fishit.player.v2                 I  Davey! duration=943ms; Flags=0, FrameTimelineVsyncId=27618191, IntendedVsync=190244985041167, Vsync=190245335304367, InputEventId=0, HandleInputStart=190245348583539, AnimationStart=190245348590231, PerformTraversalsStart=190245794147808, DrawStart=190245863771538, FrameDeadline=190245035096707, FrameInterval=190245347347385, FrameStartTime=16679200, SyncQueued=190245893442269, SyncStart=190245893494615, IssueDrawCommandsStart=190245895080654, SwapBuffers=190245926238615, FrameCompleted=190245928787269, DequeueBufferDuration=13654, QueueBufferDuration=371577, GpuCompleted=190245928787269, SwapBuffersCompleted=190245928119808, DisplayPresentTime=190183134115352, CommandSubmissionCompleted=190245926238615,
2026-02-10 14:19:28.091 32287-32310 ishit.player.v2         com.fishit.player.v2                 I  Background concurrent copying GC freed 1078093(57MB) AllocSpace objects, 0(0B) LOS objects, 21% free, 89MB/113MB, paused 324us,170us total 558.312ms
2026-02-10 14:19:28.771 32287-3642  XtreamHttpDataSource    com.fishit.player.v2                 D  → Xtream HTTP request: GET http://konigtv.com:8080/vod/Christoph10/JQ2rKsQ744/791354.mkv
2026-02-10 14:19:28.845 32287-3642  XtreamHttpDataSource    com.fishit.player.v2                 W  ← Xtream HTTP error: 404 Not Found
2026-02-10 14:19:29.132 32287-32310 ishit.player.v2         com.fishit.player.v2                 I  Background young concurrent copying GC freed 440577(14MB) AllocSpace objects, 0(0B) LOS objects, 0% free, 143MB/143MB, paused 404us,278us total 574.324ms
2026-02-10 14:19:29.263 32287-32596 XtreamStreamFetcher     com.fishit.player.v2                 D  streamFromUrl: Starting StreamingJsonParser.streamInBatches() for http://konigtv.com:8080/player_api.php?action=get_vod_streams&username=***&password=***
2026-02-10 14:19:29.362 32287-32596 XTC                     com.fishit.player.v2                 D  [VOD] DTO→Raw #6200 | id=xtream:vod:803349 | title="Pretty Thing | 2025 | 5.4" | sourceType=XTREAM | Fields: ✓[year=2025, poster] ✗[plot, cast, director, backdrop, duration, tmdb]
2026-02-10 14:19:29.383 32287-32596 XTC                     com.fishit.player.v2                 D  [VOD] DTO→Raw #6250 | id=xtream:vod:800915 | title="Preparation for the Next Life | 2025 | 5" | sourceType=XTREAM | Fields: ✓[year=2025, poster] ✗[plot, cast, director, backdrop, duration, tmdb]
2026-02-10 14:19:29.522 32287-1403  XTC                     com.fishit.player.v2                 D  [VOD] DTO→Raw #6300 | id=xtream:vod:799208 | title="My Secret Santa | 2025 | 7.8" | sourceType=XTREAM | Fields: ✓[year=2025, poster] ✗[plot, cast, director, backdrop, duration, tmdb]
2026-02-10 14:19:29.833 32287-32310 ishit.player.v2         com.fishit.player.v2                 I  Background concurrent copying GC freed 2167626(111MB) AllocSpace objects, 0(0B) LOS objects, 22% free, 83MB/107MB, paused 151us,2.046ms total 699.854ms
2026-02-10 14:19:30.035 32287-3118  XTC                     com.fishit.player.v2                 D  [VOD] DTO→Raw #6350 | id=xtream:vod:797866 | title="Trail of Vengeance | 2025 | 5.2 |" | sourceType=XTREAM | Fields: ✓[year=2025, poster] ✗[plot, cast, director, backdrop, duration, tmdb]
2026-02-10 14:19:30.326 32287-32310 ishit.player.v2         com.fishit.player.v2                 I  Background young concurrent copying GC freed 420587(13MB) AllocSpace objects, 0(0B) LOS objects, 0% free, 116MB/116MB, paused 337us,110us total 283.141ms
2026-02-10 14:19:30.428 32287-32310 ishit.player.v2         com.fishit.player.v2                 I  Background concurrent copying GC freed 1669536(98MB) AllocSpace objects, 0(0B) LOS objects, 49% free, 21MB/43MB, paused 77us,54us total 102.028ms
2026-02-10 14:19:30.451 32287-32529 XTC                     com.fishit.player.v2                 D  [VOD] DTO→Raw #6400 | id=xtream:vod:795298 | title="Stans | 2025 | 7.1 |" | sourceType=XTREAM | Fields: ✓[year=2025, poster] ✗[plot, cast, director, backdrop, duration, tmdb]
2026-02-10 14:19:30.720 32287-1401  XTC                     com.fishit.player.v2                 D  [VOD] DTO→Raw #6450 | id=xtream:vod:792994 | title="Scurry | 2025 | 6.5 |" | sourceType=XTREAM | Fields: ✓[year=2025, poster] ✗[plot, cast, director, backdrop, duration, tmdb]
2026-02-10 14:19:30.858 32287-3642  XtreamHttpDataSource    com.fishit.player.v2                 D  → Xtream HTTP request: GET http://konigtv.com:8080/vod/Christoph10/JQ2rKsQ744/791354.mkv
2026-02-10 14:19:30.906 32287-3642  XtreamHttpDataSource    com.fishit.player.v2                 W  ← Xtream HTTP error: 404 Not Found
2026-02-10 14:19:30.924 32287-3640  ExoPlayerImplInternal   com.fishit.player.v2                 E  Playback error
                                                                                                      androidx.media3.exoplayer.ExoPlaybackException: Source error
                                                                                                          at androidx.media3.exoplayer.ExoPlayerImplInternal.handleIoException(ExoPlayerImplInternal.java:927)
                                                                                                          at androidx.media3.exoplayer.ExoPlayerImplInternal.handleMessage(ExoPlayerImplInternal.java:899)
                                                                                                          at android.os.Handler.dispatchMessage(Handler.java:102)
                                                                                                          at android.os.Looper.loopOnce(Looper.java:230)
                                                                                                          at android.os.Looper.loop(Looper.java:319)
                                                                                                          at android.os.HandlerThread.run(HandlerThread.java:67)
                                                                                                      Caused by: androidx.media3.datasource.HttpDataSource$InvalidResponseCodeException: Response code: 404
                                                                                                          at androidx.media3.datasource.okhttp.OkHttpDataSource.open(OkHttpDataSource.java:309)
                                                                                                          at androidx.media3.datasource.StatsDataSource.open(StatsDataSource.java:88)
                                                                                                          at androidx.media3.exoplayer.source.ProgressiveMediaPeriod$ExtractingLoadable.load(ProgressiveMediaPeriod.java:1109)
                                                                                                          at androidx.media3.exoplayer.upstream.Loader$LoadTask.run(Loader.java:453)
