2026-01-30 15:38:50.101 17893-17927 ishit.player.v2         com.fishit.player.v2                 I  Background young concurrent copying GC freed 138503(5093KB) AllocSpace objects, 0(0B) LOS objects, 0% free, 49MB/49MB, paused 348us,206us total 372.730ms
2026-01-30 15:38:50.958 17893-17927 ishit.player.v2         com.fishit.player.v2                 I  Background concurrent copying GC freed 242464(8193KB) AllocSpace objects, 1(40KB) LOS objects, 21% free, 86MB/110MB, paused 501us,224us total 856.282ms
2026-01-30 15:38:50.970 17893-17929 Box                     com.fishit.player.v2                 W  Skipping low-level close for read-only cursor (non-creator thread 'FinalizerDaemon')
2026-01-30 15:38:50.971 17893-17929 System.out              com.fishit.player.v2                 I  Hint: use closeThreadResources() to avoid finalizing recycled transactions (initial commit count: 635).
2026-01-30 15:38:50.971 17893-17929 Box                     com.fishit.player.v2                 E  Destroying inactive transaction #635 owned by thread #18 in non-owner thread 'FinalizerDaemon'
2026-01-30 15:38:50.971 17893-17929 Box                     com.fishit.player.v2                 E  Aborting a read transaction in a non-creator thread is a severe usage error and may cause a panic in a future version
2026-01-30 15:38:50.971 17893-17929 Box                     com.fishit.player.v2                 W  Skipping low-level close for read-only cursor (non-creator thread 'FinalizerDaemon')
2026-01-30 15:38:50.972 17893-17929 System.out              com.fishit.player.v2                 I  Hint: use closeThreadResources() to avoid finalizing recycled transactions (initial commit count: 630).
2026-01-30 15:38:50.972 17893-17929 Box                     com.fishit.player.v2                 E  Destroying inactive transaction #627 owned by thread #18 in non-owner thread 'FinalizerDaemon'
2026-01-30 15:38:50.972 17893-17929 Box                     com.fishit.player.v2                 E  Aborting a read transaction in a non-creator thread is a severe usage error and may cause a panic in a future version
2026-01-30 15:38:50.972 17893-17929 Box                     com.fishit.player.v2                 W  Skipping low-level close for read-only cursor (non-creator thread 'FinalizerDaemon')
2026-01-30 15:38:50.972 17893-17929 System.out              com.fishit.player.v2                 I  Hint: use closeThreadResources() to avoid finalizing recycled transactions (initial commit count: 485).
2026-01-30 15:38:50.973 17893-17929 Box                     com.fishit.player.v2                 E  Destroying inactive transaction #567 owned by thread #8 in non-owner thread 'FinalizerDaemon'
2026-01-30 15:38:50.973 17893-17929 Box                     com.fishit.player.v2                 E  Aborting a read transaction in a non-creator thread is a severe usage error and may cause a panic in a future version
2026-01-30 15:38:50.973 17893-17929 Box                     com.fishit.player.v2                 W  Skipping low-level close for read-only cursor (non-creator thread 'FinalizerDaemon')
2026-01-30 15:38:51.533 17893-17927 ishit.player.v2         com.fishit.player.v2                 I  Background young concurrent copying GC freed 453939(14MB) AllocSpace objects, 0(0B) LOS objects, 7% free, 102MB/110MB, paused 215us,106us total 192.438ms
2026-01-30 15:38:52.332 17893-17927 ishit.player.v2         com.fishit.player.v2                 I  Background concurrent copying GC freed 425488(19MB) AllocSpace objects, 0(0B) LOS objects, 17% free, 113MB/137MB, paused 185us,102us total 569.978ms
2026-01-30 15:38:52.367 17893-17929 System.out              com.fishit.player.v2                 I  Hint: use closeThreadResources() to avoid finalizing recycled transactions (initial commit count: 477).
2026-01-30 15:38:52.367 17893-17929 Box                     com.fishit.player.v2                 E  Destroying inactive transaction #559 owned by thread #8 in non-owner thread 'FinalizerDaemon'
2026-01-30 15:38:52.368 17893-17929 Box                     com.fishit.player.v2                 E  Aborting a read transaction in a non-creator thread is a severe usage error and may cause a panic in a future version
2026-01-30 15:38:52.921 17893-17927 ishit.player.v2         com.fishit.player.v2                 I  Background young concurrent copying GC freed 290627(9459KB) AllocSpace objects, 0(0B) LOS objects, 1% free, 135MB/137MB, paused 185us,69us total 137.431ms
2026-01-30 15:38:53.321 17893-17927 ishit.player.v2         com.fishit.player.v2                 I  Background concurrent copying GC freed 523482(26MB) AllocSpace objects, 0(0B) LOS objects, 15% free, 129MB/153MB, paused 126us,103us total 375.901ms
2026-01-30 15:38:53.960 17893-17927 ishit.player.v2         com.fishit.player.v2                 I  Background young concurrent copying GC freed 314255(9348KB) AllocSpace objects, 0(0B) LOS objects, 2% free, 149MB/153MB, paused 322us,119us total 143.676ms
2026-01-30 15:38:54.392 17893-17927 ishit.player.v2         com.fishit.player.v2                 I  Background concurrent copying GC freed 285906(10MB) AllocSpace objects, 0(0B) LOS objects, 13% free, 159MB/183MB, paused 122us,92us total 370.922ms
2026-01-30 15:38:55.173 17893-17927 ishit.player.v2         com.fishit.player.v2                 I  Background young concurrent copying GC freed 293171(9526KB) AllocSpace objects, 0(0B) LOS objects, 3% free, 176MB/183MB, paused 219us,75us total 142.586ms
2026-01-30 15:38:55.810 17893-17927 ishit.player.v2         com.fishit.player.v2                 I  Background concurrent copying GC freed 866457(38MB) AllocSpace objects, 0(0B) LOS objects, 13% free, 152MB/176MB, paused 92us,56us total 357.808ms
2026-01-30 15:38:57.148 17893-17927 ishit.player.v2         com.fishit.player.v2                 I  Background young concurrent copying GC freed 320391(8932KB) AllocSpace objects, 0(0B) LOS objects, 3% free, 169MB/176MB, paused 117us,100us total 154.377ms
2026-01-30 15:38:57.865 17893-17927 ishit.player.v2         com.fishit.player.v2                 I  Background concurrent copying GC freed 332593(10052KB) AllocSpace objects, 0(0B) LOS objects, 12% free, 172MB/196MB, paused 98us,59us total 401.693ms
2026-01-30 15:38:59.008 17893-17927 ishit.player.v2         com.fishit.player.v2                 I  Background young concurrent copying GC freed 424321(11MB) AllocSpace objects, 0(0B) LOS objects, 5% free, 186MB/196MB, paused 90us,167us total 106.668ms
2026-01-30 15:38:59.627 17893-17927 ishit.player.v2         com.fishit.player.v2                 I  Background concurrent copying GC freed 1357266(67MB) AllocSpace objects, 0(0B) LOS objects, 14% free, 136MB/160MB, paused 196us,47us total 331.651ms
2026-01-30 15:39:00.428 17893-17893 ViewRootIm...nActivity] com.fishit.player.v2                 I  ViewPostIme pointer 0
2026-01-30 15:39:00.435 17893-17893 ViewRootIm...nActivity] com.fishit.player.v2                 I  ViewPostIme pointer 1
2026-01-30 15:39:00.442 17893-17893 Choreographer           com.fishit.player.v2                 I  Skipped 130 frames!  The application may be doing too much work on its main thread.
2026-01-30 15:39:00.489 17893-18395 OpenGLRenderer          com.fishit.player.v2                 I  Davey! duration=2204ms; Flags=0, FrameTimelineVsyncId=3235933, IntendedVsync=57442766755894, Vsync=57444934623804, InputEventId=193971373, HandleInputStart=57444944780834, AnimationStart=57444944784372, PerformTraversalsStart=57444960066411, DrawStart=57444960258603, FrameDeadline=57442783422560, FrameInterval=57444944161103, FrameStartTime=16675907, SyncQueued=57444964979334, SyncStart=57444965364718, IssueDrawCommandsStart=57444965697949, SwapBuffers=57444968101834, FrameCompleted=57444971405834, DequeueBufferDuration=17961, QueueBufferDuration=308038, GpuCompleted=57444971405834, SwapBuffersCompleted=57444970428757, DisplayPresentTime=57358630517934, CommandSubmissionCompleted=57444968101834,
2026-01-30 15:39:00.717 17893-17927 ishit.player.v2         com.fishit.player.v2                 I  Background young concurrent copying GC freed 467205(11MB) AllocSpace objects, 0(0B) LOS objects, 6% free, 150MB/160MB, paused 80us,94us total 119.100ms
2026-01-30 15:39:01.435 17893-17927 ishit.player.v2         com.fishit.player.v2                 I  Background concurrent copying GC freed 1504693(68MB) AllocSpace objects, 0(0B) LOS objects, 19% free, 97MB/121MB, paused 93us,109us total 260.856ms
2026-01-30 15:39:02.478 17893-17927 ishit.player.v2         com.fishit.player.v2                 I  Background young concurrent copying GC freed 341643(10MB) AllocSpace objects, 0(0B) LOS objects, 7% free, 113MB/121MB, paused 244us,133us total 133.480ms
2026-01-30 15:39:03.150 17893-17927 ishit.player.v2         com.fishit.player.v2                 I  Background concurrent copying GC freed 254048(7979KB) AllocSpace objects, 0(0B) LOS objects, 16% free, 119MB/143MB, paused 164us,53us total 342.256ms
2026-01-30 15:39:03.935 17893-17893 Choreographer           com.fishit.player.v2                 I  Skipped 208 frames!  The application may be doing too much work on its main thread.
2026-01-30 15:39:04.193 17893-18395 OpenGLRenderer          com.fishit.player.v2                 I  Davey! duration=3716ms; Flags=0, FrameTimelineVsyncId=3236175, IntendedVsync=57444966443715, Vsync=57448434628435, InputEventId=0, HandleInputStart=57448437641293, AnimationStart=57448437651177, PerformTraversalsStart=57448486525985, DrawStart=57448486786062, FrameDeadline=57445001318191, FrameInterval=57448436932101, FrameStartTime=16673965, SyncQueued=57448677895370, SyncStart=57448678069370, IssueDrawCommandsStart=57448678375447, SwapBuffers=57448681260600, FrameCompleted=57448683492062, DequeueBufferDuration=32270, QueueBufferDuration=496076, GpuCompleted=57448683492062, SwapBuffersCompleted=57448682537985, DisplayPresentTime=57359180929280, CommandSubmissionCompleted=57448681260600,
2026-01-30 15:39:04.289 17893-17893 ViewRootIm...nActivity] com.fishit.player.v2                 I  ViewPostIme pointer 0
2026-01-30 15:39:04.381 17893-17893 ViewRootIm...nActivity] com.fishit.player.v2                 I  ViewPostIme pointer 1
2026-01-30 15:39:05.983 17893-17893 ViewRootIm...nActivity] com.fishit.player.v2                 I  ViewPostIme pointer 0
2026-01-30 15:39:06.223 17893-17893 ViewRootIm...nActivity] com.fishit.player.v2                 I  ViewPostIme pointer 1



2026-01-30 15:19:43.195  2675-7969  SearchEngine            com.sec.android.app.launcher         E  isComponentInApps() android.content.pm.PackageManager$NameNotFoundException: ComponentInfo{com.fishit.player.v2/com.fishit.player.v2.MainActivity} / packageName : com.fishit.player.v2 / userId : 0
2026-01-30 15:37:02.757  1438-4675  BackupManagerService    system_server                        E  Unable to finalize restore of com.fishit.player.v2
2026-01-30 15:37:03.232  1438-1729  SemWallpap...rlayPolicy system_server                        E  for com.fishit.player.v2 checking /data/resource-cache/android-SemWT_MonetPalette-znPs.frro with existing OverlayPaths { resourceDirs = [], overlayPaths = [] }
2026-01-30 15:37:03.232  1438-1729  SemWallpap...rlayPolicy system_server                        E  for com.fishit.player.v2 checking /data/resource-cache/android-SemWT_G_MonetPalette-895z.frro with existing OverlayPaths { resourceDirs = [], overlayPaths = [] }
2026-01-30 15:37:03.232  1438-1729  SemWallpap...rlayPolicy system_server                        E  for com.fishit.player.v2 checking /data/resource-cache/android-SemWT_android-8NM2.frro with existing OverlayPaths { resourceDirs = [], overlayPaths = [] }
---------------------------- PROCESS STARTED (17893) for package com.fishit.player.v2 ----------------------------
2026-01-30 15:37:03.893 17893-17893 ishit.player.v2         com.fishit.player.v2                 I  Using CollectorTypeCC GC.
2026-01-30 15:37:03.948 17893-17893 ActivityThread          com.fishit.player.v2                 D  setConscryptValidator
2026-01-30 15:37:03.948 17893-17893 ActivityThread          com.fishit.player.v2                 D  setConscryptValidator - put
2026-01-30 15:37:03.998 17893-17893 ActivityThread          com.fishit.player.v2                 I  Relaunch all activities: onCoreSettingsChange
2026-01-30 15:37:04.000 17893-17893 Compatibil...geReporter com.fishit.player.v2                 D  Compat change id reported: 171979766; UID 10497; state: ENABLED
2026-01-30 15:37:04.001 17893-17893 Compatibil...geReporter com.fishit.player.v2                 D  Compat change id reported: 242716250; UID 10497; state: ENABLED
2026-01-30 15:37:04.026 17893-17893 ziparchive              com.fishit.player.v2                 W  Unable to open '/data/app/~~VaVSZDDuO-hBYcD4akzulA==/com.fishit.player.v2-MFjFGpjsVrp3kZinaEY8JQ==/base.dm': No such file or directory
2026-01-30 15:37:04.026 17893-17893 ziparchive              com.fishit.player.v2                 W  Unable to open '/data/app/~~VaVSZDDuO-hBYcD4akzulA==/com.fishit.player.v2-MFjFGpjsVrp3kZinaEY8JQ==/base.dm': No such file or directory
2026-01-30 15:37:04.843 17893-17893 nativeloader            com.fishit.player.v2                 D  Configuring clns-4 for other apk /data/app/~~VaVSZDDuO-hBYcD4akzulA==/com.fishit.player.v2-MFjFGpjsVrp3kZinaEY8JQ==/base.apk. target_sdk_version=35, uses_libraries=, library_path=/data/app/~~VaVSZDDuO-hBYcD4akzulA==/com.fishit.player.v2-MFjFGpjsVrp3kZinaEY8JQ==/lib/arm64:/data/app/~~VaVSZDDuO-hBYcD4akzulA==/com.fishit.player.v2-MFjFGpjsVrp3kZinaEY8JQ==/base.apk!/lib/arm64-v8a, permitted_path=/data:/mnt/expand:/data/user/0/com.fishit.player.v2
2026-01-30 15:37:04.858 17893-17893 GraphicsEnvironment     com.fishit.player.v2                 V  Currently set values for:
2026-01-30 15:37:04.859 17893-17893 GraphicsEnvironment     com.fishit.player.v2                 V    angle_gl_driver_selection_pkgs=[]
2026-01-30 15:37:04.859 17893-17893 GraphicsEnvironment     com.fishit.player.v2                 V    angle_gl_driver_selection_values=[]
2026-01-30 15:37:04.859 17893-17893 GraphicsEnvironment     com.fishit.player.v2                 V  ANGLE GameManagerService for com.fishit.player.v2: false
2026-01-30 15:37:04.859 17893-17893 GraphicsEnvironment     com.fishit.player.v2                 V  com.fishit.player.v2 is not listed in per-application setting
2026-01-30 15:37:04.859 17893-17893 GraphicsEnvironment     com.fishit.player.v2                 V  App is not on the allowlist for updatable production driver.
2026-01-30 15:37:04.914 17893-17893 FirebaseApp             com.fishit.player.v2                 W  Default FirebaseApp failed to initialize because no default options were found. This usually means that com.google.gms:google-services was not applied to your gradle project.
2026-01-30 15:37:04.914 17893-17893 FirebaseInitProvider    com.fishit.player.v2                 I  FirebaseApp initialization unsuccessful
2026-01-30 15:37:05.276 17893-17893 LeakCanaryConfig        com.fishit.player.v2                 I  LeakCanary not available (disabled via compile-time gating)
2026-01-30 15:37:05.278 17893-17893 DebugToolsInitializer   com.fishit.player.v2                 I  DebugToolsInitializer started (LeakCanary available=false)
2026-01-30 15:37:05.281 17893-17893 DebugBootstraps         com.fishit.player.v2                 I  Debug bootstraps started (DebugToolsInitializer)
2026-01-30 15:37:05.289 17893-18085 DebugToolsInitializer   com.fishit.player.v2                 D  LeakCanary not available (disabled via compile-time gating)
2026-01-30 15:37:05.290 17893-18085 DebugToolsInitializer   com.fishit.player.v2                 I  LeakCanary enabled=false (available=false)
2026-01-30 15:37:05.290 17893-18084 DebugToolsInitializer   com.fishit.player.v2                 I  Chucker enabled=false
2026-01-30 15:37:05.302 17893-17893 WM-PackageManagerHelper com.fishit.player.v2                 D  androidx.work.impl.background.systemjob.SystemJobService enabled
2026-01-30 15:37:05.302 17893-17893 WM-Schedulers           com.fishit.player.v2                 D  Created SystemJobScheduler and enabled SystemJobService
2026-01-30 15:37:05.305 17893-18156 WM-ForceStopRunnable    com.fishit.player.v2                 D  The default process name was not specified.
2026-01-30 15:37:05.307 17893-17893 FishItV2Application     com.fishit.player.v2                 I  WorkManager initialized
2026-01-30 15:37:05.307 17893-17893 SourceActi...onObserver com.fishit.player.v2                 I  Starting activation observer
2026-01-30 15:37:05.308 17893-17893 TelegramAc...onObserver com.fishit.player.v2                 I  TelegramActivationObserver starting
2026-01-30 15:37:05.309 17893-17893 CatalogSyncBootstrap    com.fishit.player.v2                 I  Catalog sync bootstrap collection started
2026-01-30 15:37:05.309 17893-18086 TelegramAc...onObserver com.fishit.player.v2                 D  Auth state=Idle (initializing/in-progress) → leaving activation unchanged
2026-01-30 15:37:05.311 17893-18156 WM-ForceStopRunnable    com.fishit.player.v2                 D  Performing cleanup operations.
2026-01-30 15:37:05.312 17893-18085 CatalogSyncBootstrap    com.fishit.player.v2                 D  Source activation check: activeSources=[], hasActive=false
2026-01-30 15:37:05.313 17893-17893 OpenGLRenderer          com.fishit.player.v2                 D  HWUI - treat SMPTE_170M as sRGB
2026-01-30 15:37:05.343   925-925   audit                   auditd                               E  type=1400 audit(1769783825.340:47569): avc:  denied  { ioctl } for  pid=17893 comm="WM.task-1" path="/data/data/com.fishit.player.v2/no_backup/androidx.work.workdb" dev="dm-52" ino=2002498 ioctlcmd=0xf522 scontext=u:r:untrusted_app:s0:c241,c257,c512,c768 tcontext=u:object_r:app_data_file:s0:c241,c257,c512,c768 tclass=file permissive=0 SEPF_SM-G991B_12_0001 audit_filtered
2026-01-30 15:37:05.343   925-925   audit                   auditd                               E  type=1327 audit(1769783825.340:47569): proctitle="com.fishit.player.v2"
2026-01-30 15:37:05.354 17893-17893 ishit.player.v2         com.fishit.player.v2                 E  Invalid resource ID 0x00000000.
2026-01-30 15:37:05.367 17893-17893 DecorView               com.fishit.player.v2                 I  setWindowBackground: isPopOver=false color=ff000000 d=android.graphics.drawable.ColorDrawable@7c57038
2026-01-30 15:37:05.372 17893-17893 PhoneWindow             com.fishit.player.v2                 D  forceLight changed to false [] from com.android.internal.policy.PhoneWindow.updateForceLightNavigationBar:4373 com.android.internal.policy.PhoneWindow.setNavigationBarColor:4064 androidx.activity.EdgeToEdgeApi29.setUp:312 androidx.activity.EdgeToEdge.enable:93 androidx.activity.EdgeToEdge.enable$default:71
2026-01-30 15:37:05.381 17893-18156 Compatibil...geReporter com.fishit.player.v2                 D  Compat change id reported: 160794467; UID 10497; state: ENABLED
2026-01-30 15:37:05.400 17893-17893 Compatibil...geReporter com.fishit.player.v2                 D  Compat change id reported: 237531167; UID 10497; state: DISABLED
2026-01-30 15:37:05.404 17893-18158 NativeCust...ncyManager com.fishit.player.v2                 D  [NativeCFMS] BpCustomFrequencyManager::BpCustomFrequencyManager()
2026-01-30 15:37:05.406 17893-18191 WM-PackageManagerHelper com.fishit.player.v2                 D  Skipping component enablement for androidx.work.impl.background.systemalarm.RescheduleReceiver
2026-01-30 15:37:05.414 17893-17893 InsetsController        com.fishit.player.v2                 I  onStateChanged: host=com.fishit.player.v2/com.fishit.player.v2.MainActivity, from=android.view.ViewRootImpl.setView:1753, state=InsetsState: {mDisplayFrame=Rect(0, 0 - 1080, 2400), mDisplayCutout=DisplayCutout{insets=Rect(0, 80 - 0, 0) waterfall=Insets{left=0, top=0, right=0, bottom=0} boundingRect={Bounds=[Rect(0, 0 - 0, 0), Rect(510, 0 - 570, 80), Rect(0, 0 - 0, 0), Rect(0, 0 - 0, 0)]} cutoutPathParserInfo={CutoutPathParserInfo{displayWidth=1080 displayHeight=2400 physicalDisplayWidth=1080 physicalDisplayHeight=2400 density={3.0} cutoutSpec={M 0,0 H -10 V 26.66666666666667 H 10 V 0 H 0 Z @dp} rotation={0} scale={1.0} physicalPixelDisplaySizeRatio={1.0}}}}, mRoundedCorners=RoundedCorners{[RoundedCorner{position=TopLeft, radius=90, center=Point(90, 90)}, RoundedCorner{position=TopRight, radius=90, center=Point(990, 90)}, RoundedCorner{position=BottomRight, radius=90, center=Point(990, 2310)}, RoundedCorner{position=BottomLeft, radius=90, center=Point(90, 2310)}]}  mRoundedCornerFrame=Rect(0, 0 - 1080, 2400), mPrivacyIndicatorBounds=PrivacyIndicatorBounds {static bounds=Rect(948, 0 - 1080, 80) rotation=0}, mDisplayShape=DisplayShape{ spec=-311912193 displayWidth=1080 displayHeight=2400 physicalPixelDisplaySizeRatio=1.0 rotation=0 offsetX=0 offsetY=0 scale=1.0}, mSources= { InsetsSource: {27 mType=displayCutout mFrame=[0,0][1080,80] mVisible=true mFlags=[]}, InsetsSource: {24df0000 mType=statusBars mFrame=[0,0][1080,80] mVisible=true mFlags=[]}, InsetsSource: {24df0005 mType=mandatorySystemGestures mFrame=[0,0][1080,116] mVisible=true mFlags=[]}, InsetsSource: {24df0006 mType=tappableElement mFrame=[0,0][1080,80] mVisible=true mFlags=[]}, InsetsSource: {68b60001 mType=navigationBars mFrame=[0,2256][1080,2400] mVisible=true mFlags=[]}, InsetsSource: {68b60004 mType=systemGestures mFrame=[0,0][0,0] mVisible=true mFlags=[]}, InsetsSource: {68b60005 mType=mandatorySystemGestures mFrame=[0,2256][1080,2400] mVisible=true mFlags=[]}, InsetsSource: {68b60006 mType=tappableElement mFrame=[0,2256][1080,2400] mVisible=true mFlags=[]}, InsetsSource: {68b60024 mType=systemGestures mFrame=[0,0][0,0] mVisible=true mFlags=[]} }
2026-01-30 15:37:05.416 17893-17893 ViewRootIm...nActivity] com.fishit.player.v2                 I  synced displayState. AttachInfo displayState=2
2026-01-30 15:37:05.416 17893-17893 ViewRootIm...nActivity] com.fishit.player.v2                 I  setView = com.android.internal.policy.DecorView@8d88214 TM=true
2026-01-30 15:37:05.416 17893-17893 IDS_TAG                 com.fishit.player.v2                 I  Starting IDS observe window
2026-01-30 15:37:05.417 17893-17893 IDS_TAG                 com.fishit.player.v2                 I  Getting Shared Preference for com.fishit.player.v2.FishItV2Application@b49aabd uid = 10497
2026-01-30 15:37:05.445 17893-17893 IDS_TAG                 com.fishit.player.v2                 I  App com.fishit.player.v2.FishItV2Application@b49aabd has not finished training
2026-01-30 15:37:05.448 17893-17893 IDS_TAG                 com.fishit.player.v2                 I  Closing IDS observe window
2026-01-30 15:37:05.449 17893-17893 IDS_TAG                 com.fishit.player.v2                 I  Getting Shared Preference for com.fishit.player.v2.FishItV2Application@b49aabd uid = 10497
2026-01-30 15:37:05.456 17893-17893 IDS_TAG                 com.fishit.player.v2                 I  IDS count updated to 1 for com.fishit.player.v2.FishItV2Application@b49aabd
2026-01-30 15:37:05.761 17893-17893 BLASTBufferQueue_Java   com.fishit.player.v2                 I  new BLASTBufferQueue, mName= ViewRootImpl@5339a8b[MainActivity] mNativeObject= 0xb400007a14e41830 sc.mNativeObject= 0xb400007b04e3a710 caller= android.view.ViewRootImpl.updateBlastSurfaceIfNeeded:3028 android.view.ViewRootImpl.relayoutWindow:10131 android.view.ViewRootImpl.performTraversals:4110 android.view.ViewRootImpl.doTraversal:3288 android.view.ViewRootImpl$TraversalRunnable.run:11344 android.view.Choreographer$CallbackRecord.run:1689 android.view.Choreographer$CallbackRecord.run:1698 android.view.Choreographer.doCallbacks:1153 android.view.Choreographer.doFrame:1079 android.view.Choreographer$FrameDisplayEventReceiver.run:1646
2026-01-30 15:37:05.762 17893-17893 BLASTBufferQueue_Java   com.fishit.player.v2                 I  update, w= 1080 h= 2400 mName = ViewRootImpl@5339a8b[MainActivity] mNativeObject= 0xb400007a14e41830 sc.mNativeObject= 0xb400007b04e3a710 format= -1 caller= android.graphics.BLASTBufferQueue.<init>:89 android.view.ViewRootImpl.updateBlastSurfaceIfNeeded:3028 android.view.ViewRootImpl.relayoutWindow:10131 android.view.ViewRootImpl.performTraversals:4110 android.view.ViewRootImpl.doTraversal:3288 android.view.ViewRootImpl$TraversalRunnable.run:11344
2026-01-30 15:37:05.763 17893-17893 ViewRootIm...nActivity] com.fishit.player.v2                 I  Relayout returned: old=(0,0,1080,2400) new=(0,0,1080,2400) relayoutAsync=false req=(1080,2400)0 dur=12 res=0x403 s={true 0xb400007994e70df0} ch=true seqId=0
2026-01-30 15:37:05.765 17893-17893 ViewRootIm...nActivity] com.fishit.player.v2                 I  performConfigurationChange setNightDimText nightDimLevel=0
2026-01-30 15:37:05.766 17893-17893 ViewRootIm...nActivity] com.fishit.player.v2                 D  mThreadedRenderer.initialize() mSurface={isValid=true 0xb400007994e70df0} hwInitialized=true
2026-01-30 15:37:05.776 17893-17893 ViewRootIm...nActivity] com.fishit.player.v2                 D  reportNextDraw android.view.ViewRootImpl.performTraversals:4718 android.view.ViewRootImpl.doTraversal:3288 android.view.ViewRootImpl$TraversalRunnable.run:11344 android.view.Choreographer$CallbackRecord.run:1689 android.view.Choreographer$CallbackRecord.run:1698
2026-01-30 15:37:05.776 17893-17893 ViewRootIm...nActivity] com.fishit.player.v2                 I  Setup new sync=wmsSync-ViewRootImpl@5339a8b[MainActivity]#0
2026-01-30 15:37:05.777 17893-17893 ViewRootIm...nActivity] com.fishit.player.v2                 I  Creating new active sync group ViewRootImpl@5339a8b[MainActivity]#1
2026-01-30 15:37:05.779 17893-17893 ViewRootIm...nActivity] com.fishit.player.v2                 I  registerCallbacksForSync syncBuffer=false
2026-01-30 15:37:05.791 17893-18341 ViewRootIm...nActivity] com.fishit.player.v2                 I  Received frameDrawingCallback syncResult=0 frameNum=1.
2026-01-30 15:37:05.791 17893-18341 ViewRootIm...nActivity] com.fishit.player.v2                 I  mWNT: t=0xb4000078e4e46a50 mBlastBufferQueue=0xb400007a14e41830 fn= 1 mRenderHdrSdrRatio=1.0 caller= android.view.ViewRootImpl$8.onFrameDraw:13841 android.view.ThreadedRenderer$1.onFrameDraw:792 <bottom of call stack>
2026-01-30 15:37:05.791 17893-18341 ViewRootIm...nActivity] com.fishit.player.v2                 I  Setting up sync and frameCommitCallback
2026-01-30 15:37:05.867 17893-18158 BLASTBufferQueue        com.fishit.player.v2                 I  [ViewRootImpl@5339a8b[MainActivity]#0](f:0,a:0,s:0) onFrameAvailable the first frame is available
2026-01-30 15:37:05.873 17893-18158 ViewRootIm...nActivity] com.fishit.player.v2                 I  Received frameCommittedCallback lastAttemptedDrawFrameNum=1 didProduceBuffer=true
2026-01-30 15:37:05.873 17893-18158 OpenGLRenderer          com.fishit.player.v2                 D  CFMS:: SetUp Pid : 17893    Tid : 18158
2026-01-30 15:37:05.875 17893-17893 ViewRootIm...nActivity] com.fishit.player.v2                 I  reportDrawFinished seqId=0
2026-01-30 15:37:05.875 17893-18158 OpenGLRenderer          com.fishit.player.v2                 D  HWUI - treat SMPTE_170M as sRGB
2026-01-30 15:37:05.892 17893-17893 InsetsSourceConsumer    com.fishit.player.v2                 I  applyRequestedVisibilityToControl: visible=true, type=navigationBars, host=com.fishit.player.v2/com.fishit.player.v2.MainActivity
2026-01-30 15:37:05.893 17893-17893 InsetsSourceConsumer    com.fishit.player.v2                 I  applyRequestedVisibilityToControl: visible=true, type=statusBars, host=com.fishit.player.v2/com.fishit.player.v2.MainActivity
2026-01-30 15:37:05.936 17893-17893 ViewRootIm...nActivity] com.fishit.player.v2                 I  handleWindowFocusChanged: 1 0 call from android.view.ViewRootImpl.-$$Nest$mhandleWindowFocusChanged:0
2026-01-30 15:37:05.936 17893-17893 ViewRootIm...nActivity] com.fishit.player.v2                 D  mThreadedRenderer.initializeIfNeeded()#2 mSurface={isValid=true 0xb400007994e70df0}
2026-01-30 15:37:05.937 17893-17893 InputMethodManagerUtils com.fishit.player.v2                 D  startInputInner - Id : 0
2026-01-30 15:37:05.937 17893-17893 InputMethodManager      com.fishit.player.v2                 I  startInputInner - IInputMethodManagerGlobalInvoker.startInputOrWindowGainedFocus
2026-01-30 15:37:05.949 17893-17893 InputMethodManagerUtils com.fishit.player.v2                 D  startInputInner - Id : 0
2026-01-30 15:37:05.957 17893-17893 InsetsController        com.fishit.player.v2                 I  onStateChanged: host=com.fishit.player.v2/com.fishit.player.v2.MainActivity, from=android.view.ViewRootImpl$ViewRootHandler.handleMessageImpl:7209, state=InsetsState: {mDisplayFrame=Rect(0, 0 - 1080, 2400), mDisplayCutout=DisplayCutout{insets=Rect(0, 80 - 0, 0) waterfall=Insets{left=0, top=0, right=0, bottom=0} boundingRect={Bounds=[Rect(0, 0 - 0, 0), Rect(510, 0 - 570, 80), Rect(0, 0 - 0, 0), Rect(0, 0 - 0, 0)]} cutoutPathParserInfo={CutoutPathParserInfo{displayWidth=1080 displayHeight=2400 physicalDisplayWidth=1080 physicalDisplayHeight=2400 density={3.0} cutoutSpec={M 0,0 H -10 V 26.66666666666667 H 10 V 0 H 0 Z @dp} rotation={0} scale={1.0} physicalPixelDisplaySizeRatio={1.0}}}}, mRoundedCorners=RoundedCorners{[RoundedCorner{position=TopLeft, radius=90, center=Point(90, 90)}, RoundedCorner{position=TopRight, radius=90, center=Point(990, 90)}, RoundedCorner{position=BottomRight, radius=90, center=Point(990, 2310)}, RoundedCorner{position=BottomLeft, radius=90, center=Point(90, 2310)}]}  mRoundedCornerFrame=Rect(0, 0 - 1080, 2400), mPrivacyIndicatorBounds=PrivacyIndicatorBounds {static bounds=Rect(948, 0 - 1080, 80) rotation=0}, mDisplayShape=DisplayShape{ spec=-311912193 displayWidth=1080 displayHeight=2400 physicalPixelDisplaySizeRatio=1.0 rotation=0 offsetX=0 offsetY=0 scale=1.0}, mSources= { InsetsSource: {3 mType=ime mFrame=[0,0][0,0] mVisible=false mFlags=[]}, InsetsSource: {27 mType=displayCutout mFrame=[0,0][1080,80] mVisible=true mFlags=[]}, InsetsSource: {24df0000 mType=statusBars mFrame=[0,0][1080,80] mVisible=true mFlags=[]}, InsetsSource: {24df0005 mType=mandatorySystemGestures mFrame=[0,0][1080,116] mVisible=true mFlags=[]}, InsetsSource: {24df0006 mType=tappableElement mFrame=[0,0][1080,80] mVisible=true mFlags=[]}, InsetsSource: {68b60001 mType=navigationBars mFrame=[0,2256][1080,2400] mVisible=true mFlags=[]}, InsetsSource: {68b60004 mType=systemGestures mFrame=[0,0][0,0] mVisible=true mFlags=[]}, InsetsSource: {68b60005 mType=mandatorySystemGestures mFrame=[0,2256][1080,2400] mVisible=true mFlags=[]}, InsetsSource: {68b60006 mType=tappableElement mFrame=[0,2256][1080,2400] mVisible=true mFlags=[]}, InsetsSource: {68b60024 mType=systemGestures mFrame=[0,0][0,0] mVisible=true mFlags=[]} }
2026-01-30 15:37:05.958 17893-17893 InsetsSourceConsumer    com.fishit.player.v2                 I  applyRequestedVisibilityToControl: visible=false, type=ime, host=com.fishit.player.v2/com.fishit.player.v2.MainActivity
2026-01-30 15:37:06.044 17893-17926 ishit.player.v2         com.fishit.player.v2                 I  Compiler allocated 7198KB to compile void android.view.ViewRootImpl.performTraversals()
2026-01-30 15:37:06.439 17893-17893 Compatibil...geReporter com.fishit.player.v2                 D  Compat change id reported: 289878283; UID 10497; state: ENABLED
2026-01-30 15:37:07.452 17893-18150 XtreamCredStore         com.fishit.player.v2                 D  No complete credentials stored
2026-01-30 15:37:07.453 17893-18150 XtreamSessionBootstrap  com.fishit.player.v2                 D  No stored Xtream credentials found
2026-01-30 15:37:07.479 17893-18150 SourceActi...onObserver com.fishit.player.v2                 I  No active sources → cancelling sync
2026-01-30 15:37:07.479 17893-18148 SourceActivationStore   com.fishit.player.v2                 D  Loaded state from DataStore: SourceActivationSnapshot(xtream=Inactive, telegram=Inactive, io=Inactive)
2026-01-30 15:37:07.481 17893-18148 SourceActivationStore   com.fishit.player.v2                 I  Source activation changed: XTREAM -> Inactive
2026-01-30 15:37:09.567 17893-18158 OpenGLRenderer          com.fishit.player.v2                 D  CacheManager::trimMemory(15)
2026-01-30 15:37:09.806 17893-17893 ViewRootIm...nActivity] com.fishit.player.v2                 I  ViewPostIme pointer 0
2026-01-30 15:37:09.889 17893-17893 ViewRootIm...nActivity] com.fishit.player.v2                 I  ViewPostIme pointer 1
2026-01-30 15:37:09.979 17893-17893 InputMethodManagerUtils com.fishit.player.v2                 D  startInputInner - Id : 0
2026-01-30 15:37:09.980 17893-17893 InputMethodManager      com.fishit.player.v2                 I  startInputInner - IInputMethodManagerGlobalInvoker.startInputOrWindowGainedFocus
2026-01-30 15:37:09.983 17893-17893 InputMethodManagerUtils com.fishit.player.v2                 D  startInputInner - Id : 0
2026-01-30 15:37:09.984 17893-17893 InputMethodManager      com.fishit.player.v2                 I  startInputInner - IInputMethodManagerGlobalInvoker.startInputOrWindowGainedFocus
2026-01-30 15:37:09.990 17893-17893 ImeTracker              com.fishit.player.v2                 I  com.fishit.player.v2:b928c1ad: onRequestShow at ORIGIN_CLIENT_SHOW_SOFT_INPUT reason SHOW_SOFT_INPUT_BY_INSETS_API
2026-01-30 15:37:09.990 17893-17893 InsetsController        com.fishit.player.v2                 D  show(ime(), fromIme=false)
2026-01-30 15:37:09.991 17893-17893 InsetsController        com.fishit.player.v2                 I  setRequestedVisibleTypes: visible=true, mask=ime, host=com.fishit.player.v2/com.fishit.player.v2.MainActivity, from=android.view.InsetsController.controlAnimationUnchecked:1445 android.view.InsetsController.applyAnimation:2005 android.view.InsetsController.applyAnimation:1968 android.view.InsetsController.show:1309 android.view.InsetsController.show:1237 androidx.core.view.SoftwareKeyboardControllerCompat$Impl30.show:194 androidx.core.view.SoftwareKeyboardControllerCompat.show:71 androidx.compose.ui.text.input.InputMethodManagerImpl.showSoftInput:81 androidx.compose.ui.text.input.TextInputServiceAndroid.setKeyboardVisibleImmediately:475 androidx.compose.ui.text.input.TextInputServiceAndroid.processInputCommands:359
2026-01-30 15:37:09.991 17893-17893 InputMethodManager_LC   com.fishit.player.v2                 I  ris()
2026-01-30 15:37:09.991 17893-17893 InputMethodManager_LC   com.fishit.player.v2                 I  ssi(): flags=0 view=com.fishit.player.v2 reason = SHOW_SOFT_INPUT_BY_INSETS_API
2026-01-30 15:37:09.991 17893-17893 InputMethodManager_LC   com.fishit.player.v2                 I  ssi() view is not EditText
2026-01-30 15:37:09.992 17893-17893 InputMethodManager      com.fishit.player.v2                 D  showSoftInput() view=androidx.compose.ui.platform.AndroidComposeView{ff4684f VFED..... .F....ID 0,0-1080,2400 aid=1073741824} flags=0 reason=SHOW_SOFT_INPUT_BY_INSETS_API
2026-01-30 15:37:09.995 17893-17893 InsetsController        com.fishit.player.v2                 I  setRequestedVisibleTypes: visible=false, mask=ime, host=com.fishit.player.v2/com.fishit.player.v2.MainActivity, from=android.view.InsetsController.controlAnimationUncheckedInner:1546 android.view.InsetsController.controlAnimationUnchecked:1449 android.view.InsetsController.applyAnimation:2005 android.view.InsetsController.applyAnimation:1968 android.view.InsetsController.show:1309 android.view.InsetsController.show:1237 androidx.core.view.SoftwareKeyboardControllerCompat$Impl30.show:194 androidx.core.view.SoftwareKeyboardControllerCompat.show:71 androidx.compose.ui.text.input.InputMethodManagerImpl.showSoftInput:81 androidx.compose.ui.text.input.TextInputServiceAndroid.setKeyboardVisibleImmediately:475
2026-01-30 15:37:10.100 17893-17893 InputMethodManager_LC   com.fishit.player.v2                 I  showSoftInput(View,I)
2026-01-30 15:37:10.106 17893-17893 ImeTracker              com.fishit.player.v2                 I  com.fishit.player.v2:fdfd78e4: onRequestShow at ORIGIN_CLIENT_SHOW_SOFT_INPUT reason SHOW_SOFT_INPUT
2026-01-30 15:37:10.106 17893-17893 InputMethodManager_LC   com.fishit.player.v2                 I  ssi(): flags=0 view=com.fishit.player.v2 reason = SHOW_SOFT_INPUT
2026-01-30 15:37:10.106 17893-17893 InputMethodManager_LC   com.fishit.player.v2                 I  ssi() view is not EditText
2026-01-30 15:37:10.106 17893-17893 InputMethodManager      com.fishit.player.v2                 D  showSoftInput() view=androidx.compose.ui.platform.AndroidComposeView{ff4684f VFED..... .F....ID 0,0-1080,2400 aid=1073741824} flags=0 reason=SHOW_SOFT_INPUT
2026-01-30 15:37:10.107 17893-17893 RemoteInpu...ectionImpl com.fishit.player.v2                 W  getExtractedText on inactive InputConnection
2026-01-30 15:37:10.309 17893-18395 ViewRootIm...nActivity] com.fishit.player.v2                 I  Resizing android.view.ViewRootImpl@12eb0f0: frame = [0,0][1080,2400] reportDraw = false forceLayout = false syncSeqId = -1
2026-01-30 15:37:10.311 17893-17893 InsetsController        com.fishit.player.v2                 I  onStateChanged: host=com.fishit.player.v2/com.fishit.player.v2.MainActivity, from=android.view.ViewRootImpl$ViewRootHandler.handleMessageImpl:7196, state=InsetsState: {mDisplayFrame=Rect(0, 0 - 1080, 2400), mDisplayCutout=DisplayCutout{insets=Rect(0, 80 - 0, 0) waterfall=Insets{left=0, top=0, right=0, bottom=0} boundingRect={Bounds=[Rect(0, 0 - 0, 0), Rect(510, 0 - 570, 80), Rect(0, 0 - 0, 0), Rect(0, 0 - 0, 0)]} cutoutPathParserInfo={CutoutPathParserInfo{displayWidth=1080 displayHeight=2400 physicalDisplayWidth=1080 physicalDisplayHeight=2400 density={3.0} cutoutSpec={M 0,0 H -10 V 26.66666666666667 H 10 V 0 H 0 Z @dp} rotation={0} scale={1.0} physicalPixelDisplaySizeRatio={1.0}}}}, mRoundedCorners=RoundedCorners{[RoundedCorner{position=TopLeft, radius=90, center=Point(90, 90)}, RoundedCorner{position=TopRight, radius=90, center=Point(990, 90)}, RoundedCorner{position=BottomRight, radius=90, center=Point(990, 2310)}, RoundedCorner{position=BottomLeft, radius=90, center=Point(90, 2310)}]}  mRoundedCornerFrame=Rect(0, 0 - 1080, 2400), mPrivacyIndicatorBounds=PrivacyIndicatorBounds {static bounds=Rect(948, 0 - 1080, 80) rotation=0}, mDisplayShape=DisplayShape{ spec=-311912193 displayWidth=1080 displayHeight=2400 physicalPixelDisplaySizeRatio=1.0 rotation=0 offsetX=0 offsetY=0 scale=1.0}, mSources= { InsetsSource: {3 mType=ime mFrame=[0,2256][1080,2400] mVisible=false mFlags=[]}, InsetsSource: {27 mType=displayCutout mFrame=[0,0][1080,80] mVisible=true mFlags=[]}, InsetsSource: {24df0000 mType=statusBars mFrame=[0,0][1080,80] mVisible=true mFlags=[]}, InsetsSource: {24df0005 mType=mandatorySystemGestures mFrame=[0,0][1080,116] mVisible=true mFlags=[]}, InsetsSource: {24df0006 mType=tappableElement mFrame=[0,0][1080,80] mVisible=true mFlags=[]}, InsetsSource: {68b60001 mType=navigationBars mFrame=[0,2256][1080,2400] mVisible=true mFlags=[]}, InsetsSource: {68b60004 mType=systemGestures mFrame=[0,0][0,0] mVisible=true mFlags=[]}, InsetsSource: {68b60005 mType=mandatorySystemGestures mFrame=[0,2256][1080,2400] mVisible=true mFlags=[]}, InsetsSource: {68b60006 mType=tappableElement mFrame=[0,2256][1080,2400] mVisible=true mFlags=[]}, InsetsSource: {68b60024 mType=systemGestures mFrame=[0,0][0,0] mVisible=true mFlags=[]} }
2026-01-30 15:37:10.312 17893-17893 ViewRootIm...nActivity] com.fishit.player.v2                 I  handleResized, msg = 4 frames=ClientWindowFrames{frame=[0,0][1080,2400] display=[0,0][1080,2400] parentFrame=[0,0][0,0]} forceNextWindowRelayout=false displayId=0 dragResizing=false compatScale=1.0 frameChanged=false attachedFrameChanged=false configChanged=false displayChanged=false compatScaleChanged=false
2026-01-30 15:37:10.343 17893-17893 InsetsController        com.fishit.player.v2                 D  show(ime(), fromIme=true)
2026-01-30 15:37:10.343 17893-17893 InsetsController        com.fishit.player.v2                 I  setRequestedVisibleTypes: visible=true, mask=ime, host=com.fishit.player.v2/com.fishit.player.v2.MainActivity, from=android.view.InsetsController.controlAnimationUnchecked:1445 android.view.InsetsController.handlePendingControlRequest:1324 android.view.InsetsController.show:1260 android.view.ViewRootImpl$ViewRootHandler.handleMessageImpl:7233 android.view.ViewRootImpl$ViewRootHandler.handleMessage:7166 android.os.Handler.dispatchMessage:106 android.os.Looper.loopOnce:230 android.os.Looper.loop:319 android.app.ActivityThread.main:8919 java.lang.reflect.Method.invoke:-2
2026-01-30 15:37:10.347 17893-17893 InsetsController        com.fishit.player.v2                 I  controlAnimationUncheckedInner: Added types=ime, animType=0, host=com.fishit.player.v2/com.fishit.player.v2.MainActivity, from=android.view.InsetsController.controlAnimationUnchecked:1449 android.view.InsetsController.handlePendingControlRequest:1324 android.view.InsetsController.show:1260
2026-01-30 15:37:10.356 17893-18395 ViewRootIm...nActivity] com.fishit.player.v2                 I  Resizing android.view.ViewRootImpl@12eb0f0: frame = [0,0][1080,2400] reportDraw = false forceLayout = false syncSeqId = -1
2026-01-30 15:37:10.381 17893-17893 InsetsController        com.fishit.player.v2                 I  onStateChanged: host=com.fishit.player.v2/com.fishit.player.v2.MainActivity, from=android.view.ViewRootImpl$ViewRootHandler.handleMessageImpl:7209, state=InsetsState: {mDisplayFrame=Rect(0, 0 - 1080, 2400), mDisplayCutout=DisplayCutout{insets=Rect(0, 80 - 0, 0) waterfall=Insets{left=0, top=0, right=0, bottom=0} boundingRect={Bounds=[Rect(0, 0 - 0, 0), Rect(510, 0 - 570, 80), Rect(0, 0 - 0, 0), Rect(0, 0 - 0, 0)]} cutoutPathParserInfo={CutoutPathParserInfo{displayWidth=1080 displayHeight=2400 physicalDisplayWidth=1080 physicalDisplayHeight=2400 density={3.0} cutoutSpec={M 0,0 H -10 V 26.66666666666667 H 10 V 0 H 0 Z @dp} rotation={0} scale={1.0} physicalPixelDisplaySizeRatio={1.0}}}}, mRoundedCorners=RoundedCorners{[RoundedCorner{position=TopLeft, radius=90, center=Point(90, 90)}, RoundedCorner{position=TopRight, radius=90, center=Point(990, 90)}, RoundedCorner{position=BottomRight, radius=90, center=Point(990, 2310)}, RoundedCorner{position=BottomLeft, radius=90, center=Point(90, 2310)}]}  mRoundedCornerFrame=Rect(0, 0 - 1080, 2400), mPrivacyIndicatorBounds=PrivacyIndicatorBounds {static bounds=Rect(948, 0 - 1080, 80) rotation=0}, mDisplayShape=DisplayShape{ spec=-311912193 displayWidth=1080 displayHeight=2400 physicalPixelDisplaySizeRatio=1.0 rotation=0 offsetX=0 offsetY=0 scale=1.0}, mSources= { InsetsSource: {3 mType=ime mFrame=[0,2256][1080,2400] mVisible=true mFlags=[]}, InsetsSource: {27 mType=displayCutout mFrame=[0,0][1080,80] mVisible=true mFlags=[]}, InsetsSource: {24df0000 mType=statusBars mFrame=[0,0][1080,80] mVisible=true mFlags=[]}, InsetsSource: {24df0005 mType=mandatorySystemGestures mFrame=[0,0][1080,116] mVisible=true mFlags=[]}, InsetsSource: {24df0006 mType=tappableElement mFrame=[0,0][1080,80] mVisible=true mFlags=[]}, InsetsSource: {68b60001 mType=navigationBars mFrame=[0,2256][1080,2400] mVisible=true mFlags=[]}, InsetsSource: {68b60004 mType=systemGestures mFrame=[0,0][0,0] mVisible=true mFlags=[]}, InsetsSource: {68b60005 mType=mandatorySystemGestures mFrame=[0,2256][1080,2400] mVisible=true mFlags=[]}, InsetsSource: {68b60006 mType=tappableElement mFrame=[0,2256][1080,2400] mVisible=true mFlags=[]}, InsetsSource: {68b60024 mType=systemGestures mFrame=[0,0][0,0] mVisible=true mFlags=[]} }
2026-01-30 15:37:10.386 17893-17893 ViewRootIm...nActivity] com.fishit.player.v2                 I  handleResized, msg = 4 frames=ClientWindowFrames{frame=[0,0][1080,2400] display=[0,0][1080,2400] parentFrame=[0,0][0,0]} forceNextWindowRelayout=false displayId=0 dragResizing=false compatScale=1.0 frameChanged=false attachedFrameChanged=false configChanged=false displayChanged=false compatScaleChanged=false
2026-01-30 15:37:10.443 17893-17893 InsetsController        com.fishit.player.v2                 I  cancelAnimation: types=ime, animType=0, host=com.fishit.player.v2/com.fishit.player.v2.MainActivity, from=android.view.InsetsController.notifyFinished:1748 android.view.InsetsAnimationThreadControlRunner$1.lambda$notifyFinished$0:85 android.view.InsetsAnimationThreadControlRunner$1.$r8$lambda$RAf1SfIREsj9-wH5FOigMy6eLkM:0
2026-01-30 15:37:10.444 17893-17893 ImeTracker              com.fishit.player.v2                 I  com.fishit.player.v2:fdfd78e4: onShown
2026-01-30 15:37:10.456 17893-18344 ViewRootIm...nActivity] com.fishit.player.v2                 I  mWNT: t=0xb4000078e4e4fc10 mBlastBufferQueue=0xb400007a14e41830 fn= 10 mRenderHdrSdrRatio=1.0 caller= android.view.SyncRtSurfaceTransactionApplier.applyTransaction:96 android.view.SyncRtSurfaceTransactionApplier.lambda$scheduleApply$0:69 android.view.SyncRtSurfaceTransactionApplier.$r8$lambda$SgowXC58rj3PR958kHUfRgLZmvE:0
2026-01-30 15:37:11.152 17893-18844 ProfileInstaller        com.fishit.player.v2                 D  Installing profile for com.fishit.player.v2
2026-01-30 15:37:11.380 17893-17893 ViewRootIm...nActivity] com.fishit.player.v2                 I  ViewPostIme key 0
2026-01-30 15:37:11.387 17893-17893 ViewRootIm...nActivity] com.fishit.player.v2                 I  ViewPostIme key 1
2026-01-30 15:37:14.804 17893-17928 InputTransport          com.fishit.player.v2                 D  Input channel destroyed: 'ClientS', fd=131
2026-01-30 15:37:14.804 17893-17928 InputTransport          com.fishit.player.v2                 D  Input channel destroyed: 'ClientS', fd=142
2026-01-30 15:37:14.815 17893-17929 System                  com.fishit.player.v2                 W  A resource failed to call release.
2026-01-30 15:37:15.384 17893-17893 ViewRootIm...nActivity] com.fishit.player.v2                 I  ViewPostIme pointer 0
2026-01-30 15:37:15.457 17893-17893 ViewRootIm...nActivity] com.fishit.player.v2                 I  ViewPostIme pointer 1
2026-01-30 15:37:15.460 17893-17893 OnboardingViewModel     com.fishit.player.v2                 D  connectXtream: Starting with URL host: http://konigtv.com:8080
2026-01-30 15:37:15.466 17893-17893 OnboardingViewModel     com.fishit.player.v2                 D  connectXtream: Parsed credentials - host=konigtv.com, port=8080, username=Christoph10, useHttps=false
2026-01-30 15:37:15.467 17893-17893 Compatibil...geReporter com.fishit.player.v2                 D  Compat change id reported: 247079863; UID 10497; state: ENABLED
2026-01-30 15:37:15.470 17893-17893 OnboardingViewModel     com.fishit.player.v2                 D  connectXtream: Created config - scheme=http, host=konigtv.com, port=8080, username=Christoph10
2026-01-30 15:37:15.472 17893-17893 XtreamAuthRepoAdapter   com.fishit.player.v2                 D  initialize: Starting with config - scheme=http, host=konigtv.com, port=8080, username=Christoph10
2026-01-30 15:37:15.475 17893-17893 XtreamAuthRepoAdapter   com.fishit.player.v2                 D  initialize: Calling apiClient.initialize
2026-01-30 15:37:15.479 17893-18150 XtreamApiClient         com.fishit.player.v2                 D  Initializing client for konigtv.com (forceDiscovery=false)
2026-01-30 15:37:15.480 17893-18150 XtreamApiClient         com.fishit.player.v2                 D  Resolved port: 8080
2026-01-30 15:37:15.546 17893-18084 XtreamApiClient         com.fishit.player.v2                 D  buildPlayerApiUrl: action=get_series_categories -> konigtv.com/player_api.php
2026-01-30 15:37:15.548 17893-18148 XtreamApiClient         com.fishit.player.v2                 D  buildPlayerApiUrl: action=get_movie_categories -> konigtv.com/player_api.php
2026-01-30 15:37:15.550 17893-18085 XtreamApiClient         com.fishit.player.v2                 D  buildPlayerApiUrl: action=get_series -> konigtv.com/player_api.php
2026-01-30 15:37:15.552 17893-18875 XtreamApiClient         com.fishit.player.v2                 D  buildPlayerApiUrl: action=get_movies_categories -> konigtv.com/player_api.php
2026-01-30 15:37:15.553 17893-18151 XtreamApiClient         com.fishit.player.v2                 D  buildPlayerApiUrl: action=get_vod_categories -> konigtv.com/player_api.php
2026-01-30 15:37:15.554 17893-18086 XtreamApiClient         com.fishit.player.v2                 D  buildPlayerApiUrl: action=get_live_categories -> konigtv.com/player_api.php
2026-01-30 15:37:15.555 17893-18149 XtreamApiClient         com.fishit.player.v2                 D  buildPlayerApiUrl: action=get_live_streams -> konigtv.com/player_api.php
2026-01-30 15:37:15.596 17893-17893 ImeTracker              com.fishit.player.v2                 I  com.fishit.player.v2:ce4e28c5: onRequestHide at ORIGIN_CLIENT_HIDE_SOFT_INPUT reason HIDE_SOFT_INPUT_BY_INSETS_API
2026-01-30 15:37:15.597 17893-17893 InsetsController        com.fishit.player.v2                 I  setRequestedVisibleTypes: visible=false, mask=ime, host=com.fishit.player.v2/com.fishit.player.v2.MainActivity, from=android.view.InsetsController.controlAnimationUnchecked:1445 android.view.InsetsController.applyAnimation:2005 android.view.InsetsController.applyAnimation:1968 android.view.InsetsController.hide:1403 android.view.InsetsController.hide:1342 androidx.core.view.SoftwareKeyboardControllerCompat$Impl30.hide:227 androidx.core.view.SoftwareKeyboardControllerCompat.hide:81 androidx.compose.ui.text.input.InputMethodManagerImpl.hideSoftInput:85 androidx.compose.ui.text.input.TextInputServiceAndroid.setKeyboardVisibleImmediately:477 androidx.compose.ui.text.input.TextInputServiceAndroid.processInputCommands:359
2026-01-30 15:37:15.599 17893-17893 ImeTracker              com.fishit.player.v2                 I  com.fishit.player.v2:463dce55: onRequestHide at ORIGIN_CLIENT_HIDE_SOFT_INPUT reason HIDE_SOFT_INPUT_BY_INSETS_API
2026-01-30 15:37:15.599 17893-17893 InputMethodManager_LC   com.fishit.player.v2                 I  notifyImeHidden: IInputMethodManagerGlobalInvoker.hideSoftInput
