2026-01-28 14:43:34.123  8837-8837  ViewRootIm...nActivity] com.fishit.player.v2                 I  ViewPostIme pointer 0
2026-01-28 14:43:34.342  8837-9488  CatalogSyncService      com.fishit.player.v2                 D  Xtream batch complete (HOT PATH/NX): ingested=200 total_ms=2117
2026-01-28 14:43:34.343  8837-9488  SyncPerfMetrics         com.fishit.player.v2                 D  Phase SERIES started
2026-01-28 14:43:34.343  8837-9488  XtreamCatalogScanWorker com.fishit.player.v2                 D  PROGRESS discovered=1141 persisted=400 phase=SERIES
2026-01-28 14:43:34.351  8837-9357  XTC                     com.fishit.player.v2                 D  [VOD] DTO→Raw #300 | id=xtream:vod:791360 | title="All of You | 2025 | 6.5 |" | sourceType=XTREAM | Fields: ✓[year=2025, poster] ✗[plot, cast, director, backdrop, duration, tmdb]
2026-01-28 14:43:34.352  8837-8837  Compatibil...geReporter com.fishit.player.v2                 D  Compat change id reported: 171228096; UID 10459; state: ENABLED
2026-01-28 14:43:34.355  8837-9488  XtreamCatalogScanWorker com.fishit.player.v2                 D  PROGRESS discovered=1200 persisted=400 phase=null
2026-01-28 14:43:34.360  8837-9488  SyncPerfMetrics         com.fishit.player.v2                 D  Phase MOVIES started
2026-01-28 14:43:34.360  8837-9488  XtreamCatalogScanWorker com.fishit.player.v2                 D  PROGRESS discovered=1236 persisted=400 phase=VOD
2026-01-28 14:43:34.364  8837-9353  XTC                     com.fishit.player.v2                 D  [SERIES] DTO→Raw #450 | id=xtream:series:1972 | title="Tales of Zestiria the X" | sourceType=XTREAM | Fields: ✓[plot(603c), cast, poster] ✗[year, director, backdrop, duration, tmdb]
2026-01-28 14:43:34.370  8837-9357  XTC                     com.fishit.player.v2                 D  [VOD] DTO→Raw #350 | id=xtream:vod:788976 | title="Was ist Liebe wert - Materialists | 2025" | sourceType=XTREAM | Fields: ✓[year=2025, poster] ✗[plot, cast, director, backdrop, duration, tmdb]
2026-01-28 14:43:34.375  8837-9488  XtreamCatalogScanWorker com.fishit.player.v2                 D  PROGRESS discovered=1300 persisted=400 phase=null
2026-01-28 14:43:34.386  8837-9361  XtreamCatalogScanWorker com.fishit.player.v2                 D  PROGRESS discovered=1400 persisted=400 phase=null
2026-01-28 14:43:34.393  8837-9353  XTC                     com.fishit.player.v2                 D  [SERIES] DTO→Raw #500 | id=xtream:series:2039 | title="Die Abenteuer des Odysseus" | sourceType=XTREAM | Fields: ✓[plot(841c), cast, poster] ✗[year, director, backdrop, duration, tmdb]
2026-01-28 14:43:34.397  8837-9357  XTC                     com.fishit.player.v2                 D  [VOD] DTO→Raw #400 | id=xtream:vod:786362 | title="Checkmates - Ziemlich schräge Figuren | " | sourceType=XTREAM | Fields: ✓[year=2024, poster] ✗[plot, cast, director, backdrop, duration, tmdb]
2026-01-28 14:43:34.403  8837-9309  SyncPerfMetrics         com.fishit.player.v2                 D  Phase SERIES started
2026-01-28 14:43:34.404  8837-9354  XTC                     com.fishit.player.v2                 D  [LIVE] DTO→Raw #550 | id=xtream:live:744166 | title="DE: DYN SPORT 25" | sourceType=XTREAM | Fields: ✓[poster] ✗[year, plot, cast, director, backdrop, duration, tmdb]
2026-01-28 14:43:34.406  8837-9309  XtreamCatalogScanWorker com.fishit.player.v2                 D  PROGRESS discovered=1436 persisted=400 phase=SERIES
2026-01-28 14:43:34.409  8837-9357  XTC                     com.fishit.player.v2                 D  [VOD] DTO→Raw #450 | id=xtream:vod:783657 | title="The Ballad of Wallis Island | 2025 | 7.0" | sourceType=XTREAM | Fields: ✓[year=2025, poster] ✗[plot, cast, director, backdrop, duration, tmdb]
2026-01-28 14:43:34.411  8837-9309  SyncBatchManager        com.fishit.player.v2                 D  Flushing MOVIES batch: 400 items (timeBased=false)
2026-01-28 14:43:34.413  8837-9309  CatalogSyncService      com.fishit.player.v2                 D  Persisting Xtream catalog batch (NX-ONLY): 400 items (canonical_linking=false)
2026-01-28 14:43:34.427  8837-8837  ViewRootIm...nActivity] com.fishit.player.v2                 I  ViewPostIme pointer 1
2026-01-28 14:43:34.430  8837-8851  ishit.player.v2         com.fishit.player.v2                 I  Compiler allocated 7198KB to compile void android.view.ViewRootImpl.performTraversals()
2026-01-28 14:43:35.503  8837-8837  ViewRootIm...nActivity] com.fishit.player.v2                 I  ViewPostIme pointer 0
2026-01-28 14:43:35.533  8837-9488  CatalogSyncService      com.fishit.player.v2                 D  Xtream live batch complete (NX): ingested=475 total_ms=4872
2026-01-28 14:43:35.533  8837-9488  CatalogSyncService      com.fishit.player.v2                 D  Time-based flush LIVE: 475 items in 4872ms
2026-01-28 14:43:35.534  8837-9488  SyncBatchManager        com.fishit.player.v2                 D  Time-based flush for SERIES: 100 items after 3309ms
2026-01-28 14:43:35.534  8837-9488  SyncBatchManager        com.fishit.player.v2                 D  Flushing SERIES batch: 100 items (timeBased=true)
2026-01-28 14:43:35.534  8837-9488  CatalogSyncService      com.fishit.player.v2                 D  Persisting Xtream catalog batch (NX-ONLY): 100 items (canonical_linking=false)
2026-01-28 14:43:35.569  8837-8837  ViewRootIm...nActivity] com.fishit.player.v2                 I  ViewPostIme pointer 1
2026-01-28 14:43:35.956  8837-8852  ishit.player.v2         com.fishit.player.v2                 I  Background concurrent copying GC freed 441336(16MB) AllocSpace objects, 0(0B) LOS objects, 45% free, 28MB/52MB, paused 179us,82us total 246.002ms
2026-01-28 14:43:36.054  8837-8837  WorkManage...teObserver com.fishit.player.v2                 I  Sync state: SUCCEEDED
2026-01-28 14:43:36.140  8837-9308  CatalogSyncService      com.fishit.player.v2                 D  Xtream batch complete (HOT PATH/NX): ingested=100 total_ms=606
2026-01-28 14:43:36.141  8837-9308  CatalogSyncService      com.fishit.player.v2                 D  Time-based flush SERIES: 100 items in 607ms
2026-01-28 14:43:36.342  8837-9356  SyncBatchManager        com.fishit.player.v2                 D  Time-based flush for LIVE: 73 items after 5682ms
2026-01-28 14:43:36.342  8837-9356  SyncBatchManager        com.fishit.player.v2                 D  Flushing LIVE batch: 73 items (timeBased=true)
2026-01-28 14:43:36.342  8837-9356  CatalogSyncService      com.fishit.player.v2                 D  Persisting Xtream live batch (NX-ONLY): 73 items
2026-01-28 14:43:36.365  8837-9501  TrafficStats            com.fishit.player.v2                 D  tagSocket(95) with statsTag=0xffffffff, statsUid=-1
2026-01-28 14:43:36.367  8837-9502  TrafficStats            com.fishit.player.v2                 D  tagSocket(167) with statsTag=0xffffffff, statsUid=-1
2026-01-28 14:43:36.517  8837-9536  TrafficStats            com.fishit.player.v2                 D  tagSocket(151) with statsTag=0xffffffff, statsUid=-1
2026-01-28 14:43:36.595  8837-9502  TrafficStats            com.fishit.player.v2                 D  tagSocket(181) with statsTag=0xffffffff, statsUid=-1
2026-01-28 14:43:37.272  8837-9308  CatalogSyncService      com.fishit.player.v2                 D  Xtream live batch complete (NX): ingested=73 total_ms=930
2026-01-28 14:43:37.273  8837-9308  CatalogSyncService      com.fishit.player.v2                 D  Time-based flush LIVE: 73 items in 931ms
2026-01-28 14:43:37.390  8837-8852  ishit.player.v2         com.fishit.player.v2                 I  Background young concurrent copying GC freed 468577(21MB) AllocSpace objects, 8(160KB) LOS objects, 33% free, 35MB/52MB, paused 820us,74us total 107.201ms
2026-01-28 14:43:37.513  8837-9359  CatalogSyncService      com.fishit.player.v2                 D  Xtream batch complete (HOT PATH/NX): ingested=400 total_ms=3101
2026-01-28 14:43:37.514  8837-9359  SyncPerfMetrics         com.fishit.player.v2                 D  Phase MOVIES started
2026-01-28 14:43:37.515  8837-9359  XtreamCatalogScanWorker com.fishit.player.v2                 D  PROGRESS discovered=1448 persisted=1448 phase=VOD
2026-01-28 14:43:37.521  8837-9359  XtreamCatalogScanWorker com.fishit.player.v2                 D  PROGRESS discovered=1500 persisted=1448 phase=null
2026-01-28 14:43:37.536  8837-9361  XtreamCatalogScanWorker com.fishit.player.v2                 D  PROGRESS discovered=1600 persisted=1448 phase=null
2026-01-28 14:43:37.540  8837-9354  XTC                     com.fishit.player.v2                 D  [VOD] DTO→Raw #500 | id=xtream:vod:780844 | title="Shadow of God | 2025 | 5.0 |" | sourceType=XTREAM | Fields: ✓[year=2025, poster] ✗[plot, cast, director, backdrop, duration, tmdb]
2026-01-28 14:43:37.542  8837-9359  SyncPerfMetrics         com.fishit.player.v2                 D  Phase MOVIES started
2026-01-28 14:43:37.542  8837-9359  XtreamCatalogScanWorker com.fishit.player.v2                 D  PROGRESS discovered=1620 persisted=1448 phase=VOD
2026-01-28 14:43:37.544  8837-9355  XTC                     com.fishit.player.v2                 D  [LIVE] DTO→Raw #600 | id=xtream:live:121760 | title="DE: Spiegel TV Wissen RAW" | sourceType=XTREAM | Fields: ✓[poster] ✗[year, plot, cast, director, backdrop, duration, tmdb]
2026-01-28 14:43:37.545  8837-9359  SyncPerfMetrics         com.fishit.player.v2                 D  Phase LIVE started
2026-01-28 14:43:37.545  8837-9359  XtreamCatalogScanWorker com.fishit.player.v2                 D  PROGRESS discovered=1624 persisted=1448 phase=LIVE
2026-01-28 14:43:37.560  8837-9309  XTC                     com.fishit.player.v2                 D  [SERIES] DTO→Raw #550 | id=xtream:series:2129 | title="Weihnachtsmann & Co. KG" | sourceType=XTREAM | Fields: ✓[plot(468c), cast, poster] ✗[year, director, backdrop, duration, tmdb]
2026-01-28 14:43:37.567  8837-9491  XtreamCatalogScanWorker com.fishit.player.v2                 D  PROGRESS discovered=1700 persisted=1448 phase=null
2026-01-28 14:43:37.571  8837-9355  XTC                     com.fishit.player.v2                 D  [LIVE] DTO→Raw #650 | id=xtream:live:48858 | title="DE: Sky Cinema Highlights FHD" | sourceType=XTREAM | Fields: ✓[poster] ✗[year, plot, cast, director, backdrop, duration, tmdb]
2026-01-28 14:43:37.583  8837-9309  XTC                     com.fishit.player.v2                 D  [SERIES] DTO→Raw #600 | id=xtream:series:2346 | title="Shadow and Bone" | sourceType=XTREAM | Fields: ✓[plot(164c), cast, poster] ✗[year, director, backdrop, duration, tmdb]
2026-01-28 14:43:37.584  8837-9491  SyncPerfMetrics         com.fishit.player.v2                 D  Phase SERIES started
2026-01-28 14:43:37.585  8837-9491  XtreamCatalogScanWorker com.fishit.player.v2                 D  PROGRESS discovered=1776 persisted=1448 phase=SERIES
2026-01-28 14:43:37.592  8837-9491  XtreamCatalogScanWorker com.fishit.player.v2                 D  PROGRESS discovered=1800 persisted=1448 phase=null
2026-01-28 14:43:37.595  8837-9355  XTC                     com.fishit.player.v2                 D  [LIVE] DTO→Raw #700 | id=xtream:live:733471 | title="DE: 2 BROKE GIRLS" | sourceType=XTREAM | Fields: ✓[poster] ✗[year, plot, cast, director, backdrop, duration, tmdb]
2026-01-28 14:43:37.601  8837-9491  SyncPerfMetrics         com.fishit.player.v2                 D  Phase LIVE started
2026-01-28 14:43:37.602  8837-9491  XtreamCatalogScanWorker com.fishit.player.v2                 D  PROGRESS discovered=1825 persisted=1448 phase=LIVE
2026-01-28 14:43:37.604  8837-9309  XTC                     com.fishit.player.v2                 D  [SERIES] DTO→Raw #650 | id=xtream:series:2445 | title="And Just Like That…" | sourceType=XTREAM | Fields: ✓[plot(200c), cast, poster] ✗[year, director, backdrop, duration, tmdb]
2026-01-28 14:43:37.619  8837-9491  XtreamCatalogScanWorker com.fishit.player.v2                 D  PROGRESS discovered=1900 persisted=1448 phase=null
2026-01-28 14:43:37.622  8837-9355  XTC                     com.fishit.player.v2                 D  [LIVE] DTO→Raw #750 | id=xtream:live:749839 | title="DE: EDGAR WALLACE MIX" | sourceType=XTREAM | Fields: ✓[poster] ✗[year, plot, cast, director, backdrop, duration, tmdb]
2026-01-28 14:43:37.623  8837-9309  XTC                     com.fishit.player.v2                 D  [SERIES] DTO→Raw #700 | id=xtream:series:2513 | title="Deep Shit" | sourceType=XTREAM | Fields: ✓[plot(317c), cast, poster] ✗[year, director, backdrop, duration, tmdb]
2026-01-28 14:43:37.631  8837-9491  SyncBatchManager        com.fishit.player.v2                 D  Flushing SERIES batch: 200 items (timeBased=false)
2026-01-28 14:43:37.634  8837-9491  CatalogSyncService      com.fishit.player.v2                 D  Persisting Xtream catalog batch (NX-ONLY): 200 items (canonical_linking=false)
2026-01-28 14:43:37.675  8837-9355  SyncBatchManager        com.fishit.player.v2                 D  Time-based flush for LIVE: 203 items after 1333ms
2026-01-28 14:43:37.675  8837-9355  SyncBatchManager        com.fishit.player.v2                 D  Flushing LIVE batch: 203 items (timeBased=true)
2026-01-28 14:43:37.676  8837-9355  CatalogSyncService      com.fishit.player.v2                 D  Persisting Xtream live batch (NX-ONLY): 203 items
2026-01-28 14:43:38.695  8837-9308  CatalogSyncService      com.fishit.player.v2                 D  Xtream batch complete (HOT PATH/NX): ingested=200 total_ms=1061
2026-01-28 14:43:38.696  8837-9308  SyncPerfMetrics         com.fishit.player.v2                 D  Phase SERIES started
2026-01-28 14:43:38.696  8837-9308  XtreamCatalogScanWorker com.fishit.player.v2                 D  PROGRESS discovered=1951 persisted=1648 phase=SERIES
2026-01-28 14:43:38.700  8837-9308  XtreamCatalogScanWorker com.fishit.player.v2                 D  PROGRESS discovered=2000 persisted=1648 phase=null
2026-01-28 14:43:38.710  8837-9491  XTC                     com.fishit.player.v2                 D  [VOD] DTO→Raw #550 | id=xtream:vod:779064 | title="Escape - Der unsichtbare Feind | 2024 | " | sourceType=XTREAM | Fields: ✓[year=2024, poster] ✗[plot, cast, director, backdrop, duration, tmdb]
2026-01-28 14:43:38.714  8837-9354  XTC                     com.fishit.player.v2                 D  [SERIES] DTO→Raw #750 | id=xtream:series:2569 | title="Sharp Objects" | sourceType=XTREAM | Fields: ✓[plot(599c), cast, poster] ✗[year, director, backdrop, duration, tmdb]
2026-01-28 14:43:38.719  8837-9361  XtreamCatalogScanWorker com.fishit.player.v2                 D  PROGRESS discovered=2100 persisted=1648 phase=null
2026-01-28 14:43:38.731  8837-9354  XTC                     com.fishit.player.v2                 D  [SERIES] DTO→Raw #800 | id=xtream:series:2619 | title="Informer" | sourceType=XTREAM | Fields: ✓[plot(665c), cast, poster] ✗[year, director, backdrop, duration, tmdb]
2026-01-28 14:43:38.737  8837-9491  XTC                     com.fishit.player.v2                 D  [VOD] DTO→Raw #600 | id=xtream:vod:776412 | title="WWE WrestleMania 41: Sunday | 2025 | 6.1" | sourceType=XTREAM | Fields: ✓[year=2025, poster] ✗[plot, cast, director, backdrop, duration, tmdb]
2026-01-28 14:43:38.738  8837-9361  SyncPerfMetrics         com.fishit.player.v2                 D  Phase SERIES started
2026-01-28 14:43:38.738  8837-9361  XtreamCatalogScanWorker com.fishit.player.v2                 D  PROGRESS discovered=2168 persisted=1648 phase=SERIES
2026-01-28 14:43:38.741  8837-9361  XtreamCatalogScanWorker com.fishit.player.v2                 D  PROGRESS discovered=2200 persisted=1648 phase=null
2026-01-28 14:43:38.741  8837-9359  XTC                     com.fishit.player.v2                 D  [LIVE] DTO→Raw #800 | id=xtream:live:729970 | title="DE: POLICE ACADEMY" | sourceType=XTREAM | Fields: ✓[poster] ✗[year, plot, cast, director, backdrop, duration, tmdb]
2026-01-28 14:43:38.743  8837-9488  SyncPerfMetrics         com.fishit.player.v2                 D  Phase MOVIES started
2026-01-28 14:43:38.743  8837-9488  XtreamCatalogScanWorker com.fishit.player.v2                 D  PROGRESS discovered=2221 persisted=1648 phase=VOD
2026-01-28 14:43:38.744  8837-9488  SyncPerfMetrics         com.fishit.player.v2                 D  Phase LIVE started
2026-01-28 14:43:38.744  8837-9488  XtreamCatalogScanWorker com.fishit.player.v2                 D  PROGRESS discovered=2222 persisted=1648 phase=LIVE
2026-01-28 14:43:38.755  8837-9491  XTC                     com.fishit.player.v2                 D  [VOD] DTO→Raw #650 | id=xtream:vod:773840 | title="Vena | 2024 | 7.7 |" | sourceType=XTREAM | Fields: ✓[year=2024, poster] ✗[plot, cast, director, backdrop, duration, tmdb]
2026-01-28 14:43:38.755  8837-9357  XtreamCatalogScanWorker com.fishit.player.v2                 D  PROGRESS discovered=2300 persisted=1648 phase=null
2026-01-28 14:43:38.756  8837-9354  XTC                     com.fishit.player.v2                 D  [SERIES] DTO→Raw #850 | id=xtream:series:2670 | title="The Sniffer" | sourceType=XTREAM | Fields: ✓[cast, poster] ✗[year, plot, director, backdrop, duration, tmdb]
2026-01-28 14:43:38.773  8837-9491  XTC                     com.fishit.player.v2                 D  [VOD] DTO→Raw #700 | id=xtream:vod:771263 | title="Old Guy - Alter Hund mit neuen Tricks | " | sourceType=XTREAM | Fields: ✓[year=2024, poster] ✗[plot, cast, director, backdrop, duration, tmdb]
2026-01-28 14:43:38.779  8837-9308  XTC                     com.fishit.player.v2                 D  [SERIES] DTO→Raw #900 | id=xtream:series:2721 | title="Confess" | sourceType=XTREAM | Fields: ✓[cast, poster] ✗[year, plot, director, backdrop, duration, tmdb]
2026-01-28 14:43:38.780  8837-9353  XtreamCatalogScanWorker com.fishit.player.v2                 D  PROGRESS discovered=2400 persisted=1648 phase=null
2026-01-28 14:43:38.781  8837-9353  SyncPerfMetrics         com.fishit.player.v2                 D  Phase MOVIES started
2026-01-28 14:43:38.781  8837-9353  XtreamCatalogScanWorker com.fishit.player.v2                 D  PROGRESS discovered=2407 persisted=1648 phase=VOD
2026-01-28 14:43:38.783  8837-9353  SyncBatchManager        com.fishit.player.v2                 D  Flushing SERIES batch: 200 items (timeBased=false)
2026-01-28 14:43:38.785  8837-9353  CatalogSyncService      com.fishit.player.v2                 D  Persisting Xtream catalog batch (NX-ONLY): 200 items (canonical_linking=false)
2026-01-28 14:43:38.789  8837-9355  XTC                     com.fishit.player.v2                 D  [VOD] DTO→Raw #750 | id=xtream:vod:767670 | title="We Live in Time | 2024 | 7.5 |" | sourceType=XTREAM | Fields: ✓[year=2024, poster] ✗[plot, cast, director, backdrop, duration, tmdb]
2026-01-28 14:43:39.384  8837-9309  CatalogSyncService      com.fishit.player.v2                 D  Xtream live batch complete (NX): ingested=203 total_ms=1708
2026-01-28 14:43:39.384  8837-9309  CatalogSyncService      com.fishit.player.v2                 D  Time-based flush LIVE: 203 items in 1709ms
2026-01-28 14:43:39.384  8837-9309  SyncBatchManager        com.fishit.player.v2                 D  Time-based flush for MOVIES: 318 items after 4973ms
2026-01-28 14:43:39.385  8837-9309  SyncBatchManager        com.fishit.player.v2                 D  Flushing MOVIES batch: 318 items (timeBased=true)
2026-01-28 14:43:39.385  8837-9309  CatalogSyncService      com.fishit.player.v2                 D  Persisting Xtream catalog batch (NX-ONLY): 318 items (canonical_linking=false)
2026-01-28 14:43:39.976  8837-9308  CatalogSyncService      com.fishit.player.v2                 D  Xtream batch complete (HOT PATH/NX): ingested=200 total_ms=1192
2026-01-28 14:43:39.977  8837-9308  SyncPerfMetrics         com.fishit.player.v2                 D  Phase SERIES started
2026-01-28 14:43:39.978  8837-9308  XtreamCatalogScanWorker com.fishit.player.v2                 D  PROGRESS discovered=2438 persisted=2051 phase=SERIES
2026-01-28 14:43:39.984  8837-9308  XtreamCatalogScanWorker com.fishit.player.v2                 D  PROGRESS discovered=2500 persisted=2051 phase=null
2026-01-28 14:43:39.993  8837-9361  XTC                     com.fishit.player.v2                 D  [SERIES] DTO→Raw #950 | id=xtream:series:2771 | title="Riverdale" | sourceType=XTREAM | Fields: ✓[plot(606c), cast, poster] ✗[year, director, backdrop, duration, tmdb]
2026-01-28 14:43:40.002  8837-9354  XtreamCatalogScanWorker com.fishit.player.v2                 D  PROGRESS discovered=2600 persisted=2051 phase=null
2026-01-28 14:43:40.009  8837-9355  XTC                     com.fishit.player.v2                 D  [VOD] DTO→Raw #800 | id=xtream:vod:765621 | title="The Killer | 2024 | 6.4 |" | sourceType=XTREAM | Fields: ✓[year=2024, poster] ✗[plot, cast, director, backdrop, duration, tmdb]
2026-01-28 14:43:40.011  8837-9361  XTC                     com.fishit.player.v2                 D  [SERIES] DTO→Raw #1000 | id=xtream:series:2822 | title="Bluff City Law" | sourceType=XTREAM | Fields: ✓[cast, poster] ✗[year, plot, director, backdrop, duration, tmdb]
2026-01-28 14:43:40.012  8837-9354  SyncPerfMetrics         com.fishit.player.v2                 D  Phase MOVIES started
2026-01-28 14:43:40.013  8837-9354  XtreamCatalogScanWorker com.fishit.player.v2                 D  PROGRESS discovered=2641 persisted=2051 phase=VOD
2026-01-28 14:43:40.014  8837-9354  SyncPerfMetrics         com.fishit.player.v2                 D  Phase SERIES started
2026-01-28 14:43:40.014  8837-9354  XtreamCatalogScanWorker com.fishit.player.v2                 D  PROGRESS discovered=2646 persisted=2051 phase=SERIES
2026-01-28 14:43:40.022  8837-9309  XTC                     com.fishit.player.v2                 D  [LIVE] DTO→Raw #850 | id=xtream:live:140923 | title="DE: X-Men HD 24/7" | sourceType=XTREAM | Fields: ✓[poster] ✗[year, plot, cast, director, backdrop, duration, tmdb]
2026-01-28 14:43:40.039  8837-9491  XtreamCatalogScanWorker com.fishit.player.v2                 D  PROGRESS discovered=2700 persisted=2051 phase=null
2026-01-28 14:43:40.054  8837-9309  XTC                     com.fishit.player.v2                 D  [LIVE] DTO→Raw #900 | id=xtream:live:364840 | title="DE: TOM HARDY - 24/7" | sourceType=XTREAM | Fields: ✓[poster] ✗[year, plot, cast, director, backdrop, duration, tmdb]
2026-01-28 14:43:40.059  8837-9355  XTC                     com.fishit.player.v2                 D  [VOD] DTO→Raw #850 | id=xtream:vod:763435 | title="Escape: Flucht in die Freiheit | 2024 | " | sourceType=XTREAM | Fields: ✓[year=2024, poster] ✗[plot, cast, director, backdrop, duration, tmdb]
2026-01-28 14:43:40.060  8837-9353  SyncPerfMetrics         com.fishit.player.v2                 D  Phase LIVE started
2026-01-28 14:43:40.061  8837-9353  XtreamCatalogScanWorker com.fishit.player.v2                 D  PROGRESS discovered=2749 persisted=2051 phase=LIVE
2026-01-28 14:43:40.077  8837-9297  XtreamCatalogScanWorker com.fishit.player.v2                 D  PROGRESS discovered=2800 persisted=2051 phase=null
2026-01-28 14:43:40.096  8837-9309  XTC                     com.fishit.player.v2                 D  [LIVE] DTO→Raw #950 | id=xtream:live:140794 | title="DE: See - Reich der Blinden - Premium 24" | sourceType=XTREAM | Fields: ✓[poster] ✗[year, plot, cast, director, backdrop, duration, tmdb]
2026-01-28 14:43:40.104  8837-9355  XTC                     com.fishit.player.v2                 D  [VOD] DTO→Raw #900 | id=xtream:vod:761313 | title="Blitz | 2024 | 5.2 |" | sourceType=XTREAM | Fields: ✓[year=2024, poster] ✗[plot, cast, director, backdrop, duration, tmdb]
2026-01-28 14:43:40.105  8837-9297  SyncPerfMetrics         com.fishit.player.v2                 D  Phase MOVIES started
2026-01-28 14:43:40.106  8837-9297  XtreamCatalogScanWorker com.fishit.player.v2                 D  PROGRESS discovered=2865 persisted=2051 phase=VOD
2026-01-28 14:43:40.113  8837-9491  XtreamCatalogScanWorker com.fishit.player.v2                 D  PROGRESS discovered=2900 persisted=2051 phase=null
2026-01-28 14:43:40.128  8837-9361  XTC                     com.fishit.player.v2                 D  [SERIES] DTO→Raw #1050 | id=xtream:series:2876 | title="New Amsterdam" | sourceType=XTREAM | Fields: ✓[plot(648c), cast, poster] ✗[year, director, backdrop, duration, tmdb]
2026-01-28 14:43:40.142  8837-9308  XtreamCatalogScanWorker com.fishit.player.v2                 D  PROGRESS discovered=3000 persisted=2051 phase=null
2026-01-28 14:43:40.146  8837-9309  XTC                     com.fishit.player.v2                 D  [LIVE] DTO→Raw #1000 | id=xtream:live:143675 | title="DE: Bad Blood 24/7" | sourceType=XTREAM | Fields: ✓[poster] ✗[year, plot, cast, director, backdrop, duration, tmdb]
2026-01-28 14:43:40.150  8837-9355  XTC                     com.fishit.player.v2                 D  [VOD] DTO→Raw #950 | id=xtream:vod:756534 | title="Libre | 2024 | 5.9 |" | sourceType=XTREAM | Fields: ✓[year=2024, poster] ✗[plot, cast, director, backdrop, duration, tmdb]
2026-01-28 14:43:40.156  8837-9354  SyncPerfMetrics         com.fishit.player.v2                 D  Phase LIVE started
2026-01-28 14:43:40.156  8837-9354  XtreamCatalogScanWorker com.fishit.player.v2                 D  PROGRESS discovered=3028 persisted=2051 phase=LIVE
2026-01-28 14:43:40.170  8837-9361  XTC                     com.fishit.player.v2                 D  [SERIES] DTO→Raw #1100 | id=xtream:series:2929 | title="Top of the Lake" | sourceType=XTREAM | Fields: ✓[plot(379c), cast, poster] ✗[year, director, backdrop, duration, tmdb]
2026-01-28 14:43:40.174  8837-9354  SyncBatchManager        com.fishit.player.v2                 D  Flushing SERIES batch: 200 items (timeBased=false)
2026-01-28 14:43:40.175  8837-9354  CatalogSyncService      com.fishit.player.v2                 D  Persisting Xtream catalog batch (NX-ONLY): 200 items (canonical_linking=false)
2026-01-28 14:43:40.228  8837-8852  ishit.player.v2         com.fishit.player.v2                 I  Background concurrent copying GC freed 634717(30MB) AllocSpace objects, 0(0B) LOS objects, 45% free, 28MB/52MB, paused 141us,57us total 211.900ms
2026-01-28 14:43:45.098  8837-9309  CatalogSyncService      com.fishit.player.v2                 D  Xtream batch complete (HOT PATH/NX): ingested=200 total_ms=4923
2026-01-28 14:43:45.099  8837-9309  SyncPerfMetrics         com.fishit.player.v2                 D  Phase SERIES started
2026-01-28 14:43:45.100  8837-9309  XtreamCatalogScanWorker com.fishit.player.v2                 D  PROGRESS discovered=3070 persisted=2251 phase=SERIES
2026-01-28 14:43:45.102  8837-9309  XtreamCatalogScanWorker com.fishit.player.v2                 D  PROGRESS discovered=3100 persisted=2251 phase=null
2026-01-28 14:43:45.103  8837-9297  XTC                     com.fishit.player.v2                 D  [VOD] DTO→Raw #1000 | id=xtream:vod:755046 | title="Arcadian | 2024 | 6.0 |" | sourceType=XTREAM | Fields: ✓[year=2024, poster] ✗[plot, cast, director, backdrop, duration, tmdb]
2026-01-28 14:43:45.105  8837-9309  SyncPerfMetrics         com.fishit.player.v2                 D  Phase MOVIES started
2026-01-28 14:43:45.105  8837-9309  XtreamCatalogScanWorker com.fishit.player.v2                 D  PROGRESS discovered=3154 persisted=2251 phase=VOD
2026-01-28 14:43:45.111  8837-9359  XTC                     com.fishit.player.v2                 D  [SERIES] DTO→Raw #1150 | id=xtream:series:3034 | title="Threesome - Ein Dreier mit Folgen" | sourceType=XTREAM | Fields: ✓[plot(308c), cast, poster] ✗[year, director, backdrop, duration, tmdb]
2026-01-28 14:43:45.126  8837-9308  XtreamCatalogScanWorker com.fishit.player.v2                 D  PROGRESS discovered=3200 persisted=2251 phase=null
2026-01-28 14:43:45.131  8837-9354  XTC                     com.fishit.player.v2                 D  [LIVE] DTO→Raw #1050 | id=xtream:live:364966 | title="DE: SCRUBS 24/7" | sourceType=XTREAM | Fields: ✓[poster] ✗[year, plot, cast, director, backdrop, duration, tmdb]
2026-01-28 14:43:45.155  8837-9354  XTC                     com.fishit.player.v2                 D  [LIVE] DTO→Raw #1100 | id=xtream:live:102696 | title="DE: Vera Marvel 5" | sourceType=XTREAM | Fields: ✓[poster] ✗[year, plot, cast, director, backdrop, duration, tmdb]
2026-01-28 14:43:45.155  8837-9309  SyncPerfMetrics         com.fishit.player.v2                 D  Phase LIVE started
2026-01-28 14:43:45.156  8837-9309  XtreamCatalogScanWorker com.fishit.player.v2                 D  PROGRESS discovered=3292 persisted=2251 phase=LIVE
2026-01-28 14:43:45.158  8837-9488  XtreamCatalogScanWorker com.fishit.player.v2                 D  PROGRESS discovered=3300 persisted=2251 phase=null
2026-01-28 14:43:45.164  8837-9359  XTC                     com.fishit.player.v2                 D  [SERIES] DTO→Raw #1200 | id=xtream:series:3154 | title="Toy Boy" | sourceType=XTREAM | Fields: ✓[plot(169c), cast, poster] ✗[year, director, backdrop, duration, tmdb]
2026-01-28 14:43:45.165  8837-9308  SyncPerfMetrics         com.fishit.player.v2                 D  Phase SERIES started
2026-01-28 14:43:45.166  8837-9308  XtreamCatalogScanWorker com.fishit.player.v2                 D  PROGRESS discovered=3321 persisted=2251 phase=SERIES
2026-01-28 14:43:45.180  8837-9354  XTC                     com.fishit.player.v2                 D  [LIVE] DTO→Raw #1150 | id=xtream:live:150141 | title="DE-SELECT: 2 - ANEMONE" | sourceType=XTREAM | Fields: ✓[poster] ✗[year, plot, cast, director, backdrop, duration, tmdb]
2026-01-28 14:43:45.185  8837-9355  XtreamCatalogScanWorker com.fishit.player.v2                 D  PROGRESS discovered=3400 persisted=2251 phase=null
2026-01-28 14:43:45.190  8837-9359  XTC                     com.fishit.player.v2                 D  [SERIES] DTO→Raw #1250 | id=xtream:series:3216 | title="Westwall" | sourceType=XTREAM | Fields: ✓[poster] ✗[year, plot, cast, director, backdrop, duration, tmdb]
2026-01-28 14:43:45.201  8837-9354  XTC                     com.fishit.player.v2                 D  [LIVE] DTO→Raw #1200 | id=xtream:live:376376 | title="DE: One Piece - 5 Premium 24/7" | sourceType=XTREAM | Fields: ✓[poster] ✗[year, plot, cast, director, backdrop, duration, tmdb]
2026-01-28 14:43:45.205  8837-9309  SyncPerfMetrics         com.fishit.player.v2                 D  Phase LIVE started
2026-01-28 14:43:45.207  8837-9309  XtreamCatalogScanWorker com.fishit.player.v2                 D  PROGRESS discovered=3483 persisted=2251 phase=LIVE
2026-01-28 14:43:45.212  8837-9359  XTC                     com.fishit.player.v2                 D  [SERIES] DTO→Raw #1300 | id=xtream:series:3275 | title="Lore" | sourceType=XTREAM | Fields: ✓[plot(668c), cast, poster] ✗[year, director, backdrop, duration, tmdb]
2026-01-28 14:43:45.216  8837-9309  XtreamCatalogScanWorker com.fishit.player.v2                 D  PROGRESS discovered=3500 persisted=2251 phase=null
2026-01-28 14:43:45.225  8837-9354  XTC                     com.fishit.player.v2                 D  [LIVE] DTO→Raw #1250 | id=xtream:live:360770 | title="DE: Wickie und die starken Maenner 2 - 2" | sourceType=XTREAM | Fields: ✓[poster] ✗[year, plot, cast, director, backdrop, duration, tmdb]
2026-01-28 14:43:45.228  8837-9309  SyncBatchManager        com.fishit.player.v2                 D  Flushing SERIES batch: 200 items (timeBased=false)
2026-01-28 14:43:45.229  8837-9309  CatalogSyncService      com.fishit.player.v2                 D  Persisting Xtream catalog batch (NX-ONLY): 200 items (canonical_linking=false)
2026-01-28 14:43:51.644  8837-9308  CatalogSyncService      com.fishit.player.v2                 D  Xtream batch complete (HOT PATH/NX): ingested=318 total_ms=12259
2026-01-28 14:43:51.645  8837-9308  CatalogSyncService      com.fishit.player.v2                 D  Time-based flush MOVIES: 318 items in 12260ms
2026-01-28 14:43:51.846  8837-9355  SyncBatchManager        com.fishit.player.v2                 D  Time-based flush for LIVE: 478 items after 14171ms
2026-01-28 14:43:51.847  8837-9355  SyncBatchManager        com.fishit.player.v2                 D  Flushing LIVE batch: 478 items (timeBased=true)
2026-01-28 14:43:51.847  8837-9355  CatalogSyncService      com.fishit.player.v2                 D  Persisting Xtream live batch (NX-ONLY): 478 items
2026-01-28 14:43:53.240  8837-9359  CatalogSyncService      com.fishit.player.v2                 D  Xtream batch complete (HOT PATH/NX): ingested=200 total_ms=8011
2026-01-28 14:43:53.241  8837-9359  SyncPerfMetrics         com.fishit.player.v2                 D  Phase SERIES started
2026-01-28 14:43:53.242  8837-9359  XtreamCatalogScanWorker com.fishit.player.v2                 D  PROGRESS discovered=3529 persisted=2769 phase=SERIES
2026-01-28 14:43:53.246  8837-9359  XtreamCatalogScanWorker com.fishit.player.v2                 D  PROGRESS discovered=3600 persisted=2769 phase=null
2026-01-28 14:43:53.248  8837-9488  XTC                     com.fishit.player.v2                 D  [SERIES] DTO→Raw #1350 | id=xtream:series:3341 | title="Gordon Ramsay: Uncharted" | sourceType=XTREAM | Fields: ✓[cast, poster] ✗[year, plot, director, backdrop, duration, tmdb]
2026-01-28 14:43:53.259  8837-9309  XtreamCatalogScanWorker com.fishit.player.v2                 D  PROGRESS discovered=3700 persisted=2769 phase=null
2026-01-28 14:43:53.262  8837-9297  XTC                     com.fishit.player.v2                 D  [LIVE] DTO→Raw #1300 | id=xtream:live:769591 | title="Black Visionaries" | sourceType=XTREAM | Fields: ✓[poster] ✗[year, plot, cast, director, backdrop, duration, tmdb]
2026-01-28 14:43:53.262  8837-9309  SyncPerfMetrics         com.fishit.player.v2                 D  Phase LIVE started
2026-01-28 14:43:53.263  8837-9309  XtreamCatalogScanWorker com.fishit.player.v2                 D  PROGRESS discovered=3720 persisted=2769 phase=LIVE
2026-01-28 14:43:53.267  8837-9488  XTC                     com.fishit.player.v2                 D  [SERIES] DTO→Raw #1400 | id=xtream:series:3452 | title="The Guardians of Justice" | sourceType=XTREAM | Fields: ✓[plot(800c), cast, poster] ✗[year, director, backdrop, duration, tmdb]
2026-01-28 14:43:53.269  8837-9309  SyncPerfMetrics         com.fishit.player.v2                 D  Phase SERIES started
2026-01-28 14:43:53.269  8837-9309  XtreamCatalogScanWorker com.fishit.player.v2                 D  PROGRESS discovered=3753 persisted=2769 phase=SERIES
2026-01-28 14:43:53.274  8837-9308  XTC                     com.fishit.player.v2                 D  [VOD] DTO→Raw #1050 | id=xtream:vod:753417 | title="The Crow | 2024 | 5.3 |" | sourceType=XTREAM | Fields: ✓[year=2024, poster] ✗[plot, cast, director, backdrop, duration, tmdb]
2026-01-28 14:43:53.280  8837-9309  XtreamCatalogScanWorker com.fishit.player.v2                 D  PROGRESS discovered=3800 persisted=2769 phase=null
2026-01-28 14:43:53.283  8837-9488  XTC                     com.fishit.player.v2                 D  [SERIES] DTO→Raw #1450 | id=xtream:series:3642 | title="Warrior" | sourceType=XTREAM | Fields: ✓[plot(440c), cast, poster] ✗[year, director, backdrop, duration, tmdb]
2026-01-28 14:43:53.286  8837-9297  XTC                     com.fishit.player.v2                 D  [LIVE] DTO→Raw #1350 | id=xtream:live:769641 | title="Perry Mason" | sourceType=XTREAM | Fields: ✓[poster] ✗[year, plot, cast, director, backdrop, duration, tmdb]
2026-01-28 14:43:53.289  8837-9359  XtreamCatalogScanWorker com.fishit.player.v2                 D  PROGRESS discovered=3900 persisted=2769 phase=null
2026-01-28 14:43:53.300  8837-9488  XTC                     com.fishit.player.v2                 D  [SERIES] DTO→Raw #1500 | id=xtream:series:3803 | title="Gossip Girl" | sourceType=XTREAM | Fields: ✓[plot(593c), cast, poster] ✗[year, director, backdrop, duration, tmdb]
2026-01-28 14:43:53.300  8837-9309  SyncBatchManager        com.fishit.player.v2                 D  Flushing SERIES batch: 200 items (timeBased=false)
2026-01-28 14:43:53.301  8837-9309  CatalogSyncService      com.fishit.player.v2                 D  Persisting Xtream catalog batch (NX-ONLY): 200 items (canonical_linking=false)
2026-01-28 14:43:53.305  8837-9308  XTC                     com.fishit.player.v2                 D  [VOD] DTO→Raw #1100 | id=xtream:vod:751157 | title="The Good Half | 2024 | 5.3 |" | sourceType=XTREAM | Fields: ✓[year=2024, poster] ✗[plot, cast, director, backdrop, duration, tmdb]
2026-01-28 14:43:53.309  8837-9297  XTC                     com.fishit.player.v2                 D  [LIVE] DTO→Raw #1400 | id=xtream:live:769691 | title="Dateline 24/7" | sourceType=XTREAM | Fields: ✓[poster] ✗[year, plot, cast, director, backdrop, duration, tmdb]
2026-01-28 14:43:55.994  8837-9309  CatalogSyncService      com.fishit.player.v2                 D  Xtream batch complete (HOT PATH/NX): ingested=200 total_ms=2693
2026-01-28 14:43:55.996  8837-9309  SyncPerfMetrics         com.fishit.player.v2                 D  Phase SERIES started
2026-01-28 14:43:55.997  8837-9309  XtreamCatalogScanWorker com.fishit.player.v2                 D  PROGRESS discovered=3971 persisted=2969 phase=SERIES
2026-01-28 14:43:56.000  8837-9309  SyncPerfMetrics         com.fishit.player.v2                 D  Phase MOVIES started
2026-01-28 14:43:56.000  8837-9309  XtreamCatalogScanWorker com.fishit.player.v2                 D  PROGRESS discovered=3994 persisted=2969 phase=VOD
2026-01-28 14:43:56.001  8837-9309  XtreamCatalogScanWorker com.fishit.player.v2                 D  PROGRESS discovered=4000 persisted=2969 phase=null
2026-01-28 14:43:56.001  8837-9309  SyncPerfMetrics         com.fishit.player.v2                 D  Phase LIVE started
2026-01-28 14:43:56.002  8837-9309  XtreamCatalogScanWorker com.fishit.player.v2                 D  PROGRESS discovered=4005 persisted=2969 phase=LIVE
2026-01-28 14:43:56.003  8837-9309  SyncBatchManager        com.fishit.player.v2                 D  Flushing MOVIES batch: 400 items (timeBased=false)
2026-01-28 14:43:56.004  8837-9309  CatalogSyncService      com.fishit.player.v2                 D  Persisting Xtream catalog batch (NX-ONLY): 400 items (canonical_linking=false)
2026-01-28 14:43:56.006  8837-9297  XTC                     com.fishit.player.v2                 D  [VOD] DTO→Raw #1150 | id=xtream:vod:749239 | title="Nightwatch - Demons Are Forever | 2023 |" | sourceType=XTREAM | Fields: ✓[year=2023, poster] ✗[plot, cast, director, backdrop, duration, tmdb]
2026-01-28 14:43:56.559  8837-8852  ishit.player.v2         com.fishit.player.v2                 I  Background concurrent copying GC freed 611651(29MB) AllocSpace objects, 0(0B) LOS objects, 47% free, 26MB/50MB, paused 189us,43us total 148.485ms
2026-01-28 14:43:57.093  8837-8852  ishit.player.v2         com.fishit.player.v2                 I  Background young concurrent copying GC freed 498276(22MB) AllocSpace objects, 0(0B) LOS objects, 36% free, 32MB/50MB, paused 156us,107us total 100.514ms
2026-01-28 14:43:57.672  8837-8852  ishit.player.v2         com.fishit.player.v2                 I  Background concurrent copying GC freed 664885(31MB) AllocSpace objects, 0(0B) LOS objects, 46% free, 27MB/51MB, paused 259us,69us total 229.089ms
2026-01-28 14:43:57.837  8837-8837  ViewRootIm...nActivity] com.fishit.player.v2                 I  ViewPostIme pointer 0
2026-01-28 14:43:57.880  8837-8837  ViewRootIm...nActivity] com.fishit.player.v2                 I  ViewPostIme pointer 1
2026-01-28 14:43:57.899  8837-8837  WindowOnBackDispatcher  com.fishit.player.v2                 W  OnBackInvokedCallback is not enabled for the application.
                                                                                                    Set 'android:enableOnBackInvokedCallback="true"' in the application manifest.
2026-01-28 14:43:58.076  8837-8837  DetailEnrichment        com.fishit.player.v2                 D  enrichIfNeeded: skipped (no enrichment path) canonicalId=series:1918-1939-krieg-der-tr-ume:1918 hasXtream=false
2026-01-28 14:43:58.082  8837-8837  DetailEnrichment        com.fishit.player.v2                 D  enrichIfNeeded: skipped (no enrichment path) canonicalId=series:1918-1939-krieg-der-tr-ume:1918 hasXtream=false
2026-01-28 14:43:58.082  8837-8837  UnifiedDetailVM         com.fishit.player.v2                 D  Series canonical ID has no numeric ID: series:1918-1939-krieg-der-tr-ume:1918 (expected when no Xtream source exists)
2026-01-28 14:43:58.082  8837-8837  UnifiedDetailVM         com.fishit.player.v2                 W  Cannot load series details: unable to extract series ID from series:1918-1939-krieg-der-tr-ume:1918
2026-01-28 14:43:58.274  8837-8852  ishit.player.v2         com.fishit.player.v2                 I  Background young concurrent copying GC freed 467395(20MB) AllocSpace objects, 0(0B) LOS objects, 25% free, 38MB/51MB, paused 215us,103us total 159.706ms
2026-01-28 14:43:58.939  8837-9488  CatalogSyncService      com.fishit.player.v2                 D  Xtream live batch complete (NX): ingested=478 total_ms=7091
2026-01-28 14:43:58.939  8837-9488  CatalogSyncService      com.fishit.player.v2                 D  Time-based flush LIVE: 478 items in 7092ms
2026-01-28 14:43:59.140  8837-9488  SyncBatchManager        com.fishit.player.v2                 D  Time-based flush for LIVE: 187 items after 7293ms
2026-01-28 14:43:59.141  8837-9488  SyncBatchManager        com.fishit.player.v2                 D  Flushing LIVE batch: 187 items (timeBased=true)
2026-01-28 14:43:59.141  8837-9488  CatalogSyncService      com.fishit.player.v2                 D  Persisting Xtream live batch (NX-ONLY): 187 items
2026-01-28 14:43:59.465  8837-9359  CatalogSyncService      com.fishit.player.v2                 D  Xtream batch complete (HOT PATH/NX): ingested=400 total_ms=3444
2026-01-28 14:43:59.478  8837-9359  XtreamCatalogScanWorker com.fishit.player.v2                 D  PROGRESS discovered=4100 persisted=3847 phase=null
2026-01-28 14:43:59.483  8837-9488  XTC                     com.fishit.player.v2                 D  [LIVE] DTO→Raw #1450 | id=xtream:live:769741 | title="Top Chef Vault" | sourceType=XTREAM | Fields: ✓[poster] ✗[year, plot, cast, director, backdrop, duration, tmdb]
2026-01-28 14:43:59.483  8837-9308  XTC                     com.fishit.player.v2                 D  [SERIES] DTO→Raw #1550 | id=xtream:series:3957 | title="Befruchtet" | sourceType=XTREAM | Fields: ✓[plot(166c), cast, poster] ✗[year, director, backdrop, duration, tmdb]
2026-01-28 14:43:59.485  8837-9355  XtreamCatalogScanWorker com.fishit.player.v2                 D  PROGRESS discovered=4200 persisted=3847 phase=null
2026-01-28 14:43:59.486  8837-9297  XTC                     com.fishit.player.v2                 D  [VOD] DTO→Raw #1200 | id=xtream:vod:746657 | title="Spieleabend | 2024 | 6.7 |" | sourceType=XTREAM | Fields: ✓[year=2024, poster] ✗[plot, cast, director, backdrop, duration, tmdb]
2026-01-28 14:43:59.486  8837-9355  SyncPerfMetrics         com.fishit.player.v2                 D  Phase MOVIES started
2026-01-28 14:43:59.487  8837-9355  XtreamCatalogScanWorker com.fishit.player.v2                 D  PROGRESS discovered=4207 persisted=3847 phase=VOD
2026-01-28 14:43:59.498  8837-9308  XTC                     com.fishit.player.v2                 D  [SERIES] DTO→Raw #1600 | id=xtream:series:4083 | title="The Terminal List - Die Abschussliste" | sourceType=XTREAM | Fields: ✓[plot(317c), cast, poster] ✗[year, director, backdrop, duration, tmdb]
2026-01-28 14:43:59.500  8837-9491  XtreamCatalogScanWorker com.fishit.player.v2                 D  PROGRESS discovered=4300 persisted=3847 phase=null
2026-01-28 14:43:59.501  8837-9491  SyncPerfMetrics         com.fishit.player.v2                 D  Phase SERIES started
2026-01-28 14:43:59.501  8837-9491  XtreamCatalogScanWorker com.fishit.player.v2                 D  PROGRESS discovered=4308 persisted=3847 phase=SERIES
2026-01-28 14:43:59.502  8837-9297  XTC                     com.fishit.player.v2                 D  [VOD] DTO→Raw #1250 | id=xtream:vod:744770 | title="We Grown Now | 2024 | 7.2 |" | sourceType=XTREAM | Fields: ✓[year=2024, poster] ✗[plot, cast, director, backdrop, duration, tmdb]
2026-01-28 14:43:59.510  8837-9359  XtreamCatalogScanWorker com.fishit.player.v2                 D  PROGRESS discovered=4400 persisted=3847 phase=null
2026-01-28 14:43:59.511  8837-9297  XTC                     com.fishit.player.v2                 D  [VOD] DTO→Raw #1300 | id=xtream:vod:743327 | title="The Last Rifleman | 2023 | 6.7 |" | sourceType=XTREAM | Fields: ✓[year=2023, poster] ✗[plot, cast, director, backdrop, duration, tmdb]
2026-01-28 14:43:59.512  8837-9359  SyncPerfMetrics         com.fishit.player.v2                 D  Phase MOVIES started
2026-01-28 14:43:59.512  8837-9359  XtreamCatalogScanWorker com.fishit.player.v2                 D  PROGRESS discovered=4422 persisted=3847 phase=VOD
2026-01-28 14:43:59.513  8837-9488  XTC                     com.fishit.player.v2                 D  [LIVE] DTO→Raw #1500 | id=xtream:live:769791 | title="CBS News Chicago" | sourceType=XTREAM | Fields: ✓[poster] ✗[year, plot, cast, director, backdrop, duration, tmdb]
2026-01-28 14:43:59.514  8837-9359  SyncPerfMetrics         com.fishit.player.v2                 D  Phase LIVE started
2026-01-28 14:43:59.514  8837-9359  XtreamCatalogScanWorker com.fishit.player.v2                 D  PROGRESS discovered=4437 persisted=3847 phase=LIVE
2026-01-28 14:43:59.514  8837-9488  StreamingJsonParser     com.fishit.player.v2                 W  streamInBatches mapper error #1: timeout
2026-01-28 14:43:59.521  8837-9488  XtreamApiClient         com.fishit.player.v2                 D  buildPlayerApiUrl: action=get_live_streams -> konigtv.com/player_api.php
2026-01-28 14:43:59.522  8837-9297  XTC                     com.fishit.player.v2                 D  [VOD] DTO→Raw #1350 | id=xtream:vod:741596 | title="Chantal im Märchenland | 2024 | 5.2 |" | sourceType=XTREAM | Fields: ✓[year=2024, poster] ✗[plot, cast, director, backdrop, duration, tmdb]
2026-01-28 14:43:59.523  8837-9308  XTC                     com.fishit.player.v2                 D  [SERIES] DTO→Raw #1650 | id=xtream:series:4299 | title="House of the Dragon" | sourceType=XTREAM | Fields: ✓[plot(96c), cast, poster] ✗[year, director, backdrop, duration, tmdb]
2026-01-28 14:43:59.524  8837-9359  XtreamCatalogScanWorker com.fishit.player.v2                 D  PROGRESS discovered=4500 persisted=3847 phase=null
2026-01-28 14:43:59.532  8837-9538  TrafficStats            com.fishit.player.v2                 D  tagSocket(6) with statsTag=0xffffffff, statsUid=-1
2026-01-28 14:43:59.534  8837-9297  XTC                     com.fishit.player.v2                 D  [VOD] DTO→Raw #1400 | id=xtream:vod:740067 | title="Die Knochenfrau | 2023 | 5.8 |" | sourceType=XTREAM | Fields: ✓[year=2023, poster] ✗[plot, cast, director, backdrop, duration, tmdb]
2026-01-28 14:43:59.534  8837-9491  SyncPerfMetrics         com.fishit.player.v2                 D  Phase MOVIES started
2026-01-28 14:43:59.535  8837-9491  XtreamCatalogScanWorker com.fishit.player.v2                 D  PROGRESS discovered=4577 persisted=3847 phase=VOD
2026-01-28 14:43:59.537  8837-9359  XtreamCatalogScanWorker com.fishit.player.v2                 D  PROGRESS discovered=4600 persisted=3847 phase=null
2026-01-28 14:43:59.541  8837-9308  XTC                     com.fishit.player.v2                 D  [SERIES] DTO→Raw #1700 | id=xtream:series:4449 | title="Irma Vep" | sourceType=XTREAM | Fields: ✓[plot(448c), cast, poster] ✗[year, director, backdrop, duration, tmdb]
2026-01-28 14:43:59.542  8837-9491  SyncBatchManager        com.fishit.player.v2                 D  Flushing SERIES batch: 200 items (timeBased=false)
2026-01-28 14:43:59.542  8837-9491  CatalogSyncService      com.fishit.player.v2                 D  Persisting Xtream catalog batch (NX-ONLY): 200 items (canonical_linking=false)
2026-01-28 14:43:59.543  8837-9297  XTC                     com.fishit.player.v2                 D  [VOD] DTO→Raw #1450 | id=xtream:vod:731525 | title="Für immer | 2023 | 6.1 |" | sourceType=XTREAM | Fields: ✓[year=2023, poster] ✗[plot, cast, director, backdrop, duration, tmdb]
2026-01-28 14:43:59.572  8837-8837  ViewRootIm...nActivity] com.fishit.player.v2                 I  ViewPostIme pointer 0
2026-01-28 14:43:59.737  8837-9488  XtreamApiClient         com.fishit.player.v2                 D  StreamingFetch: Success for konigtv.com/player_api.php, streaming response
2026-01-28 14:43:59.773  8837-8837  ViewRootIm...nActivity] com.fishit.player.v2                 I  ViewPostIme pointer 1
2026-01-28 14:44:00.998  8837-8837  ViewRootIm...nActivity] com.fishit.player.v2                 I  ViewPostIme pointer 0
2026-01-28 14:44:01.064  8837-8837  ViewRootIm...nActivity] com.fishit.player.v2                 I  ViewPostIme pointer 1
2026-01-28 14:44:01.066  8837-8837  UnifiedDetailVM         com.fishit.player.v2                 D  play: canonicalId=series:1918-1939-krieg-der-tr-ume:1918 sourceKey=src:xtream:xtream:Xtream Series:series:xtream:series:87 missingHints=[]
2026-01-28 14:44:01.144  8837-8837  PlayerNavViewModel      com.fishit.player.v2                 D  Using pending playback: series:1918-1939-krieg-der-tr-ume:1918
2026-01-28 14:44:01.217  8837-8837  PlayerUiViewModel       com.fishit.player.v2                 D  player.ui.start.requested: canonicalId=series:1918-1939-krieg-der-tr-ume:1918
2026-01-28 14:44:01.218  8837-8837  InternalPlayerEntryImpl com.fishit.player.v2                 D  Starting playback: series:1918-1939-krieg-der-tr-ume:1918
2026-01-28 14:44:01.226  8837-8837  SubtitleTrackManager    com.fishit.player.v2                 D  Detached from player
2026-01-28 14:44:01.227  8837-8837  AudioTrackManager       com.fishit.player.v2                 D  Detached from player
2026-01-28 14:44:01.227  8837-8837  InternalPlayerSession   com.fishit.player.v2                 D  Initializing playback: series:1918-1939-krieg-der-tr-ume:1918
2026-01-28 14:44:01.259  8837-8837  PlaybackSourceResolver  com.fishit.player.v2                 D  Resolving source for: series:1918-1939-krieg-der-tr-ume:1918 (UNKNOWN)
