2026-01-30 09:11:45.300 30107-30107 InsetsController        com.fishit.player.v2                 I  onStateChanged: host=com.fishit.player.v2/com.fishit.player.v2.MainActivity, from=android.view.ViewRootImpl$ViewRootHandler.handleMessageImpl:7209, state=InsetsState: {mDisplayFrame=Rect(0, 0 - 1080, 2400), mDisplayCutout=DisplayCutout{insets=Rect(0, 80 - 0, 0) waterfall=Insets{left=0, top=0, right=0, bottom=0} boundingRect={Bounds=[Rect(0, 0 - 0, 0), Rect(510, 0 - 570, 80), Rect(0, 0 - 0, 0), Rect(0, 0 - 0, 0)]} cutoutPathParserInfo={CutoutPathParserInfo{displayWidth=1080 displayHeight=2400 physicalDisplayWidth=1080 physicalDisplayHeight=2400 density={3.0} cutoutSpec={M 0,0 H -10 V 26.66666666666667 H 10 V 0 H 0 Z @dp} rotation={0} scale={1.0} physicalPixelDisplaySizeRatio={1.0}}}}, mRoundedCorners=RoundedCorners{[RoundedCorner{position=TopLeft, radius=90, center=Point(90, 90)}, RoundedCorner{position=TopRight, radius=90, center=Point(990, 90)}, RoundedCorner{position=BottomRight, radius=90, center=Point(990, 2310)}, RoundedCorner{position=BottomLeft, radius=90, center=Point(90, 2310)}]}  mRoundedCornerFrame=Rect(0, 0 - 1080, 2400), mPrivacyIndicatorBounds=PrivacyIndicatorBounds {static bounds=Rect(948, 0 - 1080, 80) rotation=0}, mDisplayShape=DisplayShape{ spec=-311912193 displayWidth=1080 displayHeight=2400 physicalPixelDisplaySizeRatio=1.0 rotation=0 offsetX=0 offsetY=0 scale=1.0}, mSources= { InsetsSource: {3 mType=ime mFrame=[0,2256][1080,2400] mVisible=false mFlags=[]}, InsetsSource: {27 mType=displayCutout mFrame=[0,0][1080,80] mVisible=true mFlags=[]}, InsetsSource: {24df0000 mType=statusBars mFrame=[0,0][1080,80] mVisible=true mFlags=[]}, InsetsSource: {24df0005 mType=mandatorySystemGestures mFrame=[0,0][1080,116] mVisible=true mFlags=[]}, InsetsSource: {24df0006 mType=tappableElement mFrame=[0,0][1080,80] mVisible=true mFlags=[]}, InsetsSource: {68b60001 mType=navigationBars mFrame=[0,2256][1080,2400] mVisible=true mFlags=[]}, InsetsSource: {68b60004 mType=systemGestures mFrame=[0,0][0,0] mVisible=true mFlags=[]}, InsetsSource: {68b60005 mType=mandatorySystemGestures mFrame=[0,2256][1080,2400] mVisible=true mFlags=[]}, InsetsSource: {68b60006 mType=tappableElement mFrame=[0,2256][1080,2400] mVisible=true mFlags=[]}, InsetsSource: {68b60024 mType=systemGestures mFrame=[0,0][0,0] mVisible=true mFlags=[]} }
2026-01-30 09:11:45.300 30107-30107 InsetsSourceConsumer    com.fishit.player.v2                 I  applyRequestedVisibilityToControl: visible=true, type=navigationBars, host=com.fishit.player.v2/com.fishit.player.v2.MainActivity
2026-01-30 09:11:45.301 30107-30107 ViewRootIm...nActivity] com.fishit.player.v2                 I  handleResized, msg = 4 frames=ClientWindowFrames{frame=[0,0][1080,2400] display=[0,0][1080,2400] parentFrame=[0,0][0,0]} forceNextWindowRelayout=false displayId=0 dragResizing=false compatScale=1.0 frameChanged=false attachedFrameChanged=false configChanged=false displayChanged=false compatScaleChanged=false
2026-01-30 09:11:45.301 30107-30107 ImeTracker              com.fishit.player.v2                 I  com.fishit.player.v2:dcc6c283: onCancelled at PHASE_CLIENT_APPLY_ANIMATION
2026-01-30 09:11:45.302 30107-30172 CacheManager            com.fishit.player.v2                 D  Database size: 28868608 bytes
2026-01-30 09:11:45.411 30107-30118 InputTransport          com.fishit.player.v2                 D  Input channel destroyed: 'ClientS', fd=220
2026-01-30 09:11:45.512 30107-30119 Box                     com.fishit.player.v2                 W  Skipping low-level close for read-only cursor (non-creator thread 'FinalizerDaemon')
2026-01-30 09:11:45.512 30107-30119 Box                     com.fishit.player.v2                 W  Skipping low-level close for read-only cursor (non-creator thread 'FinalizerDaemon')
2026-01-30 09:11:45.512 30107-30119 Box                     com.fishit.player.v2                 W  Skipping low-level close for read-only cursor (non-creator thread 'FinalizerDaemon')
2026-01-30 09:11:45.512 30107-30119 Box                     com.fishit.player.v2                 W  Skipping low-level close for read-only cursor (non-creator thread 'FinalizerDaemon')
2026-01-30 09:11:45.512 30107-30119 Box                     com.fishit.player.v2                 W  Skipping low-level close for read-only cursor (non-creator thread 'FinalizerDaemon')
2026-01-30 09:11:45.512 30107-30119 Box                     com.fishit.player.v2                 W  Skipping low-level close for read-only cursor (non-creator thread 'FinalizerDaemon')
2026-01-30 09:11:45.512 30107-30119 Box                     com.fishit.player.v2                 W  Skipping low-level close for read-only cursor (non-creator thread 'FinalizerDaemon')
2026-01-30 09:11:45.512 30107-30119 Box                     com.fishit.player.v2                 W  Skipping low-level close for read-only cursor (non-creator thread 'FinalizerDaemon')
2026-01-30 09:11:45.512 30107-30119 Box                     com.fishit.player.v2                 W  Skipping low-level close for read-only cursor (non-creator thread 'FinalizerDaemon')
2026-01-30 09:11:45.512 30107-30119 Box                     com.fishit.player.v2                 W  Skipping low-level close for read-only cursor (non-creator thread 'FinalizerDaemon')
2026-01-30 09:11:45.512 30107-30119 Box                     com.fishit.player.v2                 W  Skipping low-level close for read-only cursor (non-creator thread 'FinalizerDaemon')
2026-01-30 09:11:45.513 30107-30119 Box                     com.fishit.player.v2                 W  Skipping low-level close for read-only cursor (non-creator thread 'FinalizerDaemon')
2026-01-30 09:11:45.798 30107-30107 InsetsController        com.fishit.player.v2                 I  cancelAnimation: types=ime, animType=1, host=com.fishit.player.v2/com.fishit.player.v2.MainActivity, from=android.view.InsetsController.notifyFinished:1748 android.view.InsetsAnimationThreadControlRunner$1.lambda$notifyFinished$0:85 android.view.InsetsAnimationThreadControlRunner$1.$r8$lambda$RAf1SfIREsj9-wH5FOigMy6eLkM:0
2026-01-30 09:11:45.800 30107-30107 ImeTracker              com.fishit.player.v2                 I  com.fishit.player.v2:3f9461d8: onRequestHide at ORIGIN_CLIENT_HIDE_SOFT_INPUT reason HIDE_SOFT_INPUT_BY_INSETS_API
2026-01-30 09:11:45.800 30107-30107 InputMethodManager_LC   com.fishit.player.v2                 I  notifyImeHidden: IInputMethodManagerGlobalInvoker.hideSoftInput
2026-01-30 09:11:45.801 30107-30107 ImeTracker              com.fishit.player.v2                 I  com.fishit.player.v2:ca454b56: onHidden
2026-01-30 09:11:46.053 30107-30107 ViewRootIm...nActivity] com.fishit.player.v2                 I  ViewPostIme pointer 0
2026-01-30 09:11:46.194 30107-30107 ViewRootIm...nActivity] com.fishit.player.v2                 I  ViewPostIme pointer 1
2026-01-30 09:11:46.321 30107-31035 ViewRootIm...nActivity] com.fishit.player.v2                 I  Resizing android.view.ViewRootImpl@40f0b81: frame = [0,0][1080,2400] reportDraw = false forceLayout = false syncSeqId = -1
2026-01-30 09:11:46.322 30107-30107 InsetsController        com.fishit.player.v2                 I  onStateChanged: host=com.fishit.player.v2/com.fishit.player.v2.MainActivity, from=android.view.ViewRootImpl$ViewRootHandler.handleMessageImpl:7196, state=InsetsState: {mDisplayFrame=Rect(0, 0 - 1080, 2400), mDisplayCutout=DisplayCutout{insets=Rect(0, 80 - 0, 0) waterfall=Insets{left=0, top=0, right=0, bottom=0} boundingRect={Bounds=[Rect(0, 0 - 0, 0), Rect(510, 0 - 570, 80), Rect(0, 0 - 0, 0), Rect(0, 0 - 0, 0)]} cutoutPathParserInfo={CutoutPathParserInfo{displayWidth=1080 displayHeight=2400 physicalDisplayWidth=1080 physicalDisplayHeight=2400 density={3.0} cutoutSpec={M 0,0 H -10 V 26.66666666666667 H 10 V 0 H 0 Z @dp} rotation={0} scale={1.0} physicalPixelDisplaySizeRatio={1.0}}}}, mRoundedCorners=RoundedCorners{[RoundedCorner{position=TopLeft, radius=90, center=Point(90, 90)}, RoundedCorner{position=TopRight, radius=90, center=Point(990, 90)}, RoundedCorner{position=BottomRight, radius=90, center=Point(990, 2310)}, RoundedCorner{position=BottomLeft, radius=90, center=Point(90, 2310)}]}  mRoundedCornerFrame=Rect(0, 0 - 1080, 2400), mPrivacyIndicatorBounds=PrivacyIndicatorBounds {static bounds=Rect(948, 0 - 1080, 80) rotation=0}, mDisplayShape=DisplayShape{ spec=-311912193 displayWidth=1080 displayHeight=2400 physicalPixelDisplaySizeRatio=1.0 rotation=0 offsetX=0 offsetY=0 scale=1.0}, mSources= { InsetsSource: {3 mType=ime mFrame=[0,0][0,0] mVisible=false mFlags=[]}, InsetsSource: {27 mType=displayCutout mFrame=[0,0][1080,80] mVisible=true mFlags=[]}, InsetsSource: {24df0000 mType=statusBars mFrame=[0,0][1080,80] mVisible=true mFlags=[]}, InsetsSource: {24df0005 mType=mandatorySystemGestures mFrame=[0,0][1080,116] mVisible=true mFlags=[]}, InsetsSource: {24df0006 mType=tappableElement mFrame=[0,0][1080,80] mVisible=true mFlags=[]}, InsetsSource: {68b60001 mType=navigationBars mFrame=[0,2256][1080,2400] mVisible=true mFlags=[]}, InsetsSource: {68b60004 mType=systemGestures mFrame=[0,0][0,0] mVisible=true mFlags=[]}, InsetsSource: {68b60005 mType=mandatorySystemGestures mFrame=[0,2256][1080,2400] mVisible=true mFlags=[]}, InsetsSource: {68b60006 mType=tappableElement mFrame=[0,2256][1080,2400] mVisible=true mFlags=[]}, InsetsSource: {68b60024 mType=systemGestures mFrame=[0,0][0,0] mVisible=true mFlags=[]} }
2026-01-30 09:11:46.322 30107-30107 ViewRootIm...nActivity] com.fishit.player.v2                 I  handleResized, msg = 4 frames=ClientWindowFrames{frame=[0,0][1080,2400] display=[0,0][1080,2400] parentFrame=[0,0][0,0]} forceNextWindowRelayout=false displayId=0 dragResizing=false compatScale=1.0 frameChanged=false attachedFrameChanged=false configChanged=false displayChanged=false compatScaleChanged=false
2026-01-30 09:11:46.857 30107-30107 ViewRootIm...nActivity] com.fishit.player.v2                 I  ViewPostIme pointer 0
2026-01-30 09:11:46.983 30107-30107 ViewRootIm...nActivity] com.fishit.player.v2                 I  ViewPostIme pointer 1
2026-01-30 09:11:47.200 30107-30132 ishit.player.v2         com.fishit.player.v2                 I  Explicit concurrent copying GC freed 423901(19MB) AllocSpace objects, 0(0B) LOS objects, 15% free, 131MB/155MB, paused 90us,51us total 125.111ms
2026-01-30 09:11:47.211 30107-30119 System.out              com.fishit.player.v2                 I  Hint: use closeThreadResources() to avoid finalizing recycled transactions (initial commit count: 46806).
2026-01-30 09:11:47.211 30107-30119 Box                     com.fishit.player.v2                 E  Destroying inactive transaction #164 owned by thread #9 in non-owner thread 'FinalizerDaemon'
2026-01-30 09:11:47.211 30107-30119 Box                     com.fishit.player.v2                 E  Aborting a read transaction in a non-creator thread is a severe usage error and may cause a panic in a future version
2026-01-30 09:11:47.211 30107-30119 System.out              com.fishit.player.v2                 I  Hint: use closeThreadResources() to avoid finalizing recycled transactions (initial commit count: 46941).
2026-01-30 09:11:47.211 30107-30119 Box                     com.fishit.player.v2                 E  Destroying inactive transaction #165 owned by thread #9 in non-owner thread 'FinalizerDaemon'
2026-01-30 09:11:47.211 30107-30119 Box                     com.fishit.player.v2                 E  Aborting a read transaction in a non-creator thread is a severe usage error and may cause a panic in a future version
2026-01-30 09:11:47.211 30107-30119 System.out              com.fishit.player.v2                 I  Hint: use closeThreadResources() to avoid finalizing recycled transactions (initial commit count: 46259).
2026-01-30 09:11:47.211 30107-30119 Box                     com.fishit.player.v2                 E  Destroying inactive transaction #231 owned by thread #11 in non-owner thread 'FinalizerDaemon'
2026-01-30 09:11:47.211 30107-30119 Box                     com.fishit.player.v2                 E  Aborting a read transaction in a non-creator thread is a severe usage error and may cause a panic in a future version
2026-01-30 09:11:47.211 30107-30119 System.out              com.fishit.player.v2                 I  Hint: use closeThreadResources() to avoid finalizing recycled transactions (initial commit count: 46401).
2026-01-30 09:11:47.211 30107-30119 Box                     com.fishit.player.v2                 E  Destroying inactive transaction #237 owned by thread #11 in non-owner thread 'FinalizerDaemon'
2026-01-30 09:11:47.211 30107-30119 Box                     com.fishit.player.v2                 E  Aborting a read transaction in a non-creator thread is a severe usage error and may cause a panic in a future version
2026-01-30 09:11:47.211 30107-30119 System.out              com.fishit.player.v2                 I  Hint: use closeThreadResources() to avoid finalizing recycled transactions (initial commit count: 24267).
2026-01-30 09:11:47.211 30107-30119 Box                     com.fishit.player.v2                 E  Destroying inactive transaction #556 owned by thread #12 in non-owner thread 'FinalizerDaemon'
2026-01-30 09:11:47.211 30107-30119 Box                     com.fishit.player.v2                 E  Aborting a read transaction in a non-creator thread is a severe usage error and may cause a panic in a future version
2026-01-30 09:11:47.211 30107-30119 System.out              com.fishit.player.v2                 I  Hint: use closeThreadResources() to avoid finalizing recycled transactions (initial commit count: 24330).
2026-01-30 09:11:47.211 30107-30119 Box                     com.fishit.player.v2                 E  Destroying inactive transaction #562 owned by thread #12 in non-owner thread 'FinalizerDaemon'
2026-01-30 09:11:47.211 30107-30119 Box                     com.fishit.player.v2                 E  Aborting a read transaction in a non-creator thread is a severe usage error and may cause a panic in a future version
2026-01-30 09:11:47.211 30107-30119 System.out              com.fishit.player.v2                 I  Hint: use closeThreadResources() to avoid finalizing recycled transactions (initial commit count: 44224).
2026-01-30 09:11:47.211 30107-30119 Box                     com.fishit.player.v2                 E  Destroying inactive transaction #648 owned by thread #13 in non-owner thread 'FinalizerDaemon'
2026-01-30 09:11:47.211 30107-30119 Box                     com.fishit.player.v2                 E  Aborting a read transaction in a non-creator thread is a severe usage error and may cause a panic in a future version
2026-01-30 09:11:47.211 30107-30119 System.out              com.fishit.player.v2                 I  Hint: use closeThreadResources() to avoid finalizing recycled transactions (initial commit count: 44280).
2026-01-30 09:11:47.211 30107-30119 Box                     com.fishit.player.v2                 E  Destroying inactive transaction #649 owned by thread #13 in non-owner thread 'FinalizerDaemon'
2026-01-30 09:11:47.211 30107-30119 Box                     com.fishit.player.v2                 E  Aborting a read transaction in a non-creator thread is a severe usage error and may cause a panic in a future version
2026-01-30 09:11:47.211 30107-30119 System.out              com.fishit.player.v2                 I  Hint: use closeThreadResources() to avoid finalizing recycled transactions (initial commit count: 47362).
2026-01-30 09:11:47.211 30107-30119 Box                     com.fishit.player.v2                 E  Destroying inactive transaction #1050 owned by thread #3 in non-owner thread 'FinalizerDaemon'
2026-01-30 09:11:47.211 30107-30119 Box                     com.fishit.player.v2                 E  Aborting a read transaction in a non-creator thread is a severe usage error and may cause a panic in a future version
2026-01-30 09:11:47.212 30107-30119 System.out              com.fishit.player.v2                 I  Hint: use closeThreadResources() to avoid finalizing recycled transactions (initial commit count: 47474).
2026-01-30 09:11:47.212 30107-30119 Box                     com.fishit.player.v2                 E  Destroying inactive transaction #1056 owned by thread #3 in non-owner thread 'FinalizerDaemon'
2026-01-30 09:11:47.212 30107-30119 Box                     com.fishit.player.v2                 E  Aborting a read transaction in a non-creator thread is a severe usage error and may cause a panic in a future version
2026-01-30 09:11:47.212 30107-30119 System.out              com.fishit.player.v2                 I  Hint: use closeThreadResources() to avoid finalizing recycled transactions (initial commit count: 41921).
2026-01-30 09:11:47.212 30107-30119 Box                     com.fishit.player.v2                 E  Destroying inactive transaction #9314 owned by thread #16 in non-owner thread 'FinalizerDaemon'
2026-01-30 09:11:47.212 30107-30119 Box                     com.fishit.player.v2                 E  Aborting a read transaction in a non-creator thread is a severe usage error and may cause a panic in a future version
2026-01-30 09:11:47.212 30107-30119 System.out              com.fishit.player.v2                 I  Hint: use closeThreadResources() to avoid finalizing recycled transactions (initial commit count: 41987).
2026-01-30 09:11:47.212 30107-30119 Box                     com.fishit.player.v2                 E  Destroying inactive transaction #9328 owned by thread #16 in non-owner thread 'FinalizerDaemon'
2026-01-30 09:11:47.212 30107-30119 Box                     com.fishit.player.v2                 E  Aborting a read transaction in a non-creator thread is a severe usage error and may cause a panic in a future version
2026-01-30 09:11:47.304 30107-30132 NotificationManager     com.fishit.player.v2                 I  com.fishit.player.v2: notify(2131362144, null, Notification(channel=LEAKCANARY_LOW shortcut=null contentView=null vibrate=null sound=null defaults=0x0 flags=0x10 color=0x00000000 groupKey=LEAKCANARY_LOW vis=PRIVATE semFlags=0x0 semPriority=0 semMissedCount=0)) as user
2026-01-30 09:11:47.934 30107-30107 ViewRootIm...nActivity] com.fishit.player.v2                 I  ViewPostIme pointer 0
2026-01-30 09:11:48.058 30107-30107 ViewRootIm...nActivity] com.fishit.player.v2                 I  ViewPostIme pointer 1
2026-01-30 09:11:49.437 30107-30132 ishit.player.v2         com.fishit.player.v2                 I  Explicit concurrent copying GC freed 23888(914KB) AllocSpace objects, 0(0B) LOS objects, 15% free, 131MB/155MB, paused 74us,41us total 126.999ms
2026-01-30 09:11:49.542 30107-30132 NotificationManager     com.fishit.player.v2                 I  com.fishit.player.v2: notify(2131362144, null, Notification(channel=LEAKCANARY_LOW shortcut=null contentView=null vibrate=null sound=null defaults=0x0 flags=0x10 color=0x00000000 groupKey=LEAKCANARY_LOW vis=PRIVATE semFlags=0x0 semPriority=0 semMissedCount=0)) as user
2026-01-30 09:11:49.670 30107-30107 ViewRootIm...nActivity] com.fishit.player.v2                 I  ViewPostIme pointer 0
2026-01-30 09:11:49.777 30107-30107 ViewRootIm...nActivity] com.fishit.player.v2                 I  ViewPostIme pointer 1
2026-01-30 09:11:50.864 30107-30107 ViewRootIm...nActivity] com.fishit.player.v2                 I  ViewPostIme pointer 0
2026-01-30 09:11:51.056 30107-30107 ViewRootIm...nActivity] com.fishit.player.v2                 I  ViewPostIme pointer 1
2026-01-30 09:11:51.662 30107-30132 ishit.player.v2         com.fishit.player.v2                 I  Explicit concurrent copying GC freed 9974(399KB) AllocSpace objects, 0(0B) LOS objects, 15% free, 131MB/155MB, paused 55us,42us total 115.747ms
2026-01-30 09:11:51.773 30107-30132 NotificationManager     com.fishit.player.v2                 I  com.fishit.player.v2: notify(2131362144, null, Notification(channel=LEAKCANARY_LOW shortcut=null contentView=null vibrate=null sound=null defaults=0x0 flags=0x10 color=0x00000000 groupKey=LEAKCANARY_LOW vis=PRIVATE semFlags=0x0 semPriority=0 semMissedCount=0)) as user
2026-01-30 09:11:53.890 30107-30132 ishit.player.v2         com.fishit.player.v2                 I  Explicit concurrent copying GC freed 417(66KB) AllocSpace objects, 0(0B) LOS objects, 15% free, 131MB/155MB, paused 102us,38us total 113.832ms
2026-01-30 09:11:53.996 30107-30132 NotificationManager     com.fishit.player.v2                 I  com.fishit.player.v2: notify(2131362144, null, Notification(channel=LEAKCANARY_LOW shortcut=null contentView=null vibrate=null sound=null defaults=0x0 flags=0x10 color=0x00000000 groupKey=LEAKCANARY_LOW vis=PRIVATE semFlags=0x0 semPriority=0 semMissedCount=0)) as user
2026-01-30 09:11:54.602 30107-30107 ViewRootIm...nActivity] com.fishit.player.v2                 I  ViewPostIme pointer 0
2026-01-30 09:11:54.808 30107-30107 ViewRootIm...nActivity] com.fishit.player.v2                 I  ViewPostIme pointer 1
2026-01-30 09:11:55.688 30107-30107 ViewRootIm...nActivity] com.fishit.player.v2                 I  ViewPostIme pointer 0
2026-01-30 09:11:55.835 30107-30107 ViewRootIm...nActivity] com.fishit.player.v2                 I  ViewPostIme pointer 1
2026-01-30 09:11:56.112 30107-30132 ishit.player.v2         com.fishit.player.v2                 I  Explicit concurrent copying GC freed 11246(480KB) AllocSpace objects, 0(0B) LOS objects, 15% free, 131MB/155MB, paused 55us,42us total 109.571ms
2026-01-30 09:11:56.216 30107-30132 NotificationManager     com.fishit.player.v2                 I  com.fishit.player.v2: notify(2131362144, null, Notification(channel=LEAKCANARY_LOW shortcut=null contentView=null vibrate=null sound=null defaults=0x0 flags=0x10 color=0x00000000 groupKey=LEAKCANARY_LOW vis=PRIVATE semFlags=0x0 semPriority=0 semMissedCount=0)) as user
2026-01-30 09:11:56.940 30107-30107 ViewRootIm...nActivity] com.fishit.player.v2                 I  ViewPostIme pointer 0
2026-01-30 09:11:57.059 30107-30107 ViewRootIm...nActivity] com.fishit.player.v2                 I  ViewPostIme pointer 1
2026-01-30 09:11:58.338 30107-30132 ishit.player.v2         com.fishit.player.v2                 I  Explicit concurrent copying GC freed 14358(595KB) AllocSpace objects, 0(0B) LOS objects, 15% free, 131MB/155MB, paused 71us,42us total 118.764ms
2026-01-30 09:11:58.443 30107-30132 NotificationManager     com.fishit.player.v2                 I  com.fishit.player.v2: notify(2131362144, null, Notification(channel=LEAKCANARY_LOW shortcut=null contentView=null vibrate=null sound=null defaults=0x0 flags=0x10 color=0x00000000 groupKey=LEAKCANARY_LOW vis=PRIVATE semFlags=0x0 semPriority=0 semMissedCount=0)) as user
2026-01-30 09:11:58.456 30107-30107 ViewRootIm...nActivity] com.fishit.player.v2                 I  ViewPostIme pointer 0
2026-01-30 09:11:58.658 30107-30107 ViewRootIm...nActivity] com.fishit.player.v2                 I  ViewPostIme pointer 1
2026-01-30 09:11:59.234 30107-30107 ViewRootIm...nActivity] com.fishit.player.v2                 I  ViewPostIme pointer 0
2026-01-30 09:11:59.506 30107-30107 ViewRootIm...nActivity] com.fishit.player.v2                 I  ViewPostIme pointer 1
2026-01-30 09:12:00.042 30107-30107 ViewRootIm...nActivity] com.fishit.player.v2                 I  ViewPostIme pointer 0
2026-01-30 09:12:00.142 30107-30107 ViewRootIm...nActivity] com.fishit.player.v2                 I  ViewPostIme pointer 1
2026-01-30 09:12:00.546 30107-30132 ishit.player.v2         com.fishit.player.v2                 I  Explicit concurrent copying GC freed 27453(1215KB) AllocSpace objects, 0(0B) LOS objects, 15% free, 131MB/155MB, paused 59us,32us total 99.277ms
2026-01-30 09:12:00.653 30107-30132 NotificationManager     com.fishit.player.v2                 I  com.fishit.player.v2: notify(2131362144, null, Notification(channel=LEAKCANARY_LOW shortcut=null contentView=null vibrate=null sound=null defaults=0x0 flags=0x10 color=0x00000000 groupKey=LEAKCANARY_LOW vis=PRIVATE semFlags=0x0 semPriority=0 semMissedCount=0)) as user
2026-01-30 09:12:01.595 30107-30107 ViewRootIm...nActivity] com.fishit.player.v2                 I  ViewPostIme pointer 0
2026-01-30 09:12:01.776 30107-30107 ViewRootIm...nActivity] com.fishit.player.v2                 I  ViewPostIme pointer 1
2026-01-30 09:12:02.772 30107-30132 ishit.player.v2         com.fishit.player.v2                 I  Explicit concurrent copying GC freed 10761(448KB) AllocSpace objects, 0(0B) LOS objects, 15% free, 131MB/155MB, paused 49us,43us total 114.624ms
2026-01-30 09:12:02.881 30107-30132 NotificationManager     com.fishit.player.v2                 I  com.fishit.player.v2: notify(2131362144, null, Notification(channel=LEAKCANARY_LOW shortcut=null contentView=null vibrate=null sound=null defaults=0x0 flags=0x10 color=0x00000000 groupKey=LEAKCANARY_LOW vis=PRIVATE semFlags=0x0 semPriority=0 semMissedCount=0)) as user
2026-01-30 09:12:03.563 30107-30107 ViewRootIm...nActivity] com.fishit.player.v2                 I  ViewPostIme pointer 0
2026-01-30 09:12:03.645 30107-30107 ViewRootIm...nActivity] com.fishit.player.v2                 I  ViewPostIme pointer 1
2026-01-30 09:12:05.004 30107-30132 ishit.player.v2         com.fishit.player.v2                 I  Explicit concurrent copying GC freed 19102(1028KB) AllocSpace objects, 0(0B) LOS objects, 15% free, 132MB/156MB, paused 45us,40us total 113.847ms
2026-01-30 09:12:05.114 30107-30132 NotificationManager     com.fishit.player.v2                 I  com.fishit.player.v2: notify(2131362144, null, Notification(channel=LEAKCANARY_LOW shortcut=null contentView=null vibrate=null sound=null defaults=0x0 flags=0x10 color=0x00000000 groupKey=LEAKCANARY_LOW vis=PRIVATE semFlags=0x0 semPriority=0 semMissedCount=0)) as user
2026-01-30 09:12:05.984 30107-30107 ViewRootIm...nActivity] com.fishit.player.v2                 I  ViewPostIme pointer 0
2026-01-30 09:12:06.108 30107-30107 ViewRootIm...nActivity] com.fishit.player.v2                 I  ViewPostIme pointer 1
2026-01-30 09:12:07.246 30107-30132 ishit.player.v2         com.fishit.player.v2                 I  Explicit concurrent copying GC freed 32151(1263KB) AllocSpace objects, 0(0B) LOS objects, 15% free, 131MB/155MB, paused 216us,41us total 122.878ms
2026-01-30 09:12:07.352 30107-30132 NotificationManager     com.fishit.player.v2                 I  com.fishit.player.v2: notify(2131362144, null, Notification(channel=LEAKCANARY_LOW shortcut=null contentView=null vibrate=null sound=null defaults=0x0 flags=0x10 color=0x00000000 groupKey=LEAKCANARY_LOW vis=PRIVATE semFlags=0x0 semPriority=0 semMissedCount=0)) as user
2026-01-30 09:12:07.369 30107-30107 ViewRootIm...nActivity] com.fishit.player.v2                 I  ViewPostIme pointer 0
2026-01-30 09:12:07.466 30107-30107 ViewRootIm...nActivity] com.fishit.player.v2                 I  ViewPostIme pointer 1
2026-01-30 09:12:08.177 30107-30107 ViewRootIm...nActivity] com.fishit.player.v2                 I  ViewPostIme pointer 0
2026-01-30 09:12:08.242 30107-30107 ViewRootIm...nActivity] com.fishit.player.v2                 I  ViewPostIme pointer 1
2026-01-30 09:12:08.627 30107-30107 ViewRootIm...nActivity] com.fishit.player.v2                 I  ViewPostIme pointer 0
2026-01-30 09:12:08.735 30107-30107 ViewRootIm...nActivity] com.fishit.player.v2                 I  ViewPostIme pointer 1
2026-01-30 09:12:09.094 30107-30107 ViewRootIm...nActivity] com.fishit.player.v2                 I  ViewPostIme pointer 0
2026-01-30 09:12:09.169 30107-30107 ViewRootIm...nActivity] com.fishit.player.v2                 I  ViewPostIme pointer 1
2026-01-30 09:12:09.474 30107-30132 ishit.player.v2         com.fishit.player.v2                 I  Explicit concurrent copying GC freed 73110(3856KB) AllocSpace objects, 0(0B) LOS objects, 15% free, 132MB/156MB, paused 60us,36us total 118.242ms
2026-01-30 09:12:09.494 30107-30107 ViewRootIm...nActivity] com.fishit.player.v2                 I  ViewPostIme pointer 0
2026-01-30 09:12:09.560 30107-30107 ViewRootIm...nActivity] com.fishit.player.v2                 I  ViewPostIme pointer 1
2026-01-30 09:12:09.578 30107-30132 NotificationManager     com.fishit.player.v2                 I  com.fishit.player.v2: notify(2131362144, null, Notification(channel=LEAKCANARY_LOW shortcut=null contentView=null vibrate=null sound=null defaults=0x0 flags=0x10 color=0x00000000 groupKey=LEAKCANARY_LOW vis=PRIVATE semFlags=0x0 semPriority=0 semMissedCount=0)) as user
2026-01-30 09:12:09.945 30107-30107 ViewRootIm...nActivity] com.fishit.player.v2                 I  ViewPostIme pointer 0
2026-01-30 09:12:10.020 30107-30107 ViewRootIm...nActivity] com.fishit.player.v2                 I  ViewPostIme pointer 1
2026-01-30 09:12:10.262 30107-30107 ViewRootIm...nActivity] com.fishit.player.v2                 I  ViewPostIme pointer 0
2026-01-30 09:12:10.354 30107-30107 ViewRootIm...nActivity] com.fishit.player.v2                 I  ViewPostIme pointer 1
2026-01-30 09:12:10.662 30107-30107 ViewRootIm...nActivity] com.fishit.player.v2                 I  ViewPostIme pointer 0
2026-01-30 09:12:10.720 30107-30107 ViewRootIm...nActivity] com.fishit.player.v2                 I  ViewPostIme pointer 1
2026-01-30 09:12:10.912 30107-30107 ViewRootIm...nActivity] com.fishit.player.v2                 I  ViewPostIme pointer 0
2026-01-30 09:12:10.944 30107-30107 ViewRootIm...nActivity] com.fishit.player.v2                 I  ViewPostIme pointer 1
2026-01-30 09:12:11.032 30107-30107 ViewRootIm...nActivity] com.fishit.player.v2                 I  ViewPostIme pointer 0
2026-01-30 09:12:11.039 30107-30107 ViewRootIm...nActivity] com.fishit.player.v2                 I  ViewPostIme pointer 1
2026-01-30 09:12:11.154 30107-30107 ViewRootIm...nActivity] com.fishit.player.v2                 I  ViewPostIme pointer 0
2026-01-30 09:12:11.212 30107-30107 ViewRootIm...nActivity] com.fishit.player.v2                 I  ViewPostIme pointer 1
2026-01-30 09:12:11.472 30107-30107 ViewRootIm...nActivity] com.fishit.player.v2                 I  ViewPostIme pointer 0
2026-01-30 09:12:11.554 30107-30107 ViewRootIm...nActivity] com.fishit.player.v2                 I  ViewPostIme pointer 1
2026-01-30 09:12:11.677 30107-30107 ViewRootIm...nActivity] com.fishit.player.v2                 I  ViewPostIme pointer 0
2026-01-30 09:12:11.700 30107-30132 ishit.player.v2         com.fishit.player.v2                 I  Explicit concurrent copying GC freed 159857(7959KB) AllocSpace objects, 0(0B) LOS objects, 15% free, 132MB/156MB, paused 109us,41us total 117.741ms
2026-01-30 09:12:11.712 30107-30107 ViewRootIm...nActivity] com.fishit.player.v2                 I  ViewPostIme pointer 1
2026-01-30 09:12:11.863 30107-30132 NotificationManager     com.fishit.player.v2                 I  com.fishit.player.v2: notify(2131362144, null, Notification(channel=LEAKCANARY_LOW shortcut=null contentView=null vibrate=null sound=null defaults=0x0 flags=0x10 color=0x00000000 groupKey=LEAKCANARY_LOW vis=PRIVATE semFlags=0x0 semPriority=0 semMissedCount=0)) as user
2026-01-30 09:12:13.996 30107-30132 ishit.player.v2         com.fishit.player.v2                 I  Explicit concurrent copying GC freed 31956(1428KB) AllocSpace objects, 0(0B) LOS objects, 15% free, 132MB/156MB, paused 73us,38us total 128.637ms
2026-01-30 09:12:14.052 30107-30107 ViewRootIm...nActivity] com.fishit.player.v2                 I  ViewPostIme pointer 0
2026-01-30 09:12:14.101 30107-30132 NotificationManager     com.fishit.player.v2                 I  com.fishit.player.v2: notify(2131362144, null, Notification(channel=LEAKCANARY_LOW shortcut=null contentView=null vibrate=null sound=null defaults=0x0 flags=0x10 color=0x00000000 groupKey=LEAKCANARY_LOW vis=PRIVATE semFlags=0x0 semPriority=0 semMissedCount=0)) as user
2026-01-30 09:12:14.107 30107-30107 ViewRootIm...nActivity] com.fishit.player.v2                 I  ViewPostIme pointer 1
2026-01-30 09:12:16.230 30107-30132 ishit.player.v2         com.fishit.player.v2                 I  Explicit concurrent copying GC freed 26196(1213KB) AllocSpace objects, 2(68KB) LOS objects, 15% free, 132MB/156MB, paused 76us,38us total 124.450ms
2026-01-30 09:12:16.336 30107-30132 NotificationManager     com.fishit.player.v2                 I  com.fishit.player.v2: notify(2131362144, null, Notification(channel=LEAKCANARY_LOW shortcut=null contentView=null vibrate=null sound=null defaults=0x0 flags=0x10 color=0x00000000 groupKey=LEAKCANARY_LOW vis=PRIVATE semFlags=0x0 semPriority=0 semMissedCount=0)) as user
2026-01-30 09:12:17.699 30107-30107 ViewRootIm...nActivity] com.fishit.player.v2                 I  ViewPostIme pointer 0
2026-01-30 09:12:18.179 30107-30107 ViewRootIm...nActivity] com.fishit.player.v2                 I  ViewPostIme pointer 1
2026-01-30 09:12:18.446 30107-30132 ishit.player.v2         com.fishit.player.v2                 I  Explicit concurrent copying GC freed 6893(253KB) AllocSpace objects, 0(0B) LOS objects, 15% free, 132MB/156MB, paused 57us,38us total 107.788ms
2026-01-30 09:12:18.554 30107-30132 NotificationManager     com.fishit.player.v2                 I  com.fishit.player.v2: notify(2131362144, null, Notification(channel=LEAKCANARY_LOW shortcut=null contentView=null vibrate=null sound=null defaults=0x0 flags=0x10 color=0x00000000 groupKey=LEAKCANARY_LOW vis=PRIVATE semFlags=0x0 semPriority=0 semMissedCount=0)) as user
2026-01-30 09:12:19.924 30107-30107 ViewRootIm...nActivity] com.fishit.player.v2                 I  ViewPostIme pointer 0
2026-01-30 09:12:20.376 30107-30107 ViewRootIm...nActivity] com.fishit.player.v2                 I  ViewPostIme pointer 1
2026-01-30 09:12:20.674 30107-30132 ishit.player.v2         com.fishit.player.v2                 I  Explicit concurrent copying GC freed 5757(221KB) AllocSpace objects, 0(0B) LOS objects, 15% free, 132MB/156MB, paused 66us,38us total 115.799ms
2026-01-30 09:12:20.779 30107-30132 NotificationManager     com.fishit.player.v2                 I  com.fishit.player.v2: notify(2131362144, null, Notification(channel=LEAKCANARY_LOW shortcut=null contentView=null vibrate=null sound=null defaults=0x0 flags=0x10 color=0x00000000 groupKey=LEAKCANARY_LOW vis=PRIVATE semFlags=0x0 semPriority=0 semMissedCount=0)) as user
2026-01-30 09:12:21.387 30107-30107 ViewRootIm...nActivity] com.fishit.player.v2                 I  ViewPostIme pointer 0
2026-01-30 09:12:21.866 30107-30107 ViewRootIm...nActivity] com.fishit.player.v2                 I  ViewPostIme pointer 1
2026-01-30 09:12:22.595 30107-30107 ViewRootIm...nActivity] com.fishit.player.v2                 I  ViewPostIme pointer 0
2026-01-30 09:12:22.902 30107-30132 ishit.player.v2         com.fishit.player.v2                 I  Explicit concurrent copying GC freed 7291(256KB) AllocSpace objects, 0(0B) LOS objects, 15% free, 132MB/156MB, paused 66us,36us total 118.904ms
2026-01-30 09:12:23.006 30107-30132 NotificationManager     com.fishit.player.v2                 I  com.fishit.player.v2: notify(2131362144, null, Notification(channel=LEAKCANARY_LOW shortcut=null contentView=null vibrate=null sound=null defaults=0x0 flags=0x10 color=0x00000000 groupKey=LEAKCANARY_LOW vis=PRIVATE semFlags=0x0 semPriority=0 semMissedCount=0)) as user
2026-01-30 09:12:23.028 30107-30107 ViewRootIm...nActivity] com.fishit.player.v2                 I  ViewPostIme pointer 1
2026-01-30 09:12:23.553 30107-30107 ViewRootIm...nActivity] com.fishit.player.v2                 I  ViewPostIme pointer 0
2026-01-30 09:12:23.935 30107-30107 ViewRootIm...nActivity] com.fishit.player.v2                 I  ViewPostIme pointer 1
2026-01-30 09:12:24.876 30107-30107 ViewRootIm...nActivity] com.fishit.player.v2                 I  ViewPostIme pointer 0
2026-01-30 09:12:25.130 30107-30132 ishit.player.v2         com.fishit.player.v2                 I  Explicit concurrent copying GC freed 10065(336KB) AllocSpace objects, 0(0B) LOS objects, 15% free, 132MB/156MB, paused 170us,44us total 119.577ms
2026-01-30 09:12:25.235 30107-30132 NotificationManager     com.fishit.player.v2                 I  com.fishit.player.v2: notify(2131362144, null, Notification(channel=LEAKCANARY_LOW shortcut=null contentView=null vibrate=null sound=null defaults=0x0 flags=0x10 color=0x00000000 groupKey=LEAKCANARY_LOW vis=PRIVATE semFlags=0x0 semPriority=0 semMissedCount=0)) as user
2026-01-30 09:12:25.346 30107-30107 ViewRootIm...nActivity] com.fishit.player.v2                 I  ViewPostIme pointer 1
2026-01-30 09:12:26.149 30107-30107 ViewRootIm...nActivity] com.fishit.player.v2                 I  ViewPostIme pointer 0
2026-01-30 09:12:26.673 30107-30107 ViewRootIm...nActivity] com.fishit.player.v2                 I  ViewPostIme pointer 1
2026-01-30 09:12:27.325 30107-30107 ViewRootIm...nActivity] com.fishit.player.v2                 I  ViewPostIme pointer 0
2026-01-30 09:12:27.363 30107-30132 ishit.player.v2         com.fishit.player.v2                 I  Explicit concurrent copying GC freed 12773(400KB) AllocSpace objects, 0(0B) LOS objects, 15% free, 132MB/156MB, paused 79us,40us total 123.999ms
2026-01-30 09:12:27.468 30107-30132 NotificationManager     com.fishit.player.v2                 I  com.fishit.player.v2: notify(2131362144, null, Notification(channel=LEAKCANARY_LOW shortcut=null contentView=null vibrate=null sound=null defaults=0x0 flags=0x10 color=0x00000000 groupKey=LEAKCANARY_LOW vis=PRIVATE semFlags=0x0 semPriority=0 semMissedCount=0)) as user
2026-01-30 09:12:27.649 30107-30107 ViewRootIm...nActivity] com.fishit.player.v2                 I  ViewPostIme pointer 1
2026-01-30 09:12:28.443 30107-30107 ViewRootIm...nActivity] com.fishit.player.v2                 I  ViewPostIme pointer 0
2026-01-30 09:12:28.858 30107-30107 ViewRootIm...nActivity] com.fishit.player.v2                 I  ViewPostIme pointer 1
2026-01-30 09:12:29.592 30107-30132 ishit.player.v2         com.fishit.player.v2                 I  Explicit concurrent copying GC freed 13255(400KB) AllocSpace objects, 0(0B) LOS objects, 15% free, 132MB/156MB, paused 56us,37us total 120.724ms
2026-01-30 09:12:29.601 30107-30107 ViewRootIm...nActivity] com.fishit.player.v2                 I  ViewPostIme pointer 0
2026-01-30 09:12:29.697 30107-30132 NotificationManager     com.fishit.player.v2                 I  com.fishit.player.v2: notify(2131362144, null, Notification(channel=LEAKCANARY_LOW shortcut=null contentView=null vibrate=null sound=null defaults=0x0 flags=0x10 color=0x00000000 groupKey=LEAKCANARY_LOW vis=PRIVATE semFlags=0x0 semPriority=0 semMissedCount=0)) as user
2026-01-30 09:12:29.969 30107-30107 ViewRootIm...nActivity] com.fishit.player.v2                 I  ViewPostIme pointer 1
2026-01-30 09:12:30.813 30107-30107 ViewRootIm...nActivity] com.fishit.player.v2                 I  ViewPostIme pointer 0
2026-01-30 09:12:31.087 30107-30107 ViewRootIm...nActivity] com.fishit.player.v2                 I  ViewPostIme pointer 1
2026-01-30 09:12:31.820 30107-30132 ishit.player.v2         com.fishit.player.v2                 I  Explicit concurrent copying GC freed 9678(319KB) AllocSpace objects, 0(0B) LOS objects, 15% free, 132MB/156MB, paused 56us,38us total 119.256ms
2026-01-30 09:12:31.928 30107-30132 NotificationManager     com.fishit.player.v2                 I  com.fishit.player.v2: notify(2131362144, null, Notification(channel=LEAKCANARY_LOW shortcut=null contentView=null vibrate=null sound=null defaults=0x0 flags=0x10 color=0x00000000 groupKey=LEAKCANARY_LOW vis=PRIVATE semFlags=0x0 semPriority=0 semMissedCount=0)) as user
2026-01-30 09:12:32.397 30107-30107 ViewRootIm...nActivity] com.fishit.player.v2                 I  ViewPostIme pointer 0
2026-01-30 09:12:32.705 30107-30107 ViewRootIm...nActivity] com.fishit.player.v2                 I  ViewPostIme pointer 1
2026-01-30 09:12:34.046 30107-30132 ishit.player.v2         com.fishit.player.v2                 I  Explicit concurrent copying GC freed 1855(160KB) AllocSpace objects, 0(0B) LOS objects, 15% free, 132MB/156MB, paused 83us,39us total 114.721ms
2026-01-30 09:12:34.151 30107-30132 NotificationManager     com.fishit.player.v2                 I  com.fishit.player.v2: notify(2131362144, null, Notification(channel=LEAKCANARY_LOW shortcut=null contentView=null vibrate=null sound=null defaults=0x0 flags=0x10 color=0x00000000 groupKey=LEAKCANARY_LOW vis=PRIVATE semFlags=0x0 semPriority=0 semMissedCount=0)) as user
2026-01-30 09:12:36.272 30107-30132 ishit.player.v2         com.fishit.player.v2                 I  Explicit concurrent copying GC freed 230(64KB) AllocSpace objects, 0(0B) LOS objects, 15% free, 132MB/156MB, paused 92us,36us total 113.958ms
2026-01-30 09:12:36.381 30107-30132 NotificationManager     com.fishit.player.v2                 I  com.fishit.player.v2: notify(2131362144, null, Notification(channel=LEAKCANARY_LOW shortcut=null contentView=null vibrate=null sound=null defaults=0x0 flags=0x10 color=0x00000000 groupKey=LEAKCANARY_LOW vis=PRIVATE semFlags=0x0 semPriority=0 semMissedCount=0)) as user
2026-01-30 09:12:38.522 30107-30132 ishit.player.v2         com.fishit.player.v2                 I  Explicit concurrent copying GC freed 213(64KB) AllocSpace objects, 0(0B) LOS objects, 15% free, 132MB/156MB, paused 158us,39us total 134.627ms
2026-01-30 09:12:38.629 30107-30132 NotificationManager     com.fishit.player.v2                 I  com.fishit.player.v2: notify(2131362144, null, Notification(channel=LEAKCANARY_LOW shortcut=null contentView=null vibrate=null sound=null defaults=0x0 flags=0x10 color=0x00000000 groupKey=LEAKCANARY_LOW vis=PRIVATE semFlags=0x0 semPriority=0 semMissedCount=0)) as user
2026-01-30 09:12:40.117 30107-30107 ViewRootIm...nActivity] com.fishit.player.v2                 I  ViewPostIme pointer 0
2026-01-30 09:12:40.217 30107-30107 ViewRootIm...nActivity] com.fishit.player.v2                 I  ViewPostIme pointer 1
2026-01-30 09:12:40.750 30107-30132 ishit.player.v2         com.fishit.player.v2                 I  Explicit concurrent copying GC freed 4983(189KB) AllocSpace objects, 0(0B) LOS objects, 15% free, 132MB/156MB, paused 65us,35us total 115.067ms
2026-01-30 09:12:40.856 30107-30132 NotificationManager     com.fishit.player.v2                 I  com.fishit.player.v2: notify(2131362144, null, Notification(channel=LEAKCANARY_LOW shortcut=null contentView=null vibrate=null sound=null defaults=0x0 flags=0x10 color=0x00000000 groupKey=LEAKCANARY_LOW vis=PRIVATE semFlags=0x0 semPriority=0 semMissedCount=0)) as user
2026-01-30 09:12:41.001 30107-30107 ViewRootIm...nActivity] com.fishit.player.v2                 I  ViewPostIme pointer 0
2026-01-30 09:12:41.064 30107-30107 ViewRootIm...nActivity] com.fishit.player.v2                 I  ViewPostIme pointer 1
2026-01-30 09:12:41.792 30107-30107 ViewRootIm...nActivity] com.fishit.player.v2                 I  ViewPostIme pointer 0
2026-01-30 09:12:41.881 30107-30107 ViewRootIm...nActivity] com.fishit.player.v2                 I  ViewPostIme pointer 1
2026-01-30 09:12:43.002 30107-30132 ishit.player.v2         com.fishit.player.v2                 I  Explicit concurrent copying GC freed 20479(761KB) AllocSpace objects, 1(36KB) LOS objects, 15% free, 133MB/157MB, paused 228us,35us total 139.267ms
2026-01-30 09:12:43.111 30107-30132 NotificationManager     com.fishit.player.v2                 I  com.fishit.player.v2: notify(2131362144, null, Notification(channel=LEAKCANARY_LOW shortcut=null contentView=null vibrate=null sound=null defaults=0x0 flags=0x10 color=0x00000000 groupKey=LEAKCANARY_LOW vis=PRIVATE semFlags=0x0 semPriority=0 semMissedCount=0)) as user
2026-01-30 09:12:43.669 30107-30107 ViewRootIm...nActivity] com.fishit.player.v2                 I  ViewPostIme pointer 0
2026-01-30 09:12:43.776 30107-30107 ViewRootIm...nActivity] com.fishit.player.v2                 I  ViewPostIme pointer 1
2026-01-30 09:12:44.637 30107-30107 ViewRootIm...nActivity] com.fishit.player.v2                 I  ViewPostIme pointer 0
2026-01-30 09:12:44.717 30107-30107 ViewRootIm...nActivity] com.fishit.player.v2                 I  ViewPostIme pointer 1
2026-01-30 09:12:45.236 30107-30132 ishit.player.v2         com.fishit.player.v2                 I  Explicit concurrent copying GC freed 51563(2328KB) AllocSpace objects, 0(0B) LOS objects, 15% free, 132MB/156MB, paused 66us,34us total 117.480ms
2026-01-30 09:12:45.344 30107-30132 NotificationManager     com.fishit.player.v2                 I  com.fishit.player.v2: notify(2131362144, null, Notification(channel=LEAKCANARY_LOW shortcut=null contentView=null vibrate=null sound=null defaults=0x0 flags=0x10 color=0x00000000 groupKey=LEAKCANARY_LOW vis=PRIVATE semFlags=0x0 semPriority=0 semMissedCount=0)) as user
2026-01-30 09:12:45.554 30107-30107 ViewRootIm...nActivity] com.fishit.player.v2                 I  ViewPostIme pointer 0
2026-01-30 09:12:45.627 30107-30107 ViewRootIm...nActivity] com.fishit.player.v2                 I  ViewPostIme pointer 1
2026-01-30 09:12:47.425 30107-30107 ViewRootIm...nActivity] com.fishit.player.v2                 I  ViewPostIme pointer 0
2026-01-30 09:12:47.458 30107-30132 ishit.player.v2         com.fishit.player.v2                 I  Explicit concurrent copying GC freed 255308(12MB) AllocSpace objects, 0(0B) LOS objects, 16% free, 121MB/145MB, paused 84us,37us total 106.900ms
2026-01-30 09:12:47.461 30107-30119 System.out              com.fishit.player.v2                 I  Hint: use closeThreadResources() to avoid finalizing recycled transactions (initial commit count: 49421).
2026-01-30 09:12:47.461 30107-30119 Box                     com.fishit.player.v2                 W  Skipping low-level close for read-only cursor (non-creator thread 'FinalizerDaemon')
2026-01-30 09:12:47.461 30107-30119 Box                     com.fishit.player.v2                 E  Destroying inactive transaction #160 owned by thread #2 in non-owner thread 'FinalizerDaemon'
2026-01-30 09:12:47.461 30107-30119 Box                     com.fishit.player.v2                 E  Aborting a read transaction in a non-creator thread is a severe usage error and may cause a panic in a future version
2026-01-30 09:12:47.461 30107-30119 System.out              com.fishit.player.v2                 I  Hint: use closeThreadResources() to avoid finalizing recycled transactions (initial commit count: 49421).
2026-01-30 09:12:47.461 30107-30119 Box                     com.fishit.player.v2                 W  Skipping low-level close for read-only cursor (non-creator thread 'FinalizerDaemon')
2026-01-30 09:12:47.461 30107-30119 Box                     com.fishit.player.v2                 E  Destroying inactive transaction #161 owned by thread #2 in non-owner thread 'FinalizerDaemon'
2026-01-30 09:12:47.461 30107-30119 Box                     com.fishit.player.v2                 E  Aborting a read transaction in a non-creator thread is a severe usage error and may cause a panic in a future version
2026-01-30 09:12:47.489 30107-30107 ViewRootIm...nActivity] com.fishit.player.v2                 I  ViewPostIme pointer 1
2026-01-30 09:12:47.510 30107-30107 InputMethodManagerUtils com.fishit.player.v2                 D  startInputInner - Id : 0
2026-01-30 09:12:47.510 30107-30107 InputMethodManager      com.fishit.player.v2                 I  startInputInner - IInputMethodManagerGlobalInvoker.startInputOrWindowGainedFocus
2026-01-30 09:12:47.514 30107-30107 ImeTracker              com.fishit.player.v2                 I  com.fishit.player.v2:26e62175: onRequestShow at ORIGIN_CLIENT_SHOW_SOFT_INPUT reason SHOW_SOFT_INPUT_BY_INSETS_API
2026-01-30 09:12:47.514 30107-30107 InsetsController        com.fishit.player.v2                 D  show(ime(), fromIme=false)
2026-01-30 09:12:47.515 30107-30107 InsetsController        com.fishit.player.v2                 I  setRequestedVisibleTypes: visible=true, mask=ime, host=com.fishit.player.v2/com.fishit.player.v2.MainActivity, from=android.view.InsetsController.controlAnimationUnchecked:1445 android.view.InsetsController.applyAnimation:2005 android.view.InsetsController.applyAnimation:1968 android.view.InsetsController.show:1309 android.view.InsetsController.show:1237 androidx.core.view.SoftwareKeyboardControllerCompat$Impl30.show:194 androidx.core.view.SoftwareKeyboardControllerCompat.show:71 androidx.compose.ui.text.input.InputMethodManagerImpl.showSoftInput:81 androidx.compose.ui.text.input.TextInputServiceAndroid.setKeyboardVisibleImmediately:475 androidx.compose.ui.text.input.TextInputServiceAndroid.processInputCommands:359
2026-01-30 09:12:47.515 30107-30107 InputMethodManager_LC   com.fishit.player.v2                 I  ris()
2026-01-30 09:12:47.515 30107-30107 InputMethodManager_LC   com.fishit.player.v2                 I  ssi(): flags=0 view=com.fishit.player.v2 reason = SHOW_SOFT_INPUT_BY_INSETS_API
2026-01-30 09:12:47.515 30107-30107 InputMethodManager_LC   com.fishit.player.v2                 I  ssi() view is not EditText
2026-01-30 09:12:47.516 30107-30107 InputMethodManager      com.fishit.player.v2                 D  showSoftInput() view=androidx.compose.ui.platform.AndroidComposeView{db56336 VFED..... .F....ID 0,0-1080,2400 aid=1073741826} flags=0 reason=SHOW_SOFT_INPUT_BY_INSETS_API
2026-01-30 09:12:47.521 30107-30107 InsetsController        com.fishit.player.v2                 I  setRequestedVisibleTypes: visible=false, mask=ime, host=com.fishit.player.v2/com.fishit.player.v2.MainActivity, from=android.view.InsetsController.controlAnimationUncheckedInner:1546 android.view.InsetsController.controlAnimationUnchecked:1449 android.view.InsetsController.applyAnimation:2005 android.view.InsetsController.applyAnimation:1968 android.view.InsetsController.show:1309 android.view.InsetsController.show:1237 androidx.core.view.SoftwareKeyboardControllerCompat$Impl30.show:194 androidx.core.view.SoftwareKeyboardControllerCompat.show:71 androidx.compose.ui.text.input.InputMethodManagerImpl.showSoftInput:81 androidx.compose.ui.text.input.TextInputServiceAndroid.setKeyboardVisibleImmediately:475
