2026-01-30 14:49:41.681 29280-29516 XtreamApiClient         com.fishit.player.v2                 D  buildPlayerApiUrl: action=get_short_epg -> konigtv.com/player_api.php
2026-01-30 14:49:41.751 29280-29520 XtreamApiClient         com.fishit.player.v2                 D  NetworkProbe: HTTP 200 for konigtv.com/player_api.php | bytes=259784 contentType=application/json
2026-01-30 14:49:41.854 29280-29290 InputTransport          com.fishit.player.v2                 D  Input channel destroyed: 'ClientS', fd=131
2026-01-30 14:49:41.871 29280-29520 XtreamApiClient         com.fishit.player.v2                 D  NetworkProbe: Manually decompressed gzip body for konigtv.com/player_api.php | original=259784 decompressed=3288108
2026-01-30 14:49:41.891 29280-29516 XtreamApiClient         com.fishit.player.v2                 D  NetworkProbe: HTTP 200 for konigtv.com/player_api.php | bytes=39 contentType=application/json
2026-01-30 14:49:41.895 29280-29516 XtreamApiClient         com.fishit.player.v2                 D  NetworkProbe: Manually decompressed gzip body for konigtv.com/player_api.php | original=39 decompressed=19
2026-01-30 14:49:42.294 29280-29515 XtreamApiClient         com.fishit.player.v2                 D  NetworkProbe: HTTP 200 for konigtv.com/player_api.php | bytes=2043403 contentType=application/json
2026-01-30 14:49:42.593 29280-29515 XtreamApiClient         com.fishit.player.v2                 D  NetworkProbe: Manually decompressed gzip body for konigtv.com/player_api.php | original=2043403 decompressed=6215313
2026-01-30 14:49:42.895 29280-29289 ishit.player.v2         com.fishit.player.v2                 I  Background concurrent copying GC freed 2086(139KB) AllocSpace objects, 5(13MB) LOS objects, 37% free, 40MB/64MB, paused 87us,62us total 120.494ms
2026-01-30 14:49:43.340 29280-29515 XtreamApiClient         com.fishit.player.v2                 D  buildPlayerApiUrl: action=null -> konigtv.com/player_api.php
2026-01-30 14:49:43.341 29280-29515 XtreamApiClient         com.fishit.player.v2                 D  getServerInfo: Fetching from konigtv.com/player_api.php
2026-01-30 14:49:43.422 29280-29515 XtreamApiClient         com.fishit.player.v2                 D  NetworkProbe: HTTP 200 for konigtv.com/player_api.php | bytes=320 contentType=application/json
2026-01-30 14:49:43.427 29280-29515 XtreamApiClient         com.fishit.player.v2                 D  NetworkProbe: Manually decompressed gzip body for konigtv.com/player_api.php | original=320 decompressed=458
2026-01-30 14:49:43.429 29280-29515 XtreamApiClient         com.fishit.player.v2                 D  getServerInfo: Received 458 bytes, parsing...
2026-01-30 14:49:43.448 29280-29515 XtreamApiClient         com.fishit.player.v2                 D  Server info retrieved: konigtv.com
2026-01-30 14:49:43.453 29280-29520 XtreamAuthRepoAdapter   com.fishit.player.v2                 D  authState -> Authenticated(userInfo=XtreamUserInfo(username=Christoph10, status=ACTIVE, expDateEpoch=1797326326, maxConnections=1, activeConnections=0, isTrial=false, allowedFormats=[m3u8, ts], createdAt=1757512912, message=Welcome)) | domain=Authenticated
2026-01-30 14:49:43.454 29280-29280 XtreamAuthRepoAdapter   com.fishit.player.v2                 D  initialize: API client initialized successfully with capabilities: http://konigtv.com:8080
2026-01-30 14:49:43.455 29280-29520 XtreamAuthRepoAdapter   com.fishit.player.v2                 D  connectionState -> Connected(baseUrl=http://konigtv.com:8080, latencyMs=7055) | domain=Connected
2026-01-30 14:49:43.480 29280-29516 SourceActi...onObserver com.fishit.player.v2                 I  Active sources changed: [XTREAM] → enqueuing auto sync
2026-01-30 14:49:43.481 29280-29516 CatalogSyncScheduler    com.fishit.player.v2                 D  Enqueueing AUTO sync
2026-01-30 14:49:43.483 29280-29540 CatalogSyncBootstrap    com.fishit.player.v2                 D  Source activation check: activeSources=[XTREAM], hasActive=true
2026-01-30 14:49:43.485 29280-29540 SourceActivationStore   com.fishit.player.v2                 D  Loaded state from DataStore: SourceActivationSnapshot(xtream=Active, telegram=Inactive, io=Inactive)
2026-01-30 14:49:43.527 29280-29567 Compatibil...geReporter com.fishit.player.v2                 D  Compat change id reported: 194532703; UID 10495; state: ENABLED
2026-01-30 14:49:43.528 29280-29567 Compatibil...geReporter com.fishit.player.v2                 D  Compat change id reported: 253665015; UID 10495; state: ENABLED
2026-01-30 14:49:43.528 29280-29567 WM-SystemJobScheduler   com.fishit.player.v2                 D  Scheduling work ID 01352d98-1c76-46c6-983c-67aa4f66b6d7Job ID 0
2026-01-30 14:49:43.557 29280-29567 WM-GreedyScheduler      com.fishit.player.v2                 D  Starting work for 01352d98-1c76-46c6-983c-67aa4f66b6d7
2026-01-30 14:49:43.568 29280-29567 WM-Processor            com.fishit.player.v2                 D  Processor: processing WorkGenerationalId(workSpecId=01352d98-1c76-46c6-983c-67aa4f66b6d7, generation=0)
2026-01-30 14:49:43.575 29280-29567 Compatibil...geReporter com.fishit.player.v2                 D  Compat change id reported: 263076149; UID 10495; state: ENABLED
2026-01-30 14:49:43.578 29280-29280 SourceActivationStore   com.fishit.player.v2                 I  Source activation changed: XTREAM -> Active
2026-01-30 14:49:43.579 29280-29280 XtreamAuthRepoAdapter   com.fishit.player.v2                 I  initialize: XTREAM source activated
2026-01-30 14:49:43.579 29280-29280 OnboardingViewModel     com.fishit.player.v2                 D  connectXtream: Initialize succeeded, saving credentials
2026-01-30 14:49:43.596 29280-29567 WM-PackageManagerHelper com.fishit.player.v2                 D  androidx.work.impl.background.systemalarm.RescheduleReceiver enabled
2026-01-30 14:49:43.601 29280-29516 XtreamCredStore         com.fishit.player.v2                 I  Stored credentials: scheme=http, host=konigtv.com, port=8080
2026-01-30 14:49:43.610 29280-29280 WM-WorkerWrapper        com.fishit.player.v2                 D  Starting work for com.fishit.player.v2.work.CatalogSyncOrchestratorWorker
2026-01-30 14:49:43.612 29280-29516 CatalogSyn...atorWorker com.fishit.player.v2                 I  START sync_run_id=41b53b2d-bfa0-49bd-8f6f-0a0c942bbd65 mode=auto
2026-01-30 14:49:43.616 29280-29280 WM-SystemJobService     com.fishit.player.v2                 D  onStartJob for WorkGenerationalId(workSpecId=01352d98-1c76-46c6-983c-67aa4f66b6d7, generation=0)
2026-01-30 14:49:43.617 29280-29516 RuntimeGuards           com.fishit.player.v2                 D  Manual sync (auto) - skipping battery guard (level=94%)
2026-01-30 14:49:43.617 29280-29516 CatalogSyn...atorWorker com.fishit.player.v2                 I  Active sources check: [XTREAM] (isEmpty=false)
2026-01-30 14:49:43.618 29280-29516 CatalogSyn...atorWorker com.fishit.player.v2                 D  Active sources: [XTREAM] (TELEGRAM=false, XTREAM=true, IO=false)
2026-01-30 14:49:43.620 29280-29542 WM-Processor            com.fishit.player.v2                 D  Work WorkGenerationalId(workSpecId=01352d98-1c76-46c6-983c-67aa4f66b6d7, generation=0) is already enqueued for processing
2026-01-30 14:49:43.621 29280-29516 CatalogSyn...atorWorker com.fishit.player.v2                 D  Enqueued Xtream chain: work_name=catalog_sync_global_xtream policy=KEEP workers=2
2026-01-30 14:49:43.621 29280-29516 CatalogSyn...atorWorker com.fishit.player.v2                 D  Telegram not in active sources - skipping Telegram workers
2026-01-30 14:49:43.622 29280-29516 CatalogSyn...atorWorker com.fishit.player.v2                 D  📊 WorkInfo chains enqueued:
                                                                                                      [XTREAM] work_name=catalog_sync_global_xtream → ENQUEUED
                                                                                                      Use 'adb shell dumpsys jobscheduler' or WorkManager Inspector for detailed state
2026-01-30 14:49:43.623 29280-29516 CatalogSyn...atorWorker com.fishit.player.v2                 I  CHAINS_ENQUEUED duration_ms=12 policy=KEEP sources=XTREAM (downstream workers will report completion)
2026-01-30 14:49:43.639 29280-29542 WM-SystemJobScheduler   com.fishit.player.v2                 D  Scheduling work ID 5e0b7f03-3a02-4789-9a4e-54797f7427f4Job ID 1
2026-01-30 14:49:43.654 29280-29280 WM-SystemJobService     com.fishit.player.v2                 D  onStartJob for WorkGenerationalId(workSpecId=5e0b7f03-3a02-4789-9a4e-54797f7427f4, generation=0)
2026-01-30 14:49:43.654 29280-29542 WM-GreedyScheduler      com.fishit.player.v2                 D  Starting work for 5e0b7f03-3a02-4789-9a4e-54797f7427f4
2026-01-30 14:49:43.658 29280-29542 WM-WorkerWrapper        com.fishit.player.v2                 I  Worker result SUCCESS for Work [ id=01352d98-1c76-46c6-983c-67aa4f66b6d7, tags={ com.fishit.player.v2.work.CatalogSyncOrchestratorWorker,catalog_sync,mode_auto,worker/CatalogSyncOrchestratorWorker } ]
2026-01-30 14:49:43.660 29280-29280 WM-Processor            com.fishit.player.v2                 D  Processor 01352d98-1c76-46c6-983c-67aa4f66b6d7 executed; reschedule = false
2026-01-30 14:49:43.660 29280-29280 WM-SystemJobService     com.fishit.player.v2                 D  01352d98-1c76-46c6-983c-67aa4f66b6d7 executed on JobScheduler
2026-01-30 14:49:43.665 29280-29542 WM-Processor            com.fishit.player.v2                 D  Processor: processing WorkGenerationalId(workSpecId=5e0b7f03-3a02-4789-9a4e-54797f7427f4, generation=0)
2026-01-30 14:49:43.667 29280-29542 WM-Processor            com.fishit.player.v2                 D  Work WorkGenerationalId(workSpecId=5e0b7f03-3a02-4789-9a4e-54797f7427f4, generation=0) is already enqueued for processing
2026-01-30 14:49:43.669 29280-29542 WM-GreedyScheduler      com.fishit.player.v2                 D  Cancelling work ID 01352d98-1c76-46c6-983c-67aa4f66b6d7
2026-01-30 14:49:43.682 29280-29280 WM-WorkerWrapper        com.fishit.player.v2                 D  Starting work for com.fishit.player.v2.work.XtreamPreflightWorker
2026-01-30 14:49:43.683 29280-29516 XtreamPreflightWorker   com.fishit.player.v2                 I  START sync_run_id=41b53b2d-bfa0-49bd-8f6f-0a0c942bbd65 mode=auto source=XTREAM attempt=0/5
2026-01-30 14:49:43.685 29280-29516 RuntimeGuards           com.fishit.player.v2                 D  Manual sync (auto) - skipping battery guard (level=94%)
2026-01-30 14:49:43.686 29280-29516 XtreamPreflightWorker   com.fishit.player.v2                 I  SUCCESS duration_ms=4 (credentials valid)
2026-01-30 14:49:43.689 29280-29570 WM-WorkerWrapper        com.fishit.player.v2                 I  Worker result SUCCESS for Work [ id=5e0b7f03-3a02-4789-9a4e-54797f7427f4, tags={ com.fishit.player.v2.work.XtreamPreflightWorker,catalog_sync,source_xtream,worker/XtreamPreflightWorker } ]
2026-01-30 14:49:43.691 29280-29570 WM-WorkerWrapper        com.fishit.player.v2                 I  Setting status to enqueued for 2e7ee8d4-ba0d-4e7f-a582-c498185ee4b9
2026-01-30 14:49:43.693 29280-29280 WM-Processor            com.fishit.player.v2                 D  Processor 5e0b7f03-3a02-4789-9a4e-54797f7427f4 executed; reschedule = false
2026-01-30 14:49:43.694 29280-29280 WM-SystemJobService     com.fishit.player.v2                 D  5e0b7f03-3a02-4789-9a4e-54797f7427f4 executed on JobScheduler
2026-01-30 14:49:43.698 29280-29567 WM-GreedyScheduler      com.fishit.player.v2                 D  Cancelling work ID 5e0b7f03-3a02-4789-9a4e-54797f7427f4
2026-01-30 14:49:43.713 29280-29567 WM-SystemJobScheduler   com.fishit.player.v2                 D  Scheduling work ID 2e7ee8d4-ba0d-4e7f-a582-c498185ee4b9Job ID 2
2026-01-30 14:49:43.720 29280-29567 WM-GreedyScheduler      com.fishit.player.v2                 D  Starting work for 2e7ee8d4-ba0d-4e7f-a582-c498185ee4b9
2026-01-30 14:49:43.724 29280-29280 WM-SystemJobService     com.fishit.player.v2                 D  onStartJob for WorkGenerationalId(workSpecId=2e7ee8d4-ba0d-4e7f-a582-c498185ee4b9, generation=0)
2026-01-30 14:49:43.728 29280-29567 WM-Processor            com.fishit.player.v2                 D  Processor: processing WorkGenerationalId(workSpecId=2e7ee8d4-ba0d-4e7f-a582-c498185ee4b9, generation=0)
2026-01-30 14:49:43.731 29280-29567 WM-Processor            com.fishit.player.v2                 D  Work WorkGenerationalId(workSpecId=2e7ee8d4-ba0d-4e7f-a582-c498185ee4b9, generation=0) is already enqueued for processing
2026-01-30 14:49:43.929 29280-29280 WM-WorkerWrapper        com.fishit.player.v2                 D  Starting work for com.fishit.player.v2.work.XtreamCatalogScanWorker
2026-01-30 14:49:43.936 29280-29516 XtreamCatalogScanWorker com.fishit.player.v2                 I  START sync_run_id=41b53b2d-bfa0-49bd-8f6f-0a0c942bbd65 mode=auto source=XTREAM scope=INCREMENTAL runtimeBudgetMs=900000 checkpoint=xtream|v=2|phase=VOD_LIST|offset=0
2026-01-30 14:49:43.939 29280-29516 RuntimeGuards           com.fishit.player.v2                 D  Manual sync (auto) - skipping battery guard (level=94%)
2026-01-30 14:49:43.939 29280-29516 XtreamCatalogScanWorker com.fishit.player.v2                 D  Catalog sync: includeVod=true includeSeries=true includeEpisodes=false (lazy) includeLive=true scope=INCREMENTAL enhanced=true
2026-01-30 14:49:43.942 29280-29516 XtreamCatalogScanWorker com.fishit.player.v2                 I  Using CHANNEL-BUFFERED sync: buffer=1000, consumers=3 (25-30% faster than enhanced sync)
2026-01-30 14:49:43.945 29280-29540 XtreamCatalogScanWorker com.fishit.player.v2                 D  Channel-buffered catalog sync started
2026-01-30 14:49:43.945 29280-29521 CatalogSyncService      com.fishit.player.v2                 I  Starting channel-buffered Xtream sync: buffer=1000, consumers=3
2026-01-30 14:49:43.951 29280-29520 XtreamCatalogPipeline   com.fishit.player.v2                 I  Starting Xtream catalog scan: vod=true, series=true, episodes=false, live=true
2026-01-30 14:49:43.953 29280-29540 XtreamCatalogPipeline   com.fishit.player.v2                 D  [LIVE] Starting parallel scan (streaming)...
2026-01-30 14:49:43.954 29280-29513 XtreamCatalogPipeline   com.fishit.player.v2                 D  [SERIES] Starting scan (after slot available)...
2026-01-30 14:49:43.959 29280-29513 XtreamApiClient         com.fishit.player.v2                 D  buildPlayerApiUrl: action=get_series -> konigtv.com/player_api.php
2026-01-30 14:49:43.959 29280-29540 XtreamApiClient         com.fishit.player.v2                 D  buildPlayerApiUrl: action=get_live_streams -> konigtv.com/player_api.php
2026-01-30 14:49:43.962 29280-29513 XtreamApiClient         com.fishit.player.v2                 D  streamFromUrl: CALLED for konigtv.com/player_api.php
2026-01-30 14:49:43.962 29280-29540 XtreamApiClient         com.fishit.player.v2                 D  streamFromUrl: CALLED for konigtv.com/player_api.php
2026-01-30 14:49:44.186 29280-29540 XtreamApiClient         com.fishit.player.v2                 D  StreamingFetch: Detected GZIP for konigtv.com/player_api.php (manual decompression)
2026-01-30 14:49:44.188 29280-29540 XtreamApiClient         com.fishit.player.v2                 D  StreamingFetch: Success for konigtv.com/player_api.php, streaming response
2026-01-30 14:49:44.238 29280-29540 XtreamApiClient         com.fishit.player.v2                 D  streamFromUrl: Starting StreamingJsonParser.streamInBatches() for konigtv.com/player_api.php
2026-01-30 14:49:44.383 29280-29540 XTC                     com.fishit.player.v2                 D  [LIVE] DTO→Raw #1 | id=xtream:live:81568 | title="DE HEVC" | sourceType=XTREAM | Fields: ✓[poster] ✗[year, plot, cast, director, backdrop, duration, tmdb]
2026-01-30 14:49:44.436 29280-29540 XTC                     com.fishit.player.v2                 D  [LIVE] DTO→Raw #50 | id=xtream:live:71808 | title="DE: Deluxe Music HEVC" | sourceType=XTREAM | Fields: ✓[poster] ✗[year, plot, cast, director, backdrop, duration, tmdb]
2026-01-30 14:49:44.454 29280-29541 XtreamCatalogPipeline   com.fishit.player.v2                 D  [VOD] Starting parallel scan (streaming)...
2026-01-30 14:49:44.455 29280-29513 XtreamApiClient         com.fishit.player.v2                 D  StreamingFetch: Detected GZIP for konigtv.com/player_api.php (manual decompression)
2026-01-30 14:49:44.456 29280-29513 XtreamApiClient         com.fishit.player.v2                 D  StreamingFetch: Success for konigtv.com/player_api.php, streaming response
2026-01-30 14:49:44.459 29280-29513 XtreamApiClient         com.fishit.player.v2                 D  streamFromUrl: Starting StreamingJsonParser.streamInBatches() for konigtv.com/player_api.php
2026-01-30 14:49:44.462 29280-29541 XtreamApiClient         com.fishit.player.v2                 D  buildPlayerApiUrl: action=get_vod_streams -> konigtv.com/player_api.php
2026-01-30 14:49:44.465 29280-29541 XtreamApiClient         com.fishit.player.v2                 D  streamFromUrl: CALLED for konigtv.com/player_api.php
2026-01-30 14:49:44.493 29280-29540 XTC                     com.fishit.player.v2                 D  [LIVE] DTO→Raw #100 | id=xtream:live:49200 | title="DE: Pro 7 Maxx FHD" | sourceType=XTREAM | Fields: ✓[poster] ✗[year, plot, cast, director, backdrop, duration, tmdb]
2026-01-30 14:49:44.540 29280-29540 XTC                     com.fishit.player.v2                 D  [LIVE] DTO→Raw #150 | id=xtream:live:361561 | title="DE: NDR Hamburg" | sourceType=XTREAM | Fields: ✓[poster] ✗[year, plot, cast, director, backdrop, duration, tmdb]
2026-01-30 14:49:44.578 29280-29540 XTC                     com.fishit.player.v2                 D  [LIVE] DTO→Raw #200 | id=xtream:live:197779 | title="DE: QVC STYLE TV" | sourceType=XTREAM | Fields: ✓[poster] ✗[year, plot, cast, director, backdrop, duration, tmdb]
2026-01-30 14:49:44.614 29280-29540 XTC                     com.fishit.player.v2                 D  [LIVE] DTO→Raw #250 | id=xtream:live:67411 | title="DE: Bndliga 7 SD" | sourceType=XTREAM | Fields: ✓[poster] ✗[year, plot, cast, director, backdrop, duration, tmdb]
2026-01-30 14:49:44.651 29280-29540 XTC                     com.fishit.player.v2                 D  [LIVE] DTO→Raw #300 | id=xtream:live:354423 | title="DE: Bundesliga Tivibu 2 (Türkisch)" | sourceType=XTREAM | Fields: ✓[poster] ✗[year, plot, cast, director, backdrop, duration, tmdb]
2026-01-30 14:49:44.685 29280-29540 XTC                     com.fishit.player.v2                 D  [LIVE] DTO→Raw #350 | id=xtream:live:181819 | title="MyTeam TV - 7" | sourceType=XTREAM | Fields: ✓[poster] ✗[year, plot, cast, director, backdrop, duration, tmdb]
2026-01-30 14:49:44.727 29280-29540 XTC                     com.fishit.player.v2                 D  [LIVE] DTO→Raw #400 | id=xtream:live:795605 | title="DE: DEL2 EVENT 16" | sourceType=XTREAM | Fields: ✓[poster] ✗[year, plot, cast, director, backdrop, duration, tmdb]
2026-01-30 14:49:44.766 29280-29540 XTC                     com.fishit.player.v2                 D  [LIVE] DTO→Raw #450 | id=xtream:live:792958 | title="DE: RTL+ SPORT EVENT 17" | sourceType=XTREAM | Fields: ✓[poster] ✗[year, plot, cast, director, backdrop, duration, tmdb]
2026-01-30 14:49:44.803 29280-29540 XTC                     com.fishit.player.v2                 D  [LIVE] DTO→Raw #500 | id=xtream:live:797354 | title="DE: DAZN EVENT 26 HD" | sourceType=XTREAM | Fields: ✓[poster] ✗[year, plot, cast, director, backdrop, duration, tmdb]
2026-01-30 14:49:44.805 29280-29521 XtreamCatalogScanWorker com.fishit.player.v2                 D  PROGRESS discovered=500 persisted=0 phase=N/A
2026-01-30 14:49:44.871 29280-29513 XTC                     com.fishit.player.v2                 D  [SERIES] DTO→Raw #1 | id=xtream:series:-441 | title="Madam Secretary" | sourceType=XTREAM | Fields: ✓[plot(542c), cast, poster, duration=2700000ms] ✗[year, director, backdrop, tmdb]
2026-01-30 14:49:44.902 29280-29513 XTC                     com.fishit.player.v2                 D  [SERIES] DTO→Raw #50 | id=xtream:series:365 | title="4 Blocks" | sourceType=XTREAM | Fields: ✓[plot(424c), cast, poster, duration=3000000ms] ✗[year, director, backdrop, tmdb]
2026-01-30 14:49:44.911 29280-29540 XTC                     com.fishit.player.v2                 D  [LIVE] DTO→Raw #550 | id=xtream:live:744166 | title="DE: DYN SPORT 25" | sourceType=XTREAM | Fields: ✓[poster] ✗[year, plot, cast, director, backdrop, duration, tmdb]
2026-01-30 14:49:44.926 29280-29513 XTC                     com.fishit.player.v2                 D  [SERIES] DTO→Raw #100 | id=xtream:series:687 | title="The I-Land" | sourceType=XTREAM | Fields: ✓[plot(471c), cast, poster, duration=2520000ms] ✗[year, director, backdrop, tmdb]
2026-01-30 14:49:44.941 29280-29540 XTC                     com.fishit.player.v2                 D  [LIVE] DTO→Raw #600 | id=xtream:live:121760 | title="DE: Spiegel TV Wissen RAW" | sourceType=XTREAM | Fields: ✓[poster] ✗[year, plot, cast, director, backdrop, duration, tmdb]
2026-01-30 14:49:44.948 29280-29513 XTC                     com.fishit.player.v2                 D  [SERIES] DTO→Raw #150 | id=xtream:series:784 | title="Who Killed Jeffrey Epstein" | sourceType=XTREAM | Fields: ✓[poster] ✗[year, plot, cast, director, backdrop, duration, tmdb]
2026-01-30 14:49:44.969 29280-29540 XTC                     com.fishit.player.v2                 D  [LIVE] DTO→Raw #650 | id=xtream:live:48858 | title="DE: Sky Cinema Highlights FHD" | sourceType=XTREAM | Fields: ✓[poster] ✗[year, plot, cast, director, backdrop, duration, tmdb]
2026-01-30 14:49:44.969 29280-29513 XTC                     com.fishit.player.v2                 D  [SERIES] DTO→Raw #200 | id=xtream:series:1141 | title="Godless" | sourceType=XTREAM | Fields: ✓[plot(170c), cast, poster, duration=4800000ms] ✗[year, director, backdrop, tmdb]
2026-01-30 14:49:44.993 29280-29515 XTC                     com.fishit.player.v2                 D  [SERIES] DTO→Raw #250 | id=xtream:series:1344 | title="LOL: Last One Laughing" | sourceType=XTREAM | Fields: ✓[plot(258c), cast, poster] ✗[year, director, backdrop, duration, tmdb]
2026-01-30 14:49:44.994 29280-29675 XTC                     com.fishit.player.v2                 D  [LIVE] DTO→Raw #700 | id=xtream:live:733471 | title="DE: 2 BROKE GIRLS" | sourceType=XTREAM | Fields: ✓[poster] ✗[year, plot, cast, director, backdrop, duration, tmdb]
2026-01-30 14:49:45.026 29280-29540 XTC                     com.fishit.player.v2                 D  [LIVE] DTO→Raw #750 | id=xtream:live:749839 | title="DE: EDGAR WALLACE MIX" | sourceType=XTREAM | Fields: ✓[poster] ✗[year, plot, cast, director, backdrop, duration, tmdb]
2026-01-30 14:49:45.031 29280-29513 XTC                     com.fishit.player.v2                 D  [SERIES] DTO→Raw #300 | id=xtream:series:1475 | title="Panic" | sourceType=XTREAM | Fields: ✓[plot(526c), cast, poster, duration=2700000ms] ✗[year, director, backdrop, tmdb]
2026-01-30 14:49:45.044 29280-29540 XTC                     com.fishit.player.v2                 D  [LIVE] DTO→Raw #800 | id=xtream:live:729970 | title="DE: POLICE ACADEMY" | sourceType=XTREAM | Fields: ✓[poster] ✗[year, plot, cast, director, backdrop, duration, tmdb]
2026-01-30 14:49:45.055 29280-29540 XTC                     com.fishit.player.v2                 D  [SERIES] DTO→Raw #350 | id=xtream:series:1604 | title="Monster bei der Arbeit" | sourceType=XTREAM | Fields: ✓[plot(482c), cast, poster, duration=1620000ms] ✗[year, director, backdrop, tmdb]
2026-01-30 14:49:45.067 29280-29513 CatalogSyncService      com.fishit.player.v2                 D  Persisting Xtream catalog batch (NX-ONLY): 400 items (canonical_linking=true)
2026-01-30 14:49:45.068 29280-29519 CatalogSyncService      com.fishit.player.v2                 D  Persisting Xtream catalog batch (NX-ONLY): 400 items (canonical_linking=true)
2026-01-30 14:49:45.069 29280-29676 CatalogSyncService      com.fishit.player.v2                 D  Persisting Xtream catalog batch (NX-ONLY): 400 items (canonical_linking=true)
2026-01-30 14:49:45.072 29280-29540 XTC                     com.fishit.player.v2                 D  [LIVE] DTO→Raw #850 | id=xtream:live:140923 | title="DE: X-Men HD 24/7" | sourceType=XTREAM | Fields: ✓[poster] ✗[year, plot, cast, director, backdrop, duration, tmdb]
2026-01-30 14:49:45.097 29280-29540 XTC                     com.fishit.player.v2                 D  [LIVE] DTO→Raw #900 | id=xtream:live:364840 | title="DE: TOM HARDY - 24/7" | sourceType=XTREAM | Fields: ✓[poster] ✗[year, plot, cast, director, backdrop, duration, tmdb]
2026-01-30 14:49:45.111 29280-29539 XTC                     com.fishit.player.v2                 D  [SERIES] DTO→Raw #400 | id=xtream:series:1752 | title="The North Water" | sourceType=XTREAM | Fields: ✓[plot(570c), cast, poster, duration=3600000ms] ✗[year, director, backdrop, tmdb]
2026-01-30 14:49:45.130 29280-29540 XTC                     com.fishit.player.v2                 D  [LIVE] DTO→Raw #950 | id=xtream:live:140794 | title="DE: See - Reich der Blinden - Premium 24" | sourceType=XTREAM | Fields: ✓[poster] ✗[year, plot, cast, director, backdrop, duration, tmdb]
2026-01-30 14:49:45.162 29280-29539 XTC                     com.fishit.player.v2                 D  [SERIES] DTO→Raw #450 | id=xtream:series:1972 | title="Tales of Zestiria the X" | sourceType=XTREAM | Fields: ✓[plot(603c), cast, poster, duration=1380000ms] ✗[year, director, backdrop, tmdb]
2026-01-30 14:49:45.168 29280-29540 XTC                     com.fishit.player.v2                 D  [LIVE] DTO→Raw #1000 | id=xtream:live:143675 | title="DE: Bad Blood 24/7" | sourceType=XTREAM | Fields: ✓[poster] ✗[year, plot, cast, director, backdrop, duration, tmdb]
2026-01-30 14:49:45.171 29280-29730 XtreamCatalogScanWorker com.fishit.player.v2                 D  PROGRESS discovered=1449 persisted=0 phase=N/A
2026-01-30 14:49:45.232 29280-29539 XTC                     com.fishit.player.v2                 D  [SERIES] DTO→Raw #500 | id=xtream:series:2039 | title="Die Abenteuer des Odysseus" | sourceType=XTREAM | Fields: ✓[plot(841c), cast, poster, duration=5280000ms] ✗[year, director, backdrop, tmdb]
2026-01-30 14:49:45.235 29280-29675 XtreamCatalogScanWorker com.fishit.player.v2                 D  PROGRESS discovered=1500 persisted=0 phase=N/A
2026-01-30 14:49:45.359 29280-29540 XTC                     com.fishit.player.v2                 D  [LIVE] DTO→Raw #1050 | id=xtream:live:364966 | title="DE: SCRUBS 24/7" | sourceType=XTREAM | Fields: ✓[poster] ✗[year, plot, cast, director, backdrop, duration, tmdb]
2026-01-30 14:49:45.397 29280-29540 XTC                     com.fishit.player.v2                 D  [LIVE] DTO→Raw #1100 | id=xtream:live:102696 | title="DE: Vera Marvel 5" | sourceType=XTREAM | Fields: ✓[poster] ✗[year, plot, cast, director, backdrop, duration, tmdb]
2026-01-30 14:49:45.440 29280-29540 XTC                     com.fishit.player.v2                 D  [LIVE] DTO→Raw #1150 | id=xtream:live:150141 | title="DE-SELECT: 2 - ANEMONE" | sourceType=XTREAM | Fields: ✓[poster] ✗[year, plot, cast, director, backdrop, duration, tmdb]
2026-01-30 14:49:45.488 29280-29540 XTC                     com.fishit.player.v2                 D  [LIVE] DTO→Raw #1200 | id=xtream:live:376376 | title="DE: One Piece - 5 Premium 24/7" | sourceType=XTREAM | Fields: ✓[poster] ✗[year, plot, cast, director, backdrop, duration, tmdb]
2026-01-30 14:49:45.523 29280-29539 XTC                     com.fishit.player.v2                 D  [SERIES] DTO→Raw #550 | id=xtream:series:2129 | title="Weihnachtsmann & Co. KG" | sourceType=XTREAM | Fields: ✓[plot(468c), cast, poster] ✗[year, director, backdrop, duration, tmdb]
2026-01-30 14:49:45.526 29280-29540 XTC                     com.fishit.player.v2                 D  [LIVE] DTO→Raw #1250 | id=xtream:live:360770 | title="DE: Wickie und die starken Maenner 2 - 2" | sourceType=XTREAM | Fields: ✓[poster] ✗[year, plot, cast, director, backdrop, duration, tmdb]
2026-01-30 14:49:45.567 29280-29539 XTC                     com.fishit.player.v2                 D  [SERIES] DTO→Raw #600 | id=xtream:series:2346 | title="Shadow and Bone" | sourceType=XTREAM | Fields: ✓[plot(164c), cast, poster, duration=3120000ms] ✗[year, director, backdrop, tmdb]
2026-01-30 14:49:45.587 29280-29540 XTC                     com.fishit.player.v2                 D  [LIVE] DTO→Raw #1300 | id=xtream:live:769591 | title="Black Visionaries" | sourceType=XTREAM | Fields: ✓[poster] ✗[year, plot, cast, director, backdrop, duration, tmdb]
2026-01-30 14:49:45.604 29280-29539 XTC                     com.fishit.player.v2                 D  [SERIES] DTO→Raw #650 | id=xtream:series:2445 | title="And Just Like That…" | sourceType=XTREAM | Fields: ✓[plot(200c), cast, poster, duration=2640000ms] ✗[year, director, backdrop, tmdb]
2026-01-30 14:49:45.614 29280-29540 XTC                     com.fishit.player.v2                 D  [LIVE] DTO→Raw #1350 | id=xtream:live:769641 | title="Perry Mason" | sourceType=XTREAM | Fields: ✓[poster] ✗[year, plot, cast, director, backdrop, duration, tmdb]
2026-01-30 14:49:45.620 29280-29289 ishit.player.v2         com.fishit.player.v2                 I  Background young concurrent copying GC freed 216588(7137KB) AllocSpace objects, 10(324KB) LOS objects, 5% free, 61MB/64MB, paused 312us,221us total 397.255ms
2026-01-30 14:49:45.643 29280-29539 XTC                     com.fishit.player.v2                 D  [SERIES] DTO→Raw #700 | id=xtream:series:2513 | title="Deep Shit" | sourceType=XTREAM | Fields: ✓[plot(317c), cast, poster, duration=1500000ms] ✗[year, director, backdrop, tmdb]
2026-01-30 14:49:45.675 29280-29540 XTC                     com.fishit.player.v2                 D  [LIVE] DTO→Raw #1400 | id=xtream:live:769691 | title="Dateline 24/7" | sourceType=XTREAM | Fields: ✓[poster] ✗[year, plot, cast, director, backdrop, duration, tmdb]
2026-01-30 14:49:45.692 29280-29539 XTC                     com.fishit.player.v2                 D  [SERIES] DTO→Raw #750 | id=xtream:series:2569 | title="Sharp Objects" | sourceType=XTREAM | Fields: ✓[plot(599c), cast, poster, duration=3600000ms] ✗[year, director, backdrop, tmdb]
2026-01-30 14:49:45.705 29280-29540 XTC                     com.fishit.player.v2                 D  [LIVE] DTO→Raw #1450 | id=xtream:live:769741 | title="Top Chef Vault" | sourceType=XTREAM | Fields: ✓[poster] ✗[year, plot, cast, director, backdrop, duration, tmdb]
2026-01-30 14:49:45.768 29280-29541 XtreamApiClient         com.fishit.player.v2                 D  StreamingFetch: Detected GZIP for konigtv.com/player_api.php (manual decompression)
2026-01-30 14:49:45.769 29280-29541 XtreamApiClient         com.fishit.player.v2                 D  StreamingFetch: Success for konigtv.com/player_api.php, streaming response
2026-01-30 14:49:45.775 29280-29541 XtreamApiClient         com.fishit.player.v2                 D  streamFromUrl: Starting StreamingJsonParser.streamInBatches() for konigtv.com/player_api.php
2026-01-30 14:49:45.844 29280-29519 NxCatalogWriter         com.fishit.player.v2                 D  📥 OPTIMIZED ingestBatch START: 400 items
2026-01-30 14:49:45.845 29280-29540 NxCatalogWriter         com.fishit.player.v2                 D  📥 OPTIMIZED ingestBatch START: 400 items
2026-01-30 14:49:45.870 29280-29289 ishit.player.v2         com.fishit.player.v2                 I  Background concurrent copying GC freed 1298885(43MB) AllocSpace objects, 3(112KB) LOS objects, 49% free, 23MB/46MB, paused 134us,83us total 100.167ms
2026-01-30 14:49:45.915 29280-29513 NxCatalogWriter         com.fishit.player.v2                 D  📥 OPTIMIZED ingestBatch START: 400 items
2026-01-30 14:49:45.927 29280-29541 XTC                     com.fishit.player.v2                 D  [VOD] DTO→Raw #1 | id=xtream:vod:804345 | title="Ella McCay | 2025 | 5.2" | sourceType=XTREAM | Fields: ✓[year=2025, poster] ✗[plot, cast, director, backdrop, duration, tmdb]
2026-01-30 14:49:46.002 29280-29519 NxWorkRepository        com.fishit.player.v2                 W  Deduped 10 duplicate workKeys in batch (400 → 390)
2026-01-30 14:49:46.002 29280-29540 NxWorkRepository        com.fishit.player.v2                 W  Deduped 8 duplicate workKeys in batch (400 → 392)
2026-01-30 14:49:46.026 29280-29513 NxWorkRepository        com.fishit.player.v2                 W  Deduped 8 duplicate workKeys in batch (400 → 392)
2026-01-30 14:49:46.399 29280-29519 NxCatalogWriter         com.fishit.player.v2                 D  ✅ OPTIMIZED ingestBatch COMPLETE: 400 items | persist_ms=399 total_ms=555 (720 items/sec)
2026-01-30 14:49:46.401 29280-29519 CatalogSyncService      com.fishit.player.v2                 W  Xtream batch (NX): ingested=400 failed=0 hint_warnings=115 ingest_ms=1331 total_ms=1331
2026-01-30 14:49:46.405 29280-29541 XTC                     com.fishit.player.v2                 D  [SERIES] DTO→Raw #800 | id=xtream:series:2619 | title="Informer" | sourceType=XTREAM | Fields: ✓[plot(665c), cast, poster, duration=3300000ms] ✗[year, director, backdrop, tmdb]
2026-01-30 14:49:46.411 29280-29519 CatalogSyncService      com.fishit.player.v2                 D  Persisting Xtream catalog batch (NX-ONLY): 400 items (canonical_linking=true)
2026-01-30 14:49:46.424 29280-29541 XTC                     com.fishit.player.v2                 D  [SERIES] DTO→Raw #850 | id=xtream:series:2670 | title="The Sniffer" | sourceType=XTREAM | Fields: ✓[cast, poster, duration=3600000ms] ✗[year, plot, director, backdrop, tmdb]
2026-01-30 14:49:46.430 29280-29520 XTC                     com.fishit.player.v2                 D  [LIVE] DTO→Raw #1500 | id=xtream:live:769791 | title="CBS News Chicago" | sourceType=XTREAM | Fields: ✓[poster] ✗[year, plot, cast, director, backdrop, duration, tmdb]
2026-01-30 14:49:46.432 29280-29730 XtreamCatalogScanWorker com.fishit.player.v2                 D  PROGRESS discovered=2408 persisted=400 phase=N/A
2026-01-30 14:49:46.441 29280-29675 XTC                     com.fishit.player.v2                 D  [VOD] DTO→Raw #50 | id=xtream:vod:801981 | title="Anaconda | 2025 | 6.7" | sourceType=XTREAM | Fields: ✓[year=2025, poster] ✗[plot, cast, director, backdrop, duration, tmdb]
2026-01-30 14:49:46.455 29280-29541 XTC                     com.fishit.player.v2                 D  [SERIES] DTO→Raw #900 | id=xtream:series:2721 | title="Confess" | sourceType=XTREAM | Fields: ✓[cast, poster, duration=1380000ms] ✗[year, plot, director, backdrop, tmdb]
2026-01-30 14:49:46.469 29280-29675 XTC                     com.fishit.player.v2                 D  [VOD] DTO→Raw #100 | id=xtream:vod:800634 | title="Whiteout - Überleben ist alles | 2025 | " | sourceType=XTREAM | Fields: ✓[year=2025, poster] ✗[plot, cast, director, backdrop, duration, tmdb]
2026-01-30 14:49:46.483 29280-29541 XTC                     com.fishit.player.v2                 D  [SERIES] DTO→Raw #950 | id=xtream:series:2771 | title="Riverdale" | sourceType=XTREAM | Fields: ✓[plot(606c), cast, poster, duration=2700000ms] ✗[year, director, backdrop, tmdb]
2026-01-30 14:49:46.504 29280-29675 XTC                     com.fishit.player.v2                 D  [VOD] DTO→Raw #150 | id=xtream:vod:798830 | title="825 Forest Road | 2025 | 5.9 |" | sourceType=XTREAM | Fields: ✓[year=2025, poster] ✗[plot, cast, director, backdrop, duration, tmdb]
2026-01-30 14:49:46.581 29280-29519 NxCatalogWriter         com.fishit.player.v2                 D  📥 OPTIMIZED ingestBatch START: 400 items
2026-01-30 14:49:46.672 29280-29519 NxWorkRepository        com.fishit.player.v2                 W  Deduped 8 duplicate workKeys in batch (400 → 392)
2026-01-30 14:49:46.675 29280-29513 NxCatalogWriter         com.fishit.player.v2                 D  ✅ OPTIMIZED ingestBatch COMPLETE: 400 items | persist_ms=651 total_ms=760 (526 items/sec)
2026-01-30 14:49:46.676 29280-29513 CatalogSyncService      com.fishit.player.v2                 W  Xtream batch (NX): ingested=400 failed=0 hint_warnings=129 ingest_ms=1609 total_ms=1609
2026-01-30 14:49:46.684 29280-29541 XTC                     com.fishit.player.v2                 D  [SERIES] DTO→Raw #1000 | id=xtream:series:2822 | title="Bluff City Law" | sourceType=XTREAM | Fields: ✓[cast, poster, duration=2580000ms] ✗[year, plot, director, backdrop, tmdb]
2026-01-30 14:49:46.688 29280-29513 CatalogSyncService      com.fishit.player.v2                 D  Persisting Xtream catalog batch (NX-ONLY): 400 items (canonical_linking=true)
2026-01-30 14:49:46.692 29280-29676 XtreamCatalogScanWorker com.fishit.player.v2                 D  PROGRESS discovered=2687 persisted=800 phase=N/A
2026-01-30 14:49:46.695 29280-29675 XTC                     com.fishit.player.v2                 D  [VOD] DTO→Raw #200 | id=xtream:vod:797304 | title="Frankenstein | 2025 | 7.9 |" | sourceType=XTREAM | Fields: ✓[year=2025, poster] ✗[plot, cast, director, backdrop, duration, tmdb]
2026-01-30 14:49:46.711 29280-29675 XTC                     com.fishit.player.v2                 D  [VOD] DTO→Raw #250 | id=xtream:vod:794087 | title="Jenseits der blauen Grenze | 2024 | 6.4 " | sourceType=XTREAM | Fields: ✓[year=2024, poster] ✗[plot, cast, director, backdrop, duration, tmdb]
2026-01-30 14:49:46.729 29280-29675 XTC                     com.fishit.player.v2                 D  [VOD] DTO→Raw #300 | id=xtream:vod:791360 | title="All of You | 2025 | 6.5 |" | sourceType=XTREAM | Fields: ✓[year=2025, poster] ✗[plot, cast, director, backdrop, duration, tmdb]
2026-01-30 14:49:46.737 29280-29732 XTC                     com.fishit.player.v2                 D  [LIVE] DTO→Raw #1550 | id=xtream:live:769841 | title="Pluto TV Science" | sourceType=XTREAM | Fields: ✓[poster] ✗[year, plot, cast, director, backdrop, duration, tmdb]
2026-01-30 14:49:46.752 29280-29675 XTC                     com.fishit.player.v2                 D  [VOD] DTO→Raw #350 | id=xtream:vod:788976 | title="Was ist Liebe wert - Materialists | 2025" | sourceType=XTREAM | Fields: ✓[year=2025, poster] ✗[plot, cast, director, backdrop, duration, tmdb]
2026-01-30 14:49:46.753 29280-29540 NxCatalogWriter         com.fishit.player.v2                 D  ✅ OPTIMIZED ingestBatch COMPLETE: 400 items | persist_ms=753 total_ms=909 (440 items/sec)
2026-01-30 14:49:46.755 29280-29540 CatalogSyncService      com.fishit.player.v2                 W  Xtream batch (NX): ingested=400 failed=0 hint_warnings=115 ingest_ms=1685 total_ms=1686
2026-01-30 14:49:46.766 29280-29540 CatalogSyncService      com.fishit.player.v2                 D  Persisting Xtream catalog batch (NX-ONLY): 400 items (canonical_linking=true)
2026-01-30 14:49:46.774 29280-29675 XTC                     com.fishit.player.v2                 D  [VOD] DTO→Raw #400 | id=xtream:vod:786362 | title="Checkmates - Ziemlich schräge Figuren | " | sourceType=XTREAM | Fields: ✓[year=2024, poster] ✗[plot, cast, director, backdrop, duration, tmdb]
2026-01-30 14:49:46.781 29280-29732 XTC                     com.fishit.player.v2                 D  [LIVE] DTO→Raw #1600 | id=xtream:live:769891 | title="Totally Teen" | sourceType=XTREAM | Fields: ✓[poster] ✗[year, plot, cast, director, backdrop, duration, tmdb]
2026-01-30 14:49:46.793 29280-29675 XTC                     com.fishit.player.v2                 D  [VOD] DTO→Raw #450 | id=xtream:vod:783657 | title="The Ballad of Wallis Island | 2025 | 7.0" | sourceType=XTREAM | Fields: ✓[year=2025, poster] ✗[plot, cast, director, backdrop, duration, tmdb]
2026-01-30 14:49:46.808 29280-29675 XTC                     com.fishit.player.v2                 D  [VOD] DTO→Raw #500 | id=xtream:vod:780844 | title="Shadow of God | 2025 | 5.0 |" | sourceType=XTREAM | Fields: ✓[year=2025, poster] ✗[plot, cast, director, backdrop, duration, tmdb]
2026-01-30 14:49:46.811 29280-29730 XtreamCatalogScanWorker com.fishit.player.v2                 D  PROGRESS discovered=3131 persisted=1200 phase=N/A
2026-01-30 14:49:46.817 29280-29732 XTC                     com.fishit.player.v2                 D  [LIVE] DTO→Raw #1650 | id=xtream:live:769941 | title="EstrellaTV" | sourceType=XTREAM | Fields: ✓[poster] ✗[year, plot, cast, director, backdrop, duration, tmdb]
2026-01-30 14:49:46.827 29280-29541 XTC                     com.fishit.player.v2                 D  [SERIES] DTO→Raw #1050 | id=xtream:series:2876 | title="New Amsterdam" | sourceType=XTREAM | Fields: ✓[plot(648c), cast, poster, duration=2580000ms] ✗[year, director, backdrop, tmdb]
2026-01-30 14:49:46.850 29280-29732 XTC                     com.fishit.player.v2                 D  [LIVE] DTO→Raw #1700 | id=xtream:live:769991 | title="CBS News Chicago" | sourceType=XTREAM | Fields: ✓[poster] ✗[year, plot, cast, director, backdrop, duration, tmdb]
2026-01-30 14:49:46.870 29280-29732 XTC                     com.fishit.player.v2                 D  [LIVE] DTO→Raw #1750 | id=xtream:live:48684 | title="VIP SPORT: DIGI SPORT 2 (RO)" | sourceType=XTREAM | Fields: ✓[] ✗[year, plot, cast, director, poster, backdrop, duration, tmdb]
2026-01-30 14:49:46.871 29280-29541 XTC                     com.fishit.player.v2                 D  [SERIES] DTO→Raw #1100 | id=xtream:series:2929 | title="Top of the Lake" | sourceType=XTREAM | Fields: ✓[plot(379c), cast, poster, duration=2700000ms] ✗[year, director, backdrop, tmdb]
2026-01-30 14:49:46.883 29280-29732 XTC                     com.fishit.player.v2                 D  [LIVE] DTO→Raw #1800 | id=xtream:live:182158 | title="VIP SPORT: UFC French" | sourceType=XTREAM | Fields: ✓[poster] ✗[year, plot, cast, director, backdrop, duration, tmdb]
2026-01-30 14:49:46.885 29280-29675 XTC                     com.fishit.player.v2                 D  [VOD] DTO→Raw #550 | id=xtream:vod:779064 | title="Escape - Der unsichtbare Feind | 2024 | " | sourceType=XTREAM | Fields: ✓[year=2024, poster] ✗[plot, cast, director, backdrop, duration, tmdb]
2026-01-30 14:49:46.903 29280-29513 NxCatalogWriter         com.fishit.player.v2                 D  📥 OPTIMIZED ingestBatch START: 400 items
2026-01-30 14:49:46.937 29280-29540 NxCatalogWriter         com.fishit.player.v2                 D  📥 OPTIMIZED ingestBatch START: 400 items
2026-01-30 14:49:46.973 29280-29280 ViewRootIm...nActivity] com.fishit.player.v2                 I  ViewPostIme pointer 0
2026-01-30 14:49:46.996 29280-29513 NxWorkRepository        com.fishit.player.v2                 W  Deduped 7 duplicate workKeys in batch (400 → 393)
2026-01-30 14:49:47.005 29280-29540 NxWorkRepository        com.fishit.player.v2                 W  Deduped 3 duplicate workKeys in batch (400 → 397)
2026-01-30 14:49:47.021 29280-29519 NxCatalogWriter         com.fishit.player.v2                 D  ✅ OPTIMIZED ingestBatch COMPLETE: 400 items | persist_ms=351 total_ms=440 (909 items/sec)
2026-01-30 14:49:47.023 29280-29675 CatalogSyncService      com.fishit.player.v2                 W  Xtream batch (NX): ingested=400 failed=0 hint_warnings=141 ingest_ms=611 total_ms=611
2026-01-30 14:49:47.036 29280-29675 CatalogSyncService      com.fishit.player.v2                 D  Persisting Xtream catalog batch (NX-ONLY): 400 items (canonical_linking=true)
2026-01-30 14:49:47.039 29280-29732 XTC                     com.fishit.player.v2                 D  [VOD] DTO→Raw #600 | id=xtream:vod:776412 | title="WWE WrestleMania 41: Sunday | 2025 | 6.1" | sourceType=XTREAM | Fields: ✓[year=2025, poster] ✗[plot, cast, director, backdrop, duration, tmdb]
2026-01-30 14:49:47.055 29280-29732 XTC                     com.fishit.player.v2                 D  [VOD] DTO→Raw #650 | id=xtream:vod:773840 | title="Vena | 2024 | 7.7 |" | sourceType=XTREAM | Fields: ✓[year=2024, poster] ✗[plot, cast, director, backdrop, duration, tmdb]
2026-01-30 14:49:47.083 29280-29520 XTC                     com.fishit.player.v2                 D  [LIVE] DTO→Raw #1850 | id=xtream:live:12928 | title="AT: Sky Sport AT 1 FHD" | sourceType=XTREAM | Fields: ✓[poster] ✗[year, plot, cast, director, backdrop, duration, tmdb]
2026-01-30 14:49:47.091 29280-29730 XTC                     com.fishit.player.v2                 D  [SERIES] DTO→Raw #1150 | id=xtream:series:3034 | title="Threesome - Ein Dreier mit Folgen" | sourceType=XTREAM | Fields: ✓[plot(308c), cast, poster, duration=1440000ms] ✗[year, director, backdrop, tmdb]
2026-01-30 14:49:47.102 29280-29519 XTC                     com.fishit.player.v2                 D  [VOD] DTO→Raw #700 | id=xtream:vod:771263 | title="Old Guy - Alter Hund mit neuen Tricks | " | sourceType=XTREAM | Fields: ✓[year=2024, poster] ✗[plot, cast, director, backdrop, duration, tmdb]
2026-01-30 14:49:47.121 29280-29519 XTC                     com.fishit.player.v2                 D  [VOD] DTO→Raw #750 | id=xtream:vod:767670 | title="We Live in Time | 2024 | 7.5 |" | sourceType=XTREAM | Fields: ✓[year=2024, poster] ✗[plot, cast, director, backdrop, duration, tmdb]
2026-01-30 14:49:47.121 29280-29520 XTC                     com.fishit.player.v2                 D  [LIVE] DTO→Raw #1900 | id=xtream:live:68164 | title="HR: RTL PASSION" | sourceType=XTREAM | Fields: ✓[poster] ✗[year, plot, cast, director, backdrop, duration, tmdb]
2026-01-30 14:49:47.204 29280-29280 ViewRootIm...nActivity] com.fishit.player.v2                 I  ViewPostIme pointer 1
2026-01-30 14:49:47.214 29280-29280 Compatibil...geReporter com.fishit.player.v2                 D  Compat change id reported: 171228096; UID 10495; state: ENABLED
2026-01-30 14:49:47.229 29280-29675 NxCatalogWriter         com.fishit.player.v2                 D  📥 OPTIMIZED ingestBatch START: 400 items
2026-01-30 14:49:47.284 29280-29675 NxWorkRepository        com.fishit.player.v2                 W  Deduped 4 duplicate workKeys in batch (400 → 396)
2026-01-30 14:49:47.438 29280-29540 NxCatalogWriter         com.fishit.player.v2                 D  ✅ OPTIMIZED ingestBatch COMPLETE: 400 items | persist_ms=434 total_ms=501 (798 items/sec)
2026-01-30 14:49:47.439 29280-29540 CatalogSyncService      com.fishit.player.v2                 W  Xtream batch (NX): ingested=400 failed=0 hint_warnings=210 ingest_ms=672 total_ms=673
2026-01-30 14:49:47.442 29280-29519 XTC                     com.fishit.player.v2                 D  [VOD] DTO→Raw #800 | id=xtream:vod:765621 | title="The Killer | 2024 | 6.4 |" | sourceType=XTREAM | Fields: ✓[year=2024, poster] ✗[plot, cast, director, backdrop, duration, tmdb]
2026-01-30 14:49:47.449 29280-29540 CatalogSyncService      com.fishit.player.v2                 D  Persisting Xtream catalog batch (NX-ONLY): 400 items (canonical_linking=true)
2026-01-30 14:49:47.455 29280-29541 XTC                     com.fishit.player.v2                 D  [SERIES] DTO→Raw #1200 | id=xtream:series:3154 | title="Toy Boy" | sourceType=XTREAM | Fields: ✓[plot(169c), cast, poster, duration=3600000ms] ✗[year, director, backdrop, tmdb]
2026-01-30 14:49:47.458 29280-29676 XTC                     com.fishit.player.v2                 D  [VOD] DTO→Raw #850 | id=xtream:vod:763435 | title="Escape: Flucht in die Freiheit | 2024 | " | sourceType=XTREAM | Fields: ✓[year=2024, poster] ✗[plot, cast, director, backdrop, duration, tmdb]
2026-01-30 14:49:47.463 29280-29731 XTC                     com.fishit.player.v2                 D  [LIVE] DTO→Raw #1950 | id=xtream:live:68283 | title="BIH: RTRS 1" | sourceType=XTREAM | Fields: ✓[poster] ✗[year, plot, cast, director, backdrop, duration, tmdb]
2026-01-30 14:49:47.475 29280-29676 XTC                     com.fishit.player.v2                 D  [VOD] DTO→Raw #900 | id=xtream:vod:761313 | title="Blitz | 2024 | 5.2 |" | sourceType=XTREAM | Fields: ✓[year=2024, poster] ✗[plot, cast, director, backdrop, duration, tmdb]
2026-01-30 14:49:47.483 29280-29541 XTC                     com.fishit.player.v2                 D  [SERIES] DTO→Raw #1250 | id=xtream:series:3216 | title="Westwall" | sourceType=XTREAM | Fields: ✓[poster] ✗[year, plot, cast, director, backdrop, duration, tmdb]
2026-01-30 14:49:47.486 29280-29731 XTC                     com.fishit.player.v2                 D  [LIVE] DTO→Raw #2000 | id=xtream:live:68013 | title="SRB: PRVA HD" | sourceType=XTREAM | Fields: ✓[poster] ✗[year, plot, cast, director, backdrop, duration, tmdb]
2026-01-30 14:49:47.487 29280-29539 XtreamCatalogScanWorker com.fishit.player.v2                 D  PROGRESS discovered=4175 persisted=2000 phase=N/A
2026-01-30 14:49:47.494 29280-29676 XTC                     com.fishit.player.v2                 D  [VOD] DTO→Raw #950 | id=xtream:vod:756534 | title="Libre | 2024 | 5.9 |" | sourceType=XTREAM | Fields: ✓[year=2024, poster] ✗[plot, cast, director, backdrop, duration, tmdb]
2026-01-30 14:49:47.541 29280-29540 NxCatalogWriter         com.fishit.player.v2                 D  📥 OPTIMIZED ingestBatch START: 400 items
2026-01-30 14:49:47.591 29280-29540 NxWorkRepository        com.fishit.player.v2                 W  Deduped 2 duplicate workKeys in batch (400 → 398)
2026-01-30 14:49:47.628 29280-29513 NxCatalogWriter         com.fishit.player.v2                 D  ✅ OPTIMIZED ingestBatch COMPLETE: 400 items | persist_ms=634 total_ms=725 (551 items/sec)
2026-01-30 14:49:47.629 29280-29513 CatalogSyncService      com.fishit.player.v2                 W  Xtream batch (NX): ingested=400 failed=0 hint_warnings=154 ingest_ms=940 total_ms=941
2026-01-30 14:49:47.634 29280-29541 XTC                     com.fishit.player.v2                 D  [VOD] DTO→Raw #1000 | id=xtream:vod:755046 | title="Arcadian | 2024 | 6.0 |" | sourceType=XTREAM | Fields: ✓[year=2024, poster] ✗[plot, cast, director, backdrop, duration, tmdb]
2026-01-30 14:49:47.635 29280-29731 XtreamCatalogScanWorker com.fishit.player.v2                 D  PROGRESS discovered=4297 persisted=2400 phase=N/A
2026-01-30 14:49:47.637 29280-29513 CatalogSyncService      com.fishit.player.v2                 D  Persisting Xtream catalog batch (NX-ONLY): 400 items (canonical_linking=true)
2026-01-30 14:49:47.639 29280-29521 XTC                     com.fishit.player.v2                 D  [SERIES] DTO→Raw #1300 | id=xtream:series:3275 | title="Lore" | sourceType=XTREAM | Fields: ✓[plot(668c), cast, poster, duration=2400000ms] ✗[year, director, backdrop, tmdb]
