2026-01-30 09:13:10.798 30107-30107 PlayerNavViewModel      com.fishit.player.v2                 D  Using pending playback: movie:destroy-all-neighbors:2024
2026-01-30 09:13:10.811 30107-30107 PlayerUiViewModel       com.fishit.player.v2                 D  player.ui.start.requested: canonicalId=movie:destroy-all-neighbors:2024
2026-01-30 09:13:10.811 30107-30107 InternalPlayerEntryImpl com.fishit.player.v2                 D  Starting playback: movie:destroy-all-neighbors:2024
2026-01-30 09:13:10.811 30107-30107 InternalPlayerEntryImpl com.fishit.player.v2                 D  Stopping previous session
2026-01-30 09:13:10.812 30107-30107 SubtitleTrackManager    com.fishit.player.v2                 D  Detached from player
2026-01-30 09:13:10.812 30107-30107 AudioTrackManager       com.fishit.player.v2                 D  Detached from player
2026-01-30 09:13:10.812 30107-30107 ExoPlayerImpl           com.fishit.player.v2                 I  Release 2302f47 [AndroidXMedia3/1.8.0] [o1s, SM-G991B, samsung, 34] [media3.common, media3.exoplayer, media3.decoder, media3.datasource.okhttp, media3.datasource, media3.ui, media3.extractor]
2026-01-30 09:13:10.812 30107-30954 CCodec                  com.fishit.player.v2                 I  [c2.exynos.h264.decoder] state->set(FLUSHING)
2026-01-30 09:13:10.813 30107-30955 CCodec                  com.fishit.player.v2                 I  [c2.exynos.h264.decoder] state->set(FLUSHED)
2026-01-30 09:13:10.813 30107-30944 MediaCodec              com.fishit.player.v2                 D  keep callback message for reclaim
2026-01-30 09:13:10.813 30107-30954 CCodec                  com.fishit.player.v2                 I  [c2.exynos.h264.decoder] state->set(RESUMING)
2026-01-30 09:13:10.813 30107-30954 CCodecConfig            com.fishit.player.v2                 I  query failed after returning 14 values (BAD_INDEX)
2026-01-30 09:13:10.815 30107-30954 BufferPoolAccessor2.0   com.fishit.player.v2                 D  bufferpool2 0xb400007964ec7d88 : 1(7340032 size) total buffers - 1(7340032 size) used buffers - 1763/1769 (recycle/alloc) - 5/1768 (fetch/transfer)
2026-01-30 09:13:10.822 30107-30954 CCodecBufferChannel     com.fishit.player.v2                 I  [c2.exynos.h264.decoder#599] 4 initial input buffers available
2026-01-30 09:13:10.822 30107-30954 Codec2Client            com.fishit.player.v2                 W  query -- param skipped: index = 1073743886.
2026-01-30 09:13:10.822 30107-30954 Codec2Client            com.fishit.player.v2                 W  query -- param skipped: index = 1610614798.
2026-01-30 09:13:10.822 30107-30954 Codec2Client            com.fishit.player.v2                 W  query -- param skipped: index = 1610614821.
2026-01-30 09:13:10.822 30107-30954 CCodec                  com.fishit.player.v2                 I  [c2.exynos.h264.decoder] state->set(RUNNING)
2026-01-30 09:13:10.824 30107-30967 CCodec                  com.fishit.player.v2                 I  [c2.android.aac.decoder] state->set(FLUSHING)
2026-01-30 09:13:10.824 30107-30967 CCodec                  com.fishit.player.v2                 I  [c2.android.aac.decoder] state->set(FLUSHED)
2026-01-30 09:13:10.824 30107-30944 MediaCodec              com.fishit.player.v2                 D  keep callback message for reclaim
2026-01-30 09:13:10.824 30107-30967 CCodec                  com.fishit.player.v2                 I  [c2.android.aac.decoder] state->set(RESUMING)
2026-01-30 09:13:10.825 30107-30967 CCodecConfig            com.fishit.player.v2                 I  query failed after returning 20 values (BAD_INDEX)
2026-01-30 09:13:10.825 30107-30967 BufferPoolAccessor2.0   com.fishit.player.v2                 D  bufferpool2 0xb400007964ecc538 : 1(8192 size) total buffers - 1(8192 size) used buffers - 3166/3172 (recycle/alloc) - 5/3171 (fetch/transfer)
2026-01-30 09:13:10.828 30107-30967 CCodecBufferChannel     com.fishit.player.v2                 I  [c2.android.aac.decoder#163] 4 initial input buffers available
2026-01-30 09:13:10.828 30107-30967 Codec2Client            com.fishit.player.v2                 W  query -- param skipped: index = 1342179345.
2026-01-30 09:13:10.828 30107-30967 Codec2Client            com.fishit.player.v2                 W  query -- param skipped: index = 2415921170.
2026-01-30 09:13:10.828 30107-30967 Codec2Client            com.fishit.player.v2                 W  query -- param skipped: index = 1610614798.
2026-01-30 09:13:10.828 30107-30967 CCodec                  com.fishit.player.v2                 I  [c2.android.aac.decoder] state->set(RUNNING)
2026-01-30 09:13:10.830 30107-30954 SurfaceUtils            com.fishit.player.v2                 D  connecting to surface 0xb400007994f6c160, reason connectToSurface
2026-01-30 09:13:10.830 30107-30954 MediaCodec              com.fishit.player.v2                 I  [c2.exynos.h264.decoder] setting surface generation to 30829574
2026-01-30 09:13:10.830 30107-30954 SurfaceUtils            com.fishit.player.v2                 D  disconnecting from surface 0xb400007994f6c160, reason connectToSurface(reconnect)
2026-01-30 09:13:10.830 30107-30954 SurfaceUtils            com.fishit.player.v2                 D  connecting to surface 0xb400007994f6c160, reason connectToSurface(reconnect)
2026-01-30 09:13:10.830 30107-30954 Codec2-Out...ufferQueue com.fishit.player.v2                 D  remote graphic buffer migration 0/0
2026-01-30 09:13:10.830 30107-30954 Codec2Client            com.fishit.player.v2                 D  setOutputSurface -- failed to set consumer usage (6/BAD_INDEX)
2026-01-30 09:13:10.830 30107-30954 Codec2Client            com.fishit.player.v2                 D  setOutputSurface -- generation=30829574 consumer usage=0x900
2026-01-30 09:13:10.834 30107-30954 BufferQueueProducer     com.fishit.player.v2                 W  [SurfaceTexture-1-30107-1](id:759b00000005,api:3,p:30107,c:30107) detachBuffer: slot 0 is not owned by the producer (state = FREE)
2026-01-30 09:13:10.834 30107-30954 BufferQueueProducer     com.fishit.player.v2                 W  [SurfaceTexture-1-30107-1](id:759b00000005,api:3,p:30107,c:30107) detachBuffer: slot 1 is not owned by the producer (state = FREE)
2026-01-30 09:13:10.834 30107-30954 BufferQueueProducer     com.fishit.player.v2                 W  [SurfaceTexture-1-30107-1](id:759b00000005,api:3,p:30107,c:30107) detachBuffer: slot 2 is not owned by the producer (state = FREE)
2026-01-30 09:13:10.834 30107-30954 BufferQueueProducer     com.fishit.player.v2                 W  [SurfaceTexture-1-30107-1](id:759b00000005,api:3,p:30107,c:30107) detachBuffer: slot 3 is not owned by the producer (state = FREE)
2026-01-30 09:13:10.835 30107-30954 BufferQueueProducer     com.fishit.player.v2                 W  [SurfaceTexture-1-30107-1](id:759b00000005,api:3,p:30107,c:30107) detachBuffer: slot 4 is not owned by the producer (state = FREE)
2026-01-30 09:13:10.835 30107-30954 BufferQueueProducer     com.fishit.player.v2                 W  [SurfaceTexture-1-30107-1](id:759b00000005,api:3,p:30107,c:30107) detachBuffer: slot 5 is not owned by the producer (state = FREE)
2026-01-30 09:13:10.835 30107-30954 BufferQueueProducer     com.fishit.player.v2                 W  [SurfaceTexture-1-30107-1](id:759b00000005,api:3,p:30107,c:30107) detachBuffer: slot 6 is not owned by the producer (state = FREE)
2026-01-30 09:13:10.835 30107-30954 BufferQueueProducer     com.fishit.player.v2                 W  [SurfaceTexture-1-30107-1](id:759b00000005,api:3,p:30107,c:30107) detachBuffer: slot 7 is not owned by the producer (state = FREE)
2026-01-30 09:13:10.835 30107-30954 BufferQueueProducer     com.fishit.player.v2                 W  [SurfaceTexture-1-30107-1](id:759b00000005,api:3,p:30107,c:30107) detachBuffer: slot 8 is not owned by the producer (state = FREE)
2026-01-30 09:13:10.835 30107-30954 BufferQueueProducer     com.fishit.player.v2                 W  [SurfaceTexture-1-30107-1](id:759b00000005,api:3,p:30107,c:30107) detachBuffer: slot 9 is not owned by the producer (state = FREE)
2026-01-30 09:13:10.835 30107-30954 BufferQueueProducer     com.fishit.player.v2                 W  [SurfaceTexture-1-30107-1](id:759b00000005,api:3,p:30107,c:30107) detachBuffer: slot 10 is not owned by the producer (state = FREE)
2026-01-30 09:13:10.835 30107-30954 BufferQueueProducer     com.fishit.player.v2                 W  [SurfaceTexture-1-30107-1](id:759b00000005,api:3,p:30107,c:30107) detachBuffer: slot 11 is not owned by the producer (state = FREE)
2026-01-30 09:13:10.836 30107-30954 BufferQueueProducer     com.fishit.player.v2                 W  [SurfaceTexture-1-30107-1](id:759b00000005,api:3,p:30107,c:30107) detachBuffer: slot 12 is not owned by the producer (state = FREE)
2026-01-30 09:13:10.836 30107-30954 BufferQueueProducer     com.fishit.player.v2                 W  [SurfaceTexture-1-30107-1](id:759b00000005,api:3,p:30107,c:30107) detachBuffer: slot 13 is not owned by the producer (state = FREE)
2026-01-30 09:13:10.836 30107-30954 BufferQueueProducer     com.fishit.player.v2                 W  [SurfaceTexture-1-30107-1](id:759b00000005,api:3,p:30107,c:30107) detachBuffer: slot 14 is not owned by the producer (state = FREE)
2026-01-30 09:13:10.836 30107-30954 BufferQueueProducer     com.fishit.player.v2                 W  [SurfaceTexture-1-30107-1](id:759b00000005,api:3,p:30107,c:30107) detachBuffer: slot 16 is not owned by the producer (state = FREE)
2026-01-30 09:13:10.837 30107-30954 BufferQueueProducer     com.fishit.player.v2                 W  [SurfaceTexture-1-30107-1](id:759b00000005,api:3,p:30107,c:30107) detachBuffer: slot 17 is not owned by the producer (state = FREE)
2026-01-30 09:13:10.837 30107-30954 BufferQueueProducer     com.fishit.player.v2                 W  [SurfaceTexture-1-30107-1](id:759b00000005,api:3,p:30107,c:30107) detachBuffer: slot 18 is not owned by the producer (state = FREE)
2026-01-30 09:13:10.837 30107-30954 BufferQueueProducer     com.fishit.player.v2                 W  [SurfaceTexture-1-30107-1](id:759b00000005,api:3,p:30107,c:30107) detachBuffer: slot 19 is not owned by the producer (state = FREE)
2026-01-30 09:13:10.837 30107-30954 BufferQueueProducer     com.fishit.player.v2                 W  [SurfaceTexture-1-30107-1](id:759b00000005,api:3,p:30107,c:30107) detachBuffer: slot 20 is not owned by the producer (state = FREE)
2026-01-30 09:13:10.837 30107-30954 BufferQueueProducer     com.fishit.player.v2                 W  [SurfaceTexture-1-30107-1](id:759b00000005,api:3,p:30107,c:30107) detachBuffer: slot 21 is not owned by the producer (state = FREE)
2026-01-30 09:13:10.837 30107-30954 BufferQueueProducer     com.fishit.player.v2                 W  [SurfaceTexture-1-30107-1](id:759b00000005,api:3,p:30107,c:30107) detachBuffer: slot 22 is not owned by the producer (state = FREE)
2026-01-30 09:13:10.837 30107-30954 BufferQueueProducer     com.fishit.player.v2                 W  [SurfaceTexture-1-30107-1](id:759b00000005,api:3,p:30107,c:30107) detachBuffer: slot 23 is not owned by the producer (state = FREE)
2026-01-30 09:13:10.837 30107-30954 BufferQueueProducer     com.fishit.player.v2                 W  [SurfaceTexture-1-30107-1](id:759b00000005,api:3,p:30107,c:30107) detachBuffer: slot 24 is not owned by the producer (state = FREE)
2026-01-30 09:13:10.837 30107-30954 BufferQueueProducer     com.fishit.player.v2                 W  [SurfaceTexture-1-30107-1](id:759b00000005,api:3,p:30107,c:30107) detachBuffer: slot 25 is not owned by the producer (state = FREE)
2026-01-30 09:13:10.837 30107-30954 BufferQueueProducer     com.fishit.player.v2                 W  [SurfaceTexture-1-30107-1](id:759b00000005,api:3,p:30107,c:30107) detachBuffer: slot 26 is not owned by the producer (state = FREE)
2026-01-30 09:13:10.838 30107-30954 BufferQueueProducer     com.fishit.player.v2                 W  [SurfaceTexture-1-30107-1](id:759b00000005,api:3,p:30107,c:30107) detachBuffer: slot 27 is not owned by the producer (state = FREE)
2026-01-30 09:13:10.838 30107-30954 BufferQueueProducer     com.fishit.player.v2                 W  [SurfaceTexture-1-30107-1](id:759b00000005,api:3,p:30107,c:30107) detachBuffer: slot 28 is not owned by the producer (state = FREE)
2026-01-30 09:13:10.838 30107-30954 BufferQueueProducer     com.fishit.player.v2                 W  [SurfaceTexture-1-30107-1](id:759b00000005,api:3,p:30107,c:30107) detachBuffer: slot 29 is not owned by the producer (state = FREE)
2026-01-30 09:13:10.838 30107-30954 BufferQueueProducer     com.fishit.player.v2                 W  [SurfaceTexture-1-30107-1](id:759b00000005,api:3,p:30107,c:30107) detachBuffer: slot 30 is not owned by the producer (state = FREE)
2026-01-30 09:13:10.838 30107-30954 BufferQueueProducer     com.fishit.player.v2                 W  [SurfaceTexture-1-30107-1](id:759b00000005,api:3,p:30107,c:30107) detachBuffer: slot 31 is not owned by the producer (state = FREE)
2026-01-30 09:13:10.838 30107-30954 BufferQueueProducer     com.fishit.player.v2                 W  [SurfaceTexture-1-30107-1](id:759b00000005,api:3,p:30107,c:30107) detachBuffer: slot 32 is not owned by the producer (state = FREE)
2026-01-30 09:13:10.838 30107-30954 BufferQueueProducer     com.fishit.player.v2                 W  [SurfaceTexture-1-30107-1](id:759b00000005,api:3,p:30107,c:30107) detachBuffer: slot 33 is not owned by the producer (state = FREE)
2026-01-30 09:13:10.838 30107-30954 BufferQueueProducer     com.fishit.player.v2                 W  [SurfaceTexture-1-30107-1](id:759b00000005,api:3,p:30107,c:30107) detachBuffer: slot 34 is not owned by the producer (state = FREE)
2026-01-30 09:13:10.838 30107-30954 BufferQueueProducer     com.fishit.player.v2                 W  [SurfaceTexture-1-30107-1](id:759b00000005,api:3,p:30107,c:30107) detachBuffer: slot 35 is not owned by the producer (state = FREE)
2026-01-30 09:13:10.839 30107-30954 BufferQueueProducer     com.fishit.player.v2                 W  [SurfaceTexture-1-30107-1](id:759b00000005,api:3,p:30107,c:30107) detachBuffer: slot 36 is not owned by the producer (state = FREE)
2026-01-30 09:13:10.839 30107-30954 BufferQueueProducer     com.fishit.player.v2                 W  [SurfaceTexture-1-30107-1](id:759b00000005,api:3,p:30107,c:30107) detachBuffer: slot 37 is not owned by the producer (state = FREE)
2026-01-30 09:13:10.839 30107-30954 BufferQueueProducer     com.fishit.player.v2                 W  [SurfaceTexture-1-30107-1](id:759b00000005,api:3,p:30107,c:30107) detachBuffer: slot 38 is not owned by the producer (state = FREE)
2026-01-30 09:13:10.839 30107-30954 BufferQueueProducer     com.fishit.player.v2                 W  [SurfaceTexture-1-30107-1](id:759b00000005,api:3,p:30107,c:30107) detachBuffer: slot 39 is not owned by the producer (state = FREE)
2026-01-30 09:13:10.839 30107-30954 BufferQueueProducer     com.fishit.player.v2                 W  [SurfaceTexture-1-30107-1](id:759b00000005,api:3,p:30107,c:30107) detachBuffer: slot 40 is not owned by the producer (state = FREE)
2026-01-30 09:13:10.839 30107-30954 BufferQueueProducer     com.fishit.player.v2                 W  [SurfaceTexture-1-30107-1](id:759b00000005,api:3,p:30107,c:30107) detachBuffer: slot 41 is not owned by the producer (state = FREE)
2026-01-30 09:13:10.839 30107-30954 BufferQueueProducer     com.fishit.player.v2                 W  [SurfaceTexture-1-30107-1](id:759b00000005,api:3,p:30107,c:30107) detachBuffer: slot 42 is not owned by the producer (state = FREE)
2026-01-30 09:13:10.839 30107-30954 BufferQueueProducer     com.fishit.player.v2                 W  [SurfaceTexture-1-30107-1](id:759b00000005,api:3,p:30107,c:30107) detachBuffer: slot 43 is not owned by the producer (state = FREE)
2026-01-30 09:13:10.840 30107-30954 BufferQueueProducer     com.fishit.player.v2                 W  [SurfaceTexture-1-30107-1](id:759b00000005,api:3,p:30107,c:30107) detachBuffer: slot 44 is not owned by the producer (state = FREE)
2026-01-30 09:13:10.840 30107-30954 BufferQueueProducer     com.fishit.player.v2                 W  [SurfaceTexture-1-30107-1](id:759b00000005,api:3,p:30107,c:30107) detachBuffer: slot 45 is not owned by the producer (state = FREE)
2026-01-30 09:13:10.840 30107-30954 BufferQueueProducer     com.fishit.player.v2                 W  [SurfaceTexture-1-30107-1](id:759b00000005,api:3,p:30107,c:30107) detachBuffer: slot 46 is not owned by the producer (state = FREE)
2026-01-30 09:13:10.840 30107-30954 BufferQueueProducer     com.fishit.player.v2                 W  [SurfaceTexture-1-30107-1](id:759b00000005,api:3,p:30107,c:30107) detachBuffer: slot 47 is not owned by the producer (state = FREE)
2026-01-30 09:13:10.840 30107-30954 BufferQueueProducer     com.fishit.player.v2                 W  [SurfaceTexture-1-30107-1](id:759b00000005,api:3,p:30107,c:30107) detachBuffer: slot 48 is not owned by the producer (state = FREE)
2026-01-30 09:13:10.840 30107-30954 BufferQueueProducer     com.fishit.player.v2                 W  [SurfaceTexture-1-30107-1](id:759b00000005,api:3,p:30107,c:30107) detachBuffer: slot 49 is not owned by the producer (state = FREE)
2026-01-30 09:13:10.840 30107-30954 BufferQueueProducer     com.fishit.player.v2                 W  [SurfaceTexture-1-30107-1](id:759b00000005,api:3,p:30107,c:30107) detachBuffer: slot 50 is not owned by the producer (state = FREE)
2026-01-30 09:13:10.840 30107-30954 BufferQueueProducer     com.fishit.player.v2                 W  [SurfaceTexture-1-30107-1](id:759b00000005,api:3,p:30107,c:30107) detachBuffer: slot 51 is not owned by the producer (state = FREE)
2026-01-30 09:13:10.841 30107-30954 BufferQueueProducer     com.fishit.player.v2                 W  [SurfaceTexture-1-30107-1](id:759b00000005,api:3,p:30107,c:30107) detachBuffer: slot 52 is not owned by the producer (state = FREE)
2026-01-30 09:13:10.841 30107-30954 BufferQueueProducer     com.fishit.player.v2                 W  [SurfaceTexture-1-30107-1](id:759b00000005,api:3,p:30107,c:30107) detachBuffer: slot 53 is not owned by the producer (state = FREE)
2026-01-30 09:13:10.841 30107-30954 BufferQueueProducer     com.fishit.player.v2                 W  [SurfaceTexture-1-30107-1](id:759b00000005,api:3,p:30107,c:30107) detachBuffer: slot 54 is not owned by the producer (state = FREE)
2026-01-30 09:13:10.841 30107-30954 BufferQueueProducer     com.fishit.player.v2                 W  [SurfaceTexture-1-30107-1](id:759b00000005,api:3,p:30107,c:30107) detachBuffer: slot 55 is not owned by the producer (state = FREE)
2026-01-30 09:13:10.841 30107-30954 BufferQueueProducer     com.fishit.player.v2                 W  [SurfaceTexture-1-30107-1](id:759b00000005,api:3,p:30107,c:30107) detachBuffer: slot 56 is not owned by the producer (state = FREE)
2026-01-30 09:13:10.841 30107-30954 BufferQueueProducer     com.fishit.player.v2                 W  [SurfaceTexture-1-30107-1](id:759b00000005,api:3,p:30107,c:30107) detachBuffer: slot 57 is not owned by the producer (state = FREE)
2026-01-30 09:13:10.841 30107-30954 BufferQueueProducer     com.fishit.player.v2                 W  [SurfaceTexture-1-30107-1](id:759b00000005,api:3,p:30107,c:30107) detachBuffer: slot 58 is not owned by the producer (state = FREE)
2026-01-30 09:13:10.841 30107-30954 BufferQueueProducer     com.fishit.player.v2                 W  [SurfaceTexture-1-30107-1](id:759b00000005,api:3,p:30107,c:30107) detachBuffer: slot 59 is not owned by the producer (state = FREE)
2026-01-30 09:13:10.842 30107-30954 BufferQueueProducer     com.fishit.player.v2                 W  [SurfaceTexture-1-30107-1](id:759b00000005,api:3,p:30107,c:30107) detachBuffer: slot 60 is not owned by the producer (state = FREE)
2026-01-30 09:13:10.842 30107-30954 BufferQueueProducer     com.fishit.player.v2                 W  [SurfaceTexture-1-30107-1](id:759b00000005,api:3,p:30107,c:30107) detachBuffer: slot 61 is not owned by the producer (state = FREE)
2026-01-30 09:13:10.842 30107-30954 BufferQueueProducer     com.fishit.player.v2                 W  [SurfaceTexture-1-30107-1](id:759b00000005,api:3,p:30107,c:30107) detachBuffer: slot 62 is not owned by the producer (state = FREE)
2026-01-30 09:13:10.842 30107-30954 BufferQueueProducer     com.fishit.player.v2                 W  [SurfaceTexture-1-30107-1](id:759b00000005,api:3,p:30107,c:30107) detachBuffer: slot 63 is not owned by the producer (state = FREE)
2026-01-30 09:13:10.843 30107-30954 Codec2Client            com.fishit.player.v2                 D  Surface configure completed
2026-01-30 09:13:10.843 30107-30954 SurfaceUtils            com.fishit.player.v2                 D  disconnecting from surface 0xb400007994f190f0, reason disconnectFromSurface
2026-01-30 09:13:10.846 30107-30954 CCodec                  com.fishit.player.v2                 I  [c2.exynos.h264.decoder] state->set(RELEASING)
2026-01-30 09:13:10.846 30107-30954 CCodecBufferChannel     com.fishit.player.v2                 D  [c2.exynos.h264.decoder#599] MediaCodec discarded an unknown buffer
2026-01-30 09:13:10.846 30107-30954 CCodecBufferChannel     com.fishit.player.v2                 D  [c2.exynos.h264.decoder#599] MediaCodec discarded an unknown buffer
2026-01-30 09:13:10.846 30107-30954 CCodecBufferChannel     com.fishit.player.v2                 D  [c2.exynos.h264.decoder#599] MediaCodec discarded an unknown buffer
2026-01-30 09:13:10.846 30107-30954 CCodecBufferChannel     com.fishit.player.v2                 D  [c2.exynos.h264.decoder#599] MediaCodec discarded an unknown buffer
2026-01-30 09:13:10.852 30107-30967 CCodec                  com.fishit.player.v2                 I  [c2.android.aac.decoder] state->set(RELEASING)
2026-01-30 09:13:10.853 30107-30967 CCodecBufferChannel     com.fishit.player.v2                 D  [c2.android.aac.decoder#163] MediaCodec discarded an unknown buffer
2026-01-30 09:13:10.854 30107-30967 CCodecBufferChannel     com.fishit.player.v2                 D  [c2.android.aac.decoder#163] MediaCodec discarded an unknown buffer
2026-01-30 09:13:10.854 30107-30967 CCodecBufferChannel     com.fishit.player.v2                 D  [c2.android.aac.decoder#163] MediaCodec discarded an unknown buffer
2026-01-30 09:13:10.854 30107-30967 CCodecBufferChannel     com.fishit.player.v2                 D  [c2.android.aac.decoder#163] MediaCodec discarded an unknown buffer
2026-01-30 09:13:10.854 30107-32524 CCodec                  com.fishit.player.v2                 I  [c2.android.aac.decoder] state->set(RELEASED)
2026-01-30 09:13:10.854 30107-30967 hw-BpHwBinder           com.fishit.player.v2                 I  onLastStrongRef automatically unlinking death recipients
2026-01-30 09:13:10.855 30107-30967 MediaCodec              com.fishit.player.v2                 I  Codec shutdown complete
2026-01-30 09:13:10.855 30107-30967 MediaCodec              com.fishit.player.v2                 D  flushMediametrics
2026-01-30 09:13:10.855 30107-30967 MediaCodec              com.fishit.player.v2                 D  flushMediametrics
2026-01-30 09:13:10.855 30107-30967 MediaCodec              com.fishit.player.v2                 W  no metrics handle found
2026-01-30 09:13:10.857 30107-30107 SubtitleTrackManager    com.fishit.player.v2                 D  Detached from player
2026-01-30 09:13:10.858 30107-30107 AudioTrackManager       com.fishit.player.v2                 D  Detached from player
2026-01-30 09:13:10.858 30107-30107 InternalPlayerSession   com.fishit.player.v2                 D  Initializing playback: movie:destroy-all-neighbors:2024
2026-01-30 09:13:10.873 30107-30107 PlaybackSourceResolver  com.fishit.player.v2                 D  Resolving source for: movie:destroy-all-neighbors:2024 (XTREAM)
2026-01-30 09:13:10.873 30107-30107 PlaybackSourceResolver  com.fishit.player.v2                 D  Using factory: XtreamPlaybackSourceFactoryImpl
2026-01-30 09:13:10.874 30107-30107 XtreamPlaybackFactory   com.fishit.player.v2                 D  Creating source for: movie:destroy-all-neighbors:2024
2026-01-30 09:13:10.874 30107-30107 XtreamPlaybackFactory   com.fishit.player.v2                 D  resolveOutputExtension: contentType=vod, containerExt=mkv, hasNewKey=true, hasLegacyKey=false
2026-01-30 09:13:10.874 30107-30107 XtreamPlaybackFactory   com.fishit.player.v2                 I  vod: Using file containerExtension: mkv (SSOT)
2026-01-30 09:13:10.875 30107-30107 XtreamPlaybackFactory   com.fishit.player.v2                 D  Built stream URL for vod content with extension: mkv
2026-01-30 09:13:10.875 30107-30107 PlaybackSourceResolver  com.fishit.player.v2                 D  Selected dataSourceType=XTREAM_HTTP for canonicalId=movie:destroy-all-neighbors:2024
2026-01-30 09:13:10.875 30107-30107 InternalPlayerSession   com.fishit.player.v2                 D  Source resolved: uri=http://konigtv.com:8080/movie/Christoph10/JQ2rKsQ744/801753.mkv, mimeType=video/x-matroska, headers=[User-Agent, Accept, Accept-Encoding, Icy-MetaData, Referer], dataSourceType=XTREAM_HTTP
2026-01-30 09:13:10.875 30107-30107 InternalPlayerSession   com.fishit.player.v2                 D  Set MediaItem MIME type: video/x-matroska
2026-01-30 09:13:10.876 30107-30107 InternalPlayerSession   com.fishit.player.v2                 D  Using Xtream HTTP DataSource = OkHttpDataSource.Factory (redirect-safe)
2026-01-30 09:13:10.876 30107-30107 NextlibCodecs           com.fishit.player.v2                 I  Creating NextLib FFmpeg renderers factory
2026-01-30 09:13:10.876 30107-30107 NextlibCodecs           com.fishit.player.v2                 D  NextRenderersFactory configured with FFmpeg decoders for: Audio(Vorbis, Opus, FLAC, ALAC, MP3, AAC, AC3, EAC3, DTS, TrueHD), Video(H.264, HEVC, VP8, VP9)
2026-01-30 09:13:10.876 30107-30107 InternalPlayerSession   com.fishit.player.v2                 I  SIP using NextLib NextRenderersFactory for FFmpeg codecs
2026-01-30 09:13:10.877 30107-30107 ExoPlayerImpl           com.fishit.player.v2                 I  Init af82b88 [AndroidXMedia3/1.8.0] [o1s, SM-G991B, samsung, 34]
2026-01-30 09:13:10.880 30107-30107 SubtitleTrackManager    com.fishit.player.v2                 I  Discovered 0 subtitle tracks
2026-01-30 09:13:10.880 30107-30107 SubtitleTrackManager    com.fishit.player.v2                 D  Attached to player
2026-01-30 09:13:10.880 30107-30107 AudioTrackManager       com.fishit.player.v2                 I  Discovered 0 audio tracks
2026-01-30 09:13:10.881 30107-30107 AudioTrackManager       com.fishit.player.v2                 D  Attached to player (preferredLang=null, surround=true)
2026-01-30 09:13:10.881 30107-30107 InternalPlayerEntryImpl com.fishit.player.v2                 D  Playback started: movie:destroy-all-neighbors:2024
2026-01-30 09:13:10.881 30107-30107 PlayerUiViewModel       com.fishit.player.v2                 D  player.ui.start.succeeded: canonicalId=movie:destroy-all-neighbors:2024
2026-01-30 09:13:10.883 30107-32526 XtreamHttpDataSource    com.fishit.player.v2                 D  Chucker interceptor added
2026-01-30 09:13:10.890 30107-30107 NotificationManager     com.fishit.player.v2                 I  com.fishit.player.v2: notify(1138, null, Notification(channel=chucker_transactions shortcut=null contentView=null vibrate=null sound=null defaults=0x0 flags=0x110 color=0xff01579b actions=1 vis=PRIVATE semFlags=0x0 semPriority=0 semMissedCount=0)) as user
2026-01-30 09:13:10.925 30107-30107 SurfaceView@9e9cf1d     com.fishit.player.v2                 D  166317853 updateSurface: has no frame
2026-01-30 09:13:10.934 30107-31944 TrafficStats            com.fishit.player.v2                 D  tagSocket(138) with statsTag=0xffffffff, statsUid=-1
2026-01-30 09:13:10.935 30107-32523 BufferQueueProducer     com.fishit.player.v2                 W  [MediaCodec.release](id:759b0000001b,api:3,p:30107,c:30107) detachBuffer: slot 0 is not owned by the producer (state = FREE)
2026-01-30 09:13:10.935 30107-32523 BufferQueueProducer     com.fishit.player.v2                 W  [MediaCodec.release](id:759b0000001b,api:3,p:30107,c:30107) detachBuffer: slot 1 is not owned by the producer (state = FREE)
2026-01-30 09:13:10.935 30107-32523 BufferQueueProducer     com.fishit.player.v2                 W  [MediaCodec.release](id:759b0000001b,api:3,p:30107,c:30107) detachBuffer: slot 2 is not owned by the producer (state = FREE)
2026-01-30 09:13:10.936 30107-32523 BufferQueueProducer     com.fishit.player.v2                 W  [MediaCodec.release](id:759b0000001b,api:3,p:30107,c:30107) detachBuffer: slot 3 is not owned by the producer (state = FREE)
2026-01-30 09:13:10.936 30107-32523 BufferQueueProducer     com.fishit.player.v2                 W  [MediaCodec.release](id:759b0000001b,api:3,p:30107,c:30107) detachBuffer: slot 4 is not owned by the producer (state = FREE)
2026-01-30 09:13:10.936 30107-32523 BufferQueueProducer     com.fishit.player.v2                 W  [MediaCodec.release](id:759b0000001b,api:3,p:30107,c:30107) detachBuffer: slot 5 is not owned by the producer (state = FREE)
2026-01-30 09:13:10.936 30107-32523 BufferQueueProducer     com.fishit.player.v2                 W  [MediaCodec.release](id:759b0000001b,api:3,p:30107,c:30107) detachBuffer: slot 6 is not owned by the producer (state = FREE)
2026-01-30 09:13:10.936 30107-32523 BufferQueueProducer     com.fishit.player.v2                 W  [MediaCodec.release](id:759b0000001b,api:3,p:30107,c:30107) detachBuffer: slot 7 is not owned by the producer (state = FREE)
2026-01-30 09:13:10.936 30107-32523 BufferQueueProducer     com.fishit.player.v2                 W  [MediaCodec.release](id:759b0000001b,api:3,p:30107,c:30107) detachBuffer: slot 8 is not owned by the producer (state = FREE)
2026-01-30 09:13:10.936 30107-32523 BufferQueueProducer     com.fishit.player.v2                 W  [MediaCodec.release](id:759b0000001b,api:3,p:30107,c:30107) detachBuffer: slot 9 is not owned by the producer (state = FREE)
2026-01-30 09:13:10.936 30107-32523 BufferQueueProducer     com.fishit.player.v2                 W  [MediaCodec.release](id:759b0000001b,api:3,p:30107,c:30107) detachBuffer: slot 10 is not owned by the producer (state = FREE)
2026-01-30 09:13:10.936 30107-32523 BufferQueueProducer     com.fishit.player.v2                 W  [MediaCodec.release](id:759b0000001b,api:3,p:30107,c:30107) detachBuffer: slot 11 is not owned by the producer (state = FREE)
2026-01-30 09:13:10.936 30107-32523 BufferQueueProducer     com.fishit.player.v2                 W  [MediaCodec.release](id:759b0000001b,api:3,p:30107,c:30107) detachBuffer: slot 12 is not owned by the producer (state = FREE)
2026-01-30 09:13:10.936 30107-32523 BufferQueueProducer     com.fishit.player.v2                 W  [MediaCodec.release](id:759b0000001b,api:3,p:30107,c:30107) detachBuffer: slot 13 is not owned by the producer (state = FREE)
2026-01-30 09:13:10.937 30107-32523 BufferQueueProducer     com.fishit.player.v2                 W  [MediaCodec.release](id:759b0000001b,api:3,p:30107,c:30107) detachBuffer: slot 14 is not owned by the producer (state = FREE)
2026-01-30 09:13:10.937 30107-32523 BufferQueueProducer     com.fishit.player.v2                 W  [MediaCodec.release](id:759b0000001b,api:3,p:30107,c:30107) detachBuffer: slot 15 is not owned by the producer (state = FREE)
2026-01-30 09:13:10.937 30107-32523 BufferQueueProducer     com.fishit.player.v2                 W  [MediaCodec.release](id:759b0000001b,api:3,p:30107,c:30107) detachBuffer: slot 16 is not owned by the producer (state = FREE)
2026-01-30 09:13:10.937 30107-32523 BufferQueueProducer     com.fishit.player.v2                 W  [MediaCodec.release](id:759b0000001b,api:3,p:30107,c:30107) detachBuffer: slot 17 is not owned by the producer (state = FREE)
2026-01-30 09:13:10.937 30107-32523 BufferQueueProducer     com.fishit.player.v2                 W  [MediaCodec.release](id:759b0000001b,api:3,p:30107,c:30107) detachBuffer: slot 18 is not owned by the producer (state = FREE)
2026-01-30 09:13:10.937 30107-32523 BufferQueueProducer     com.fishit.player.v2                 W  [MediaCodec.release](id:759b0000001b,api:3,p:30107,c:30107) detachBuffer: slot 19 is not owned by the producer (state = FREE)
2026-01-30 09:13:10.937 30107-32523 BufferQueueProducer     com.fishit.player.v2                 W  [MediaCodec.release](id:759b0000001b,api:3,p:30107,c:30107) detachBuffer: slot 20 is not owned by the producer (state = FREE)
2026-01-30 09:13:10.937 30107-32523 BufferQueueProducer     com.fishit.player.v2                 W  [MediaCodec.release](id:759b0000001b,api:3,p:30107,c:30107) detachBuffer: slot 21 is not owned by the producer (state = FREE)
2026-01-30 09:13:10.937 30107-32523 BufferQueueProducer     com.fishit.player.v2                 W  [MediaCodec.release](id:759b0000001b,api:3,p:30107,c:30107) detachBuffer: slot 22 is not owned by the producer (state = FREE)
2026-01-30 09:13:10.937 30107-32523 BufferQueueProducer     com.fishit.player.v2                 W  [MediaCodec.release](id:759b0000001b,api:3,p:30107,c:30107) detachBuffer: slot 23 is not owned by the producer (state = FREE)
2026-01-30 09:13:10.937 30107-32523 BufferQueueProducer     com.fishit.player.v2                 W  [MediaCodec.release](id:759b0000001b,api:3,p:30107,c:30107) detachBuffer: slot 24 is not owned by the producer (state = FREE)
2026-01-30 09:13:10.937 30107-32523 BufferQueueProducer     com.fishit.player.v2                 W  [MediaCodec.release](id:759b0000001b,api:3,p:30107,c:30107) detachBuffer: slot 25 is not owned by the producer (state = FREE)
2026-01-30 09:13:10.937 30107-32523 BufferQueueProducer     com.fishit.player.v2                 W  [MediaCodec.release](id:759b0000001b,api:3,p:30107,c:30107) detachBuffer: slot 26 is not owned by the producer (state = FREE)
2026-01-30 09:13:10.937 30107-32523 BufferQueueProducer     com.fishit.player.v2                 W  [MediaCodec.release](id:759b0000001b,api:3,p:30107,c:30107) detachBuffer: slot 27 is not owned by the producer (state = FREE)
2026-01-30 09:13:10.937 30107-32523 BufferQueueProducer     com.fishit.player.v2                 W  [MediaCodec.release](id:759b0000001b,api:3,p:30107,c:30107) detachBuffer: slot 28 is not owned by the producer (state = FREE)
2026-01-30 09:13:10.937 30107-32523 BufferQueueProducer     com.fishit.player.v2                 W  [MediaCodec.release](id:759b0000001b,api:3,p:30107,c:30107) detachBuffer: slot 29 is not owned by the producer (state = FREE)
2026-01-30 09:13:10.937 30107-32523 BufferQueueProducer     com.fishit.player.v2                 W  [MediaCodec.release](id:759b0000001b,api:3,p:30107,c:30107) detachBuffer: slot 30 is not owned by the producer (state = FREE)
2026-01-30 09:13:10.937 30107-32523 BufferQueueProducer     com.fishit.player.v2                 W  [MediaCodec.release](id:759b0000001b,api:3,p:30107,c:30107) detachBuffer: slot 31 is not owned by the producer (state = FREE)
2026-01-30 09:13:10.937 30107-32523 BufferQueueProducer     com.fishit.player.v2                 W  [MediaCodec.release](id:759b0000001b,api:3,p:30107,c:30107) detachBuffer: slot 32 is not owned by the producer (state = FREE)
2026-01-30 09:13:10.937 30107-32523 BufferQueueProducer     com.fishit.player.v2                 W  [MediaCodec.release](id:759b0000001b,api:3,p:30107,c:30107) detachBuffer: slot 33 is not owned by the producer (state = FREE)
2026-01-30 09:13:10.937 30107-32523 BufferQueueProducer     com.fishit.player.v2                 W  [MediaCodec.release](id:759b0000001b,api:3,p:30107,c:30107) detachBuffer: slot 34 is not owned by the producer (state = FREE)
2026-01-30 09:13:10.937 30107-32523 BufferQueueProducer     com.fishit.player.v2                 W  [MediaCodec.release](id:759b0000001b,api:3,p:30107,c:30107) detachBuffer: slot 35 is not owned by the producer (state = FREE)
2026-01-30 09:13:10.937 30107-32523 BufferQueueProducer     com.fishit.player.v2                 W  [MediaCodec.release](id:759b0000001b,api:3,p:30107,c:30107) detachBuffer: slot 36 is not owned by the producer (state = FREE)
2026-01-30 09:13:10.937 30107-32523 BufferQueueProducer     com.fishit.player.v2                 W  [MediaCodec.release](id:759b0000001b,api:3,p:30107,c:30107) detachBuffer: slot 37 is not owned by the producer (state = FREE)
2026-01-30 09:13:10.937 30107-32523 BufferQueueProducer     com.fishit.player.v2                 W  [MediaCodec.release](id:759b0000001b,api:3,p:30107,c:30107) detachBuffer: slot 38 is not owned by the producer (state = FREE)
2026-01-30 09:13:10.937 30107-32523 BufferQueueProducer     com.fishit.player.v2                 W  [MediaCodec.release](id:759b0000001b,api:3,p:30107,c:30107) detachBuffer: slot 39 is not owned by the producer (state = FREE)
2026-01-30 09:13:10.937 30107-32523 BufferQueueProducer     com.fishit.player.v2                 W  [MediaCodec.release](id:759b0000001b,api:3,p:30107,c:30107) detachBuffer: slot 40 is not owned by the producer (state = FREE)
2026-01-30 09:13:10.938 30107-32523 BufferQueueProducer     com.fishit.player.v2                 W  [MediaCodec.release](id:759b0000001b,api:3,p:30107,c:30107) detachBuffer: slot 41 is not owned by the producer (state = FREE)
2026-01-30 09:13:10.938 30107-32523 BufferQueueProducer     com.fishit.player.v2                 W  [MediaCodec.release](id:759b0000001b,api:3,p:30107,c:30107) detachBuffer: slot 42 is not owned by the producer (state = FREE)
2026-01-30 09:13:10.938 30107-32523 BufferQueueProducer     com.fishit.player.v2                 W  [MediaCodec.release](id:759b0000001b,api:3,p:30107,c:30107) detachBuffer: slot 43 is not owned by the producer (state = FREE)
2026-01-30 09:13:10.938 30107-32523 BufferQueueProducer     com.fishit.player.v2                 W  [MediaCodec.release](id:759b0000001b,api:3,p:30107,c:30107) detachBuffer: slot 44 is not owned by the producer (state = FREE)
2026-01-30 09:13:10.938 30107-32523 BufferQueueProducer     com.fishit.player.v2                 W  [MediaCodec.release](id:759b0000001b,api:3,p:30107,c:30107) detachBuffer: slot 45 is not owned by the producer (state = FREE)
2026-01-30 09:13:10.938 30107-32523 BufferQueueProducer     com.fishit.player.v2                 W  [MediaCodec.release](id:759b0000001b,api:3,p:30107,c:30107) detachBuffer: slot 46 is not owned by the producer (state = FREE)
2026-01-30 09:13:10.938 30107-32523 BufferQueueProducer     com.fishit.player.v2                 W  [MediaCodec.release](id:759b0000001b,api:3,p:30107,c:30107) detachBuffer: slot 47 is not owned by the producer (state = FREE)
2026-01-30 09:13:10.938 30107-32523 BufferQueueProducer     com.fishit.player.v2                 W  [MediaCodec.release](id:759b0000001b,api:3,p:30107,c:30107) detachBuffer: slot 48 is not owned by the producer (state = FREE)
2026-01-30 09:13:10.938 30107-32523 BufferQueueProducer     com.fishit.player.v2                 W  [MediaCodec.release](id:759b0000001b,api:3,p:30107,c:30107) detachBuffer: slot 49 is not owned by the producer (state = FREE)
2026-01-30 09:13:10.938 30107-32523 BufferQueueProducer     com.fishit.player.v2                 W  [MediaCodec.release](id:759b0000001b,api:3,p:30107,c:30107) detachBuffer: slot 50 is not owned by the producer (state = FREE)
2026-01-30 09:13:10.938 30107-32523 BufferQueueProducer     com.fishit.player.v2                 W  [MediaCodec.release](id:759b0000001b,api:3,p:30107,c:30107) detachBuffer: slot 51 is not owned by the producer (state = FREE)
2026-01-30 09:13:10.938 30107-32523 BufferQueueProducer     com.fishit.player.v2                 W  [MediaCodec.release](id:759b0000001b,api:3,p:30107,c:30107) detachBuffer: slot 52 is not owned by the producer (state = FREE)
2026-01-30 09:13:10.938 30107-32523 BufferQueueProducer     com.fishit.player.v2                 W  [MediaCodec.release](id:759b0000001b,api:3,p:30107,c:30107) detachBuffer: slot 53 is not owned by the producer (state = FREE)
2026-01-30 09:13:10.938 30107-32523 BufferQueueProducer     com.fishit.player.v2                 W  [MediaCodec.release](id:759b0000001b,api:3,p:30107,c:30107) detachBuffer: slot 54 is not owned by the producer (state = FREE)
2026-01-30 09:13:10.938 30107-32523 BufferQueueProducer     com.fishit.player.v2                 W  [MediaCodec.release](id:759b0000001b,api:3,p:30107,c:30107) detachBuffer: slot 55 is not owned by the producer (state = FREE)
2026-01-30 09:13:10.938 30107-32523 BufferQueueProducer     com.fishit.player.v2                 W  [MediaCodec.release](id:759b0000001b,api:3,p:30107,c:30107) detachBuffer: slot 56 is not owned by the producer (state = FREE)
2026-01-30 09:13:10.938 30107-32523 BufferQueueProducer     com.fishit.player.v2                 W  [MediaCodec.release](id:759b0000001b,api:3,p:30107,c:30107) detachBuffer: slot 57 is not owned by the producer (state = FREE)
2026-01-30 09:13:10.939 30107-32523 BufferQueueProducer     com.fishit.player.v2                 W  [MediaCodec.release](id:759b0000001b,api:3,p:30107,c:30107) detachBuffer: slot 58 is not owned by the producer (state = FREE)
2026-01-30 09:13:10.939 30107-32523 BufferQueueProducer     com.fishit.player.v2                 W  [MediaCodec.release](id:759b0000001b,api:3,p:30107,c:30107) detachBuffer: slot 59 is not owned by the producer (state = FREE)
2026-01-30 09:13:10.939 30107-32523 BufferQueueProducer     com.fishit.player.v2                 W  [MediaCodec.release](id:759b0000001b,api:3,p:30107,c:30107) detachBuffer: slot 60 is not owned by the producer (state = FREE)
2026-01-30 09:13:10.939 30107-32523 BufferQueueProducer     com.fishit.player.v2                 W  [MediaCodec.release](id:759b0000001b,api:3,p:30107,c:30107) detachBuffer: slot 61 is not owned by the producer (state = FREE)
2026-01-30 09:13:10.939 30107-32523 BufferQueueProducer     com.fishit.player.v2                 W  [MediaCodec.release](id:759b0000001b,api:3,p:30107,c:30107) detachBuffer: slot 62 is not owned by the producer (state = FREE)
2026-01-30 09:13:10.939 30107-32523 BufferQueueProducer     com.fishit.player.v2                 W  [MediaCodec.release](id:759b0000001b,api:3,p:30107,c:30107) detachBuffer: slot 63 is not owned by the producer (state = FREE)
2026-01-30 09:13:10.939 30107-32523 CCodec                  com.fishit.player.v2                 I  [c2.exynos.h264.decoder] state->set(RELEASED)
2026-01-30 09:13:10.939 30107-32523 hw-BpHwBinder           com.fishit.player.v2                 I  onLastStrongRef automatically unlinking death recipients
2026-01-30 09:13:10.939 30107-30954 SurfaceUtils            com.fishit.player.v2                 D  disconnecting from surface 0xb400007994f6c160, reason disconnectFromSurface
2026-01-30 09:13:10.940 30107-30954 MediaCodec              com.fishit.player.v2                 I  Codec shutdown complete
2026-01-30 09:13:10.942 30107-30954 MediaCodec              com.fishit.player.v2                 D  flushMediametrics
2026-01-30 09:13:10.943 30107-30954 MediaCodec              com.fishit.player.v2                 D  flushMediametrics
2026-01-30 09:13:10.943 30107-30954 MediaCodec              com.fishit.player.v2                 W  no metrics handle found
2026-01-30 09:13:10.960 30107-30107 SurfaceView@9e9cf1d     com.fishit.player.v2                 I  onWindowVisibilityChanged(0) true android.view.SurfaceView{9e9cf1d V.E...... ......I. 0,0-0,0} of ViewRootImpl@580d399[MainActivity]
2026-01-30 09:13:10.960 30107-30107 SurfaceView@9e9cf1d     com.fishit.player.v2                 D  166317853 updateSurface: has no frame
2026-01-30 09:13:10.961 30107-30107 AnimatorSet             com.fishit.player.v2                 D  mReversing is false. Don't call initChildren.
2026-01-30 09:13:10.962 30107-30107 AnimatorSet             com.fishit.player.v2                 D  mReversing is false. Don't call initChildren.
2026-01-30 09:13:10.965 30107-32528 XtreamHttpDataSource    com.fishit.player.v2                 D   Xtream HTTP request: GET http://konigtv.com/movie/Christoph10/JQ2rKsQ744/801753.mkv
2026-01-30 09:13:10.970 30107-30107 BLASTBufferQueue_Java   com.fishit.player.v2                 I  update, w= 1080 h= 2400 mName = ViewRootImpl@580d399[MainActivity] mNativeObject= 0xb400007a14e7e0f0 sc.mNativeObject= 0xb400007b04e4d9d0 format= -3 caller= android.view.ViewRootImpl.updateBlastSurfaceIfNeeded:3017 android.view.ViewRootImpl.relayoutWindow:10131 android.view.ViewRootImpl.performTraversals:4110 android.view.ViewRootImpl.doTraversal:3288 android.view.ViewRootImpl$TraversalRunnable.run:11344 android.view.Choreographer$CallbackRecord.run:1689
2026-01-30 09:13:10.970 30107-30107 ViewRootIm...nActivity] com.fishit.player.v2                 I  Relayout returned: old=(0,0,1080,2400) new=(0,0,1080,2400) relayoutAsync=true req=(1080,2400)0 dur=0 res=0x0 s={true 0xb400007994efb400} ch=false seqId=0
2026-01-30 09:13:10.971 30107-30107 SurfaceView@9e9cf1d     com.fishit.player.v2                 D  166317853 updateSurface: has no frame
2026-01-30 09:13:10.973 30107-30107 SurfaceView             com.fishit.player.v2                 I  166317853 Changes: creating=true format=true size=true visible=true alpha=false hint=false visible=true left=true top=true z=false attached=true lifecycleStrategy=true
2026-01-30 09:13:10.975 30107-30107 BLASTBufferQueue_Java   com.fishit.player.v2                 I  update, w= 1080 h= 2400 mName = null mNativeObject= 0xb400007a14e634d0 sc.mNativeObject= 0xb400007b04e41610 format= 4 caller= android.view.SurfaceView.createBlastSurfaceControls:1517 android.view.SurfaceView.updateSurface:1193 android.view.SurfaceView.lambda$new$0:258 android.view.SurfaceView.$r8$lambda$cm3nmzErr-srXoT_KjIYQgdhFN0:0 android.view.SurfaceView$$ExternalSyntheticLambda2.onPreDraw:2 android.view.ViewTreeObserver.dispatchOnPreDraw:1204
2026-01-30 09:13:10.975 30107-30107 SurfaceView@9e9cf1d     com.fishit.player.v2                 I  166317853 Cur surface: Surface(name=null)/@0xf2f1629
2026-01-30 09:13:10.975 30107-30107 SurfaceView@9e9cf1d     com.fishit.player.v2                 I  pST: sr = Rect(0, 0 - 1080, 2400) sw = 1080 sh = 2400
2026-01-30 09:13:10.975 30107-30107 SurfaceView@9e9cf1d     com.fishit.player.v2                 D  166317853 performSurfaceTransaction RenderWorker position = [0, 0, 1080, 2400] surfaceSize = 1080x2400
2026-01-30 09:13:10.975 30107-30107 SurfaceView@9e9cf1d     com.fishit.player.v2                 I  updateSurface: mVisible = true mSurface.isValid() = true
2026-01-30 09:13:10.975 30107-30107 SurfaceView@9e9cf1d     com.fishit.player.v2                 I  updateSurface: mSurfaceCreated = false surfaceChanged = true visibleChanged = true
2026-01-30 09:13:10.975 30107-30107 SurfaceView             com.fishit.player.v2                 I  166317853 visibleChanged -- surfaceCreated
2026-01-30 09:13:10.976 30107-30107 SurfaceView@9e9cf1d     com.fishit.player.v2                 I  surfaceCreated 1 #8 android.view.SurfaceView{9e9cf1d V.E...... ......ID 0,0-1080,2400}
2026-01-30 09:13:10.976 30107-30107 SurfaceView             com.fishit.player.v2                 I  166317853 surfaceChanged -- format=4 w=1080 h=2400
2026-01-30 09:13:10.976 30107-30107 SurfaceView@9e9cf1d     com.fishit.player.v2                 I  surfaceChanged (1080,2400) 1 #8 android.view.SurfaceView{9e9cf1d V.E...... ......ID 0,0-1080,2400}
2026-01-30 09:13:10.976 30107-30107 SurfaceView             com.fishit.player.v2                 I  166317853 surfaceRedrawNeeded
2026-01-30 09:13:10.976 30107-30107 SurfaceView             com.fishit.player.v2                 I  166317853 finishedDrawing
2026-01-30 09:13:10.976 30107-30107 SurfaceView@9e9cf1d     com.fishit.player.v2                 V  Layout: x=0 y=0 w=1080 h=2400, frame=Rect(0, 0 - 1080, 2400)
2026-01-30 09:13:10.976 30107-30107 ViewRootIm...nActivity] com.fishit.player.v2                 I  registerCallbackForPendingTransactions
2026-01-30 09:13:10.981 30107-30143 SurfaceView             com.fishit.player.v2                 D  166317853 updateSurfacePosition RenderWorker, frameNr = 1461, position = [0, 0, 1080, 2400] surfaceSize = 1080x2400
2026-01-30 09:13:10.981 30107-30143 SurfaceView@9e9cf1d     com.fishit.player.v2                 I  uSP: rtp = Rect(0, 0 - 1080, 2400) rtsw = 1080 rtsh = 2400
2026-01-30 09:13:10.981 30107-30143 SurfaceView@9e9cf1d     com.fishit.player.v2                 I  onSSPAndSRT: pl = 0 pt = 0 sx = 1.0 sy = 1.0
2026-01-30 09:13:10.981 30107-30143 SurfaceView@9e9cf1d     com.fishit.player.v2                 I  aOrMT: ViewRootImpl@580d399[MainActivity] t = android.view.SurfaceControl$Transaction@adcdb99 fN = 1461 android.view.SurfaceView.-$$Nest$mapplyOrMergeTransaction:0 android.view.SurfaceView$SurfaceViewPositionUpdateListener.positionChanged:1666 android.graphics.RenderNode$CompositePositionUpdateListener.positionChanged:369
2026-01-30 09:13:10.982 30107-30143 ViewRootIm...nActivity] com.fishit.player.v2                 I  mWNT: t=0xb4000078e4ef7c30 mBlastBufferQueue=0xb400007a14e7e0f0 fn= 1461 mRenderHdrSdrRatio=1.0 caller= android.view.SurfaceView.applyOrMergeTransaction:1598 android.view.SurfaceView.-$$Nest$mapplyOrMergeTransaction:0 android.view.SurfaceView$SurfaceViewPositionUpdateListener.positionChanged:1666
2026-01-30 09:13:10.982 30107-30369 ViewRootIm...nActivity] com.fishit.player.v2                 I  mWNT: t=0xb4000078e4e5ce70 mBlastBufferQueue=0xb400007a14e7e0f0 fn= 1461 mRenderHdrSdrRatio=1.0 caller= android.view.ViewRootImpl$6.onFrameDraw:5635 android.view.ViewRootImpl$2.onFrameDraw:2146 android.view.ThreadedRenderer$1.onFrameDraw:792
2026-01-30 09:13:10.992 30107-30107 NotificationManager     com.fishit.player.v2                 I  com.fishit.player.v2: notify(1138, null, Notification(channel=chucker_transactions shortcut=null contentView=null vibrate=null sound=null defaults=0x0 flags=0x110 color=0xff01579b actions=1 vis=PRIVATE semFlags=0x0 semPriority=0 semMissedCount=0)) as user
2026-01-30 09:13:11.042 30107-32528 XtreamHttpDataSource    com.fishit.player.v2                 W   Redirect response: 302 (redirects should be auto-followed)
