2026-01-30 14:19:24.918 21001-21158 XTC                     com.fishit.player.v2                 D  [VOD] DTOâ†’Raw #7850 | id=xtream:vod:793034 | title="Die Wilden HÃ¼hner und das Leben | 2009 |" | sourceType=XTREAM | Fields: âœ“[year=2009, poster] âœ—[plot, cast, director, backdrop, duration, tmdb]
2026-01-30 14:19:24.929 21001-21158 XTC                     com.fishit.player.v2                 D  [VOD] DTOâ†’Raw #7900 | id=xtream:vod:785481 | title="Bailey - Ein Freund fÃ¼rs Leben | 2017 | " | sourceType=XTREAM | Fields: âœ“[year=2017, poster] âœ—[plot, cast, director, backdrop, duration, tmdb]
2026-01-30 14:19:24.929 21001-21153 XTC                     com.fishit.player.v2                 D  [SERIES] DTOâ†’Raw #6350 | id=xtream:series:11724 | title="Sakamoto Days" | sourceType=XTREAM | Fields: âœ“[plot(169c), cast, poster] âœ—[year, director, backdrop, duration, tmdb]
2026-01-30 14:19:24.932 21001-21152 XTC                     com.fishit.player.v2                 D  [LIVE] DTOâ†’Raw #9050 | id=xtream:live:362638 | title="BR: Globo Minas HD" | sourceType=XTREAM | Fields: âœ“[poster] âœ—[year, plot, cast, director, backdrop, duration, tmdb]
2026-01-30 14:19:24.946 21001-21158 XTC                     com.fishit.player.v2                 D  [VOD] DTOâ†’Raw #7950 | id=xtream:vod:774430 | title="Ein Minecraft Film | 2025 | 5.9" | sourceType=XTREAM | Fields: âœ“[year=2025, poster] âœ—[plot, cast, director, backdrop, duration, tmdb]
2026-01-30 14:19:24.950 21001-21152 XTC                     com.fishit.player.v2                 D  [LIVE] DTOâ†’Raw #9100 | id=xtream:live:362688 | title="BR: GLOOB FHD" | sourceType=XTREAM | Fields: âœ“[poster] âœ—[year, plot, cast, director, backdrop, duration, tmdb]
2026-01-30 14:19:24.986 21001-21140 NxCatalogWriter         com.fishit.player.v2                 D  ðŸ“¥ OPTIMIZED ingestBatch START: 400 items
2026-01-30 14:19:25.023 21001-21140 NxWorkRepository        com.fishit.player.v2                 W  Deduped 19 duplicate workKeys in batch (400 â†’ 381)
2026-01-30 14:19:25.459 21001-21374 NxCatalogWriter         com.fishit.player.v2                 D  âœ… OPTIMIZED ingestBatch COMPLETE: 400 items | persist_ms=1352 total_ms=1478 (270 items/sec)
2026-01-30 14:19:25.459 21001-21374 CatalogSyncService      com.fishit.player.v2                 W  Xtream batch (NX): ingested=400 failed=0 hint_warnings=84 ingest_ms=1624 total_ms=1632
2026-01-30 14:19:25.467 21001-21158 XTC                     com.fishit.player.v2                 D  [VOD] DTOâ†’Raw #8000 | id=xtream:vod:764956 | title="Hotel Salvation | 2016 | 6.9" | sourceType=XTREAM | Fields: âœ“[year=2016, poster] âœ—[plot, cast, director, backdrop, duration, tmdb]
2026-01-30 14:19:25.470 21001-21153 XtreamCatalogScanWorker com.fishit.player.v2                 D  PROGRESS discovered=23499 persisted=21600 phase=N/A
2026-01-30 14:19:25.472 21001-21374 CatalogSyncService      com.fishit.player.v2                 D  Persisting Xtream catalog batch (NX-ONLY): 400 items (canonical_linking=true)
2026-01-30 14:19:25.477 21001-21138 XTC                     com.fishit.player.v2                 D  [SERIES] DTOâ†’Raw #6400 | id=xtream:series:11815 | title="Hell on Wheels" | sourceType=XTREAM | Fields: âœ“[plot(446c), cast, poster, duration=3600000ms] âœ—[year, director, backdrop, tmdb]
2026-01-30 14:19:25.523 21001-21159 XTC                     com.fishit.player.v2                 D  [LIVE] DTOâ†’Raw #9150 | id=xtream:live:362738 | title="BR: Nick Jr SD" | sourceType=XTREAM | Fields: âœ“[poster] âœ—[year, plot, cast, director, backdrop, duration, tmdb]
2026-01-30 14:19:25.529 21001-21001 ViewRootIm...nActivity] com.fishit.player.v2                 I  handleWindowFocusChanged: 0 0 call from android.view.ViewRootImpl.-$$Nest$mhandleWindowFocusChanged:0
2026-01-30 14:19:25.529 21001-21001 ImeFocusController      com.fishit.player.v2                 I  onPreWindowFocus: skipped, hasWindowFocus=false mHasImeFocus=true
2026-01-30 14:19:25.530 21001-21001 ImeFocusController      com.fishit.player.v2                 I  onPostWindowFocus: skipped, hasWindowFocus=false mHasImeFocus=true
2026-01-30 14:19:25.540 21001-21159 XTC                     com.fishit.player.v2                 D  [LIVE] DTOâ†’Raw #9200 | id=xtream:live:362788 | title="BR: SporTV 3 SD" | sourceType=XTREAM | Fields: âœ“[poster] âœ—[year, plot, cast, director, backdrop, duration, tmdb]
2026-01-30 14:19:25.545 21001-21138 XTC                     com.fishit.player.v2                 D  [SERIES] DTOâ†’Raw #6450 | id=xtream:series:11957 | title="Parallel Me" | sourceType=XTREAM | Fields: âœ“[plot(479c), cast, poster] âœ—[year, director, backdrop, duration, tmdb]
2026-01-30 14:19:25.563 21001-21159 XTC                     com.fishit.player.v2                 D  [LIVE] DTOâ†’Raw #9250 | id=xtream:live:362838 | title="BR: Universal Channel HD" | sourceType=XTREAM | Fields: âœ“[poster] âœ—[year, plot, cast, director, backdrop, duration, tmdb]
2026-01-30 14:19:25.572 21001-21024 ishit.player.v2         com.fishit.player.v2                 W  Suspending all threads took: 5.070ms
2026-01-30 14:19:25.595 21001-21154 XTC                     com.fishit.player.v2                 D  [LIVE] DTOâ†’Raw #9300 | id=xtream:live:184098 | title="ARM: TAVA ATV HD" | sourceType=XTREAM | Fields: âœ“[] âœ—[year, plot, cast, director, poster, backdrop, duration, tmdb]
2026-01-30 14:19:25.601 21001-21139 XTC                     com.fishit.player.v2                 D  [VOD] DTOâ†’Raw #8050 | id=xtream:vod:753826 | title="791 km | 2023 | 5.5" | sourceType=XTREAM | Fields: âœ“[year=2023, poster] âœ—[plot, cast, director, backdrop, duration, tmdb]
2026-01-30 14:19:25.614 21001-21374 NxCatalogWriter         com.fishit.player.v2                 D  ðŸ“¥ OPTIMIZED ingestBatch START: 400 items
2026-01-30 14:19:25.616 21001-21024 ishit.player.v2         com.fishit.player.v2                 I  Background concurrent copying GC freed 569127(32MB) AllocSpace objects, 0(0B) LOS objects, 35% free, 43MB/67MB, paused 103us,7.924ms total 219.467ms
2026-01-30 14:19:25.651 21001-21374 NxWorkRepository        com.fishit.player.v2                 W  Deduped 34 duplicate workKeys in batch (400 â†’ 366)
2026-01-30 14:19:26.067 21001-21140 NxCatalogWriter         com.fishit.player.v2                 D  âœ… OPTIMIZED ingestBatch COMPLETE: 400 items | persist_ms=1045 total_ms=1081 (370 items/sec)
2026-01-30 14:19:26.068 21001-21138 CatalogSyncService      com.fishit.player.v2                 W  Xtream batch (NX): ingested=400 failed=0 hint_warnings=116 ingest_ms=1160 total_ms=1167
2026-01-30 14:19:26.074 21001-21138 CatalogSyncService      com.fishit.player.v2                 D  Persisting Xtream catalog batch (NX-ONLY): 400 items (canonical_linking=true)
2026-01-30 14:19:26.080 21001-21152 XTC                     com.fishit.player.v2                 D  [SERIES] DTOâ†’Raw #6500 | id=xtream:series:12080 | title="Mercy for None" | sourceType=XTREAM | Fields: âœ“[plot(161c), cast, poster] âœ—[year, director, backdrop, duration, tmdb]
2026-01-30 14:19:26.087 21001-21158 XtreamCatalogScanWorker com.fishit.player.v2                 D  PROGRESS discovered=23903 persisted=22000 phase=N/A
2026-01-30 14:19:26.096 21001-21159 XTC                     com.fishit.player.v2                 D  [VOD] DTOâ†’Raw #8100 | id=xtream:vod:746181 | title="Hauptsache Sexy | 2024 | 5.6" | sourceType=XTREAM | Fields: âœ“[year=2024, poster] âœ—[plot, cast, director, backdrop, duration, tmdb]
2026-01-30 14:19:26.103 21001-21153 XTC                     com.fishit.player.v2                 D  [LIVE] DTOâ†’Raw #9350 | id=xtream:live:769195 | title="KU: DIMAN" | sourceType=XTREAM | Fields: âœ“[poster] âœ—[year, plot, cast, director, backdrop, duration, tmdb]
2026-01-30 14:19:26.141 21001-21159 XTC                     com.fishit.player.v2                 D  [VOD] DTOâ†’Raw #8150 | id=xtream:vod:740504 | title="Thabo - Das Nashornabenteuer | 2023 | 6." | sourceType=XTREAM | Fields: âœ“[year=2023, poster] âœ—[plot, cast, director, backdrop, duration, tmdb]
2026-01-30 14:19:26.162 21001-21153 XTC                     com.fishit.player.v2                 D  [LIVE] DTOâ†’Raw #9400 | id=xtream:live:769166 | title="KU: PAYAM TV FHD" | sourceType=XTREAM | Fields: âœ“[poster] âœ—[year, plot, cast, director, backdrop, duration, tmdb]
2026-01-30 14:19:26.172 21001-21159 XTC                     com.fishit.player.v2                 D  [VOD] DTOâ†’Raw #8200 | id=xtream:vod:727627 | title="In Sachen Liebe | 1997 | 6.1" | sourceType=XTREAM | Fields: âœ“[year=1997, poster] âœ—[plot, cast, director, backdrop, duration, tmdb]
2026-01-30 14:19:26.180 21001-21153 XTC                     com.fishit.player.v2                 D  [LIVE] DTOâ†’Raw #9450 | id=xtream:live:349066 | title="AR: beIN SPORTS 1 FHD" | sourceType=XTREAM | Fields: âœ“[] âœ—[year, plot, cast, director, poster, backdrop, duration, tmdb]
2026-01-30 14:19:26.185 21001-21159 XTC                     com.fishit.player.v2                 D  [VOD] DTOâ†’Raw #8250 | id=xtream:vod:694947 | title="Lassie - Ein neues Abenteuer | 2023 | 6." | sourceType=XTREAM | Fields: âœ“[year=2023, poster] âœ—[plot, cast, director, backdrop, duration, tmdb]
2026-01-30 14:19:26.213 21001-21024 ishit.player.v2         com.fishit.player.v2                 I  Background young concurrent copying GC freed 385753(12MB) AllocSpace objects, 0(0B) LOS objects, 8% free, 62MB/67MB, paused 58us,191us total 160.050ms
2026-01-30 14:19:26.229 21001-21138 NxCatalogWriter         com.fishit.player.v2                 D  ðŸ“¥ OPTIMIZED ingestBatch START: 400 items
2026-01-30 14:19:26.280 21001-21138 NxWorkRepository        com.fishit.player.v2                 W  Deduped 30 duplicate workKeys in batch (400 â†’ 370)
2026-01-30 14:19:26.285 21001-21156 NxCatalogWriter         com.fishit.player.v2                 D  âœ… OPTIMIZED ingestBatch COMPLETE: 400 items | persist_ms=1960 total_ms=2086 (191 items/sec)
2026-01-30 14:19:26.286 21001-21156 CatalogSyncService      com.fishit.player.v2                 D  Xtream batch complete (NX): ingested=400 ingest_ms=2163 total_ms=2163
2026-01-30 14:19:26.286 21001-21156 CatalogSyncService      com.fishit.player.v2                 D  Consumer#2: 20 batches, 22400 total items
2026-01-30 14:19:26.287 21001-21153 XTC                     com.fishit.player.v2                 D  [LIVE] DTOâ†’Raw #9500 | id=xtream:live:348860 | title="AR: BEIN FATAFEAT" | sourceType=XTREAM | Fields: âœ“[] âœ—[year, plot, cast, director, poster, backdrop, duration, tmdb]
2026-01-30 14:19:26.298 21001-21158 XTC                     com.fishit.player.v2                 D  [VOD] DTOâ†’Raw #8300 | id=xtream:vod:670741 | title="Down Low | 2023 | 5.3" | sourceType=XTREAM | Fields: âœ“[year=2023, poster] âœ—[plot, cast, director, backdrop, duration, tmdb]
2026-01-30 14:19:26.301 21001-21139 XtreamCatalogScanWorker com.fishit.player.v2                 D  PROGRESS discovered=24269 persisted=22400 phase=N/A
2026-01-30 14:19:26.306 21001-21375 XTC                     com.fishit.player.v2                 D  [VOD] DTOâ†’Raw #8350 | id=xtream:vod:641360 | title="Der ZoowÃ¤rter | 2011 | 5.4" | sourceType=XTREAM | Fields: âœ“[year=2011, poster] âœ—[plot, cast, director, backdrop, duration, tmdb]
2026-01-30 14:19:26.310 21001-21156 CatalogSyncService      com.fishit.player.v2                 D  Persisting Xtream catalog batch (NX-ONLY): 400 items (canonical_linking=true)
2026-01-30 14:19:26.319 21001-21375 XTC                     com.fishit.player.v2                 D  [VOD] DTOâ†’Raw #8400 | id=xtream:vod:639735 | title="The List | 2023 | 7.4" | sourceType=XTREAM | Fields: âœ“[year=2023, poster] âœ—[plot, cast, director, backdrop, duration, tmdb]
2026-01-30 14:19:26.333 21001-21153 XTC                     com.fishit.player.v2                 D  [LIVE] DTOâ†’Raw #9550 | id=xtream:live:648588 | title="AR: SSC NEWS HD" | sourceType=XTREAM | Fields: âœ“[] âœ—[year, plot, cast, director, poster, backdrop, duration, tmdb]
2026-01-30 14:19:26.336 21001-21375 XTC                     com.fishit.player.v2                 D  [VOD] DTOâ†’Raw #8450 | id=xtream:vod:423971 | title="Flubber | 1997 | 5.6" | sourceType=XTREAM | Fields: âœ“[year=1997, poster] âœ—[plot, cast, director, backdrop, duration, tmdb]
2026-01-30 14:19:26.343 21001-21158 XTC                     com.fishit.player.v2                 D  [SERIES] DTOâ†’Raw #6550 | id=xtream:series:12198 | title="Dark Angel" | sourceType=XTREAM | Fields: âœ“[plot(685c), cast, poster, duration=3720000ms] âœ—[year, director, backdrop, tmdb]
2026-01-30 14:19:26.349 21001-21375 XTC                     com.fishit.player.v2                 D  [VOD] DTOâ†’Raw #8500 | id=xtream:vod:579360 | title="Mein Bester & Ich (2019)" | sourceType=XTREAM | Fields: âœ“[year=2019, poster] âœ—[plot, cast, director, backdrop, duration, tmdb]
2026-01-30 14:19:26.436 21001-21024 ishit.player.v2         com.fishit.player.v2                 I  Background concurrent copying GC freed 854646(39MB) AllocSpace objects, 0(0B) LOS objects, 39% free, 36MB/60MB, paused 109us,68us total 137.684ms
2026-01-30 14:19:26.437 21001-21156 NxCatalogWriter         com.fishit.player.v2                 D  ðŸ“¥ OPTIMIZED ingestBatch START: 400 items
2026-01-30 14:19:26.450 21001-21026 System.err              com.fishit.player.v2                 W  Cursor was not closed.
2026-01-30 14:19:26.495 21001-21156 NxWorkRepository        com.fishit.player.v2                 W  Deduped 33 duplicate workKeys in batch (400 â†’ 367)
2026-01-30 14:19:26.931 21001-21024 ishit.player.v2         com.fishit.player.v2                 I  Background young concurrent copying GC freed 313868(10022KB) AllocSpace objects, 0(0B) LOS objects, 8% free, 55MB/60MB, paused 146us,105us total 108.956ms
2026-01-30 14:19:27.152 21001-21024 ishit.player.v2         com.fishit.player.v2                 I  Background concurrent copying GC freed 514886(29MB) AllocSpace objects, 2(40KB) LOS objects, 38% free, 37MB/61MB, paused 551us,66us total 136.288ms
2026-01-30 14:19:27.195 21001-21374 NxCatalogWriter         com.fishit.player.v2                 D  âœ… OPTIMIZED ingestBatch COMPLETE: 400 items | persist_ms=1544 total_ms=1581 (253 items/sec)
2026-01-30 14:19:27.196 21001-21374 CatalogSyncService      com.fishit.player.v2                 W  Xtream batch (NX): ingested=400 failed=0 hint_warnings=85 ingest_ms=1724 total_ms=1724
2026-01-30 14:19:27.201 21001-21153 XtreamCatalogScanWorker com.fishit.player.v2                 D  PROGRESS discovered=24616 persisted=22800 phase=N/A
2026-01-30 14:19:27.201 21001-21478 XTC                     com.fishit.player.v2                 D  [LIVE] DTOâ†’Raw #9600 | id=xtream:live:349186 | title="AR: AL QANAT 9 NEWS" | sourceType=XTREAM | Fields: âœ“[] âœ—[year, plot, cast, director, poster, backdrop, duration, tmdb]
2026-01-30 14:19:27.213 21001-21154 XTC                     com.fishit.player.v2                 D  [VOD] DTOâ†’Raw #8550 | id=xtream:vod:431214 | title="Coppelia (2022)" | sourceType=XTREAM | Fields: âœ“[year=2022, poster] âœ—[plot, cast, director, backdrop, duration, tmdb]
2026-01-30 14:19:27.214 21001-21139 XTC                     com.fishit.player.v2                 D  [SERIES] DTOâ†’Raw #6600 | id=xtream:series:12298 | title="English Teacher" | sourceType=XTREAM | Fields: âœ“[plot(641c), cast, poster] âœ—[year, director, backdrop, duration, tmdb]
2026-01-30 14:19:27.222 21001-21374 CatalogSyncService      com.fishit.player.v2                 D  Persisting Xtream catalog batch (NX-ONLY): 400 items (canonical_linking=true)
2026-01-30 14:19:27.224 21001-21159 XTC                     com.fishit.player.v2                 D  [LIVE] DTOâ†’Raw #9650 | id=xtream:live:349053 | title="AR: Tom And Jerry kids" | sourceType=XTREAM | Fields: âœ“[] âœ—[year, plot, cast, director, poster, backdrop, duration, tmdb]
2026-01-30 14:19:27.252 21001-21154 XTC                     com.fishit.player.v2                 D  [VOD] DTOâ†’Raw #8600 | id=xtream:vod:384433 | title="Ein Koffer auf der Flucht (2011)" | sourceType=XTREAM | Fields: âœ“[year=2011, poster] âœ—[plot, cast, director, backdrop, duration, tmdb]
2026-01-30 14:19:27.253 21001-21139 XTC                     com.fishit.player.v2                 D  [SERIES] DTOâ†’Raw #6650 | id=xtream:series:12421 | title="Animal" | sourceType=XTREAM | Fields: âœ“[plot(187c), cast, poster] âœ—[year, director, backdrop, duration, tmdb]
2026-01-30 14:19:27.264 21001-21159 XTC                     com.fishit.player.v2                 D  [LIVE] DTOâ†’Raw #9700 | id=xtream:live:348963 | title="AR: OSN Series First HD" | sourceType=XTREAM | Fields: âœ“[] âœ—[year, plot, cast, director, poster, backdrop, duration, tmdb]
2026-01-30 14:19:27.268 21001-21139 XTC                     com.fishit.player.v2                 D  [SERIES] DTOâ†’Raw #6700 | id=xtream:series:12533 | title="Blade -  Die Jagd geht weiter" | sourceType=XTREAM | Fields: âœ“[plot(489c), cast, poster, duration=2700000ms] âœ—[year, director, backdrop, tmdb]
2026-01-30 14:19:27.296 21001-21374 NxCatalogWriter         com.fishit.player.v2                 D  ðŸ“¥ OPTIMIZED ingestBatch START: 400 items
2026-01-30 14:19:27.317 21001-21156 NxCatalogWriter         com.fishit.player.v2                 D  âœ… OPTIMIZED ingestBatch COMPLETE: 400 items | persist_ms=823 total_ms=880 (454 items/sec)
2026-01-30 14:19:27.318 21001-21156 CatalogSyncService      com.fishit.player.v2                 W  Xtream batch (NX): ingested=400 failed=0 hint_warnings=96 ingest_ms=1007 total_ms=1014
2026-01-30 14:19:27.325 21001-21140 XTC                     com.fishit.player.v2                 D  [VOD] DTOâ†’Raw #8650 | id=xtream:vod:387263 | title="A Christmas Carol | 2019 | 6.8" | sourceType=XTREAM | Fields: âœ“[year=2019, poster] âœ—[plot, cast, director, backdrop, duration, tmdb]
2026-01-30 14:19:27.329 21001-21156 CatalogSyncService      com.fishit.player.v2                 D  Persisting Xtream catalog batch (NX-ONLY): 400 items (canonical_linking=true)
2026-01-30 14:19:27.343 21001-21157 XTC                     com.fishit.player.v2                 D  [LIVE] DTOâ†’Raw #9750 | id=xtream:live:348899 | title="AR: SHAHID Aflam" | sourceType=XTREAM | Fields: âœ“[] âœ—[year, plot, cast, director, poster, backdrop, duration, tmdb]
2026-01-30 14:19:27.346 21001-21159 XTC                     com.fishit.player.v2                 D  [SERIES] DTOâ†’Raw #6750 | id=xtream:series:12620 | title="Disney Twisted-Wonderland: Die Serie" | sourceType=XTREAM | Fields: âœ“[plot(722c), cast, poster] âœ—[year, director, backdrop, duration, tmdb]
2026-01-30 14:19:27.353 21001-21158 XTC                     com.fishit.player.v2                 D  [VOD] DTOâ†’Raw #8700 | id=xtream:vod:387313 | title="Das Wunder von Manhattan (1994)" | sourceType=XTREAM | Fields: âœ“[year=1994, poster] âœ—[plot, cast, director, backdrop, duration, tmdb]
2026-01-30 14:19:27.364 21001-21157 XTC                     com.fishit.player.v2                 D  [LIVE] DTOâ†’Raw #9800 | id=xtream:live:348949 | title="AR: SHAHID ANIMATION 1 HD" | sourceType=XTREAM | Fields: âœ“[] âœ—[year, plot, cast, director, poster, backdrop, duration, tmdb]
2026-01-30 14:19:27.369 21001-21159 XTC                     com.fishit.player.v2                 D  [SERIES] DTOâ†’Raw #6800 | id=xtream:series:12715 | title="The Beauty" | sourceType=XTREAM | Fields: âœ“[plot(365c), cast, poster] âœ—[year, director, backdrop, duration, tmdb]
2026-01-30 14:19:27.374 21001-21156 NxCatalogWriter         com.fishit.player.v2                 D  ðŸ“¥ OPTIMIZED ingestBatch START: 400 items
2026-01-30 14:19:27.380 21001-21159 XtreamApiClient         com.fishit.player.v2                 D  StreamBatch: 6806 items in 14 batches (17463ms) | errors=0
2026-01-30 14:19:27.380 21001-21157 XTC                     com.fishit.player.v2                 D  [LIVE] DTOâ†’Raw #9850 | id=xtream:live:356369 | title="AR: NOURSAT Mariam" | sourceType=XTREAM | Fields: âœ“[] âœ—[year, plot, cast, director, poster, backdrop, duration, tmdb]
2026-01-30 14:19:27.381 21001-21159 XtreamApiClient         com.fishit.player.v2                 D  streamContentInBatches(get_series): 6806 items with category_id=*
2026-01-30 14:19:27.386 21001-21159 XtreamCatalogPipeline   com.fishit.player.v2                 D  [SERIES] Scan complete: 6806 items
2026-01-30 14:19:27.386 21001-21159 XTC                     com.fishit.player.v2                 I  Phase complete: SERIES | items=6806 | duration=17805ms | rate=382 items/sec
2026-01-30 14:19:27.389 21001-21158 XTC                     com.fishit.player.v2                 D  [VOD] DTOâ†’Raw #8750 | id=xtream:vod:387364 | title="Eine Familie zum Weihnachtsfest (1997)" | sourceType=XTREAM | Fields: âœ“[year=1997, poster] âœ—[plot, cast, director, backdrop, duration, tmdb]
2026-01-30 14:19:27.396 21001-21157 XTC                     com.fishit.player.v2                 D  [LIVE] DTOâ†’Raw #9900 | id=xtream:live:349289 | title="AR: Al Qamar TV IQ" | sourceType=XTREAM | Fields: âœ“[] âœ—[year, plot, cast, director, poster, backdrop, duration, tmdb]
2026-01-30 14:19:27.401 21001-21374 NxWorkRepository        com.fishit.player.v2                 W  Deduped 48 duplicate workKeys in batch (400 â†’ 352)
2026-01-30 14:19:27.448 21001-21156 NxWorkRepository        com.fishit.player.v2                 W  Deduped 29 duplicate workKeys in batch (400 â†’ 371)
2026-01-30 14:19:27.461 21001-21138 NxCatalogWriter         com.fishit.player.v2                 D  âœ… OPTIMIZED ingestBatch COMPLETE: 400 items | persist_ms=1182 total_ms=1233 (324 items/sec)
2026-01-30 14:19:27.462 21001-21138 CatalogSyncService      com.fishit.player.v2                 W  Xtream batch (NX): ingested=400 failed=0 hint_warnings=127 ingest_ms=1387 total_ms=1388
2026-01-30 14:19:27.463 21001-21138 CatalogSyncService      com.fishit.player.v2                 D  Consumer#0: 20 batches, 23600 total items
2026-01-30 14:19:27.470 21001-21138 CatalogSyncService      com.fishit.player.v2                 D  Persisting Xtream catalog batch (NX-ONLY): 400 items (canonical_linking=true)
2026-01-30 14:19:27.488 21001-21154 XTC                     com.fishit.player.v2                 D  [LIVE] DTOâ†’Raw #9950 | id=xtream:live:349205 | title="LB: NABAA TV LEBANON" | sourceType=XTREAM | Fields: âœ“[] âœ—[year, plot, cast, director, poster, backdrop, duration, tmdb]
2026-01-30 14:19:27.500 21001-21154 XTC                     com.fishit.player.v2                 D  [LIVE] DTOâ†’Raw #10000 | id=xtream:live:349480 | title="DZ: ENNAHAR TV DZ" | sourceType=XTREAM | Fields: âœ“[] âœ—[year, plot, cast, director, poster, backdrop, duration, tmdb]
2026-01-30 14:19:27.502 21001-21152 XtreamCatalogScanWorker com.fishit.player.v2                 D  PROGRESS discovered=25593 persisted=23600 phase=N/A
2026-01-30 14:19:27.510 21001-21153 XTC                     com.fishit.player.v2                 D  [VOD] DTOâ†’Raw #8800 | id=xtream:vod:387415 | title="Jedermanns Fest (2002)" | sourceType=XTREAM | Fields: âœ“[year=2002, poster] âœ—[plot, cast, director, backdrop, duration, tmdb]
2026-01-30 14:19:27.537 21001-21153 XTC                     com.fishit.player.v2                 D  [VOD] DTOâ†’Raw #8850 | id=xtream:vod:387465 | title="Saving Santa - Ein Elf rettet Weihnachte" | sourceType=XTREAM | Fields: âœ“[year=2013, poster] âœ—[plot, cast, director, backdrop, duration, tmdb]
2026-01-30 14:19:27.572 21001-21153 XTC                     com.fishit.player.v2                 D  [VOD] DTOâ†’Raw #8900 | id=xtream:vod:387516 | title="Wir sind keine Engel (1955)" | sourceType=XTREAM | Fields: âœ“[year=1955, poster] âœ—[plot, cast, director, backdrop, duration, tmdb]
2026-01-30 14:19:27.577 21001-21154 XTC                     com.fishit.player.v2                 D  [LIVE] DTOâ†’Raw #10050 | id=xtream:live:349315 | title="AR: AL NAHAR ONE EGY" | sourceType=XTREAM | Fields: âœ“[] âœ—[year, plot, cast, director, poster, backdrop, duration, tmdb]
2026-01-30 14:19:27.588 21001-21153 XTC                     com.fishit.player.v2                 D  [VOD] DTOâ†’Raw #8950 | id=xtream:vod:398312 | title="Hauptsache verliebt (2007)" | sourceType=XTREAM | Fields: âœ“[year=2007, poster] âœ—[plot, cast, director, backdrop, duration, tmdb]
2026-01-30 14:19:27.605 21001-21138 NxCatalogWriter         com.fishit.player.v2                 D  ðŸ“¥ OPTIMIZED ingestBatch START: 400 items
2026-01-30 14:19:27.676 21001-21138 NxWorkRepository        com.fishit.player.v2                 W  Deduped 15 duplicate workKeys in batch (400 â†’ 385)
2026-01-30 14:19:27.771 21001-21024 ishit.player.v2         com.fishit.player.v2                 I  Background young concurrent copying GC freed 465532(14MB) AllocSpace objects, 2(40KB) LOS objects, 2% free, 60MB/61MB, paused 5.098ms,168us total 238.378ms
2026-01-30 14:19:27.915 21001-21024 ishit.player.v2         com.fishit.player.v2                 I  Background concurrent copying GC freed 553828(27MB) AllocSpace objects, 0(0B) LOS objects, 36% free, 41MB/65MB, paused 111us,69us total 129.800ms
2026-01-30 14:19:28.022 21001-21374 NxCatalogWriter         com.fishit.player.v2                 E  Failed to ingest batch
                                                                                                    io.objectbox.exception.UniqueViolationException: Unique constraint for NX_Work.workKey would be violated by putting object with ID 17346 because same property value already exists in object with ID 16944
                                                                                                    	at io.objectbox.Cursor.collect004000(Native Method)
                                                                                                    	at com.fishit.player.core.persistence.obx.NX_WorkCursor.put(NX_WorkCursor.java:150)
                                                                                                    	at com.fishit.player.core.persistence.obx.NX_WorkCursor.put(NX_WorkCursor.java:18)
                                                                                                    	at io.objectbox.Box.put(Box.java:410)
                                                                                                    	at com.fishit.player.infra.data.nx.repository.NxWorkRepositoryImpl$upsertBatch$2.invokeSuspend$lambda$5(NxWorkRepositoryImpl.kt:366)
                                                                                                    	at com.fishit.player.infra.data.nx.repository.NxWorkRepositoryImpl$upsertBatch$2.$r8$lambda$smYx51FRzL2kkbY5HRRazubCo2I(Unknown Source:0)
                                                                                                    	at com.fishit.player.infra.data.nx.repository.NxWorkRepositoryImpl$upsertBatch$2$$ExternalSyntheticLambda0.run(D8$$SyntheticClass:0)
                                                                                                    	at io.objectbox.BoxStore.runInTx(BoxStore.java:976)
                                                                                                    	at com.fishit.player.infra.data.nx.repository.NxWorkRepositoryImpl$upsertBatch$2.invokeSuspend(NxWorkRepositoryImpl.kt:362)
                                                                                                    	at com.fishit.player.infra.data.nx.repository.NxWorkRepositoryImpl$upsertBatch$2.invoke(Unknown Source:8)
                                                                                                    	at com.fishit.player.infra.data.nx.repository.NxWorkRepositoryImpl$upsertBatch$2.invoke(Unknown Source:4)
                                                                                                    	at kotlinx.coroutines.intrinsics.UndispatchedKt.startUndspatched(Undispatched.kt:66)
                                                                                                    	at kotlinx.coroutines.intrinsics.UndispatchedKt.startUndispatchedOrReturn(Undispatched.kt:43)
                                                                                                    	at kotlinx.coroutines.BuildersKt__Builders_commonKt.withContext(Builders.common.kt:165)
                                                                                                    	at kotlinx.coroutines.BuildersKt.withContext(Unknown Source:1)
                                                                                                    	at com.fishit.player.infra.data.nx.repository.NxWorkRepositoryImpl.upsertBatch(NxWorkRepositoryImpl.kt:339)
                                                                                                    	at com.fishit.player.infra.data.nx.writer.NxCatalogWriter$ingestBatchOptimized$2.invokeSuspend(NxCatalogWriter.kt:568)
                                                                                                    	at kotlin.coroutines.jvm.internal.BaseContinuationImpl.resumeWith(ContinuationImpl.kt:34)
                                                                                                    	at kotlinx.coroutines.DispatchedTask.run(DispatchedTask.kt:100)
                                                                                                    	at kotlinx.coroutines.internal.LimitedDispatcher$Worker.run(LimitedDispatcher.kt:124)
                                                                                                    	at kotlinx.coroutines.scheduling.TaskImpl.run(Tasks.kt:89)
                                                                                                    	at kotlinx.coroutines.scheduling.CoroutineScheduler.runSafely(CoroutineScheduler.kt:586)
                                                                                                    	at kotlinx.coroutines.scheduling.CoroutineScheduler$Worker.executeTask(CoroutineScheduler.kt:820)
                                                                                                    	at kotlinx.coroutines.scheduling.CoroutineScheduler$Worker.runWorker(CoroutineScheduler.kt:717)
                                                                                                    	at kotlinx.coroutines.scheduling.CoroutineScheduler$Worker.run(CoroutineScheduler.kt:704)
2026-01-30 14:19:28.025 21001-21153 CatalogSyncService      com.fishit.player.v2                 W  Xtream batch (NX): ingested=0 failed=400 hint_warnings=76 ingest_ms=803 total_ms=803
2026-01-30 14:19:28.032 21001-21153 CatalogSyncService      com.fishit.player.v2                 D  Persisting Xtream catalog batch (NX-ONLY): 400 items (canonical_linking=true)
2026-01-30 14:19:28.041 21001-21152 XTC                     com.fishit.player.v2                 D  [LIVE] DTOâ†’Raw #10100 | id=xtream:live:349365 | title="AR: AGHAPY TV CHRIST EGY" | sourceType=XTREAM | Fields: âœ“[] âœ—[year, plot, cast, director, poster, backdrop, duration, tmdb]
2026-01-30 14:19:28.043 21001-21374 XTC                     com.fishit.player.v2                 D  [VOD] DTOâ†’Raw #9000 | id=xtream:vod:398463 | title="Lucky Luke (2009)" | sourceType=XTREAM | Fields: âœ“[year=2009, poster] âœ—[plot, cast, director, backdrop, duration, tmdb]
2026-01-30 14:19:28.052 21001-21157 XtreamCatalogScanWorker com.fishit.player.v2                 D  PROGRESS discovered=25912 persisted=24000 phase=N/A
2026-01-30 14:19:28.067 21001-21152 XTC                     com.fishit.player.v2                 D  [LIVE] DTOâ†’Raw #10150 | id=xtream:live:349415 | title="AR: Al Basira TV EGY" | sourceType=XTREAM | Fields: âœ“[] âœ—[year, plot, cast, director, poster, backdrop, duration, tmdb]
2026-01-30 14:19:28.082 21001-21152 XTC                     com.fishit.player.v2                 D  [LIVE] DTOâ†’Raw #10200 | id=xtream:live:349787 | title="BH: BAHRAIN TV" | sourceType=XTREAM | Fields: âœ“[] âœ—[year, plot, cast, director, poster, backdrop, duration, tmdb]
2026-01-30 14:19:28.107 21001-21152 XTC                     com.fishit.player.v2                 D  [LIVE] DTOâ†’Raw #10250 | id=xtream:live:349898 | title="AR PALESTINE" | sourceType=XTREAM | Fields: âœ“[poster] âœ—[year, plot, cast, director, backdrop, duration, tmdb]
2026-01-30 14:19:28.116 21001-21152 XTC                     com.fishit.player.v2                 D  [LIVE] DTOâ†’Raw #10300 | id=xtream:live:349959 | title="LBY: WTV HD" | sourceType=XTREAM | Fields: âœ“[] âœ—[year, plot, cast, director, poster, backdrop, duration, tmdb]
2026-01-30 14:19:28.124 21001-21152 XTC                     com.fishit.player.v2                 D  [LIVE] DTOâ†’Raw #10350 | id=xtream:live:350011 | title="AR: AL QURAIN" | sourceType=XTREAM | Fields: âœ“[] âœ—[year, plot, cast, director, poster, backdrop, duration, tmdb]
2026-01-30 14:19:28.132 21001-21152 XTC                     com.fishit.player.v2                 D  [LIVE] DTOâ†’Raw #10400 | id=xtream:live:350063 | title="SY: ALYAWM" | sourceType=XTREAM | Fields: âœ“[] âœ—[year, plot, cast, director, poster, backdrop, duration, tmdb]
2026-01-30 14:19:28.134 21001-21374 XTC                     com.fishit.player.v2                 D  [VOD] DTOâ†’Raw #9050 | id=xtream:vod:398410 | title="A Christmas Love Story (2012)" | sourceType=XTREAM | Fields: âœ“[year=2012, poster] âœ—[plot, cast, director, backdrop, duration, tmdb]
2026-01-30 14:19:28.144 21001-21374 NxCatalogWriter         com.fishit.player.v2                 D  ðŸ“¥ OPTIMIZED ingestBatch START: 400 items
2026-01-30 14:19:28.198 21001-21374 NxWorkRepository        com.fishit.player.v2                 W  Deduped 2 duplicate workKeys in batch (400 â†’ 398)
2026-01-30 14:19:28.363 21001-21024 ishit.player.v2         com.fishit.player.v2                 I  Background young concurrent copying GC freed 357084(11MB) AllocSpace objects, 0(0B) LOS objects, 7% free, 59MB/65MB, paused 131us,99us total 103.373ms
2026-01-30 14:19:28.372 21001-21026 System.err              com.fishit.player.v2                 W  Cursor was not closed.
2026-01-30 14:19:28.396 21001-21138 NxCatalogWriter         com.fishit.player.v2                 D  âœ… OPTIMIZED ingestBatch COMPLETE: 400 items | persist_ms=722 total_ms=791 (505 items/sec)
2026-01-30 14:19:28.398 21001-21138 CatalogSyncService      com.fishit.player.v2                 W  Xtream batch (NX): ingested=400 failed=0 hint_warnings=90 ingest_ms=927 total_ms=927
2026-01-30 14:19:28.405 21001-21138 CatalogSyncService      com.fishit.player.v2                 D  Persisting Xtream catalog batch (NX-ONLY): 400 items (canonical_linking=true)
2026-01-30 14:19:28.417 21001-21152 XTC                     com.fishit.player.v2                 D  [VOD] DTOâ†’Raw #9100 | id=xtream:vod:398615 | title="Schneider vs. Bax (2015)" | sourceType=XTREAM | Fields: âœ“[year=2015, poster] âœ—[plot, cast, director, backdrop, duration, tmdb]
2026-01-30 14:19:28.418 21001-21154 XTC                     com.fishit.player.v2                 D  [LIVE] DTOâ†’Raw #10450 | id=xtream:live:349701 | title="MR MAURITANIA" | sourceType=XTREAM | Fields: âœ“[poster] âœ—[year, plot, cast, director, backdrop, duration, tmdb]
2026-01-30 14:19:28.448 21001-21154 XTC                     com.fishit.player.v2                 D  [LIVE] DTOâ†’Raw #10500 | id=xtream:live:51024 | title="IR: GEM Series + HD" | sourceType=XTREAM | Fields: âœ“[] âœ—[year, plot, cast, director, poster, backdrop, duration, tmdb]
2026-01-30 14:19:28.449 21001-21158 XtreamCatalogScanWorker com.fishit.player.v2                 D  PROGRESS discovered=26455 persisted=24400 phase=N/A
2026-01-30 14:19:28.452 21001-21152 XTC                     com.fishit.player.v2                 D  [VOD] DTOâ†’Raw #9150 | id=xtream:vod:398563 | title="Alvin und die Chipmunks 3 - Chipbruch (2" | sourceType=XTREAM | Fields: âœ“[year=2011, poster] âœ—[plot, cast, director, backdrop, duration, tmdb]
2026-01-30 14:19:28.499 21001-21152 XTC                     com.fishit.player.v2                 D  [VOD] DTOâ†’Raw #9200 | id=xtream:vod:398506 | title="Crush (2022)" | sourceType=XTREAM | Fields: âœ“[year=2022, poster] âœ—[plot, cast, director, backdrop, duration, tmdb]
2026-01-30 14:19:28.522 21001-21152 XTC                     com.fishit.player.v2                 D  [VOD] DTOâ†’Raw #9250 | id=xtream:vod:408679 | title="Ziemlich beste Freunde (2011)" | sourceType=XTREAM | Fields: âœ“[year=2011, poster] âœ—[plot, cast, director, backdrop, duration, tmdb]
2026-01-30 14:19:28.525 21001-21138 NxCatalogWriter         com.fishit.player.v2                 D  ðŸ“¥ OPTIMIZED ingestBatch START: 400 items
2026-01-30 14:19:28.528 21001-21154 XTC                     com.fishit.player.v2                 D  [LIVE] DTOâ†’Raw #10550 | id=xtream:live:51089 | title="IR: Varzesh HD" | sourceType=XTREAM | Fields: âœ“[] âœ—[year, plot, cast, director, poster, backdrop, duration, tmdb]
2026-01-30 14:19:28.534 21001-21154 XTC                     com.fishit.player.v2                 D  [LIVE] DTOâ†’Raw #10600 | id=xtream:live:363017 | title="AF: Africa News EN" | sourceType=XTREAM | Fields: âœ“[] âœ—[year, plot, cast, director, poster, backdrop, duration, tmdb]
2026-01-30 14:19:28.580 21001-21138 NxWorkRepository        com.fishit.player.v2                 W  Deduped 10 duplicate workKeys in batch (400 â†’ 390)
2026-01-30 14:19:28.716 21001-21024 ishit.player.v2         com.fishit.player.v2                 I  Background concurrent copying GC freed 873559(42MB) AllocSpace objects, 0(0B) LOS objects, 41% free, 33MB/57MB, paused 298us,569us total 278.228ms
2026-01-30 14:19:28.821 21001-21156 NxCatalogWriter         com.fishit.player.v2                 D  âœ… OPTIMIZED ingestBatch COMPLETE: 400 items | persist_ms=1373 total_ms=1447 (276 items/sec)
2026-01-30 14:19:28.822 21001-21152 CatalogSyncService      com.fishit.player.v2                 W  Xtream batch (NX): ingested=400 failed=0 hint_warnings=16 ingest_ms=1492 total_ms=1493
2026-01-30 14:19:28.827 21001-21152 CatalogSyncService      com.fishit.player.v2                 D  Persisting Xtream catalog batch (NX-ONLY): 400 items (canonical_linking=true)
2026-01-30 14:19:28.835 21001-21138 NxCatalogWriter         com.fishit.player.v2                 E  Failed to ingest batch
                                                                                                    io.objectbox.exception.UniqueViolationException: Unique constraint for NX_Work.workKey would be violated by putting object with ID 17725 because same property value already exists in object with ID 17706
                                                                                                    	at io.objectbox.Cursor.collect004000(Native Method)
                                                                                                    	at com.fishit.player.core.persistence.obx.NX_WorkCursor.put(NX_WorkCursor.java:150)
                                                                                                    	at com.fishit.player.core.persistence.obx.NX_WorkCursor.put(NX_WorkCursor.java:18)
                                                                                                    	at io.objectbox.Box.put(Box.java:410)
                                                                                                    	at com.fishit.player.infra.data.nx.repository.NxWorkRepositoryImpl$upsertBatch$2.invokeSuspend$lambda$5(NxWorkRepositoryImpl.kt:366)
                                                                                                    	at com.fishit.player.infra.data.nx.repository.NxWorkRepositoryImpl$upsertBatch$2.$r8$lambda$smYx51FRzL2kkbY5HRRazubCo2I(Unknown Source:0)
                                                                                                    	at com.fishit.player.infra.data.nx.repository.NxWorkRepositoryImpl$upsertBatch$2$$ExternalSyntheticLambda0.run(D8$$SyntheticClass:0)
                                                                                                    	at io.objectbox.BoxStore.runInTx(BoxStore.java:976)
                                                                                                    	at com.fishit.player.infra.data.nx.repository.NxWorkRepositoryImpl$upsertBatch$2.invokeSuspend(NxWorkRepositoryImpl.kt:362)
                                                                                                    	at com.fishit.player.infra.data.nx.repository.NxWorkRepositoryImpl$upsertBatch$2.invoke(Unknown Source:8)
                                                                                                    	at com.fishit.player.infra.data.nx.repository.NxWorkRepositoryImpl$upsertBatch$2.invoke(Unknown Source:4)
                                                                                                    	at kotlinx.coroutines.intrinsics.UndispatchedKt.startUndspatched(Undispatched.kt:66)
                                                                                                    	at kotlinx.coroutines.intrinsics.UndispatchedKt.startUndispatchedOrReturn(Undispatched.kt:43)
                                                                                                    	at kotlinx.coroutines.BuildersKt__Builders_commonKt.withContext(Builders.common.kt:165)
                                                                                                    	at kotlinx.coroutines.BuildersKt.withContext(Unknown Source:1)
                                                                                                    	at com.fishit.player.infra.data.nx.repository.NxWorkRepositoryImpl.upsertBatch(NxWorkRepositoryImpl.kt:339)
                                                                                                    	at com.fishit.player.infra.data.nx.writer.NxCatalogWriter$ingestBatchOptimized$2.invokeSuspend(NxCatalogWriter.kt:568)
                                                                                                    	at kotlin.coroutines.jvm.internal.BaseContinuationImpl.resumeWith(ContinuationImpl.kt:34)
                                                                                                    	at kotlinx.coroutines.DispatchedTask.run(DispatchedTask.kt:100)
                                                                                                    	at kotlinx.coroutines.internal.LimitedDispatcher$Worker.run(LimitedDispatcher.kt:124)
                                                                                                    	at kotlinx.coroutines.scheduling.TaskImpl.run(Tasks.kt:89)
                                                                                                    	at kotlinx.coroutines.scheduling.CoroutineScheduler.runSafely(CoroutineScheduler.kt:586)
                                                                                                    	at kotlinx.coroutines.scheduling.CoroutineScheduler$Worker.executeTask(CoroutineScheduler.kt:820)
                                                                                                    	at kotlinx.coroutines.scheduling.CoroutineScheduler$Worker.runWorker(CoroutineScheduler.kt:717)
                                                                                                    	at kotlinx.coroutines.scheduling.CoroutineScheduler$Worker.run(CoroutineScheduler.kt:704)
2026-01-30 14:19:28.836 21001-21478 XTC                     com.fishit.player.v2                 D  [LIVE] DTOâ†’Raw #10650 | id=xtream:live:363067 | title="AF: SOMALI CABLE TV" | sourceType=XTREAM | Fields: âœ“[] âœ—[year, plot, cast, director, poster, backdrop, duration, tmdb]
2026-01-30 14:19:28.837 21001-21138 CatalogSyncService      com.fishit.player.v2                 W  Xtream batch (NX): ingested=0 failed=400 hint_warnings=52 ingest_ms=431 total_ms=433
2026-01-30 14:19:28.841 21001-21138 CatalogSyncService      com.fishit.player.v2                 D  Persisting Xtream catalog batch (NX-ONLY): 400 items (canonical_linking=true)
2026-01-30 14:19:28.843 21001-21157 XTC                     com.fishit.player.v2                 D  [VOD] DTOâ†’Raw #9300 | id=xtream:vod:408586 | title="Blinded by the Light (2019)" | sourceType=XTREAM | Fields: âœ“[year=2019, poster] âœ—[plot, cast, director, backdrop, duration, tmdb]
2026-01-30 14:19:28.883 21001-21478 XTC                     com.fishit.player.v2                 D  [LIVE] DTOâ†’Raw #10700 | id=xtream:live:370748 | title="IN: 24 News" | sourceType=XTREAM | Fields: âœ“[poster] âœ—[year, plot, cast, director, backdrop, duration, tmdb]
2026-01-30 14:19:28.885 21001-21157 XTC                     com.fishit.player.v2                 D  [VOD] DTOâ†’Raw #9350 | id=xtream:vod:408985 | title="Santa Baby (2006)" | sourceType=XTREAM | Fields: âœ“[year=2006, poster] âœ—[plot, cast, director, backdrop, duration, tmdb]
2026-01-30 14:19:28.908 21001-21157 XTC                     com.fishit.player.v2                 D  [VOD] DTOâ†’Raw #9400 | id=xtream:vod:408926 | title="Elliot, das Schmunzelmonster (1977)" | sourceType=XTREAM | Fields: âœ“[year=1977, poster] âœ—[plot, cast, director, backdrop, duration, tmdb]
2026-01-30 14:19:28.920 21001-21478 XTC                     com.fishit.player.v2                 D  [LIVE] DTOâ†’Raw #10750 | id=xtream:live:370798 | title="IN: Captain TV" | sourceType=XTREAM | Fields: âœ“[poster] âœ—[year, plot, cast, director, backdrop, duration, tmdb]
2026-01-30 14:19:28.928 21001-21157 XTC                     com.fishit.player.v2                 D  [VOD] DTOâ†’Raw #9450 | id=xtream:vod:408838 | title="American Carnage (2022)" | sourceType=XTREAM | Fields: âœ“[year=2022, poster] âœ—[plot, cast, director, backdrop, duration, tmdb]
2026-01-30 14:19:28.947 21001-21138 NxCatalogWriter         com.fishit.player.v2                 D  ðŸ“¥ OPTIMIZED ingestBatch START: 400 items
2026-01-30 14:19:28.953 21001-21157 XTC                     com.fishit.player.v2                 D  [VOD] DTOâ†’Raw #9500 | id=xtream:vod:408742 | title="Der KÃ¶nig der LÃ¶wen 3 - Hakuna Matata (2" | sourceType=XTREAM | Fields: âœ“[year=2004, poster] âœ—[plot, cast, director, backdrop, duration, tmdb]
2026-01-30 14:19:28.954 21001-21153 XtreamCatalogScanWorker com.fishit.player.v2                 D  PROGRESS discovered=27093 persisted=25200 phase=N/A
2026-01-30 14:19:28.965 21001-21478 XTC                     com.fishit.player.v2                 D  [LIVE] DTOâ†’Raw #10800 | id=xtream:live:370848 | title="IN: E 24" | sourceType=XTREAM | Fields: âœ“[poster] âœ—[year, plot, cast, director, backdrop, duration, tmdb]
2026-01-30 14:19:28.989 21001-21152 NxCatalogWriter         com.fishit.player.v2                 D  ðŸ“¥ OPTIMIZED ingestBatch START: 400 items
2026-01-30 14:19:28.999 21001-21478 XTC                     com.fishit.player.v2                 D  [LIVE] DTOâ†’Raw #10850 | id=xtream:live:370898 | title="IN: Jigyasa TV" | sourceType=XTREAM | Fields: âœ“[poster] âœ—[year, plot, cast, director, backdrop, duration, tmdb]
2026-01-30 14:19:29.023 21001-21478 XTC                     com.fishit.player.v2                 D  [LIVE] DTOâ†’Raw #10900 | id=xtream:live:370948 | title="IN: NDTV 24X7" | sourceType=XTREAM | Fields: âœ“[poster] âœ—[year, plot, cast, director, backdrop, duration, tmdb]
2026-01-30 14:19:29.024 21001-21374 NxCatalogWriter         com.fishit.player.v2                 D  âœ… OPTIMIZED ingestBatch COMPLETE: 400 items | persist_ms=826 total_ms=880 (454 items/sec)
2026-01-30 14:19:29.026 21001-21156 CatalogSyncService      com.fishit.player.v2                 W  Xtream batch (NX): ingested=400 failed=0 hint_warnings=148 ingest_ms=993 total_ms=994
2026-01-30 14:19:29.027 21001-21156 CatalogSyncService      com.fishit.player.v2                 D  Consumer#1: 20 batches, 25600 total items
2026-01-30 14:19:29.040 21001-21157 XTC                     com.fishit.player.v2                 D  [VOD] DTOâ†’Raw #9550 | id=xtream:vod:409541 | title="Hundejahre (2021)" | sourceType=XTREAM | Fields: âœ“[year=2021, poster] âœ—[plot, cast, director, backdrop, duration, tmdb]
2026-01-30 14:19:29.048 21001-21138 NxWorkRepository        com.fishit.player.v2                 W  Deduped 4 duplicate workKeys in batch (400 â†’ 396)
2026-01-30 14:19:29.049 21001-21156 CatalogSyncService      com.fishit.player.v2                 D  Persisting Xtream catalog batch (NX-ONLY): 400 items (canonical_linking=true)
2026-01-30 14:19:29.091 21001-21157 XTC                     com.fishit.player.v2                 D  [LIVE] DTOâ†’Raw #10950 | id=xtream:live:370998 | title="IN: Raj Musix Telugu" | sourceType=XTREAM | Fields: âœ“[poster] âœ—[year, plot, cast, director, backdrop, duration, tmdb]
2026-01-30 14:19:29.126 21001-21157 XTC                     com.fishit.player.v2                 D  [VOD] DTOâ†’Raw #9600 | id=xtream:vod:409480 | title="The Man from Toronto (2022)" | sourceType=XTREAM | Fields: âœ“[year=2022, poster] âœ—[plot, cast, director, backdrop, duration, tmdb]
2026-01-30 14:19:29.130 21001-21154 XTC                     com.fishit.player.v2                 D  [LIVE] DTOâ†’Raw #11000 | id=xtream:live:371048 | title="IN: Sony Wah" | sourceType=XTREAM | Fields: âœ“[poster] âœ—[year, plot, cast, director, backdrop, duration, tmdb]
2026-01-30 14:19:29.132 21001-21478 XtreamCatalogScanWorker com.fishit.player.v2                 D  PROGRESS discovered=27408 persisted=25600 phase=N/A
2026-01-30 14:19:29.139 21001-21152 NxWorkRepository        com.fishit.player.v2                 W  Deduped 3 duplicate workKeys in batch (400 â†’ 397)
2026-01-30 14:19:29.160 21001-21157 XTC                     com.fishit.player.v2                 D  [VOD] DTOâ†’Raw #9650 | id=xtream:vod:409403 | title="Der HundertjÃ¤hrige, der aus dem Fenster " | sourceType=XTREAM | Fields: âœ“[year=2013, poster] âœ—[plot, cast, director, backdrop, duration, tmdb]
2026-01-30 14:19:29.169 21001-21157 XTC                     com.fishit.player.v2                 D  [VOD] DTOâ†’Raw #9700 | id=xtream:vod:409343 | title="Die Addams Family (2019)" | sourceType=XTREAM | Fields: âœ“[year=2019, poster] âœ—[plot, cast, director, backdrop, duration, tmdb]
