2026-01-30 13:25:08.600 23864-23864 InsetsController        com.fishit.player.v2                 I  onStateChanged: host=com.fishit.player.v2/com.fishit.player.v2.MainActivity, from=android.view.ViewRootImpl$ViewRootHandler.handleMessageImpl:7209, state=InsetsState: {mDisplayFrame=Rect(0, 0 - 1080, 2400), mDisplayCutout=DisplayCutout{insets=Rect(0, 80 - 0, 0) waterfall=Insets{left=0, top=0, right=0, bottom=0} boundingRect={Bounds=[Rect(0, 0 - 0, 0), Rect(510, 0 - 570, 80), Rect(0, 0 - 0, 0), Rect(0, 0 - 0, 0)]} cutoutPathParserInfo={CutoutPathParserInfo{displayWidth=1080 displayHeight=2400 physicalDisplayWidth=1080 physicalDisplayHeight=2400 density={3.0} cutoutSpec={M 0,0 H -10 V 26.66666666666667 H 10 V 0 H 0 Z @dp} rotation={0} scale={1.0} physicalPixelDisplaySizeRatio={1.0}}}}, mRoundedCorners=RoundedCorners{[RoundedCorner{position=TopLeft, radius=90, center=Point(90, 90)}, RoundedCorner{position=TopRight, radius=90, center=Point(990, 90)}, RoundedCorner{position=BottomRight, radius=90, center=Point(990, 2310)}, RoundedCorner{position=BottomLeft, radius=90, center=Point(90, 2310)}]}  mRoundedCornerFrame=Rect(0, 0 - 1080, 2400), mPrivacyIndicatorBounds=PrivacyIndicatorBounds {static bounds=Rect(948, 0 - 1080, 80) rotation=0}, mDisplayShape=DisplayShape{ spec=-311912193 displayWidth=1080 displayHeight=2400 physicalPixelDisplaySizeRatio=1.0 rotation=0 offsetX=0 offsetY=0 scale=1.0}, mSources= { InsetsSource: {27 mType=displayCutout mFrame=[0,0][1080,80] mVisible=true mFlags=[]}, InsetsSource: {24df0000 mType=statusBars mFrame=[0,0][1080,80] mVisible=true mFlags=[]}, InsetsSource: {24df0005 mType=mandatorySystemGestures mFrame=[0,0][1080,116] mVisible=true mFlags=[]}, InsetsSource: {24df0006 mType=tappableElement mFrame=[0,0][1080,80] mVisible=true mFlags=[]}, InsetsSource: {68b60001 mType=navigationBars mFrame=[0,2256][1080,2400] mVisible=true mFlags=[]}, InsetsSource: {68b60004 mType=systemGestures mFrame=[0,0][0,0] mVisible=true mFlags=[]}, InsetsSource: {68b60005 mType=mandatorySystemGestures mFrame=[0,2256][1080,2400] mVisible=true mFlags=[]}, InsetsSource: {68b60006 mType=tappableElement mFrame=[0,2256][1080,2400] mVisible=true mFlags=[]}, InsetsSource: {68b60024 mType=systemGestures mFrame=[0,0][0,0] mVisible=true mFlags=[]} }
2026-01-30 13:25:08.602 23864-23864 InsetsSourceConsumer    com.fishit.player.v2                 I  applyRequestedVisibilityToControl: visible=true, type=navigationBars, host=com.fishit.player.v2/com.fishit.player.v2.MainActivity
2026-01-30 13:25:08.602 23864-23864 InsetsSourceConsumer    com.fishit.player.v2                 I  applyRequestedVisibilityToControl: visible=true, type=statusBars, host=com.fishit.player.v2/com.fishit.player.v2.MainActivity
2026-01-30 13:25:08.603 23864-23864 ViewRootIm...nActivity] com.fishit.player.v2                 I  handleWindowFocusChanged: 1 0 call from android.view.ViewRootImpl.-$$Nest$mhandleWindowFocusChanged:0
2026-01-30 13:25:08.604 23864-23864 ViewRootIm...nActivity] com.fishit.player.v2                 D  mThreadedRenderer.initializeIfNeeded()#2 mSurface={isValid=true 0xb400007994e73000}
2026-01-30 13:25:08.604 23864-23864 InputMethodManagerUtils com.fishit.player.v2                 D  startInputInner - Id : 0
2026-01-30 13:25:08.604 23864-23864 InputMethodManager      com.fishit.player.v2                 I  startInputInner - IInputMethodManagerGlobalInvoker.startInputOrWindowGainedFocus
2026-01-30 13:25:08.760 23864-23864 InsetsSourceConsumer    com.fishit.player.v2                 I  applyRequestedVisibilityToControl: visible=false, type=ime, host=com.fishit.player.v2/com.fishit.player.v2.MainActivity
2026-01-30 13:25:09.356 23864-23957 NxWorkRepository        com.fishit.player.v2                 I  observeByType EMITTING: type=SERIES, count=50
2026-01-30 13:25:09.361 23864-23875 ishit.player.v2         com.fishit.player.v2                 I  Background young concurrent copying GC freed 606586(19MB) AllocSpace objects, 0(0B) LOS objects, 0% free, 146MB/146MB, paused 315us,240us total 587.882ms
2026-01-30 13:25:09.362 23864-23876 InputTransport          com.fishit.player.v2                 D  Input channel destroyed: 'ClientS', fd=140
2026-01-30 13:25:10.119 23864-23875 ishit.player.v2         com.fishit.player.v2                 I  Background concurrent copying GC freed 1679582(93MB) AllocSpace objects, 1(84KB) LOS objects, 19% free, 96MB/120MB, paused 207us,595us total 728.705ms
2026-01-30 13:25:10.559 23864-24881 NxWorkRepository        com.fishit.player.v2                 I  observeByType EMITTING: type=MOVIE, count=50
2026-01-30 13:25:10.878 23864-24261 NxWorkRepository        com.fishit.player.v2                 I  observeByType EMITTING: type=SERIES, count=50
2026-01-30 13:25:10.951 23864-23864 ViewRootIm...nActivity] com.fishit.player.v2                 I  ViewPostIme pointer 0
2026-01-30 13:25:11.052 23864-23864 ViewRootIm...nActivity] com.fishit.player.v2                 I  ViewPostIme pointer 1
2026-01-30 13:25:11.060 23864-23875 ishit.player.v2         com.fishit.player.v2                 I  Background young concurrent copying GC freed 501774(16MB) AllocSpace objects, 0(0B) LOS objects, 0% free, 135MB/135MB, paused 269us,164us total 549.429ms
2026-01-30 13:25:11.078 23864-23864 Dialog                  com.fishit.player.v2                 I  mIsDeviceDefault = false, mIsSamsungBasicInteraction = false, isMetaDataInActivity = false
2026-01-30 13:25:11.093 23864-23864 DecorView               com.fishit.player.v2                 I  setWindowBackground: isPopOver=false color=0 d=android.graphics.drawable.ColorDrawable@dcf2080
2026-01-30 13:25:11.116 23864-23864 WindowOnBackDispatcher  com.fishit.player.v2                 W  OnBackInvokedCallback is not enabled for the application.
                                                                                                    Set 'android:enableOnBackInvokedCallback="true"' in the application manifest.
2026-01-30 13:25:11.117 23864-23864 WindowManager           com.fishit.player.v2                 I  WindowManagerGlobal#addView, ty=2, view=DecorView@f32b255[MainActivity], caller=android.view.WindowManagerImpl.addView:150 android.app.Dialog.show:512 androidx.compose.material3.ModalBottomSheet_androidKt$ModalBottomSheetDialog$1$1.invoke:307
2026-01-30 13:25:11.122 23864-23961 NativeCust...ncyManager com.fishit.player.v2                 D  [NativeCFMS] BpCustomFrequencyManager::BpCustomFrequencyManager()
2026-01-30 13:25:11.143 23864-23864 InsetsController        com.fishit.player.v2                 I  onStateChanged: host=com.fishit.player.v2/com.fishit.player.v2.MainActivity, from=android.view.ViewRootImpl.setView:1753, state=InsetsState: {mDisplayFrame=Rect(0, 0 - 1080, 2400), mDisplayCutout=DisplayCutout{insets=Rect(0, 80 - 0, 0) waterfall=Insets{left=0, top=0, right=0, bottom=0} boundingRect={Bounds=[Rect(0, 0 - 0, 0), Rect(510, 0 - 570, 80), Rect(0, 0 - 0, 0), Rect(0, 0 - 0, 0)]} cutoutPathParserInfo={CutoutPathParserInfo{displayWidth=1080 displayHeight=2400 physicalDisplayWidth=1080 physicalDisplayHeight=2400 density={3.0} cutoutSpec={M 0,0 H -10 V 26.66666666666667 H 10 V 0 H 0 Z @dp} rotation={0} scale={1.0} physicalPixelDisplaySizeRatio={1.0}}}}, mRoundedCorners=RoundedCorners{[RoundedCorner{position=TopLeft, radius=90, center=Point(90, 90)}, RoundedCorner{position=TopRight, radius=90, center=Point(990, 90)}, RoundedCorner{position=BottomRight, radius=90, center=Point(990, 2310)}, RoundedCorner{position=BottomLeft, radius=90, center=Point(90, 2310)}]}  mRoundedCornerFrame=Rect(0, 0 - 1080, 2400), mPrivacyIndicatorBounds=PrivacyIndicatorBounds {static bounds=Rect(948, 0 - 1080, 80) rotation=0}, mDisplayShape=DisplayShape{ spec=-311912193 displayWidth=1080 displayHeight=2400 physicalPixelDisplaySizeRatio=1.0 rotation=0 offsetX=0 offsetY=0 scale=1.0}, mSources= { InsetsSource: {3 mType=ime mFrame=[0,0][0,0] mVisible=false mFlags=[]}, InsetsSource: {27 mType=displayCutout mFrame=[0,0][1080,80] mVisible=true mFlags=[]}, InsetsSource: {24df0000 mType=statusBars mFrame=[0,0][1080,80] mVisible=true mFlags=[]}, InsetsSource: {24df0005 mType=mandatorySystemGestures mFrame=[0,0][1080,116] mVisible=true mFlags=[]}, InsetsSource: {24df0006 mType=tappableElement mFrame=[0,0][1080,80] mVisible=true mFlags=[]}, InsetsSource: {68b60001 mType=navigationBars mFrame=[0,2256][1080,2400] mVisible=true mFlags=[]}, InsetsSource: {68b60004 mType=systemGestures mFrame=[0,0][0,0] mVisible=true mFlags=[]}, InsetsSource: {68b60005 mType=mandatorySystemGestures mFrame=[0,2256][1080,2400] mVisible=true mFlags=[]}, InsetsSource: {68b60006 mType=tappableElement mFrame=[0,2256][1080,2400] mVisible=true mFlags=[]}, InsetsSource: {68b60024 mType=systemGestures mFrame=[0,0][0,0] mVisible=true mFlags=[]} }
2026-01-30 13:25:11.147 23864-23864 ViewRootIm...nActivity] com.fishit.player.v2                 I  synced displayState. AttachInfo displayState=2
2026-01-30 13:25:11.148 23864-23864 ViewRootIm...nActivity] com.fishit.player.v2                 I  setView = com.android.internal.policy.DecorView@f32b255 TM=true
2026-01-30 13:25:11.156 23864-23864 WindowOnBackDispatcher  com.fishit.player.v2                 W  OnBackInvokedCallback is not enabled for the application.
                                                                                                    Set 'android:enableOnBackInvokedCallback="true"' in the application manifest.
2026-01-30 13:25:11.520 23864-23875 ishit.player.v2         com.fishit.player.v2                 I  Background concurrent copying GC freed 1502959(83MB) AllocSpace objects, 2(32KB) LOS objects, 23% free, 76MB/100MB, paused 291us,224us total 459.897ms
2026-01-30 13:25:11.811 23864-23864 InsetsSourceConsumer    com.fishit.player.v2                 I  applyRequestedVisibilityToControl: visible=true, type=navigationBars, host=com.fishit.player.v2/com.fishit.player.v2.MainActivity
2026-01-30 13:25:11.811 23864-23864 InsetsSourceConsumer    com.fishit.player.v2                 I  applyRequestedVisibilityToControl: visible=true, type=statusBars, host=com.fishit.player.v2/com.fishit.player.v2.MainActivity
2026-01-30 13:25:11.815 23864-23864 BLASTBufferQueue_Java   com.fishit.player.v2                 I  new BLASTBufferQueue, mName= ViewRootImpl@d156da4[MainActivity] mNativeObject= 0xb400007a14e7fd10 sc.mNativeObject= 0xb400007b04e50f10 caller= android.view.ViewRootImpl.updateBlastSurfaceIfNeeded:3028 android.view.ViewRootImpl.relayoutWindow:10131 android.view.ViewRootImpl.performTraversals:4110 android.view.ViewRootImpl.doTraversal:3288 android.view.ViewRootImpl$TraversalRunnable.run:11344 android.view.Choreographer$CallbackRecord.run:1689 android.view.Choreographer$CallbackRecord.run:1698 android.view.Choreographer.doCallbacks:1153 android.view.Choreographer.doFrame:1079 android.view.Choreographer$FrameDisplayEventReceiver.run:1646
2026-01-30 13:25:11.815 23864-23864 BLASTBufferQueue_Java   com.fishit.player.v2                 I  update, w= 1080 h= 2400 mName = ViewRootImpl@d156da4[MainActivity] mNativeObject= 0xb400007a14e7fd10 sc.mNativeObject= 0xb400007b04e50f10 format= -2 caller= android.graphics.BLASTBufferQueue.<init>:89 android.view.ViewRootImpl.updateBlastSurfaceIfNeeded:3028 android.view.ViewRootImpl.relayoutWindow:10131 android.view.ViewRootImpl.performTraversals:4110 android.view.ViewRootImpl.doTraversal:3288 android.view.ViewRootImpl$TraversalRunnable.run:11344
2026-01-30 13:25:11.816 23864-23864 ViewRootIm...nActivity] com.fishit.player.v2                 I  Relayout returned: old=(0,0,1080,2400) new=(0,0,1080,2400) relayoutAsync=false req=(1080,2400)0 dur=14 res=0x403 s={true 0xb400007994f1b2f0} ch=true seqId=0
2026-01-30 13:25:11.818 23864-23864 ViewRootIm...nActivity] com.fishit.player.v2                 I  performConfigurationChange setNightDimText nightDimLevel=0
2026-01-30 13:25:11.819 23864-23864 ViewRootIm...nActivity] com.fishit.player.v2                 D  mThreadedRenderer.initialize() mSurface={isValid=true 0xb400007994f1b2f0} hwInitialized=true
2026-01-30 13:25:11.883 23864-24245 NxWorkRepository        com.fishit.player.v2                 I  observeByType EMITTING: type=SERIES, count=50
2026-01-30 13:25:12.072 23864-23864 ViewRootIm...nActivity] com.fishit.player.v2                 D  reportNextDraw android.view.ViewRootImpl.performTraversals:4718 android.view.ViewRootImpl.doTraversal:3288 android.view.ViewRootImpl$TraversalRunnable.run:11344 android.view.Choreographer$CallbackRecord.run:1689 android.view.Choreographer$CallbackRecord.run:1698
2026-01-30 13:25:12.072 23864-23864 ViewRootIm...nActivity] com.fishit.player.v2                 I  Setup new sync=wmsSync-ViewRootImpl@d156da4[MainActivity]#4
2026-01-30 13:25:12.072 23864-23864 ViewRootIm...nActivity] com.fishit.player.v2                 I  Creating new active sync group ViewRootImpl@d156da4[MainActivity]#5
2026-01-30 13:25:12.073 23864-23864 ViewRootIm...nActivity] com.fishit.player.v2                 I  registerCallbacksForSync syncBuffer=false
2026-01-30 13:25:12.219 23864-23981 ViewRootIm...nActivity] com.fishit.player.v2                 I  Received frameDrawingCallback syncResult=0 frameNum=1.
2026-01-30 13:25:12.220 23864-23981 ViewRootIm...nActivity] com.fishit.player.v2                 I  mWNT: t=0xb4000078e4e33e90 mBlastBufferQueue=0xb400007a14e7fd10 fn= 1 mRenderHdrSdrRatio=1.0 caller= android.view.ViewRootImpl$8.onFrameDraw:13841 android.view.ThreadedRenderer$1.onFrameDraw:792 <bottom of call stack>
2026-01-30 13:25:12.220 23864-23981 ViewRootIm...nActivity] com.fishit.player.v2                 I  Setting up sync and frameCommitCallback
2026-01-30 13:25:12.223 23864-23961 BLASTBufferQueue        com.fishit.player.v2                 I  [ViewRootImpl@d156da4[MainActivity]#2](f:0,a:0,s:0) onFrameAvailable the first frame is available
2026-01-30 13:25:12.225 23864-23961 ViewRootIm...nActivity] com.fishit.player.v2                 I  Received frameCommittedCallback lastAttemptedDrawFrameNum=1 didProduceBuffer=true
2026-01-30 13:25:12.227 23864-23961 OpenGLRenderer          com.fishit.player.v2                 D  CFMS:: SetUp Pid : 23864    Tid : 23961
2026-01-30 13:25:12.227 23864-23864 ViewRootIm...nActivity] com.fishit.player.v2                 I  reportDrawFinished seqId=0
2026-01-30 13:25:12.228 23864-23864 Choreographer           com.fishit.player.v2                 I  Skipped 69 frames!  The application may be doing too much work on its main thread.
2026-01-30 13:25:12.239 23864-23881 OpenGLRenderer          com.fishit.player.v2                 I  Davey! duration=1179ms; Flags=1, FrameTimelineVsyncId=2236308, IntendedVsync=49415547126655, Vsync=49415547126655, InputEventId=0, HandleInputStart=49415547857923, AnimationStart=49415559870962, PerformTraversalsStart=49415651966000, DrawStart=49416575252961, FrameDeadline=49415563793321, FrameInterval=49415547826231, FrameStartTime=16690076, SyncQueued=49416720164845, SyncStart=49416720333422, IssueDrawCommandsStart=49416720942999, SwapBuffers=49416723308345, FrameCompleted=49416726643922, DequeueBufferDuration=33038, QueueBufferDuration=1889769, GpuCompleted=49416725547499, SwapBuffersCompleted=49416726643922, DisplayPresentTime=288234774265332736, CommandSubmissionCompleted=49416723308345,
2026-01-30 13:25:12.254 23864-24261 CatalogSyncService      com.fishit.player.v2                 W  Xtream batch (NX): ingested=400 failed=0 hint_warnings=99 ingest_ms=17448 total_ms=17465
2026-01-30 13:25:12.255 23864-24261 CatalogSyncService      com.fishit.player.v2                 D  Consumer#0: 20 batches, 23200 total items
2026-01-30 13:25:12.270 23864-23864 BLASTBufferQueue_Java   com.fishit.player.v2                 I  update, w= 1080 h= 2400 mName = ViewRootImpl@d156da4[MainActivity] mNativeObject= 0xb400007a14e7fd10 sc.mNativeObject= 0xb400007b04e50f10 format= -2 caller= android.view.ViewRootImpl.updateBlastSurfaceIfNeeded:3017 android.view.ViewRootImpl.relayoutWindow:10131 android.view.ViewRootImpl.performTraversals:4110 android.view.ViewRootImpl.doTraversal:3288 android.view.ViewRootImpl$TraversalRunnable.run:11344 android.view.Choreographer$CallbackRecord.run:1689
2026-01-30 13:25:12.271 23864-23864 ViewRootIm...nActivity] com.fishit.player.v2                 I  Relayout returned: old=(0,0,1080,2400) new=(0,0,1080,2400) relayoutAsync=true req=(1080,2400)0 dur=1 res=0x0 s={true 0xb400007994f1b2f0} ch=false seqId=0
2026-01-30 13:25:12.273 23864-23864 ViewRootIm...nActivity] com.fishit.player.v2                 I  registerCallbackForPendingTransactions
2026-01-30 13:25:12.284 23864-23982 ViewRootIm...nActivity] com.fishit.player.v2                 I  mWNT: t=0xb4000078e4e4ac50 mBlastBufferQueue=0xb400007a14e7fd10 fn= 2 mRenderHdrSdrRatio=1.0 caller= android.view.ViewRootImpl$6.onFrameDraw:5635 android.view.ViewRootImpl$2.onFrameDraw:2146 android.view.ThreadedRenderer$1.onFrameDraw:792
2026-01-30 13:25:12.293 23864-23961 OpenGLRenderer          com.fishit.player.v2                 D  HWUI - treat SMPTE_170M as sRGB
2026-01-30 13:25:12.297 23864-23864 ViewRootIm...nActivity] com.fishit.player.v2                 I  handleWindowFocusChanged: 0 0 call from android.view.ViewRootImpl.-$$Nest$mhandleWindowFocusChanged:0
2026-01-30 13:25:12.297 23864-23864 ImeFocusController      com.fishit.player.v2                 I  onPreWindowFocus: skipped, hasWindowFocus=false mHasImeFocus=true
2026-01-30 13:25:12.297 23864-23864 ImeFocusController      com.fishit.player.v2                 I  onPostWindowFocus: skipped, hasWindowFocus=false mHasImeFocus=true
2026-01-30 13:25:12.305 23864-23881 OpenGLRenderer          com.fishit.player.v2                 I  Davey! duration=1232ms; Flags=0, FrameTimelineVsyncId=2236326, IntendedVsync=49415563472508, Vsync=49416715087752, InputEventId=0, HandleInputStart=49416730152653, AnimationStart=49416730192461, PerformTraversalsStart=49416767308384, DrawStart=49416774950076, FrameDeadline=49416748788717, FrameInterval=49416729678576, FrameStartTime=16690076, SyncQueued=49416780594268, SyncStart=49416780710922, IssueDrawCommandsStart=49416781095422, SwapBuffers=49416793041038, FrameCompleted=49416796124038, DequeueBufferDuration=32961, QueueBufferDuration=592769, GpuCompleted=49416796124038, SwapBuffersCompleted=49416795039884, DisplayPresentTime=288234774265332743, CommandSubmissionCompleted=49416793041038,
2026-01-30 13:25:12.311 23864-23864 ViewRootIm...nActivity] com.fishit.player.v2                 I  handleWindowFocusChanged: 1 0 call from android.view.ViewRootImpl.-$$Nest$mhandleWindowFocusChanged:0
2026-01-30 13:25:12.312 23864-24261 CatalogSyncService      com.fishit.player.v2                 D  Persisting Xtream catalog batch (NX-ONLY): 400 items (canonical_linking=true)
2026-01-30 13:25:12.313 23864-23864 ViewRootIm...nActivity] com.fishit.player.v2                 D  mThreadedRenderer.initializeIfNeeded()#2 mSurface={isValid=true 0xb400007994f1b2f0}
2026-01-30 13:25:12.315 23864-23864 InputMethodManagerUtils com.fishit.player.v2                 D  startInputInner - Id : 0
2026-01-30 13:25:12.315 23864-23864 InputMethodManager      com.fishit.player.v2                 I  startInputInner - IInputMethodManagerGlobalInvoker.startInputOrWindowGainedFocus
2026-01-30 13:25:12.331 23864-23864 InsetsSourceConsumer    com.fishit.player.v2                 I  applyRequestedVisibilityToControl: visible=false, type=ime, host=com.fishit.player.v2/com.fishit.player.v2.MainActivity
2026-01-30 13:25:12.354 23864-24223 XTC                     com.fishit.player.v2                 D  [SERIES] DTO→Raw #6400 | id=xtream:series:3452 | title="The Guardians of Justice" | sourceType=XTREAM | Fields: ✓[plot(800c), cast, poster, duration=1200000ms] ✗[year, director, backdrop, tmdb]
2026-01-30 13:25:12.370 23864-23955 XTC                     com.fishit.player.v2                 D  [VOD] DTO→Raw #8900 | id=xtream:vod:384013 | title="Happy Nous Year (2022)" | sourceType=XTREAM | Fields: ✓[year=2022, poster] ✗[plot, cast, director, backdrop, duration, tmdb]
2026-01-30 13:25:12.370 23864-24881 XTC                     com.fishit.player.v2                 D  [LIVE] DTO→Raw #9900 | id=xtream:live:769691 | title="Dateline 24/7" | sourceType=XTREAM | Fields: ✓[poster] ✗[year, plot, cast, director, backdrop, duration, tmdb]
2026-01-30 13:25:12.401 23864-23955 XTC                     com.fishit.player.v2                 D  [VOD] DTO→Raw #8950 | id=xtream:vod:384103 | title="Batman und Superman: Kampf der Supersöhn" | sourceType=XTREAM | Fields: ✓[year=2022, poster] ✗[plot, cast, director, backdrop, duration, tmdb]
2026-01-30 13:25:12.436 23864-24881 XTC                     com.fishit.player.v2                 D  [LIVE] DTO→Raw #9950 | id=xtream:live:769741 | title="Top Chef Vault" | sourceType=XTREAM | Fields: ✓[poster] ✗[year, plot, cast, director, backdrop, duration, tmdb]
2026-01-30 13:25:12.437 23864-23955 XTC                     com.fishit.player.v2                 D  [VOD] DTO→Raw #9000 | id=xtream:vod:384161 | title="Emily the Criminal (2022)" | sourceType=XTREAM | Fields: ✓[year=2022, poster] ✗[plot, cast, director, backdrop, duration, tmdb]
2026-01-30 13:25:12.446 23864-24223 XTC                     com.fishit.player.v2                 D  [SERIES] DTO→Raw #6450 | id=xtream:series:3642 | title="Warrior" | sourceType=XTREAM | Fields: ✓[plot(440c), cast, poster, duration=3300000ms] ✗[year, director, backdrop, tmdb]
2026-01-30 13:25:12.451 23864-23958 XtreamCatalogScanWorker com.fishit.player.v2                 D  PROGRESS discovered=25394 persisted=23200 phase=N/A
2026-01-30 13:25:12.473 23864-23875 ishit.player.v2         com.fishit.player.v2                 I  Background young concurrent copying GC freed 393730(12MB) AllocSpace objects, 2(68KB) LOS objects, 0% free, 112MB/112MB, paused 367us,386us total 512.244ms
2026-01-30 13:25:13.149 23864-23875 ishit.player.v2         com.fishit.player.v2                 I  Background concurrent copying GC freed 1000465(54MB) AllocSpace objects, 0(0B) LOS objects, 20% free, 95MB/119MB, paused 298us,233us total 670.739ms
2026-01-30 13:25:13.159 23864-23876 InputTransport          com.fishit.player.v2                 D  Input channel destroyed: 'ClientS', fd=219
2026-01-30 13:25:14.017 23864-23875 ishit.player.v2         com.fishit.player.v2                 I  Background young concurrent copying GC freed 462392(14MB) AllocSpace objects, 0(0B) LOS objects, 0% free, 130MB/130MB, paused 276us,709us total 458.888ms
2026-01-30 13:25:14.725 23864-23875 ishit.player.v2         com.fishit.player.v2                 I  Background concurrent copying GC freed 1589136(86MB) AllocSpace objects, 0(0B) LOS objects, 22% free, 83MB/107MB, paused 292us,271us total 702.626ms
2026-01-30 13:25:14.796 23864-23864 ViewRootIm...nActivity] com.fishit.player.v2                 I  ViewPostIme pointer 0
2026-01-30 13:25:14.849 23864-23864 ViewRootIm...nActivity] com.fishit.player.v2                 I  ViewPostIme pointer 1
2026-01-30 13:25:15.244 23864-23955 NxWorkRepository        com.fishit.player.v2                 I  observeByType EMITTING: type=MOVIE, count=50
2026-01-30 13:25:15.343 23864-24222 CatalogSyncService      com.fishit.player.v2                 W  Xtream batch (NX): ingested=400 failed=0 hint_warnings=137 ingest_ms=14360 total_ms=14360
2026-01-30 13:25:15.346 23864-24222 CatalogSyncService      com.fishit.player.v2                 D  Consumer#1: 20 batches, 23600 total items
2026-01-30 13:25:15.376 23864-24881 XTC                     com.fishit.player.v2                 D  [LIVE] DTO→Raw #10000 | id=xtream:live:769791 | title="CBS News Chicago" | sourceType=XTREAM | Fields: ✓[poster] ✗[year, plot, cast, director, backdrop, duration, tmdb]
2026-01-30 13:25:15.378 23864-24244 XtreamCatalogScanWorker com.fishit.player.v2                 D  PROGRESS discovered=25529 persisted=23600 phase=N/A
2026-01-30 13:25:15.388 23864-24222 CatalogSyncService      com.fishit.player.v2                 D  Persisting Xtream catalog batch (NX-ONLY): 400 items (canonical_linking=true)
2026-01-30 13:25:15.395 23864-23940 XTC                     com.fishit.player.v2                 D  [SERIES] DTO→Raw #6500 | id=xtream:series:3803 | title="Gossip Girl" | sourceType=XTREAM | Fields: ✓[plot(593c), cast, poster, duration=2520000ms] ✗[year, director, backdrop, tmdb]
2026-01-30 13:25:15.397 23864-24223 XTC                     com.fishit.player.v2                 D  [VOD] DTO→Raw #9050 | id=xtream:vod:384228 | title="Monsieur Claude und sein großes Fest (20" | sourceType=XTREAM | Fields: ✓[year=2021, poster] ✗[plot, cast, director, backdrop, duration, tmdb]
2026-01-30 13:25:15.399 23864-23941 XtreamCatalogScanWorker com.fishit.player.v2                 D  PROGRESS discovered=25549 persisted=23600 phase=N/A
2026-01-30 13:25:15.410 23864-23875 ishit.player.v2         com.fishit.player.v2                 I  Background young concurrent copying GC freed 449052(14MB) AllocSpace objects, 1(16KB) LOS objects, 0% free, 108MB/108MB, paused 280us,300us total 302.152ms
2026-01-30 13:25:15.492 23864-24223 XTC                     com.fishit.player.v2                 D  [VOD] DTO→Raw #9100 | id=xtream:vod:384290 | title="Stand up! Was bleibt, wenn alles weg ist" | sourceType=XTREAM | Fields: ✓[year=2022, poster] ✗[plot, cast, director, backdrop, duration, tmdb]
2026-01-30 13:25:15.538 23864-24223 XTC                     com.fishit.player.v2                 D  [VOD] DTO→Raw #9150 | id=xtream:vod:384361 | title="Unhuman - Wem kannst du trauen? (2022)" | sourceType=XTREAM | Fields: ✓[year=2022, poster] ✗[plot, cast, director, backdrop, duration, tmdb]
2026-01-30 13:25:15.538 23864-24881 XTC                     com.fishit.player.v2                 D  [LIVE] DTO→Raw #10050 | id=xtream:live:769841 | title="Pluto TV Science" | sourceType=XTREAM | Fields: ✓[poster] ✗[year, plot, cast, director, backdrop, duration, tmdb]
2026-01-30 13:25:15.584 23864-24881 XTC                     com.fishit.player.v2                 D  [LIVE] DTO→Raw #10100 | id=xtream:live:769891 | title="Totally Teen" | sourceType=XTREAM | Fields: ✓[poster] ✗[year, plot, cast, director, backdrop, duration, tmdb]
2026-01-30 13:25:15.591 23864-24223 XTC                     com.fishit.player.v2                 D  [VOD] DTO→Raw #9200 | id=xtream:vod:388669 | title="Antlers (2021)" | sourceType=XTREAM | Fields: ✓[year=2021, poster] ✗[plot, cast, director, backdrop, duration, tmdb]
2026-01-30 13:25:15.790 23864-23864 ViewRootIm...nActivity] com.fishit.player.v2                 I  ViewPostIme pointer 0
2026-01-30 13:25:15.850 23864-23864 ViewRootIm...nActivity] com.fishit.player.v2                 I  ViewPostIme pointer 1
2026-01-30 13:25:16.459 23864-23875 ishit.player.v2         com.fishit.player.v2                 I  Background concurrent copying GC freed 951850(47MB) AllocSpace objects, 0(0B) LOS objects, 17% free, 114MB/138MB, paused 450us,440us total 1.032s
2026-01-30 13:25:16.923 23864-23864 ViewRootIm...nActivity] com.fishit.player.v2                 I  ViewPostIme pointer 0
2026-01-30 13:25:16.984 23864-23864 ViewRootIm...nActivity] com.fishit.player.v2                 I  ViewPostIme pointer 1
2026-01-30 13:25:17.225 23864-23875 ishit.player.v2         com.fishit.player.v2                 I  Background young concurrent copying GC freed 564314(17MB) AllocSpace objects, 1(16KB) LOS objects, 2% free, 134MB/138MB, paused 312us,283us total 399.799ms
2026-01-30 13:25:17.460 23864-24913 CatalogSyncService      com.fishit.player.v2                 W  Xtream batch (NX): ingested=400 failed=0 hint_warnings=52 ingest_ms=14168 total_ms=14169
2026-01-30 13:25:17.461 23864-24913 CatalogSyncService      com.fishit.player.v2                 D  Consumer#2: 20 batches, 24000 total items
2026-01-30 13:25:17.474 23864-23954 XTC                     com.fishit.player.v2                 D  [VOD] DTO→Raw #9250 | id=xtream:vod:388719 | title="Breaking News in Yuba County (2021)" | sourceType=XTREAM | Fields: ✓[year=2021, poster] ✗[plot, cast, director, backdrop, duration, tmdb]
2026-01-30 13:25:17.477 23864-23958 XTC                     com.fishit.player.v2                 D  [LIVE] DTO→Raw #10150 | id=xtream:live:769941 | title="EstrellaTV" | sourceType=XTREAM | Fields: ✓[poster] ✗[year, plot, cast, director, backdrop, duration, tmdb]
2026-01-30 13:25:17.506 23864-24245 XTC                     com.fishit.player.v2                 D  [SERIES] DTO→Raw #6550 | id=xtream:series:3957 | title="Befruchtet" | sourceType=XTREAM | Fields: ✓[plot(166c), cast, poster, duration=2100000ms] ✗[year, director, backdrop, tmdb]
2026-01-30 13:25:17.528 23864-23958 XTC                     com.fishit.player.v2                 D  [LIVE] DTO→Raw #10200 | id=xtream:live:769991 | title="CBS News Chicago" | sourceType=XTREAM | Fields: ✓[poster] ✗[year, plot, cast, director, backdrop, duration, tmdb]
2026-01-30 13:25:17.530 23864-23954 XTC                     com.fishit.player.v2                 D  [VOD] DTO→Raw #9300 | id=xtream:vod:388770 | title="Dark Glasses (2022)" | sourceType=XTREAM | Fields: ✓[year=2022, poster] ✗[plot, cast, director, backdrop, duration, tmdb]
2026-01-30 13:25:17.544 23864-24913 CatalogSyncService      com.fishit.player.v2                 D  Persisting Xtream catalog batch (NX-ONLY): 400 items (canonical_linking=true)
2026-01-30 13:25:17.561 23864-23954 XTC                     com.fishit.player.v2                 D  [VOD] DTO→Raw #9350 | id=xtream:vod:388820 | title="Die Rettung der uns bekannten Welt (2021" | sourceType=XTREAM | Fields: ✓[year=2021, poster] ✗[plot, cast, director, backdrop, duration, tmdb]
2026-01-30 13:25:17.581 23864-23958 XTC                     com.fishit.player.v2                 D  [LIVE] DTO→Raw #10250 | id=xtream:live:48684 | title="VIP SPORT: DIGI SPORT 2 (RO)" | sourceType=XTREAM | Fields: ✓[] ✗[year, plot, cast, director, poster, backdrop, duration, tmdb]
2026-01-30 13:25:17.593 23864-23954 XTC                     com.fishit.player.v2                 D  [VOD] DTO→Raw #9400 | id=xtream:vod:388870 | title="Lointain (2021)" | sourceType=XTREAM | Fields: ✓[year=2021, poster] ✗[plot, cast, director, backdrop, duration, tmdb]
2026-01-30 13:25:17.602 23864-24245 XTC                     com.fishit.player.v2                 D  [SERIES] DTO→Raw #6600 | id=xtream:series:4083 | title="The Terminal List - Die Abschussliste" | sourceType=XTREAM | Fields: ✓[plot(317c), cast, poster, duration=3600000ms] ✗[year, director, backdrop, tmdb]
2026-01-30 13:25:18.099 23864-23875 ishit.player.v2         com.fishit.player.v2                 I  Background concurrent copying GC freed 1496146(83MB) AllocSpace objects, 1(16KB) LOS objects, 19% free, 98MB/122MB, paused 277us,232us total 810.677ms
2026-01-30 13:25:18.753 23864-23875 ishit.player.v2         com.fishit.player.v2                 I  Background young concurrent copying GC freed 504564(16MB) AllocSpace objects, 0(0B) LOS objects, 0% free, 123MB/123MB, paused 268us,178us total 272.687ms
2026-01-30 13:25:18.817 23864-23864 ViewRootIm...nActivity] com.fishit.player.v2                 I  ViewPostIme pointer 0
2026-01-30 13:25:18.911 23864-23864 ViewRootIm...nActivity] com.fishit.player.v2                 I  ViewPostIme pointer 1
2026-01-30 13:25:19.363 23864-23875 ishit.player.v2         com.fishit.player.v2                 I  Background concurrent copying GC freed 1201366(67MB) AllocSpace objects, 0(0B) LOS objects, 20% free, 95MB/119MB, paused 225us,235us total 606.462ms
2026-01-30 13:25:19.961 23864-23875 ishit.player.v2         com.fishit.player.v2                 I  Background young concurrent copying GC freed 529131(16MB) AllocSpace objects, 0(0B) LOS objects, 1% free, 117MB/119MB, paused 248us,359us total 255.314ms
2026-01-30 13:25:19.992 23864-23864 ViewRootIm...nActivity] com.fishit.player.v2                 I  ViewPostIme key 0
2026-01-30 13:25:20.048 23864-23864 ViewRootIm...nActivity] com.fishit.player.v2                 I  ViewPostIme key 1
2026-01-30 13:25:20.234 23864-23952 ObjectBoxPagingSource   com.fishit.player.v2                 D  🔍 DB Query: offset=0 loadSize=150 → results=150
2026-01-30 13:25:20.249 23864-23864 WindowManager           com.fishit.player.v2                 I  WindowManagerGlobal#removeView, ty=2, view=DecorView@f32b255[MainActivity], caller=android.view.WindowManagerGlobal.removeView:628 android.view.WindowManagerImpl.removeViewImmediate:208 android.app.Dialog.dismissDialog:801
2026-01-30 13:25:20.251 23864-23864 WindowOnBackDispatcher  com.fishit.player.v2                 W  sendCancelIfRunning: isInProgress=falsecallback=android.view.ViewRootImpl$$ExternalSyntheticLambda19@e6e6bca
2026-01-30 13:25:20.380 23864-23864 ViewRootIm...nActivity] com.fishit.player.v2                 I  dispatchDetachedFromWindow
2026-01-30 13:25:20.399 23864-23864 InputTransport          com.fishit.player.v2                 D  Input channel destroyed: 'c7f1635', fd=148
2026-01-30 13:25:20.402  1438-1573  WindowManager           system_server                        E  win=Window{c7f1635 u0 com.fishit.player.v2/com.fishit.player.v2.MainActivity EXITING} destroySurfaces: appStopped=false cleanupOnResume=false win.mWindowRemovalAllowed=true win.mRemoveOnExit=true win.mViewVisibility=0 caller=com.android.server.wm.WindowState.onExitAnimationDone:5764 com.android.server.wm.WindowStateAnimator.onAnimationFinished:208 com.android.server.wm.WindowState.onAnimationFinished:5995 com.android.server.wm.WindowContainer$$ExternalSyntheticLambda4.onAnimationFinished:0 com.android.server.wm.SurfaceAnimator.lambda$getFinishedCallback$0:140 com.android.server.wm.SurfaceAnimator.$r8$lambda$eYT7rjaBOE8bCIRq043wVzQ_RTM:0 com.android.server.wm.SurfaceAnimator$$ExternalSyntheticLambda1.run:0
2026-01-30 13:25:20.552 23864-23875 ishit.player.v2         com.fishit.player.v2                 I  Background concurrent copying GC freed 792604(45MB) AllocSpace objects, 0(0B) LOS objects, 19% free, 102MB/126MB, paused 3.797ms,250us total 568.403ms
2026-01-30 13:25:20.553 23864-23864 InsetsController        com.fishit.player.v2                 I  onStateChanged: host=com.fishit.player.v2/com.fishit.player.v2.MainActivity, from=android.view.ViewRootImpl$ViewRootHandler.handleMessageImpl:7209, state=InsetsState: {mDisplayFrame=Rect(0, 0 - 1080, 2400), mDisplayCutout=DisplayCutout{insets=Rect(0, 80 - 0, 0) waterfall=Insets{left=0, top=0, right=0, bottom=0} boundingRect={Bounds=[Rect(0, 0 - 0, 0), Rect(510, 0 - 570, 80), Rect(0, 0 - 0, 0), Rect(0, 0 - 0, 0)]} cutoutPathParserInfo={CutoutPathParserInfo{displayWidth=1080 displayHeight=2400 physicalDisplayWidth=1080 physicalDisplayHeight=2400 density={3.0} cutoutSpec={M 0,0 H -10 V 26.66666666666667 H 10 V 0 H 0 Z @dp} rotation={0} scale={1.0} physicalPixelDisplaySizeRatio={1.0}}}}, mRoundedCorners=RoundedCorners{[RoundedCorner{position=TopLeft, radius=90, center=Point(90, 90)}, RoundedCorner{position=TopRight, radius=90, center=Point(990, 90)}, RoundedCorner{position=BottomRight, radius=90, center=Point(990, 2310)}, RoundedCorner{position=BottomLeft, radius=90, center=Point(90, 2310)}]}  mRoundedCornerFrame=Rect(0, 0 - 1080, 2400), mPrivacyIndicatorBounds=PrivacyIndicatorBounds {static bounds=Rect(948, 0 - 1080, 80) rotation=0}, mDisplayShape=DisplayShape{ spec=-311912193 displayWidth=1080 displayHeight=2400 physicalPixelDisplaySizeRatio=1.0 rotation=0 offsetX=0 offsetY=0 scale=1.0}, mSources= { InsetsSource: {27 mType=displayCutout mFrame=[0,0][1080,80] mVisible=true mFlags=[]}, InsetsSource: {24df0000 mType=statusBars mFrame=[0,0][1080,80] mVisible=true mFlags=[]}, InsetsSource: {24df0005 mType=mandatorySystemGestures mFrame=[0,0][1080,116] mVisible=true mFlags=[]}, InsetsSource: {24df0006 mType=tappableElement mFrame=[0,0][1080,80] mVisible=true mFlags=[]}, InsetsSource: {68b60001 mType=navigationBars mFrame=[0,2256][1080,2400] mVisible=true mFlags=[]}, InsetsSource: {68b60004 mType=systemGestures mFrame=[0,0][0,0] mVisible=true mFlags=[]}, InsetsSource: {68b60005 mType=mandatorySystemGestures mFrame=[0,2256][1080,2400] mVisible=true mFlags=[]}, InsetsSource: {68b60006 mType=tappableElement mFrame=[0,2256][1080,2400] mVisible=true mFlags=[]}, InsetsSource: {68b60024 mType=systemGestures mFrame=[0,0][0,0] mVisible=true mFlags=[]} }
2026-01-30 13:25:20.556 23864-23864 InsetsSourceConsumer    com.fishit.player.v2                 I  applyRequestedVisibilityToControl: visible=true, type=navigationBars, host=com.fishit.player.v2/com.fishit.player.v2.MainActivity
2026-01-30 13:25:20.557 23864-23864 InsetsSourceConsumer    com.fishit.player.v2                 I  applyRequestedVisibilityToControl: visible=true, type=statusBars, host=com.fishit.player.v2/com.fishit.player.v2.MainActivity
2026-01-30 13:25:20.559 23864-23864 ViewRootIm...nActivity] com.fishit.player.v2                 I  handleWindowFocusChanged: 1 0 call from android.view.ViewRootImpl.-$$Nest$mhandleWindowFocusChanged:0
2026-01-30 13:25:20.559 23864-23864 ViewRootIm...nActivity] com.fishit.player.v2                 D  mThreadedRenderer.initializeIfNeeded()#2 mSurface={isValid=true 0xb400007994e73000}
2026-01-30 13:25:20.560 23864-23864 InputMethodManagerUtils com.fishit.player.v2                 D  startInputInner - Id : 0
2026-01-30 13:25:20.561 23864-23864 InputMethodManager      com.fishit.player.v2                 I  startInputInner - IInputMethodManagerGlobalInvoker.startInputOrWindowGainedFocus
2026-01-30 13:25:20.702 23864-23864 InsetsSourceConsumer    com.fishit.player.v2                 I  applyRequestedVisibilityToControl: visible=false, type=ime, host=com.fishit.player.v2/com.fishit.player.v2.MainActivity
2026-01-30 13:25:20.973 23864-23940 NxWorkRepository        com.fishit.player.v2                 I  observeByType EMITTING: type=MOVIE, count=50
2026-01-30 13:25:20.996 23864-23940 NxWorkRepository        com.fishit.player.v2                 I  observeByType EMITTING: type=SERIES, count=50
2026-01-30 13:25:21.463 23864-23875 ishit.player.v2         com.fishit.player.v2                 I  Background young concurrent copying GC freed 510883(21MB) AllocSpace objects, 0(0B) LOS objects, 0% free, 133MB/133MB, paused 245us,2.331ms total 519.925ms
2026-01-30 13:25:21.464 23864-23876 InputTransport          com.fishit.player.v2                 D  Input channel destroyed: 'ClientS', fd=172
2026-01-30 13:25:21.472 23864-23864 ViewRootIm...nActivity] com.fishit.player.v2                 I  ViewPostIme pointer 0
2026-01-30 13:25:21.739 23864-23864 ViewRootIm...nActivity] com.fishit.player.v2                 I  ViewPostIme pointer 1
2026-01-30 13:25:22.248 23864-23875 ishit.player.v2         com.fishit.player.v2                 I  Background concurrent copying GC freed 1512704(80MB) AllocSpace objects, 1(84KB) LOS objects, 19% free, 96MB/120MB, paused 338us,239us total 780.096ms
2026-01-30 13:25:22.437 23864-23864 ViewRootIm...nActivity] com.fishit.player.v2                 I  ViewPostIme pointer 0
2026-01-30 13:25:22.555 23864-23864 ViewRootIm...nActivity] com.fishit.player.v2                 I  ViewPostIme pointer 1
2026-01-30 13:25:23.025 23864-23875 ishit.player.v2         com.fishit.player.v2                 I  Background young concurrent copying GC freed 561338(22MB) AllocSpace objects, 0(0B) LOS objects, 5% free, 113MB/120MB, paused 259us,364us total 348.772ms
2026-01-30 13:25:23.710 23864-23875 ishit.player.v2         com.fishit.player.v2                 I  Background concurrent copying GC freed 1110117(63MB) AllocSpace objects, 2(32KB) LOS objects, 21% free, 85MB/109MB, paused 350us,308us total 555.340ms
2026-01-30 13:25:24.363 23864-23875 ishit.player.v2         com.fishit.player.v2                 I  Background young concurrent copying GC freed 410293(13MB) AllocSpace objects, 0(0B) LOS objects, 0% free, 115MB/115MB, paused 394us,380us total 344.244ms
2026-01-30 13:25:24.585 23864-23864 ViewRootIm...nActivity] com.fishit.player.v2                 I  ViewPostIme pointer 0
2026-01-30 13:25:24.685 23864-23864 ViewRootIm...nActivity] com.fishit.player.v2                 I  ViewPostIme pointer 1
2026-01-30 13:25:25.122 23864-23875 ishit.player.v2         com.fishit.player.v2                 W  Suspending all threads took: 6.856ms
2026-01-30 13:25:25.191 23864-23875 ishit.player.v2         com.fishit.player.v2                 I  Background concurrent copying GC freed 1114057(57MB) AllocSpace objects, 0(0B) LOS objects, 19% free, 100MB/124MB, paused 1.076ms,6.998ms total 816.232ms
2026-01-30 13:25:25.285 23864-24244 NxWorkRepository        com.fishit.player.v2                 I  observeByType EMITTING: type=SERIES, count=50
2026-01-30 13:25:25.529 23864-24244 NxWorkRepository        com.fishit.player.v2                 I  observeByType EMITTING: type=MOVIE, count=50
2026-01-30 13:25:25.531 23864-23864 ViewRootIm...nActivity] com.fishit.player.v2                 I  ViewPostIme pointer 0
2026-01-30 13:25:25.604 23864-23864 ViewRootIm...nActivity] com.fishit.player.v2                 I  ViewPostIme pointer 1
2026-01-30 13:25:25.630 23864-23864 Dialog                  com.fishit.player.v2                 I  mIsDeviceDefault = false, mIsSamsungBasicInteraction = false, isMetaDataInActivity = false
2026-01-30 13:25:25.646 23864-23864 DecorView               com.fishit.player.v2                 I  setWindowBackground: isPopOver=false color=0 d=android.graphics.drawable.ColorDrawable@5963642
2026-01-30 13:25:25.679 23864-23864 WindowOnBackDispatcher  com.fishit.player.v2                 W  OnBackInvokedCallback is not enabled for the application.
                                                                                                    Set 'android:enableOnBackInvokedCallback="true"' in the application manifest.
2026-01-30 13:25:25.680 23864-23864 WindowManager           com.fishit.player.v2                 I  WindowManagerGlobal#addView, ty=2, view=DecorView@51578c0[MainActivity], caller=android.view.WindowManagerImpl.addView:150 android.app.Dialog.show:512 androidx.compose.material3.ModalBottomSheet_androidKt$ModalBottomSheetDialog$1$1.invoke:307
2026-01-30 13:25:25.687 23864-23961 NativeCust...ncyManager com.fishit.player.v2                 D  [NativeCFMS] BpCustomFrequencyManager::BpCustomFrequencyManager()
2026-01-30 13:25:25.709 23864-23864 InsetsController        com.fishit.player.v2                 I  onStateChanged: host=com.fishit.player.v2/com.fishit.player.v2.MainActivity, from=android.view.ViewRootImpl.setView:1753, state=InsetsState: {mDisplayFrame=Rect(0, 0 - 1080, 2400), mDisplayCutout=DisplayCutout{insets=Rect(0, 80 - 0, 0) waterfall=Insets{left=0, top=0, right=0, bottom=0} boundingRect={Bounds=[Rect(0, 0 - 0, 0), Rect(510, 0 - 570, 80), Rect(0, 0 - 0, 0), Rect(0, 0 - 0, 0)]} cutoutPathParserInfo={CutoutPathParserInfo{displayWidth=1080 displayHeight=2400 physicalDisplayWidth=1080 physicalDisplayHeight=2400 density={3.0} cutoutSpec={M 0,0 H -10 V 26.66666666666667 H 10 V 0 H 0 Z @dp} rotation={0} scale={1.0} physicalPixelDisplaySizeRatio={1.0}}}}, mRoundedCorners=RoundedCorners{[RoundedCorner{position=TopLeft, radius=90, center=Point(90, 90)}, RoundedCorner{position=TopRight, radius=90, center=Point(990, 90)}, RoundedCorner{position=BottomRight, radius=90, center=Point(990, 2310)}, RoundedCorner{position=BottomLeft, radius=90, center=Point(90, 2310)}]}  mRoundedCornerFrame=Rect(0, 0 - 1080, 2400), mPrivacyIndicatorBounds=PrivacyIndicatorBounds {static bounds=Rect(948, 0 - 1080, 80) rotation=0}, mDisplayShape=DisplayShape{ spec=-311912193 displayWidth=1080 displayHeight=2400 physicalPixelDisplaySizeRatio=1.0 rotation=0 offsetX=0 offsetY=0 scale=1.0}, mSources= { InsetsSource: {3 mType=ime mFrame=[0,0][0,0] mVisible=false mFlags=[]}, InsetsSource: {27 mType=displayCutout mFrame=[0,0][1080,80] mVisible=true mFlags=[]}, InsetsSource: {24df0000 mType=statusBars mFrame=[0,0][1080,80] mVisible=true mFlags=[]}, InsetsSource: {24df0005 mType=mandatorySystemGestures mFrame=[0,0][1080,116] mVisible=true mFlags=[]}, InsetsSource: {24df0006 mType=tappableElement mFrame=[0,0][1080,80] mVisible=true mFlags=[]}, InsetsSource: {68b60001 mType=navigationBars mFrame=[0,2256][1080,2400] mVisible=true mFlags=[]}, InsetsSource: {68b60004 mType=systemGestures mFrame=[0,0][0,0] mVisible=true mFlags=[]}, InsetsSource: {68b60005 mType=mandatorySystemGestures mFrame=[0,2256][1080,2400] mVisible=true mFlags=[]}, InsetsSource: {68b60006 mType=tappableElement mFrame=[0,2256][1080,2400] mVisible=true mFlags=[]}, InsetsSource: {68b60024 mType=systemGestures mFrame=[0,0][0,0] mVisible=true mFlags=[]} }
2026-01-30 13:25:25.712 23864-23864 ViewRootIm...nActivity] com.fishit.player.v2                 I  synced displayState. AttachInfo displayState=2
2026-01-30 13:25:25.713 23864-23864 ViewRootIm...nActivity] com.fishit.player.v2                 I  setView = com.android.internal.policy.DecorView@51578c0 TM=true
2026-01-30 13:25:25.726 23864-23864 WindowOnBackDispatcher  com.fishit.player.v2                 W  OnBackInvokedCallback is not enabled for the application.
                                                                                                    Set 'android:enableOnBackInvokedCallback="true"' in the application manifest.
2026-01-30 13:25:25.860 23864-23864 InsetsSourceConsumer    com.fishit.player.v2                 I  applyRequestedVisibilityToControl: visible=true, type=navigationBars, host=com.fishit.player.v2/com.fishit.player.v2.MainActivity
2026-01-30 13:25:25.867 23864-23864 InsetsSourceConsumer    com.fishit.player.v2                 I  applyRequestedVisibilityToControl: visible=true, type=statusBars, host=com.fishit.player.v2/com.fishit.player.v2.MainActivity
2026-01-30 13:25:25.873 23864-23864 BLASTBufferQueue_Java   com.fishit.player.v2                 I  new BLASTBufferQueue, mName= ViewRootImpl@96f19f9[MainActivity] mNativeObject= 0xb400007a14e90070 sc.mNativeObject= 0xb400007b04e52110 caller= android.view.ViewRootImpl.updateBlastSurfaceIfNeeded:3028 android.view.ViewRootImpl.relayoutWindow:10131 android.view.ViewRootImpl.performTraversals:4110 android.view.ViewRootImpl.doTraversal:3288 android.view.ViewRootImpl$TraversalRunnable.run:11344 android.view.Choreographer$CallbackRecord.run:1689 android.view.Choreographer$CallbackRecord.run:1698 android.view.Choreographer.doCallbacks:1153 android.view.Choreographer.doFrame:1079 android.view.Choreographer$FrameDisplayEventReceiver.run:1646
2026-01-30 13:25:25.873 23864-23864 BLASTBufferQueue_Java   com.fishit.player.v2                 I  update, w= 1080 h= 2400 mName = ViewRootImpl@96f19f9[MainActivity] mNativeObject= 0xb400007a14e90070 sc.mNativeObject= 0xb400007b04e52110 format= -2 caller= android.graphics.BLASTBufferQueue.<init>:89 android.view.ViewRootImpl.updateBlastSurfaceIfNeeded:3028 android.view.ViewRootImpl.relayoutWindow:10131 android.view.ViewRootImpl.performTraversals:4110 android.view.ViewRootImpl.doTraversal:3288 android.view.ViewRootImpl$TraversalRunnable.run:11344
2026-01-30 13:25:25.875 23864-23864 ViewRootIm...nActivity] com.fishit.player.v2                 I  Relayout returned: old=(0,0,1080,2400) new=(0,0,1080,2400) relayoutAsync=false req=(1080,2400)0 dur=27 res=0x403 s={true 0xb400007994f16ed0} ch=true seqId=0
2026-01-30 13:25:25.876 23864-23864 ViewRootIm...nActivity] com.fishit.player.v2                 I  performConfigurationChange setNightDimText nightDimLevel=0
2026-01-30 13:25:25.879 23864-23864 ViewRootIm...nActivity] com.fishit.player.v2                 D  mThreadedRenderer.initialize() mSurface={isValid=true 0xb400007994f16ed0} hwInitialized=true
2026-01-30 13:25:25.925 23864-23864 ViewRootIm...nActivity] com.fishit.player.v2                 D  reportNextDraw android.view.ViewRootImpl.performTraversals:4718 android.view.ViewRootImpl.doTraversal:3288 android.view.ViewRootImpl$TraversalRunnable.run:11344 android.view.Choreographer$CallbackRecord.run:1689 android.view.Choreographer$CallbackRecord.run:1698
2026-01-30 13:25:25.925 23864-23864 ViewRootIm...nActivity] com.fishit.player.v2                 I  Setup new sync=wmsSync-ViewRootImpl@96f19f9[MainActivity]#6
2026-01-30 13:25:25.925 23864-23864 ViewRootIm...nActivity] com.fishit.player.v2                 I  Creating new active sync group ViewRootImpl@96f19f9[MainActivity]#7
2026-01-30 13:25:25.926 23864-23864 ViewRootIm...nActivity] com.fishit.player.v2                 I  registerCallbacksForSync syncBuffer=false
2026-01-30 13:25:25.961 23864-23981 ViewRootIm...nActivity] com.fishit.player.v2                 I  Received frameDrawingCallback syncResult=0 frameNum=1.
2026-01-30 13:25:25.962 23864-23981 ViewRootIm...nActivity] com.fishit.player.v2                 I  mWNT: t=0xb4000078e4eefaf0 mBlastBufferQueue=0xb400007a14e90070 fn= 1 mRenderHdrSdrRatio=1.0 caller= android.view.ViewRootImpl$8.onFrameDraw:13841 android.view.ThreadedRenderer$1.onFrameDraw:792 <bottom of call stack>
2026-01-30 13:25:25.962 23864-23981 ViewRootIm...nActivity] com.fishit.player.v2                 I  Setting up sync and frameCommitCallback
2026-01-30 13:25:25.963 23864-23961 BLASTBufferQueue        com.fishit.player.v2                 I  [ViewRootImpl@96f19f9[MainActivity]#3](f:0,a:0,s:0) onFrameAvailable the first frame is available
2026-01-30 13:25:25.964 23864-23961 ViewRootIm...nActivity] com.fishit.player.v2                 I  Received frameCommittedCallback lastAttemptedDrawFrameNum=1 didProduceBuffer=true
2026-01-30 13:25:25.967 23864-23961 OpenGLRenderer          com.fishit.player.v2                 D  CFMS:: SetUp Pid : 23864    Tid : 23961
2026-01-30 13:25:25.971 23864-23864 ViewRootIm...nActivity] com.fishit.player.v2                 I  reportDrawFinished seqId=0
2026-01-30 13:25:25.976 23864-23961 OpenGLRenderer          com.fishit.player.v2                 D  HWUI - treat SMPTE_170M as sRGB
