2026-01-30 12:43:11.822 13836-13836 ImeTracker              com.fishit.player.v2                 I  com.fishit.player.v2:c338401: onRequestShow at ORIGIN_CLIENT_SHOW_SOFT_INPUT reason SHOW_SOFT_INPUT_BY_INSETS_API
2026-01-30 12:43:11.822 13836-13836 InsetsController        com.fishit.player.v2                 D  show(ime(), fromIme=false)
2026-01-30 12:43:11.823 13836-13836 InsetsController        com.fishit.player.v2                 I  setRequestedVisibleTypes: visible=true, mask=ime, host=com.fishit.player.v2/com.fishit.player.v2.MainActivity, from=android.view.InsetsController.controlAnimationUnchecked:1445 android.view.InsetsController.applyAnimation:2005 android.view.InsetsController.applyAnimation:1968 android.view.InsetsController.show:1309 android.view.InsetsController.show:1237 androidx.core.view.SoftwareKeyboardControllerCompat$Impl30.show:194 androidx.core.view.SoftwareKeyboardControllerCompat.show:71 androidx.compose.ui.text.input.InputMethodManagerImpl.showSoftInput:81 androidx.compose.ui.text.input.TextInputServiceAndroid.setKeyboardVisibleImmediately:475 androidx.compose.ui.text.input.TextInputServiceAndroid.processInputCommands:359
2026-01-30 12:43:11.824 13836-13836 InputMethodManager_LC   com.fishit.player.v2                 I  ris()
2026-01-30 12:43:11.825 13836-13836 InputMethodManager_LC   com.fishit.player.v2                 I  ssi(): flags=0 view=com.fishit.player.v2 reason = SHOW_SOFT_INPUT_BY_INSETS_API
2026-01-30 12:43:11.825 13836-13836 InputMethodManager_LC   com.fishit.player.v2                 I  ssi() view is not EditText
2026-01-30 12:43:11.825 13836-13836 InputMethodManager      com.fishit.player.v2                 D  showSoftInput() view=androidx.compose.ui.platform.AndroidComposeView{8c9b76a VFED..... .F....ID 0,0-1080,2400 aid=1073741824} flags=0 reason=SHOW_SOFT_INPUT_BY_INSETS_API
2026-01-30 12:43:11.832 13836-13836 InsetsController        com.fishit.player.v2                 I  setRequestedVisibleTypes: visible=false, mask=ime, host=com.fishit.player.v2/com.fishit.player.v2.MainActivity, from=android.view.InsetsController.controlAnimationUncheckedInner:1546 android.view.InsetsController.controlAnimationUnchecked:1449 android.view.InsetsController.applyAnimation:2005 android.view.InsetsController.applyAnimation:1968 android.view.InsetsController.show:1309 android.view.InsetsController.show:1237 androidx.core.view.SoftwareKeyboardControllerCompat$Impl30.show:194 androidx.core.view.SoftwareKeyboardControllerCompat.show:71 androidx.compose.ui.text.input.InputMethodManagerImpl.showSoftInput:81 androidx.compose.ui.text.input.TextInputServiceAndroid.setKeyboardVisibleImmediately:475
2026-01-30 12:43:12.000 13836-13836 InputMethodManager_LC   com.fishit.player.v2                 I  showSoftInput(View,I)
2026-01-30 12:43:12.001 13836-13836 ImeTracker              com.fishit.player.v2                 I  com.fishit.player.v2:20d618c5: onRequestShow at ORIGIN_CLIENT_SHOW_SOFT_INPUT reason SHOW_SOFT_INPUT
2026-01-30 12:43:12.001 13836-13836 InputMethodManager_LC   com.fishit.player.v2                 I  ssi(): flags=0 view=com.fishit.player.v2 reason = SHOW_SOFT_INPUT
2026-01-30 12:43:12.001 13836-13836 InputMethodManager_LC   com.fishit.player.v2                 I  ssi() view is not EditText
2026-01-30 12:43:12.001 13836-13836 InputMethodManager      com.fishit.player.v2                 D  showSoftInput() view=androidx.compose.ui.platform.AndroidComposeView{8c9b76a VFED..... .F....ID 0,0-1080,2400 aid=1073741824} flags=0 reason=SHOW_SOFT_INPUT
2026-01-30 12:43:12.004 13836-13836 RemoteInpu...ectionImpl com.fishit.player.v2                 W  getExtractedText on inactive InputConnection
2026-01-30 12:43:12.209 13836-13859 ViewRootIm...nActivity] com.fishit.player.v2                 I  Resizing android.view.ViewRootImpl@b787c95: frame = [0,0][1080,2400] reportDraw = false forceLayout = false syncSeqId = -1
2026-01-30 12:43:12.215 13836-13836 InsetsController        com.fishit.player.v2                 I  onStateChanged: host=com.fishit.player.v2/com.fishit.player.v2.MainActivity, from=android.view.ViewRootImpl$ViewRootHandler.handleMessageImpl:7196, state=InsetsState: {mDisplayFrame=Rect(0, 0 - 1080, 2400), mDisplayCutout=DisplayCutout{insets=Rect(0, 80 - 0, 0) waterfall=Insets{left=0, top=0, right=0, bottom=0} boundingRect={Bounds=[Rect(0, 0 - 0, 0), Rect(510, 0 - 570, 80), Rect(0, 0 - 0, 0), Rect(0, 0 - 0, 0)]} cutoutPathParserInfo={CutoutPathParserInfo{displayWidth=1080 displayHeight=2400 physicalDisplayWidth=1080 physicalDisplayHeight=2400 density={3.0} cutoutSpec={M 0,0 H -10 V 26.66666666666667 H 10 V 0 H 0 Z @dp} rotation={0} scale={1.0} physicalPixelDisplaySizeRatio={1.0}}}}, mRoundedCorners=RoundedCorners{[RoundedCorner{position=TopLeft, radius=90, center=Point(90, 90)}, RoundedCorner{position=TopRight, radius=90, center=Point(990, 90)}, RoundedCorner{position=BottomRight, radius=90, center=Point(990, 2310)}, RoundedCorner{position=BottomLeft, radius=90, center=Point(90, 2310)}]}  mRoundedCornerFrame=Rect(0, 0 - 1080, 2400), mPrivacyIndicatorBounds=PrivacyIndicatorBounds {static bounds=Rect(948, 0 - 1080, 80) rotation=0}, mDisplayShape=DisplayShape{ spec=-311912193 displayWidth=1080 displayHeight=2400 physicalPixelDisplaySizeRatio=1.0 rotation=0 offsetX=0 offsetY=0 scale=1.0}, mSources= { InsetsSource: {3 mType=ime mFrame=[0,2256][1080,2400] mVisible=false mFlags=[]}, InsetsSource: {27 mType=displayCutout mFrame=[0,0][1080,80] mVisible=true mFlags=[]}, InsetsSource: {24df0000 mType=statusBars mFrame=[0,0][1080,80] mVisible=true mFlags=[]}, InsetsSource: {24df0005 mType=mandatorySystemGestures mFrame=[0,0][1080,116] mVisible=true mFlags=[]}, InsetsSource: {24df0006 mType=tappableElement mFrame=[0,0][1080,80] mVisible=true mFlags=[]}, InsetsSource: {68b60001 mType=navigationBars mFrame=[0,2256][1080,2400] mVisible=true mFlags=[]}, InsetsSource: {68b60004 mType=systemGestures mFrame=[0,0][0,0] mVisible=true mFlags=[]}, InsetsSource: {68b60005 mType=mandatorySystemGestures mFrame=[0,2256][1080,2400] mVisible=true mFlags=[]}, InsetsSource: {68b60006 mType=tappableElement mFrame=[0,2256][1080,2400] mVisible=true mFlags=[]}, InsetsSource: {68b60024 mType=systemGestures mFrame=[0,0][0,0] mVisible=true mFlags=[]} }
2026-01-30 12:43:12.218 13836-13836 ViewRootIm...nActivity] com.fishit.player.v2                 I  handleResized, msg = 4 frames=ClientWindowFrames{frame=[0,0][1080,2400] display=[0,0][1080,2400] parentFrame=[0,0][0,0]} forceNextWindowRelayout=false displayId=0 dragResizing=false compatScale=1.0 frameChanged=false attachedFrameChanged=false configChanged=false displayChanged=false compatScaleChanged=false
2026-01-30 12:43:12.247 13836-13836 InsetsController        com.fishit.player.v2                 D  show(ime(), fromIme=true)
2026-01-30 12:43:12.248 13836-13836 InsetsController        com.fishit.player.v2                 I  setRequestedVisibleTypes: visible=true, mask=ime, host=com.fishit.player.v2/com.fishit.player.v2.MainActivity, from=android.view.InsetsController.controlAnimationUnchecked:1445 android.view.InsetsController.handlePendingControlRequest:1324 android.view.InsetsController.show:1260 android.view.ViewRootImpl$ViewRootHandler.handleMessageImpl:7233 android.view.ViewRootImpl$ViewRootHandler.handleMessage:7166 android.os.Handler.dispatchMessage:106 android.os.Looper.loopOnce:230 android.os.Looper.loop:319 android.app.ActivityThread.main:8919 java.lang.reflect.Method.invoke:-2
2026-01-30 12:43:12.252 13836-13836 InsetsController        com.fishit.player.v2                 I  controlAnimationUncheckedInner: Added types=ime, animType=0, host=com.fishit.player.v2/com.fishit.player.v2.MainActivity, from=android.view.InsetsController.controlAnimationUnchecked:1449 android.view.InsetsController.handlePendingControlRequest:1324 android.view.InsetsController.show:1260
2026-01-30 12:43:12.266 13836-13859 ViewRootIm...nActivity] com.fishit.player.v2                 I  Resizing android.view.ViewRootImpl@b787c95: frame = [0,0][1080,2400] reportDraw = false forceLayout = false syncSeqId = -1
2026-01-30 12:43:12.273 13836-13836 InsetsController        com.fishit.player.v2                 I  onStateChanged: host=com.fishit.player.v2/com.fishit.player.v2.MainActivity, from=android.view.ViewRootImpl$ViewRootHandler.handleMessageImpl:7209, state=InsetsState: {mDisplayFrame=Rect(0, 0 - 1080, 2400), mDisplayCutout=DisplayCutout{insets=Rect(0, 80 - 0, 0) waterfall=Insets{left=0, top=0, right=0, bottom=0} boundingRect={Bounds=[Rect(0, 0 - 0, 0), Rect(510, 0 - 570, 80), Rect(0, 0 - 0, 0), Rect(0, 0 - 0, 0)]} cutoutPathParserInfo={CutoutPathParserInfo{displayWidth=1080 displayHeight=2400 physicalDisplayWidth=1080 physicalDisplayHeight=2400 density={3.0} cutoutSpec={M 0,0 H -10 V 26.66666666666667 H 10 V 0 H 0 Z @dp} rotation={0} scale={1.0} physicalPixelDisplaySizeRatio={1.0}}}}, mRoundedCorners=RoundedCorners{[RoundedCorner{position=TopLeft, radius=90, center=Point(90, 90)}, RoundedCorner{position=TopRight, radius=90, center=Point(990, 90)}, RoundedCorner{position=BottomRight, radius=90, center=Point(990, 2310)}, RoundedCorner{position=BottomLeft, radius=90, center=Point(90, 2310)}]}  mRoundedCornerFrame=Rect(0, 0 - 1080, 2400), mPrivacyIndicatorBounds=PrivacyIndicatorBounds {static bounds=Rect(948, 0 - 1080, 80) rotation=0}, mDisplayShape=DisplayShape{ spec=-311912193 displayWidth=1080 displayHeight=2400 physicalPixelDisplaySizeRatio=1.0 rotation=0 offsetX=0 offsetY=0 scale=1.0}, mSources= { InsetsSource: {3 mType=ime mFrame=[0,2256][1080,2400] mVisible=true mFlags=[]}, InsetsSource: {27 mType=displayCutout mFrame=[0,0][1080,80] mVisible=true mFlags=[]}, InsetsSource: {24df0000 mType=statusBars mFrame=[0,0][1080,80] mVisible=true mFlags=[]}, InsetsSource: {24df0005 mType=mandatorySystemGestures mFrame=[0,0][1080,116] mVisible=true mFlags=[]}, InsetsSource: {24df0006 mType=tappableElement mFrame=[0,0][1080,80] mVisible=true mFlags=[]}, InsetsSource: {68b60001 mType=navigationBars mFrame=[0,2256][1080,2400] mVisible=true mFlags=[]}, InsetsSource: {68b60004 mType=systemGestures mFrame=[0,0][0,0] mVisible=true mFlags=[]}, InsetsSource: {68b60005 mType=mandatorySystemGestures mFrame=[0,2256][1080,2400] mVisible=true mFlags=[]}, InsetsSource: {68b60006 mType=tappableElement mFrame=[0,2256][1080,2400] mVisible=true mFlags=[]}, InsetsSource: {68b60024 mType=systemGestures mFrame=[0,0][0,0] mVisible=true mFlags=[]} }
2026-01-30 12:43:12.275 13836-13836 ViewRootIm...nActivity] com.fishit.player.v2                 I  handleResized, msg = 4 frames=ClientWindowFrames{frame=[0,0][1080,2400] display=[0,0][1080,2400] parentFrame=[0,0][0,0]} forceNextWindowRelayout=false displayId=0 dragResizing=false compatScale=1.0 frameChanged=false attachedFrameChanged=false configChanged=false displayChanged=false compatScaleChanged=false
2026-01-30 12:43:12.311 13836-13836 InsetsController        com.fishit.player.v2                 I  cancelAnimation: types=ime, animType=0, host=com.fishit.player.v2/com.fishit.player.v2.MainActivity, from=android.view.InsetsController.notifyFinished:1748 android.view.InsetsAnimationThreadControlRunner$1.lambda$notifyFinished$0:85 android.view.InsetsAnimationThreadControlRunner$1.$r8$lambda$RAf1SfIREsj9-wH5FOigMy6eLkM:0
2026-01-30 12:43:12.312 13836-13836 ImeTracker              com.fishit.player.v2                 I  com.fishit.player.v2:20d618c5: onShown
2026-01-30 12:43:12.318 13836-14165 ViewRootIm...nActivity] com.fishit.player.v2                 I  mWNT: t=0xb4000078e4e57670 mBlastBufferQueue=0xb400007a14e43130 fn= 11 mRenderHdrSdrRatio=1.0 caller= android.view.SyncRtSurfaceTransactionApplier.applyTransaction:96 android.view.SyncRtSurfaceTransactionApplier.lambda$scheduleApply$0:69 android.view.SyncRtSurfaceTransactionApplier.$r8$lambda$SgowXC58rj3PR958kHUfRgLZmvE:0
2026-01-30 12:43:13.390 13836-13836 ViewRootIm...nActivity] com.fishit.player.v2                 I  ViewPostIme key 0
2026-01-30 12:43:13.409 13836-13836 ViewRootIm...nActivity] com.fishit.player.v2                 I  ViewPostIme key 1
2026-01-30 12:43:17.782 13836-13836 ViewRootIm...nActivity] com.fishit.player.v2                 I  ViewPostIme pointer 0
2026-01-30 12:43:17.825 13836-13836 ViewRootIm...nActivity] com.fishit.player.v2                 I  ViewPostIme pointer 1
2026-01-30 12:43:17.830 13836-13836 OnboardingViewModel     com.fishit.player.v2                 D  connectXtream: Starting with URL host: http://konigtv.com:8080
2026-01-30 12:43:17.835 13836-13836 OnboardingViewModel     com.fishit.player.v2                 D  connectXtream: Parsed credentials - host=konigtv.com, port=8080, username=Christoph10, useHttps=false
2026-01-30 12:43:17.836 13836-13836 Compatibil...geReporter com.fishit.player.v2                 D  Compat change id reported: 247079863; UID 10460; state: ENABLED
2026-01-30 12:43:17.839 13836-13836 OnboardingViewModel     com.fishit.player.v2                 D  connectXtream: Created config - scheme=http, host=konigtv.com, port=8080, username=Christoph10
2026-01-30 12:43:17.841 13836-13836 XtreamAuthRepoAdapter   com.fishit.player.v2                 D  initialize: Starting with config - scheme=http, host=konigtv.com, port=8080, username=Christoph10
2026-01-30 12:43:17.843 13836-13836 XtreamAuthRepoAdapter   com.fishit.player.v2                 D  initialize: Calling apiClient.initialize
2026-01-30 12:43:17.846 13836-14060 XtreamApiClient         com.fishit.player.v2                 D  Initializing client for konigtv.com (forceDiscovery=false)
2026-01-30 12:43:17.848 13836-14060 XtreamApiClient         com.fishit.player.v2                 D  Resolved port: 8080
2026-01-30 12:43:17.928 13836-14080 XtreamApiClient         com.fishit.player.v2                 D  buildPlayerApiUrl: action=get_series -> konigtv.com/player_api.php
2026-01-30 12:43:17.930 13836-14046 XtreamApiClient         com.fishit.player.v2                 D  buildPlayerApiUrl: action=get_movie_categories -> konigtv.com/player_api.php
2026-01-30 12:43:17.932 13836-14045 XtreamApiClient         com.fishit.player.v2                 D  buildPlayerApiUrl: action=get_vod_categories -> konigtv.com/player_api.php
2026-01-30 12:43:17.937 13836-14063 XtreamApiClient         com.fishit.player.v2                 D  buildPlayerApiUrl: action=get_series_categories -> konigtv.com/player_api.php
2026-01-30 12:43:17.940 13836-14047 XtreamApiClient         com.fishit.player.v2                 D  buildPlayerApiUrl: action=get_live_categories -> konigtv.com/player_api.php
2026-01-30 12:43:17.941 13836-14079 XtreamApiClient         com.fishit.player.v2                 D  buildPlayerApiUrl: action=get_live_streams -> konigtv.com/player_api.php
2026-01-30 12:43:17.950 13836-14061 XtreamApiClient         com.fishit.player.v2                 D  buildPlayerApiUrl: action=get_movies_categories -> konigtv.com/player_api.php
2026-01-30 12:43:18.024 13836-13836 ImeTracker              com.fishit.player.v2                 I  com.fishit.player.v2:2db76d24: onRequestHide at ORIGIN_CLIENT_HIDE_SOFT_INPUT reason HIDE_SOFT_INPUT_BY_INSETS_API
2026-01-30 12:43:18.025 13836-13836 InsetsController        com.fishit.player.v2                 I  setRequestedVisibleTypes: visible=false, mask=ime, host=com.fishit.player.v2/com.fishit.player.v2.MainActivity, from=android.view.InsetsController.controlAnimationUnchecked:1445 android.view.InsetsController.applyAnimation:2005 android.view.InsetsController.applyAnimation:1968 android.view.InsetsController.hide:1403 android.view.InsetsController.hide:1342 androidx.core.view.SoftwareKeyboardControllerCompat$Impl30.hide:227 androidx.core.view.SoftwareKeyboardControllerCompat.hide:81 androidx.compose.ui.text.input.InputMethodManagerImpl.hideSoftInput:85 androidx.compose.ui.text.input.TextInputServiceAndroid.setKeyboardVisibleImmediately:477 androidx.compose.ui.text.input.TextInputServiceAndroid.processInputCommands:359
2026-01-30 12:43:18.027 13836-13836 ImeTracker              com.fishit.player.v2                 I  com.fishit.player.v2:a565bc93: onRequestHide at ORIGIN_CLIENT_HIDE_SOFT_INPUT reason HIDE_SOFT_INPUT_BY_INSETS_API
2026-01-30 12:43:18.027 13836-13836 InputMethodManager_LC   com.fishit.player.v2                 I  notifyImeHidden: IInputMethodManagerGlobalInvoker.hideSoftInput
2026-01-30 12:43:18.033 13836-13836 InsetsController        com.fishit.player.v2                 I  controlAnimationUncheckedInner: Added types=ime, animType=1, host=com.fishit.player.v2/com.fishit.player.v2.MainActivity, from=android.view.InsetsController.controlAnimationUnchecked:1449 android.view.InsetsController.applyAnimation:2005 android.view.InsetsController.applyAnimation:1968
2026-01-30 12:43:18.034 13836-13836 InputMethodManagerUtils com.fishit.player.v2                 D  startInputInner - Id : 0
2026-01-30 12:43:18.035 13836-13836 InputMethodManager      com.fishit.player.v2                 I  startInputInner - IInputMethodManagerGlobalInvoker.startInputOrWindowGainedFocus
2026-01-30 12:43:18.056 13836-13836 ImeTracker              com.fishit.player.v2                 I  com.fishit.player.v2:a565bc93: onCancelled at PHASE_CLIENT_APPLY_ANIMATION
2026-01-30 12:43:18.057 13836-13836 RemoteInpu...ectionImpl com.fishit.player.v2                 W  requestCursorAnchorInfo on inactive InputConnection
2026-01-30 12:43:18.057 13836-14529 ViewRootIm...nActivity] com.fishit.player.v2                 I  Resizing android.view.ViewRootImpl@b787c95: frame = [0,0][1080,2400] reportDraw = false forceLayout = false syncSeqId = -1
2026-01-30 12:43:18.063 13836-13836 InsetsController        com.fishit.player.v2                 I  onStateChanged: host=com.fishit.player.v2/com.fishit.player.v2.MainActivity, from=android.view.ViewRootImpl$ViewRootHandler.handleMessageImpl:7209, state=InsetsState: {mDisplayFrame=Rect(0, 0 - 1080, 2400), mDisplayCutout=DisplayCutout{insets=Rect(0, 80 - 0, 0) waterfall=Insets{left=0, top=0, right=0, bottom=0} boundingRect={Bounds=[Rect(0, 0 - 0, 0), Rect(510, 0 - 570, 80), Rect(0, 0 - 0, 0), Rect(0, 0 - 0, 0)]} cutoutPathParserInfo={CutoutPathParserInfo{displayWidth=1080 displayHeight=2400 physicalDisplayWidth=1080 physicalDisplayHeight=2400 density={3.0} cutoutSpec={M 0,0 H -10 V 26.66666666666667 H 10 V 0 H 0 Z @dp} rotation={0} scale={1.0} physicalPixelDisplaySizeRatio={1.0}}}}, mRoundedCorners=RoundedCorners{[RoundedCorner{position=TopLeft, radius=90, center=Point(90, 90)}, RoundedCorner{position=TopRight, radius=90, center=Point(990, 90)}, RoundedCorner{position=BottomRight, radius=90, center=Point(990, 2310)}, RoundedCorner{position=BottomLeft, radius=90, center=Point(90, 2310)}]}  mRoundedCornerFrame=Rect(0, 0 - 1080, 2400), mPrivacyIndicatorBounds=PrivacyIndicatorBounds {static bounds=Rect(948, 0 - 1080, 80) rotation=0}, mDisplayShape=DisplayShape{ spec=-311912193 displayWidth=1080 displayHeight=2400 physicalPixelDisplaySizeRatio=1.0 rotation=0 offsetX=0 offsetY=0 scale=1.0}, mSources= { InsetsSource: {3 mType=ime mFrame=[0,2256][1080,2400] mVisible=false mFlags=[]}, InsetsSource: {27 mType=displayCutout mFrame=[0,0][1080,80] mVisible=true mFlags=[]}, InsetsSource: {24df0000 mType=statusBars mFrame=[0,0][1080,80] mVisible=true mFlags=[]}, InsetsSource: {24df0005 mType=mandatorySystemGestures mFrame=[0,0][1080,116] mVisible=true mFlags=[]}, InsetsSource: {24df0006 mType=tappableElement mFrame=[0,0][1080,80] mVisible=true mFlags=[]}, InsetsSource: {68b60001 mType=navigationBars mFrame=[0,2256][1080,2400] mVisible=true mFlags=[]}, InsetsSource: {68b60004 mType=systemGestures mFrame=[0,0][0,0] mVisible=true mFlags=[]}, InsetsSource: {68b60005 mType=mandatorySystemGestures mFrame=[0,2256][1080,2400] mVisible=true mFlags=[]}, InsetsSource: {68b60006 mType=tappableElement mFrame=[0,2256][1080,2400] mVisible=true mFlags=[]}, InsetsSource: {68b60024 mType=systemGestures mFrame=[0,0][0,0] mVisible=true mFlags=[]} }
2026-01-30 12:43:18.065 13836-13836 InsetsSourceConsumer    com.fishit.player.v2                 I  applyRequestedVisibilityToControl: visible=true, type=navigationBars, host=com.fishit.player.v2/com.fishit.player.v2.MainActivity
2026-01-30 12:43:18.068 13836-13836 WindowOnBackDispatcher  com.fishit.player.v2                 W  sendCancelIfRunning: isInProgress=falsecallback=ImeCallback=ImeOnBackInvokedCallback@162403614 Callback=android.window.IOnBackInvokedCallback$Stub$Proxy@f63e975
2026-01-30 12:43:18.074 13836-13836 ViewRootIm...nActivity] com.fishit.player.v2                 I  handleResized, msg = 4 frames=ClientWindowFrames{frame=[0,0][1080,2400] display=[0,0][1080,2400] parentFrame=[0,0][0,0]} forceNextWindowRelayout=false displayId=0 dragResizing=false compatScale=1.0 frameChanged=false attachedFrameChanged=false configChanged=false displayChanged=false compatScaleChanged=false
2026-01-30 12:43:18.077 13836-13836 InsetsController        com.fishit.player.v2                 I  cancelAnimation: types=ime, animType=1, host=com.fishit.player.v2/com.fishit.player.v2.MainActivity, from=android.view.InsetsController.notifyFinished:1748 android.view.InsetsAnimationThreadControlRunner$1.lambda$notifyFinished$0:85 android.view.InsetsAnimationThreadControlRunner$1.$r8$lambda$RAf1SfIREsj9-wH5FOigMy6eLkM:0
2026-01-30 12:43:18.083 13836-13836 ImeTracker              com.fishit.player.v2                 I  com.fishit.player.v2:da667379: onRequestHide at ORIGIN_CLIENT_HIDE_SOFT_INPUT reason HIDE_SOFT_INPUT_BY_INSETS_API
2026-01-30 12:43:18.083 13836-13836 InputMethodManager_LC   com.fishit.player.v2                 I  notifyImeHidden: IInputMethodManagerGlobalInvoker.hideSoftInput
2026-01-30 12:43:18.086 13836-13836 ImeTracker              com.fishit.player.v2                 I  com.fishit.player.v2:2db76d24: onHidden
2026-01-30 12:43:18.618 13836-13861 ViewRootIm...nActivity] com.fishit.player.v2                 I  Resizing android.view.ViewRootImpl@b787c95: frame = [0,0][1080,2400] reportDraw = false forceLayout = false syncSeqId = -1
2026-01-30 12:43:18.625 13836-13836 InsetsController        com.fishit.player.v2                 I  onStateChanged: host=com.fishit.player.v2/com.fishit.player.v2.MainActivity, from=android.view.ViewRootImpl$ViewRootHandler.handleMessageImpl:7196, state=InsetsState: {mDisplayFrame=Rect(0, 0 - 1080, 2400), mDisplayCutout=DisplayCutout{insets=Rect(0, 80 - 0, 0) waterfall=Insets{left=0, top=0, right=0, bottom=0} boundingRect={Bounds=[Rect(0, 0 - 0, 0), Rect(510, 0 - 570, 80), Rect(0, 0 - 0, 0), Rect(0, 0 - 0, 0)]} cutoutPathParserInfo={CutoutPathParserInfo{displayWidth=1080 displayHeight=2400 physicalDisplayWidth=1080 physicalDisplayHeight=2400 density={3.0} cutoutSpec={M 0,0 H -10 V 26.66666666666667 H 10 V 0 H 0 Z @dp} rotation={0} scale={1.0} physicalPixelDisplaySizeRatio={1.0}}}}, mRoundedCorners=RoundedCorners{[RoundedCorner{position=TopLeft, radius=90, center=Point(90, 90)}, RoundedCorner{position=TopRight, radius=90, center=Point(990, 90)}, RoundedCorner{position=BottomRight, radius=90, center=Point(990, 2310)}, RoundedCorner{position=BottomLeft, radius=90, center=Point(90, 2310)}]}  mRoundedCornerFrame=Rect(0, 0 - 1080, 2400), mPrivacyIndicatorBounds=PrivacyIndicatorBounds {static bounds=Rect(948, 0 - 1080, 80) rotation=0}, mDisplayShape=DisplayShape{ spec=-311912193 displayWidth=1080 displayHeight=2400 physicalPixelDisplaySizeRatio=1.0 rotation=0 offsetX=0 offsetY=0 scale=1.0}, mSources= { InsetsSource: {3 mType=ime mFrame=[0,0][0,0] mVisible=false mFlags=[]}, InsetsSource: {27 mType=displayCutout mFrame=[0,0][1080,80] mVisible=true mFlags=[]}, InsetsSource: {24df0000 mType=statusBars mFrame=[0,0][1080,80] mVisible=true mFlags=[]}, InsetsSource: {24df0005 mType=mandatorySystemGestures mFrame=[0,0][1080,116] mVisible=true mFlags=[]}, InsetsSource: {24df0006 mType=tappableElement mFrame=[0,0][1080,80] mVisible=true mFlags=[]}, InsetsSource: {68b60001 mType=navigationBars mFrame=[0,2256][1080,2400] mVisible=true mFlags=[]}, InsetsSource: {68b60004 mType=systemGestures mFrame=[0,0][0,0] mVisible=true mFlags=[]}, InsetsSource: {68b60005 mType=mandatorySystemGestures mFrame=[0,2256][1080,2400] mVisible=true mFlags=[]}, InsetsSource: {68b60006 mType=tappableElement mFrame=[0,2256][1080,2400] mVisible=true mFlags=[]}, InsetsSource: {68b60024 mType=systemGestures mFrame=[0,0][0,0] mVisible=true mFlags=[]} }
2026-01-30 12:43:18.628 13836-13836 ViewRootIm...nActivity] com.fishit.player.v2                 I  handleResized, msg = 4 frames=ClientWindowFrames{frame=[0,0][1080,2400] display=[0,0][1080,2400] parentFrame=[0,0][0,0]} forceNextWindowRelayout=false displayId=0 dragResizing=false compatScale=1.0 frameChanged=false attachedFrameChanged=false configChanged=false displayChanged=false compatScaleChanged=false
2026-01-30 12:43:18.670 13836-14600 TrafficStats            com.fishit.player.v2                 D  tagSocket(130) with statsTag=0xffffffff, statsUid=-1
2026-01-30 12:43:18.670 13836-14599 TrafficStats            com.fishit.player.v2                 D  tagSocket(131) with statsTag=0xffffffff, statsUid=-1
2026-01-30 12:43:18.672 13836-14601 TrafficStats            com.fishit.player.v2                 D  tagSocket(153) with statsTag=0xffffffff, statsUid=-1
2026-01-30 12:43:18.673 13836-14602 TrafficStats            com.fishit.player.v2                 D  tagSocket(165) with statsTag=0xffffffff, statsUid=-1
2026-01-30 12:43:18.674 13836-14603 TrafficStats            com.fishit.player.v2                 D  tagSocket(164) with statsTag=0xffffffff, statsUid=-1
2026-01-30 12:43:18.679 13836-14604 TrafficStats            com.fishit.player.v2                 D  tagSocket(142) with statsTag=0xffffffff, statsUid=-1
2026-01-30 12:43:18.693 13836-14605 TrafficStats            com.fishit.player.v2                 D  tagSocket(166) with statsTag=0xffffffff, statsUid=-1
2026-01-30 12:43:18.954 13836-14046 XtreamApiClient         com.fishit.player.v2                 D  NetworkProbe: HTTP 200 for konigtv.com/player_api.php | bytes=315 contentType=application/json
2026-01-30 12:43:18.954 13836-14045 XtreamApiClient         com.fishit.player.v2                 D  NetworkProbe: HTTP 200 for konigtv.com/player_api.php | bytes=1557 contentType=application/json
2026-01-30 12:43:18.960 13836-14046 XtreamApiClient         com.fishit.player.v2                 D  NetworkProbe: Manually decompressed gzip body for konigtv.com/player_api.php | original=315 decompressed=458
2026-01-30 12:43:18.969 13836-14045 XtreamApiClient         com.fishit.player.v2                 D  NetworkProbe: Manually decompressed gzip body for konigtv.com/player_api.php | original=1557 decompressed=10494
2026-01-30 12:43:18.974 13836-14080 XtreamApiClient         com.fishit.player.v2                 D  NetworkProbe: HTTP 200 for konigtv.com/player_api.php | bytes=672 contentType=application/json
2026-01-30 12:43:18.985 13836-14080 XtreamApiClient         com.fishit.player.v2                 D  NetworkProbe: Manually decompressed gzip body for konigtv.com/player_api.php | original=672 decompressed=3753
2026-01-30 12:43:19.041 13836-14063 XtreamApiClient         com.fishit.player.v2                 D  NetworkProbe: HTTP 200 for konigtv.com/player_api.php | bytes=1773 contentType=application/json
2026-01-30 12:43:19.068 13836-14063 XtreamApiClient         com.fishit.player.v2                 D  NetworkProbe: Manually decompressed gzip body for konigtv.com/player_api.php | original=1773 decompressed=11946
2026-01-30 12:43:19.087 13836-14060 XtreamApiClient         com.fishit.player.v2                 D  NetworkProbe: HTTP 200 for konigtv.com/player_api.php | bytes=315 contentType=application/json
2026-01-30 12:43:19.090 13836-14060 XtreamApiClient         com.fishit.player.v2                 D  NetworkProbe: Manually decompressed gzip body for konigtv.com/player_api.php | original=315 decompressed=458
2026-01-30 12:43:19.106 13836-14045 XtreamApiClient         com.fishit.player.v2                 D  buildPlayerApiUrl: action=get_short_epg -> konigtv.com/player_api.php
2026-01-30 12:43:19.273 13836-14047 XtreamApiClient         com.fishit.player.v2                 D  NetworkProbe: HTTP 200 for konigtv.com/player_api.php | bytes=260133 contentType=application/json
2026-01-30 12:43:19.274 13836-14045 XtreamApiClient         com.fishit.player.v2                 D  NetworkProbe: HTTP 200 for konigtv.com/player_api.php | bytes=39 contentType=application/json
2026-01-30 12:43:19.278 13836-14045 XtreamApiClient         com.fishit.player.v2                 D  NetworkProbe: Manually decompressed gzip body for konigtv.com/player_api.php | original=39 decompressed=19
2026-01-30 12:43:19.449 13836-13850 InputTransport          com.fishit.player.v2                 D  Input channel destroyed: 'ClientS', fd=143
2026-01-30 12:43:19.451 13836-13850 InputTransport          com.fishit.player.v2                 D  Input channel destroyed: 'ClientS', fd=128
2026-01-30 12:43:19.451 13836-13850 InputTransport          com.fishit.player.v2                 D  Input channel destroyed: 'ClientS', fd=74
2026-01-30 12:43:19.452 13836-13851 System                  com.fishit.player.v2                 W  A resource failed to call release.
2026-01-30 12:43:19.503 13836-14047 XtreamApiClient         com.fishit.player.v2                 D  NetworkProbe: Manually decompressed gzip body for konigtv.com/player_api.php | original=260133 decompressed=3288108
2026-01-30 12:43:19.588 13836-14061 XtreamApiClient         com.fishit.player.v2                 D  NetworkProbe: HTTP 200 for konigtv.com/player_api.php | bytes=2043403 contentType=application/json
2026-01-30 12:43:20.057 13836-14061 XtreamApiClient         com.fishit.player.v2                 D  NetworkProbe: Manually decompressed gzip body for konigtv.com/player_api.php | original=2043403 decompressed=6215313
2026-01-30 12:43:20.171 13836-13849 ishit.player.v2         com.fishit.player.v2                 I  Background concurrent copying GC freed 1708(1678KB) AllocSpace objects, 8(14MB) LOS objects, 50% free, 21MB/42MB, paused 95us,68us total 113.869ms
2026-01-30 12:43:20.977 13836-13849 ishit.player.v2         com.fishit.player.v2                 I  Background young concurrent copying GC freed 9167(555KB) AllocSpace objects, 0(0B) LOS objects, 0% free, 46MB/46MB, paused 150us,104us total 173.259ms
2026-01-30 12:43:21.172 13836-13849 ishit.player.v2         com.fishit.player.v2                 I  Background concurrent copying GC freed 3268(180KB) AllocSpace objects, 0(0B) LOS objects, 32% free, 50MB/74MB, paused 132us,67us total 194.176ms
2026-01-30 12:43:21.387 13836-14061 XtreamApiClient         com.fishit.player.v2                 D  buildPlayerApiUrl: action=null -> konigtv.com/player_api.php
2026-01-30 12:43:21.390 13836-14061 XtreamApiClient         com.fishit.player.v2                 D  getServerInfo: Fetching from konigtv.com/player_api.php
2026-01-30 12:43:21.562 13836-14061 XtreamApiClient         com.fishit.player.v2                 D  NetworkProbe: HTTP 200 for konigtv.com/player_api.php | bytes=321 contentType=application/json
2026-01-30 12:43:21.568 13836-14061 XtreamApiClient         com.fishit.player.v2                 D  NetworkProbe: Manually decompressed gzip body for konigtv.com/player_api.php | original=321 decompressed=458
2026-01-30 12:43:21.570 13836-14061 XtreamApiClient         com.fishit.player.v2                 D  getServerInfo: Received 458 bytes, parsing...
2026-01-30 12:43:21.589 13836-14061 XtreamApiClient         com.fishit.player.v2                 D  Server info retrieved: konigtv.com
2026-01-30 12:43:21.595 13836-14045 XtreamAuthRepoAdapter   com.fishit.player.v2                 D  connectionState -> Connected(baseUrl=http://konigtv.com:8080, latencyMs=3532) | domain=Connected
2026-01-30 12:43:21.595 13836-13836 XtreamAuthRepoAdapter   com.fishit.player.v2                 D  initialize: API client initialized successfully with capabilities: http://konigtv.com:8080
2026-01-30 12:43:21.597 13836-14045 XtreamAuthRepoAdapter   com.fishit.player.v2                 D  authState -> Authenticated(userInfo=XtreamUserInfo(username=Christoph10, status=ACTIVE, expDateEpoch=1797326326, maxConnections=1, activeConnections=0, isTrial=false, allowedFormats=[m3u8, ts], createdAt=1757512912, message=Welcome)) | domain=Authenticated
2026-01-30 12:43:21.616 13836-14045 SourceActivationStore   com.fishit.player.v2                 D  Loaded state from DataStore: SourceActivationSnapshot(xtream=Active, telegram=Inactive, io=Inactive)
2026-01-30 12:43:21.616 13836-14080 SourceActi...onObserver com.fishit.player.v2                 I  Active sources changed: [XTREAM] → enqueuing auto sync
2026-01-30 12:43:21.617 13836-14080 CatalogSyncScheduler    com.fishit.player.v2                 D  Enqueueing AUTO sync
2026-01-30 12:43:21.619 13836-14063 CatalogSyncBootstrap    com.fishit.player.v2                 D  Source activation check: activeSources=[XTREAM], hasActive=true
2026-01-30 12:43:21.681 13836-14137 Compatibil...geReporter com.fishit.player.v2                 D  Compat change id reported: 194532703; UID 10460; state: ENABLED
2026-01-30 12:43:21.682 13836-14137 Compatibil...geReporter com.fishit.player.v2                 D  Compat change id reported: 253665015; UID 10460; state: ENABLED
2026-01-30 12:43:21.682 13836-14137 WM-SystemJobScheduler   com.fishit.player.v2                 D  Scheduling work ID 99fbe3e4-d8d2-46e0-966b-e1d7ac123ba3Job ID 0
2026-01-30 12:43:21.709 13836-14137 WM-GreedyScheduler      com.fishit.player.v2                 D  Starting work for 99fbe3e4-d8d2-46e0-966b-e1d7ac123ba3
2026-01-30 12:43:21.723 13836-14137 WM-Processor            com.fishit.player.v2                 D  Processor: processing WorkGenerationalId(workSpecId=99fbe3e4-d8d2-46e0-966b-e1d7ac123ba3, generation=0)
2026-01-30 12:43:21.733 13836-14137 Compatibil...geReporter com.fishit.player.v2                 D  Compat change id reported: 263076149; UID 10460; state: ENABLED
2026-01-30 12:43:21.753 13836-13836 SourceActivationStore   com.fishit.player.v2                 I  Source activation changed: XTREAM -> Active
2026-01-30 12:43:21.754 13836-13836 XtreamAuthRepoAdapter   com.fishit.player.v2                 I  initialize: XTREAM source activated
2026-01-30 12:43:21.755 13836-13836 OnboardingViewModel     com.fishit.player.v2                 D  connectXtream: Initialize succeeded, saving credentials
2026-01-30 12:43:21.761 13836-14137 WM-PackageManagerHelper com.fishit.player.v2                 D  androidx.work.impl.background.systemalarm.RescheduleReceiver enabled
2026-01-30 12:43:21.785 13836-14080 XtreamCredStore         com.fishit.player.v2                 I  Stored credentials: scheme=http, host=konigtv.com, port=8080
2026-01-30 12:43:21.797 13836-13836 WM-WorkerWrapper        com.fishit.player.v2                 D  Starting work for com.fishit.player.v2.work.CatalogSyncOrchestratorWorker
2026-01-30 12:43:21.799 13836-14080 CatalogSyn...atorWorker com.fishit.player.v2                 I  START sync_run_id=555fc995-3233-489d-be9d-77edd461b851 mode=auto
2026-01-30 12:43:21.805 13836-14080 RuntimeGuards           com.fishit.player.v2                 D  Manual sync (auto) - skipping battery guard (level=64%)
2026-01-30 12:43:21.807 13836-14080 CatalogSyn...atorWorker com.fishit.player.v2                 I  Active sources check: [XTREAM] (isEmpty=false)
2026-01-30 12:43:21.808 13836-14080 CatalogSyn...atorWorker com.fishit.player.v2                 D  Active sources: [XTREAM] (TELEGRAM=false, XTREAM=true, IO=false)
2026-01-30 12:43:21.810 13836-13836 WM-SystemJobService     com.fishit.player.v2                 D  onStartJob for WorkGenerationalId(workSpecId=99fbe3e4-d8d2-46e0-966b-e1d7ac123ba3, generation=0)
2026-01-30 12:43:21.812 13836-14080 CatalogSyn...atorWorker com.fishit.player.v2                 D  Enqueued Xtream chain: work_name=catalog_sync_global_xtream policy=KEEP workers=2
2026-01-30 12:43:21.813 13836-14080 CatalogSyn...atorWorker com.fishit.player.v2                 D  Telegram not in active sources - skipping Telegram workers
2026-01-30 12:43:21.814 13836-14080 CatalogSyn...atorWorker com.fishit.player.v2                 D  📊 WorkInfo chains enqueued:
                                                                                                      [XTREAM] work_name=catalog_sync_global_xtream → ENQUEUED
                                                                                                      Use 'adb shell dumpsys jobscheduler' or WorkManager Inspector for detailed state
2026-01-30 12:43:21.816 13836-14080 CatalogSyn...atorWorker com.fishit.player.v2                 I  CHAINS_ENQUEUED duration_ms=16 policy=KEEP sources=XTREAM (downstream workers will report completion)
2026-01-30 12:43:21.817 13836-14139 WM-Processor            com.fishit.player.v2                 D  Work WorkGenerationalId(workSpecId=99fbe3e4-d8d2-46e0-966b-e1d7ac123ba3, generation=0) is already enqueued for processing
2026-01-30 12:43:21.844 13836-14139 WM-SystemJobScheduler   com.fishit.player.v2                 D  Scheduling work ID d53a6262-540c-482b-af46-10d9e1b3ab79Job ID 1
2026-01-30 12:43:21.851 13836-13836 WM-SystemJobService     com.fishit.player.v2                 D  onStartJob for WorkGenerationalId(workSpecId=d53a6262-540c-482b-af46-10d9e1b3ab79, generation=0)
2026-01-30 12:43:21.851 13836-14139 WM-GreedyScheduler      com.fishit.player.v2                 D  Starting work for d53a6262-540c-482b-af46-10d9e1b3ab79
2026-01-30 12:43:21.857 13836-14139 WM-WorkerWrapper        com.fishit.player.v2                 I  Worker result SUCCESS for Work [ id=99fbe3e4-d8d2-46e0-966b-e1d7ac123ba3, tags={ com.fishit.player.v2.work.CatalogSyncOrchestratorWorker,catalog_sync,mode_auto,worker/CatalogSyncOrchestratorWorker } ]
2026-01-30 12:43:21.861 13836-13836 WM-Processor            com.fishit.player.v2                 D  Processor 99fbe3e4-d8d2-46e0-966b-e1d7ac123ba3 executed; reschedule = false
2026-01-30 12:43:21.862 13836-13836 WM-SystemJobService     com.fishit.player.v2                 D  99fbe3e4-d8d2-46e0-966b-e1d7ac123ba3 executed on JobScheduler
2026-01-30 12:43:21.865 13836-14139 WM-Processor            com.fishit.player.v2                 D  Processor: processing WorkGenerationalId(workSpecId=d53a6262-540c-482b-af46-10d9e1b3ab79, generation=0)
2026-01-30 12:43:21.869 13836-14139 WM-Processor            com.fishit.player.v2                 D  Work WorkGenerationalId(workSpecId=d53a6262-540c-482b-af46-10d9e1b3ab79, generation=0) is already enqueued for processing
2026-01-30 12:43:21.877 13836-14139 WM-GreedyScheduler      com.fishit.player.v2                 D  Cancelling work ID 99fbe3e4-d8d2-46e0-966b-e1d7ac123ba3
2026-01-30 12:43:21.905 13836-13836 WM-WorkerWrapper        com.fishit.player.v2                 D  Starting work for com.fishit.player.v2.work.XtreamPreflightWorker
2026-01-30 12:43:21.907 13836-14080 XtreamPreflightWorker   com.fishit.player.v2                 I  START sync_run_id=555fc995-3233-489d-be9d-77edd461b851 mode=auto source=XTREAM attempt=0/5
2026-01-30 12:43:21.911 13836-14080 RuntimeGuards           com.fishit.player.v2                 D  Manual sync (auto) - skipping battery guard (level=64%)
2026-01-30 12:43:21.912 13836-14080 XtreamPreflightWorker   com.fishit.player.v2                 I  SUCCESS duration_ms=5 (credentials valid)
2026-01-30 12:43:21.916 13836-14091 WM-WorkerWrapper        com.fishit.player.v2                 I  Worker result SUCCESS for Work [ id=d53a6262-540c-482b-af46-10d9e1b3ab79, tags={ com.fishit.player.v2.work.XtreamPreflightWorker,catalog_sync,source_xtream,worker/XtreamPreflightWorker } ]
2026-01-30 12:43:21.920 13836-14091 WM-WorkerWrapper        com.fishit.player.v2                 I  Setting status to enqueued for a94f9b27-8166-40c4-93ac-d25438012874
2026-01-30 12:43:21.923 13836-13836 WM-Processor            com.fishit.player.v2                 D  Processor d53a6262-540c-482b-af46-10d9e1b3ab79 executed; reschedule = false
2026-01-30 12:43:21.923 13836-13836 WM-SystemJobService     com.fishit.player.v2                 D  d53a6262-540c-482b-af46-10d9e1b3ab79 executed on JobScheduler
2026-01-30 12:43:21.930 13836-14091 WM-GreedyScheduler      com.fishit.player.v2                 D  Cancelling work ID d53a6262-540c-482b-af46-10d9e1b3ab79
2026-01-30 12:43:21.932 13836-13836 ishit.player.v2         com.fishit.player.v2                 W  Accessing hidden field Landroid/app/ActivityThread;->mServices:Landroid/util/ArrayMap; (unsupported, reflection, allowed)
2026-01-30 12:43:21.936 13836-13836 LeakCanary              com.fishit.player.v2                 D  Watching instance of androidx.work.impl.background.systemjob.SystemJobService (androidx.work.impl.background.systemjob.SystemJobService received Service#onDestroy() callback) with key 90a4130a-f268-4ddd-ba94-35e7295e1afc
2026-01-30 12:43:21.945 13836-14091 WM-SystemJobScheduler   com.fishit.player.v2                 D  Scheduling work ID a94f9b27-8166-40c4-93ac-d25438012874Job ID 2
2026-01-30 12:43:21.961 13836-14091 WM-GreedyScheduler      com.fishit.player.v2                 D  Starting work for a94f9b27-8166-40c4-93ac-d25438012874
2026-01-30 12:43:21.965 13836-13836 WM-SystemJobService     com.fishit.player.v2                 D  onStartJob for WorkGenerationalId(workSpecId=a94f9b27-8166-40c4-93ac-d25438012874, generation=0)
2026-01-30 12:43:21.973 13836-14091 WM-Processor            com.fishit.player.v2                 D  Processor: processing WorkGenerationalId(workSpecId=a94f9b27-8166-40c4-93ac-d25438012874, generation=0)
2026-01-30 12:43:21.978 13836-14091 WM-Processor            com.fishit.player.v2                 D  Work WorkGenerationalId(workSpecId=a94f9b27-8166-40c4-93ac-d25438012874, generation=0) is already enqueued for processing
2026-01-30 12:43:22.247 13836-13836 WM-WorkerWrapper        com.fishit.player.v2                 D  Starting work for com.fishit.player.v2.work.XtreamCatalogScanWorker
2026-01-30 12:43:22.261 13836-14080 XtreamCatalogScanWorker com.fishit.player.v2                 I  START sync_run_id=555fc995-3233-489d-be9d-77edd461b851 mode=auto source=XTREAM scope=INCREMENTAL runtimeBudgetMs=900000 checkpoint=xtream|v=2|phase=VOD_LIST|offset=0
2026-01-30 12:43:22.266 13836-14080 RuntimeGuards           com.fishit.player.v2                 D  Manual sync (auto) - skipping battery guard (level=64%)
2026-01-30 12:43:22.268 13836-14080 XtreamCatalogScanWorker com.fishit.player.v2                 D  Catalog sync: includeVod=true includeSeries=true includeEpisodes=false (lazy) includeLive=true scope=INCREMENTAL enhanced=true
2026-01-30 12:43:22.272 13836-14080 XtreamCatalogScanWorker com.fishit.player.v2                 I  Using CHANNEL-BUFFERED sync: buffer=1000, consumers=3 (25-30% faster than enhanced sync)
2026-01-30 12:43:22.277 13836-14060 XtreamCatalogScanWorker com.fishit.player.v2                 D  Channel-buffered catalog sync started
2026-01-30 12:43:22.278 13836-14063 CatalogSyncService      com.fishit.player.v2                 I  Starting channel-buffered Xtream sync: buffer=1000, consumers=3
2026-01-30 12:43:22.293 13836-14079 XtreamCatalogPipeline   com.fishit.player.v2                 I  Starting Xtream catalog scan: vod=true, series=true, episodes=false, live=true
2026-01-30 12:43:22.301 13836-14060 XtreamCatalogPipeline   com.fishit.player.v2                 D  [LIVE] Starting parallel scan (streaming)...
2026-01-30 12:43:22.303 13836-14046 XtreamCatalogPipeline   com.fishit.player.v2                 D  [SERIES] Starting scan (after slot available)...
2026-01-30 12:43:22.311 13836-14046 XtreamApiClient         com.fishit.player.v2                 D  buildPlayerApiUrl: action=get_series -> konigtv.com/player_api.php
2026-01-30 12:43:22.312 13836-14060 XtreamApiClient         com.fishit.player.v2                 D  buildPlayerApiUrl: action=get_live_streams -> konigtv.com/player_api.php
2026-01-30 12:43:22.316 13836-14046 XtreamApiClient         com.fishit.player.v2                 D  streamFromUrl: CALLED for konigtv.com/player_api.php
2026-01-30 12:43:22.316 13836-14060 XtreamApiClient         com.fishit.player.v2                 D  streamFromUrl: CALLED for konigtv.com/player_api.php
2026-01-30 12:43:22.804 13836-14079 XtreamCatalogPipeline   com.fishit.player.v2                 D  [VOD] Starting parallel scan (streaming)...
2026-01-30 12:43:22.814 13836-14079 XtreamApiClient         com.fishit.player.v2                 D  buildPlayerApiUrl: action=get_vod_streams -> konigtv.com/player_api.php
2026-01-30 12:43:22.818 13836-14079 XtreamApiClient         com.fishit.player.v2                 D  streamFromUrl: CALLED for konigtv.com/player_api.php
2026-01-30 12:43:23.369 13836-14060 XtreamApiClient         com.fishit.player.v2                 D  StreamingFetch: Detected GZIP for konigtv.com/player_api.php (manual decompression)
2026-01-30 12:43:23.371 13836-14060 XtreamApiClient         com.fishit.player.v2                 D  StreamingFetch: Success for konigtv.com/player_api.php, streaming response
2026-01-30 12:43:23.376 13836-14060 XtreamApiClient         com.fishit.player.v2                 D  streamFromUrl: Starting StreamingJsonParser.streamInBatches() for konigtv.com/player_api.php
2026-01-30 12:43:23.584 13836-14060 XTC                     com.fishit.player.v2                 D  [LIVE] DTO→Raw #1 | id=xtream:live:81568 | title="DE HEVC" | sourceType=XTREAM | Fields: ✓[poster] ✗[year, plot, cast, director, backdrop, duration, tmdb]
2026-01-30 12:43:23.671 13836-14060 XTC                     com.fishit.player.v2                 D  [LIVE] DTO→Raw #50 | id=xtream:live:71808 | title="DE: Deluxe Music HEVC" | sourceType=XTREAM | Fields: ✓[poster] ✗[year, plot, cast, director, backdrop, duration, tmdb]
2026-01-30 12:43:23.689 13836-14046 XtreamApiClient         com.fishit.player.v2                 D  StreamingFetch: Detected GZIP for konigtv.com/player_api.php (manual decompression)
2026-01-30 12:43:23.691 13836-14046 XtreamApiClient         com.fishit.player.v2                 D  StreamingFetch: Success for konigtv.com/player_api.php, streaming response
2026-01-30 12:43:23.696 13836-14046 XtreamApiClient         com.fishit.player.v2                 D  streamFromUrl: Starting StreamingJsonParser.streamInBatches() for konigtv.com/player_api.php
2026-01-30 12:43:23.830 13836-14060 XTC                     com.fishit.player.v2                 D  [LIVE] DTO→Raw #100 | id=xtream:live:49200 | title="DE: Pro 7 Maxx FHD" | sourceType=XTREAM | Fields: ✓[poster] ✗[year, plot, cast, director, backdrop, duration, tmdb]
2026-01-30 12:43:23.926 13836-14060 XTC                     com.fishit.player.v2                 D  [LIVE] DTO→Raw #150 | id=xtream:live:361561 | title="DE: NDR Hamburg" | sourceType=XTREAM | Fields: ✓[poster] ✗[year, plot, cast, director, backdrop, duration, tmdb]
2026-01-30 12:43:24.008 13836-14060 XTC                     com.fishit.player.v2                 D  [LIVE] DTO→Raw #200 | id=xtream:live:197779 | title="DE: QVC STYLE TV" | sourceType=XTREAM | Fields: ✓[poster] ✗[year, plot, cast, director, backdrop, duration, tmdb]
2026-01-30 12:43:24.089 13836-14060 XTC                     com.fishit.player.v2                 D  [LIVE] DTO→Raw #250 | id=xtream:live:67411 | title="DE: Bndliga 7 SD" | sourceType=XTREAM | Fields: ✓[poster] ✗[year, plot, cast, director, backdrop, duration, tmdb]
2026-01-30 12:43:24.136 13836-13836 ViewRootIm...nActivity] com.fishit.player.v2                 I  ViewPostIme pointer 0
2026-01-30 12:43:24.148 13836-14046 XTC                     com.fishit.player.v2                 D  [SERIES] DTO→Raw #1 | id=xtream:series:-441 | title="Madam Secretary" | sourceType=XTREAM | Fields: ✓[plot(542c), cast, poster, duration=2700000ms] ✗[year, director, backdrop, tmdb]
2026-01-30 12:43:24.167 13836-14060 XTC                     com.fishit.player.v2                 D  [LIVE] DTO→Raw #300 | id=xtream:live:354423 | title="DE: Bundesliga Tivibu 2 (Türkisch)" | sourceType=XTREAM | Fields: ✓[poster] ✗[year, plot, cast, director, backdrop, duration, tmdb]
2026-01-30 12:43:24.199 13836-14046 XTC                     com.fishit.player.v2                 D  [SERIES] DTO→Raw #50 | id=xtream:series:365 | title="4 Blocks" | sourceType=XTREAM | Fields: ✓[plot(424c), cast, poster, duration=3000000ms] ✗[year, director, backdrop, tmdb]
2026-01-30 12:43:24.220 13836-14060 XTC                     com.fishit.player.v2                 D  [LIVE] DTO→Raw #350 | id=xtream:live:181819 | title="MyTeam TV - 7" | sourceType=XTREAM | Fields: ✓[poster] ✗[year, plot, cast, director, backdrop, duration, tmdb]
2026-01-30 12:43:24.258 13836-14046 XTC                     com.fishit.player.v2                 D  [SERIES] DTO→Raw #100 | id=xtream:series:687 | title="The I-Land" | sourceType=XTREAM | Fields: ✓[plot(471c), cast, poster, duration=2520000ms] ✗[year, director, backdrop, tmdb]
2026-01-30 12:43:24.281 13836-14060 XTC                     com.fishit.player.v2                 D  [LIVE] DTO→Raw #400 | id=xtream:live:795605 | title="DE: DEL2 EVENT 16" | sourceType=XTREAM | Fields: ✓[poster] ✗[year, plot, cast, director, backdrop, duration, tmdb]
2026-01-30 12:43:24.304 13836-14046 XTC                     com.fishit.player.v2                 D  [SERIES] DTO→Raw #150 | id=xtream:series:784 | title="Who Killed Jeffrey Epstein" | sourceType=XTREAM | Fields: ✓[poster] ✗[year, plot, cast, director, backdrop, duration, tmdb]
2026-01-30 12:43:24.326 13836-13836 Compatibil...geReporter com.fishit.player.v2                 D  Compat change id reported: 171228096; UID 10460; state: ENABLED
2026-01-30 12:43:24.337 13836-14060 XTC                     com.fishit.player.v2                 D  [LIVE] DTO→Raw #450 | id=xtream:live:792958 | title="DE: RTL+ SPORT EVENT 17" | sourceType=XTREAM | Fields: ✓[poster] ✗[year, plot, cast, director, backdrop, duration, tmdb]
