2026-01-30 09:35:56.700 17307-17330 OpenGLRenderer          com.fishit.player.v2                 I  Davey! duration=885ms; Flags=0, FrameTimelineVsyncId=1787448, IntendedVsync=35660309272794, Vsync=35661125939428, InputEventId=0, HandleInputStart=35661134080723, AnimationStart=35661134084376, PerformTraversalsStart=35661180428338, DrawStart=35661180551646, FrameDeadline=35660527590416, FrameInterval=35661133675146, FrameStartTime=16666666, SyncQueued=35661185080761, SyncStart=35661185326338, IssueDrawCommandsStart=35661185732222, SwapBuffers=35661190559684, FrameCompleted=35661194656607, DequeueBufferDuration=36769, QueueBufferDuration=529923, GpuCompleted=35661194656607, SwapBuffersCompleted=35661193028684, DisplayPresentTime=35512349877675, CommandSubmissionCompleted=35661190559684,
2026-01-30 09:35:57.317 17307-17307 Choreographer           com.fishit.player.v2                 I  Skipped 40 frames!  The application may be doing too much work on its main thread.
2026-01-30 09:35:57.438 17307-17322 ishit.player.v2         com.fishit.player.v2                 I  Background concurrent copying GC freed 853777(37MB) AllocSpace objects, 0(0B) LOS objects, 13% free, 155MB/179MB, paused 196us,175us total 866.291ms
2026-01-30 09:35:57.809 17307-17307 ViewRootIm...nActivity] com.fishit.player.v2                 I  ViewPostIme pointer 0
2026-01-30 09:35:58.118 17307-17307 ViewRootIm...nActivity] com.fishit.player.v2                 I  ViewPostIme pointer 1
2026-01-30 09:35:58.198 17307-17322 ishit.player.v2         com.fishit.player.v2                 I  Background young concurrent copying GC freed 1027003(39MB) AllocSpace objects, 0(0B) LOS objects, 13% free, 147MB/171MB, paused 147us,77us total 216.204ms
2026-01-30 09:35:58.517 17307-17307 ViewRootIm...nActivity] com.fishit.player.v2                 I  ViewPostIme pointer 0
2026-01-30 09:35:58.580 17307-17611 CatalogSyncService      com.fishit.player.v2                 D  Xtream batch complete (HOT PATH/NX): ingested=232 total_ms=5283
2026-01-30 09:35:58.580 17307-17611 CatalogSyncService      com.fishit.player.v2                 D  Time-based flush MOVIES: 232 items in 5284ms
2026-01-30 09:35:58.742 17307-17307 ViewRootIm...nActivity] com.fishit.player.v2                 I  ViewPostIme pointer 1
2026-01-30 09:35:58.771 17307-17322 ishit.player.v2         com.fishit.player.v2                 I  Background concurrent copying GC freed 3101220(144MB) AllocSpace objects, 0(0B) LOS objects, 41% free, 34MB/58MB, paused 166us,43us total 166.831ms
2026-01-30 09:35:59.067 17307-17307 ViewRootIm...nActivity] com.fishit.player.v2                 I  ViewPostIme pointer 0
2026-01-30 09:35:59.255 17307-17307 ViewRootIm...nActivity] com.fishit.player.v2                 I  ViewPostIme pointer 1
2026-01-30 09:35:59.642 17307-17307 ViewRootIm...nActivity] com.fishit.player.v2                 I  ViewPostIme pointer 0
2026-01-30 09:35:59.696 17307-17611 CatalogSyncService      com.fishit.player.v2                 D  Xtream batch complete (HOT PATH/NX): ingested=400 total_ms=6217
2026-01-30 09:35:59.696 17307-17611 XtreamCatalogScanWorker com.fishit.player.v2                 D  PROGRESS discovered=24900 persisted=24900 phase=null
2026-01-30 09:35:59.705 17307-17611 SyncPerfMetrics         com.fishit.player.v2                 D  Phase MOVIES started
2026-01-30 09:35:59.705 17307-17611 XtreamCatalogScanWorker com.fishit.player.v2                 D  PROGRESS discovered=24900 persisted=24900 phase=VOD
2026-01-30 09:35:59.719 17307-18786 XTC                     com.fishit.player.v2                 D  [VOD] DTO→Raw #4000 | id=xtream:vod:728107 | title="My Name Is Loh Kiwan | 2024 | 6.0 |" | sourceType=XTREAM | Fields: ✓[year=2024, poster] ✗[plot, cast, director, backdrop, duration, tmdb]
2026-01-30 09:35:59.720 17307-17611 XtreamCatalogScanWorker com.fishit.player.v2                 D  PROGRESS discovered=25000 persisted=24900 phase=null
2026-01-30 09:35:59.720 17307-17611 SyncPerfMetrics         com.fishit.player.v2                 D  Phase MOVIES started
2026-01-30 09:35:59.720 17307-17611 XtreamCatalogScanWorker com.fishit.player.v2                 D  PROGRESS discovered=25000 persisted=24900 phase=VOD
2026-01-30 09:35:59.758 17307-18786 XTC                     com.fishit.player.v2                 D  [VOD] DTO→Raw #4050 | id=xtream:vod:704641 | title="Cat Person | 2023 | 6.2 |" | sourceType=XTREAM | Fields: ✓[year=2023, poster] ✗[plot, cast, director, backdrop, duration, tmdb]
2026-01-30 09:35:59.765 17307-18786 XTC                     com.fishit.player.v2                 D  [VOD] DTO→Raw #4100 | id=xtream:vod:696436 | title="Naughty - Entfesselte Lust | 2023 | 5.8 " | sourceType=XTREAM | Fields: ✓[year=2023, poster] ✗[plot, cast, director, backdrop, duration, tmdb]
2026-01-30 09:35:59.766 17307-18013 XtreamCatalogScanWorker com.fishit.player.v2                 D  PROGRESS discovered=25100 persisted=24900 phase=null
2026-01-30 09:35:59.766 17307-18013 SyncPerfMetrics         com.fishit.player.v2                 D  Phase MOVIES started
2026-01-30 09:35:59.767 17307-18013 XtreamCatalogScanWorker com.fishit.player.v2                 D  PROGRESS discovered=25100 persisted=24900 phase=VOD
2026-01-30 09:35:59.769 17307-18786 XTC                     com.fishit.player.v2                 D  [VOD] DTO→Raw #4150 | id=xtream:vod:692594 | title="Slotherhouse - Ein Faultier zum Fürchten" | sourceType=XTREAM | Fields: ✓[year=2023, poster] ✗[plot, cast, director, backdrop, duration, tmdb]
2026-01-30 09:35:59.774 17307-18786 XTC                     com.fishit.player.v2                 D  [VOD] DTO→Raw #4200 | id=xtream:vod:674679 | title="A Royal Corgi Christmas - Weihnachten wi" | sourceType=XTREAM | Fields: ✓[year=2022, poster] ✗[plot, cast, director, backdrop, duration, tmdb]
2026-01-30 09:35:59.775 17307-17579 XtreamCatalogScanWorker com.fishit.player.v2                 D  PROGRESS discovered=25200 persisted=24900 phase=null
2026-01-30 09:35:59.776 17307-17579 SyncPerfMetrics         com.fishit.player.v2                 D  Phase MOVIES started
2026-01-30 09:35:59.776 17307-17579 XtreamCatalogScanWorker com.fishit.player.v2                 D  PROGRESS discovered=25200 persisted=24900 phase=VOD
2026-01-30 09:35:59.779 17307-18786 XTC                     com.fishit.player.v2                 D  [VOD] DTO→Raw #4250 | id=xtream:vod:672225 | title="Elf Me | 2023 | 6.2 |" | sourceType=XTREAM | Fields: ✓[year=2023, poster] ✗[plot, cast, director, backdrop, duration, tmdb]
2026-01-30 09:35:59.782 17307-18786 XTC                     com.fishit.player.v2                 D  [VOD] DTO→Raw #4300 | id=xtream:vod:669556 | title="The Royal Nanny | 2022 | 6.2 |" | sourceType=XTREAM | Fields: ✓[year=2022, poster] ✗[plot, cast, director, backdrop, duration, tmdb]
2026-01-30 09:35:59.784 17307-17579 SyncBatchManager        com.fishit.player.v2                 D  Flushing MOVIES batch: 400 items (timeBased=false)
2026-01-30 09:35:59.784 17307-17579 CatalogSyncService      com.fishit.player.v2                 D  Persisting Xtream catalog batch (NX-ONLY): 400 items (canonical_linking=false)
2026-01-30 09:35:59.786 17307-18786 XTC                     com.fishit.player.v2                 D  [VOD] DTO→Raw #4350 | id=xtream:vod:667269 | title="As They Made Us | 2022 | 5.5 |" | sourceType=XTREAM | Fields: ✓[year=2022, poster] ✗[plot, cast, director, backdrop, duration, tmdb]
2026-01-30 09:35:59.792 17307-17307 ViewRootIm...nActivity] com.fishit.player.v2                 I  ViewPostIme pointer 1
2026-01-30 09:36:00.498 17307-17322 ishit.player.v2         com.fishit.player.v2                 I  Background concurrent copying GC freed 578809(25MB) AllocSpace objects, 0(0B) LOS objects, 40% free, 35MB/59MB, paused 85us,37us total 106.888ms
2026-01-30 09:36:01.737 17307-17307 ViewRootIm...nActivity] com.fishit.player.v2                 I  ViewPostIme pointer 0
2026-01-30 09:36:01.764 17307-18789 CatalogSyncService      com.fishit.player.v2                 D  Xtream batch complete (HOT PATH/NX): ingested=400 total_ms=1980
2026-01-30 09:36:01.764 17307-18789 XtreamCatalogScanWorker com.fishit.player.v2                 D  PROGRESS discovered=25300 persisted=25300 phase=null
2026-01-30 09:36:01.765 17307-18789 SyncPerfMetrics         com.fishit.player.v2                 D  Phase MOVIES started
2026-01-30 09:36:01.765 17307-18789 XtreamCatalogScanWorker com.fishit.player.v2                 D  PROGRESS discovered=25300 persisted=25300 phase=VOD
2026-01-30 09:36:01.772 17307-18789 XTC                     com.fishit.player.v2                 D  [VOD] DTO→Raw #4400 | id=xtream:vod:659371 | title="Detective Dee und die Armee der Toten | " | sourceType=XTREAM | Fields: ✓[year=2022, poster] ✗[plot, cast, director, backdrop, duration, tmdb]
2026-01-30 09:36:01.772 17307-18013 XtreamCatalogScanWorker com.fishit.player.v2                 D  PROGRESS discovered=25400 persisted=25300 phase=null
2026-01-30 09:36:01.772 17307-18013 SyncPerfMetrics         com.fishit.player.v2                 D  Phase MOVIES started
2026-01-30 09:36:01.773 17307-18013 XtreamCatalogScanWorker com.fishit.player.v2                 D  PROGRESS discovered=25400 persisted=25300 phase=VOD
2026-01-30 09:36:01.776 17307-18789 XTC                     com.fishit.player.v2                 D  [VOD] DTO→Raw #4450 | id=xtream:vod:655613 | title="War of the Worlds: The Attack | 2023 | 5" | sourceType=XTREAM | Fields: ✓[year=2023, poster] ✗[plot, cast, director, backdrop, duration, tmdb]
2026-01-30 09:36:01.781 17307-18789 XTC                     com.fishit.player.v2                 D  [VOD] DTO→Raw #4500 | id=xtream:vod:641588 | title="Meinen Hass bekommt ihr nicht | 2022 | 5" | sourceType=XTREAM | Fields: ✓[year=2022, poster] ✗[plot, cast, director, backdrop, duration, tmdb]
2026-01-30 09:36:01.784 17307-17579 XtreamCatalogScanWorker com.fishit.player.v2                 D  PROGRESS discovered=25500 persisted=25300 phase=null
2026-01-30 09:36:01.784 17307-17579 SyncPerfMetrics         com.fishit.player.v2                 D  Phase MOVIES started
2026-01-30 09:36:01.785 17307-17579 XtreamCatalogScanWorker com.fishit.player.v2                 D  PROGRESS discovered=25500 persisted=25300 phase=VOD
2026-01-30 09:36:01.790 17307-18013 SyncBatchManager        com.fishit.player.v2                 D  Time-based flush for MOVIES: 200 items after 2006ms
2026-01-30 09:36:01.790 17307-18013 SyncBatchManager        com.fishit.player.v2                 D  Flushing MOVIES batch: 200 items (timeBased=true)
2026-01-30 09:36:01.790 17307-18013 CatalogSyncService      com.fishit.player.v2                 D  Persisting Xtream catalog batch (NX-ONLY): 200 items (canonical_linking=false)
2026-01-30 09:36:01.817 17307-18789 XTC                     com.fishit.player.v2                 D  [VOD] DTO→Raw #4550 | id=xtream:vod:639373 | title="A Life Too Short: The Isabella Nardoni C" | sourceType=XTREAM | Fields: ✓[year=2023, poster] ✗[plot, cast, director, backdrop, duration, tmdb]
2026-01-30 09:36:01.820 17307-18789 XTC                     com.fishit.player.v2                 D  [VOD] DTO→Raw #4600 | id=xtream:vod:622323 | title="Operacja: Soulcatcher | 2023 | 6.4 |" | sourceType=XTREAM | Fields: ✓[year=2023, poster] ✗[plot, cast, director, backdrop, duration, tmdb]
2026-01-30 09:36:01.822 17307-17578 XtreamCatalogScanWorker com.fishit.player.v2                 D  PROGRESS discovered=25600 persisted=25300 phase=null
2026-01-30 09:36:01.823 17307-17578 SyncPerfMetrics         com.fishit.player.v2                 D  Phase MOVIES started
2026-01-30 09:36:01.824 17307-18789 XTC                     com.fishit.player.v2                 D  [VOD] DTO→Raw #4650 | id=xtream:vod:613244 | title="Bird Box: Barcelona | 2023 | 6.7 |" | sourceType=XTREAM | Fields: ✓[year=2023, poster] ✗[plot, cast, director, backdrop, duration, tmdb]
2026-01-30 09:36:01.824 17307-17578 XtreamCatalogScanWorker com.fishit.player.v2                 D  PROGRESS discovered=25600 persisted=25300 phase=VOD
2026-01-30 09:36:01.828 17307-18789 XTC                     com.fishit.player.v2                 D  [VOD] DTO→Raw #4700 | id=xtream:vod:580171 | title="Infinity Pool | 2023 | 6.3" | sourceType=XTREAM | Fields: ✓[year=2023, poster] ✗[plot, cast, director, backdrop, duration, tmdb]
2026-01-30 09:36:01.836 17307-17578 XtreamCatalogScanWorker com.fishit.player.v2                 D  PROGRESS discovered=25700 persisted=25300 phase=null
2026-01-30 09:36:01.839 17307-18789 XTC                     com.fishit.player.v2                 D  [VOD] DTO→Raw #4750 | id=xtream:vod:414905 | title="Scream 6 (2023)" | sourceType=XTREAM | Fields: ✓[year=2023, poster] ✗[plot, cast, director, backdrop, duration, tmdb]
2026-01-30 09:36:01.842 17307-17578 SyncPerfMetrics         com.fishit.player.v2                 D  Phase MOVIES started
2026-01-30 09:36:01.842 17307-17578 XtreamCatalogScanWorker com.fishit.player.v2                 D  PROGRESS discovered=25700 persisted=25300 phase=VOD
2026-01-30 09:36:01.852 17307-18566 XTC                     com.fishit.player.v2                 D  [VOD] DTO→Raw #4800 | id=xtream:vod:383802 | title="American Murderer (2022)" | sourceType=XTREAM | Fields: ✓[year=2022, poster] ✗[plot, cast, director, backdrop, duration, tmdb]
2026-01-30 09:36:01.856 17307-17611 XtreamCatalogScanWorker com.fishit.player.v2                 D  PROGRESS discovered=25800 persisted=25300 phase=null
2026-01-30 09:36:01.857 17307-17611 SyncPerfMetrics         com.fishit.player.v2                 D  Phase MOVIES started
2026-01-30 09:36:01.857 17307-17611 XtreamCatalogScanWorker com.fishit.player.v2                 D  PROGRESS discovered=25800 persisted=25300 phase=VOD
2026-01-30 09:36:01.860 17307-18566 XTC                     com.fishit.player.v2                 D  [VOD] DTO→Raw #4850 | id=xtream:vod:383892 | title="Familie um jeden Preis (2022)" | sourceType=XTREAM | Fields: ✓[year=2022, poster] ✗[plot, cast, director, backdrop, duration, tmdb]
2026-01-30 09:36:01.868 17307-18566 XTC                     com.fishit.player.v2                 D  [VOD] DTO→Raw #4900 | id=xtream:vod:384013 | title="Happy Nous Year (2022)" | sourceType=XTREAM | Fields: ✓[year=2022, poster] ✗[plot, cast, director, backdrop, duration, tmdb]
2026-01-30 09:36:01.872 17307-17611 SyncBatchManager        com.fishit.player.v2                 D  Flushing MOVIES batch: 400 items (timeBased=false)
2026-01-30 09:36:01.872 17307-17611 CatalogSyncService      com.fishit.player.v2                 D  Persisting Xtream catalog batch (NX-ONLY): 400 items (canonical_linking=false)
2026-01-30 09:36:01.875 17307-18566 XTC                     com.fishit.player.v2                 D  [VOD] DTO→Raw #4950 | id=xtream:vod:384103 | title="Batman und Superman: Kampf der Supersöhn" | sourceType=XTREAM | Fields: ✓[year=2022, poster] ✗[plot, cast, director, backdrop, duration, tmdb]
2026-01-30 09:36:01.940 17307-17307 ViewRootIm...nActivity] com.fishit.player.v2                 I  ViewPostIme pointer 1
2026-01-30 09:36:02.000 17307-17322 ishit.player.v2         com.fishit.player.v2                 I  Background concurrent copying GC freed 571905(24MB) AllocSpace objects, 0(0B) LOS objects, 41% free, 33MB/57MB, paused 129us,40us total 136.171ms
2026-01-30 09:36:02.253 17307-17307 ViewRootIm...nActivity] com.fishit.player.v2                 I  ViewPostIme pointer 0
2026-01-30 09:36:02.406 17307-17307 ViewRootIm...nActivity] com.fishit.player.v2                 I  ViewPostIme pointer 1
2026-01-30 09:36:03.195 17307-18786 CatalogSyncService      com.fishit.player.v2                 D  Xtream batch complete (HOT PATH/NX): ingested=200 total_ms=1405
2026-01-30 09:36:03.196 17307-18786 CatalogSyncService      com.fishit.player.v2                 D  Time-based flush MOVIES: 200 items in 1406ms
2026-01-30 09:36:04.189 17307-17611 CatalogSyncService      com.fishit.player.v2                 D  Xtream batch complete (HOT PATH/NX): ingested=400 total_ms=2317
2026-01-30 09:36:04.189 17307-17611 XtreamCatalogScanWorker com.fishit.player.v2                 D  PROGRESS discovered=25900 persisted=25900 phase=null
2026-01-30 09:36:04.190 17307-17611 SyncPerfMetrics         com.fishit.player.v2                 D  Phase MOVIES started
2026-01-30 09:36:04.190 17307-17611 XtreamCatalogScanWorker com.fishit.player.v2                 D  PROGRESS discovered=25900 persisted=25900 phase=VOD
2026-01-30 09:36:04.197 17307-18789 XTC                     com.fishit.player.v2                 D  [VOD] DTO→Raw #5000 | id=xtream:vod:384161 | title="Emily the Criminal (2022)" | sourceType=XTREAM | Fields: ✓[year=2022, poster] ✗[plot, cast, director, backdrop, duration, tmdb]
2026-01-30 09:36:04.198 17307-17578 XtreamCatalogScanWorker com.fishit.player.v2                 D  PROGRESS discovered=26000 persisted=25900 phase=null
2026-01-30 09:36:04.199 17307-17578 SyncPerfMetrics         com.fishit.player.v2                 D  Phase MOVIES started
2026-01-30 09:36:04.199 17307-17578 XtreamCatalogScanWorker com.fishit.player.v2                 D  PROGRESS discovered=26000 persisted=25900 phase=VOD
2026-01-30 09:36:04.200 17307-17578 SyncBatchManager        com.fishit.player.v2                 D  Time-based flush for MOVIES: 100 items after 2328ms
2026-01-30 09:36:04.200 17307-17578 SyncBatchManager        com.fishit.player.v2                 D  Flushing MOVIES batch: 100 items (timeBased=true)
2026-01-30 09:36:04.200 17307-17578 CatalogSyncService      com.fishit.player.v2                 D  Persisting Xtream catalog batch (NX-ONLY): 100 items (canonical_linking=false)
2026-01-30 09:36:04.239 17307-18789 XTC                     com.fishit.player.v2                 D  [VOD] DTO→Raw #5050 | id=xtream:vod:384228 | title="Monsieur Claude und sein großes Fest (20" | sourceType=XTREAM | Fields: ✓[year=2021, poster] ✗[plot, cast, director, backdrop, duration, tmdb]
2026-01-30 09:36:04.249 17307-18789 XTC                     com.fishit.player.v2                 D  [VOD] DTO→Raw #5100 | id=xtream:vod:384290 | title="Stand up! Was bleibt, wenn alles weg ist" | sourceType=XTREAM | Fields: ✓[year=2022, poster] ✗[plot, cast, director, backdrop, duration, tmdb]
2026-01-30 09:36:04.250 17307-17578 XtreamCatalogScanWorker com.fishit.player.v2                 D  PROGRESS discovered=26100 persisted=25900 phase=null
2026-01-30 09:36:04.250 17307-17578 SyncPerfMetrics         com.fishit.player.v2                 D  Phase MOVIES started
2026-01-30 09:36:04.251 17307-17578 XtreamCatalogScanWorker com.fishit.player.v2                 D  PROGRESS discovered=26100 persisted=25900 phase=VOD
2026-01-30 09:36:04.259 17307-18789 XTC                     com.fishit.player.v2                 D  [VOD] DTO→Raw #5150 | id=xtream:vod:384361 | title="Unhuman - Wem kannst du trauen? (2022)" | sourceType=XTREAM | Fields: ✓[year=2022, poster] ✗[plot, cast, director, backdrop, duration, tmdb]
2026-01-30 09:36:04.269 17307-18789 XTC                     com.fishit.player.v2                 D  [VOD] DTO→Raw #5200 | id=xtream:vod:388669 | title="Antlers (2021)" | sourceType=XTREAM | Fields: ✓[year=2021, poster] ✗[plot, cast, director, backdrop, duration, tmdb]
2026-01-30 09:36:04.270 17307-18788 XtreamCatalogScanWorker com.fishit.player.v2                 D  PROGRESS discovered=26200 persisted=25900 phase=null
2026-01-30 09:36:04.271 17307-18788 SyncPerfMetrics         com.fishit.player.v2                 D  Phase MOVIES started
2026-01-30 09:36:04.272 17307-18788 XtreamCatalogScanWorker com.fishit.player.v2                 D  PROGRESS discovered=26200 persisted=25900 phase=VOD
2026-01-30 09:36:04.277 17307-18789 XTC                     com.fishit.player.v2                 D  [VOD] DTO→Raw #5250 | id=xtream:vod:388719 | title="Breaking News in Yuba County (2021)" | sourceType=XTREAM | Fields: ✓[year=2021, poster] ✗[plot, cast, director, backdrop, duration, tmdb]
2026-01-30 09:36:04.287 17307-18789 XTC                     com.fishit.player.v2                 D  [VOD] DTO→Raw #5300 | id=xtream:vod:388770 | title="Dark Glasses (2022)" | sourceType=XTREAM | Fields: ✓[year=2022, poster] ✗[plot, cast, director, backdrop, duration, tmdb]
2026-01-30 09:36:04.287 17307-17579 XtreamCatalogScanWorker com.fishit.player.v2                 D  PROGRESS discovered=26300 persisted=25900 phase=null
2026-01-30 09:36:04.288 17307-17579 SyncPerfMetrics         com.fishit.player.v2                 D  Phase MOVIES started
2026-01-30 09:36:04.289 17307-17579 XtreamCatalogScanWorker com.fishit.player.v2                 D  PROGRESS discovered=26300 persisted=25900 phase=VOD
2026-01-30 09:36:04.294 17307-18789 XTC                     com.fishit.player.v2                 D  [VOD] DTO→Raw #5350 | id=xtream:vod:388820 | title="Die Rettung der uns bekannten Welt (2021" | sourceType=XTREAM | Fields: ✓[year=2021, poster] ✗[plot, cast, director, backdrop, duration, tmdb]
2026-01-30 09:36:04.302 17307-18789 XTC                     com.fishit.player.v2                 D  [VOD] DTO→Raw #5400 | id=xtream:vod:388870 | title="Lointain (2021)" | sourceType=XTREAM | Fields: ✓[year=2021, poster] ✗[plot, cast, director, backdrop, duration, tmdb]
2026-01-30 09:36:04.303 17307-17578 SyncBatchManager        com.fishit.player.v2                 D  Flushing MOVIES batch: 400 items (timeBased=false)
2026-01-30 09:36:04.303 17307-17578 CatalogSyncService      com.fishit.player.v2                 D  Persisting Xtream catalog batch (NX-ONLY): 400 items (canonical_linking=false)
2026-01-30 09:36:04.310 17307-18789 XTC                     com.fishit.player.v2                 D  [VOD] DTO→Raw #5450 | id=xtream:vod:388922 | title="Held (2021)" | sourceType=XTREAM | Fields: ✓[year=2021, poster] ✗[plot, cast, director, backdrop, duration, tmdb]
2026-01-30 09:36:04.478 17307-17322 ishit.player.v2         com.fishit.player.v2                 I  Background concurrent copying GC freed 832332(36MB) AllocSpace objects, 0(0B) LOS objects, 39% free, 36MB/60MB, paused 345us,156us total 250.230ms
2026-01-30 09:36:06.164 17307-18786 CatalogSyncService      com.fishit.player.v2                 D  Xtream batch complete (HOT PATH/NX): ingested=100 total_ms=1964
2026-01-30 09:36:06.164 17307-18786 CatalogSyncService      com.fishit.player.v2                 D  Time-based flush MOVIES: 100 items in 1964ms
2026-01-30 09:36:08.718 17307-17307 ViewRootIm...nActivity] com.fishit.player.v2                 I  ViewPostIme pointer 0
2026-01-30 09:36:08.920 17307-17307 ViewRootIm...nActivity] com.fishit.player.v2                 I  ViewPostIme pointer 1
2026-01-30 09:36:09.029 17307-18786 CatalogSyncService      com.fishit.player.v2                 D  Xtream batch complete (HOT PATH/NX): ingested=400 total_ms=4726
2026-01-30 09:36:09.029 17307-18786 XtreamCatalogScanWorker com.fishit.player.v2                 D  PROGRESS discovered=26400 persisted=26400 phase=null
2026-01-30 09:36:09.030 17307-18786 SyncPerfMetrics         com.fishit.player.v2                 D  Phase MOVIES started
2026-01-30 09:36:09.030 17307-18786 XtreamCatalogScanWorker com.fishit.player.v2                 D  PROGRESS discovered=26400 persisted=26400 phase=VOD
2026-01-30 09:36:09.039 17307-18786 XTC                     com.fishit.player.v2                 D  [VOD] DTO→Raw #5500 | id=xtream:vod:388974 | title="Kate (2021)" | sourceType=XTREAM | Fields: ✓[year=2021, poster] ✗[plot, cast, director, backdrop, duration, tmdb]
2026-01-30 09:36:09.040 17307-17590 XtreamCatalogScanWorker com.fishit.player.v2                 D  PROGRESS discovered=26500 persisted=26400 phase=null
2026-01-30 09:36:09.040 17307-17590 SyncPerfMetrics         com.fishit.player.v2                 D  Phase MOVIES started
2026-01-30 09:36:09.040 17307-17590 XtreamCatalogScanWorker com.fishit.player.v2                 D  PROGRESS discovered=26500 persisted=26400 phase=VOD
2026-01-30 09:36:09.079 17307-18786 XTC                     com.fishit.player.v2                 D  [VOD] DTO→Raw #5550 | id=xtream:vod:389025 | title="Megaboa (2021)" | sourceType=XTREAM | Fields: ✓[year=2021, poster] ✗[plot, cast, director, backdrop, duration, tmdb]
2026-01-30 09:36:09.088 17307-18786 XTC                     com.fishit.player.v2                 D  [VOD] DTO→Raw #5600 | id=xtream:vod:389076 | title="Old (2021)" | sourceType=XTREAM | Fields: ✓[year=2021, poster] ✗[plot, cast, director, backdrop, duration, tmdb]
2026-01-30 09:36:09.089 17307-18566 XtreamCatalogScanWorker com.fishit.player.v2                 D  PROGRESS discovered=26600 persisted=26400 phase=null
2026-01-30 09:36:09.090 17307-18566 SyncPerfMetrics         com.fishit.player.v2                 D  Phase MOVIES started
2026-01-30 09:36:09.091 17307-18566 XtreamCatalogScanWorker com.fishit.player.v2                 D  PROGRESS discovered=26600 persisted=26400 phase=VOD
2026-01-30 09:36:09.096 17307-18786 XTC                     com.fishit.player.v2                 D  [VOD] DTO→Raw #5650 | id=xtream:vod:389127 | title="Rettungshund Ruby (2022)" | sourceType=XTREAM | Fields: ✓[year=2022, poster] ✗[plot, cast, director, backdrop, duration, tmdb]
2026-01-30 09:36:09.105 17307-18786 XTC                     com.fishit.player.v2                 D  [VOD] DTO→Raw #5700 | id=xtream:vod:389178 | title="Liebe² (2021)" | sourceType=XTREAM | Fields: ✓[year=2021, poster] ✗[plot, cast, director, backdrop, duration, tmdb]
2026-01-30 09:36:09.106 17307-17590 XtreamCatalogScanWorker com.fishit.player.v2                 D  PROGRESS discovered=26700 persisted=26400 phase=null
2026-01-30 09:36:09.106 17307-17590 SyncPerfMetrics         com.fishit.player.v2                 D  Phase MOVIES started
2026-01-30 09:36:09.106 17307-17590 XtreamCatalogScanWorker com.fishit.player.v2                 D  PROGRESS discovered=26700 persisted=26400 phase=VOD
2026-01-30 09:36:09.113 17307-18786 XTC                     com.fishit.player.v2                 D  [VOD] DTO→Raw #5750 | id=xtream:vod:389230 | title="The King's Daughter (2022)" | sourceType=XTREAM | Fields: ✓[year=2022, poster] ✗[plot, cast, director, backdrop, duration, tmdb]
2026-01-30 09:36:09.121 17307-18786 XTC                     com.fishit.player.v2                 D  [VOD] DTO→Raw #5800 | id=xtream:vod:389282 | title="Through my Window - Ich sehe nur dich (2" | sourceType=XTREAM | Fields: ✓[year=2022, poster] ✗[plot, cast, director, backdrop, duration, tmdb]
2026-01-30 09:36:09.121 17307-17590 SyncBatchManager        com.fishit.player.v2                 D  Flushing MOVIES batch: 400 items (timeBased=false)
2026-01-30 09:36:09.122 17307-17590 CatalogSyncService      com.fishit.player.v2                 D  Persisting Xtream catalog batch (NX-ONLY): 400 items (canonical_linking=false)
2026-01-30 09:36:09.128 17307-18786 XTC                     com.fishit.player.v2                 D  [VOD] DTO→Raw #5850 | id=xtream:vod:389336 | title="X (2022)" | sourceType=XTREAM | Fields: ✓[year=2022, poster] ✗[plot, cast, director, backdrop, duration, tmdb]
2026-01-30 09:36:09.486 17307-17307 ViewRootIm...nActivity] com.fishit.player.v2                 I  ViewPostIme pointer 0
2026-01-30 09:36:09.579 17307-17307 ViewRootIm...nActivity] com.fishit.player.v2                 I  ViewPostIme pointer 1
2026-01-30 09:36:09.811 17307-17307 ViewRootIm...nActivity] com.fishit.player.v2                 I  ViewPostIme pointer 0
2026-01-30 09:36:09.997 17307-17307 ViewRootIm...nActivity] com.fishit.player.v2                 I  ViewPostIme pointer 1
2026-01-30 09:36:11.054 17307-17307 ViewRootIm...nActivity] com.fishit.player.v2                 I  ViewPostIme pointer 0
2026-01-30 09:36:11.214 17307-17307 ViewRootIm...nActivity] com.fishit.player.v2                 I  ViewPostIme pointer 1
2026-01-30 09:36:11.284 17307-17322 ishit.player.v2         com.fishit.player.v2                 I  Background concurrent copying GC freed 741523(31MB) AllocSpace objects, 0(0B) LOS objects, 41% free, 33MB/57MB, paused 372us,73us total 181.102ms
2026-01-30 09:36:11.579 17307-17307 ViewRootIm...nActivity] com.fishit.player.v2                 I  ViewPostIme pointer 0
2026-01-30 09:36:11.714 17307-17307 ViewRootIm...nActivity] com.fishit.player.v2                 I  ViewPostIme pointer 1
2026-01-30 09:36:12.279 17307-17307 ViewRootIm...nActivity] com.fishit.player.v2                 I  ViewPostIme pointer 0
2026-01-30 09:36:12.338 17307-17307 ViewRootIm...nActivity] com.fishit.player.v2                 I  ViewPostIme pointer 1
2026-01-30 09:36:13.481 17307-18789 CatalogSyncService      com.fishit.player.v2                 D  Xtream batch complete (HOT PATH/NX): ingested=400 total_ms=4359
2026-01-30 09:36:13.481 17307-18789 XtreamCatalogScanWorker com.fishit.player.v2                 D  PROGRESS discovered=26800 persisted=26800 phase=null
2026-01-30 09:36:13.482 17307-18789 SyncPerfMetrics         com.fishit.player.v2                 D  Phase MOVIES started
2026-01-30 09:36:13.482 17307-18789 XtreamCatalogScanWorker com.fishit.player.v2                 D  PROGRESS discovered=26800 persisted=26800 phase=VOD
2026-01-30 09:36:13.487 17307-18786 XTC                     com.fishit.player.v2                 D  [VOD] DTO→Raw #5900 | id=xtream:vod:798247 | title="Shrek 2 - Der tollkühne Held kehrt zurüc" | sourceType=XTREAM | Fields: ✓[year=2004, poster] ✗[plot, cast, director, backdrop, duration, tmdb]
2026-01-30 09:36:13.487 17307-17590 XtreamCatalogScanWorker com.fishit.player.v2                 D  PROGRESS discovered=26900 persisted=26800 phase=null
2026-01-30 09:36:13.488 17307-17590 SyncPerfMetrics         com.fishit.player.v2                 D  Phase MOVIES started
2026-01-30 09:36:13.488 17307-17590 XtreamCatalogScanWorker com.fishit.player.v2                 D  PROGRESS discovered=26900 persisted=26800 phase=VOD
2026-01-30 09:36:13.491 17307-18786 XTC                     com.fishit.player.v2                 D  [VOD] DTO→Raw #5950 | id=xtream:vod:760054 | title="Halloween II - Das Grauen kehrt zurück |" | sourceType=XTREAM | Fields: ✓[year=1981, poster] ✗[plot, cast, director, backdrop, duration, tmdb]
2026-01-30 09:36:13.496 17307-18786 XTC                     com.fishit.player.v2                 D  [VOD] DTO→Raw #6000 | id=xtream:vod:757835 | title="Jurassic World - Ein neues Zeitalter | 2" | sourceType=XTREAM | Fields: ✓[year=2022, poster] ✗[plot, cast, director, backdrop, duration, tmdb]
2026-01-30 09:36:13.497 17307-17579 XtreamCatalogScanWorker com.fishit.player.v2                 D  PROGRESS discovered=27000 persisted=26800 phase=null
2026-01-30 09:36:13.497 17307-17579 SyncPerfMetrics         com.fishit.player.v2                 D  Phase MOVIES started
2026-01-30 09:36:13.497 17307-17579 XtreamCatalogScanWorker com.fishit.player.v2                 D  PROGRESS discovered=27000 persisted=26800 phase=VOD
2026-01-30 09:36:13.502 17307-18786 StreamingJsonParser     com.fishit.player.v2                 W  streamInBatches mapper error #1: timeout
2026-01-30 09:36:13.503 17307-18786 XtreamApiClient         com.fishit.player.v2                 W  streamContentInBatches(get_vod_streams): streamFromUrl FAILED for alias=vod params={category_id=0} | SocketException: Socket closed
2026-01-30 09:36:13.504 17307-18786 XtreamApiClient         com.fishit.player.v2                 D  buildPlayerApiUrl: action=get_movie_streams -> konigtv.com/player_api.php
2026-01-30 09:36:13.505 17307-18786 XtreamApiClient         com.fishit.player.v2                 D  streamFromUrl: CALLED for konigtv.com/player_api.php
2026-01-30 09:36:13.513 17307-18067 TrafficStats            com.fishit.player.v2                 D  tagSocket(131) with statsTag=0xffffffff, statsUid=-1
2026-01-30 09:36:13.565 17307-17307 ViewRootIm...nActivity] com.fishit.player.v2                 I  ViewPostIme pointer 0
2026-01-30 09:36:13.589 17307-17579 SyncBatchManager        com.fishit.player.v2                 D  Time-based flush for MOVIES: 200 items after 4467ms
2026-01-30 09:36:13.589 17307-17579 SyncBatchManager        com.fishit.player.v2                 D  Flushing MOVIES batch: 200 items (timeBased=true)
2026-01-30 09:36:13.589 17307-17579 CatalogSyncService      com.fishit.player.v2                 D  Persisting Xtream catalog batch (NX-ONLY): 200 items (canonical_linking=false)
2026-01-30 09:36:13.607 17307-17307 ViewRootIm...nActivity] com.fishit.player.v2                 I  ViewPostIme pointer 1
2026-01-30 09:36:13.631 17307-17307 InputMethodManagerUtils com.fishit.player.v2                 D  startInputInner - Id : 0
2026-01-30 09:36:13.631 17307-17307 InputMethodManager      com.fishit.player.v2                 I  startInputInner - IInputMethodManagerGlobalInvoker.startInputOrWindowGainedFocus
2026-01-30 09:36:13.638 17307-17307 ImeTracker              com.fishit.player.v2                 I  com.fishit.player.v2:a146057a: onRequestShow at ORIGIN_CLIENT_SHOW_SOFT_INPUT reason SHOW_SOFT_INPUT_BY_INSETS_API
2026-01-30 09:36:13.638 17307-17307 InsetsController        com.fishit.player.v2                 D  show(ime(), fromIme=false)
2026-01-30 09:36:13.642 17307-17307 InsetsController        com.fishit.player.v2                 I  setRequestedVisibleTypes: visible=true, mask=ime, host=com.fishit.player.v2/com.fishit.player.v2.MainActivity, from=android.view.InsetsController.controlAnimationUnchecked:1445 android.view.InsetsController.applyAnimation:2005 android.view.InsetsController.applyAnimation:1968 android.view.InsetsController.show:1309 android.view.InsetsController.show:1237 androidx.core.view.SoftwareKeyboardControllerCompat$Impl30.show:194 androidx.core.view.SoftwareKeyboardControllerCompat.show:71 androidx.compose.ui.text.input.InputMethodManagerImpl.showSoftInput:81 androidx.compose.ui.text.input.TextInputServiceAndroid.setKeyboardVisibleImmediately:475 androidx.compose.ui.text.input.TextInputServiceAndroid.processInputCommands:359
2026-01-30 09:36:13.643 17307-17307 InputMethodManager_LC   com.fishit.player.v2                 I  ris()
2026-01-30 09:36:13.644 17307-17307 InputMethodManager_LC   com.fishit.player.v2                 I  ssi(): flags=0 view=com.fishit.player.v2 reason = SHOW_SOFT_INPUT_BY_INSETS_API
2026-01-30 09:36:13.644 17307-17307 InputMethodManager_LC   com.fishit.player.v2                 I  ssi() view is not EditText
2026-01-30 09:36:13.644 17307-17307 InputMethodManager      com.fishit.player.v2                 D  showSoftInput() view=androidx.compose.ui.platform.AndroidComposeView{8c9b76a VFED..... .F....ID 0,0-1080,2400 aid=1073741824} flags=0 reason=SHOW_SOFT_INPUT_BY_INSETS_API
2026-01-30 09:36:13.647 17307-17307 InsetsController        com.fishit.player.v2                 I  setRequestedVisibleTypes: visible=false, mask=ime, host=com.fishit.player.v2/com.fishit.player.v2.MainActivity, from=android.view.InsetsController.controlAnimationUncheckedInner:1546 android.view.InsetsController.controlAnimationUnchecked:1449 android.view.InsetsController.applyAnimation:2005 android.view.InsetsController.applyAnimation:1968 android.view.InsetsController.show:1309 android.view.InsetsController.show:1237 androidx.core.view.SoftwareKeyboardControllerCompat$Impl30.show:194 androidx.core.view.SoftwareKeyboardControllerCompat.show:71 androidx.compose.ui.text.input.InputMethodManagerImpl.showSoftInput:81 androidx.compose.ui.text.input.TextInputServiceAndroid.setKeyboardVisibleImmediately:475
2026-01-30 09:36:13.660 17307-17307 InputMethodManager_LC   com.fishit.player.v2                 I  showSoftInput(View,I)
2026-01-30 09:36:13.661 17307-17307 ImeTracker              com.fishit.player.v2                 I  com.fishit.player.v2:e0d462c5: onRequestShow at ORIGIN_CLIENT_SHOW_SOFT_INPUT reason SHOW_SOFT_INPUT
2026-01-30 09:36:13.661 17307-17307 InputMethodManager_LC   com.fishit.player.v2                 I  ssi(): flags=0 view=com.fishit.player.v2 reason = SHOW_SOFT_INPUT
2026-01-30 09:36:13.662 17307-17307 InputMethodManager_LC   com.fishit.player.v2                 I  ssi() view is not EditText
2026-01-30 09:36:13.662 17307-17307 InputMethodManager      com.fishit.player.v2                 D  showSoftInput() view=androidx.compose.ui.platform.AndroidComposeView{8c9b76a VFED..... .F...... 0,0-1080,2400 aid=1073741824} flags=0 reason=SHOW_SOFT_INPUT
2026-01-30 09:36:13.736 17307-18786 XtreamApiClient         com.fishit.player.v2                 D  StreamingFetch: Detected GZIP for konigtv.com/player_api.php (manual decompression)
2026-01-30 09:36:13.737 17307-18786 XtreamApiClient         com.fishit.player.v2                 D  StreamingFetch: Success for konigtv.com/player_api.php, streaming response
2026-01-30 09:36:13.739 17307-18786 XtreamApiClient         com.fishit.player.v2                 D  streamFromUrl: Starting StreamingJsonParser.streamInBatches() for konigtv.com/player_api.php
2026-01-30 09:36:13.742 17307-18786 XtreamApiClient         com.fishit.player.v2                 D  StreamBatch: 0 items in 0 batches (5ms) | errors=0
2026-01-30 09:36:13.744 17307-18786 XtreamApiClient         com.fishit.player.v2                 W  streamFromUrl: ZERO items parsed from konigtv.com/player_api.php | batchCount=0 errors=0
2026-01-30 09:36:13.749 17307-18786 XtreamApiClient         com.fishit.player.v2                 D  buildPlayerApiUrl: action=get_movies_streams -> konigtv.com/player_api.php
2026-01-30 09:36:13.751 17307-18786 XtreamApiClient         com.fishit.player.v2                 D  streamFromUrl: CALLED for konigtv.com/player_api.php
2026-01-30 09:36:13.772 17307-17337 ViewRootIm...nActivity] com.fishit.player.v2                 I  Resizing android.view.ViewRootImpl@89899e: frame = [0,0][1080,2400] reportDraw = false forceLayout = false syncSeqId = -1
2026-01-30 09:36:13.774 17307-17307 InsetsController        com.fishit.player.v2                 I  onStateChanged: host=com.fishit.player.v2/com.fishit.player.v2.MainActivity, from=android.view.ViewRootImpl$ViewRootHandler.handleMessageImpl:7196, state=InsetsState: {mDisplayFrame=Rect(0, 0 - 1080, 2400), mDisplayCutout=DisplayCutout{insets=Rect(0, 80 - 0, 0) waterfall=Insets{left=0, top=0, right=0, bottom=0} boundingRect={Bounds=[Rect(0, 0 - 0, 0), Rect(510, 0 - 570, 80), Rect(0, 0 - 0, 0), Rect(0, 0 - 0, 0)]} cutoutPathParserInfo={CutoutPathParserInfo{displayWidth=1080 displayHeight=2400 physicalDisplayWidth=1080 physicalDisplayHeight=2400 density={3.0} cutoutSpec={M 0,0 H -10 V 26.66666666666667 H 10 V 0 H 0 Z @dp} rotation={0} scale={1.0} physicalPixelDisplaySizeRatio={1.0}}}}, mRoundedCorners=RoundedCorners{[RoundedCorner{position=TopLeft, radius=90, center=Point(90, 90)}, RoundedCorner{position=TopRight, radius=90, center=Point(990, 90)}, RoundedCorner{position=BottomRight, radius=90, center=Point(990, 2310)}, RoundedCorner{position=BottomLeft, radius=90, center=Point(90, 2310)}]}  mRoundedCornerFrame=Rect(0, 0 - 1080, 2400), mPrivacyIndicatorBounds=PrivacyIndicatorBounds {static bounds=Rect(948, 0 - 1080, 80) rotation=0}, mDisplayShape=DisplayShape{ spec=-311912193 displayWidth=1080 displayHeight=2400 physicalPixelDisplaySizeRatio=1.0 rotation=0 offsetX=0 offsetY=0 scale=1.0}, mSources= { InsetsSource: {3 mType=ime mFrame=[0,2256][1080,2400] mVisible=false mFlags=[]}, InsetsSource: {27 mType=displayCutout mFrame=[0,0][1080,80] mVisible=true mFlags=[]}, InsetsSource: {24df0000 mType=statusBars mFrame=[0,0][1080,80] mVisible=true mFlags=[]}, InsetsSource: {24df0005 mType=mandatorySystemGestures mFrame=[0,0][1080,116] mVisible=true mFlags=[]}, InsetsSource: {24df0006 mType=tappableElement mFrame=[0,0][1080,80] mVisible=true mFlags=[]}, InsetsSource: {68b60001 mType=navigationBars mFrame=[0,2256][1080,2400] mVisible=true mFlags=[]}, InsetsSource: {68b60004 mType=systemGestures mFrame=[0,0][0,0] mVisible=true mFlags=[]}, InsetsSource: {68b60005 mType=mandatorySystemGestures mFrame=[0,2256][1080,2400] mVisible=true mFlags=[]}, InsetsSource: {68b60006 mType=tappableElement mFrame=[0,2256][1080,2400] mVisible=true mFlags=[]}, InsetsSource: {68b60024 mType=systemGestures mFrame=[0,0][0,0] mVisible=true mFlags=[]} }
2026-01-30 09:36:13.776 17307-17307 ViewRootIm...nActivity] com.fishit.player.v2                 I  handleResized, msg = 4 frames=ClientWindowFrames{frame=[0,0][1080,2400] display=[0,0][1080,2400] parentFrame=[0,0][0,0]} forceNextWindowRelayout=false displayId=0 dragResizing=false compatScale=1.0 frameChanged=false attachedFrameChanged=false configChanged=false displayChanged=false compatScaleChanged=false
2026-01-30 09:36:13.805 17307-17307 InsetsController        com.fishit.player.v2                 D  show(ime(), fromIme=true)
2026-01-30 09:36:13.806 17307-17307 InsetsController        com.fishit.player.v2                 I  setRequestedVisibleTypes: visible=true, mask=ime, host=com.fishit.player.v2/com.fishit.player.v2.MainActivity, from=android.view.InsetsController.controlAnimationUnchecked:1445 android.view.InsetsController.handlePendingControlRequest:1324 android.view.InsetsController.show:1260 android.view.ViewRootImpl$ViewRootHandler.handleMessageImpl:7233 android.view.ViewRootImpl$ViewRootHandler.handleMessage:7166 android.os.Handler.dispatchMessage:106 android.os.Looper.loopOnce:230 android.os.Looper.loop:319 android.app.ActivityThread.main:8919 java.lang.reflect.Method.invoke:-2
2026-01-30 09:36:13.807 17307-17307 InsetsController        com.fishit.player.v2                 I  controlAnimationUncheckedInner: Added types=ime, animType=0, host=com.fishit.player.v2/com.fishit.player.v2.MainActivity, from=android.view.InsetsController.controlAnimationUnchecked:1449 android.view.InsetsController.handlePendingControlRequest:1324 android.view.InsetsController.show:1260
2026-01-30 09:36:13.819 17307-17307 InsetsController        com.fishit.player.v2                 I  onStateChanged: host=com.fishit.player.v2/com.fishit.player.v2.MainActivity, from=android.view.ViewRootImpl$ViewRootHandler.handleMessageImpl:7209, state=InsetsState: {mDisplayFrame=Rect(0, 0 - 1080, 2400), mDisplayCutout=DisplayCutout{insets=Rect(0, 80 - 0, 0) waterfall=Insets{left=0, top=0, right=0, bottom=0} boundingRect={Bounds=[Rect(0, 0 - 0, 0), Rect(510, 0 - 570, 80), Rect(0, 0 - 0, 0), Rect(0, 0 - 0, 0)]} cutoutPathParserInfo={CutoutPathParserInfo{displayWidth=1080 displayHeight=2400 physicalDisplayWidth=1080 physicalDisplayHeight=2400 density={3.0} cutoutSpec={M 0,0 H -10 V 26.66666666666667 H 10 V 0 H 0 Z @dp} rotation={0} scale={1.0} physicalPixelDisplaySizeRatio={1.0}}}}, mRoundedCorners=RoundedCorners{[RoundedCorner{position=TopLeft, radius=90, center=Point(90, 90)}, RoundedCorner{position=TopRight, radius=90, center=Point(990, 90)}, RoundedCorner{position=BottomRight, radius=90, center=Point(990, 2310)}, RoundedCorner{position=BottomLeft, radius=90, center=Point(90, 2310)}]}  mRoundedCornerFrame=Rect(0, 0 - 1080, 2400), mPrivacyIndicatorBounds=PrivacyIndicatorBounds {static bounds=Rect(948, 0 - 1080, 80) rotation=0}, mDisplayShape=DisplayShape{ spec=-311912193 displayWidth=1080 displayHeight=2400 physicalPixelDisplaySizeRatio=1.0 rotation=0 offsetX=0 offsetY=0 scale=1.0}, mSources= { InsetsSource: {3 mType=ime mFrame=[0,2256][1080,2400] mVisible=true mFlags=[]}, InsetsSource: {27 mType=displayCutout mFrame=[0,0][1080,80] mVisible=true mFlags=[]}, InsetsSource: {24df0000 mType=statusBars mFrame=[0,0][1080,80] mVisible=true mFlags=[]}, InsetsSource: {24df0005 mType=mandatorySystemGestures mFrame=[0,0][1080,116] mVisible=true mFlags=[]}, InsetsSource: {24df0006 mType=tappableElement mFrame=[0,0][1080,80] mVisible=true mFlags=[]}, InsetsSource: {68b60001 mType=navigationBars mFrame=[0,2256][1080,2400] mVisible=true mFlags=[]}, InsetsSource: {68b60004 mType=systemGestures mFrame=[0,0][0,0] mVisible=true mFlags=[]}, InsetsSource: {68b60005 mType=mandatorySystemGestures mFrame=[0,2256][1080,2400] mVisible=true mFlags=[]}, InsetsSource: {68b60006 mType=tappableElement mFrame=[0,2256][1080,2400] mVisible=true mFlags=[]}, InsetsSource: {68b60024 mType=systemGestures mFrame=[0,0][0,0] mVisible=true mFlags=[]} }
2026-01-30 09:36:13.824 17307-18983 ViewRootIm...nActivity] com.fishit.player.v2                 I  Resizing android.view.ViewRootImpl@89899e: frame = [0,0][1080,2400] reportDraw = false forceLayout = false syncSeqId = -1
2026-01-30 09:36:13.837 17307-17307 ViewRootIm...nActivity] com.fishit.player.v2                 I  handleResized, msg = 4 frames=ClientWindowFrames{frame=[0,0][1080,2400] display=[0,0][1080,2400] parentFrame=[0,0][0,0]} forceNextWindowRelayout=false displayId=0 dragResizing=false compatScale=1.0 frameChanged=false attachedFrameChanged=false configChanged=false displayChanged=false compatScaleChanged=false
2026-01-30 09:36:13.849 17307-17307 InsetsController        com.fishit.player.v2                 I  cancelAnimation: types=ime, animType=0, host=com.fishit.player.v2/com.fishit.player.v2.MainActivity, from=android.view.InsetsController.notifyFinished:1748 android.view.InsetsAnimationThreadControlRunner$1.lambda$notifyFinished$0:85 android.view.InsetsAnimationThreadControlRunner$1.$r8$lambda$RAf1SfIREsj9-wH5FOigMy6eLkM:0
2026-01-30 09:36:13.849 17307-17323 InputTransport          com.fishit.player.v2                 D  Input channel destroyed: 'ClientS', fd=171
2026-01-30 09:36:13.849 17307-17307 ImeTracker              com.fishit.player.v2                 I  com.fishit.player.v2:e0d462c5: onShown
2026-01-30 09:36:13.850 17307-17324 System                  com.fishit.player.v2                 W  A resource failed to call release.
2026-01-30 09:36:13.851 17307-17721 ViewRootIm...nActivity] com.fishit.player.v2                 I  mWNT: t=0xb4000078e4e7d790 mBlastBufferQueue=0xb400007a14e43130 fn= 312 mRenderHdrSdrRatio=1.0 caller= android.view.SyncRtSurfaceTransactionApplier.applyTransaction:96 android.view.SyncRtSurfaceTransactionApplier.lambda$scheduleApply$0:69 android.view.SyncRtSurfaceTransactionApplier.$r8$lambda$SgowXC58rj3PR958kHUfRgLZmvE:0
2026-01-30 09:36:13.883 17307-18786 XtreamApiClient         com.fishit.player.v2                 D  StreamingFetch: Detected GZIP for konigtv.com/player_api.php (manual decompression)
2026-01-30 09:36:13.884 17307-18786 XtreamApiClient         com.fishit.player.v2                 D  StreamingFetch: Success for konigtv.com/player_api.php, streaming response
2026-01-30 09:36:13.887 17307-18786 XtreamApiClient         com.fishit.player.v2                 D  streamFromUrl: Starting StreamingJsonParser.streamInBatches() for konigtv.com/player_api.php
2026-01-30 09:36:13.889 17307-18786 XtreamApiClient         com.fishit.player.v2                 D  StreamBatch: 0 items in 0 batches (4ms) | errors=0
2026-01-30 09:36:13.891 17307-18786 XtreamApiClient         com.fishit.player.v2                 W  streamFromUrl: ZERO items parsed from konigtv.com/player_api.php | batchCount=0 errors=0
2026-01-30 09:36:13.895 17307-18786 XtreamApiClient         com.fishit.player.v2                 D  buildPlayerApiUrl: action=get_vod_streams -> konigtv.com/player_api.php
2026-01-30 09:36:13.897 17307-18786 XtreamApiClient         com.fishit.player.v2                 D  streamFromUrl: CALLED for konigtv.com/player_api.php
2026-01-30 09:36:14.715 17307-17307 InputMethodManagerUtils com.fishit.player.v2                 D  startInputInner - Id : 0
2026-01-30 09:36:14.715 17307-17307 InputMethodManager      com.fishit.player.v2                 I  startInputInner - IInputMethodManagerGlobalInvoker.startInputOrWindowGainedFocus
2026-01-30 09:36:14.766 17307-17307 InsetsController        com.fishit.player.v2                 D  show(ime(), fromIme=true)
2026-01-30 09:36:14.766 17307-17307 ImeTracker              com.fishit.player.v2                 I  com.fishit.player.v2:a26617b6: onCancelled at PHASE_CLIENT_APPLY_ANIMATION
2026-01-30 09:36:14.810 17307-17323 InputTransport          com.fishit.player.v2                 D  Input channel destroyed: 'ClientS', fd=138
2026-01-30 09:36:15.015 17307-17307 InputMethodManagerUtils com.fishit.player.v2                 D  startInputInner - Id : 0
2026-01-30 09:36:15.015 17307-17307 InputMethodManager      com.fishit.player.v2                 I  startInputInner - IInputMethodManagerGlobalInvoker.startInputOrWindowGainedFocus
2026-01-30 09:36:15.083 17307-17307 InsetsController        com.fishit.player.v2                 D  show(ime(), fromIme=true)
2026-01-30 09:36:15.084 17307-17307 ImeTracker              com.fishit.player.v2                 I  com.fishit.player.v2:1c16ab90: onCancelled at PHASE_CLIENT_APPLY_ANIMATION
2026-01-30 09:36:15.139 17307-17322 ishit.player.v2         com.fishit.player.v2                 I  Background concurrent copying GC freed 724082(31MB) AllocSpace objects, 0(0B) LOS objects, 42% free, 32MB/56MB, paused 994us,69us total 113.561ms
2026-01-30 09:36:15.140 17307-17323 InputTransport          com.fishit.player.v2                 D  Input channel destroyed: 'ClientS', fd=138
2026-01-30 09:36:15.236 17307-18786 XtreamApiClient         com.fishit.player.v2                 D  StreamingFetch: Detected GZIP for konigtv.com/player_api.php (manual decompression)
2026-01-30 09:36:15.237 17307-18786 XtreamApiClient         com.fishit.player.v2                 D  StreamingFetch: Success for konigtv.com/player_api.php, streaming response
2026-01-30 09:36:15.239 17307-18786 XtreamApiClient         com.fishit.player.v2                 D  streamFromUrl: Starting StreamingJsonParser.streamInBatches() for konigtv.com/player_api.php
2026-01-30 09:36:15.315 17307-18786 XTC                     com.fishit.player.v2                 D  [VOD] DTO→Raw #6050 | id=xtream:vod:801981 | title="Anaconda | 2025 | 6.7" | sourceType=XTREAM | Fields: ✓[year=2025, poster] ✗[plot, cast, director, backdrop, duration, tmdb]
2026-01-30 09:36:15.318 17307-18786 XTC                     com.fishit.player.v2                 D  [VOD] DTO→Raw #6100 | id=xtream:vod:800634 | title="Whiteout - Überleben ist alles | 2025 | " | sourceType=XTREAM | Fields: ✓[year=2025, poster] ✗[plot, cast, director, backdrop, duration, tmdb]
2026-01-30 09:36:15.320 17307-18789 XtreamCatalogScanWorker com.fishit.player.v2                 D  PROGRESS discovered=27100 persisted=26800 phase=null
