2026-01-30 15:11:13.279  7425-8132  XTC                     com.fishit.player.v2                 D  [LIVE] DTOâ†’Raw #10850 | id=xtream:live:370898 | title="IN: Jigyasa TV" | sourceType=XTREAM | Fields: âœ“[poster] âœ—[year, plot, cast, director, backdrop, duration, tmdb]
2026-01-30 15:11:13.281  7425-7600  NxWorkRepository        com.fishit.player.v2                 W  Deduped 9 duplicate workKeys in batch (400 â†’ 391)
2026-01-30 15:11:13.291  7425-7601  XTC                     com.fishit.player.v2                 D  [VOD] DTOâ†’Raw #9650 | id=xtream:vod:409403 | title="Der HundertjÃ¤hrige, der aus dem Fenster " | sourceType=XTREAM | Fields: âœ“[year=2013, poster] âœ—[plot, cast, director, backdrop, duration, tmdb]
2026-01-30 15:11:13.303  7425-7601  XTC                     com.fishit.player.v2                 D  [VOD] DTOâ†’Raw #9700 | id=xtream:vod:409343 | title="Die Addams Family (2019)" | sourceType=XTREAM | Fields: âœ“[year=2019, poster] âœ—[plot, cast, director, backdrop, duration, tmdb]
2026-01-30 15:11:13.308  7425-8132  XTC                     com.fishit.player.v2                 D  [LIVE] DTOâ†’Raw #10900 | id=xtream:live:370948 | title="IN: NDTV 24X7" | sourceType=XTREAM | Fields: âœ“[poster] âœ—[year, plot, cast, director, backdrop, duration, tmdb]
2026-01-30 15:11:13.374  7425-8124  NxCatalogWriter         com.fishit.player.v2                 D  ðŸ“¥ OPTIMIZED ingestBatch START: 400 items
2026-01-30 15:11:13.422  7425-8124  NxWorkRepository        com.fishit.player.v2                 W  Deduped 11 duplicate workKeys in batch (400 â†’ 389)
2026-01-30 15:11:14.458  7425-8101  NxCatalogWriter         com.fishit.player.v2                 D  âœ… OPTIMIZED ingestBatch COMPLETE: 400 items | persist_ms=1484 total_ms=1533 (260 items/sec)
2026-01-30 15:11:14.459  7425-8101  CatalogSyncService      com.fishit.player.v2                 W  Xtream batch (NX): ingested=400 failed=0 hint_warnings=96 ingest_ms=1629 total_ms=1629
2026-01-30 15:11:14.464  7425-8132  XTC                     com.fishit.player.v2                 D  [LIVE] DTOâ†’Raw #10950 | id=xtream:live:370998 | title="IN: Raj Musix Telugu" | sourceType=XTREAM | Fields: âœ“[poster] âœ—[year, plot, cast, director, backdrop, duration, tmdb]
2026-01-30 15:11:14.465  7425-8178  XTC                     com.fishit.player.v2                 D  [VOD] DTOâ†’Raw #9750 | id=xtream:vod:430971 | title="Die Stadt die Weihnachten verbannte (200" | sourceType=XTREAM | Fields: âœ“[year=2006, poster] âœ—[plot, cast, director, backdrop, duration, tmdb]
2026-01-30 15:11:14.478  7425-8132  XTC                     com.fishit.player.v2                 D  [LIVE] DTOâ†’Raw #11000 | id=xtream:live:371048 | title="IN: Sony Wah" | sourceType=XTREAM | Fields: âœ“[poster] âœ—[year, plot, cast, director, backdrop, duration, tmdb]
2026-01-30 15:11:14.479  7425-8101  XtreamCatalogScanWorker com.fishit.player.v2                 D  PROGRESS discovered=27581 persisted=26400 phase=N/A
2026-01-30 15:11:14.487  7425-8134  CatalogSyncService      com.fishit.player.v2                 D  Persisting Xtream catalog batch (NX-ONLY): 400 items (canonical_linking=true)
2026-01-30 15:11:14.488  7425-8178  XTC                     com.fishit.player.v2                 D  [VOD] DTOâ†’Raw #9800 | id=xtream:vod:431763 | title="Tinkerbell und die Legende vom Nimmerbie" | sourceType=XTREAM | Fields: âœ“[year=2014, poster] âœ—[plot, cast, director, backdrop, duration, tmdb]
2026-01-30 15:11:14.507  7425-8178  XTC                     com.fishit.player.v2                 D  [VOD] DTOâ†’Raw #9850 | id=xtream:vod:431706 | title="Alles steht Kopf (2015)" | sourceType=XTREAM | Fields: âœ“[year=2015, poster] âœ—[plot, cast, director, backdrop, duration, tmdb]
2026-01-30 15:11:14.513  7425-8178  XTC                     com.fishit.player.v2                 D  [VOD] DTOâ†’Raw #9900 | id=xtream:vod:431643 | title="Es ist ein Elch entsprungen (2005)" | sourceType=XTREAM | Fields: âœ“[year=2005, poster] âœ—[plot, cast, director, backdrop, duration, tmdb]
2026-01-30 15:11:14.517  7425-8132  XTC                     com.fishit.player.v2                 D  [LIVE] DTOâ†’Raw #11050 | id=xtream:live:371098 | title="IN: Utsav Plus" | sourceType=XTREAM | Fields: âœ“[poster] âœ—[year, plot, cast, director, backdrop, duration, tmdb]
2026-01-30 15:11:14.527  7425-8178  XTC                     com.fishit.player.v2                 D  [VOD] DTOâ†’Raw #9950 | id=xtream:vod:431582 | title="...und den Weihnachtsmann gibts doch! (1" | sourceType=XTREAM | Fields: âœ“[year=1991, poster] âœ—[plot, cast, director, backdrop, duration, tmdb]
2026-01-30 15:11:14.623  7425-8134  NxCatalogWriter         com.fishit.player.v2                 D  ðŸ“¥ OPTIMIZED ingestBatch START: 400 items
2026-01-30 15:11:14.997  7425-7434  ishit.player.v2         com.fishit.player.v2                 I  Background concurrent copying GC freed 387572(22MB) AllocSpace objects, 0(0B) LOS objects, 33% free, 47MB/71MB, paused 65us,78us total 112.301ms
2026-01-30 15:11:15.069  7425-8124  NxCatalogWriter         com.fishit.player.v2                 D  âœ… OPTIMIZED ingestBatch COMPLETE: 400 items | persist_ms=1647 total_ms=1695 (235 items/sec)
2026-01-30 15:11:15.070  7425-8124  CatalogSyncService      com.fishit.player.v2                 D  Xtream batch complete (NX): ingested=400 ingest_ms=1792 total_ms=1793
2026-01-30 15:11:15.074  7425-8132  XTC                     com.fishit.player.v2                 D  [LIVE] DTOâ†’Raw #11100 | id=xtream:live:768960 | title="PK: A Sports" | sourceType=XTREAM | Fields: âœ“[poster] âœ—[year, plot, cast, director, backdrop, duration, tmdb]
2026-01-30 15:11:15.076  7425-8178  XTC                     com.fishit.player.v2                 D  [VOD] DTOâ†’Raw #10000 | id=xtream:vod:431415 | title="Scooby-Doo! Das Grusel-Sommercamp (2010)" | sourceType=XTREAM | Fields: âœ“[year=2010, poster] âœ—[plot, cast, director, backdrop, duration, tmdb]
2026-01-30 15:11:15.083  7425-7597  XtreamCatalogScanWorker com.fishit.player.v2                 D  PROGRESS discovered=27914 persisted=26800 phase=N/A
2026-01-30 15:11:15.086  7425-8101  XTC                     com.fishit.player.v2                 D  [LIVE] DTOâ†’Raw #11150 | id=xtream:live:769010 | title="PK: Isaac TV" | sourceType=XTREAM | Fields: âœ“[poster] âœ—[year, plot, cast, director, backdrop, duration, tmdb]
2026-01-30 15:11:15.107  7425-8131  CatalogSyncService      com.fishit.player.v2                 D  Persisting Xtream catalog batch (NX-ONLY): 400 items (canonical_linking=true)
2026-01-30 15:11:15.108  7425-8101  XTC                     com.fishit.player.v2                 D  [LIVE] DTOâ†’Raw #11200 | id=xtream:live:174550 | title="AFG: Afghanistan International TV" | sourceType=XTREAM | Fields: âœ“[poster] âœ—[year, plot, cast, director, backdrop, duration, tmdb]
2026-01-30 15:11:15.122  7425-8101  XTC                     com.fishit.player.v2                 D  [LIVE] DTOâ†’Raw #11250 | id=xtream:live:199086 | title="IL: History HD" | sourceType=XTREAM | Fields: âœ“[poster] âœ—[year, plot, cast, director, backdrop, duration, tmdb]
2026-01-30 15:11:15.124  7425-8178  XTC                     com.fishit.player.v2                 D  [VOD] DTOâ†’Raw #10050 | id=xtream:vod:431204 | title="Barbie: BÃ¼hne frei fÃ¼r groÃŸe TrÃ¤ume (202" | sourceType=XTREAM | Fields: âœ“[year=2021, poster] âœ—[plot, cast, director, backdrop, duration, tmdb]
2026-01-30 15:11:15.131  7425-8178  XTC                     com.fishit.player.v2                 D  [VOD] DTOâ†’Raw #10100 | id=xtream:vod:432539 | title="Der Eisdrache und die Legende der blauen" | sourceType=XTREAM | Fields: âœ“[year=2018, poster] âœ—[plot, cast, director, backdrop, duration, tmdb]
2026-01-30 15:11:15.132  7425-8101  XTC                     com.fishit.player.v2                 D  [LIVE] DTOâ†’Raw #11300 | id=xtream:live:199131 | title="IL: Yes TV Drama FHD" | sourceType=XTREAM | Fields: âœ“[poster] âœ—[year, plot, cast, director, backdrop, duration, tmdb]
2026-01-30 15:11:15.192  7425-8131  NxCatalogWriter         com.fishit.player.v2                 D  ðŸ“¥ OPTIMIZED ingestBatch START: 400 items
2026-01-30 15:11:15.871  7425-7600  NxCatalogWriter         com.fishit.player.v2                 D  âœ… OPTIMIZED ingestBatch COMPLETE: 400 items | persist_ms=2590 total_ms=2640 (151 items/sec)
2026-01-30 15:11:15.871  7425-7600  CatalogSyncService      com.fishit.player.v2                 W  Xtream batch (NX): ingested=400 failed=0 hint_warnings=12 ingest_ms=2752 total_ms=2753
2026-01-30 15:11:15.876  7425-8124  XTC                     com.fishit.player.v2                 D  [VOD] DTOâ†’Raw #10150 | id=xtream:vod:432473 | title="Hotel Transsilvanien (2012)" | sourceType=XTREAM | Fields: âœ“[year=2012, poster] âœ—[plot, cast, director, backdrop, duration, tmdb]
2026-01-30 15:11:15.883  7425-7601  XTC                     com.fishit.player.v2                 D  [LIVE] DTOâ†’Raw #11350 | id=xtream:live:175963 | title="TH: True Sport 7" | sourceType=XTREAM | Fields: âœ“[poster] âœ—[year, plot, cast, director, backdrop, duration, tmdb]
2026-01-30 15:11:15.891  7425-8124  XTC                     com.fishit.player.v2                 D  [VOD] DTOâ†’Raw #10200 | id=xtream:vod:432351 | title="Luis und die Aliens (2018)" | sourceType=XTREAM | Fields: âœ“[year=2018, poster] âœ—[plot, cast, director, backdrop, duration, tmdb]
2026-01-30 15:11:15.893  7425-7601  XTC                     com.fishit.player.v2                 D  [LIVE] DTOâ†’Raw #11400 | id=xtream:live:698161 | title="XXX: PORNBOX BANGBUS" | sourceType=XTREAM | Fields: âœ“[poster] âœ—[year, plot, cast, director, backdrop, duration, tmdb]
2026-01-30 15:11:15.897  7425-7601  CatalogSyncService      com.fishit.player.v2                 D  Persisting Xtream catalog batch (NX-ONLY): 400 items (canonical_linking=true)
2026-01-30 15:11:15.902  7425-8132  XTC                     com.fishit.player.v2                 D  [LIVE] DTOâ†’Raw #11450 | id=xtream:live:48037 | title="XXX: French Lover" | sourceType=XTREAM | Fields: âœ“[] âœ—[year, plot, cast, director, poster, backdrop, duration, tmdb]
2026-01-30 15:11:15.906  7425-8101  XTC                     com.fishit.player.v2                 D  [VOD] DTOâ†’Raw #10250 | id=xtream:vod:801984 | title="Oak | 2025 | 5.5" | sourceType=XTREAM | Fields: âœ“[year=2025, poster] âœ—[plot, cast, director, backdrop, duration, tmdb]
2026-01-30 15:11:15.911  7425-8132  XTC                     com.fishit.player.v2                 D  [LIVE] DTOâ†’Raw #11500 | id=xtream:live:366547 | title="XXX: Vera BLACKED 9" | sourceType=XTREAM | Fields: âœ“[] âœ—[year, plot, cast, director, poster, backdrop, duration, tmdb]
2026-01-30 15:11:15.912  7425-8102  XtreamCatalogScanWorker com.fishit.player.v2                 D  PROGRESS discovered=28572 persisted=27200 phase=N/A
2026-01-30 15:11:15.915  7425-8101  XTC                     com.fishit.player.v2                 D  [VOD] DTOâ†’Raw #10300 | id=xtream:vod:790809 | title="Blood Relatives | 2022 | 5.5" | sourceType=XTREAM | Fields: âœ“[year=2022, poster] âœ—[plot, cast, director, backdrop, duration, tmdb]
2026-01-30 15:11:15.924  7425-8101  XTC                     com.fishit.player.v2                 D  [VOD] DTOâ†’Raw #10350 | id=xtream:vod:781540 | title="You Shall Not Sleep Tonight | 2024 | 6.5" | sourceType=XTREAM | Fields: âœ“[year=2024, poster] âœ—[plot, cast, director, backdrop, duration, tmdb]
2026-01-30 15:11:15.979  7425-7601  NxCatalogWriter         com.fishit.player.v2                 D  ðŸ“¥ OPTIMIZED ingestBatch START: 400 items
2026-01-30 15:11:16.025  7425-7601  NxWorkRepository        com.fishit.player.v2                 W  Deduped 10 duplicate workKeys in batch (400 â†’ 390)
2026-01-30 15:11:16.464  7425-7434  ishit.player.v2         com.fishit.player.v2                 I  Background concurrent copying GC freed 386805(22MB) AllocSpace objects, 0(0B) LOS objects, 37% free, 40MB/64MB, paused 101us,77us total 101.407ms
2026-01-30 15:11:16.651  7425-8131  NxCatalogWriter         com.fishit.player.v2                 D  âœ… OPTIMIZED ingestBatch COMPLETE: 400 items | persist_ms=1417 total_ms=1458 (274 items/sec)
2026-01-30 15:11:16.651  7425-8131  CatalogSyncService      com.fishit.player.v2                 D  Xtream batch complete (NX): ingested=400 ingest_ms=1543 total_ms=1544
2026-01-30 15:11:16.656  7425-7600  XTC                     com.fishit.player.v2                 D  [VOD] DTOâ†’Raw #10400 | id=xtream:vod:769113 | title="Night of the Witches - Das Hexenritual |" | sourceType=XTREAM | Fields: âœ“[year=2024, poster] âœ—[plot, cast, director, backdrop, duration, tmdb]
2026-01-30 15:11:16.658  7425-8132  XTC                     com.fishit.player.v2                 D  [LIVE] DTOâ†’Raw #11550 | id=xtream:live:674188 | title="XXX: FAMILY STROKES HD" | sourceType=XTREAM | Fields: âœ“[] âœ—[year, plot, cast, director, poster, backdrop, duration, tmdb]
2026-01-30 15:11:16.661  7425-8124  CatalogSyncService      com.fishit.player.v2                 D  Persisting Xtream catalog batch (NX-ONLY): 400 items (canonical_linking=true)
2026-01-30 15:11:16.664  7425-8132  XTC                     com.fishit.player.v2                 D  [LIVE] DTOâ†’Raw #11600 | id=xtream:live:380387 | title="XXX: TRANS PREMIUM 2" | sourceType=XTREAM | Fields: âœ“[] âœ—[year, plot, cast, director, poster, backdrop, duration, tmdb]
2026-01-30 15:11:16.667  7425-8132  XtreamApiClient         com.fishit.player.v2                 D  StreamBatch: 11627 items in 24 batches (24744ms) | errors=0
2026-01-30 15:11:16.667  7425-8132  XtreamApiClient         com.fishit.player.v2                 D  streamContentInBatches(get_live_streams): 11627 items with category_id=*
2026-01-30 15:11:16.668  7425-8132  XtreamCatalogPipeline   com.fishit.player.v2                 D  [LIVE] Scan complete: 11627 channels
2026-01-30 15:11:16.668  7425-8132  XTC                     com.fishit.player.v2                 I  Phase complete: LIVE | items=11627 | duration=24997ms | rate=465 items/sec
2026-01-30 15:11:16.672  7425-7600  XTC                     com.fishit.player.v2                 D  [VOD] DTOâ†’Raw #10450 | id=xtream:vod:755130 | title="The Mean One | 2022 | 6.8" | sourceType=XTREAM | Fields: âœ“[year=2022, poster] âœ—[plot, cast, director, backdrop, duration, tmdb]
2026-01-30 15:11:16.684  7425-7600  XTC                     com.fishit.player.v2                 D  [VOD] DTOâ†’Raw #10500 | id=xtream:vod:745176 | title="Medusaâ€™s Venom â€“ TÃ¶dliche VerfÃ¼hrung | 2" | sourceType=XTREAM | Fields: âœ“[year=2023, poster] âœ—[plot, cast, director, backdrop, duration, tmdb]
2026-01-30 15:11:16.684  7425-8101  XtreamCatalogScanWorker com.fishit.player.v2                 D  PROGRESS discovered=28933 persisted=27600 phase=N/A
2026-01-30 15:11:16.711  7425-7600  XTC                     com.fishit.player.v2                 D  [VOD] DTOâ†’Raw #10550 | id=xtream:vod:729897 | title="Trinket Box - Wenn das BÃ¶se erwacht | 20" | sourceType=XTREAM | Fields: âœ“[year=2023, poster] âœ—[plot, cast, director, backdrop, duration, tmdb]
2026-01-30 15:11:16.716  7425-7600  XTC                     com.fishit.player.v2                 D  [VOD] DTOâ†’Raw #10600 | id=xtream:vod:672838 | title="Pakt der WÃ¶lfe | 2001 | 6.7" | sourceType=XTREAM | Fields: âœ“[year=2001, poster] âœ—[plot, cast, director, backdrop, duration, tmdb]
2026-01-30 15:11:16.730  7425-8124  NxCatalogWriter         com.fishit.player.v2                 D  ðŸ“¥ OPTIMIZED ingestBatch START: 400 items
2026-01-30 15:11:16.776  7425-8124  NxWorkRepository        com.fishit.player.v2                 W  Deduped 5 duplicate workKeys in batch (400 â†’ 395)
2026-01-30 15:11:17.516  7425-7601  NxCatalogWriter         com.fishit.player.v2                 D  âœ… OPTIMIZED ingestBatch COMPLETE: 400 items | persist_ms=1492 total_ms=1538 (260 items/sec)
2026-01-30 15:11:17.517  7425-7601  CatalogSyncService      com.fishit.player.v2                 D  Xtream batch complete (NX): ingested=400 ingest_ms=1620 total_ms=1620
2026-01-30 15:11:17.522  7425-8131  XTC                     com.fishit.player.v2                 D  [VOD] DTOâ†’Raw #10650 | id=xtream:vod:656210 | title="Dampyr | 2022 | 6.5" | sourceType=XTREAM | Fields: âœ“[year=2022, poster] âœ—[plot, cast, director, backdrop, duration, tmdb]
2026-01-30 15:11:17.539  7425-8131  XTC                     com.fishit.player.v2                 D  [VOD] DTOâ†’Raw #10700 | id=xtream:vod:426012 | title="Ghosts of War | 2020 | 6.3" | sourceType=XTREAM | Fields: âœ“[year=2020, poster] âœ—[plot, cast, director, backdrop, duration, tmdb]
2026-01-30 15:11:17.544  7425-8131  XTC                     com.fishit.player.v2                 D  [VOD] DTOâ†’Raw #10750 | id=xtream:vod:397127 | title="Halloween Ends (2022)" | sourceType=XTREAM | Fields: âœ“[year=2022, poster] âœ—[plot, cast, director, backdrop, duration, tmdb]
2026-01-30 15:11:17.552  7425-8102  CatalogSyncService      com.fishit.player.v2                 D  Persisting Xtream catalog batch (NX-ONLY): 400 items (canonical_linking=true)
2026-01-30 15:11:17.552  7425-8131  XTC                     com.fishit.player.v2                 D  [VOD] DTOâ†’Raw #10800 | id=xtream:vod:389808 | title="Matriarch (2022)" | sourceType=XTREAM | Fields: âœ“[year=2022, poster] âœ—[plot, cast, director, backdrop, duration, tmdb]
2026-01-30 15:11:17.567  7425-8131  XTC                     com.fishit.player.v2                 D  [VOD] DTOâ†’Raw #10850 | id=xtream:vod:397201 | title="Freitag der 13. Teil VIII â€“ Todesfalle M" | sourceType=XTREAM | Fields: âœ“[year=1989, poster] âœ—[plot, cast, director, backdrop, duration, tmdb]
2026-01-30 15:11:17.582  7425-8131  XTC                     com.fishit.player.v2                 D  [VOD] DTOâ†’Raw #10900 | id=xtream:vod:397142 | title="Das Morgan Projekt (2016)" | sourceType=XTREAM | Fields: âœ“[year=2016, poster] âœ—[plot, cast, director, backdrop, duration, tmdb]
2026-01-30 15:11:17.591  7425-8131  XTC                     com.fishit.player.v2                 D  [VOD] DTOâ†’Raw #10950 | id=xtream:vod:397078 | title="Pulse (2001)" | sourceType=XTREAM | Fields: âœ“[year=2001, poster] âœ—[plot, cast, director, backdrop, duration, tmdb]
2026-01-30 15:11:17.600  7425-8131  XTC                     com.fishit.player.v2                 D  [VOD] DTOâ†’Raw #11000 | id=xtream:vod:389548 | title="Andy Warhols Dracula (1974)" | sourceType=XTREAM | Fields: âœ“[year=1974, poster] âœ—[plot, cast, director, backdrop, duration, tmdb]
2026-01-30 15:11:17.631  7425-8102  NxCatalogWriter         com.fishit.player.v2                 D  ðŸ“¥ OPTIMIZED ingestBatch START: 400 items
2026-01-30 15:11:17.681  7425-8102  NxWorkRepository        com.fishit.player.v2                 W  Deduped 5 duplicate workKeys in batch (400 â†’ 395)
2026-01-30 15:11:17.718  7425-8134  NxCatalogWriter         com.fishit.player.v2                 D  âœ… OPTIMIZED ingestBatch COMPLETE: 400 items | persist_ms=3060 total_ms=3095 (129 items/sec)
2026-01-30 15:11:17.719  7425-7600  CatalogSyncService      com.fishit.player.v2                 D  Xtream batch complete (NX): ingested=400 ingest_ms=3231 total_ms=3232
2026-01-30 15:11:17.722  7425-7600  XtreamCatalogScanWorker com.fishit.player.v2                 D  PROGRESS discovered=29433 persisted=28400 phase=N/A
2026-01-30 15:11:17.732  7425-8101  XTC                     com.fishit.player.v2                 D  [VOD] DTOâ†’Raw #11050 | id=xtream:vod:389611 | title="Darkwolf (2003)" | sourceType=XTREAM | Fields: âœ“[year=2003, poster] âœ—[plot, cast, director, backdrop, duration, tmdb]
2026-01-30 15:11:17.762  7425-8101  XTC                     com.fishit.player.v2                 D  [VOD] DTOâ†’Raw #11100 | id=xtream:vod:389669 | title="Eight for Silver (2021)" | sourceType=XTREAM | Fields: âœ“[year=2021, poster] âœ—[plot, cast, director, backdrop, duration, tmdb]
2026-01-30 15:11:17.772  7425-8101  XTC                     com.fishit.player.v2                 D  [VOD] DTOâ†’Raw #11150 | id=xtream:vod:389730 | title="Haunted Hill (1999)" | sourceType=XTREAM | Fields: âœ“[year=1999, poster] âœ—[plot, cast, director, backdrop, duration, tmdb]
2026-01-30 15:11:17.777  7425-7599  CatalogSyncService      com.fishit.player.v2                 D  Persisting Xtream catalog batch (NX-ONLY): 400 items (canonical_linking=true)
2026-01-30 15:11:17.783  7425-8101  XTC                     com.fishit.player.v2                 D  [VOD] DTOâ†’Raw #11200 | id=xtream:vod:389792 | title="Lake Placid 3 (2010)" | sourceType=XTREAM | Fields: âœ“[year=2010, poster] âœ—[plot, cast, director, backdrop, duration, tmdb]
2026-01-30 15:11:17.796  7425-8101  XTC                     com.fishit.player.v2                 D  [VOD] DTOâ†’Raw #11250 | id=xtream:vod:389854 | title="Poltergeist II â€“ Die andere Seite (1986)" | sourceType=XTREAM | Fields: âœ“[year=1986, poster] âœ—[plot, cast, director, backdrop, duration, tmdb]
2026-01-30 15:11:17.806  7425-8101  XTC                     com.fishit.player.v2                 D  [VOD] DTOâ†’Raw #11300 | id=xtream:vod:389915 | title="Sleeper (2018)" | sourceType=XTREAM | Fields: âœ“[year=2018, poster] âœ—[plot, cast, director, backdrop, duration, tmdb]
2026-01-30 15:11:17.814  7425-8101  XTC                     com.fishit.player.v2                 D  [VOD] DTOâ†’Raw #11350 | id=xtream:vod:389977 | title="The Encounter at Boundless (2021)" | sourceType=XTREAM | Fields: âœ“[year=2021, poster] âœ—[plot, cast, director, backdrop, duration, tmdb]
2026-01-30 15:11:17.822  7425-8101  XTC                     com.fishit.player.v2                 D  [VOD] DTOâ†’Raw #11400 | id=xtream:vod:390038 | title="Train to Busan (2016)" | sourceType=XTREAM | Fields: âœ“[year=2016, poster] âœ—[plot, cast, director, backdrop, duration, tmdb]
2026-01-30 15:11:17.853  7425-7599  NxCatalogWriter         com.fishit.player.v2                 D  ðŸ“¥ OPTIMIZED ingestBatch START: 400 items
2026-01-30 15:11:17.899  7425-7599  NxWorkRepository        com.fishit.player.v2                 W  Deduped 18 duplicate workKeys in batch (400 â†’ 382)
2026-01-30 15:11:18.005  7425-8124  NxCatalogWriter         com.fishit.player.v2                 D  âœ… OPTIMIZED ingestBatch COMPLETE: 400 items | persist_ms=1230 total_ms=1275 (313 items/sec)
2026-01-30 15:11:18.006  7425-8124  CatalogSyncService      com.fishit.player.v2                 D  Xtream batch complete (NX): ingested=400 ingest_ms=1343 total_ms=1344
2026-01-30 15:11:18.015  7425-8133  XTC                     com.fishit.player.v2                 D  [VOD] DTOâ†’Raw #11450 | id=xtream:vod:415843 | title="Zombieland 2: Doppelt hÃ¤lt besser (2019)" | sourceType=XTREAM | Fields: âœ“[year=2019, poster] âœ—[plot, cast, director, backdrop, duration, tmdb]
2026-01-30 15:11:18.030  7425-8133  XTC                     com.fishit.player.v2                 D  [VOD] DTOâ†’Raw #11500 | id=xtream:vod:803864 | title="The Housemaid - Wenn sie wÃ¼sste | 2025 |" | sourceType=XTREAM | Fields: âœ“[year=2025, poster] âœ—[plot, cast, director, backdrop, duration, tmdb]
2026-01-30 15:11:18.032  7425-8124  XtreamCatalogScanWorker com.fishit.player.v2                 D  PROGRESS discovered=29933 persisted=28800 phase=N/A
2026-01-30 15:11:18.070  7425-8133  XTC                     com.fishit.player.v2                 D  [VOD] DTOâ†’Raw #11550 | id=xtream:vod:788388 | title="Sinfluencer - Besessen von dir | 2022 | " | sourceType=XTREAM | Fields: âœ“[year=2022, poster] âœ—[plot, cast, director, backdrop, duration, tmdb]
2026-01-30 15:11:18.075  7425-7590  CatalogSyncService      com.fishit.player.v2                 D  Persisting Xtream catalog batch (NX-ONLY): 400 items (canonical_linking=true)
2026-01-30 15:11:18.076  7425-8133  XTC                     com.fishit.player.v2                 D  [VOD] DTOâ†’Raw #11600 | id=xtream:vod:772332 | title="Dish - SÃ¼ÃŸe Rache | 2022 | 5.4" | sourceType=XTREAM | Fields: âœ“[year=2022, poster] âœ—[plot, cast, director, backdrop, duration, tmdb]
2026-01-30 15:11:18.083  7425-8133  XTC                     com.fishit.player.v2                 D  [VOD] DTOâ†’Raw #11650 | id=xtream:vod:756574 | title="Tatami | 2024 | 7.5" | sourceType=XTREAM | Fields: âœ“[year=2024, poster] âœ—[plot, cast, director, backdrop, duration, tmdb]
2026-01-30 15:11:18.087  7425-8133  XTC                     com.fishit.player.v2                 D  [VOD] DTOâ†’Raw #11700 | id=xtream:vod:743767 | title="Im Wasser der Seine | 2024 | 5.7" | sourceType=XTREAM | Fields: âœ“[year=2024, poster] âœ—[plot, cast, director, backdrop, duration, tmdb]
2026-01-30 15:11:18.091  7425-8133  XTC                     com.fishit.player.v2                 D  [VOD] DTOâ†’Raw #11750 | id=xtream:vod:697717 | title="Free Skate | 2022 | 5.5" | sourceType=XTREAM | Fields: âœ“[year=2022, poster] âœ—[plot, cast, director, backdrop, duration, tmdb]
2026-01-30 15:11:18.094  7425-8133  XTC                     com.fishit.player.v2                 D  [VOD] DTOâ†’Raw #11800 | id=xtream:vod:669263 | title="Die Yacht | 2023 | 5.3" | sourceType=XTREAM | Fields: âœ“[year=2023, poster] âœ—[plot, cast, director, backdrop, duration, tmdb]
2026-01-30 15:11:18.102  7425-8102  NxCatalogWriter         com.fishit.player.v2                 D  âœ… OPTIMIZED ingestBatch COMPLETE: 400 items | persist_ms=421 total_ms=471 (849 items/sec)
2026-01-30 15:11:18.102  7425-8102  CatalogSyncService      com.fishit.player.v2                 D  Xtream batch complete (NX): ingested=400 ingest_ms=548 total_ms=550
2026-01-30 15:11:18.103  7425-8102  CatalogSyncService      com.fishit.player.v2                 D  Consumer#0: 25 batches, 29200 total items
2026-01-30 15:11:18.108  7425-8124  XTC                     com.fishit.player.v2                 D  [VOD] DTOâ†’Raw #11850 | id=xtream:vod:658462 | title="Memento | 2000 | 8.1" | sourceType=XTREAM | Fields: âœ“[year=2000, poster] âœ—[plot, cast, director, backdrop, duration, tmdb]
2026-01-30 15:11:18.114  7425-8124  XTC                     com.fishit.player.v2                 D  [VOD] DTOâ†’Raw #11900 | id=xtream:vod:390437 | title="Art of Revenge - Mein KÃ¶rper gehÃ¶rt mir " | sourceType=XTREAM | Fields: âœ“[year=2017, poster] âœ—[plot, cast, director, backdrop, duration, tmdb]
2026-01-30 15:11:18.132  7425-8124  XTC                     com.fishit.player.v2                 D  [VOD] DTOâ†’Raw #11950 | id=xtream:vod:390489 | title="Graphic Desires (2022)" | sourceType=XTREAM | Fields: âœ“[year=2022, poster] âœ—[plot, cast, director, backdrop, duration, tmdb]
2026-01-30 15:11:18.147  7425-7601  CatalogSyncService      com.fishit.player.v2                 D  Persisting Xtream catalog batch (NX-ONLY): 400 items (canonical_linking=true)
2026-01-30 15:11:18.154  7425-8124  XTC                     com.fishit.player.v2                 D  [VOD] DTOâ†’Raw #12000 | id=xtream:vod:390542 | title="The Collector - Der Sammler (2002)" | sourceType=XTREAM | Fields: âœ“[year=2002, poster] âœ—[plot, cast, director, backdrop, duration, tmdb]
2026-01-30 15:11:18.155  7425-8102  XtreamCatalogScanWorker com.fishit.player.v2                 D  PROGRESS discovered=30433 persisted=29200 phase=N/A
2026-01-30 15:11:18.177  7425-7590  NxCatalogWriter         com.fishit.player.v2                 D  ðŸ“¥ OPTIMIZED ingestBatch START: 400 items
2026-01-30 15:11:18.210  7425-8124  XTC                     com.fishit.player.v2                 D  [VOD] DTOâ†’Raw #12050 | id=xtream:vod:397626 | title="Fear comes home: Wer bleibt am Leben? (2" | sourceType=XTREAM | Fields: âœ“[year=2013, poster] âœ—[plot, cast, director, backdrop, duration, tmdb]
2026-01-30 15:11:18.228  7425-8124  XTC                     com.fishit.player.v2                 D  [VOD] DTOâ†’Raw #12100 | id=xtream:vod:397753 | title="The Toll Man (2021)" | sourceType=XTREAM | Fields: âœ“[year=2021, poster] âœ—[plot, cast, director, backdrop, duration, tmdb]
2026-01-30 15:11:18.243  7425-8124  XTC                     com.fishit.player.v2                 D  [VOD] DTOâ†’Raw #12150 | id=xtream:vod:397898 | title="The Pool (2018)" | sourceType=XTREAM | Fields: âœ“[year=2018, poster] âœ—[plot, cast, director, backdrop, duration, tmdb]
2026-01-30 15:11:18.250  7425-7590  NxWorkRepository        com.fishit.player.v2                 W  Deduped 22 duplicate workKeys in batch (400 â†’ 378)
2026-01-30 15:11:18.257  7425-8124  XTC                     com.fishit.player.v2                 D  [VOD] DTOâ†’Raw #12200 | id=xtream:vod:397845 | title="Apokalypse Los Angeles (2014)" | sourceType=XTREAM | Fields: âœ“[year=2014, poster] âœ—[plot, cast, director, backdrop, duration, tmdb]
2026-01-30 15:11:18.266  7425-8178  NxCatalogWriter         com.fishit.player.v2                 D  ðŸ“¥ OPTIMIZED ingestBatch START: 400 items
2026-01-30 15:11:18.317  7425-7434  ishit.player.v2         com.fishit.player.v2                 I  Background concurrent copying GC freed 321189(10MB) AllocSpace objects, 0(0B) LOS objects, 30% free, 54MB/78MB, paused 136us,80us total 176.476ms
2026-01-30 15:11:18.325  7425-8178  NxWorkRepository        com.fishit.player.v2                 W  Deduped 2 duplicate workKeys in batch (400 â†’ 398)
2026-01-30 15:11:19.024  7425-7434  ishit.player.v2         com.fishit.player.v2                 I  Background concurrent copying GC freed 747286(37MB) AllocSpace objects, 0(0B) LOS objects, 34% free, 46MB/70MB, paused 115us,79us total 109.160ms
2026-01-30 15:11:19.396  7425-7599  NxCatalogWriter         com.fishit.player.v2                 D  âœ… OPTIMIZED ingestBatch COMPLETE: 400 items | persist_ms=1497 total_ms=1543 (259 items/sec)
2026-01-30 15:11:19.397  7425-7599  CatalogSyncService      com.fishit.player.v2                 D  Xtream batch complete (NX): ingested=400 ingest_ms=1620 total_ms=1621
2026-01-30 15:11:19.397  7425-7599  CatalogSyncService      com.fishit.player.v2                 D  Consumer#2: 25 batches, 29600 total items
2026-01-30 15:11:19.407  7425-8103  XTC                     com.fishit.player.v2                 D  [VOD] DTOâ†’Raw #12250 | id=xtream:vod:397790 | title="Don't Breathe 2 | 2021 | 7.1" | sourceType=XTREAM | Fields: âœ“[year=2021, poster] âœ—[plot, cast, director, backdrop, duration, tmdb]
2026-01-30 15:11:19.412  7425-8103  XTC                     com.fishit.player.v2                 D  [VOD] DTOâ†’Raw #12300 | id=xtream:vod:788975 | title="Was ist Liebe wert - Materialists | 2025" | sourceType=XTREAM | Fields: âœ“[year=2025, poster] âœ—[plot, cast, director, backdrop, duration, tmdb]
2026-01-30 15:11:19.422  7425-8103  XTC                     com.fishit.player.v2                 D  [VOD] DTOâ†’Raw #12350 | id=xtream:vod:753831 | title="Ein echter Gentleman | 2024 | 5.8" | sourceType=XTREAM | Fields: âœ“[year=2024, poster] âœ—[plot, cast, director, backdrop, duration, tmdb]
2026-01-30 15:11:19.428  7425-8102  CatalogSyncService      com.fishit.player.v2                 D  Persisting Xtream catalog batch (NX-ONLY): 400 items (canonical_linking=true)
2026-01-30 15:11:19.432  7425-7597  XTC                     com.fishit.player.v2                 D  [VOD] DTOâ†’Raw #12400 | id=xtream:vod:727578 | title="Through my Window â€“ Ich sehâ€™ dich an | 2" | sourceType=XTREAM | Fields: âœ“[year=2024, poster] âœ—[plot, cast, director, backdrop, duration, tmdb]
2026-01-30 15:11:19.451  7425-7597  XTC                     com.fishit.player.v2                 D  [VOD] DTOâ†’Raw #12450 | id=xtream:vod:672195 | title="Meine erfundene Frau | 2011 | 6.6" | sourceType=XTREAM | Fields: âœ“[year=2011, poster] âœ—[plot, cast, director, backdrop, duration, tmdb]
2026-01-30 15:11:19.460  7425-7597  XTC                     com.fishit.player.v2                 D  [VOD] DTOâ†’Raw #12500 | id=xtream:vod:654388 | title="Die statistische Wahrscheinlichkeit von " | sourceType=XTREAM | Fields: âœ“[year=2023, poster] âœ—[plot, cast, director, backdrop, duration, tmdb]
2026-01-30 15:11:19.461  7425-8103  XtreamCatalogScanWorker com.fishit.player.v2                 D  PROGRESS discovered=30933 persisted=29600 phase=N/A
2026-01-30 15:11:19.506  7425-8102  NxCatalogWriter         com.fishit.player.v2                 D  ðŸ“¥ OPTIMIZED ingestBatch START: 400 items
2026-01-30 15:11:19.540  7425-7597  XTC                     com.fishit.player.v2                 D  [VOD] DTOâ†’Raw #12550 | id=xtream:vod:397356 | title="Five Star Christmas (2020)" | sourceType=XTREAM | Fields: âœ“[year=2020, poster] âœ—[plot, cast, director, backdrop, duration, tmdb]
2026-01-30 15:11:19.550  7425-7597  XTC                     com.fishit.player.v2                 D  [VOD] DTOâ†’Raw #12600 | id=xtream:vod:397393 | title="Du bist es (2023)" | sourceType=XTREAM | Fields: âœ“[year=2023, poster] âœ—[plot, cast, director, backdrop, duration, tmdb]
2026-01-30 15:11:19.584  7425-8102  NxWorkRepository        com.fishit.player.v2                 W  Deduped 35 duplicate workKeys in batch (400 â†’ 365)
2026-01-30 15:11:19.609  7425-7590  NxCatalogWriter         com.fishit.player.v2                 D  âœ… OPTIMIZED ingestBatch COMPLETE: 400 items | persist_ms=1360 total_ms=1433 (279 items/sec)
2026-01-30 15:11:19.610  7425-7590  CatalogSyncService      com.fishit.player.v2                 D  Xtream batch complete (NX): ingested=400 ingest_ms=1534 total_ms=1535
2026-01-30 15:11:19.610  7425-7590  CatalogSyncService      com.fishit.player.v2                 D  Consumer#1: 25 batches, 30000 total items
2026-01-30 15:11:19.621  7425-7590  XTC                     com.fishit.player.v2                 D  [VOD] DTOâ†’Raw #12650 | id=xtream:vod:397463 | title="Die Geschichte meiner Frau (2021)" | sourceType=XTREAM | Fields: âœ“[year=2021, poster] âœ—[plot, cast, director, backdrop, duration, tmdb]
2026-01-30 15:11:19.648  7425-7434  ishit.player.v2         com.fishit.player.v2                 I  Background concurrent copying GC freed 598311(30MB) AllocSpace objects, 0(0B) LOS objects, 34% free, 45MB/69MB, paused 65us,74us total 107.112ms
2026-01-30 15:11:19.663  7425-7590  XTC                     com.fishit.player.v2                 D  [VOD] DTOâ†’Raw #12700 | id=xtream:vod:398227 | title="Passengers (2016)" | sourceType=XTREAM | Fields: âœ“[year=2016, poster] âœ—[plot, cast, director, backdrop, duration, tmdb]
2026-01-30 15:11:19.675  7425-7590  XTC                     com.fishit.player.v2                 D  [VOD] DTOâ†’Raw #12750 | id=xtream:vod:672161 | title="The Naughty Nine | 2023 |  7.1" | sourceType=XTREAM | Fields: âœ“[year=2023, poster] âœ—[plot, cast, director, backdrop, duration, tmdb]
2026-01-30 15:11:19.680  7425-8131  CatalogSyncService      com.fishit.player.v2                 D  Persisting Xtream catalog batch (NX-ONLY): 400 items (canonical_linking=true)
2026-01-30 15:11:19.685  7425-7590  XTC                     com.fishit.player.v2                 D  [VOD] DTOâ†’Raw #12800 | id=xtream:vod:389393 | title="Christopher Robin (2018)" | sourceType=XTREAM | Fields: âœ“[year=2018, poster] âœ—[plot, cast, director, backdrop, duration, tmdb]
2026-01-30 15:11:19.699  7425-7590  XTC                     com.fishit.player.v2                 D  [VOD] DTOâ†’Raw #12850 | id=xtream:vod:389444 | title="Hercules (1997)" | sourceType=XTREAM | Fields: âœ“[year=1997, poster] âœ—[plot, cast, director, backdrop, duration, tmdb]
2026-01-30 15:11:19.714  7425-7590  XTC                     com.fishit.player.v2                 D  [VOD] DTOâ†’Raw #12900 | id=xtream:vod:389495 | title=" Tanz und Rhythmus (1948)" | sourceType=XTREAM | Fields: âœ“[year=1948] âœ—[plot, cast, director, poster, backdrop, duration, tmdb]
2026-01-30 15:11:19.720  7425-7590  XTC                     com.fishit.player.v2                 D  [VOD] DTOâ†’Raw #12950 | id=xtream:vod:793715 | title="Titan - Evolve or Die | 2018 | 5.3" | sourceType=XTREAM | Fields: âœ“[year=2018, poster] âœ—[plot, cast, director, backdrop, duration, tmdb]
2026-01-30 15:11:19.724  7425-7590  XTC                     com.fishit.player.v2                 D  [VOD] DTOâ†’Raw #13000 | id=xtream:vod:776734 | title="DÃ©jÃ  Vu - Wettlauf gegen die Zeit (2006)" | sourceType=XTREAM | Fields: âœ“[year=2006, poster] âœ—[plot, cast, director, backdrop, duration, tmdb]
2026-01-30 15:11:19.759  7425-8131  NxCatalogWriter         com.fishit.player.v2                 D  ðŸ“¥ OPTIMIZED ingestBatch START: 400 items
2026-01-30 15:11:19.796  7425-8131  NxWorkRepository        com.fishit.player.v2                 W  Deduped 30 duplicate workKeys in batch (400 â†’ 370)
2026-01-30 15:11:20.396  7425-7434  ishit.player.v2         com.fishit.player.v2                 I  Background young concurrent copying GC freed 300202(9402KB) AllocSpace objects, 0(0B) LOS objects, 0% free, 70MB/70MB, paused 129us,78us total 233.925ms
2026-01-30 15:11:20.504  7425-7434  ishit.player.v2         com.fishit.player.v2                 I  Background concurrent copying GC freed 666100(34MB) AllocSpace objects, 0(0B) LOS objects, 36% free, 42MB/66MB, paused 95us,90us total 108.437ms
2026-01-30 15:11:20.891  7425-8178  NxCatalogWriter         com.fishit.player.v2                 D  âœ… OPTIMIZED ingestBatch COMPLETE: 400 items | persist_ms=2567 total_ms=2625 (152 items/sec)
2026-01-30 15:11:20.892  7425-8178  CatalogSyncService      com.fishit.player.v2                 D  Xtream batch complete (NX): ingested=400 ingest_ms=2744 total_ms=2745
2026-01-30 15:11:20.894  7425-7597  XtreamCatalogScanWorker com.fishit.player.v2                 D  PROGRESS discovered=31433 persisted=30400 phase=N/A
2026-01-30 15:11:20.902  7425-7599  XTC                     com.fishit.player.v2                 D  [VOD] DTOâ†’Raw #13050 | id=xtream:vod:776784 | title="Infinity - Unbekannte Dimension (2021)" | sourceType=XTREAM | Fields: âœ“[year=2021, poster] âœ—[plot, cast, director, backdrop, duration, tmdb]
2026-01-30 15:11:20.924  7425-7599  XTC                     com.fishit.player.v2                 D  [VOD] DTOâ†’Raw #13100 | id=xtream:vod:390695 | title="Die Zeit der Frauen | 2015 | 7.4" | sourceType=XTREAM | Fields: âœ“[year=2015, poster] âœ—[plot, cast, director, backdrop, duration, tmdb]
2026-01-30 15:11:20.933  7425-7599  XTC                     com.fishit.player.v2                 D  [VOD] DTOâ†’Raw #13150 | id=xtream:vod:390753 | title="Showdown in Kapstadt - Raja Natwarlal | " | sourceType=XTREAM | Fields: âœ“[year=2014, poster] âœ—[plot, cast, director, backdrop, duration, tmdb]
2026-01-30 15:11:20.939  7425-7590  CatalogSyncService      com.fishit.player.v2                 D  Persisting Xtream catalog batch (NX-ONLY): 400 items (canonical_linking=true)
2026-01-30 15:11:20.944  7425-7599  XTC                     com.fishit.player.v2                 D  [VOD] DTOâ†’Raw #13200 | id=xtream:vod:799554 | title="Fahrt zur HÃ¶lle, ihr Halunken | 1969 | 5" | sourceType=XTREAM | Fields: âœ“[year=1969, poster] âœ—[plot, cast, director, backdrop, duration, tmdb]
2026-01-30 15:11:20.948  7425-7599  XTC                     com.fishit.player.v2                 D  [VOD] DTOâ†’Raw #13250 | id=xtream:vod:787005 | title="Das Fenster zum Hof | 1954 | 8.3" | sourceType=XTREAM | Fields: âœ“[year=1954, poster] âœ—[plot, cast, director, backdrop, duration, tmdb]
2026-01-30 15:11:20.959  7425-7599  XTC                     com.fishit.player.v2                 D  [VOD] DTOâ†’Raw #13300 | id=xtream:vod:746682 | title="Im Blutrausch des Satans | 1971 | 6.6" | sourceType=XTREAM | Fields: âœ“[year=1971, poster] âœ—[plot, cast, director, backdrop, duration, tmdb]
2026-01-30 15:11:20.963  7425-7599  XTC                     com.fishit.player.v2                 D  [VOD] DTOâ†’Raw #13350 | id=xtream:vod:731099 | title="Die Addams Family | 1991 |  7.0" | sourceType=XTREAM | Fields: âœ“[year=1991, poster] âœ—[plot, cast, director, backdrop, duration, tmdb]
2026-01-30 15:11:20.966  7425-7599  XTC                     com.fishit.player.v2                 D  [VOD] DTOâ†’Raw #13400 | id=xtream:vod:704594 | title="Renegade | 1987 | 6.0" | sourceType=XTREAM | Fields: âœ“[year=1987, poster] âœ—[plot, cast, director, backdrop, duration, tmdb]
2026-01-30 15:11:21.005  7425-7590  NxCatalogWriter         com.fishit.player.v2                 D  ðŸ“¥ OPTIMIZED ingestBatch START: 400 items
2026-01-30 15:11:21.051  7425-7590  NxWorkRepository        com.fishit.player.v2                 W  Deduped 4 duplicate workKeys in batch (400 â†’ 396)
2026-01-30 15:11:21.157  7425-8102  NxCatalogWriter         com.fishit.player.v2                 D  âœ… OPTIMIZED ingestBatch COMPLETE: 400 items | persist_ms=1575 total_ms=1651 (242 items/sec)
2026-01-30 15:11:21.158  7425-8102  CatalogSyncService      com.fishit.player.v2                 D  Xtream batch complete (NX): ingested=400 ingest_ms=1728 total_ms=1730
2026-01-30 15:11:21.165  7425-8101  XTC                     com.fishit.player.v2                 D  [VOD] DTOâ†’Raw #13450 | id=xtream:vod:666532 | title="Tokyo Powerman | 1985 | 6.2" | sourceType=XTREAM | Fields: âœ“[year=1985, poster] âœ—[plot, cast, director, backdrop, duration, tmdb]
2026-01-30 15:11:21.190  7425-8101  XTC                     com.fishit.player.v2                 D  [VOD] DTOâ†’Raw #13500 | id=xtream:vod:386572 | title="Amundsen.Wettlauf.zum.Suedpol.2019.Germa" | sourceType=XTREAM | Fields: âœ“[] âœ—[year, plot, cast, director, poster, backdrop, duration, tmdb]
2026-01-30 15:11:21.197  7425-8102  XtreamCatalogScanWorker com.fishit.player.v2                 D  PROGRESS discovered=31933 persisted=30800 phase=N/A
2026-01-30 15:11:21.200  7425-7434  ishit.player.v2         com.fishit.player.v2                 I  Background concurrent copying GC freed 698429(35MB) AllocSpace objects, 0(0B) LOS objects, 39% free, 37MB/61MB, paused 98us,87us total 107.430ms
2026-01-30 15:11:21.227  7425-8101  XTC                     com.fishit.player.v2                 D  [VOD] DTOâ†’Raw #13550 | id=xtream:vod:386622 | title="Chaos (2005)" | sourceType=XTREAM | Fields: âœ“[year=2005, poster] âœ—[plot, cast, director, backdrop, duration, tmdb]
2026-01-30 15:11:21.232  7425-8103  CatalogSyncService      com.fishit.player.v2                 D  Persisting Xtream catalog batch (NX-ONLY): 400 items (canonical_linking=true)
2026-01-30 15:11:21.238  7425-8101  XTC                     com.fishit.player.v2                 D  [VOD] DTOâ†’Raw #13600 | id=xtream:vod:386673 | title="Die glorreichen Reiter (1965)" | sourceType=XTREAM | Fields: âœ“[year=1965, poster] âœ—[plot, cast, director, backdrop, duration, tmdb]
2026-01-30 15:11:21.248  7425-8101  XTC                     com.fishit.player.v2                 D  [VOD] DTOâ†’Raw #13650 | id=xtream:vod:386723 | title="Gut gegen Nordwind (2019)" | sourceType=XTREAM | Fields: âœ“[year=2019, poster] âœ—[plot, cast, director, backdrop, duration, tmdb]
2026-01-30 15:11:21.258  7425-8101  XTC                     com.fishit.player.v2                 D  [VOD] DTOâ†’Raw #13700 | id=xtream:vod:386773 | title="Only The Brave (2006)" | sourceType=XTREAM | Fields: âœ“[year=2006, poster] âœ—[plot, cast, director, backdrop, duration, tmdb]
2026-01-30 15:11:21.267  7425-8101  XTC                     com.fishit.player.v2                 D  [VOD] DTOâ†’Raw #13750 | id=xtream:vod:386823 | title="The Lost Boys (1987)" | sourceType=XTREAM | Fields: âœ“[year=1987, poster] âœ—[plot, cast, director, backdrop, duration, tmdb]
2026-01-30 15:11:21.274  7425-8101  XTC                     com.fishit.player.v2                 D  [VOD] DTOâ†’Raw #13800 | id=xtream:vod:386873 | title="Werner - Beinhart! (1990)" | sourceType=XTREAM | Fields: âœ“[year=1990, poster] âœ—[plot, cast, director, backdrop, duration, tmdb]
2026-01-30 15:11:21.304  7425-8103  NxCatalogWriter         com.fishit.player.v2                 D  ðŸ“¥ OPTIMIZED ingestBatch START: 400 items
2026-01-30 15:11:21.350  7425-8103  NxWorkRepository        com.fishit.player.v2                 W  Deduped 9 duplicate workKeys in batch (400 â†’ 391)
2026-01-30 15:11:22.537  7425-8131  NxCatalogWriter         com.fishit.player.v2                 D  âœ… OPTIMIZED ingestBatch COMPLETE: 400 items | persist_ms=2742 total_ms=2778 (143 items/sec)
2026-01-30 15:11:22.538  7425-8131  CatalogSyncService      com.fishit.player.v2                 D  Xtream batch complete (NX): ingested=400 ingest_ms=2858 total_ms=2858
2026-01-30 15:11:22.541  7425-7592  XTC                     com.fishit.player.v2                 D  [VOD] DTOâ†’Raw #13850 | id=xtream:vod:391726 | title="Das finstere Tal (2014)" | sourceType=XTREAM | Fields: âœ“[year=2014, poster] âœ—[plot, cast, director, backdrop, duration, tmdb]
2026-01-30 15:11:22.555  7425-7592  XTC                     com.fishit.player.v2                 D  [VOD] DTOâ†’Raw #13900 | id=xtream:vod:391778 | title="Kanonen fÃ¼r Cordoba (1970)" | sourceType=XTREAM | Fields: âœ“[year=1970, poster] âœ—[plot, cast, director, backdrop, duration, tmdb]
2026-01-30 15:11:22.564  7425-7592  XTC                     com.fishit.player.v2                 D  [VOD] DTOâ†’Raw #13950 | id=xtream:vod:391830 | title="Todeszug nach Yuma (2007)" | sourceType=XTREAM | Fields: âœ“[year=2007, poster] âœ—[plot, cast, director, backdrop, duration, tmdb]
2026-01-30 15:11:22.570  7425-8124  CatalogSyncService      com.fishit.player.v2                 D  Persisting Xtream catalog batch (NX-ONLY): 400 items (canonical_linking=true)
2026-01-30 15:11:22.571  7425-7592  XTC                     com.fishit.player.v2                 D  [VOD] DTOâ†’Raw #14000 | id=xtream:vod:411018 | title="aber.bisher.nicht.zu.fragen.wagten.1972" | sourceType=XTREAM | Fields: âœ“[year=1972] âœ—[plot, cast, director, poster, backdrop, duration, tmdb]
2026-01-30 15:11:22.575  7425-7601  XtreamCatalogScanWorker com.fishit.player.v2                 D  PROGRESS discovered=32433 persisted=31200 phase=N/A
2026-01-30 15:11:22.603  7425-7592  XTC                     com.fishit.player.v2                 D  [VOD] DTOâ†’Raw #14050 | id=xtream:vod:411068 | title="Der Berg der Versuchung (1956)" | sourceType=XTREAM | Fields: âœ“[year=1956, poster] âœ—[plot, cast, director, backdrop, duration, tmdb]
2026-01-30 15:11:22.611  7425-7592  XTC                     com.fishit.player.v2                 D  [VOD] DTOâ†’Raw #14100 | id=xtream:vod:411118 | title="Didi und die Rache der Enterbten (1985)" | sourceType=XTREAM | Fields: âœ“[year=1985, poster] âœ—[plot, cast, director, backdrop, duration, tmdb]
2026-01-30 15:11:22.613  7425-7425  ViewRootIm...nActivity] com.fishit.player.v2                 I  ViewPostIme pointer 0
2026-01-30 15:11:22.618  7425-7592  XTC                     com.fishit.player.v2                 D  [VOD] DTOâ†’Raw #14150 | id=xtream:vod:411207 | title="Ein irrer Typ (1977)" | sourceType=XTREAM | Fields: âœ“[year=1977, poster] âœ—[plot, cast, director, backdrop, duration, tmdb]
2026-01-30 15:11:22.626  7425-7592  XTC                     com.fishit.player.v2                 D  [VOD] DTOâ†’Raw #14200 | id=xtream:vod:411257 | title="Heute ichâ€¦ morgen Du! (1968)" | sourceType=XTREAM | Fields: âœ“[year=1968, poster] âœ—[plot, cast, director, backdrop, duration, tmdb]
2026-01-30 15:11:22.651  7425-8124  NxCatalogWriter         com.fishit.player.v2                 D  ðŸ“¥ OPTIMIZED ingestBatch START: 400 items
2026-01-30 15:11:22.702  7425-8124  NxWorkRepository        com.fishit.player.v2                 W  Deduped 7 duplicate workKeys in batch (400 â†’ 393)
2026-01-30 15:11:22.821  7425-7425  ViewRootIm...nActivity] com.fishit.player.v2                 I  ViewPostIme pointer 1
2026-01-30 15:11:22.956  7425-7590  NxCatalogWriter         com.fishit.player.v2                 D  âœ… OPTIMIZED ingestBatch COMPLETE: 400 items | persist_ms=1905 total_ms=1951 (205 items/sec)
2026-01-30 15:11:22.961  7425-7590  CatalogSyncService      com.fishit.player.v2                 D  Xtream batch complete (NX): ingested=400 ingest_ms=2017 total_ms=2018
2026-01-30 15:11:22.968  7425-8135  XTC                     com.fishit.player.v2                 D  [VOD] DTOâ†’Raw #14250 | id=xtream:vod:411307 | title="Ob blond, ob braun (1963)" | sourceType=XTREAM | Fields: âœ“[year=1963, poster] âœ—[plot, cast, director, backdrop, duration, tmdb]
2026-01-30 15:11:22.988  7425-8135  XTC                     com.fishit.player.v2                 D  [VOD] DTOâ†’Raw #14300 | id=xtream:vod:411357 | title="Todestrommeln am groÃŸen FluÃŸ (1963)" | sourceType=XTREAM | Fields: âœ“[year=1963, poster] âœ—[plot, cast, director, backdrop, duration, tmdb]
2026-01-30 15:11:22.989  7425-8135  MemoryPressure          com.fishit.player.v2                 D  Memory: 64MB / 256MB (25%) | throttles=0
2026-01-30 15:11:23.009  7425-8135  XTC                     com.fishit.player.v2                 D  [VOD] DTOâ†’Raw #14350 | id=xtream:vod:749859 | title="Edgar Wallace - Der Hexer (1964)" | sourceType=XTREAM | Fields: âœ“[year=1964, poster] âœ—[plot, cast, director, backdrop, duration, tmdb]
2026-01-30 15:11:23.012  7425-8177  CatalogSyncService      com.fishit.player.v2                 D  Persisting Xtream catalog batch (NX-ONLY): 400 items (canonical_linking=true)
2026-01-30 15:11:23.015  7425-8135  XTC                     com.fishit.player.v2                 D  [VOD] DTOâ†’Raw #14400 | id=xtream:vod:800145 | title="Erin Brockovich | 2000 | 7.4" | sourceType=XTREAM | Fields: âœ“[year=2000, poster] âœ—[plot, cast, director, backdrop, duration, tmdb]
2026-01-30 15:11:23.018  7425-8135  XTC                     com.fishit.player.v2                 D  [VOD] DTOâ†’Raw #14450 | id=xtream:vod:794398 | title="Pans Labyrinth | 2006 | 7.7" | sourceType=XTREAM | Fields: âœ“[year=2006, poster] âœ—[plot, cast, director, backdrop, duration, tmdb]
2026-01-30 15:11:23.026  7425-8135  XTC                     com.fishit.player.v2                 D  [VOD] DTOâ†’Raw #14500 | id=xtream:vod:790606 | title="Swiped | 2025 | 5.9" | sourceType=XTREAM | Fields: âœ“[year=2025, poster] âœ—[plot, cast, director, backdrop, duration, tmdb]
2026-01-30 15:11:23.029  7425-8178  XtreamCatalogScanWorker com.fishit.player.v2                 D  PROGRESS discovered=32933 persisted=31600 phase=N/A
