2026-01-30 13:24:40.549 23864-23875 ishit.player.v2         com.fishit.player.v2                 I  Background young concurrent copying GC freed 218824(7360KB) AllocSpace objects, 0(0B) LOS objects, 6% free, 58MB/63MB, paused 79us,103us total 100.013ms
2026-01-30 13:24:40.833 23864-23875 ishit.player.v2         com.fishit.player.v2                 I  Background concurrent copying GC freed 561672(29MB) AllocSpace objects, 0(0B) LOS objects, 40% free, 35MB/59MB, paused 156us,48us total 104.009ms
2026-01-30 13:24:42.537 23864-23875 ishit.player.v2         com.fishit.player.v2                 I  Background young concurrent copying GC freed 230889(7378KB) AllocSpace objects, 0(0B) LOS objects, 10% free, 45MB/50MB, paused 147us,90us total 100.608ms
2026-01-30 13:24:43.848 23864-23875 ishit.player.v2         com.fishit.player.v2                 I  Background concurrent copying GC freed 506441(26MB) AllocSpace objects, 0(0B) LOS objects, 42% free, 32MB/56MB, paused 267us,89us total 191.953ms
2026-01-30 13:24:43.989 23864-23955 CatalogSyncService      com.fishit.player.v2                 W  Xtream batch (NX): ingested=400 failed=0 hint_warnings=84 ingest_ms=17307 total_ms=17308
2026-01-30 13:24:43.994 23864-23956 XTC                     com.fishit.player.v2                 D  [LIVE] DTO→Raw #9200 | id=xtream:live:733471 | title="DE: 2 BROKE GIRLS" | sourceType=XTREAM | Fields: ✓[poster] ✗[year, plot, cast, director, backdrop, duration, tmdb]
2026-01-30 13:24:44.000 23864-23955 CatalogSyncService      com.fishit.player.v2                 D  Persisting Xtream catalog batch (NX-ONLY): 400 items (canonical_linking=true)
2026-01-30 13:24:44.001 23864-23940 XTC                     com.fishit.player.v2                 D  [VOD] DTO→Raw #7750 | id=xtream:vod:744770 | title="We Grown Now | 2024 | 7.2 |" | sourceType=XTREAM | Fields: ✓[year=2024, poster] ✗[plot, cast, director, backdrop, duration, tmdb]
2026-01-30 13:24:44.019 23864-23940 XTC                     com.fishit.player.v2                 D  [VOD] DTO→Raw #7800 | id=xtream:vod:743327 | title="The Last Rifleman | 2023 | 6.7 |" | sourceType=XTREAM | Fields: ✓[year=2023, poster] ✗[plot, cast, director, backdrop, duration, tmdb]
2026-01-30 13:24:44.027 23864-23957 XTC                     com.fishit.player.v2                 D  [SERIES] DTO→Raw #5800 | id=xtream:series:2619 | title="Informer" | sourceType=XTREAM | Fields: ✓[plot(665c), cast, poster, duration=3300000ms] ✗[year, director, backdrop, tmdb]
2026-01-30 13:24:44.032 23864-23956 XTC                     com.fishit.player.v2                 D  [LIVE] DTO→Raw #9250 | id=xtream:live:749839 | title="DE: EDGAR WALLACE MIX" | sourceType=XTREAM | Fields: ✓[poster] ✗[year, plot, cast, director, backdrop, duration, tmdb]
2026-01-30 13:24:44.036 23864-23940 XTC                     com.fishit.player.v2                 D  [VOD] DTO→Raw #7850 | id=xtream:vod:741596 | title="Chantal im Märchenland | 2024 | 5.2 |" | sourceType=XTREAM | Fields: ✓[year=2024, poster] ✗[plot, cast, director, backdrop, duration, tmdb]
2026-01-30 13:24:44.053 23864-23940 XTC                     com.fishit.player.v2                 D  [VOD] DTO→Raw #7900 | id=xtream:vod:740067 | title="Die Knochenfrau | 2023 | 5.8 |" | sourceType=XTREAM | Fields: ✓[year=2023, poster] ✗[plot, cast, director, backdrop, duration, tmdb]
2026-01-30 13:24:44.470 23864-23875 ishit.player.v2         com.fishit.player.v2                 I  Background young concurrent copying GC freed 291171(9333KB) AllocSpace objects, 0(0B) LOS objects, 11% free, 49MB/56MB, paused 80us,51us total 110.815ms
2026-01-30 13:24:44.941 23864-23875 ishit.player.v2         com.fishit.player.v2                 I  Background concurrent copying GC freed 558401(28MB) AllocSpace objects, 0(0B) LOS objects, 36% free, 42MB/66MB, paused 218us,140us total 322.032ms
2026-01-30 13:24:45.547 23864-24245 CatalogSyncService      com.fishit.player.v2                 W  Xtream batch (NX): ingested=400 failed=0 hint_warnings=102 ingest_ms=11811 total_ms=11812
2026-01-30 13:24:45.552 23864-23941 XTC                     com.fishit.player.v2                 D  [SERIES] DTO→Raw #5850 | id=xtream:series:2670 | title="The Sniffer" | sourceType=XTREAM | Fields: ✓[cast, poster, duration=3600000ms] ✗[year, plot, director, backdrop, tmdb]
2026-01-30 13:24:45.556 23864-23958 XTC                     com.fishit.player.v2                 D  [LIVE] DTO→Raw #9300 | id=xtream:live:729970 | title="DE: POLICE ACADEMY" | sourceType=XTREAM | Fields: ✓[poster] ✗[year, plot, cast, director, backdrop, duration, tmdb]
2026-01-30 13:24:45.558 23864-24245 CatalogSyncService      com.fishit.player.v2                 D  Persisting Xtream catalog batch (NX-ONLY): 400 items (canonical_linking=true)
2026-01-30 13:24:45.561 23864-23954 XTC                     com.fishit.player.v2                 D  [VOD] DTO→Raw #7950 | id=xtream:vod:731525 | title="Für immer | 2023 | 6.1 |" | sourceType=XTREAM | Fields: ✓[year=2023, poster] ✗[plot, cast, director, backdrop, duration, tmdb]
2026-01-30 13:24:45.584 23864-24243 XTC                     com.fishit.player.v2                 D  [VOD] DTO→Raw #8000 | id=xtream:vod:728107 | title="My Name Is Loh Kiwan | 2024 | 6.0 |" | sourceType=XTREAM | Fields: ✓[year=2024, poster] ✗[plot, cast, director, backdrop, duration, tmdb]
2026-01-30 13:24:45.590 23864-23958 XtreamCatalogScanWorker com.fishit.player.v2                 D  PROGRESS discovered=23202 persisted=21200 phase=N/A
2026-01-30 13:24:45.603 23864-23952 XTC                     com.fishit.player.v2                 D  [SERIES] DTO→Raw #5900 | id=xtream:series:2721 | title="Confess" | sourceType=XTREAM | Fields: ✓[cast, poster, duration=1380000ms] ✗[year, plot, director, backdrop, tmdb]
2026-01-30 13:24:45.617 23864-24222 XTC                     com.fishit.player.v2                 D  [LIVE] DTO→Raw #9350 | id=xtream:live:140923 | title="DE: X-Men HD 24/7" | sourceType=XTREAM | Fields: ✓[poster] ✗[year, plot, cast, director, backdrop, duration, tmdb]
2026-01-30 13:24:45.632 23864-23952 XTC                     com.fishit.player.v2                 D  [SERIES] DTO→Raw #5950 | id=xtream:series:2771 | title="Riverdale" | sourceType=XTREAM | Fields: ✓[plot(606c), cast, poster, duration=2700000ms] ✗[year, director, backdrop, tmdb]
2026-01-30 13:24:45.655 23864-23952 XTC                     com.fishit.player.v2                 D  [SERIES] DTO→Raw #6000 | id=xtream:series:2822 | title="Bluff City Law" | sourceType=XTREAM | Fields: ✓[cast, poster, duration=2580000ms] ✗[year, plot, director, backdrop, tmdb]
2026-01-30 13:24:45.657 23864-24223 XtreamCatalogScanWorker com.fishit.player.v2                 D  PROGRESS discovered=23394 persisted=21200 phase=N/A
2026-01-30 13:24:45.661 23864-24222 XTC                     com.fishit.player.v2                 D  [LIVE] DTO→Raw #9400 | id=xtream:live:364840 | title="DE: TOM HARDY - 24/7" | sourceType=XTREAM | Fields: ✓[poster] ✗[year, plot, cast, director, backdrop, duration, tmdb]
2026-01-30 13:24:45.697 23864-24222 XTC                     com.fishit.player.v2                 D  [LIVE] DTO→Raw #9450 | id=xtream:live:140794 | title="DE: See - Reich der Blinden - Premium 24" | sourceType=XTREAM | Fields: ✓[poster] ✗[year, plot, cast, director, backdrop, duration, tmdb]
2026-01-30 13:24:45.799 23864-23864 ViewRootIm...nActivity] com.fishit.player.v2                 I  ViewPostIme pointer 0
2026-01-30 13:24:45.815 23864-23957 CatalogSyncService      com.fishit.player.v2                 W  Xtream batch (NX): ingested=400 failed=0 hint_warnings=53 ingest_ms=12032 total_ms=12033
2026-01-30 13:24:45.836 23864-23941 XTC                     com.fishit.player.v2                 D  [VOD] DTO→Raw #8050 | id=xtream:vod:704641 | title="Cat Person | 2023 | 6.2 |" | sourceType=XTREAM | Fields: ✓[year=2023, poster] ✗[plot, cast, director, backdrop, duration, tmdb]
2026-01-30 13:24:45.839 23864-23957 CatalogSyncService      com.fishit.player.v2                 D  Persisting Xtream catalog batch (NX-ONLY): 400 items (canonical_linking=true)
2026-01-30 13:24:45.858 23864-23941 XTC                     com.fishit.player.v2                 D  [VOD] DTO→Raw #8100 | id=xtream:vod:696436 | title="Naughty - Entfesselte Lust | 2023 | 5.8 " | sourceType=XTREAM | Fields: ✓[year=2023, poster] ✗[plot, cast, director, backdrop, duration, tmdb]
2026-01-30 13:24:45.889 23864-23941 XTC                     com.fishit.player.v2                 D  [VOD] DTO→Raw #8150 | id=xtream:vod:692594 | title="Slotherhouse - Ein Faultier zum Fürchten" | sourceType=XTREAM | Fields: ✓[year=2023, poster] ✗[plot, cast, director, backdrop, duration, tmdb]
2026-01-30 13:24:45.890 23864-24223 XTC                     com.fishit.player.v2                 D  [LIVE] DTO→Raw #9500 | id=xtream:live:143675 | title="DE: Bad Blood 24/7" | sourceType=XTREAM | Fields: ✓[poster] ✗[year, plot, cast, director, backdrop, duration, tmdb]
2026-01-30 13:24:45.897 23864-23958 XtreamCatalogScanWorker com.fishit.player.v2                 D  PROGRESS discovered=23694 persisted=21600 phase=N/A
2026-01-30 13:24:45.899 23864-23941 XTC                     com.fishit.player.v2                 D  [VOD] DTO→Raw #8200 | id=xtream:vod:674679 | title="A Royal Corgi Christmas - Weihnachten wi" | sourceType=XTREAM | Fields: ✓[year=2022, poster] ✗[plot, cast, director, backdrop, duration, tmdb]
2026-01-30 13:24:45.908 23864-23875 ishit.player.v2         com.fishit.player.v2                 I  Background young concurrent copying GC freed 349944(11MB) AllocSpace objects, 0(0B) LOS objects, 0% free, 69MB/69MB, paused 213us,695us total 351.210ms
2026-01-30 13:24:45.911 23864-23941 XTC                     com.fishit.player.v2                 D  [VOD] DTO→Raw #8250 | id=xtream:vod:672225 | title="Elf Me | 2023 | 6.2 |" | sourceType=XTREAM | Fields: ✓[year=2023, poster] ✗[plot, cast, director, backdrop, duration, tmdb]
2026-01-30 13:24:45.927 23864-23941 XTC                     com.fishit.player.v2                 D  [VOD] DTO→Raw #8300 | id=xtream:vod:669556 | title="The Royal Nanny | 2022 | 6.2 |" | sourceType=XTREAM | Fields: ✓[year=2022, poster] ✗[plot, cast, director, backdrop, duration, tmdb]
2026-01-30 13:24:45.979 23864-23864 ViewRootIm...nActivity] com.fishit.player.v2                 I  ViewPostIme pointer 1
2026-01-30 13:24:46.236 23864-23875 ishit.player.v2         com.fishit.player.v2                 I  Background concurrent copying GC freed 793110(37MB) AllocSpace objects, 0(0B) LOS objects, 35% free, 42MB/66MB, paused 225us,92us total 328.494ms
2026-01-30 13:24:46.465 23864-23864 ViewRootIm...nActivity] com.fishit.player.v2                 I  ViewPostIme pointer 0
2026-01-30 13:24:46.684 23864-23864 ViewRootIm...nActivity] com.fishit.player.v2                 I  ViewPostIme pointer 1
2026-01-30 13:24:46.978 23864-23875 ishit.player.v2         com.fishit.player.v2                 I  Background young concurrent copying GC freed 264307(8815KB) AllocSpace objects, 0(0B) LOS objects, 7% free, 62MB/66MB, paused 103us,78us total 125.805ms
2026-01-30 13:24:47.301 23864-23875 ishit.player.v2         com.fishit.player.v2                 I  Background concurrent copying GC freed 627574(30MB) AllocSpace objects, 0(0B) LOS objects, 37% free, 40MB/64MB, paused 104us,125us total 177.933ms
2026-01-30 13:24:47.916 23864-23864 ViewRootIm...nActivity] com.fishit.player.v2                 I  ViewPostIme pointer 0
2026-01-30 13:24:47.983 23864-23875 ishit.player.v2         com.fishit.player.v2                 I  Background young concurrent copying GC freed 245542(8387KB) AllocSpace objects, 0(0B) LOS objects, 7% free, 59MB/64MB, paused 238us,48us total 125.340ms
2026-01-30 13:24:48.261 23864-23875 ishit.player.v2         com.fishit.player.v2                 I  Background concurrent copying GC freed 538991(26MB) AllocSpace objects, 0(0B) LOS objects, 37% free, 40MB/64MB, paused 95us,111us total 145.921ms
2026-01-30 13:24:48.413 23864-23864 ViewRootIm...nActivity] com.fishit.player.v2                 I  ViewPostIme pointer 1
2026-01-30 13:24:49.069 23864-23875 ishit.player.v2         com.fishit.player.v2                 I  Background young concurrent copying GC freed 213907(7282KB) AllocSpace objects, 0(0B) LOS objects, 6% free, 59MB/64MB, paused 199us,54us total 121.948ms
2026-01-30 13:24:49.219 23864-23864 ViewRootIm...nActivity] com.fishit.player.v2                 I  ViewPostIme pointer 0
2026-01-30 13:24:49.312 23864-23875 ishit.player.v2         com.fishit.player.v2                 I  Background concurrent copying GC freed 697659(39MB) AllocSpace objects, 0(0B) LOS objects, 47% free, 26MB/50MB, paused 482us,86us total 100.381ms
2026-01-30 13:24:49.413 23864-23864 ViewRootIm...nActivity] com.fishit.player.v2                 I  ViewPostIme pointer 1
2026-01-30 13:24:50.039 23864-23875 ishit.player.v2         com.fishit.player.v2                 I  Background young concurrent copying GC freed 230257(7402KB) AllocSpace objects, 0(0B) LOS objects, 10% free, 45MB/50MB, paused 184us,93us total 100.602ms
2026-01-30 13:24:50.085 23864-23864 ViewRootIm...nActivity] com.fishit.player.v2                 I  ViewPostIme pointer 0
2026-01-30 13:24:50.303 23864-23864 ViewRootIm...nActivity] com.fishit.player.v2                 I  ViewPostIme pointer 1
2026-01-30 13:24:50.445 23864-23875 ishit.player.v2         com.fishit.player.v2                 I  Background concurrent copying GC freed 494119(25MB) AllocSpace objects, 0(0B) LOS objects, 42% free, 32MB/56MB, paused 218us,121us total 239.237ms
2026-01-30 13:24:50.631 23864-24213 TrafficStats            com.fishit.player.v2                 D  tagSocket(129) with statsTag=0xffffffff, statsUid=-1
2026-01-30 13:24:50.995 23864-23864 ViewRootIm...nActivity] com.fishit.player.v2                 I  ViewPostIme pointer 0
2026-01-30 13:24:51.206 23864-23875 ishit.player.v2         com.fishit.player.v2                 I  Background young concurrent copying GC freed 265017(8677KB) AllocSpace objects, 2(40KB) LOS objects, 7% free, 52MB/56MB, paused 184us,102us total 134.524ms
2026-01-30 13:24:51.210 23864-23864 ViewRootIm...nActivity] com.fishit.player.v2                 I  ViewPostIme pointer 1
2026-01-30 13:24:51.439 23864-23875 ishit.player.v2         com.fishit.player.v2                 I  Background concurrent copying GC freed 469203(25MB) AllocSpace objects, 4(80KB) LOS objects, 39% free, 36MB/60MB, paused 142us,88us total 134.940ms
2026-01-30 13:24:52.227 23864-23875 ishit.player.v2         com.fishit.player.v2                 I  Background young concurrent copying GC freed 262558(8350KB) AllocSpace objects, 0(0B) LOS objects, 7% free, 55MB/60MB, paused 144us,106us total 107.969ms
2026-01-30 13:24:52.460 23864-23875 ishit.player.v2         com.fishit.player.v2                 I  Background concurrent copying GC freed 455845(24MB) AllocSpace objects, 0(0B) LOS objects, 37% free, 40MB/64MB, paused 159us,100us total 134.089ms
2026-01-30 13:24:52.755 23864-23864 ViewRootIm...nActivity] com.fishit.player.v2                 I  ViewPostIme pointer 0
2026-01-30 13:24:52.847 23864-23864 ViewRootIm...nActivity] com.fishit.player.v2                 I  ViewPostIme pointer 1
2026-01-30 13:24:52.870 23864-23864 WindowOnBackDispatcher  com.fishit.player.v2                 W  OnBackInvokedCallback is not enabled for the application.
                                                                                                    Set 'android:enableOnBackInvokedCallback="true"' in the application manifest.
2026-01-30 13:24:52.920 23864-23864 NxLibraryContentRepo    com.fishit.player.v2                 W  observeVodCategories() is deprecated - use getVodPagingData() for large catalogs
2026-01-30 13:24:52.921 23864-23864 NxWorkRepository        com.fishit.player.v2                 I  observeByType CALLED: type=MOVIE (entity=MOVIE), limit=50
2026-01-30 13:24:52.923 23864-23864 NxLibraryContentRepo    com.fishit.player.v2                 W  observeSeriesCategories() is deprecated - use getSeriesPagingData() for large catalogs
2026-01-30 13:24:52.924 23864-23864 NxWorkRepository        com.fishit.player.v2                 I  observeByType CALLED: type=SERIES (entity=SERIES), limit=50
2026-01-30 13:24:53.284 23864-23875 ishit.player.v2         com.fishit.player.v2                 I  Background young concurrent copying GC freed 283170(9028KB) AllocSpace objects, 0(0B) LOS objects, 5% free, 61MB/64MB, paused 141us,58us total 167.644ms
2026-01-30 13:24:53.355 23864-23957 ObjectBoxPagingSource   com.fishit.player.v2                 D  🔍 DB Query: offset=0 loadSize=150 → results=150
2026-01-30 13:24:53.399 23864-23958 ObjectBoxPagingSource   com.fishit.player.v2                 D  🔍 DB Query: offset=0 loadSize=150 → results=150
2026-01-30 13:24:53.436 23864-23957 NxWorkRepository        com.fishit.player.v2                 I  observeByType EMITTING: type=SERIES, count=50
2026-01-30 13:24:53.438 23864-23957 NxWorkRepository        com.fishit.player.v2                 I  observeByType EMITTING: type=MOVIE, count=50
2026-01-30 13:24:53.814 23864-24213 TrafficStats            com.fishit.player.v2                 D  tagSocket(145) with statsTag=0xffffffff, statsUid=-1
2026-01-30 13:24:53.836 23864-24851 TrafficStats            com.fishit.player.v2                 D  tagSocket(188) with statsTag=0xffffffff, statsUid=-1
2026-01-30 13:24:53.844 23864-24852 TrafficStats            com.fishit.player.v2                 D  tagSocket(189) with statsTag=0xffffffff, statsUid=-1
2026-01-30 13:24:53.885 23864-23875 ishit.player.v2         com.fishit.player.v2                 I  Background concurrent copying GC freed 596098(28MB) AllocSpace objects, 0(0B) LOS objects, 25% free, 68MB/92MB, paused 220us,512us total 535.016ms
2026-01-30 13:24:53.890 23864-24871 TrafficStats            com.fishit.player.v2                 D  tagSocket(190) with statsTag=0xffffffff, statsUid=-1
2026-01-30 13:24:53.902 23864-24873 TrafficStats            com.fishit.player.v2                 D  tagSocket(195) with statsTag=0xffffffff, statsUid=-1
2026-01-30 13:24:54.055 23864-24875 TrafficStats            com.fishit.player.v2                 D  tagSocket(140) with statsTag=0xffffffff, statsUid=-1
2026-01-30 13:24:54.081 23864-24876 TrafficStats            com.fishit.player.v2                 D  tagSocket(147) with statsTag=0xffffffff, statsUid=-1
2026-01-30 13:24:54.097 23864-24877 TrafficStats            com.fishit.player.v2                 D  tagSocket(169) with statsTag=0xffffffff, statsUid=-1
2026-01-30 13:24:54.142 23864-24878 TrafficStats            com.fishit.player.v2                 D  tagSocket(142) with statsTag=0xffffffff, statsUid=-1
2026-01-30 13:24:54.558 23864-23875 ishit.player.v2         com.fishit.player.v2                 I  Background young concurrent copying GC freed 600752(17MB) AllocSpace objects, 1(24KB) LOS objects, 0% free, 92MB/92MB, paused 319us,1.677ms total 295.944ms
2026-01-30 13:24:54.758 23864-23942 CatalogSyncService      com.fishit.player.v2                 W  Xtream batch (NX): ingested=400 failed=0 hint_warnings=75 ingest_ms=10757 total_ms=10757
2026-01-30 13:24:54.789 23864-23942 CatalogSyncService      com.fishit.player.v2                 D  Persisting Xtream catalog batch (NX-ONLY): 400 items (canonical_linking=true)
2026-01-30 13:24:54.801 23864-24243 XTC                     com.fishit.player.v2                 D  [SERIES] DTO→Raw #6050 | id=xtream:series:2876 | title="New Amsterdam" | sourceType=XTREAM | Fields: ✓[plot(648c), cast, poster, duration=2580000ms] ✗[year, director, backdrop, tmdb]
2026-01-30 13:24:54.812 23864-24261 XTC                     com.fishit.player.v2                 D  [VOD] DTO→Raw #8350 | id=xtream:vod:667269 | title="As They Made Us | 2022 | 5.5 |" | sourceType=XTREAM | Fields: ✓[year=2022, poster] ✗[plot, cast, director, backdrop, duration, tmdb]
2026-01-30 13:24:54.853 23864-23958 XTC                     com.fishit.player.v2                 D  [VOD] DTO→Raw #8400 | id=xtream:vod:659371 | title="Detective Dee und die Armee der Toten | " | sourceType=XTREAM | Fields: ✓[year=2022, poster] ✗[plot, cast, director, backdrop, duration, tmdb]
2026-01-30 13:24:54.872 23864-23958 XTC                     com.fishit.player.v2                 D  [VOD] DTO→Raw #8450 | id=xtream:vod:655613 | title="War of the Worlds: The Attack | 2023 | 5" | sourceType=XTREAM | Fields: ✓[year=2023, poster] ✗[plot, cast, director, backdrop, duration, tmdb]
2026-01-30 13:24:54.873 23864-23956 XTC                     com.fishit.player.v2                 D  [LIVE] DTO→Raw #9550 | id=xtream:live:364966 | title="DE: SCRUBS 24/7" | sourceType=XTREAM | Fields: ✓[poster] ✗[year, plot, cast, director, backdrop, duration, tmdb]
2026-01-30 13:24:54.897 23864-24261 XTC                     com.fishit.player.v2                 D  [SERIES] DTO→Raw #6100 | id=xtream:series:2929 | title="Top of the Lake" | sourceType=XTREAM | Fields: ✓[plot(379c), cast, poster, duration=2700000ms] ✗[year, director, backdrop, tmdb]
2026-01-30 13:24:54.903 23864-23958 XTC                     com.fishit.player.v2                 D  [VOD] DTO→Raw #8500 | id=xtream:vod:641588 | title="Meinen Hass bekommt ihr nicht | 2022 | 5" | sourceType=XTREAM | Fields: ✓[year=2022, poster] ✗[plot, cast, director, backdrop, duration, tmdb]
2026-01-30 13:24:54.905 23864-24779 XtreamCatalogScanWorker com.fishit.player.v2                 D  PROGRESS discovered=24176 persisted=22000 phase=N/A
2026-01-30 13:24:54.942 23864-24261 XTC                     com.fishit.player.v2                 D  [SERIES] DTO→Raw #6150 | id=xtream:series:3034 | title="Threesome - Ein Dreier mit Folgen" | sourceType=XTREAM | Fields: ✓[plot(308c), cast, poster, duration=1440000ms] ✗[year, director, backdrop, tmdb]
2026-01-30 13:24:54.951 23864-23956 XTC                     com.fishit.player.v2                 D  [LIVE] DTO→Raw #9600 | id=xtream:live:102696 | title="DE: Vera Marvel 5" | sourceType=XTREAM | Fields: ✓[poster] ✗[year, plot, cast, director, backdrop, duration, tmdb]
2026-01-30 13:24:55.322 23864-23875 ishit.player.v2         com.fishit.player.v2                 I  Background concurrent copying GC freed 997087(54MB) AllocSpace objects, 0(0B) LOS objects, 23% free, 77MB/101MB, paused 970us,278us total 763.968ms
2026-01-30 13:24:55.376 23864-24222 NxWorkRepository        com.fishit.player.v2                 I  observeByType EMITTING: type=SERIES, count=50
2026-01-30 13:24:56.036 23864-23875 ishit.player.v2         com.fishit.player.v2                 I  Background young concurrent copying GC freed 483014(16MB) AllocSpace objects, 0(0B) LOS objects, 0% free, 103MB/103MB, paused 280us,152us total 343.040ms
2026-01-30 13:24:56.296 23864-23941 NxWorkRepository        com.fishit.player.v2                 I  observeByType EMITTING: type=SERIES, count=50
2026-01-30 13:24:56.844 23864-23875 ishit.player.v2         com.fishit.player.v2                 I  Background concurrent copying GC freed 850316(48MB) AllocSpace objects, 12(240KB) LOS objects, 18% free, 103MB/127MB, paused 245us,273us total 806.049ms
2026-01-30 13:24:57.236 23864-23864 ViewRootIm...nActivity] com.fishit.player.v2                 I  ViewPostIme pointer 0
2026-01-30 13:24:57.338 23864-23864 ViewRootIm...nActivity] com.fishit.player.v2                 I  ViewPostIme pointer 1
2026-01-30 13:24:57.400 23864-23864 Dialog                  com.fishit.player.v2                 I  mIsDeviceDefault = false, mIsSamsungBasicInteraction = false, isMetaDataInActivity = false
2026-01-30 13:24:57.417 23864-23864 DecorView               com.fishit.player.v2                 I  setWindowBackground: isPopOver=false color=0 d=android.graphics.drawable.ColorDrawable@2980ab2
2026-01-30 13:24:57.445 23864-23864 WindowOnBackDispatcher  com.fishit.player.v2                 W  OnBackInvokedCallback is not enabled for the application.
                                                                                                    Set 'android:enableOnBackInvokedCallback="true"' in the application manifest.
2026-01-30 13:24:57.447 23864-23864 WindowManager           com.fishit.player.v2                 I  WindowManagerGlobal#addView, ty=2, view=DecorView@4a43e99[MainActivity], caller=android.view.WindowManagerImpl.addView:150 android.app.Dialog.show:512 androidx.compose.material3.ModalBottomSheet_androidKt$ModalBottomSheetDialog$1$1.invoke:307
2026-01-30 13:24:57.454 23864-23961 NativeCust...ncyManager com.fishit.player.v2                 D  [NativeCFMS] BpCustomFrequencyManager::BpCustomFrequencyManager()
2026-01-30 13:24:57.473 23864-23864 InsetsController        com.fishit.player.v2                 I  onStateChanged: host=com.fishit.player.v2/com.fishit.player.v2.MainActivity, from=android.view.ViewRootImpl.setView:1753, state=InsetsState: {mDisplayFrame=Rect(0, 0 - 1080, 2400), mDisplayCutout=DisplayCutout{insets=Rect(0, 80 - 0, 0) waterfall=Insets{left=0, top=0, right=0, bottom=0} boundingRect={Bounds=[Rect(0, 0 - 0, 0), Rect(510, 0 - 570, 80), Rect(0, 0 - 0, 0), Rect(0, 0 - 0, 0)]} cutoutPathParserInfo={CutoutPathParserInfo{displayWidth=1080 displayHeight=2400 physicalDisplayWidth=1080 physicalDisplayHeight=2400 density={3.0} cutoutSpec={M 0,0 H -10 V 26.66666666666667 H 10 V 0 H 0 Z @dp} rotation={0} scale={1.0} physicalPixelDisplaySizeRatio={1.0}}}}, mRoundedCorners=RoundedCorners{[RoundedCorner{position=TopLeft, radius=90, center=Point(90, 90)}, RoundedCorner{position=TopRight, radius=90, center=Point(990, 90)}, RoundedCorner{position=BottomRight, radius=90, center=Point(990, 2310)}, RoundedCorner{position=BottomLeft, radius=90, center=Point(90, 2310)}]}  mRoundedCornerFrame=Rect(0, 0 - 1080, 2400), mPrivacyIndicatorBounds=PrivacyIndicatorBounds {static bounds=Rect(948, 0 - 1080, 80) rotation=0}, mDisplayShape=DisplayShape{ spec=-311912193 displayWidth=1080 displayHeight=2400 physicalPixelDisplaySizeRatio=1.0 rotation=0 offsetX=0 offsetY=0 scale=1.0}, mSources= { InsetsSource: {3 mType=ime mFrame=[0,0][0,0] mVisible=false mFlags=[]}, InsetsSource: {27 mType=displayCutout mFrame=[0,0][1080,80] mVisible=true mFlags=[]}, InsetsSource: {24df0000 mType=statusBars mFrame=[0,0][1080,80] mVisible=true mFlags=[]}, InsetsSource: {24df0005 mType=mandatorySystemGestures mFrame=[0,0][1080,116] mVisible=true mFlags=[]}, InsetsSource: {24df0006 mType=tappableElement mFrame=[0,0][1080,80] mVisible=true mFlags=[]}, InsetsSource: {68b60001 mType=navigationBars mFrame=[0,2256][1080,2400] mVisible=true mFlags=[]}, InsetsSource: {68b60004 mType=systemGestures mFrame=[0,0][0,0] mVisible=true mFlags=[]}, InsetsSource: {68b60005 mType=mandatorySystemGestures mFrame=[0,2256][1080,2400] mVisible=true mFlags=[]}, InsetsSource: {68b60006 mType=tappableElement mFrame=[0,2256][1080,2400] mVisible=true mFlags=[]}, InsetsSource: {68b60024 mType=systemGestures mFrame=[0,0][0,0] mVisible=true mFlags=[]} }
2026-01-30 13:24:57.476 23864-23864 ViewRootIm...nActivity] com.fishit.player.v2                 I  synced displayState. AttachInfo displayState=2
2026-01-30 13:24:57.476 23864-23864 ViewRootIm...nActivity] com.fishit.player.v2                 I  setView = com.android.internal.policy.DecorView@4a43e99 TM=true
2026-01-30 13:24:57.486 23864-23864 WindowOnBackDispatcher  com.fishit.player.v2                 W  OnBackInvokedCallback is not enabled for the application.
                                                                                                    Set 'android:enableOnBackInvokedCallback="true"' in the application manifest.
2026-01-30 13:24:57.814 23864-23875 ishit.player.v2         com.fishit.player.v2                 I  Background young concurrent copying GC freed 556406(17MB) AllocSpace objects, 0(0B) LOS objects, 0% free, 143MB/143MB, paused 206us,1.207ms total 597.342ms
2026-01-30 13:24:58.640 23864-23864 InsetsSourceConsumer    com.fishit.player.v2                 I  applyRequestedVisibilityToControl: visible=true, type=navigationBars, host=com.fishit.player.v2/com.fishit.player.v2.MainActivity
2026-01-30 13:24:58.641 23864-23864 InsetsSourceConsumer    com.fishit.player.v2                 I  applyRequestedVisibilityToControl: visible=true, type=statusBars, host=com.fishit.player.v2/com.fishit.player.v2.MainActivity
2026-01-30 13:24:58.643 23864-23864 BLASTBufferQueue_Java   com.fishit.player.v2                 I  new BLASTBufferQueue, mName= ViewRootImpl@5f12b55[MainActivity] mNativeObject= 0xb400007a14e812f0 sc.mNativeObject= 0xb400007b04e485d0 caller= android.view.ViewRootImpl.updateBlastSurfaceIfNeeded:3028 android.view.ViewRootImpl.relayoutWindow:10131 android.view.ViewRootImpl.performTraversals:4110 android.view.ViewRootImpl.doTraversal:3288 android.view.ViewRootImpl$TraversalRunnable.run:11344 android.view.Choreographer$CallbackRecord.run:1689 android.view.Choreographer$CallbackRecord.run:1698 android.view.Choreographer.doCallbacks:1153 android.view.Choreographer.doFrame:1079 android.view.Choreographer$FrameDisplayEventReceiver.run:1646
2026-01-30 13:24:58.644 23864-23864 BLASTBufferQueue_Java   com.fishit.player.v2                 I  update, w= 1080 h= 2400 mName = ViewRootImpl@5f12b55[MainActivity] mNativeObject= 0xb400007a14e812f0 sc.mNativeObject= 0xb400007b04e485d0 format= -2 caller= android.graphics.BLASTBufferQueue.<init>:89 android.view.ViewRootImpl.updateBlastSurfaceIfNeeded:3028 android.view.ViewRootImpl.relayoutWindow:10131 android.view.ViewRootImpl.performTraversals:4110 android.view.ViewRootImpl.doTraversal:3288 android.view.ViewRootImpl$TraversalRunnable.run:11344
2026-01-30 13:24:58.647 23864-23864 ViewRootIm...nActivity] com.fishit.player.v2                 I  Relayout returned: old=(0,0,1080,2400) new=(0,0,1080,2400) relayoutAsync=false req=(1080,2400)0 dur=14 res=0x403 s={true 0xb400007994e442a0} ch=true seqId=0
2026-01-30 13:24:58.649 23864-23864 ViewRootIm...nActivity] com.fishit.player.v2                 I  performConfigurationChange setNightDimText nightDimLevel=0
2026-01-30 13:24:58.651 23864-23864 ViewRootIm...nActivity] com.fishit.player.v2                 D  mThreadedRenderer.initialize() mSurface={isValid=true 0xb400007994e442a0} hwInitialized=true
2026-01-30 13:24:58.744 23864-23875 ishit.player.v2         com.fishit.player.v2                 I  Background concurrent copying GC freed 1708106(94MB) AllocSpace objects, 2(68KB) LOS objects, 19% free, 98MB/122MB, paused 250us,331us total 929.468ms
2026-01-30 13:24:58.909 23864-23864 ViewRootIm...nActivity] com.fishit.player.v2                 D  reportNextDraw android.view.ViewRootImpl.performTraversals:4718 android.view.ViewRootImpl.doTraversal:3288 android.view.ViewRootImpl$TraversalRunnable.run:11344 android.view.Choreographer$CallbackRecord.run:1689 android.view.Choreographer$CallbackRecord.run:1698
2026-01-30 13:24:58.909 23864-23864 ViewRootIm...nActivity] com.fishit.player.v2                 I  Setup new sync=wmsSync-ViewRootImpl@5f12b55[MainActivity]#2
2026-01-30 13:24:58.910 23864-23864 ViewRootIm...nActivity] com.fishit.player.v2                 I  Creating new active sync group ViewRootImpl@5f12b55[MainActivity]#3
2026-01-30 13:24:58.911 23864-23864 ViewRootIm...nActivity] com.fishit.player.v2                 I  registerCallbacksForSync syncBuffer=false
2026-01-30 13:24:59.034 23864-23981 ViewRootIm...nActivity] com.fishit.player.v2                 I  Received frameDrawingCallback syncResult=0 frameNum=1.
2026-01-30 13:24:59.035 23864-23981 ViewRootIm...nActivity] com.fishit.player.v2                 I  mWNT: t=0xb4000078e4e80230 mBlastBufferQueue=0xb400007a14e812f0 fn= 1 mRenderHdrSdrRatio=1.0 caller= android.view.ViewRootImpl$8.onFrameDraw:13841 android.view.ThreadedRenderer$1.onFrameDraw:792 <bottom of call stack>
2026-01-30 13:24:59.035 23864-23981 ViewRootIm...nActivity] com.fishit.player.v2                 I  Setting up sync and frameCommitCallback
2026-01-30 13:24:59.039 23864-23961 BLASTBufferQueue        com.fishit.player.v2                 I  [ViewRootImpl@5f12b55[MainActivity]#1](f:0,a:0,s:0) onFrameAvailable the first frame is available
2026-01-30 13:24:59.040 23864-23961 ViewRootIm...nActivity] com.fishit.player.v2                 I  Received frameCommittedCallback lastAttemptedDrawFrameNum=1 didProduceBuffer=true
2026-01-30 13:24:59.042 23864-23961 OpenGLRenderer          com.fishit.player.v2                 D  CFMS:: SetUp Pid : 23864    Tid : 23961
2026-01-30 13:24:59.043 23864-23864 ViewRootIm...nActivity] com.fishit.player.v2                 I  reportDrawFinished seqId=0
2026-01-30 13:24:59.044 23864-23864 Choreographer           com.fishit.player.v2                 I  Skipped 101 frames!  The application may be doing too much work on its main thread.
2026-01-30 13:24:59.058 23864-23880 OpenGLRenderer          com.fishit.player.v2                 I  Davey! duration=1709ms; Flags=1, FrameTimelineVsyncId=2235652, IntendedVsync=49401832237864, Vsync=49401832237864, InputEventId=0, HandleInputStart=49401833214817, AnimationStart=49401846149394, PerformTraversalsStart=49401979770548, DrawStart=49403413130086, FrameDeadline=49401848904530, FrameInterval=49401833173856, FrameStartTime=16687792, SyncQueued=49403534961432, SyncStart=49403535120085, IssueDrawCommandsStart=49403535662162, SwapBuffers=49403537989124, FrameCompleted=49403541684201, DequeueBufferDuration=29346, QueueBufferDuration=731307, GpuCompleted=49403541606355, SwapBuffersCompleted=49403541684201, DisplayPresentTime=17179869186, CommandSubmissionCompleted=49403537989124,
2026-01-30 13:24:59.089 23864-23864 BLASTBufferQueue_Java   com.fishit.player.v2                 I  update, w= 1080 h= 2400 mName = ViewRootImpl@5f12b55[MainActivity] mNativeObject= 0xb400007a14e812f0 sc.mNativeObject= 0xb400007b04e485d0 format= -2 caller= android.view.ViewRootImpl.updateBlastSurfaceIfNeeded:3017 android.view.ViewRootImpl.relayoutWindow:10131 android.view.ViewRootImpl.performTraversals:4110 android.view.ViewRootImpl.doTraversal:3288 android.view.ViewRootImpl$TraversalRunnable.run:11344 android.view.Choreographer$CallbackRecord.run:1689
2026-01-30 13:24:59.090 23864-23864 ViewRootIm...nActivity] com.fishit.player.v2                 I  Relayout returned: old=(0,0,1080,2400) new=(0,0,1080,2400) relayoutAsync=true req=(1080,2400)0 dur=0 res=0x0 s={true 0xb400007994e442a0} ch=false seqId=0
2026-01-30 13:24:59.091 23864-23864 ViewRootIm...nActivity] com.fishit.player.v2                 I  registerCallbackForPendingTransactions
2026-01-30 13:24:59.093 23864-23982 ViewRootIm...nActivity] com.fishit.player.v2                 I  mWNT: t=0xb4000078e4e60830 mBlastBufferQueue=0xb400007a14e812f0 fn= 2 mRenderHdrSdrRatio=1.0 caller= android.view.ViewRootImpl$6.onFrameDraw:5635 android.view.ViewRootImpl$2.onFrameDraw:2146 android.view.ThreadedRenderer$1.onFrameDraw:792
2026-01-30 13:24:59.095 23864-23961 OpenGLRenderer          com.fishit.player.v2                 D  HWUI - treat SMPTE_170M as sRGB
2026-01-30 13:24:59.107 23864-23880 OpenGLRenderer          com.fishit.player.v2                 I  Davey! duration=1747ms; Flags=0, FrameTimelineVsyncId=2235670, IntendedVsync=49401848966153, Vsync=49403534433145, InputEventId=0, HandleInputStart=49403546551662, AnimationStart=49403546618432, PerformTraversalsStart=49403588472855, DrawStart=49403592879816, FrameDeadline=49403567747106, FrameInterval=49403545537701, FrameStartTime=16687792, SyncQueued=49403593434662, SyncStart=49403593596470, IssueDrawCommandsStart=49403593741316, SwapBuffers=49403595012355, FrameCompleted=49403596832355, DequeueBufferDuration=17692, QueueBufferDuration=321615, GpuCompleted=49403596832355, SwapBuffersCompleted=49403596605585, DisplayPresentTime=8589934592, CommandSubmissionCompleted=49403595012355,
2026-01-30 13:24:59.117 23864-23864 ViewRootIm...nActivity] com.fishit.player.v2                 I  handleWindowFocusChanged: 0 0 call from android.view.ViewRootImpl.-$$Nest$mhandleWindowFocusChanged:0
2026-01-30 13:24:59.118 23864-23864 ImeFocusController      com.fishit.player.v2                 I  onPreWindowFocus: skipped, hasWindowFocus=false mHasImeFocus=true
2026-01-30 13:24:59.118 23864-23864 ImeFocusController      com.fishit.player.v2                 I  onPostWindowFocus: skipped, hasWindowFocus=false mHasImeFocus=true
2026-01-30 13:24:59.151 23864-23864 ViewRootIm...nActivity] com.fishit.player.v2                 I  handleWindowFocusChanged: 1 0 call from android.view.ViewRootImpl.-$$Nest$mhandleWindowFocusChanged:0
2026-01-30 13:24:59.151 23864-23864 ViewRootIm...nActivity] com.fishit.player.v2                 D  mThreadedRenderer.initializeIfNeeded()#2 mSurface={isValid=true 0xb400007994e442a0}
2026-01-30 13:24:59.152 23864-23864 InputMethodManagerUtils com.fishit.player.v2                 D  startInputInner - Id : 0
2026-01-30 13:24:59.153 23864-23864 InputMethodManager      com.fishit.player.v2                 I  startInputInner - IInputMethodManagerGlobalInvoker.startInputOrWindowGainedFocus
2026-01-30 13:24:59.264 23864-23864 InsetsSourceConsumer    com.fishit.player.v2                 I  applyRequestedVisibilityToControl: visible=false, type=ime, host=com.fishit.player.v2/com.fishit.player.v2.MainActivity
2026-01-30 13:24:59.493 23864-23875 ishit.player.v2         com.fishit.player.v2                 I  Background young concurrent copying GC freed 643269(25MB) AllocSpace objects, 0(0B) LOS objects, 6% free, 115MB/122MB, paused 250us,192us total 359.910ms
2026-01-30 13:24:59.753 23864-23942 NxWorkRepository        com.fishit.player.v2                 I  observeByType EMITTING: type=MOVIE, count=50
2026-01-30 13:25:00.187 23864-23875 ishit.player.v2         com.fishit.player.v2                 I  Background concurrent copying GC freed 1541628(84MB) AllocSpace objects, 0(0B) LOS objects, 23% free, 77MB/101MB, paused 297us,1.703ms total 581.650ms
2026-01-30 13:25:00.188 23864-23876 InputTransport          com.fishit.player.v2                 D  Input channel destroyed: 'ClientS', fd=216
2026-01-30 13:25:00.938 23864-24243 CatalogSyncService      com.fishit.player.v2                 W  Xtream batch (NX): ingested=400 failed=0 hint_warnings=86 ingest_ms=15371 total_ms=15380
2026-01-30 13:25:00.976 23864-23941 XTC                     com.fishit.player.v2                 D  [VOD] DTO→Raw #8550 | id=xtream:vod:639373 | title="A Life Too Short: The Isabella Nardoni C" | sourceType=XTREAM | Fields: ✓[year=2023, poster] ✗[plot, cast, director, backdrop, duration, tmdb]
2026-01-30 13:25:00.983 23864-24243 CatalogSyncService      com.fishit.player.v2                 D  Persisting Xtream catalog batch (NX-ONLY): 400 items (canonical_linking=true)
2026-01-30 13:25:00.996 23864-23957 XTC                     com.fishit.player.v2                 D  [VOD] DTO→Raw #8600 | id=xtream:vod:622323 | title="Operacja: Soulcatcher | 2023 | 6.4 |" | sourceType=XTREAM | Fields: ✓[year=2023, poster] ✗[plot, cast, director, backdrop, duration, tmdb]
2026-01-30 13:25:01.002 23864-24245 XTC                     com.fishit.player.v2                 D  [SERIES] DTO→Raw #6200 | id=xtream:series:3154 | title="Toy Boy" | sourceType=XTREAM | Fields: ✓[plot(169c), cast, poster, duration=3600000ms] ✗[year, director, backdrop, tmdb]
2026-01-30 13:25:01.009 23864-23956 XTC                     com.fishit.player.v2                 D  [LIVE] DTO→Raw #9650 | id=xtream:live:150141 | title="DE-SELECT: 2 - ANEMONE" | sourceType=XTREAM | Fields: ✓[poster] ✗[year, plot, cast, director, backdrop, duration, tmdb]
2026-01-30 13:25:01.028 23864-23875 ishit.player.v2         com.fishit.player.v2                 I  Background young concurrent copying GC freed 391947(12MB) AllocSpace objects, 0(0B) LOS objects, 0% free, 115MB/115MB, paused 238us,315us total 437.919ms
2026-01-30 13:25:01.049 23864-23956 XTC                     com.fishit.player.v2                 D  [LIVE] DTO→Raw #9700 | id=xtream:live:376376 | title="DE: One Piece - 5 Premium 24/7" | sourceType=XTREAM | Fields: ✓[poster] ✗[year, plot, cast, director, backdrop, duration, tmdb]
2026-01-30 13:25:01.051 23864-23957 XTC                     com.fishit.player.v2                 D  [VOD] DTO→Raw #8650 | id=xtream:vod:613244 | title="Bird Box: Barcelona | 2023 | 6.7 |" | sourceType=XTREAM | Fields: ✓[year=2023, poster] ✗[plot, cast, director, backdrop, duration, tmdb]
2026-01-30 13:25:01.833 23864-23875 ishit.player.v2         com.fishit.player.v2                 I  Background concurrent copying GC freed 1200367(61MB) AllocSpace objects, 0(0B) LOS objects, 19% free, 97MB/121MB, paused 220us,193us total 794.734ms
2026-01-30 13:25:02.480 23864-23864 ViewRootIm...nActivity] com.fishit.player.v2                 I  ViewPostIme pointer 0
2026-01-30 13:25:02.542 23864-23864 ViewRootIm...nActivity] com.fishit.player.v2                 I  ViewPostIme pointer 1
2026-01-30 13:25:02.574 23864-23875 ishit.player.v2         com.fishit.player.v2                 I  Background young concurrent copying GC freed 506703(16MB) AllocSpace objects, 0(0B) LOS objects, 0% free, 131MB/131MB, paused 372us,199us total 441.916ms
2026-01-30 13:25:03.198 23864-23875 ishit.player.v2         com.fishit.player.v2                 I  Background concurrent copying GC freed 1583211(86MB) AllocSpace objects, 1(16KB) LOS objects, 23% free, 77MB/101MB, paused 328us,292us total 622.081ms
2026-01-30 13:25:03.249 23864-24246 CatalogSyncService      com.fishit.player.v2                 W  Xtream batch (NX): ingested=400 failed=0 hint_warnings=81 ingest_ms=17409 total_ms=17410
2026-01-30 13:25:03.259 23864-23952 XTC                     com.fishit.player.v2                 D  [SERIES] DTO→Raw #6250 | id=xtream:series:3216 | title="Westwall" | sourceType=XTREAM | Fields: ✓[poster] ✗[year, plot, cast, director, backdrop, duration, tmdb]
2026-01-30 13:25:03.283 23864-23956 XTC                     com.fishit.player.v2                 D  [VOD] DTO→Raw #8700 | id=xtream:vod:580171 | title="Infinity Pool | 2023 | 6.3" | sourceType=XTREAM | Fields: ✓[year=2023, poster] ✗[plot, cast, director, backdrop, duration, tmdb]
2026-01-30 13:25:03.286 23864-24245 XTC                     com.fishit.player.v2                 D  [LIVE] DTO→Raw #9750 | id=xtream:live:360770 | title="DE: Wickie und die starken Maenner 2 - 2" | sourceType=XTREAM | Fields: ✓[poster] ✗[year, plot, cast, director, backdrop, duration, tmdb]
2026-01-30 13:25:03.291 23864-24246 CatalogSyncService      com.fishit.player.v2                 D  Persisting Xtream catalog batch (NX-ONLY): 400 items (canonical_linking=true)
2026-01-30 13:25:03.320 23864-23956 XTC                     com.fishit.player.v2                 D  [VOD] DTO→Raw #8750 | id=xtream:vod:414905 | title="Scream 6 (2023)" | sourceType=XTREAM | Fields: ✓[year=2023, poster] ✗[plot, cast, director, backdrop, duration, tmdb]
2026-01-30 13:25:03.345 23864-24223 XTC                     com.fishit.player.v2                 D  [SERIES] DTO→Raw #6300 | id=xtream:series:3275 | title="Lore" | sourceType=XTREAM | Fields: ✓[plot(668c), cast, poster, duration=2400000ms] ✗[year, director, backdrop, tmdb]
2026-01-30 13:25:03.365 23864-24245 XTC                     com.fishit.player.v2                 D  [LIVE] DTO→Raw #9800 | id=xtream:live:769591 | title="Black Visionaries" | sourceType=XTREAM | Fields: ✓[poster] ✗[year, plot, cast, director, backdrop, duration, tmdb]
2026-01-30 13:25:03.379 23864-23956 XTC                     com.fishit.player.v2                 D  [VOD] DTO→Raw #8800 | id=xtream:vod:383802 | title="American Murderer (2022)" | sourceType=XTREAM | Fields: ✓[year=2022, poster] ✗[plot, cast, director, backdrop, duration, tmdb]
2026-01-30 13:25:03.399 23864-24245 XTC                     com.fishit.player.v2                 D  [LIVE] DTO→Raw #9850 | id=xtream:live:769641 | title="Perry Mason" | sourceType=XTREAM | Fields: ✓[poster] ✗[year, plot, cast, director, backdrop, duration, tmdb]
2026-01-30 13:25:03.403 23864-24223 XTC                     com.fishit.player.v2                 D  [SERIES] DTO→Raw #6350 | id=xtream:series:3341 | title="Gordon Ramsay: Uncharted" | sourceType=XTREAM | Fields: ✓[cast, poster, duration=2820000ms] ✗[year, plot, director, backdrop, tmdb]
2026-01-30 13:25:03.410 23864-23956 XTC                     com.fishit.player.v2                 D  [VOD] DTO→Raw #8850 | id=xtream:vod:383892 | title="Familie um jeden Preis (2022)" | sourceType=XTREAM | Fields: ✓[year=2022, poster] ✗[plot, cast, director, backdrop, duration, tmdb]
2026-01-30 13:25:04.060 23864-23875 ishit.player.v2         com.fishit.player.v2                 I  Background young concurrent copying GC freed 413811(13MB) AllocSpace objects, 0(0B) LOS objects, 0% free, 113MB/113MB, paused 265us,503us total 479.131ms
2026-01-30 13:25:04.610 23864-23958 NxWorkRepository        com.fishit.player.v2                 I  observeByType EMITTING: type=MOVIE, count=50
2026-01-30 13:25:04.910 23864-23875 ishit.player.v2         com.fishit.player.v2                 I  Background concurrent copying GC freed 1094573(64MB) AllocSpace objects, 0(0B) LOS objects, 19% free, 101MB/125MB, paused 260us,418us total 849.472ms
2026-01-30 13:25:05.684 23864-23875 ishit.player.v2         com.fishit.player.v2                 I  Background young concurrent copying GC freed 728079(28MB) AllocSpace objects, 0(0B) LOS objects, 2% free, 122MB/125MB, paused 295us,231us total 431.326ms
2026-01-30 13:25:06.638 23864-23875 ishit.player.v2         com.fishit.player.v2                 I  Background concurrent copying GC freed 1618601(79MB) AllocSpace objects, 0(0B) LOS objects, 19% free, 98MB/122MB, paused 311us,400us total 911.949ms
2026-01-30 13:25:06.927 23864-23942 NxWorkRepository        com.fishit.player.v2                 I  observeByType EMITTING: type=MOVIE, count=50
2026-01-30 13:25:07.235 23864-23875 ishit.player.v2         com.fishit.player.v2                 I  Background young concurrent copying GC freed 508779(16MB) AllocSpace objects, 0(0B) LOS objects, 3% free, 117MB/122MB, paused 339us,200us total 233.646ms
2026-01-30 13:25:08.106 23864-23864 ViewRootIm...nActivity] com.fishit.player.v2                 I  ViewPostIme key 0
2026-01-30 13:25:08.158 23864-23864 ViewRootIm...nActivity] com.fishit.player.v2                 I  ViewPostIme key 1
2026-01-30 13:25:08.264 23864-23875 ishit.player.v2         com.fishit.player.v2                 I  Background concurrent copying GC freed 1136833(66MB) AllocSpace objects, 0(0B) LOS objects, 18% free, 108MB/132MB, paused 239us,273us total 976.175ms
2026-01-30 13:25:08.328 23864-23864 WindowManager           com.fishit.player.v2                 I  WindowManagerGlobal#removeView, ty=2, view=DecorView@4a43e99[MainActivity], caller=android.view.WindowManagerGlobal.removeView:628 android.view.WindowManagerImpl.removeViewImmediate:208 android.app.Dialog.dismissDialog:801
2026-01-30 13:25:08.330 23864-23864 WindowOnBackDispatcher  com.fishit.player.v2                 W  sendCancelIfRunning: isInProgress=falsecallback=android.view.ViewRootImpl$$ExternalSyntheticLambda19@4bcdc09
2026-01-30 13:25:08.353 23864-23956 ObjectBoxPagingSource   com.fishit.player.v2                 D  🔍 DB Query: offset=0 loadSize=150 → results=150
2026-01-30 13:25:08.501 23864-23864 ViewRootIm...nActivity] com.fishit.player.v2                 I  dispatchDetachedFromWindow
2026-01-30 13:25:08.522 23864-23864 InputTransport          com.fishit.player.v2                 D  Input channel destroyed: '8b356d6', fd=142
2026-01-30 13:25:08.524  1438-1573  WindowManager           system_server                        E  win=Window{8b356d6 u0 com.fishit.player.v2/com.fishit.player.v2.MainActivity EXITING} destroySurfaces: appStopped=false cleanupOnResume=false win.mWindowRemovalAllowed=true win.mRemoveOnExit=true win.mViewVisibility=0 caller=com.android.server.wm.WindowState.onExitAnimationDone:5764 com.android.server.wm.WindowStateAnimator.onAnimationFinished:208 com.android.server.wm.WindowState.onAnimationFinished:5995 com.android.server.wm.WindowContainer$$ExternalSyntheticLambda4.onAnimationFinished:0 com.android.server.wm.SurfaceAnimator.lambda$getFinishedCallback$0:140 com.android.server.wm.SurfaceAnimator.$r8$lambda$eYT7rjaBOE8bCIRq043wVzQ_RTM:0 com.android.server.wm.SurfaceAnimator$$ExternalSyntheticLambda1.run:0
