2026-01-30 09:33:19.286 17307-18070 TrafficStats            com.fishit.player.v2                 D  tagSocket(165) with statsTag=0xffffffff, statsUid=-1
2026-01-30 09:33:19.288 17307-18071 TrafficStats            com.fishit.player.v2                 D  tagSocket(169) with statsTag=0xffffffff, statsUid=-1
2026-01-30 09:33:19.617 17307-17611 XtreamApiClient         com.fishit.player.v2                 D  NetworkProbe: HTTP 200 for konigtv.com/player_api.php | bytes=707 contentType=application/json
2026-01-30 09:33:19.619 17307-17582 XtreamApiClient         com.fishit.player.v2                 D  NetworkProbe: HTTP 200 for konigtv.com/player_api.php | bytes=321 contentType=application/json
2026-01-30 09:33:19.621 17307-17610 XtreamApiClient         com.fishit.player.v2                 D  NetworkProbe: HTTP 200 for konigtv.com/player_api.php | bytes=1557 contentType=application/json
2026-01-30 09:33:19.628 17307-17609 XtreamApiClient         com.fishit.player.v2                 D  NetworkProbe: HTTP 200 for konigtv.com/player_api.php | bytes=1790 contentType=application/json
2026-01-30 09:33:19.629 17307-17611 XtreamApiClient         com.fishit.player.v2                 D  NetworkProbe: Manually decompressed gzip body for konigtv.com/player_api.php | original=707 decompressed=3753
2026-01-30 09:33:19.635 17307-17582 XtreamApiClient         com.fishit.player.v2                 D  NetworkProbe: Manually decompressed gzip body for konigtv.com/player_api.php | original=321 decompressed=458
2026-01-30 09:33:19.636 17307-17610 XtreamApiClient         com.fishit.player.v2                 D  NetworkProbe: Manually decompressed gzip body for konigtv.com/player_api.php | original=1557 decompressed=10494
2026-01-30 09:33:19.636 17307-17609 XtreamApiClient         com.fishit.player.v2                 D  NetworkProbe: Manually decompressed gzip body for konigtv.com/player_api.php | original=1790 decompressed=11946
2026-01-30 09:33:19.785 17307-17590 XtreamApiClient         com.fishit.player.v2                 D  NetworkProbe: HTTP 200 for konigtv.com/player_api.php | bytes=259421 contentType=application/json
2026-01-30 09:33:19.865 17307-17323 InputTransport          com.fishit.player.v2                 D  Input channel destroyed: 'ClientS', fd=142
2026-01-30 09:33:19.866 17307-17323 InputTransport          com.fishit.player.v2                 D  Input channel destroyed: 'ClientS', fd=126
2026-01-30 09:33:19.866 17307-17323 InputTransport          com.fishit.player.v2                 D  Input channel destroyed: 'ClientS', fd=77
2026-01-30 09:33:19.867 17307-17324 System                  com.fishit.player.v2                 W  A resource failed to call release.
2026-01-30 09:33:19.873 17307-17590 XtreamApiClient         com.fishit.player.v2                 D  NetworkProbe: Manually decompressed gzip body for konigtv.com/player_api.php | original=259421 decompressed=3288108
2026-01-30 09:33:20.230 17307-17589 XtreamApiClient         com.fishit.player.v2                 D  NetworkProbe: HTTP 200 for konigtv.com/player_api.php | bytes=2042967 contentType=application/json
2026-01-30 09:33:20.414 17307-17589 XtreamApiClient         com.fishit.player.v2                 D  NetworkProbe: Manually decompressed gzip body for konigtv.com/player_api.php | original=2042967 decompressed=6214125
2026-01-30 09:33:21.323 17307-17579 XtreamApiClient         com.fishit.player.v2                 D  NetworkProbe: HTTP 200 for konigtv.com/player_api.php | bytes=321 contentType=application/json
2026-01-30 09:33:21.327 17307-17579 XtreamApiClient         com.fishit.player.v2                 D  NetworkProbe: Manually decompressed gzip body for konigtv.com/player_api.php | original=321 decompressed=458
2026-01-30 09:33:21.335 17307-17579 XtreamApiClient         com.fishit.player.v2                 D  buildPlayerApiUrl: action=get_short_epg -> konigtv.com/player_api.php
2026-01-30 09:33:21.385 17307-17579 XtreamApiClient         com.fishit.player.v2                 D  NetworkProbe: HTTP 200 for konigtv.com/player_api.php | bytes=39 contentType=application/json
2026-01-30 09:33:21.388 17307-17579 XtreamApiClient         com.fishit.player.v2                 D  NetworkProbe: Manually decompressed gzip body for konigtv.com/player_api.php | original=39 decompressed=19
2026-01-30 09:33:21.398 17307-17579 XtreamApiClient         com.fishit.player.v2                 D  buildPlayerApiUrl: action=null -> konigtv.com/player_api.php
2026-01-30 09:33:21.400 17307-17579 XtreamApiClient         com.fishit.player.v2                 D  getServerInfo: Fetching from konigtv.com/player_api.php
2026-01-30 09:33:21.515 17307-17579 XtreamApiClient         com.fishit.player.v2                 D  NetworkProbe: HTTP 200 for konigtv.com/player_api.php | bytes=314 contentType=application/json
2026-01-30 09:33:21.517 17307-17579 XtreamApiClient         com.fishit.player.v2                 D  NetworkProbe: Manually decompressed gzip body for konigtv.com/player_api.php | original=314 decompressed=458
2026-01-30 09:33:21.519 17307-17579 XtreamApiClient         com.fishit.player.v2                 D  getServerInfo: Received 458 bytes, parsing...
2026-01-30 09:33:21.532 17307-17579 XtreamApiClient         com.fishit.player.v2                 D  Server info retrieved: konigtv.com
2026-01-30 09:33:21.536 17307-17590 XtreamAuthRepoAdapter   com.fishit.player.v2                 D  connectionState -> Connected(baseUrl=http://konigtv.com:8080, latencyMs=5361) | domain=Connected
2026-01-30 09:33:21.536 17307-17307 XtreamAuthRepoAdapter   com.fishit.player.v2                 D  initialize: API client initialized successfully with capabilities: http://konigtv.com:8080
2026-01-30 09:33:21.537 17307-17590 XtreamAuthRepoAdapter   com.fishit.player.v2                 D  authState -> Authenticated(userInfo=XtreamUserInfo(username=Christoph10, status=ACTIVE, expDateEpoch=1797326326, maxConnections=1, activeConnections=0, isTrial=false, allowedFormats=[m3u8, ts], createdAt=1757512912, message=Welcome)) | domain=Authenticated
2026-01-30 09:33:21.595 17307-17610 SourceActivationStore   com.fishit.player.v2                 D  Loaded state from DataStore: SourceActivationSnapshot(xtream=Active, telegram=Inactive, io=Inactive)
2026-01-30 09:33:21.595 17307-17611 SourceActi...onObserver com.fishit.player.v2                 I  Active sources changed: [XTREAM] → enqueuing auto sync
2026-01-30 09:33:21.595 17307-17589 CatalogSyncBootstrap    com.fishit.player.v2                 D  Source activation check: activeSources=[XTREAM], hasActive=true
2026-01-30 09:33:21.597 17307-17611 CatalogSyncScheduler    com.fishit.player.v2                 D  Enqueueing AUTO sync
2026-01-30 09:33:21.604 17307-17307 SourceActivationStore   com.fishit.player.v2                 I  Source activation changed: XTREAM -> Active
2026-01-30 09:33:21.604 17307-17307 XtreamAuthRepoAdapter   com.fishit.player.v2                 I  initialize: XTREAM source activated
2026-01-30 09:33:21.604 17307-17307 OnboardingViewModel     com.fishit.player.v2                 D  connectXtream: Initialize succeeded, saving credentials
2026-01-30 09:33:21.621 17307-17590 XtreamCredStore         com.fishit.player.v2                 I  Stored credentials: scheme=http, host=konigtv.com, port=8080
2026-01-30 09:33:21.631 17307-17658 Compatibil...geReporter com.fishit.player.v2                 D  Compat change id reported: 194532703; UID 10431; state: ENABLED
2026-01-30 09:33:21.632 17307-17658 Compatibil...geReporter com.fishit.player.v2                 D  Compat change id reported: 253665015; UID 10431; state: ENABLED
2026-01-30 09:33:21.632 17307-17658 WM-SystemJobScheduler   com.fishit.player.v2                 D  Scheduling work ID 0a8905ee-731f-4a13-9cf8-78aab8e92636Job ID 0
2026-01-30 09:33:21.645 17307-17658 WM-GreedyScheduler      com.fishit.player.v2                 D  Starting work for 0a8905ee-731f-4a13-9cf8-78aab8e92636
2026-01-30 09:33:21.647 17307-17307 WM-SystemJobService     com.fishit.player.v2                 D  onStartJob for WorkGenerationalId(workSpecId=0a8905ee-731f-4a13-9cf8-78aab8e92636, generation=0)
2026-01-30 09:33:21.651 17307-17658 WM-Processor            com.fishit.player.v2                 D  Processor: processing WorkGenerationalId(workSpecId=0a8905ee-731f-4a13-9cf8-78aab8e92636, generation=0)
2026-01-30 09:33:21.654 17307-17658 WM-Processor            com.fishit.player.v2                 D  Work WorkGenerationalId(workSpecId=0a8905ee-731f-4a13-9cf8-78aab8e92636, generation=0) is already enqueued for processing
2026-01-30 09:33:21.658 17307-17658 Compatibil...geReporter com.fishit.player.v2                 D  Compat change id reported: 263076149; UID 10431; state: ENABLED
2026-01-30 09:33:21.662 17307-17307 WM-WorkerWrapper        com.fishit.player.v2                 D  Starting work for com.fishit.player.v2.work.CatalogSyncOrchestratorWorker
2026-01-30 09:33:21.663 17307-17590 CatalogSyn...atorWorker com.fishit.player.v2                 I  START sync_run_id=9e13a779-d066-4e2b-8271-e2c572dcef70 mode=auto
2026-01-30 09:33:21.666 17307-17590 RuntimeGuards           com.fishit.player.v2                 D  Manual sync (auto) - skipping battery guard (level=96%)
2026-01-30 09:33:21.667 17307-17590 CatalogSyn...atorWorker com.fishit.player.v2                 I  Active sources check: [XTREAM] (isEmpty=false)
2026-01-30 09:33:21.667 17307-17590 CatalogSyn...atorWorker com.fishit.player.v2                 D  Active sources: [XTREAM] (TELEGRAM=false, XTREAM=true, IO=false)
2026-01-30 09:33:21.668 17307-17590 CatalogSyn...atorWorker com.fishit.player.v2                 D  Enqueued Xtream chain: work_name=catalog_sync_global_xtream policy=KEEP workers=2
2026-01-30 09:33:21.668 17307-17658 WM-PackageManagerHelper com.fishit.player.v2                 D  androidx.work.impl.background.systemalarm.RescheduleReceiver enabled
2026-01-30 09:33:21.669 17307-17590 CatalogSyn...atorWorker com.fishit.player.v2                 D  Telegram not in active sources - skipping Telegram workers
2026-01-30 09:33:21.669 17307-17590 CatalogSyn...atorWorker com.fishit.player.v2                 D  📊 WorkInfo chains enqueued:
                                                                                                      [XTREAM] work_name=catalog_sync_global_xtream → ENQUEUED
                                                                                                      Use 'adb shell dumpsys jobscheduler' or WorkManager Inspector for detailed state
2026-01-30 09:33:21.680 17307-17590 CatalogSyn...atorWorker com.fishit.player.v2                 I  CHAINS_ENQUEUED duration_ms=17 policy=KEEP sources=XTREAM (downstream workers will report completion)
2026-01-30 09:33:21.687 17307-17658 WM-SystemJobScheduler   com.fishit.player.v2                 D  Scheduling work ID fcaa2ce5-6a8e-42c7-a318-aa5b70739236Job ID 1
2026-01-30 09:33:21.695 17307-17658 WM-GreedyScheduler      com.fishit.player.v2                 D  Starting work for fcaa2ce5-6a8e-42c7-a318-aa5b70739236
2026-01-30 09:33:21.695 17307-17307 WM-SystemJobService     com.fishit.player.v2                 D  onStartJob for WorkGenerationalId(workSpecId=fcaa2ce5-6a8e-42c7-a318-aa5b70739236, generation=0)
2026-01-30 09:33:21.697 17307-17658 WM-WorkerWrapper        com.fishit.player.v2                 I  Worker result SUCCESS for Work [ id=0a8905ee-731f-4a13-9cf8-78aab8e92636, tags={ com.fishit.player.v2.work.CatalogSyncOrchestratorWorker,catalog_sync,mode_auto,worker/CatalogSyncOrchestratorWorker } ]
2026-01-30 09:33:21.699 17307-17307 WM-Processor            com.fishit.player.v2                 D  Processor 0a8905ee-731f-4a13-9cf8-78aab8e92636 executed; reschedule = false
2026-01-30 09:33:21.699 17307-17307 WM-SystemJobService     com.fishit.player.v2                 D  0a8905ee-731f-4a13-9cf8-78aab8e92636 executed on JobScheduler
2026-01-30 09:33:21.701 17307-17658 WM-Processor            com.fishit.player.v2                 D  Processor: processing WorkGenerationalId(workSpecId=fcaa2ce5-6a8e-42c7-a318-aa5b70739236, generation=0)
2026-01-30 09:33:21.702 17307-17658 WM-Processor            com.fishit.player.v2                 D  Work WorkGenerationalId(workSpecId=fcaa2ce5-6a8e-42c7-a318-aa5b70739236, generation=0) is already enqueued for processing
2026-01-30 09:33:21.703 17307-17658 WM-GreedyScheduler      com.fishit.player.v2                 D  Cancelling work ID 0a8905ee-731f-4a13-9cf8-78aab8e92636
2026-01-30 09:33:21.710 17307-17307 WM-WorkerWrapper        com.fishit.player.v2                 D  Starting work for com.fishit.player.v2.work.XtreamPreflightWorker
2026-01-30 09:33:21.711 17307-17590 XtreamPreflightWorker   com.fishit.player.v2                 I  START sync_run_id=9e13a779-d066-4e2b-8271-e2c572dcef70 mode=auto source=XTREAM attempt=0/5
2026-01-30 09:33:21.712 17307-17590 RuntimeGuards           com.fishit.player.v2                 D  Manual sync (auto) - skipping battery guard (level=96%)
2026-01-30 09:33:21.712 17307-17590 XtreamPreflightWorker   com.fishit.player.v2                 I  SUCCESS duration_ms=1 (credentials valid)
2026-01-30 09:33:21.714 17307-17659 WM-WorkerWrapper        com.fishit.player.v2                 I  Worker result SUCCESS for Work [ id=fcaa2ce5-6a8e-42c7-a318-aa5b70739236, tags={ com.fishit.player.v2.work.XtreamPreflightWorker,catalog_sync,source_xtream,worker/XtreamPreflightWorker } ]
2026-01-30 09:33:21.715 17307-17659 WM-WorkerWrapper        com.fishit.player.v2                 I  Setting status to enqueued for 07244915-d18a-40d2-894f-165f6bde27f1
2026-01-30 09:33:21.716 17307-17307 WM-Processor            com.fishit.player.v2                 D  Processor fcaa2ce5-6a8e-42c7-a318-aa5b70739236 executed; reschedule = false
2026-01-30 09:33:21.717 17307-17307 WM-SystemJobService     com.fishit.player.v2                 D  fcaa2ce5-6a8e-42c7-a318-aa5b70739236 executed on JobScheduler
2026-01-30 09:33:21.718 17307-17307 ishit.player.v2         com.fishit.player.v2                 W  Accessing hidden field Landroid/app/ActivityThread;->mServices:Landroid/util/ArrayMap; (unsupported, reflection, allowed)
2026-01-30 09:33:21.719 17307-17649 WM-GreedyScheduler      com.fishit.player.v2                 D  Cancelling work ID fcaa2ce5-6a8e-42c7-a318-aa5b70739236
2026-01-30 09:33:21.723 17307-17307 LeakCanary              com.fishit.player.v2                 D  Watching instance of androidx.work.impl.background.systemjob.SystemJobService (androidx.work.impl.background.systemjob.SystemJobService received Service#onDestroy() callback) with key ab5bc283-d76a-4dcd-99aa-fcee98606238
2026-01-30 09:33:21.725 17307-17649 WM-SystemJobScheduler   com.fishit.player.v2                 D  Scheduling work ID 07244915-d18a-40d2-894f-165f6bde27f1Job ID 2
2026-01-30 09:33:21.732 17307-17649 WM-GreedyScheduler      com.fishit.player.v2                 D  Starting work for 07244915-d18a-40d2-894f-165f6bde27f1
2026-01-30 09:33:21.734 17307-17307 WM-SystemJobService     com.fishit.player.v2                 D  onStartJob for WorkGenerationalId(workSpecId=07244915-d18a-40d2-894f-165f6bde27f1, generation=0)
2026-01-30 09:33:21.737 17307-17659 WM-Processor            com.fishit.player.v2                 D  Processor: processing WorkGenerationalId(workSpecId=07244915-d18a-40d2-894f-165f6bde27f1, generation=0)
2026-01-30 09:33:21.739 17307-17659 WM-Processor            com.fishit.player.v2                 D  Work WorkGenerationalId(workSpecId=07244915-d18a-40d2-894f-165f6bde27f1, generation=0) is already enqueued for processing
2026-01-30 09:33:21.904 17307-17307 WM-WorkerWrapper        com.fishit.player.v2                 D  Starting work for com.fishit.player.v2.work.XtreamCatalogScanWorker
2026-01-30 09:33:21.907 17307-17590 XtreamCatalogScanWorker com.fishit.player.v2                 I  START sync_run_id=9e13a779-d066-4e2b-8271-e2c572dcef70 mode=auto source=XTREAM scope=INCREMENTAL runtimeBudgetMs=900000 checkpoint=xtream|v=2|phase=VOD_LIST|offset=0
2026-01-30 09:33:21.910 17307-17590 RuntimeGuards           com.fishit.player.v2                 D  Manual sync (auto) - skipping battery guard (level=96%)
2026-01-30 09:33:21.911 17307-17590 XtreamCatalogScanWorker com.fishit.player.v2                 D  Catalog sync: includeVod=true includeSeries=true includeEpisodes=false (lazy) includeLive=true scope=INCREMENTAL enhanced=true
2026-01-30 09:33:21.912 17307-17590 XtreamCatalogScanWorker com.fishit.player.v2                 I  Using ENHANCED sync: live=600 movies=400 series=200 timeFlush=true
2026-01-30 09:33:21.914 17307-17590 CatalogSyncService      com.fishit.player.v2                 I  Starting enhanced Xtream sync: live=true, vod=true, series=true, episodes=false, excludeSeriesIds=0, episodeParallelism=4, canonical_linking=false
2026-01-30 09:33:21.914 17307-17590 XtreamCatalogScanWorker com.fishit.player.v2                 D  Enhanced catalog sync started
2026-01-30 09:33:21.922 17307-17589 XtreamCatalogPipeline   com.fishit.player.v2                 I  Starting Xtream catalog scan: vod=true, series=true, episodes=false, live=true
2026-01-30 09:33:21.923 17307-17589 XtreamCatalogPipeline   com.fishit.player.v2                 D  [LIVE] Starting sequential scan (streaming-first)...
2026-01-30 09:33:21.923 17307-17590 CatalogSyncService      com.fishit.player.v2                 D  Enhanced scan started
2026-01-30 09:33:21.927 17307-17589 XtreamApiClient         com.fishit.player.v2                 D  buildPlayerApiUrl: action=get_live_streams -> konigtv.com/player_api.php
2026-01-30 09:33:21.928 17307-17589 XtreamApiClient         com.fishit.player.v2                 D  streamFromUrl: CALLED for konigtv.com/player_api.php
2026-01-30 09:33:22.117 17307-17589 XtreamApiClient         com.fishit.player.v2                 D  StreamingFetch: Detected GZIP for konigtv.com/player_api.php (manual decompression)
2026-01-30 09:33:22.119 17307-17589 XtreamApiClient         com.fishit.player.v2                 D  StreamingFetch: Success for konigtv.com/player_api.php, streaming response
2026-01-30 09:33:22.122 17307-17589 XtreamApiClient         com.fishit.player.v2                 D  streamFromUrl: Starting StreamingJsonParser.streamInBatches() for konigtv.com/player_api.php
2026-01-30 09:33:22.213 17307-17589 XTC                     com.fishit.player.v2                 D  [LIVE] DTO→Raw #1 | id=xtream:live:81568 | title="DE HEVC" | sourceType=XTREAM | Fields: ✓[poster] ✗[year, plot, cast, director, backdrop, duration, tmdb]
2026-01-30 09:33:22.240 17307-17589 XTC                     com.fishit.player.v2                 D  [LIVE] DTO→Raw #50 | id=xtream:live:71808 | title="DE: Deluxe Music HEVC" | sourceType=XTREAM | Fields: ✓[poster] ✗[year, plot, cast, director, backdrop, duration, tmdb]
2026-01-30 09:33:22.264 17307-17589 XTC                     com.fishit.player.v2                 D  [LIVE] DTO→Raw #100 | id=xtream:live:49200 | title="DE: Pro 7 Maxx FHD" | sourceType=XTREAM | Fields: ✓[poster] ✗[year, plot, cast, director, backdrop, duration, tmdb]
2026-01-30 09:33:22.265 17307-17611 XtreamCatalogScanWorker com.fishit.player.v2                 D  PROGRESS discovered=100 persisted=0 phase=null
2026-01-30 09:33:22.266 17307-17611 SyncPerfMetrics         com.fishit.player.v2                 D  Phase LIVE started
2026-01-30 09:33:22.266 17307-17611 XtreamCatalogScanWorker com.fishit.player.v2                 D  PROGRESS discovered=100 persisted=0 phase=LIVE
2026-01-30 09:33:22.285 17307-17589 XTC                     com.fishit.player.v2                 D  [LIVE] DTO→Raw #150 | id=xtream:live:361561 | title="DE: NDR Hamburg" | sourceType=XTREAM | Fields: ✓[poster] ✗[year, plot, cast, director, backdrop, duration, tmdb]
2026-01-30 09:33:22.307 17307-17589 XTC                     com.fishit.player.v2                 D  [LIVE] DTO→Raw #200 | id=xtream:live:197779 | title="DE: QVC STYLE TV" | sourceType=XTREAM | Fields: ✓[poster] ✗[year, plot, cast, director, backdrop, duration, tmdb]
2026-01-30 09:33:22.308 17307-17590 XtreamCatalogScanWorker com.fishit.player.v2                 D  PROGRESS discovered=200 persisted=0 phase=null
2026-01-30 09:33:22.309 17307-17590 SyncPerfMetrics         com.fishit.player.v2                 D  Phase LIVE started
2026-01-30 09:33:22.309 17307-17590 XtreamCatalogScanWorker com.fishit.player.v2                 D  PROGRESS discovered=200 persisted=0 phase=LIVE
2026-01-30 09:33:22.328 17307-17589 XTC                     com.fishit.player.v2                 D  [LIVE] DTO→Raw #250 | id=xtream:live:67411 | title="DE: Bndliga 7 SD" | sourceType=XTREAM | Fields: ✓[poster] ✗[year, plot, cast, director, backdrop, duration, tmdb]
2026-01-30 09:33:22.348 17307-17589 XTC                     com.fishit.player.v2                 D  [LIVE] DTO→Raw #300 | id=xtream:live:354423 | title="DE: Bundesliga Tivibu 2 (Türkisch)" | sourceType=XTREAM | Fields: ✓[poster] ✗[year, plot, cast, director, backdrop, duration, tmdb]
2026-01-30 09:33:22.349 17307-17611 XtreamCatalogScanWorker com.fishit.player.v2                 D  PROGRESS discovered=300 persisted=0 phase=null
2026-01-30 09:33:22.350 17307-17611 SyncPerfMetrics         com.fishit.player.v2                 D  Phase LIVE started
2026-01-30 09:33:22.350 17307-17611 XtreamCatalogScanWorker com.fishit.player.v2                 D  PROGRESS discovered=300 persisted=0 phase=LIVE
2026-01-30 09:33:22.367 17307-17589 XTC                     com.fishit.player.v2                 D  [LIVE] DTO→Raw #350 | id=xtream:live:181819 | title="MyTeam TV - 7" | sourceType=XTREAM | Fields: ✓[poster] ✗[year, plot, cast, director, backdrop, duration, tmdb]
2026-01-30 09:33:22.387 17307-17589 XTC                     com.fishit.player.v2                 D  [LIVE] DTO→Raw #400 | id=xtream:live:795605 | title="DE: DEL2 EVENT 16" | sourceType=XTREAM | Fields: ✓[poster] ✗[year, plot, cast, director, backdrop, duration, tmdb]
2026-01-30 09:33:22.387 17307-17611 XtreamCatalogScanWorker com.fishit.player.v2                 D  PROGRESS discovered=400 persisted=0 phase=null
2026-01-30 09:33:22.388 17307-17611 SyncPerfMetrics         com.fishit.player.v2                 D  Phase LIVE started
2026-01-30 09:33:22.388 17307-17611 XtreamCatalogScanWorker com.fishit.player.v2                 D  PROGRESS discovered=400 persisted=0 phase=LIVE
2026-01-30 09:33:22.405 17307-17589 XTC                     com.fishit.player.v2                 D  [LIVE] DTO→Raw #450 | id=xtream:live:792958 | title="DE: RTL+ SPORT EVENT 17" | sourceType=XTREAM | Fields: ✓[poster] ✗[year, plot, cast, director, backdrop, duration, tmdb]
2026-01-30 09:33:22.423 17307-17589 XTC                     com.fishit.player.v2                 D  [LIVE] DTO→Raw #500 | id=xtream:live:797354 | title="DE: DAZN EVENT 26 HD" | sourceType=XTREAM | Fields: ✓[poster] ✗[year, plot, cast, director, backdrop, duration, tmdb]
2026-01-30 09:33:22.424 17307-17590 XtreamCatalogScanWorker com.fishit.player.v2                 D  PROGRESS discovered=500 persisted=0 phase=null
2026-01-30 09:33:22.425 17307-17590 SyncPerfMetrics         com.fishit.player.v2                 D  Phase LIVE started
2026-01-30 09:33:22.425 17307-17590 XtreamCatalogScanWorker com.fishit.player.v2                 D  PROGRESS discovered=500 persisted=0 phase=LIVE
2026-01-30 09:33:22.482 17307-17589 XTC                     com.fishit.player.v2                 D  [LIVE] DTO→Raw #550 | id=xtream:live:744166 | title="DE: DYN SPORT 25" | sourceType=XTREAM | Fields: ✓[poster] ✗[year, plot, cast, director, backdrop, duration, tmdb]
2026-01-30 09:33:22.499 17307-17589 XTC                     com.fishit.player.v2                 D  [LIVE] DTO→Raw #600 | id=xtream:live:121760 | title="DE: Spiegel TV Wissen RAW" | sourceType=XTREAM | Fields: ✓[poster] ✗[year, plot, cast, director, backdrop, duration, tmdb]
2026-01-30 09:33:22.500 17307-17611 SyncBatchManager        com.fishit.player.v2                 D  Flushing LIVE batch: 600 items (timeBased=false)
2026-01-30 09:33:22.500 17307-17611 CatalogSyncService      com.fishit.player.v2                 D  Persisting Xtream live batch (NX-ONLY): 600 items
2026-01-30 09:33:22.512 17307-17589 XTC                     com.fishit.player.v2                 D  [LIVE] DTO→Raw #650 | id=xtream:live:48858 | title="DE: Sky Cinema Highlights FHD" | sourceType=XTREAM | Fields: ✓[poster] ✗[year, plot, cast, director, backdrop, duration, tmdb]
2026-01-30 09:33:23.687 17307-17307 ViewRootIm...nActivity] com.fishit.player.v2                 I  ViewPostIme pointer 0
2026-01-30 09:33:23.875 17307-17307 ViewRootIm...nActivity] com.fishit.player.v2                 I  ViewPostIme pointer 1
2026-01-30 09:33:23.918 17307-17307 Compatibil...geReporter com.fishit.player.v2                 D  Compat change id reported: 171228096; UID 10431; state: ENABLED
2026-01-30 09:33:24.493 17307-17307 ViewRootIm...nActivity] com.fishit.player.v2                 I  ViewPostIme pointer 0
2026-01-30 09:33:24.551 17307-17307 ViewRootIm...nActivity] com.fishit.player.v2                 I  ViewPostIme pointer 1
2026-01-30 09:33:24.604 17307-17307 NxHomeContentRepo       com.fishit.player.v2                 I  🎬 getMoviesPagingData() CALLED - Creating Movies PagingSource
2026-01-30 09:33:24.607 17307-17307 NxHomeContentRepo       com.fishit.player.v2                 I  📺 getSeriesPagingData() CALLED - Creating Series PagingSource
2026-01-30 09:33:24.609 17307-17307 HomeViewModel           com.fishit.player.v2                 I  🏠 HomeViewModel INIT - Creating content flows and paging sources
2026-01-30 09:33:24.701 17307-17307 NxHomeContentRepo       com.fishit.player.v2                 D  🎬 Movies PagingSource FACTORY invoked
2026-01-30 09:33:24.716 17307-17307 NxHomeContentRepo       com.fishit.player.v2                 D  📺 Series PagingSource FACTORY invoked
2026-01-30 09:33:24.840 17307-17307 WorkManage...teObserver com.fishit.player.v2                 I  Sync state: SUCCEEDED
2026-01-30 09:33:24.989 17307-17322 ishit.player.v2         com.fishit.player.v2                 I  Background young concurrent copying GC freed 354439(12MB) AllocSpace objects, 14(404KB) LOS objects, 7% free, 66MB/71MB, paused 183us,87us total 195.576ms
2026-01-30 09:33:25.065 17307-18070 TrafficStats            com.fishit.player.v2                 D  tagSocket(91) with statsTag=0xffffffff, statsUid=-1
2026-01-30 09:33:25.078 17307-18071 TrafficStats            com.fishit.player.v2                 D  tagSocket(133) with statsTag=0xffffffff, statsUid=-1
2026-01-30 09:33:25.117 17307-18068 TrafficStats            com.fishit.player.v2                 D  tagSocket(162) with statsTag=0xffffffff, statsUid=-1
2026-01-30 09:33:25.119 17307-18071 TrafficStats            com.fishit.player.v2                 D  tagSocket(170) with statsTag=0xffffffff, statsUid=-1
2026-01-30 09:33:26.094 17307-17322 ishit.player.v2         com.fishit.player.v2                 I  Background concurrent copying GC freed 801844(32MB) AllocSpace objects, 0(0B) LOS objects, 42% free, 32MB/56MB, paused 126us,92us total 177.315ms
2026-01-30 09:33:26.597 17307-18017 CatalogSyncBootstrap    com.fishit.player.v2                 I  Catalog sync bootstrap triggered; activeSources=[XTREAM]
2026-01-30 09:33:26.598 17307-18017 CatalogSyncScheduler    com.fishit.player.v2                 D  Enqueueing AUTO sync
2026-01-30 09:33:26.602 17307-18017 CatalogSyncScheduler    com.fishit.player.v2                 D  Scheduling periodic incremental sync every 2 hours
2026-01-30 09:33:26.606 17307-18017 CatalogSyncScheduler    com.fishit.player.v2                 I  Periodic incremental sync scheduled: every 2 hours
2026-01-30 09:33:26.607 17307-18017 CatalogSyncBootstrap    com.fishit.player.v2                 I  Periodic incremental sync scheduled: every 2h
2026-01-30 09:33:26.624 17307-17649 WM-SystemJobScheduler   com.fishit.player.v2                 D  Scheduling work ID 9c75440a-ef22-47ef-9c88-3d55730a66ecJob ID 3
2026-01-30 09:33:26.638 17307-17649 WM-GreedyScheduler      com.fishit.player.v2                 D  Starting work for 9c75440a-ef22-47ef-9c88-3d55730a66ec
2026-01-30 09:33:26.638 17307-17307 WM-SystemJobService     com.fishit.player.v2                 D  onStartJob for WorkGenerationalId(workSpecId=9c75440a-ef22-47ef-9c88-3d55730a66ec, generation=0)
2026-01-30 09:33:26.639   925-925   audit                   auditd                               E  type=1400 audit(1769762006.636:27426): avc:  denied  { ioctl } for  pid=17307 comm="WM.task-2" path="/data/data/com.fishit.player.v2/no_backup/androidx.work.workdb" dev="dm-52" ino=2001472 ioctlcmd=0xf522 scontext=u:r:untrusted_app:s0:c175,c257,c512,c768 tcontext=u:object_r:app_data_file:s0:c175,c257,c512,c768 tclass=file permissive=0 SEPF_SM-G991B_12_0001 audit_filtered
2026-01-30 09:33:26.639   925-925   audit                   auditd                               E  type=1327 audit(1769762006.636:27426): proctitle="com.fishit.player.v2"
2026-01-30 09:33:26.673 17307-17649 WM-SystemJobScheduler   com.fishit.player.v2                 D  Scheduling work ID 81f48049-e4c7-4e5d-8f3c-90d492b84085Job ID 4
2026-01-30 09:33:26.683 17307-17649 WM-GreedyScheduler      com.fishit.player.v2                 D  Starting tracking for 81f48049-e4c7-4e5d-8f3c-90d492b84085
2026-01-30 09:33:26.689 17307-17307 WM-SystemJobService     com.fishit.player.v2                 D  onStartJob for WorkGenerationalId(workSpecId=81f48049-e4c7-4e5d-8f3c-90d492b84085, generation=0)
2026-01-30 09:33:26.692 17307-17615 WM-Processor            com.fishit.player.v2                 D  Processor: processing WorkGenerationalId(workSpecId=9c75440a-ef22-47ef-9c88-3d55730a66ec, generation=0)
2026-01-30 09:33:26.696 17307-17615 WM-Processor            com.fishit.player.v2                 D  Work WorkGenerationalId(workSpecId=9c75440a-ef22-47ef-9c88-3d55730a66ec, generation=0) is already enqueued for processing
2026-01-30 09:33:26.708 17307-17615 WM-Processor            com.fishit.player.v2                 D  Processor: processing WorkGenerationalId(workSpecId=81f48049-e4c7-4e5d-8f3c-90d492b84085, generation=0)
2026-01-30 09:33:26.712 17307-17307 WM-WorkerWrapper        com.fishit.player.v2                 D  Starting work for com.fishit.player.v2.work.CatalogSyncOrchestratorWorker
2026-01-30 09:33:26.713 17307-18017 CatalogSyn...atorWorker com.fishit.player.v2                 I  START sync_run_id=f969ffda-b713-499a-9888-12bade59f07e mode=auto
2026-01-30 09:33:26.714 17307-17307 WorkManage...teObserver com.fishit.player.v2                 D  Sync state: ENQUEUED | id=9c75440a | attempts=0 | tags=[catalog_sync, worker/CatalogSyncOrchestratorWorker, com.fishit.player.v2.work.CatalogSyncOrchestratorWorker, mode_auto]
2026-01-30 09:33:26.715 17307-18017 RuntimeGuards           com.fishit.player.v2                 D  Manual sync (auto) - skipping battery guard (level=96%)
2026-01-30 09:33:26.715 17307-18017 CatalogSyn...atorWorker com.fishit.player.v2                 I  Active sources check: [XTREAM] (isEmpty=false)
2026-01-30 09:33:26.715 17307-18017 CatalogSyn...atorWorker com.fishit.player.v2                 D  Active sources: [XTREAM] (TELEGRAM=false, XTREAM=true, IO=false)
2026-01-30 09:33:26.717 17307-18017 CatalogSyn...atorWorker com.fishit.player.v2                 D  Enqueued Xtream chain: work_name=catalog_sync_global_xtream policy=KEEP workers=2
2026-01-30 09:33:26.717 17307-18017 CatalogSyn...atorWorker com.fishit.player.v2                 D  Telegram not in active sources - skipping Telegram workers
2026-01-30 09:33:26.717 17307-18017 CatalogSyn...atorWorker com.fishit.player.v2                 D  📊 WorkInfo chains enqueued:
                                                                                                      [XTREAM] work_name=catalog_sync_global_xtream → ENQUEUED
                                                                                                      Use 'adb shell dumpsys jobscheduler' or WorkManager Inspector for detailed state
2026-01-30 09:33:26.717 17307-17307 WM-WorkerWrapper        com.fishit.player.v2                 D  Starting work for com.fishit.player.v2.work.CatalogSyncOrchestratorWorker
2026-01-30 09:33:26.718 17307-18017 CatalogSyn...atorWorker com.fishit.player.v2                 I  CHAINS_ENQUEUED duration_ms=4 policy=KEEP sources=XTREAM (downstream workers will report completion)
2026-01-30 09:33:26.718 17307-17609 CatalogSyn...atorWorker com.fishit.player.v2                 I  START sync_run_id=periodic_1769762006604 mode=incremental
2026-01-30 09:33:26.719 17307-17615 WM-ConstraintTracker    com.fishit.player.v2                 D  BatteryNotLowTracker: initial state = true
2026-01-30 09:33:26.719 17307-17609 RuntimeGuards           com.fishit.player.v2                 D  Manual sync (incremental) - skipping battery guard (level=96%)
2026-01-30 09:33:26.719 17307-17615 WM-BrdcstRcvrCnstrntTrc com.fishit.player.v2                 D  BatteryNotLowTracker: registering receiver
2026-01-30 09:33:26.719 17307-17609 CatalogSyn...atorWorker com.fishit.player.v2                 I  Active sources check: [XTREAM] (isEmpty=false)
2026-01-30 09:33:26.719 17307-17609 CatalogSyn...atorWorker com.fishit.player.v2                 D  Active sources: [XTREAM] (TELEGRAM=false, XTREAM=true, IO=false)
2026-01-30 09:33:26.721 17307-17609 CatalogSyn...atorWorker com.fishit.player.v2                 D  Enqueued Xtream chain: work_name=catalog_sync_global_xtream policy=KEEP workers=2
2026-01-30 09:33:26.721 17307-17609 CatalogSyn...atorWorker com.fishit.player.v2                 D  Telegram not in active sources - skipping Telegram workers
2026-01-30 09:33:26.721 17307-17609 CatalogSyn...atorWorker com.fishit.player.v2                 D  📊 WorkInfo chains enqueued:
                                                                                                      [XTREAM] work_name=catalog_sync_global_xtream → ENQUEUED
                                                                                                      Use 'adb shell dumpsys jobscheduler' or WorkManager Inspector for detailed state
2026-01-30 09:33:26.722 17307-17609 CatalogSyn...atorWorker com.fishit.player.v2                 I  CHAINS_ENQUEUED duration_ms=3 policy=KEEP sources=XTREAM (downstream workers will report completion)
2026-01-30 09:33:26.725 17307-17658 WM-ConstraintTracker    com.fishit.player.v2                 D  NetworkStateTracker24: initial state = NetworkState(isConnected=true, isValidated=true, isMetered=true, isNotRoaming=true)
2026-01-30 09:33:26.725 17307-17658 WM-NetworkStateTracker  com.fishit.player.v2                 D  Registering network callback
2026-01-30 09:33:26.727 17307-17658 ConnectivityManager     com.fishit.player.v2                 D  StackLog: [android.net.ConnectivityManager.sendRequestForNetwork(ConnectivityManager.java:4402)] [android.net.ConnectivityManager.registerDefaultNetworkCallbackForUid(ConnectivityManager.java:4966)] [android.net.ConnectivityManager.registerDefaultNetworkCallback(ConnectivityManager.java:4933)] [android.net.ConnectivityManager.registerDefaultNetworkCallback(ConnectivityManager.java:4907)] [androidx.work.impl.utils.NetworkApi24.registerDefaultNetworkCallbackCompat(NetworkApi24.kt:26)] [androidx.work.impl.constraints.trackers.NetworkStateTracker24.startTracking(NetworkStateTracker.kt:165)] [androidx.work.impl.constraints.trackers.ConstraintTracker.addListener(ConstraintTracker.kt:52)] [androidx.work.impl.constraints.controllers.BaseConstraintController$track$1.invokeSuspend(ContraintControllers.kt:62)] [androidx.work.impl.constraints.controllers.BaseConstraintController$track$1.invoke(Unknown Source:8)] [androidx.work.impl.constraints.controllers.BaseConstraintController$track$1.invoke(Unknown Source:4)] [kotlinx.coroutines.flow.ChannelFlowBuilder.collectTo$suspendImpl(Builders.kt:316)] [kotlinx.coroutines.flow.ChannelFlowBuilder.collectTo(Unknown Source:0)] [kotlinx.coroutines.flow.CallbackFlowBuilder.collectTo(Builders.kt:330)] [kotlinx.coroutines.flow.internal.ChannelFlow$collectToFun$1.invokeSuspend(ChannelFlow.kt:56)] [kotlin.coroutines.jvm.internal.BaseContinuationImpl.resumeWith(ContinuationImpl.kt:34)] [kotlinx.coroutines.DispatchedTask.run(DispatchedTask.kt:100)] [androidx.work.impl.utils.SerialExecutorImpl$Task.run(SerialExecutorImpl.java:96)] [java.util.concurrent.ThreadPoolExecutor.runWorker(ThreadPoolExecutor.java:1145)] [java.util.concurrent.ThreadPoolExecutor$Worker.run(ThreadPoolExecutor.java:644)] [java.lang.Thread.run(Thread.java:1012)]
2026-01-30 09:33:26.734 17307-18102 WM-NetworkStateTracker  com.fishit.player.v2                 D  Network capabilities changed: [ Transports: CELLULAR Capabilities: SUPL&INTERNET&NOT_RESTRICTED&TRUSTED&NOT_VPN&VALIDATED&NOT_ROAMING&FOREGROUND&NOT_CONGESTED&NOT_SUSPENDED&NOT_VCN_MANAGED LinkUpBandwidth>=38374Kbps LinkDnBandwidth>=60590Kbps Specifier: <TelephonyNetworkSpecifier [mSubId = 1]> SubscriptionIds: {1} UnderlyingNetworks: Null]
2026-01-30 09:33:26.738 17307-17658 WM-EnqueueRunnable      com.fishit.player.v2                 E  Prerequisite f3601299-f163-4941-8a8b-5d5b87995617 doesn't exist; not enqueuing
2026-01-30 09:33:26.743 17307-17658 WM-EnqueueRunnable      com.fishit.player.v2                 E  Prerequisite a9b5e817-a7b5-4fc6-b2a9-2db181542ec7 doesn't exist; not enqueuing
2026-01-30 09:33:26.744 17307-17659 WM-WorkerWrapper        com.fishit.player.v2                 I  Worker result SUCCESS for Work [ id=9c75440a-ef22-47ef-9c88-3d55730a66ec, tags={ com.fishit.player.v2.work.CatalogSyncOrchestratorWorker,catalog_sync,mode_auto,worker/CatalogSyncOrchestratorWorker } ]
2026-01-30 09:33:26.746 17307-17659 WM-WorkerWrapper        com.fishit.player.v2                 I  Worker result SUCCESS for Work [ id=81f48049-e4c7-4e5d-8f3c-90d492b84085, tags={ com.fishit.player.v2.work.CatalogSyncOrchestratorWorker,catalog_sync,mode_incremental,worker/CatalogSyncOrchestratorWorker } ]
2026-01-30 09:33:26.750 17307-17615 WM-GreedyScheduler      com.fishit.player.v2                 D  Constraints met: Scheduling work ID WorkGenerationalId(workSpecId=81f48049-e4c7-4e5d-8f3c-90d492b84085, generation=0)
2026-01-30 09:33:26.752 17307-17615 WM-Processor            com.fishit.player.v2                 D  Work WorkGenerationalId(workSpecId=81f48049-e4c7-4e5d-8f3c-90d492b84085, generation=0) is already enqueued for processing
2026-01-30 09:33:26.759 17307-17307 WM-Processor            com.fishit.player.v2                 D  Processor 9c75440a-ef22-47ef-9c88-3d55730a66ec executed; reschedule = false
2026-01-30 09:33:26.759 17307-17307 WM-SystemJobService     com.fishit.player.v2                 D  9c75440a-ef22-47ef-9c88-3d55730a66ec executed on JobScheduler
2026-01-30 09:33:26.765 17307-17307 WM-Processor            com.fishit.player.v2                 D  Processor 81f48049-e4c7-4e5d-8f3c-90d492b84085 executed; reschedule = false
2026-01-30 09:33:26.765 17307-17307 WM-GreedyScheduler      com.fishit.player.v2                 D  Stopping tracking for WorkGenerationalId(workSpecId=81f48049-e4c7-4e5d-8f3c-90d492b84085, generation=0)
2026-01-30 09:33:26.766 17307-17307 WM-SystemJobService     com.fishit.player.v2                 D  81f48049-e4c7-4e5d-8f3c-90d492b84085 executed on JobScheduler
2026-01-30 09:33:26.766 17307-17307 WorkManage...teObserver com.fishit.player.v2                 D  Sync state: RUNNING | id=9c75440a | attempts=1 | tags=[catalog_sync, worker/CatalogSyncOrchestratorWorker, com.fishit.player.v2.work.CatalogSyncOrchestratorWorker, mode_auto]
2026-01-30 09:33:26.770 17307-17658 WM-GreedyScheduler      com.fishit.player.v2                 D  Cancelling work ID 9c75440a-ef22-47ef-9c88-3d55730a66ec
2026-01-30 09:33:26.776 17307-17658 WM-SystemJobScheduler   com.fishit.player.v2                 D  Scheduling work ID 81f48049-e4c7-4e5d-8f3c-90d492b84085Job ID 4
2026-01-30 09:33:26.784 17307-17658 WM-GreedyScheduler      com.fishit.player.v2                 D  Cancelling work ID 81f48049-e4c7-4e5d-8f3c-90d492b84085
2026-01-30 09:33:26.786 17307-17659 WM-BrdcstRcvrCnstrntTrc com.fishit.player.v2                 D  BatteryNotLowTracker: unregistering receiver
2026-01-30 09:33:26.787 17307-17659 WM-NetworkStateTracker  com.fishit.player.v2                 D  Unregistering network callback
2026-01-30 09:33:26.788 17307-17659 ConnectivityManager     com.fishit.player.v2                 D  StackLog: [android.net.ConnectivityManager.unregisterNetworkCallback(ConnectivityManager.java:5076)] [androidx.work.impl.utils.NetworkApi21.unregisterNetworkCallbackCompat(NetworkApi21.kt:28)] [androidx.work.impl.constraints.trackers.NetworkStateTracker24.stopTracking(NetworkStateTracker.kt:180)] [androidx.work.impl.constraints.trackers.ConstraintTracker.removeListener(ConstraintTracker.kt:67)] [androidx.work.impl.constraints.controllers.BaseConstraintController$track$1$1.invoke(ContraintControllers.kt:63)] [androidx.work.impl.constraints.controllers.BaseConstraintController$track$1$1.invoke(ContraintControllers.kt:63)] [kotlinx.coroutines.channels.ProduceKt.awaitClose(Produce.kt:69)] [kotlinx.coroutines.channels.ProduceKt$awaitClose$1.invokeSuspend(Unknown Source:13)] [kotlin.coroutines.jvm.internal.BaseContinuationImpl.resumeWith(ContinuationImpl.kt:34)] [kotlinx.coroutines.DispatchedTask.run(DispatchedTask.kt:98)] [androidx.work.impl.utils.SerialExecutorImpl$Task.run(SerialExecutorImpl.java:96)] [java.util.concurrent.ThreadPoolExecutor.runWorker(ThreadPoolExecutor.java:1145)] [java.util.concurrent.ThreadPoolExecutor$Worker.run(ThreadPoolExecutor.java:644)] [java.lang.Thread.run(Thread.java:1012)]
2026-01-30 09:33:26.792 17307-17307 WorkManage...teObserver com.fishit.player.v2                 I  Sync state: SUCCEEDED
2026-01-30 09:33:26.802 17307-17611 CatalogSyncService      com.fishit.player.v2                 D  Xtream live batch complete (NX): ingested=600 total_ms=4302
2026-01-30 09:33:26.802 17307-17611 XtreamCatalogScanWorker com.fishit.player.v2                 D  PROGRESS discovered=600 persisted=600 phase=null
2026-01-30 09:33:26.803 17307-17611 SyncPerfMetrics         com.fishit.player.v2                 D  Phase LIVE started
2026-01-30 09:33:26.803 17307-17611 XtreamCatalogScanWorker com.fishit.player.v2                 D  PROGRESS discovered=600 persisted=600 phase=LIVE
2026-01-30 09:33:26.815 17307-17589 XTC                     com.fishit.player.v2                 D  [LIVE] DTO→Raw #700 | id=xtream:live:733471 | title="DE: 2 BROKE GIRLS" | sourceType=XTREAM | Fields: ✓[poster] ✗[year, plot, cast, director, backdrop, duration, tmdb]
2026-01-30 09:33:26.817 17307-17610 XtreamCatalogScanWorker com.fishit.player.v2                 D  PROGRESS discovered=700 persisted=600 phase=null
2026-01-30 09:33:26.817 17307-17610 SyncPerfMetrics         com.fishit.player.v2                 D  Phase LIVE started
2026-01-30 09:33:26.817 17307-17610 XtreamCatalogScanWorker com.fishit.player.v2                 D  PROGRESS discovered=700 persisted=600 phase=LIVE
2026-01-30 09:33:26.829 17307-17589 XTC                     com.fishit.player.v2                 D  [LIVE] DTO→Raw #750 | id=xtream:live:749839 | title="DE: EDGAR WALLACE MIX" | sourceType=XTREAM | Fields: ✓[poster] ✗[year, plot, cast, director, backdrop, duration, tmdb]
2026-01-30 09:33:26.841 17307-17589 XTC                     com.fishit.player.v2                 D  [LIVE] DTO→Raw #800 | id=xtream:live:729970 | title="DE: POLICE ACADEMY" | sourceType=XTREAM | Fields: ✓[poster] ✗[year, plot, cast, director, backdrop, duration, tmdb]
2026-01-30 09:33:26.842 17307-17590 XtreamCatalogScanWorker com.fishit.player.v2                 D  PROGRESS discovered=800 persisted=600 phase=null
2026-01-30 09:33:26.843 17307-17590 SyncPerfMetrics         com.fishit.player.v2                 D  Phase LIVE started
2026-01-30 09:33:26.845 17307-17590 XtreamCatalogScanWorker com.fishit.player.v2                 D  PROGRESS discovered=800 persisted=600 phase=LIVE
2026-01-30 09:33:26.852 17307-17589 XTC                     com.fishit.player.v2                 D  [LIVE] DTO→Raw #850 | id=xtream:live:140923 | title="DE: X-Men HD 24/7" | sourceType=XTREAM | Fields: ✓[poster] ✗[year, plot, cast, director, backdrop, duration, tmdb]
2026-01-30 09:33:26.863 17307-17589 XTC                     com.fishit.player.v2                 D  [LIVE] DTO→Raw #900 | id=xtream:live:364840 | title="DE: TOM HARDY - 24/7" | sourceType=XTREAM | Fields: ✓[poster] ✗[year, plot, cast, director, backdrop, duration, tmdb]
2026-01-30 09:33:26.864 17307-17610 XtreamCatalogScanWorker com.fishit.player.v2                 D  PROGRESS discovered=900 persisted=600 phase=null
2026-01-30 09:33:26.864 17307-17610 SyncPerfMetrics         com.fishit.player.v2                 D  Phase LIVE started
2026-01-30 09:33:26.865 17307-17610 XtreamCatalogScanWorker com.fishit.player.v2                 D  PROGRESS discovered=900 persisted=600 phase=LIVE
2026-01-30 09:33:26.877 17307-17589 XTC                     com.fishit.player.v2                 D  [LIVE] DTO→Raw #950 | id=xtream:live:140794 | title="DE: See - Reich der Blinden - Premium 24" | sourceType=XTREAM | Fields: ✓[poster] ✗[year, plot, cast, director, backdrop, duration, tmdb]
2026-01-30 09:33:26.890 17307-17589 XTC                     com.fishit.player.v2                 D  [LIVE] DTO→Raw #1000 | id=xtream:live:143675 | title="DE: Bad Blood 24/7" | sourceType=XTREAM | Fields: ✓[poster] ✗[year, plot, cast, director, backdrop, duration, tmdb]
2026-01-30 09:33:26.890 17307-17610 XtreamCatalogScanWorker com.fishit.player.v2                 D  PROGRESS discovered=1000 persisted=600 phase=null
2026-01-30 09:33:26.890 17307-17610 SyncPerfMetrics         com.fishit.player.v2                 D  Phase LIVE started
2026-01-30 09:33:26.891 17307-17610 XtreamCatalogScanWorker com.fishit.player.v2                 D  PROGRESS discovered=1000 persisted=600 phase=LIVE
2026-01-30 09:33:26.944 17307-17610 SyncBatchManager        com.fishit.player.v2                 D  Time-based flush for LIVE: 400 items after 4444ms
2026-01-30 09:33:26.946 17307-17610 SyncBatchManager        com.fishit.player.v2                 D  Flushing LIVE batch: 400 items (timeBased=true)
2026-01-30 09:33:26.947 17307-17610 CatalogSyncService      com.fishit.player.v2                 D  Persisting Xtream live batch (NX-ONLY): 400 items
2026-01-30 09:33:26.961 17307-17589 XTC                     com.fishit.player.v2                 D  [LIVE] DTO→Raw #1050 | id=xtream:live:364966 | title="DE: SCRUBS 24/7" | sourceType=XTREAM | Fields: ✓[poster] ✗[year, plot, cast, director, backdrop, duration, tmdb]
2026-01-30 09:33:26.971 17307-17589 XTC                     com.fishit.player.v2                 D  [LIVE] DTO→Raw #1100 | id=xtream:live:102696 | title="DE: Vera Marvel 5" | sourceType=XTREAM | Fields: ✓[poster] ✗[year, plot, cast, director, backdrop, duration, tmdb]
2026-01-30 09:33:26.972 17307-18017 XtreamCatalogScanWorker com.fishit.player.v2                 D  PROGRESS discovered=1100 persisted=600 phase=null
2026-01-30 09:33:26.974 17307-18017 SyncPerfMetrics         com.fishit.player.v2                 D  Phase LIVE started
2026-01-30 09:33:26.975 17307-18017 XtreamCatalogScanWorker com.fishit.player.v2                 D  PROGRESS discovered=1100 persisted=600 phase=LIVE
2026-01-30 09:33:26.982 17307-17589 XTC                     com.fishit.player.v2                 D  [LIVE] DTO→Raw #1150 | id=xtream:live:150141 | title="DE-SELECT: 2 - ANEMONE" | sourceType=XTREAM | Fields: ✓[poster] ✗[year, plot, cast, director, backdrop, duration, tmdb]
2026-01-30 09:33:26.994 17307-17589 XTC                     com.fishit.player.v2                 D  [LIVE] DTO→Raw #1200 | id=xtream:live:376376 | title="DE: One Piece - 5 Premium 24/7" | sourceType=XTREAM | Fields: ✓[poster] ✗[year, plot, cast, director, backdrop, duration, tmdb]
2026-01-30 09:33:26.995 17307-17610 XtreamCatalogScanWorker com.fishit.player.v2                 D  PROGRESS discovered=1200 persisted=600 phase=null
2026-01-30 09:33:26.999 17307-17610 SyncPerfMetrics         com.fishit.player.v2                 D  Phase LIVE started
2026-01-30 09:33:26.999 17307-17610 XtreamCatalogScanWorker com.fishit.player.v2                 D  PROGRESS discovered=1200 persisted=600 phase=LIVE
2026-01-30 09:33:27.008 17307-17589 XTC                     com.fishit.player.v2                 D  [LIVE] DTO→Raw #1250 | id=xtream:live:360770 | title="DE: Wickie und die starken Maenner 2 - 2" | sourceType=XTREAM | Fields: ✓[poster] ✗[year, plot, cast, director, backdrop, duration, tmdb]
2026-01-30 09:33:27.023 17307-17589 XTC                     com.fishit.player.v2                 D  [LIVE] DTO→Raw #1300 | id=xtream:live:769591 | title="Black Visionaries" | sourceType=XTREAM | Fields: ✓[poster] ✗[year, plot, cast, director, backdrop, duration, tmdb]
2026-01-30 09:33:27.028 17307-17609 XtreamCatalogScanWorker com.fishit.player.v2                 D  PROGRESS discovered=1300 persisted=600 phase=null
2026-01-30 09:33:27.029 17307-17609 SyncPerfMetrics         com.fishit.player.v2                 D  Phase LIVE started
2026-01-30 09:33:27.030 17307-17609 XtreamCatalogScanWorker com.fishit.player.v2                 D  PROGRESS discovered=1300 persisted=600 phase=LIVE
2026-01-30 09:33:27.039 17307-17589 XTC                     com.fishit.player.v2                 D  [LIVE] DTO→Raw #1350 | id=xtream:live:769641 | title="Perry Mason" | sourceType=XTREAM | Fields: ✓[poster] ✗[year, plot, cast, director, backdrop, duration, tmdb]
2026-01-30 09:33:27.049 17307-17589 XTC                     com.fishit.player.v2                 D  [LIVE] DTO→Raw #1400 | id=xtream:live:769691 | title="Dateline 24/7" | sourceType=XTREAM | Fields: ✓[poster] ✗[year, plot, cast, director, backdrop, duration, tmdb]
2026-01-30 09:33:27.050 17307-18016 XtreamCatalogScanWorker com.fishit.player.v2                 D  PROGRESS discovered=1400 persisted=600 phase=null
2026-01-30 09:33:27.050 17307-18016 SyncPerfMetrics         com.fishit.player.v2                 D  Phase LIVE started
