2026-01-30 09:22:42.916 11850-11860 ishit.player.v2         com.fishit.player.v2                 I  Background concurrent copying GC freed 1206590(40MB) AllocSpace objects, 1(20KB) LOS objects, 39% free, 36MB/60MB, paused 166us,75us total 114.533ms
2026-01-30 09:22:42.918 11850-12481 XTC                     com.fishit.player.v2                 D  [VOD] DTO→Raw #1950 | id=xtream:vod:655613 | title="War of the Worlds: The Attack | 2023 | 5" | sourceType=XTREAM | Fields: ✓[year=2023, poster] ✗[plot, cast, director, backdrop, duration, tmdb]
2026-01-30 09:22:42.924 11850-12483 XtreamCatalogScanWorker com.fishit.player.v2                 D  PROGRESS discovered=4100 persisted=3616 phase=null
2026-01-30 09:22:42.928 11850-12020 XTC                     com.fishit.player.v2                 D  [VOD] DTO→Raw #2000 | id=xtream:vod:641588 | title="Meinen Hass bekommt ihr nicht | 2022 | 5" | sourceType=XTREAM | Fields: ✓[year=2022, poster] ✗[plot, cast, director, backdrop, duration, tmdb]
2026-01-30 09:22:42.929 11850-12020 StreamingJsonParser     com.fishit.player.v2                 W  streamInBatches mapper error #1: timeout
2026-01-30 09:22:42.930 11850-12020 XtreamApiClient         com.fishit.player.v2                 W  streamContentInBatches(get_vod_streams): streamFromUrl FAILED for alias=vod params={category_id=*} | SocketException: Socket closed
2026-01-30 09:22:42.931 11850-11989 XTC                     com.fishit.player.v2                 D  [LIVE] DTO→Raw #2150 | id=xtream:live:112383 | title="CRO: Arena Sport 8 FHD" | sourceType=XTREAM | Fields: ✓[poster] ✗[year, plot, cast, director, backdrop, duration, tmdb]
2026-01-30 09:22:42.932 11850-12020 XtreamApiClient         com.fishit.player.v2                 D  buildPlayerApiUrl: action=get_movie_streams -> konigtv.com/player_api.php
2026-01-30 09:22:42.933 11850-12483 SyncBatchManager        com.fishit.player.v2                 D  Flushing MOVIES batch: 400 items (timeBased=false)
2026-01-30 09:22:42.933 11850-12020 XtreamApiClient         com.fishit.player.v2                 D  streamFromUrl: CALLED for konigtv.com/player_api.php
2026-01-30 09:22:42.933 11850-12483 CatalogSyncService      com.fishit.player.v2                 D  Persisting Xtream catalog batch (NX-ONLY): 400 items (canonical_linking=false)
2026-01-30 09:22:42.945 11850-12526 TrafficStats            com.fishit.player.v2                 D  tagSocket(132) with statsTag=0xffffffff, statsUid=-1
2026-01-30 09:22:42.951 11850-11989 XTC                     com.fishit.player.v2                 D  [LIVE] DTO→Raw #2200 | id=xtream:live:81562 | title="EYXU PINK" | sourceType=XTREAM | Fields: ✓[] ✗[year, plot, cast, director, poster, backdrop, duration, tmdb]
2026-01-30 09:22:43.048 11850-12481 SyncBatchManager        com.fishit.player.v2                 D  Time-based flush for LIVE: 130 items after 4730ms
2026-01-30 09:22:43.049 11850-12481 SyncBatchManager        com.fishit.player.v2                 D  Flushing LIVE batch: 130 items (timeBased=true)
2026-01-30 09:22:43.051 11850-12481 CatalogSyncService      com.fishit.player.v2                 D  Persisting Xtream live batch (NX-ONLY): 130 items
2026-01-30 09:22:43.112 11850-12020 XtreamApiClient         com.fishit.player.v2                 D  StreamingFetch: Detected GZIP for konigtv.com/player_api.php (manual decompression)
2026-01-30 09:22:43.113 11850-12020 XtreamApiClient         com.fishit.player.v2                 D  StreamingFetch: Success for konigtv.com/player_api.php, streaming response
2026-01-30 09:22:43.116 11850-12020 XtreamApiClient         com.fishit.player.v2                 D  streamFromUrl: Starting StreamingJsonParser.streamInBatches() for konigtv.com/player_api.php
2026-01-30 09:22:43.120 11850-12020 XtreamApiClient         com.fishit.player.v2                 D  StreamBatch: 0 items in 0 batches (7ms) | errors=0
2026-01-30 09:22:43.124 11850-12020 XtreamApiClient         com.fishit.player.v2                 W  streamFromUrl: ZERO items parsed from konigtv.com/player_api.php | batchCount=0 errors=0
2026-01-30 09:22:43.125 11850-12020 XtreamApiClient         com.fishit.player.v2                 D  buildPlayerApiUrl: action=get_movies_streams -> konigtv.com/player_api.php
2026-01-30 09:22:43.126 11850-12020 XtreamApiClient         com.fishit.player.v2                 D  streamFromUrl: CALLED for konigtv.com/player_api.php
2026-01-30 09:22:43.255 11850-12020 XtreamApiClient         com.fishit.player.v2                 D  StreamingFetch: Detected GZIP for konigtv.com/player_api.php (manual decompression)
2026-01-30 09:22:43.256 11850-12020 XtreamApiClient         com.fishit.player.v2                 D  StreamingFetch: Success for konigtv.com/player_api.php, streaming response
2026-01-30 09:22:43.259 11850-12020 XtreamApiClient         com.fishit.player.v2                 D  streamFromUrl: Starting StreamingJsonParser.streamInBatches() for konigtv.com/player_api.php
2026-01-30 09:22:43.262 11850-12020 XtreamApiClient         com.fishit.player.v2                 D  StreamBatch: 0 items in 0 batches (5ms) | errors=0
2026-01-30 09:22:43.264 11850-12020 XtreamApiClient         com.fishit.player.v2                 W  streamFromUrl: ZERO items parsed from konigtv.com/player_api.php | batchCount=0 errors=0
2026-01-30 09:22:43.269 11850-12020 XtreamApiClient         com.fishit.player.v2                 D  buildPlayerApiUrl: action=get_vod_streams -> konigtv.com/player_api.php
2026-01-30 09:22:43.271 11850-12020 XtreamApiClient         com.fishit.player.v2                 D  streamFromUrl: CALLED for konigtv.com/player_api.php
2026-01-30 09:22:43.349 11850-11860 ishit.player.v2         com.fishit.player.v2                 I  Background concurrent copying GC freed 1445241(45MB) AllocSpace objects, 0(0B) LOS objects, 39% free, 37MB/61MB, paused 57us,64us total 134.739ms
2026-01-30 09:22:44.126 11850-11860 ishit.player.v2         com.fishit.player.v2                 I  Background young concurrent copying GC freed 526399(15MB) AllocSpace objects, 0(0B) LOS objects, 0% free, 61MB/61MB, paused 146us,127us total 116.276ms
2026-01-30 09:22:44.330 11850-11860 ishit.player.v2         com.fishit.player.v2                 I  Background concurrent copying GC freed 1224195(43MB) AllocSpace objects, 0(0B) LOS objects, 33% free, 47MB/71MB, paused 262us,72us total 197.756ms
2026-01-30 09:22:44.577 11850-11860 ishit.player.v2         com.fishit.player.v2                 I  Background young concurrent copying GC freed 1312239(38MB) AllocSpace objects, 0(0B) LOS objects, 27% free, 51MB/71MB, paused 51us,47us total 103.113ms
2026-01-30 09:22:44.615 11850-12020 XtreamApiClient         com.fishit.player.v2                 D  StreamingFetch: Detected GZIP for konigtv.com/player_api.php (manual decompression)
2026-01-30 09:22:44.616 11850-12020 XtreamApiClient         com.fishit.player.v2                 D  StreamingFetch: Success for konigtv.com/player_api.php, streaming response
2026-01-30 09:22:44.619 11850-12020 XtreamApiClient         com.fishit.player.v2                 D  streamFromUrl: Starting StreamingJsonParser.streamInBatches() for konigtv.com/player_api.php
2026-01-30 09:22:44.812 11850-11860 ishit.player.v2         com.fishit.player.v2                 I  Background concurrent copying GC freed 1850267(59MB) AllocSpace objects, 0(0B) LOS objects, 38% free, 37MB/61MB, paused 72us,131us total 153.437ms
2026-01-30 09:22:44.932 11850-11850 ViewRootIm...nActivity] com.fishit.player.v2                 I  ViewPostIme pointer 0
2026-01-30 09:22:45.024 11850-11850 ViewRootIm...nActivity] com.fishit.player.v2                 I  ViewPostIme pointer 1
2026-01-30 09:22:45.284 11850-11860 ishit.player.v2         com.fishit.player.v2                 I  Background concurrent copying GC freed 1309179(42MB) AllocSpace objects, 0(0B) LOS objects, 34% free, 44MB/68MB, paused 124us,91us total 184.956ms
2026-01-30 09:22:45.691 11850-11850 ViewRootIm...nActivity] com.fishit.player.v2                 I  ViewPostIme pointer 0
2026-01-30 09:22:45.775 11850-11860 ishit.player.v2         com.fishit.player.v2                 I  Background concurrent copying GC freed 1483940(47MB) AllocSpace objects, 4(80KB) LOS objects, 31% free, 52MB/76MB, paused 137us,106us total 190.170ms
2026-01-30 09:22:45.859 11850-11850 ViewRootIm...nActivity] com.fishit.player.v2                 I  ViewPostIme pointer 1
2026-01-30 09:22:46.052 11850-11860 ishit.player.v2         com.fishit.player.v2                 I  Background young concurrent copying GC freed 1496718(44MB) AllocSpace objects, 4(80KB) LOS objects, 25% free, 57MB/76MB, paused 81us,209us total 157.823ms
2026-01-30 09:22:46.316 11850-11850 ViewRootIm...nActivity] com.fishit.player.v2                 I  ViewPostIme pointer 0
2026-01-30 09:22:46.373 11850-11850 ViewRootIm...nActivity] com.fishit.player.v2                 I  ViewPostIme pointer 1
2026-01-30 09:22:46.455 11850-11860 ishit.player.v2         com.fishit.player.v2                 I  Background concurrent copying GC freed 1941339(61MB) AllocSpace objects, 5(100KB) LOS objects, 39% free, 36MB/60MB, paused 664us,80us total 278.322ms
2026-01-30 09:22:46.810 11850-11860 ishit.player.v2         com.fishit.player.v2                 I  Background young concurrent copying GC freed 809114(28MB) AllocSpace objects, 2(40KB) LOS objects, 27% free, 44MB/60MB, paused 1.131ms,770us total 116.712ms
2026-01-30 09:22:46.887 11850-11850 ViewRootIm...nActivity] com.fishit.player.v2                 I  ViewPostIme pointer 0
2026-01-30 09:22:46.960 11850-11850 ViewRootIm...nActivity] com.fishit.player.v2                 I  ViewPostIme pointer 1
2026-01-30 09:22:47.138 11850-12525 TrafficStats            com.fishit.player.v2                 D  tagSocket(133) with statsTag=0xffffffff, statsUid=-1
2026-01-30 09:22:47.147 11850-12526 TrafficStats            com.fishit.player.v2                 D  tagSocket(135) with statsTag=0xffffffff, statsUid=-1
2026-01-30 09:22:47.149 11850-12490 TrafficStats            com.fishit.player.v2                 D  tagSocket(140) with statsTag=0xffffffff, statsUid=-1
2026-01-30 09:22:47.195 11850-12525 TrafficStats            com.fishit.player.v2                 D  tagSocket(245) with statsTag=0xffffffff, statsUid=-1
2026-01-30 09:22:47.399 11850-12490 TrafficStats            com.fishit.player.v2                 D  tagSocket(251) with statsTag=0xffffffff, statsUid=-1
2026-01-30 09:22:47.513 11850-12525 TrafficStats            com.fishit.player.v2                 D  tagSocket(248) with statsTag=0xffffffff, statsUid=-1
2026-01-30 09:22:47.539 11850-12490 TrafficStats            com.fishit.player.v2                 D  tagSocket(249) with statsTag=0xffffffff, statsUid=-1
2026-01-30 09:22:47.560 11850-11860 ishit.player.v2         com.fishit.player.v2                 I  Background concurrent copying GC freed 1740489(57MB) AllocSpace objects, 3(60KB) LOS objects, 28% free, 59MB/83MB, paused 275us,168us total 641.383ms
2026-01-30 09:22:47.624 11850-12490 TrafficStats            com.fishit.player.v2                 D  tagSocket(184) with statsTag=0xffffffff, statsUid=-1
2026-01-30 09:22:47.678 11850-13361 TrafficStats            com.fishit.player.v2                 D  tagSocket(259) with statsTag=0xffffffff, statsUid=-1
2026-01-30 09:22:47.686 11850-13374 TrafficStats            com.fishit.player.v2                 D  tagSocket(211) with statsTag=0xffffffff, statsUid=-1
2026-01-30 09:22:47.843 11850-11850 ViewRootIm...nActivity] com.fishit.player.v2                 I  ViewPostIme pointer 0
2026-01-30 09:22:48.144 11850-11860 ishit.player.v2         com.fishit.player.v2                 I  Background young concurrent copying GC freed 1527439(49MB) AllocSpace objects, 2(40KB) LOS objects, 25% free, 62MB/83MB, paused 200us,2.717ms total 259.897ms
2026-01-30 09:22:48.410 11850-11860 ishit.player.v2         com.fishit.player.v2                 I  Background concurrent copying GC freed 1860790(59MB) AllocSpace objects, 26(520KB) LOS objects, 34% free, 44MB/68MB, paused 156us,81us total 175.674ms
2026-01-30 09:22:48.427 11850-11850 ViewRootIm...nActivity] com.fishit.player.v2                 I  ViewPostIme pointer 1
2026-01-30 09:22:48.561 11850-13077 CatalogSyncService      com.fishit.player.v2                 D  Xtream live batch complete (NX): ingested=130 total_ms=5509
2026-01-30 09:22:48.561 11850-13077 CatalogSyncService      com.fishit.player.v2                 D  Time-based flush LIVE: 130 items in 5510ms
2026-01-30 09:22:48.969 11850-11860 ishit.player.v2         com.fishit.player.v2                 I  Background concurrent copying GC freed 1199608(39MB) AllocSpace objects, 8(160KB) LOS objects, 32% free, 49MB/73MB, paused 221us,84us total 140.472ms
2026-01-30 09:22:49.823 11850-11850 ViewRootIm...nActivity] com.fishit.player.v2                 I  ViewPostIme pointer 0
2026-01-30 09:22:49.886 11850-11850 ViewRootIm...nActivity] com.fishit.player.v2                 I  ViewPostIme pointer 1
2026-01-30 09:22:49.919 11850-11850 WindowOnBackDispatcher  com.fishit.player.v2                 W  OnBackInvokedCallback is not enabled for the application.
                                                                                                    Set 'android:enableOnBackInvokedCallback="true"' in the application manifest.
2026-01-30 09:22:49.955 11850-11850 PlayerNavViewModel      com.fishit.player.v2                 D  No pending playback, loading from route: live:at-prosieben-at:live
2026-01-30 09:22:50.046 11850-11860 ishit.player.v2         com.fishit.player.v2                 I  Background concurrent copying GC freed 1252777(41MB) AllocSpace objects, 0(0B) LOS objects, 32% free, 50MB/74MB, paused 162us,113us total 164.389ms
2026-01-30 09:22:50.109 11850-11850 PlayerNavViewModel      com.fishit.player.v2                 D  Resolved workKey 'live:at-prosieben-at:live' → sourceId 'xtream:live:31313'
2026-01-30 09:22:50.141 11850-11850 PlayerUiViewModel       com.fishit.player.v2                 D  player.ui.start.requested: canonicalId=xtream:live:31313
2026-01-30 09:22:50.142 11850-11850 InternalPlayerEntryImpl com.fishit.player.v2                 D  Starting playback: xtream:live:31313
2026-01-30 09:22:50.147 11850-11850 SubtitleTrackManager    com.fishit.player.v2                 D  Detached from player
2026-01-30 09:22:50.148 11850-11850 AudioTrackManager       com.fishit.player.v2                 D  Detached from player
2026-01-30 09:22:50.148 11850-11850 InternalPlayerSession   com.fishit.player.v2                 D  Initializing playback: xtream:live:31313
2026-01-30 09:22:50.149 11850-11850 NxLivePlay...Controller com.fishit.player.v2                 D  Switching to channel: xtream:live:31313
2026-01-30 09:22:50.152 11850-11850 PlaybackSourceResolver  com.fishit.player.v2                 D  Resolving source for: xtream:live:31313 (XTREAM)
2026-01-30 09:22:50.154 11850-11850 PlaybackSourceResolver  com.fishit.player.v2                 D  Using factory: XtreamPlaybackSourceFactoryImpl
2026-01-30 09:22:50.154 11850-11850 XtreamPlaybackFactory   com.fishit.player.v2                 D  Creating source for: xtream:live:31313
2026-01-30 09:22:50.155 11850-11850 XtreamPlaybackFactory   com.fishit.player.v2                 D  resolveOutputExtension: contentType=live, containerExt=null, hasNewKey=false, hasLegacyKey=false
2026-01-30 09:22:50.155 11850-11850 XtreamPlaybackFactory   com.fishit.player.v2                 D  LIVE: Defaulting to ts (no allowedFormats or containerExt)
2026-01-30 09:22:50.156 11850-11850 XtreamPlaybackFactory   com.fishit.player.v2                 D  Built stream URL for live content with extension: ts
2026-01-30 09:22:50.156 11850-11850 PlaybackSourceResolver  com.fishit.player.v2                 D  Selected dataSourceType=XTREAM_HTTP for canonicalId=xtream:live:31313
2026-01-30 09:22:50.158 11850-11850 InternalPlayerSession   com.fishit.player.v2                 D  Source resolved: uri=http://konigtv.com:8080/live/Christoph10/JQ2rKsQ744/31313.ts, mimeType=video/mp2t, headers=[User-Agent, Accept, Accept-Encoding, Icy-MetaData, Referer], dataSourceType=XTREAM_HTTP
2026-01-30 09:22:50.165 11850-11850 InternalPlayerSession   com.fishit.player.v2                 D  Set MediaItem MIME type: video/mp2t
2026-01-30 09:22:50.169 11850-11850 InternalPlayerSession   com.fishit.player.v2                 D  Using Xtream HTTP DataSource = OkHttpDataSource.Factory (redirect-safe)
2026-01-30 09:22:50.174 11850-11850 NextlibCodecs           com.fishit.player.v2                 I  Creating NextLib FFmpeg renderers factory
2026-01-30 09:22:50.178 11850-11850 NextlibCodecs           com.fishit.player.v2                 D  NextRenderersFactory configured with FFmpeg decoders for: Audio(Vorbis, Opus, FLAC, ALAC, MP3, AAC, AC3, EAC3, DTS, TrueHD), Video(H.264, HEVC, VP8, VP9)
2026-01-30 09:22:50.178 11850-11850 InternalPlayerSession   com.fishit.player.v2                 I  SIP using NextLib NextRenderersFactory for FFmpeg codecs
2026-01-30 09:22:50.192 11850-11850 ExoPlayerImpl           com.fishit.player.v2                 I  Init 28aef29 [AndroidXMedia3/1.8.0] [o1s, SM-G991B, samsung, 34]
2026-01-30 09:22:50.235 11850-11850 ishit.player.v2         com.fishit.player.v2                 W  Accessing hidden method Landroid/media/AudioTrack;->getLatency()I (unsupported, reflection, allowed)
2026-01-30 09:22:50.289 11850-11850 SubtitleTrackManager    com.fishit.player.v2                 I  Discovered 0 subtitle tracks
2026-01-30 09:22:50.289 11850-11850 SubtitleTrackManager    com.fishit.player.v2                 D  Attached to player
2026-01-30 09:22:50.290 11850-11850 AudioTrackManager       com.fishit.player.v2                 I  Discovered 0 audio tracks
2026-01-30 09:22:50.290 11850-11850 AudioTrackManager       com.fishit.player.v2                 D  Attached to player (preferredLang=null, surround=true)
2026-01-30 09:22:50.291 11850-11850 InternalPlayerEntryImpl com.fishit.player.v2                 D  Playback started: xtream:live:31313
2026-01-30 09:22:50.291 11850-11850 PlayerUiViewModel       com.fishit.player.v2                 D  player.ui.start.succeeded: canonicalId=xtream:live:31313
2026-01-30 09:22:50.334 11850-13446 XtreamHttpDataSource    com.fishit.player.v2                 D  Chucker interceptor added
2026-01-30 09:22:50.432 11850-11850 Compatibil...geReporter com.fishit.player.v2                 D  Compat change id reported: 210923482; UID 10386; state: ENABLED
2026-01-30 09:22:50.436 11850-11850 SurfaceView@3e0bac0     com.fishit.player.v2                 D  65059520 updateSurface: has no frame
2026-01-30 09:22:50.439 11850-13361 TrafficStats            com.fishit.player.v2                 D  tagSocket(272) with statsTag=0xffffffff, statsUid=-1
2026-01-30 09:22:50.475 11850-13448 XtreamHttpDataSource    com.fishit.player.v2                 D  → Xtream HTTP request: GET http://konigtv.com/live/Christoph10/JQ2rKsQ744/31313.ts
2026-01-30 09:22:50.611 11850-11850 SurfaceView@3e0bac0     com.fishit.player.v2                 I  onWindowVisibilityChanged(0) true android.view.SurfaceView{3e0bac0 V.E...... ......I. 0,0-0,0} of ViewRootImpl@199ffac[MainActivity]
2026-01-30 09:22:50.611 11850-11850 SurfaceView@3e0bac0     com.fishit.player.v2                 D  65059520 updateSurface: has no frame
2026-01-30 09:22:50.613 11850-11850 AnimatorSet             com.fishit.player.v2                 D  mReversing is false. Don't call initChildren.
2026-01-30 09:22:50.615 11850-11850 AnimatorSet             com.fishit.player.v2                 D  mReversing is false. Don't call initChildren.
2026-01-30 09:22:50.621 11850-13448 XtreamHttpDataSource    com.fishit.player.v2                 W  ← Xtream HTTP error: 403 Forbidden
2026-01-30 09:22:50.635 11850-11850 BLASTBufferQueue_Java   com.fishit.player.v2                 I  update, w= 1080 h= 2400 mName = ViewRootImpl@199ffac[MainActivity] mNativeObject= 0xb400007a14e40ed0 sc.mNativeObject= 0xb400007b04e39510 format= -3 caller= android.view.ViewRootImpl.updateBlastSurfaceIfNeeded:3017 android.view.ViewRootImpl.relayoutWindow:10131 android.view.ViewRootImpl.performTraversals:4110 android.view.ViewRootImpl.doTraversal:3288 android.view.ViewRootImpl$TraversalRunnable.run:11344 android.view.Choreographer$CallbackRecord.run:1689
2026-01-30 09:22:50.635 11850-11850 ViewRootIm...nActivity] com.fishit.player.v2                 I  Relayout returned: old=(0,0,1080,2400) new=(0,0,1080,2400) relayoutAsync=true req=(1080,2400)0 dur=1 res=0x0 s={true 0xb400007994e73000} ch=false seqId=0
2026-01-30 09:22:50.647 11850-11860 ishit.player.v2         com.fishit.player.v2                 I  Background concurrent copying GC freed 1556048(48MB) AllocSpace objects, 0(0B) LOS objects, 34% free, 45MB/69MB, paused 183us,972us total 287.534ms
2026-01-30 09:22:50.649 11850-11850 SurfaceView@3e0bac0     com.fishit.player.v2                 D  65059520 updateSurface: has no frame
2026-01-30 09:22:50.670 11850-13448 XtreamHttpDataSource    com.fishit.player.v2                 D  → Xtream HTTP request: GET http://konigtv.com/live/Christoph10/JQ2rKsQ744/31313.ts
2026-01-30 09:22:50.673 11850-11850 SurfaceView             com.fishit.player.v2                 I  65059520 Changes: creating=true format=true size=true visible=true alpha=false hint=false visible=true left=true top=true z=false attached=true lifecycleStrategy=true
2026-01-30 09:22:50.682 11850-11850 BLASTBufferQueue_Java   com.fishit.player.v2                 I  update, w= 1080 h= 2400 mName = null mNativeObject= 0xb400007a14e7ce30 sc.mNativeObject= 0xb400007b04e4bb10 format= 4 caller= android.view.SurfaceView.createBlastSurfaceControls:1517 android.view.SurfaceView.updateSurface:1193 android.view.SurfaceView.lambda$new$0:258 android.view.SurfaceView.$r8$lambda$cm3nmzErr-srXoT_KjIYQgdhFN0:0 android.view.SurfaceView$$ExternalSyntheticLambda2.onPreDraw:2 android.view.ViewTreeObserver.dispatchOnPreDraw:1204
2026-01-30 09:22:50.682 11850-11850 SurfaceView@3e0bac0     com.fishit.player.v2                 I  65059520 Cur surface: Surface(name=null)/@0x7c260ea
2026-01-30 09:22:50.683 11850-11850 SurfaceView@3e0bac0     com.fishit.player.v2                 I  pST: sr = Rect(0, 0 - 1080, 2400) sw = 1080 sh = 2400
2026-01-30 09:22:50.683 11850-11850 SurfaceView@3e0bac0     com.fishit.player.v2                 D  65059520 performSurfaceTransaction RenderWorker position = [0, 0, 1080, 2400] surfaceSize = 1080x2400
2026-01-30 09:22:50.683 11850-11850 SurfaceView@3e0bac0     com.fishit.player.v2                 I  updateSurface: mVisible = true mSurface.isValid() = true
2026-01-30 09:22:50.683 11850-11850 SurfaceView@3e0bac0     com.fishit.player.v2                 I  updateSurface: mSurfaceCreated = false surfaceChanged = true visibleChanged = true
2026-01-30 09:22:50.683 11850-11850 SurfaceView             com.fishit.player.v2                 I  65059520 visibleChanged -- surfaceCreated
2026-01-30 09:22:50.684 11850-11850 SurfaceView@3e0bac0     com.fishit.player.v2                 I  surfaceCreated 1 #8 android.view.SurfaceView{3e0bac0 V.E...... ......ID 0,0-1080,2400}
2026-01-30 09:22:50.684 11850-11850 SurfaceView             com.fishit.player.v2                 I  65059520 surfaceChanged -- format=4 w=1080 h=2400
2026-01-30 09:22:50.684 11850-11850 SurfaceView@3e0bac0     com.fishit.player.v2                 I  surfaceChanged (1080,2400) 1 #8 android.view.SurfaceView{3e0bac0 V.E...... ......ID 0,0-1080,2400}
2026-01-30 09:22:50.684 11850-11850 SurfaceView             com.fishit.player.v2                 I  65059520 surfaceRedrawNeeded
2026-01-30 09:22:50.687 11850-11850 SurfaceView             com.fishit.player.v2                 I  65059520 finishedDrawing
2026-01-30 09:22:50.688 11850-11850 SurfaceView@3e0bac0     com.fishit.player.v2                 V  Layout: x=0 y=0 w=1080 h=2400, frame=Rect(0, 0 - 1080, 2400)
2026-01-30 09:22:50.688 11850-11850 ViewRootIm...nActivity] com.fishit.player.v2                 I  registerCallbackForPendingTransactions
2026-01-30 09:22:50.712 11850-12023 SurfaceView             com.fishit.player.v2                 D  65059520 updateSurfacePosition RenderWorker, frameNr = 534, position = [0, 0, 1080, 2400] surfaceSize = 1080x2400
2026-01-30 09:22:50.713 11850-12023 SurfaceView@3e0bac0     com.fishit.player.v2                 I  uSP: rtp = Rect(0, 0 - 1080, 2400) rtsw = 1080 rtsh = 2400
2026-01-30 09:22:50.713 11850-12023 SurfaceView@3e0bac0     com.fishit.player.v2                 I  onSSPAndSRT: pl = 0 pt = 0 sx = 1.0 sy = 1.0
2026-01-30 09:22:50.715 11850-12023 SurfaceView@3e0bac0     com.fishit.player.v2                 I  aOrMT: ViewRootImpl@199ffac[MainActivity] t = android.view.SurfaceControl$Transaction@730c052 fN = 534 android.view.SurfaceView.-$$Nest$mapplyOrMergeTransaction:0 android.view.SurfaceView$SurfaceViewPositionUpdateListener.positionChanged:1666 android.graphics.RenderNode$CompositePositionUpdateListener.positionChanged:369
2026-01-30 09:22:50.715 11850-12023 ViewRootIm...nActivity] com.fishit.player.v2                 I  mWNT: t=0xb4000078e4eb74f0 mBlastBufferQueue=0xb400007a14e40ed0 fn= 534 mRenderHdrSdrRatio=1.0 caller= android.view.SurfaceView.applyOrMergeTransaction:1598 android.view.SurfaceView.-$$Nest$mapplyOrMergeTransaction:0 android.view.SurfaceView$SurfaceViewPositionUpdateListener.positionChanged:1666
2026-01-30 09:22:50.716 11850-12125 ViewRootIm...nActivity] com.fishit.player.v2                 I  mWNT: t=0xb4000078e4e94ad0 mBlastBufferQueue=0xb400007a14e40ed0 fn= 534 mRenderHdrSdrRatio=1.0 caller= android.view.ViewRootImpl$6.onFrameDraw:5635 android.view.ViewRootImpl$2.onFrameDraw:2146 android.view.ThreadedRenderer$1.onFrameDraw:792
2026-01-30 09:22:50.719 11850-11850 NxLivePlay...Controller com.fishit.player.v2                 W  Channel not found or not a live channel: xtream:live:31313
2026-01-30 09:22:50.746 11850-13448 XtreamHttpDataSource    com.fishit.player.v2                 W  ← Xtream HTTP error: 403 Forbidden
2026-01-30 09:22:50.753   925-925   audit                   auditd                               E  type=1400 audit(1769761370.744:26975): avc:  denied  { ioctl } for  pid=11850 comm="arch_disk_io_0" path="/data/data/com.fishit.player.v2/databases/chucker.db" dev="dm-52" ino=2003625 ioctlcmd=0xf522 scontext=u:r:untrusted_app:s0:c130,c257,c512,c768 tcontext=u:object_r:app_data_file:s0:c130,c257,c512,c768 tclass=file permissive=0 SEPF_SM-G991B_12_0001 audit_filtered
2026-01-30 09:22:50.753   925-925   audit                   auditd                               E  type=1327 audit(1769761370.744:26975): proctitle="com.fishit.player.v2"
2026-01-30 09:22:50.753   925-925   audit                   auditd                               E  type=1400 audit(1769761370.748:26976): avc:  denied  { ioctl } for  pid=11850 comm="arch_disk_io_0" path="/data/data/com.fishit.player.v2/databases/chucker.db-journal" dev="dm-52" ino=2003462 ioctlcmd=0xf522 scontext=u:r:untrusted_app:s0:c130,c257,c512,c768 tcontext=u:object_r:app_data_file:s0:c130,c257,c512,c768 tclass=file permissive=0 SEPF_SM-G991B_12_0001 audit_filtered
2026-01-30 09:22:51.844 11850-13448 XtreamHttpDataSource    com.fishit.player.v2                 D  → Xtream HTTP request: GET http://konigtv.com/live/Christoph10/JQ2rKsQ744/31313.ts
2026-01-30 09:22:51.918 11850-13448 XtreamHttpDataSource    com.fishit.player.v2                 W  ← Xtream HTTP error: 403 Forbidden
2026-01-30 09:22:51.993 11850-11860 ishit.player.v2         com.fishit.player.v2                 I  Background concurrent copying GC freed 1055436(36MB) AllocSpace objects, 0(0B) LOS objects, 34% free, 44MB/68MB, paused 110us,85us total 103.726ms
2026-01-30 09:22:52.182 11850-12020 CatalogSyncService      com.fishit.player.v2                 D  Xtream batch complete (HOT PATH/NX): ingested=400 total_ms=9249
2026-01-30 09:22:52.182 11850-12020 SyncPerfMetrics         com.fishit.player.v2                 D  Phase MOVIES started
2026-01-30 09:22:52.183 11850-12020 XtreamCatalogScanWorker com.fishit.player.v2                 D  PROGRESS discovered=4146 persisted=4146 phase=VOD
2026-01-30 09:22:52.187 11850-13077 SyncBatchManager        com.fishit.player.v2                 D  Time-based flush for LIVE: 11 items after 9137ms
2026-01-30 09:22:52.187 11850-13077 SyncBatchManager        com.fishit.player.v2                 D  Flushing LIVE batch: 11 items (timeBased=true)
2026-01-30 09:22:52.188 11850-13077 CatalogSyncService      com.fishit.player.v2                 D  Persisting Xtream live batch (NX-ONLY): 11 items
2026-01-30 09:22:52.191 11850-11989 XtreamCatalogScanWorker com.fishit.player.v2                 D  PROGRESS discovered=4200 persisted=4146 phase=null
2026-01-30 09:22:52.191 11850-11989 SyncPerfMetrics         com.fishit.player.v2                 D  Phase LIVE started
2026-01-30 09:22:52.192 11850-11989 XtreamCatalogScanWorker com.fishit.player.v2                 D  PROGRESS discovered=4200 persisted=4146 phase=LIVE
2026-01-30 09:22:52.200 11850-11988 XTC                     com.fishit.player.v2                 D  [LIVE] DTO→Raw #2250 | id=xtream:live:68054 | title="SRB: Fox Crime" | sourceType=XTREAM | Fields: ✓[poster] ✗[year, plot, cast, director, backdrop, duration, tmdb]
2026-01-30 09:22:52.204 11850-12021 XTC                     com.fishit.player.v2                 D  [VOD] DTO→Raw #2050 | id=xtream:vod:801981 | title="Anaconda | 2025 | 6.7" | sourceType=XTREAM | Fields: ✓[year=2025, poster] ✗[plot, cast, director, backdrop, duration, tmdb]
2026-01-30 09:22:52.207 11850-11989 XtreamCatalogScanWorker com.fishit.player.v2                 D  PROGRESS discovered=4300 persisted=4146 phase=null
2026-01-30 09:22:52.221 11850-11988 XTC                     com.fishit.player.v2                 D  [LIVE] DTO→Raw #2300 | id=xtream:live:80163 | title="EXYU: BBC Earth" | sourceType=XTREAM | Fields: ✓[poster] ✗[year, plot, cast, director, backdrop, duration, tmdb]
2026-01-30 09:22:52.221 11850-12021 XTC                     com.fishit.player.v2                 D  [VOD] DTO→Raw #2100 | id=xtream:vod:800634 | title="Whiteout - Überleben ist alles | 2025 | " | sourceType=XTREAM | Fields: ✓[year=2025, poster] ✗[plot, cast, director, backdrop, duration, tmdb]
2026-01-30 09:22:52.222 11850-12021 XtreamCatalogScanWorker com.fishit.player.v2                 D  PROGRESS discovered=4400 persisted=4146 phase=null
2026-01-30 09:22:52.223 11850-11989 SyncPerfMetrics         com.fishit.player.v2                 D  Phase LIVE started
2026-01-30 09:22:52.223 11850-11989 XtreamCatalogScanWorker com.fishit.player.v2                 D  PROGRESS discovered=4399 persisted=4146 phase=LIVE
2026-01-30 09:22:52.224 11850-13077 SyncPerfMetrics         com.fishit.player.v2                 D  Phase MOVIES started
2026-01-30 09:22:52.225 11850-13077 XtreamCatalogScanWorker com.fishit.player.v2                 D  PROGRESS discovered=4400 persisted=4146 phase=VOD
2026-01-30 09:22:52.229 11850-11989 XTC                     com.fishit.player.v2                 D  [VOD] DTO→Raw #2150 | id=xtream:vod:798830 | title="825 Forest Road | 2025 | 5.9 |" | sourceType=XTREAM | Fields: ✓[year=2025, poster] ✗[plot, cast, director, backdrop, duration, tmdb]
2026-01-30 09:22:52.235 11850-13077 XtreamCatalogScanWorker com.fishit.player.v2                 D  PROGRESS discovered=4500 persisted=4146 phase=null
2026-01-30 09:22:52.236 11850-11988 XTC                     com.fishit.player.v2                 D  [LIVE] DTO→Raw #2350 | id=xtream:live:71045 | title="CR: Narodni TV" | sourceType=XTREAM | Fields: ✓[] ✗[year, plot, cast, director, poster, backdrop, duration, tmdb]
2026-01-30 09:22:52.237 11850-11989 XTC                     com.fishit.player.v2                 D  [VOD] DTO→Raw #2200 | id=xtream:vod:797304 | title="Frankenstein | 2025 | 7.9 |" | sourceType=XTREAM | Fields: ✓[year=2025, poster] ✗[plot, cast, director, backdrop, duration, tmdb]
2026-01-30 09:22:52.238 11850-13077 SyncPerfMetrics         com.fishit.player.v2                 D  Phase MOVIES started
2026-01-30 09:22:52.239 11850-13077 XtreamCatalogScanWorker com.fishit.player.v2                 D  PROGRESS discovered=4558 persisted=4146 phase=VOD
2026-01-30 09:22:52.245 11850-12021 XtreamCatalogScanWorker com.fishit.player.v2                 D  PROGRESS discovered=4600 persisted=4146 phase=null
2026-01-30 09:22:52.246 11850-11989 XTC                     com.fishit.player.v2                 D  [VOD] DTO→Raw #2250 | id=xtream:vod:794087 | title="Jenseits der blauen Grenze | 2024 | 6.4 " | sourceType=XTREAM | Fields: ✓[year=2024, poster] ✗[plot, cast, director, backdrop, duration, tmdb]
2026-01-30 09:22:52.251 11850-11988 XTC                     com.fishit.player.v2                 D  [LIVE] DTO→Raw #2400 | id=xtream:live:123310 | title="NL: ZIGGO SPORT DOCU HEVC" | sourceType=XTREAM | Fields: ✓[poster] ✗[year, plot, cast, director, backdrop, duration, tmdb]
2026-01-30 09:22:52.252 11850-11989 XTC                     com.fishit.player.v2                 D  [VOD] DTO→Raw #2300 | id=xtream:vod:791360 | title="All of You | 2025 | 6.5 |" | sourceType=XTREAM | Fields: ✓[year=2025, poster] ✗[plot, cast, director, backdrop, duration, tmdb]
2026-01-30 09:22:52.257 11850-12020 SyncPerfMetrics         com.fishit.player.v2                 D  Phase LIVE started
2026-01-30 09:22:52.258 11850-12020 XtreamCatalogScanWorker com.fishit.player.v2                 D  PROGRESS discovered=4692 persisted=4146 phase=LIVE
2026-01-30 09:22:52.258 11850-12020 XtreamCatalogScanWorker com.fishit.player.v2                 D  PROGRESS discovered=4700 persisted=4146 phase=null
2026-01-30 09:22:52.259 11850-12020 SyncPerfMetrics         com.fishit.player.v2                 D  Phase MOVIES started
2026-01-30 09:22:52.259 11850-12020 XtreamCatalogScanWorker com.fishit.player.v2                 D  PROGRESS discovered=4707 persisted=4146 phase=VOD
2026-01-30 09:22:52.263 11850-12020 XTC                     com.fishit.player.v2                 D  [VOD] DTO→Raw #2350 | id=xtream:vod:788976 | title="Was ist Liebe wert - Materialists | 2025" | sourceType=XTREAM | Fields: ✓[year=2025, poster] ✗[plot, cast, director, backdrop, duration, tmdb]
2026-01-30 09:22:52.264 11850-13077 XTC                     com.fishit.player.v2                 D  [LIVE] DTO→Raw #2450 | id=xtream:live:67994 | title="NL: CBS REALITY" | sourceType=XTREAM | Fields: ✓[] ✗[year, plot, cast, director, poster, backdrop, duration, tmdb]
2026-01-30 09:22:52.273 11850-12480 XtreamCatalogScanWorker com.fishit.player.v2                 D  PROGRESS discovered=4800 persisted=4146 phase=null
2026-01-30 09:22:52.278 11850-12021 XTC                     com.fishit.player.v2                 D  [VOD] DTO→Raw #2400 | id=xtream:vod:786362 | title="Checkmates - Ziemlich schräge Figuren | " | sourceType=XTREAM | Fields: ✓[year=2024, poster] ✗[plot, cast, director, backdrop, duration, tmdb]
2026-01-30 09:22:52.286 11850-11989 XTC                     com.fishit.player.v2                 D  [LIVE] DTO→Raw #2500 | id=xtream:live:728060 | title="NL: VIAPLAY Premier League 1 FHD" | sourceType=XTREAM | Fields: ✓[poster] ✗[year, plot, cast, director, backdrop, duration, tmdb]
2026-01-30 09:22:52.288 11850-12480 SyncBatchManager        com.fishit.player.v2                 D  Flushing MOVIES batch: 400 items (timeBased=false)
2026-01-30 09:22:52.289 11850-12480 CatalogSyncService      com.fishit.player.v2                 D  Persisting Xtream catalog batch (NX-ONLY): 400 items (canonical_linking=false)
2026-01-30 09:22:52.296 11850-11989 StreamingJsonParser     com.fishit.player.v2                 W  streamInBatches mapper error #1: timeout
2026-01-30 09:22:52.305 11850-11989 XtreamApiClient         com.fishit.player.v2                 W  streamContentInBatches(get_live_streams): streamFromUrl FAILED for alias=live params={category_id=*} | SocketException: Socket closed
2026-01-30 09:22:52.306 11850-11989 XtreamApiClient         com.fishit.player.v2                 D  buildPlayerApiUrl: action=get_live_streams -> konigtv.com/player_api.php
2026-01-30 09:22:52.307 11850-11989 XtreamApiClient         com.fishit.player.v2                 D  streamFromUrl: CALLED for konigtv.com/player_api.php
2026-01-30 09:22:52.311 11850-13361 TrafficStats            com.fishit.player.v2                 D  tagSocket(147) with statsTag=0xffffffff, statsUid=-1
2026-01-30 09:22:52.388 11850-12480 CatalogSyncService      com.fishit.player.v2                 D  Xtream live batch complete (NX): ingested=11 total_ms=200
2026-01-30 09:22:52.388 11850-12480 CatalogSyncService      com.fishit.player.v2                 D  Time-based flush LIVE: 11 items in 200ms
2026-01-30 09:22:52.557 11850-11989 XtreamApiClient         com.fishit.player.v2                 D  StreamingFetch: Detected GZIP for konigtv.com/player_api.php (manual decompression)
2026-01-30 09:22:52.558 11850-11989 XtreamApiClient         com.fishit.player.v2                 D  StreamingFetch: Success for konigtv.com/player_api.php, streaming response
2026-01-30 09:22:52.562 11850-11989 XtreamApiClient         com.fishit.player.v2                 D  streamFromUrl: Starting StreamingJsonParser.streamInBatches() for konigtv.com/player_api.php
2026-01-30 09:22:53.392 11850-12482 SyncBatchManager        com.fishit.player.v2                 D  Time-based flush for LIVE: 322 items after 1205ms
2026-01-30 09:22:53.393 11850-12482 SyncBatchManager        com.fishit.player.v2                 D  Flushing LIVE batch: 322 items (timeBased=true)
2026-01-30 09:22:53.396 11850-12482 CatalogSyncService      com.fishit.player.v2                 D  Persisting Xtream live batch (NX-ONLY): 322 items
2026-01-30 09:22:53.942 11850-13448 XtreamHttpDataSource    com.fishit.player.v2                 D  → Xtream HTTP request: GET http://konigtv.com/live/Christoph10/JQ2rKsQ744/31313.ts
2026-01-30 09:22:54.006 11850-11860 ishit.player.v2         com.fishit.player.v2                 I  Background concurrent copying GC freed 1805083(58MB) AllocSpace objects, 0(0B) LOS objects, 29% free, 57MB/81MB, paused 245us,119us total 238.320ms
2026-01-30 09:22:54.039 11850-13448 XtreamHttpDataSource    com.fishit.player.v2                 W  ← Xtream HTTP error: 403 Forbidden
2026-01-30 09:22:54.062 11850-13446 ExoPlayerImplInternal   com.fishit.player.v2                 E  Playback error
                                                                                                      androidx.media3.exoplayer.ExoPlaybackException: Source error
                                                                                                          at androidx.media3.exoplayer.ExoPlayerImplInternal.handleIoException(ExoPlayerImplInternal.java:927)
                                                                                                          at androidx.media3.exoplayer.ExoPlayerImplInternal.handleMessage(ExoPlayerImplInternal.java:899)
                                                                                                          at android.os.Handler.dispatchMessage(Handler.java:102)
                                                                                                          at android.os.Looper.loopOnce(Looper.java:230)
                                                                                                          at android.os.Looper.loop(Looper.java:319)
                                                                                                          at android.os.HandlerThread.run(HandlerThread.java:67)
                                                                                                      Caused by: androidx.media3.datasource.HttpDataSource$InvalidResponseCodeException: Response code: 403
                                                                                                          at androidx.media3.datasource.okhttp.OkHttpDataSource.open(OkHttpDataSource.java:309)
                                                                                                          at androidx.media3.datasource.StatsDataSource.open(StatsDataSource.java:88)
                                                                                                          at androidx.media3.exoplayer.source.ProgressiveMediaPeriod$ExtractingLoadable.load(ProgressiveMediaPeriod.java:1109)
                                                                                                          at androidx.media3.exoplayer.upstream.Loader$LoadTask.run(Loader.java:453)
                                                                                                          at java.util.concurrent.ThreadPoolExecutor.runWorker(ThreadPoolExecutor.java:1145)
                                                                                                          at java.util.concurrent.ThreadPoolExecutor$Worker.run(ThreadPoolExecutor.java:644)
                                                                                                          at java.lang.Thread.run(Thread.java:1012)
2026-01-30 09:22:54.066 11850-11850 InternalPlayerSession   com.fishit.player.v2                 E  Player error: ERROR_CODE_IO_BAD_HTTP_STATUS
                                                                                                    androidx.media3.exoplayer.ExoPlaybackException: Source error
                                                                                                    	at androidx.media3.exoplayer.ExoPlayerImplInternal.handleIoException(ExoPlayerImplInternal.java:927)
                                                                                                    	at androidx.media3.exoplayer.ExoPlayerImplInternal.handleMessage(ExoPlayerImplInternal.java:899)
                                                                                                    	at android.os.Handler.dispatchMessage(Handler.java:102)
                                                                                                    	at android.os.Looper.loopOnce(Looper.java:230)
                                                                                                    	at android.os.Looper.loop(Looper.java:319)
                                                                                                    	at android.os.HandlerThread.run(HandlerThread.java:67)
                                                                                                    Caused by: androidx.media3.datasource.HttpDataSource$InvalidResponseCodeException: Response code: 403
                                                                                                    	at androidx.media3.datasource.okhttp.OkHttpDataSource.open(OkHttpDataSource.java:309)
                                                                                                    	at androidx.media3.datasource.StatsDataSource.open(StatsDataSource.java:88)
                                                                                                    	at androidx.media3.exoplayer.source.ProgressiveMediaPeriod$ExtractingLoadable.load(ProgressiveMediaPeriod.java:1109)
                                                                                                    	at androidx.media3.exoplayer.upstream.Loader$LoadTask.run(Loader.java:453)
                                                                                                    	at java.util.concurrent.ThreadPoolExecutor.runWorker(ThreadPoolExecutor.java:1145)
                                                                                                    	at java.util.concurrent.ThreadPoolExecutor$Worker.run(ThreadPoolExecutor.java:644)
                                                                                                    	at java.lang.Thread.run(Thread.java:1012)
2026-01-30 09:22:54.768 11850-11860 ishit.player.v2         com.fishit.player.v2                 I  Background young concurrent copying GC freed 797038(22MB) AllocSpace objects, 0(0B) LOS objects, 0% free, 67MB/67MB, paused 283us,2.393ms total 157.783ms
2026-01-30 09:22:55.153 11850-11860 ishit.player.v2         com.fishit.player.v2                 I  Background concurrent copying GC freed 1862206(60MB) AllocSpace objects, 0(0B) LOS objects, 28% free, 60MB/84MB, paused 869us,252us total 384.430ms
2026-01-30 09:22:55.459 11850-11860 ishit.player.v2         com.fishit.player.v2                 I  Background young concurrent copying GC freed 1672823(51MB) AllocSpace objects, 0(0B) LOS objects, 31% free, 52MB/76MB, paused 2.057ms,89us total 137.494ms
2026-01-30 09:22:55.952 11850-11860 ishit.player.v2         com.fishit.player.v2                 I  Background concurrent copying GC freed 2141278(66MB) AllocSpace objects, 0(0B) LOS objects, 28% free, 61MB/85MB, paused 264us,71us total 321.340ms
2026-01-30 09:22:56.644 11850-11860 ishit.player.v2         com.fishit.player.v2                 I  Background concurrent copying GC freed 1289303(44MB) AllocSpace objects, 0(0B) LOS objects, 36% free, 42MB/66MB, paused 83us,83us total 104.228ms
2026-01-30 09:22:57.489 11850-12482 CatalogSyncService      com.fishit.player.v2                 D  Xtream batch complete (HOT PATH/NX): ingested=400 total_ms=5200
2026-01-30 09:22:57.490 11850-12482 SyncPerfMetrics         com.fishit.player.v2                 D  Phase MOVIES started
2026-01-30 09:22:57.490 11850-12482 XtreamCatalogScanWorker com.fishit.player.v2                 D  PROGRESS discovered=4879 persisted=4557 phase=VOD
2026-01-30 09:22:57.495 11850-12020 XTC                     com.fishit.player.v2                 D  [VOD] DTO→Raw #2450 | id=xtream:vod:783657 | title="The Ballad of Wallis Island | 2025 | 7.0" | sourceType=XTREAM | Fields: ✓[year=2025, poster] ✗[plot, cast, director, backdrop, duration, tmdb]
2026-01-30 09:22:57.502 11850-12482 XtreamCatalogScanWorker com.fishit.player.v2                 D  PROGRESS discovered=4900 persisted=4557 phase=null
2026-01-30 09:22:57.507 11850-12482 SyncPerfMetrics         com.fishit.player.v2                 D  Phase LIVE started
2026-01-30 09:22:57.508 11850-12482 XtreamCatalogScanWorker com.fishit.player.v2                 D  PROGRESS discovered=4927 persisted=4557 phase=LIVE
2026-01-30 09:22:57.519 11850-12480 XTC                     com.fishit.player.v2                 D  [VOD] DTO→Raw #2500 | id=xtream:vod:780844 | title="Shadow of God | 2025 | 5.0 |" | sourceType=XTREAM | Fields: ✓[year=2025, poster] ✗[plot, cast, director, backdrop, duration, tmdb]
2026-01-30 09:22:57.520 11850-12482 XtreamCatalogScanWorker com.fishit.player.v2                 D  PROGRESS discovered=5000 persisted=4557 phase=null
2026-01-30 09:22:57.521 11850-12482 SyncPerfMetrics         com.fishit.player.v2                 D  Phase MOVIES started
2026-01-30 09:22:57.527 11850-12482 XtreamCatalogScanWorker com.fishit.player.v2                 D  PROGRESS discovered=5022 persisted=4557 phase=VOD
2026-01-30 09:22:57.528 11850-11988 XTC                     com.fishit.player.v2                 D  [LIVE] DTO→Raw #2550 | id=xtream:live:71808 | title="DE: Deluxe Music HEVC" | sourceType=XTREAM | Fields: ✓[poster] ✗[year, plot, cast, director, backdrop, duration, tmdb]
2026-01-30 09:22:57.541 11850-11988 XTC                     com.fishit.player.v2                 D  [LIVE] DTO→Raw #2600 | id=xtream:live:49200 | title="DE: Pro 7 Maxx FHD" | sourceType=XTREAM | Fields: ✓[poster] ✗[year, plot, cast, director, backdrop, duration, tmdb]
2026-01-30 09:22:57.542 11850-12482 XtreamCatalogScanWorker com.fishit.player.v2                 D  PROGRESS discovered=5100 persisted=4557 phase=null
2026-01-30 09:22:57.542 11850-12482 SyncPerfMetrics         com.fishit.player.v2                 D  Phase LIVE started
2026-01-30 09:22:57.542 11850-12482 XtreamCatalogScanWorker com.fishit.player.v2                 D  PROGRESS discovered=5100 persisted=4557 phase=LIVE
2026-01-30 09:22:57.574 11850-12480 XTC                     com.fishit.player.v2                 D  [VOD] DTO→Raw #2550 | id=xtream:vod:779064 | title="Escape - Der unsichtbare Feind | 2024 | " | sourceType=XTREAM | Fields: ✓[year=2024, poster] ✗[plot, cast, director, backdrop, duration, tmdb]
2026-01-30 09:22:57.576 11850-11988 XTC                     com.fishit.player.v2                 D  [LIVE] DTO→Raw #2650 | id=xtream:live:361561 | title="DE: NDR Hamburg" | sourceType=XTREAM | Fields: ✓[poster] ✗[year, plot, cast, director, backdrop, duration, tmdb]
2026-01-30 09:22:57.580 11850-12021 XtreamCatalogScanWorker com.fishit.player.v2                 D  PROGRESS discovered=5200 persisted=4557 phase=null
2026-01-30 09:22:57.586 11850-12480 XTC                     com.fishit.player.v2                 D  [VOD] DTO→Raw #2600 | id=xtream:vod:776412 | title="WWE WrestleMania 41: Sunday | 2025 | 6.1" | sourceType=XTREAM | Fields: ✓[year=2025, poster] ✗[plot, cast, director, backdrop, duration, tmdb]
2026-01-30 09:22:57.594 11850-12021 SyncPerfMetrics         com.fishit.player.v2                 D  Phase MOVIES started
2026-01-30 09:22:57.594 11850-12021 XtreamCatalogScanWorker com.fishit.player.v2                 D  PROGRESS discovered=5273 persisted=4557 phase=VOD
2026-01-30 09:22:57.596 11850-12021 XtreamCatalogScanWorker com.fishit.player.v2                 D  PROGRESS discovered=5300 persisted=4557 phase=null
2026-01-30 09:22:57.596 11850-13077 XTC                     com.fishit.player.v2                 D  [LIVE] DTO→Raw #2700 | id=xtream:live:197779 | title="DE: QVC STYLE TV" | sourceType=XTREAM | Fields: ✓[poster] ✗[year, plot, cast, director, backdrop, duration, tmdb]
2026-01-30 09:22:57.597 11850-12482 SyncPerfMetrics         com.fishit.player.v2                 D  Phase LIVE started
2026-01-30 09:22:57.597 11850-12482 XtreamCatalogScanWorker com.fishit.player.v2                 D  PROGRESS discovered=5316 persisted=4557 phase=LIVE
