2026-01-30 14:50:18.694 29280-29289 ishit.player.v2         com.fishit.player.v2                 I  Background concurrent copying GC freed 836477(39MB) AllocSpace objects, 0(0B) LOS objects, 31% free, 52MB/76MB, paused 239us,42us total 257.165ms
2026-01-30 14:50:18.742 29280-29519 NxCatalogWriter         com.fishit.player.v2                 D  ✅ OPTIMIZED ingestBatch COMPLETE: 400 items | persist_ms=712 total_ms=797 (501 items/sec)
2026-01-30 14:50:18.743 29280-29519 CatalogSyncService      com.fishit.player.v2                 D  Xtream batch complete (NX): ingested=400 ingest_ms=846 total_ms=846
2026-01-30 14:50:18.748 29280-29516 XTC                     com.fishit.player.v2                 D  [VOD] DTO→Raw #18250 | id=xtream:vod:492785 | title="Underworld: Evolution (2006)" | sourceType=XTREAM | Fields: ✓[year=2006, poster] ✗[plot, cast, director, backdrop, duration, tmdb]
2026-01-30 14:50:18.749 29280-29519 CatalogSyncService      com.fishit.player.v2                 D  Persisting Xtream catalog batch (NX-ONLY): 400 items (canonical_linking=true)
2026-01-30 14:50:18.767 29280-29516 XTC                     com.fishit.player.v2                 D  [VOD] DTO→Raw #18300 | id=xtream:vod:793330 | title="40 Acres (2025)" | sourceType=XTREAM | Fields: ✓[year=2025, poster] ✗[plot, cast, director, backdrop, duration, tmdb]
2026-01-30 14:50:18.785 29280-29516 XTC                     com.fishit.player.v2                 D  [VOD] DTO→Raw #18350 | id=xtream:vod:793380 | title="Kraken (2025)" | sourceType=XTREAM | Fields: ✓[year=2025] ✗[plot, cast, director, poster, backdrop, duration, tmdb]
2026-01-30 14:50:18.801 29280-29516 XTC                     com.fishit.player.v2                 D  [VOD] DTO→Raw #18400 | id=xtream:vod:793430 | title="The First Day of My Life (2023)" | sourceType=XTREAM | Fields: ✓[year=2023, poster] ✗[plot, cast, director, backdrop, duration, tmdb]
2026-01-30 14:50:18.809 29280-29519 NxCatalogWriter         com.fishit.player.v2                 D  📥 OPTIMIZED ingestBatch START: 400 items
2026-01-30 14:50:18.819 29280-29516 XTC                     com.fishit.player.v2                 D  [VOD] DTO→Raw #18450 | id=xtream:vod:779404 | title="California King (2025)" | sourceType=XTREAM | Fields: ✓[year=2025, poster] ✗[plot, cast, director, backdrop, duration, tmdb]
2026-01-30 14:50:18.836 29280-29516 XTC                     com.fishit.player.v2                 D  [VOD] DTO→Raw #18500 | id=xtream:vod:779455 | title="Womb (2025)" | sourceType=XTREAM | Fields: ✓[year=2025, poster] ✗[plot, cast, director, backdrop, duration, tmdb]
2026-01-30 14:50:18.837 29280-29541 XtreamCatalogScanWorker com.fishit.player.v2                 D  PROGRESS discovered=36933 persisted=34800 phase=N/A
2026-01-30 14:50:18.869 29280-29516 XTC                     com.fishit.player.v2                 D  [VOD] DTO→Raw #18550 | id=xtream:vod:767713 | title="A Traveler's Needs | 2024 | 5.6" | sourceType=XTREAM | Fields: ✓[year=2024, poster] ✗[plot, cast, director, backdrop, duration, tmdb]
2026-01-30 14:50:18.875 29280-29516 XTC                     com.fishit.player.v2                 D  [VOD] DTO→Raw #18600 | id=xtream:vod:764856 | title="Cat and Dog (2024)" | sourceType=XTREAM | Fields: ✓[year=2024, poster] ✗[plot, cast, director, backdrop, duration, tmdb]
2026-01-30 14:50:18.876 29280-29519 NxWorkRepository        com.fishit.player.v2                 W  Deduped 5 duplicate workKeys in batch (400 → 395)
2026-01-30 14:50:18.903 29280-29732 NxCatalogWriter         com.fishit.player.v2                 D  ✅ OPTIMIZED ingestBatch COMPLETE: 400 items | persist_ms=296 total_ms=374 (1069 items/sec)
2026-01-30 14:50:18.903 29280-29732 CatalogSyncService      com.fishit.player.v2                 D  Xtream batch complete (NX): ingested=400 ingest_ms=475 total_ms=475
2026-01-30 14:50:18.903 29280-29732 CatalogSyncService      com.fishit.player.v2                 D  Consumer#2: 30 batches, 35200 total items
2026-01-30 14:50:18.907 29280-29732 CatalogSyncService      com.fishit.player.v2                 D  Persisting Xtream catalog batch (NX-ONLY): 400 items (canonical_linking=true)
2026-01-30 14:50:18.908 29280-29541 XTC                     com.fishit.player.v2                 D  [VOD] DTO→Raw #18650 | id=xtream:vod:764906 | title="The Wasp (2024)" | sourceType=XTREAM | Fields: ✓[year=2024, poster] ✗[plot, cast, director, backdrop, duration, tmdb]
2026-01-30 14:50:18.918 29280-29541 XTC                     com.fishit.player.v2                 D  [VOD] DTO→Raw #18700 | id=xtream:vod:755666 | title="Justice (2024)" | sourceType=XTREAM | Fields: ✓[year=2024, poster] ✗[plot, cast, director, backdrop, duration, tmdb]
2026-01-30 14:50:18.935 29280-29541 XTC                     com.fishit.player.v2                 D  [VOD] DTO→Raw #18750 | id=xtream:vod:751100 | title="A Costa Rican Wedding (2024)" | sourceType=XTREAM | Fields: ✓[year=2024, poster] ✗[plot, cast, director, backdrop, duration, tmdb]
2026-01-30 14:50:18.948 29280-29541 XTC                     com.fishit.player.v2                 D  [VOD] DTO→Raw #18800 | id=xtream:vod:747032 | title="Goyo (2024)" | sourceType=XTREAM | Fields: ✓[year=2024, poster] ✗[plot, cast, director, backdrop, duration, tmdb]
2026-01-30 14:50:18.958 29280-29541 XTC                     com.fishit.player.v2                 D  [VOD] DTO→Raw #18850 | id=xtream:vod:747082 | title="Winnie-the-Pooh: Blood and Honey 2 (2024" | sourceType=XTREAM | Fields: ✓[year=2024, poster] ✗[plot, cast, director, backdrop, duration, tmdb]
2026-01-30 14:50:18.958 29280-29732 NxCatalogWriter         com.fishit.player.v2                 D  📥 OPTIMIZED ingestBatch START: 400 items
2026-01-30 14:50:18.970 29280-29541 XTC                     com.fishit.player.v2                 D  [VOD] DTO→Raw #18900 | id=xtream:vod:742774 | title="Love Lies Bleeding (2024)" | sourceType=XTREAM | Fields: ✓[year=2024, poster] ✗[plot, cast, director, backdrop, duration, tmdb]
2026-01-30 14:50:18.979 29280-29541 XTC                     com.fishit.player.v2                 D  [VOD] DTO→Raw #18950 | id=xtream:vod:740168 | title="Snack Shack (2024)" | sourceType=XTREAM | Fields: ✓[year=2024, poster] ✗[plot, cast, director, backdrop, duration, tmdb]
2026-01-30 14:50:18.987 29280-29541 XTC                     com.fishit.player.v2                 D  [VOD] DTO→Raw #19000 | id=xtream:vod:727834 | title="Air Force One Down (2024)" | sourceType=XTREAM | Fields: ✓[year=2024, poster] ✗[plot, cast, director, backdrop, duration, tmdb]
2026-01-30 14:50:19.044 29280-29520 NxCatalogWriter         com.fishit.player.v2                 D  ✅ OPTIMIZED ingestBatch COMPLETE: 400 items | persist_ms=737 total_ms=844 (473 items/sec)
2026-01-30 14:50:19.044 29280-29520 CatalogSyncService      com.fishit.player.v2                 D  Xtream batch complete (NX): ingested=400 ingest_ms=913 total_ms=913
2026-01-30 14:50:19.048 29280-29513 XtreamCatalogScanWorker com.fishit.player.v2                 D  PROGRESS discovered=37433 persisted=35600 phase=N/A
2026-01-30 14:50:19.048 29280-29520 CatalogSyncService      com.fishit.player.v2                 D  Persisting Xtream catalog batch (NX-ONLY): 400 items (canonical_linking=true)
2026-01-30 14:50:19.055 29280-29730 XTC                     com.fishit.player.v2                 D  [VOD] DTO→Raw #19050 | id=xtream:vod:709311 | title="Auti.2006" | sourceType=XTREAM | Fields: ✓[year=2006] ✗[plot, cast, director, poster, backdrop, duration, tmdb]
2026-01-30 14:50:19.089 29280-29730 XTC                     com.fishit.player.v2                 D  [VOD] DTO→Raw #19100 | id=xtream:vod:709361 | title="Pinokio Guillerma del Tora (2022)" | sourceType=XTREAM | Fields: ✓[year=2022, poster] ✗[plot, cast, director, backdrop, duration, tmdb]
2026-01-30 14:50:19.105 29280-29730 XTC                     com.fishit.player.v2                 D  [VOD] DTO→Raw #19150 | id=xtream:vod:709412 | title="Odvažna Iva i skriveno blago Maglograda " | sourceType=XTREAM | Fields: ✓[year=2021, poster] ✗[plot, cast, director, backdrop, duration, tmdb]
2026-01-30 14:50:19.116 29280-29730 XTC                     com.fishit.player.v2                 D  [VOD] DTO→Raw #19200 | id=xtream:vod:709463 | title="Trolovi u kutijama (2014)" | sourceType=XTREAM | Fields: ✓[year=2014, poster] ✗[plot, cast, director, backdrop, duration, tmdb]
2026-01-30 14:50:19.120 29280-29520 NxCatalogWriter         com.fishit.player.v2                 D  📥 OPTIMIZED ingestBatch START: 400 items
2026-01-30 14:50:19.127 29280-29730 XTC                     com.fishit.player.v2                 D  [VOD] DTO→Raw #19250 | id=xtream:vod:705474 | title="He Went That Way (2024)" | sourceType=XTREAM | Fields: ✓[year=2024, poster] ✗[plot, cast, director, backdrop, duration, tmdb]
2026-01-30 14:50:19.133 29280-29730 XTC                     com.fishit.player.v2                 D  [VOD] DTO→Raw #19300 | id=xtream:vod:701135 | title="Kapetanica Marvel (2019)" | sourceType=XTREAM | Fields: ✓[year=2019, poster] ✗[plot, cast, director, backdrop, duration, tmdb]
2026-01-30 14:50:19.139 29280-29730 XTC                     com.fishit.player.v2                 D  [VOD] DTO→Raw #19350 | id=xtream:vod:701185 | title="Vrijeme je novac (2011)" | sourceType=XTREAM | Fields: ✓[year=2011, poster] ✗[plot, cast, director, backdrop, duration, tmdb]
2026-01-30 14:50:19.146 29280-29730 XTC                     com.fishit.player.v2                 D  [VOD] DTO→Raw #19400 | id=xtream:vod:701235 | title="Nemoguća misija: Raspad sistema (2018)" | sourceType=XTREAM | Fields: ✓[year=2018, poster] ✗[plot, cast, director, backdrop, duration, tmdb]
2026-01-30 14:50:19.216 29280-29280 ViewRootIm...nActivity] com.fishit.player.v2                 I  ViewPostIme pointer 0
2026-01-30 14:50:19.238 29280-29289 ishit.player.v2         com.fishit.player.v2                 I  Background young concurrent copying GC freed 490071(15MB) AllocSpace objects, 0(0B) LOS objects, 2% free, 74MB/76MB, paused 161us,176us total 232.979ms
2026-01-30 14:50:19.264 29280-29280 ViewRootIm...nActivity] com.fishit.player.v2                 I  ViewPostIme pointer 1
2026-01-30 14:50:19.302 29280-29280 WindowOnBackDispatcher  com.fishit.player.v2                 W  OnBackInvokedCallback is not enabled for the application.
                                                                                                    Set 'android:enableOnBackInvokedCallback="true"' in the application manifest.
2026-01-30 14:50:19.370 29280-29675 CacheManager            com.fishit.player.v2                 D  TDLib files cache size: 0 bytes
2026-01-30 14:50:19.471 29280-29519 NxCatalogWriter         com.fishit.player.v2                 D  ✅ OPTIMIZED ingestBatch COMPLETE: 400 items | persist_ms=595 total_ms=662 (604 items/sec)
2026-01-30 14:50:19.472 29280-29519 CatalogSyncService      com.fishit.player.v2                 D  Xtream batch complete (NX): ingested=400 ingest_ms=723 total_ms=723
2026-01-30 14:50:19.478 29280-29519 CatalogSyncService      com.fishit.player.v2                 D  Persisting Xtream catalog batch (NX-ONLY): 400 items (canonical_linking=true)
2026-01-30 14:50:19.503 29280-29675 XTC                     com.fishit.player.v2                 D  [VOD] DTO→Raw #19450 | id=xtream:vod:701287 | title="Rogue One: Priča iz Ratova zvijezda (201" | sourceType=XTREAM | Fields: ✓[year=2016, poster] ✗[plot, cast, director, backdrop, duration, tmdb]
2026-01-30 14:50:19.540 29280-29675 XTC                     com.fishit.player.v2                 D  [VOD] DTO→Raw #19500 | id=xtream:vod:701337 | title="The Humanity Bureau (2017)" | sourceType=XTREAM | Fields: ✓[year=2017, poster] ✗[plot, cast, director, backdrop, duration, tmdb]
2026-01-30 14:50:19.541 29280-29540 XtreamCatalogScanWorker com.fishit.player.v2                 D  PROGRESS discovered=37933 persisted=36000 phase=N/A
2026-01-30 14:50:19.545 29280-29289 ishit.player.v2         com.fishit.player.v2                 I  Background concurrent copying GC freed 900791(44MB) AllocSpace objects, 0(0B) LOS objects, 34% free, 46MB/70MB, paused 127us,104us total 292.498ms
2026-01-30 14:50:19.600 29280-29675 XTC                     com.fishit.player.v2                 D  [VOD] DTO→Raw #19550 | id=xtream:vod:701388 | title="Avengement (2019)" | sourceType=XTREAM | Fields: ✓[year=2019, poster] ✗[plot, cast, director, backdrop, duration, tmdb]
2026-01-30 14:50:19.615 29280-29675 XTC                     com.fishit.player.v2                 D  [VOD] DTO→Raw #19600 | id=xtream:vod:701438 | title="Doktor Strange (2016)" | sourceType=XTREAM | Fields: ✓[year=2016, poster] ✗[plot, cast, director, backdrop, duration, tmdb]
2026-01-30 14:50:19.620 29280-29676 NxCatalogWriter         com.fishit.player.v2                 D  📥 OPTIMIZED ingestBatch START: 400 items
2026-01-30 14:50:19.644 29280-29675 XTC                     com.fishit.player.v2                 D  [VOD] DTO→Raw #19650 | id=xtream:vod:701488 | title="Jedan.pucanj.2021" | sourceType=XTREAM | Fields: ✓[year=2021] ✗[plot, cast, director, poster, backdrop, duration, tmdb]
2026-01-30 14:50:19.679 29280-29675 XTC                     com.fishit.player.v2                 D  [VOD] DTO→Raw #19700 | id=xtream:vod:701538 | title="Klopka za inspektora Callahana (1973)" | sourceType=XTREAM | Fields: ✓[year=1973, poster] ✗[plot, cast, director, backdrop, duration, tmdb]
2026-01-30 14:50:19.708 29280-29675 XTC                     com.fishit.player.v2                 D  [VOD] DTO→Raw #19750 | id=xtream:vod:701589 | title="Superfly (2018)" | sourceType=XTREAM | Fields: ✓[year=2018, poster] ✗[plot, cast, director, backdrop, duration, tmdb]
2026-01-30 14:50:19.722 29280-29675 XTC                     com.fishit.player.v2                 D  [VOD] DTO→Raw #19800 | id=xtream:vod:701639 | title="Redirected (2014)" | sourceType=XTREAM | Fields: ✓[year=2014, poster] ✗[plot, cast, director, backdrop, duration, tmdb]
2026-01-30 14:50:19.734 29280-29280 WorkManage...teObserver com.fishit.player.v2                 I  Sync state: SUCCEEDED
2026-01-30 14:50:19.738 29280-29515 CacheManager            com.fishit.player.v2                 D  Image cache size: 0 bytes
2026-01-30 14:50:19.747 29280-29515 CacheManager            com.fishit.player.v2                 D  Database size: 86949888 bytes
2026-01-30 14:50:19.752 29280-29519 XtreamCredStore         com.fishit.player.v2                 I  Read stored config: scheme=http, host=konigtv.com, port=8080
2026-01-30 14:50:19.773 29280-29676 NxWorkRepository        com.fishit.player.v2                 W  Deduped 1 duplicate workKeys in batch (400 → 399)
2026-01-30 14:50:19.933 29280-29520 NxCatalogWriter         com.fishit.player.v2                 D  ✅ OPTIMIZED ingestBatch COMPLETE: 400 items | persist_ms=762 total_ms=813 (492 items/sec)
2026-01-30 14:50:19.935 29280-29520 CatalogSyncService      com.fishit.player.v2                 D  Xtream batch complete (NX): ingested=400 ingest_ms=885 total_ms=886
2026-01-30 14:50:19.947 29280-29520 CatalogSyncService      com.fishit.player.v2                 D  Persisting Xtream catalog batch (NX-ONLY): 400 items (canonical_linking=true)
2026-01-30 14:50:19.953 29280-29675 XTC                     com.fishit.player.v2                 D  [VOD] DTO→Raw #19850 | id=xtream:vod:165888 | title="Balto II: Wolf Quest (2002)" | sourceType=XTREAM | Fields: ✓[year=2002, poster] ✗[plot, cast, director, backdrop, duration, tmdb]
2026-01-30 14:50:19.977 29280-29675 XTC                     com.fishit.player.v2                 D  [VOD] DTO→Raw #19900 | id=xtream:vod:165938 | title="Čistá duša (2020)" | sourceType=XTREAM | Fields: ✓[year=2020] ✗[plot, cast, director, poster, backdrop, duration, tmdb]
2026-01-30 14:50:20.003 29280-29675 XTC                     com.fishit.player.v2                 D  [VOD] DTO→Raw #19950 | id=xtream:vod:165988 | title="Kralj lavova (1994)" | sourceType=XTREAM | Fields: ✓[year=1994, poster] ✗[plot, cast, director, backdrop, duration, tmdb]
2026-01-30 14:50:20.024 29280-29675 XTC                     com.fishit.player.v2                 D  [VOD] DTO→Raw #20000 | id=xtream:vod:166042 | title="Paddington 3" | sourceType=XTREAM | Fields: ✓[poster] ✗[year, plot, cast, director, backdrop, duration, tmdb]
2026-01-30 14:50:20.025 29280-29519 XtreamCatalogScanWorker com.fishit.player.v2                 D  PROGRESS discovered=38433 persisted=36400 phase=N/A
2026-01-30 14:50:20.078 29280-29520 NxCatalogWriter         com.fishit.player.v2                 D  📥 OPTIMIZED ingestBatch START: 400 items
2026-01-30 14:50:20.097 29280-29675 XTC                     com.fishit.player.v2                 D  [VOD] DTO→Raw #20050 | id=xtream:vod:166092 | title="Sammy (2002)" | sourceType=XTREAM | Fields: ✓[year=2002, poster] ✗[plot, cast, director, backdrop, duration, tmdb]
2026-01-30 14:50:20.123 29280-29675 XTC                     com.fishit.player.v2                 D  [VOD] DTO→Raw #20100 | id=xtream:vod:166142 | title="Stumpfovi  2011" | sourceType=XTREAM | Fields: ✓[year=2011] ✗[plot, cast, director, poster, backdrop, duration, tmdb]
2026-01-30 14:50:20.161 29280-29675 XTC                     com.fishit.player.v2                 D  [VOD] DTO→Raw #20150 | id=xtream:vod:166197 | title="Zvončica i tajna krila (2012)" | sourceType=XTREAM | Fields: ✓[year=2012, poster] ✗[plot, cast, director, backdrop, duration, tmdb]
2026-01-30 14:50:20.194 29280-29675 XTC                     com.fishit.player.v2                 D  [VOD] DTO→Raw #20200 | id=xtream:vod:653971 | title="Coldblooded (1995)" | sourceType=XTREAM | Fields: ✓[year=1995, poster] ✗[plot, cast, director, backdrop, duration, tmdb]
2026-01-30 14:50:20.207 29280-29520 NxWorkRepository        com.fishit.player.v2                 W  Deduped 7 duplicate workKeys in batch (400 → 393)
2026-01-30 14:50:20.209 29280-29289 ishit.player.v2         com.fishit.player.v2                 I  Background young concurrent copying GC freed 361458(11MB) AllocSpace objects, 0(0B) LOS objects, 0% free, 76MB/76MB, paused 128us,271us total 307.201ms
2026-01-30 14:50:20.281 29280-29732 NxCatalogWriter         com.fishit.player.v2                 D  ✅ OPTIMIZED ingestBatch COMPLETE: 400 items | persist_ms=1283 total_ms=1323 (302 items/sec)
2026-01-30 14:50:20.286 29280-29747 CatalogSyncService      com.fishit.player.v2                 D  Xtream batch complete (NX): ingested=400 ingest_ms=1378 total_ms=1378
2026-01-30 14:50:20.291 29280-29747 CatalogSyncService      com.fishit.player.v2                 D  Persisting Xtream catalog batch (NX-ONLY): 400 items (canonical_linking=true)
2026-01-30 14:50:20.306 29280-29732 XTC                     com.fishit.player.v2                 D  [VOD] DTO→Raw #20250 | id=xtream:vod:654022 | title="Jesse Stone: Benefit of the Doubt (2012)" | sourceType=XTREAM | Fields: ✓[year=2012, poster] ✗[plot, cast, director, backdrop, duration, tmdb]
2026-01-30 14:50:20.367 29280-29732 XTC                     com.fishit.player.v2                 D  [VOD] DTO→Raw #20300 | id=xtream:vod:654079 | title="Neboder (2018)" | sourceType=XTREAM | Fields: ✓[year=2018, poster] ✗[plot, cast, director, backdrop, duration, tmdb]
2026-01-30 14:50:20.406 29280-29732 XTC                     com.fishit.player.v2                 D  [VOD] DTO→Raw #20350 | id=xtream:vod:654130 | title="Zabavni park noćnih mora (2021)" | sourceType=XTREAM | Fields: ✓[year=2021, poster] ✗[plot, cast, director, backdrop, duration, tmdb]
2026-01-30 14:50:20.438 29280-29732 XTC                     com.fishit.player.v2                 D  [VOD] DTO→Raw #20400 | id=xtream:vod:704812 | title="Harry Potter i Princ miješane krvi (2009" | sourceType=XTREAM | Fields: ✓[year=2009, poster] ✗[plot, cast, director, backdrop, duration, tmdb]
2026-01-30 14:50:20.467 29280-29732 XTC                     com.fishit.player.v2                 D  [VOD] DTO→Raw #20450 | id=xtream:vod:704862 | title="Vicky i Misterij (2021)" | sourceType=XTREAM | Fields: ✓[year=2021, poster] ✗[plot, cast, director, backdrop, duration, tmdb]
2026-01-30 14:50:20.520 29280-29747 NxCatalogWriter         com.fishit.player.v2                 D  📥 OPTIMIZED ingestBatch START: 400 items
2026-01-30 14:50:20.523 29280-29732 XTC                     com.fishit.player.v2                 D  [VOD] DTO→Raw #20500 | id=xtream:vod:704912 | title="The Chronicles of Narnia: Prince Caspian" | sourceType=XTREAM | Fields: ✓[year=2008, poster] ✗[plot, cast, director, backdrop, duration, tmdb]
2026-01-30 14:50:20.524 29280-29541 XtreamCatalogScanWorker com.fishit.player.v2                 D  PROGRESS discovered=38933 persisted=36800 phase=N/A
2026-01-30 14:50:20.616 29280-29732 XTC                     com.fishit.player.v2                 D  [VOD] DTO→Raw #20550 | id=xtream:vod:705379 | title="65 (2023)" | sourceType=XTREAM | Fields: ✓[year=2023, poster] ✗[plot, cast, director, backdrop, duration, tmdb]
2026-01-30 14:50:20.636 29280-29732 XTC                     com.fishit.player.v2                 D  [VOD] DTO→Raw #20600 | id=xtream:vod:705430 | title="Uno para morir (2023)" | sourceType=XTREAM | Fields: ✓[year=2023, poster] ✗[plot, cast, director, backdrop, duration, tmdb]
2026-01-30 14:50:20.637 29280-29747 NxWorkRepository        com.fishit.player.v2                 W  Deduped 43 duplicate workKeys in batch (400 → 357)
2026-01-30 14:50:21.048 29280-29676 NxCatalogWriter         com.fishit.player.v2                 D  ✅ OPTIMIZED ingestBatch COMPLETE: 400 items | persist_ms=1279 total_ms=1434 (278 items/sec)
2026-01-30 14:50:21.049 29280-29676 CatalogSyncService      com.fishit.player.v2                 D  Xtream batch complete (NX): ingested=400 ingest_ms=1571 total_ms=1572
2026-01-30 14:50:21.049 29280-29676 CatalogSyncService      com.fishit.player.v2                 D  Consumer#1: 30 batches, 37200 total items
2026-01-30 14:50:21.055 29280-29732 XTC                     com.fishit.player.v2                 D  [VOD] DTO→Raw #20650 | id=xtream:vod:705481 | title="House Party (2023)" | sourceType=XTREAM | Fields: ✓[year=2023, poster] ✗[plot, cast, director, backdrop, duration, tmdb]
2026-01-30 14:50:21.067 29280-29676 CatalogSyncService      com.fishit.player.v2                 D  Persisting Xtream catalog batch (NX-ONLY): 400 items (canonical_linking=true)
2026-01-30 14:50:21.074 29280-29513 XTC                     com.fishit.player.v2                 D  [VOD] DTO→Raw #20700 | id=xtream:vod:705532 | title="Moje grčko vjenčanje 3 (2023)" | sourceType=XTREAM | Fields: ✓[year=2023, poster] ✗[plot, cast, director, backdrop, duration, tmdb]
2026-01-30 14:50:21.104 29280-29289 ishit.player.v2         com.fishit.player.v2                 I  Background concurrent copying GC freed 386313(13MB) AllocSpace objects, 0(0B) LOS objects, 18% free, 106MB/130MB, paused 174us,275us total 889.933ms
2026-01-30 14:50:21.141 29280-29513 XTC                     com.fishit.player.v2                 D  [VOD] DTO→Raw #20750 | id=xtream:vod:705584 | title="Silent Night (2023)" | sourceType=XTREAM | Fields: ✓[year=2023, poster] ✗[plot, cast, director, backdrop, duration, tmdb]
2026-01-30 14:50:21.169 29280-29513 XTC                     com.fishit.player.v2                 D  [VOD] DTO→Raw #20800 | id=xtream:vod:705635 | title="Časna II (2023)" | sourceType=XTREAM | Fields: ✓[year=2023, poster] ✗[plot, cast, director, backdrop, duration, tmdb]
2026-01-30 14:50:21.218 29280-29513 XTC                     com.fishit.player.v2                 D  [VOD] DTO→Raw #20850 | id=xtream:vod:705707 | title="Beethoven's 5th (2003)" | sourceType=XTREAM | Fields: ✓[year=2003, poster] ✗[plot, cast, director, backdrop, duration, tmdb]
2026-01-30 14:50:21.281 29280-29513 XTC                     com.fishit.player.v2                 D  [VOD] DTO→Raw #20900 | id=xtream:vod:705757 | title="Poštar Pat (2014)" | sourceType=XTREAM | Fields: ✓[year=2014, poster] ✗[plot, cast, director, backdrop, duration, tmdb]
2026-01-30 14:50:21.326 29280-29513 XTC                     com.fishit.player.v2                 D  [VOD] DTO→Raw #20950 | id=xtream:vod:705808 | title="18 Year Old Virgin (2009)" | sourceType=XTREAM | Fields: ✓[year=2009, poster] ✗[plot, cast, director, backdrop, duration, tmdb]
2026-01-30 14:50:21.349 29280-29513 XTC                     com.fishit.player.v2                 D  [VOD] DTO→Raw #21000 | id=xtream:vod:705858 | title="Babardeala cu bucluc sau porno balamuc (" | sourceType=XTREAM | Fields: ✓[year=2021, poster] ✗[plot, cast, director, backdrop, duration, tmdb]
2026-01-30 14:50:21.354 29280-29520 NxCatalogWriter         com.fishit.player.v2                 D  ✅ OPTIMIZED ingestBatch COMPLETE: 400 items | persist_ms=1147 total_ms=1275 (313 items/sec)
2026-01-30 14:50:21.354 29280-29520 CatalogSyncService      com.fishit.player.v2                 D  Xtream batch complete (NX): ingested=400 ingest_ms=1407 total_ms=1408
2026-01-30 14:50:21.361 29280-29732 XtreamCatalogScanWorker com.fishit.player.v2                 D  PROGRESS discovered=39433 persisted=37600 phase=N/A
2026-01-30 14:50:21.362 29280-29280 ViewRootIm...nActivity] com.fishit.player.v2                 I  ViewPostIme pointer 0
2026-01-30 14:50:21.373 29280-29520 CatalogSyncService      com.fishit.player.v2                 D  Persisting Xtream catalog batch (NX-ONLY): 400 items (canonical_linking=true)
2026-01-30 14:50:21.429 29280-29513 XTC                     com.fishit.player.v2                 D  [VOD] DTO→Raw #21050 | id=xtream:vod:705909 | title="Spaliti nakon čitanja (2008)" | sourceType=XTREAM | Fields: ✓[year=2008, poster] ✗[plot, cast, director, backdrop, duration, tmdb]
2026-01-30 14:50:21.481 29280-29513 XTC                     com.fishit.player.v2                 D  [VOD] DTO→Raw #21100 | id=xtream:vod:705960 | title="Drunk Parents (2019)" | sourceType=XTREAM | Fields: ✓[year=2019, poster] ✗[plot, cast, director, backdrop, duration, tmdb]
2026-01-30 14:50:21.491 29280-29676 NxCatalogWriter         com.fishit.player.v2                 D  📥 OPTIMIZED ingestBatch START: 400 items
2026-01-30 14:50:21.525 29280-29513 XTC                     com.fishit.player.v2                 D  [VOD] DTO→Raw #21150 | id=xtream:vod:706010 | title="Grandma's Boy (2006)" | sourceType=XTREAM | Fields: ✓[year=2006, poster] ✗[plot, cast, director, backdrop, duration, tmdb]
2026-01-30 14:50:21.561 29280-29520 NxCatalogWriter         com.fishit.player.v2                 D  📥 OPTIMIZED ingestBatch START: 400 items
2026-01-30 14:50:21.567 29280-29513 XTC                     com.fishit.player.v2                 D  [VOD] DTO→Raw #21200 | id=xtream:vod:706060 | title="In Like Flynn (2018)" | sourceType=XTREAM | Fields: ✓[year=2018, poster] ✗[plot, cast, director, backdrop, duration, tmdb]
2026-01-30 14:50:21.624 29280-29513 XTC                     com.fishit.player.v2                 D  [VOD] DTO→Raw #21250 | id=xtream:vod:706111 | title="Legende u Vegasu (2013)" | sourceType=XTREAM | Fields: ✓[year=2013, poster] ✗[plot, cast, director, backdrop, duration, tmdb]
2026-01-30 14:50:21.675 29280-29513 XTC                     com.fishit.player.v2                 D  [VOD] DTO→Raw #21300 | id=xtream:vod:706161 | title="Moljac (1984)" | sourceType=XTREAM | Fields: ✓[year=1984, poster] ✗[plot, cast, director, backdrop, duration, tmdb]
2026-01-30 14:50:21.710 29280-29513 XTC                     com.fishit.player.v2                 D  [VOD] DTO→Raw #21350 | id=xtream:vod:706214 | title="Policijska akademija 5: Zadatak Miami Be" | sourceType=XTREAM | Fields: ✓[year=1988, poster] ✗[plot, cast, director, backdrop, duration, tmdb]
2026-01-30 14:50:21.713 29280-29676 NxWorkRepository        com.fishit.player.v2                 W  Deduped 46 duplicate workKeys in batch (400 → 354)
2026-01-30 14:50:21.715 29280-29520 NxWorkRepository        com.fishit.player.v2                 W  Deduped 28 duplicate workKeys in batch (400 → 372)
2026-01-30 14:50:21.725 29280-29513 XTC                     com.fishit.player.v2                 D  [VOD] DTO→Raw #21400 | id=xtream:vod:706265 | title="Stars Fell on Alabama (2021)" | sourceType=XTREAM | Fields: ✓[year=2021, poster] ✗[plot, cast, director, backdrop, duration, tmdb]
2026-01-30 14:50:22.036 29280-29747 NxCatalogWriter         com.fishit.player.v2                 D  ✅ OPTIMIZED ingestBatch COMPLETE: 400 items | persist_ms=1398 total_ms=1515 (264 items/sec)
2026-01-30 14:50:22.038 29280-29747 CatalogSyncService      com.fishit.player.v2                 D  Xtream batch complete (NX): ingested=400 ingest_ms=1747 total_ms=1747
2026-01-30 14:50:22.051 29280-29731 XTC                     com.fishit.player.v2                 D  [VOD] DTO→Raw #21450 | id=xtream:vod:706317 | title="Ljubav i praznici (2006)" | sourceType=XTREAM | Fields: ✓[year=2006, poster] ✗[plot, cast, director, backdrop, duration, tmdb]
2026-01-30 14:50:22.052 29280-29747 CatalogSyncService      com.fishit.player.v2                 D  Persisting Xtream catalog batch (NX-ONLY): 400 items (canonical_linking=true)
2026-01-30 14:50:22.096 29280-29731 XTC                     com.fishit.player.v2                 D  [VOD] DTO→Raw #21500 | id=xtream:vod:706367 | title="Tko pjeva zlo ne misli (1970)" | sourceType=XTREAM | Fields: ✓[year=1970, poster] ✗[plot, cast, director, backdrop, duration, tmdb]
2026-01-30 14:50:22.097 29280-29675 XtreamCatalogScanWorker com.fishit.player.v2                 D  PROGRESS discovered=39933 persisted=38000 phase=N/A
2026-01-30 14:50:22.203 29280-29731 XTC                     com.fishit.player.v2                 D  [VOD] DTO→Raw #21550 | id=xtream:vod:706436 | title="47 Meters Down: Uncaged (2019)" | sourceType=XTREAM | Fields: ✓[year=2019, poster] ✗[plot, cast, director, backdrop, duration, tmdb]
2026-01-30 14:50:22.233 29280-29731 XTC                     com.fishit.player.v2                 D  [VOD] DTO→Raw #21600 | id=xtream:vod:706486 | title="Blind Ghost (2021)" | sourceType=XTREAM | Fields: ✓[year=2021, poster] ✗[plot, cast, director, backdrop, duration, tmdb]
2026-01-30 14:50:22.263 29280-29731 XTC                     com.fishit.player.v2                 D  [VOD] DTO→Raw #21650 | id=xtream:vod:706536 | title="Devil's Whisper (2017)" | sourceType=XTREAM | Fields: ✓[year=2017, poster] ✗[plot, cast, director, backdrop, duration, tmdb]
2026-01-30 14:50:22.295 29280-29747 NxCatalogWriter         com.fishit.player.v2                 D  📥 OPTIMIZED ingestBatch START: 400 items
2026-01-30 14:50:22.297 29280-29731 XTC                     com.fishit.player.v2                 D  [VOD] DTO→Raw #21700 | id=xtream:vod:706586 | title="Girls with Balls (2019)" | sourceType=XTREAM | Fields: ✓[year=2019, poster] ✗[plot, cast, director, backdrop, duration, tmdb]
2026-01-30 14:50:22.311 29280-29731 XTC                     com.fishit.player.v2                 D  [VOD] DTO→Raw #21750 | id=xtream:vod:706636 | title="Insidious: The Last Key (2018)" | sourceType=XTREAM | Fields: ✓[year=2018, poster] ✗[plot, cast, director, backdrop, duration, tmdb]
2026-01-30 14:50:22.329 29280-29731 XTC                     com.fishit.player.v2                 D  [VOD] DTO→Raw #21800 | id=xtream:vod:706686 | title="Mother Krampus (2017)" | sourceType=XTREAM | Fields: ✓[year=2017, poster] ✗[plot, cast, director, backdrop, duration, tmdb]
2026-01-30 14:50:22.551 29280-29676 NxCatalogWriter         com.fishit.player.v2                 D  ✅ OPTIMIZED ingestBatch COMPLETE: 400 items | persist_ms=839 total_ms=1060 (377 items/sec)
2026-01-30 14:50:22.553 29280-29676 CatalogSyncService      com.fishit.player.v2                 D  Xtream batch complete (NX): ingested=400 ingest_ms=1476 total_ms=1487
2026-01-30 14:50:22.557 29280-29731 XTC                     com.fishit.player.v2                 D  [VOD] DTO→Raw #21850 | id=xtream:vod:706736 | title="Rucker (2022)" | sourceType=XTREAM | Fields: ✓[year=2022, poster] ✗[plot, cast, director, backdrop, duration, tmdb]
2026-01-30 14:50:22.583 29280-29731 XTC                     com.fishit.player.v2                 D  [VOD] DTO→Raw #21900 | id=xtream:vod:706786 | title="The Black String (2018)" | sourceType=XTREAM | Fields: ✓[year=2018, poster] ✗[plot, cast, director, backdrop, duration, tmdb]
2026-01-30 14:50:22.596 29280-29676 CatalogSyncService      com.fishit.player.v2                 D  Persisting Xtream catalog batch (NX-ONLY): 400 items (canonical_linking=true)
2026-01-30 14:50:22.624 29280-29731 XTC                     com.fishit.player.v2                 D  [VOD] DTO→Raw #21950 | id=xtream:vod:706836 | title="The Hill and the Hole (2020)" | sourceType=XTREAM | Fields: ✓[year=2020, poster] ✗[plot, cast, director, backdrop, duration, tmdb]
2026-01-30 14:50:22.632 29280-29747 NxWorkRepository        com.fishit.player.v2                 W  Deduped 11 duplicate workKeys in batch (400 → 389)
2026-01-30 14:50:22.663 29280-29731 XTC                     com.fishit.player.v2                 D  [VOD] DTO→Raw #22000 | id=xtream:vod:706886 | title="Torment (1986)" | sourceType=XTREAM | Fields: ✓[year=1986, poster] ✗[plot, cast, director, backdrop, duration, tmdb]
2026-01-30 14:50:22.668 29280-29516 XtreamCatalogScanWorker com.fishit.player.v2                 D  PROGRESS discovered=40433 persisted=38400 phase=N/A
2026-01-30 14:50:22.738 29280-29731 XTC                     com.fishit.player.v2                 D  [VOD] DTO→Raw #22050 | id=xtream:vod:706961 | title="Anna (2019)" | sourceType=XTREAM | Fields: ✓[year=2019, poster] ✗[plot, cast, director, backdrop, duration, tmdb]
2026-01-30 14:50:22.767 29280-29731 XTC                     com.fishit.player.v2                 D  [VOD] DTO→Raw #22100 | id=xtream:vod:707011 | title="Deadly Excursion (2019)" | sourceType=XTREAM | Fields: ✓[year=2019, poster] ✗[plot, cast, director, backdrop, duration, tmdb]
2026-01-30 14:50:22.817 29280-29731 XTC                     com.fishit.player.v2                 D  [VOD] DTO→Raw #22150 | id=xtream:vod:707061 | title="Killer Reputation (2019)" | sourceType=XTREAM | Fields: ✓[year=2019, poster] ✗[plot, cast, director, backdrop, duration, tmdb]
2026-01-30 14:50:22.821 29280-29280 ViewRootIm...nActivity] com.fishit.player.v2                 I  ViewPostIme pointer 1
2026-01-30 14:50:22.833 29280-29280 Choreographer           com.fishit.player.v2                 I  Skipped 87 frames!  The application may be doing too much work on its main thread.
2026-01-30 14:50:22.843 29280-29731 XTC                     com.fishit.player.v2                 D  [VOD] DTO→Raw #22200 | id=xtream:vod:707111 | title="Rise.of.the.Planet.of.the.Apes.2011" | sourceType=XTREAM | Fields: ✓[year=2011] ✗[plot, cast, director, poster, backdrop, duration, tmdb]
2026-01-30 14:50:22.876 29280-29289 ishit.player.v2         com.fishit.player.v2                 I  Background young concurrent copying GC freed 645888(20MB) AllocSpace objects, 0(0B) LOS objects, 0% free, 194MB/194MB, paused 4.596ms,1.952ms total 1.358s
2026-01-30 14:50:22.898 29280-29676 NxCatalogWriter         com.fishit.player.v2                 D  📥 OPTIMIZED ingestBatch START: 400 items
2026-01-30 14:50:22.981 29280-29314 OpenGLRenderer          com.fishit.player.v2                 I  Davey! duration=1594ms; Flags=0, FrameTimelineVsyncId=2541509, IntendedVsync=54525878433258, Vsync=54527329094139, InputEventId=400347672, HandleInputStart=54527335626305, AnimationStart=54527335654921, PerformTraversalsStart=54527435054113, DrawStart=54527435204151, FrameDeadline=54525895099924, FrameInterval=54527335182305, FrameStartTime=16674263, SyncQueued=54527453140498, SyncStart=54527453386305, IssueDrawCommandsStart=54527453708151, SwapBuffers=54527466795151, FrameCompleted=54527472958228, DequeueBufferDuration=34039, QueueBufferDuration=1974077, GpuCompleted=54527472394267, SwapBuffersCompleted=54527472958228, DisplayPresentTime=54501850696477, CommandSubmissionCompleted=54527466795151,
2026-01-30 14:50:23.040 29280-29676 NxWorkRepository        com.fishit.player.v2                 W  Deduped 2 duplicate workKeys in batch (400 → 398)
2026-01-30 14:50:23.184 29280-29520 NxCatalogWriter         com.fishit.player.v2                 D  ✅ OPTIMIZED ingestBatch COMPLETE: 400 items | persist_ms=1478 total_ms=1623 (246 items/sec)
2026-01-30 14:50:23.185 29280-29520 CatalogSyncService      com.fishit.player.v2                 D  Xtream batch complete (NX): ingested=400 ingest_ms=1812 total_ms=1813
2026-01-30 14:50:23.205 29280-29731 XTC                     com.fishit.player.v2                 D  [VOD] DTO→Raw #22250 | id=xtream:vod:707161 | title="The Last Exorcist (2020)" | sourceType=XTREAM | Fields: ✓[year=2020, poster] ✗[plot, cast, director, backdrop, duration, tmdb]
2026-01-30 14:50:23.246 29280-29731 XTC                     com.fishit.player.v2                 D  [VOD] DTO→Raw #22300 | id=xtream:vod:707218 | title="Fantastic.Beasts.The.Crimes.of.Grindelwa" | sourceType=XTREAM | Fields: ✓[year=2018] ✗[plot, cast, director, poster, backdrop, duration, tmdb]
2026-01-30 14:50:23.255 29280-29520 CatalogSyncService      com.fishit.player.v2                 D  Persisting Xtream catalog batch (NX-ONLY): 400 items (canonical_linking=true)
2026-01-30 14:50:23.302 29280-29731 XTC                     com.fishit.player.v2                 D  [VOD] DTO→Raw #22350 | id=xtream:vod:707268 | title="Ad Astra (2019)" | sourceType=XTREAM | Fields: ✓[year=2019, poster] ✗[plot, cast, director, backdrop, duration, tmdb]
2026-01-30 14:50:23.404 29280-29731 XTC                     com.fishit.player.v2                 D  [VOD] DTO→Raw #22400 | id=xtream:vod:707318 | title="G-Loc (2020)" | sourceType=XTREAM | Fields: ✓[year=2020, poster] ✗[plot, cast, director, backdrop, duration, tmdb]
2026-01-30 14:50:23.502 29280-29731 XTC                     com.fishit.player.v2                 D  [VOD] DTO→Raw #22450 | id=xtream:vod:707368 | title="Star.Trek.2009" | sourceType=XTREAM | Fields: ✓[year=2009] ✗[plot, cast, director, poster, backdrop, duration, tmdb]
2026-01-30 14:50:23.527 29280-29731 XTC                     com.fishit.player.v2                 D  [VOD] DTO→Raw #22500 | id=xtream:vod:707418 | title="Dvorac za Božić (2021)" | sourceType=XTREAM | Fields: ✓[year=2021, poster] ✗[plot, cast, director, backdrop, duration, tmdb]
2026-01-30 14:50:23.528 29280-29513 XtreamCatalogScanWorker com.fishit.player.v2                 D  PROGRESS discovered=40933 persisted=38800 phase=N/A
2026-01-30 14:50:23.588 29280-29520 NxCatalogWriter         com.fishit.player.v2                 D  📥 OPTIMIZED ingestBatch START: 400 items
2026-01-30 14:50:23.600 29280-29731 XTC                     com.fishit.player.v2                 D  [VOD] DTO→Raw #22550 | id=xtream:vod:707468 | title="Došlo doba da se ljubav proba (1980)" | sourceType=XTREAM | Fields: ✓[year=1980, poster] ✗[plot, cast, director, backdrop, duration, tmdb]
2026-01-30 14:50:23.636 29280-29731 XTC                     com.fishit.player.v2                 D  [VOD] DTO→Raw #22600 | id=xtream:vod:707519 | title="My Big Fat Greek Wedding 2 (2016)" | sourceType=XTREAM | Fields: ✓[year=2016, poster] ✗[plot, cast, director, backdrop, duration, tmdb]
2026-01-30 14:50:23.650 29280-29289 ishit.player.v2         com.fishit.player.v2                 I  Background concurrent copying GC freed 2442830(98MB) AllocSpace objects, 0(0B) LOS objects, 13% free, 147MB/171MB, paused 277us,206us total 773.096ms
2026-01-30 14:50:24.515 29280-29289 ishit.player.v2         com.fishit.player.v2                 I  Background young concurrent copying GC freed 542138(17MB) AllocSpace objects, 0(0B) LOS objects, 0% free, 190MB/190MB, paused 157us,142us total 527.344ms
2026-01-30 14:50:24.943 29280-29280 ViewRootIm...nActivity] com.fishit.player.v2                 I  ViewPostIme pointer 0
2026-01-30 14:50:24.948 29280-29280 ViewRootIm...nActivity] com.fishit.player.v2                 I  ViewPostIme pointer 1
2026-01-30 14:50:24.991 29280-29747 NxCatalogWriter         com.fishit.player.v2                 D  ✅ OPTIMIZED ingestBatch COMPLETE: 400 items | persist_ms=2352 total_ms=2682 (149 items/sec)
2026-01-30 14:50:24.993 29280-29747 CatalogSyncService      com.fishit.player.v2                 D  Xtream batch complete (NX): ingested=400 ingest_ms=2939 total_ms=2941
2026-01-30 14:50:25.022 29280-29732 XTC                     com.fishit.player.v2                 D  [VOD] DTO→Raw #22650 | id=xtream:vod:707570 | title="Između neba i zemlje (2022)" | sourceType=XTREAM | Fields: ✓[year=2022, poster] ✗[plot, cast, director, backdrop, duration, tmdb]
2026-01-30 14:50:25.064 29280-29747 CatalogSyncService      com.fishit.player.v2                 D  Persisting Xtream catalog batch (NX-ONLY): 400 items (canonical_linking=true)
2026-01-30 14:50:25.130 29280-29732 XTC                     com.fishit.player.v2                 D  [VOD] DTO→Raw #22700 | id=xtream:vod:707620 | title="Agenda: Payback (2018)" | sourceType=XTREAM | Fields: ✓[year=2018, poster] ✗[plot, cast, director, backdrop, duration, tmdb]
2026-01-30 14:50:25.278 29280-29732 XTC                     com.fishit.player.v2                 D  [VOD] DTO→Raw #22750 | id=xtream:vod:707670 | title="Infamous (2020)" | sourceType=XTREAM | Fields: ✓[year=2020, poster] ✗[plot, cast, director, backdrop, duration, tmdb]
2026-01-30 14:50:25.375 29280-29732 XTC                     com.fishit.player.v2                 D  [VOD] DTO→Raw #22800 | id=xtream:vod:707720 | title="Infiltrator (2016)" | sourceType=XTREAM | Fields: ✓[year=2016, poster] ✗[plot, cast, director, backdrop, duration, tmdb]
2026-01-30 14:50:25.454 29280-29732 XTC                     com.fishit.player.v2                 D  [VOD] DTO→Raw #22850 | id=xtream:vod:707776 | title="Anticasanova (1985)" | sourceType=XTREAM | Fields: ✓[year=1985, poster] ✗[plot, cast, director, backdrop, duration, tmdb]
2026-01-30 14:50:25.516 29280-29732 XTC                     com.fishit.player.v2                 D  [VOD] DTO→Raw #22900 | id=xtream:vod:707826 | title="Britanski gambit (1998)" | sourceType=XTREAM | Fields: ✓[year=1998, poster] ✗[plot, cast, director, backdrop, duration, tmdb]
2026-01-30 14:50:25.556 29280-29732 XTC                     com.fishit.player.v2                 D  [VOD] DTO→Raw #22950 | id=xtream:vod:707876 | title="Cudo Nevidjeno" | sourceType=XTREAM | Fields: ✓[] ✗[year, plot, cast, director, poster, backdrop, duration, tmdb]
2026-01-30 14:50:25.584 29280-29540 NxCatalogWriter         com.fishit.player.v2                 D  📥 OPTIMIZED ingestBatch START: 400 items
2026-01-30 14:50:25.592 29280-29732 XTC                     com.fishit.player.v2                 D  [VOD] DTO→Raw #23000 | id=xtream:vod:707926 | title="Dok nitko ne gleda (1993)" | sourceType=XTREAM | Fields: ✓[year=1993, poster] ✗[plot, cast, director, backdrop, duration, tmdb]
2026-01-30 14:50:25.617 29280-29520 NxCatalogWriter         com.fishit.player.v2                 D  ✅ OPTIMIZED ingestBatch COMPLETE: 400 items | persist_ms=1900 total_ms=2029 (197 items/sec)
2026-01-30 14:50:25.619 29280-29520 CatalogSyncService      com.fishit.player.v2                 D  Xtream batch complete (NX): ingested=400 ingest_ms=2363 total_ms=2364
2026-01-30 14:50:25.620 29280-29520 CatalogSyncService      com.fishit.player.v2                 D  Consumer#0: 35 batches, 39600 total items
2026-01-30 14:50:25.626 29280-29513 XtreamCatalogScanWorker com.fishit.player.v2                 D  PROGRESS discovered=41433 persisted=39600 phase=N/A
2026-01-30 14:50:25.665 29280-29520 CatalogSyncService      com.fishit.player.v2                 D  Persisting Xtream catalog batch (NX-ONLY): 400 items (canonical_linking=true)
2026-01-30 14:50:25.748 29280-29280 ishit.player.v2         com.fishit.player.v2                 I  Waiting for a blocking GC Alloc
2026-01-30 14:50:25.748 29280-29800 ishit.player.v2         com.fishit.player.v2                 I  Waiting for a blocking GC Alloc
2026-01-30 14:50:25.749 29280-29805 ishit.player.v2         com.fishit.player.v2                 I  Waiting for a blocking GC Alloc
2026-01-30 14:50:25.749 29280-29733 ishit.player.v2         com.fishit.player.v2                 I  Waiting for a blocking GC Alloc
2026-01-30 14:50:25.749 29280-29731 ishit.player.v2         com.fishit.player.v2                 I  Waiting for a blocking GC Alloc
2026-01-30 14:50:25.750 29280-29732 ishit.player.v2         com.fishit.player.v2                 I  Waiting for a blocking GC Alloc
2026-01-30 14:50:25.750 29280-29745 ishit.player.v2         com.fishit.player.v2                 I  Waiting for a blocking GC Alloc
2026-01-30 14:50:25.750 29280-29540 ishit.player.v2         com.fishit.player.v2                 I  Waiting for a blocking GC Alloc
2026-01-30 14:50:25.752 29280-29802 ishit.player.v2         com.fishit.player.v2                 I  Waiting for a blocking GC Alloc
2026-01-30 14:50:25.753 29280-29520 ishit.player.v2         com.fishit.player.v2                 I  Waiting for a blocking GC Alloc
2026-01-30 14:50:25.753 29280-29676 ishit.player.v2         com.fishit.player.v2                 I  Waiting for a blocking GC Alloc
2026-01-30 14:50:25.755 29280-29804 ishit.player.v2         com.fishit.player.v2                 I  Waiting for a blocking GC Alloc
2026-01-30 14:50:25.823 29280-29289 ishit.player.v2         com.fishit.player.v2                 I  Background concurrent copying GC freed 829350(34MB) AllocSpace objects, 0(0B) LOS objects, 9% free, 221MB/245MB, paused 207us,48us total 1.307s
2026-01-30 14:50:25.823 29280-29280 ishit.player.v2         com.fishit.player.v2                 I  WaitForGcToComplete blocked Alloc on Background for 74.260ms
2026-01-30 14:50:25.823 29280-29280 ishit.player.v2         com.fishit.player.v2                 I  Starting a blocking GC Alloc
2026-01-30 14:50:25.826 29280-29800 ishit.player.v2         com.fishit.player.v2                 I  WaitForGcToComplete blocked Alloc on Background for 77.342ms
2026-01-30 14:50:25.826 29280-29800 ishit.player.v2         com.fishit.player.v2                 I  Starting a blocking GC Alloc
2026-01-30 14:50:25.826 29280-29805 ishit.player.v2         com.fishit.player.v2                 I  WaitForGcToComplete blocked Alloc on Background for 76.983ms
2026-01-30 14:50:25.826 29280-29805 ishit.player.v2         com.fishit.player.v2                 I  Starting a blocking GC Alloc
2026-01-30 14:50:25.826 29280-29733 ishit.player.v2         com.fishit.player.v2                 I  WaitForGcToComplete blocked Alloc on Background for 77.048ms
2026-01-30 14:50:25.826 29280-29733 ishit.player.v2         com.fishit.player.v2                 I  Starting a blocking GC Alloc
2026-01-30 14:50:25.826 29280-29731 ishit.player.v2         com.fishit.player.v2                 I  WaitForGcToComplete blocked Alloc on Background for 76.998ms
2026-01-30 14:50:25.826 29280-29731 ishit.player.v2         com.fishit.player.v2                 I  Starting a blocking GC Alloc
2026-01-30 14:50:25.827 29280-29732 ishit.player.v2         com.fishit.player.v2                 I  WaitForGcToComplete blocked Alloc on Background for 76.848ms
2026-01-30 14:50:25.827 29280-29732 ishit.player.v2         com.fishit.player.v2                 I  Starting a blocking GC Alloc
2026-01-30 14:50:25.827 29280-29745 ishit.player.v2         com.fishit.player.v2                 I  WaitForGcToComplete blocked Alloc on Background for 77.305ms
2026-01-30 14:50:25.827 29280-29745 ishit.player.v2         com.fishit.player.v2                 I  Starting a blocking GC Alloc
2026-01-30 14:50:25.828 29280-29540 ishit.player.v2         com.fishit.player.v2                 I  WaitForGcToComplete blocked Alloc on Background for 77.305ms
2026-01-30 14:50:25.828 29280-29540 ishit.player.v2         com.fishit.player.v2                 I  Starting a blocking GC Alloc
2026-01-30 14:50:25.828 29280-29802 ishit.player.v2         com.fishit.player.v2                 I  WaitForGcToComplete blocked Alloc on Background for 75.477ms
2026-01-30 14:50:25.828 29280-29802 ishit.player.v2         com.fishit.player.v2                 I  Starting a blocking GC Alloc
2026-01-30 14:50:25.831 29280-29520 ishit.player.v2         com.fishit.player.v2                 I  WaitForGcToComplete blocked Alloc on Background for 77.731ms
2026-01-30 14:50:25.831 29280-29520 ishit.player.v2         com.fishit.player.v2                 I  Starting a blocking GC Alloc
2026-01-30 14:50:25.832 29280-29676 ishit.player.v2         com.fishit.player.v2                 I  WaitForGcToComplete blocked Alloc on Background for 78.421ms
2026-01-30 14:50:25.832 29280-29676 ishit.player.v2         com.fishit.player.v2                 I  Starting a blocking GC Alloc
2026-01-30 14:50:25.832 29280-29804 ishit.player.v2         com.fishit.player.v2                 I  WaitForGcToComplete blocked Alloc on Background for 77.701ms
2026-01-30 14:50:25.832 29280-29804 ishit.player.v2         com.fishit.player.v2                 I  Starting a blocking GC Alloc
2026-01-30 14:50:25.929 29280-29732 XTC                     com.fishit.player.v2                 D  [VOD] DTO→Raw #23050 | id=xtream:vod:707976 | title="Generacija 71 (2011)" | sourceType=XTREAM | Fields: ✓[year=2011, poster] ✗[plot, cast, director, backdrop, duration, tmdb]
2026-01-30 14:50:25.980 29280-29732 XTC                     com.fishit.player.v2                 D  [VOD] DTO→Raw #23100 | id=xtream:vod:708026 | title="Horvatov izbor (1985)" | sourceType=XTREAM | Fields: ✓[year=1985, poster] ✗[plot, cast, director, backdrop, duration, tmdb]
2026-01-30 14:50:25.983 29280-29280 Choreographer           com.fishit.player.v2                 I  Skipped 187 frames!  The application may be doing too much work on its main thread.
2026-01-30 14:50:26.008 29280-29732 XTC                     com.fishit.player.v2                 D  [VOD] DTO→Raw #23150 | id=xtream:vod:708076 | title="Кад будем мртав и бео (1967)" | sourceType=XTREAM | Fields: ✓[year=1967, poster] ✗[plot, cast, director, backdrop, duration, tmdb]
2026-01-30 14:50:26.019 29280-29732 XTC                     com.fishit.player.v2                 D  [VOD] DTO→Raw #23200 | id=xtream:vod:708126 | title="Korespodencija" | sourceType=XTREAM | Fields: ✓[] ✗[year, plot, cast, director, poster, backdrop, duration, tmdb]
