2026-01-30 09:06:46.117 30107-30954 BufferPoolAccessor2.0   com.fishit.player.v2                 D  bufferpool2 0xb400007964ec7d88 : 5(36700160 size) total buffers - 3(22020096 size) used buffers - 757/762 (recycle/alloc) - 5/759 (fetch/transfer)
2026-01-30 09:06:46.688 30107-30117 ishit.player.v2         com.fishit.player.v2                 I  Background concurrent copying GC freed 1228493(41MB) AllocSpace objects, 0(0B) LOS objects, 16% free, 119MB/143MB, paused 186us,68us total 109.614ms
2026-01-30 09:06:46.995 30107-30967 BufferPoolAccessor2.0   com.fishit.player.v2                 D  bufferpool2 0xb400007964ecc538 : 5(40960 size) total buffers - 1(8192 size) used buffers - 1400/1405 (recycle/alloc) - 5/1404 (fetch/transfer)
2026-01-30 09:06:47.079 30107-30117 ishit.player.v2         com.fishit.player.v2                 I  Background concurrent copying GC freed 1243475(41MB) AllocSpace objects, 0(0B) LOS objects, 16% free, 124MB/148MB, paused 154us,59us total 125.226ms
2026-01-30 09:06:47.826 30107-30117 ishit.player.v2         com.fishit.player.v2                 I  Background concurrent copying GC freed 1089729(33MB) AllocSpace objects, 0(0B) LOS objects, 15% free, 127MB/151MB, paused 121us,87us total 104.239ms
2026-01-30 09:06:48.187 30107-30117 ishit.player.v2         com.fishit.player.v2                 I  Background concurrent copying GC freed 1212508(41MB) AllocSpace objects, 0(0B) LOS objects, 15% free, 127MB/151MB, paused 141us,68us total 102.119ms
2026-01-30 09:06:48.566 30107-30117 ishit.player.v2         com.fishit.player.v2                 I  Background concurrent copying GC freed 1232583(41MB) AllocSpace objects, 0(0B) LOS objects, 15% free, 127MB/151MB, paused 115us,88us total 110.612ms
2026-01-30 09:06:48.606 30107-30133 XtreamApiClient         com.fishit.player.v2                 W  streamContentInBatches(get_series): streamFromUrl FAILED for alias=series params=null | SocketException: Socket closed
2026-01-30 09:06:48.606 30107-30133 XtreamApiClient         com.fishit.player.v2                 D  streamContentInBatches(get_series): 0 items without category_id (fallback)
2026-01-30 09:06:48.607 30107-30133 XtreamCatalogPipeline   com.fishit.player.v2                 D  [SERIES] Scan complete: 0 items
2026-01-30 09:06:48.607 30107-30133 XTC                     com.fishit.player.v2                 I  Phase complete: SERIES | items=0 | duration=84387ms | rate=0 items/sec
2026-01-30 09:06:48.663 30107-30133 CatalogSyncService      com.fishit.player.v2                 D  Xtream live batch complete (NX): ingested=370 total_ms=8707
2026-01-30 09:06:48.664 30107-30133 CatalogSyncService      com.fishit.player.v2                 D  Time-based flush LIVE: 370 items in 8708ms
2026-01-30 09:06:48.783 30107-30133 CatalogSyncService      com.fishit.player.v2                 D  Xtream batch complete (HOT PATH/NX): ingested=400 total_ms=8854
2026-01-30 09:06:48.784 30107-30133 SyncPerfMetrics         com.fishit.player.v2                 D  Phase MOVIES started
2026-01-30 09:06:48.784 30107-30133 XtreamCatalogScanWorker com.fishit.player.v2                 D  PROGRESS discovered=10006 persisted=10006 phase=VOD
2026-01-30 09:06:48.787 30107-30174 XTC                     com.fishit.player.v2                 D  [VOD] DTO→Raw #5450 | id=xtream:vod:783657 | title="The Ballad of Wallis Island | 2025 | 7.0" | sourceType=XTREAM | Fields: ✓[year=2025, poster] ✗[plot, cast, director, backdrop, duration, tmdb]
2026-01-30 09:06:48.787 30107-30133 XtreamCatalogScanWorker com.fishit.player.v2                 D  PROGRESS discovered=10100 persisted=10006 phase=null
2026-01-30 09:06:48.800 30107-30174 XTC                     com.fishit.player.v2                 D  [VOD] DTO→Raw #5500 | id=xtream:vod:780844 | title="Shadow of God | 2025 | 5.0 |" | sourceType=XTREAM | Fields: ✓[year=2025, poster] ✗[plot, cast, director, backdrop, duration, tmdb]
2026-01-30 09:06:48.803 30107-30135 SyncPerfMetrics         com.fishit.player.v2                 D  Phase MOVIES started
2026-01-30 09:06:48.804 30107-30135 XtreamCatalogScanWorker com.fishit.player.v2                 D  PROGRESS discovered=10180 persisted=10006 phase=VOD
2026-01-30 09:06:48.808 30107-30134 XTC                     com.fishit.player.v2                 D  [LIVE] DTO→Raw #4700 | id=xtream:live:361934 | title="FR: BEIN SPORTS MAX8 HEVC" | sourceType=XTREAM | Fields: ✓[] ✗[year, plot, cast, director, poster, backdrop, duration, tmdb]
2026-01-30 09:06:48.809 30107-30138 XtreamCatalogScanWorker com.fishit.player.v2                 D  PROGRESS discovered=10200 persisted=10006 phase=null
2026-01-30 09:06:48.811 30107-30138 SyncPerfMetrics         com.fishit.player.v2                 D  Phase LIVE started
2026-01-30 09:06:48.814 30107-30138 XtreamCatalogScanWorker com.fishit.player.v2                 D  PROGRESS discovered=10200 persisted=10006 phase=LIVE
2026-01-30 09:06:48.816 30107-30134 XTC                     com.fishit.player.v2                 D  [LIVE] DTO→Raw #4750 | id=xtream:live:44392 | title="FR: Orange Cinema 2 HD" | sourceType=XTREAM | Fields: ✓[poster] ✗[year, plot, cast, director, backdrop, duration, tmdb]
2026-01-30 09:06:48.824 30107-30134 XTC                     com.fishit.player.v2                 D  [LIVE] DTO→Raw #4800 | id=xtream:live:44458 | title="FR: AB1 FHD" | sourceType=XTREAM | Fields: ✓[] ✗[year, plot, cast, director, poster, backdrop, duration, tmdb]
2026-01-30 09:06:48.828 30107-30174 XTC                     com.fishit.player.v2                 D  [VOD] DTO→Raw #5550 | id=xtream:vod:779064 | title="Escape - Der unsichtbare Feind | 2024 | " | sourceType=XTREAM | Fields: ✓[year=2024, poster] ✗[plot, cast, director, backdrop, duration, tmdb]
2026-01-30 09:06:48.828 30107-30138 XtreamCatalogScanWorker com.fishit.player.v2                 D  PROGRESS discovered=10300 persisted=10006 phase=null
2026-01-30 09:06:48.832 30107-30138 SyncPerfMetrics         com.fishit.player.v2                 D  Phase LIVE started
2026-01-30 09:06:48.833 30107-30138 XtreamCatalogScanWorker com.fishit.player.v2                 D  PROGRESS discovered=10332 persisted=10006 phase=LIVE
2026-01-30 09:06:48.836 30107-30138 XTC                     com.fishit.player.v2                 D  [VOD] DTO→Raw #5600 | id=xtream:vod:776412 | title="WWE WrestleMania 41: Sunday | 2025 | 6.1" | sourceType=XTREAM | Fields: ✓[year=2025, poster] ✗[plot, cast, director, backdrop, duration, tmdb]
2026-01-30 09:06:48.837 30107-30170 XtreamCatalogScanWorker com.fishit.player.v2                 D  PROGRESS discovered=10400 persisted=10006 phase=null
2026-01-30 09:06:48.840 30107-30170 SyncPerfMetrics         com.fishit.player.v2                 D  Phase MOVIES started
2026-01-30 09:06:48.840 30107-30170 XtreamCatalogScanWorker com.fishit.player.v2                 D  PROGRESS discovered=10413 persisted=10006 phase=VOD
2026-01-30 09:06:48.840 30107-30138 XTC                     com.fishit.player.v2                 D  [VOD] DTO→Raw #5650 | id=xtream:vod:773840 | title="Vena | 2024 | 7.7 |" | sourceType=XTREAM | Fields: ✓[year=2024, poster] ✗[plot, cast, director, backdrop, duration, tmdb]
2026-01-30 09:06:48.855 30107-30138 XTC                     com.fishit.player.v2                 D  [VOD] DTO→Raw #5700 | id=xtream:vod:771263 | title="Old Guy - Alter Hund mit neuen Tricks | " | sourceType=XTREAM | Fields: ✓[year=2024, poster] ✗[plot, cast, director, backdrop, duration, tmdb]
2026-01-30 09:06:48.862 30107-30170 XtreamCatalogScanWorker com.fishit.player.v2                 D  PROGRESS discovered=10500 persisted=10006 phase=null
2026-01-30 09:06:48.867 30107-30170 SyncPerfMetrics         com.fishit.player.v2                 D  Phase MOVIES started
2026-01-30 09:06:48.868 30107-30170 XtreamCatalogScanWorker com.fishit.player.v2                 D  PROGRESS discovered=10529 persisted=10006 phase=VOD
2026-01-30 09:06:48.869 30107-30170 SyncBatchManager        com.fishit.player.v2                 D  Time-based flush for LIVE: 234 items after 8915ms
2026-01-30 09:06:48.869 30107-30170 SyncBatchManager        com.fishit.player.v2                 D  Flushing LIVE batch: 234 items (timeBased=true)
2026-01-30 09:06:48.870 30107-30170 CatalogSyncService      com.fishit.player.v2                 D  Persisting Xtream live batch (NX-ONLY): 234 items
2026-01-30 09:06:48.885 30107-30172 XTC                     com.fishit.player.v2                 D  [LIVE] DTO→Raw #4850 | id=xtream:live:791065 | title="LIGUE 1+" | sourceType=XTREAM | Fields: ✓[poster] ✗[year, plot, cast, director, backdrop, duration, tmdb]
2026-01-30 09:06:48.895 30107-30170 XtreamCatalogScanWorker com.fishit.player.v2                 D  PROGRESS discovered=10600 persisted=10006 phase=null
2026-01-30 09:06:48.900 30107-30168 XTC                     com.fishit.player.v2                 D  [VOD] DTO→Raw #5750 | id=xtream:vod:767670 | title="We Live in Time | 2024 | 7.5 |" | sourceType=XTREAM | Fields: ✓[year=2024, poster] ✗[plot, cast, director, backdrop, duration, tmdb]
2026-01-30 09:06:48.913 30107-30168 XTC                     com.fishit.player.v2                 D  [VOD] DTO→Raw #5800 | id=xtream:vod:765621 | title="The Killer | 2024 | 6.4 |" | sourceType=XTREAM | Fields: ✓[year=2024, poster] ✗[plot, cast, director, backdrop, duration, tmdb]
2026-01-30 09:06:48.915 30107-30174 SyncBatchManager        com.fishit.player.v2                 D  Flushing MOVIES batch: 400 items (timeBased=false)
2026-01-30 09:06:48.916 30107-30174 CatalogSyncService      com.fishit.player.v2                 D  Persisting Xtream catalog batch (NX-ONLY): 400 items (canonical_linking=false)
2026-01-30 09:06:48.917 30107-30172 XTC                     com.fishit.player.v2                 D  [LIVE] DTO→Raw #4900 | id=xtream:live:44515 | title="FR: EQUIDIA LIVE FHD" | sourceType=XTREAM | Fields: ✓[] ✗[year, plot, cast, director, poster, backdrop, duration, tmdb]
2026-01-30 09:06:48.917 30107-30168 XTC                     com.fishit.player.v2                 D  [VOD] DTO→Raw #5850 | id=xtream:vod:763435 | title="Escape: Flucht in die Freiheit | 2024 | " | sourceType=XTREAM | Fields: ✓[year=2024, poster] ✗[plot, cast, director, backdrop, duration, tmdb]
2026-01-30 09:06:51.332 30107-30954 BufferPoolAccessor2.0   com.fishit.player.v2                 D  bufferpool2 0xb400007964ec7d88 : 5(36700160 size) total buffers - 4(29360128 size) used buffers - 883/888 (recycle/alloc) - 5/886 (fetch/transfer)
2026-01-30 09:06:52.212 30107-30138 CatalogSyncService      com.fishit.player.v2                 D  Xtream live batch complete (NX): ingested=234 total_ms=3343
2026-01-30 09:06:52.212 30107-30138 CatalogSyncService      com.fishit.player.v2                 D  Time-based flush LIVE: 234 items in 3343ms
2026-01-30 09:06:52.411 30107-30967 BufferPoolAccessor2.0   com.fishit.player.v2                 D  bufferpool2 0xb400007964ecc538 : 5(40960 size) total buffers - 1(8192 size) used buffers - 1633/1638 (recycle/alloc) - 5/1637 (fetch/transfer)
2026-01-30 09:06:52.416 30107-30170 SyncBatchManager        com.fishit.player.v2                 D  Time-based flush for LIVE: 57 items after 3547ms
2026-01-30 09:06:52.417 30107-30170 SyncBatchManager        com.fishit.player.v2                 D  Flushing LIVE batch: 57 items (timeBased=true)
2026-01-30 09:06:52.418 30107-30170 CatalogSyncService      com.fishit.player.v2                 D  Persisting Xtream live batch (NX-ONLY): 57 items
2026-01-30 09:06:53.454 30107-30168 CatalogSyncService      com.fishit.player.v2                 D  Xtream live batch complete (NX): ingested=57 total_ms=1036
2026-01-30 09:06:53.454 30107-30168 CatalogSyncService      com.fishit.player.v2                 D  Time-based flush LIVE: 57 items in 1036ms
2026-01-30 09:06:54.156 30107-30168 CatalogSyncService      com.fishit.player.v2                 D  Xtream batch complete (HOT PATH/NX): ingested=400 total_ms=5241
2026-01-30 09:06:54.157 30107-30168 SyncPerfMetrics         com.fishit.player.v2                 D  Phase MOVIES started
2026-01-30 09:06:54.157 30107-30168 XtreamCatalogScanWorker com.fishit.player.v2                 D  PROGRESS discovered=10697 persisted=10697 phase=VOD
2026-01-30 09:06:54.158 30107-30168 XtreamCatalogScanWorker com.fishit.player.v2                 D  PROGRESS discovered=10700 persisted=10697 phase=null
2026-01-30 09:06:54.159 30107-30168 SyncPerfMetrics         com.fishit.player.v2                 D  Phase LIVE started
2026-01-30 09:06:54.160 30107-30168 XtreamCatalogScanWorker com.fishit.player.v2                 D  PROGRESS discovered=10749 persisted=10697 phase=LIVE
2026-01-30 09:06:54.165 30107-30168 XtreamCatalogScanWorker com.fishit.player.v2                 D  PROGRESS discovered=10800 persisted=10697 phase=null
2026-01-30 09:06:54.172 30107-30135 XTC                     com.fishit.player.v2                 D  [VOD] DTO→Raw #5900 | id=xtream:vod:761313 | title="Blitz | 2024 | 5.2 |" | sourceType=XTREAM | Fields: ✓[year=2024, poster] ✗[plot, cast, director, backdrop, duration, tmdb]
2026-01-30 09:06:54.173 30107-30168 SyncPerfMetrics         com.fishit.player.v2                 D  Phase MOVIES started
2026-01-30 09:06:54.173 30107-30168 XtreamCatalogScanWorker com.fishit.player.v2                 D  PROGRESS discovered=10837 persisted=10697 phase=VOD
2026-01-30 09:06:54.176 30107-30174 XTC                     com.fishit.player.v2                 D  [LIVE] DTO→Raw #4950 | id=xtream:live:124147 | title="FR: AMAZON PRIME 5 FHD" | sourceType=XTREAM | Fields: ✓[] ✗[year, plot, cast, director, poster, backdrop, duration, tmdb]
2026-01-30 09:06:54.180 30107-30172 XtreamCatalogScanWorker com.fishit.player.v2                 D  PROGRESS discovered=10900 persisted=10697 phase=null
2026-01-30 09:06:54.183 30107-30174 XTC                     com.fishit.player.v2                 D  [LIVE] DTO→Raw #5000 | id=xtream:live:743659 | title="FR: HISTOIRE HD" | sourceType=XTREAM | Fields: ✓[] ✗[year, plot, cast, director, poster, backdrop, duration, tmdb]
2026-01-30 09:06:54.185 30107-30172 SyncPerfMetrics         com.fishit.player.v2                 D  Phase LIVE started
2026-01-30 09:06:54.186 30107-30172 XtreamCatalogScanWorker com.fishit.player.v2                 D  PROGRESS discovered=10935 persisted=10697 phase=LIVE
2026-01-30 09:06:54.187 30107-30135 XTC                     com.fishit.player.v2                 D  [VOD] DTO→Raw #5950 | id=xtream:vod:756534 | title="Libre | 2024 | 5.9 |" | sourceType=XTREAM | Fields: ✓[year=2024, poster] ✗[plot, cast, director, backdrop, duration, tmdb]
2026-01-30 09:06:54.199 30107-30168 XtreamCatalogScanWorker com.fishit.player.v2                 D  PROGRESS discovered=11000 persisted=10697 phase=null
2026-01-30 09:06:54.204 30107-30135 XTC                     com.fishit.player.v2                 D  [VOD] DTO→Raw #6000 | id=xtream:vod:755046 | title="Arcadian | 2024 | 6.0 |" | sourceType=XTREAM | Fields: ✓[year=2024, poster] ✗[plot, cast, director, backdrop, duration, tmdb]
2026-01-30 09:06:54.204 30107-30174 XTC                     com.fishit.player.v2                 D  [LIVE] DTO→Raw #5050 | id=xtream:live:54814 | title="BE: Voo Sport World 3 HD" | sourceType=XTREAM | Fields: ✓[] ✗[year, plot, cast, director, poster, backdrop, duration, tmdb]
2026-01-30 09:06:54.207 30107-30172 SyncPerfMetrics         com.fishit.player.v2                 D  Phase MOVIES started
2026-01-30 09:06:54.208 30107-30172 XtreamCatalogScanWorker com.fishit.player.v2                 D  PROGRESS discovered=11050 persisted=10697 phase=VOD
2026-01-30 09:06:54.216 30107-30174 XTC                     com.fishit.player.v2                 D  [LIVE] DTO→Raw #5100 | id=xtream:live:178407 | title="RU: Диалоги о рыбалке FHD" | sourceType=XTREAM | Fields: ✓[poster] ✗[year, plot, cast, director, backdrop, duration, tmdb]
2026-01-30 09:06:54.218 30107-30172 XtreamCatalogScanWorker com.fishit.player.v2                 D  PROGRESS discovered=11100 persisted=10697 phase=null
2026-01-30 09:06:54.219 30107-30172 SyncPerfMetrics         com.fishit.player.v2                 D  Phase LIVE started
2026-01-30 09:06:54.221 30107-30172 XtreamCatalogScanWorker com.fishit.player.v2                 D  PROGRESS discovered=11100 persisted=10697 phase=LIVE
2026-01-30 09:06:54.224 30107-30174 XTC                     com.fishit.player.v2                 D  [LIVE] DTO→Raw #5150 | id=xtream:live:178457 | title="RU: Дом кино премиум FHD" | sourceType=XTREAM | Fields: ✓[poster] ✗[year, plot, cast, director, backdrop, duration, tmdb]
2026-01-30 09:06:54.233 30107-30174 XTC                     com.fishit.player.v2                 D  [LIVE] DTO→Raw #5200 | id=xtream:live:178508 | title="RU: Киносемья FHD" | sourceType=XTREAM | Fields: ✓[poster] ✗[year, plot, cast, director, backdrop, duration, tmdb]
2026-01-30 09:06:54.236 30107-30172 XtreamCatalogScanWorker com.fishit.player.v2                 D  PROGRESS discovered=11200 persisted=10697 phase=null
2026-01-30 09:06:54.236 30107-30172 SyncPerfMetrics         com.fishit.player.v2                 D  Phase LIVE started
2026-01-30 09:06:54.238 30107-30172 XtreamCatalogScanWorker com.fishit.player.v2                 D  PROGRESS discovered=11200 persisted=10697 phase=LIVE
2026-01-30 09:06:54.243 30107-30174 XTC                     com.fishit.player.v2                 D  [VOD] DTO→Raw #6050 | id=xtream:vod:753417 | title="The Crow | 2024 | 5.3 |" | sourceType=XTREAM | Fields: ✓[year=2024, poster] ✗[plot, cast, director, backdrop, duration, tmdb]
2026-01-30 09:06:54.246 30107-30168 XTC                     com.fishit.player.v2                 D  [LIVE] DTO→Raw #5250 | id=xtream:live:178566 | title="RU: Матч! Футбол 2 FHD" | sourceType=XTREAM | Fields: ✓[poster] ✗[year, plot, cast, director, backdrop, duration, tmdb]
2026-01-30 09:06:54.251 30107-30172 XtreamCatalogScanWorker com.fishit.player.v2                 D  PROGRESS discovered=11300 persisted=10697 phase=null
2026-01-30 09:06:54.258 30107-30138 XTC                     com.fishit.player.v2                 D  [VOD] DTO→Raw #6100 | id=xtream:vod:751157 | title="The Good Half | 2024 | 5.3 |" | sourceType=XTREAM | Fields: ✓[year=2024, poster] ✗[plot, cast, director, backdrop, duration, tmdb]
2026-01-30 09:06:54.261 30107-30168 SyncBatchManager        com.fishit.player.v2                 D  Time-based flush for LIVE: 397 items after 1844ms
2026-01-30 09:06:54.261 30107-30172 SyncPerfMetrics         com.fishit.player.v2                 D  Phase MOVIES started
2026-01-30 09:06:54.261 30107-30168 SyncBatchManager        com.fishit.player.v2                 D  Flushing LIVE batch: 397 items (timeBased=true)
2026-01-30 09:06:54.262 30107-30168 CatalogSyncService      com.fishit.player.v2                 D  Persisting Xtream live batch (NX-ONLY): 397 items
2026-01-30 09:06:54.262 30107-30172 XtreamCatalogScanWorker com.fishit.player.v2                 D  PROGRESS discovered=11394 persisted=10697 phase=VOD
2026-01-30 09:06:54.263 30107-30134 XTC                     com.fishit.player.v2                 D  [LIVE] DTO→Raw #5300 | id=xtream:live:178625 | title="RU: Россия 1 FHD" | sourceType=XTREAM | Fields: ✓[poster] ✗[year, plot, cast, director, backdrop, duration, tmdb]
2026-01-30 09:06:54.264 30107-30172 XtreamCatalogScanWorker com.fishit.player.v2                 D  PROGRESS discovered=11400 persisted=10697 phase=null
2026-01-30 09:06:54.267 30107-30172 SyncPerfMetrics         com.fishit.player.v2                 D  Phase LIVE started
2026-01-30 09:06:54.268 30107-30172 XtreamCatalogScanWorker com.fishit.player.v2                 D  PROGRESS discovered=11412 persisted=10697 phase=LIVE
2026-01-30 09:06:54.298 30107-30138 XTC                     com.fishit.player.v2                 D  [VOD] DTO→Raw #6150 | id=xtream:vod:749239 | title="Nightwatch - Demons Are Forever | 2023 |" | sourceType=XTREAM | Fields: ✓[year=2023, poster] ✗[plot, cast, director, backdrop, duration, tmdb]
2026-01-30 09:06:54.301 30107-30134 XTC                     com.fishit.player.v2                 D  [LIVE] DTO→Raw #5350 | id=xtream:live:178663 | title="RU: MTV Live FHD" | sourceType=XTREAM | Fields: ✓[poster] ✗[year, plot, cast, director, backdrop, duration, tmdb]
2026-01-30 09:06:54.302 30107-30137 XtreamCatalogScanWorker com.fishit.player.v2                 D  PROGRESS discovered=11500 persisted=10697 phase=null
2026-01-30 09:06:54.322 30107-30138 XTC                     com.fishit.player.v2                 D  [VOD] DTO→Raw #6200 | id=xtream:vod:746657 | title="Spieleabend | 2024 | 6.7 |" | sourceType=XTREAM | Fields: ✓[year=2024, poster] ✗[plot, cast, director, backdrop, duration, tmdb]
2026-01-30 09:06:54.322 30107-30134 XTC                     com.fishit.player.v2                 D  [LIVE] DTO→Raw #5400 | id=xtream:live:124239 | title="UA: TET" | sourceType=XTREAM | Fields: ✓[poster] ✗[year, plot, cast, director, backdrop, duration, tmdb]
2026-01-30 09:06:54.324 30107-30133 SyncBatchManager        com.fishit.player.v2                 D  Flushing MOVIES batch: 400 items (timeBased=false)
2026-01-30 09:06:54.325 30107-30133 CatalogSyncService      com.fishit.player.v2                 D  Persisting Xtream catalog batch (NX-ONLY): 400 items (canonical_linking=false)
2026-01-30 09:06:54.343 30107-30117 ishit.player.v2         com.fishit.player.v2                 I  Background concurrent copying GC freed 709150(29MB) AllocSpace objects, 0(0B) LOS objects, 17% free, 114MB/138MB, paused 191us,101us total 109.763ms
2026-01-30 09:06:55.114 30107-30117 ishit.player.v2         com.fishit.player.v2                 I  Background concurrent copying GC freed 716448(30MB) AllocSpace objects, 0(0B) LOS objects, 17% free, 113MB/137MB, paused 151us,66us total 102.368ms
2026-01-30 09:06:56.542 30107-30954 BufferPoolAccessor2.0   com.fishit.player.v2                 D  bufferpool2 0xb400007964ec7d88 : 5(36700160 size) total buffers - 4(29360128 size) used buffers - 1008/1013 (recycle/alloc) - 5/1011 (fetch/transfer)
2026-01-30 09:06:57.713 30107-30967 BufferPoolAccessor2.0   com.fishit.player.v2                 D  bufferpool2 0xb400007964ecc538 : 5(40960 size) total buffers - 1(8192 size) used buffers - 1862/1867 (recycle/alloc) - 5/1866 (fetch/transfer)
2026-01-30 09:07:00.034 30107-30170 CatalogSyncService      com.fishit.player.v2                 D  Xtream live batch complete (NX): ingested=397 total_ms=5772
2026-01-30 09:07:00.034 30107-30170 CatalogSyncService      com.fishit.player.v2                 D  Time-based flush LIVE: 397 items in 5772ms
2026-01-30 09:07:00.235 30107-30172 SyncBatchManager        com.fishit.player.v2                 D  Time-based flush for LIVE: 105 items after 5974ms
2026-01-30 09:07:00.236 30107-30172 SyncBatchManager        com.fishit.player.v2                 D  Flushing LIVE batch: 105 items (timeBased=true)
2026-01-30 09:07:00.236 30107-30172 CatalogSyncService      com.fishit.player.v2                 D  Persisting Xtream live batch (NX-ONLY): 105 items
2026-01-30 09:07:00.490 30107-30172 CatalogSyncService      com.fishit.player.v2                 D  Xtream batch complete (HOT PATH/NX): ingested=400 total_ms=6166
2026-01-30 09:07:00.495 30107-30172 SyncPerfMetrics         com.fishit.player.v2                 D  Phase MOVIES started
2026-01-30 09:07:00.496 30107-30172 XtreamCatalogScanWorker com.fishit.player.v2                 D  PROGRESS discovered=11599 persisted=11494 phase=VOD
2026-01-30 09:07:00.498 30107-30172 XtreamCatalogScanWorker com.fishit.player.v2                 D  PROGRESS discovered=11600 persisted=11494 phase=null
2026-01-30 09:07:00.499 30107-30172 SyncPerfMetrics         com.fishit.player.v2                 D  Phase LIVE started
2026-01-30 09:07:00.501 30107-30172 XtreamCatalogScanWorker com.fishit.player.v2                 D  PROGRESS discovered=11600 persisted=11494 phase=LIVE
2026-01-30 09:07:00.508 30107-30169 XTC                     com.fishit.player.v2                 D  [LIVE] DTO→Raw #5450 | id=xtream:live:35983 | title="BG: NOVA TV HD" | sourceType=XTREAM | Fields: ✓[poster] ✗[year, plot, cast, director, backdrop, duration, tmdb]
2026-01-30 09:07:00.509 30107-30171 XTC                     com.fishit.player.v2                 D  [VOD] DTO→Raw #6250 | id=xtream:vod:744770 | title="We Grown Now | 2024 | 7.2 |" | sourceType=XTREAM | Fields: ✓[year=2024, poster] ✗[plot, cast, director, backdrop, duration, tmdb]
2026-01-30 09:07:00.515 30107-30172 XtreamCatalogScanWorker com.fishit.player.v2                 D  PROGRESS discovered=11700 persisted=11494 phase=null
2026-01-30 09:07:00.515 30107-30169 XTC                     com.fishit.player.v2                 D  [LIVE] DTO→Raw #5500 | id=xtream:live:82078 | title="BULGARIA KIDS" | sourceType=XTREAM | Fields: ✓[] ✗[year, plot, cast, director, poster, backdrop, duration, tmdb]
2026-01-30 09:07:00.519 30107-30172 SyncPerfMetrics         com.fishit.player.v2                 D  Phase LIVE started
2026-01-30 09:07:00.519 30107-30172 XtreamCatalogScanWorker com.fishit.player.v2                 D  PROGRESS discovered=11761 persisted=11494 phase=LIVE
2026-01-30 09:07:00.520 30107-30171 XTC                     com.fishit.player.v2                 D  [VOD] DTO→Raw #6300 | id=xtream:vod:743327 | title="The Last Rifleman | 2023 | 6.7 |" | sourceType=XTREAM | Fields: ✓[year=2023, poster] ✗[plot, cast, director, backdrop, duration, tmdb]
2026-01-30 09:07:00.521 30107-30169 StreamingJsonParser     com.fishit.player.v2                 W  streamInBatches mapper error #1: timeout
2026-01-30 09:07:00.522 30107-30169 XtreamApiClient         com.fishit.player.v2                 W  streamContentInBatches(get_live_streams): streamFromUrl FAILED for alias=live params={category_id=0} | SocketException: Socket closed
2026-01-30 09:07:00.524 30107-30169 XtreamApiClient         com.fishit.player.v2                 D  buildPlayerApiUrl: action=get_live_streams -> konigtv.com/player_api.php
2026-01-30 09:07:00.525 30107-30172 XtreamCatalogScanWorker com.fishit.player.v2                 D  PROGRESS discovered=11800 persisted=11494 phase=null
2026-01-30 09:07:00.525 30107-30172 SyncPerfMetrics         com.fishit.player.v2                 D  Phase MOVIES started
2026-01-30 09:07:00.525 30107-30169 XtreamApiClient         com.fishit.player.v2                 D  streamFromUrl: CALLED for konigtv.com/player_api.php
2026-01-30 09:07:00.526 30107-30172 XtreamCatalogScanWorker com.fishit.player.v2                 D  PROGRESS discovered=11800 persisted=11494 phase=VOD
2026-01-30 09:07:00.532 30107-30171 XTC                     com.fishit.player.v2                 D  [VOD] DTO→Raw #6350 | id=xtream:vod:741596 | title="Chantal im Märchenland | 2024 | 5.2 |" | sourceType=XTREAM | Fields: ✓[year=2024, poster] ✗[plot, cast, director, backdrop, duration, tmdb]
2026-01-30 09:07:00.540 30107-30171 XTC                     com.fishit.player.v2                 D  [VOD] DTO→Raw #6400 | id=xtream:vod:740067 | title="Die Knochenfrau | 2023 | 5.8 |" | sourceType=XTREAM | Fields: ✓[year=2023, poster] ✗[plot, cast, director, backdrop, duration, tmdb]
2026-01-30 09:07:00.541 30107-30137 XtreamCatalogScanWorker com.fishit.player.v2                 D  PROGRESS discovered=11900 persisted=11494 phase=null
2026-01-30 09:07:00.542 30107-30137 SyncPerfMetrics         com.fishit.player.v2                 D  Phase MOVIES started
2026-01-30 09:07:00.543 30107-30137 XtreamCatalogScanWorker com.fishit.player.v2                 D  PROGRESS discovered=11900 persisted=11494 phase=VOD
2026-01-30 09:07:00.544 30107-30171 XTC                     com.fishit.player.v2                 D  [VOD] DTO→Raw #6450 | id=xtream:vod:731525 | title="Für immer | 2023 | 6.1 |" | sourceType=XTREAM | Fields: ✓[year=2023, poster] ✗[plot, cast, director, backdrop, duration, tmdb]
2026-01-30 09:07:00.554 30107-30171 XTC                     com.fishit.player.v2                 D  [VOD] DTO→Raw #6500 | id=xtream:vod:728107 | title="My Name Is Loh Kiwan | 2024 | 6.0 |" | sourceType=XTREAM | Fields: ✓[year=2024, poster] ✗[plot, cast, director, backdrop, duration, tmdb]
2026-01-30 09:07:00.555 30107-30614 TrafficStats            com.fishit.player.v2                 D  tagSocket(415) with statsTag=0xffffffff, statsUid=-1
2026-01-30 09:07:00.565 30107-30171 StreamingJsonParser     com.fishit.player.v2                 W  streamInBatches mapper error #1: timeout
2026-01-30 09:07:00.566 30107-30171 XtreamApiClient         com.fishit.player.v2                 W  streamContentInBatches(get_vod_streams): streamFromUrl FAILED for alias=vod params={category_id=0} | SocketException: Socket closed
2026-01-30 09:07:00.567 30107-30137 XtreamCatalogScanWorker com.fishit.player.v2                 D  PROGRESS discovered=12000 persisted=11494 phase=null
2026-01-30 09:07:00.568 30107-30171 XtreamApiClient         com.fishit.player.v2                 D  buildPlayerApiUrl: action=get_movie_streams -> konigtv.com/player_api.php
2026-01-30 09:07:00.569 30107-30137 SyncPerfMetrics         com.fishit.player.v2                 D  Phase MOVIES started
2026-01-30 09:07:00.570 30107-30137 XtreamCatalogScanWorker com.fishit.player.v2                 D  PROGRESS discovered=12000 persisted=11494 phase=VOD
2026-01-30 09:07:00.570 30107-30171 XtreamApiClient         com.fishit.player.v2                 D  streamFromUrl: CALLED for konigtv.com/player_api.php
2026-01-30 09:07:00.662 30107-30862 TrafficStats            com.fishit.player.v2                 D  tagSocket(113) with statsTag=0xffffffff, statsUid=-1
2026-01-30 09:07:00.843 30107-30172 XtreamApiClient         com.fishit.player.v2                 D  StreamingFetch: Detected GZIP for konigtv.com/player_api.php (manual decompression)
2026-01-30 09:07:00.845 30107-30172 XtreamApiClient         com.fishit.player.v2                 D  StreamingFetch: Success for konigtv.com/player_api.php, streaming response
2026-01-30 09:07:00.849 30107-30172 XtreamApiClient         com.fishit.player.v2                 D  streamFromUrl: Starting StreamingJsonParser.streamInBatches() for konigtv.com/player_api.php
2026-01-30 09:07:00.853 30107-30172 XtreamApiClient         com.fishit.player.v2                 D  StreamBatch: 0 items in 0 batches (7ms) | errors=0
2026-01-30 09:07:00.857 30107-30172 XtreamApiClient         com.fishit.player.v2                 W  streamFromUrl: ZERO items parsed from konigtv.com/player_api.php | batchCount=0 errors=0
2026-01-30 09:07:00.859 30107-30172 XtreamApiClient         com.fishit.player.v2                 D  buildPlayerApiUrl: action=get_movies_streams -> konigtv.com/player_api.php
2026-01-30 09:07:00.861 30107-30172 XtreamApiClient         com.fishit.player.v2                 D  streamFromUrl: CALLED for konigtv.com/player_api.php
2026-01-30 09:07:00.862 30107-30169 XtreamApiClient         com.fishit.player.v2                 D  StreamingFetch: Detected GZIP for konigtv.com/player_api.php (manual decompression)
2026-01-30 09:07:00.862 30107-30169 XtreamApiClient         com.fishit.player.v2                 D  StreamingFetch: Success for konigtv.com/player_api.php, streaming response
2026-01-30 09:07:00.864 30107-30169 XtreamApiClient         com.fishit.player.v2                 D  streamFromUrl: Starting StreamingJsonParser.streamInBatches() for konigtv.com/player_api.php
2026-01-30 09:07:00.917 30107-30169 XTC                     com.fishit.player.v2                 D  [LIVE] DTO→Raw #5550 | id=xtream:live:71808 | title="DE: Deluxe Music HEVC" | sourceType=XTREAM | Fields: ✓[poster] ✗[year, plot, cast, director, backdrop, duration, tmdb]
2026-01-30 09:07:00.926 30107-30169 XTC                     com.fishit.player.v2                 D  [LIVE] DTO→Raw #5600 | id=xtream:live:49200 | title="DE: Pro 7 Maxx FHD" | sourceType=XTREAM | Fields: ✓[poster] ✗[year, plot, cast, director, backdrop, duration, tmdb]
2026-01-30 09:07:00.926 30107-30170 XtreamCatalogScanWorker com.fishit.player.v2                 D  PROGRESS discovered=12100 persisted=11494 phase=null
2026-01-30 09:07:00.927 30107-30170 SyncPerfMetrics         com.fishit.player.v2                 D  Phase LIVE started
2026-01-30 09:07:00.928 30107-30170 XtreamCatalogScanWorker com.fishit.player.v2                 D  PROGRESS discovered=12100 persisted=11494 phase=LIVE
2026-01-30 09:07:00.935 30107-30169 XTC                     com.fishit.player.v2                 D  [LIVE] DTO→Raw #5650 | id=xtream:live:361561 | title="DE: NDR Hamburg" | sourceType=XTREAM | Fields: ✓[poster] ✗[year, plot, cast, director, backdrop, duration, tmdb]
2026-01-30 09:07:00.944 30107-30169 XTC                     com.fishit.player.v2                 D  [LIVE] DTO→Raw #5700 | id=xtream:live:197779 | title="DE: QVC STYLE TV" | sourceType=XTREAM | Fields: ✓[poster] ✗[year, plot, cast, director, backdrop, duration, tmdb]
2026-01-30 09:07:00.944 30107-30170 XtreamCatalogScanWorker com.fishit.player.v2                 D  PROGRESS discovered=12200 persisted=11494 phase=null
2026-01-30 09:07:00.945 30107-30170 SyncPerfMetrics         com.fishit.player.v2                 D  Phase LIVE started
2026-01-30 09:07:00.945 30107-30170 XtreamCatalogScanWorker com.fishit.player.v2                 D  PROGRESS discovered=12200 persisted=11494 phase=LIVE
2026-01-30 09:07:00.957 30107-30169 XTC                     com.fishit.player.v2                 D  [LIVE] DTO→Raw #5750 | id=xtream:live:67411 | title="DE: Bndliga 7 SD" | sourceType=XTREAM | Fields: ✓[poster] ✗[year, plot, cast, director, backdrop, duration, tmdb]
2026-01-30 09:07:00.967 30107-30169 XTC                     com.fishit.player.v2                 D  [LIVE] DTO→Raw #5800 | id=xtream:live:354423 | title="DE: Bundesliga Tivibu 2 (Türkisch)" | sourceType=XTREAM | Fields: ✓[poster] ✗[year, plot, cast, director, backdrop, duration, tmdb]
2026-01-30 09:07:00.968 30107-30137 XtreamCatalogScanWorker com.fishit.player.v2                 D  PROGRESS discovered=12300 persisted=11494 phase=null
2026-01-30 09:07:00.969 30107-30137 SyncPerfMetrics         com.fishit.player.v2                 D  Phase LIVE started
2026-01-30 09:07:00.973 30107-30137 XtreamCatalogScanWorker com.fishit.player.v2                 D  PROGRESS discovered=12300 persisted=11494 phase=LIVE
2026-01-30 09:07:00.977 30107-30172 XtreamApiClient         com.fishit.player.v2                 D  StreamingFetch: Detected GZIP for konigtv.com/player_api.php (manual decompression)
2026-01-30 09:07:00.978 30107-30169 XTC                     com.fishit.player.v2                 D  [LIVE] DTO→Raw #5850 | id=xtream:live:181819 | title="MyTeam TV - 7" | sourceType=XTREAM | Fields: ✓[poster] ✗[year, plot, cast, director, backdrop, duration, tmdb]
2026-01-30 09:07:00.979 30107-30172 XtreamApiClient         com.fishit.player.v2                 D  StreamingFetch: Success for konigtv.com/player_api.php, streaming response
2026-01-30 09:07:00.986 30107-30172 XtreamApiClient         com.fishit.player.v2                 D  streamFromUrl: Starting StreamingJsonParser.streamInBatches() for konigtv.com/player_api.php
2026-01-30 09:07:00.990 30107-30169 XTC                     com.fishit.player.v2                 D  [LIVE] DTO→Raw #5900 | id=xtream:live:795605 | title="DE: DEL2 EVENT 16" | sourceType=XTREAM | Fields: ✓[poster] ✗[year, plot, cast, director, backdrop, duration, tmdb]
2026-01-30 09:07:00.990 30107-30172 XtreamApiClient         com.fishit.player.v2                 D  StreamBatch: 0 items in 0 batches (10ms) | errors=0
2026-01-30 09:07:00.996 30107-30172 XtreamApiClient         com.fishit.player.v2                 W  streamFromUrl: ZERO items parsed from konigtv.com/player_api.php | batchCount=0 errors=0
2026-01-30 09:07:01.002 30107-30169 XTC                     com.fishit.player.v2                 D  [LIVE] DTO→Raw #5950 | id=xtream:live:792958 | title="DE: RTL+ SPORT EVENT 17" | sourceType=XTREAM | Fields: ✓[poster] ✗[year, plot, cast, director, backdrop, duration, tmdb]
2026-01-30 09:07:01.004 30107-30137 XtreamCatalogScanWorker com.fishit.player.v2                 D  PROGRESS discovered=12400 persisted=11494 phase=null
2026-01-30 09:07:01.005 30107-30137 SyncPerfMetrics         com.fishit.player.v2                 D  Phase LIVE started
2026-01-30 09:07:01.005 30107-30137 XtreamCatalogScanWorker com.fishit.player.v2                 D  PROGRESS discovered=12400 persisted=11494 phase=LIVE
2026-01-30 09:07:01.011 30107-30172 XtreamApiClient         com.fishit.player.v2                 D  buildPlayerApiUrl: action=get_vod_streams -> konigtv.com/player_api.php
2026-01-30 09:07:01.014 30107-30172 XtreamApiClient         com.fishit.player.v2                 D  streamFromUrl: CALLED for konigtv.com/player_api.php
2026-01-30 09:07:01.022 30107-30169 XTC                     com.fishit.player.v2                 D  [LIVE] DTO→Raw #6000 | id=xtream:live:797354 | title="DE: DAZN EVENT 26 HD" | sourceType=XTREAM | Fields: ✓[poster] ✗[year, plot, cast, director, backdrop, duration, tmdb]
2026-01-30 09:07:01.024 30107-30170 SyncBatchManager        com.fishit.player.v2                 D  Flushing LIVE batch: 600 items (timeBased=false)
2026-01-30 09:07:01.025 30107-30170 CatalogSyncService      com.fishit.player.v2                 D  Persisting Xtream live batch (NX-ONLY): 600 items
2026-01-30 09:07:01.045 30107-30169 XTC                     com.fishit.player.v2                 D  [LIVE] DTO→Raw #6050 | id=xtream:live:744166 | title="DE: DYN SPORT 25" | sourceType=XTREAM | Fields: ✓[poster] ✗[year, plot, cast, director, backdrop, duration, tmdb]
2026-01-30 09:07:01.396 30107-30135 CatalogSyncService      com.fishit.player.v2                 D  Xtream live batch complete (NX): ingested=105 total_ms=1159
2026-01-30 09:07:01.397 30107-30135 CatalogSyncService      com.fishit.player.v2                 D  Time-based flush LIVE: 105 items in 1160ms
2026-01-30 09:07:01.397 30107-30135 SyncBatchManager        com.fishit.player.v2                 D  Time-based flush for MOVIES: 300 items after 7073ms
2026-01-30 09:07:01.398 30107-30135 SyncBatchManager        com.fishit.player.v2                 D  Flushing MOVIES batch: 300 items (timeBased=true)
2026-01-30 09:07:01.400 30107-30135 CatalogSyncService      com.fishit.player.v2                 D  Persisting Xtream catalog batch (NX-ONLY): 300 items (canonical_linking=false)
2026-01-30 09:07:01.982 30107-30954 BufferPoolAccessor2.0   com.fishit.player.v2                 D  bufferpool2 0xb400007964ec7d88 : 5(36700160 size) total buffers - 1(7340032 size) used buffers - 1136/1141 (recycle/alloc) - 5/1140 (fetch/transfer)
2026-01-30 09:07:02.354 30107-30172 XtreamApiClient         com.fishit.player.v2                 D  StreamingFetch: Detected GZIP for konigtv.com/player_api.php (manual decompression)
2026-01-30 09:07:02.355 30107-30172 XtreamApiClient         com.fishit.player.v2                 D  StreamingFetch: Success for konigtv.com/player_api.php, streaming response
2026-01-30 09:07:02.356 30107-30172 XtreamApiClient         com.fishit.player.v2                 D  streamFromUrl: Starting StreamingJsonParser.streamInBatches() for konigtv.com/player_api.php
2026-01-30 09:07:03.208 30107-30967 BufferPoolAccessor2.0   com.fishit.player.v2                 D  bufferpool2 0xb400007964ecc538 : 5(40960 size) total buffers - 4(32768 size) used buffers - 2101/2106 (recycle/alloc) - 5/2103 (fetch/transfer)
2026-01-30 09:07:05.879 30107-30138 CatalogSyncService      com.fishit.player.v2                 D  Xtream batch complete (HOT PATH/NX): ingested=300 total_ms=4480
2026-01-30 09:07:05.880 30107-30138 CatalogSyncService      com.fishit.player.v2                 D  Time-based flush MOVIES: 300 items in 4481ms
2026-01-30 09:07:07.071 30107-30954 BufferPoolAccessor2.0   com.fishit.player.v2                 D  bufferpool2 0xb400007964ec7d88 : 5(36700160 size) total buffers - 1(7340032 size) used buffers - 1258/1263 (recycle/alloc) - 5/1262 (fetch/transfer)
2026-01-30 09:07:08.359 30107-30134 CatalogSyncService      com.fishit.player.v2                 D  Xtream live batch complete (NX): ingested=600 total_ms=7333
2026-01-30 09:07:08.360 30107-30134 XtreamCatalogScanWorker com.fishit.player.v2                 D  PROGRESS discovered=12500 persisted=12499 phase=null
2026-01-30 09:07:08.363 30107-30134 SyncPerfMetrics         com.fishit.player.v2                 D  Phase LIVE started
2026-01-30 09:07:08.365 30107-30134 XtreamCatalogScanWorker com.fishit.player.v2                 D  PROGRESS discovered=12500 persisted=12499 phase=LIVE
2026-01-30 09:07:08.378 30107-30169 XTC                     com.fishit.player.v2                 D  [LIVE] DTO→Raw #6100 | id=xtream:live:121760 | title="DE: Spiegel TV Wissen RAW" | sourceType=XTREAM | Fields: ✓[poster] ✗[year, plot, cast, director, backdrop, duration, tmdb]
2026-01-30 09:07:08.380 30107-30134 XtreamCatalogScanWorker com.fishit.player.v2                 D  PROGRESS discovered=12600 persisted=12499 phase=null
2026-01-30 09:07:08.382 30107-30172 XTC                     com.fishit.player.v2                 D  [VOD] DTO→Raw #6550 | id=xtream:vod:801981 | title="Anaconda | 2025 | 6.7" | sourceType=XTREAM | Fields: ✓[year=2025, poster] ✗[plot, cast, director, backdrop, duration, tmdb]
2026-01-30 09:07:08.383 30107-30134 SyncPerfMetrics         com.fishit.player.v2                 D  Phase LIVE started
2026-01-30 09:07:08.383 30107-30134 XtreamCatalogScanWorker com.fishit.player.v2                 D  PROGRESS discovered=12636 persisted=12499 phase=LIVE
2026-01-30 09:07:08.387 30107-30134 XtreamCatalogScanWorker com.fishit.player.v2                 D  PROGRESS discovered=12700 persisted=12499 phase=null
2026-01-30 09:07:08.390 30107-30169 XTC                     com.fishit.player.v2                 D  [LIVE] DTO→Raw #6150 | id=xtream:live:48858 | title="DE: Sky Cinema Highlights FHD" | sourceType=XTREAM | Fields: ✓[poster] ✗[year, plot, cast, director, backdrop, duration, tmdb]
2026-01-30 09:07:08.396 30107-30172 XTC                     com.fishit.player.v2                 D  [VOD] DTO→Raw #6600 | id=xtream:vod:800634 | title="Whiteout - Überleben ist alles | 2025 | " | sourceType=XTREAM | Fields: ✓[year=2025, poster] ✗[plot, cast, director, backdrop, duration, tmdb]
2026-01-30 09:07:08.401 30107-30169 XTC                     com.fishit.player.v2                 D  [LIVE] DTO→Raw #6200 | id=xtream:live:733471 | title="DE: 2 BROKE GIRLS" | sourceType=XTREAM | Fields: ✓[poster] ✗[year, plot, cast, director, backdrop, duration, tmdb]
2026-01-30 09:07:08.401 30107-30137 SyncPerfMetrics         com.fishit.player.v2                 D  Phase MOVIES started
2026-01-30 09:07:08.402 30107-30137 XtreamCatalogScanWorker com.fishit.player.v2                 D  PROGRESS discovered=12780 persisted=12499 phase=VOD
2026-01-30 09:07:08.405 30107-30137 XtreamCatalogScanWorker com.fishit.player.v2                 D  PROGRESS discovered=12800 persisted=12499 phase=null
2026-01-30 09:07:08.408 30107-30170 XTC                     com.fishit.player.v2                 D  [VOD] DTO→Raw #6650 | id=xtream:vod:798830 | title="825 Forest Road | 2025 | 5.9 |" | sourceType=XTREAM | Fields: ✓[year=2025, poster] ✗[plot, cast, director, backdrop, duration, tmdb]
2026-01-30 09:07:08.411 30107-30137 SyncPerfMetrics         com.fishit.player.v2                 D  Phase LIVE started
2026-01-30 09:07:08.412 30107-30137 XtreamCatalogScanWorker com.fishit.player.v2                 D  PROGRESS discovered=12837 persisted=12499 phase=LIVE
2026-01-30 09:07:08.416 30107-30137 XtreamCatalogScanWorker com.fishit.player.v2                 D  PROGRESS discovered=12900 persisted=12499 phase=null
2026-01-30 09:07:08.417 30107-30174 XTC                     com.fishit.player.v2                 D  [LIVE] DTO→Raw #6250 | id=xtream:live:749839 | title="DE: EDGAR WALLACE MIX" | sourceType=XTREAM | Fields: ✓[poster] ✗[year, plot, cast, director, backdrop, duration, tmdb]
2026-01-30 09:07:08.439 30107-30170 XTC                     com.fishit.player.v2                 D  [VOD] DTO→Raw #6700 | id=xtream:vod:797304 | title="Frankenstein | 2025 | 7.9 |" | sourceType=XTREAM | Fields: ✓[year=2025, poster] ✗[plot, cast, director, backdrop, duration, tmdb]
2026-01-30 09:07:08.440 30107-30137 SyncPerfMetrics         com.fishit.player.v2                 D  Phase MOVIES started
2026-01-30 09:07:08.440 30107-30137 XtreamCatalogScanWorker com.fishit.player.v2                 D  PROGRESS discovered=12985 persisted=12499 phase=VOD
2026-01-30 09:07:08.441 30107-30137 XtreamCatalogScanWorker com.fishit.player.v2                 D  PROGRESS discovered=13000 persisted=12499 phase=null
2026-01-30 09:07:08.442 30107-30174 XTC                     com.fishit.player.v2                 D  [LIVE] DTO→Raw #6300 | id=xtream:live:729970 | title="DE: POLICE ACADEMY" | sourceType=XTREAM | Fields: ✓[poster] ✗[year, plot, cast, director, backdrop, duration, tmdb]
2026-01-30 09:07:08.443 30107-30137 SyncPerfMetrics         com.fishit.player.v2                 D  Phase LIVE started
2026-01-30 09:07:08.443 30107-30137 XtreamCatalogScanWorker com.fishit.player.v2                 D  PROGRESS discovered=13010 persisted=12499 phase=LIVE
2026-01-30 09:07:08.448 30107-30170 XTC                     com.fishit.player.v2                 D  [VOD] DTO→Raw #6750 | id=xtream:vod:794087 | title="Jenseits der blauen Grenze | 2024 | 6.4 " | sourceType=XTREAM | Fields: ✓[year=2024, poster] ✗[plot, cast, director, backdrop, duration, tmdb]
2026-01-30 09:07:08.451 30107-30170 XtreamCatalogScanWorker com.fishit.player.v2                 D  PROGRESS discovered=13100 persisted=12499 phase=null
2026-01-30 09:07:08.453 30107-30174 XTC                     com.fishit.player.v2                 D  [VOD] DTO→Raw #6800 | id=xtream:vod:791360 | title="All of You | 2025 | 6.5 |" | sourceType=XTREAM | Fields: ✓[year=2025, poster] ✗[plot, cast, director, backdrop, duration, tmdb]
2026-01-30 09:07:08.453 30107-30170 SyncPerfMetrics         com.fishit.player.v2                 D  Phase MOVIES started
2026-01-30 09:07:08.453 30107-30170 XtreamCatalogScanWorker com.fishit.player.v2                 D  PROGRESS discovered=13142 persisted=12499 phase=VOD
2026-01-30 09:07:08.458 30107-30174 XTC                     com.fishit.player.v2                 D  [VOD] DTO→Raw #6850 | id=xtream:vod:788976 | title="Was ist Liebe wert - Materialists | 2025" | sourceType=XTREAM | Fields: ✓[year=2025, poster] ✗[plot, cast, director, backdrop, duration, tmdb]
2026-01-30 09:07:08.458 30107-30170 XtreamCatalogScanWorker com.fishit.player.v2                 D  PROGRESS discovered=13200 persisted=12499 phase=null
2026-01-30 09:07:08.458 30107-30172 XTC                     com.fishit.player.v2                 D  [LIVE] DTO→Raw #6350 | id=xtream:live:140923 | title="DE: X-Men HD 24/7" | sourceType=XTREAM | Fields: ✓[poster] ✗[year, plot, cast, director, backdrop, duration, tmdb]
2026-01-30 09:07:08.463 30107-30174 XTC                     com.fishit.player.v2                 D  [VOD] DTO→Raw #6900 | id=xtream:vod:786362 | title="Checkmates - Ziemlich schräge Figuren | " | sourceType=XTREAM | Fields: ✓[year=2024, poster] ✗[plot, cast, director, backdrop, duration, tmdb]
2026-01-30 09:07:08.464 30107-30134 SyncBatchManager        com.fishit.player.v2                 D  Flushing MOVIES batch: 400 items (timeBased=false)
2026-01-30 09:07:08.464 30107-30134 CatalogSyncService      com.fishit.player.v2                 D  Persisting Xtream catalog batch (NX-ONLY): 400 items (canonical_linking=false)
2026-01-30 09:07:08.467 30107-30174 XTC                     com.fishit.player.v2                 D  [VOD] DTO→Raw #6950 | id=xtream:vod:783657 | title="The Ballad of Wallis Island | 2025 | 7.0" | sourceType=XTREAM | Fields: ✓[year=2025, poster] ✗[plot, cast, director, backdrop, duration, tmdb]
2026-01-30 09:07:08.512 30107-30172 SyncBatchManager        com.fishit.player.v2                 D  Time-based flush for LIVE: 357 items after 7488ms
2026-01-30 09:07:08.512 30107-30172 SyncBatchManager        com.fishit.player.v2                 D  Flushing LIVE batch: 357 items (timeBased=true)
2026-01-30 09:07:08.513 30107-30172 CatalogSyncService      com.fishit.player.v2                 D  Persisting Xtream live batch (NX-ONLY): 357 items
2026-01-30 09:07:08.712 30107-30967 BufferPoolAccessor2.0   com.fishit.player.v2                 D  bufferpool2 0xb400007964ecc538 : 5(40960 size) total buffers - 1(8192 size) used buffers - 2335/2340 (recycle/alloc) - 5/2339 (fetch/transfer)
2026-01-30 09:07:12.530 30107-30954 BufferPoolAccessor2.0   com.fishit.player.v2                 D  bufferpool2 0xb400007964ec7d88 : 5(36700160 size) total buffers - 1(7340032 size) used buffers - 1389/1394 (recycle/alloc) - 5/1393 (fetch/transfer)
2026-01-30 09:07:12.871 30107-30117 ishit.player.v2         com.fishit.player.v2                 I  Background concurrent copying GC freed 739074(32MB) AllocSpace objects, 2(40KB) LOS objects, 16% free, 120MB/144MB, paused 364us,78us total 101.783ms
2026-01-30 09:07:13.416 30107-30170 CatalogSyncService      com.fishit.player.v2                 D  Xtream live batch complete (NX): ingested=357 total_ms=4903
2026-01-30 09:07:13.416 30107-30170 CatalogSyncService      com.fishit.player.v2                 D  Time-based flush LIVE: 357 items in 4903ms
2026-01-30 09:07:13.634 30107-30117 ishit.player.v2         com.fishit.player.v2                 I  Background concurrent copying GC freed 576464(24MB) AllocSpace objects, 0(0B) LOS objects, 15% free, 126MB/150MB, paused 139us,85us total 108.442ms
2026-01-30 09:07:13.647 30107-30135 CatalogSyncService      com.fishit.player.v2                 D  Xtream batch complete (HOT PATH/NX): ingested=400 total_ms=5183
2026-01-30 09:07:13.648 30107-30135 SyncPerfMetrics         com.fishit.player.v2                 D  Phase MOVIES started
2026-01-30 09:07:13.650 30107-30135 XtreamCatalogScanWorker com.fishit.player.v2                 D  PROGRESS discovered=13256 persisted=13256 phase=VOD
2026-01-30 09:07:13.659 30107-30135 XtreamCatalogScanWorker com.fishit.player.v2                 D  PROGRESS discovered=13300 persisted=13256 phase=null
