                                                                                                    	at kotlinx.coroutines.DispatchedTask.run(DispatchedTask.kt:100)
                                                                                                    	at kotlinx.coroutines.scheduling.CoroutineScheduler.runSafely(CoroutineScheduler.kt:586)
                                                                                                    	at kotlinx.coroutines.scheduling.CoroutineScheduler$Worker.executeTask(CoroutineScheduler.kt:829)
                                                                                                    	at kotlinx.coroutines.scheduling.CoroutineScheduler$Worker.runWorker(CoroutineScheduler.kt:717)
                                                                                                    	at kotlinx.coroutines.scheduling.CoroutineScheduler$Worker.run(CoroutineScheduler.kt:704)
2026-01-30 12:13:10.784 31051-31331 XtreamCatalogScanWorker com.fishit.player.v2                 W  Channel-buffered sync failed, falling back to enhanced sync
                                                                                                    java.lang.IllegalStateException:           Flow exception transparency is violated:
                                                                                                                  Previous 'emit' call has thrown exception java.lang.IllegalStateException: Flow invariant is violated:
                                                                                                    Emission from another coroutine is detected.
                                                                                                    Child of StandaloneCoroutine{Active}@eff43f9, expected child of StandaloneCoroutine{Active}@4fbff3e.
                                                                                                    FlowCollector is not thread-safe and concurrent emissions are prohibited.
                                                                                                    To mitigate this restriction please use 'channelFlow' builder instead of 'flow', but then emission attempt of value 'Error(source=xtream, reason=channel_sync_error, message=Flow invariant is violated:
                                                                                                    Emission from another coroutine is detected.
                                                                                                    Child of StandaloneCoroutine{Active}@eff43f9, expected child of StandaloneCoroutine{Active}@4fbff3e.
                                                                                                    FlowCollector is not thread-safe and concurrent emissions are prohibited.
                                                                                                    To mitigate this restriction please use 'channelFlow' builder instead of 'flow', throwable=java.lang.IllegalStateException: Flow invariant is violated:
                                                                                                    Emission from another coroutine is detected.
                                                                                                    Child of StandaloneCoroutine{Active}@eff43f9, expected child of StandaloneCoroutine{Active}@4fbff3e.
                                                                                                    FlowCollector is not thread-safe and concurrent emissions are prohibited.
                                                                                                    To mitigate this restriction please use 'channelFlow' builder instead of 'flow')' has been detected.
                                                                                                                  Emissions from 'catch' blocks are prohibited in order to avoid unspecified behaviour, 'Flow.catch' operator can be used instead.
                                                                                                                  For a more detailed explanation, please refer to Flow documentation.
                                                                                                    	at kotlinx.coroutines.flow.internal.SafeCollector.exceptionTransparencyViolated(SafeCollector.kt:166)
                                                                                                    	at kotlinx.coroutines.flow.internal.SafeCollector.checkContext(SafeCollector.kt:130)
                                                                                                    	at kotlinx.coroutines.flow.internal.SafeCollector.emit(SafeCollector.kt:109)
                                                                                                    	at kotlinx.coroutines.flow.internal.SafeCollector.emit(SafeCollector.kt:82)
                                                                                                    	at com.fishit.player.core.catalogsync.DefaultCatalogSyncService$syncXtreamBuffered$1.invokeSuspend(DefaultCatalogSyncService.kt:1980)
                                                                                                    	at kotlin.coroutines.jvm.internal.BaseContinuationImpl.resumeWith(ContinuationImpl.kt:34)
                                                                                                    	at kotlinx.coroutines.DispatchedTask.run(DispatchedTask.kt:98)
                                                                                                    	at kotlinx.coroutines.scheduling.CoroutineScheduler.runSafely(CoroutineScheduler.kt:586)
                                                                                                    	at kotlinx.coroutines.scheduling.CoroutineScheduler$Worker.executeTask(CoroutineScheduler.kt:829)
                                                                                                    	at kotlinx.coroutines.scheduling.CoroutineScheduler$Worker.runWorker(CoroutineScheduler.kt:717)
                                                                                                    	at kotlinx.coroutines.scheduling.CoroutineScheduler$Worker.run(CoroutineScheduler.kt:704)
2026-01-30 12:13:10.785 31051-31331 CatalogSyncService      com.fishit.player.v2                 I  Starting enhanced Xtream sync: live=true, vod=true, series=true, episodes=false, excludeSeriesIds=0, episodeParallelism=4, canonical_linking=false
2026-01-30 12:13:10.786 31051-31331 XtreamCatalogScanWorker com.fishit.player.v2                 D  Enhanced catalog sync started
2026-01-30 12:13:10.790 31051-31304 XtreamCatalogPipeline   com.fishit.player.v2                 I  Starting Xtream catalog scan: vod=true, series=true, episodes=false, live=true
2026-01-30 12:13:10.790 31051-31331 CatalogSyncService      com.fishit.player.v2                 D  Enhanced scan started
2026-01-30 12:13:10.791 31051-593   XtreamCatalogPipeline   com.fishit.player.v2                 D  [LIVE] Starting parallel scan (streaming)...
2026-01-30 12:13:10.794 31051-593   XtreamApiClient         com.fishit.player.v2                 D  buildPlayerApiUrl: action=get_live_streams -> konigtv.com/player_api.php
2026-01-30 12:13:10.795 31051-593   XtreamApiClient         com.fishit.player.v2                 D  streamFromUrl: CALLED for konigtv.com/player_api.php
2026-01-30 12:13:11.021 31051-593   XtreamApiClient         com.fishit.player.v2                 D  StreamingFetch: Detected GZIP for konigtv.com/player_api.php (manual decompression)
2026-01-30 12:13:11.023 31051-593   XtreamApiClient         com.fishit.player.v2                 D  StreamingFetch: Success for konigtv.com/player_api.php, streaming response
2026-01-30 12:13:11.027 31051-593   XtreamApiClient         com.fishit.player.v2                 D  streamFromUrl: Starting StreamingJsonParser.streamInBatches() for konigtv.com/player_api.php
2026-01-30 12:13:11.062 31051-593   XTC                     com.fishit.player.v2                 D  [LIVE] DTO→Raw #1 | id=xtream:live:81568 | title="DE HEVC" | sourceType=XTREAM | Fields: ✓[poster] ✗[year, plot, cast, director, backdrop, duration, tmdb]
2026-01-30 12:13:11.081 31051-593   XTC                     com.fishit.player.v2                 D  [LIVE] DTO→Raw #50 | id=xtream:live:71808 | title="DE: Deluxe Music HEVC" | sourceType=XTREAM | Fields: ✓[poster] ✗[year, plot, cast, director, backdrop, duration, tmdb]
2026-01-30 12:13:11.102 31051-593   XTC                     com.fishit.player.v2                 D  [LIVE] DTO→Raw #100 | id=xtream:live:49200 | title="DE: Pro 7 Maxx FHD" | sourceType=XTREAM | Fields: ✓[poster] ✗[year, plot, cast, director, backdrop, duration, tmdb]
2026-01-30 12:13:11.103 31051-31331 XtreamCatalogScanWorker com.fishit.player.v2                 D  PROGRESS discovered=100 persisted=0 phase=null
2026-01-30 12:13:11.122 31051-593   XTC                     com.fishit.player.v2                 D  [LIVE] DTO→Raw #150 | id=xtream:live:361561 | title="DE: NDR Hamburg" | sourceType=XTREAM | Fields: ✓[poster] ✗[year, plot, cast, director, backdrop, duration, tmdb]
2026-01-30 12:13:11.141 31051-593   XTC                     com.fishit.player.v2                 D  [LIVE] DTO→Raw #200 | id=xtream:live:197779 | title="DE: QVC STYLE TV" | sourceType=XTREAM | Fields: ✓[poster] ✗[year, plot, cast, director, backdrop, duration, tmdb]
2026-01-30 12:13:11.141 31051-31325 XtreamCatalogScanWorker com.fishit.player.v2                 D  PROGRESS discovered=200 persisted=0 phase=null
2026-01-30 12:13:11.143 31051-31051 ViewRootIm...nActivity] com.fishit.player.v2                 I  ViewPostIme pointer 0
2026-01-30 12:13:11.157 31051-593   XTC                     com.fishit.player.v2                 D  [LIVE] DTO→Raw #250 | id=xtream:live:67411 | title="DE: Bndliga 7 SD" | sourceType=XTREAM | Fields: ✓[poster] ✗[year, plot, cast, director, backdrop, duration, tmdb]
2026-01-30 12:13:11.169 31051-31051 ViewRootIm...nActivity] com.fishit.player.v2                 I  ViewPostIme pointer 1
2026-01-30 12:13:11.173 31051-593   XTC                     com.fishit.player.v2                 D  [LIVE] DTO→Raw #300 | id=xtream:live:354423 | title="DE: Bundesliga Tivibu 2 (Türkisch)" | sourceType=XTREAM | Fields: ✓[poster] ✗[year, plot, cast, director, backdrop, duration, tmdb]
2026-01-30 12:13:11.174 31051-31325 XtreamCatalogScanWorker com.fishit.player.v2                 D  PROGRESS discovered=300 persisted=0 phase=null
2026-01-30 12:13:11.191 31051-593   XTC                     com.fishit.player.v2                 D  [LIVE] DTO→Raw #350 | id=xtream:live:181819 | title="MyTeam TV - 7" | sourceType=XTREAM | Fields: ✓[poster] ✗[year, plot, cast, director, backdrop, duration, tmdb]
2026-01-30 12:13:11.206 31051-593   XTC                     com.fishit.player.v2                 D  [LIVE] DTO→Raw #400 | id=xtream:live:795605 | title="DE: DEL2 EVENT 16" | sourceType=XTREAM | Fields: ✓[poster] ✗[year, plot, cast, director, backdrop, duration, tmdb]
2026-01-30 12:13:11.209 31051-31325 XtreamCatalogScanWorker com.fishit.player.v2                 D  PROGRESS discovered=400 persisted=0 phase=null
2026-01-30 12:13:11.223 31051-593   XTC                     com.fishit.player.v2                 D  [LIVE] DTO→Raw #450 | id=xtream:live:792958 | title="DE: RTL+ SPORT EVENT 17" | sourceType=XTREAM | Fields: ✓[poster] ✗[year, plot, cast, director, backdrop, duration, tmdb]
2026-01-30 12:13:11.239 31051-593   XTC                     com.fishit.player.v2                 D  [LIVE] DTO→Raw #500 | id=xtream:live:797354 | title="DE: DAZN EVENT 26 HD" | sourceType=XTREAM | Fields: ✓[poster] ✗[year, plot, cast, director, backdrop, duration, tmdb]
2026-01-30 12:13:11.240 31051-31325 XtreamCatalogScanWorker com.fishit.player.v2                 D  PROGRESS discovered=500 persisted=0 phase=null
2026-01-30 12:13:11.240 31051-31325 SyncPerfMetrics         com.fishit.player.v2                 D  Phase LIVE started
2026-01-30 12:13:11.241 31051-31325 XtreamCatalogScanWorker com.fishit.player.v2                 D  PROGRESS discovered=500 persisted=0 phase=LIVE
2026-01-30 12:13:11.244 31051-31051 NxHomeContentRepo       com.fishit.player.v2                 I  🎬 getMoviesPagingData() CALLED - Creating Movies PagingSource
2026-01-30 12:13:11.248 31051-31051 NxHomeContentRepo       com.fishit.player.v2                 I  📺 getSeriesPagingData() CALLED - Creating Series PagingSource
2026-01-30 12:13:11.252 31051-31051 HomeViewModel           com.fishit.player.v2                 I  🏠 HomeViewModel INIT - Creating content flows and paging sources
2026-01-30 12:13:11.269 31051-593   XTC                     com.fishit.player.v2                 D  [LIVE] DTO→Raw #550 | id=xtream:live:744166 | title="DE: DYN SPORT 25" | sourceType=XTREAM | Fields: ✓[poster] ✗[year, plot, cast, director, backdrop, duration, tmdb]
2026-01-30 12:13:11.284 31051-593   XTC                     com.fishit.player.v2                 D  [LIVE] DTO→Raw #600 | id=xtream:live:121760 | title="DE: Spiegel TV Wissen RAW" | sourceType=XTREAM | Fields: ✓[poster] ✗[year, plot, cast, director, backdrop, duration, tmdb]
2026-01-30 12:13:11.288 31051-31325 SyncBatchManager        com.fishit.player.v2                 D  Flushing LIVE batch: 600 items (timeBased=false)
2026-01-30 12:13:11.288 31051-31325 CatalogSyncService      com.fishit.player.v2                 D  Persisting Xtream live batch (NX-ONLY): 600 items
2026-01-30 12:13:11.291 31051-31304 XtreamCatalogPipeline   com.fishit.player.v2                 D  [VOD] Starting parallel scan (streaming)...
2026-01-30 12:13:11.295 31051-31304 XtreamApiClient         com.fishit.player.v2                 D  buildPlayerApiUrl: action=get_vod_streams -> konigtv.com/player_api.php
2026-01-30 12:13:11.296 31051-31304 XtreamApiClient         com.fishit.player.v2                 D  streamFromUrl: CALLED for konigtv.com/player_api.php
2026-01-30 12:13:11.297 31051-593   XTC                     com.fishit.player.v2                 D  [LIVE] DTO→Raw #650 | id=xtream:live:48858 | title="DE: Sky Cinema Highlights FHD" | sourceType=XTREAM | Fields: ✓[poster] ✗[year, plot, cast, director, backdrop, duration, tmdb]
2026-01-30 12:13:11.388 31051-31051 NxHomeContentRepo       com.fishit.player.v2                 D  🎬 Movies PagingSource FACTORY invoked
2026-01-30 12:13:11.407 31051-31051 NxHomeContentRepo       com.fishit.player.v2                 D  📺 Series PagingSource FACTORY invoked
2026-01-30 12:13:11.885 31051-31051 WorkManage...teObserver com.fishit.player.v2                 I  Sync state: SUCCEEDED
2026-01-30 12:13:12.171 31051-623   TrafficStats            com.fishit.player.v2                 D  tagSocket(90) with statsTag=0xffffffff, statsUid=-1
2026-01-30 12:13:12.171 31051-622   TrafficStats            com.fishit.player.v2                 D  tagSocket(135) with statsTag=0xffffffff, statsUid=-1
2026-01-30 12:13:12.174 31051-624   TrafficStats            com.fishit.player.v2                 D  tagSocket(169) with statsTag=0xffffffff, statsUid=-1
2026-01-30 12:13:12.175 31051-723   TrafficStats            com.fishit.player.v2                 D  tagSocket(168) with statsTag=0xffffffff, statsUid=-1
2026-01-30 12:13:12.537 31051-31304 XtreamApiClient         com.fishit.player.v2                 D  StreamingFetch: Detected GZIP for konigtv.com/player_api.php (manual decompression)
2026-01-30 12:13:12.539 31051-31304 XtreamApiClient         com.fishit.player.v2                 D  StreamingFetch: Success for konigtv.com/player_api.php, streaming response
2026-01-30 12:13:12.540 31051-31304 XtreamApiClient         com.fishit.player.v2                 D  streamFromUrl: Starting StreamingJsonParser.streamInBatches() for konigtv.com/player_api.php
2026-01-30 12:13:12.589 31051-31304 XTC                     com.fishit.player.v2                 D  [VOD] DTO→Raw #1 | id=xtream:vod:804345 | title="Ella McCay | 2025 | 5.2" | sourceType=XTREAM | Fields: ✓[year=2025, poster] ✗[plot, cast, director, backdrop, duration, tmdb]
2026-01-30 12:13:13.284 31051-593   CatalogSyncBootstrap    com.fishit.player.v2                 I  Catalog sync bootstrap triggered; activeSources=[XTREAM]
2026-01-30 12:13:13.285 31051-593   CatalogSyncScheduler    com.fishit.player.v2                 D  Enqueueing AUTO sync
2026-01-30 12:13:13.286 31051-593   CatalogSyncScheduler    com.fishit.player.v2                 D  Scheduling periodic incremental sync every 2 hours
2026-01-30 12:13:13.289 31051-593   CatalogSyncScheduler    com.fishit.player.v2                 I  Periodic incremental sync scheduled: every 2 hours
2026-01-30 12:13:13.289 31051-593   CatalogSyncBootstrap    com.fishit.player.v2                 I  Periodic incremental sync scheduled: every 2h
2026-01-30 12:13:13.313 31051-31351 WM-SystemJobScheduler   com.fishit.player.v2                 D  Scheduling work ID 31bd38f7-acb6-4d69-b18e-eba73107dafbJob ID 3
2026-01-30 12:13:13.320 31051-31051 ViewRootIm...nActivity] com.fishit.player.v2                 I  ViewPostIme pointer 0
2026-01-30 12:13:13.326 31051-31351 WM-GreedyScheduler      com.fishit.player.v2                 D  Starting work for 31bd38f7-acb6-4d69-b18e-eba73107dafb
2026-01-30 12:13:13.330   925-925   audit                   auditd                               E  type=1400 audit(1769771593.324:34912): avc:  denied  { ioctl } for  pid=31051 comm="WM.task-2" path="/data/data/com.fishit.player.v2/no_backup/androidx.work.workdb" dev="dm-52" ino=2265389 ioctlcmd=0xf522 scontext=u:r:untrusted_app:s0:c197,c257,c512,c768 tcontext=u:object_r:app_data_file:s0:c197,c257,c512,c768 tclass=file permissive=0 SEPF_SM-G991B_12_0001 audit_filtered
2026-01-30 12:13:13.330   925-925   audit                   auditd                               E  type=1327 audit(1769771593.324:34912): proctitle="com.fishit.player.v2"
2026-01-30 12:13:13.330 31051-31051 WM-SystemJobService     com.fishit.player.v2                 D  onStartJob for WorkGenerationalId(workSpecId=31bd38f7-acb6-4d69-b18e-eba73107dafb, generation=0)
2026-01-30 12:13:13.368 31051-31351 WM-SystemJobScheduler   com.fishit.player.v2                 D  Scheduling work ID 7bf63f47-dd37-438c-9236-46ab7a412528Job ID 4
2026-01-30 12:13:13.372 31051-31351 WM-GreedyScheduler      com.fishit.player.v2                 D  Starting tracking for 7bf63f47-dd37-438c-9236-46ab7a412528
2026-01-30 12:13:13.377 31051-31051 WM-SystemJobService     com.fishit.player.v2                 D  onStartJob for WorkGenerationalId(workSpecId=7bf63f47-dd37-438c-9236-46ab7a412528, generation=0)
2026-01-30 12:13:13.377 31051-31351 WM-Processor            com.fishit.player.v2                 D  Processor: processing WorkGenerationalId(workSpecId=31bd38f7-acb6-4d69-b18e-eba73107dafb, generation=0)
2026-01-30 12:13:13.378 31051-31351 WM-Processor            com.fishit.player.v2                 D  Work WorkGenerationalId(workSpecId=31bd38f7-acb6-4d69-b18e-eba73107dafb, generation=0) is already enqueued for processing
2026-01-30 12:13:13.390 31051-31352 WM-Processor            com.fishit.player.v2                 D  Processor: processing WorkGenerationalId(workSpecId=7bf63f47-dd37-438c-9236-46ab7a412528, generation=0)
2026-01-30 12:13:13.397 31051-31351 WM-ConstraintTracker    com.fishit.player.v2                 D  BatteryNotLowTracker: initial state = true
2026-01-30 12:13:13.398 31051-31351 WM-BrdcstRcvrCnstrntTrc com.fishit.player.v2                 D  BatteryNotLowTracker: registering receiver
2026-01-30 12:13:13.399 31051-31051 WM-WorkerWrapper        com.fishit.player.v2                 D  Starting work for com.fishit.player.v2.work.CatalogSyncOrchestratorWorker
2026-01-30 12:13:13.400 31051-31304 CatalogSyn...atorWorker com.fishit.player.v2                 I  START sync_run_id=3e005d22-c511-4e56-b7bb-8106d8132222 mode=auto
2026-01-30 12:13:13.402 31051-31304 RuntimeGuards           com.fishit.player.v2                 D  Manual sync (auto) - skipping battery guard (level=61%)
2026-01-30 12:13:13.402 31051-31304 CatalogSyn...atorWorker com.fishit.player.v2                 I  Active sources check: [XTREAM] (isEmpty=false)
2026-01-30 12:13:13.402 31051-31304 CatalogSyn...atorWorker com.fishit.player.v2                 D  Active sources: [XTREAM] (TELEGRAM=false, XTREAM=true, IO=false)
2026-01-30 12:13:13.405 31051-31051 WM-WorkerWrapper        com.fishit.player.v2                 D  Starting work for com.fishit.player.v2.work.CatalogSyncOrchestratorWorker
2026-01-30 12:13:13.406 31051-31304 CatalogSyn...atorWorker com.fishit.player.v2                 D  Enqueued Xtream chain: work_name=catalog_sync_global_xtream policy=KEEP workers=2
2026-01-30 12:13:13.406 31051-31308 CatalogSyn...atorWorker com.fishit.player.v2                 I  START sync_run_id=periodic_1769771593287 mode=incremental
2026-01-30 12:13:13.406 31051-31304 CatalogSyn...atorWorker com.fishit.player.v2                 D  Telegram not in active sources - skipping Telegram workers
2026-01-30 12:13:13.407 31051-31304 CatalogSyn...atorWorker com.fishit.player.v2                 D  📊 WorkInfo chains enqueued:
                                                                                                      [XTREAM] work_name=catalog_sync_global_xtream → ENQUEUED
                                                                                                      Use 'adb shell dumpsys jobscheduler' or WorkManager Inspector for detailed state
2026-01-30 12:13:13.408 31051-31304 CatalogSyn...atorWorker com.fishit.player.v2                 I  CHAINS_ENQUEUED duration_ms=8 policy=KEEP sources=XTREAM (downstream workers will report completion)
2026-01-30 12:13:13.409 31051-31308 RuntimeGuards           com.fishit.player.v2                 D  Manual sync (incremental) - skipping battery guard (level=61%)
2026-01-30 12:13:13.410 31051-31308 CatalogSyn...atorWorker com.fishit.player.v2                 I  Active sources check: [XTREAM] (isEmpty=false)
2026-01-30 12:13:13.411 31051-31351 WM-ConstraintTracker    com.fishit.player.v2                 D  NetworkStateTracker24: initial state = NetworkState(isConnected=true, isValidated=true, isMetered=true, isNotRoaming=true)
2026-01-30 12:13:13.411 31051-31351 WM-NetworkStateTracker  com.fishit.player.v2                 D  Registering network callback
2026-01-30 12:13:13.411 31051-31308 CatalogSyn...atorWorker com.fishit.player.v2                 D  Active sources: [XTREAM] (TELEGRAM=false, XTREAM=true, IO=false)
2026-01-30 12:13:13.412 31051-31308 CatalogSyn...atorWorker com.fishit.player.v2                 D  Enqueued Xtream chain: work_name=catalog_sync_global_xtream policy=KEEP workers=2
2026-01-30 12:13:13.413 31051-31308 CatalogSyn...atorWorker com.fishit.player.v2                 D  Telegram not in active sources - skipping Telegram workers
2026-01-30 12:13:13.413 31051-31351 ConnectivityManager     com.fishit.player.v2                 D  StackLog: [android.net.ConnectivityManager.sendRequestForNetwork(ConnectivityManager.java:4402)] [android.net.ConnectivityManager.registerDefaultNetworkCallbackForUid(ConnectivityManager.java:4966)] [android.net.ConnectivityManager.registerDefaultNetworkCallback(ConnectivityManager.java:4933)] [android.net.ConnectivityManager.registerDefaultNetworkCallback(ConnectivityManager.java:4907)] [androidx.work.impl.utils.NetworkApi24.registerDefaultNetworkCallbackCompat(NetworkApi24.kt:26)] [androidx.work.impl.constraints.trackers.NetworkStateTracker24.startTracking(NetworkStateTracker.kt:165)] [androidx.work.impl.constraints.trackers.ConstraintTracker.addListener(ConstraintTracker.kt:52)] [androidx.work.impl.constraints.controllers.BaseConstraintController$track$1.invokeSuspend(ContraintControllers.kt:62)] [androidx.work.impl.constraints.controllers.BaseConstraintController$track$1.invoke(Unknown Source:8)] [androidx.work.impl.constraints.controllers.BaseConstraintController$track$1.invoke(Unknown Source:4)] [kotlinx.coroutines.flow.ChannelFlowBuilder.collectTo$suspendImpl(Builders.kt:316)] [kotlinx.coroutines.flow.ChannelFlowBuilder.collectTo(Unknown Source:0)] [kotlinx.coroutines.flow.CallbackFlowBuilder.collectTo(Builders.kt:330)] [kotlinx.coroutines.flow.internal.ChannelFlow$collectToFun$1.invokeSuspend(ChannelFlow.kt:56)] [kotlin.coroutines.jvm.internal.BaseContinuationImpl.resumeWith(ContinuationImpl.kt:34)] [kotlinx.coroutines.DispatchedTask.run(DispatchedTask.kt:100)] [androidx.work.impl.utils.SerialExecutorImpl$Task.run(SerialExecutorImpl.java:96)] [java.util.concurrent.ThreadPoolExecutor.runWorker(ThreadPoolExecutor.java:1145)] [java.util.concurrent.ThreadPoolExecutor$Worker.run(ThreadPoolExecutor.java:644)] [java.lang.Thread.run(Thread.java:1012)]
2026-01-30 12:13:13.413 31051-31308 CatalogSyn...atorWorker com.fishit.player.v2                 D  📊 WorkInfo chains enqueued:
                                                                                                      [XTREAM] work_name=catalog_sync_global_xtream → ENQUEUED
                                                                                                      Use 'adb shell dumpsys jobscheduler' or WorkManager Inspector for detailed state
2026-01-30 12:13:13.413 31051-31308 CatalogSyn...atorWorker com.fishit.player.v2                 I  CHAINS_ENQUEUED duration_ms=7 policy=KEEP sources=XTREAM (downstream workers will report completion)
2026-01-30 12:13:13.419 31051-727   WM-NetworkStateTracker  com.fishit.player.v2                 D  Network capabilities changed: [ Transports: CELLULAR Capabilities: SUPL&INTERNET&NOT_RESTRICTED&TRUSTED&NOT_VPN&VALIDATED&NOT_ROAMING&FOREGROUND&NOT_CONGESTED&NOT_SUSPENDED&NOT_VCN_MANAGED LinkUpBandwidth>=38374Kbps LinkDnBandwidth>=60620Kbps Specifier: <TelephonyNetworkSpecifier [mSubId = 1]> SubscriptionIds: {1} UnderlyingNetworks: Null]
2026-01-30 12:13:13.422 31051-31351 WM-EnqueueRunnable      com.fishit.player.v2                 E  Prerequisite 7c277e96-8458-4502-8458-3cfa55625e65 doesn't exist; not enqueuing
2026-01-30 12:13:13.423 31051-31351 WM-EnqueueRunnable      com.fishit.player.v2                 E  Prerequisite 2072fe78-61f6-4a76-b498-9b6fdbe1aed3 doesn't exist; not enqueuing
2026-01-30 12:13:13.424 31051-31351 WM-GreedyScheduler      com.fishit.player.v2                 D  Constraints met: Scheduling work ID WorkGenerationalId(workSpecId=7bf63f47-dd37-438c-9236-46ab7a412528, generation=0)
2026-01-30 12:13:13.425 31051-31351 WM-WorkerWrapper        com.fishit.player.v2                 I  Worker result SUCCESS for Work [ id=31bd38f7-acb6-4d69-b18e-eba73107dafb, tags={ com.fishit.player.v2.work.CatalogSyncOrchestratorWorker,catalog_sync,mode_auto,worker/CatalogSyncOrchestratorWorker } ]
2026-01-30 12:13:13.431 31051-31351 WM-WorkerWrapper        com.fishit.player.v2                 I  Worker result SUCCESS for Work [ id=7bf63f47-dd37-438c-9236-46ab7a412528, tags={ com.fishit.player.v2.work.CatalogSyncOrchestratorWorker,catalog_sync,mode_incremental,worker/CatalogSyncOrchestratorWorker } ]
2026-01-30 12:13:13.436 31051-31351 WM-Processor            com.fishit.player.v2                 D  Work WorkGenerationalId(workSpecId=7bf63f47-dd37-438c-9236-46ab7a412528, generation=0) is already enqueued for processing
2026-01-30 12:13:13.440 31051-31051 WorkManage...teObserver com.fishit.player.v2                 D  Sync state: ENQUEUED | id=31bd38f7 | attempts=0 | tags=[catalog_sync, worker/CatalogSyncOrchestratorWorker, com.fishit.player.v2.work.CatalogSyncOrchestratorWorker, mode_auto]
2026-01-30 12:13:13.450 31051-31051 WM-Processor            com.fishit.player.v2                 D  Processor 31bd38f7-acb6-4d69-b18e-eba73107dafb executed; reschedule = false
2026-01-30 12:13:13.450 31051-31051 WM-SystemJobService     com.fishit.player.v2                 D  31bd38f7-acb6-4d69-b18e-eba73107dafb executed on JobScheduler
2026-01-30 12:13:13.453 31051-31351 WM-GreedyScheduler      com.fishit.player.v2                 D  Cancelling work ID 31bd38f7-acb6-4d69-b18e-eba73107dafb
2026-01-30 12:13:13.461 31051-31351 WM-SystemJobScheduler   com.fishit.player.v2                 D  Scheduling work ID 7bf63f47-dd37-438c-9236-46ab7a412528Job ID 4
2026-01-30 12:13:13.485 31051-31051 WM-Processor            com.fishit.player.v2                 D  Processor 7bf63f47-dd37-438c-9236-46ab7a412528 executed; reschedule = false
2026-01-30 12:13:13.485 31051-31051 WM-GreedyScheduler      com.fishit.player.v2                 D  Stopping tracking for WorkGenerationalId(workSpecId=7bf63f47-dd37-438c-9236-46ab7a412528, generation=0)
2026-01-30 12:13:13.485 31051-31051 WM-SystemJobService     com.fishit.player.v2                 D  7bf63f47-dd37-438c-9236-46ab7a412528 executed on JobScheduler
2026-01-30 12:13:13.486 31051-31051 WorkManage...teObserver com.fishit.player.v2                 I  Sync state: SUCCEEDED
2026-01-30 12:13:13.489 31051-31051 WM-SystemJobService     com.fishit.player.v2                 D  onStopJob for WorkGenerationalId(workSpecId=31bd38f7-acb6-4d69-b18e-eba73107dafb, generation=0)
2026-01-30 12:13:13.491 31051-31353 WM-GreedyScheduler      com.fishit.player.v2                 D  Cancelling work ID 7bf63f47-dd37-438c-9236-46ab7a412528
2026-01-30 12:13:13.491 31051-31051 WM-SystemJobService     com.fishit.player.v2                 D  onStopJob for WorkGenerationalId(workSpecId=7bf63f47-dd37-438c-9236-46ab7a412528, generation=0)
2026-01-30 12:13:13.496 31051-31353 WM-BrdcstRcvrCnstrntTrc com.fishit.player.v2                 D  BatteryNotLowTracker: unregistering receiver
2026-01-30 12:13:13.497 31051-31051 ViewRootIm...nActivity] com.fishit.player.v2                 I  ViewPostIme pointer 1
2026-01-30 12:13:13.500 31051-31352 WM-NetworkStateTracker  com.fishit.player.v2                 D  Unregistering network callback
2026-01-30 12:13:13.500 31051-31352 ConnectivityManager     com.fishit.player.v2                 D  StackLog: [android.net.ConnectivityManager.unregisterNetworkCallback(ConnectivityManager.java:5076)] [androidx.work.impl.utils.NetworkApi21.unregisterNetworkCallbackCompat(NetworkApi21.kt:28)] [androidx.work.impl.constraints.trackers.NetworkStateTracker24.stopTracking(NetworkStateTracker.kt:180)] [androidx.work.impl.constraints.trackers.ConstraintTracker.removeListener(ConstraintTracker.kt:67)] [androidx.work.impl.constraints.controllers.BaseConstraintController$track$1$1.invoke(ContraintControllers.kt:63)] [androidx.work.impl.constraints.controllers.BaseConstraintController$track$1$1.invoke(ContraintControllers.kt:63)] [kotlinx.coroutines.channels.ProduceKt.awaitClose(Produce.kt:69)] [kotlinx.coroutines.channels.ProduceKt$awaitClose$1.invokeSuspend(Unknown Source:13)] [kotlin.coroutines.jvm.internal.BaseContinuationImpl.resumeWith(ContinuationImpl.kt:34)] [kotlinx.coroutines.DispatchedTask.run(DispatchedTask.kt:98)] [androidx.work.impl.utils.SerialExecutorImpl$Task.run(SerialExecutorImpl.java:96)] [java.util.concurrent.ThreadPoolExecutor.runWorker(ThreadPoolExecutor.java:1145)] [java.util.concurrent.ThreadPoolExecutor$Worker.run(ThreadPoolExecutor.java:644)] [java.lang.Thread.run(Thread.java:1012)]
2026-01-30 12:13:14.421 31051-31051 ViewRootIm...nActivity] com.fishit.player.v2                 I  ViewPostIme pointer 0
2026-01-30 12:13:14.573 31051-31051 ViewRootIm...nActivity] com.fishit.player.v2                 I  ViewPostIme pointer 1
2026-01-30 12:13:14.829 31051-31051 ViewRootIm...nActivity] com.fishit.player.v2                 I  ViewPostIme pointer 0
2026-01-30 12:13:15.039 31051-31051 ViewRootIm...nActivity] com.fishit.player.v2                 I  ViewPostIme pointer 1
2026-01-30 12:13:15.347 31051-31051 ViewRootIm...nActivity] com.fishit.player.v2                 I  ViewPostIme pointer 0
2026-01-30 12:13:15.429 31051-593   CatalogSyncService      com.fishit.player.v2                 D  Xtream live batch complete (NX): ingested=600 total_ms=4141
2026-01-30 12:13:15.430 31051-593   XtreamCatalogScanWorker com.fishit.player.v2                 D  PROGRESS discovered=600 persisted=600 phase=null
2026-01-30 12:13:15.435 31051-593   XtreamCatalogScanWorker com.fishit.player.v2                 D  PROGRESS discovered=700 persisted=600 phase=null
2026-01-30 12:13:15.444 31051-31330 XTC                     com.fishit.player.v2                 D  [LIVE] DTO→Raw #700 | id=xtream:live:733471 | title="DE: 2 BROKE GIRLS" | sourceType=XTREAM | Fields: ✓[poster] ✗[year, plot, cast, director, backdrop, duration, tmdb]
2026-01-30 12:13:15.455 31051-31330 XTC                     com.fishit.player.v2                 D  [LIVE] DTO→Raw #750 | id=xtream:live:749839 | title="DE: EDGAR WALLACE MIX" | sourceType=XTREAM | Fields: ✓[poster] ✗[year, plot, cast, director, backdrop, duration, tmdb]
2026-01-30 12:13:15.458 31051-31297 XtreamCatalogScanWorker com.fishit.player.v2                 D  PROGRESS discovered=800 persisted=600 phase=null
2026-01-30 12:13:15.460 31051-31304 XTC                     com.fishit.player.v2                 D  [VOD] DTO→Raw #50 | id=xtream:vod:801981 | title="Anaconda | 2025 | 6.7" | sourceType=XTREAM | Fields: ✓[year=2025, poster] ✗[plot, cast, director, backdrop, duration, tmdb]
2026-01-30 12:13:15.465 31051-31080 ishit.player.v2         com.fishit.player.v2                 I  Compiler allocated 7198KB to compile void android.view.ViewRootImpl.performTraversals()
2026-01-30 12:13:15.469 31051-31304 XTC                     com.fishit.player.v2                 D  [VOD] DTO→Raw #100 | id=xtream:vod:800634 | title="Whiteout - Überleben ist alles | 2025 | " | sourceType=XTREAM | Fields: ✓[year=2025, poster] ✗[plot, cast, director, backdrop, duration, tmdb]
2026-01-30 12:13:15.473 31051-31330 XTC                     com.fishit.player.v2                 D  [LIVE] DTO→Raw #800 | id=xtream:live:729970 | title="DE: POLICE ACADEMY" | sourceType=XTREAM | Fields: ✓[poster] ✗[year, plot, cast, director, backdrop, duration, tmdb]
2026-01-30 12:13:15.480 31051-31297 XtreamCatalogScanWorker com.fishit.player.v2                 D  PROGRESS discovered=900 persisted=600 phase=null
2026-01-30 12:13:15.484 31051-31304 XTC                     com.fishit.player.v2                 D  [VOD] DTO→Raw #150 | id=xtream:vod:798830 | title="825 Forest Road | 2025 | 5.9 |" | sourceType=XTREAM | Fields: ✓[year=2025, poster] ✗[plot, cast, director, backdrop, duration, tmdb]
2026-01-30 12:13:15.488 31051-31297 XtreamCatalogScanWorker com.fishit.player.v2                 D  PROGRESS discovered=1000 persisted=600 phase=null
2026-01-30 12:13:15.493 31051-31304 XTC                     com.fishit.player.v2                 D  [VOD] DTO→Raw #200 | id=xtream:vod:797304 | title="Frankenstein | 2025 | 7.9 |" | sourceType=XTREAM | Fields: ✓[year=2025, poster] ✗[plot, cast, director, backdrop, duration, tmdb]
2026-01-30 12:13:15.498 31051-31331 XTC                     com.fishit.player.v2                 D  [LIVE] DTO→Raw #850 | id=xtream:live:140923 | title="DE: X-Men HD 24/7" | sourceType=XTREAM | Fields: ✓[poster] ✗[year, plot, cast, director, backdrop, duration, tmdb]
2026-01-30 12:13:15.501 31051-31326 XtreamCatalogScanWorker com.fishit.player.v2                 D  PROGRESS discovered=1100 persisted=600 phase=null
2026-01-30 12:13:15.502 31051-31304 XTC                     com.fishit.player.v2                 D  [VOD] DTO→Raw #250 | id=xtream:vod:794087 | title="Jenseits der blauen Grenze | 2024 | 6.4 " | sourceType=XTREAM | Fields: ✓[year=2024, poster] ✗[plot, cast, director, backdrop, duration, tmdb]
2026-01-30 12:13:15.510 31051-31304 XTC                     com.fishit.player.v2                 D  [VOD] DTO→Raw #300 | id=xtream:vod:791360 | title="All of You | 2025 | 6.5 |" | sourceType=XTREAM | Fields: ✓[year=2025, poster] ✗[plot, cast, director, backdrop, duration, tmdb]
2026-01-30 12:13:15.515 31051-31326 XtreamCatalogScanWorker com.fishit.player.v2                 D  PROGRESS discovered=1200 persisted=600 phase=null
2026-01-30 12:13:15.517 31051-31331 XTC                     com.fishit.player.v2                 D  [LIVE] DTO→Raw #900 | id=xtream:live:364840 | title="DE: TOM HARDY - 24/7" | sourceType=XTREAM | Fields: ✓[poster] ✗[year, plot, cast, director, backdrop, duration, tmdb]
2026-01-30 12:13:15.523 31051-31304 XTC                     com.fishit.player.v2                 D  [VOD] DTO→Raw #350 | id=xtream:vod:788976 | title="Was ist Liebe wert - Materialists | 2025" | sourceType=XTREAM | Fields: ✓[year=2025, poster] ✗[plot, cast, director, backdrop, duration, tmdb]
2026-01-30 12:13:15.528 31051-31297 XtreamCatalogScanWorker com.fishit.player.v2                 D  PROGRESS discovered=1300 persisted=600 phase=null
2026-01-30 12:13:15.531 31051-31304 XTC                     com.fishit.player.v2                 D  [VOD] DTO→Raw #400 | id=xtream:vod:786362 | title="Checkmates - Ziemlich schräge Figuren | " | sourceType=XTREAM | Fields: ✓[year=2024, poster] ✗[plot, cast, director, backdrop, duration, tmdb]
2026-01-30 12:13:15.532 31051-31330 SyncBatchManager        com.fishit.player.v2                 D  Flushing MOVIES batch: 400 items (timeBased=false)
2026-01-30 12:13:15.532 31051-31330 CatalogSyncService      com.fishit.player.v2                 D  Persisting Xtream catalog batch (NX-ONLY): 400 items (canonical_linking=false)
2026-01-30 12:13:15.533 31051-31051 ViewRootIm...nActivity] com.fishit.player.v2                 I  ViewPostIme pointer 1
2026-01-30 12:13:15.535 31051-31331 XTC                     com.fishit.player.v2                 D  [LIVE] DTO→Raw #950 | id=xtream:live:140794 | title="DE: See - Reich der Blinden - Premium 24" | sourceType=XTREAM | Fields: ✓[poster] ✗[year, plot, cast, director, backdrop, duration, tmdb]
2026-01-30 12:13:15.609 31051-31297 SyncBatchManager        com.fishit.player.v2                 D  Time-based flush for LIVE: 339 items after 4321ms
2026-01-30 12:13:15.609 31051-31297 SyncBatchManager        com.fishit.player.v2                 D  Flushing LIVE batch: 339 items (timeBased=true)
2026-01-30 12:13:15.609 31051-31297 CatalogSyncService      com.fishit.player.v2                 D  Persisting Xtream live batch (NX-ONLY): 339 items
2026-01-30 12:13:16.888 31051-31081 ishit.player.v2         com.fishit.player.v2                 I  Background concurrent copying GC freed 738940(31MB) AllocSpace objects, 0(0B) LOS objects, 42% free, 32MB/56MB, paused 207us,62us total 199.255ms
2026-01-30 12:13:18.483 31051-31304 CatalogSyncService      com.fishit.player.v2                 D  Xtream live batch complete (NX): ingested=339 total_ms=2874
2026-01-30 12:13:18.484 31051-31304 CatalogSyncService      com.fishit.player.v2                 D  Time-based flush LIVE: 339 items in 2874ms
2026-01-30 12:13:18.719 31051-31325 CatalogSyncService      com.fishit.player.v2                 D  Xtream batch complete (HOT PATH/NX): ingested=400 total_ms=3187
2026-01-30 12:13:18.722 31051-31325 XtreamCatalogScanWorker com.fishit.player.v2                 D  PROGRESS discovered=1400 persisted=1339 phase=null
2026-01-30 12:13:18.725 31051-31325 XTC                     com.fishit.player.v2                 D  [VOD] DTO→Raw #450 | id=xtream:vod:783657 | title="The Ballad of Wallis Island | 2025 | 7.0" | sourceType=XTREAM | Fields: ✓[year=2025, poster] ✗[plot, cast, director, backdrop, duration, tmdb]
2026-01-30 12:13:18.732 31051-31297 XTC                     com.fishit.player.v2                 D  [LIVE] DTO→Raw #1000 | id=xtream:live:143675 | title="DE: Bad Blood 24/7" | sourceType=XTREAM | Fields: ✓[poster] ✗[year, plot, cast, director, backdrop, duration, tmdb]
2026-01-30 12:13:18.734 31051-663   XtreamCatalogScanWorker com.fishit.player.v2                 D  PROGRESS discovered=1488 persisted=1339 phase=LIVE
2026-01-30 12:13:18.739 31051-31325 XTC                     com.fishit.player.v2                 D  [VOD] DTO→Raw #500 | id=xtream:vod:780844 | title="Shadow of God | 2025 | 5.0 |" | sourceType=XTREAM | Fields: ✓[year=2025, poster] ✗[plot, cast, director, backdrop, duration, tmdb]
2026-01-30 12:13:18.739 31051-663   XtreamCatalogScanWorker com.fishit.player.v2                 D  PROGRESS discovered=1500 persisted=1339 phase=null
2026-01-30 12:13:18.740 31051-663   SyncPerfMetrics         com.fishit.player.v2                 D  Phase MOVIES started
2026-01-30 12:13:18.740 31051-663   XtreamCatalogScanWorker com.fishit.player.v2                 D  PROGRESS discovered=1500 persisted=1339 phase=VOD
2026-01-30 12:13:18.769 31051-31297 XTC                     com.fishit.player.v2                 D  [LIVE] DTO→Raw #1050 | id=xtream:live:364966 | title="DE: SCRUBS 24/7" | sourceType=XTREAM | Fields: ✓[poster] ✗[year, plot, cast, director, backdrop, duration, tmdb]
2026-01-30 12:13:18.781 31051-663   XtreamCatalogScanWorker com.fishit.player.v2                 D  PROGRESS discovered=1600 persisted=1339 phase=null
2026-01-30 12:13:18.785 31051-31297 XTC                     com.fishit.player.v2                 D  [LIVE] DTO→Raw #1100 | id=xtream:live:102696 | title="DE: Vera Marvel 5" | sourceType=XTREAM | Fields: ✓[poster] ✗[year, plot, cast, director, backdrop, duration, tmdb]
2026-01-30 12:13:18.789 31051-31325 XTC                     com.fishit.player.v2                 D  [VOD] DTO→Raw #550 | id=xtream:vod:779064 | title="Escape - Der unsichtbare Feind | 2024 | " | sourceType=XTREAM | Fields: ✓[year=2024, poster] ✗[plot, cast, director, backdrop, duration, tmdb]
2026-01-30 12:13:18.793 31051-31326 XtreamCatalogScanWorker com.fishit.player.v2                 D  PROGRESS discovered=1700 persisted=1339 phase=null
2026-01-30 12:13:18.797 31051-31325 XTC                     com.fishit.player.v2                 D  [VOD] DTO→Raw #600 | id=xtream:vod:776412 | title="WWE WrestleMania 41: Sunday | 2025 | 6.1" | sourceType=XTREAM | Fields: ✓[year=2025, poster] ✗[plot, cast, director, backdrop, duration, tmdb]
2026-01-30 12:13:18.800 31051-31297 XTC                     com.fishit.player.v2                 D  [LIVE] DTO→Raw #1150 | id=xtream:live:150141 | title="DE-SELECT: 2 - ANEMONE" | sourceType=XTREAM | Fields: ✓[poster] ✗[year, plot, cast, director, backdrop, duration, tmdb]
2026-01-30 12:13:18.804 31051-31330 XtreamCatalogScanWorker com.fishit.player.v2                 D  PROGRESS discovered=1800 persisted=1339 phase=null
2026-01-30 12:13:18.806 31051-31325 XTC                     com.fishit.player.v2                 D  [VOD] DTO→Raw #650 | id=xtream:vod:773840 | title="Vena | 2024 | 7.7 |" | sourceType=XTREAM | Fields: ✓[year=2024, poster] ✗[plot, cast, director, backdrop, duration, tmdb]
2026-01-30 12:13:18.814 31051-31325 XTC                     com.fishit.player.v2                 D  [VOD] DTO→Raw #700 | id=xtream:vod:771263 | title="Old Guy - Alter Hund mit neuen Tricks | " | sourceType=XTREAM | Fields: ✓[year=2024, poster] ✗[plot, cast, director, backdrop, duration, tmdb]
2026-01-30 12:13:18.815 31051-31297 XTC                     com.fishit.player.v2                 D  [LIVE] DTO→Raw #1200 | id=xtream:live:376376 | title="DE: One Piece - 5 Premium 24/7" | sourceType=XTREAM | Fields: ✓[poster] ✗[year, plot, cast, director, backdrop, duration, tmdb]
2026-01-30 12:13:18.816 31051-31326 XtreamCatalogScanWorker com.fishit.player.v2                 D  PROGRESS discovered=1900 persisted=1339 phase=null
2026-01-30 12:13:18.821 31051-31325 XTC                     com.fishit.player.v2                 D  [VOD] DTO→Raw #750 | id=xtream:vod:767670 | title="We Live in Time | 2024 | 7.5 |" | sourceType=XTREAM | Fields: ✓[year=2024, poster] ✗[plot, cast, director, backdrop, duration, tmdb]
2026-01-30 12:13:18.825 31051-31326 XtreamCatalogScanWorker com.fishit.player.v2                 D  PROGRESS discovered=2000 persisted=1339 phase=null
2026-01-30 12:13:18.829 31051-31325 XTC                     com.fishit.player.v2                 D  [VOD] DTO→Raw #800 | id=xtream:vod:765621 | title="The Killer | 2024 | 6.4 |" | sourceType=XTREAM | Fields: ✓[year=2024, poster] ✗[plot, cast, director, backdrop, duration, tmdb]
2026-01-30 12:13:18.830 31051-31297 XTC                     com.fishit.player.v2                 D  [LIVE] DTO→Raw #1250 | id=xtream:live:360770 | title="DE: Wickie und die starken Maenner 2 - 2" | sourceType=XTREAM | Fields: ✓[poster] ✗[year, plot, cast, director, backdrop, duration, tmdb]
2026-01-30 12:13:18.834 31051-31297 SyncBatchManager        com.fishit.player.v2                 D  Flushing MOVIES batch: 400 items (timeBased=false)
2026-01-30 12:13:18.834 31051-31297 CatalogSyncService      com.fishit.player.v2                 D  Persisting Xtream catalog batch (NX-ONLY): 400 items (canonical_linking=false)
2026-01-30 12:13:18.885 31051-663   SyncBatchManager        com.fishit.player.v2                 D  Time-based flush for LIVE: 308 items after 3276ms
2026-01-30 12:13:18.885 31051-663   SyncBatchManager        com.fishit.player.v2                 D  Flushing LIVE batch: 308 items (timeBased=true)
2026-01-30 12:13:18.886 31051-663   CatalogSyncService      com.fishit.player.v2                 D  Persisting Xtream live batch (NX-ONLY): 308 items
2026-01-30 12:13:23.220 31051-31297 CatalogSyncService      com.fishit.player.v2                 D  Xtream live batch complete (NX): ingested=308 total_ms=4335
2026-01-30 12:13:23.220 31051-31297 CatalogSyncService      com.fishit.player.v2                 D  Time-based flush LIVE: 308 items in 4335ms
2026-01-30 12:13:23.702 31051-31297 CatalogSyncService      com.fishit.player.v2                 D  Xtream batch complete (HOT PATH/NX): ingested=400 total_ms=4868
2026-01-30 12:13:23.704 31051-31325 XTC                     com.fishit.player.v2                 D  [VOD] DTO→Raw #850 | id=xtream:vod:763435 | title="Escape: Flucht in die Freiheit | 2024 | " | sourceType=XTREAM | Fields: ✓[year=2024, poster] ✗[plot, cast, director, backdrop, duration, tmdb]
2026-01-30 12:13:23.705 31051-31297 XtreamCatalogScanWorker com.fishit.player.v2                 D  PROGRESS discovered=2100 persisted=2047 phase=null
2026-01-30 12:13:23.710 31051-31325 XTC                     com.fishit.player.v2                 D  [VOD] DTO→Raw #900 | id=xtream:vod:761313 | title="Blitz | 2024 | 5.2 |" | sourceType=XTREAM | Fields: ✓[year=2024, poster] ✗[plot, cast, director, backdrop, duration, tmdb]
2026-01-30 12:13:23.716 31051-31330 XtreamCatalogScanWorker com.fishit.player.v2                 D  PROGRESS discovered=2200 persisted=2047 phase=null
2026-01-30 12:13:23.716 31051-594   XTC                     com.fishit.player.v2                 D  [VOD] DTO→Raw #950 | id=xtream:vod:756534 | title="Libre | 2024 | 5.9 |" | sourceType=XTREAM | Fields: ✓[year=2024, poster] ✗[plot, cast, director, backdrop, duration, tmdb]
2026-01-30 12:13:23.720 31051-31325 XTC                     com.fishit.player.v2                 D  [LIVE] DTO→Raw #1300 | id=xtream:live:769591 | title="Black Visionaries" | sourceType=XTREAM | Fields: ✓[poster] ✗[year, plot, cast, director, backdrop, duration, tmdb]
2026-01-30 12:13:23.724 31051-31297 XtreamCatalogScanWorker com.fishit.player.v2                 D  PROGRESS discovered=2300 persisted=2047 phase=null
2026-01-30 12:13:23.728 31051-594   XTC                     com.fishit.player.v2                 D  [VOD] DTO→Raw #1000 | id=xtream:vod:755046 | title="Arcadian | 2024 | 6.0 |" | sourceType=XTREAM | Fields: ✓[year=2024, poster] ✗[plot, cast, director, backdrop, duration, tmdb]
2026-01-30 12:13:23.729 31051-31330 XtreamCatalogScanWorker com.fishit.player.v2                 D  PROGRESS discovered=2332 persisted=2047 phase=VOD
2026-01-30 12:13:23.733 31051-31325 XTC                     com.fishit.player.v2                 D  [LIVE] DTO→Raw #1350 | id=xtream:live:769641 | title="Perry Mason" | sourceType=XTREAM | Fields: ✓[poster] ✗[year, plot, cast, director, backdrop, duration, tmdb]
2026-01-30 12:13:23.750 31051-31325 XTC                     com.fishit.player.v2                 D  [LIVE] DTO→Raw #1400 | id=xtream:live:769691 | title="Dateline 24/7" | sourceType=XTREAM | Fields: ✓[poster] ✗[year, plot, cast, director, backdrop, duration, tmdb]
2026-01-30 12:13:23.750 31051-31330 XtreamCatalogScanWorker com.fishit.player.v2                 D  PROGRESS discovered=2400 persisted=2047 phase=null
2026-01-30 12:13:23.765 31051-31325 XTC                     com.fishit.player.v2                 D  [LIVE] DTO→Raw #1450 | id=xtream:live:769741 | title="Top Chef Vault" | sourceType=XTREAM | Fields: ✓[poster] ✗[year, plot, cast, director, backdrop, duration, tmdb]
2026-01-30 12:13:23.775 31051-594   XTC                     com.fishit.player.v2                 D  [VOD] DTO→Raw #1050 | id=xtream:vod:753417 | title="The Crow | 2024 | 5.3 |" | sourceType=XTREAM | Fields: ✓[year=2024, poster] ✗[plot, cast, director, backdrop, duration, tmdb]
2026-01-30 12:13:23.777 31051-31297 XtreamCatalogScanWorker com.fishit.player.v2                 D  PROGRESS discovered=2500 persisted=2047 phase=null
2026-01-30 12:13:23.779 31051-31325 XTC                     com.fishit.player.v2                 D  [LIVE] DTO→Raw #1500 | id=xtream:live:769791 | title="CBS News Chicago" | sourceType=XTREAM | Fields: ✓[poster] ✗[year, plot, cast, director, backdrop, duration, tmdb]
2026-01-30 12:13:23.781 31051-31297 SyncPerfMetrics         com.fishit.player.v2                 D  Phase LIVE started
2026-01-30 12:13:23.781 31051-31297 XtreamCatalogScanWorker com.fishit.player.v2                 D  PROGRESS discovered=2576 persisted=2047 phase=LIVE
2026-01-30 12:13:23.782 31051-594   XTC                     com.fishit.player.v2                 D  [VOD] DTO→Raw #1100 | id=xtream:vod:751157 | title="The Good Half | 2024 | 5.3 |" | sourceType=XTREAM | Fields: ✓[year=2024, poster] ✗[plot, cast, director, backdrop, duration, tmdb]
2026-01-30 12:13:23.782 31051-31297 XtreamCatalogScanWorker com.fishit.player.v2                 D  PROGRESS discovered=2600 persisted=2047 phase=null
