2026-01-30 15:37:24.767 17893-18876 CatalogSyncService      com.fishit.player.v2                 D  Xtream batch complete (NX): ingested=100 ingest_ms=149 total_ms=150
2026-01-30 15:37:24.769 17893-18876 CatalogSyncService      com.fishit.player.v2                 D  Persisting Xtream catalog batch (NX-ONLY): 100 items (canonical_linking=true)
2026-01-30 15:37:24.770 17893-18146 XtreamCatalogScanWorker com.fishit.player.v2                 D  PROGRESS discovered=8010 persisted=7500 phase=N/A
2026-01-30 15:37:24.772 17893-18086 XTC                     com.fishit.player.v2                 D  [SERIES] DTO→Raw #2200 | id=xtream:series:5481 | title="XO, Kitty" | sourceType=XTREAM | Fields: ✓[plot(164c), cast, poster, duration=1800000ms] ✗[year, director, backdrop, tmdb]
2026-01-30 15:37:24.773 17893-18085 XTC                     com.fishit.player.v2                 D  [VOD] DTO→Raw #2900 | id=xtream:vod:388870 | title="Lointain (2021)" | sourceType=XTREAM | Fields: ✓[year=2021, poster] ✗[plot, cast, director, backdrop, duration, tmdb]
2026-01-30 15:37:24.832 17893-18876 NxCatalogWriter         com.fishit.player.v2                 D  📥 OPTIMIZED ingestBatch START: 100 items
2026-01-30 15:37:24.857 17893-18149 NxCatalogWriter         com.fishit.player.v2                 D  ✅ OPTIMIZED ingestBatch COMPLETE: 100 items | persist_ms=141 total_ms=160 (625 items/sec)
2026-01-30 15:37:24.858 17893-18880 CatalogSyncService      com.fishit.player.v2                 W  Xtream batch (NX): ingested=100 failed=0 hint_warnings=20 ingest_ms=187 total_ms=188
2026-01-30 15:37:24.858 17893-18880 CatalogSyncService      com.fishit.player.v2                 D  Consumer#1: 25 batches, 7600 total items
2026-01-30 15:37:24.865 17893-18880 CatalogSyncService      com.fishit.player.v2                 D  Persisting Xtream catalog batch (NX-ONLY): 100 items (canonical_linking=true)
2026-01-30 15:37:24.885 17893-18085 XTC                     com.fishit.player.v2                 D  [LIVE] DTO→Raw #3050 | id=xtream:live:54814 | title="BE: Voo Sport World 3 HD" | sourceType=XTREAM | Fields: ✓[] ✗[year, plot, cast, director, poster, backdrop, duration, tmdb]
2026-01-30 15:37:24.887 17893-17893 NxHomeContentRepo       com.fishit.player.v2                 D  🎬 Movies PagingSource FACTORY invoked
2026-01-30 15:37:24.888 17893-18877 XTC                     com.fishit.player.v2                 D  [SERIES] DTO→Raw #2250 | id=xtream:series:5552 | title="Equinox" | sourceType=XTREAM | Fields: ✓[plot(150c), cast, poster, duration=2820000ms] ✗[year, director, backdrop, tmdb]
2026-01-30 15:37:24.899 17893-18148 NxCatalogWriter         com.fishit.player.v2                 D  ✅ OPTIMIZED ingestBatch COMPLETE: 100 items | persist_ms=99 total_ms=136 (735 items/sec)
2026-01-30 15:37:24.900 17893-18148 CatalogSyncService      com.fishit.player.v2                 W  Xtream batch (NX): ingested=100 failed=0 hint_warnings=40 ingest_ms=183 total_ms=184
2026-01-30 15:37:24.902 17893-17893 NxHomeContentRepo       com.fishit.player.v2                 D  🔍 HomePagingSource.load() START | workType=MOVIE offset=0 loadSize=40
2026-01-30 15:37:24.909 17893-17893 NxHomeContentRepo       com.fishit.player.v2                 D  📺 Series PagingSource FACTORY invoked
2026-01-30 15:37:24.911 17893-18878 XTC                     com.fishit.player.v2                 D  [VOD] DTO→Raw #2950 | id=xtream:vod:388922 | title="Held (2021)" | sourceType=XTREAM | Fields: ✓[year=2021, poster] ✗[plot, cast, director, backdrop, duration, tmdb]
2026-01-30 15:37:24.912 17893-18148 CatalogSyncService      com.fishit.player.v2                 D  Persisting Xtream catalog batch (NX-ONLY): 100 items (canonical_linking=true)
2026-01-30 15:37:24.912 17893-17893 NxHomeContentRepo       com.fishit.player.v2                 D  🔍 HomePagingSource.load() START | workType=SERIES offset=0 loadSize=40
2026-01-30 15:37:24.917 17893-18880 NxCatalogWriter         com.fishit.player.v2                 D  📥 OPTIMIZED ingestBatch START: 100 items
2026-01-30 15:37:24.918 17893-18877 ObjectBoxPagingSource   com.fishit.player.v2                 D  🔍 DB Query: offset=0 loadSize=40 → results=40
2026-01-30 15:37:24.919 17893-17893 NxHomeContentRepo       com.fishit.player.v2                 D  🔍 HomePagingSource.load() START | workType=CLIP offset=0 loadSize=40
2026-01-30 15:37:24.920 17893-18085 ObjectBoxPagingSource   com.fishit.player.v2                 D  🔍 DB Query: offset=0 loadSize=40 → results=0
2026-01-30 15:37:24.923 17893-18085 NxHomeContentRepo       com.fishit.player.v2                 D  🔍 HomePagingSource: DB returned 0 works
2026-01-30 15:37:24.925 17893-18879 ObjectBoxPagingSource   com.fishit.player.v2                 D  🔍 DB Query: offset=0 loadSize=40 → results=40
2026-01-30 15:37:24.925 17893-18879 NxHomeContentRepo       com.fishit.player.v2                 D  🔍 HomePagingSource: DB returned 40 works
2026-01-30 15:37:24.926 17893-17893 NxHomeContentRepo       com.fishit.player.v2                 D  🔍 HomePagingSource.load() START | workType=LIVE_CHANNEL offset=0 loadSize=40
2026-01-30 15:37:24.926 17893-18877 NxHomeContentRepo       com.fishit.player.v2                 D  🔍 HomePagingSource: DB returned 40 works
2026-01-30 15:37:24.928 17893-18149 XTC                     com.fishit.player.v2                 D  [LIVE] DTO→Raw #3100 | id=xtream:live:178407 | title="RU: Диалоги о рыбалке FHD" | sourceType=XTREAM | Fields: ✓[poster] ✗[year, plot, cast, director, backdrop, duration, tmdb]
2026-01-30 15:37:24.933 17893-17893 NxHomeContentRepo       com.fishit.player.v2                 D  🔍 HomePagingSource.load() START | workType=ALL offset=0 loadSize=40
2026-01-30 15:37:24.937 17893-18877 ObjectBoxPagingSource   com.fishit.player.v2                 D  🔍 DB Query: offset=0 loadSize=40 → results=40
2026-01-30 15:37:24.937 17893-18877 NxHomeContentRepo       com.fishit.player.v2                 D  🔍 HomePagingSource: DB returned 40 works
2026-01-30 15:37:24.939 17893-18085 ObjectBoxPagingSource   com.fishit.player.v2                 D  🔍 DB Query: offset=0 loadSize=40 → results=40
2026-01-30 15:37:24.939 17893-18085 NxHomeContentRepo       com.fishit.player.v2                 D  🔍 HomePagingSource: DB returned 40 works
2026-01-30 15:37:24.946 17893-18876 NxCatalogWriter         com.fishit.player.v2                 D  ✅ OPTIMIZED ingestBatch COMPLETE: 100 items | persist_ms=96 total_ms=114 (877 items/sec)
2026-01-30 15:37:24.946 17893-18146 CatalogSyncService      com.fishit.player.v2                 W  Xtream batch (NX): ingested=100 failed=0 hint_warnings=44 ingest_ms=177 total_ms=177
2026-01-30 15:37:24.951 17893-18146 CatalogSyncService      com.fishit.player.v2                 D  Persisting Xtream catalog batch (NX-ONLY): 100 items (canonical_linking=true)
2026-01-30 15:37:24.955 17893-18149 XTC                     com.fishit.player.v2                 D  [VOD] DTO→Raw #3000 | id=xtream:vod:388974 | title="Kate (2021)" | sourceType=XTREAM | Fields: ✓[year=2021, poster] ✗[plot, cast, director, backdrop, duration, tmdb]
2026-01-30 15:37:24.960 17893-18880 NxWorkRepository        com.fishit.player.v2                 W  Deduped 15 duplicate workKeys in batch (100 → 85)
2026-01-30 15:37:24.966 17893-18150 XTC                     com.fishit.player.v2                 D  [SERIES] DTO→Raw #2300 | id=xtream:series:5610 | title="Stateless" | sourceType=XTREAM | Fields: ✓[plot(482c), cast, poster, duration=3000000ms] ✗[year, director, backdrop, tmdb]
2026-01-30 15:37:24.969 17893-18148 NxCatalogWriter         com.fishit.player.v2                 D  📥 OPTIMIZED ingestBatch START: 100 items
2026-01-30 15:37:24.975 17893-18878 XTC                     com.fishit.player.v2                 D  [LIVE] DTO→Raw #3150 | id=xtream:live:178457 | title="RU: Дом кино премиум FHD" | sourceType=XTREAM | Fields: ✓[poster] ✗[year, plot, cast, director, backdrop, duration, tmdb]
2026-01-30 15:37:24.989 17893-18146 NxCatalogWriter         com.fishit.player.v2                 D  📥 OPTIMIZED ingestBatch START: 100 items
2026-01-30 15:37:24.996 17893-18148 NxWorkRepository        com.fishit.player.v2                 W  Deduped 1 duplicate workKeys in batch (100 → 99)
2026-01-30 15:37:25.031 17893-18880 NxCatalogWriter         com.fishit.player.v2                 D  ✅ OPTIMIZED ingestBatch COMPLETE: 100 items | persist_ms=72 total_ms=114 (877 items/sec)
2026-01-30 15:37:25.032 17893-18880 CatalogSyncService      com.fishit.player.v2                 W  Xtream batch (NX): ingested=100 failed=0 hint_warnings=25 ingest_ms=166 total_ms=167
2026-01-30 15:37:25.034 17893-18085 XtreamCatalogScanWorker com.fishit.player.v2                 D  PROGRESS discovered=8425 persisted=7900 phase=N/A
2026-01-30 15:37:25.036 17893-18880 CatalogSyncService      com.fishit.player.v2                 D  Persisting Xtream catalog batch (NX-ONLY): 100 items (canonical_linking=true)
2026-01-30 15:37:25.088 17893-18880 NxCatalogWriter         com.fishit.player.v2                 D  📥 OPTIMIZED ingestBatch START: 100 items
2026-01-30 15:37:25.091 17893-17893 NxHomeContentRepo       com.fishit.player.v2                 D  🔍 HomePagingSource: Processing 0 works for mapping
2026-01-30 15:37:25.093 17893-17893 NxHomeContentRepo       com.fishit.player.v2                 D  🔍 HomePagingSource: Processing 40 works for mapping
2026-01-30 15:37:25.095 17893-17893 NxHomeContentRepo       com.fishit.player.v2                 D  🔍 HomePagingSource: Processing 40 works for mapping
2026-01-30 15:37:25.097 17893-17893 NxHomeContentRepo       com.fishit.player.v2                 D  🔍 HomePagingSource: Processing 40 works for mapping
2026-01-30 15:37:25.107 17893-18880 NxWorkRepository        com.fishit.player.v2                 W  Deduped 3 duplicate workKeys in batch (100 → 97)
2026-01-30 15:37:25.114 17893-18148 NxCatalogWriter         com.fishit.player.v2                 D  ✅ OPTIMIZED ingestBatch COMPLETE: 100 items | persist_ms=119 total_ms=145 (689 items/sec)
2026-01-30 15:37:25.115 17893-18148 CatalogSyncService      com.fishit.player.v2                 W  Xtream batch (NX): ingested=100 failed=0 hint_warnings=27 ingest_ms=203 total_ms=203
2026-01-30 15:37:25.117 17893-18148 CatalogSyncService      com.fishit.player.v2                 D  Persisting Xtream catalog batch (NX-ONLY): 100 items (canonical_linking=true)
2026-01-30 15:37:25.121 17893-18150 XTC                     com.fishit.player.v2                 D  [LIVE] DTO→Raw #3200 | id=xtream:live:178508 | title="RU: Киносемья FHD" | sourceType=XTREAM | Fields: ✓[poster] ✗[year, plot, cast, director, backdrop, duration, tmdb]
2026-01-30 15:37:25.122 17893-18879 XTC                     com.fishit.player.v2                 D  [VOD] DTO→Raw #3050 | id=xtream:vod:389025 | title="Megaboa (2021)" | sourceType=XTREAM | Fields: ✓[year=2021, poster] ✗[plot, cast, director, backdrop, duration, tmdb]
2026-01-30 15:37:25.144 17893-18085 XTC                     com.fishit.player.v2                 D  [SERIES] DTO→Raw #2350 | id=xtream:series:5674 | title="Alex" | sourceType=XTREAM | Fields: ✓[plot(835c), cast, poster, duration=2700000ms] ✗[year, director, backdrop, tmdb]
2026-01-30 15:37:25.155 17893-17893 NxHomeContentRepo       com.fishit.player.v2                 D  🔍 HomePagingSource: Filtered out episodes: 40 → 40
2026-01-30 15:37:25.156 17893-17893 NxHomeContentRepo       com.fishit.player.v2                 D  🔍 HomePagingSource: Processing 40 works for mapping
2026-01-30 15:37:25.158 17893-18146 NxCatalogWriter         com.fishit.player.v2                 D  ✅ OPTIMIZED ingestBatch COMPLETE: 100 items | persist_ms=149 total_ms=169 (591 items/sec)
2026-01-30 15:37:25.159 17893-18146 CatalogSyncService      com.fishit.player.v2                 W  Xtream batch (NX): ingested=100 failed=0 hint_warnings=45 ingest_ms=207 total_ms=208
2026-01-30 15:37:25.166 17893-18148 NxCatalogWriter         com.fishit.player.v2                 D  📥 OPTIMIZED ingestBatch START: 100 items
2026-01-30 15:37:25.167 17893-18146 CatalogSyncService      com.fishit.player.v2                 D  Persisting Xtream catalog batch (NX-ONLY): 100 items (canonical_linking=true)
2026-01-30 15:37:25.191 17893-18880 NxCatalogWriter         com.fishit.player.v2                 D  ✅ OPTIMIZED ingestBatch COMPLETE: 100 items | persist_ms=84 total_ms=109 (917 items/sec)
2026-01-30 15:37:25.192 17893-19367 CatalogSyncService      com.fishit.player.v2                 W  Xtream batch (NX): ingested=100 failed=0 hint_warnings=41 ingest_ms=155 total_ms=156
2026-01-30 15:37:25.194 17893-19367 CatalogSyncService      com.fishit.player.v2                 D  Persisting Xtream catalog batch (NX-ONLY): 100 items (canonical_linking=true)
2026-01-30 15:37:25.203 17893-18880 XTC                     com.fishit.player.v2                 D  [LIVE] DTO→Raw #3250 | id=xtream:live:178566 | title="RU: Матч! Футбол 2 FHD" | sourceType=XTREAM | Fields: ✓[poster] ✗[year, plot, cast, director, backdrop, duration, tmdb]
2026-01-30 15:37:25.206 17893-18085 XTC                     com.fishit.player.v2                 D  [VOD] DTO→Raw #3100 | id=xtream:vod:389076 | title="Old (2021)" | sourceType=XTREAM | Fields: ✓[year=2021, poster] ✗[plot, cast, director, backdrop, duration, tmdb]
2026-01-30 15:37:25.220 17893-18148 NxWorkRepository        com.fishit.player.v2                 W  Deduped 20 duplicate workKeys in batch (100 → 80)
2026-01-30 15:37:25.220 17893-18880 XTC                     com.fishit.player.v2                 D  [LIVE] DTO→Raw #3300 | id=xtream:live:178625 | title="RU: Россия 1 FHD" | sourceType=XTREAM | Fields: ✓[poster] ✗[year, plot, cast, director, backdrop, duration, tmdb]
2026-01-30 15:37:25.221 17893-18146 NxCatalogWriter         com.fishit.player.v2                 D  📥 OPTIMIZED ingestBatch START: 100 items
2026-01-30 15:37:25.235 17893-18880 XTC                     com.fishit.player.v2                 D  [LIVE] DTO→Raw #3350 | id=xtream:live:178663 | title="RU: MTV Live FHD" | sourceType=XTREAM | Fields: ✓[poster] ✗[year, plot, cast, director, backdrop, duration, tmdb]
2026-01-30 15:37:25.239 17893-18086 XTC                     com.fishit.player.v2                 D  [SERIES] DTO→Raw #2400 | id=xtream:series:5729 | title="Blocco 181" | sourceType=XTREAM | Fields: ✓[plot(198c), cast, poster, duration=3000000ms] ✗[year, director, backdrop, tmdb]
2026-01-30 15:37:25.279 17893-18085 NxCatalogWriter         com.fishit.player.v2                 D  📥 OPTIMIZED ingestBatch START: 100 items
2026-01-30 15:37:25.290 17893-18148 NxCatalogWriter         com.fishit.player.v2                 D  ✅ OPTIMIZED ingestBatch COMPLETE: 100 items | persist_ms=70 total_ms=124 (806 items/sec)
2026-01-30 15:37:25.291 17893-18148 CatalogSyncService      com.fishit.player.v2                 W  Xtream batch (NX): ingested=100 failed=0 hint_warnings=22 ingest_ms=174 total_ms=174
2026-01-30 15:37:25.292 17893-18148 CatalogSyncService      com.fishit.player.v2                 D  Persisting Xtream catalog batch (NX-ONLY): 100 items (canonical_linking=true)
2026-01-30 15:37:25.298 17893-18085 NxWorkRepository        com.fishit.player.v2                 W  Deduped 13 duplicate workKeys in batch (100 → 87)
2026-01-30 15:37:25.337 17893-18146 NxWorkRepository        com.fishit.player.v2                 W  Deduped 26 duplicate workKeys in batch (100 → 74)
2026-01-30 15:37:25.384 17893-18880 NxCatalogWriter         com.fishit.player.v2                 D  📥 OPTIMIZED ingestBatch START: 100 items
2026-01-30 15:37:25.403 17893-19367 XTC                     com.fishit.player.v2                 D  [LIVE] DTO→Raw #3400 | id=xtream:live:124239 | title="UA: TET" | sourceType=XTREAM | Fields: ✓[poster] ✗[year, plot, cast, director, backdrop, duration, tmdb]
2026-01-30 15:37:25.407 17893-18085 NxCatalogWriter         com.fishit.player.v2                 D  ✅ OPTIMIZED ingestBatch COMPLETE: 100 items | persist_ms=109 total_ms=129 (775 items/sec)
2026-01-30 15:37:25.407 17893-18085 CatalogSyncService      com.fishit.player.v2                 W  Xtream batch (NX): ingested=100 failed=0 hint_warnings=22 ingest_ms=212 total_ms=213
2026-01-30 15:37:25.409 17893-18085 CatalogSyncService      com.fishit.player.v2                 D  Persisting Xtream catalog batch (NX-ONLY): 100 items (canonical_linking=true)
2026-01-30 15:37:25.416 17893-19367 XTC                     com.fishit.player.v2                 D  [LIVE] DTO→Raw #3450 | id=xtream:live:35983 | title="BG: NOVA TV HD" | sourceType=XTREAM | Fields: ✓[poster] ✗[year, plot, cast, director, backdrop, duration, tmdb]
2026-01-30 15:37:25.418 17893-18880 NxWorkRepository        com.fishit.player.v2                 W  Deduped 23 duplicate workKeys in batch (100 → 77)
2026-01-30 15:37:25.432 17893-18875 XTC                     com.fishit.player.v2                 D  [VOD] DTO→Raw #3150 | id=xtream:vod:389127 | title="Rettungshund Ruby (2022)" | sourceType=XTREAM | Fields: ✓[year=2022, poster] ✗[plot, cast, director, backdrop, duration, tmdb]
2026-01-30 15:37:25.452 17893-18146 NxCatalogWriter         com.fishit.player.v2                 D  ✅ OPTIMIZED ingestBatch COMPLETE: 100 items | persist_ms=115 total_ms=231 (432 items/sec)
2026-01-30 15:37:25.453 17893-18146 CatalogSyncService      com.fishit.player.v2                 W  Xtream batch (NX): ingested=100 failed=0 hint_warnings=30 ingest_ms=286 total_ms=286
2026-01-30 15:37:25.455 17893-18146 CatalogSyncService      com.fishit.player.v2                 D  Persisting Xtream catalog batch (NX-ONLY): 100 items (canonical_linking=true)
2026-01-30 15:37:25.458 17893-19367 XTC                     com.fishit.player.v2                 D  [LIVE] DTO→Raw #3500 | id=xtream:live:82078 | title="BULGARIA KIDS" | sourceType=XTREAM | Fields: ✓[] ✗[year, plot, cast, director, poster, backdrop, duration, tmdb]
2026-01-30 15:37:25.471 17893-18086 XtreamCatalogScanWorker com.fishit.player.v2                 D  PROGRESS discovered=9087 persisted=8500 phase=N/A
2026-01-30 15:37:25.479 17893-19368 XTC                     com.fishit.player.v2                 D  [SERIES] DTO→Raw #2450 | id=xtream:series:5780 | title="Gannibal" | sourceType=XTREAM | Fields: ✓[cast, poster, duration=2700000ms] ✗[year, plot, director, backdrop, tmdb]
2026-01-30 15:37:25.526 17893-19368 NxCatalogWriter         com.fishit.player.v2                 D  📥 OPTIMIZED ingestBatch START: 100 items
2026-01-30 15:37:25.527 17893-18146 NxCatalogWriter         com.fishit.player.v2                 D  📥 OPTIMIZED ingestBatch START: 100 items
2026-01-30 15:37:25.540 17893-18880 NxCatalogWriter         com.fishit.player.v2                 D  ✅ OPTIMIZED ingestBatch COMPLETE: 100 items | persist_ms=122 total_ms=156 (641 items/sec)
2026-01-30 15:37:25.541 17893-18880 CatalogSyncService      com.fishit.player.v2                 W  Xtream batch (NX): ingested=100 failed=0 hint_warnings=24 ingest_ms=248 total_ms=249
2026-01-30 15:37:25.543 17893-18880 CatalogSyncService      com.fishit.player.v2                 D  Persisting Xtream catalog batch (NX-ONLY): 100 items (canonical_linking=true)
2026-01-30 15:37:25.568 17893-19367 XTC                     com.fishit.player.v2                 D  [SERIES] DTO→Raw #2500 | id=xtream:series:5831 | title="Miracle Workers" | sourceType=XTREAM | Fields: ✓[plot(227c), cast, poster, duration=1380000ms] ✗[year, director, backdrop, tmdb]
2026-01-30 15:37:25.574 17893-18086 XTC                     com.fishit.player.v2                 D  [LIVE] DTO→Raw #3550 | id=xtream:live:82070 | title="BG: MAX Sport 3 HD" | sourceType=XTREAM | Fields: ✓[] ✗[year, plot, cast, director, poster, backdrop, duration, tmdb]
2026-01-30 15:37:25.579 17893-19370 XTC                     com.fishit.player.v2                 D  [VOD] DTO→Raw #3200 | id=xtream:vod:389178 | title="Liebe² (2021)" | sourceType=XTREAM | Fields: ✓[year=2021, poster] ✗[plot, cast, director, backdrop, duration, tmdb]
2026-01-30 15:37:25.591 17893-18146 NxWorkRepository        com.fishit.player.v2                 W  Deduped 38 duplicate workKeys in batch (100 → 62)
2026-01-30 15:37:25.622 17893-19368 NxWorkRepository        com.fishit.player.v2                 W  Deduped 8 duplicate workKeys in batch (100 → 92)
2026-01-30 15:37:25.677 17893-17893 WorkManage...teObserver com.fishit.player.v2                 I  Sync state: SUCCEEDED
2026-01-30 15:37:25.678 17893-17893 NxHomeContentRepo       com.fishit.player.v2                 D  🔍 HomePagingSource: Loaded source refs for 0 works
2026-01-30 15:37:25.679 17893-17893 NxHomeContentRepo       com.fishit.player.v2                 I  ✅ HomePagingSource.load() RESULT | workType=CLIP offset=0 count=0 hasNext=false titles=
2026-01-30 15:37:25.697 17893-18395 OpenGLRenderer          com.fishit.player.v2                 I  Davey! duration=738ms; Flags=0, FrameTimelineVsyncId=3227854, IntendedVsync=57349441790348, Vsync=57349658557249, InputEventId=0, HandleInputStart=57349663931171, AnimationStart=57349663937825, PerformTraversalsStart=57349814866594, DrawStart=57349815324286, FrameDeadline=57349608635781, FrameInterval=57349659982517, FrameStartTime=16674377, SyncQueued=57350176696517, SyncStart=57350176773094, IssueDrawCommandsStart=57350176869594, SwapBuffers=57350179176017, FrameCompleted=57350180348132, DequeueBufferDuration=15885, QueueBufferDuration=250039, GpuCompleted=57350180348132, SwapBuffersCompleted=57350179829748, DisplayPresentTime=0, CommandSubmissionCompleted=57350179176017,
2026-01-30 15:37:25.767 17893-17893 NxHomeContentRepo       com.fishit.player.v2                 D  🔍 HomePagingSource: Loaded source refs for 40 works
2026-01-30 15:37:25.770 17893-17893 NxHomeContentRepo       com.fishit.player.v2                 I  ✅ HomePagingSource.load() RESULT | workType=SERIES offset=0 count=40 hasNext=true titles="#FreeRayshawn", "11 22 63 – Der Anschlag", "13 Gebote"
2026-01-30 15:37:25.818 17893-19367 NxCatalogWriter         com.fishit.player.v2                 D  📥 OPTIMIZED ingestBatch START: 100 items
2026-01-30 15:37:25.858 17893-19367 NxWorkRepository        com.fishit.player.v2                 W  Deduped 20 duplicate workKeys in batch (100 → 80)
2026-01-30 15:37:25.881 17893-17927 ishit.player.v2         com.fishit.player.v2                 I  Background concurrent copying GC freed 500348(18MB) AllocSpace objects, 0(0B) LOS objects, 35% free, 44MB/68MB, paused 251us,422us total 548.167ms
2026-01-30 15:37:25.911 17893-18146 NxCatalogWriter         com.fishit.player.v2                 D  ✅ OPTIMIZED ingestBatch COMPLETE: 100 items | persist_ms=320 total_ms=383 (261 items/sec)
2026-01-30 15:37:25.913 17893-18880 CatalogSyncService      com.fishit.player.v2                 W  Xtream batch (NX): ingested=100 failed=0 hint_warnings=19 ingest_ms=458 total_ms=458
2026-01-30 15:37:25.914 17893-18880 CatalogSyncService      com.fishit.player.v2                 D  Consumer#0: 30 batches, 8700 total items
2026-01-30 15:37:25.916 17893-18880 CatalogSyncService      com.fishit.player.v2                 D  Persisting Xtream catalog batch (NX-ONLY): 100 items (canonical_linking=true)
2026-01-30 15:37:25.929 17893-19369 XtreamCatalogScanWorker com.fishit.player.v2                 D  PROGRESS discovered=9246 persisted=8700 phase=N/A
2026-01-30 15:37:25.954 17893-18878 XTC                     com.fishit.player.v2                 D  [VOD] DTO→Raw #3250 | id=xtream:vod:389230 | title="The King's Daughter (2022)" | sourceType=XTREAM | Fields: ✓[year=2022, poster] ✗[plot, cast, director, backdrop, duration, tmdb]
2026-01-30 15:37:25.954 17893-18086 XTC                     com.fishit.player.v2                 D  [LIVE] DTO→Raw #3600 | id=xtream:live:43803 | title="AL: RTSH Plus" | sourceType=XTREAM | Fields: ✓[] ✗[year, plot, cast, director, poster, backdrop, duration, tmdb]
2026-01-30 15:37:25.970 17893-19368 NxCatalogWriter         com.fishit.player.v2                 D  ✅ OPTIMIZED ingestBatch COMPLETE: 100 items | persist_ms=349 total_ms=444 (225 items/sec)
2026-01-30 15:37:25.972 17893-18086 CatalogSyncService      com.fishit.player.v2                 W  Xtream batch (NX): ingested=100 failed=0 hint_warnings=30 ingest_ms=563 total_ms=563
2026-01-30 15:37:25.974 17893-18086 CatalogSyncService      com.fishit.player.v2                 D  Persisting Xtream catalog batch (NX-ONLY): 100 items (canonical_linking=true)
2026-01-30 15:37:25.996 17893-18148 XTC                     com.fishit.player.v2                 D  [LIVE] DTO→Raw #3650 | id=xtream:live:23257 | title="AL: TV Mitrovica" | sourceType=XTREAM | Fields: ✓[] ✗[year, plot, cast, director, poster, backdrop, duration, tmdb]
2026-01-30 15:37:26.013 17893-18880 NxCatalogWriter         com.fishit.player.v2                 D  📥 OPTIMIZED ingestBatch START: 100 items
2026-01-30 15:37:26.016 17893-18086 NxCatalogWriter         com.fishit.player.v2                 D  📥 OPTIMIZED ingestBatch START: 100 items
2026-01-30 15:37:26.018 17893-18968 TrafficStats            com.fishit.player.v2                 D  tagSocket(133) with statsTag=0xffffffff, statsUid=-1
2026-01-30 15:37:26.025 17893-18970 TrafficStats            com.fishit.player.v2                 D  tagSocket(77) with statsTag=0xffffffff, statsUid=-1
2026-01-30 15:37:26.082 17893-18086 NxWorkRepository        com.fishit.player.v2                 W  Deduped 2 duplicate workKeys in batch (100 → 98)
2026-01-30 15:37:26.104 17893-19367 NxCatalogWriter         com.fishit.player.v2                 D  ✅ OPTIMIZED ingestBatch COMPLETE: 100 items | persist_ms=247 total_ms=286 (349 items/sec)
2026-01-30 15:37:26.105 17893-19367 CatalogSyncService      com.fishit.player.v2                 W  Xtream batch (NX): ingested=100 failed=0 hint_warnings=18 ingest_ms=561 total_ms=561
2026-01-30 15:37:26.105 17893-19367 CatalogSyncService      com.fishit.player.v2                 D  Consumer#2: 30 batches, 8900 total items
2026-01-30 15:37:26.105 17893-17893 NxHomeContentRepo       com.fishit.player.v2                 D  🔍 HomePagingSource: Loaded source refs for 40 works
2026-01-30 15:37:26.108 17893-17893 NxHomeContentRepo       com.fishit.player.v2                 I  ✅ HomePagingSource.load() RESULT | workType=MOVIE offset=0 count=40 hasNext=true titles="#SchwarzeSchafe", "(Pri)sons", "1 Million Followers"
2026-01-30 15:37:26.118 17893-19367 CatalogSyncService      com.fishit.player.v2                 D  Persisting Xtream catalog batch (NX-ONLY): 100 items (canonical_linking=true)
2026-01-30 15:37:26.131 17893-18876 XTC                     com.fishit.player.v2                 D  [SERIES] DTO→Raw #2550 | id=xtream:series:5884 | title="Die Ritter von Castelcorvo" | sourceType=XTREAM | Fields: ✓[plot(214c), cast, poster, duration=1500000ms] ✗[year, director, backdrop, tmdb]
2026-01-30 15:37:26.137 17893-19368 XTC                     com.fishit.player.v2                 D  [LIVE] DTO→Raw #3700 | id=xtream:live:101384 | title="AL: PEACE TV" | sourceType=XTREAM | Fields: ✓[] ✗[year, plot, cast, director, poster, backdrop, duration, tmdb]
2026-01-30 15:37:26.201 17893-18880 NxCatalogWriter         com.fishit.player.v2                 D  ✅ OPTIMIZED ingestBatch COMPLETE: 100 items | persist_ms=169 total_ms=187 (534 items/sec)
2026-01-30 15:37:26.208 17893-18880 CatalogSyncService      com.fishit.player.v2                 W  Xtream batch (NX): ingested=100 failed=0 hint_warnings=10 ingest_ms=292 total_ms=292
2026-01-30 15:37:26.212 17893-19367 NxCatalogWriter         com.fishit.player.v2                 D  📥 OPTIMIZED ingestBatch START: 100 items
2026-01-30 15:37:26.212 17893-18876 XTC                     com.fishit.player.v2                 D  [VOD] DTO→Raw #3300 | id=xtream:vod:389282 | title="Through my Window - Ich sehe nur dich (2" | sourceType=XTREAM | Fields: ✓[year=2022, poster] ✗[plot, cast, director, backdrop, duration, tmdb]
2026-01-30 15:37:26.246 17893-18880 CatalogSyncService      com.fishit.player.v2                 D  Persisting Xtream catalog batch (NX-ONLY): 100 items (canonical_linking=true)
2026-01-30 15:37:26.256 17893-18876 XTC                     com.fishit.player.v2                 D  [LIVE] DTO→Raw #3750 | id=xtream:live:705095 | title="AL: KS Çiftelia" | sourceType=XTREAM | Fields: ✓[] ✗[year, plot, cast, director, poster, backdrop, duration, tmdb]
2026-01-30 15:37:26.259 17893-18969 TrafficStats            com.fishit.player.v2                 D  tagSocket(131) with statsTag=0xffffffff, statsUid=-1
2026-01-30 15:37:26.277 17893-18970 TrafficStats            com.fishit.player.v2                 D  tagSocket(135) with statsTag=0xffffffff, statsUid=-1
2026-01-30 15:37:26.289 17893-17893 NxHomeContentRepo       com.fishit.player.v2                 D  🔍 HomePagingSource: Loaded source refs for 40 works
2026-01-30 15:37:26.291 17893-17893 NxHomeContentRepo       com.fishit.player.v2                 I  ✅ HomePagingSource.load() RESULT | workType=LIVE_CHANNEL offset=0 count=40 hasNext=true titles="#### FRANCE", "#### MAGENTA Sport ####", "#### NETHERLANDS"
2026-01-30 15:37:26.297 17893-17893 NxHomeContentRepo       com.fishit.player.v2                 D  🔍 HomePagingSource: Loaded source refs for 40 works
2026-01-30 15:37:26.299 17893-17893 NxHomeContentRepo       com.fishit.player.v2                 I  ✅ HomePagingSource.load() RESULT | workType=ALL offset=0 count=40 hasNext=true titles="Navy CIS", "Are You The One?", "Tell Me Lies"
2026-01-30 15:37:26.300 17893-18880 NxCatalogWriter         com.fishit.player.v2                 D  📥 OPTIMIZED ingestBatch START: 100 items
2026-01-30 15:37:26.303 17893-18086 NxCatalogWriter         com.fishit.player.v2                 D  ✅ OPTIMIZED ingestBatch COMPLETE: 100 items | persist_ms=222 total_ms=287 (348 items/sec)
2026-01-30 15:37:26.304 17893-18875 CatalogSyncService      com.fishit.player.v2                 W  Xtream batch (NX): ingested=100 failed=0 hint_warnings=24 ingest_ms=328 total_ms=329
2026-01-30 15:37:26.304 17893-18875 CatalogSyncService      com.fishit.player.v2                 D  Consumer#1: 30 batches, 9100 total items
2026-01-30 15:37:26.306 17893-18875 CatalogSyncService      com.fishit.player.v2                 D  Persisting Xtream catalog batch (NX-ONLY): 100 items (canonical_linking=true)
2026-01-30 15:37:26.318 17893-18086 XTC                     com.fishit.player.v2                 D  [SERIES] DTO→Raw #2600 | id=xtream:series:5938 | title="Awake" | sourceType=XTREAM | Fields: ✓[plot(283c), cast, poster, duration=2700000ms] ✗[year, director, backdrop, tmdb]
2026-01-30 15:37:26.341 17893-18150 XTC                     com.fishit.player.v2                 D  [VOD] DTO→Raw #3350 | id=xtream:vod:389336 | title="X (2022)" | sourceType=XTREAM | Fields: ✓[year=2022, poster] ✗[plot, cast, director, backdrop, duration, tmdb]
2026-01-30 15:37:26.358 17893-18875 NxCatalogWriter         com.fishit.player.v2                 D  📥 OPTIMIZED ingestBatch START: 100 items
2026-01-30 15:37:26.398 17893-18875 NxWorkRepository        com.fishit.player.v2                 W  Deduped 2 duplicate workKeys in batch (100 → 98)
2026-01-30 15:37:26.432 17893-19367 NxCatalogWriter         com.fishit.player.v2                 D  ✅ OPTIMIZED ingestBatch COMPLETE: 100 items | persist_ms=155 total_ms=220 (454 items/sec)
2026-01-30 15:37:26.434 17893-19367 CatalogSyncService      com.fishit.player.v2                 W  Xtream batch (NX): ingested=100 failed=0 hint_warnings=42 ingest_ms=316 total_ms=316
2026-01-30 15:37:26.442 17893-19367 CatalogSyncService      com.fishit.player.v2                 D  Persisting Xtream catalog batch (NX-ONLY): 100 items (canonical_linking=true)
2026-01-30 15:37:26.472 17893-18086 XTC                     com.fishit.player.v2                 D  [LIVE] DTO→Raw #3800 | id=xtream:live:23250 | title="AL: Tring Super" | sourceType=XTREAM | Fields: ✓[poster] ✗[year, plot, cast, director, backdrop, duration, tmdb]
2026-01-30 15:37:26.480 17893-18880 NxCatalogWriter         com.fishit.player.v2                 D  ✅ OPTIMIZED ingestBatch COMPLETE: 100 items | persist_ms=132 total_ms=180 (555 items/sec)
2026-01-30 15:37:26.481 17893-18880 CatalogSyncService      com.fishit.player.v2                 W  Xtream batch (NX): ingested=100 failed=0 hint_warnings=26 ingest_ms=235 total_ms=236
2026-01-30 15:37:26.483 17893-18880 CatalogSyncService      com.fishit.player.v2                 D  Persisting Xtream catalog batch (NX-ONLY): 100 items (canonical_linking=true)
2026-01-30 15:37:26.517 17893-18880 NxCatalogWriter         com.fishit.player.v2                 D  📥 OPTIMIZED ingestBatch START: 100 items
2026-01-30 15:37:26.518 17893-18879 XTC                     com.fishit.player.v2                 D  [VOD] DTO→Raw #3400 | id=xtream:vod:798247 | title="Shrek 2 - Der tollkühne Held kehrt zurüc" | sourceType=XTREAM | Fields: ✓[year=2004, poster] ✗[plot, cast, director, backdrop, duration, tmdb]
2026-01-30 15:37:26.524 17893-18969 TrafficStats            com.fishit.player.v2                 D  tagSocket(77) with statsTag=0xffffffff, statsUid=-1
2026-01-30 15:37:26.527 17893-19380 TrafficStats            com.fishit.player.v2                 D  tagSocket(135) with statsTag=0xffffffff, statsUid=-1
2026-01-30 15:37:26.532 17893-19381 XTC                     com.fishit.player.v2                 D  [SERIES] DTO→Raw #2650 | id=xtream:series:5989 | title="Tin Star" | sourceType=XTREAM | Fields: ✓[plot(993c), cast, poster, duration=3600000ms] ✗[year, director, backdrop, tmdb]
2026-01-30 15:37:26.536 17893-18879 XTC                     com.fishit.player.v2                 D  [VOD] DTO→Raw #3450 | id=xtream:vod:760054 | title="Halloween II - Das Grauen kehrt zurück |" | sourceType=XTREAM | Fields: ✓[year=1981, poster] ✗[plot, cast, director, backdrop, duration, tmdb]
2026-01-30 15:37:26.542 17893-18880 NxWorkRepository        com.fishit.player.v2                 W  Deduped 1 duplicate workKeys in batch (100 → 99)
2026-01-30 15:37:26.549 17893-17926 ishit.player.v2         com.fishit.player.v2                 I  Compiler allocated 7198KB to compile void android.view.ViewRootImpl.performTraversals()
2026-01-30 15:37:26.572 17893-19367 NxCatalogWriter         com.fishit.player.v2                 D  📥 OPTIMIZED ingestBatch START: 100 items
2026-01-30 15:37:26.579 17893-18875 NxCatalogWriter         com.fishit.player.v2                 D  ✅ OPTIMIZED ingestBatch COMPLETE: 100 items | persist_ms=181 total_ms=222 (450 items/sec)
2026-01-30 15:37:26.580 17893-18875 CatalogSyncService      com.fishit.player.v2                 W  Xtream batch (NX): ingested=100 failed=0 hint_warnings=14 ingest_ms=274 total_ms=274
2026-01-30 15:37:26.582 17893-18875 CatalogSyncService      com.fishit.player.v2                 D  Persisting Xtream catalog batch (NX-ONLY): 100 items (canonical_linking=true)
2026-01-30 15:37:26.595 17893-18878 XTC                     com.fishit.player.v2                 D  [LIVE] DTO→Raw #3850 | id=xtream:live:101660 | title="AL: X Action FHD" | sourceType=XTREAM | Fields: ✓[] ✗[year, plot, cast, director, poster, backdrop, duration, tmdb]
2026-01-30 15:37:26.637 17893-19381 XTC                     com.fishit.player.v2                 D  [VOD] DTO→Raw #3500 | id=xtream:vod:757835 | title="Jurassic World - Ein neues Zeitalter | 2" | sourceType=XTREAM | Fields: ✓[year=2022, poster] ✗[plot, cast, director, backdrop, duration, tmdb]
2026-01-30 15:37:26.662 17893-18875 NxCatalogWriter         com.fishit.player.v2                 D  📥 OPTIMIZED ingestBatch START: 100 items
2026-01-30 15:37:26.736 17893-17927 ishit.player.v2         com.fishit.player.v2                 I  Background young concurrent copying GC freed 476866(15MB) AllocSpace objects, 2(40KB) LOS objects, 12% free, 59MB/68MB, paused 233us,125us total 212.014ms
2026-01-30 15:37:26.749 17893-19367 NxCatalogWriter         com.fishit.player.v2                 D  ✅ OPTIMIZED ingestBatch COMPLETE: 100 items | persist_ms=155 total_ms=177 (564 items/sec)
2026-01-30 15:37:26.749 17893-19367 CatalogSyncService      com.fishit.player.v2                 W  Xtream batch (NX): ingested=100 failed=0 hint_warnings=17 ingest_ms=306 total_ms=307
2026-01-30 15:37:26.752 17893-19367 CatalogSyncService      com.fishit.player.v2                 D  Persisting Xtream catalog batch (NX-ONLY): 100 items (canonical_linking=true)
2026-01-30 15:37:26.762 17893-18149 XTC                     com.fishit.player.v2                 D  [LIVE] DTO→Raw #3900 | id=xtream:live:354111 | title="AL: Tring Smile" | sourceType=XTREAM | Fields: ✓[] ✗[year, plot, cast, director, poster, backdrop, duration, tmdb]
2026-01-30 15:37:26.764 17893-18878 XtreamCatalogScanWorker com.fishit.player.v2                 D  PROGRESS discovered=10064 persisted=9500 phase=N/A
2026-01-30 15:37:26.765 17893-18085 XTC                     com.fishit.player.v2                 D  [VOD] DTO→Raw #3550 | id=xtream:vod:757219 | title="Mission: Impossible III | 2006 | 6.7" | sourceType=XTREAM | Fields: ✓[year=2006, poster] ✗[plot, cast, director, backdrop, duration, tmdb]
2026-01-30 15:37:26.788 17893-18880 NxCatalogWriter         com.fishit.player.v2                 D  ✅ OPTIMIZED ingestBatch COMPLETE: 100 items | persist_ms=247 total_ms=271 (369 items/sec)
2026-01-30 15:37:26.790 17893-19381 CatalogSyncService      com.fishit.player.v2                 W  Xtream batch (NX): ingested=100 failed=0 hint_warnings=34 ingest_ms=307 total_ms=307
2026-01-30 15:37:26.798 17893-19367 NxCatalogWriter         com.fishit.player.v2                 D  📥 OPTIMIZED ingestBatch START: 100 items
2026-01-30 15:37:26.800 17893-18085 XTC                     com.fishit.player.v2                 D  [SERIES] DTO→Raw #2700 | id=xtream:series:6706 | title="Canvas 2 - Rainbow Colored Sketch" | sourceType=XTREAM | Fields: ✓[plot(560c), cast, poster, duration=1800000ms] ✗[year, director, backdrop, tmdb]
2026-01-30 15:37:26.803 17893-19381 CatalogSyncService      com.fishit.player.v2                 D  Persisting Xtream catalog batch (NX-ONLY): 100 items (canonical_linking=true)
2026-01-30 15:37:26.813 17893-18149 XTC                     com.fishit.player.v2                 D  [VOD] DTO→Raw #3600 | id=xtream:vod:752127 | title="Goal II – Der Traum ist real! | 2007 | 6" | sourceType=XTREAM | Fields: ✓[year=2007, poster] ✗[plot, cast, director, backdrop, duration, tmdb]
2026-01-30 15:37:26.834 17893-19381 NxCatalogWriter         com.fishit.player.v2                 D  📥 OPTIMIZED ingestBatch START: 100 items
2026-01-30 15:37:26.841 17893-18875 NxCatalogWriter         com.fishit.player.v2                 D  ✅ OPTIMIZED ingestBatch COMPLETE: 100 items | persist_ms=137 total_ms=178 (561 items/sec)
2026-01-30 15:37:26.841 17893-18880 CatalogSyncService      com.fishit.player.v2                 W  Xtream batch (NX): ingested=100 failed=0 hint_warnings=29 ingest_ms=259 total_ms=259
2026-01-30 15:37:26.844 17893-18880 CatalogSyncService      com.fishit.player.v2                 D  Persisting Xtream catalog batch (NX-ONLY): 100 items (canonical_linking=true)
2026-01-30 15:37:26.851 17893-18149 XTC                     com.fishit.player.v2                 D  [VOD] DTO→Raw #3650 | id=xtream:vod:727616 | title="Young Ip Man: Crisis Time | 2023 | 6.1" | sourceType=XTREAM | Fields: ✓[year=2023, poster] ✗[plot, cast, director, backdrop, duration, tmdb]
2026-01-30 15:37:26.856 17893-18877 XTC                     com.fishit.player.v2                 D  [LIVE] DTO→Raw #3950 | id=xtream:live:711755 | title="AL: NETFLIX FANTAZI" | sourceType=XTREAM | Fields: ✓[] ✗[year, plot, cast, director, poster, backdrop, duration, tmdb]
2026-01-30 15:37:26.961 17893-18880 NxCatalogWriter         com.fishit.player.v2                 D  📥 OPTIMIZED ingestBatch START: 100 items
2026-01-30 15:37:27.089 17893-19381 NxCatalogWriter         com.fishit.player.v2                 D  ✅ OPTIMIZED ingestBatch COMPLETE: 100 items | persist_ms=142 total_ms=255 (392 items/sec)
2026-01-30 15:37:27.090 17893-19381 CatalogSyncService      com.fishit.player.v2                 W  Xtream batch (NX): ingested=100 failed=0 hint_warnings=12 ingest_ms=286 total_ms=287
2026-01-30 15:37:27.096 17893-19381 CatalogSyncService      com.fishit.player.v2                 D  Persisting Xtream catalog batch (NX-ONLY): 100 items (canonical_linking=true)
2026-01-30 15:37:27.119 17893-19368 XTC                     com.fishit.player.v2                 D  [SERIES] DTO→Raw #2750 | id=xtream:series:6757 | title="Futakoi" | sourceType=XTREAM | Fields: ✓[cast, poster, duration=1500000ms] ✗[year, plot, director, backdrop, tmdb]
2026-01-30 15:37:27.130 17893-18880 NxCatalogWriter         com.fishit.player.v2                 D  ✅ OPTIMIZED ingestBatch COMPLETE: 100 items | persist_ms=143 total_ms=169 (591 items/sec)
2026-01-30 15:37:27.130 17893-17927 ishit.player.v2         com.fishit.player.v2                 I  Background concurrent copying GC freed 999563(45MB) AllocSpace objects, 24(480KB) LOS objects, 42% free, 33MB/57MB, paused 176us,151us total 199.389ms
2026-01-30 15:37:27.130 17893-18880 CatalogSyncService      com.fishit.player.v2                 W  Xtream batch (NX): ingested=100 failed=0 hint_warnings=16 ingest_ms=286 total_ms=286
2026-01-30 15:37:27.139 17893-18880 CatalogSyncService      com.fishit.player.v2                 D  Persisting Xtream catalog batch (NX-ONLY): 100 items (canonical_linking=true)
2026-01-30 15:37:27.139 17893-19381 NxCatalogWriter         com.fishit.player.v2                 D  📥 OPTIMIZED ingestBatch START: 100 items
2026-01-30 15:37:27.144 17893-18879 XTC                     com.fishit.player.v2                 D  [VOD] DTO→Raw #3700 | id=xtream:vod:391869 | title="Batman v Superman: Dawn of Justice (2016" | sourceType=XTREAM | Fields: ✓[year=2016, poster] ✗[plot, cast, director, backdrop, duration, tmdb]
2026-01-30 15:37:27.149 17893-19367 NxCatalogWriter         com.fishit.player.v2                 D  ✅ OPTIMIZED ingestBatch COMPLETE: 100 items | persist_ms=204 total_ms=350 (285 items/sec)
2026-01-30 15:37:27.150 17893-19367 CatalogSyncService      com.fishit.player.v2                 W  Xtream batch (NX): ingested=100 failed=0 hint_warnings=32 ingest_ms=395 total_ms=399
2026-01-30 15:37:27.152 17893-19367 CatalogSyncService      com.fishit.player.v2                 D  Persisting Xtream catalog batch (NX-ONLY): 100 items (canonical_linking=true)
2026-01-30 15:37:27.172 17893-18146 XTC                     com.fishit.player.v2                 D  [LIVE] DTO→Raw #4000 | id=xtream:live:711839 | title="AL: WebStar Cinema DE" | sourceType=XTREAM | Fields: ✓[] ✗[year, plot, cast, director, poster, backdrop, duration, tmdb]
2026-01-30 15:37:27.175 17893-19368 XTC                     com.fishit.player.v2                 D  [VOD] DTO→Raw #3750 | id=xtream:vod:391944 | title="Star Trek Beyond (2016)" | sourceType=XTREAM | Fields: ✓[year=2016, poster] ✗[plot, cast, director, backdrop, duration, tmdb]
2026-01-30 15:37:27.178 17893-19381 NxWorkRepository        com.fishit.player.v2                 W  Deduped 2 duplicate workKeys in batch (100 → 98)
2026-01-30 15:37:27.181 17893-18878 XtreamCatalogScanWorker com.fishit.player.v2                 D  PROGRESS discovered=10558 persisted=10000 phase=N/A
2026-01-30 15:37:27.189 17893-19368 XTC                     com.fishit.player.v2                 D  [VOD] DTO→Raw #3800 | id=xtream:vod:392000 | title="X-Men: Apocalypse (2016)" | sourceType=XTREAM | Fields: ✓[year=2016, poster] ✗[plot, cast, director, backdrop, duration, tmdb]
2026-01-30 15:37:27.191 17893-18880 NxCatalogWriter         com.fishit.player.v2                 D  📥 OPTIMIZED ingestBatch START: 100 items
2026-01-30 15:37:27.204 17893-19367 NxCatalogWriter         com.fishit.player.v2                 D  📥 OPTIMIZED ingestBatch START: 100 items
2026-01-30 15:37:27.219 17893-18149 XTC                     com.fishit.player.v2                 D  [SERIES] DTO→Raw #2800 | id=xtream:series:6809 | title="Jigoku Shoujo" | sourceType=XTREAM | Fields: ✓[plot(906c), cast, poster, duration=1500000ms] ✗[year, director, backdrop, tmdb]
2026-01-30 15:37:27.220 17893-19368 XTC                     com.fishit.player.v2                 D  [VOD] DTO→Raw #3850 | id=xtream:vod:434474 | title="Dirty Harry (1971)" | sourceType=XTREAM | Fields: ✓[year=1971, poster] ✗[plot, cast, director, backdrop, duration, tmdb]
2026-01-30 15:37:27.281 17893-19381 NxCatalogWriter         com.fishit.player.v2                 D  ✅ OPTIMIZED ingestBatch COMPLETE: 100 items | persist_ms=103 total_ms=142 (704 items/sec)
2026-01-30 15:37:27.282 17893-18149 CatalogSyncService      com.fishit.player.v2                 W  Xtream batch (NX): ingested=100 failed=0 hint_warnings=21 ingest_ms=185 total_ms=186
2026-01-30 15:37:27.282 17893-18149 CatalogSyncService      com.fishit.player.v2                 D  Consumer#0: 35 batches, 10100 total items
2026-01-30 15:37:27.284 17893-18149 CatalogSyncService      com.fishit.player.v2                 D  Persisting Xtream catalog batch (NX-ONLY): 100 items (canonical_linking=true)
2026-01-30 15:37:27.301 17893-18877 XTC                     com.fishit.player.v2                 D  [VOD] DTO→Raw #3900 | id=xtream:vod:434540 | title="Harry Potter und die Heiligtümer des Tod" | sourceType=XTREAM | Fields: ✓[year=2010, poster] ✗[plot, cast, director, backdrop, duration, tmdb]
2026-01-30 15:37:27.312 17893-18880 NxCatalogWriter         com.fishit.player.v2                 D  ✅ OPTIMIZED ingestBatch COMPLETE: 100 items | persist_ms=92 total_ms=121 (826 items/sec)
2026-01-30 15:37:27.313 17893-18880 CatalogSyncService      com.fishit.player.v2                 W  Xtream batch (NX): ingested=100 failed=0 hint_warnings=24 ingest_ms=173 total_ms=174
2026-01-30 15:37:27.314 17893-18878 NxCatalogWriter         com.fishit.player.v2                 D  📥 OPTIMIZED ingestBatch START: 100 items
2026-01-30 15:37:27.315 17893-18880 CatalogSyncService      com.fishit.player.v2                 D  Persisting Xtream catalog batch (NX-ONLY): 100 items (canonical_linking=true)
2026-01-30 15:37:27.326 17893-18085 XTC                     com.fishit.player.v2                 D  [SERIES] DTO→Raw #2850 | id=xtream:series:6860 | title="Level E" | sourceType=XTREAM | Fields: ✓[plot(323c), cast, poster, duration=1440000ms] ✗[year, director, backdrop, tmdb]
2026-01-30 15:37:27.332 17893-19368 XTC                     com.fishit.player.v2                 D  [LIVE] DTO→Raw #4050 | id=xtream:live:711915 | title="AL: HS Select Shqip Black Panther" | sourceType=XTREAM | Fields: ✓[] ✗[year, plot, cast, director, poster, backdrop, duration, tmdb]
2026-01-30 15:37:27.341 17893-19367 NxCatalogWriter         com.fishit.player.v2                 D  ✅ OPTIMIZED ingestBatch COMPLETE: 100 items | persist_ms=115 total_ms=137 (729 items/sec)
2026-01-30 15:37:27.342 17893-19367 CatalogSyncService      com.fishit.player.v2                 W  Xtream batch (NX): ingested=100 failed=0 hint_warnings=26 ingest_ms=188 total_ms=189
2026-01-30 15:37:27.346 17893-19368 XTC                     com.fishit.player.v2                 D  [VOD] DTO→Raw #3950 | id=xtream:vod:434605 | title="Kill Bill - Volume 1 (2003)" | sourceType=XTREAM | Fields: ✓[year=2003, poster] ✗[plot, cast, director, backdrop, duration, tmdb]
2026-01-30 15:37:27.347 17893-18880 NxCatalogWriter         com.fishit.player.v2                 D  📥 OPTIMIZED ingestBatch START: 100 items
2026-01-30 15:37:27.349 17893-19367 CatalogSyncService      com.fishit.player.v2                 D  Persisting Xtream catalog batch (NX-ONLY): 100 items (canonical_linking=true)
2026-01-30 15:37:27.350 17893-18879 XTC                     com.fishit.player.v2                 D  [LIVE] DTO→Raw #4100 | id=xtream:live:23216 | title="AL: RTSH SPORT FHD" | sourceType=XTREAM | Fields: ✓[poster] ✗[year, plot, cast, director, backdrop, duration, tmdb]
2026-01-30 15:37:27.351 17893-18878 NxWorkRepository        com.fishit.player.v2                 W  Deduped 10 duplicate workKeys in batch (100 → 90)
2026-01-30 15:37:27.381 17893-18879 NxCatalogWriter         com.fishit.player.v2                 D  📥 OPTIMIZED ingestBatch START: 100 items
2026-01-30 15:37:27.443 17893-18878 NxCatalogWriter         com.fishit.player.v2                 D  ✅ OPTIMIZED ingestBatch COMPLETE: 100 items | persist_ms=92 total_ms=129 (775 items/sec)
2026-01-30 15:37:27.444 17893-19367 CatalogSyncService      com.fishit.player.v2                 W  Xtream batch (NX): ingested=100 failed=0 hint_warnings=15 ingest_ms=160 total_ms=161
2026-01-30 15:37:27.446 17893-19367 CatalogSyncService      com.fishit.player.v2                 D  Persisting Xtream catalog batch (NX-ONLY): 100 items (canonical_linking=true)
2026-01-30 15:37:27.453 17893-18149 XTC                     com.fishit.player.v2                 D  [SERIES] DTO→Raw #2900 | id=xtream:series:6910 | title="Monster" | sourceType=XTREAM | Fields: ✓[plot(1430c), cast, poster, duration=1440000ms] ✗[year, director, backdrop, tmdb]
2026-01-30 15:37:27.462 17893-19368 XTC                     com.fishit.player.v2                 D  [LIVE] DTO→Raw #4150 | id=xtream:live:66008 | title="GR: AXELWOS TV" | sourceType=XTREAM | Fields: ✓[poster] ✗[year, plot, cast, director, backdrop, duration, tmdb]
2026-01-30 15:37:27.482 17893-19367 NxCatalogWriter         com.fishit.player.v2                 D  📥 OPTIMIZED ingestBatch START: 100 items
2026-01-30 15:37:27.483 17893-18880 NxCatalogWriter         com.fishit.player.v2                 D  ✅ OPTIMIZED ingestBatch COMPLETE: 100 items | persist_ms=116 total_ms=136 (735 items/sec)
2026-01-30 15:37:27.483 17893-18880 CatalogSyncService      com.fishit.player.v2                 W  Xtream batch (NX): ingested=100 failed=0 hint_warnings=21 ingest_ms=168 total_ms=168
2026-01-30 15:37:27.484 17893-18880 CatalogSyncService      com.fishit.player.v2                 D  Consumer#1: 35 batches, 10500 total items
2026-01-30 15:37:27.487 17893-18880 CatalogSyncService      com.fishit.player.v2                 D  Persisting Xtream catalog batch (NX-ONLY): 100 items (canonical_linking=true)
