2026-01-28 14:03:25.039 27575-27575 ViewRootIm...nActivity] com.fishit.player.v2                 I  handleResized, msg = 4 frames=ClientWindowFrames{frame=[0,0][1080,2400] display=[0,0][1080,2400] parentFrame=[0,0][0,0]} forceNextWindowRelayout=false displayId=0 dragResizing=false compatScale=1.0 frameChanged=false attachedFrameChanged=false configChanged=false displayChanged=false compatScaleChanged=false
2026-01-28 14:03:25.098 27575-28081 TrafficStats            com.fishit.player.v2                 D  tagSocket(138) with statsTag=0xffffffff, statsUid=-1
2026-01-28 14:03:25.316 27575-27812 XtreamApiClient         com.fishit.player.v2                 D  NetworkProbe: HTTP 200 for konigtv.com/player_api.php | bytes=458 contentType=application/json
2026-01-28 14:03:25.335 27575-27805 XtreamApiClient         com.fishit.player.v2                 D  buildPlayerApiUrl: action=get_short_epg -> konigtv.com/player_api.php
2026-01-28 14:03:25.374 27575-27805 XtreamApiClient         com.fishit.player.v2                 D  NetworkProbe: HTTP 200 for konigtv.com/player_api.php | bytes=39 contentType=application/json
2026-01-28 14:03:25.380 27575-27805 XtreamApiClient         com.fishit.player.v2                 D  NetworkProbe: Manually decompressed gzip body for konigtv.com/player_api.php | original=39 decompressed=19
2026-01-28 14:03:26.216 27575-27810 XtreamApiClient         com.fishit.player.v2                 D  NetworkProbe: HTTP 200 for konigtv.com/player_api.php | bytes=3287270 contentType=application/json
2026-01-28 14:03:26.281 27575-27586 InputTransport          com.fishit.player.v2                 D  Input channel destroyed: 'ClientS', fd=141
2026-01-28 14:03:26.720 27575-27807 XtreamApiClient         com.fishit.player.v2                 D  NetworkProbe: HTTP 200 for konigtv.com/player_api.php | bytes=6212435 contentType=application/json
2026-01-28 14:03:27.251 27575-27585 ishit.player.v2         com.fishit.player.v2                 I  Background concurrent copying GC freed 4475(3883KB) AllocSpace objects, 0(0B) LOS objects, 43% free, 31MB/55MB, paused 65us,71us total 135.198ms
2026-01-28 14:03:28.337 27575-27807 XtreamApiClient         com.fishit.player.v2                 D  buildPlayerApiUrl: action=null -> konigtv.com/player_api.php
2026-01-28 14:03:28.339 27575-27807 XtreamApiClient         com.fishit.player.v2                 D  getServerInfo: Fetching from konigtv.com/player_api.php
2026-01-28 14:03:28.401 27575-27807 XtreamApiClient         com.fishit.player.v2                 D  NetworkProbe: HTTP 200 for konigtv.com/player_api.php | bytes=458 contentType=application/json
2026-01-28 14:03:28.402 27575-27807 XtreamApiClient         com.fishit.player.v2                 D  getServerInfo: Received 458 bytes, parsing...
2026-01-28 14:03:28.408 27575-27807 XtreamApiClient         com.fishit.player.v2                 D  Server info retrieved: konigtv.com
2026-01-28 14:03:28.410 27575-27575 XtreamAuthRepoAdapter   com.fishit.player.v2                 D  initialize: API client initialized successfully with capabilities: http://konigtv.com:8080
2026-01-28 14:03:28.417 27575-27807 XtreamAuthRepoAdapter   com.fishit.player.v2                 D  connectionState -> Connected(baseUrl=http://konigtv.com:8080, latencyMs=4029) | domain=Connected
2026-01-28 14:03:28.418 27575-27807 XtreamAuthRepoAdapter   com.fishit.player.v2                 D  authState -> Authenticated(userInfo=XtreamUserInfo(username=Christoph10, status=ACTIVE, expDateEpoch=1797326326, maxConnections=1, activeConnections=0, isTrial=false, allowedFormats=[m3u8, ts], createdAt=1757512912, message=Welcome)) | domain=Authenticated
2026-01-28 14:03:28.426 27575-27807 SourceActivationStore   com.fishit.player.v2                 D  Loaded state from DataStore: SourceActivationSnapshot(xtream=Active, telegram=Inactive, io=Inactive)
2026-01-28 14:03:28.427 27575-27813 SourceActi...onObserver com.fishit.player.v2                 I  Active sources changed: [XTREAM] → enqueuing auto sync
2026-01-28 14:03:28.427 27575-27812 CatalogSyncBootstrap    com.fishit.player.v2                 D  Source activation check: activeSources=[XTREAM], hasActive=true
2026-01-28 14:03:28.427 27575-27813 CatalogSyncScheduler    com.fishit.player.v2                 D  Enqueueing AUTO sync
2026-01-28 14:03:28.430 27575-27575 SourceActivationStore   com.fishit.player.v2                 I  Source activation changed: XTREAM -> Active
2026-01-28 14:03:28.431 27575-27575 XtreamAuthRepoAdapter   com.fishit.player.v2                 I  initialize: XTREAM source activated
2026-01-28 14:03:28.431 27575-27575 OnboardingViewModel     com.fishit.player.v2                 D  connectXtream: Initialize succeeded, saving credentials
2026-01-28 14:03:28.456 27575-27812 XtreamCredStore         com.fishit.player.v2                 I  Stored credentials: scheme=http, host=konigtv.com, port=8080
2026-01-28 14:03:28.473 27575-27826 Compatibil...geReporter com.fishit.player.v2                 D  Compat change id reported: 194532703; UID 10457; state: ENABLED
2026-01-28 14:03:28.473 27575-27826 Compatibil...geReporter com.fishit.player.v2                 D  Compat change id reported: 253665015; UID 10457; state: ENABLED
2026-01-28 14:03:28.473 27575-27826 WM-SystemJobScheduler   com.fishit.player.v2                 D  Scheduling work ID 1d733e55-eef6-4005-859f-d2183e2bcc88Job ID 0
2026-01-28 14:03:28.490 27575-27826 WM-GreedyScheduler      com.fishit.player.v2                 D  Starting work for 1d733e55-eef6-4005-859f-d2183e2bcc88
2026-01-28 14:03:28.501 27575-27826 WM-Processor            com.fishit.player.v2                 D  Processor: processing WorkGenerationalId(workSpecId=1d733e55-eef6-4005-859f-d2183e2bcc88, generation=0)
2026-01-28 14:03:28.507 27575-27826 Compatibil...geReporter com.fishit.player.v2                 D  Compat change id reported: 263076149; UID 10457; state: ENABLED
2026-01-28 14:03:28.525 27575-27826 WM-PackageManagerHelper com.fishit.player.v2                 D  androidx.work.impl.background.systemalarm.RescheduleReceiver enabled
2026-01-28 14:03:28.596 27575-27575 WM-WorkerWrapper        com.fishit.player.v2                 D  Starting work for com.fishit.player.v2.work.CatalogSyncOrchestratorWorker
2026-01-28 14:03:28.598 27575-27812 CatalogSyn...atorWorker com.fishit.player.v2                 I  START sync_run_id=87dbe41e-977d-4158-b5eb-802081b51899 mode=auto
2026-01-28 14:03:28.602 27575-27812 RuntimeGuards           com.fishit.player.v2                 D  Manual sync (auto) - skipping battery guard (level=100%)
2026-01-28 14:03:28.603 27575-27812 CatalogSyn...atorWorker com.fishit.player.v2                 I  Active sources check: [XTREAM] (isEmpty=false)
2026-01-28 14:03:28.604 27575-27812 CatalogSyn...atorWorker com.fishit.player.v2                 D  Active sources: [XTREAM] (TELEGRAM=false, XTREAM=true, IO=false)
2026-01-28 14:03:28.606 27575-27575 WM-SystemJobService     com.fishit.player.v2                 D  onStartJob for WorkGenerationalId(workSpecId=1d733e55-eef6-4005-859f-d2183e2bcc88, generation=0)
2026-01-28 14:03:28.606 27575-27812 CatalogSyn...atorWorker com.fishit.player.v2                 D  Enqueued Xtream chain: work_name=catalog_sync_global_xtream policy=KEEP workers=2
2026-01-28 14:03:28.607 27575-27812 CatalogSyn...atorWorker com.fishit.player.v2                 D  Telegram not in active sources - skipping Telegram workers
2026-01-28 14:03:28.608 27575-27812 CatalogSyn...atorWorker com.fishit.player.v2                 D  📊 WorkInfo chains enqueued:
                                                                                                      [XTREAM] work_name=catalog_sync_global_xtream → ENQUEUED
                                                                                                      Use 'adb shell dumpsys jobscheduler' or WorkManager Inspector for detailed state
2026-01-28 14:03:28.609 27575-27812 CatalogSyn...atorWorker com.fishit.player.v2                 I  CHAINS_ENQUEUED duration_ms=10 policy=KEEP sources=XTREAM (downstream workers will report completion)
2026-01-28 14:03:28.628 27575-27811 WM-SystemJobScheduler   com.fishit.player.v2                 D  Scheduling work ID a64b4194-84c0-4232-ac2a-1643de5f1749Job ID 1
2026-01-28 14:03:28.637 27575-27811 WM-GreedyScheduler      com.fishit.player.v2                 D  Starting work for a64b4194-84c0-4232-ac2a-1643de5f1749
2026-01-28 14:03:28.638 27575-27575 WM-SystemJobService     com.fishit.player.v2                 D  onStartJob for WorkGenerationalId(workSpecId=a64b4194-84c0-4232-ac2a-1643de5f1749, generation=0)
2026-01-28 14:03:28.641 27575-27811 WM-Processor            com.fishit.player.v2                 D  Work WorkGenerationalId(workSpecId=1d733e55-eef6-4005-859f-d2183e2bcc88, generation=0) is already enqueued for processing
2026-01-28 14:03:28.643 27575-27811 WM-WorkerWrapper        com.fishit.player.v2                 I  Worker result SUCCESS for Work [ id=1d733e55-eef6-4005-859f-d2183e2bcc88, tags={ com.fishit.player.v2.work.CatalogSyncOrchestratorWorker,catalog_sync,mode_auto,worker/CatalogSyncOrchestratorWorker } ]
2026-01-28 14:03:28.645 27575-27575 WM-Processor            com.fishit.player.v2                 D  Processor 1d733e55-eef6-4005-859f-d2183e2bcc88 executed; reschedule = false
2026-01-28 14:03:28.645 27575-27575 WM-SystemJobService     com.fishit.player.v2                 D  1d733e55-eef6-4005-859f-d2183e2bcc88 executed on JobScheduler
2026-01-28 14:03:28.650 27575-27811 WM-Processor            com.fishit.player.v2                 D  Processor: processing WorkGenerationalId(workSpecId=a64b4194-84c0-4232-ac2a-1643de5f1749, generation=0)
2026-01-28 14:03:28.653 27575-27811 WM-Processor            com.fishit.player.v2                 D  Work WorkGenerationalId(workSpecId=a64b4194-84c0-4232-ac2a-1643de5f1749, generation=0) is already enqueued for processing
2026-01-28 14:03:28.654 27575-27811 WM-GreedyScheduler      com.fishit.player.v2                 D  Cancelling work ID 1d733e55-eef6-4005-859f-d2183e2bcc88
2026-01-28 14:03:28.668 27575-27575 WM-WorkerWrapper        com.fishit.player.v2                 D  Starting work for com.fishit.player.v2.work.XtreamPreflightWorker
2026-01-28 14:03:28.669 27575-27812 XtreamPreflightWorker   com.fishit.player.v2                 I  START sync_run_id=87dbe41e-977d-4158-b5eb-802081b51899 mode=auto source=XTREAM attempt=0/5
2026-01-28 14:03:28.673 27575-27812 RuntimeGuards           com.fishit.player.v2                 D  Manual sync (auto) - skipping battery guard (level=100%)
2026-01-28 14:03:28.674 27575-27812 XtreamPreflightWorker   com.fishit.player.v2                 I  SUCCESS duration_ms=4 (credentials valid)
2026-01-28 14:03:28.677 27575-27827 WM-WorkerWrapper        com.fishit.player.v2                 I  Worker result SUCCESS for Work [ id=a64b4194-84c0-4232-ac2a-1643de5f1749, tags={ com.fishit.player.v2.work.XtreamPreflightWorker,catalog_sync,source_xtream,worker/XtreamPreflightWorker } ]
2026-01-28 14:03:28.680 27575-27827 WM-WorkerWrapper        com.fishit.player.v2                 I  Setting status to enqueued for 5d1c9797-69d6-40bb-b6f0-6a470fe954d1
2026-01-28 14:03:28.682 27575-27575 WM-Processor            com.fishit.player.v2                 D  Processor a64b4194-84c0-4232-ac2a-1643de5f1749 executed; reschedule = false
2026-01-28 14:03:28.682 27575-27575 WM-SystemJobService     com.fishit.player.v2                 D  a64b4194-84c0-4232-ac2a-1643de5f1749 executed on JobScheduler
2026-01-28 14:03:28.690 27575-27575 ishit.player.v2         com.fishit.player.v2                 W  Accessing hidden field Landroid/app/ActivityThread;->mServices:Landroid/util/ArrayMap; (unsupported, reflection, allowed)
2026-01-28 14:03:28.690 27575-27825 WM-GreedyScheduler      com.fishit.player.v2                 D  Cancelling work ID a64b4194-84c0-4232-ac2a-1643de5f1749
2026-01-28 14:03:28.691 27575-27575 LeakCanary              com.fishit.player.v2                 D  Watching instance of androidx.work.impl.background.systemjob.SystemJobService (androidx.work.impl.background.systemjob.SystemJobService received Service#onDestroy() callback) with key a2c55e1b-8470-4323-958e-118e2f001102
2026-01-28 14:03:28.704 27575-27825 WM-SystemJobScheduler   com.fishit.player.v2                 D  Scheduling work ID 5d1c9797-69d6-40bb-b6f0-6a470fe954d1Job ID 2
2026-01-28 14:03:28.718 27575-27825 WM-GreedyScheduler      com.fishit.player.v2                 D  Starting work for 5d1c9797-69d6-40bb-b6f0-6a470fe954d1
2026-01-28 14:03:28.724 27575-27575 WM-SystemJobService     com.fishit.player.v2                 D  onStartJob for WorkGenerationalId(workSpecId=5d1c9797-69d6-40bb-b6f0-6a470fe954d1, generation=0)
2026-01-28 14:03:28.730 27575-27825 WM-Processor            com.fishit.player.v2                 D  Processor: processing WorkGenerationalId(workSpecId=5d1c9797-69d6-40bb-b6f0-6a470fe954d1, generation=0)
2026-01-28 14:03:28.733 27575-27825 WM-Processor            com.fishit.player.v2                 D  Work WorkGenerationalId(workSpecId=5d1c9797-69d6-40bb-b6f0-6a470fe954d1, generation=0) is already enqueued for processing
2026-01-28 14:03:28.821 27575-27585 ishit.player.v2         com.fishit.player.v2                 I  Background young concurrent copying GC freed 21385(1261KB) AllocSpace objects, 4(164KB) LOS objects, 2% free, 54MB/55MB, paused 224us,53us total 151.284ms
2026-01-28 14:03:29.063 27575-27575 WM-WorkerWrapper        com.fishit.player.v2                 D  Starting work for com.fishit.player.v2.work.XtreamCatalogScanWorker
2026-01-28 14:03:29.069 27575-27813 XtreamCatalogScanWorker com.fishit.player.v2                 I  START sync_run_id=87dbe41e-977d-4158-b5eb-802081b51899 mode=auto source=XTREAM scope=INCREMENTAL runtimeBudgetMs=900000 checkpoint=xtream|v=2|phase=VOD_LIST|offset=0
2026-01-28 14:03:29.073 27575-27813 RuntimeGuards           com.fishit.player.v2                 D  Manual sync (auto) - skipping battery guard (level=100%)
2026-01-28 14:03:29.074 27575-27813 XtreamCatalogScanWorker com.fishit.player.v2                 D  Catalog sync: includeVod=true includeSeries=true includeEpisodes=false (lazy) includeLive=true scope=INCREMENTAL enhanced=true
2026-01-28 14:03:29.075 27575-27813 XtreamCatalogScanWorker com.fishit.player.v2                 I  Using ENHANCED sync: live=600 movies=400 series=200 timeFlush=true
2026-01-28 14:03:29.077 27575-27813 CatalogSyncService      com.fishit.player.v2                 I  Starting enhanced Xtream sync: live=true, vod=true, series=true, episodes=false, excludeSeriesIds=0, episodeParallelism=4, canonical_linking=false
2026-01-28 14:03:29.078 27575-27813 XtreamCatalogScanWorker com.fishit.player.v2                 D  Enhanced catalog sync started
2026-01-28 14:03:29.089 27575-27805 XtreamCatalogPipeline   com.fishit.player.v2                 I  Starting Xtream catalog scan: vod=true, series=true, episodes=false, live=true
2026-01-28 14:03:29.090 27575-27813 CatalogSyncService      com.fishit.player.v2                 D  Enhanced scan started
2026-01-28 14:03:29.090 27575-27812 XtreamCatalogPipeline   com.fishit.player.v2                 D  [LIVE] Starting parallel scan (streaming-first)...
2026-01-28 14:03:29.092 27575-27813 XtreamCatalogPipeline   com.fishit.player.v2                 D  [VOD] Starting parallel scan (streaming-first)...
2026-01-28 14:03:29.093 27575-27808 XtreamCatalogPipeline   com.fishit.player.v2                 D  [SERIES] Starting parallel scan (streaming-first, episodes deferred)...
2026-01-28 14:03:29.099 27575-27812 XtreamApiClient         com.fishit.player.v2                 D  buildPlayerApiUrl: action=get_live_streams -> konigtv.com/player_api.php
2026-01-28 14:03:29.109 27575-27808 XtreamApiClient         com.fishit.player.v2                 D  buildPlayerApiUrl: action=get_series -> konigtv.com/player_api.php
2026-01-28 14:03:29.109 27575-27807 XtreamApiClient         com.fishit.player.v2                 D  buildPlayerApiUrl: action=get_vod_streams -> konigtv.com/player_api.php
2026-01-28 14:03:29.284 27575-27812 XtreamApiClient         com.fishit.player.v2                 D  StreamingFetch: Success for konigtv.com/player_api.php, streaming response
2026-01-28 14:03:29.474 27575-27808 XtreamApiClient         com.fishit.player.v2                 D  StreamingFetch: Success for konigtv.com/player_api.php, streaming response
2026-01-28 14:03:29.479 27575-27812 XTC                     com.fishit.player.v2                 D  [LIVE] DTO→Raw #1 | id=xtream:live:81568 | title="DE HEVC" | Fields: ✓[poster] ✗[year, plot, cast, director, backdrop, duration, tmdb]
2026-01-28 14:03:29.548 27575-27812 XTC                     com.fishit.player.v2                 D  [LIVE] DTO→Raw #50 | id=xtream:live:71808 | title="DE: Deluxe Music HEVC" | Fields: ✓[poster] ✗[year, plot, cast, director, backdrop, duration, tmdb]
2026-01-28 14:03:29.616 27575-27812 XTC                     com.fishit.player.v2                 D  [LIVE] DTO→Raw #100 | id=xtream:live:49200 | title="DE: Pro 7 Maxx FHD" | Fields: ✓[poster] ✗[year, plot, cast, director, backdrop, duration, tmdb]
2026-01-28 14:03:29.617 27575-28067 XtreamCatalogScanWorker com.fishit.player.v2                 D  PROGRESS discovered=100 persisted=0 phase=null
2026-01-28 14:03:29.618 27575-28067 SyncPerfMetrics         com.fishit.player.v2                 D  Phase LIVE started
2026-01-28 14:03:29.618 27575-28067 XtreamCatalogScanWorker com.fishit.player.v2                 D  PROGRESS discovered=100 persisted=0 phase=LIVE
2026-01-28 14:03:29.677 27575-27812 XTC                     com.fishit.player.v2                 D  [LIVE] DTO→Raw #150 | id=xtream:live:361561 | title="DE: NDR Hamburg" | Fields: ✓[poster] ✗[year, plot, cast, director, backdrop, duration, tmdb]
2026-01-28 14:03:29.718 27575-27808 XTC                     com.fishit.player.v2                 D  [SERIES] DTO→Raw #1 | id=xtream:series:-441 | title="Madam Secretary" | Fields: ✓[plot(542c), cast, poster] ✗[year, director, backdrop, duration, tmdb]
2026-01-28 14:03:29.725 27575-27805 XtreamCatalogScanWorker com.fishit.player.v2                 D  PROGRESS discovered=200 persisted=0 phase=null
2026-01-28 14:03:29.741 27575-27812 XTC                     com.fishit.player.v2                 D  [LIVE] DTO→Raw #200 | id=xtream:live:197779 | title="DE: QVC STYLE TV" | Fields: ✓[poster] ✗[year, plot, cast, director, backdrop, duration, tmdb]
2026-01-28 14:03:29.742 27575-27805 SyncPerfMetrics         com.fishit.player.v2                 D  Phase LIVE started
2026-01-28 14:03:29.743 27575-27805 XtreamCatalogScanWorker com.fishit.player.v2                 D  PROGRESS discovered=242 persisted=0 phase=LIVE
2026-01-28 14:03:29.745 27575-27808 XTC                     com.fishit.player.v2                 D  [SERIES] DTO→Raw #50 | id=xtream:series:365 | title="4 Blocks" | Fields: ✓[plot(424c), cast, poster] ✗[year, director, backdrop, duration, tmdb]
2026-01-28 14:03:29.761 27575-27807 XtreamCatalogScanWorker com.fishit.player.v2                 D  PROGRESS discovered=300 persisted=0 phase=null
2026-01-28 14:03:29.765 27575-27808 XTC                     com.fishit.player.v2                 D  [SERIES] DTO→Raw #100 | id=xtream:series:687 | title="The I-Land" | Fields: ✓[plot(471c), cast, poster] ✗[year, director, backdrop, duration, tmdb]
2026-01-28 14:03:29.766 27575-27805 SyncPerfMetrics         com.fishit.player.v2                 D  Phase SERIES started
2026-01-28 14:03:29.767 27575-27805 XtreamCatalogScanWorker com.fishit.player.v2                 D  PROGRESS discovered=320 persisted=0 phase=SERIES
2026-01-28 14:03:29.781 27575-27808 XTC                     com.fishit.player.v2                 D  [SERIES] DTO→Raw #150 | id=xtream:series:784 | title="Who Killed Jeffrey Epstein" | Fields: ✓[poster] ✗[year, plot, cast, director, backdrop, duration, tmdb]
2026-01-28 14:03:29.786 27575-27805 XtreamCatalogScanWorker com.fishit.player.v2                 D  PROGRESS discovered=400 persisted=0 phase=null
2026-01-28 14:03:29.797 27575-27812 XTC                     com.fishit.player.v2                 D  [LIVE] DTO→Raw #250 | id=xtream:live:67411 | title="DE: Bndliga 7 SD" | Fields: ✓[poster] ✗[year, plot, cast, director, backdrop, duration, tmdb]
2026-01-28 14:03:29.797 27575-27808 XTC                     com.fishit.player.v2                 D  [SERIES] DTO→Raw #200 | id=xtream:series:1141 | title="Godless" | Fields: ✓[plot(170c), cast, poster] ✗[year, director, backdrop, duration, tmdb]
2026-01-28 14:03:29.798 27575-27805 SyncBatchManager        com.fishit.player.v2                 D  Flushing SERIES batch: 200 items (timeBased=false)
2026-01-28 14:03:29.799 27575-27805 CatalogSyncService      com.fishit.player.v2                 D  Persisting Xtream catalog batch (NX-ONLY): 200 items (canonical_linking=false)
2026-01-28 14:03:29.810 27575-27808 XTC                     com.fishit.player.v2                 D  [SERIES] DTO→Raw #250 | id=xtream:series:1344 | title="LOL: Last One Laughing" | Fields: ✓[plot(258c), cast, poster] ✗[year, director, backdrop, duration, tmdb]
2026-01-28 14:03:30.497 27575-27812 SyncBatchManager        com.fishit.player.v2                 D  Time-based flush for LIVE: 250 items after 1207ms
2026-01-28 14:03:30.498 27575-27812 SyncBatchManager        com.fishit.player.v2                 D  Flushing LIVE batch: 250 items (timeBased=true)
2026-01-28 14:03:30.499 27575-27812 CatalogSyncService      com.fishit.player.v2                 D  Persisting Xtream live batch (NX-ONLY): 250 items
2026-01-28 14:03:30.720 27575-27810 XtreamApiClient         com.fishit.player.v2                 D  StreamingFetch: Success for konigtv.com/player_api.php, streaming response
2026-01-28 14:03:30.850 27575-27810 XTC                     com.fishit.player.v2                 D  [VOD] DTO→Raw #1 | id=xtream:vod:804345 | title="Ella McCay | 2025 | 5.2" | Fields: ✓[poster] ✗[year, plot, cast, director, backdrop, duration, tmdb]
2026-01-28 14:03:31.562 27575-27808 CatalogSyncService      com.fishit.player.v2                 D  Xtream batch complete (HOT PATH/NX): ingested=200 total_ms=1763
2026-01-28 14:03:31.563 27575-27808 SyncPerfMetrics         com.fishit.player.v2                 D  Phase SERIES started
2026-01-28 14:03:31.563 27575-27808 XtreamCatalogScanWorker com.fishit.player.v2                 D  PROGRESS discovered=450 persisted=200 phase=SERIES
2026-01-28 14:03:31.571 27575-27808 XtreamCatalogScanWorker com.fishit.player.v2                 D  PROGRESS discovered=500 persisted=200 phase=null
2026-01-28 14:03:31.578 27575-27813 XTC                     com.fishit.player.v2                 D  [SERIES] DTO→Raw #300 | id=xtream:series:1475 | title="Panic" | Fields: ✓[plot(526c), cast, poster] ✗[year, director, backdrop, duration, tmdb]
2026-01-28 14:03:31.580 27575-27808 XtreamCatalogScanWorker com.fishit.player.v2                 D  PROGRESS discovered=600 persisted=200 phase=null
2026-01-28 14:03:31.581 27575-27812 XTC                     com.fishit.player.v2                 D  [VOD] DTO→Raw #50 | id=xtream:vod:801981 | title="Anaconda | 2025 | 6.7" | Fields: ✓[poster] ✗[year, plot, cast, director, backdrop, duration, tmdb]
2026-01-28 14:03:31.582 27575-27808 SyncPerfMetrics         com.fishit.player.v2                 D  Phase SERIES started
2026-01-28 14:03:31.583 27575-27808 XtreamCatalogScanWorker com.fishit.player.v2                 D  PROGRESS discovered=609 persisted=200 phase=SERIES
2026-01-28 14:03:31.588 27575-27813 XTC                     com.fishit.player.v2                 D  [SERIES] DTO→Raw #350 | id=xtream:series:1604 | title="Monster bei der Arbeit" | Fields: ✓[plot(482c), cast, poster] ✗[year, director, backdrop, duration, tmdb]
2026-01-28 14:03:31.590 27575-27808 XtreamCatalogScanWorker com.fishit.player.v2                 D  PROGRESS discovered=700 persisted=200 phase=null
2026-01-28 14:03:31.596 27575-27812 XTC                     com.fishit.player.v2                 D  [VOD] DTO→Raw #100 | id=xtream:vod:800634 | title="Whiteout - Überleben ist alles | 2025 | " | Fields: ✓[poster] ✗[year, plot, cast, director, backdrop, duration, tmdb]
2026-01-28 14:03:31.597 27575-28069 SyncPerfMetrics         com.fishit.player.v2                 D  Phase MOVIES started
2026-01-28 14:03:31.598 27575-28069 XtreamCatalogScanWorker com.fishit.player.v2                 D  PROGRESS discovered=759 persisted=200 phase=VOD
2026-01-28 14:03:31.602 27575-28069 XtreamCatalogScanWorker com.fishit.player.v2                 D  PROGRESS discovered=800 persisted=200 phase=null
2026-01-28 14:03:31.602 27575-27813 XTC                     com.fishit.player.v2                 D  [SERIES] DTO→Raw #400 | id=xtream:series:1752 | title="The North Water" | Fields: ✓[plot(570c), cast, poster] ✗[year, director, backdrop, duration, tmdb]
2026-01-28 14:03:31.604 27575-28069 SyncBatchManager        com.fishit.player.v2                 D  Flushing SERIES batch: 200 items (timeBased=false)
2026-01-28 14:03:31.604 27575-28069 CatalogSyncService      com.fishit.player.v2                 D  Persisting Xtream catalog batch (NX-ONLY): 200 items (canonical_linking=false)
2026-01-28 14:03:32.469 27575-28067 CatalogSyncService      com.fishit.player.v2                 D  Xtream batch complete (HOT PATH/NX): ingested=200 total_ms=865
2026-01-28 14:03:32.470 27575-28067 SyncPerfMetrics         com.fishit.player.v2                 D  Phase SERIES started
2026-01-28 14:03:32.471 27575-28067 XtreamCatalogScanWorker com.fishit.player.v2                 D  PROGRESS discovered=813 persisted=400 phase=SERIES
2026-01-28 14:03:32.473 27575-28068 XTC                     com.fishit.player.v2                 D  [LIVE] DTO→Raw #300 | id=xtream:live:354423 | title="DE: Bundesliga Tivibu 2 (Türkisch)" | Fields: ✓[poster] ✗[year, plot, cast, director, backdrop, duration, tmdb]
2026-01-28 14:03:32.476 27575-28068 XTC                     com.fishit.player.v2                 D  [VOD] DTO→Raw #150 | id=xtream:vod:798830 | title="825 Forest Road | 2025 | 5.9 |" | Fields: ✓[poster] ✗[year, plot, cast, director, backdrop, duration, tmdb]
2026-01-28 14:03:32.480 27575-28067 XtreamCatalogScanWorker com.fishit.player.v2                 D  PROGRESS discovered=900 persisted=400 phase=null
2026-01-28 14:03:32.481 27575-28067 SyncPerfMetrics         com.fishit.player.v2                 D  Phase LIVE started
2026-01-28 14:03:32.482 27575-28067 XtreamCatalogScanWorker com.fishit.player.v2                 D  PROGRESS discovered=905 persisted=400 phase=LIVE
2026-01-28 14:03:32.484 27575-27805 XTC                     com.fishit.player.v2                 D  [SERIES] DTO→Raw #450 | id=xtream:series:1972 | title="Tales of Zestiria the X" | Fields: ✓[plot(603c), cast, poster] ✗[year, director, backdrop, duration, tmdb]
2026-01-28 14:03:32.494 27575-28068 XTC                     com.fishit.player.v2                 D  [VOD] DTO→Raw #200 | id=xtream:vod:797304 | title="Frankenstein | 2025 | 7.9 |" | Fields: ✓[poster] ✗[year, plot, cast, director, backdrop, duration, tmdb]
2026-01-28 14:03:32.500 27575-27807 SyncPerfMetrics         com.fishit.player.v2                 D  Phase MOVIES started
2026-01-28 14:03:32.502 27575-27807 XtreamCatalogScanWorker com.fishit.player.v2                 D  PROGRESS discovered=977 persisted=400 phase=VOD
2026-01-28 14:03:32.513 27575-27807 XtreamCatalogScanWorker com.fishit.player.v2                 D  PROGRESS discovered=1000 persisted=400 phase=null
2026-01-28 14:03:32.519 27575-28068 XTC                     com.fishit.player.v2                 D  [VOD] DTO→Raw #250 | id=xtream:vod:794087 | title="Jenseits der blauen Grenze | 2024 | 6.4 " | Fields: ✓[poster] ✗[year, plot, cast, director, backdrop, duration, tmdb]
2026-01-28 14:03:32.526 27575-28069 XTC                     com.fishit.player.v2                 D  [SERIES] DTO→Raw #500 | id=xtream:series:2039 | title="Die Abenteuer des Odysseus" | Fields: ✓[plot(841c), cast, poster] ✗[year, director, backdrop, duration, tmdb]
2026-01-28 14:03:32.538 27575-27807 XtreamCatalogScanWorker com.fishit.player.v2                 D  PROGRESS discovered=1100 persisted=400 phase=null
2026-01-28 14:03:32.538 27575-27807 SyncPerfMetrics         com.fishit.player.v2                 D  Phase SERIES started
2026-01-28 14:03:32.539 27575-27807 XtreamCatalogScanWorker com.fishit.player.v2                 D  PROGRESS discovered=1099 persisted=400 phase=SERIES
2026-01-28 14:03:32.542 27575-28067 XTC                     com.fishit.player.v2                 D  [LIVE] DTO→Raw #350 | id=xtream:live:181819 | title="MyTeam TV - 7" | Fields: ✓[poster] ✗[year, plot, cast, director, backdrop, duration, tmdb]
2026-01-28 14:03:32.545 27575-27813 XTC                     com.fishit.player.v2                 D  [VOD] DTO→Raw #300 | id=xtream:vod:791360 | title="All of You | 2025 | 6.5 |" | Fields: ✓[poster] ✗[year, plot, cast, director, backdrop, duration, tmdb]
2026-01-28 14:03:32.552 27575-27805 SyncPerfMetrics         com.fishit.player.v2                 D  Phase MOVIES started
2026-01-28 14:03:32.553 27575-27805 XtreamCatalogScanWorker com.fishit.player.v2                 D  PROGRESS discovered=1153 persisted=400 phase=VOD
2026-01-28 14:03:32.559 27575-27806 XtreamCatalogScanWorker com.fishit.player.v2                 D  PROGRESS discovered=1200 persisted=400 phase=null
2026-01-28 14:03:32.561 27575-27813 XTC                     com.fishit.player.v2                 D  [VOD] DTO→Raw #350 | id=xtream:vod:788976 | title="Was ist Liebe wert - Materialists | 2025" | Fields: ✓[poster] ✗[year, plot, cast, director, backdrop, duration, tmdb]
2026-01-28 14:03:32.610 27575-27813 XTC                     com.fishit.player.v2                 D  [VOD] DTO→Raw #400 | id=xtream:vod:786362 | title="Checkmates - Ziemlich schräge Figuren | " | Fields: ✓[poster] ✗[year, plot, cast, director, backdrop, duration, tmdb]
2026-01-28 14:03:32.613 27575-28067 XTC                     com.fishit.player.v2                 D  [LIVE] DTO→Raw #400 | id=xtream:live:795605 | title="DE: DEL2 EVENT 16" | Fields: ✓[poster] ✗[year, plot, cast, director, backdrop, duration, tmdb]
2026-01-28 14:03:32.617 27575-27806 SyncBatchManager        com.fishit.player.v2                 D  Flushing MOVIES batch: 400 items (timeBased=false)
2026-01-28 14:03:32.619 27575-27806 CatalogSyncService      com.fishit.player.v2                 D  Persisting Xtream catalog batch (NX-ONLY): 400 items (canonical_linking=false)
2026-01-28 14:03:32.624 27575-27807 CatalogSyncService      com.fishit.player.v2                 D  Xtream live batch complete (NX): ingested=250 total_ms=2126
2026-01-28 14:03:32.624 27575-27807 CatalogSyncService      com.fishit.player.v2                 D  Time-based flush LIVE: 250 items in 2126ms
2026-01-28 14:03:32.826 27575-27812 SyncBatchManager        com.fishit.player.v2                 D  Time-based flush for LIVE: 146 items after 2328ms
2026-01-28 14:03:32.826 27575-27812 SyncBatchManager        com.fishit.player.v2                 D  Flushing LIVE batch: 146 items (timeBased=true)
2026-01-28 14:03:32.827 27575-27812 CatalogSyncService      com.fishit.player.v2                 D  Persisting Xtream live batch (NX-ONLY): 146 items
2026-01-28 14:03:33.429 27575-27806 CatalogSyncBootstrap    com.fishit.player.v2                 I  Catalog sync bootstrap triggered; activeSources=[XTREAM]
2026-01-28 14:03:33.429 27575-27806 CatalogSyncScheduler    com.fishit.player.v2                 D  Enqueueing AUTO sync
2026-01-28 14:03:33.431 27575-27806 CatalogSyncScheduler    com.fishit.player.v2                 D  Scheduling periodic incremental sync every 2 hours
2026-01-28 14:03:33.435 27575-27806 CatalogSyncScheduler    com.fishit.player.v2                 I  Periodic incremental sync scheduled: every 2 hours
2026-01-28 14:03:33.435 27575-27806 CatalogSyncBootstrap    com.fishit.player.v2                 I  Periodic incremental sync scheduled: every 2h
2026-01-28 14:03:33.445 27575-27811 WM-SystemJobScheduler   com.fishit.player.v2                 D  Scheduling work ID 1fb24762-67d5-419e-a820-08acf4b0a6ccJob ID 3
2026-01-28 14:03:33.452 27575-27811 WM-GreedyScheduler      com.fishit.player.v2                 D  Starting work for 1fb24762-67d5-419e-a820-08acf4b0a6cc
2026-01-28 14:03:33.452 27575-27575 WM-SystemJobService     com.fishit.player.v2                 D  onStartJob for WorkGenerationalId(workSpecId=1fb24762-67d5-419e-a820-08acf4b0a6cc, generation=0)
2026-01-28 14:03:33.471 27575-27811 WM-SystemJobScheduler   com.fishit.player.v2                 D  Scheduling work ID e5db1859-3d18-430c-8fad-9664a8769ff5Job ID 4
2026-01-28 14:03:33.475 27575-27811 WM-GreedyScheduler      com.fishit.player.v2                 D  Starting tracking for e5db1859-3d18-430c-8fad-9664a8769ff5
2026-01-28 14:03:33.476 27575-27575 WM-SystemJobService     com.fishit.player.v2                 D  onStartJob for WorkGenerationalId(workSpecId=e5db1859-3d18-430c-8fad-9664a8769ff5, generation=0)
2026-01-28 14:03:33.481 27575-27811 WM-Processor            com.fishit.player.v2                 D  Processor: processing WorkGenerationalId(workSpecId=1fb24762-67d5-419e-a820-08acf4b0a6cc, generation=0)
2026-01-28 14:03:33.483 27575-27811 WM-Processor            com.fishit.player.v2                 D  Work WorkGenerationalId(workSpecId=1fb24762-67d5-419e-a820-08acf4b0a6cc, generation=0) is already enqueued for processing
2026-01-28 14:03:33.485 27575-27811 WM-Processor            com.fishit.player.v2                 D  Processor: processing WorkGenerationalId(workSpecId=e5db1859-3d18-430c-8fad-9664a8769ff5, generation=0)
2026-01-28 14:03:33.494 27575-27575 WM-WorkerWrapper        com.fishit.player.v2                 D  Starting work for com.fishit.player.v2.work.CatalogSyncOrchestratorWorker
2026-01-28 14:03:33.495 27575-27810 CatalogSyn...atorWorker com.fishit.player.v2                 I  START sync_run_id=1936ebb6-2c83-4b12-bbef-89d90a212597 mode=auto
2026-01-28 14:03:33.497 27575-27575 WM-WorkerWrapper        com.fishit.player.v2                 D  Starting work for com.fishit.player.v2.work.CatalogSyncOrchestratorWorker
2026-01-28 14:03:33.497 27575-27807 CatalogSyn...atorWorker com.fishit.player.v2                 I  START sync_run_id=periodic_1769605413432 mode=incremental
2026-01-28 14:03:33.499 27575-27810 RuntimeGuards           com.fishit.player.v2                 D  Manual sync (auto) - skipping battery guard (level=100%)
2026-01-28 14:03:33.500 27575-27807 RuntimeGuards           com.fishit.player.v2                 D  Manual sync (incremental) - skipping battery guard (level=100%)
2026-01-28 14:03:33.501 27575-27826 WM-ConstraintTracker    com.fishit.player.v2                 D  BatteryNotLowTracker: initial state = true
2026-01-28 14:03:33.502 27575-27810 CatalogSyn...atorWorker com.fishit.player.v2                 I  Active sources check: [XTREAM] (isEmpty=false)
2026-01-28 14:03:33.502 27575-27826 WM-BrdcstRcvrCnstrntTrc com.fishit.player.v2                 D  BatteryNotLowTracker: registering receiver
2026-01-28 14:03:33.503 27575-27810 CatalogSyn...atorWorker com.fishit.player.v2                 D  Active sources: [XTREAM] (TELEGRAM=false, XTREAM=true, IO=false)
2026-01-28 14:03:33.504 27575-27807 CatalogSyn...atorWorker com.fishit.player.v2                 I  Active sources check: [XTREAM] (isEmpty=false)
2026-01-28 14:03:33.504 27575-27807 CatalogSyn...atorWorker com.fishit.player.v2                 D  Active sources: [XTREAM] (TELEGRAM=false, XTREAM=true, IO=false)
2026-01-28 14:03:33.508 27575-27825 WM-ConstraintTracker    com.fishit.player.v2                 D  NetworkStateTracker24: initial state = NetworkState(isConnected=true, isValidated=true, isMetered=true, isNotRoaming=true)
2026-01-28 14:03:33.508 27575-27825 WM-NetworkStateTracker  com.fishit.player.v2                 D  Registering network callback
2026-01-28 14:03:33.510 27575-27810 CatalogSyn...atorWorker com.fishit.player.v2                 D  Enqueued Xtream chain: work_name=catalog_sync_global_xtream policy=KEEP workers=2
2026-01-28 14:03:33.510 27575-27807 CatalogSyn...atorWorker com.fishit.player.v2                 D  Enqueued Xtream chain: work_name=catalog_sync_global_xtream policy=KEEP workers=2
2026-01-28 14:03:33.511 27575-27807 CatalogSyn...atorWorker com.fishit.player.v2                 D  Telegram not in active sources - skipping Telegram workers
2026-01-28 14:03:33.511 27575-27807 CatalogSyn...atorWorker com.fishit.player.v2                 D  📊 WorkInfo chains enqueued:
                                                                                                      [XTREAM] work_name=catalog_sync_global_xtream → ENQUEUED
                                                                                                      Use 'adb shell dumpsys jobscheduler' or WorkManager Inspector for detailed state
2026-01-28 14:03:33.511 27575-27810 CatalogSyn...atorWorker com.fishit.player.v2                 D  Telegram not in active sources - skipping Telegram workers
2026-01-28 14:03:33.511 27575-27807 CatalogSyn...atorWorker com.fishit.player.v2                 I  CHAINS_ENQUEUED duration_ms=14 policy=KEEP sources=XTREAM (downstream workers will report completion)
2026-01-28 14:03:33.512 27575-27825 ConnectivityManager     com.fishit.player.v2                 D  StackLog: [android.net.ConnectivityManager.sendRequestForNetwork(ConnectivityManager.java:4402)] [android.net.ConnectivityManager.registerDefaultNetworkCallbackForUid(ConnectivityManager.java:4966)] [android.net.ConnectivityManager.registerDefaultNetworkCallback(ConnectivityManager.java:4933)] [android.net.ConnectivityManager.registerDefaultNetworkCallback(ConnectivityManager.java:4907)] [androidx.work.impl.utils.NetworkApi24.registerDefaultNetworkCallbackCompat(NetworkApi24.kt:26)] [androidx.work.impl.constraints.trackers.NetworkStateTracker24.startTracking(NetworkStateTracker.kt:165)] [androidx.work.impl.constraints.trackers.ConstraintTracker.addListener(ConstraintTracker.kt:52)] [androidx.work.impl.constraints.controllers.BaseConstraintController$track$1.invokeSuspend(ContraintControllers.kt:62)] [androidx.work.impl.constraints.controllers.BaseConstraintController$track$1.invoke(Unknown Source:8)] [androidx.work.impl.constraints.controllers.BaseConstraintController$track$1.invoke(Unknown Source:4)] [kotlinx.coroutines.flow.ChannelFlowBuilder.collectTo$suspendImpl(Builders.kt:316)] [kotlinx.coroutines.flow.ChannelFlowBuilder.collectTo(Unknown Source:0)] [kotlinx.coroutines.flow.CallbackFlowBuilder.collectTo(Builders.kt:330)] [kotlinx.coroutines.flow.internal.ChannelFlow$collectToFun$1.invokeSuspend(ChannelFlow.kt:56)] [kotlin.coroutines.jvm.internal.BaseContinuationImpl.resumeWith(ContinuationImpl.kt:34)] [kotlinx.coroutines.DispatchedTask.run(DispatchedTask.kt:100)] [androidx.work.impl.utils.SerialExecutorImpl$Task.run(SerialExecutorImpl.java:96)] [java.util.concurrent.ThreadPoolExecutor.runWorker(ThreadPoolExecutor.java:1145)] [java.util.concurrent.ThreadPoolExecutor$Worker.run(ThreadPoolExecutor.java:644)] [java.lang.Thread.run(Thread.java:1012)]
2026-01-28 14:03:33.512 27575-27810 CatalogSyn...atorWorker com.fishit.player.v2                 D  📊 WorkInfo chains enqueued:
                                                                                                      [XTREAM] work_name=catalog_sync_global_xtream → ENQUEUED
                                                                                                      Use 'adb shell dumpsys jobscheduler' or WorkManager Inspector for detailed state
2026-01-28 14:03:33.512 27575-27810 CatalogSyn...atorWorker com.fishit.player.v2                 I  CHAINS_ENQUEUED duration_ms=18 policy=KEEP sources=XTREAM (downstream workers will report completion)
2026-01-28 14:03:33.519 27575-28092 WM-NetworkStateTracker  com.fishit.player.v2                 D  Network capabilities changed: [ Transports: CELLULAR Capabilities: SUPL&INTERNET&NOT_RESTRICTED&TRUSTED&NOT_VPN&VALIDATED&NOT_ROAMING&FOREGROUND&NOT_CONGESTED&NOT_SUSPENDED&NOT_VCN_MANAGED LinkUpBandwidth>=38406Kbps LinkDnBandwidth>=58361Kbps Specifier: <TelephonyNetworkSpecifier [mSubId = 1]> SubscriptionIds: {1} UnderlyingNetworks: Null]
2026-01-28 14:03:33.526 27575-27825 WM-EnqueueRunnable      com.fishit.player.v2                 E  Prerequisite 1a35dc99-8993-4387-87b5-b27e7b918bfe doesn't exist; not enqueuing
2026-01-28 14:03:33.531 27575-27825 WM-EnqueueRunnable      com.fishit.player.v2                 E  Prerequisite 9d720cf8-9dba-4c2a-9caa-49e917b6a767 doesn't exist; not enqueuing
2026-01-28 14:03:33.533 27575-27825 WM-WorkerWrapper        com.fishit.player.v2                 I  Worker result SUCCESS for Work [ id=e5db1859-3d18-430c-8fad-9664a8769ff5, tags={ com.fishit.player.v2.work.CatalogSyncOrchestratorWorker,catalog_sync,mode_incremental,worker/CatalogSyncOrchestratorWorker } ]
2026-01-28 14:03:33.536 27575-27575 WM-Processor            com.fishit.player.v2                 D  Processor e5db1859-3d18-430c-8fad-9664a8769ff5 executed; reschedule = false
2026-01-28 14:03:33.536 27575-27575 WM-GreedyScheduler      com.fishit.player.v2                 D  Stopping tracking for WorkGenerationalId(workSpecId=e5db1859-3d18-430c-8fad-9664a8769ff5, generation=0)
2026-01-28 14:03:33.537 27575-27825 WM-WorkerWrapper        com.fishit.player.v2                 I  Worker result SUCCESS for Work [ id=1fb24762-67d5-419e-a820-08acf4b0a6cc, tags={ com.fishit.player.v2.work.CatalogSyncOrchestratorWorker,catalog_sync,mode_auto,worker/CatalogSyncOrchestratorWorker } ]
2026-01-28 14:03:33.541 27575-27575 WM-SystemJobService     com.fishit.player.v2                 D  e5db1859-3d18-430c-8fad-9664a8769ff5 executed on JobScheduler
2026-01-28 14:03:33.541 27575-27575 WM-Processor            com.fishit.player.v2                 D  Processor 1fb24762-67d5-419e-a820-08acf4b0a6cc executed; reschedule = false
2026-01-28 14:03:33.542 27575-27575 WM-SystemJobService     com.fishit.player.v2                 D  1fb24762-67d5-419e-a820-08acf4b0a6cc executed on JobScheduler
2026-01-28 14:03:33.546 27575-27826 WM-GreedyScheduler      com.fishit.player.v2                 D  Cancelling work ID e5db1859-3d18-430c-8fad-9664a8769ff5
2026-01-28 14:03:33.553 27575-27826 WM-SystemJobScheduler   com.fishit.player.v2                 D  Scheduling work ID e5db1859-3d18-430c-8fad-9664a8769ff5Job ID 5
2026-01-28 14:03:33.557 27575-27826 WM-BrdcstRcvrCnstrntTrc com.fishit.player.v2                 D  BatteryNotLowTracker: unregistering receiver
2026-01-28 14:03:33.560 27575-27826 WM-NetworkStateTracker  com.fishit.player.v2                 D  Unregistering network callback
2026-01-28 14:03:33.561 27575-27826 ConnectivityManager     com.fishit.player.v2                 D  StackLog: [android.net.ConnectivityManager.unregisterNetworkCallback(ConnectivityManager.java:5076)] [androidx.work.impl.utils.NetworkApi21.unregisterNetworkCallbackCompat(NetworkApi21.kt:28)] [androidx.work.impl.constraints.trackers.NetworkStateTracker24.stopTracking(NetworkStateTracker.kt:180)] [androidx.work.impl.constraints.trackers.ConstraintTracker.removeListener(ConstraintTracker.kt:67)] [androidx.work.impl.constraints.controllers.BaseConstraintController$track$1$1.invoke(ContraintControllers.kt:63)] [androidx.work.impl.constraints.controllers.BaseConstraintController$track$1$1.invoke(ContraintControllers.kt:63)] [kotlinx.coroutines.channels.ProduceKt.awaitClose(Produce.kt:69)] [kotlinx.coroutines.channels.ProduceKt$awaitClose$1.invokeSuspend(Unknown Source:13)] [kotlin.coroutines.jvm.internal.BaseContinuationImpl.resumeWith(ContinuationImpl.kt:34)] [kotlinx.coroutines.DispatchedTask.run(DispatchedTask.kt:98)] [androidx.work.impl.utils.SerialExecutorImpl$Task.run(SerialExecutorImpl.java:96)] [java.util.concurrent.ThreadPoolExecutor.runWorker(ThreadPoolExecutor.java:1145)] [java.util.concurrent.ThreadPoolExecutor$Worker.run(ThreadPoolExecutor.java:644)] [java.lang.Thread.run(Thread.java:1012)]
2026-01-28 14:03:33.566 27575-27826 WM-GreedyScheduler      com.fishit.player.v2                 D  Cancelling work ID 1fb24762-67d5-419e-a820-08acf4b0a6cc
2026-01-28 14:03:33.717 27575-27813 CatalogSyncService      com.fishit.player.v2                 D  Xtream live batch complete (NX): ingested=146 total_ms=889
2026-01-28 14:03:33.717 27575-27813 CatalogSyncService      com.fishit.player.v2                 D  Time-based flush LIVE: 146 items in 890ms
2026-01-28 14:03:33.718 27575-27813 SyncBatchManager        com.fishit.player.v2                 D  Time-based flush for SERIES: 100 items after 2113ms
2026-01-28 14:03:33.718 27575-27813 SyncBatchManager        com.fishit.player.v2                 D  Flushing SERIES batch: 100 items (timeBased=true)
2026-01-28 14:03:33.718 27575-27813 CatalogSyncService      com.fishit.player.v2                 D  Persisting Xtream catalog batch (NX-ONLY): 100 items (canonical_linking=false)
2026-01-28 14:03:34.081 27575-28067 CatalogSyncService      com.fishit.player.v2                 D  Xtream batch complete (HOT PATH/NX): ingested=100 total_ms=363
2026-01-28 14:03:34.081 27575-28067 CatalogSyncService      com.fishit.player.v2                 D  Time-based flush SERIES: 100 items in 363ms
2026-01-28 14:03:34.788 27575-27805 CatalogSyncService      com.fishit.player.v2                 D  Xtream batch complete (HOT PATH/NX): ingested=400 total_ms=2169
2026-01-28 14:03:34.789 27575-27805 SyncPerfMetrics         com.fishit.player.v2                 D  Phase MOVIES started
2026-01-28 14:03:34.789 27575-27805 XtreamCatalogScanWorker com.fishit.player.v2                 D  PROGRESS discovered=1296 persisted=1296 phase=VOD
2026-01-28 14:03:34.791 27575-27805 XtreamCatalogScanWorker com.fishit.player.v2                 D  PROGRESS discovered=1300 persisted=1296 phase=null
2026-01-28 14:03:34.792 27575-27805 SyncPerfMetrics         com.fishit.player.v2                 D  Phase LIVE started
2026-01-28 14:03:34.793 27575-27805 XtreamCatalogScanWorker com.fishit.player.v2                 D  PROGRESS discovered=1312 persisted=1296 phase=LIVE
2026-01-28 14:03:34.794 27575-27806 XTC                     com.fishit.player.v2                 D  [VOD] DTO→Raw #450 | id=xtream:vod:783657 | title="The Ballad of Wallis Island | 2025 | 7.0" | Fields: ✓[poster] ✗[year, plot, cast, director, backdrop, duration, tmdb]
2026-01-28 14:03:34.798 27575-27805 XtreamCatalogScanWorker com.fishit.player.v2                 D  PROGRESS discovered=1400 persisted=1296 phase=null
2026-01-28 14:03:34.805 27575-28067 XTC                     com.fishit.player.v2                 D  [SERIES] DTO→Raw #550 | id=xtream:series:2129 | title="Weihnachtsmann & Co. KG" | Fields: ✓[plot(468c), cast, poster] ✗[year, director, backdrop, duration, tmdb]
2026-01-28 14:03:34.805 27575-27806 XTC                     com.fishit.player.v2                 D  [VOD] DTO→Raw #500 | id=xtream:vod:780844 | title="Shadow of God | 2025 | 5.0 |" | Fields: ✓[poster] ✗[year, plot, cast, director, backdrop, duration, tmdb]
2026-01-28 14:03:34.809 27575-27805 SyncPerfMetrics         com.fishit.player.v2                 D  Phase MOVIES started
2026-01-28 14:03:34.810 27575-27805 XtreamCatalogScanWorker com.fishit.player.v2                 D  PROGRESS discovered=1486 persisted=1296 phase=VOD
2026-01-28 14:03:34.811 27575-27805 XtreamCatalogScanWorker com.fishit.player.v2                 D  PROGRESS discovered=1500 persisted=1296 phase=null
2026-01-28 14:03:34.813 27575-28067 XTC                     com.fishit.player.v2                 D  [SERIES] DTO→Raw #600 | id=xtream:series:2346 | title="Shadow and Bone" | Fields: ✓[plot(164c), cast, poster] ✗[year, director, backdrop, duration, tmdb]
2026-01-28 14:03:34.814 27575-27812 XTC                     com.fishit.player.v2                 D  [LIVE] DTO→Raw #450 | id=xtream:live:792958 | title="DE: RTL+ SPORT EVENT 17" | Fields: ✓[poster] ✗[year, plot, cast, director, backdrop, duration, tmdb]
2026-01-28 14:03:34.814 27575-27805 SyncPerfMetrics         com.fishit.player.v2                 D  Phase SERIES started
2026-01-28 14:03:34.815 27575-27805 XtreamCatalogScanWorker com.fishit.player.v2                 D  PROGRESS discovered=1548 persisted=1296 phase=SERIES
2026-01-28 14:03:34.820 27575-27805 XtreamCatalogScanWorker com.fishit.player.v2                 D  PROGRESS discovered=1600 persisted=1296 phase=null
2026-01-28 14:03:34.821 27575-28067 XTC                     com.fishit.player.v2                 D  [SERIES] DTO→Raw #650 | id=xtream:series:2445 | title="And Just Like That…" | Fields: ✓[plot(200c), cast, poster] ✗[year, director, backdrop, duration, tmdb]
2026-01-28 14:03:34.830 27575-28067 XTC                     com.fishit.player.v2                 D  [SERIES] DTO→Raw #700 | id=xtream:series:2513 | title="Deep Shit" | Fields: ✓[plot(317c), cast, poster] ✗[year, director, backdrop, duration, tmdb]
2026-01-28 14:03:34.831 27575-27813 SyncBatchManager        com.fishit.player.v2                 D  Flushing SERIES batch: 200 items (timeBased=false)
2026-01-28 14:03:34.831 27575-27813 CatalogSyncService      com.fishit.player.v2                 D  Persisting Xtream catalog batch (NX-ONLY): 200 items (canonical_linking=false)
2026-01-28 14:03:34.837 27575-28067 XTC                     com.fishit.player.v2                 D  [SERIES] DTO→Raw #750 | id=xtream:series:2569 | title="Sharp Objects" | Fields: ✓[plot(599c), cast, poster] ✗[year, director, backdrop, duration, tmdb]
2026-01-28 14:03:34.906 27575-27812 SyncBatchManager        com.fishit.player.v2                 D  Time-based flush for LIVE: 78 items after 2057ms
2026-01-28 14:03:34.906 27575-27812 SyncBatchManager        com.fishit.player.v2                 D  Flushing LIVE batch: 78 items (timeBased=true)
2026-01-28 14:03:34.906 27575-27812 CatalogSyncService      com.fishit.player.v2                 D  Persisting Xtream live batch (NX-ONLY): 78 items
