2026-01-28 15:53:48.321 31194-31194 InsetsController        com.fishit.player.v2                 I  cancelAnimation: types=ime, animType=1, host=com.fishit.player.v2/com.fishit.player.v2.MainActivity, from=android.view.InsetsController.notifyFinished:1748 android.view.InsetsAnimationThreadControlRunner$1.lambda$notifyFinished$0:85 android.view.InsetsAnimationThreadControlRunner$1.$r8$lambda$RAf1SfIREsj9-wH5FOigMy6eLkM:0
2026-01-28 15:53:48.322 31194-31194 ImeTracker              com.fishit.player.v2                 I  com.fishit.player.v2:ec176ceb: onRequestHide at ORIGIN_CLIENT_HIDE_SOFT_INPUT reason HIDE_SOFT_INPUT_BY_INSETS_API
2026-01-28 15:53:48.322 31194-31194 InputMethodManager_LC   com.fishit.player.v2                 I  notifyImeHidden: IInputMethodManagerGlobalInvoker.hideSoftInput
2026-01-28 15:53:48.322 31194-31194 ImeTracker              com.fishit.player.v2                 I  com.fishit.player.v2:dd36fbe8: onHidden
2026-01-28 15:53:48.406 31194-31385 TrafficStats            com.fishit.player.v2                 D  tagSocket(139) with statsTag=0xffffffff, statsUid=-1
2026-01-28 15:53:48.406 31194-31384 TrafficStats            com.fishit.player.v2                 D  tagSocket(152) with statsTag=0xffffffff, statsUid=-1
2026-01-28 15:53:48.499 31194-31384 TrafficStats            com.fishit.player.v2                 D  tagSocket(157) with statsTag=0xffffffff, statsUid=-1
2026-01-28 15:53:48.604 31194-31366 XtreamApiClient         com.fishit.player.v2                 D  NetworkProbe: HTTP 200 for konigtv.com/player_api.php | bytes=458 contentType=application/json
2026-01-28 15:53:48.744 31194-31385 TrafficStats            com.fishit.player.v2                 D  tagSocket(170) with statsTag=0xffffffff, statsUid=-1
2026-01-28 15:53:48.751 31194-31244 XtreamApiClient         com.fishit.player.v2                 D  NetworkProbe: HTTP 200 for konigtv.com/player_api.php | bytes=11946 contentType=application/json
2026-01-28 15:53:48.850 31194-31211 ViewRootIm...nActivity] com.fishit.player.v2                 I  Resizing android.view.ViewRootImpl@14e58b3: frame = [0,0][1080,2400] reportDraw = false forceLayout = false syncSeqId = -1
2026-01-28 15:53:48.860 31194-31194 InsetsController        com.fishit.player.v2                 I  onStateChanged: host=com.fishit.player.v2/com.fishit.player.v2.MainActivity, from=android.view.ViewRootImpl$ViewRootHandler.handleMessageImpl:7196, state=InsetsState: {mDisplayFrame=Rect(0, 0 - 1080, 2400), mDisplayCutout=DisplayCutout{insets=Rect(0, 80 - 0, 0) waterfall=Insets{left=0, top=0, right=0, bottom=0} boundingRect={Bounds=[Rect(0, 0 - 0, 0), Rect(510, 0 - 570, 80), Rect(0, 0 - 0, 0), Rect(0, 0 - 0, 0)]} cutoutPathParserInfo={CutoutPathParserInfo{displayWidth=1080 displayHeight=2400 physicalDisplayWidth=1080 physicalDisplayHeight=2400 density={3.0} cutoutSpec={M 0,0 H -10 V 26.66666666666667 H 10 V 0 H 0 Z @dp} rotation={0} scale={1.0} physicalPixelDisplaySizeRatio={1.0}}}}, mRoundedCorners=RoundedCorners{[RoundedCorner{position=TopLeft, radius=90, center=Point(90, 90)}, RoundedCorner{position=TopRight, radius=90, center=Point(990, 90)}, RoundedCorner{position=BottomRight, radius=90, center=Point(990, 2310)}, RoundedCorner{position=BottomLeft, radius=90, center=Point(90, 2310)}]}  mRoundedCornerFrame=Rect(0, 0 - 1080, 2400), mPrivacyIndicatorBounds=PrivacyIndicatorBounds {static bounds=Rect(948, 0 - 1080, 80) rotation=0}, mDisplayShape=DisplayShape{ spec=-311912193 displayWidth=1080 displayHeight=2400 physicalPixelDisplaySizeRatio=1.0 rotation=0 offsetX=0 offsetY=0 scale=1.0}, mSources= { InsetsSource: {3 mType=ime mFrame=[0,0][0,0] mVisible=false mFlags=[]}, InsetsSource: {27 mType=displayCutout mFrame=[0,0][1080,80] mVisible=true mFlags=[]}, InsetsSource: {567b0001 mType=navigationBars mFrame=[0,2256][1080,2400] mVisible=true mFlags=[]}, InsetsSource: {567b0004 mType=systemGestures mFrame=[0,0][0,0] mVisible=true mFlags=[]}, InsetsSource: {567b0005 mType=mandatorySystemGestures mFrame=[0,2256][1080,2400] mVisible=true mFlags=[]}, InsetsSource: {567b0006 mType=tappableElement mFrame=[0,2256][1080,2400] mVisible=true mFlags=[]}, InsetsSource: {567b0024 mType=systemGestures mFrame=[0,0][0,0] mVisible=true mFlags=[]}, InsetsSource: {667f0000 mType=statusBars mFrame=[0,0][1080,80] mVisible=true mFlags=[]}, InsetsSource: {667f0005 mType=mandatorySystemGestures mFrame=[0,0][1080,116] mVisible=true mFlags=[]}, InsetsSource: {667f0006 mType=tappableElement mFrame=[0,0][1080,80] mVisible=true mFlags=[]} }
2026-01-28 15:53:48.865 31194-31194 ViewRootIm...nActivity] com.fishit.player.v2                 I  handleResized, msg = 4 frames=ClientWindowFrames{frame=[0,0][1080,2400] display=[0,0][1080,2400] parentFrame=[0,0][0,0]} forceNextWindowRelayout=false displayId=0 dragResizing=false compatScale=1.0 frameChanged=false attachedFrameChanged=false configChanged=false displayChanged=false compatScaleChanged=false
2026-01-28 15:53:48.885 31194-31366 XtreamApiClient         com.fishit.player.v2                 D  NetworkProbe: HTTP 200 for konigtv.com/player_api.php | bytes=10494 contentType=application/json
2026-01-28 15:53:48.998 31194-31244 XtreamApiClient         com.fishit.player.v2                 D  NetworkProbe: HTTP 200 for konigtv.com/player_api.php | bytes=458 contentType=application/json
2026-01-28 15:53:49.014 31194-31242 XtreamApiClient         com.fishit.player.v2                 D  buildPlayerApiUrl: action=get_short_epg -> konigtv.com/player_api.php
2026-01-28 15:53:49.097 31194-31366 XtreamApiClient         com.fishit.player.v2                 D  NetworkProbe: HTTP 200 for konigtv.com/player_api.php | bytes=3753 contentType=application/json
2026-01-28 15:53:49.136 31194-31242 XtreamApiClient         com.fishit.player.v2                 D  NetworkProbe: HTTP 200 for konigtv.com/player_api.php | bytes=39 contentType=application/json
2026-01-28 15:53:49.143 31194-31242 XtreamApiClient         com.fishit.player.v2                 D  NetworkProbe: Manually decompressed gzip body for konigtv.com/player_api.php | original=39 decompressed=19
2026-01-28 15:53:49.929 31194-31207 InputTransport          com.fishit.player.v2                 D  Input channel destroyed: 'ClientS', fd=153
2026-01-28 15:53:49.931 31194-31207 InputTransport          com.fishit.player.v2                 D  Input channel destroyed: 'ClientS', fd=146
2026-01-28 15:53:49.931 31194-31207 InputTransport          com.fishit.player.v2                 D  Input channel destroyed: 'ClientS', fd=133
2026-01-28 15:53:49.932 31194-31208 System                  com.fishit.player.v2                 W  A resource failed to call release.
2026-01-28 15:53:50.003 31194-31243 XtreamApiClient         com.fishit.player.v2                 D  NetworkProbe: HTTP 200 for konigtv.com/player_api.php | bytes=3287878 contentType=application/json
2026-01-28 15:53:50.295 31194-31248 XtreamApiClient         com.fishit.player.v2                 D  NetworkProbe: HTTP 200 for konigtv.com/player_api.php | bytes=6212435 contentType=application/json
2026-01-28 15:53:50.733 31194-31206 ishit.player.v2         com.fishit.player.v2                 I  Background concurrent copying GC freed 6758(7464KB) AllocSpace objects, 1(3212KB) LOS objects, 43% free, 30MB/54MB, paused 51us,46us total 103.064ms
2026-01-28 15:53:51.742 31194-31248 XtreamApiClient         com.fishit.player.v2                 D  buildPlayerApiUrl: action=null -> konigtv.com/player_api.php
2026-01-28 15:53:51.744 31194-31248 XtreamApiClient         com.fishit.player.v2                 D  getServerInfo: Fetching from konigtv.com/player_api.php
2026-01-28 15:53:51.809 31194-31248 XtreamApiClient         com.fishit.player.v2                 D  NetworkProbe: HTTP 200 for konigtv.com/player_api.php | bytes=458 contentType=application/json
2026-01-28 15:53:51.809 31194-31248 XtreamApiClient         com.fishit.player.v2                 D  getServerInfo: Received 458 bytes, parsing...
2026-01-28 15:53:51.815 31194-31248 XtreamApiClient         com.fishit.player.v2                 D  Server info retrieved: konigtv.com
2026-01-28 15:53:51.817 31194-31194 XtreamAuthRepoAdapter   com.fishit.player.v2                 D  initialize: API client initialized successfully with capabilities: http://konigtv.com:8080
2026-01-28 15:53:51.830 31194-31248 XtreamAuthRepoAdapter   com.fishit.player.v2                 D  connectionState -> Connected(baseUrl=http://konigtv.com:8080, latencyMs=3551) | domain=Connected
2026-01-28 15:53:51.831 31194-31248 XtreamAuthRepoAdapter   com.fishit.player.v2                 D  authState -> Authenticated(userInfo=XtreamUserInfo(username=Christoph10, status=ACTIVE, expDateEpoch=1797326326, maxConnections=1, activeConnections=0, isTrial=false, allowedFormats=[m3u8, ts], createdAt=1757512912, message=Welcome)) | domain=Authenticated
2026-01-28 15:53:51.845 31194-31248 SourceActivationStore   com.fishit.player.v2                 D  Loaded state from DataStore: SourceActivationSnapshot(xtream=Active, telegram=Inactive, io=Inactive)
2026-01-28 15:53:51.845 31194-31244 CatalogSyncBootstrap    com.fishit.player.v2                 D  Source activation check: activeSources=[XTREAM], hasActive=true
2026-01-28 15:53:51.845 31194-31242 SourceActi...onObserver com.fishit.player.v2                 I  Active sources changed: [XTREAM] → enqueuing auto sync
2026-01-28 15:53:51.846 31194-31242 CatalogSyncScheduler    com.fishit.player.v2                 D  Enqueueing AUTO sync
2026-01-28 15:53:51.846 31194-31194 SourceActivationStore   com.fishit.player.v2                 I  Source activation changed: XTREAM -> Active
2026-01-28 15:53:51.847 31194-31194 XtreamAuthRepoAdapter   com.fishit.player.v2                 I  initialize: XTREAM source activated
2026-01-28 15:53:51.848 31194-31194 OnboardingViewModel     com.fishit.player.v2                 D  connectXtream: Initialize succeeded, saving credentials
2026-01-28 15:53:51.869 31194-31244 XtreamCredStore         com.fishit.player.v2                 I  Stored credentials: scheme=http, host=konigtv.com, port=8080
2026-01-28 15:53:51.887 31194-31265 Compatibil...geReporter com.fishit.player.v2                 D  Compat change id reported: 194532703; UID 10491; state: ENABLED
2026-01-28 15:53:51.887 31194-31265 Compatibil...geReporter com.fishit.player.v2                 D  Compat change id reported: 253665015; UID 10491; state: ENABLED
2026-01-28 15:53:51.888 31194-31265 WM-SystemJobScheduler   com.fishit.player.v2                 D  Scheduling work ID d5d23d85-5eb0-41a5-9d07-b5bf6b446ff8Job ID 0
2026-01-28 15:53:51.900 31194-31265 WM-GreedyScheduler      com.fishit.player.v2                 D  Starting work for d5d23d85-5eb0-41a5-9d07-b5bf6b446ff8
2026-01-28 15:53:51.909 31194-31265 WM-Processor            com.fishit.player.v2                 D  Processor: processing WorkGenerationalId(workSpecId=d5d23d85-5eb0-41a5-9d07-b5bf6b446ff8, generation=0)
2026-01-28 15:53:51.914 31194-31265 Compatibil...geReporter com.fishit.player.v2                 D  Compat change id reported: 263076149; UID 10491; state: ENABLED
2026-01-28 15:53:51.959 31194-31265 WM-PackageManagerHelper com.fishit.player.v2                 D  androidx.work.impl.background.systemalarm.RescheduleReceiver enabled
2026-01-28 15:53:51.973 31194-31194 WM-WorkerWrapper        com.fishit.player.v2                 D  Starting work for com.fishit.player.v2.work.CatalogSyncOrchestratorWorker
2026-01-28 15:53:51.975 31194-31244 CatalogSyn...atorWorker com.fishit.player.v2                 I  START sync_run_id=3cbe17d9-23d5-4827-bdc5-2700f646890d mode=auto
2026-01-28 15:53:51.977 31194-31244 RuntimeGuards           com.fishit.player.v2                 D  Manual sync (auto) - skipping battery guard (level=94%)
2026-01-28 15:53:51.978 31194-31244 CatalogSyn...atorWorker com.fishit.player.v2                 I  Active sources check: [XTREAM] (isEmpty=false)
2026-01-28 15:53:51.978 31194-31244 CatalogSyn...atorWorker com.fishit.player.v2                 D  Active sources: [XTREAM] (TELEGRAM=false, XTREAM=true, IO=false)
2026-01-28 15:53:51.980 31194-31244 CatalogSyn...atorWorker com.fishit.player.v2                 D  Enqueued Xtream chain: work_name=catalog_sync_global_xtream policy=KEEP workers=2
2026-01-28 15:53:51.980 31194-31194 WM-SystemJobService     com.fishit.player.v2                 D  onStartJob for WorkGenerationalId(workSpecId=d5d23d85-5eb0-41a5-9d07-b5bf6b446ff8, generation=0)
2026-01-28 15:53:51.981 31194-31244 CatalogSyn...atorWorker com.fishit.player.v2                 D  Telegram not in active sources - skipping Telegram workers
2026-01-28 15:53:51.981 31194-31244 CatalogSyn...atorWorker com.fishit.player.v2                 D  📊 WorkInfo chains enqueued:
                                                                                                      [XTREAM] work_name=catalog_sync_global_xtream → ENQUEUED
                                                                                                      Use 'adb shell dumpsys jobscheduler' or WorkManager Inspector for detailed state
2026-01-28 15:53:51.982 31194-31244 CatalogSyn...atorWorker com.fishit.player.v2                 I  CHAINS_ENQUEUED duration_ms=8 policy=KEEP sources=XTREAM (downstream workers will report completion)
2026-01-28 15:53:51.998 31194-31264 WM-SystemJobScheduler   com.fishit.player.v2                 D  Scheduling work ID 1fd4efd8-ac7d-4043-ad82-04711b289852Job ID 1
2026-01-28 15:53:52.004 31194-31264 WM-GreedyScheduler      com.fishit.player.v2                 D  Starting work for 1fd4efd8-ac7d-4043-ad82-04711b289852
2026-01-28 15:53:52.004 31194-31194 WM-SystemJobService     com.fishit.player.v2                 D  onStartJob for WorkGenerationalId(workSpecId=1fd4efd8-ac7d-4043-ad82-04711b289852, generation=0)
2026-01-28 15:53:52.006 31194-31264 WM-Processor            com.fishit.player.v2                 D  Work WorkGenerationalId(workSpecId=d5d23d85-5eb0-41a5-9d07-b5bf6b446ff8, generation=0) is already enqueued for processing
2026-01-28 15:53:52.012 31194-31264 WM-WorkerWrapper        com.fishit.player.v2                 I  Worker result SUCCESS for Work [ id=d5d23d85-5eb0-41a5-9d07-b5bf6b446ff8, tags={ com.fishit.player.v2.work.CatalogSyncOrchestratorWorker,catalog_sync,mode_auto,worker/CatalogSyncOrchestratorWorker } ]
2026-01-28 15:53:52.013 31194-31194 WM-Processor            com.fishit.player.v2                 D  Processor d5d23d85-5eb0-41a5-9d07-b5bf6b446ff8 executed; reschedule = false
2026-01-28 15:53:52.014 31194-31194 WM-SystemJobService     com.fishit.player.v2                 D  d5d23d85-5eb0-41a5-9d07-b5bf6b446ff8 executed on JobScheduler
2026-01-28 15:53:52.017 31194-31264 WM-Processor            com.fishit.player.v2                 D  Processor: processing WorkGenerationalId(workSpecId=1fd4efd8-ac7d-4043-ad82-04711b289852, generation=0)
2026-01-28 15:53:52.020 31194-31264 WM-Processor            com.fishit.player.v2                 D  Work WorkGenerationalId(workSpecId=1fd4efd8-ac7d-4043-ad82-04711b289852, generation=0) is already enqueued for processing
2026-01-28 15:53:52.021 31194-31264 WM-GreedyScheduler      com.fishit.player.v2                 D  Cancelling work ID d5d23d85-5eb0-41a5-9d07-b5bf6b446ff8
2026-01-28 15:53:52.032 31194-31194 WM-WorkerWrapper        com.fishit.player.v2                 D  Starting work for com.fishit.player.v2.work.XtreamPreflightWorker
2026-01-28 15:53:52.033 31194-31244 XtreamPreflightWorker   com.fishit.player.v2                 I  START sync_run_id=3cbe17d9-23d5-4827-bdc5-2700f646890d mode=auto source=XTREAM attempt=0/5
2026-01-28 15:53:52.035 31194-31244 RuntimeGuards           com.fishit.player.v2                 D  Manual sync (auto) - skipping battery guard (level=94%)
2026-01-28 15:53:52.036 31194-31244 XtreamPreflightWorker   com.fishit.player.v2                 I  SUCCESS duration_ms=3 (credentials valid)
2026-01-28 15:53:52.038 31194-31266 WM-WorkerWrapper        com.fishit.player.v2                 I  Worker result SUCCESS for Work [ id=1fd4efd8-ac7d-4043-ad82-04711b289852, tags={ com.fishit.player.v2.work.XtreamPreflightWorker,catalog_sync,source_xtream,worker/XtreamPreflightWorker } ]
2026-01-28 15:53:52.041 31194-31266 WM-WorkerWrapper        com.fishit.player.v2                 I  Setting status to enqueued for 3f508807-a9ba-458c-b9c0-bf4b3f57a969
2026-01-28 15:53:52.042 31194-31194 WM-Processor            com.fishit.player.v2                 D  Processor 1fd4efd8-ac7d-4043-ad82-04711b289852 executed; reschedule = false
2026-01-28 15:53:52.042 31194-31194 WM-SystemJobService     com.fishit.player.v2                 D  1fd4efd8-ac7d-4043-ad82-04711b289852 executed on JobScheduler
2026-01-28 15:53:52.045 31194-31266 WM-GreedyScheduler      com.fishit.player.v2                 D  Cancelling work ID 1fd4efd8-ac7d-4043-ad82-04711b289852
2026-01-28 15:53:52.046 31194-31194 ishit.player.v2         com.fishit.player.v2                 W  Accessing hidden field Landroid/app/ActivityThread;->mServices:Landroid/util/ArrayMap; (unsupported, reflection, allowed)
2026-01-28 15:53:52.047 31194-31194 LeakCanary              com.fishit.player.v2                 D  Watching instance of androidx.work.impl.background.systemjob.SystemJobService (androidx.work.impl.background.systemjob.SystemJobService received Service#onDestroy() callback) with key b7a37cdb-a9e0-4a9c-a66e-2bbb536d9485
2026-01-28 15:53:52.057 31194-31266 WM-SystemJobScheduler   com.fishit.player.v2                 D  Scheduling work ID 3f508807-a9ba-458c-b9c0-bf4b3f57a969Job ID 2
2026-01-28 15:53:52.067 31194-31266 WM-GreedyScheduler      com.fishit.player.v2                 D  Starting work for 3f508807-a9ba-458c-b9c0-bf4b3f57a969
2026-01-28 15:53:52.069 31194-31194 WM-SystemJobService     com.fishit.player.v2                 D  onStartJob for WorkGenerationalId(workSpecId=3f508807-a9ba-458c-b9c0-bf4b3f57a969, generation=0)
2026-01-28 15:53:52.072 31194-31266 WM-Processor            com.fishit.player.v2                 D  Processor: processing WorkGenerationalId(workSpecId=3f508807-a9ba-458c-b9c0-bf4b3f57a969, generation=0)
2026-01-28 15:53:52.076 31194-31266 WM-Processor            com.fishit.player.v2                 D  Work WorkGenerationalId(workSpecId=3f508807-a9ba-458c-b9c0-bf4b3f57a969, generation=0) is already enqueued for processing
2026-01-28 15:53:52.240 31194-31194 WM-WorkerWrapper        com.fishit.player.v2                 D  Starting work for com.fishit.player.v2.work.XtreamCatalogScanWorker
2026-01-28 15:53:52.244 31194-31243 XtreamCatalogScanWorker com.fishit.player.v2                 I  START sync_run_id=3cbe17d9-23d5-4827-bdc5-2700f646890d mode=auto source=XTREAM scope=INCREMENTAL runtimeBudgetMs=900000 checkpoint=xtream|v=2|phase=VOD_LIST|offset=0
2026-01-28 15:53:52.246 31194-31243 RuntimeGuards           com.fishit.player.v2                 D  Manual sync (auto) - skipping battery guard (level=94%)
2026-01-28 15:53:52.246 31194-31243 XtreamCatalogScanWorker com.fishit.player.v2                 D  Catalog sync: includeVod=true includeSeries=true includeEpisodes=false (lazy) includeLive=true scope=INCREMENTAL enhanced=true
2026-01-28 15:53:52.247 31194-31243 XtreamCatalogScanWorker com.fishit.player.v2                 I  Using ENHANCED sync: live=600 movies=400 series=200 timeFlush=true
2026-01-28 15:53:52.249 31194-31243 CatalogSyncService      com.fishit.player.v2                 I  Starting enhanced Xtream sync: live=true, vod=true, series=true, episodes=false, excludeSeriesIds=0, episodeParallelism=4, canonical_linking=false
2026-01-28 15:53:52.250 31194-31243 XtreamCatalogScanWorker com.fishit.player.v2                 D  Enhanced catalog sync started
2026-01-28 15:53:52.258 31194-31243 XtreamCatalogPipeline   com.fishit.player.v2                 I  Starting Xtream catalog scan: vod=true, series=true, episodes=false, live=true
2026-01-28 15:53:52.259 31194-31244 CatalogSyncService      com.fishit.player.v2                 D  Enhanced scan started
2026-01-28 15:53:52.259 31194-31242 XtreamCatalogPipeline   com.fishit.player.v2                 D  [LIVE] Starting parallel scan (streaming-first)...
2026-01-28 15:53:52.260 31194-31248 XtreamCatalogPipeline   com.fishit.player.v2                 D  [VOD] Starting parallel scan (streaming-first)...
2026-01-28 15:53:52.260 31194-31243 XtreamCatalogPipeline   com.fishit.player.v2                 D  [SERIES] Starting parallel scan (streaming-first, episodes deferred)...
2026-01-28 15:53:52.267 31194-31243 XtreamApiClient         com.fishit.player.v2                 D  buildPlayerApiUrl: action=get_series -> konigtv.com/player_api.php
2026-01-28 15:53:52.267 31194-31248 XtreamApiClient         com.fishit.player.v2                 D  buildPlayerApiUrl: action=get_vod_streams -> konigtv.com/player_api.php
2026-01-28 15:53:52.268 31194-31242 XtreamApiClient         com.fishit.player.v2                 D  buildPlayerApiUrl: action=get_live_streams -> konigtv.com/player_api.php
2026-01-28 15:53:52.564 31194-31243 XtreamApiClient         com.fishit.player.v2                 D  StreamingFetch: Success for konigtv.com/player_api.php, streaming response
2026-01-28 15:53:52.668 31194-31253 XtreamApiClient         com.fishit.player.v2                 D  StreamingFetch: Success for konigtv.com/player_api.php, streaming response
2026-01-28 15:53:52.851 31194-31253 XTC                     com.fishit.player.v2                 D  [LIVE] DTO→Raw #1 | id=xtream:live:81568 | title="DE HEVC" | sourceType=XTREAM | Fields: ✓[poster] ✗[year, plot, cast, director, backdrop, duration, tmdb]
2026-01-28 15:53:52.930 31194-31253 XTC                     com.fishit.player.v2                 D  [LIVE] DTO→Raw #50 | id=xtream:live:71808 | title="DE: Deluxe Music HEVC" | sourceType=XTREAM | Fields: ✓[poster] ✗[year, plot, cast, director, backdrop, duration, tmdb]
2026-01-28 15:53:52.936 31194-31243 XTC                     com.fishit.player.v2                 D  [SERIES] DTO→Raw #1 | id=xtream:series:-441 | title="Madam Secretary" | sourceType=XTREAM | Fields: ✓[plot(542c), cast, poster] ✗[year, director, backdrop, duration, tmdb]
2026-01-28 15:53:52.968 31194-31252 XtreamCatalogScanWorker com.fishit.player.v2                 D  PROGRESS discovered=100 persisted=0 phase=null
2026-01-28 15:53:52.993 31194-31243 XTC                     com.fishit.player.v2                 D  [SERIES] DTO→Raw #50 | id=xtream:series:365 | title="4 Blocks" | sourceType=XTREAM | Fields: ✓[plot(424c), cast, poster] ✗[year, director, backdrop, duration, tmdb]
2026-01-28 15:53:53.008 31194-31253 XTC                     com.fishit.player.v2                 D  [LIVE] DTO→Raw #100 | id=xtream:live:49200 | title="DE: Pro 7 Maxx FHD" | sourceType=XTREAM | Fields: ✓[poster] ✗[year, plot, cast, director, backdrop, duration, tmdb]
2026-01-28 15:53:53.009 31194-31248 SyncPerfMetrics         com.fishit.player.v2                 D  Phase LIVE started
2026-01-28 15:53:53.009 31194-31248 XtreamCatalogScanWorker com.fishit.player.v2                 D  PROGRESS discovered=163 persisted=0 phase=LIVE
2026-01-28 15:53:53.028 31194-31248 XtreamCatalogScanWorker com.fishit.player.v2                 D  PROGRESS discovered=200 persisted=0 phase=null
2026-01-28 15:53:53.039 31194-31243 XTC                     com.fishit.player.v2                 D  [SERIES] DTO→Raw #100 | id=xtream:series:687 | title="The I-Land" | sourceType=XTREAM | Fields: ✓[plot(471c), cast, poster] ✗[year, director, backdrop, duration, tmdb]
2026-01-28 15:53:53.040 31194-31248 SyncPerfMetrics         com.fishit.player.v2                 D  Phase SERIES started
2026-01-28 15:53:53.041 31194-31248 XtreamCatalogScanWorker com.fishit.player.v2                 D  PROGRESS discovered=225 persisted=0 phase=SERIES
2026-01-28 15:53:53.067 31194-31253 XTC                     com.fishit.player.v2                 D  [LIVE] DTO→Raw #150 | id=xtream:live:361561 | title="DE: NDR Hamburg" | sourceType=XTREAM | Fields: ✓[poster] ✗[year, plot, cast, director, backdrop, duration, tmdb]
2026-01-28 15:53:53.072 31194-31248 XtreamCatalogScanWorker com.fishit.player.v2                 D  PROGRESS discovered=300 persisted=0 phase=null
2026-01-28 15:53:53.075 31194-31243 XTC                     com.fishit.player.v2                 D  [SERIES] DTO→Raw #150 | id=xtream:series:784 | title="Who Killed Jeffrey Epstein" | sourceType=XTREAM | Fields: ✓[poster] ✗[year, plot, cast, director, backdrop, duration, tmdb]
2026-01-28 15:53:53.103 31194-31243 XTC                     com.fishit.player.v2                 D  [SERIES] DTO→Raw #200 | id=xtream:series:1141 | title="Godless" | sourceType=XTREAM | Fields: ✓[plot(170c), cast, poster] ✗[year, director, backdrop, duration, tmdb]
2026-01-28 15:53:53.104 31194-31248 SyncBatchManager        com.fishit.player.v2                 D  Flushing SERIES batch: 200 items (timeBased=false)
2026-01-28 15:53:53.104 31194-31248 CatalogSyncService      com.fishit.player.v2                 D  Persisting Xtream catalog batch (NX-ONLY): 200 items (canonical_linking=false)
2026-01-28 15:53:53.110 31194-31253 XTC                     com.fishit.player.v2                 D  [LIVE] DTO→Raw #200 | id=xtream:live:197779 | title="DE: QVC STYLE TV" | sourceType=XTREAM | Fields: ✓[poster] ✗[year, plot, cast, director, backdrop, duration, tmdb]
2026-01-28 15:53:53.644 31194-31242 XtreamApiClient         com.fishit.player.v2                 D  StreamingFetch: Success for konigtv.com/player_api.php, streaming response
2026-01-28 15:53:53.660 31194-31249 SyncBatchManager        com.fishit.player.v2                 D  Time-based flush for LIVE: 190 items after 1205ms
2026-01-28 15:53:53.660 31194-31249 SyncBatchManager        com.fishit.player.v2                 D  Flushing LIVE batch: 190 items (timeBased=true)
2026-01-28 15:53:53.661 31194-31249 CatalogSyncService      com.fishit.player.v2                 D  Persisting Xtream live batch (NX-ONLY): 190 items
2026-01-28 15:53:53.804 31194-31242 XTC                     com.fishit.player.v2                 D  [VOD] DTO→Raw #1 | id=xtream:vod:804345 | title="Ella McCay | 2025 | 5.2" | sourceType=XTREAM | Fields: ✓[year=2025, poster] ✗[plot, cast, director, backdrop, duration, tmdb]
2026-01-28 15:53:54.395 31194-31242 CatalogSyncService      com.fishit.player.v2                 D  Xtream batch complete (HOT PATH/NX): ingested=200 total_ms=1291
2026-01-28 15:53:54.396 31194-31242 SyncPerfMetrics         com.fishit.player.v2                 D  Phase SERIES started
2026-01-28 15:53:54.397 31194-31242 XtreamCatalogScanWorker com.fishit.player.v2                 D  PROGRESS discovered=391 persisted=200 phase=SERIES
2026-01-28 15:53:54.398 31194-31242 XtreamCatalogScanWorker com.fishit.player.v2                 D  PROGRESS discovered=400 persisted=200 phase=null
2026-01-28 15:53:54.400 31194-31242 SyncPerfMetrics         com.fishit.player.v2                 D  Phase LIVE started
2026-01-28 15:53:54.400 31194-31242 XtreamCatalogScanWorker com.fishit.player.v2                 D  PROGRESS discovered=416 persisted=200 phase=LIVE
2026-01-28 15:53:54.402 31194-31368 XTC                     com.fishit.player.v2                 D  [SERIES] DTO→Raw #250 | id=xtream:series:1344 | title="LOL: Last One Laughing" | sourceType=XTREAM | Fields: ✓[plot(258c), cast, poster] ✗[year, director, backdrop, duration, tmdb]
2026-01-28 15:53:54.412 31194-31242 XtreamCatalogScanWorker com.fishit.player.v2                 D  PROGRESS discovered=500 persisted=200 phase=null
2026-01-28 15:53:54.425 31194-31368 XTC                     com.fishit.player.v2                 D  [SERIES] DTO→Raw #300 | id=xtream:series:1475 | title="Panic" | sourceType=XTREAM | Fields: ✓[plot(526c), cast, poster] ✗[year, director, backdrop, duration, tmdb]
2026-01-28 15:53:54.426 31194-31366 SyncPerfMetrics         com.fishit.player.v2                 D  Phase SERIES started
2026-01-28 15:53:54.426 31194-31366 XtreamCatalogScanWorker com.fishit.player.v2                 D  PROGRESS discovered=573 persisted=200 phase=SERIES
2026-01-28 15:53:54.427 31194-31244 XTC                     com.fishit.player.v2                 D  [VOD] DTO→Raw #50 | id=xtream:vod:801981 | title="Anaconda | 2025 | 6.7" | sourceType=XTREAM | Fields: ✓[year=2025, poster] ✗[plot, cast, director, backdrop, duration, tmdb]
2026-01-28 15:53:54.432 31194-31252 XtreamCatalogScanWorker com.fishit.player.v2                 D  PROGRESS discovered=600 persisted=200 phase=null
2026-01-28 15:53:54.444 31194-31368 XTC                     com.fishit.player.v2                 D  [SERIES] DTO→Raw #350 | id=xtream:series:1604 | title="Monster bei der Arbeit" | sourceType=XTREAM | Fields: ✓[plot(482c), cast, poster] ✗[year, director, backdrop, duration, tmdb]
2026-01-28 15:53:54.447 31194-31244 XTC                     com.fishit.player.v2                 D  [VOD] DTO→Raw #100 | id=xtream:vod:800634 | title="Whiteout - Überleben ist alles | 2025 | " | sourceType=XTREAM | Fields: ✓[year=2025, poster] ✗[plot, cast, director, backdrop, duration, tmdb]
2026-01-28 15:53:54.448 31194-31253 SyncPerfMetrics         com.fishit.player.v2                 D  Phase MOVIES started
2026-01-28 15:53:54.450 31194-31253 XtreamCatalogScanWorker com.fishit.player.v2                 D  PROGRESS discovered=691 persisted=200 phase=VOD
2026-01-28 15:53:54.456 31194-31253 XtreamCatalogScanWorker com.fishit.player.v2                 D  PROGRESS discovered=700 persisted=200 phase=null
2026-01-28 15:53:54.461 31194-31366 XTC                     com.fishit.player.v2                 D  [VOD] DTO→Raw #150 | id=xtream:vod:798830 | title="825 Forest Road | 2025 | 5.9 |" | sourceType=XTREAM | Fields: ✓[year=2025, poster] ✗[plot, cast, director, backdrop, duration, tmdb]
2026-01-28 15:53:54.466 31194-31242 XTC                     com.fishit.player.v2                 D  [SERIES] DTO→Raw #400 | id=xtream:series:1752 | title="The North Water" | sourceType=XTREAM | Fields: ✓[plot(570c), cast, poster] ✗[year, director, backdrop, duration, tmdb]
2026-01-28 15:53:54.470 31194-31253 XtreamCatalogScanWorker com.fishit.player.v2                 D  PROGRESS discovered=800 persisted=200 phase=null
2026-01-28 15:53:54.471 31194-31253 SyncBatchManager        com.fishit.player.v2                 D  Flushing SERIES batch: 200 items (timeBased=false)
2026-01-28 15:53:54.472 31194-31253 CatalogSyncService      com.fishit.player.v2                 D  Persisting Xtream catalog batch (NX-ONLY): 200 items (canonical_linking=false)
2026-01-28 15:53:54.479 31194-31366 XTC                     com.fishit.player.v2                 D  [VOD] DTO→Raw #200 | id=xtream:vod:797304 | title="Frankenstein | 2025 | 7.9 |" | sourceType=XTREAM | Fields: ✓[year=2025, poster] ✗[plot, cast, director, backdrop, duration, tmdb]
2026-01-28 15:53:54.480 31194-31252 XTC                     com.fishit.player.v2                 D  [LIVE] DTO→Raw #250 | id=xtream:live:67411 | title="DE: Bndliga 7 SD" | sourceType=XTREAM | Fields: ✓[poster] ✗[year, plot, cast, director, backdrop, duration, tmdb]
2026-01-28 15:53:55.197 31194-31242 CatalogSyncService      com.fishit.player.v2                 D  Xtream live batch complete (NX): ingested=190 total_ms=1536
2026-01-28 15:53:55.197 31194-31242 CatalogSyncService      com.fishit.player.v2                 D  Time-based flush LIVE: 190 items in 1536ms
2026-01-28 15:53:55.197 31194-31242 SyncBatchManager        com.fishit.player.v2                 D  Time-based flush for MOVIES: 166 items after 2742ms
2026-01-28 15:53:55.198 31194-31242 SyncBatchManager        com.fishit.player.v2                 D  Flushing MOVIES batch: 166 items (timeBased=true)
2026-01-28 15:53:55.198 31194-31242 CatalogSyncService      com.fishit.player.v2                 D  Persisting Xtream catalog batch (NX-ONLY): 166 items (canonical_linking=false)
2026-01-28 15:53:55.397 31194-31252 CatalogSyncService      com.fishit.player.v2                 D  Xtream batch complete (HOT PATH/NX): ingested=200 total_ms=925
2026-01-28 15:53:55.398 31194-31252 SyncPerfMetrics         com.fishit.player.v2                 D  Phase SERIES started
2026-01-28 15:53:55.398 31194-31252 XtreamCatalogScanWorker com.fishit.player.v2                 D  PROGRESS discovered=810 persisted=590 phase=SERIES
2026-01-28 15:53:55.403 31194-31252 SyncPerfMetrics         com.fishit.player.v2                 D  Phase MOVIES started
2026-01-28 15:53:55.404 31194-31252 XtreamCatalogScanWorker com.fishit.player.v2                 D  PROGRESS discovered=871 persisted=590 phase=VOD
2026-01-28 15:53:55.413 31194-31242 XTC                     com.fishit.player.v2                 D  [SERIES] DTO→Raw #450 | id=xtream:series:1972 | title="Tales of Zestiria the X" | sourceType=XTREAM | Fields: ✓[plot(603c), cast, poster] ✗[year, director, backdrop, duration, tmdb]
2026-01-28 15:53:55.414 31194-31252 XtreamCatalogScanWorker com.fishit.player.v2                 D  PROGRESS discovered=900 persisted=590 phase=null
2026-01-28 15:53:55.415 31194-31253 XTC                     com.fishit.player.v2                 D  [VOD] DTO→Raw #250 | id=xtream:vod:794087 | title="Jenseits der blauen Grenze | 2024 | 6.4 " | sourceType=XTREAM | Fields: ✓[year=2024, poster] ✗[plot, cast, director, backdrop, duration, tmdb]
2026-01-28 15:53:55.424 31194-31252 XtreamCatalogScanWorker com.fishit.player.v2                 D  PROGRESS discovered=1000 persisted=590 phase=null
2026-01-28 15:53:55.429 31194-31253 XTC                     com.fishit.player.v2                 D  [VOD] DTO→Raw #300 | id=xtream:vod:791360 | title="All of You | 2025 | 6.5 |" | sourceType=XTREAM | Fields: ✓[year=2025, poster] ✗[plot, cast, director, backdrop, duration, tmdb]
2026-01-28 15:53:55.429 31194-31252 SyncPerfMetrics         com.fishit.player.v2                 D  Phase MOVIES started
2026-01-28 15:53:55.430 31194-31252 XtreamCatalogScanWorker com.fishit.player.v2                 D  PROGRESS discovered=1068 persisted=590 phase=VOD
2026-01-28 15:53:55.433 31194-31252 XtreamCatalogScanWorker com.fishit.player.v2                 D  PROGRESS discovered=1100 persisted=590 phase=null
2026-01-28 15:53:55.435 31194-31249 XTC                     com.fishit.player.v2                 D  [SERIES] DTO→Raw #500 | id=xtream:series:2039 | title="Die Abenteuer des Odysseus" | sourceType=XTREAM | Fields: ✓[plot(841c), cast, poster] ✗[year, director, backdrop, duration, tmdb]
2026-01-28 15:53:55.439 31194-31252 SyncPerfMetrics         com.fishit.player.v2                 D  Phase SERIES started
2026-01-28 15:53:55.439 31194-31252 XtreamCatalogScanWorker com.fishit.player.v2                 D  PROGRESS discovered=1122 persisted=590 phase=SERIES
2026-01-28 15:53:55.442 31194-31253 XTC                     com.fishit.player.v2                 D  [VOD] DTO→Raw #350 | id=xtream:vod:788976 | title="Was ist Liebe wert - Materialists | 2025" | sourceType=XTREAM | Fields: ✓[year=2025, poster] ✗[plot, cast, director, backdrop, duration, tmdb]
2026-01-28 15:53:55.442 31194-31243 XTC                     com.fishit.player.v2                 D  [LIVE] DTO→Raw #300 | id=xtream:live:354423 | title="DE: Bundesliga Tivibu 2 (Türkisch)" | sourceType=XTREAM | Fields: ✓[poster] ✗[year, plot, cast, director, backdrop, duration, tmdb]
2026-01-28 15:53:55.443 31194-31248 SyncPerfMetrics         com.fishit.player.v2                 D  Phase LIVE started
2026-01-28 15:53:55.444 31194-31248 XtreamCatalogScanWorker com.fishit.player.v2                 D  PROGRESS discovered=1152 persisted=590 phase=LIVE
2026-01-28 15:53:55.455 31194-31366 XtreamCatalogScanWorker com.fishit.player.v2                 D  PROGRESS discovered=1200 persisted=590 phase=null
2026-01-28 15:53:55.457 31194-31253 XTC                     com.fishit.player.v2                 D  [VOD] DTO→Raw #400 | id=xtream:vod:786362 | title="Checkmates - Ziemlich schräge Figuren | " | sourceType=XTREAM | Fields: ✓[year=2024, poster] ✗[plot, cast, director, backdrop, duration, tmdb]
2026-01-28 15:53:55.463 31194-31366 SyncPerfMetrics         com.fishit.player.v2                 D  Phase MOVIES started
2026-01-28 15:53:55.464 31194-31366 XtreamCatalogScanWorker com.fishit.player.v2                 D  PROGRESS discovered=1217 persisted=590 phase=VOD
2026-01-28 15:53:55.470 31194-31253 XTC                     com.fishit.player.v2                 D  [VOD] DTO→Raw #450 | id=xtream:vod:783657 | title="The Ballad of Wallis Island | 2025 | 7.0" | sourceType=XTREAM | Fields: ✓[year=2025, poster] ✗[plot, cast, director, backdrop, duration, tmdb]
2026-01-28 15:53:55.483 31194-31252 XTC                     com.fishit.player.v2                 D  [LIVE] DTO→Raw #350 | id=xtream:live:181819 | title="MyTeam TV - 7" | sourceType=XTREAM | Fields: ✓[poster] ✗[year, plot, cast, director, backdrop, duration, tmdb]
2026-01-28 15:53:55.514 31194-31366 XtreamCatalogScanWorker com.fishit.player.v2                 D  PROGRESS discovered=1300 persisted=590 phase=null
2026-01-28 15:53:55.521 31194-31252 XTC                     com.fishit.player.v2                 D  [VOD] DTO→Raw #500 | id=xtream:vod:780844 | title="Shadow of God | 2025 | 5.0 |" | sourceType=XTREAM | Fields: ✓[year=2025, poster] ✗[plot, cast, director, backdrop, duration, tmdb]
2026-01-28 15:53:55.524 31194-31368 SyncPerfMetrics         com.fishit.player.v2                 D  Phase MOVIES started
2026-01-28 15:53:55.524 31194-31368 XtreamCatalogScanWorker com.fishit.player.v2                 D  PROGRESS discovered=1380 persisted=590 phase=VOD
2026-01-28 15:53:55.541 31194-31253 XTC                     com.fishit.player.v2                 D  [LIVE] DTO→Raw #400 | id=xtream:live:795605 | title="DE: DEL2 EVENT 16" | sourceType=XTREAM | Fields: ✓[poster] ✗[year, plot, cast, director, backdrop, duration, tmdb]
2026-01-28 15:53:55.541 31194-31242 XtreamCatalogScanWorker com.fishit.player.v2                 D  PROGRESS discovered=1400 persisted=590 phase=null
2026-01-28 15:53:55.542 31194-31242 SyncPerfMetrics         com.fishit.player.v2                 D  Phase LIVE started
2026-01-28 15:53:55.542 31194-31242 XtreamCatalogScanWorker com.fishit.player.v2                 D  PROGRESS discovered=1400 persisted=590 phase=LIVE
2026-01-28 15:53:55.562 31194-31249 XTC                     com.fishit.player.v2                 D  [SERIES] DTO→Raw #550 | id=xtream:series:2129 | title="Weihnachtsmann & Co. KG" | sourceType=XTREAM | Fields: ✓[plot(468c), cast, poster] ✗[year, director, backdrop, duration, tmdb]
2026-01-28 15:53:55.571 31194-31244 XtreamCatalogScanWorker com.fishit.player.v2                 D  PROGRESS discovered=1500 persisted=590 phase=null
2026-01-28 15:53:55.581 31194-31249 XTC                     com.fishit.player.v2                 D  [SERIES] DTO→Raw #600 | id=xtream:series:2346 | title="Shadow and Bone" | sourceType=XTREAM | Fields: ✓[plot(164c), cast, poster] ✗[year, director, backdrop, duration, tmdb]
2026-01-28 15:53:55.582 31194-31253 XTC                     com.fishit.player.v2                 D  [LIVE] DTO→Raw #450 | id=xtream:live:792958 | title="DE: RTL+ SPORT EVENT 17" | sourceType=XTREAM | Fields: ✓[poster] ✗[year, plot, cast, director, backdrop, duration, tmdb]
2026-01-28 15:53:55.582 31194-31248 SyncBatchManager        com.fishit.player.v2                 D  Flushing SERIES batch: 200 items (timeBased=false)
2026-01-28 15:53:55.583 31194-31248 CatalogSyncService      com.fishit.player.v2                 D  Persisting Xtream catalog batch (NX-ONLY): 200 items (canonical_linking=false)
2026-01-28 15:53:55.597 31194-31249 XTC                     com.fishit.player.v2                 D  [SERIES] DTO→Raw #650 | id=xtream:series:2445 | title="And Just Like That…" | sourceType=XTREAM | Fields: ✓[plot(200c), cast, poster] ✗[year, director, backdrop, duration, tmdb]
2026-01-28 15:53:56.256 31194-31243 CatalogSyncService      com.fishit.player.v2                 D  Xtream batch complete (HOT PATH/NX): ingested=166 total_ms=1058
2026-01-28 15:53:56.257 31194-31243 CatalogSyncService      com.fishit.player.v2                 D  Time-based flush MOVIES: 166 items in 1059ms
2026-01-28 15:53:56.328 31194-31249 CatalogSyncService      com.fishit.player.v2                 D  Xtream batch complete (HOT PATH/NX): ingested=200 total_ms=745
2026-01-28 15:53:56.329 31194-31249 SyncPerfMetrics         com.fishit.player.v2                 D  Phase SERIES started
2026-01-28 15:53:56.329 31194-31249 XtreamCatalogScanWorker com.fishit.player.v2                 D  PROGRESS discovered=1548 persisted=956 phase=SERIES
2026-01-28 15:53:56.332 31194-31249 XtreamCatalogScanWorker com.fishit.player.v2                 D  PROGRESS discovered=1600 persisted=956 phase=null
2026-01-28 15:53:56.340 31194-31248 XTC                     com.fishit.player.v2                 D  [VOD] DTO→Raw #550 | id=xtream:vod:779064 | title="Escape - Der unsichtbare Feind | 2024 | " | sourceType=XTREAM | Fields: ✓[year=2024, poster] ✗[plot, cast, director, backdrop, duration, tmdb]
2026-01-28 15:53:56.342 31194-31249 XtreamCatalogScanWorker com.fishit.player.v2                 D  PROGRESS discovered=1700 persisted=956 phase=null
2026-01-28 15:53:56.344 31194-31249 SyncBatchManager        com.fishit.player.v2                 D  Flushing MOVIES batch: 400 items (timeBased=false)
2026-01-28 15:53:56.344 31194-31249 CatalogSyncService      com.fishit.player.v2                 D  Persisting Xtream catalog batch (NX-ONLY): 400 items (canonical_linking=false)
2026-01-28 15:53:56.350 31194-31248 XTC                     com.fishit.player.v2                 D  [VOD] DTO→Raw #600 | id=xtream:vod:776412 | title="WWE WrestleMania 41: Sunday | 2025 | 6.1" | sourceType=XTREAM | Fields: ✓[year=2025, poster] ✗[plot, cast, director, backdrop, duration, tmdb]
2026-01-28 15:53:56.458 31194-31249 SyncBatchManager        com.fishit.player.v2                 D  Time-based flush for LIVE: 292 items after 2798ms
2026-01-28 15:53:56.458 31194-31249 SyncBatchManager        com.fishit.player.v2                 D  Flushing LIVE batch: 292 items (timeBased=true)
2026-01-28 15:53:56.458 31194-31249 CatalogSyncService      com.fishit.player.v2                 D  Persisting Xtream live batch (NX-ONLY): 292 items
2026-01-28 15:53:56.847 31194-31243 CatalogSyncBootstrap    com.fishit.player.v2                 I  Catalog sync bootstrap triggered; activeSources=[XTREAM]
2026-01-28 15:53:56.847 31194-31243 CatalogSyncScheduler    com.fishit.player.v2                 D  Enqueueing AUTO sync
2026-01-28 15:53:56.849 31194-31243 CatalogSyncScheduler    com.fishit.player.v2                 D  Scheduling periodic incremental sync every 2 hours
2026-01-28 15:53:56.852 31194-31243 CatalogSyncScheduler    com.fishit.player.v2                 I  Periodic incremental sync scheduled: every 2 hours
2026-01-28 15:53:56.853 31194-31243 CatalogSyncBootstrap    com.fishit.player.v2                 I  Periodic incremental sync scheduled: every 2h
2026-01-28 15:53:56.886 31194-31264 WM-SystemJobScheduler   com.fishit.player.v2                 D  Scheduling work ID 058a26b1-a393-44b2-bc9d-6041e454023fJob ID 3
2026-01-28 15:53:56.893 31194-31264 WM-GreedyScheduler      com.fishit.player.v2                 D  Starting work for 058a26b1-a393-44b2-bc9d-6041e454023f
2026-01-28 15:53:56.893 31194-31194 WM-SystemJobService     com.fishit.player.v2                 D  onStartJob for WorkGenerationalId(workSpecId=058a26b1-a393-44b2-bc9d-6041e454023f, generation=0)
2026-01-28 15:53:56.909 31194-31264 WM-SystemJobScheduler   com.fishit.player.v2                 D  Scheduling work ID 2fa579aa-8b1a-40d4-a923-d1bf9c68d96dJob ID 4
2026-01-28 15:53:56.914 31194-31264 WM-GreedyScheduler      com.fishit.player.v2                 D  Starting tracking for 2fa579aa-8b1a-40d4-a923-d1bf9c68d96d
2026-01-28 15:53:56.917 31194-31194 WM-SystemJobService     com.fishit.player.v2                 D  onStartJob for WorkGenerationalId(workSpecId=2fa579aa-8b1a-40d4-a923-d1bf9c68d96d, generation=0)
2026-01-28 15:53:56.926 31194-31264 WM-Processor            com.fishit.player.v2                 D  Processor: processing WorkGenerationalId(workSpecId=058a26b1-a393-44b2-bc9d-6041e454023f, generation=0)
2026-01-28 15:53:56.928 31194-31264 WM-Processor            com.fishit.player.v2                 D  Work WorkGenerationalId(workSpecId=058a26b1-a393-44b2-bc9d-6041e454023f, generation=0) is already enqueued for processing
2026-01-28 15:53:56.931 31194-31264 WM-Processor            com.fishit.player.v2                 D  Processor: processing WorkGenerationalId(workSpecId=2fa579aa-8b1a-40d4-a923-d1bf9c68d96d, generation=0)
2026-01-28 15:53:56.954 31194-31206 ishit.player.v2         com.fishit.player.v2                 I  Background concurrent copying GC freed 383541(13MB) AllocSpace objects, 0(0B) LOS objects, 49% free, 23MB/46MB, paused 75us,64us total 100.585ms
2026-01-28 15:53:56.963 31194-31194 WM-WorkerWrapper        com.fishit.player.v2                 D  Starting work for com.fishit.player.v2.work.CatalogSyncOrchestratorWorker
2026-01-28 15:53:56.964 31194-31248 CatalogSyn...atorWorker com.fishit.player.v2                 I  START sync_run_id=e0043a77-6340-41bf-9186-7a069048d3fb mode=auto
2026-01-28 15:53:56.966 31194-31194 WM-WorkerWrapper        com.fishit.player.v2                 D  Starting work for com.fishit.player.v2.work.CatalogSyncOrchestratorWorker
2026-01-28 15:53:56.967 31194-31368 CatalogSyn...atorWorker com.fishit.player.v2                 I  START sync_run_id=periodic_1769612036850 mode=incremental
2026-01-28 15:53:56.968 31194-31368 RuntimeGuards           com.fishit.player.v2                 D  Manual sync (incremental) - skipping battery guard (level=94%)
2026-01-28 15:53:56.969 31194-31368 CatalogSyn...atorWorker com.fishit.player.v2                 I  Active sources check: [XTREAM] (isEmpty=false)
2026-01-28 15:53:56.969 31194-31368 CatalogSyn...atorWorker com.fishit.player.v2                 D  Active sources: [XTREAM] (TELEGRAM=false, XTREAM=true, IO=false)
2026-01-28 15:53:56.969 31194-31264 WM-ConstraintTracker    com.fishit.player.v2                 D  BatteryNotLowTracker: initial state = true
2026-01-28 15:53:56.969 31194-31264 WM-BrdcstRcvrCnstrntTrc com.fishit.player.v2                 D  BatteryNotLowTracker: registering receiver
2026-01-28 15:53:56.970 31194-31248 RuntimeGuards           com.fishit.player.v2                 D  Manual sync (auto) - skipping battery guard (level=94%)
2026-01-28 15:53:56.971 31194-31248 CatalogSyn...atorWorker com.fishit.player.v2                 I  Active sources check: [XTREAM] (isEmpty=false)
2026-01-28 15:53:56.972 31194-31248 CatalogSyn...atorWorker com.fishit.player.v2                 D  Active sources: [XTREAM] (TELEGRAM=false, XTREAM=true, IO=false)
2026-01-28 15:53:56.974 31194-31368 CatalogSyn...atorWorker com.fishit.player.v2                 D  Enqueued Xtream chain: work_name=catalog_sync_global_xtream policy=KEEP workers=2
2026-01-28 15:53:56.976 31194-31264 WM-ConstraintTracker    com.fishit.player.v2                 D  NetworkStateTracker24: initial state = NetworkState(isConnected=true, isValidated=true, isMetered=true, isNotRoaming=true)
2026-01-28 15:53:56.976 31194-31264 WM-NetworkStateTracker  com.fishit.player.v2                 D  Registering network callback
2026-01-28 15:53:56.977 31194-31368 CatalogSyn...atorWorker com.fishit.player.v2                 D  Telegram not in active sources - skipping Telegram workers
2026-01-28 15:53:56.977 31194-31264 ConnectivityManager     com.fishit.player.v2                 D  StackLog: [android.net.ConnectivityManager.sendRequestForNetwork(ConnectivityManager.java:4402)] [android.net.ConnectivityManager.registerDefaultNetworkCallbackForUid(ConnectivityManager.java:4966)] [android.net.ConnectivityManager.registerDefaultNetworkCallback(ConnectivityManager.java:4933)] [android.net.ConnectivityManager.registerDefaultNetworkCallback(ConnectivityManager.java:4907)] [androidx.work.impl.utils.NetworkApi24.registerDefaultNetworkCallbackCompat(NetworkApi24.kt:26)] [androidx.work.impl.constraints.trackers.NetworkStateTracker24.startTracking(NetworkStateTracker.kt:165)] [androidx.work.impl.constraints.trackers.ConstraintTracker.addListener(ConstraintTracker.kt:52)] [androidx.work.impl.constraints.controllers.BaseConstraintController$track$1.invokeSuspend(ContraintControllers.kt:62)] [androidx.work.impl.constraints.controllers.BaseConstraintController$track$1.invoke(Unknown Source:8)] [androidx.work.impl.constraints.controllers.BaseConstraintController$track$1.invoke(Unknown Source:4)] [kotlinx.coroutines.flow.ChannelFlowBuilder.collectTo$suspendImpl(Builders.kt:316)] [kotlinx.coroutines.flow.ChannelFlowBuilder.collectTo(Unknown Source:0)] [kotlinx.coroutines.flow.CallbackFlowBuilder.collectTo(Builders.kt:330)] [kotlinx.coroutines.flow.internal.ChannelFlow$collectToFun$1.invokeSuspend(ChannelFlow.kt:56)] [kotlin.coroutines.jvm.internal.BaseContinuationImpl.resumeWith(ContinuationImpl.kt:34)] [kotlinx.coroutines.DispatchedTask.run(DispatchedTask.kt:100)] [androidx.work.impl.utils.SerialExecutorImpl$Task.run(SerialExecutorImpl.java:96)] [java.util.concurrent.ThreadPoolExecutor.runWorker(ThreadPoolExecutor.java:1145)] [java.util.concurrent.ThreadPoolExecutor$Worker.run(ThreadPoolExecutor.java:644)] [java.lang.Thread.run(Thread.java:1012)]
2026-01-28 15:53:56.978 31194-31368 CatalogSyn...atorWorker com.fishit.player.v2                 D  📊 WorkInfo chains enqueued:
                                                                                                      [XTREAM] work_name=catalog_sync_global_xtream → ENQUEUED
                                                                                                      Use 'adb shell dumpsys jobscheduler' or WorkManager Inspector for detailed state
2026-01-28 15:53:56.978 31194-31368 CatalogSyn...atorWorker com.fishit.player.v2                 I  CHAINS_ENQUEUED duration_ms=11 policy=KEEP sources=XTREAM (downstream workers will report completion)
