2026-01-28 15:54:16.294 31194-31477 BufferQueueProducer     com.fishit.player.v2                 W  [SurfaceView[com.fishit.player.v2/com.fishit.player.v2.MainActivity]@0#1(BLAST Consumer)1](id:79da00000001,api:3,p:31194,c:31194) detachBuffer: slot 31 is not owned by the producer (state = FREE)
2026-01-28 15:54:16.294 31194-31477 BufferQueueProducer     com.fishit.player.v2                 W  [SurfaceView[com.fishit.player.v2/com.fishit.player.v2.MainActivity]@0#1(BLAST Consumer)1](id:79da00000001,api:3,p:31194,c:31194) detachBuffer: slot 32 is not owned by the producer (state = FREE)
2026-01-28 15:54:16.295 31194-31477 BufferQueueProducer     com.fishit.player.v2                 W  [SurfaceView[com.fishit.player.v2/com.fishit.player.v2.MainActivity]@0#1(BLAST Consumer)1](id:79da00000001,api:3,p:31194,c:31194) detachBuffer: slot 33 is not owned by the producer (state = FREE)
2026-01-28 15:54:16.295 31194-31477 BufferQueueProducer     com.fishit.player.v2                 W  [SurfaceView[com.fishit.player.v2/com.fishit.player.v2.MainActivity]@0#1(BLAST Consumer)1](id:79da00000001,api:3,p:31194,c:31194) detachBuffer: slot 34 is not owned by the producer (state = FREE)
2026-01-28 15:54:16.295 31194-31477 BufferQueueProducer     com.fishit.player.v2                 W  [SurfaceView[com.fishit.player.v2/com.fishit.player.v2.MainActivity]@0#1(BLAST Consumer)1](id:79da00000001,api:3,p:31194,c:31194) detachBuffer: slot 35 is not owned by the producer (state = FREE)
2026-01-28 15:54:16.295 31194-31477 BufferQueueProducer     com.fishit.player.v2                 W  [SurfaceView[com.fishit.player.v2/com.fishit.player.v2.MainActivity]@0#1(BLAST Consumer)1](id:79da00000001,api:3,p:31194,c:31194) detachBuffer: slot 36 is not owned by the producer (state = FREE)
2026-01-28 15:54:16.295 31194-31477 BufferQueueProducer     com.fishit.player.v2                 W  [SurfaceView[com.fishit.player.v2/com.fishit.player.v2.MainActivity]@0#1(BLAST Consumer)1](id:79da00000001,api:3,p:31194,c:31194) detachBuffer: slot 37 is not owned by the producer (state = FREE)
2026-01-28 15:54:16.295 31194-31477 BufferQueueProducer     com.fishit.player.v2                 W  [SurfaceView[com.fishit.player.v2/com.fishit.player.v2.MainActivity]@0#1(BLAST Consumer)1](id:79da00000001,api:3,p:31194,c:31194) detachBuffer: slot 38 is not owned by the producer (state = FREE)
2026-01-28 15:54:16.295 31194-31477 BufferQueueProducer     com.fishit.player.v2                 W  [SurfaceView[com.fishit.player.v2/com.fishit.player.v2.MainActivity]@0#1(BLAST Consumer)1](id:79da00000001,api:3,p:31194,c:31194) detachBuffer: slot 39 is not owned by the producer (state = FREE)
2026-01-28 15:54:16.295 31194-31477 BufferQueueProducer     com.fishit.player.v2                 W  [SurfaceView[com.fishit.player.v2/com.fishit.player.v2.MainActivity]@0#1(BLAST Consumer)1](id:79da00000001,api:3,p:31194,c:31194) detachBuffer: slot 40 is not owned by the producer (state = FREE)
2026-01-28 15:54:16.295 31194-31477 BufferQueueProducer     com.fishit.player.v2                 W  [SurfaceView[com.fishit.player.v2/com.fishit.player.v2.MainActivity]@0#1(BLAST Consumer)1](id:79da00000001,api:3,p:31194,c:31194) detachBuffer: slot 41 is not owned by the producer (state = FREE)
2026-01-28 15:54:16.295 31194-31477 BufferQueueProducer     com.fishit.player.v2                 W  [SurfaceView[com.fishit.player.v2/com.fishit.player.v2.MainActivity]@0#1(BLAST Consumer)1](id:79da00000001,api:3,p:31194,c:31194) detachBuffer: slot 42 is not owned by the producer (state = FREE)
2026-01-28 15:54:16.296 31194-31477 BufferQueueProducer     com.fishit.player.v2                 W  [SurfaceView[com.fishit.player.v2/com.fishit.player.v2.MainActivity]@0#1(BLAST Consumer)1](id:79da00000001,api:3,p:31194,c:31194) detachBuffer: slot 43 is not owned by the producer (state = FREE)
2026-01-28 15:54:16.296 31194-31477 BufferQueueProducer     com.fishit.player.v2                 W  [SurfaceView[com.fishit.player.v2/com.fishit.player.v2.MainActivity]@0#1(BLAST Consumer)1](id:79da00000001,api:3,p:31194,c:31194) detachBuffer: slot 44 is not owned by the producer (state = FREE)
2026-01-28 15:54:16.296 31194-31477 BufferQueueProducer     com.fishit.player.v2                 W  [SurfaceView[com.fishit.player.v2/com.fishit.player.v2.MainActivity]@0#1(BLAST Consumer)1](id:79da00000001,api:3,p:31194,c:31194) detachBuffer: slot 45 is not owned by the producer (state = FREE)
2026-01-28 15:54:16.296 31194-31477 BufferQueueProducer     com.fishit.player.v2                 W  [SurfaceView[com.fishit.player.v2/com.fishit.player.v2.MainActivity]@0#1(BLAST Consumer)1](id:79da00000001,api:3,p:31194,c:31194) detachBuffer: slot 46 is not owned by the producer (state = FREE)
2026-01-28 15:54:16.296 31194-31477 BufferQueueProducer     com.fishit.player.v2                 W  [SurfaceView[com.fishit.player.v2/com.fishit.player.v2.MainActivity]@0#1(BLAST Consumer)1](id:79da00000001,api:3,p:31194,c:31194) detachBuffer: slot 47 is not owned by the producer (state = FREE)
2026-01-28 15:54:16.296 31194-31477 BufferQueueProducer     com.fishit.player.v2                 W  [SurfaceView[com.fishit.player.v2/com.fishit.player.v2.MainActivity]@0#1(BLAST Consumer)1](id:79da00000001,api:3,p:31194,c:31194) detachBuffer: slot 48 is not owned by the producer (state = FREE)
2026-01-28 15:54:16.296 31194-31477 BufferQueueProducer     com.fishit.player.v2                 W  [SurfaceView[com.fishit.player.v2/com.fishit.player.v2.MainActivity]@0#1(BLAST Consumer)1](id:79da00000001,api:3,p:31194,c:31194) detachBuffer: slot 49 is not owned by the producer (state = FREE)
2026-01-28 15:54:16.296 31194-31477 BufferQueueProducer     com.fishit.player.v2                 W  [SurfaceView[com.fishit.player.v2/com.fishit.player.v2.MainActivity]@0#1(BLAST Consumer)1](id:79da00000001,api:3,p:31194,c:31194) detachBuffer: slot 50 is not owned by the producer (state = FREE)
2026-01-28 15:54:16.296 31194-31477 BufferQueueProducer     com.fishit.player.v2                 W  [SurfaceView[com.fishit.player.v2/com.fishit.player.v2.MainActivity]@0#1(BLAST Consumer)1](id:79da00000001,api:3,p:31194,c:31194) detachBuffer: slot 51 is not owned by the producer (state = FREE)
2026-01-28 15:54:16.296 31194-31477 BufferQueueProducer     com.fishit.player.v2                 W  [SurfaceView[com.fishit.player.v2/com.fishit.player.v2.MainActivity]@0#1(BLAST Consumer)1](id:79da00000001,api:3,p:31194,c:31194) detachBuffer: slot 52 is not owned by the producer (state = FREE)
2026-01-28 15:54:16.296 31194-31477 BufferQueueProducer     com.fishit.player.v2                 W  [SurfaceView[com.fishit.player.v2/com.fishit.player.v2.MainActivity]@0#1(BLAST Consumer)1](id:79da00000001,api:3,p:31194,c:31194) detachBuffer: slot 53 is not owned by the producer (state = FREE)
2026-01-28 15:54:16.296 31194-31477 BufferQueueProducer     com.fishit.player.v2                 W  [SurfaceView[com.fishit.player.v2/com.fishit.player.v2.MainActivity]@0#1(BLAST Consumer)1](id:79da00000001,api:3,p:31194,c:31194) detachBuffer: slot 54 is not owned by the producer (state = FREE)
2026-01-28 15:54:16.296 31194-31477 BufferQueueProducer     com.fishit.player.v2                 W  [SurfaceView[com.fishit.player.v2/com.fishit.player.v2.MainActivity]@0#1(BLAST Consumer)1](id:79da00000001,api:3,p:31194,c:31194) detachBuffer: slot 55 is not owned by the producer (state = FREE)
2026-01-28 15:54:16.297 31194-31477 BufferQueueProducer     com.fishit.player.v2                 W  [SurfaceView[com.fishit.player.v2/com.fishit.player.v2.MainActivity]@0#1(BLAST Consumer)1](id:79da00000001,api:3,p:31194,c:31194) detachBuffer: slot 56 is not owned by the producer (state = FREE)
2026-01-28 15:54:16.297 31194-31477 BufferQueueProducer     com.fishit.player.v2                 W  [SurfaceView[com.fishit.player.v2/com.fishit.player.v2.MainActivity]@0#1(BLAST Consumer)1](id:79da00000001,api:3,p:31194,c:31194) detachBuffer: slot 57 is not owned by the producer (state = FREE)
2026-01-28 15:54:16.297 31194-31477 BufferQueueProducer     com.fishit.player.v2                 W  [SurfaceView[com.fishit.player.v2/com.fishit.player.v2.MainActivity]@0#1(BLAST Consumer)1](id:79da00000001,api:3,p:31194,c:31194) detachBuffer: slot 58 is not owned by the producer (state = FREE)
2026-01-28 15:54:16.297 31194-31477 BufferQueueProducer     com.fishit.player.v2                 W  [SurfaceView[com.fishit.player.v2/com.fishit.player.v2.MainActivity]@0#1(BLAST Consumer)1](id:79da00000001,api:3,p:31194,c:31194) detachBuffer: slot 59 is not owned by the producer (state = FREE)
2026-01-28 15:54:16.297 31194-31477 BufferQueueProducer     com.fishit.player.v2                 W  [SurfaceView[com.fishit.player.v2/com.fishit.player.v2.MainActivity]@0#1(BLAST Consumer)1](id:79da00000001,api:3,p:31194,c:31194) detachBuffer: slot 60 is not owned by the producer (state = FREE)
2026-01-28 15:54:16.297 31194-31477 BufferQueueProducer     com.fishit.player.v2                 W  [SurfaceView[com.fishit.player.v2/com.fishit.player.v2.MainActivity]@0#1(BLAST Consumer)1](id:79da00000001,api:3,p:31194,c:31194) detachBuffer: slot 61 is not owned by the producer (state = FREE)
2026-01-28 15:54:16.297 31194-31477 BufferQueueProducer     com.fishit.player.v2                 W  [SurfaceView[com.fishit.player.v2/com.fishit.player.v2.MainActivity]@0#1(BLAST Consumer)1](id:79da00000001,api:3,p:31194,c:31194) detachBuffer: slot 62 is not owned by the producer (state = FREE)
2026-01-28 15:54:16.297 31194-31477 BufferQueueProducer     com.fishit.player.v2                 W  [SurfaceView[com.fishit.player.v2/com.fishit.player.v2.MainActivity]@0#1(BLAST Consumer)1](id:79da00000001,api:3,p:31194,c:31194) detachBuffer: slot 63 is not owned by the producer (state = FREE)
2026-01-28 15:54:16.305 31194-31477 Codec2Client            com.fishit.player.v2                 D  Surface configure completed
2026-01-28 15:54:16.305 31194-31477 SurfaceUtils            com.fishit.player.v2                 D  disconnecting from surface 0xb400006ec8e8ad60, reason disconnectFromSurface
2026-01-28 15:54:16.306 31194-31194 SurfaceView@bb60d8e     com.fishit.player.v2                 I  updateSurface: mVisible = false mSurface.isValid() = true
2026-01-28 15:54:16.306 31194-31194 SurfaceView@bb60d8e     com.fishit.player.v2                 I  releaseSurfaces: viewRoot = ViewRootImpl@ce48818[MainActivity]
2026-01-28 15:54:16.307 31194-31194 SurfaceView@bb60d8e     com.fishit.player.v2                 V  Layout: x=0 y=896 w=1080 h=607, frame=Rect(0, 0 - 1080, 607)
2026-01-28 15:54:16.307 31194-31194 SurfaceView@bb60d8e     com.fishit.player.v2                 I  onDetachedFromWindow: tryReleaseSurfaces()
2026-01-28 15:54:16.307 31194-31194 SurfaceView@bb60d8e     com.fishit.player.v2                 I  releaseSurfaces: viewRoot = ViewRootImpl@ce48818[MainActivity]
2026-01-28 15:54:16.317 31194-31483 BufferPoolAccessor2.0   com.fishit.player.v2                 D  bufferpool2 0xb400006f98e6f4d8 : 7(51380224 size) total buffers - 5(36700160 size) used buffers - 271/279 (recycle/alloc) - 8/278 (fetch/transfer)
2026-01-28 15:54:16.327 31194-31194 ViewRootIm...nActivity] com.fishit.player.v2                 I  registerCallbackForPendingTransactions
2026-01-28 15:54:16.333 31194-31254 SurfaceView             com.fishit.player.v2                 D  245377618 windowPositionLost, frameNr = 138
2026-01-28 15:54:16.334 31194-31289 ViewRootIm...nActivity] com.fishit.player.v2                 I  mWNT: t=0xb400007078df1d30 mBlastBufferQueue=0xb400006e78df5270 fn= 138 mRenderHdrSdrRatio=1.0 caller= android.view.ViewRootImpl$6.onFrameDraw:5635 android.view.ViewRootImpl$2.onFrameDraw:2146 android.view.ThreadedRenderer$1.onFrameDraw:792
2026-01-28 15:54:16.396 31194-31194 DetailEnrichment        com.fishit.player.v2                 W  enrichFromXtream: invalid sourceId=src:xtream:xtream:Xtream VOD:vod:xtream:vod:791354
2026-01-28 15:54:16.400 31194-31206 ishit.player.v2         com.fishit.player.v2                 I  Background concurrent copying GC freed 605570(30MB) AllocSpace objects, 0(0B) LOS objects, 22% free, 84MB/108MB, paused 169us,102us total 163.192ms
2026-01-28 15:54:16.401 31194-31194 DetailEnrichment        com.fishit.player.v2                 W  enrichFromXtream: invalid sourceId=src:xtream:xtream:Xtream VOD:vod:xtream:vod:791354
2026-01-28 15:54:17.188 31194-31477 MediaCodec              com.fishit.player.v2                 I  setCodecState state(0), called in 6
2026-01-28 15:54:17.312 31194-31442 CatalogSyncService      com.fishit.player.v2                 D  Xtream batch complete (HOT PATH/NX): ingested=400 total_ms=15240
2026-01-28 15:54:17.317 31194-31442 SyncPerfMetrics         com.fishit.player.v2                 D  Phase MOVIES started
2026-01-28 15:54:17.318 31194-31442 XtreamCatalogScanWorker com.fishit.player.v2                 D  PROGRESS discovered=2970 persisted=2663 phase=VOD
2026-01-28 15:54:17.324 31194-31442 XtreamCatalogScanWorker com.fishit.player.v2                 D  PROGRESS discovered=3000 persisted=2663 phase=null
2026-01-28 15:54:17.348 31194-31249 XTC                     com.fishit.player.v2                 D  [LIVE] DTO→Raw #800 | id=xtream:live:729970 | title="DE: POLICE ACADEMY" | sourceType=XTREAM | Fields: ✓[poster] ✗[year, plot, cast, director, backdrop, duration, tmdb]
2026-01-28 15:54:17.349 31194-31442 SyncPerfMetrics         com.fishit.player.v2                 D  Phase LIVE started
2026-01-28 15:54:17.349 31194-31442 XtreamCatalogScanWorker com.fishit.player.v2                 D  PROGRESS discovered=3077 persisted=2663 phase=LIVE
2026-01-28 15:54:17.352 31194-31417 XTC                     com.fishit.player.v2                 D  [VOD] DTO→Raw #1250 | id=xtream:vod:744770 | title="We Grown Now | 2024 | 7.2 |" | sourceType=XTREAM | Fields: ✓[year=2024, poster] ✗[plot, cast, director, backdrop, duration, tmdb]
2026-01-28 15:54:17.356 31194-31242 XtreamCatalogScanWorker com.fishit.player.v2                 D  PROGRESS discovered=3100 persisted=2663 phase=null
2026-01-28 15:54:17.363 31194-31368 XTC                     com.fishit.player.v2                 D  [SERIES] DTO→Raw #1050 | id=xtream:series:2876 | title="New Amsterdam" | sourceType=XTREAM | Fields: ✓[plot(648c), cast, poster] ✗[year, director, backdrop, duration, tmdb]
2026-01-28 15:54:17.381 31194-31442 XtreamCatalogScanWorker com.fishit.player.v2                 D  PROGRESS discovered=3200 persisted=2663 phase=null
2026-01-28 15:54:17.385 31194-31249 XTC                     com.fishit.player.v2                 D  [LIVE] DTO→Raw #850 | id=xtream:live:140923 | title="DE: X-Men HD 24/7" | sourceType=XTREAM | Fields: ✓[poster] ✗[year, plot, cast, director, backdrop, duration, tmdb]
2026-01-28 15:54:17.391 31194-31368 XTC                     com.fishit.player.v2                 D  [SERIES] DTO→Raw #1100 | id=xtream:series:2929 | title="Top of the Lake" | sourceType=XTREAM | Fields: ✓[plot(379c), cast, poster] ✗[year, director, backdrop, duration, tmdb]
2026-01-28 15:54:17.392 31194-31417 XTC                     com.fishit.player.v2                 D  [VOD] DTO→Raw #1300 | id=xtream:vod:743327 | title="The Last Rifleman | 2023 | 6.7 |" | sourceType=XTREAM | Fields: ✓[year=2023, poster] ✗[plot, cast, director, backdrop, duration, tmdb]
2026-01-28 15:54:17.397 31194-31418 SyncPerfMetrics         com.fishit.player.v2                 D  Phase SERIES started
2026-01-28 15:54:17.398 31194-31418 XtreamCatalogScanWorker com.fishit.player.v2                 D  PROGRESS discovered=3262 persisted=2663 phase=SERIES
2026-01-28 15:54:17.398 31194-31418 SyncPerfMetrics         com.fishit.player.v2                 D  Phase MOVIES started
2026-01-28 15:54:17.399 31194-31418 XtreamCatalogScanWorker com.fishit.player.v2                 D  PROGRESS discovered=3271 persisted=2663 phase=VOD
2026-01-28 15:54:17.401 31194-31194 ViewRootIm...nActivity] com.fishit.player.v2                 I  ViewPostIme pointer 0
2026-01-28 15:54:17.406 31194-31418 XtreamCatalogScanWorker com.fishit.player.v2                 D  PROGRESS discovered=3300 persisted=2663 phase=null
2026-01-28 15:54:17.408 31194-31452 XTC                     com.fishit.player.v2                 D  [VOD] DTO→Raw #1350 | id=xtream:vod:741596 | title="Chantal im Märchenland | 2024 | 5.2 |" | sourceType=XTREAM | Fields: ✓[year=2024, poster] ✗[plot, cast, director, backdrop, duration, tmdb]
2026-01-28 15:54:17.413 31194-31442 XtreamCatalogScanWorker com.fishit.player.v2                 D  PROGRESS discovered=3400 persisted=2663 phase=null
2026-01-28 15:54:17.414 31194-31367 XTC                     com.fishit.player.v2                 D  [SERIES] DTO→Raw #1150 | id=xtream:series:3034 | title="Threesome - Ein Dreier mit Folgen" | sourceType=XTREAM | Fields: ✓[plot(308c), cast, poster] ✗[year, director, backdrop, duration, tmdb]
2026-01-28 15:54:17.417 31194-31417 XTC                     com.fishit.player.v2                 D  [LIVE] DTO→Raw #900 | id=xtream:live:364840 | title="DE: TOM HARDY - 24/7" | sourceType=XTREAM | Fields: ✓[poster] ✗[year, plot, cast, director, backdrop, duration, tmdb]
2026-01-28 15:54:17.417 31194-31253 SyncPerfMetrics         com.fishit.player.v2                 D  Phase LIVE started
2026-01-28 15:54:17.418 31194-31253 XtreamCatalogScanWorker com.fishit.player.v2                 D  PROGRESS discovered=3425 persisted=2663 phase=LIVE
2026-01-28 15:54:17.421 31194-31452 XTC                     com.fishit.player.v2                 D  [VOD] DTO→Raw #1400 | id=xtream:vod:740067 | title="Die Knochenfrau | 2023 | 5.8 |" | sourceType=XTREAM | Fields: ✓[year=2023, poster] ✗[plot, cast, director, backdrop, duration, tmdb]
2026-01-28 15:54:17.422 31194-31253 SyncPerfMetrics         com.fishit.player.v2                 D  Phase MOVIES started
2026-01-28 15:54:17.423 31194-31253 XtreamCatalogScanWorker com.fishit.player.v2                 D  PROGRESS discovered=3470 persisted=2663 phase=VOD
2026-01-28 15:54:17.427 31194-31253 XtreamCatalogScanWorker com.fishit.player.v2                 D  PROGRESS discovered=3500 persisted=2663 phase=null
2026-01-28 15:54:17.430 31194-31452 XTC                     com.fishit.player.v2                 D  [VOD] DTO→Raw #1450 | id=xtream:vod:731525 | title="Für immer | 2023 | 6.1 |" | sourceType=XTREAM | Fields: ✓[year=2023, poster] ✗[plot, cast, director, backdrop, duration, tmdb]
2026-01-28 15:54:17.439 31194-31253 XtreamCatalogScanWorker com.fishit.player.v2                 D  PROGRESS discovered=3600 persisted=2663 phase=null
2026-01-28 15:54:17.441 31194-31452 XTC                     com.fishit.player.v2                 D  [VOD] DTO→Raw #1500 | id=xtream:vod:728107 | title="My Name Is Loh Kiwan | 2024 | 6.0 |" | sourceType=XTREAM | Fields: ✓[year=2024, poster] ✗[plot, cast, director, backdrop, duration, tmdb]
2026-01-28 15:54:17.441 31194-31368 SyncPerfMetrics         com.fishit.player.v2                 D  Phase MOVIES started
2026-01-28 15:54:17.441 31194-31368 XtreamCatalogScanWorker com.fishit.player.v2                 D  PROGRESS discovered=3612 persisted=2663 phase=VOD
2026-01-28 15:54:17.447 31194-31194 ViewRootIm...nActivity] com.fishit.player.v2                 I  ViewPostIme pointer 1
2026-01-28 15:54:17.464 31194-31417 XTC                     com.fishit.player.v2                 D  [LIVE] DTO→Raw #950 | id=xtream:live:140794 | title="DE: See - Reich der Blinden - Premium 24" | sourceType=XTREAM | Fields: ✓[poster] ✗[year, plot, cast, director, backdrop, duration, tmdb]
2026-01-28 15:54:17.464 31194-31367 XTC                     com.fishit.player.v2                 D  [SERIES] DTO→Raw #1200 | id=xtream:series:3154 | title="Toy Boy" | sourceType=XTREAM | Fields: ✓[plot(169c), cast, poster] ✗[year, director, backdrop, duration, tmdb]
2026-01-28 15:54:17.465 31194-31253 SyncBatchManager        com.fishit.player.v2                 D  Flushing SERIES batch: 200 items (timeBased=false)
2026-01-28 15:54:17.465 31194-31253 CatalogSyncService      com.fishit.player.v2                 D  Persisting Xtream catalog batch (NX-ONLY): 200 items (canonical_linking=false)
2026-01-28 15:54:17.509 31194-31417 CatalogSyncService      com.fishit.player.v2                 D  Xtream live batch complete (NX): ingested=246 total_ms=8907
2026-01-28 15:54:17.510 31194-31417 CatalogSyncService      com.fishit.player.v2                 D  Time-based flush LIVE: 246 items in 8908ms
2026-01-28 15:54:17.510 31194-31417 SyncBatchManager        com.fishit.player.v2                 D  Time-based flush for MOVIES: 337 items after 15438ms
2026-01-28 15:54:17.510 31194-31417 SyncBatchManager        com.fishit.player.v2                 D  Flushing MOVIES batch: 337 items (timeBased=true)
2026-01-28 15:54:17.510 31194-31417 CatalogSyncService      com.fishit.player.v2                 D  Persisting Xtream catalog batch (NX-ONLY): 337 items (canonical_linking=false)
2026-01-28 15:54:18.399 31194-31249 CatalogSyncService      com.fishit.player.v2                 D  Xtream batch complete (HOT PATH/NX): ingested=200 total_ms=934
2026-01-28 15:54:18.401 31194-31249 SyncPerfMetrics         com.fishit.player.v2                 D  Phase SERIES started
2026-01-28 15:54:18.401 31194-31249 XtreamCatalogScanWorker com.fishit.player.v2                 D  PROGRESS discovered=3649 persisted=3109 phase=SERIES
2026-01-28 15:54:18.412 31194-31249 XtreamCatalogScanWorker com.fishit.player.v2                 D  PROGRESS discovered=3700 persisted=3109 phase=null
2026-01-28 15:54:18.425 31194-31242 XTC                     com.fishit.player.v2                 D  [LIVE] DTO→Raw #1000 | id=xtream:live:143675 | title="DE: Bad Blood 24/7" | sourceType=XTREAM | Fields: ✓[poster] ✗[year, plot, cast, director, backdrop, duration, tmdb]
2026-01-28 15:54:18.426 31194-31454 SyncPerfMetrics         com.fishit.player.v2                 D  Phase LIVE started
2026-01-28 15:54:18.427 31194-31454 XtreamCatalogScanWorker com.fishit.player.v2                 D  PROGRESS discovered=3792 persisted=3109 phase=LIVE
2026-01-28 15:54:18.428 31194-31367 XTC                     com.fishit.player.v2                 D  [SERIES] DTO→Raw #1250 | id=xtream:series:3216 | title="Westwall" | sourceType=XTREAM | Fields: ✓[poster] ✗[year, plot, cast, director, backdrop, duration, tmdb]
2026-01-28 15:54:18.430 31194-31253 XtreamCatalogScanWorker com.fishit.player.v2                 D  PROGRESS discovered=3800 persisted=3109 phase=null
2026-01-28 15:54:18.434 31194-31417 XTC                     com.fishit.player.v2                 D  [VOD] DTO→Raw #1550 | id=xtream:vod:704641 | title="Cat Person | 2023 | 6.2 |" | sourceType=XTREAM | Fields: ✓[year=2023, poster] ✗[plot, cast, director, backdrop, duration, tmdb]
2026-01-28 15:54:18.463 31194-31417 XTC                     com.fishit.player.v2                 D  [VOD] DTO→Raw #1600 | id=xtream:vod:696436 | title="Naughty - Entfesselte Lust | 2023 | 5.8 " | sourceType=XTREAM | Fields: ✓[year=2023, poster] ✗[plot, cast, director, backdrop, duration, tmdb]
2026-01-28 15:54:18.465 31194-31249 SyncPerfMetrics         com.fishit.player.v2                 D  Phase MOVIES started
2026-01-28 15:54:18.466 31194-31249 XtreamCatalogScanWorker com.fishit.player.v2                 D  PROGRESS discovered=3897 persisted=3109 phase=VOD
2026-01-28 15:54:18.467 31194-31249 XtreamCatalogScanWorker com.fishit.player.v2                 D  PROGRESS discovered=3900 persisted=3109 phase=null
2026-01-28 15:54:18.468 31194-31367 XTC                     com.fishit.player.v2                 D  [SERIES] DTO→Raw #1300 | id=xtream:series:3275 | title="Lore" | sourceType=XTREAM | Fields: ✓[plot(668c), cast, poster] ✗[year, director, backdrop, duration, tmdb]
2026-01-28 15:54:18.468 31194-31418 SyncPerfMetrics         com.fishit.player.v2                 D  Phase SERIES started
2026-01-28 15:54:18.469 31194-31418 XtreamCatalogScanWorker com.fishit.player.v2                 D  PROGRESS discovered=3919 persisted=3109 phase=SERIES
2026-01-28 15:54:18.484 31194-31417 XTC                     com.fishit.player.v2                 D  [VOD] DTO→Raw #1650 | id=xtream:vod:692594 | title="Slotherhouse - Ein Faultier zum Fürchten" | sourceType=XTREAM | Fields: ✓[year=2023, poster] ✗[plot, cast, director, backdrop, duration, tmdb]
2026-01-28 15:54:18.488 31194-31367 XTC                     com.fishit.player.v2                 D  [SERIES] DTO→Raw #1350 | id=xtream:series:3341 | title="Gordon Ramsay: Uncharted" | sourceType=XTREAM | Fields: ✓[cast, poster] ✗[year, plot, director, backdrop, duration, tmdb]
2026-01-28 15:54:18.492 31194-31366 XtreamCatalogScanWorker com.fishit.player.v2                 D  PROGRESS discovered=4000 persisted=3109 phase=null
2026-01-28 15:54:18.508 31194-31417 XTC                     com.fishit.player.v2                 D  [VOD] DTO→Raw #1700 | id=xtream:vod:674679 | title="A Royal Corgi Christmas - Weihnachten wi" | sourceType=XTREAM | Fields: ✓[year=2022, poster] ✗[plot, cast, director, backdrop, duration, tmdb]
2026-01-28 15:54:18.509 31194-31367 XTC                     com.fishit.player.v2                 D  [SERIES] DTO→Raw #1400 | id=xtream:series:3452 | title="The Guardians of Justice" | sourceType=XTREAM | Fields: ✓[plot(800c), cast, poster] ✗[year, director, backdrop, duration, tmdb]
2026-01-28 15:54:18.510 31194-31368 SyncPerfMetrics         com.fishit.player.v2                 D  Phase MOVIES started
2026-01-28 15:54:18.512 31194-31368 XtreamCatalogScanWorker com.fishit.player.v2                 D  PROGRESS discovered=4098 persisted=3109 phase=VOD
2026-01-28 15:54:18.514 31194-31368 XtreamCatalogScanWorker com.fishit.player.v2                 D  PROGRESS discovered=4100 persisted=3109 phase=null
2026-01-28 15:54:18.516 31194-31368 SyncBatchManager        com.fishit.player.v2                 D  Flushing SERIES batch: 200 items (timeBased=false)
2026-01-28 15:54:18.517 31194-31368 CatalogSyncService      com.fishit.player.v2                 D  Persisting Xtream catalog batch (NX-ONLY): 200 items (canonical_linking=false)
2026-01-28 15:54:18.572 31194-31194 ViewRootIm...nActivity] com.fishit.player.v2                 I  ViewPostIme pointer 0
2026-01-28 15:54:18.851 31194-31194 ViewRootIm...nActivity] com.fishit.player.v2                 I  ViewPostIme pointer 1
2026-01-28 15:54:18.974 31194-31206 ishit.player.v2         com.fishit.player.v2                 I  Background concurrent copying GC freed 637883(29MB) AllocSpace objects, 0(0B) LOS objects, 21% free, 87MB/111MB, paused 109us,84us total 113.746ms
2026-01-28 15:54:19.180 31194-31194 ViewRootIm...nActivity] com.fishit.player.v2                 I  ViewPostIme pointer 0
2026-01-28 15:54:19.248 31194-31194 ViewRootIm...nActivity] com.fishit.player.v2                 I  ViewPostIme pointer 1
2026-01-28 15:54:19.266 31194-31194 WindowOnBackDispatcher  com.fishit.player.v2                 W  OnBackInvokedCallback is not enabled for the application.
                                                                                                    Set 'android:enableOnBackInvokedCallback="true"' in the application manifest.
2026-01-28 15:54:19.438 31194-31194 DetailEnrichment        com.fishit.player.v2                 W  enrichFromXtream: invalid sourceId=src:xtream:xtream:Xtream Series:series:xtream:series:2604
2026-01-28 15:54:19.440 31194-31194 DetailEnrichment        com.fishit.player.v2                 W  enrichFromXtream: invalid sourceId=src:xtream:xtream:Xtream Series:series:xtream:series:2604
2026-01-28 15:54:19.440 31194-31194 UnifiedDetailVM         com.fishit.player.v2                 D  Series canonical ID has no numeric ID: series:freerayshawn:unknown (expected when no Xtream source exists)
2026-01-28 15:54:19.441 31194-31194 UnifiedDetailVM         com.fishit.player.v2                 W  Cannot load series details: unable to extract series ID from series:freerayshawn:unknown
2026-01-28 15:54:19.575 31194-31242 CatalogSyncService      com.fishit.player.v2                 D  Xtream batch complete (HOT PATH/NX): ingested=200 total_ms=1057
2026-01-28 15:54:19.575 31194-31242 SyncPerfMetrics         com.fishit.player.v2                 D  Phase SERIES started
2026-01-28 15:54:19.575 31194-31242 XtreamCatalogScanWorker com.fishit.player.v2                 D  PROGRESS discovered=4106 persisted=3309 phase=SERIES
2026-01-28 15:54:19.578 31194-31442 XTC                     com.fishit.player.v2                 D  [VOD] DTO→Raw #1750 | id=xtream:vod:672225 | title="Elf Me | 2023 | 6.2 |" | sourceType=XTREAM | Fields: ✓[year=2023, poster] ✗[plot, cast, director, backdrop, duration, tmdb]
2026-01-28 15:54:19.581 31194-31242 XtreamCatalogScanWorker com.fishit.player.v2                 D  PROGRESS discovered=4200 persisted=3309 phase=null
2026-01-28 15:54:19.586 31194-31442 XTC                     com.fishit.player.v2                 D  [VOD] DTO→Raw #1800 | id=xtream:vod:669556 | title="The Royal Nanny | 2022 | 6.2 |" | sourceType=XTREAM | Fields: ✓[year=2022, poster] ✗[plot, cast, director, backdrop, duration, tmdb]
2026-01-28 15:54:19.587 31194-31242 XTC                     com.fishit.player.v2                 D  [SERIES] DTO→Raw #1450 | id=xtream:series:3642 | title="Warrior" | sourceType=XTREAM | Fields: ✓[plot(440c), cast, poster] ✗[year, director, backdrop, duration, tmdb]
2026-01-28 15:54:19.596 31194-31367 SyncPerfMetrics         com.fishit.player.v2                 D  Phase MOVIES started
2026-01-28 15:54:19.596 31194-31367 XtreamCatalogScanWorker com.fishit.player.v2                 D  PROGRESS discovered=4265 persisted=3309 phase=VOD
2026-01-28 15:54:19.597 31194-31367 XtreamCatalogScanWorker com.fishit.player.v2                 D  PROGRESS discovered=4300 persisted=3309 phase=null
2026-01-28 15:54:19.599 31194-31242 XTC                     com.fishit.player.v2                 D  [VOD] DTO→Raw #1850 | id=xtream:vod:667269 | title="As They Made Us | 2022 | 5.5 |" | sourceType=XTREAM | Fields: ✓[year=2022, poster] ✗[plot, cast, director, backdrop, duration, tmdb]
2026-01-28 15:54:19.602 31194-31417 XTC                     com.fishit.player.v2                 D  [LIVE] DTO→Raw #1050 | id=xtream:live:364966 | title="DE: SCRUBS 24/7" | sourceType=XTREAM | Fields: ✓[poster] ✗[year, plot, cast, director, backdrop, duration, tmdb]
2026-01-28 15:54:19.605 31194-31442 XtreamCatalogScanWorker com.fishit.player.v2                 D  PROGRESS discovered=4400 persisted=3309 phase=null
2026-01-28 15:54:19.605 31194-31242 XTC                     com.fishit.player.v2                 D  [VOD] DTO→Raw #1900 | id=xtream:vod:659371 | title="Detective Dee und die Armee der Toten | " | sourceType=XTREAM | Fields: ✓[year=2022, poster] ✗[plot, cast, director, backdrop, duration, tmdb]
2026-01-28 15:54:19.606 31194-31442 SyncBatchManager        com.fishit.player.v2                 D  Flushing MOVIES batch: 400 items (timeBased=false)
2026-01-28 15:54:19.606 31194-31442 CatalogSyncService      com.fishit.player.v2                 D  Persisting Xtream catalog batch (NX-ONLY): 400 items (canonical_linking=false)
2026-01-28 15:54:20.050 31194-31452 CatalogSyncService      com.fishit.player.v2                 D  Xtream batch complete (HOT PATH/NX): ingested=337 total_ms=2540
2026-01-28 15:54:20.051 31194-31452 CatalogSyncService      com.fishit.player.v2                 D  Time-based flush MOVIES: 337 items in 2541ms
2026-01-28 15:54:20.051 31194-31452 SyncBatchManager        com.fishit.player.v2                 D  Time-based flush for SERIES: 82 items after 1535ms
2026-01-28 15:54:20.051 31194-31452 SyncBatchManager        com.fishit.player.v2                 D  Flushing SERIES batch: 82 items (timeBased=true)
2026-01-28 15:54:20.052 31194-31452 CatalogSyncService      com.fishit.player.v2                 D  Persisting Xtream catalog batch (NX-ONLY): 82 items (canonical_linking=false)
2026-01-28 15:54:20.145 31194-31482 BufferPoolAccessor2.0   com.fishit.player.v2                 D  bufferpool2 0xb400006f98e84678 : 5(40960 size) total buffers - 0(0 size) used buffers - 184/189 (recycle/alloc) - 5/188 (fetch/transfer)
2026-01-28 15:54:20.146 31194-31482 BufferPoolAccessor2.0   com.fishit.player.v2                 D  evictor expired: 1, evicted: 1
2026-01-28 15:54:20.306 31194-31194 ViewRootIm...nActivity] com.fishit.player.v2                 I  ViewPostIme pointer 0
2026-01-28 15:54:20.382 31194-31206 ishit.player.v2         com.fishit.player.v2                 I  Background young concurrent copying GC freed 531404(22MB) AllocSpace objects, 0(0B) LOS objects, 17% free, 91MB/111MB, paused 93us,108us total 108.427ms
2026-01-28 15:54:20.449 31194-31194 ViewRootIm...nActivity] com.fishit.player.v2                 I  ViewPostIme pointer 1
2026-01-28 15:54:20.479 31194-31452 CatalogSyncService      com.fishit.player.v2                 D  Xtream batch complete (HOT PATH/NX): ingested=82 total_ms=427
2026-01-28 15:54:20.479 31194-31452 CatalogSyncService      com.fishit.player.v2                 D  Time-based flush SERIES: 82 items in 427ms
2026-01-28 15:54:20.681 31194-31367 SyncBatchManager        com.fishit.player.v2                 D  Time-based flush for LIVE: 308 items after 12082ms
2026-01-28 15:54:20.681 31194-31367 SyncBatchManager        com.fishit.player.v2                 D  Flushing LIVE batch: 308 items (timeBased=true)
2026-01-28 15:54:20.681 31194-31367 CatalogSyncService      com.fishit.player.v2                 D  Persisting Xtream live batch (NX-ONLY): 308 items
2026-01-28 15:54:20.973 31194-31194 ViewRootIm...nActivity] com.fishit.player.v2                 I  ViewPostIme pointer 0
2026-01-28 15:54:21.073 31194-31194 ViewRootIm...nActivity] com.fishit.player.v2                 I  ViewPostIme pointer 1
2026-01-28 15:54:21.574 31194-31194 ViewRootIm...nActivity] com.fishit.player.v2                 I  ViewPostIme pointer 0
2026-01-28 15:54:21.615 31194-31194 ViewRootIm...nActivity] com.fishit.player.v2                 I  ViewPostIme pointer 1
2026-01-28 15:54:21.616 31194-31194 UnifiedDetailVM         com.fishit.player.v2                 D  play: canonicalId=series:freerayshawn:unknown sourceKey=src:xtream:xtream:Xtream Series:series:xtream:series:2604 missingHints=[]
2026-01-28 15:54:21.666 31194-31194 PlayerNavViewModel      com.fishit.player.v2                 D  Using pending playback: series:freerayshawn:unknown
2026-01-28 15:54:21.698 31194-31194 PlayerUiViewModel       com.fishit.player.v2                 D  player.ui.start.requested: canonicalId=series:freerayshawn:unknown
2026-01-28 15:54:21.698 31194-31194 InternalPlayerEntryImpl com.fishit.player.v2                 D  Starting playback: series:freerayshawn:unknown
2026-01-28 15:54:21.698 31194-31194 InternalPlayerEntryImpl com.fishit.player.v2                 D  Stopping previous session
2026-01-28 15:54:21.699 31194-31194 SubtitleTrackManager    com.fishit.player.v2                 D  Detached from player
2026-01-28 15:54:21.699 31194-31194 AudioTrackManager       com.fishit.player.v2                 D  Detached from player
2026-01-28 15:54:21.699 31194-31194 ExoPlayerImpl           com.fishit.player.v2                 I  Release 4d81ffc [AndroidXMedia3/1.8.0] [o1s, SM-G991B, samsung, 34] [media3.common, media3.exoplayer, media3.decoder, media3.datasource.okhttp, media3.datasource, media3.ui, media3.extractor]
2026-01-28 15:54:21.700 31194-31477 CCodec                  com.fishit.player.v2                 I  [c2.exynos.h264.decoder] state->set(FLUSHING)
2026-01-28 15:54:21.701 31194-31478 CCodec                  com.fishit.player.v2                 I  [c2.exynos.h264.decoder] state->set(FLUSHED)
2026-01-28 15:54:21.701 31194-31463 MediaCodec              com.fishit.player.v2                 D  keep callback message for reclaim
2026-01-28 15:54:21.701 31194-31477 CCodec                  com.fishit.player.v2                 I  [c2.exynos.h264.decoder] state->set(RESUMING)
2026-01-28 15:54:21.702 31194-31477 CCodecConfig            com.fishit.player.v2                 I  query failed after returning 14 values (BAD_INDEX)
2026-01-28 15:54:21.702 31194-31477 CCodecConfig            com.fishit.player.v2                 D  c2 config diff is   c2::u32 coded.vui.color.matrix = 1
                                                                                                      c2::u32 coded.vui.color.primaries = 1
                                                                                                      c2::u32 coded.vui.color.range = 2
                                                                                                      c2::u32 coded.vui.color.transfer = 3
2026-01-28 15:54:21.702 31194-31477 BufferPoolAccessor2.0   com.fishit.player.v2                 D  bufferpool2 0xb400006f98e6f4d8 : 7(51380224 size) total buffers - 5(36700160 size) used buffers - 272/280 (recycle/alloc) - 9/279 (fetch/transfer)
2026-01-28 15:54:21.706 31194-31477 CCodecBufferChannel     com.fishit.player.v2                 I  [c2.exynos.h264.decoder#673] 4 initial input buffers available
2026-01-28 15:54:21.706 31194-31477 Codec2Client            com.fishit.player.v2                 W  query -- param skipped: index = 1073743886.
2026-01-28 15:54:21.706 31194-31477 Codec2Client            com.fishit.player.v2                 W  query -- param skipped: index = 1610614798.
2026-01-28 15:54:21.706 31194-31477 Codec2Client            com.fishit.player.v2                 W  query -- param skipped: index = 1610614821.
2026-01-28 15:54:21.706 31194-31477 CCodec                  com.fishit.player.v2                 I  [c2.exynos.h264.decoder] state->set(RUNNING)
2026-01-28 15:54:21.707 31194-31495 CCodec                  com.fishit.player.v2                 I  [c2.android.aac.decoder] state->set(FLUSHING)
2026-01-28 15:54:21.708 31194-31495 CCodec                  com.fishit.player.v2                 I  [c2.android.aac.decoder] state->set(FLUSHED)
2026-01-28 15:54:21.708 31194-31495 CCodecBuffers           com.fishit.player.v2                 D  [c2.android.aac.decoder#458:1D-Output.Impl[N]] Client returned a buffer it does not own according to our record: 0
2026-01-28 15:54:21.708 31194-31495 CCodecBuffers           com.fishit.player.v2                 D  [c2.android.aac.decoder#458:1D-Output.Impl[N]] Client returned a buffer it does not own according to our record: 1
2026-01-28 15:54:21.708 31194-31463 MediaCodec              com.fishit.player.v2                 D  keep callback message for reclaim
2026-01-28 15:54:21.708 31194-31495 CCodec                  com.fishit.player.v2                 I  [c2.android.aac.decoder] state->set(RESUMING)
2026-01-28 15:54:21.708 31194-31495 CCodecConfig            com.fishit.player.v2                 I  query failed after returning 20 values (BAD_INDEX)
2026-01-28 15:54:21.710 31194-31495 CCodecBufferChannel     com.fishit.player.v2                 I  [c2.android.aac.decoder#458] 4 initial input buffers available
2026-01-28 15:54:21.710 31194-31495 Codec2Client            com.fishit.player.v2                 W  query -- param skipped: index = 1342179345.
2026-01-28 15:54:21.710 31194-31495 Codec2Client            com.fishit.player.v2                 W  query -- param skipped: index = 2415921170.
2026-01-28 15:54:21.710 31194-31495 Codec2Client            com.fishit.player.v2                 W  query -- param skipped: index = 1610614798.
2026-01-28 15:54:21.710 31194-31495 CCodec                  com.fishit.player.v2                 I  [c2.android.aac.decoder] state->set(RUNNING)
2026-01-28 15:54:21.711 31194-31477 SurfaceUtils            com.fishit.player.v2                 D  connecting to surface 0xb400006ec8eace60, reason connectToSurface
2026-01-28 15:54:21.711 31194-31477 MediaCodec              com.fishit.player.v2                 I  [c2.exynos.h264.decoder] setting surface generation to 31942659
2026-01-28 15:54:21.711 31194-31477 SurfaceUtils            com.fishit.player.v2                 D  disconnecting from surface 0xb400006ec8eace60, reason connectToSurface(reconnect)
2026-01-28 15:54:21.711 31194-31477 SurfaceUtils            com.fishit.player.v2                 D  connecting to surface 0xb400006ec8eace60, reason connectToSurface(reconnect)
2026-01-28 15:54:21.711 31194-31477 Codec2-Out...ufferQueue com.fishit.player.v2                 D  remote graphic buffer migration 0/0
2026-01-28 15:54:21.712 31194-31477 Codec2Client            com.fishit.player.v2                 D  setOutputSurface -- failed to set consumer usage (6/BAD_INDEX)
2026-01-28 15:54:21.712 31194-31477 Codec2Client            com.fishit.player.v2                 D  setOutputSurface -- generation=31942659 consumer usage=0x900
2026-01-28 15:54:21.715 31194-31477 BufferQueueProducer     com.fishit.player.v2                 W  [SurfaceTexture-1-31194-0](id:79da00000002,api:3,p:31194,c:31194) detachBuffer: slot 0 is not owned by the producer (state = FREE)
2026-01-28 15:54:21.716 31194-31477 BufferQueueProducer     com.fishit.player.v2                 W  [SurfaceTexture-1-31194-0](id:79da00000002,api:3,p:31194,c:31194) detachBuffer: slot 4 is not owned by the producer (state = FREE)
2026-01-28 15:54:21.716 31194-31477 BufferQueueProducer     com.fishit.player.v2                 W  [SurfaceTexture-1-31194-0](id:79da00000002,api:3,p:31194,c:31194) detachBuffer: slot 6 is not owned by the producer (state = FREE)
2026-01-28 15:54:21.716 31194-31477 BufferQueueProducer     com.fishit.player.v2                 W  [SurfaceTexture-1-31194-0](id:79da00000002,api:3,p:31194,c:31194) detachBuffer: slot 7 is not owned by the producer (state = FREE)
2026-01-28 15:54:21.716 31194-31477 BufferQueueProducer     com.fishit.player.v2                 W  [SurfaceTexture-1-31194-0](id:79da00000002,api:3,p:31194,c:31194) detachBuffer: slot 8 is not owned by the producer (state = FREE)
2026-01-28 15:54:21.716 31194-31477 BufferQueueProducer     com.fishit.player.v2                 W  [SurfaceTexture-1-31194-0](id:79da00000002,api:3,p:31194,c:31194) detachBuffer: slot 9 is not owned by the producer (state = FREE)
2026-01-28 15:54:21.716 31194-31477 BufferQueueProducer     com.fishit.player.v2                 W  [SurfaceTexture-1-31194-0](id:79da00000002,api:3,p:31194,c:31194) detachBuffer: slot 10 is not owned by the producer (state = FREE)
2026-01-28 15:54:21.717 31194-31477 BufferQueueProducer     com.fishit.player.v2                 W  [SurfaceTexture-1-31194-0](id:79da00000002,api:3,p:31194,c:31194) detachBuffer: slot 11 is not owned by the producer (state = FREE)
2026-01-28 15:54:21.717 31194-31477 BufferQueueProducer     com.fishit.player.v2                 W  [SurfaceTexture-1-31194-0](id:79da00000002,api:3,p:31194,c:31194) detachBuffer: slot 12 is not owned by the producer (state = FREE)
2026-01-28 15:54:21.717 31194-31477 BufferQueueProducer     com.fishit.player.v2                 W  [SurfaceTexture-1-31194-0](id:79da00000002,api:3,p:31194,c:31194) detachBuffer: slot 14 is not owned by the producer (state = FREE)
2026-01-28 15:54:21.717 31194-31477 BufferQueueProducer     com.fishit.player.v2                 W  [SurfaceTexture-1-31194-0](id:79da00000002,api:3,p:31194,c:31194) detachBuffer: slot 15 is not owned by the producer (state = FREE)
2026-01-28 15:54:21.717 31194-31477 BufferQueueProducer     com.fishit.player.v2                 W  [SurfaceTexture-1-31194-0](id:79da00000002,api:3,p:31194,c:31194) detachBuffer: slot 16 is not owned by the producer (state = FREE)
2026-01-28 15:54:21.717 31194-31477 BufferQueueProducer     com.fishit.player.v2                 W  [SurfaceTexture-1-31194-0](id:79da00000002,api:3,p:31194,c:31194) detachBuffer: slot 17 is not owned by the producer (state = FREE)
2026-01-28 15:54:21.717 31194-31477 BufferQueueProducer     com.fishit.player.v2                 W  [SurfaceTexture-1-31194-0](id:79da00000002,api:3,p:31194,c:31194) detachBuffer: slot 18 is not owned by the producer (state = FREE)
2026-01-28 15:54:21.717 31194-31477 BufferQueueProducer     com.fishit.player.v2                 W  [SurfaceTexture-1-31194-0](id:79da00000002,api:3,p:31194,c:31194) detachBuffer: slot 19 is not owned by the producer (state = FREE)
2026-01-28 15:54:21.717 31194-31477 BufferQueueProducer     com.fishit.player.v2                 W  [SurfaceTexture-1-31194-0](id:79da00000002,api:3,p:31194,c:31194) detachBuffer: slot 20 is not owned by the producer (state = FREE)
2026-01-28 15:54:21.718 31194-31477 BufferQueueProducer     com.fishit.player.v2                 W  [SurfaceTexture-1-31194-0](id:79da00000002,api:3,p:31194,c:31194) detachBuffer: slot 21 is not owned by the producer (state = FREE)
2026-01-28 15:54:21.718 31194-31477 BufferQueueProducer     com.fishit.player.v2                 W  [SurfaceTexture-1-31194-0](id:79da00000002,api:3,p:31194,c:31194) detachBuffer: slot 22 is not owned by the producer (state = FREE)
2026-01-28 15:54:21.718 31194-31477 BufferQueueProducer     com.fishit.player.v2                 W  [SurfaceTexture-1-31194-0](id:79da00000002,api:3,p:31194,c:31194) detachBuffer: slot 23 is not owned by the producer (state = FREE)
2026-01-28 15:54:21.718 31194-31477 BufferQueueProducer     com.fishit.player.v2                 W  [SurfaceTexture-1-31194-0](id:79da00000002,api:3,p:31194,c:31194) detachBuffer: slot 24 is not owned by the producer (state = FREE)
2026-01-28 15:54:21.718 31194-31477 BufferQueueProducer     com.fishit.player.v2                 W  [SurfaceTexture-1-31194-0](id:79da00000002,api:3,p:31194,c:31194) detachBuffer: slot 25 is not owned by the producer (state = FREE)
2026-01-28 15:54:21.718 31194-31477 BufferQueueProducer     com.fishit.player.v2                 W  [SurfaceTexture-1-31194-0](id:79da00000002,api:3,p:31194,c:31194) detachBuffer: slot 26 is not owned by the producer (state = FREE)
2026-01-28 15:54:21.718 31194-31477 BufferQueueProducer     com.fishit.player.v2                 W  [SurfaceTexture-1-31194-0](id:79da00000002,api:3,p:31194,c:31194) detachBuffer: slot 27 is not owned by the producer (state = FREE)
2026-01-28 15:54:21.718 31194-31477 BufferQueueProducer     com.fishit.player.v2                 W  [SurfaceTexture-1-31194-0](id:79da00000002,api:3,p:31194,c:31194) detachBuffer: slot 28 is not owned by the producer (state = FREE)
2026-01-28 15:54:21.718 31194-31477 BufferQueueProducer     com.fishit.player.v2                 W  [SurfaceTexture-1-31194-0](id:79da00000002,api:3,p:31194,c:31194) detachBuffer: slot 29 is not owned by the producer (state = FREE)
2026-01-28 15:54:21.718 31194-31477 BufferQueueProducer     com.fishit.player.v2                 W  [SurfaceTexture-1-31194-0](id:79da00000002,api:3,p:31194,c:31194) detachBuffer: slot 30 is not owned by the producer (state = FREE)
2026-01-28 15:54:21.718 31194-31477 BufferQueueProducer     com.fishit.player.v2                 W  [SurfaceTexture-1-31194-0](id:79da00000002,api:3,p:31194,c:31194) detachBuffer: slot 31 is not owned by the producer (state = FREE)
2026-01-28 15:54:21.718 31194-31477 BufferQueueProducer     com.fishit.player.v2                 W  [SurfaceTexture-1-31194-0](id:79da00000002,api:3,p:31194,c:31194) detachBuffer: slot 32 is not owned by the producer (state = FREE)
2026-01-28 15:54:21.718 31194-31477 BufferQueueProducer     com.fishit.player.v2                 W  [SurfaceTexture-1-31194-0](id:79da00000002,api:3,p:31194,c:31194) detachBuffer: slot 33 is not owned by the producer (state = FREE)
2026-01-28 15:54:21.718 31194-31477 BufferQueueProducer     com.fishit.player.v2                 W  [SurfaceTexture-1-31194-0](id:79da00000002,api:3,p:31194,c:31194) detachBuffer: slot 34 is not owned by the producer (state = FREE)
2026-01-28 15:54:21.719 31194-31477 BufferQueueProducer     com.fishit.player.v2                 W  [SurfaceTexture-1-31194-0](id:79da00000002,api:3,p:31194,c:31194) detachBuffer: slot 35 is not owned by the producer (state = FREE)
2026-01-28 15:54:21.719 31194-31477 BufferQueueProducer     com.fishit.player.v2                 W  [SurfaceTexture-1-31194-0](id:79da00000002,api:3,p:31194,c:31194) detachBuffer: slot 36 is not owned by the producer (state = FREE)
2026-01-28 15:54:21.719 31194-31477 BufferQueueProducer     com.fishit.player.v2                 W  [SurfaceTexture-1-31194-0](id:79da00000002,api:3,p:31194,c:31194) detachBuffer: slot 37 is not owned by the producer (state = FREE)
2026-01-28 15:54:21.719 31194-31477 BufferQueueProducer     com.fishit.player.v2                 W  [SurfaceTexture-1-31194-0](id:79da00000002,api:3,p:31194,c:31194) detachBuffer: slot 38 is not owned by the producer (state = FREE)
2026-01-28 15:54:21.719 31194-31477 BufferQueueProducer     com.fishit.player.v2                 W  [SurfaceTexture-1-31194-0](id:79da00000002,api:3,p:31194,c:31194) detachBuffer: slot 39 is not owned by the producer (state = FREE)
2026-01-28 15:54:21.719 31194-31477 BufferQueueProducer     com.fishit.player.v2                 W  [SurfaceTexture-1-31194-0](id:79da00000002,api:3,p:31194,c:31194) detachBuffer: slot 40 is not owned by the producer (state = FREE)
2026-01-28 15:54:21.719 31194-31477 BufferQueueProducer     com.fishit.player.v2                 W  [SurfaceTexture-1-31194-0](id:79da00000002,api:3,p:31194,c:31194) detachBuffer: slot 41 is not owned by the producer (state = FREE)
2026-01-28 15:54:21.719 31194-31477 BufferQueueProducer     com.fishit.player.v2                 W  [SurfaceTexture-1-31194-0](id:79da00000002,api:3,p:31194,c:31194) detachBuffer: slot 42 is not owned by the producer (state = FREE)
2026-01-28 15:54:21.719 31194-31477 BufferQueueProducer     com.fishit.player.v2                 W  [SurfaceTexture-1-31194-0](id:79da00000002,api:3,p:31194,c:31194) detachBuffer: slot 43 is not owned by the producer (state = FREE)
2026-01-28 15:54:21.719 31194-31477 BufferQueueProducer     com.fishit.player.v2                 W  [SurfaceTexture-1-31194-0](id:79da00000002,api:3,p:31194,c:31194) detachBuffer: slot 44 is not owned by the producer (state = FREE)
