                                                                                                    	at io.objectbox.Box.put(Box.java:410)
                                                                                                    	at com.fishit.player.infra.data.nx.repository.NxWorkRepositoryImpl$upsertBatch$2.invokeSuspend$lambda$5(NxWorkRepositoryImpl.kt:366)
                                                                                                    	at com.fishit.player.infra.data.nx.repository.NxWorkRepositoryImpl$upsertBatch$2.$r8$lambda$smYx51FRzL2kkbY5HRRazubCo2I(Unknown Source:0)
                                                                                                    	at com.fishit.player.infra.data.nx.repository.NxWorkRepositoryImpl$upsertBatch$2$$ExternalSyntheticLambda0.run(D8$$SyntheticClass:0)
                                                                                                    	at io.objectbox.BoxStore.runInTx(BoxStore.java:976)
                                                                                                    	at com.fishit.player.infra.data.nx.repository.NxWorkRepositoryImpl$upsertBatch$2.invokeSuspend(NxWorkRepositoryImpl.kt:362)
                                                                                                    	at com.fishit.player.infra.data.nx.repository.NxWorkRepositoryImpl$upsertBatch$2.invoke(Unknown Source:8)
                                                                                                    	at com.fishit.player.infra.data.nx.repository.NxWorkRepositoryImpl$upsertBatch$2.invoke(Unknown Source:4)
                                                                                                    	at kotlinx.coroutines.intrinsics.UndispatchedKt.startUndspatched(Undispatched.kt:66)
                                                                                                    	at kotlinx.coroutines.intrinsics.UndispatchedKt.startUndispatchedOrReturn(Undispatched.kt:43)
                                                                                                    	at kotlinx.coroutines.BuildersKt__Builders_commonKt.withContext(Builders.common.kt:165)
                                                                                                    	at kotlinx.coroutines.BuildersKt.withContext(Unknown Source:1)
                                                                                                    	at com.fishit.player.infra.data.nx.repository.NxWorkRepositoryImpl.upsertBatch(NxWorkRepositoryImpl.kt:339)
                                                                                                    	at com.fishit.player.infra.data.nx.writer.NxCatalogWriter$ingestBatchOptimized$2.invokeSuspend(NxCatalogWriter.kt:568)
                                                                                                    	at kotlin.coroutines.jvm.internal.BaseContinuationImpl.resumeWith(ContinuationImpl.kt:34)
                                                                                                    	at kotlinx.coroutines.DispatchedTask.run(DispatchedTask.kt:100)
                                                                                                    	at kotlinx.coroutines.internal.LimitedDispatcher$Worker.run(LimitedDispatcher.kt:124)
                                                                                                    	at kotlinx.coroutines.scheduling.TaskImpl.run(Tasks.kt:89)
                                                                                                    	at kotlinx.coroutines.scheduling.CoroutineScheduler.runSafely(CoroutineScheduler.kt:586)
                                                                                                    	at kotlinx.coroutines.scheduling.CoroutineScheduler$Worker.executeTask(CoroutineScheduler.kt:820)
                                                                                                    	at kotlinx.coroutines.scheduling.CoroutineScheduler$Worker.runWorker(CoroutineScheduler.kt:717)
                                                                                                    	at kotlinx.coroutines.scheduling.CoroutineScheduler$Worker.run(CoroutineScheduler.kt:704)
2026-01-30 14:19:12.910 21001-21157 XTC                     com.fishit.player.v2                 D  [SERIES] DTOâ†’Raw #1650 | id=xtream:series:4299 | title="House of the Dragon" | sourceType=XTREAM | Fields: âœ“[plot(96c), cast, poster, duration=3600000ms] âœ—[year, director, backdrop, tmdb]
2026-01-30 14:19:12.911 21001-21139 XTC                     com.fishit.player.v2                 D  [VOD] DTOâ†’Raw #850 | id=xtream:vod:763435 | title="Escape: Flucht in die Freiheit | 2024 | " | sourceType=XTREAM | Fields: âœ“[year=2024, poster] âœ—[plot, cast, director, backdrop, duration, tmdb]
2026-01-30 14:19:12.918 21001-21153 CatalogSyncService      com.fishit.player.v2                 W  Xtream batch (NX): ingested=0 failed=400 hint_warnings=93 ingest_ms=430 total_ms=431
2026-01-30 14:19:12.935 21001-21139 XTC                     com.fishit.player.v2                 D  [VOD] DTOâ†’Raw #900 | id=xtream:vod:761313 | title="Blitz | 2024 | 5.2 |" | sourceType=XTREAM | Fields: âœ“[year=2024, poster] âœ—[plot, cast, director, backdrop, duration, tmdb]
2026-01-30 14:19:12.938 21001-21153 CatalogSyncService      com.fishit.player.v2                 D  Persisting Xtream catalog batch (NX-ONLY): 400 items (canonical_linking=true)
2026-01-30 14:19:12.956 21001-21159 XTC                     com.fishit.player.v2                 D  [LIVE] DTOâ†’Raw #1600 | id=xtream:live:769891 | title="Totally Teen" | sourceType=XTREAM | Fields: âœ“[poster] âœ—[year, plot, cast, director, backdrop, duration, tmdb]
2026-01-30 14:19:12.976 21001-21157 XTC                     com.fishit.player.v2                 D  [SERIES] DTOâ†’Raw #1700 | id=xtream:series:4449 | title="Irma Vep" | sourceType=XTREAM | Fields: âœ“[plot(448c), cast, poster, duration=3600000ms] âœ—[year, director, backdrop, tmdb]
2026-01-30 14:19:12.976 21001-21138 NxCatalogWriter         com.fishit.player.v2                 D  ðŸ“¥ OPTIMIZED ingestBatch START: 400 items
2026-01-30 14:19:12.979 21001-21139 XTC                     com.fishit.player.v2                 D  [VOD] DTOâ†’Raw #950 | id=xtream:vod:756534 | title="Libre | 2024 | 5.9 |" | sourceType=XTREAM | Fields: âœ“[year=2024, poster] âœ—[plot, cast, director, backdrop, duration, tmdb]
2026-01-30 14:19:13.003 21001-21157 XTC                     com.fishit.player.v2                 D  [SERIES] DTOâ†’Raw #1750 | id=xtream:series:4577 | title="Shantaram" | sourceType=XTREAM | Fields: âœ“[plot(534c), cast, poster, duration=3180000ms] âœ—[year, director, backdrop, tmdb]
2026-01-30 14:19:13.009 21001-21139 XTC                     com.fishit.player.v2                 D  [VOD] DTOâ†’Raw #1000 | id=xtream:vod:755046 | title="Arcadian | 2024 | 6.0 |" | sourceType=XTREAM | Fields: âœ“[year=2024, poster] âœ—[plot, cast, director, backdrop, duration, tmdb]
2026-01-30 14:19:13.011 21001-21375 XtreamCatalogScanWorker com.fishit.player.v2                 D  PROGRESS discovered=4407 persisted=2400 phase=N/A
2026-01-30 14:19:13.016 21001-21159 XTC                     com.fishit.player.v2                 D  [LIVE] DTOâ†’Raw #1650 | id=xtream:live:769941 | title="EstrellaTV" | sourceType=XTREAM | Fields: âœ“[poster] âœ—[year, plot, cast, director, backdrop, duration, tmdb]
2026-01-30 14:19:13.057 21001-21157 XTC                     com.fishit.player.v2                 D  [SERIES] DTOâ†’Raw #1800 | id=xtream:series:4656 | title="Truth Be Told - Der Wahrheit auf der Spu" | sourceType=XTREAM | Fields: âœ“[plot(277c), cast, poster, duration=2700000ms] âœ—[year, director, backdrop, tmdb]
2026-01-30 14:19:13.089 21001-21159 XTC                     com.fishit.player.v2                 D  [LIVE] DTOâ†’Raw #1700 | id=xtream:live:769991 | title="CBS News Chicago" | sourceType=XTREAM | Fields: âœ“[poster] âœ—[year, plot, cast, director, backdrop, duration, tmdb]
2026-01-30 14:19:13.093 21001-21157 XTC                     com.fishit.player.v2                 D  [SERIES] DTOâ†’Raw #1850 | id=xtream:series:4755 | title="The Great Game" | sourceType=XTREAM | Fields: âœ“[plot(321c), cast, poster, duration=3360000ms] âœ—[year, director, backdrop, tmdb]
2026-01-30 14:19:13.162 21001-21153 NxCatalogWriter         com.fishit.player.v2                 D  ðŸ“¥ OPTIMIZED ingestBatch START: 400 items
2026-01-30 14:19:13.195 21001-21159 XTC                     com.fishit.player.v2                 D  [LIVE] DTOâ†’Raw #1750 | id=xtream:live:48684 | title="VIP SPORT: DIGI SPORT 2 (RO)" | sourceType=XTREAM | Fields: âœ“[] âœ—[year, plot, cast, director, poster, backdrop, duration, tmdb]
2026-01-30 14:19:13.202 21001-21157 XTC                     com.fishit.player.v2                 D  [SERIES] DTOâ†’Raw #1900 | id=xtream:series:4854 | title="Last X-mas - 24 Tage fÃ¼r die Liebe" | sourceType=XTREAM | Fields: âœ“[plot(632c), cast, poster] âœ—[year, director, backdrop, duration, tmdb]
2026-01-30 14:19:13.257 21001-21374 NxCatalogWriter         com.fishit.player.v2                 D  âœ… OPTIMIZED ingestBatch COMPLETE: 400 items | persist_ms=586 total_ms=772 (518 items/sec)
2026-01-30 14:19:13.258 21001-21374 CatalogSyncService      com.fishit.player.v2                 W  Xtream batch (NX): ingested=400 failed=0 hint_warnings=229 ingest_ms=987 total_ms=987
2026-01-30 14:19:13.269 21001-21374 CatalogSyncService      com.fishit.player.v2                 D  Persisting Xtream catalog batch (NX-ONLY): 400 items (canonical_linking=true)
2026-01-30 14:19:13.271 21001-21024 ishit.player.v2         com.fishit.player.v2                 I  Background young concurrent copying GC freed 702625(24MB) AllocSpace objects, 1(20KB) LOS objects, 44% free, 29MB/52MB, paused 308us,167us total 110.486ms
2026-01-30 14:19:13.302 21001-21159 XTC                     com.fishit.player.v2                 D  [LIVE] DTOâ†’Raw #1800 | id=xtream:live:182158 | title="VIP SPORT: UFC French" | sourceType=XTREAM | Fields: âœ“[poster] âœ—[year, plot, cast, director, backdrop, duration, tmdb]
2026-01-30 14:19:13.307 21001-21138 NxWorkRepository        com.fishit.player.v2                 W  Deduped 4 duplicate workKeys in batch (400 â†’ 396)
2026-01-30 14:19:13.318 21001-21375 XTC                     com.fishit.player.v2                 D  [VOD] DTOâ†’Raw #1050 | id=xtream:vod:753417 | title="The Crow | 2024 | 5.3 |" | sourceType=XTREAM | Fields: âœ“[year=2024, poster] âœ—[plot, cast, director, backdrop, duration, tmdb]
2026-01-30 14:19:13.335 21001-21374 NxCatalogWriter         com.fishit.player.v2                 D  ðŸ“¥ OPTIMIZED ingestBatch START: 400 items
2026-01-30 14:19:13.336 21001-21158 XTC                     com.fishit.player.v2                 D  [SERIES] DTOâ†’Raw #1950 | id=xtream:series:4952 | title="Vienna Blood" | sourceType=XTREAM | Fields: âœ“[plot(715c), cast, poster, duration=5340000ms] âœ—[year, director, backdrop, tmdb]
2026-01-30 14:19:13.340 21001-21159 XTC                     com.fishit.player.v2                 D  [LIVE] DTOâ†’Raw #1850 | id=xtream:live:12928 | title="AT: Sky Sport AT 1 FHD" | sourceType=XTREAM | Fields: âœ“[poster] âœ—[year, plot, cast, director, backdrop, duration, tmdb]
2026-01-30 14:19:13.363 21001-21375 XTC                     com.fishit.player.v2                 D  [VOD] DTOâ†’Raw #1100 | id=xtream:vod:751157 | title="The Good Half | 2024 | 5.3 |" | sourceType=XTREAM | Fields: âœ“[year=2024, poster] âœ—[plot, cast, director, backdrop, duration, tmdb]
2026-01-30 14:19:13.380 21001-21159 XTC                     com.fishit.player.v2                 D  [LIVE] DTOâ†’Raw #1900 | id=xtream:live:68164 | title="HR: RTL PASSION" | sourceType=XTREAM | Fields: âœ“[poster] âœ—[year, plot, cast, director, backdrop, duration, tmdb]
2026-01-30 14:19:13.392 21001-21158 XTC                     com.fishit.player.v2                 D  [SERIES] DTOâ†’Raw #2000 | id=xtream:series:5054 | title="Planet Sex mit Cara Delevingne" | sourceType=XTREAM | Fields: âœ“[plot(231c), cast, poster, duration=2700000ms] âœ—[year, director, backdrop, tmdb]
2026-01-30 14:19:13.406 21001-21026 System.err              com.fishit.player.v2                 W  Cursor was not closed.
2026-01-30 14:19:13.444 21001-21153 NxWorkRepository        com.fishit.player.v2                 W  Deduped 4 duplicate workKeys in batch (400 â†’ 396)
2026-01-30 14:19:13.783 21001-21138 NxCatalogWriter         com.fishit.player.v2                 D  âœ… OPTIMIZED ingestBatch COMPLETE: 400 items | persist_ms=478 total_ms=807 (495 items/sec)
2026-01-30 14:19:13.784 21001-21138 CatalogSyncService      com.fishit.player.v2                 W  Xtream batch (NX): ingested=400 failed=0 hint_warnings=111 ingest_ms=940 total_ms=940
2026-01-30 14:19:13.791 21001-21375 XtreamCatalogScanWorker com.fishit.player.v2                 D  PROGRESS discovered=5027 persisted=3200 phase=N/A
2026-01-30 14:19:13.797 21001-21140 XTC                     com.fishit.player.v2                 D  [VOD] DTOâ†’Raw #1150 | id=xtream:vod:749239 | title="Nightwatch - Demons Are Forever | 2023 |" | sourceType=XTREAM | Fields: âœ“[year=2023, poster] âœ—[plot, cast, director, backdrop, duration, tmdb]
2026-01-30 14:19:13.807 21001-21375 XTC                     com.fishit.player.v2                 D  [LIVE] DTOâ†’Raw #1950 | id=xtream:live:68283 | title="BIH: RTRS 1" | sourceType=XTREAM | Fields: âœ“[poster] âœ—[year, plot, cast, director, backdrop, duration, tmdb]
2026-01-30 14:19:13.815 21001-21138 CatalogSyncService      com.fishit.player.v2                 D  Persisting Xtream catalog batch (NX-ONLY): 400 items (canonical_linking=true)
2026-01-30 14:19:13.842 21001-21375 XTC                     com.fishit.player.v2                 D  [VOD] DTOâ†’Raw #1200 | id=xtream:vod:746657 | title="Spieleabend | 2024 | 6.7 |" | sourceType=XTREAM | Fields: âœ“[year=2024, poster] âœ—[plot, cast, director, backdrop, duration, tmdb]
2026-01-30 14:19:13.855 21001-21152 XTC                     com.fishit.player.v2                 D  [SERIES] DTOâ†’Raw #2050 | id=xtream:series:5147 | title="Luden - KÃ¶nige der Reeperbahn" | sourceType=XTREAM | Fields: âœ“[plot(292c), cast, poster] âœ—[year, director, backdrop, duration, tmdb]
2026-01-30 14:19:13.858 21001-21375 XTC                     com.fishit.player.v2                 D  [VOD] DTOâ†’Raw #1250 | id=xtream:vod:744770 | title="We Grown Now | 2024 | 7.2 |" | sourceType=XTREAM | Fields: âœ“[year=2024, poster] âœ—[plot, cast, director, backdrop, duration, tmdb]
2026-01-30 14:19:13.873 21001-21157 XTC                     com.fishit.player.v2                 D  [LIVE] DTOâ†’Raw #2000 | id=xtream:live:68013 | title="SRB: PRVA HD" | sourceType=XTREAM | Fields: âœ“[poster] âœ—[year, plot, cast, director, backdrop, duration, tmdb]
2026-01-30 14:19:13.877 21001-21152 XTC                     com.fishit.player.v2                 D  [SERIES] DTOâ†’Raw #2100 | id=xtream:series:5258 | title="War Sailor" | sourceType=XTREAM | Fields: âœ“[plot(539c), cast, poster, duration=3600000ms] âœ—[year, director, backdrop, tmdb]
2026-01-30 14:19:13.880 21001-21375 XTC                     com.fishit.player.v2                 D  [VOD] DTOâ†’Raw #1300 | id=xtream:vod:743327 | title="The Last Rifleman | 2023 | 6.7 |" | sourceType=XTREAM | Fields: âœ“[year=2023, poster] âœ—[plot, cast, director, backdrop, duration, tmdb]
2026-01-30 14:19:13.883 21001-21159 XtreamCatalogScanWorker com.fishit.player.v2                 D  PROGRESS discovered=5385 persisted=3200 phase=N/A
2026-01-30 14:19:13.890 21001-21375 XTC                     com.fishit.player.v2                 D  [VOD] DTOâ†’Raw #1350 | id=xtream:vod:741596 | title="Chantal im MÃ¤rchenland | 2024 | 5.2 |" | sourceType=XTREAM | Fields: âœ“[year=2024, poster] âœ—[plot, cast, director, backdrop, duration, tmdb]
2026-01-30 14:19:13.892 21001-21138 NxCatalogWriter         com.fishit.player.v2                 D  ðŸ“¥ OPTIMIZED ingestBatch START: 400 items
2026-01-30 14:19:13.938 21001-21153 NxCatalogWriter         com.fishit.player.v2                 D  âœ… OPTIMIZED ingestBatch COMPLETE: 400 items | persist_ms=495 total_ms=776 (515 items/sec)
2026-01-30 14:19:13.939 21001-21153 CatalogSyncService      com.fishit.player.v2                 W  Xtream batch (NX): ingested=400 failed=0 hint_warnings=67 ingest_ms=1001 total_ms=1001
2026-01-30 14:19:13.947 21001-21153 CatalogSyncService      com.fishit.player.v2                 D  Persisting Xtream catalog batch (NX-ONLY): 400 items (canonical_linking=true)
2026-01-30 14:19:13.966 21001-21156 XTC                     com.fishit.player.v2                 D  [VOD] DTOâ†’Raw #1400 | id=xtream:vod:740067 | title="Die Knochenfrau | 2023 | 5.8 |" | sourceType=XTREAM | Fields: âœ“[year=2023, poster] âœ—[plot, cast, director, backdrop, duration, tmdb]
2026-01-30 14:19:13.975 21001-21158 XTC                     com.fishit.player.v2                 D  [LIVE] DTOâ†’Raw #2050 | id=xtream:live:57393 | title="SLOVENIA CHANNELS" | sourceType=XTREAM | Fields: âœ“[] âœ—[year, plot, cast, director, poster, backdrop, duration, tmdb]
2026-01-30 14:19:13.980 21001-21156 XTC                     com.fishit.player.v2                 D  [VOD] DTOâ†’Raw #1450 | id=xtream:vod:731525 | title="FÃ¼r immer | 2023 | 6.1 |" | sourceType=XTREAM | Fields: âœ“[year=2023, poster] âœ—[plot, cast, director, backdrop, duration, tmdb]
2026-01-30 14:19:13.982 21001-21154 XTC                     com.fishit.player.v2                 D  [SERIES] DTOâ†’Raw #2150 | id=xtream:series:5361 | title="Arctic Warrior" | sourceType=XTREAM | Fields: âœ“[plot(233c), cast, poster] âœ—[year, director, backdrop, duration, tmdb]
2026-01-30 14:19:13.989 21001-21156 XTC                     com.fishit.player.v2                 D  [VOD] DTOâ†’Raw #1500 | id=xtream:vod:728107 | title="My Name Is Loh Kiwan | 2024 | 6.0 |" | sourceType=XTREAM | Fields: âœ“[year=2024, poster] âœ—[plot, cast, director, backdrop, duration, tmdb]
2026-01-30 14:19:13.996 21001-21375 XtreamCatalogScanWorker com.fishit.player.v2                 D  PROGRESS discovered=5728 persisted=3600 phase=N/A
2026-01-30 14:19:14.016 21001-21158 XTC                     com.fishit.player.v2                 D  [LIVE] DTOâ†’Raw #2100 | id=xtream:live:68354 | title="MK: MPT 3" | sourceType=XTREAM | Fields: âœ“[poster] âœ—[year, plot, cast, director, backdrop, duration, tmdb]
2026-01-30 14:19:14.017 21001-21374 NxCatalogWriter         com.fishit.player.v2                 D  âœ… OPTIMIZED ingestBatch COMPLETE: 400 items | persist_ms=575 total_ms=682 (586 items/sec)
2026-01-30 14:19:14.018 21001-21374 CatalogSyncService      com.fishit.player.v2                 W  Xtream batch (NX): ingested=400 failed=0 hint_warnings=127 ingest_ms=748 total_ms=749
2026-01-30 14:19:14.027 21001-21374 CatalogSyncService      com.fishit.player.v2                 D  Persisting Xtream catalog batch (NX-ONLY): 400 items (canonical_linking=true)
2026-01-30 14:19:14.030 21001-21154 XTC                     com.fishit.player.v2                 D  [SERIES] DTOâ†’Raw #2200 | id=xtream:series:5481 | title="XO, Kitty" | sourceType=XTREAM | Fields: âœ“[plot(164c), cast, poster, duration=1800000ms] âœ—[year, director, backdrop, tmdb]
2026-01-30 14:19:14.037 21001-21158 XTC                     com.fishit.player.v2                 D  [LIVE] DTOâ†’Raw #2150 | id=xtream:live:112383 | title="CRO: Arena Sport 8 FHD" | sourceType=XTREAM | Fields: âœ“[poster] âœ—[year, plot, cast, director, backdrop, duration, tmdb]
2026-01-30 14:19:14.057 21001-21158 XTC                     com.fishit.player.v2                 D  [LIVE] DTOâ†’Raw #2200 | id=xtream:live:81562 | title="EYXU PINK" | sourceType=XTREAM | Fields: âœ“[] âœ—[year, plot, cast, director, poster, backdrop, duration, tmdb]
2026-01-30 14:19:14.073 21001-21140 CatalogSyncBootstrap    com.fishit.player.v2                 I  Catalog sync bootstrap triggered; activeSources=[XTREAM]
2026-01-30 14:19:14.074 21001-21140 CatalogSyncScheduler    com.fishit.player.v2                 D  Enqueueing AUTO sync
2026-01-30 14:19:14.076 21001-21140 CatalogSyncScheduler    com.fishit.player.v2                 D  Scheduling periodic incremental sync every 2 hours
2026-01-30 14:19:14.086 21001-21140 CatalogSyncScheduler    com.fishit.player.v2                 I  Periodic incremental sync scheduled: every 2 hours
2026-01-30 14:19:14.087 21001-21140 CatalogSyncBootstrap    com.fishit.player.v2                 I  Periodic incremental sync scheduled: every 2h
2026-01-30 14:19:14.094 21001-21158 XTC                     com.fishit.player.v2                 D  [LIVE] DTOâ†’Raw #2250 | id=xtream:live:68054 | title="SRB: Fox Crime" | sourceType=XTREAM | Fields: âœ“[poster] âœ—[year, plot, cast, director, backdrop, duration, tmdb]
2026-01-30 14:19:14.094 21001-21154 XTC                     com.fishit.player.v2                 D  [SERIES] DTOâ†’Raw #2250 | id=xtream:series:5552 | title="Equinox" | sourceType=XTREAM | Fields: âœ“[plot(150c), cast, poster, duration=2820000ms] âœ—[year, director, backdrop, tmdb]
2026-01-30 14:19:14.106 21001-21156 XTC                     com.fishit.player.v2                 D  [VOD] DTOâ†’Raw #1550 | id=xtream:vod:704641 | title="Cat Person | 2023 | 6.2 |" | sourceType=XTREAM | Fields: âœ“[year=2023, poster] âœ—[plot, cast, director, backdrop, duration, tmdb]
2026-01-30 14:19:14.111 21001-21153 NxCatalogWriter         com.fishit.player.v2                 D  ðŸ“¥ OPTIMIZED ingestBatch START: 400 items
2026-01-30 14:19:14.125 21001-21156 XTC                     com.fishit.player.v2                 D  [VOD] DTOâ†’Raw #1600 | id=xtream:vod:696436 | title="Naughty - Entfesselte Lust | 2023 | 5.8 " | sourceType=XTREAM | Fields: âœ“[year=2023, poster] âœ—[plot, cast, director, backdrop, duration, tmdb]
2026-01-30 14:19:14.131 21001-21158 XTC                     com.fishit.player.v2                 D  [LIVE] DTOâ†’Raw #2300 | id=xtream:live:80163 | title="EXYU: BBC Earth" | sourceType=XTREAM | Fields: âœ“[poster] âœ—[year, plot, cast, director, backdrop, duration, tmdb]
2026-01-30 14:19:14.134 21001-21154 XTC                     com.fishit.player.v2                 D  [SERIES] DTOâ†’Raw #2300 | id=xtream:series:5610 | title="Stateless" | sourceType=XTREAM | Fields: âœ“[plot(482c), cast, poster, duration=3000000ms] âœ—[year, director, backdrop, tmdb]
2026-01-30 14:19:14.158 21001-21024 ishit.player.v2         com.fishit.player.v2                 I  Background concurrent copying GC freed 728895(28MB) AllocSpace objects, 6(120KB) LOS objects, 40% free, 34MB/58MB, paused 141us,112us total 270.266ms
2026-01-30 14:19:14.164 21001-21181 WM-SystemJobScheduler   com.fishit.player.v2                 D  Scheduling work ID 3e1cb85b-5551-4a93-963f-db586b41f66bJob ID 3
2026-01-30 14:19:14.166 21001-21374 NxCatalogWriter         com.fishit.player.v2                 D  ðŸ“¥ OPTIMIZED ingestBatch START: 400 items
2026-01-30 14:19:14.184 21001-21181 WM-GreedyScheduler      com.fishit.player.v2                 D  Starting work for 3e1cb85b-5551-4a93-963f-db586b41f66b
2026-01-30 14:19:14.184 21001-21001 WM-SystemJobService     com.fishit.player.v2                 D  onStartJob for WorkGenerationalId(workSpecId=3e1cb85b-5551-4a93-963f-db586b41f66b, generation=0)
2026-01-30 14:19:14.186   925-925   audit                   auditd                               E  type=1400 audit(1769779154.180:42118): avc:  denied  { ioctl } for  pid=21001 comm="WM.task-4" path="/data/data/com.fishit.player.v2/no_backup/androidx.work.workdb" dev="dm-52" ino=2303399 ioctlcmd=0xf522 scontext=u:r:untrusted_app:s0:c237,c257,c512,c768 tcontext=u:object_r:app_data_file:s0:c237,c257,c512,c768 tclass=file permissive=0 SEPF_SM-G991B_12_0001 audit_filtered
2026-01-30 14:19:14.186   925-925   audit                   auditd                               E  type=1327 audit(1769779154.180:42118): proctitle="com.fishit.player.v2"
2026-01-30 14:19:14.258 21001-21026 System.err              com.fishit.player.v2                 W  Cursor was not closed.
2026-01-30 14:19:14.264 21001-21181 WM-SystemJobScheduler   com.fishit.player.v2                 D  Scheduling work ID 00c27d2c-0716-489b-b239-a61b70a68b32Job ID 4
2026-01-30 14:19:14.268 21001-21026 System                  com.fishit.player.v2                 W  A resource failed to call end.
2026-01-30 14:19:14.269 21001-21026 System.err              com.fishit.player.v2                 W  Cursor was not closed.
2026-01-30 14:19:14.273 21001-21181 WM-GreedyScheduler      com.fishit.player.v2                 D  Starting tracking for 00c27d2c-0716-489b-b239-a61b70a68b32
2026-01-30 14:19:14.281 21001-21181 WM-Processor            com.fishit.player.v2                 D  Processor: processing WorkGenerationalId(workSpecId=3e1cb85b-5551-4a93-963f-db586b41f66b, generation=0)
2026-01-30 14:19:14.285 21001-21181 WM-Processor            com.fishit.player.v2                 D  Work WorkGenerationalId(workSpecId=3e1cb85b-5551-4a93-963f-db586b41f66b, generation=0) is already enqueued for processing
2026-01-30 14:19:14.292 21001-21001 WM-SystemJobService     com.fishit.player.v2                 D  onStartJob for WorkGenerationalId(workSpecId=00c27d2c-0716-489b-b239-a61b70a68b32, generation=0)
2026-01-30 14:19:14.294 21001-21153 NxWorkRepository        com.fishit.player.v2                 W  Deduped 3 duplicate workKeys in batch (400 â†’ 397)
2026-01-30 14:19:14.298 21001-21001 WM-WorkerWrapper        com.fishit.player.v2                 D  Starting work for com.fishit.player.v2.work.CatalogSyncOrchestratorWorker
2026-01-30 14:19:14.300 21001-21374 NxWorkRepository        com.fishit.player.v2                 W  Deduped 8 duplicate workKeys in batch (400 â†’ 392)
2026-01-30 14:19:14.302 21001-21180 WM-Processor            com.fishit.player.v2                 D  Processor: processing WorkGenerationalId(workSpecId=00c27d2c-0716-489b-b239-a61b70a68b32, generation=0)
2026-01-30 14:19:14.302 21001-21156 CatalogSyn...atorWorker com.fishit.player.v2                 I  START sync_run_id=3e6ae292-fef6-492e-88c9-34c9fa4c8c93 mode=auto
2026-01-30 14:19:14.304 21001-21001 WorkManage...teObserver com.fishit.player.v2                 D  Sync state: ENQUEUED | id=3e1cb85b | attempts=0 | tags=[catalog_sync, worker/CatalogSyncOrchestratorWorker, com.fishit.player.v2.work.CatalogSyncOrchestratorWorker, mode_auto]
2026-01-30 14:19:14.308 21001-21156 RuntimeGuards           com.fishit.player.v2                 D  Manual sync (auto) - skipping battery guard (level=86%)
2026-01-30 14:19:14.309 21001-21156 CatalogSyn...atorWorker com.fishit.player.v2                 I  Active sources check: [XTREAM] (isEmpty=false)
2026-01-30 14:19:14.309 21001-21156 CatalogSyn...atorWorker com.fishit.player.v2                 D  Active sources: [XTREAM] (TELEGRAM=false, XTREAM=true, IO=false)
2026-01-30 14:19:14.310 21001-21161 WM-ConstraintTracker    com.fishit.player.v2                 D  BatteryNotLowTracker: initial state = true
2026-01-30 14:19:14.310 21001-21161 WM-BrdcstRcvrCnstrntTrc com.fishit.player.v2                 D  BatteryNotLowTracker: registering receiver
2026-01-30 14:19:14.320 21001-21156 CatalogSyn...atorWorker com.fishit.player.v2                 D  Enqueued Xtream chain: work_name=catalog_sync_global_xtream policy=KEEP workers=2
2026-01-30 14:19:14.321 21001-21156 CatalogSyn...atorWorker com.fishit.player.v2                 D  Telegram not in active sources - skipping Telegram workers
2026-01-30 14:19:14.321 21001-21156 CatalogSyn...atorWorker com.fishit.player.v2                 D  ðŸ“Š WorkInfo chains enqueued:
                                                                                                      [XTREAM] work_name=catalog_sync_global_xtream â†’ ENQUEUED
                                                                                                      Use 'adb shell dumpsys jobscheduler' or WorkManager Inspector for detailed state
2026-01-30 14:19:14.323 21001-21156 CatalogSyn...atorWorker com.fishit.player.v2                 I  CHAINS_ENQUEUED duration_ms=21 policy=KEEP sources=XTREAM (downstream workers will report completion)
2026-01-30 14:19:14.330 21001-21180 WM-ConstraintTracker    com.fishit.player.v2                 D  NetworkStateTracker24: initial state = NetworkState(isConnected=true, isValidated=true, isMetered=true, isNotRoaming=true)
2026-01-30 14:19:14.331 21001-21180 WM-NetworkStateTracker  com.fishit.player.v2                 D  Registering network callback
2026-01-30 14:19:14.335 21001-21180 ConnectivityManager     com.fishit.player.v2                 D  StackLog: [android.net.ConnectivityManager.sendRequestForNetwork(ConnectivityManager.java:4402)] [android.net.ConnectivityManager.registerDefaultNetworkCallbackForUid(ConnectivityManager.java:4966)] [android.net.ConnectivityManager.registerDefaultNetworkCallback(ConnectivityManager.java:4933)] [android.net.ConnectivityManager.registerDefaultNetworkCallback(ConnectivityManager.java:4907)] [androidx.work.impl.utils.NetworkApi24.registerDefaultNetworkCallbackCompat(NetworkApi24.kt:26)] [androidx.work.impl.constraints.trackers.NetworkStateTracker24.startTracking(NetworkStateTracker.kt:165)] [androidx.work.impl.constraints.trackers.ConstraintTracker.addListener(ConstraintTracker.kt:52)] [androidx.work.impl.constraints.controllers.BaseConstraintController$track$1.invokeSuspend(ContraintControllers.kt:62)] [androidx.work.impl.constraints.controllers.BaseConstraintController$track$1.invoke(Unknown Source:8)] [androidx.work.impl.constraints.controllers.BaseConstraintController$track$1.invoke(Unknown Source:4)] [kotlinx.coroutines.flow.ChannelFlowBuilder.collectTo$suspendImpl(Builders.kt:316)] [kotlinx.coroutines.flow.ChannelFlowBuilder.collectTo(Unknown Source:0)] [kotlinx.coroutines.flow.CallbackFlowBuilder.collectTo(Builders.kt:330)] [kotlinx.coroutines.flow.internal.ChannelFlow$collectToFun$1.invokeSuspend(ChannelFlow.kt:56)] [kotlin.coroutines.jvm.internal.BaseContinuationImpl.resumeWith(ContinuationImpl.kt:34)] [kotlinx.coroutines.DispatchedTask.run(DispatchedTask.kt:100)] [androidx.work.impl.utils.SerialExecutorImpl$Task.run(SerialExecutorImpl.java:96)] [java.util.concurrent.ThreadPoolExecutor.runWorker(ThreadPoolExecutor.java:1145)] [java.util.concurrent.ThreadPoolExecutor$Worker.run(ThreadPoolExecutor.java:644)] [java.lang.Thread.run(Thread.java:1012)]
2026-01-30 14:19:14.342 21001-21481 WM-NetworkStateTracker  com.fishit.player.v2                 D  Network capabilities changed: [ Transports: CELLULAR Capabilities: SUPL&INTERNET&NOT_RESTRICTED&TRUSTED&NOT_VPN&VALIDATED&NOT_ROAMING&FOREGROUND&NOT_CONGESTED&NOT_SUSPENDED&NOT_VCN_MANAGED LinkUpBandwidth>=38374Kbps LinkDnBandwidth>=60620Kbps Specifier: <TelephonyNetworkSpecifier [mSubId = 1]> SubscriptionIds: {1} UnderlyingNetworks: Null]
2026-01-30 14:19:14.357 21001-21179 WM-EnqueueRunnable      com.fishit.player.v2                 E  Prerequisite 89f8ecd8-be7f-4f4c-9092-d72602391c5e doesn't exist; not enqueuing
2026-01-30 14:19:14.359 21001-21001 WM-WorkerWrapper        com.fishit.player.v2                 D  Starting work for com.fishit.player.v2.work.CatalogSyncOrchestratorWorker
2026-01-30 14:19:14.360 21001-21156 CatalogSyn...atorWorker com.fishit.player.v2                 I  START sync_run_id=periodic_1769779154077 mode=incremental
2026-01-30 14:19:14.365 21001-21156 RuntimeGuards           com.fishit.player.v2                 D  Manual sync (incremental) - skipping battery guard (level=86%)
2026-01-30 14:19:14.367 21001-21161 WM-WorkerWrapper        com.fishit.player.v2                 I  Worker result SUCCESS for Work [ id=3e1cb85b-5551-4a93-963f-db586b41f66b, tags={ com.fishit.player.v2.work.CatalogSyncOrchestratorWorker,catalog_sync,mode_auto,worker/CatalogSyncOrchestratorWorker } ]
2026-01-30 14:19:14.367 21001-21156 CatalogSyn...atorWorker com.fishit.player.v2                 I  Active sources check: [XTREAM] (isEmpty=false)
2026-01-30 14:19:14.368 21001-21156 CatalogSyn...atorWorker com.fishit.player.v2                 D  Active sources: [XTREAM] (TELEGRAM=false, XTREAM=true, IO=false)
2026-01-30 14:19:14.370 21001-21001 WM-Processor            com.fishit.player.v2                 D  Processor 3e1cb85b-5551-4a93-963f-db586b41f66b executed; reschedule = false
2026-01-30 14:19:14.370 21001-21001 WM-SystemJobService     com.fishit.player.v2                 D  3e1cb85b-5551-4a93-963f-db586b41f66b executed on JobScheduler
2026-01-30 14:19:14.370 21001-21161 WM-GreedyScheduler      com.fishit.player.v2                 D  Constraints met: Scheduling work ID WorkGenerationalId(workSpecId=00c27d2c-0716-489b-b239-a61b70a68b32, generation=0)
2026-01-30 14:19:14.373 21001-21156 CatalogSyn...atorWorker com.fishit.player.v2                 D  Enqueued Xtream chain: work_name=catalog_sync_global_xtream policy=KEEP workers=2
2026-01-30 14:19:14.374 21001-21156 CatalogSyn...atorWorker com.fishit.player.v2                 D  Telegram not in active sources - skipping Telegram workers
2026-01-30 14:19:14.375 21001-21001 WorkManage...teObserver com.fishit.player.v2                 D  Sync state: RUNNING | id=3e1cb85b | attempts=1 | tags=[catalog_sync, worker/CatalogSyncOrchestratorWorker, com.fishit.player.v2.work.CatalogSyncOrchestratorWorker, mode_auto]
2026-01-30 14:19:14.376 21001-21156 CatalogSyn...atorWorker com.fishit.player.v2                 D  ðŸ“Š WorkInfo chains enqueued:
                                                                                                      [XTREAM] work_name=catalog_sync_global_xtream â†’ ENQUEUED
                                                                                                      Use 'adb shell dumpsys jobscheduler' or WorkManager Inspector for detailed state
2026-01-30 14:19:14.377 21001-21156 CatalogSyn...atorWorker com.fishit.player.v2                 I  CHAINS_ENQUEUED duration_ms=17 policy=KEEP sources=XTREAM (downstream workers will report completion)
2026-01-30 14:19:14.378 21001-21181 WM-GreedyScheduler      com.fishit.player.v2                 D  Cancelling work ID 3e1cb85b-5551-4a93-963f-db586b41f66b
2026-01-30 14:19:14.385 21001-21181 WM-Processor            com.fishit.player.v2                 D  Work WorkGenerationalId(workSpecId=00c27d2c-0716-489b-b239-a61b70a68b32, generation=0) is already enqueued for processing
2026-01-30 14:19:14.387 21001-21181 WM-EnqueueRunnable      com.fishit.player.v2                 E  Prerequisite 2d96cca1-ba08-4dda-8e2d-f6d37abdcbd8 doesn't exist; not enqueuing
2026-01-30 14:19:14.389 21001-21001 WorkManage...teObserver com.fishit.player.v2                 I  Sync state: SUCCEEDED
2026-01-30 14:19:14.392 21001-21181 WM-WorkerWrapper        com.fishit.player.v2                 I  Worker result SUCCESS for Work [ id=00c27d2c-0716-489b-b239-a61b70a68b32, tags={ com.fishit.player.v2.work.CatalogSyncOrchestratorWorker,catalog_sync,mode_incremental,worker/CatalogSyncOrchestratorWorker } ]
2026-01-30 14:19:14.428 21001-21001 WM-Processor            com.fishit.player.v2                 D  Processor 00c27d2c-0716-489b-b239-a61b70a68b32 executed; reschedule = false
2026-01-30 14:19:14.429 21001-21001 WM-GreedyScheduler      com.fishit.player.v2                 D  Stopping tracking for WorkGenerationalId(workSpecId=00c27d2c-0716-489b-b239-a61b70a68b32, generation=0)
2026-01-30 14:19:14.430 21001-21001 WM-SystemJobService     com.fishit.player.v2                 D  00c27d2c-0716-489b-b239-a61b70a68b32 executed on JobScheduler
2026-01-30 14:19:14.437 21001-21161 WM-GreedyScheduler      com.fishit.player.v2                 D  Cancelling work ID 00c27d2c-0716-489b-b239-a61b70a68b32
2026-01-30 14:19:14.441 21001-21001 WM-SystemJobService     com.fishit.player.v2                 D  onStopJob for WorkGenerationalId(workSpecId=00c27d2c-0716-489b-b239-a61b70a68b32, generation=0)
2026-01-30 14:19:14.463 21001-21161 WM-SystemJobScheduler   com.fishit.player.v2                 D  Scheduling work ID 00c27d2c-0716-489b-b239-a61b70a68b32Job ID 5
2026-01-30 14:19:14.472 21001-21161 WM-BrdcstRcvrCnstrntTrc com.fishit.player.v2                 D  BatteryNotLowTracker: unregistering receiver
2026-01-30 14:19:14.478 21001-21161 WM-NetworkStateTracker  com.fishit.player.v2                 D  Unregistering network callback
2026-01-30 14:19:14.479 21001-21161 ConnectivityManager     com.fishit.player.v2                 D  StackLog: [android.net.ConnectivityManager.unregisterNetworkCallback(ConnectivityManager.java:5076)] [androidx.work.impl.utils.NetworkApi21.unregisterNetworkCallbackCompat(NetworkApi21.kt:28)] [androidx.work.impl.constraints.trackers.NetworkStateTracker24.stopTracking(NetworkStateTracker.kt:180)] [androidx.work.impl.constraints.trackers.ConstraintTracker.removeListener(ConstraintTracker.kt:67)] [androidx.work.impl.constraints.controllers.BaseConstraintController$track$1$1.invoke(ContraintControllers.kt:63)] [androidx.work.impl.constraints.controllers.BaseConstraintController$track$1$1.invoke(ContraintControllers.kt:63)] [kotlinx.coroutines.channels.ProduceKt.awaitClose(Produce.kt:69)] [kotlinx.coroutines.channels.ProduceKt$awaitClose$1.invokeSuspend(Unknown Source:13)] [kotlin.coroutines.jvm.internal.BaseContinuationImpl.resumeWith(ContinuationImpl.kt:34)] [kotlinx.coroutines.DispatchedTask.run(DispatchedTask.kt:98)] [androidx.work.impl.utils.SerialExecutorImpl$Task.run(SerialExecutorImpl.java:96)] [java.util.concurrent.ThreadPoolExecutor.runWorker(ThreadPoolExecutor.java:1145)] [java.util.concurrent.ThreadPoolExecutor$Worker.run(ThreadPoolExecutor.java:644)] [java.lang.Thread.run(Thread.java:1012)]
2026-01-30 14:19:14.535 21001-21001 ViewRootIm...nActivity] com.fishit.player.v2                 I  ViewPostIme pointer 0
2026-01-30 14:19:14.759 21001-21138 NxCatalogWriter         com.fishit.player.v2                 D  âœ… OPTIMIZED ingestBatch COMPLETE: 400 items | persist_ms=632 total_ms=867 (461 items/sec)
2026-01-30 14:19:14.760 21001-21138 CatalogSyncService      com.fishit.player.v2                 W  Xtream batch (NX): ingested=400 failed=0 hint_warnings=130 ingest_ms=944 total_ms=945
2026-01-30 14:19:14.764 21001-21151 XTC                     com.fishit.player.v2                 D  [VOD] DTOâ†’Raw #1650 | id=xtream:vod:692594 | title="Slotherhouse - Ein Faultier zum FÃ¼rchten" | sourceType=XTREAM | Fields: âœ“[year=2023, poster] âœ—[plot, cast, director, backdrop, duration, tmdb]
2026-01-30 14:19:14.767 21001-21138 CatalogSyncService      com.fishit.player.v2                 D  Persisting Xtream catalog batch (NX-ONLY): 400 items (canonical_linking=true)
2026-01-30 14:19:14.788 21001-21154 XTC                     com.fishit.player.v2                 D  [LIVE] DTOâ†’Raw #2350 | id=xtream:live:71045 | title="CR: Narodni TV" | sourceType=XTREAM | Fields: âœ“[] âœ—[year, plot, cast, director, poster, backdrop, duration, tmdb]
2026-01-30 14:19:14.792 21001-21153 NxCatalogWriter         com.fishit.player.v2                 D  âœ… OPTIMIZED ingestBatch COMPLETE: 400 items | persist_ms=500 total_ms=682 (586 items/sec)
2026-01-30 14:19:14.792 21001-21153 CatalogSyncService      com.fishit.player.v2                 W  Xtream batch (NX): ingested=400 failed=0 hint_warnings=183 ingest_ms=844 total_ms=845
2026-01-30 14:19:14.793 21001-21153 CatalogSyncService      com.fishit.player.v2                 D  Consumer#0: 5 batches, 4800 total items
2026-01-30 14:19:14.800 21001-21151 XTC                     com.fishit.player.v2                 D  [VOD] DTOâ†’Raw #1700 | id=xtream:vod:674679 | title="A Royal Corgi Christmas - Weihnachten wi" | sourceType=XTREAM | Fields: âœ“[year=2022, poster] âœ—[plot, cast, director, backdrop, duration, tmdb]
2026-01-30 14:19:14.802 21001-21154 XTC                     com.fishit.player.v2                 D  [LIVE] DTOâ†’Raw #2400 | id=xtream:live:123310 | title="NL: ZIGGO SPORT DOCU HEVC" | sourceType=XTREAM | Fields: âœ“[poster] âœ—[year, plot, cast, director, backdrop, duration, tmdb]
2026-01-30 14:19:14.806 21001-21153 CatalogSyncService      com.fishit.player.v2                 D  Persisting Xtream catalog batch (NX-ONLY): 400 items (canonical_linking=true)
2026-01-30 14:19:14.810 21001-21158 XTC                     com.fishit.player.v2                 D  [SERIES] DTOâ†’Raw #2350 | id=xtream:series:5674 | title="Alex" | sourceType=XTREAM | Fields: âœ“[plot(835c), cast, poster, duration=2700000ms] âœ—[year, director, backdrop, tmdb]
2026-01-30 14:19:14.811 21001-21140 XTC                     com.fishit.player.v2                 D  [VOD] DTOâ†’Raw #1750 | id=xtream:vod:672225 | title="Elf Me | 2023 | 6.2 |" | sourceType=XTREAM | Fields: âœ“[year=2023, poster] âœ—[plot, cast, director, backdrop, duration, tmdb]
2026-01-30 14:19:14.824 21001-21152 XTC                     com.fishit.player.v2                 D  [LIVE] DTOâ†’Raw #2450 | id=xtream:live:67994 | title="NL: CBS REALITY" | sourceType=XTREAM | Fields: âœ“[] âœ—[year, plot, cast, director, poster, backdrop, duration, tmdb]
2026-01-30 14:19:14.824 21001-21154 NxCatalogWriter         com.fishit.player.v2                 D  ðŸ“¥ OPTIMIZED ingestBatch START: 400 items
2026-01-30 14:19:14.832 21001-21140 XTC                     com.fishit.player.v2                 D  [VOD] DTOâ†’Raw #1800 | id=xtream:vod:669556 | title="The Royal Nanny | 2022 | 6.2 |" | sourceType=XTREAM | Fields: âœ“[year=2022, poster] âœ—[plot, cast, director, backdrop, duration, tmdb]
2026-01-30 14:19:14.839 21001-21158 XTC                     com.fishit.player.v2                 D  [SERIES] DTOâ†’Raw #2400 | id=xtream:series:5729 | title="Blocco 181" | sourceType=XTREAM | Fields: âœ“[plot(198c), cast, poster, duration=3000000ms] âœ—[year, director, backdrop, tmdb]
2026-01-30 14:19:14.860 21001-21140 XTC                     com.fishit.player.v2                 D  [VOD] DTOâ†’Raw #1850 | id=xtream:vod:667269 | title="As They Made Us | 2022 | 5.5 |" | sourceType=XTREAM | Fields: âœ“[year=2022, poster] âœ—[plot, cast, director, backdrop, duration, tmdb]
2026-01-30 14:19:14.863 21001-21152 XTC                     com.fishit.player.v2                 D  [LIVE] DTOâ†’Raw #2500 | id=xtream:live:728060 | title="NL: VIAPLAY Premier League 1 FHD" | sourceType=XTREAM | Fields: âœ“[poster] âœ—[year, plot, cast, director, backdrop, duration, tmdb]
2026-01-30 14:19:14.869 21001-21138 XtreamCatalogScanWorker com.fishit.player.v2                 D  PROGRESS discovered=6779 persisted=4800 phase=N/A
2026-01-30 14:19:14.885 21001-21140 XTC                     com.fishit.player.v2                 D  [VOD] DTOâ†’Raw #1900 | id=xtream:vod:659371 | title="Detective Dee und die Armee der Toten | " | sourceType=XTREAM | Fields: âœ“[year=2022, poster] âœ—[plot, cast, director, backdrop, duration, tmdb]
2026-01-30 14:19:14.888 21001-21138 NxCatalogWriter         com.fishit.player.v2                 D  ðŸ“¥ OPTIMIZED ingestBatch START: 400 items
2026-01-30 14:19:14.899 21001-21158 XTC                     com.fishit.player.v2                 D  [SERIES] DTOâ†’Raw #2450 | id=xtream:series:5780 | title="Gannibal" | sourceType=XTREAM | Fields: âœ“[cast, poster, duration=2700000ms] âœ—[year, plot, director, backdrop, tmdb]
2026-01-30 14:19:14.902 21001-21374 NxCatalogWriter         com.fishit.player.v2                 D  âœ… OPTIMIZED ingestBatch COMPLETE: 400 items | persist_ms=604 total_ms=737 (542 items/sec)
2026-01-30 14:19:14.906 21001-21157 CatalogSyncService      com.fishit.player.v2                 W  Xtream batch (NX): ingested=400 failed=0 hint_warnings=97 ingest_ms=877 total_ms=878
2026-01-30 14:19:14.916 21001-21140 XTC                     com.fishit.player.v2                 D  [VOD] DTOâ†’Raw #1950 | id=xtream:vod:655613 | title="War of the Worlds: The Attack | 2023 | 5" | sourceType=XTREAM | Fields: âœ“[year=2023, poster] âœ—[plot, cast, director, backdrop, duration, tmdb]
2026-01-30 14:19:14.920 21001-21154 NxWorkRepository        com.fishit.player.v2                 W  Deduped 1 duplicate workKeys in batch (400 â†’ 399)
2026-01-30 14:19:14.936 21001-21157 CatalogSyncService      com.fishit.player.v2                 D  Persisting Xtream catalog batch (NX-ONLY): 400 items (canonical_linking=true)
2026-01-30 14:19:14.938 21001-21152 XTC                     com.fishit.player.v2                 D  [LIVE] DTOâ†’Raw #2550 | id=xtream:live:51111 | title="NL: FILM 1 ACTION FHD" | sourceType=XTREAM | Fields: âœ“[] âœ—[year, plot, cast, director, poster, backdrop, duration, tmdb]
2026-01-30 14:19:14.941 21001-21158 XTC                     com.fishit.player.v2                 D  [SERIES] DTOâ†’Raw #2500 | id=xtream:series:5831 | title="Miracle Workers" | sourceType=XTREAM | Fields: âœ“[plot(227c), cast, poster, duration=1380000ms] âœ—[year, director, backdrop, tmdb]
2026-01-30 14:19:14.942 21001-21153 XtreamCatalogScanWorker com.fishit.player.v2                 D  PROGRESS discovered=7061 persisted=5200 phase=N/A
2026-01-30 14:19:14.942 21001-21140 XTC                     com.fishit.player.v2                 D  [VOD] DTOâ†’Raw #2000 | id=xtream:vod:641588 | title="Meinen Hass bekommt ihr nicht | 2022 | 5" | sourceType=XTREAM | Fields: âœ“[year=2022, poster] âœ—[plot, cast, director, backdrop, duration, tmdb]
2026-01-30 14:19:14.943 21001-21151 XtreamCatalogScanWorker com.fishit.player.v2                 D  PROGRESS discovered=7068 persisted=5200 phase=N/A
2026-01-30 14:19:14.957 21001-21152 XTC                     com.fishit.player.v2                 D  [LIVE] DTOâ†’Raw #2600 | id=xtream:live:324134 | title="FR: E! ENTERTAINMENT HEVC" | sourceType=XTREAM | Fields: âœ“[poster] âœ—[year, plot, cast, director, backdrop, duration, tmdb]
2026-01-30 14:19:14.967 21001-21477 System                  com.fishit.player.v2                 W  A resource failed to call response.body().close().
2026-01-30 14:19:14.979 21001-21152 XTC                     com.fishit.player.v2                 D  [LIVE] DTOâ†’Raw #2650 | id=xtream:live:324241 | title="FR: PIWI+ HEVC" | sourceType=XTREAM | Fields: âœ“[poster] âœ—[year, plot, cast, director, backdrop, duration, tmdb]
2026-01-30 14:19:15.009 21001-21152 XTC                     com.fishit.player.v2                 D  [LIVE] DTOâ†’Raw #2700 | id=xtream:live:361934 | title="FR: BEIN SPORTS MAX8 HEVC" | sourceType=XTREAM | Fields: âœ“[] âœ—[year, plot, cast, director, poster, backdrop, duration, tmdb]
2026-01-30 14:19:15.022 21001-21152 XTC                     com.fishit.player.v2                 D  [LIVE] DTOâ†’Raw #2750 | id=xtream:live:44392 | title="FR: Orange Cinema 2 HD" | sourceType=XTREAM | Fields: âœ“[poster] âœ—[year, plot, cast, director, backdrop, duration, tmdb]
2026-01-30 14:19:15.027 21001-21157 NxCatalogWriter         com.fishit.player.v2                 D  ðŸ“¥ OPTIMIZED ingestBatch START: 400 items
2026-01-30 14:19:15.030 21001-21138 NxWorkRepository        com.fishit.player.v2                 W  Deduped 7 duplicate workKeys in batch (400 â†’ 393)
2026-01-30 14:19:15.034 21001-21152 XTC                     com.fishit.player.v2                 D  [LIVE] DTOâ†’Raw #2800 | id=xtream:live:44458 | title="FR: AB1 FHD" | sourceType=XTREAM | Fields: âœ“[] âœ—[year, plot, cast, director, poster, backdrop, duration, tmdb]
2026-01-30 14:19:15.044 21001-21140 XTC                     com.fishit.player.v2                 D  [VOD] DTOâ†’Raw #2050 | id=xtream:vod:639373 | title="A Life Too Short: The Isabella Nardoni C" | sourceType=XTREAM | Fields: âœ“[year=2023, poster] âœ—[plot, cast, director, backdrop, duration, tmdb]
2026-01-30 14:19:15.047 21001-21152 XTC                     com.fishit.player.v2                 D  [LIVE] DTOâ†’Raw #2850 | id=xtream:live:791065 | title="LIGUE 1+" | sourceType=XTREAM | Fields: âœ“[poster] âœ—[year, plot, cast, director, backdrop, duration, tmdb]
2026-01-30 14:19:15.074 21001-21001 ViewRootIm...nActivity] com.fishit.player.v2                 I  ViewPostIme pointer 1
2026-01-30 14:19:15.123 21001-21157 NxWorkRepository        com.fishit.player.v2                 W  Deduped 2 duplicate workKeys in batch (400 â†’ 398)
2026-01-30 14:19:15.358 21001-21154 NxCatalogWriter         com.fishit.player.v2                 D  âœ… OPTIMIZED ingestBatch COMPLETE: 400 items | persist_ms=439 total_ms=534 (749 items/sec)
2026-01-30 14:19:15.359 21001-21154 CatalogSyncService      com.fishit.player.v2                 W  Xtream batch (NX): ingested=400 failed=0 hint_warnings=105 ingest_ms=592 total_ms=592
2026-01-30 14:19:15.359 21001-21154 CatalogSyncService      com.fishit.player.v2                 D  Consumer#2: 5 batches, 5600 total items
2026-01-30 14:19:15.364 21001-21152 XTC                     com.fishit.player.v2                 D  [LIVE] DTOâ†’Raw #2900 | id=xtream:live:44515 | title="FR: EQUIDIA LIVE FHD" | sourceType=XTREAM | Fields: âœ“[] âœ—[year, plot, cast, director, poster, backdrop, duration, tmdb]
2026-01-30 14:19:15.368 21001-21156 XTC                     com.fishit.player.v2                 D  [VOD] DTOâ†’Raw #2100 | id=xtream:vod:622323 | title="Operacja: Soulcatcher | 2023 | 6.4 |" | sourceType=XTREAM | Fields: âœ“[year=2023, poster] âœ—[plot, cast, director, backdrop, duration, tmdb]
2026-01-30 14:19:15.375 21001-21154 CatalogSyncService      com.fishit.player.v2                 D  Persisting Xtream catalog batch (NX-ONLY): 400 items (canonical_linking=true)
2026-01-30 14:19:15.377 21001-21158 XTC                     com.fishit.player.v2                 D  [VOD] DTOâ†’Raw #2150 | id=xtream:vod:613244 | title="Bird Box: Barcelona | 2023 | 6.7 |" | sourceType=XTREAM | Fields: âœ“[year=2023, poster] âœ—[plot, cast, director, backdrop, duration, tmdb]
2026-01-30 14:19:15.385 21001-21151 XTC                     com.fishit.player.v2                 D  [LIVE] DTOâ†’Raw #2950 | id=xtream:live:124147 | title="FR: AMAZON PRIME 5 FHD" | sourceType=XTREAM | Fields: âœ“[] âœ—[year, plot, cast, director, poster, backdrop, duration, tmdb]
