2026-01-28 15:05:19.354 17087-17407 XTC                     com.fishit.player.v2                 D  [VOD] DTO→Raw #100 | id=xtream:vod:800634 | title="Whiteout - Überleben ist alles | 2025 | " | sourceType=XTREAM | Fields: ✓[year=2025, poster] ✗[plot, cast, director, backdrop, duration, tmdb]
2026-01-28 15:05:19.355 17087-17408 XtreamCatalogScanWorker com.fishit.player.v2                 D  PROGRESS discovered=600 persisted=200 phase=null
2026-01-28 15:05:19.359 17087-17408 SyncPerfMetrics         com.fishit.player.v2                 D  Phase MOVIES started
2026-01-28 15:05:19.359 17087-17408 XtreamCatalogScanWorker com.fishit.player.v2                 D  PROGRESS discovered=656 persisted=200 phase=VOD
2026-01-28 15:05:19.360 17087-17106 ishit.player.v2         com.fishit.player.v2                 I  Background young concurrent copying GC freed 222015(8045KB) AllocSpace objects, 8(284KB) LOS objects, 11% free, 58MB/66MB, paused 194us,89us total 145.983ms
2026-01-28 15:05:19.367 17087-17435 XTC                     com.fishit.player.v2                 D  [SERIES] DTO→Raw #350 | id=xtream:series:1604 | title="Monster bei der Arbeit" | sourceType=XTREAM | Fields: ✓[plot(482c), cast, poster] ✗[year, director, backdrop, duration, tmdb]
2026-01-28 15:05:19.375 17087-17446 XtreamCatalogScanWorker com.fishit.player.v2                 D  PROGRESS discovered=700 persisted=200 phase=null
2026-01-28 15:05:19.376 17087-17409 XTC                     com.fishit.player.v2                 D  [LIVE] DTO→Raw #250 | id=xtream:live:67411 | title="DE: Bndliga 7 SD" | sourceType=XTREAM | Fields: ✓[poster] ✗[year, plot, cast, director, backdrop, duration, tmdb]
2026-01-28 15:05:19.388 17087-17437 XTC                     com.fishit.player.v2                 D  [VOD] DTO→Raw #150 | id=xtream:vod:798830 | title="825 Forest Road | 2025 | 5.9 |" | sourceType=XTREAM | Fields: ✓[year=2025, poster] ✗[plot, cast, director, backdrop, duration, tmdb]
2026-01-28 15:05:19.392 17087-17440 XTC                     com.fishit.player.v2                 D  [SERIES] DTO→Raw #400 | id=xtream:series:1752 | title="The North Water" | sourceType=XTREAM | Fields: ✓[plot(570c), cast, poster] ✗[year, director, backdrop, duration, tmdb]
2026-01-28 15:05:19.393 17087-17446 XtreamCatalogScanWorker com.fishit.player.v2                 D  PROGRESS discovered=800 persisted=200 phase=null
2026-01-28 15:05:19.396 17087-17446 SyncBatchManager        com.fishit.player.v2                 D  Flushing SERIES batch: 200 items (timeBased=false)
2026-01-28 15:05:19.396 17087-17446 CatalogSyncService      com.fishit.player.v2                 D  Persisting Xtream catalog batch (NX-ONLY): 200 items (canonical_linking=false)
2026-01-28 15:05:20.283 17087-17446 CatalogSyncService      com.fishit.player.v2                 D  Xtream live batch complete (NX): ingested=155 total_ms=2096
2026-01-28 15:05:20.286 17087-17446 CatalogSyncService      com.fishit.player.v2                 D  Time-based flush LIVE: 155 items in 2099ms
2026-01-28 15:05:20.289 17087-17446 SyncBatchManager        com.fishit.player.v2                 D  Time-based flush for MOVIES: 161 items after 3310ms
2026-01-28 15:05:20.292 17087-17446 SyncBatchManager        com.fishit.player.v2                 D  Flushing MOVIES batch: 161 items (timeBased=true)
2026-01-28 15:05:20.293 17087-17446 CatalogSyncService      com.fishit.player.v2                 D  Persisting Xtream catalog batch (NX-ONLY): 161 items (canonical_linking=false)
2026-01-28 15:05:21.203 17087-17435 CatalogSyncBootstrap    com.fishit.player.v2                 I  Catalog sync bootstrap triggered; activeSources=[XTREAM]
2026-01-28 15:05:21.204 17087-17435 CatalogSyncScheduler    com.fishit.player.v2                 D  Enqueueing AUTO sync
2026-01-28 15:05:21.208 17087-17435 CatalogSyncScheduler    com.fishit.player.v2                 D  Scheduling periodic incremental sync every 2 hours
2026-01-28 15:05:21.214 17087-17435 CatalogSyncScheduler    com.fishit.player.v2                 I  Periodic incremental sync scheduled: every 2 hours
2026-01-28 15:05:21.214 17087-17435 CatalogSyncBootstrap    com.fishit.player.v2                 I  Periodic incremental sync scheduled: every 2h
2026-01-28 15:05:21.224 17087-17478 WM-SystemJobScheduler   com.fishit.player.v2                 D  Scheduling work ID 596c0648-9a33-4564-a989-a342a6cc4b58Job ID 3
2026-01-28 15:05:21.237 17087-17478 WM-GreedyScheduler      com.fishit.player.v2                 D  Starting work for 596c0648-9a33-4564-a989-a342a6cc4b58
2026-01-28 15:05:21.238 17087-17087 WM-SystemJobService     com.fishit.player.v2                 D  onStartJob for WorkGenerationalId(workSpecId=596c0648-9a33-4564-a989-a342a6cc4b58, generation=0)
2026-01-28 15:05:21.364 17087-17478 WM-SystemJobScheduler   com.fishit.player.v2                 D  Scheduling work ID 755884a3-47c9-4f0d-b3f1-0ae3ac4853adJob ID 4
2026-01-28 15:05:21.385 17087-17478 WM-GreedyScheduler      com.fishit.player.v2                 D  Starting tracking for 755884a3-47c9-4f0d-b3f1-0ae3ac4853ad
2026-01-28 15:05:21.388 17087-17087 WM-SystemJobService     com.fishit.player.v2                 D  onStartJob for WorkGenerationalId(workSpecId=755884a3-47c9-4f0d-b3f1-0ae3ac4853ad, generation=0)
2026-01-28 15:05:21.394 17087-17478 WM-Processor            com.fishit.player.v2                 D  Processor: processing WorkGenerationalId(workSpecId=596c0648-9a33-4564-a989-a342a6cc4b58, generation=0)
2026-01-28 15:05:21.397 17087-17478 WM-Processor            com.fishit.player.v2                 D  Work WorkGenerationalId(workSpecId=596c0648-9a33-4564-a989-a342a6cc4b58, generation=0) is already enqueued for processing
2026-01-28 15:05:21.403 17087-17478 WM-Processor            com.fishit.player.v2                 D  Processor: processing WorkGenerationalId(workSpecId=755884a3-47c9-4f0d-b3f1-0ae3ac4853ad, generation=0)
2026-01-28 15:05:21.410 17087-17087 WM-WorkerWrapper        com.fishit.player.v2                 D  Starting work for com.fishit.player.v2.work.CatalogSyncOrchestratorWorker
2026-01-28 15:05:21.412 17087-17409 CatalogSyn...atorWorker com.fishit.player.v2                 I  START sync_run_id=2711feac-c53c-4a72-b7fe-822ea3b7ee32 mode=auto
2026-01-28 15:05:21.414 17087-17087 WM-WorkerWrapper        com.fishit.player.v2                 D  Starting work for com.fishit.player.v2.work.CatalogSyncOrchestratorWorker
2026-01-28 15:05:21.415 17087-17682 CatalogSyn...atorWorker com.fishit.player.v2                 I  START sync_run_id=periodic_1769609121210 mode=incremental
2026-01-28 15:05:21.419 17087-17682 RuntimeGuards           com.fishit.player.v2                 D  Manual sync (incremental) - skipping battery guard (level=100%)
2026-01-28 15:05:21.419 17087-17409 RuntimeGuards           com.fishit.player.v2                 D  Manual sync (auto) - skipping battery guard (level=100%)
2026-01-28 15:05:21.420 17087-17478 WM-ConstraintTracker    com.fishit.player.v2                 D  BatteryNotLowTracker: initial state = true
2026-01-28 15:05:21.420 17087-17682 CatalogSyn...atorWorker com.fishit.player.v2                 I  Active sources check: [XTREAM] (isEmpty=false)
2026-01-28 15:05:21.420 17087-17682 CatalogSyn...atorWorker com.fishit.player.v2                 D  Active sources: [XTREAM] (TELEGRAM=false, XTREAM=true, IO=false)
2026-01-28 15:05:21.420 17087-17478 WM-BrdcstRcvrCnstrntTrc com.fishit.player.v2                 D  BatteryNotLowTracker: registering receiver
2026-01-28 15:05:21.421 17087-17409 CatalogSyn...atorWorker com.fishit.player.v2                 I  Active sources check: [XTREAM] (isEmpty=false)
2026-01-28 15:05:21.422 17087-17409 CatalogSyn...atorWorker com.fishit.player.v2                 D  Active sources: [XTREAM] (TELEGRAM=false, XTREAM=true, IO=false)
2026-01-28 15:05:21.427 17087-17682 CatalogSyn...atorWorker com.fishit.player.v2                 D  Enqueued Xtream chain: work_name=catalog_sync_global_xtream policy=KEEP workers=2
2026-01-28 15:05:21.427 17087-17682 CatalogSyn...atorWorker com.fishit.player.v2                 D  Telegram not in active sources - skipping Telegram workers
2026-01-28 15:05:21.428 17087-17682 CatalogSyn...atorWorker com.fishit.player.v2                 D  📊 WorkInfo chains enqueued:
                                                                                                      [XTREAM] work_name=catalog_sync_global_xtream → ENQUEUED
                                                                                                      Use 'adb shell dumpsys jobscheduler' or WorkManager Inspector for detailed state
2026-01-28 15:05:21.431 17087-17409 CatalogSyn...atorWorker com.fishit.player.v2                 D  Enqueued Xtream chain: work_name=catalog_sync_global_xtream policy=KEEP workers=2
2026-01-28 15:05:21.432 17087-17682 CatalogSyn...atorWorker com.fishit.player.v2                 I  CHAINS_ENQUEUED duration_ms=17 policy=KEEP sources=XTREAM (downstream workers will report completion)
2026-01-28 15:05:21.432 17087-17409 CatalogSyn...atorWorker com.fishit.player.v2                 D  Telegram not in active sources - skipping Telegram workers
2026-01-28 15:05:21.434 17087-17409 CatalogSyn...atorWorker com.fishit.player.v2                 D  📊 WorkInfo chains enqueued:
                                                                                                      [XTREAM] work_name=catalog_sync_global_xtream → ENQUEUED
                                                                                                      Use 'adb shell dumpsys jobscheduler' or WorkManager Inspector for detailed state
2026-01-28 15:05:21.435 17087-17478 WM-ConstraintTracker    com.fishit.player.v2                 D  NetworkStateTracker24: initial state = NetworkState(isConnected=true, isValidated=true, isMetered=true, isNotRoaming=true)
2026-01-28 15:05:21.436 17087-17478 WM-NetworkStateTracker  com.fishit.player.v2                 D  Registering network callback
2026-01-28 15:05:21.436 17087-17409 CatalogSyn...atorWorker com.fishit.player.v2                 I  CHAINS_ENQUEUED duration_ms=24 policy=KEEP sources=XTREAM (downstream workers will report completion)
2026-01-28 15:05:21.442 17087-17478 ConnectivityManager     com.fishit.player.v2                 D  StackLog: [android.net.ConnectivityManager.sendRequestForNetwork(ConnectivityManager.java:4402)] [android.net.ConnectivityManager.registerDefaultNetworkCallbackForUid(ConnectivityManager.java:4966)] [android.net.ConnectivityManager.registerDefaultNetworkCallback(ConnectivityManager.java:4933)] [android.net.ConnectivityManager.registerDefaultNetworkCallback(ConnectivityManager.java:4907)] [androidx.work.impl.utils.NetworkApi24.registerDefaultNetworkCallbackCompat(NetworkApi24.kt:26)] [androidx.work.impl.constraints.trackers.NetworkStateTracker24.startTracking(NetworkStateTracker.kt:165)] [androidx.work.impl.constraints.trackers.ConstraintTracker.addListener(ConstraintTracker.kt:52)] [androidx.work.impl.constraints.controllers.BaseConstraintController$track$1.invokeSuspend(ContraintControllers.kt:62)] [androidx.work.impl.constraints.controllers.BaseConstraintController$track$1.invoke(Unknown Source:8)] [androidx.work.impl.constraints.controllers.BaseConstraintController$track$1.invoke(Unknown Source:4)] [kotlinx.coroutines.flow.ChannelFlowBuilder.collectTo$suspendImpl(Builders.kt:316)] [kotlinx.coroutines.flow.ChannelFlowBuilder.collectTo(Unknown Source:0)] [kotlinx.coroutines.flow.CallbackFlowBuilder.collectTo(Builders.kt:330)] [kotlinx.coroutines.flow.internal.ChannelFlow$collectToFun$1.invokeSuspend(ChannelFlow.kt:56)] [kotlin.coroutines.jvm.internal.BaseContinuationImpl.resumeWith(ContinuationImpl.kt:34)] [kotlinx.coroutines.DispatchedTask.run(DispatchedTask.kt:100)] [androidx.work.impl.utils.SerialExecutorImpl$Task.run(SerialExecutorImpl.java:96)] [java.util.concurrent.ThreadPoolExecutor.runWorker(ThreadPoolExecutor.java:1145)] [java.util.concurrent.ThreadPoolExecutor$Worker.run(ThreadPoolExecutor.java:644)] [java.lang.Thread.run(Thread.java:1012)]
2026-01-28 15:05:21.453 17087-17710 WM-NetworkStateTracker  com.fishit.player.v2                 D  Network capabilities changed: [ Transports: CELLULAR Capabilities: SUPL&INTERNET&NOT_RESTRICTED&TRUSTED&NOT_VPN&VALIDATED&NOT_ROAMING&FOREGROUND&NOT_CONGESTED&NOT_SUSPENDED&NOT_VCN_MANAGED LinkUpBandwidth>=38406Kbps LinkDnBandwidth>=60510Kbps Specifier: <TelephonyNetworkSpecifier [mSubId = 1]> SubscriptionIds: {1} UnderlyingNetworks: Null]
2026-01-28 15:05:21.502 17087-17475 WM-EnqueueRunnable      com.fishit.player.v2                 E  Prerequisite 573be68e-0d38-45a7-88ce-7bb251d94f56 doesn't exist; not enqueuing
2026-01-28 15:05:21.506 17087-17475 WM-EnqueueRunnable      com.fishit.player.v2                 E  Prerequisite f42a0cef-7435-4f3d-9902-6ea84e790ec5 doesn't exist; not enqueuing
2026-01-28 15:05:21.508 17087-17475 WM-WorkerWrapper        com.fishit.player.v2                 I  Worker result SUCCESS for Work [ id=755884a3-47c9-4f0d-b3f1-0ae3ac4853ad, tags={ com.fishit.player.v2.work.CatalogSyncOrchestratorWorker,catalog_sync,mode_incremental,worker/CatalogSyncOrchestratorWorker } ]
2026-01-28 15:05:21.512 17087-17087 WM-Processor            com.fishit.player.v2                 D  Processor 755884a3-47c9-4f0d-b3f1-0ae3ac4853ad executed; reschedule = false
2026-01-28 15:05:21.512 17087-17087 WM-GreedyScheduler      com.fishit.player.v2                 D  Stopping tracking for WorkGenerationalId(workSpecId=755884a3-47c9-4f0d-b3f1-0ae3ac4853ad, generation=0)
2026-01-28 15:05:21.513 17087-17475 WM-WorkerWrapper        com.fishit.player.v2                 I  Worker result SUCCESS for Work [ id=596c0648-9a33-4564-a989-a342a6cc4b58, tags={ com.fishit.player.v2.work.CatalogSyncOrchestratorWorker,catalog_sync,mode_auto,worker/CatalogSyncOrchestratorWorker } ]
2026-01-28 15:05:21.514 17087-17087 WM-SystemJobService     com.fishit.player.v2                 D  755884a3-47c9-4f0d-b3f1-0ae3ac4853ad executed on JobScheduler
2026-01-28 15:05:21.521 17087-17087 WM-Processor            com.fishit.player.v2                 D  Processor 596c0648-9a33-4564-a989-a342a6cc4b58 executed; reschedule = false
2026-01-28 15:05:21.521 17087-17087 WM-SystemJobService     com.fishit.player.v2                 D  596c0648-9a33-4564-a989-a342a6cc4b58 executed on JobScheduler
2026-01-28 15:05:21.526 17087-17475 WM-GreedyScheduler      com.fishit.player.v2                 D  Cancelling work ID 755884a3-47c9-4f0d-b3f1-0ae3ac4853ad
2026-01-28 15:05:21.536 17087-17475 WM-SystemJobScheduler   com.fishit.player.v2                 D  Scheduling work ID 755884a3-47c9-4f0d-b3f1-0ae3ac4853adJob ID 4
2026-01-28 15:05:21.538 17087-17475 WM-BrdcstRcvrCnstrntTrc com.fishit.player.v2                 D  BatteryNotLowTracker: unregistering receiver
2026-01-28 15:05:21.541 17087-17475 WM-NetworkStateTracker  com.fishit.player.v2                 D  Unregistering network callback
2026-01-28 15:05:21.541 17087-17475 ConnectivityManager     com.fishit.player.v2                 D  StackLog: [android.net.ConnectivityManager.unregisterNetworkCallback(ConnectivityManager.java:5076)] [androidx.work.impl.utils.NetworkApi21.unregisterNetworkCallbackCompat(NetworkApi21.kt:28)] [androidx.work.impl.constraints.trackers.NetworkStateTracker24.stopTracking(NetworkStateTracker.kt:180)] [androidx.work.impl.constraints.trackers.ConstraintTracker.removeListener(ConstraintTracker.kt:67)] [androidx.work.impl.constraints.controllers.BaseConstraintController$track$1$1.invoke(ContraintControllers.kt:63)] [androidx.work.impl.constraints.controllers.BaseConstraintController$track$1$1.invoke(ContraintControllers.kt:63)] [kotlinx.coroutines.channels.ProduceKt.awaitClose(Produce.kt:69)] [kotlinx.coroutines.channels.ProduceKt$awaitClose$1.invokeSuspend(Unknown Source:13)] [kotlin.coroutines.jvm.internal.BaseContinuationImpl.resumeWith(ContinuationImpl.kt:34)] [kotlinx.coroutines.DispatchedTask.run(DispatchedTask.kt:98)] [androidx.work.impl.utils.SerialExecutorImpl$Task.run(SerialExecutorImpl.java:96)] [java.util.concurrent.ThreadPoolExecutor.runWorker(ThreadPoolExecutor.java:1145)] [java.util.concurrent.ThreadPoolExecutor$Worker.run(ThreadPoolExecutor.java:644)] [java.lang.Thread.run(Thread.java:1012)]
2026-01-28 15:05:21.546 17087-17475 WM-GreedyScheduler      com.fishit.player.v2                 D  Cancelling work ID 596c0648-9a33-4564-a989-a342a6cc4b58
2026-01-28 15:05:24.334 17087-17440 CatalogSyncService      com.fishit.player.v2                 D  Xtream batch complete (HOT PATH/NX): ingested=200 total_ms=4938
2026-01-28 15:05:24.336 17087-17440 SyncPerfMetrics         com.fishit.player.v2                 D  Phase SERIES started
2026-01-28 15:05:24.336 17087-17440 XtreamCatalogScanWorker com.fishit.player.v2                 D  PROGRESS discovered=820 persisted=555 phase=SERIES
2026-01-28 15:05:24.344 17087-17409 XTC                     com.fishit.player.v2                 D  [VOD] DTO→Raw #200 | id=xtream:vod:797304 | title="Frankenstein | 2025 | 7.9 |" | sourceType=XTREAM | Fields: ✓[year=2025, poster] ✗[plot, cast, director, backdrop, duration, tmdb]
2026-01-28 15:05:24.346 17087-17682 SyncPerfMetrics         com.fishit.player.v2                 D  Phase MOVIES started
2026-01-28 15:05:24.346 17087-17682 XtreamCatalogScanWorker com.fishit.player.v2                 D  PROGRESS discovered=898 persisted=555 phase=VOD
2026-01-28 15:05:24.347 17087-17682 XtreamCatalogScanWorker com.fishit.player.v2                 D  PROGRESS discovered=900 persisted=555 phase=null
2026-01-28 15:05:24.360 17087-17435 XTC                     com.fishit.player.v2                 D  [SERIES] DTO→Raw #450 | id=xtream:series:1972 | title="Tales of Zestiria the X" | sourceType=XTREAM | Fields: ✓[plot(603c), cast, poster] ✗[year, director, backdrop, duration, tmdb]
2026-01-28 15:05:24.367 17087-17437 XtreamCatalogScanWorker com.fishit.player.v2                 D  PROGRESS discovered=1000 persisted=555 phase=null
2026-01-28 15:05:24.368 17087-17408 XTC                     com.fishit.player.v2                 D  [LIVE] DTO→Raw #300 | id=xtream:live:354423 | title="DE: Bundesliga Tivibu 2 (Türkisch)" | sourceType=XTREAM | Fields: ✓[poster] ✗[year, plot, cast, director, backdrop, duration, tmdb]
2026-01-28 15:05:24.370 17087-17409 XTC                     com.fishit.player.v2                 D  [VOD] DTO→Raw #250 | id=xtream:vod:794087 | title="Jenseits der blauen Grenze | 2024 | 6.4 " | sourceType=XTREAM | Fields: ✓[year=2024, poster] ✗[plot, cast, director, backdrop, duration, tmdb]
2026-01-28 15:05:24.370 17087-17437 SyncPerfMetrics         com.fishit.player.v2                 D  Phase LIVE started
2026-01-28 15:05:24.371 17087-17437 XtreamCatalogScanWorker com.fishit.player.v2                 D  PROGRESS discovered=1010 persisted=555 phase=LIVE
2026-01-28 15:05:24.382 17087-17437 XtreamCatalogScanWorker com.fishit.player.v2                 D  PROGRESS discovered=1100 persisted=555 phase=null
2026-01-28 15:05:24.382 17087-17435 XTC                     com.fishit.player.v2                 D  [SERIES] DTO→Raw #500 | id=xtream:series:2039 | title="Die Abenteuer des Odysseus" | sourceType=XTREAM | Fields: ✓[plot(841c), cast, poster] ✗[year, director, backdrop, duration, tmdb]
2026-01-28 15:05:24.383 17087-17437 SyncPerfMetrics         com.fishit.player.v2                 D  Phase SERIES started
2026-01-28 15:05:24.387 17087-17437 XtreamCatalogScanWorker com.fishit.player.v2                 D  PROGRESS discovered=1108 persisted=555 phase=SERIES
2026-01-28 15:05:24.387 17087-17409 XTC                     com.fishit.player.v2                 D  [VOD] DTO→Raw #300 | id=xtream:vod:791360 | title="All of You | 2025 | 6.5 |" | sourceType=XTREAM | Fields: ✓[year=2025, poster] ✗[plot, cast, director, backdrop, duration, tmdb]
2026-01-28 15:05:24.389 17087-17437 SyncPerfMetrics         com.fishit.player.v2                 D  Phase MOVIES started
2026-01-28 15:05:24.389 17087-17437 XtreamCatalogScanWorker com.fishit.player.v2                 D  PROGRESS discovered=1128 persisted=555 phase=VOD
2026-01-28 15:05:24.403 17087-17408 XTC                     com.fishit.player.v2                 D  [LIVE] DTO→Raw #350 | id=xtream:live:181819 | title="MyTeam TV - 7" | sourceType=XTREAM | Fields: ✓[poster] ✗[year, plot, cast, director, backdrop, duration, tmdb]
2026-01-28 15:05:24.406 17087-17409 XTC                     com.fishit.player.v2                 D  [VOD] DTO→Raw #350 | id=xtream:vod:788976 | title="Was ist Liebe wert - Materialists | 2025" | sourceType=XTREAM | Fields: ✓[year=2025, poster] ✗[plot, cast, director, backdrop, duration, tmdb]
2026-01-28 15:05:24.407 17087-17441 XtreamCatalogScanWorker com.fishit.player.v2                 D  PROGRESS discovered=1200 persisted=555 phase=null
2026-01-28 15:05:24.422 17087-17409 XTC                     com.fishit.player.v2                 D  [VOD] DTO→Raw #400 | id=xtream:vod:786362 | title="Checkmates - Ziemlich schräge Figuren | " | sourceType=XTREAM | Fields: ✓[year=2024, poster] ✗[plot, cast, director, backdrop, duration, tmdb]
2026-01-28 15:05:24.430 17087-17441 SyncPerfMetrics         com.fishit.player.v2                 D  Phase MOVIES started
2026-01-28 15:05:24.431 17087-17441 XtreamCatalogScanWorker com.fishit.player.v2                 D  PROGRESS discovered=1278 persisted=555 phase=VOD
2026-01-28 15:05:24.436 17087-17441 XtreamCatalogScanWorker com.fishit.player.v2                 D  PROGRESS discovered=1300 persisted=555 phase=null
2026-01-28 15:05:24.437 17087-17408 XTC                     com.fishit.player.v2                 D  [LIVE] DTO→Raw #400 | id=xtream:live:795605 | title="DE: DEL2 EVENT 16" | sourceType=XTREAM | Fields: ✓[poster] ✗[year, plot, cast, director, backdrop, duration, tmdb]
2026-01-28 15:05:24.437 17087-17409 XTC                     com.fishit.player.v2                 D  [VOD] DTO→Raw #450 | id=xtream:vod:783657 | title="The Ballad of Wallis Island | 2025 | 7.0" | sourceType=XTREAM | Fields: ✓[year=2025, poster] ✗[plot, cast, director, backdrop, duration, tmdb]
2026-01-28 15:05:24.440 17087-17441 SyncPerfMetrics         com.fishit.player.v2                 D  Phase LIVE started
2026-01-28 15:05:24.440 17087-17441 XtreamCatalogScanWorker com.fishit.player.v2                 D  PROGRESS discovered=1349 persisted=555 phase=LIVE
2026-01-28 15:05:24.449 17087-17682 XtreamCatalogScanWorker com.fishit.player.v2                 D  PROGRESS discovered=1400 persisted=555 phase=null
2026-01-28 15:05:24.451 17087-17409 XTC                     com.fishit.player.v2                 D  [VOD] DTO→Raw #500 | id=xtream:vod:780844 | title="Shadow of God | 2025 | 5.0 |" | sourceType=XTREAM | Fields: ✓[year=2025, poster] ✗[plot, cast, director, backdrop, duration, tmdb]
2026-01-28 15:05:24.459 17087-17682 SyncPerfMetrics         com.fishit.player.v2                 D  Phase MOVIES started
2026-01-28 15:05:24.461 17087-17682 XtreamCatalogScanWorker com.fishit.player.v2                 D  PROGRESS discovered=1422 persisted=555 phase=VOD
2026-01-28 15:05:24.469 17087-17408 XTC                     com.fishit.player.v2                 D  [LIVE] DTO→Raw #450 | id=xtream:live:792958 | title="DE: RTL+ SPORT EVENT 17" | sourceType=XTREAM | Fields: ✓[poster] ✗[year, plot, cast, director, backdrop, duration, tmdb]
2026-01-28 15:05:24.504 17087-17437 XtreamCatalogScanWorker com.fishit.player.v2                 D  PROGRESS discovered=1500 persisted=555 phase=null
2026-01-28 15:05:24.508 17087-17408 XTC                     com.fishit.player.v2                 D  [LIVE] DTO→Raw #500 | id=xtream:live:797354 | title="DE: DAZN EVENT 26 HD" | sourceType=XTREAM | Fields: ✓[poster] ✗[year, plot, cast, director, backdrop, duration, tmdb]
2026-01-28 15:05:24.509 17087-17437 SyncPerfMetrics         com.fishit.player.v2                 D  Phase LIVE started
2026-01-28 15:05:24.510 17087-17437 XtreamCatalogScanWorker com.fishit.player.v2                 D  PROGRESS discovered=1517 persisted=555 phase=LIVE
2026-01-28 15:05:24.524 17087-17435 XTC                     com.fishit.player.v2                 D  [SERIES] DTO→Raw #550 | id=xtream:series:2129 | title="Weihnachtsmann & Co. KG" | sourceType=XTREAM | Fields: ✓[plot(468c), cast, poster] ✗[year, director, backdrop, duration, tmdb]
2026-01-28 15:05:24.543 17087-17407 XtreamCatalogScanWorker com.fishit.player.v2                 D  PROGRESS discovered=1600 persisted=555 phase=null
2026-01-28 15:05:24.544 17087-17435 XTC                     com.fishit.player.v2                 D  [SERIES] DTO→Raw #600 | id=xtream:series:2346 | title="Shadow and Bone" | sourceType=XTREAM | Fields: ✓[plot(164c), cast, poster] ✗[year, director, backdrop, duration, tmdb]
2026-01-28 15:05:24.550 17087-17409 XTC                     com.fishit.player.v2                 D  [VOD] DTO→Raw #550 | id=xtream:vod:779064 | title="Escape - Der unsichtbare Feind | 2024 | " | sourceType=XTREAM | Fields: ✓[year=2024, poster] ✗[plot, cast, director, backdrop, duration, tmdb]
2026-01-28 15:05:24.554 17087-17407 SyncBatchManager        com.fishit.player.v2                 D  Flushing SERIES batch: 200 items (timeBased=false)
2026-01-28 15:05:24.556 17087-17407 CatalogSyncService      com.fishit.player.v2                 D  Persisting Xtream catalog batch (NX-ONLY): 200 items (canonical_linking=false)
2026-01-28 15:05:24.663 17087-17106 ishit.player.v2         com.fishit.player.v2                 I  Background concurrent copying GC freed 1349404(45MB) AllocSpace objects, 3(112KB) LOS objects, 49% free, 24MB/48MB, paused 256us,51us total 287.147ms
2026-01-28 15:05:27.300 17087-17446 CatalogSyncService      com.fishit.player.v2                 D  Xtream batch complete (HOT PATH/NX): ingested=161 total_ms=7007
2026-01-28 15:05:27.300 17087-17446 CatalogSyncService      com.fishit.player.v2                 D  Time-based flush MOVIES: 161 items in 7007ms
2026-01-28 15:05:27.502 17087-17437 SyncBatchManager        com.fishit.player.v2                 D  Time-based flush for LIVE: 345 items after 9317ms
2026-01-28 15:05:27.502 17087-17437 SyncBatchManager        com.fishit.player.v2                 D  Flushing LIVE batch: 345 items (timeBased=true)
2026-01-28 15:05:27.503 17087-17437 CatalogSyncService      com.fishit.player.v2                 D  Persisting Xtream live batch (NX-ONLY): 345 items
2026-01-28 15:05:29.456 17087-17441 CatalogSyncService      com.fishit.player.v2                 D  Xtream batch complete (HOT PATH/NX): ingested=200 total_ms=4900
2026-01-28 15:05:29.457 17087-17441 SyncPerfMetrics         com.fishit.player.v2                 D  Phase SERIES started
2026-01-28 15:05:29.458 17087-17441 XtreamCatalogScanWorker com.fishit.player.v2                 D  PROGRESS discovered=1628 persisted=916 phase=SERIES
2026-01-28 15:05:29.472 17087-17441 SyncBatchManager        com.fishit.player.v2                 D  Flushing MOVIES batch: 400 items (timeBased=false)
2026-01-28 15:05:29.473 17087-17441 CatalogSyncService      com.fishit.player.v2                 D  Persisting Xtream catalog batch (NX-ONLY): 400 items (canonical_linking=false)
2026-01-28 15:05:29.477 17087-17682 XTC                     com.fishit.player.v2                 D  [SERIES] DTO→Raw #650 | id=xtream:series:2445 | title="And Just Like That…" | sourceType=XTREAM | Fields: ✓[plot(200c), cast, poster] ✗[year, director, backdrop, duration, tmdb]
2026-01-28 15:05:42.309 17087-17683 CatalogSyncService      com.fishit.player.v2                 D  Xtream live batch complete (NX): ingested=345 total_ms=14806
2026-01-28 15:05:42.310 17087-17683 CatalogSyncService      com.fishit.player.v2                 D  Time-based flush LIVE: 345 items in 14806ms
2026-01-28 15:05:42.310 17087-17683 SyncBatchManager        com.fishit.player.v2                 D  Time-based flush for SERIES: 25 items after 17756ms
2026-01-28 15:05:42.310 17087-17683 SyncBatchManager        com.fishit.player.v2                 D  Flushing SERIES batch: 25 items (timeBased=true)
2026-01-28 15:05:42.311 17087-17683 CatalogSyncService      com.fishit.player.v2                 D  Persisting Xtream catalog batch (NX-ONLY): 25 items (canonical_linking=false)
2026-01-28 15:05:43.066 17087-17682 CatalogSyncService      com.fishit.player.v2                 D  Xtream batch complete (HOT PATH/NX): ingested=25 total_ms=755
2026-01-28 15:05:43.066 17087-17682 CatalogSyncService      com.fishit.player.v2                 D  Time-based flush SERIES: 25 items in 755ms
2026-01-28 15:05:45.285 17087-17683 CatalogSyncService      com.fishit.player.v2                 D  Xtream batch complete (HOT PATH/NX): ingested=400 total_ms=15812
2026-01-28 15:05:45.290 17087-17683 XtreamCatalogScanWorker com.fishit.player.v2                 D  PROGRESS discovered=1700 persisted=1686 phase=null
2026-01-28 15:05:45.291 17087-17684 XTC                     com.fishit.player.v2                 D  [VOD] DTO→Raw #600 | id=xtream:vod:776412 | title="WWE WrestleMania 41: Sunday | 2025 | 6.1" | sourceType=XTREAM | Fields: ✓[year=2025, poster] ✗[plot, cast, director, backdrop, duration, tmdb]
2026-01-28 15:05:45.297 17087-17683 SyncPerfMetrics         com.fishit.player.v2                 D  Phase MOVIES started
2026-01-28 15:05:45.298 17087-17683 XtreamCatalogScanWorker com.fishit.player.v2                 D  PROGRESS discovered=1766 persisted=1686 phase=VOD
2026-01-28 15:05:45.300 17087-17683 XtreamCatalogScanWorker com.fishit.player.v2                 D  PROGRESS discovered=1800 persisted=1686 phase=null
2026-01-28 15:05:45.302 17087-17684 XTC                     com.fishit.player.v2                 D  [VOD] DTO→Raw #650 | id=xtream:vod:773840 | title="Vena | 2024 | 7.7 |" | sourceType=XTREAM | Fields: ✓[year=2024, poster] ✗[plot, cast, director, backdrop, duration, tmdb]
2026-01-28 15:05:45.317 17087-17685 XTC                     com.fishit.player.v2                 D  [SERIES] DTO→Raw #700 | id=xtream:series:2513 | title="Deep Shit" | sourceType=XTREAM | Fields: ✓[plot(317c), cast, poster] ✗[year, director, backdrop, duration, tmdb]
2026-01-28 15:05:45.321 17087-17684 XtreamCatalogScanWorker com.fishit.player.v2                 D  PROGRESS discovered=1900 persisted=1686 phase=null
2026-01-28 15:05:45.323 17087-17684 SyncPerfMetrics         com.fishit.player.v2                 D  Phase SERIES started
2026-01-28 15:05:45.324 17087-17684 XtreamCatalogScanWorker com.fishit.player.v2                 D  PROGRESS discovered=1916 persisted=1686 phase=SERIES
2026-01-28 15:05:45.325 17087-17437 XTC                     com.fishit.player.v2                 D  [VOD] DTO→Raw #700 | id=xtream:vod:771263 | title="Old Guy - Alter Hund mit neuen Tricks | " | sourceType=XTREAM | Fields: ✓[year=2024, poster] ✗[plot, cast, director, backdrop, duration, tmdb]
2026-01-28 15:05:45.326 17087-17684 SyncPerfMetrics         com.fishit.player.v2                 D  Phase MOVIES started
2026-01-28 15:05:45.326 17087-17684 XtreamCatalogScanWorker com.fishit.player.v2                 D  PROGRESS discovered=1952 persisted=1686 phase=VOD
2026-01-28 15:05:45.327 17087-17685 XTC                     com.fishit.player.v2                 D  [LIVE] DTO→Raw #550 | id=xtream:live:744166 | title="DE: DYN SPORT 25" | sourceType=XTREAM | Fields: ✓[poster] ✗[year, plot, cast, director, backdrop, duration, tmdb]
2026-01-28 15:05:45.336 17087-17446 XtreamCatalogScanWorker com.fishit.player.v2                 D  PROGRESS discovered=2000 persisted=1686 phase=null
2026-01-28 15:05:45.343 17087-17437 XTC                     com.fishit.player.v2                 D  [VOD] DTO→Raw #750 | id=xtream:vod:767670 | title="We Live in Time | 2024 | 7.5 |" | sourceType=XTREAM | Fields: ✓[year=2024, poster] ✗[plot, cast, director, backdrop, duration, tmdb]
2026-01-28 15:05:45.352 17087-17685 XTC                     com.fishit.player.v2                 D  [LIVE] DTO→Raw #600 | id=xtream:live:121760 | title="DE: Spiegel TV Wissen RAW" | sourceType=XTREAM | Fields: ✓[poster] ✗[year, plot, cast, director, backdrop, duration, tmdb]
2026-01-28 15:05:45.353 17087-17446 XtreamCatalogScanWorker com.fishit.player.v2                 D  PROGRESS discovered=2100 persisted=1686 phase=null
2026-01-28 15:05:45.354 17087-17446 SyncPerfMetrics         com.fishit.player.v2                 D  Phase LIVE started
2026-01-28 15:05:45.355 17087-17437 XTC                     com.fishit.player.v2                 D  [VOD] DTO→Raw #800 | id=xtream:vod:765621 | title="The Killer | 2024 | 6.4 |" | sourceType=XTREAM | Fields: ✓[year=2024, poster] ✗[plot, cast, director, backdrop, duration, tmdb]
2026-01-28 15:05:45.355 17087-17446 XtreamCatalogScanWorker com.fishit.player.v2                 D  PROGRESS discovered=2128 persisted=1686 phase=LIVE
2026-01-28 15:05:45.356 17087-17446 SyncPerfMetrics         com.fishit.player.v2                 D  Phase MOVIES started
2026-01-28 15:05:45.357 17087-17446 XtreamCatalogScanWorker com.fishit.player.v2                 D  PROGRESS discovered=2145 persisted=1686 phase=VOD
2026-01-28 15:05:45.359 17087-17407 XTC                     com.fishit.player.v2                 D  [SERIES] DTO→Raw #750 | id=xtream:series:2569 | title="Sharp Objects" | sourceType=XTREAM | Fields: ✓[plot(599c), cast, poster] ✗[year, director, backdrop, duration, tmdb]
2026-01-28 15:05:45.361 17087-17684 XtreamCatalogScanWorker com.fishit.player.v2                 D  PROGRESS discovered=2200 persisted=1686 phase=null
2026-01-28 15:05:45.366 17087-17437 XTC                     com.fishit.player.v2                 D  [VOD] DTO→Raw #850 | id=xtream:vod:763435 | title="Escape: Flucht in die Freiheit | 2024 | " | sourceType=XTREAM | Fields: ✓[year=2024, poster] ✗[plot, cast, director, backdrop, duration, tmdb]
2026-01-28 15:05:45.373 17087-17407 XTC                     com.fishit.player.v2                 D  [SERIES] DTO→Raw #800 | id=xtream:series:2619 | title="Informer" | sourceType=XTREAM | Fields: ✓[plot(665c), cast, poster] ✗[year, director, backdrop, duration, tmdb]
2026-01-28 15:05:45.376 17087-17685 XTC                     com.fishit.player.v2                 D  [LIVE] DTO→Raw #650 | id=xtream:live:48858 | title="DE: Sky Cinema Highlights FHD" | sourceType=XTREAM | Fields: ✓[poster] ✗[year, plot, cast, director, backdrop, duration, tmdb]
2026-01-28 15:05:45.382 17087-17435 XtreamCatalogScanWorker com.fishit.player.v2                 D  PROGRESS discovered=2300 persisted=1686 phase=null
2026-01-28 15:05:45.384 17087-17446 XTC                     com.fishit.player.v2                 D  [VOD] DTO→Raw #900 | id=xtream:vod:761313 | title="Blitz | 2024 | 5.2 |" | sourceType=XTREAM | Fields: ✓[year=2024, poster] ✗[plot, cast, director, backdrop, duration, tmdb]
2026-01-28 15:05:45.391 17087-17435 SyncPerfMetrics         com.fishit.player.v2                 D  Phase SERIES started
2026-01-28 15:05:45.391 17087-17435 XtreamCatalogScanWorker com.fishit.player.v2                 D  PROGRESS discovered=2328 persisted=1686 phase=SERIES
2026-01-28 15:05:45.394 17087-17435 SyncPerfMetrics         com.fishit.player.v2                 D  Phase MOVIES started
2026-01-28 15:05:45.395 17087-17435 XtreamCatalogScanWorker com.fishit.player.v2                 D  PROGRESS discovered=2370 persisted=1686 phase=VOD
2026-01-28 15:05:45.397 17087-17435 XtreamCatalogScanWorker com.fishit.player.v2                 D  PROGRESS discovered=2400 persisted=1686 phase=null
2026-01-28 15:05:45.398 17087-17435 SyncBatchManager        com.fishit.player.v2                 D  Flushing SERIES batch: 200 items (timeBased=false)
2026-01-28 15:05:45.398 17087-17435 CatalogSyncService      com.fishit.player.v2                 D  Persisting Xtream catalog batch (NX-ONLY): 200 items (canonical_linking=false)
2026-01-28 15:05:45.474 17087-17407 SyncBatchManager        com.fishit.player.v2                 D  Time-based flush for LIVE: 165 items after 17972ms
2026-01-28 15:05:45.475 17087-17407 SyncBatchManager        com.fishit.player.v2                 D  Flushing LIVE batch: 165 items (timeBased=true)
2026-01-28 15:05:45.475 17087-17407 CatalogSyncService      com.fishit.player.v2                 D  Persisting Xtream live batch (NX-ONLY): 165 items
2026-01-28 15:05:48.076 17087-17407 CatalogSyncService      com.fishit.player.v2                 D  Xtream batch complete (HOT PATH/NX): ingested=200 total_ms=2678
2026-01-28 15:05:48.079 17087-17435 XTC                     com.fishit.player.v2                 D  [VOD] DTO→Raw #950 | id=xtream:vod:756534 | title="Libre | 2024 | 5.9 |" | sourceType=XTREAM | Fields: ✓[year=2024, poster] ✗[plot, cast, director, backdrop, duration, tmdb]
2026-01-28 15:05:48.080 17087-17441 XTC                     com.fishit.player.v2                 D  [SERIES] DTO→Raw #850 | id=xtream:series:2670 | title="The Sniffer" | sourceType=XTREAM | Fields: ✓[cast, poster] ✗[year, plot, director, backdrop, duration, tmdb]
2026-01-28 15:05:48.083 17087-17407 XtreamCatalogScanWorker com.fishit.player.v2                 D  PROGRESS discovered=2500 persisted=1886 phase=null
2026-01-28 15:05:48.084 17087-17407 SyncBatchManager        com.fishit.player.v2                 D  Flushing MOVIES batch: 400 items (timeBased=false)
2026-01-28 15:05:48.084 17087-17407 CatalogSyncService      com.fishit.player.v2                 D  Persisting Xtream catalog batch (NX-ONLY): 400 items (canonical_linking=false)
2026-01-28 15:05:48.086 17087-17437 XTC                     com.fishit.player.v2                 D  [LIVE] DTO→Raw #700 | id=xtream:live:733471 | title="DE: 2 BROKE GIRLS" | sourceType=XTREAM | Fields: ✓[poster] ✗[year, plot, cast, director, backdrop, duration, tmdb]
2026-01-28 15:05:48.090 17087-17435 XTC                     com.fishit.player.v2                 D  [VOD] DTO→Raw #1000 | id=xtream:vod:755046 | title="Arcadian | 2024 | 6.0 |" | sourceType=XTREAM | Fields: ✓[year=2024, poster] ✗[plot, cast, director, backdrop, duration, tmdb]
2026-01-28 15:05:48.286 17087-17407 CatalogSyncService      com.fishit.player.v2                 D  Xtream live batch complete (NX): ingested=165 total_ms=2811
2026-01-28 15:05:48.287 17087-17407 CatalogSyncService      com.fishit.player.v2                 D  Time-based flush LIVE: 165 items in 2812ms
2026-01-28 15:05:48.287 17087-17407 SyncBatchManager        com.fishit.player.v2                 D  Time-based flush for SERIES: 26 items after 2890ms
2026-01-28 15:05:48.288 17087-17407 SyncBatchManager        com.fishit.player.v2                 D  Flushing SERIES batch: 26 items (timeBased=true)
2026-01-28 15:05:48.288 17087-17407 CatalogSyncService      com.fishit.player.v2                 D  Persisting Xtream catalog batch (NX-ONLY): 26 items (canonical_linking=false)
2026-01-28 15:05:48.378 17087-17407 CatalogSyncService      com.fishit.player.v2                 D  Xtream batch complete (HOT PATH/NX): ingested=26 total_ms=90
2026-01-28 15:05:48.379 17087-17407 CatalogSyncService      com.fishit.player.v2                 D  Time-based flush SERIES: 26 items in 91ms
2026-01-28 15:05:48.580 17087-17441 SyncBatchManager        com.fishit.player.v2                 D  Time-based flush for LIVE: 25 items after 3105ms
2026-01-28 15:05:48.580 17087-17441 SyncBatchManager        com.fishit.player.v2                 D  Flushing LIVE batch: 25 items (timeBased=true)
2026-01-28 15:05:48.581 17087-17441 CatalogSyncService      com.fishit.player.v2                 D  Persisting Xtream live batch (NX-ONLY): 25 items
2026-01-28 15:05:48.717 17087-17685 CatalogSyncService      com.fishit.player.v2                 D  Xtream live batch complete (NX): ingested=25 total_ms=137
2026-01-28 15:05:48.718 17087-17685 CatalogSyncService      com.fishit.player.v2                 D  Time-based flush LIVE: 25 items in 138ms
2026-01-28 15:05:48.867 17087-17087 ViewRootIm...nActivity] com.fishit.player.v2                 I  ViewPostIme pointer 0
2026-01-28 15:05:49.097 17087-17087 Compatibil...geReporter com.fishit.player.v2                 D  Compat change id reported: 171228096; UID 10460; state: ENABLED
2026-01-28 15:05:49.107 17087-17087 ViewRootIm...nActivity] com.fishit.player.v2                 I  ViewPostIme pointer 1
2026-01-28 15:05:49.826 17087-17684 CatalogSyncService      com.fishit.player.v2                 D  Xtream batch complete (HOT PATH/NX): ingested=400 total_ms=1742
2026-01-28 15:05:49.829 17087-17441 StreamingJsonParser     com.fishit.player.v2                 W  streamInBatches mapper error #1: timeout
2026-01-28 15:05:49.830 17087-17684 SyncPerfMetrics         com.fishit.player.v2                 D  Phase LIVE started
2026-01-28 15:05:49.830 17087-17684 XtreamCatalogScanWorker com.fishit.player.v2                 D  PROGRESS discovered=2537 persisted=2502 phase=LIVE
2026-01-28 15:05:49.833 17087-17684 SyncPerfMetrics         com.fishit.player.v2                 D  Phase MOVIES started
2026-01-28 15:05:49.833 17087-17684 XtreamCatalogScanWorker com.fishit.player.v2                 D  PROGRESS discovered=2567 persisted=2502 phase=VOD
2026-01-28 15:05:49.835 17087-17441 XtreamApiClient         com.fishit.player.v2                 D  buildPlayerApiUrl: action=get_movie_streams -> konigtv.com/player_api.php
2026-01-28 15:05:49.842 17087-17684 XtreamCatalogScanWorker com.fishit.player.v2                 D  PROGRESS discovered=2600 persisted=2502 phase=null
2026-01-28 15:05:49.845 17087-17685 XTC                     com.fishit.player.v2                 D  [SERIES] DTO→Raw #900 | id=xtream:series:2721 | title="Confess" | sourceType=XTREAM | Fields: ✓[cast, poster] ✗[year, plot, director, backdrop, duration, tmdb]
2026-01-28 15:05:49.846 17087-17684 SyncPerfMetrics         com.fishit.player.v2                 D  Phase SERIES started
2026-01-28 15:05:49.846 17087-17684 XtreamCatalogScanWorker com.fishit.player.v2                 D  PROGRESS discovered=2639 persisted=2502 phase=SERIES
2026-01-28 15:05:49.848 17087-17693 TrafficStats            com.fishit.player.v2                 D  tagSocket(134) with statsTag=0xffffffff, statsUid=-1
2026-01-28 15:05:49.850 17087-17407 XTC                     com.fishit.player.v2                 D  [LIVE] DTO→Raw #750 | id=xtream:live:749839 | title="DE: EDGAR WALLACE MIX" | sourceType=XTREAM | Fields: ✓[poster] ✗[year, plot, cast, director, backdrop, duration, tmdb]
2026-01-28 15:05:49.858 17087-17435 XtreamCatalogScanWorker com.fishit.player.v2                 D  PROGRESS discovered=2700 persisted=2502 phase=null
2026-01-28 15:05:49.863 17087-17685 XTC                     com.fishit.player.v2                 D  [SERIES] DTO→Raw #950 | id=xtream:series:2771 | title="Riverdale" | sourceType=XTREAM | Fields: ✓[plot(606c), cast, poster] ✗[year, director, backdrop, duration, tmdb]
2026-01-28 15:05:49.876 17087-17407 XTC                     com.fishit.player.v2                 D  [LIVE] DTO→Raw #800 | id=xtream:live:729970 | title="DE: POLICE ACADEMY" | sourceType=XTREAM | Fields: ✓[poster] ✗[year, plot, cast, director, backdrop, duration, tmdb]
2026-01-28 15:05:49.876 17087-17435 SyncPerfMetrics         com.fishit.player.v2                 D  Phase LIVE started
2026-01-28 15:05:49.877 17087-17435 XtreamCatalogScanWorker com.fishit.player.v2                 D  PROGRESS discovered=2780 persisted=2502 phase=LIVE
2026-01-28 15:05:49.880 17087-17684 XtreamCatalogScanWorker com.fishit.player.v2                 D  PROGRESS discovered=2800 persisted=2502 phase=null
2026-01-28 15:05:49.883 17087-17685 XTC                     com.fishit.player.v2                 D  [SERIES] DTO→Raw #1000 | id=xtream:series:2822 | title="Bluff City Law" | sourceType=XTREAM | Fields: ✓[cast, poster] ✗[year, plot, director, backdrop, duration, tmdb]
2026-01-28 15:05:49.883 17087-17684 SyncPerfMetrics         com.fishit.player.v2                 D  Phase SERIES started
2026-01-28 15:05:49.884 17087-17684 XtreamCatalogScanWorker com.fishit.player.v2                 D  PROGRESS discovered=2814 persisted=2502 phase=SERIES
2026-01-28 15:05:49.885 17087-17685 StreamingJsonParser     com.fishit.player.v2                 W  streamInBatches mapper error #1: timeout
2026-01-28 15:05:49.889 17087-17685 XtreamApiClient         com.fishit.player.v2                 D  buildPlayerApiUrl: action=get_series -> konigtv.com/player_api.php
2026-01-28 15:05:49.902 17087-17407 XTC                     com.fishit.player.v2                 D  [LIVE] DTO→Raw #850 | id=xtream:live:140923 | title="DE: X-Men HD 24/7" | sourceType=XTREAM | Fields: ✓[poster] ✗[year, plot, cast, director, backdrop, duration, tmdb]
2026-01-28 15:05:49.922 17087-17685 SyncBatchManager        com.fishit.player.v2                 D  Time-based flush for LIVE: 199 items after 1342ms
2026-01-28 15:05:49.922 17087-17685 SyncBatchManager        com.fishit.player.v2                 D  Flushing LIVE batch: 199 items (timeBased=true)
2026-01-28 15:05:49.923 17087-17685 CatalogSyncService      com.fishit.player.v2                 D  Persisting Xtream live batch (NX-ONLY): 199 items
2026-01-28 15:05:49.927 17087-17407 XTC                     com.fishit.player.v2                 D  [LIVE] DTO→Raw #900 | id=xtream:live:364840 | title="DE: TOM HARDY - 24/7" | sourceType=XTREAM | Fields: ✓[poster] ✗[year, plot, cast, director, backdrop, duration, tmdb]
2026-01-28 15:05:49.928 17087-17435 XtreamCatalogScanWorker com.fishit.player.v2                 D  PROGRESS discovered=2900 persisted=2502 phase=null
2026-01-28 15:05:49.928 17087-17435 SyncPerfMetrics         com.fishit.player.v2                 D  Phase LIVE started
2026-01-28 15:05:49.929 17087-17435 XtreamCatalogScanWorker com.fishit.player.v2                 D  PROGRESS discovered=2900 persisted=2502 phase=LIVE
2026-01-28 15:05:49.953 17087-17407 XTC                     com.fishit.player.v2                 D  [LIVE] DTO→Raw #950 | id=xtream:live:140794 | title="DE: See - Reich der Blinden - Premium 24" | sourceType=XTREAM | Fields: ✓[poster] ✗[year, plot, cast, director, backdrop, duration, tmdb]
2026-01-28 15:05:49.962 17087-17697 TrafficStats            com.fishit.player.v2                 D  tagSocket(144) with statsTag=0xffffffff, statsUid=-1
2026-01-28 15:05:49.981 17087-17407 XTC                     com.fishit.player.v2                 D  [LIVE] DTO→Raw #1000 | id=xtream:live:143675 | title="DE: Bad Blood 24/7" | sourceType=XTREAM | Fields: ✓[poster] ✗[year, plot, cast, director, backdrop, duration, tmdb]
2026-01-28 15:05:49.981 17087-17408 XtreamCatalogScanWorker com.fishit.player.v2                 D  PROGRESS discovered=3000 persisted=2502 phase=null
2026-01-28 15:05:49.982 17087-17408 SyncPerfMetrics         com.fishit.player.v2                 D  Phase LIVE started
2026-01-28 15:05:49.982 17087-17408 XtreamCatalogScanWorker com.fishit.player.v2                 D  PROGRESS discovered=3000 persisted=2502 phase=LIVE
2026-01-28 15:05:49.984 17087-17407 StreamingJsonParser     com.fishit.player.v2                 W  streamInBatches mapper error #1: timeout
2026-01-28 15:05:49.987 17087-17407 XtreamApiClient         com.fishit.player.v2                 D  buildPlayerApiUrl: action=get_live_streams -> konigtv.com/player_api.php
2026-01-28 15:05:50.012 17087-17441 XtreamApiClient         com.fishit.player.v2                 D  StreamingFetch: Success for konigtv.com/player_api.php, streaming response
2026-01-28 15:05:50.018 17087-17441 XtreamApiClient         com.fishit.player.v2                 D  StreamBatch: 0 items in 0 batches (5ms)
2026-01-28 15:05:50.027 17087-17441 XtreamApiClient         com.fishit.player.v2                 D  buildPlayerApiUrl: action=get_movies_streams -> konigtv.com/player_api.php
2026-01-28 15:05:50.140 17087-17087 ViewRootIm...nActivity] com.fishit.player.v2                 I  ViewPostIme pointer 0
2026-01-28 15:05:50.180 17087-17435 XtreamApiClient         com.fishit.player.v2                 D  StreamingFetch: Success for konigtv.com/player_api.php, streaming response
2026-01-28 15:05:50.191 17087-17087 ViewRootIm...nActivity] com.fishit.player.v2                 I  ViewPostIme pointer 1
2026-01-28 15:05:50.204 17087-17693 TrafficStats            com.fishit.player.v2                 D  tagSocket(170) with statsTag=0xffffffff, statsUid=-1
2026-01-28 15:05:50.230 17087-17441 XtreamApiClient         com.fishit.player.v2                 D  StreamingFetch: Success for konigtv.com/player_api.php, streaming response
2026-01-28 15:05:50.325 17087-17437 XtreamApiClient         com.fishit.player.v2                 D  StreamingFetch: Success for konigtv.com/player_api.php, streaming response
2026-01-28 15:05:50.329 17087-17437 XtreamApiClient         com.fishit.player.v2                 D  StreamBatch: 0 items in 0 batches (3ms)
2026-01-28 15:05:50.365 17087-17437 XtreamApiClient         com.fishit.player.v2                 D  buildPlayerApiUrl: action=get_vod_streams -> konigtv.com/player_api.php
2026-01-28 15:05:50.369 17087-17105 ishit.player.v2         com.fishit.player.v2                 I  Compiler allocated 7198KB to compile void android.view.ViewRootImpl.performTraversals()
2026-01-28 15:05:50.405 17087-17435 XTC                     com.fishit.player.v2                 D  [SERIES] DTO→Raw #1050 | id=xtream:series:365 | title="4 Blocks" | sourceType=XTREAM | Fields: ✓[plot(424c), cast, poster] ✗[year, director, backdrop, duration, tmdb]
2026-01-28 15:05:50.408 17087-17683 SyncBatchManager        com.fishit.player.v2                 D  Flushing SERIES batch: 200 items (timeBased=false)
2026-01-28 15:05:50.408 17087-17683 CatalogSyncService      com.fishit.player.v2                 D  Persisting Xtream catalog batch (NX-ONLY): 200 items (canonical_linking=false)
2026-01-28 15:05:50.431 17087-17441 XTC                     com.fishit.player.v2                 D  [LIVE] DTO→Raw #1050 | id=xtream:live:71808 | title="DE: Deluxe Music HEVC" | sourceType=XTREAM | Fields: ✓[poster] ✗[year, plot, cast, director, backdrop, duration, tmdb]
2026-01-28 15:05:50.575 17087-17087 WorkManage...teObserver com.fishit.player.v2                 I  Sync state: SUCCEEDED
