---------------------------- PROCESS STARTED (22805) for package com.fishit.player.v2 ----------------------------
2026-01-30 08:30:42.277 22805-22805 ziparchive              com.fishit.player.v2                 W  Unable to open '/data/data/com.fishit.player.v2/code_cache/.overlay/base.apk/classes10.dm': No such file or directory
2026-01-30 08:30:42.281 22805-22805 ziparchive              com.fishit.player.v2                 W  Unable to open '/data/app/~~-uRteuGsNRnzP8rP6h_5lg==/com.fishit.player.v2-TSFFM8pZsTSehT4xgRXxYQ==/base.dm': No such file or directory
2026-01-30 08:30:42.281 22805-22805 ziparchive              com.fishit.player.v2                 W  Unable to open '/data/app/~~-uRteuGsNRnzP8rP6h_5lg==/com.fishit.player.v2-TSFFM8pZsTSehT4xgRXxYQ==/base.dm': No such file or directory
2026-01-30 08:30:42.835 22805-22805 nativeloader            com.fishit.player.v2                 D  Configuring clns-4 for other apk /data/app/~~-uRteuGsNRnzP8rP6h_5lg==/com.fishit.player.v2-TSFFM8pZsTSehT4xgRXxYQ==/base.apk. target_sdk_version=35, uses_libraries=, library_path=/data/app/~~-uRteuGsNRnzP8rP6h_5lg==/com.fishit.player.v2-TSFFM8pZsTSehT4xgRXxYQ==/lib/arm64:/data/app/~~-uRteuGsNRnzP8rP6h_5lg==/com.fishit.player.v2-TSFFM8pZsTSehT4xgRXxYQ==/base.apk!/lib/arm64-v8a, permitted_path=/data:/mnt/expand:/data/user/0/com.fishit.player.v2
2026-01-30 08:30:42.851 22805-22805 GraphicsEnvironment     com.fishit.player.v2                 V  Currently set values for:
2026-01-30 08:30:42.851 22805-22805 GraphicsEnvironment     com.fishit.player.v2                 V    angle_gl_driver_selection_pkgs=[]
2026-01-30 08:30:42.851 22805-22805 GraphicsEnvironment     com.fishit.player.v2                 V    angle_gl_driver_selection_values=[]
2026-01-30 08:30:42.851 22805-22805 GraphicsEnvironment     com.fishit.player.v2                 V  ANGLE GameManagerService for com.fishit.player.v2: false
2026-01-30 08:30:42.851 22805-22805 GraphicsEnvironment     com.fishit.player.v2                 V  com.fishit.player.v2 is not listed in per-application setting
2026-01-30 08:30:42.851 22805-22805 GraphicsEnvironment     com.fishit.player.v2                 V  App is not on the allowlist for updatable production driver.
2026-01-30 08:30:42.921 22805-22805 FirebaseApp             com.fishit.player.v2                 W  Default FirebaseApp failed to initialize because no default options were found. This usually means that com.google.gms:google-services was not applied to your gradle project.
2026-01-30 08:30:42.922 22805-22805 FirebaseInitProvider    com.fishit.player.v2                 I  FirebaseApp initialization unsuccessful
2026-01-30 08:30:42.993 22805-22805 ishit.player.v2         com.fishit.player.v2                 W  Accessing hidden method Landroid/view/WindowManagerGlobal;->getInstance()Landroid/view/WindowManagerGlobal; (unsupported, reflection, allowed)
2026-01-30 08:30:42.993 22805-22805 ishit.player.v2         com.fishit.player.v2                 W  Accessing hidden field Landroid/view/WindowManagerGlobal;->mViews:Ljava/util/ArrayList; (unsupported, reflection, allowed)
2026-01-30 08:30:42.993 22805-22805 ishit.player.v2         com.fishit.player.v2                 W  Accessing hidden field Landroid/app/ActivityThread;->mH:Landroid/app/ActivityThread$H; (unsupported, reflection, allowed)
2026-01-30 08:30:42.993 22805-22805 ishit.player.v2         com.fishit.player.v2                 W  Accessing hidden method Landroid/app/ActivityThread;->currentActivityThread()Landroid/app/ActivityThread; (unsupported, reflection, allowed)
2026-01-30 08:30:42.993 22805-22805 ishit.player.v2         com.fishit.player.v2                 W  Accessing hidden field Landroid/os/Handler;->mCallback:Landroid/os/Handler$Callback; (unsupported, reflection, allowed)
2026-01-30 08:30:42.993 22805-22805 ishit.player.v2         com.fishit.player.v2                 W  Accessing hidden field Landroid/util/Singleton;->mInstance:Ljava/lang/Object; (unsupported, reflection, allowed)
2026-01-30 08:30:42.993 22805-22805 ishit.player.v2         com.fishit.player.v2                 W  Accessing hidden method Landroid/util/Singleton;->get()Ljava/lang/Object; (unsupported, reflection, allowed)
2026-01-30 08:30:42.994 22805-22805 ishit.player.v2         com.fishit.player.v2                 W  Accessing hidden field Landroid/app/ActivityManager;->IActivityManagerSingleton:Landroid/util/Singleton; (unsupported, reflection, allowed)
2026-01-30 08:30:43.258 22805-22805 LeakCanaryConfig        com.fishit.player.v2                 W  Failed to configure LeakCanary: config
2026-01-30 08:30:43.260 22805-22805 DebugToolsInitializer   com.fishit.player.v2                 I  DebugToolsInitializer started (LeakCanary available=true)
2026-01-30 08:30:43.261 22805-22805 DebugBootstraps         com.fishit.player.v2                 I  Debug bootstraps started (DebugToolsInitializer)
2026-01-30 08:30:43.263 22805-22833 DebugToolsInitializer   com.fishit.player.v2                 W  Failed to configure LeakCanary: config
2026-01-30 08:30:43.264 22805-22833 DebugToolsInitializer   com.fishit.player.v2                 I  LeakCanary enabled=false (available=true)
2026-01-30 08:30:43.264 22805-22828 DebugToolsInitializer   com.fishit.player.v2                 I  Chucker enabled=false
2026-01-30 08:30:43.278 22805-22805 WM-PackageManagerHelper com.fishit.player.v2                 D  Skipping component enablement for androidx.work.impl.background.systemjob.SystemJobService
2026-01-30 08:30:43.278 22805-22805 WM-Schedulers           com.fishit.player.v2                 D  Created SystemJobScheduler and enabled SystemJobService
2026-01-30 08:30:43.281 22805-22835 WM-ForceStopRunnable    com.fishit.player.v2                 D  The default process name was not specified.
2026-01-30 08:30:43.283 22805-22805 FishItV2Application     com.fishit.player.v2                 I  WorkManager initialized
2026-01-30 08:30:43.283 22805-22835 WM-ForceStopRunnable    com.fishit.player.v2                 D  Performing cleanup operations.
2026-01-30 08:30:43.283 22805-22805 SourceActi...onObserver com.fishit.player.v2                 I  Starting activation observer
2026-01-30 08:30:43.284 22805-22805 TelegramAc...onObserver com.fishit.player.v2                 I  TelegramActivationObserver starting
2026-01-30 08:30:43.285 22805-22805 CatalogSyncBootstrap    com.fishit.player.v2                 I  Catalog sync bootstrap collection started
2026-01-30 08:30:43.286 22805-22829 TelegramAc...onObserver com.fishit.player.v2                 D  Auth state=Idle (initializing/in-progress) â†’ leaving activation unchanged
2026-01-30 08:30:43.289 22805-22805 OpenGLRenderer          com.fishit.player.v2                 D  HWUI - treat SMPTE_170M as sRGB
2026-01-30 08:30:43.289 22805-22828 CatalogSyncBootstrap    com.fishit.player.v2                 D  Source activation check: activeSources=[XTREAM], hasActive=true
2026-01-30 08:30:43.297   925-925   audit                   auditd                               E  type=1400 audit(1769758243.292:24282): avc:  denied  { ioctl } for  pid=22805 comm="WM.task-1" path="/data/data/com.fishit.player.v2/no_backup/androidx.work.workdb" dev="dm-52" ino=1573809 ioctlcmd=0xf522 scontext=u:r:untrusted_app:s0:c120,c257,c512,c768 tcontext=u:object_r:app_data_file:s0:c120,c257,c512,c768 tclass=file permissive=0 SEPF_SM-G991B_12_0001 audit_filtered
2026-01-30 08:30:43.315 22805-22835 WM-SystemJobScheduler   com.fishit.player.v2                 D  Reconciling jobs
2026-01-30 08:30:43.318 22805-22805 ishit.player.v2         com.fishit.player.v2                 E  Invalid resource ID 0x00000000.
2026-01-30 08:30:43.322 22805-22835 Compatibil...geReporter com.fishit.player.v2                 D  Compat change id reported: 160794467; UID 10376; state: ENABLED
2026-01-30 08:30:43.324 22805-22835 WM-ForceStopRunnable    com.fishit.player.v2                 D  Application was force-stopped, rescheduling.
2026-01-30 08:30:43.329 22805-22805 DecorView               com.fishit.player.v2                 I  setWindowBackground: isPopOver=false color=ff000000 d=android.graphics.drawable.ColorDrawable@199ffac
2026-01-30 08:30:43.332 22805-22805 PhoneWindow             com.fishit.player.v2                 D  forceLight changed to false [] from com.android.internal.policy.PhoneWindow.updateForceLightNavigationBar:4373 com.android.internal.policy.PhoneWindow.setNavigationBarColor:4064 androidx.activity.EdgeToEdgeApi29.setUp:312 androidx.activity.EdgeToEdge.enable:93 androidx.activity.EdgeToEdge.enable$default:71
2026-01-30 08:30:43.340 22805-22835 Compatibil...geReporter com.fishit.player.v2                 D  Compat change id reported: 194532703; UID 10376; state: ENABLED
2026-01-30 08:30:43.340 22805-22835 Compatibil...geReporter com.fishit.player.v2                 D  Compat change id reported: 253665015; UID 10376; state: ENABLED
2026-01-30 08:30:43.340 22805-22835 WM-SystemJobScheduler   com.fishit.player.v2                 D  Scheduling work ID cb159034-e17e-4810-b68b-a36bf6c0cfcdJob ID 5
2026-01-30 08:30:43.358 22805-22805 Compatibil...geReporter com.fishit.player.v2                 D  Compat change id reported: 237531167; UID 10376; state: DISABLED
2026-01-30 08:30:43.360 22805-22805 ishit.player.v2         com.fishit.player.v2                 W  Accessing hidden field Lcom/android/internal/policy/DecorView;->mWindow:Lcom/android/internal/policy/PhoneWindow; (unsupported, reflection, allowed)
2026-01-30 08:30:43.365 22805-22837 NativeCust...ncyManager com.fishit.player.v2                 D  [NativeCFMS] BpCustomFrequencyManager::BpCustomFrequencyManager()
2026-01-30 08:30:43.366 22805-22851 WM-PackageManagerHelper com.fishit.player.v2                 D  Skipping component enablement for androidx.work.impl.background.systemalarm.RescheduleReceiver
2026-01-30 08:30:43.374 22805-22805 InsetsController        com.fishit.player.v2                 I  onStateChanged: host=com.fishit.player.v2/com.fishit.player.v2.MainActivity, from=android.view.ViewRootImpl.setView:1753, state=InsetsState: {mDisplayFrame=Rect(0, 0 - 1080, 2400), mDisplayCutout=DisplayCutout{insets=Rect(0, 80 - 0, 0) waterfall=Insets{left=0, top=0, right=0, bottom=0} boundingRect={Bounds=[Rect(0, 0 - 0, 0), Rect(510, 0 - 570, 80), Rect(0, 0 - 0, 0), Rect(0, 0 - 0, 0)]} cutoutPathParserInfo={CutoutPathParserInfo{displayWidth=1080 displayHeight=2400 physicalDisplayWidth=1080 physicalDisplayHeight=2400 density={3.0} cutoutSpec={M 0,0 H -10 V 26.66666666666667 H 10 V 0 H 0 Z @dp} rotation={0} scale={1.0} physicalPixelDisplaySizeRatio={1.0}}}}, mRoundedCorners=RoundedCorners{[RoundedCorner{position=TopLeft, radius=90, center=Point(90, 90)}, RoundedCorner{position=TopRight, radius=90, center=Point(990, 90)}, RoundedCorner{position=BottomRight, radius=90, center=Point(990, 2310)}, RoundedCorner{position=BottomLeft, radius=90, center=Point(90, 2310)}]}  mRoundedCornerFrame=Rect(0, 0 - 1080, 2400), mPrivacyIndicatorBounds=PrivacyIndicatorBounds {static bounds=Rect(948, 0 - 1080, 80) rotation=0}, mDisplayShape=DisplayShape{ spec=-311912193 displayWidth=1080 displayHeight=2400 physicalPixelDisplaySizeRatio=1.0 rotation=0 offsetX=0 offsetY=0 scale=1.0}, mSources= { InsetsSource: {27 mType=displayCutout mFrame=[0,0][1080,80] mVisible=true mFlags=[]}, InsetsSource: {24df0000 mType=statusBars mFrame=[0,0][1080,80] mVisible=true mFlags=[]}, InsetsSource: {24df0005 mType=mandatorySystemGestures mFrame=[0,0][1080,116] mVisible=true mFlags=[]}, InsetsSource: {24df0006 mType=tappableElement mFrame=[0,0][1080,80] mVisible=true mFlags=[]}, InsetsSource: {68b60001 mType=navigationBars mFrame=[0,2256][1080,2400] mVisible=true mFlags=[]}, InsetsSource: {68b60004 mType=systemGestures mFrame=[0,0][0,0] mVisible=true mFlags=[]}, InsetsSource: {68b60005 mType=mandatorySystemGestures mFrame=[0,2256][1080,2400] mVisible=true mFlags=[]}, InsetsSource: {68b60006 mType=tappableElement mFrame=[0,2256][1080,2400] mVisible=true mFlags=[]}, InsetsSource: {68b60024 mType=systemGestures mFrame=[0,0][0,0] mVisible=true mFlags=[]} }
2026-01-30 08:30:43.376 22805-22805 ViewRootIm...nActivity] com.fishit.player.v2                 I  synced displayState. AttachInfo displayState=2
2026-01-30 08:30:43.376 22805-22805 ViewRootIm...nActivity] com.fishit.player.v2                 I  setView = com.android.internal.policy.DecorView@9feebba TM=true
2026-01-30 08:30:43.376 22805-22805 IDS_TAG                 com.fishit.player.v2                 I  Starting IDS observe window
2026-01-30 08:30:43.376 22805-22805 IDS_TAG                 com.fishit.player.v2                 I  Getting Shared Preference for com.fishit.player.v2.FishItV2Application@5c605e9 uid = 10376
2026-01-30 08:30:43.390 22805-22805 IDS_TAG                 com.fishit.player.v2                 I  App com.fishit.player.v2.FishItV2Application@5c605e9 has not finished training
2026-01-30 08:30:43.391 22805-22805 IDS_TAG                 com.fishit.player.v2                 I  Closing IDS observe window
2026-01-30 08:30:43.391 22805-22805 IDS_TAG                 com.fishit.player.v2                 I  Getting Shared Preference for com.fishit.player.v2.FishItV2Application@5c605e9 uid = 10376
2026-01-30 08:30:43.392 22805-22805 IDS_TAG                 com.fishit.player.v2                 I  IDS count updated to 2 for com.fishit.player.v2.FishItV2Application@5c605e9
2026-01-30 08:30:43.603 22805-22805 BLASTBufferQueue_Java   com.fishit.player.v2                 I  new BLASTBufferQueue, mName= ViewRootImpl@867ff29[MainActivity] mNativeObject= 0xb400007a14e43770 sc.mNativeObject= 0xb400007b04e3d590 caller= android.view.ViewRootImpl.updateBlastSurfaceIfNeeded:3028 android.view.ViewRootImpl.relayoutWindow:10131 android.view.ViewRootImpl.performTraversals:4110 android.view.ViewRootImpl.doTraversal:3288 android.view.ViewRootImpl$TraversalRunnable.run:11344 android.view.Choreographer$CallbackRecord.run:1689 android.view.Choreographer$CallbackRecord.run:1698 android.view.Choreographer.doCallbacks:1153 android.view.Choreographer.doFrame:1079 android.view.Choreographer$FrameDisplayEventReceiver.run:1646
2026-01-30 08:30:43.604 22805-22805 BLASTBufferQueue_Java   com.fishit.player.v2                 I  update, w= 1080 h= 2400 mName = ViewRootImpl@867ff29[MainActivity] mNativeObject= 0xb400007a14e43770 sc.mNativeObject= 0xb400007b04e3d590 format= -1 caller= android.graphics.BLASTBufferQueue.<init>:89 android.view.ViewRootImpl.updateBlastSurfaceIfNeeded:3028 android.view.ViewRootImpl.relayoutWindow:10131 android.view.ViewRootImpl.performTraversals:4110 android.view.ViewRootImpl.doTraversal:3288 android.view.ViewRootImpl$TraversalRunnable.run:11344
2026-01-30 08:30:43.604 22805-22805 ViewRootIm...nActivity] com.fishit.player.v2                 I  Relayout returned: old=(0,0,1080,2400) new=(0,0,1080,2400) relayoutAsync=false req=(1080,2400)0 dur=14 res=0x403 s={true 0xb400007994e73000} ch=true seqId=0
2026-01-30 08:30:43.605 22805-22805 ViewRootIm...nActivity] com.fishit.player.v2                 I  performConfigurationChange setNightDimText nightDimLevel=0
2026-01-30 08:30:43.606 22805-22805 ViewRootIm...nActivity] com.fishit.player.v2                 D  mThreadedRenderer.initialize() mSurface={isValid=true 0xb400007994e73000} hwInitialized=true
2026-01-30 08:30:43.613 22805-22805 ViewRootIm...nActivity] com.fishit.player.v2                 D  reportNextDraw android.view.ViewRootImpl.performTraversals:4718 android.view.ViewRootImpl.doTraversal:3288 android.view.ViewRootImpl$TraversalRunnable.run:11344 android.view.Choreographer$CallbackRecord.run:1689 android.view.Choreographer$CallbackRecord.run:1698
2026-01-30 08:30:43.613 22805-22805 ViewRootIm...nActivity] com.fishit.player.v2                 I  Setup new sync=wmsSync-ViewRootImpl@867ff29[MainActivity]#0
2026-01-30 08:30:43.614 22805-22805 ViewRootIm...nActivity] com.fishit.player.v2                 I  Creating new active sync group ViewRootImpl@867ff29[MainActivity]#1
2026-01-30 08:30:43.615 22805-22805 ViewRootIm...nActivity] com.fishit.player.v2                 I  registerCallbacksForSync syncBuffer=false
2026-01-30 08:30:43.620 22805-22857 ViewRootIm...nActivity] com.fishit.player.v2                 I  Received frameDrawingCallback syncResult=0 frameNum=1.
2026-01-30 08:30:43.620 22805-22857 ViewRootIm...nActivity] com.fishit.player.v2                 I  mWNT: t=0xb4000078e4e358b0 mBlastBufferQueue=0xb400007a14e43770 fn= 1 mRenderHdrSdrRatio=1.0 caller= android.view.ViewRootImpl$8.onFrameDraw:13841 android.view.ThreadedRenderer$1.onFrameDraw:792 <bottom of call stack>
2026-01-30 08:30:43.620 22805-22857 ViewRootIm...nActivity] com.fishit.player.v2                 I  Setting up sync and frameCommitCallback
2026-01-30 08:30:43.624 22805-22837 BLASTBufferQueue        com.fishit.player.v2                 I  [ViewRootImpl@867ff29[MainActivity]#0](f:0,a:0,s:0) onFrameAvailable the first frame is available
2026-01-30 08:30:43.624 22805-22837 ViewRootIm...nActivity] com.fishit.player.v2                 I  Received frameCommittedCallback lastAttemptedDrawFrameNum=1 didProduceBuffer=true
2026-01-30 08:30:43.625 22805-22837 OpenGLRenderer          com.fishit.player.v2                 D  CFMS:: SetUp Pid : 22805    Tid : 22837
2026-01-30 08:30:43.630 22805-22805 ViewRootIm...nActivity] com.fishit.player.v2                 I  reportDrawFinished seqId=0
2026-01-30 08:30:43.631 22805-22837 OpenGLRenderer          com.fishit.player.v2                 D  HWUI - treat SMPTE_170M as sRGB
2026-01-30 08:30:43.635 22805-22826 LeakCanary              com.fishit.player.v2                 D  LeakCanary is running and ready to detect memory leaks.
2026-01-30 08:30:43.641 22805-22805 InsetsSourceConsumer    com.fishit.player.v2                 I  applyRequestedVisibilityToControl: visible=true, type=navigationBars, host=com.fishit.player.v2/com.fishit.player.v2.MainActivity
2026-01-30 08:30:43.641 22805-22805 InsetsSourceConsumer    com.fishit.player.v2                 I  applyRequestedVisibilityToControl: visible=true, type=statusBars, host=com.fishit.player.v2/com.fishit.player.v2.MainActivity
2026-01-30 08:30:43.658 22805-22805 ViewRootIm...nActivity] com.fishit.player.v2                 I  handleWindowFocusChanged: 1 0 call from android.view.ViewRootImpl.-$$Nest$mhandleWindowFocusChanged:0
2026-01-30 08:30:43.659 22805-22805 ViewRootIm...nActivity] com.fishit.player.v2                 D  mThreadedRenderer.initializeIfNeeded()#2 mSurface={isValid=true 0xb400007994e73000}
2026-01-30 08:30:43.660 22805-22805 InputMethodManagerUtils com.fishit.player.v2                 D  startInputInner - Id : 0
2026-01-30 08:30:43.660 22805-22805 InputMethodManager      com.fishit.player.v2                 I  startInputInner - IInputMethodManagerGlobalInvoker.startInputOrWindowGainedFocus
2026-01-30 08:30:43.681 22805-22805 InputMethodManagerUtils com.fishit.player.v2                 D  startInputInner - Id : 0
2026-01-30 08:30:43.698 22805-22805 InsetsController        com.fishit.player.v2                 I  onStateChanged: host=com.fishit.player.v2/com.fishit.player.v2.MainActivity, from=android.view.ViewRootImpl$ViewRootHandler.handleMessageImpl:7209, state=InsetsState: {mDisplayFrame=Rect(0, 0 - 1080, 2400), mDisplayCutout=DisplayCutout{insets=Rect(0, 80 - 0, 0) waterfall=Insets{left=0, top=0, right=0, bottom=0} boundingRect={Bounds=[Rect(0, 0 - 0, 0), Rect(510, 0 - 570, 80), Rect(0, 0 - 0, 0), Rect(0, 0 - 0, 0)]} cutoutPathParserInfo={CutoutPathParserInfo{displayWidth=1080 displayHeight=2400 physicalDisplayWidth=1080 physicalDisplayHeight=2400 density={3.0} cutoutSpec={M 0,0 H -10 V 26.66666666666667 H 10 V 0 H 0 Z @dp} rotation={0} scale={1.0} physicalPixelDisplaySizeRatio={1.0}}}}, mRoundedCorners=RoundedCorners{[RoundedCorner{position=TopLeft, radius=90, center=Point(90, 90)}, RoundedCorner{position=TopRight, radius=90, center=Point(990, 90)}, RoundedCorner{position=BottomRight, radius=90, center=Point(990, 2310)}, RoundedCorner{position=BottomLeft, radius=90, center=Point(90, 2310)}]}  mRoundedCornerFrame=Rect(0, 0 - 1080, 2400), mPrivacyIndicatorBounds=PrivacyIndicatorBounds {static bounds=Rect(948, 0 - 1080, 80) rotation=0}, mDisplayShape=DisplayShape{ spec=-311912193 displayWidth=1080 displayHeight=2400 physicalPixelDisplaySizeRatio=1.0 rotation=0 offsetX=0 offsetY=0 scale=1.0}, mSources= { InsetsSource: {3 mType=ime mFrame=[0,0][0,0] mVisible=false mFlags=[]}, InsetsSource: {27 mType=displayCutout mFrame=[0,0][1080,80] mVisible=true mFlags=[]}, InsetsSource: {24df0000 mType=statusBars mFrame=[0,0][1080,80] mVisible=true mFlags=[]}, InsetsSource: {24df0005 mType=mandatorySystemGestures mFrame=[0,0][1080,116] mVisible=true mFlags=[]}, InsetsSource: {24df0006 mType=tappableElement mFrame=[0,0][1080,80] mVisible=true mFlags=[]}, InsetsSource: {68b60001 mType=navigationBars mFrame=[0,2256][1080,2400] mVisible=true mFlags=[]}, InsetsSource: {68b60004 mType=systemGestures mFrame=[0,0][0,0] mVisible=true mFlags=[]}, InsetsSource: {68b60005 mType=mandatorySystemGestures mFrame=[0,2256][1080,2400] mVisible=true mFlags=[]}, InsetsSource: {68b60006 mType=tappableElement mFrame=[0,2256][1080,2400] mVisible=true mFlags=[]}, InsetsSource: {68b60024 mType=systemGestures mFrame=[0,0][0,0] mVisible=true mFlags=[]} }
2026-01-30 08:30:43.699 22805-22805 InsetsSourceConsumer    com.fishit.player.v2                 I  applyRequestedVisibilityToControl: visible=false, type=ime, host=com.fishit.player.v2/com.fishit.player.v2.MainActivity
2026-01-30 08:30:43.793 22805-22814 ishit.player.v2         com.fishit.player.v2                 I  Compiler allocated 7198KB to compile void android.view.ViewRootImpl.performTraversals()
2026-01-30 08:30:44.024 22805-22805 NxHomeContentRepo       com.fishit.player.v2                 I  ğŸ¬ getMoviesPagingData() CALLED - Creating Movies PagingSource
2026-01-30 08:30:44.031 22805-22805 NxHomeContentRepo       com.fishit.player.v2                 I  ğŸ“º getSeriesPagingData() CALLED - Creating Series PagingSource
2026-01-30 08:30:44.034 22805-22805 HomeViewModel           com.fishit.player.v2                 I  ğŸ  HomeViewModel INIT - Creating content flows and paging sources
2026-01-30 08:30:44.211 22805-22850 Compatibil...geReporter com.fishit.player.v2                 D  Compat change id reported: 263076149; UID 10376; state: ENABLED
2026-01-30 08:30:44.252 22805-22805 NxHomeContentRepo       com.fishit.player.v2                 D  ğŸ¬ Movies PagingSource FACTORY invoked
2026-01-30 08:30:44.267 22805-22805 NxHomeContentRepo       com.fishit.player.v2                 D  ğŸ“º Series PagingSource FACTORY invoked
2026-01-30 08:30:44.355 22805-22805 WorkManage...teObserver com.fishit.player.v2                 I  Sync state: SUCCEEDED
2026-01-30 08:30:45.506 22805-22883 XtreamCredStore         com.fishit.player.v2                 I  Read stored config: scheme=http, host=konigtv.com, port=8080
2026-01-30 08:30:45.507 22805-22883 XtreamSessionBootstrap  com.fishit.player.v2                 I  Auto-initializing Xtream session from stored config: scheme=http, host=konigtv.com, port=8080
2026-01-30 08:30:45.509 22805-22883 XtreamApiClient         com.fishit.player.v2                 D  Initializing client for konigtv.com (forceDiscovery=false)
2026-01-30 08:30:45.509 22805-22883 XtreamApiClient         com.fishit.player.v2                 D  Resolved port: 8080
2026-01-30 08:30:45.530 22805-22827 XtreamApiClient         com.fishit.player.v2                 D  buildPlayerApiUrl: action=get_live_categories -> konigtv.com/player_api.php
2026-01-30 08:30:45.530 22805-22832 XtreamApiClient         com.fishit.player.v2                 D  buildPlayerApiUrl: action=get_series_categories -> konigtv.com/player_api.php
2026-01-30 08:30:45.537 22805-22881 XtreamApiClient         com.fishit.player.v2                 D  buildPlayerApiUrl: action=get_live_streams -> konigtv.com/player_api.php
2026-01-30 08:30:45.538 22805-22834 XtreamApiClient         com.fishit.player.v2                 D  buildPlayerApiUrl: action=get_vod_categories -> konigtv.com/player_api.php
2026-01-30 08:30:45.539 22805-22828 XtreamApiClient         com.fishit.player.v2                 D  buildPlayerApiUrl: action=get_series -> konigtv.com/player_api.php
2026-01-30 08:30:45.540 22805-22885 XtreamApiClient         com.fishit.player.v2                 D  buildPlayerApiUrl: action=get_movies_categories -> konigtv.com/player_api.php
2026-01-30 08:30:45.544 22805-22830 XtreamApiClient         com.fishit.player.v2                 D  buildPlayerApiUrl: action=get_movie_categories -> konigtv.com/player_api.php
2026-01-30 08:30:45.589 22805-22909 TrafficStats            com.fishit.player.v2                 D  tagSocket(88) with statsTag=0xffffffff, statsUid=-1
2026-01-30 08:30:45.669 22805-22910 TrafficStats            com.fishit.player.v2                 D  tagSocket(148) with statsTag=0xffffffff, statsUid=-1
2026-01-30 08:30:45.792 22805-22909 TrafficStats            com.fishit.player.v2                 D  tagSocket(153) with statsTag=0xffffffff, statsUid=-1
2026-01-30 08:30:45.889 22805-22827 XtreamApiClient         com.fishit.player.v2                 D  NetworkProbe: HTTP 200 for konigtv.com/player_api.php | bytes=1752 contentType=application/json
2026-01-30 08:30:45.897 22805-22827 XtreamApiClient         com.fishit.player.v2                 D  NetworkProbe: Manually decompressed gzip body for konigtv.com/player_api.php | original=1752 decompressed=11946
2026-01-30 08:30:45.905 22805-22830 XtreamApiClient         com.fishit.player.v2                 D  NetworkProbe: HTTP 200 for konigtv.com/player_api.php | bytes=713 contentType=application/json
2026-01-30 08:30:45.908 22805-22830 XtreamApiClient         com.fishit.player.v2                 D  NetworkProbe: Manually decompressed gzip body for konigtv.com/player_api.php | original=713 decompressed=3753
2026-01-30 08:30:46.055 22805-22834 XtreamApiClient         com.fishit.player.v2                 D  NetworkProbe: HTTP 200 for konigtv.com/player_api.php | bytes=1557 contentType=application/json
2026-01-30 08:30:46.068 22805-22834 XtreamApiClient         com.fishit.player.v2                 D  NetworkProbe: Manually decompressed gzip body for konigtv.com/player_api.php | original=1557 decompressed=10494
2026-01-30 08:30:46.245 22805-22885 XtreamApiClient         com.fishit.player.v2                 D  NetworkProbe: HTTP 200 for konigtv.com/player_api.php | bytes=259791 contentType=application/json
2026-01-30 08:30:46.346 22805-22834 XtreamApiClient         com.fishit.player.v2                 D  NetworkProbe: HTTP 200 for konigtv.com/player_api.php | bytes=321 contentType=application/json
2026-01-30 08:30:46.350 22805-22834 XtreamApiClient         com.fishit.player.v2                 D  NetworkProbe: Manually decompressed gzip body for konigtv.com/player_api.php | original=321 decompressed=458
2026-01-30 08:30:46.355 22805-22885 XtreamApiClient         com.fishit.player.v2                 D  NetworkProbe: Manually decompressed gzip body for konigtv.com/player_api.php | original=259791 decompressed=3288108
2026-01-30 08:30:46.407 22805-22832 XtreamApiClient         com.fishit.player.v2                 D  NetworkProbe: HTTP 200 for konigtv.com/player_api.php | bytes=321 contentType=application/json
2026-01-30 08:30:46.410 22805-22832 XtreamApiClient         com.fishit.player.v2                 D  NetworkProbe: Manually decompressed gzip body for konigtv.com/player_api.php | original=321 decompressed=458
2026-01-30 08:30:46.422 22805-22828 XtreamApiClient         com.fishit.player.v2                 D  buildPlayerApiUrl: action=get_short_epg -> konigtv.com/player_api.php
2026-01-30 08:30:46.559 22805-22828 XtreamApiClient         com.fishit.player.v2                 D  NetworkProbe: HTTP 200 for konigtv.com/player_api.php | bytes=39 contentType=application/json
2026-01-30 08:30:46.563 22805-22828 XtreamApiClient         com.fishit.player.v2                 D  NetworkProbe: Manually decompressed gzip body for konigtv.com/player_api.php | original=39 decompressed=19
2026-01-30 08:30:46.593 22805-22827 XtreamApiClient         com.fishit.player.v2                 D  NetworkProbe: HTTP 200 for konigtv.com/player_api.php | bytes=2043131 contentType=application/json
2026-01-30 08:30:46.879 22805-22827 XtreamApiClient         com.fishit.player.v2                 D  NetworkProbe: Manually decompressed gzip body for konigtv.com/player_api.php | original=2043131 decompressed=6214125
2026-01-30 08:30:47.134 22805-22815 ishit.player.v2         com.fishit.player.v2                 I  Background concurrent copying GC freed 99441(10035KB) AllocSpace objects, 61(27MB) LOS objects, 39% free, 36MB/60MB, paused 154us,79us total 166.002ms
2026-01-30 08:30:47.560 22805-22827 XtreamApiClient         com.fishit.player.v2                 D  buildPlayerApiUrl: action=null -> konigtv.com/player_api.php
2026-01-30 08:30:47.562 22805-22827 XtreamApiClient         com.fishit.player.v2                 D  getServerInfo: Fetching from konigtv.com/player_api.php
2026-01-30 08:30:47.630 22805-22827 XtreamApiClient         com.fishit.player.v2                 D  NetworkProbe: HTTP 200 for konigtv.com/player_api.php | bytes=321 contentType=application/json
2026-01-30 08:30:47.634 22805-22827 XtreamApiClient         com.fishit.player.v2                 D  NetworkProbe: Manually decompressed gzip body for konigtv.com/player_api.php | original=321 decompressed=458
2026-01-30 08:30:47.636 22805-22827 XtreamApiClient         com.fishit.player.v2                 D  getServerInfo: Received 458 bytes, parsing...
2026-01-30 08:30:47.646 22805-22827 XtreamApiClient         com.fishit.player.v2                 D  Server info retrieved: konigtv.com
2026-01-30 08:30:47.647 22805-22827 XtreamSessionBootstrap  com.fishit.player.v2                 I  Xtream session auto-initialization succeeded
2026-01-30 08:30:47.654 22805-22885 SourceActivationStore   com.fishit.player.v2                 I  Source activation changed: XTREAM -> Active
2026-01-30 08:30:48.292 22805-22885 CatalogSyncBootstrap    com.fishit.player.v2                 I  Catalog sync bootstrap triggered; activeSources=[XTREAM]
2026-01-30 08:30:48.294 22805-22885 CatalogSyncScheduler    com.fishit.player.v2                 D  Enqueueing AUTO sync
2026-01-30 08:30:48.311 22805-22885 CatalogSyncScheduler    com.fishit.player.v2                 D  Scheduling periodic incremental sync every 2 hours
2026-01-30 08:30:48.317 22805-22885 CatalogSyncScheduler    com.fishit.player.v2                 I  Periodic incremental sync scheduled: every 2 hours
2026-01-30 08:30:48.319 22805-22885 CatalogSyncBootstrap    com.fishit.player.v2                 I  Periodic incremental sync scheduled: every 2h
2026-01-30 08:30:48.346 22805-22851 WM-SystemJobScheduler   com.fishit.player.v2                 D  Scheduling work ID 3c6a7fe5-e88f-4bd6-99a6-23772859bfc3Job ID 6
2026-01-30 08:30:48.361 22805-22851 WM-GreedyScheduler      com.fishit.player.v2                 D  Starting work for 3c6a7fe5-e88f-4bd6-99a6-23772859bfc3
2026-01-30 08:30:48.366 22805-22805 WM-SystemJobService     com.fishit.player.v2                 D  onStartJob for WorkGenerationalId(workSpecId=3c6a7fe5-e88f-4bd6-99a6-23772859bfc3, generation=0)
2026-01-30 08:30:48.383 22805-22851 WM-GreedyScheduler      com.fishit.player.v2                 D  Cancelling work ID cb159034-e17e-4810-b68b-a36bf6c0cfcd
2026-01-30 08:30:48.402 22805-22851 WM-SystemJobScheduler   com.fishit.player.v2                 D  Scheduling work ID cb159034-e17e-4810-b68b-a36bf6c0cfcdJob ID 7
2026-01-30 08:30:48.417 22805-22851 WM-Processor            com.fishit.player.v2                 D  Processor: processing WorkGenerationalId(workSpecId=3c6a7fe5-e88f-4bd6-99a6-23772859bfc3, generation=0)
2026-01-30 08:30:48.421 22805-22851 WM-Processor            com.fishit.player.v2                 D  Work WorkGenerationalId(workSpecId=3c6a7fe5-e88f-4bd6-99a6-23772859bfc3, generation=0) is already enqueued for processing
2026-01-30 08:30:48.440 22805-22805 WM-WorkerWrapper        com.fishit.player.v2                 D  Starting work for com.fishit.player.v2.work.CatalogSyncOrchestratorWorker
2026-01-30 08:30:48.441 22805-22885 CatalogSyn...atorWorker com.fishit.player.v2                 I  START sync_run_id=70c2ed89-ba20-4961-8351-39cb5353be6d mode=auto
2026-01-30 08:30:48.441 22805-22805 WorkManage...teObserver com.fishit.player.v2                 D  Sync state: ENQUEUED | id=3c6a7fe5 | attempts=0 | tags=[catalog_sync, worker/CatalogSyncOrchestratorWorker, com.fishit.player.v2.work.CatalogSyncOrchestratorWorker, mode_auto]
2026-01-30 08:30:48.445 22805-22885 RuntimeGuards           com.fishit.player.v2                 D  Manual sync (auto) - skipping battery guard (level=85%)
2026-01-30 08:30:48.446 22805-22885 CatalogSyn...atorWorker com.fishit.player.v2                 I  Active sources check: [XTREAM] (isEmpty=false)
2026-01-30 08:30:48.447 22805-22885 CatalogSyn...atorWorker com.fishit.player.v2                 D  Active sources: [XTREAM] (TELEGRAM=false, XTREAM=true, IO=false)
2026-01-30 08:30:48.450 22805-22885 CatalogSyn...atorWorker com.fishit.player.v2                 D  Enqueued Xtream chain: work_name=catalog_sync_global_xtream policy=KEEP workers=2
2026-01-30 08:30:48.450 22805-22885 CatalogSyn...atorWorker com.fishit.player.v2                 D  Telegram not in active sources - skipping Telegram workers
2026-01-30 08:30:48.451 22805-22885 CatalogSyn...atorWorker com.fishit.player.v2                 D  ğŸ“Š WorkInfo chains enqueued:
                                                                                                      [XTREAM] work_name=catalog_sync_global_xtream â†’ ENQUEUED
                                                                                                      Use 'adb shell dumpsys jobscheduler' or WorkManager Inspector for detailed state
2026-01-30 08:30:48.452 22805-22885 CatalogSyn...atorWorker com.fishit.player.v2                 I  CHAINS_ENQUEUED duration_ms=11 policy=KEEP sources=XTREAM (downstream workers will report completion)
2026-01-30 08:30:48.490 22805-22850 WM-SystemJobScheduler   com.fishit.player.v2                 D  Scheduling work ID 43b7d1c3-7f6d-4d76-98dc-6a6d48dbb5f5Job ID 8
2026-01-30 08:30:48.510 22805-22850 WM-GreedyScheduler      com.fishit.player.v2                 D  Starting work for 43b7d1c3-7f6d-4d76-98dc-6a6d48dbb5f5
2026-01-30 08:30:48.514 22805-22850 WM-WorkerWrapper        com.fishit.player.v2                 I  Worker result SUCCESS for Work [ id=3c6a7fe5-e88f-4bd6-99a6-23772859bfc3, tags={ com.fishit.player.v2.work.CatalogSyncOrchestratorWorker,catalog_sync,mode_auto,worker/CatalogSyncOrchestratorWorker } ]
2026-01-30 08:30:48.524 22805-22850 WM-Processor            com.fishit.player.v2                 D  Processor: processing WorkGenerationalId(workSpecId=43b7d1c3-7f6d-4d76-98dc-6a6d48dbb5f5, generation=0)
2026-01-30 08:30:48.536 22805-22885 XtreamAuthRepoAdapter   com.fishit.player.v2                 D  connectionState -> Connected(baseUrl=http://konigtv.com:8080, latencyMs=2047) | domain=Connected
2026-01-30 08:30:48.537 22805-22885 XtreamAuthRepoAdapter   com.fishit.player.v2                 D  authState -> Authenticated(userInfo=XtreamUserInfo(username=Christoph10, status=ACTIVE, expDateEpoch=1797326326, maxConnections=1, activeConnections=0, isTrial=false, allowedFormats=[m3u8, ts], createdAt=1757512912, message=Welcome)) | domain=Authenticated
2026-01-30 08:30:48.538 22805-22885 Compatibil...geReporter com.fishit.player.v2                 D  Compat change id reported: 247079863; UID 10376; state: ENABLED
2026-01-30 08:30:48.548 22805-22805 WM-SystemJobService     com.fishit.player.v2                 D  onStartJob for WorkGenerationalId(workSpecId=43b7d1c3-7f6d-4d76-98dc-6a6d48dbb5f5, generation=0)
2026-01-30 08:30:48.551 22805-22805 WorkManage...teObserver com.fishit.player.v2                 D  Sync state: RUNNING | id=3c6a7fe5 | attempts=1 | tags=[catalog_sync, worker/CatalogSyncOrchestratorWorker, com.fishit.player.v2.work.CatalogSyncOrchestratorWorker, mode_auto]
2026-01-30 08:30:48.552 22805-22805 WM-Processor            com.fishit.player.v2                 D  Processor 3c6a7fe5-e88f-4bd6-99a6-23772859bfc3 executed; reschedule = false
2026-01-30 08:30:48.552 22805-22805 WM-SystemJobService     com.fishit.player.v2                 D  3c6a7fe5-e88f-4bd6-99a6-23772859bfc3 executed on JobScheduler
2026-01-30 08:30:48.552 22805-22851 WM-Processor            com.fishit.player.v2                 D  Work WorkGenerationalId(workSpecId=43b7d1c3-7f6d-4d76-98dc-6a6d48dbb5f5, generation=0) is already enqueued for processing
2026-01-30 08:30:48.554 22805-22805 WM-WorkerWrapper        com.fishit.player.v2                 D  Starting work for com.fishit.player.v2.work.XtreamPreflightWorker
2026-01-30 08:30:48.556 22805-22885 XtreamPreflightWorker   com.fishit.player.v2                 I  START sync_run_id=70c2ed89-ba20-4961-8351-39cb5353be6d mode=auto source=XTREAM attempt=0/5
2026-01-30 08:30:48.558 22805-22885 RuntimeGuards           com.fishit.player.v2                 D  Manual sync (auto) - skipping battery guard (level=85%)
2026-01-30 08:30:48.559 22805-22885 XtreamPreflightWorker   com.fishit.player.v2                 I  SUCCESS duration_ms=4 (credentials valid)
2026-01-30 08:30:48.563 22805-22851 WM-GreedyScheduler      com.fishit.player.v2                 D  Cancelling work ID 3c6a7fe5-e88f-4bd6-99a6-23772859bfc3
2026-01-30 08:30:48.565 22805-22805 WM-SystemJobService     com.fishit.player.v2                 D  onStopJob for WorkGenerationalId(workSpecId=3c6a7fe5-e88f-4bd6-99a6-23772859bfc3, generation=0)
2026-01-30 08:30:48.575 22805-22851 WM-WorkerWrapper        com.fishit.player.v2                 I  Worker result SUCCESS for Work [ id=43b7d1c3-7f6d-4d76-98dc-6a6d48dbb5f5, tags={ com.fishit.player.v2.work.XtreamPreflightWorker,catalog_sync,source_xtream,worker/XtreamPreflightWorker } ]
2026-01-30 08:30:48.577 22805-22851 WM-WorkerWrapper        com.fishit.player.v2                 I  Setting status to enqueued for a8a8eccb-0993-4cf6-8fd4-b6c4b6be36a6
2026-01-30 08:30:48.580 22805-22805 WM-Processor            com.fishit.player.v2                 D  Processor 43b7d1c3-7f6d-4d76-98dc-6a6d48dbb5f5 executed; reschedule = false
2026-01-30 08:30:48.581 22805-22805 WM-SystemJobService     com.fishit.player.v2                 D  43b7d1c3-7f6d-4d76-98dc-6a6d48dbb5f5 executed on JobScheduler
2026-01-30 08:30:48.593 22805-22805 WorkManage...teObserver com.fishit.player.v2                 I  Sync state: SUCCEEDED
2026-01-30 08:30:48.594 22805-22851 WM-GreedyScheduler      com.fishit.player.v2                 D  Cancelling work ID 43b7d1c3-7f6d-4d76-98dc-6a6d48dbb5f5
2026-01-30 08:30:48.596 22805-22805 ishit.player.v2         com.fishit.player.v2                 W  Accessing hidden field Landroid/app/ActivityThread;->mServices:Landroid/util/ArrayMap; (unsupported, reflection, allowed)
2026-01-30 08:30:48.598 22805-22805 LeakCanary              com.fishit.player.v2                 D  Watching instance of androidx.work.impl.background.systemjob.SystemJobService (androidx.work.impl.background.systemjob.SystemJobService received Service#onDestroy() callback) with key d29b8ae5-f7dc-44e3-97ea-67fa13b7dd06
2026-01-30 08:30:48.609 22805-22851 WM-SystemJobScheduler   com.fishit.player.v2                 D  Scheduling work ID a8a8eccb-0993-4cf6-8fd4-b6c4b6be36a6Job ID 9
2026-01-30 08:30:48.630 22805-22851 WM-GreedyScheduler      com.fishit.player.v2                 D  Starting work for a8a8eccb-0993-4cf6-8fd4-b6c4b6be36a6
2026-01-30 08:30:48.642 22805-22851 WM-Processor            com.fishit.player.v2                 D  Processor: processing WorkGenerationalId(workSpecId=a8a8eccb-0993-4cf6-8fd4-b6c4b6be36a6, generation=0)
2026-01-30 08:30:48.687 22805-22805 WM-SystemJobService     com.fishit.player.v2                 D  onStartJob for WorkGenerationalId(workSpecId=a8a8eccb-0993-4cf6-8fd4-b6c4b6be36a6, generation=0)
2026-01-30 08:30:48.687 22805-22805 WM-WorkerWrapper        com.fishit.player.v2                 D  Starting work for com.fishit.player.v2.work.XtreamCatalogScanWorker
2026-01-30 08:30:48.696 22805-22851 WM-Processor            com.fishit.player.v2                 D  Work WorkGenerationalId(workSpecId=a8a8eccb-0993-4cf6-8fd4-b6c4b6be36a6, generation=0) is already enqueued for processing
2026-01-30 08:30:48.697 22805-22832 XtreamCatalogScanWorker com.fishit.player.v2                 I  START sync_run_id=70c2ed89-ba20-4961-8351-39cb5353be6d mode=auto source=XTREAM scope=INCREMENTAL runtimeBudgetMs=900000 checkpoint=xtream|v=2|phase=VOD_LIST|offset=0
2026-01-30 08:30:48.700 22805-22832 RuntimeGuards           com.fishit.player.v2                 D  Manual sync (auto) - skipping battery guard (level=85%)
2026-01-30 08:30:48.701 22805-22832 XtreamCatalogScanWorker com.fishit.player.v2                 D  Catalog sync: includeVod=true includeSeries=true includeEpisodes=false (lazy) includeLive=true scope=INCREMENTAL enhanced=true
2026-01-30 08:30:48.702 22805-22832 XtreamCatalogScanWorker com.fishit.player.v2                 I  Using ENHANCED sync: live=600 movies=400 series=200 timeFlush=true
2026-01-30 08:30:48.704 22805-22832 CatalogSyncService      com.fishit.player.v2                 I  Starting enhanced Xtream sync: live=true, vod=true, series=true, episodes=false, excludeSeriesIds=0, episodeParallelism=4, canonical_linking=false
2026-01-30 08:30:48.705 22805-22832 XtreamCatalogScanWorker com.fishit.player.v2                 D  Enhanced catalog sync started
2026-01-30 08:30:48.714 22805-22832 XtreamCatalogPipeline   com.fishit.player.v2                 I  Starting Xtream catalog scan: vod=true, series=true, episodes=false, live=true
2026-01-30 08:30:48.715 22805-22885 CatalogSyncService      com.fishit.player.v2                 D  Enhanced scan started
2026-01-30 08:30:48.715 22805-22828 XtreamCatalogPipeline   com.fishit.player.v2                 D  [LIVE] Starting parallel scan (streaming-first)...
2026-01-30 08:30:48.716 22805-22834 XtreamCatalogPipeline   com.fishit.player.v2                 D  [VOD] Starting parallel scan (streaming-first)...
2026-01-30 08:30:48.716 22805-22832 XtreamCatalogPipeline   com.fishit.player.v2                 D  [SERIES] Starting parallel scan (streaming-first, episodes deferred)...
2026-01-30 08:30:48.725 22805-22828 XtreamApiClient         com.fishit.player.v2                 D  buildPlayerApiUrl: action=get_live_streams -> konigtv.com/player_api.php
2026-01-30 08:30:48.725 22805-22832 XtreamApiClient         com.fishit.player.v2                 D  buildPlayerApiUrl: action=get_series -> konigtv.com/player_api.php
2026-01-30 08:30:48.725 22805-22834 XtreamApiClient         com.fishit.player.v2                 D  buildPlayerApiUrl: action=get_vod_streams -> konigtv.com/player_api.php
2026-01-30 08:30:48.944 22805-22828 XtreamApiClient         com.fishit.player.v2                 D  StreamingFetch: Success for konigtv.com/player_api.php, streaming response
2026-01-30 08:30:48.946 22805-22828 XtreamApiClient         com.fishit.player.v2                 D  streamFromUrl PREVIEW (500 bytes): ï¿½????????????ï¿½ï¿½ï¿½MOï¿½@ï¿½Bï¿½Lï¿½^Bï¿½ï¿½xï¿½`ï¿½Æƒï¿½ï¿½uw
                                                                                                    $ï¿½ï¿½İ…ï¿½ï¿½ï¿½ï¿½ï¿½5ï¿½ï¿½=ï¿½ï¿½03ox^ï¿½ï¿½ï¿½&ï¿½ï¿½ï¿½ï¿½pï¿½Sï¿½ï¿½nKd$ï¿½qï¿½>ï¿½~ï¿½ß—ï¿½ï¿½ï¿½L$ï¿½??ï¿½ï¿½jİï¿½ï¿½jï¿½Ã°b(ï¿½\Fï¿½	mï¿½ï¿½ï¿½Ju2ï¿½ï¿½ï¿½.ï¿½ï¿½ï¿½ï¿½@jï¿½mï¿½ï¿½lï¿½]ï¿½@Ç§^IZï¿½jRX/ï¿½eèŠœï¿½ï¿½sï¿½ï¿½ï¿½kï¿½@7ï¿½ï¿½ï¿½ï¿½>Æï¿½Rï¿½ï¿½hï¿½zï¿½!×›ï¿½ï¿½^ï¿½ï¿½ï¿½ï¿½4Ò½r"h9~uì˜ˆUï¿½ï¿½eï¿½
                                                                                                    ?9ï¿½Qï¿½ï¿½Î‡ï¿½ï¿½ï¿½ï¿½ï¿½Iï¿½ï¿½ï¿½Hï¿½ï¿½Vï¿½:ï¿½ï¿½ï¿½ï¿½uï¿½!ï¿½ï¿½/<ï¿½fï¿½ï¿½{"<Ã:Nï¿½_Dï¿½ï¿½srwï¿½ï¿½Rï¿½[ï¿½rï¿½ï¿½kï¿½G.ï¿½ï¿½ï¿½.ï¿½sï¿½ï¿½Pï¿½)ï¿½ï¿½ï¿½>ryï¿½ï¿½ï¿½Wï¿½????ï¿½ï¿½Ôš]sï¿½:ï¿½ï¿½ï¿½ï¿½ï¿½ï¿½sï¿½ï¿½Kï¿½Oï¿½dlï¿½4ï¿½S@ï¿½0ï¿½ï¿½ï¿½ï¿½ï¿½ï¿½ï¿½ï¿½ï¿½+e*ï¿½-zï¿½5ï¿½ï¿½ï¿½Õ¦:Xï¿½ï¿½.ï¿½ï¿½u4ï¿½Rï¿½ï¿½dï¿½$Ï·ï¿½ï¿½C
                                                                                                    ï¿½ï¿½@YKï¿½	9ï¿½Èï¿½ï¿½<}Y<9)ï¿½ï¿½Mï¿½ï¿½ï¿½lpw6ï¿½ï¿½ï¿½8:_ï¿½_!lLY6ï¿½ï¿½Mï¿½ï¿½;kï¿½ï¿½[ï¿½@ï¿½4
2026-01-30 08:30:48.994 22805-22914 ProfileInstaller        com.fishit.player.v2                 D  Installing profile for com.fishit.player.v2
2026-01-30 08:30:49.051 22805-22828 XtreamApiClient         com.fishit.player.v2                 D  buildPlayerApiUrl: action=get_live_streams -> konigtv.com/player_api.php
2026-01-30 08:30:49.124 22805-22834 XtreamApiClient         com.fishit.player.v2                 D  StreamingFetch: Success for konigtv.com/player_api.php, streaming response
2026-01-30 08:30:49.126 22805-22834 XtreamApiClient         com.fishit.player.v2                 D  streamFromUrl PREVIEW (500 bytes): ï¿½????????????ï¿½ï¿½TMoï¿½6ï¿½+ï¿½ï¿½?#;ï¿½oNï¿½ï¿½Aï¿½ï¿½]ï¿½Iï¿½ï¿½Bï¿½ï¿½ï¿½Ä˜"ï¿½C2Yï¿½ï¿½ï¿½PNï¿½zï¿½ï¿½"gï¿½Í›7ï¿½|ï¿½#Ò¾ï¿½ï¿½ï¿½8Ò¢ï¿½hİ‰Rï¿½ï¿½Å‚ï¿½	:Dqdï¿½$ï¿½Lï¿½ï¿½rï¿½$ï¿½Yï¿½$vmï¿½ï¿½ï¿½2ï¿½#ÙŠï¿½ï¿½-ï¿½:ï¿½tÔ¥ï¿½ï¿½ï¿½xï¿½	]fï¿½ï¿½ï¿½hï¿½ï¿½44ï¿½pï¿½ï¿½Õ‡ï¿½ï¿½ï¿½ï¿½ï¿½ï¿½xï¿½ï¿½ï¿½=ï¿½ï¿½~iï¿½ï¿½ï¿½9aï¿½ï¿½cï¿½{Q4%ï¿½pï¿½ï¿½Qï¿½ï¿½ï¿½+ï¿½ï¿½ Bï¿½Qï¿½ï¿½%ï¿½Hpuï¿½ï¿½kï¿½QC#\{ï¿½ï¿½Cï¿½2|Eï¿½KV&Å¡ï¿½R×¼ï¿½+[Paï¿½Û—ï¿½ï¿½F??ï¿½ï¿½Fï¿½Rï¿½CSï¿½ï¿½ï¿½`g^ï¿½'ï¿½ï¿½Lï¿½ï¿½zb\ï¿½3mï¿½Vï¿½ï¿½f,ï¿½ï¿½g,ï¿½.="lï¿½ï¿½Hï¿½ï¿½ï¿½ï¿½(_ï¿½ï¿½"ï¿½ï¿½Ó±ï¿½Hï¿½.Tï¿½ï¿½`ï¿½Cï¿½Bï¿½J-ï¿½ckï¿½xd3ï¿½kï¿½['DX_ï¿½ï¿½Uï¿½=ï¿½ğ­…Ÿz9ï¿½ÌŠÑ’ï¿½ï¿½ÛŠï¿½Ñ¿Uï¿½ï¿½ï¿½Hï¿½ï¿½:ï¿½ï¿½8ï¿½ï¿½ï¿½ï¿½ï¿½&Qï¿½Z(gtï¿½Tï¿½Gï¿½ï¿½ï¿½ï¿½ï¿½vï¿½ï¿½ï¿½ï¿½ï¿½Jï¿½ï¿½$ï¿½dï¿½ï¿½8$8ï¿½pO>Tï¿½Nï¿½!ï¿½uï¿½Fï¿½ï¿½IWÅ´5hï¿½C'ï¿½3Jï¿½^ï¿½kï¿½ï¿½ï¿½ï¿½ï¿½xrï¿½Cï¿½"ï¿½ï¿½
2026-01-30 08:30:49.239 22805-22834 XtreamApiClient         com.fishit.player.v2                 D  buildPlayerApiUrl: action=get_series -> konigtv.com/player_api.php
2026-01-30 08:30:49.251 22805-22910 TrafficStats            com.fishit.player.v2                 D  tagSocket(123) with statsTag=0xffffffff, statsUid=-1
2026-01-30 08:30:49.296 22805-22828 XtreamApiClient         com.fishit.player.v2                 D  StreamingFetch: Success for konigtv.com/player_api.php, streaming response
2026-01-30 08:30:49.298 22805-22828 XtreamApiClient         com.fishit.player.v2                 D  streamFromUrl PREVIEW (500 bytes): ï¿½????????????ï¿½ï¿½ï¿½[oï¿½0ï¿½bqï¿½(Åœrï¿½Cï¿½nï¿½9T!ï¿½iï¿½"ï¿½ï¿½*ï¿½ï¿½8iï¿½iï¿½}@Ò´ï¿½*ï¿½ï¿½ï¿½ï¿½+jï¿½
                                                                                                    ï¿½Gï¿½Wï¿½ï¿½ï¿½ï¿½hJ]Ø"bï¿½+MWï¿½ï¿½VA~ï¿½wcwiï¿½ï¿½~ï¿½Wï¿½Kï¿½mï¿½>ï¿½J)aï¿½pÆ¶ï¿½ï¿½yYï¿½×›Ä—ï¿½mï¿½ï¿½ï¿½;^ï¿½ï¿½cË¤;=ï¿½ï¿½ï¿½)ï¿½ï¿½ï¿½ï¿½ï¿½"^ï¿½ï¿½ï¿½ï¿½>Oï¿½|<=[àµ—ï¿½ï¿½bï¿½ï¿½xĞ¼ï¿½ï¿½ï¿½ï¿½ï¿½r>ï¿½(ï¿½pï¿½?>ZACBï¿½ï¿½Ó†YSuU×•4ï¿½!ï¿½ï¿½1ï¿½ï¿½9	*ï¿½ï¿½ï¿½*aq8Kï¿½[iï¿½ï¿½gï¿½zï¿½ì­»rCï¿½	ï¿½ï¿½%ï¿½zï¿½}bï¿½(b$ï¿½ï¿½ï¿½ÆR9Pï¿½ï¿½.ï¿½.ï¿½ï¿½ï¿½d'wï¿½ï¿½.ï¿½ï¿½ï¿½J0Mï¿½Zï¿½ï¿½Hï¿½ï¿½M?ï¿½@ï¿½wtM1dYï¿½[Djï¿½ï¿½wÎƒÓ©ï¿½ï¿½ï¿½?ï¿½ï¿½ï¿½İ¢]ï¿½ï¿½ï¿½xï¿½ï¿½pQï¿½.ï¿½e.iï¿½hï¿½ï¿½rIcï¿½ï¿½{ï¿½ï¿½ï¿½ï¿½:K'ï¿½heFiï¿½%ï¿½ï¿½0yï¿½mï¿½ï¿½Hï¿½1ï¿½ï¿½ï¿½092ï¿½ï¿½Bï¿½ï¿½ï¿½kNï¿½ï¿½ï¿½Gï¿½Ê“ ï¿½lï¿½ï¿½/ï¿½ï¿½ï¿½ï¿½Hï¿½tï¿½itï¿½F7<6ZUï¿½uï¿½)ï¿½Iï¿½EÏšNï¿½ï¿½ï¿½ï¿½??ï¿½$Jxxï¿½ï¿½<ï¿½ï¿½p8ï¿½)Aï¿½NP~_ï¿½[``ï¿½pM#ï¿½Fï¿½nï¿½hï¿½9Rï¿½wï¿½<
2026-01-30 08:30:49.359 22805-22828 XtreamApiClient         com.fishit.player.v2                 D  buildPlayerApiUrl: action=get_live_streams -> konigtv.com/player_api.php
2026-01-30 08:30:49.549 22805-22834 XtreamApiClient         com.fishit.player.v2                 D  StreamingFetch: Success for konigtv.com/player_api.php, streaming response
2026-01-30 08:30:49.552 22805-22834 XtreamApiClient         com.fishit.player.v2                 D  streamFromUrl PREVIEW (500 bytes): ï¿½????????????ï¿½ï¿½Zksï¿½ï¿½ï¿½+*ï¿½É¹eŞ|ï¿½ï¿½cÇ¾ï¿½J	Ztï¿½İ­ï¿½j5ï¿½ï¿½ï¿½ï¿½Rï¿½ï¿½c'7ï¿½'Uï¿½ï¿½~è±µï¿½ï¿½koï¿½_ï¿½ï¿½ï¿½ï¿½xï¿½KiwGï¿½Xï¿½|ï¿½pï¿½ï¿½l,fZï¿½ï¿½;ï¿½;ï¿½ï¿½Rï¿½ß¥ï¿½ï¿½Pï¿½ï¿½ï¿½Yï¿½ï¿½ï¿½,ï¿½/ï¿½>ï¿½,cï¿½={Ó½Dï¿½ï¿½>ï¿½oï¿½ï¿½>ï¿½ï¿½ï¿½ï¿½wï¿½ï¿½ï¿½A_ï¿½"5ï¿½ï¿½ï¿½kï¿½5ï¿½ï¿½w.nï¿½ï¿½Uï¿½êº¯ï¿½ï¿½ï¿½Aï¿½ï¿½wï¿½ï¿½ï¿½ï¿½"Jï¿½ï¿½Yï¿½ï¿½ï¿½ï¿½"ï¿½ï¿½Sa6ï¿½ï¿½'ï¿½c2Ğ‚ï¿½pï¿½aï¿½ï¿½THï¿½	ï¿½ï¿½ï¿½ÚŒgs_ï¿½b*ï¿½ï¿½eaï¿½ï¿½,ï¿½ï¿½0ï¿½ï¿½ï¿½>1(ï¿½ï¿½XW*ï¿½lï¿½;Bï¿½ï¿½ï¿½Bï¿½ï¿½6ï¿½hï¿½	ï¿½;à±ŒpMï¿½oYï¿½8ï¿½ï¿½aï¿½2ï¿½ï¿½#ï¿½ï¿½Eï¿½fï¿½ï¿½ï¿½$ï¿½ï¿½ï¿½vï¿½ï¿½ï¿½)ï¿½ï¿½qRv'ï¿½]{ï¿½ï¿½ï¿½ï¿½ï¿½bFs_ï¿½ï¿½??_ï¿½ï¿½ßˆï¿½ï¿½ï¿½ï¿½dzcgï¿½cC3Dgï¿½ï¿½Qï¿½ï¿½\ï¿½X*ï¿½Ü¥'ï¿½pï¿½}ï¿½Æ†sï¿½\&ï¿½ï¿½cï¿½Yï¿½Yï¿½ï¿½Ôš#Ä¨`%ï¿½ï¿½lï¿½Ç»B+ï¿½ï¿½ï¿½ï¿½)ï¿½W\aï¿½_ï¿½ï¿½gï¿½ï¿½cï¿½ï¿½ï¿½ï¿½c]ï¿½Dï¿½ï¿½ï¿½Mï¿½VH~ï¿½&ï¿½ï¿½ï¿½GTS	S:ï¿½`M
                                                                                                    WhGsï¿½ï¿½Eï¿½3ï¿½ï¿½qoSwï¿½ï¿½ï¿½
2026-01-30 08:30:49.591 22805-22828 XtreamApiClient         com.fishit.player.v2                 D  StreamingFetch: Success for konigtv.com/player_api.php, streaming response
2026-01-30 08:30:49.594 22805-22828 XtreamApiClient         com.fishit.player.v2                 D  streamFromUrl PREVIEW (500 bytes): ï¿½????????????ï¿½ï¿½kWIï¿½ï¿½ï¿½Uï¿½ï¿½ï¿½ï¿½yfï¿½ï¿½ï¿½~ï¿½wï¿½Ñ…ï¿½ï¿½iï¿½ï¿½Zï¿½
