2026-01-30 15:37:15.609 17893-17893 InsetsController        com.fishit.player.v2                 I  controlAnimationUncheckedInner: Added types=ime, animType=1, host=com.fishit.player.v2/com.fishit.player.v2.MainActivity, from=android.view.InsetsController.controlAnimationUnchecked:1449 android.view.InsetsController.applyAnimation:2005 android.view.InsetsController.applyAnimation:1968
2026-01-30 15:37:15.609 17893-17893 InputMethodManagerUtils com.fishit.player.v2                 D  startInputInner - Id : 0
2026-01-30 15:37:15.610 17893-17893 InputMethodManager      com.fishit.player.v2                 I  startInputInner - IInputMethodManagerGlobalInvoker.startInputOrWindowGainedFocus
2026-01-30 15:37:15.623 17893-17933 ViewRootIm...nActivity] com.fishit.player.v2                 I  Resizing android.view.ViewRootImpl@12eb0f0: frame = [0,0][1080,2400] reportDraw = false forceLayout = false syncSeqId = -1
2026-01-30 15:37:15.629 17893-17893 RemoteInpu...ectionImpl com.fishit.player.v2                 W  requestCursorAnchorInfo on inactive InputConnection
2026-01-30 15:37:15.630 17893-17893 ImeTracker              com.fishit.player.v2                 I  com.fishit.player.v2:463dce55: onCancelled at PHASE_CLIENT_APPLY_ANIMATION
2026-01-30 15:37:15.633 17893-17893 InsetsController        com.fishit.player.v2                 I  onStateChanged: host=com.fishit.player.v2/com.fishit.player.v2.MainActivity, from=android.view.ViewRootImpl$ViewRootHandler.handleMessageImpl:7209, state=InsetsState: {mDisplayFrame=Rect(0, 0 - 1080, 2400), mDisplayCutout=DisplayCutout{insets=Rect(0, 80 - 0, 0) waterfall=Insets{left=0, top=0, right=0, bottom=0} boundingRect={Bounds=[Rect(0, 0 - 0, 0), Rect(510, 0 - 570, 80), Rect(0, 0 - 0, 0), Rect(0, 0 - 0, 0)]} cutoutPathParserInfo={CutoutPathParserInfo{displayWidth=1080 displayHeight=2400 physicalDisplayWidth=1080 physicalDisplayHeight=2400 density={3.0} cutoutSpec={M 0,0 H -10 V 26.66666666666667 H 10 V 0 H 0 Z @dp} rotation={0} scale={1.0} physicalPixelDisplaySizeRatio={1.0}}}}, mRoundedCorners=RoundedCorners{[RoundedCorner{position=TopLeft, radius=90, center=Point(90, 90)}, RoundedCorner{position=TopRight, radius=90, center=Point(990, 90)}, RoundedCorner{position=BottomRight, radius=90, center=Point(990, 2310)}, RoundedCorner{position=BottomLeft, radius=90, center=Point(90, 2310)}]}  mRoundedCornerFrame=Rect(0, 0 - 1080, 2400), mPrivacyIndicatorBounds=PrivacyIndicatorBounds {static bounds=Rect(948, 0 - 1080, 80) rotation=0}, mDisplayShape=DisplayShape{ spec=-311912193 displayWidth=1080 displayHeight=2400 physicalPixelDisplaySizeRatio=1.0 rotation=0 offsetX=0 offsetY=0 scale=1.0}, mSources= { InsetsSource: {3 mType=ime mFrame=[0,2256][1080,2400] mVisible=false mFlags=[]}, InsetsSource: {27 mType=displayCutout mFrame=[0,0][1080,80] mVisible=true mFlags=[]}, InsetsSource: {24df0000 mType=statusBars mFrame=[0,0][1080,80] mVisible=true mFlags=[]}, InsetsSource: {24df0005 mType=mandatorySystemGestures mFrame=[0,0][1080,116] mVisible=true mFlags=[]}, InsetsSource: {24df0006 mType=tappableElement mFrame=[0,0][1080,80] mVisible=true mFlags=[]}, InsetsSource: {68b60001 mType=navigationBars mFrame=[0,2256][1080,2400] mVisible=true mFlags=[]}, InsetsSource: {68b60004 mType=systemGestures mFrame=[0,0][0,0] mVisible=true mFlags=[]}, InsetsSource: {68b60005 mType=mandatorySystemGestures mFrame=[0,2256][1080,2400] mVisible=true mFlags=[]}, InsetsSource: {68b60006 mType=tappableElement mFrame=[0,2256][1080,2400] mVisible=true mFlags=[]}, InsetsSource: {68b60024 mType=systemGestures mFrame=[0,0][0,0] mVisible=true mFlags=[]} }
2026-01-30 15:37:15.634 17893-17893 InsetsSourceConsumer    com.fishit.player.v2                 I  applyRequestedVisibilityToControl: visible=true, type=navigationBars, host=com.fishit.player.v2/com.fishit.player.v2.MainActivity
2026-01-30 15:37:15.636 17893-17893 WindowOnBackDispatcher  com.fishit.player.v2                 W  sendCancelIfRunning: isInProgress=falsecallback=ImeCallback=ImeOnBackInvokedCallback@162403614 Callback=android.window.IOnBackInvokedCallback$Stub$Proxy@d79964e
2026-01-30 15:37:15.638 17893-17893 ViewRootIm...nActivity] com.fishit.player.v2                 I  handleResized, msg = 4 frames=ClientWindowFrames{frame=[0,0][1080,2400] display=[0,0][1080,2400] parentFrame=[0,0][0,0]} forceNextWindowRelayout=false displayId=0 dragResizing=false compatScale=1.0 frameChanged=false attachedFrameChanged=false configChanged=false displayChanged=false compatScaleChanged=false
2026-01-30 15:37:15.640 17893-17893 InsetsController        com.fishit.player.v2                 I  cancelAnimation: types=ime, animType=1, host=com.fishit.player.v2/com.fishit.player.v2.MainActivity, from=android.view.InsetsController.notifyFinished:1748 android.view.InsetsAnimationThreadControlRunner$1.lambda$notifyFinished$0:85 android.view.InsetsAnimationThreadControlRunner$1.$r8$lambda$RAf1SfIREsj9-wH5FOigMy6eLkM:0
2026-01-30 15:37:15.641 17893-17893 ImeTracker              com.fishit.player.v2                 I  com.fishit.player.v2:91b054d5: onRequestHide at ORIGIN_CLIENT_HIDE_SOFT_INPUT reason HIDE_SOFT_INPUT_BY_INSETS_API
2026-01-30 15:37:15.641 17893-17893 InputMethodManager_LC   com.fishit.player.v2                 I  notifyImeHidden: IInputMethodManagerGlobalInvoker.hideSoftInput
2026-01-30 15:37:15.642 17893-17893 ImeTracker              com.fishit.player.v2                 I  com.fishit.player.v2:ce4e28c5: onHidden
2026-01-30 15:37:15.836 17893-18969 TrafficStats            com.fishit.player.v2                 D  tagSocket(6) with statsTag=0xffffffff, statsUid=-1
2026-01-30 15:37:15.836 17893-18970 TrafficStats            com.fishit.player.v2                 D  tagSocket(147) with statsTag=0xffffffff, statsUid=-1
2026-01-30 15:37:15.836 17893-18968 TrafficStats            com.fishit.player.v2                 D  tagSocket(144) with statsTag=0xffffffff, statsUid=-1
2026-01-30 15:37:15.922 17893-18969 TrafficStats            com.fishit.player.v2                 D  tagSocket(159) with statsTag=0xffffffff, statsUid=-1
2026-01-30 15:37:16.024 17893-18148 XtreamApiClient         com.fishit.player.v2                 D  NetworkProbe: HTTP 200 for konigtv.com/player_api.php | bytes=321 contentType=application/json
2026-01-30 15:37:16.026 17893-18148 XtreamApiClient         com.fishit.player.v2                 D  NetworkProbe: Manually decompressed gzip body for konigtv.com/player_api.php | original=321 decompressed=458
2026-01-30 15:37:16.083 17893-18149 XtreamApiClient         com.fishit.player.v2                 D  NetworkProbe: HTTP 200 for konigtv.com/player_api.php | bytes=707 contentType=application/json
2026-01-30 15:37:16.088 17893-18149 XtreamApiClient         com.fishit.player.v2                 D  NetworkProbe: Manually decompressed gzip body for konigtv.com/player_api.php | original=707 decompressed=3753
2026-01-30 15:37:16.165 17893-18970 TrafficStats            com.fishit.player.v2                 D  tagSocket(144) with statsTag=0xffffffff, statsUid=-1
2026-01-30 15:37:16.169 17893-17933 ViewRootIm...nActivity] com.fishit.player.v2                 I  Resizing android.view.ViewRootImpl@12eb0f0: frame = [0,0][1080,2400] reportDraw = false forceLayout = false syncSeqId = -1
2026-01-30 15:37:16.171 17893-17893 InsetsController        com.fishit.player.v2                 I  onStateChanged: host=com.fishit.player.v2/com.fishit.player.v2.MainActivity, from=android.view.ViewRootImpl$ViewRootHandler.handleMessageImpl:7196, state=InsetsState: {mDisplayFrame=Rect(0, 0 - 1080, 2400), mDisplayCutout=DisplayCutout{insets=Rect(0, 80 - 0, 0) waterfall=Insets{left=0, top=0, right=0, bottom=0} boundingRect={Bounds=[Rect(0, 0 - 0, 0), Rect(510, 0 - 570, 80), Rect(0, 0 - 0, 0), Rect(0, 0 - 0, 0)]} cutoutPathParserInfo={CutoutPathParserInfo{displayWidth=1080 displayHeight=2400 physicalDisplayWidth=1080 physicalDisplayHeight=2400 density={3.0} cutoutSpec={M 0,0 H -10 V 26.66666666666667 H 10 V 0 H 0 Z @dp} rotation={0} scale={1.0} physicalPixelDisplaySizeRatio={1.0}}}}, mRoundedCorners=RoundedCorners{[RoundedCorner{position=TopLeft, radius=90, center=Point(90, 90)}, RoundedCorner{position=TopRight, radius=90, center=Point(990, 90)}, RoundedCorner{position=BottomRight, radius=90, center=Point(990, 2310)}, RoundedCorner{position=BottomLeft, radius=90, center=Point(90, 2310)}]}  mRoundedCornerFrame=Rect(0, 0 - 1080, 2400), mPrivacyIndicatorBounds=PrivacyIndicatorBounds {static bounds=Rect(948, 0 - 1080, 80) rotation=0}, mDisplayShape=DisplayShape{ spec=-311912193 displayWidth=1080 displayHeight=2400 physicalPixelDisplaySizeRatio=1.0 rotation=0 offsetX=0 offsetY=0 scale=1.0}, mSources= { InsetsSource: {3 mType=ime mFrame=[0,0][0,0] mVisible=false mFlags=[]}, InsetsSource: {27 mType=displayCutout mFrame=[0,0][1080,80] mVisible=true mFlags=[]}, InsetsSource: {24df0000 mType=statusBars mFrame=[0,0][1080,80] mVisible=true mFlags=[]}, InsetsSource: {24df0005 mType=mandatorySystemGestures mFrame=[0,0][1080,116] mVisible=true mFlags=[]}, InsetsSource: {24df0006 mType=tappableElement mFrame=[0,0][1080,80] mVisible=true mFlags=[]}, InsetsSource: {68b60001 mType=navigationBars mFrame=[0,2256][1080,2400] mVisible=true mFlags=[]}, InsetsSource: {68b60004 mType=systemGestures mFrame=[0,0][0,0] mVisible=true mFlags=[]}, InsetsSource: {68b60005 mType=mandatorySystemGestures mFrame=[0,2256][1080,2400] mVisible=true mFlags=[]}, InsetsSource: {68b60006 mType=tappableElement mFrame=[0,2256][1080,2400] mVisible=true mFlags=[]}, InsetsSource: {68b60024 mType=systemGestures mFrame=[0,0][0,0] mVisible=true mFlags=[]} }
2026-01-30 15:37:16.172 17893-17893 ViewRootIm...nActivity] com.fishit.player.v2                 I  handleResized, msg = 4 frames=ClientWindowFrames{frame=[0,0][1080,2400] display=[0,0][1080,2400] parentFrame=[0,0][0,0]} forceNextWindowRelayout=false displayId=0 dragResizing=false compatScale=1.0 frameChanged=false attachedFrameChanged=false configChanged=false displayChanged=false compatScaleChanged=false
2026-01-30 15:37:16.222 17893-18151 XtreamApiClient         com.fishit.player.v2                 D  NetworkProbe: HTTP 200 for konigtv.com/player_api.php | bytes=321 contentType=application/json
2026-01-30 15:37:16.225 17893-18151 XtreamApiClient         com.fishit.player.v2                 D  NetworkProbe: Manually decompressed gzip body for konigtv.com/player_api.php | original=321 decompressed=458
2026-01-30 15:37:16.359 17893-18086 XtreamApiClient         com.fishit.player.v2                 D  NetworkProbe: HTTP 200 for konigtv.com/player_api.php | bytes=1557 contentType=application/json
2026-01-30 15:37:16.370 17893-18086 XtreamApiClient         com.fishit.player.v2                 D  NetworkProbe: Manually decompressed gzip body for konigtv.com/player_api.php | original=1557 decompressed=10494
2026-01-30 15:37:16.370 17893-18149 XtreamApiClient         com.fishit.player.v2                 D  NetworkProbe: HTTP 200 for konigtv.com/player_api.php | bytes=1818 contentType=application/json
2026-01-30 15:37:16.394 17893-18149 XtreamApiClient         com.fishit.player.v2                 D  NetworkProbe: Manually decompressed gzip body for konigtv.com/player_api.php | original=1818 decompressed=11946
2026-01-30 15:37:16.418 17893-18148 XtreamApiClient         com.fishit.player.v2                 D  buildPlayerApiUrl: action=get_short_epg -> konigtv.com/player_api.php
2026-01-30 15:37:16.490 17893-18148 XtreamApiClient         com.fishit.player.v2                 D  NetworkProbe: HTTP 200 for konigtv.com/player_api.php | bytes=39 contentType=application/json
2026-01-30 15:37:16.499 17893-18148 XtreamApiClient         com.fishit.player.v2                 D  NetworkProbe: Manually decompressed gzip body for konigtv.com/player_api.php | original=39 decompressed=19
2026-01-30 15:37:16.695 17893-18151 XtreamApiClient         com.fishit.player.v2                 D  NetworkProbe: HTTP 200 for konigtv.com/player_api.php | bytes=259439 contentType=application/json
2026-01-30 15:37:16.783 17893-17928 InputTransport          com.fishit.player.v2                 D  Input channel destroyed: 'ClientS', fd=145
2026-01-30 15:37:16.794 17893-18151 XtreamApiClient         com.fishit.player.v2                 D  NetworkProbe: Manually decompressed gzip body for konigtv.com/player_api.php | original=259439 decompressed=3288108
2026-01-30 15:37:17.146 17893-18085 XtreamApiClient         com.fishit.player.v2                 D  NetworkProbe: HTTP 200 for konigtv.com/player_api.php | bytes=2043445 contentType=application/json
2026-01-30 15:37:17.441 17893-18085 XtreamApiClient         com.fishit.player.v2                 D  NetworkProbe: Manually decompressed gzip body for konigtv.com/player_api.php | original=2043445 decompressed=6215313
2026-01-30 15:37:17.992 17893-17927 ishit.player.v2         com.fishit.player.v2                 I  Background concurrent copying GC freed 1456(141KB) AllocSpace objects, 5(13MB) LOS objects, 33% free, 48MB/72MB, paused 58us,45us total 115.248ms
2026-01-30 15:37:18.177 17893-18085 XtreamApiClient         com.fishit.player.v2                 D  buildPlayerApiUrl: action=null -> konigtv.com/player_api.php
2026-01-30 15:37:18.179 17893-18085 XtreamApiClient         com.fishit.player.v2                 D  getServerInfo: Fetching from konigtv.com/player_api.php
2026-01-30 15:37:18.332 17893-18085 XtreamApiClient         com.fishit.player.v2                 D  NetworkProbe: HTTP 200 for konigtv.com/player_api.php | bytes=320 contentType=application/json
2026-01-30 15:37:18.335 17893-18085 XtreamApiClient         com.fishit.player.v2                 D  NetworkProbe: Manually decompressed gzip body for konigtv.com/player_api.php | original=320 decompressed=458
2026-01-30 15:37:18.336 17893-18085 XtreamApiClient         com.fishit.player.v2                 D  getServerInfo: Received 458 bytes, parsing...
2026-01-30 15:37:18.342 17893-18085 XtreamApiClient         com.fishit.player.v2                 D  Server info retrieved: konigtv.com
2026-01-30 15:37:18.345 17893-17893 XtreamAuthRepoAdapter   com.fishit.player.v2                 D  initialize: API client initialized successfully with capabilities: http://konigtv.com:8080
2026-01-30 15:37:18.345 17893-18085 XtreamAuthRepoAdapter   com.fishit.player.v2                 D  authState -> Authenticated(userInfo=XtreamUserInfo(username=Christoph10, status=ACTIVE, expDateEpoch=1797326326, maxConnections=1, activeConnections=0, isTrial=false, allowedFormats=[m3u8, ts], createdAt=1757512912, message=Welcome)) | domain=Authenticated
2026-01-30 15:37:18.346 17893-18085 XtreamAuthRepoAdapter   com.fishit.player.v2                 D  connectionState -> Connected(baseUrl=http://konigtv.com:8080, latencyMs=2693) | domain=Connected
2026-01-30 15:37:18.446 17893-18085 SourceActi...onObserver com.fishit.player.v2                 I  Active sources changed: [XTREAM] → enqueuing auto sync
2026-01-30 15:37:18.447 17893-18085 CatalogSyncScheduler    com.fishit.player.v2                 D  Enqueueing AUTO sync
2026-01-30 15:37:18.447 17893-18084 SourceActivationStore   com.fishit.player.v2                 D  Loaded state from DataStore: SourceActivationSnapshot(xtream=Active, telegram=Inactive, io=Inactive)
2026-01-30 15:37:18.447 17893-18875 CatalogSyncBootstrap    com.fishit.player.v2                 D  Source activation check: activeSources=[XTREAM], hasActive=true
2026-01-30 15:37:18.456 17893-17893 SourceActivationStore   com.fishit.player.v2                 I  Source activation changed: XTREAM -> Active
2026-01-30 15:37:18.457 17893-17893 XtreamAuthRepoAdapter   com.fishit.player.v2                 I  initialize: XTREAM source activated
2026-01-30 15:37:18.457 17893-17893 OnboardingViewModel     com.fishit.player.v2                 D  connectXtream: Initialize succeeded, saving credentials
2026-01-30 15:37:18.485 17893-18084 XtreamCredStore         com.fishit.player.v2                 I  Stored credentials: scheme=http, host=konigtv.com, port=8080
2026-01-30 15:37:18.494 17893-18194 Compatibil...geReporter com.fishit.player.v2                 D  Compat change id reported: 194532703; UID 10497; state: ENABLED
2026-01-30 15:37:18.495 17893-18194 Compatibil...geReporter com.fishit.player.v2                 D  Compat change id reported: 253665015; UID 10497; state: ENABLED
2026-01-30 15:37:18.495 17893-18194 WM-SystemJobScheduler   com.fishit.player.v2                 D  Scheduling work ID 552914f6-50b3-423d-8d95-85f18451c1d8Job ID 0
2026-01-30 15:37:18.514 17893-18194 WM-GreedyScheduler      com.fishit.player.v2                 D  Starting work for 552914f6-50b3-423d-8d95-85f18451c1d8
2026-01-30 15:37:18.517 17893-17893 WM-SystemJobService     com.fishit.player.v2                 D  onStartJob for WorkGenerationalId(workSpecId=552914f6-50b3-423d-8d95-85f18451c1d8, generation=0)
2026-01-30 15:37:18.523 17893-18194 WM-Processor            com.fishit.player.v2                 D  Processor: processing WorkGenerationalId(workSpecId=552914f6-50b3-423d-8d95-85f18451c1d8, generation=0)
2026-01-30 15:37:18.528 17893-18194 WM-Processor            com.fishit.player.v2                 D  Work WorkGenerationalId(workSpecId=552914f6-50b3-423d-8d95-85f18451c1d8, generation=0) is already enqueued for processing
2026-01-30 15:37:18.534 17893-18194 Compatibil...geReporter com.fishit.player.v2                 D  Compat change id reported: 263076149; UID 10497; state: ENABLED
2026-01-30 15:37:18.540 17893-17893 WM-WorkerWrapper        com.fishit.player.v2                 D  Starting work for com.fishit.player.v2.work.CatalogSyncOrchestratorWorker
2026-01-30 15:37:18.542 17893-18084 CatalogSyn...atorWorker com.fishit.player.v2                 I  START sync_run_id=c097ded1-d101-46e8-a8a3-071a95e15be2 mode=auto
2026-01-30 15:37:18.545 17893-18084 RuntimeGuards           com.fishit.player.v2                 D  Manual sync (auto) - skipping battery guard (level=100%)
2026-01-30 15:37:18.546 17893-18084 CatalogSyn...atorWorker com.fishit.player.v2                 I  Active sources check: [XTREAM] (isEmpty=false)
2026-01-30 15:37:18.546 17893-18084 CatalogSyn...atorWorker com.fishit.player.v2                 D  Active sources: [XTREAM] (TELEGRAM=false, XTREAM=true, IO=false)
2026-01-30 15:37:18.548 17893-18084 CatalogSyn...atorWorker com.fishit.player.v2                 D  Enqueued Xtream chain: work_name=catalog_sync_global_xtream policy=KEEP workers=2
2026-01-30 15:37:18.549 17893-18084 CatalogSyn...atorWorker com.fishit.player.v2                 D  Telegram not in active sources - skipping Telegram workers
2026-01-30 15:37:18.549 17893-18084 CatalogSyn...atorWorker com.fishit.player.v2                 D  📊 WorkInfo chains enqueued:
                                                                                                      [XTREAM] work_name=catalog_sync_global_xtream → ENQUEUED
                                                                                                      Use 'adb shell dumpsys jobscheduler' or WorkManager Inspector for detailed state
2026-01-30 15:37:18.550 17893-18084 CatalogSyn...atorWorker com.fishit.player.v2                 I  CHAINS_ENQUEUED duration_ms=7 policy=KEEP sources=XTREAM (downstream workers will report completion)
2026-01-30 15:37:18.561 17893-18194 WM-PackageManagerHelper com.fishit.player.v2                 D  androidx.work.impl.background.systemalarm.RescheduleReceiver enabled
2026-01-30 15:37:18.579 17893-18194 WM-SystemJobScheduler   com.fishit.player.v2                 D  Scheduling work ID 2b7e877b-78d3-4383-95c6-be79abf6e40aJob ID 1
2026-01-30 15:37:18.584 17893-17893 WM-SystemJobService     com.fishit.player.v2                 D  onStartJob for WorkGenerationalId(workSpecId=2b7e877b-78d3-4383-95c6-be79abf6e40a, generation=0)
2026-01-30 15:37:18.584 17893-18194 WM-GreedyScheduler      com.fishit.player.v2                 D  Starting work for 2b7e877b-78d3-4383-95c6-be79abf6e40a
2026-01-30 15:37:18.586 17893-18194 WM-WorkerWrapper        com.fishit.player.v2                 I  Worker result SUCCESS for Work [ id=552914f6-50b3-423d-8d95-85f18451c1d8, tags={ com.fishit.player.v2.work.CatalogSyncOrchestratorWorker,catalog_sync,mode_auto,worker/CatalogSyncOrchestratorWorker } ]
2026-01-30 15:37:18.589 17893-17893 WM-Processor            com.fishit.player.v2                 D  Processor 552914f6-50b3-423d-8d95-85f18451c1d8 executed; reschedule = false
2026-01-30 15:37:18.589 17893-17893 WM-SystemJobService     com.fishit.player.v2                 D  552914f6-50b3-423d-8d95-85f18451c1d8 executed on JobScheduler
2026-01-30 15:37:18.593 17893-18194 WM-Processor            com.fishit.player.v2                 D  Processor: processing WorkGenerationalId(workSpecId=2b7e877b-78d3-4383-95c6-be79abf6e40a, generation=0)
2026-01-30 15:37:18.595 17893-18194 WM-Processor            com.fishit.player.v2                 D  Work WorkGenerationalId(workSpecId=2b7e877b-78d3-4383-95c6-be79abf6e40a, generation=0) is already enqueued for processing
2026-01-30 15:37:18.597 17893-18194 WM-GreedyScheduler      com.fishit.player.v2                 D  Cancelling work ID 552914f6-50b3-423d-8d95-85f18451c1d8
2026-01-30 15:37:18.607 17893-17893 WM-WorkerWrapper        com.fishit.player.v2                 D  Starting work for com.fishit.player.v2.work.XtreamPreflightWorker
2026-01-30 15:37:18.609 17893-18084 XtreamPreflightWorker   com.fishit.player.v2                 I  START sync_run_id=c097ded1-d101-46e8-a8a3-071a95e15be2 mode=auto source=XTREAM attempt=0/5
2026-01-30 15:37:18.612 17893-18084 RuntimeGuards           com.fishit.player.v2                 D  Manual sync (auto) - skipping battery guard (level=100%)
2026-01-30 15:37:18.614 17893-18084 XtreamPreflightWorker   com.fishit.player.v2                 I  SUCCESS duration_ms=5 (credentials valid)
2026-01-30 15:37:18.618 17893-18191 WM-WorkerWrapper        com.fishit.player.v2                 I  Worker result SUCCESS for Work [ id=2b7e877b-78d3-4383-95c6-be79abf6e40a, tags={ com.fishit.player.v2.work.XtreamPreflightWorker,catalog_sync,source_xtream,worker/XtreamPreflightWorker } ]
2026-01-30 15:37:18.623 17893-18191 WM-WorkerWrapper        com.fishit.player.v2                 I  Setting status to enqueued for b67b7b4e-61de-4d2a-b859-fe2afdd89d9e
2026-01-30 15:37:18.626 17893-17893 WM-Processor            com.fishit.player.v2                 D  Processor 2b7e877b-78d3-4383-95c6-be79abf6e40a executed; reschedule = false
2026-01-30 15:37:18.627 17893-17893 WM-SystemJobService     com.fishit.player.v2                 D  2b7e877b-78d3-4383-95c6-be79abf6e40a executed on JobScheduler
2026-01-30 15:37:18.631 17893-18191 WM-GreedyScheduler      com.fishit.player.v2                 D  Cancelling work ID 2b7e877b-78d3-4383-95c6-be79abf6e40a
2026-01-30 15:37:18.645 17893-18191 WM-SystemJobScheduler   com.fishit.player.v2                 D  Scheduling work ID b67b7b4e-61de-4d2a-b859-fe2afdd89d9eJob ID 2
2026-01-30 15:37:18.665 17893-18191 WM-GreedyScheduler      com.fishit.player.v2                 D  Starting work for b67b7b4e-61de-4d2a-b859-fe2afdd89d9e
2026-01-30 15:37:18.665 17893-17893 WM-SystemJobService     com.fishit.player.v2                 D  onStartJob for WorkGenerationalId(workSpecId=b67b7b4e-61de-4d2a-b859-fe2afdd89d9e, generation=0)
2026-01-30 15:37:18.671 17893-18191 WM-Processor            com.fishit.player.v2                 D  Processor: processing WorkGenerationalId(workSpecId=b67b7b4e-61de-4d2a-b859-fe2afdd89d9e, generation=0)
2026-01-30 15:37:18.673 17893-18191 WM-Processor            com.fishit.player.v2                 D  Work WorkGenerationalId(workSpecId=b67b7b4e-61de-4d2a-b859-fe2afdd89d9e, generation=0) is already enqueued for processing
2026-01-30 15:37:18.835 17893-17893 WM-WorkerWrapper        com.fishit.player.v2                 D  Starting work for com.fishit.player.v2.work.XtreamCatalogScanWorker
2026-01-30 15:37:18.841 17893-18085 XtreamCatalogScanWorker com.fishit.player.v2                 I  START sync_run_id=c097ded1-d101-46e8-a8a3-071a95e15be2 mode=auto source=XTREAM scope=INCREMENTAL runtimeBudgetMs=900000 checkpoint=xtream|v=2|phase=VOD_LIST|offset=0
2026-01-30 15:37:18.843 17893-18085 RuntimeGuards           com.fishit.player.v2                 D  Manual sync (auto) - skipping battery guard (level=100%)
2026-01-30 15:37:18.844 17893-18085 XtreamCatalogScanWorker com.fishit.player.v2                 D  Catalog sync: includeVod=true includeSeries=true includeEpisodes=false (lazy) includeLive=true scope=INCREMENTAL enhanced=true
2026-01-30 15:37:18.846 17893-18085 XtreamCatalogScanWorker com.fishit.player.v2                 I  Using CHANNEL-BUFFERED sync: buffer=300, consumers=3 (PLATINUM config)
2026-01-30 15:37:18.848 17893-18085 XtreamCatalogScanWorker com.fishit.player.v2                 D  Channel-buffered catalog sync started
2026-01-30 15:37:18.848 17893-18151 CatalogSyncService      com.fishit.player.v2                 I  Starting channel-buffered Xtream sync: buffer=300, consumers=3
2026-01-30 15:37:18.856 17893-18151 XtreamCatalogPipeline   com.fishit.player.v2                 I  Starting Xtream catalog scan: vod=true, series=true, episodes=false, live=true
2026-01-30 15:37:18.859 17893-18085 XtreamCatalogPipeline   com.fishit.player.v2                 D  [LIVE] Starting parallel scan (streaming)...
2026-01-30 15:37:18.860 17893-18084 XtreamCatalogPipeline   com.fishit.player.v2                 D  [SERIES] Starting scan (after slot available)...
2026-01-30 15:37:18.866 17893-18085 XtreamApiClient         com.fishit.player.v2                 D  buildPlayerApiUrl: action=get_live_streams -> konigtv.com/player_api.php
2026-01-30 15:37:18.866 17893-18084 XtreamApiClient         com.fishit.player.v2                 D  buildPlayerApiUrl: action=get_series -> konigtv.com/player_api.php
2026-01-30 15:37:18.868 17893-18084 XtreamApiClient         com.fishit.player.v2                 D  streamFromUrl: CALLED for konigtv.com/player_api.php
2026-01-30 15:37:18.868 17893-18085 XtreamApiClient         com.fishit.player.v2                 D  streamFromUrl: CALLED for konigtv.com/player_api.php
2026-01-30 15:37:19.044 17893-18085 XtreamApiClient         com.fishit.player.v2                 D  StreamingFetch: Detected GZIP for konigtv.com/player_api.php (manual decompression)
2026-01-30 15:37:19.048 17893-18085 XtreamApiClient         com.fishit.player.v2                 D  StreamingFetch: Success for konigtv.com/player_api.php, streaming response
2026-01-30 15:37:19.052 17893-18085 XtreamApiClient         com.fishit.player.v2                 D  streamFromUrl: Starting StreamingJsonParser.streamInBatches() for konigtv.com/player_api.php
2026-01-30 15:37:19.190 17893-18085 XTC                     com.fishit.player.v2                 D  [LIVE] DTO→Raw #1 | id=xtream:live:81568 | title="DE HEVC" | sourceType=XTREAM | Fields: ✓[poster] ✗[year, plot, cast, director, backdrop, duration, tmdb]
2026-01-30 15:37:19.247 17893-18085 XTC                     com.fishit.player.v2                 D  [LIVE] DTO→Raw #50 | id=xtream:live:71808 | title="DE: Deluxe Music HEVC" | sourceType=XTREAM | Fields: ✓[poster] ✗[year, plot, cast, director, backdrop, duration, tmdb]
2026-01-30 15:37:19.249 17893-18085 MemoryPressure          com.fishit.player.v2                 D  Memory: 56MB / 256MB (22%) | throttles=0 | consecutive=0
2026-01-30 15:37:19.301 17893-18085 XTC                     com.fishit.player.v2                 D  [LIVE] DTO→Raw #100 | id=xtream:live:49200 | title="DE: Pro 7 Maxx FHD" | sourceType=XTREAM | Fields: ✓[poster] ✗[year, plot, cast, director, backdrop, duration, tmdb]
2026-01-30 15:37:19.341 17893-18084 XtreamApiClient         com.fishit.player.v2                 D  StreamingFetch: Detected GZIP for konigtv.com/player_api.php (manual decompression)
2026-01-30 15:37:19.343 17893-18084 XtreamApiClient         com.fishit.player.v2                 D  StreamingFetch: Success for konigtv.com/player_api.php, streaming response
2026-01-30 15:37:19.346 17893-18084 XtreamApiClient         com.fishit.player.v2                 D  streamFromUrl: Starting StreamingJsonParser.streamInBatches() for konigtv.com/player_api.php
2026-01-30 15:37:19.351 17893-18085 XTC                     com.fishit.player.v2                 D  [LIVE] DTO→Raw #150 | id=xtream:live:361561 | title="DE: NDR Hamburg" | sourceType=XTREAM | Fields: ✓[poster] ✗[year, plot, cast, director, backdrop, duration, tmdb]
2026-01-30 15:37:19.403 17893-18086 XtreamCatalogPipeline   com.fishit.player.v2                 D  [VOD] Starting parallel scan (streaming)...
2026-01-30 15:37:19.415 17893-18086 XtreamApiClient         com.fishit.player.v2                 D  buildPlayerApiUrl: action=get_vod_streams -> konigtv.com/player_api.php
2026-01-30 15:37:19.419 17893-18086 XtreamApiClient         com.fishit.player.v2                 D  streamFromUrl: CALLED for konigtv.com/player_api.php
2026-01-30 15:37:19.456 17893-18085 XTC                     com.fishit.player.v2                 D  [LIVE] DTO→Raw #200 | id=xtream:live:197779 | title="DE: QVC STYLE TV" | sourceType=XTREAM | Fields: ✓[poster] ✗[year, plot, cast, director, backdrop, duration, tmdb]
2026-01-30 15:37:19.507 17893-18085 XTC                     com.fishit.player.v2                 D  [LIVE] DTO→Raw #250 | id=xtream:live:67411 | title="DE: Bndliga 7 SD" | sourceType=XTREAM | Fields: ✓[poster] ✗[year, plot, cast, director, backdrop, duration, tmdb]
2026-01-30 15:37:19.554 17893-18148 CatalogSyncService      com.fishit.player.v2                 D  Persisting Xtream catalog batch (NX-ONLY): 100 items (canonical_linking=true)
2026-01-30 15:37:19.556 17893-18880 CatalogSyncService      com.fishit.player.v2                 D  Persisting Xtream catalog batch (NX-ONLY): 100 items (canonical_linking=true)
2026-01-30 15:37:19.556 17893-18085 XTC                     com.fishit.player.v2                 D  [LIVE] DTO→Raw #300 | id=xtream:live:354423 | title="DE: Bundesliga Tivibu 2 (Türkisch)" | sourceType=XTREAM | Fields: ✓[poster] ✗[year, plot, cast, director, backdrop, duration, tmdb]
2026-01-30 15:37:19.557 17893-18150 CatalogSyncService      com.fishit.player.v2                 D  Persisting Xtream catalog batch (NX-ONLY): 100 items (canonical_linking=true)
2026-01-30 15:37:19.598 17893-18085 XTC                     com.fishit.player.v2                 D  [LIVE] DTO→Raw #350 | id=xtream:live:181819 | title="MyTeam TV - 7" | sourceType=XTREAM | Fields: ✓[poster] ✗[year, plot, cast, director, backdrop, duration, tmdb]
2026-01-30 15:37:19.614 17893-17893 ViewRootIm...nActivity] com.fishit.player.v2                 I  ViewPostIme pointer 0
2026-01-30 15:37:19.650 17893-18085 XTC                     com.fishit.player.v2                 D  [LIVE] DTO→Raw #400 | id=xtream:live:795605 | title="DE: DEL2 EVENT 16" | sourceType=XTREAM | Fields: ✓[poster] ✗[year, plot, cast, director, backdrop, duration, tmdb]
2026-01-30 15:37:19.742 17893-18084 XTC                     com.fishit.player.v2                 D  [SERIES] DTO→Raw #1 | id=xtream:series:-441 | title="Madam Secretary" | sourceType=XTREAM | Fields: ✓[plot(542c), cast, poster, duration=2700000ms] ✗[year, director, backdrop, tmdb]
2026-01-30 15:37:19.748 17893-18085 XTC                     com.fishit.player.v2                 D  [LIVE] DTO→Raw #450 | id=xtream:live:792958 | title="DE: RTL+ SPORT EVENT 17" | sourceType=XTREAM | Fields: ✓[poster] ✗[year, plot, cast, director, backdrop, duration, tmdb]
2026-01-30 15:37:19.785 17893-18084 XTC                     com.fishit.player.v2                 D  [SERIES] DTO→Raw #50 | id=xtream:series:365 | title="4 Blocks" | sourceType=XTREAM | Fields: ✓[plot(424c), cast, poster, duration=3000000ms] ✗[year, director, backdrop, tmdb]
2026-01-30 15:37:19.793 17893-17893 ViewRootIm...nActivity] com.fishit.player.v2                 I  ViewPostIme pointer 1
2026-01-30 15:37:19.825 17893-18084 XTC                     com.fishit.player.v2                 D  [SERIES] DTO→Raw #100 | id=xtream:series:687 | title="The I-Land" | sourceType=XTREAM | Fields: ✓[plot(471c), cast, poster, duration=2520000ms] ✗[year, director, backdrop, tmdb]
2026-01-30 15:37:19.859 17893-18085 XTC                     com.fishit.player.v2                 D  [LIVE] DTO→Raw #500 | id=xtream:live:797354 | title="DE: DAZN EVENT 26 HD" | sourceType=XTREAM | Fields: ✓[poster] ✗[year, plot, cast, director, backdrop, duration, tmdb]
2026-01-30 15:37:19.860 17893-18084 XTC                     com.fishit.player.v2                 D  [SERIES] DTO→Raw #150 | id=xtream:series:784 | title="Who Killed Jeffrey Epstein" | sourceType=XTREAM | Fields: ✓[poster] ✗[year, plot, cast, director, backdrop, duration, tmdb]
2026-01-30 15:37:19.915 17893-17893 Compatibil...geReporter com.fishit.player.v2                 D  Compat change id reported: 171228096; UID 10497; state: ENABLED
2026-01-30 15:37:20.047 17893-18150 NxCatalogWriter         com.fishit.player.v2                 D  📥 OPTIMIZED ingestBatch START: 100 items
2026-01-30 15:37:20.051 17893-18148 NxCatalogWriter         com.fishit.player.v2                 D  📥 OPTIMIZED ingestBatch START: 100 items
2026-01-30 15:37:20.095 17893-18148 NxWorkRepository        com.fishit.player.v2                 W  Deduped 4 duplicate workKeys in batch (100 → 96)
2026-01-30 15:37:20.098 17893-18150 NxWorkRepository        com.fishit.player.v2                 W  Deduped 5 duplicate workKeys in batch (100 → 95)
2026-01-30 15:37:20.100 17893-18880 NxCatalogWriter         com.fishit.player.v2                 D  📥 OPTIMIZED ingestBatch START: 100 items
2026-01-30 15:37:20.135 17893-18880 NxWorkRepository        com.fishit.player.v2                 W  Deduped 3 duplicate workKeys in batch (100 → 97)
2026-01-30 15:37:20.278 17893-18880 NxCatalogWriter         com.fishit.player.v2                 D  ✅ OPTIMIZED ingestBatch COMPLETE: 100 items | persist_ms=143 total_ms=177 (564 items/sec)
2026-01-30 15:37:20.279 17893-18880 CatalogSyncService      com.fishit.player.v2                 D  Xtream batch complete (NX): ingested=100 ingest_ms=722 total_ms=724
2026-01-30 15:37:20.283 17893-18880 CatalogSyncService      com.fishit.player.v2                 D  Persisting Xtream catalog batch (NX-ONLY): 100 items (canonical_linking=true)
2026-01-30 15:37:20.284 17893-18084 XtreamCatalogScanWorker com.fishit.player.v2                 D  PROGRESS discovered=650 persisted=100 phase=N/A
2026-01-30 15:37:20.328 17893-18875 XTC                     com.fishit.player.v2                 D  [SERIES] DTO→Raw #200 | id=xtream:series:1141 | title="Godless" | sourceType=XTREAM | Fields: ✓[plot(170c), cast, poster, duration=4800000ms] ✗[year, director, backdrop, tmdb]
2026-01-30 15:37:20.328 17893-18146 XTC                     com.fishit.player.v2                 D  [LIVE] DTO→Raw #550 | id=xtream:live:744166 | title="DE: DYN SPORT 25" | sourceType=XTREAM | Fields: ✓[poster] ✗[year, plot, cast, director, backdrop, duration, tmdb]
2026-01-30 15:37:20.376 17893-18880 NxCatalogWriter         com.fishit.player.v2                 D  📥 OPTIMIZED ingestBatch START: 100 items
2026-01-30 15:37:20.383 17893-18150 NxCatalogWriter         com.fishit.player.v2                 D  ✅ OPTIMIZED ingestBatch COMPLETE: 100 items | persist_ms=286 total_ms=336 (297 items/sec)
2026-01-30 15:37:20.384 17893-18150 CatalogSyncService      com.fishit.player.v2                 D  Xtream batch complete (NX): ingested=100 ingest_ms=827 total_ms=827
2026-01-30 15:37:20.390 17893-18150 CatalogSyncService      com.fishit.player.v2                 D  Persisting Xtream catalog batch (NX-ONLY): 100 items (canonical_linking=true)
2026-01-30 15:37:20.413 17893-18880 NxWorkRepository        com.fishit.player.v2                 W  Deduped 3 duplicate workKeys in batch (100 → 97)
2026-01-30 15:37:20.425 17893-18084 XTC                     com.fishit.player.v2                 D  [LIVE] DTO→Raw #600 | id=xtream:live:121760 | title="DE: Spiegel TV Wissen RAW" | sourceType=XTREAM | Fields: ✓[poster] ✗[year, plot, cast, director, backdrop, duration, tmdb]
2026-01-30 15:37:20.434 17893-18085 XTC                     com.fishit.player.v2                 D  [SERIES] DTO→Raw #250 | id=xtream:series:1344 | title="LOL: Last One Laughing" | sourceType=XTREAM | Fields: ✓[plot(258c), cast, poster] ✗[year, director, backdrop, duration, tmdb]
2026-01-30 15:37:20.435 17893-18148 NxCatalogWriter         com.fishit.player.v2                 D  ✅ OPTIMIZED ingestBatch COMPLETE: 100 items | persist_ms=341 total_ms=385 (259 items/sec)
2026-01-30 15:37:20.437 17893-18148 CatalogSyncService      com.fishit.player.v2                 D  Xtream batch complete (NX): ingested=100 ingest_ms=882 total_ms=883
2026-01-30 15:37:20.443 17893-18148 CatalogSyncService      com.fishit.player.v2                 D  Persisting Xtream catalog batch (NX-ONLY): 100 items (canonical_linking=true)
2026-01-30 15:37:20.461 17893-18150 NxCatalogWriter         com.fishit.player.v2                 D  📥 OPTIMIZED ingestBatch START: 100 items
2026-01-30 15:37:20.464 17893-18084 XTC                     com.fishit.player.v2                 D  [LIVE] DTO→Raw #650 | id=xtream:live:48858 | title="DE: Sky Cinema Highlights FHD" | sourceType=XTREAM | Fields: ✓[poster] ✗[year, plot, cast, director, backdrop, duration, tmdb]
2026-01-30 15:37:20.494 17893-18150 NxWorkRepository        com.fishit.player.v2                 W  Deduped 2 duplicate workKeys in batch (100 → 98)
2026-01-30 15:37:20.515 17893-18148 NxCatalogWriter         com.fishit.player.v2                 D  📥 OPTIMIZED ingestBatch START: 100 items
2026-01-30 15:37:20.525 17893-18880 NxCatalogWriter         com.fishit.player.v2                 D  ✅ OPTIMIZED ingestBatch COMPLETE: 100 items | persist_ms=113 total_ms=149 (671 items/sec)
2026-01-30 15:37:20.526 17893-18880 CatalogSyncService      com.fishit.player.v2                 D  Xtream batch complete (NX): ingested=100 ingest_ms=242 total_ms=243
2026-01-30 15:37:20.531 17893-18880 CatalogSyncService      com.fishit.player.v2                 D  Persisting Xtream catalog batch (NX-ONLY): 100 items (canonical_linking=true)
2026-01-30 15:37:20.538 17893-18151 XTC                     com.fishit.player.v2                 D  [SERIES] DTO→Raw #300 | id=xtream:series:1475 | title="Panic" | sourceType=XTREAM | Fields: ✓[plot(526c), cast, poster, duration=2700000ms] ✗[year, director, backdrop, tmdb]
2026-01-30 15:37:20.550 17893-18149 XTC                     com.fishit.player.v2                 D  [LIVE] DTO→Raw #700 | id=xtream:live:733471 | title="DE: 2 BROKE GIRLS" | sourceType=XTREAM | Fields: ✓[poster] ✗[year, plot, cast, director, backdrop, duration, tmdb]
2026-01-30 15:37:20.588 17893-18880 NxCatalogWriter         com.fishit.player.v2                 D  📥 OPTIMIZED ingestBatch START: 100 items
2026-01-30 15:37:20.617 17893-18150 NxCatalogWriter         com.fishit.player.v2                 D  ✅ OPTIMIZED ingestBatch COMPLETE: 100 items | persist_ms=124 total_ms=156 (641 items/sec)
2026-01-30 15:37:20.618 17893-18150 CatalogSyncService      com.fishit.player.v2                 W  Xtream batch (NX): ingested=100 failed=0 hint_warnings=39 ingest_ms=227 total_ms=228
2026-01-30 15:37:20.623 17893-18150 CatalogSyncService      com.fishit.player.v2                 D  Persisting Xtream catalog batch (NX-ONLY): 100 items (canonical_linking=true)
2026-01-30 15:37:20.633 17893-18149 XTC                     com.fishit.player.v2                 D  [LIVE] DTO→Raw #750 | id=xtream:live:749839 | title="DE: EDGAR WALLACE MIX" | sourceType=XTREAM | Fields: ✓[poster] ✗[year, plot, cast, director, backdrop, duration, tmdb]
2026-01-30 15:37:20.634 17893-18084 XTC                     com.fishit.player.v2                 D  [SERIES] DTO→Raw #350 | id=xtream:series:1604 | title="Monster bei der Arbeit" | sourceType=XTREAM | Fields: ✓[plot(482c), cast, poster, duration=1620000ms] ✗[year, director, backdrop, tmdb]
2026-01-30 15:37:20.671 17893-18150 NxCatalogWriter         com.fishit.player.v2                 D  📥 OPTIMIZED ingestBatch START: 100 items
2026-01-30 15:37:20.683 17893-18148 NxCatalogWriter         com.fishit.player.v2                 D  ✅ OPTIMIZED ingestBatch COMPLETE: 100 items | persist_ms=134 total_ms=168 (595 items/sec)
2026-01-30 15:37:20.684 17893-18148 CatalogSyncService      com.fishit.player.v2                 W  Xtream batch (NX): ingested=100 failed=0 hint_warnings=75 ingest_ms=240 total_ms=242
2026-01-30 15:37:20.693 17893-18146 XTC                     com.fishit.player.v2                 D  [LIVE] DTO→Raw #800 | id=xtream:live:729970 | title="DE: POLICE ACADEMY" | sourceType=XTREAM | Fields: ✓[poster] ✗[year, plot, cast, director, backdrop, duration, tmdb]
2026-01-30 15:37:20.699 17893-18148 CatalogSyncService      com.fishit.player.v2                 D  Persisting Xtream catalog batch (NX-ONLY): 100 items (canonical_linking=true)
2026-01-30 15:37:20.703 17893-18149 XTC                     com.fishit.player.v2                 D  [SERIES] DTO→Raw #400 | id=xtream:series:1752 | title="The North Water" | sourceType=XTREAM | Fields: ✓[plot(570c), cast, poster, duration=3600000ms] ✗[year, director, backdrop, tmdb]
2026-01-30 15:37:20.722 17893-18086 XtreamApiClient         com.fishit.player.v2                 D  StreamingFetch: Detected GZIP for konigtv.com/player_api.php (manual decompression)
2026-01-30 15:37:20.724 17893-18086 XtreamApiClient         com.fishit.player.v2                 D  StreamingFetch: Success for konigtv.com/player_api.php, streaming response
2026-01-30 15:37:20.729 17893-18086 XtreamApiClient         com.fishit.player.v2                 D  streamFromUrl: Starting StreamingJsonParser.streamInBatches() for konigtv.com/player_api.php
2026-01-30 15:37:20.759 17893-18148 NxCatalogWriter         com.fishit.player.v2                 D  📥 OPTIMIZED ingestBatch START: 100 items
2026-01-30 15:37:20.759 17893-18880 NxCatalogWriter         com.fishit.player.v2                 D  ✅ OPTIMIZED ingestBatch COMPLETE: 100 items | persist_ms=145 total_ms=171 (584 items/sec)
2026-01-30 15:37:20.761 17893-18880 CatalogSyncService      com.fishit.player.v2                 W  Xtream batch (NX): ingested=100 failed=0 hint_warnings=71 ingest_ms=228 total_ms=229
2026-01-30 15:37:20.770 17893-18880 CatalogSyncService      com.fishit.player.v2                 D  Persisting Xtream catalog batch (NX-ONLY): 100 items (canonical_linking=true)
2026-01-30 15:37:20.772 17893-18149 XTC                     com.fishit.player.v2                 D  [LIVE] DTO→Raw #850 | id=xtream:live:140923 | title="DE: X-Men HD 24/7" | sourceType=XTREAM | Fields: ✓[poster] ✗[year, plot, cast, director, backdrop, duration, tmdb]
2026-01-30 15:37:20.788 17893-18084 XTC                     com.fishit.player.v2                 D  [SERIES] DTO→Raw #450 | id=xtream:series:1972 | title="Tales of Zestiria the X" | sourceType=XTREAM | Fields: ✓[plot(603c), cast, poster, duration=1380000ms] ✗[year, director, backdrop, tmdb]
2026-01-30 15:37:20.825 17893-17927 ishit.player.v2         com.fishit.player.v2                 I  Background young concurrent copying GC freed 455016(14MB) AllocSpace objects, 10(324KB) LOS objects, 18% free, 59MB/72MB, paused 153us,81us total 130.570ms
2026-01-30 15:37:20.840 17893-18880 NxCatalogWriter         com.fishit.player.v2                 D  📥 OPTIMIZED ingestBatch START: 100 items
2026-01-30 15:37:20.840 17893-18150 NxCatalogWriter         com.fishit.player.v2                 D  ✅ OPTIMIZED ingestBatch COMPLETE: 100 items | persist_ms=138 total_ms=170 (588 items/sec)
2026-01-30 15:37:20.847 17893-18084 CatalogSyncService      com.fishit.player.v2                 W  Xtream batch (NX): ingested=100 failed=0 hint_warnings=37 ingest_ms=224 total_ms=225
2026-01-30 15:37:20.852 17893-18084 CatalogSyncService      com.fishit.player.v2                 D  Persisting Xtream catalog batch (NX-ONLY): 100 items (canonical_linking=true)
2026-01-30 15:37:20.871 17893-18146 XTC                     com.fishit.player.v2                 D  [SERIES] DTO→Raw #500 | id=xtream:series:2039 | title="Die Abenteuer des Odysseus" | sourceType=XTREAM | Fields: ✓[plot(841c), cast, poster, duration=5280000ms] ✗[year, director, backdrop, tmdb]
2026-01-30 15:37:20.874 17893-18150 XtreamCatalogScanWorker com.fishit.player.v2                 D  PROGRESS discovered=1399 persisted=800 phase=N/A
2026-01-30 15:37:20.879 17893-18085 XTC                     com.fishit.player.v2                 D  [LIVE] DTO→Raw #900 | id=xtream:live:364840 | title="DE: TOM HARDY - 24/7" | sourceType=XTREAM | Fields: ✓[poster] ✗[year, plot, cast, director, backdrop, duration, tmdb]
2026-01-30 15:37:20.911 17893-18084 NxCatalogWriter         com.fishit.player.v2                 D  📥 OPTIMIZED ingestBatch START: 100 items
2026-01-30 15:37:20.924 17893-18085 XTC                     com.fishit.player.v2                 D  [LIVE] DTO→Raw #950 | id=xtream:live:140794 | title="DE: See - Reich der Blinden - Premium 24" | sourceType=XTREAM | Fields: ✓[poster] ✗[year, plot, cast, director, backdrop, duration, tmdb]
2026-01-30 15:37:20.930 17893-18086 XTC                     com.fishit.player.v2                 D  [VOD] DTO→Raw #1 | id=xtream:vod:804345 | title="Ella McCay | 2025 | 5.2" | sourceType=XTREAM | Fields: ✓[year=2025, poster] ✗[plot, cast, director, backdrop, duration, tmdb]
2026-01-30 15:37:20.934 17893-18148 NxCatalogWriter         com.fishit.player.v2                 D  ✅ OPTIMIZED ingestBatch COMPLETE: 100 items | persist_ms=123 total_ms=175 (571 items/sec)
2026-01-30 15:37:20.935 17893-18148 CatalogSyncService      com.fishit.player.v2                 W  Xtream batch (NX): ingested=100 failed=0 hint_warnings=42 ingest_ms=235 total_ms=236
2026-01-30 15:37:20.940 17893-18148 CatalogSyncService      com.fishit.player.v2                 D  Persisting Xtream catalog batch (NX-ONLY): 100 items (canonical_linking=true)
2026-01-30 15:37:20.960 17893-18086 XTC                     com.fishit.player.v2                 D  [LIVE] DTO→Raw #1000 | id=xtream:live:143675 | title="DE: Bad Blood 24/7" | sourceType=XTREAM | Fields: ✓[poster] ✗[year, plot, cast, director, backdrop, duration, tmdb]
2026-01-30 15:37:20.964 17893-18150 XTC                     com.fishit.player.v2                 D  [VOD] DTO→Raw #50 | id=xtream:vod:801981 | title="Anaconda | 2025 | 6.7" | sourceType=XTREAM | Fields: ✓[year=2025, poster] ✗[plot, cast, director, backdrop, duration, tmdb]
2026-01-30 15:37:20.997 17893-18148 NxCatalogWriter         com.fishit.player.v2                 D  📥 OPTIMIZED ingestBatch START: 100 items
2026-01-30 15:37:21.068 17893-18880 NxCatalogWriter         com.fishit.player.v2                 D  ✅ OPTIMIZED ingestBatch COMPLETE: 100 items | persist_ms=174 total_ms=228 (438 items/sec)
2026-01-30 15:37:21.069 17893-18880 CatalogSyncService      com.fishit.player.v2                 W  Xtream batch (NX): ingested=100 failed=0 hint_warnings=44 ingest_ms=298 total_ms=299
2026-01-30 15:37:21.077 17893-18086 XtreamCatalogScanWorker com.fishit.player.v2                 D  PROGRESS discovered=1537 persisted=1000 phase=N/A
2026-01-30 15:37:21.079 17893-18880 CatalogSyncService      com.fishit.player.v2                 D  Persisting Xtream catalog batch (NX-ONLY): 100 items (canonical_linking=true)
2026-01-30 15:37:21.096 17893-18085 XTC                     com.fishit.player.v2                 D  [VOD] DTO→Raw #100 | id=xtream:vod:800634 | title="Whiteout - Überleben ist alles | 2025 | " | sourceType=XTREAM | Fields: ✓[year=2025, poster] ✗[plot, cast, director, backdrop, duration, tmdb]
2026-01-30 15:37:21.130 17893-18084 NxCatalogWriter         com.fishit.player.v2                 D  ✅ OPTIMIZED ingestBatch COMPLETE: 100 items | persist_ms=173 total_ms=219 (456 items/sec)
2026-01-30 15:37:21.130 17893-18880 NxCatalogWriter         com.fishit.player.v2                 D  📥 OPTIMIZED ingestBatch START: 100 items
2026-01-30 15:37:21.131 17893-18084 CatalogSyncService      com.fishit.player.v2                 W  Xtream batch (NX): ingested=100 failed=0 hint_warnings=41 ingest_ms=278 total_ms=279
2026-01-30 15:37:21.137 17893-18084 CatalogSyncService      com.fishit.player.v2                 D  Persisting Xtream catalog batch (NX-ONLY): 100 items (canonical_linking=true)
2026-01-30 15:37:21.149 17893-18150 XTC                     com.fishit.player.v2                 D  [LIVE] DTO→Raw #1050 | id=xtream:live:364966 | title="DE: SCRUBS 24/7" | sourceType=XTREAM | Fields: ✓[poster] ✗[year, plot, cast, director, backdrop, duration, tmdb]
2026-01-30 15:37:21.150 17893-18085 XTC                     com.fishit.player.v2                 D  [VOD] DTO→Raw #150 | id=xtream:vod:798830 | title="825 Forest Road | 2025 | 5.9 |" | sourceType=XTREAM | Fields: ✓[year=2025, poster] ✗[plot, cast, director, backdrop, duration, tmdb]
2026-01-30 15:37:21.152 17893-18146 XTC                     com.fishit.player.v2                 D  [SERIES] DTO→Raw #550 | id=xtream:series:2129 | title="Weihnachtsmann & Co. KG" | sourceType=XTREAM | Fields: ✓[plot(468c), cast, poster] ✗[year, director, backdrop, duration, tmdb]
2026-01-30 15:37:21.155 17893-18148 NxCatalogWriter         com.fishit.player.v2                 D  ✅ OPTIMIZED ingestBatch COMPLETE: 100 items | persist_ms=131 total_ms=158 (632 items/sec)
2026-01-30 15:37:21.156 17893-18148 CatalogSyncService      com.fishit.player.v2                 W  Xtream batch (NX): ingested=100 failed=0 hint_warnings=48 ingest_ms=215 total_ms=216
2026-01-30 15:37:21.167 17893-18148 CatalogSyncService      com.fishit.player.v2                 D  Persisting Xtream catalog batch (NX-ONLY): 100 items (canonical_linking=true)
2026-01-30 15:37:21.177 17893-18146 XTC                     com.fishit.player.v2                 D  [VOD] DTO→Raw #200 | id=xtream:vod:797304 | title="Frankenstein | 2025 | 7.9 |" | sourceType=XTREAM | Fields: ✓[year=2025, poster] ✗[plot, cast, director, backdrop, duration, tmdb]
