2026-01-30 14:49:47.653 29280-29732 XTC                     com.fishit.player.v2                 D  [LIVE] DTO→Raw #2050 | id=xtream:live:57393 | title="SLOVENIA CHANNELS" | sourceType=XTREAM | Fields: ✓[] ✗[year, plot, cast, director, poster, backdrop, duration, tmdb]
2026-01-30 14:49:47.669 29280-29732 XTC                     com.fishit.player.v2                 D  [LIVE] DTO→Raw #2100 | id=xtream:live:68354 | title="MK: MPT 3" | sourceType=XTREAM | Fields: ✓[poster] ✗[year, plot, cast, director, backdrop, duration, tmdb]
2026-01-30 14:49:47.678 29280-29521 XTC                     com.fishit.player.v2                 D  [SERIES] DTO→Raw #1350 | id=xtream:series:3341 | title="Gordon Ramsay: Uncharted" | sourceType=XTREAM | Fields: ✓[cast, poster, duration=2820000ms] ✗[year, plot, director, backdrop, tmdb]
2026-01-30 14:49:47.682 29280-29541 XTC                     com.fishit.player.v2                 D  [VOD] DTO→Raw #1050 | id=xtream:vod:753417 | title="The Crow | 2024 | 5.3 |" | sourceType=XTREAM | Fields: ✓[year=2024, poster] ✗[plot, cast, director, backdrop, duration, tmdb]
2026-01-30 14:49:47.691 29280-29541 XTC                     com.fishit.player.v2                 D  [VOD] DTO→Raw #1100 | id=xtream:vod:751157 | title="The Good Half | 2024 | 5.3 |" | sourceType=XTREAM | Fields: ✓[year=2024, poster] ✗[plot, cast, director, backdrop, duration, tmdb]
2026-01-30 14:49:47.692 29280-29676 XTC                     com.fishit.player.v2                 D  [LIVE] DTO→Raw #2150 | id=xtream:live:112383 | title="CRO: Arena Sport 8 FHD" | sourceType=XTREAM | Fields: ✓[poster] ✗[year, plot, cast, director, backdrop, duration, tmdb]
2026-01-30 14:49:47.718 29280-29675 NxCatalogWriter         com.fishit.player.v2                 D  ✅ OPTIMIZED ingestBatch COMPLETE: 400 items | persist_ms=435 total_ms=489 (817 items/sec)
2026-01-30 14:49:47.718 29280-29675 CatalogSyncService      com.fishit.player.v2                 W  Xtream batch (NX): ingested=400 failed=0 hint_warnings=136 ingest_ms=681 total_ms=682
2026-01-30 14:49:47.725 29280-29675 CatalogSyncService      com.fishit.player.v2                 D  Persisting Xtream catalog batch (NX-ONLY): 400 items (canonical_linking=true)
2026-01-30 14:49:47.735 29280-29520 XTC                     com.fishit.player.v2                 D  [SERIES] DTO→Raw #1400 | id=xtream:series:3452 | title="The Guardians of Justice" | sourceType=XTREAM | Fields: ✓[plot(800c), cast, poster, duration=1200000ms] ✗[year, director, backdrop, tmdb]
2026-01-30 14:49:47.735 29280-29541 XTC                     com.fishit.player.v2                 D  [VOD] DTO→Raw #1150 | id=xtream:vod:749239 | title="Nightwatch - Demons Are Forever | 2023 |" | sourceType=XTREAM | Fields: ✓[year=2023, poster] ✗[plot, cast, director, backdrop, duration, tmdb]
2026-01-30 14:49:47.743 29280-29541 XTC                     com.fishit.player.v2                 D  [VOD] DTO→Raw #1200 | id=xtream:vod:746657 | title="Spieleabend | 2024 | 6.7 |" | sourceType=XTREAM | Fields: ✓[year=2024, poster] ✗[plot, cast, director, backdrop, duration, tmdb]
2026-01-30 14:49:47.758 29280-29541 XTC                     com.fishit.player.v2                 D  [VOD] DTO→Raw #1250 | id=xtream:vod:744770 | title="We Grown Now | 2024 | 7.2 |" | sourceType=XTREAM | Fields: ✓[year=2024, poster] ✗[plot, cast, director, backdrop, duration, tmdb]
2026-01-30 14:49:47.761 29280-29730 XTC                     com.fishit.player.v2                 D  [LIVE] DTO→Raw #2200 | id=xtream:live:81562 | title="EYXU PINK" | sourceType=XTREAM | Fields: ✓[] ✗[year, plot, cast, director, poster, backdrop, duration, tmdb]
2026-01-30 14:49:47.771 29280-29541 XTC                     com.fishit.player.v2                 D  [VOD] DTO→Raw #1300 | id=xtream:vod:743327 | title="The Last Rifleman | 2023 | 6.7 |" | sourceType=XTREAM | Fields: ✓[year=2023, poster] ✗[plot, cast, director, backdrop, duration, tmdb]
2026-01-30 14:49:47.780 29280-29520 XTC                     com.fishit.player.v2                 D  [SERIES] DTO→Raw #1450 | id=xtream:series:3642 | title="Warrior" | sourceType=XTREAM | Fields: ✓[plot(440c), cast, poster, duration=3300000ms] ✗[year, director, backdrop, tmdb]
2026-01-30 14:49:47.784 29280-29541 XTC                     com.fishit.player.v2                 D  [VOD] DTO→Raw #1350 | id=xtream:vod:741596 | title="Chantal im Märchenland | 2024 | 5.2 |" | sourceType=XTREAM | Fields: ✓[year=2024, poster] ✗[plot, cast, director, backdrop, duration, tmdb]
2026-01-30 14:49:47.792 29280-29513 NxCatalogWriter         com.fishit.player.v2                 D  📥 OPTIMIZED ingestBatch START: 400 items
2026-01-30 14:49:47.816 29280-29675 NxCatalogWriter         com.fishit.player.v2                 D  📥 OPTIMIZED ingestBatch START: 400 items
2026-01-30 14:49:47.878 29280-29513 NxWorkRepository        com.fishit.player.v2                 W  Deduped 5 duplicate workKeys in batch (400 → 395)
2026-01-30 14:49:47.886 29280-29675 NxWorkRepository        com.fishit.player.v2                 W  Deduped 6 duplicate workKeys in batch (400 → 394)
2026-01-30 14:49:47.937 29280-29540 NxCatalogWriter         com.fishit.player.v2                 D  ✅ OPTIMIZED ingestBatch COMPLETE: 400 items | persist_ms=347 total_ms=396 (1010 items/sec)
2026-01-30 14:49:47.938 29280-29540 CatalogSyncService      com.fishit.player.v2                 W  Xtream batch (NX): ingested=400 failed=0 hint_warnings=40 ingest_ms=488 total_ms=489
2026-01-30 14:49:47.941 29280-29539 XTC                     com.fishit.player.v2                 D  [LIVE] DTO→Raw #2250 | id=xtream:live:68054 | title="SRB: Fox Crime" | sourceType=XTREAM | Fields: ✓[poster] ✗[year, plot, cast, director, backdrop, duration, tmdb]
2026-01-30 14:49:47.945 29280-29540 CatalogSyncService      com.fishit.player.v2                 D  Persisting Xtream catalog batch (NX-ONLY): 400 items (canonical_linking=true)
2026-01-30 14:49:47.946 29280-29520 XTC                     com.fishit.player.v2                 D  [VOD] DTO→Raw #1400 | id=xtream:vod:740067 | title="Die Knochenfrau | 2023 | 5.8 |" | sourceType=XTREAM | Fields: ✓[year=2023, poster] ✗[plot, cast, director, backdrop, duration, tmdb]
2026-01-30 14:49:47.956 29280-29520 XTC                     com.fishit.player.v2                 D  [VOD] DTO→Raw #1450 | id=xtream:vod:731525 | title="Für immer | 2023 | 6.1 |" | sourceType=XTREAM | Fields: ✓[year=2023, poster] ✗[plot, cast, director, backdrop, duration, tmdb]
2026-01-30 14:49:47.964 29280-29520 XTC                     com.fishit.player.v2                 D  [VOD] DTO→Raw #1500 | id=xtream:vod:728107 | title="My Name Is Loh Kiwan | 2024 | 6.0 |" | sourceType=XTREAM | Fields: ✓[year=2024, poster] ✗[plot, cast, director, backdrop, duration, tmdb]
2026-01-30 14:49:47.971 29280-29539 XTC                     com.fishit.player.v2                 D  [LIVE] DTO→Raw #2300 | id=xtream:live:80163 | title="EXYU: BBC Earth" | sourceType=XTREAM | Fields: ✓[poster] ✗[year, plot, cast, director, backdrop, duration, tmdb]
2026-01-30 14:49:47.971 29280-29676 XTC                     com.fishit.player.v2                 D  [SERIES] DTO→Raw #1500 | id=xtream:series:3803 | title="Gossip Girl" | sourceType=XTREAM | Fields: ✓[plot(593c), cast, poster, duration=2520000ms] ✗[year, director, backdrop, tmdb]
2026-01-30 14:49:47.973 29280-29730 XtreamCatalogScanWorker com.fishit.player.v2                 D  PROGRESS discovered=5272 persisted=3200 phase=N/A
2026-01-30 14:49:47.974 29280-29730 XtreamCatalogScanWorker com.fishit.player.v2                 D  PROGRESS discovered=5303 persisted=3200 phase=N/A
2026-01-30 14:49:47.988 29280-29539 XTC                     com.fishit.player.v2                 D  [LIVE] DTO→Raw #2350 | id=xtream:live:71045 | title="CR: Narodni TV" | sourceType=XTREAM | Fields: ✓[] ✗[year, plot, cast, director, poster, backdrop, duration, tmdb]
2026-01-30 14:49:48.016 29280-29539 XTC                     com.fishit.player.v2                 D  [LIVE] DTO→Raw #2400 | id=xtream:live:123310 | title="NL: ZIGGO SPORT DOCU HEVC" | sourceType=XTREAM | Fields: ✓[poster] ✗[year, plot, cast, director, backdrop, duration, tmdb]
2026-01-30 14:49:48.017 29280-29520 XTC                     com.fishit.player.v2                 D  [VOD] DTO→Raw #1550 | id=xtream:vod:704641 | title="Cat Person | 2023 | 6.2 |" | sourceType=XTREAM | Fields: ✓[year=2023, poster] ✗[plot, cast, director, backdrop, duration, tmdb]
2026-01-30 14:49:48.056 29280-29540 NxCatalogWriter         com.fishit.player.v2                 D  📥 OPTIMIZED ingestBatch START: 400 items
2026-01-30 14:49:48.115 29280-29540 NxWorkRepository        com.fishit.player.v2                 W  Deduped 2 duplicate workKeys in batch (400 → 398)
2026-01-30 14:49:48.291 29280-29513 NxCatalogWriter         com.fishit.player.v2                 D  ✅ OPTIMIZED ingestBatch COMPLETE: 400 items | persist_ms=413 total_ms=498 (803 items/sec)
2026-01-30 14:49:48.291 29280-29513 CatalogSyncService      com.fishit.player.v2                 W  Xtream batch (NX): ingested=400 failed=0 hint_warnings=93 ingest_ms=652 total_ms=654
2026-01-30 14:49:48.303 29280-29513 CatalogSyncService      com.fishit.player.v2                 D  Persisting Xtream catalog batch (NX-ONLY): 400 items (canonical_linking=true)
2026-01-30 14:49:48.305 29280-29520 XTC                     com.fishit.player.v2                 D  [LIVE] DTO→Raw #2450 | id=xtream:live:67994 | title="NL: CBS REALITY" | sourceType=XTREAM | Fields: ✓[] ✗[year, plot, cast, director, poster, backdrop, duration, tmdb]
2026-01-30 14:49:48.309 29280-29521 XTC                     com.fishit.player.v2                 D  [VOD] DTO→Raw #1600 | id=xtream:vod:696436 | title="Naughty - Entfesselte Lust | 2023 | 5.8 " | sourceType=XTREAM | Fields: ✓[year=2023, poster] ✗[plot, cast, director, backdrop, duration, tmdb]
2026-01-30 14:49:48.316 29280-29521 XTC                     com.fishit.player.v2                 D  [VOD] DTO→Raw #1650 | id=xtream:vod:692594 | title="Slotherhouse - Ein Faultier zum Fürchten" | sourceType=XTREAM | Fields: ✓[year=2023, poster] ✗[plot, cast, director, backdrop, duration, tmdb]
2026-01-30 14:49:48.321 29280-29520 XTC                     com.fishit.player.v2                 D  [LIVE] DTO→Raw #2500 | id=xtream:live:728060 | title="NL: VIAPLAY Premier League 1 FHD" | sourceType=XTREAM | Fields: ✓[poster] ✗[year, plot, cast, director, backdrop, duration, tmdb]
2026-01-30 14:49:48.322 29280-29676 XTC                     com.fishit.player.v2                 D  [SERIES] DTO→Raw #1550 | id=xtream:series:3957 | title="Befruchtet" | sourceType=XTREAM | Fields: ✓[plot(166c), cast, poster, duration=2100000ms] ✗[year, director, backdrop, tmdb]
2026-01-30 14:49:48.324 29280-29541 XtreamCatalogScanWorker com.fishit.player.v2                 D  PROGRESS discovered=5700 persisted=3600 phase=N/A
2026-01-30 14:49:48.329 29280-29521 XTC                     com.fishit.player.v2                 D  [VOD] DTO→Raw #1700 | id=xtream:vod:674679 | title="A Royal Corgi Christmas - Weihnachten wi" | sourceType=XTREAM | Fields: ✓[year=2022, poster] ✗[plot, cast, director, backdrop, duration, tmdb]
2026-01-30 14:49:48.343 29280-29676 XTC                     com.fishit.player.v2                 D  [SERIES] DTO→Raw #1600 | id=xtream:series:4083 | title="The Terminal List - Die Abschussliste" | sourceType=XTREAM | Fields: ✓[plot(317c), cast, poster, duration=3600000ms] ✗[year, director, backdrop, tmdb]
2026-01-30 14:49:48.388 29280-29513 NxCatalogWriter         com.fishit.player.v2                 D  📥 OPTIMIZED ingestBatch START: 400 items
2026-01-30 14:49:48.416 29280-29280 ViewRootIm...nActivity] com.fishit.player.v2                 I  ViewPostIme pointer 0
2026-01-30 14:49:48.440 29280-29513 NxWorkRepository        com.fishit.player.v2                 W  Deduped 7 duplicate workKeys in batch (400 → 393)
2026-01-30 14:49:48.475 29280-29280 ViewRootIm...nActivity] com.fishit.player.v2                 I  ViewPostIme pointer 1
2026-01-30 14:49:48.485 29280-29520 CatalogSyncBootstrap    com.fishit.player.v2                 I  Catalog sync bootstrap triggered; activeSources=[XTREAM]
2026-01-30 14:49:48.486 29280-29520 CatalogSyncScheduler    com.fishit.player.v2                 D  Enqueueing AUTO sync
2026-01-30 14:49:48.490 29280-29520 CatalogSyncScheduler    com.fishit.player.v2                 D  Scheduling periodic incremental sync every 2 hours
2026-01-30 14:49:48.496 29280-29520 CatalogSyncScheduler    com.fishit.player.v2                 I  Periodic incremental sync scheduled: every 2 hours
2026-01-30 14:49:48.504 29280-29520 CatalogSyncBootstrap    com.fishit.player.v2                 I  Periodic incremental sync scheduled: every 2h
2026-01-30 14:49:48.521 29280-29542 WM-SystemJobScheduler   com.fishit.player.v2                 D  Scheduling work ID fca171f8-0c46-4238-ab32-3498f698e7d9Job ID 3
2026-01-30 14:49:48.532 29280-29542 WM-GreedyScheduler      com.fishit.player.v2                 D  Starting work for fca171f8-0c46-4238-ab32-3498f698e7d9
2026-01-30 14:49:48.544 29280-29280 NxHomeContentRepo       com.fishit.player.v2                 I  🎬 getMoviesPagingData() CALLED - Creating Movies PagingSource
2026-01-30 14:49:48.547 29280-29280 NxHomeContentRepo       com.fishit.player.v2                 I  📺 getSeriesPagingData() CALLED - Creating Series PagingSource
2026-01-30 14:49:48.549 29280-29540 NxCatalogWriter         com.fishit.player.v2                 D  ✅ OPTIMIZED ingestBatch COMPLETE: 400 items | persist_ms=435 total_ms=493 (811 items/sec)
2026-01-30 14:49:48.550 29280-29540 CatalogSyncService      com.fishit.player.v2                 W  Xtream batch (NX): ingested=400 failed=0 hint_warnings=121 ingest_ms=604 total_ms=605
2026-01-30 14:49:48.551 29280-29280 HomeViewModel           com.fishit.player.v2                 I  🏠 HomeViewModel INIT - Creating content flows and paging sources
2026-01-30 14:49:48.561 29280-29676 XTC                     com.fishit.player.v2                 D  [VOD] DTO→Raw #1750 | id=xtream:vod:672225 | title="Elf Me | 2023 | 6.2 |" | sourceType=XTREAM | Fields: ✓[year=2023, poster] ✗[plot, cast, director, backdrop, duration, tmdb]
2026-01-30 14:49:48.574 29280-29540 CatalogSyncService      com.fishit.player.v2                 D  Persisting Xtream catalog batch (NX-ONLY): 400 items (canonical_linking=true)
2026-01-30 14:49:48.576 29280-29676 XTC                     com.fishit.player.v2                 D  [VOD] DTO→Raw #1800 | id=xtream:vod:669556 | title="The Royal Nanny | 2022 | 6.2 |" | sourceType=XTREAM | Fields: ✓[year=2022, poster] ✗[plot, cast, director, backdrop, duration, tmdb]
2026-01-30 14:49:48.595 29280-29676 XTC                     com.fishit.player.v2                 D  [VOD] DTO→Raw #1850 | id=xtream:vod:667269 | title="As They Made Us | 2022 | 5.5 |" | sourceType=XTREAM | Fields: ✓[year=2022, poster] ✗[plot, cast, director, backdrop, duration, tmdb]
2026-01-30 14:49:48.601 29280-29521 XTC                     com.fishit.player.v2                 D  [LIVE] DTO→Raw #2550 | id=xtream:live:51111 | title="NL: FILM 1 ACTION FHD" | sourceType=XTREAM | Fields: ✓[] ✗[year, plot, cast, director, poster, backdrop, duration, tmdb]
2026-01-30 14:49:48.610 29280-29676 XTC                     com.fishit.player.v2                 D  [VOD] DTO→Raw #1900 | id=xtream:vod:659371 | title="Detective Dee und die Armee der Toten | " | sourceType=XTREAM | Fields: ✓[year=2022, poster] ✗[plot, cast, director, backdrop, duration, tmdb]
2026-01-30 14:49:48.618 29280-29676 XTC                     com.fishit.player.v2                 D  [VOD] DTO→Raw #1950 | id=xtream:vod:655613 | title="War of the Worlds: The Attack | 2023 | 5" | sourceType=XTREAM | Fields: ✓[year=2023, poster] ✗[plot, cast, director, backdrop, duration, tmdb]
2026-01-30 14:49:48.625 29280-29676 XTC                     com.fishit.player.v2                 D  [VOD] DTO→Raw #2000 | id=xtream:vod:641588 | title="Meinen Hass bekommt ihr nicht | 2022 | 5" | sourceType=XTREAM | Fields: ✓[year=2022, poster] ✗[plot, cast, director, backdrop, duration, tmdb]
2026-01-30 14:49:48.630 29280-29570 WM-SystemJobScheduler   com.fishit.player.v2                 D  Scheduling work ID 47d3ae71-16d5-49b2-8070-caeaf1cbfe09Job ID 4
2026-01-30 14:49:48.631 29280-29732 XTC                     com.fishit.player.v2                 D  [SERIES] DTO→Raw #1650 | id=xtream:series:4299 | title="House of the Dragon" | sourceType=XTREAM | Fields: ✓[plot(96c), cast, poster, duration=3600000ms] ✗[year, director, backdrop, tmdb]
2026-01-30 14:49:48.635 29280-29730 XTC                     com.fishit.player.v2                 D  [LIVE] DTO→Raw #2600 | id=xtream:live:324134 | title="FR: E! ENTERTAINMENT HEVC" | sourceType=XTREAM | Fields: ✓[poster] ✗[year, plot, cast, director, backdrop, duration, tmdb]
2026-01-30 14:49:48.640 29280-29570 WM-GreedyScheduler      com.fishit.player.v2                 D  Starting tracking for 47d3ae71-16d5-49b2-8070-caeaf1cbfe09
2026-01-30 14:49:48.646 29280-29570 WM-Processor            com.fishit.player.v2                 D  Processor: processing WorkGenerationalId(workSpecId=fca171f8-0c46-4238-ab32-3498f698e7d9, generation=0)
2026-01-30 14:49:48.676 29280-29675 NxCatalogWriter         com.fishit.player.v2                 D  ✅ OPTIMIZED ingestBatch COMPLETE: 400 items | persist_ms=791 total_ms=860 (465 items/sec)
2026-01-30 14:49:48.676 29280-29570 WM-ConstraintTracker    com.fishit.player.v2                 D  BatteryNotLowTracker: initial state = true
2026-01-30 14:49:48.676 29280-29570 WM-BrdcstRcvrCnstrntTrc com.fishit.player.v2                 D  BatteryNotLowTracker: registering receiver
2026-01-30 14:49:48.677 29280-29520 CatalogSyncService      com.fishit.player.v2                 W  Xtream batch (NX): ingested=400 failed=0 hint_warnings=73 ingest_ms=952 total_ms=952
2026-01-30 14:49:48.695 29280-29520 CatalogSyncService      com.fishit.player.v2                 D  Persisting Xtream catalog batch (NX-ONLY): 400 items (canonical_linking=true)
2026-01-30 14:49:48.698 29280-29539 XtreamCatalogScanWorker com.fishit.player.v2                 D  PROGRESS discovered=6240 persisted=4400 phase=N/A
2026-01-30 14:49:48.700 29280-29570 WM-ConstraintTracker    com.fishit.player.v2                 D  NetworkStateTracker24: initial state = NetworkState(isConnected=true, isValidated=true, isMetered=true, isNotRoaming=true)
2026-01-30 14:49:48.700 29280-29570 WM-NetworkStateTracker  com.fishit.player.v2                 D  Registering network callback
2026-01-30 14:49:48.704 29280-29570 ConnectivityManager     com.fishit.player.v2                 D  StackLog: [android.net.ConnectivityManager.sendRequestForNetwork(ConnectivityManager.java:4402)] [android.net.ConnectivityManager.registerDefaultNetworkCallbackForUid(ConnectivityManager.java:4966)] [android.net.ConnectivityManager.registerDefaultNetworkCallback(ConnectivityManager.java:4933)] [android.net.ConnectivityManager.registerDefaultNetworkCallback(ConnectivityManager.java:4907)] [androidx.work.impl.utils.NetworkApi24.registerDefaultNetworkCallbackCompat(NetworkApi24.kt:26)] [androidx.work.impl.constraints.trackers.NetworkStateTracker24.startTracking(NetworkStateTracker.kt:165)] [androidx.work.impl.constraints.trackers.ConstraintTracker.addListener(ConstraintTracker.kt:52)] [androidx.work.impl.constraints.controllers.BaseConstraintController$track$1.invokeSuspend(ContraintControllers.kt:62)] [androidx.work.impl.constraints.controllers.BaseConstraintController$track$1.invoke(Unknown Source:8)] [androidx.work.impl.constraints.controllers.BaseConstraintController$track$1.invoke(Unknown Source:4)] [kotlinx.coroutines.flow.ChannelFlowBuilder.collectTo$suspendImpl(Builders.kt:316)] [kotlinx.coroutines.flow.ChannelFlowBuilder.collectTo(Unknown Source:0)] [kotlinx.coroutines.flow.CallbackFlowBuilder.collectTo(Builders.kt:330)] [kotlinx.coroutines.flow.internal.ChannelFlow$collectToFun$1.invokeSuspend(ChannelFlow.kt:56)] [kotlin.coroutines.jvm.internal.BaseContinuationImpl.resumeWith(ContinuationImpl.kt:34)] [kotlinx.coroutines.DispatchedTask.run(DispatchedTask.kt:100)] [androidx.work.impl.utils.SerialExecutorImpl$Task.run(SerialExecutorImpl.java:96)] [java.util.concurrent.ThreadPoolExecutor.runWorker(ThreadPoolExecutor.java:1145)] [java.util.concurrent.ThreadPoolExecutor$Worker.run(ThreadPoolExecutor.java:644)] [java.lang.Thread.run(Thread.java:1012)]
2026-01-30 14:49:48.713 29280-29568 WM-GreedyScheduler      com.fishit.player.v2                 D  Constraints met: Scheduling work ID WorkGenerationalId(workSpecId=47d3ae71-16d5-49b2-8070-caeaf1cbfe09, generation=0)
2026-01-30 14:49:48.714 29280-29746 WM-NetworkStateTracker  com.fishit.player.v2                 D  Network capabilities changed: [ Transports: CELLULAR Capabilities: SUPL&INTERNET&NOT_RESTRICTED&TRUSTED&NOT_VPN&VALIDATED&NOT_ROAMING&FOREGROUND&NOT_CONGESTED&NOT_SUSPENDED&NOT_VCN_MANAGED LinkUpBandwidth>=23114Kbps LinkDnBandwidth>=50868Kbps Specifier: <TelephonyNetworkSpecifier [mSubId = 1]> SubscriptionIds: {1} UnderlyingNetworks: Null]
2026-01-30 14:49:48.717 29280-29568 WM-Processor            com.fishit.player.v2                 D  Processor: processing WorkGenerationalId(workSpecId=47d3ae71-16d5-49b2-8070-caeaf1cbfe09, generation=0)
2026-01-30 14:49:48.719 29280-29541 XTC                     com.fishit.player.v2                 D  [LIVE] DTO→Raw #2650 | id=xtream:live:324241 | title="FR: PIWI+ HEVC" | sourceType=XTREAM | Fields: ✓[poster] ✗[year, plot, cast, director, backdrop, duration, tmdb]
2026-01-30 14:49:48.728 29280-29280 NxHomeContentRepo       com.fishit.player.v2                 D  🎬 Movies PagingSource FACTORY invoked
2026-01-30 14:49:48.730 29280-29732 XTC                     com.fishit.player.v2                 D  [VOD] DTO→Raw #2050 | id=xtream:vod:639373 | title="A Life Too Short: The Isabella Nardoni C" | sourceType=XTREAM | Fields: ✓[year=2023, poster] ✗[plot, cast, director, backdrop, duration, tmdb]
2026-01-30 14:49:48.732 29280-29521 XTC                     com.fishit.player.v2                 D  [SERIES] DTO→Raw #1700 | id=xtream:series:4449 | title="Irma Vep" | sourceType=XTREAM | Fields: ✓[plot(448c), cast, poster, duration=3600000ms] ✗[year, director, backdrop, tmdb]
2026-01-30 14:49:48.741 29280-29280 NxHomeContentRepo       com.fishit.player.v2                 D  🔍 HomePagingSource.load() START | workType=MOVIE offset=0 loadSize=40
2026-01-30 14:49:48.748 29280-29280 NxHomeContentRepo       com.fishit.player.v2                 D  📺 Series PagingSource FACTORY invoked
2026-01-30 14:49:48.749 29280-29730 ObjectBoxPagingSource   com.fishit.player.v2                 D  🔍 DB Query: offset=0 loadSize=40 → results=40
2026-01-30 14:49:48.750 29280-29730 NxHomeContentRepo       com.fishit.player.v2                 D  🔍 HomePagingSource: DB returned 40 works
2026-01-30 14:49:48.751 29280-29280 NxHomeContentRepo       com.fishit.player.v2                 D  🔍 HomePagingSource.load() START | workType=SERIES offset=0 loadSize=40
2026-01-30 14:49:48.757 29280-29732 XTC                     com.fishit.player.v2                 D  [VOD] DTO→Raw #2100 | id=xtream:vod:622323 | title="Operacja: Soulcatcher | 2023 | 6.4 |" | sourceType=XTREAM | Fields: ✓[year=2023, poster] ✗[plot, cast, director, backdrop, duration, tmdb]
2026-01-30 14:49:48.758 29280-29280 NxHomeContentRepo       com.fishit.player.v2                 D  🔍 HomePagingSource.load() START | workType=CLIP offset=0 loadSize=40
2026-01-30 14:49:48.759 29280-29675 ObjectBoxPagingSource   com.fishit.player.v2                 D  🔍 DB Query: offset=0 loadSize=40 → results=0
2026-01-30 14:49:48.759 29280-29675 NxHomeContentRepo       com.fishit.player.v2                 D  🔍 HomePagingSource: DB returned 0 works
2026-01-30 14:49:48.763 29280-29541 XTC                     com.fishit.player.v2                 D  [LIVE] DTO→Raw #2700 | id=xtream:live:361934 | title="FR: BEIN SPORTS MAX8 HEVC" | sourceType=XTREAM | Fields: ✓[] ✗[year, plot, cast, director, poster, backdrop, duration, tmdb]
2026-01-30 14:49:48.767 29280-29280 NxHomeContentRepo       com.fishit.player.v2                 D  🔍 HomePagingSource.load() START | workType=LIVE_CHANNEL offset=0 loadSize=40
2026-01-30 14:49:48.773 29280-29676 ObjectBoxPagingSource   com.fishit.player.v2                 D  🔍 DB Query: offset=0 loadSize=40 → results=40
2026-01-30 14:49:48.774 29280-29676 NxHomeContentRepo       com.fishit.player.v2                 D  🔍 HomePagingSource: DB returned 40 works
2026-01-30 14:49:48.774 29280-29280 NxHomeContentRepo       com.fishit.player.v2                 D  🔍 HomePagingSource.load() START | workType=ALL offset=0 loadSize=40
2026-01-30 14:49:48.780 29280-29539 ObjectBoxPagingSource   com.fishit.player.v2                 D  🔍 DB Query: offset=0 loadSize=40 → results=40
2026-01-30 14:49:48.780 29280-29539 NxHomeContentRepo       com.fishit.player.v2                 D  🔍 HomePagingSource: DB returned 40 works
2026-01-30 14:49:48.789 29280-29676 ObjectBoxPagingSource   com.fishit.player.v2                 D  🔍 DB Query: offset=0 loadSize=40 → results=40
2026-01-30 14:49:48.789 29280-29676 NxHomeContentRepo       com.fishit.player.v2                 D  🔍 HomePagingSource: DB returned 40 works
2026-01-30 14:49:48.791 29280-29732 XTC                     com.fishit.player.v2                 D  [VOD] DTO→Raw #2150 | id=xtream:vod:613244 | title="Bird Box: Barcelona | 2023 | 6.7 |" | sourceType=XTREAM | Fields: ✓[year=2023, poster] ✗[plot, cast, director, backdrop, duration, tmdb]
2026-01-30 14:49:48.794 29280-29541 XTC                     com.fishit.player.v2                 D  [LIVE] DTO→Raw #2750 | id=xtream:live:44392 | title="FR: Orange Cinema 2 HD" | sourceType=XTREAM | Fields: ✓[poster] ✗[year, plot, cast, director, backdrop, duration, tmdb]
2026-01-30 14:49:48.796 29280-29540 NxCatalogWriter         com.fishit.player.v2                 D  📥 OPTIMIZED ingestBatch START: 400 items
2026-01-30 14:49:48.864 29280-29520 NxCatalogWriter         com.fishit.player.v2                 D  📥 OPTIMIZED ingestBatch START: 400 items
2026-01-30 14:49:48.879 29280-29280 WM-SystemJobService     com.fishit.player.v2                 D  onStartJob for WorkGenerationalId(workSpecId=fca171f8-0c46-4238-ab32-3498f698e7d9, generation=0)
2026-01-30 14:49:48.886 29280-29567 WM-Processor            com.fishit.player.v2                 D  Work WorkGenerationalId(workSpecId=fca171f8-0c46-4238-ab32-3498f698e7d9, generation=0) is already enqueued for processing
2026-01-30 14:49:48.891 29280-29280 WM-SystemJobService     com.fishit.player.v2                 D  onStartJob for WorkGenerationalId(workSpecId=47d3ae71-16d5-49b2-8070-caeaf1cbfe09, generation=0)
2026-01-30 14:49:48.892 29280-29280 WM-WorkerWrapper        com.fishit.player.v2                 D  Starting work for com.fishit.player.v2.work.CatalogSyncOrchestratorWorker
2026-01-30 14:49:48.894 29280-29541 CatalogSyn...atorWorker com.fishit.player.v2                 I  START sync_run_id=7f59e579-4b39-4871-a3ef-4bb3a84cf463 mode=auto
2026-01-30 14:49:48.896 29280-29570 WM-Processor            com.fishit.player.v2                 D  Work WorkGenerationalId(workSpecId=47d3ae71-16d5-49b2-8070-caeaf1cbfe09, generation=0) is already enqueued for processing
2026-01-30 14:49:48.897 29280-29541 RuntimeGuards           com.fishit.player.v2                 D  Manual sync (auto) - skipping battery guard (level=94%)
2026-01-30 14:49:48.897 29280-29280 WM-WorkerWrapper        com.fishit.player.v2                 D  Starting work for com.fishit.player.v2.work.CatalogSyncOrchestratorWorker
2026-01-30 14:49:48.897 29280-29541 CatalogSyn...atorWorker com.fishit.player.v2                 I  Active sources check: [XTREAM] (isEmpty=false)
2026-01-30 14:49:48.898 29280-29541 CatalogSyn...atorWorker com.fishit.player.v2                 D  Active sources: [XTREAM] (TELEGRAM=false, XTREAM=true, IO=false)
2026-01-30 14:49:48.898 29280-29280 NxHomeContentRepo       com.fishit.player.v2                 D  🔍 HomePagingSource: Processing 0 works for mapping
2026-01-30 14:49:48.899 29280-29521 CatalogSyn...atorWorker com.fishit.player.v2                 I  START sync_run_id=periodic_1769780988492 mode=incremental
2026-01-30 14:49:48.900 29280-29280 NxHomeContentRepo       com.fishit.player.v2                 D  🔍 HomePagingSource: Processing 40 works for mapping
2026-01-30 14:49:48.903 29280-29280 NxHomeContentRepo       com.fishit.player.v2                 D  🔍 HomePagingSource: Processing 40 works for mapping
2026-01-30 14:49:48.903 29280-29541 CatalogSyn...atorWorker com.fishit.player.v2                 D  Enqueued Xtream chain: work_name=catalog_sync_global_xtream policy=KEEP workers=2
2026-01-30 14:49:48.904 29280-29541 CatalogSyn...atorWorker com.fishit.player.v2                 D  Telegram not in active sources - skipping Telegram workers
2026-01-30 14:49:48.905 29280-29541 CatalogSyn...atorWorker com.fishit.player.v2                 D  📊 WorkInfo chains enqueued:
                                                                                                      [XTREAM] work_name=catalog_sync_global_xtream → ENQUEUED
                                                                                                      Use 'adb shell dumpsys jobscheduler' or WorkManager Inspector for detailed state
2026-01-30 14:49:48.906 29280-29541 CatalogSyn...atorWorker com.fishit.player.v2                 I  CHAINS_ENQUEUED duration_ms=12 policy=KEEP sources=XTREAM (downstream workers will report completion)
2026-01-30 14:49:48.906 29280-29521 RuntimeGuards           com.fishit.player.v2                 D  Manual sync (incremental) - skipping battery guard (level=94%)
2026-01-30 14:49:48.907 29280-29521 CatalogSyn...atorWorker com.fishit.player.v2                 I  Active sources check: [XTREAM] (isEmpty=false)
2026-01-30 14:49:48.907 29280-29521 CatalogSyn...atorWorker com.fishit.player.v2                 D  Active sources: [XTREAM] (TELEGRAM=false, XTREAM=true, IO=false)
2026-01-30 14:49:48.909 29280-29521 CatalogSyn...atorWorker com.fishit.player.v2                 D  Enqueued Xtream chain: work_name=catalog_sync_global_xtream policy=KEEP workers=2
2026-01-30 14:49:48.909 29280-29521 CatalogSyn...atorWorker com.fishit.player.v2                 D  Telegram not in active sources - skipping Telegram workers
2026-01-30 14:49:48.909 29280-29521 CatalogSyn...atorWorker com.fishit.player.v2                 D  📊 WorkInfo chains enqueued:
                                                                                                      [XTREAM] work_name=catalog_sync_global_xtream → ENQUEUED
                                                                                                      Use 'adb shell dumpsys jobscheduler' or WorkManager Inspector for detailed state
2026-01-30 14:49:48.910 29280-29521 CatalogSyn...atorWorker com.fishit.player.v2                 I  CHAINS_ENQUEUED duration_ms=12 policy=KEEP sources=XTREAM (downstream workers will report completion)
2026-01-30 14:49:48.916 29280-29570 WM-EnqueueRunnable      com.fishit.player.v2                 E  Prerequisite 28d8661d-ab35-47d0-b003-ee08b9b8e35b doesn't exist; not enqueuing
2026-01-30 14:49:48.918 29280-29567 WM-EnqueueRunnable      com.fishit.player.v2                 E  Prerequisite 790d188d-85b8-498b-8be6-e23d6153feef doesn't exist; not enqueuing
2026-01-30 14:49:48.939 29280-29513 NxCatalogWriter         com.fishit.player.v2                 D  ✅ OPTIMIZED ingestBatch COMPLETE: 400 items | persist_ms=500 total_ms=551 (725 items/sec)
2026-01-30 14:49:48.940 29280-29513 CatalogSyncService      com.fishit.player.v2                 W  Xtream batch (NX): ingested=400 failed=0 hint_warnings=84 ingest_ms=637 total_ms=637
2026-01-30 14:49:48.954 29280-29513 CatalogSyncService      com.fishit.player.v2                 D  Persisting Xtream catalog batch (NX-ONLY): 400 items (canonical_linking=true)
2026-01-30 14:49:48.956 29280-29731 XTC                     com.fishit.player.v2                 D  [SERIES] DTO→Raw #1750 | id=xtream:series:4577 | title="Shantaram" | sourceType=XTREAM | Fields: ✓[plot(534c), cast, poster, duration=3180000ms] ✗[year, director, backdrop, tmdb]
2026-01-30 14:49:48.956 29280-29280 NxHomeContentRepo       com.fishit.player.v2                 D  🔍 HomePagingSource: Processing 40 works for mapping
2026-01-30 14:49:48.957 29280-29280 NxHomeContentRepo       com.fishit.player.v2                 D  🔍 HomePagingSource: Filtered out episodes: 40 → 40
2026-01-30 14:49:48.957 29280-29280 NxHomeContentRepo       com.fishit.player.v2                 D  🔍 HomePagingSource: Processing 40 works for mapping
2026-01-30 14:49:48.960 29280-29516 XTC                     com.fishit.player.v2                 D  [VOD] DTO→Raw #2200 | id=xtream:vod:580171 | title="Infinity Pool | 2023 | 6.3" | sourceType=XTREAM | Fields: ✓[year=2023, poster] ✗[plot, cast, director, backdrop, duration, tmdb]
2026-01-30 14:49:48.961 29280-29520 NxWorkRepository        com.fishit.player.v2                 W  Deduped 6 duplicate workKeys in batch (400 → 394)
2026-01-30 14:49:48.980 29280-29731 XTC                     com.fishit.player.v2                 D  [LIVE] DTO→Raw #2800 | id=xtream:live:44458 | title="FR: AB1 FHD" | sourceType=XTREAM | Fields: ✓[] ✗[year, plot, cast, director, poster, backdrop, duration, tmdb]
2026-01-30 14:49:48.999 29280-29731 XTC                     com.fishit.player.v2                 D  [LIVE] DTO→Raw #2850 | id=xtream:live:791065 | title="LIGUE 1+" | sourceType=XTREAM | Fields: ✓[poster] ✗[year, plot, cast, director, backdrop, duration, tmdb]
2026-01-30 14:49:49.032 29280-29731 XTC                     com.fishit.player.v2                 D  [LIVE] DTO→Raw #2900 | id=xtream:live:44515 | title="FR: EQUIDIA LIVE FHD" | sourceType=XTREAM | Fields: ✓[] ✗[year, plot, cast, director, poster, backdrop, duration, tmdb]
2026-01-30 14:49:49.054 29280-29515 XTC                     com.fishit.player.v2                 D  [VOD] DTO→Raw #2250 | id=xtream:vod:414905 | title="Scream 6 (2023)" | sourceType=XTREAM | Fields: ✓[year=2023, poster] ✗[plot, cast, director, backdrop, duration, tmdb]
2026-01-30 14:49:49.082 29280-29731 XTC                     com.fishit.player.v2                 D  [LIVE] DTO→Raw #2950 | id=xtream:live:124147 | title="FR: AMAZON PRIME 5 FHD" | sourceType=XTREAM | Fields: ✓[] ✗[year, plot, cast, director, poster, backdrop, duration, tmdb]
2026-01-30 14:49:49.089 29280-29675 XTC                     com.fishit.player.v2                 D  [SERIES] DTO→Raw #1800 | id=xtream:series:4656 | title="Truth Be Told - Der Wahrheit auf der Spu" | sourceType=XTREAM | Fields: ✓[plot(277c), cast, poster, duration=2700000ms] ✗[year, director, backdrop, tmdb]
2026-01-30 14:49:49.193 29280-29513 NxCatalogWriter         com.fishit.player.v2                 D  📥 OPTIMIZED ingestBatch START: 400 items
2026-01-30 14:49:49.209 29280-29280 WorkManage...teObserver com.fishit.player.v2                 D  Sync state: ENQUEUED | id=fca171f8 | attempts=0 | tags=[catalog_sync, worker/CatalogSyncOrchestratorWorker, com.fishit.player.v2.work.CatalogSyncOrchestratorWorker, mode_auto]
2026-01-30 14:49:49.211 29280-29280 NxHomeContentRepo       com.fishit.player.v2                 D  🔍 HomePagingSource: Loaded source refs for 0 works
2026-01-30 14:49:49.211 29280-29280 NxHomeContentRepo       com.fishit.player.v2                 I  ✅ HomePagingSource.load() RESULT | workType=CLIP offset=0 count=0 hasNext=false titles=
2026-01-30 14:49:49.223 29280-29542 WM-WorkerWrapper        com.fishit.player.v2                 I  Worker result SUCCESS for Work [ id=fca171f8-0c46-4238-ab32-3498f698e7d9, tags={ com.fishit.player.v2.work.CatalogSyncOrchestratorWorker,catalog_sync,mode_auto,worker/CatalogSyncOrchestratorWorker } ]
2026-01-30 14:49:49.228 29280-29567 WM-WorkerWrapper        com.fishit.player.v2                 I  Worker result SUCCESS for Work [ id=47d3ae71-16d5-49b2-8070-caeaf1cbfe09, tags={ com.fishit.player.v2.work.CatalogSyncOrchestratorWorker,catalog_sync,mode_incremental,worker/CatalogSyncOrchestratorWorker } ]
2026-01-30 14:49:49.308 29280-29513 NxWorkRepository        com.fishit.player.v2                 W  Deduped 3 duplicate workKeys in batch (400 → 397)
2026-01-30 14:49:49.310 29280-29289 ishit.player.v2         com.fishit.player.v2                 I  Background young concurrent copying GC freed 492772(17MB) AllocSpace objects, 0(0B) LOS objects, 16% free, 39MB/46MB, paused 283us,192us total 267.072ms
2026-01-30 14:49:49.422 29280-29288 ishit.player.v2         com.fishit.player.v2                 I  Compiler allocated 7198KB to compile void android.view.ViewRootImpl.performTraversals()
2026-01-30 14:49:49.447 29280-29280 NxHomeContentRepo       com.fishit.player.v2                 D  🔍 HomePagingSource: Loaded source refs for 40 works
2026-01-30 14:49:49.457 29280-29280 NxHomeContentRepo       com.fishit.player.v2                 I  ✅ HomePagingSource.load() RESULT | workType=MOVIE offset=0 count=40 hasNext=true titles="#SchwarzeSchafe", "(Pri)sons", "1 Million Followers"
2026-01-30 14:49:49.476 29280-29280 WorkManage...teObserver com.fishit.player.v2                 D  Sync state: RUNNING | id=fca171f8 | attempts=1 | tags=[catalog_sync, worker/CatalogSyncOrchestratorWorker, com.fishit.player.v2.work.CatalogSyncOrchestratorWorker, mode_auto]
2026-01-30 14:49:49.478 29280-29280 WM-Processor            com.fishit.player.v2                 D  Processor fca171f8-0c46-4238-ab32-3498f698e7d9 executed; reschedule = false
2026-01-30 14:49:49.479 29280-29280 WM-SystemJobService     com.fishit.player.v2                 D  fca171f8-0c46-4238-ab32-3498f698e7d9 executed on JobScheduler
2026-01-30 14:49:49.479 29280-29280 WM-Processor            com.fishit.player.v2                 D  Processor 47d3ae71-16d5-49b2-8070-caeaf1cbfe09 executed; reschedule = false
2026-01-30 14:49:49.480 29280-29280 WM-GreedyScheduler      com.fishit.player.v2                 D  Stopping tracking for WorkGenerationalId(workSpecId=47d3ae71-16d5-49b2-8070-caeaf1cbfe09, generation=0)
2026-01-30 14:49:49.485 29280-29280 WM-SystemJobService     com.fishit.player.v2                 D  47d3ae71-16d5-49b2-8070-caeaf1cbfe09 executed on JobScheduler
2026-01-30 14:49:49.491 29280-29570 WM-GreedyScheduler      com.fishit.player.v2                 D  Cancelling work ID fca171f8-0c46-4238-ab32-3498f698e7d9
2026-01-30 14:49:49.502 29280-29570 WM-SystemJobScheduler   com.fishit.player.v2                 D  Scheduling work ID 47d3ae71-16d5-49b2-8070-caeaf1cbfe09Job ID 4
2026-01-30 14:49:49.519 29280-29570 WM-GreedyScheduler      com.fishit.player.v2                 D  Cancelling work ID 47d3ae71-16d5-49b2-8070-caeaf1cbfe09
2026-01-30 14:49:49.526 29280-29570 WM-BrdcstRcvrCnstrntTrc com.fishit.player.v2                 D  BatteryNotLowTracker: unregistering receiver
2026-01-30 14:49:49.528 29280-29570 WM-NetworkStateTracker  com.fishit.player.v2                 D  Unregistering network callback
2026-01-30 14:49:49.529 29280-29570 ConnectivityManager     com.fishit.player.v2                 D  StackLog: [android.net.ConnectivityManager.unregisterNetworkCallback(ConnectivityManager.java:5076)] [androidx.work.impl.utils.NetworkApi21.unregisterNetworkCallbackCompat(NetworkApi21.kt:28)] [androidx.work.impl.constraints.trackers.NetworkStateTracker24.stopTracking(NetworkStateTracker.kt:180)] [androidx.work.impl.constraints.trackers.ConstraintTracker.removeListener(ConstraintTracker.kt:67)] [androidx.work.impl.constraints.controllers.BaseConstraintController$track$1$1.invoke(ContraintControllers.kt:63)] [androidx.work.impl.constraints.controllers.BaseConstraintController$track$1$1.invoke(ContraintControllers.kt:63)] [kotlinx.coroutines.channels.ProduceKt.awaitClose(Produce.kt:69)] [kotlinx.coroutines.channels.ProduceKt$awaitClose$1.invokeSuspend(Unknown Source:13)] [kotlin.coroutines.jvm.internal.BaseContinuationImpl.resumeWith(ContinuationImpl.kt:34)] [kotlinx.coroutines.DispatchedTask.run(DispatchedTask.kt:98)] [androidx.work.impl.utils.SerialExecutorImpl$Task.run(SerialExecutorImpl.java:96)] [java.util.concurrent.ThreadPoolExecutor.runWorker(ThreadPoolExecutor.java:1145)] [java.util.concurrent.ThreadPoolExecutor$Worker.run(ThreadPoolExecutor.java:644)] [java.lang.Thread.run(Thread.java:1012)]
2026-01-30 14:49:49.623 29280-29289 ishit.player.v2         com.fishit.player.v2                 I  Background concurrent copying GC freed 606427(24MB) AllocSpace objects, 0(0B) LOS objects, 46% free, 27MB/51MB, paused 175us,54us total 141.169ms
2026-01-30 14:49:49.651 29280-29719 TrafficStats            com.fishit.player.v2                 D  tagSocket(133) with statsTag=0xffffffff, statsUid=-1
2026-01-30 14:49:49.658 29280-29280 NxHomeContentRepo       com.fishit.player.v2                 D  🔍 HomePagingSource: Loaded source refs for 40 works
2026-01-30 14:49:49.660 29280-29280 NxHomeContentRepo       com.fishit.player.v2                 I  ✅ HomePagingSource.load() RESULT | workType=SERIES offset=0 count=40 hasNext=true titles="#FreeRayshawn", "11 22 63 – Der Anschlag", "13 Gebote"
2026-01-30 14:49:49.661 29280-29720 TrafficStats            com.fishit.player.v2                 D  tagSocket(140) with statsTag=0xffffffff, statsUid=-1
2026-01-30 14:49:49.667 29280-29280 NxHomeContentRepo       com.fishit.player.v2                 D  🔍 HomePagingSource: Loaded source refs for 40 works
2026-01-30 14:49:49.669 29280-29280 NxHomeContentRepo       com.fishit.player.v2                 I  ✅ HomePagingSource.load() RESULT | workType=ALL offset=0 count=40 hasNext=true titles="Are You The One?", "Ella McCay", "Jane Austen und das Chaos in meinem Leben"
2026-01-30 14:49:49.678 29280-29280 WM-SystemJobService     com.fishit.player.v2                 D  onStopJob for WorkGenerationalId(workSpecId=fca171f8-0c46-4238-ab32-3498f698e7d9, generation=0)
2026-01-30 14:49:49.685 29280-29540 NxCatalogWriter         com.fishit.player.v2                 D  ✅ OPTIMIZED ingestBatch COMPLETE: 400 items | persist_ms=807 total_ms=889 (449 items/sec)
2026-01-30 14:49:49.686 29280-29540 CatalogSyncService      com.fishit.player.v2                 W  Xtream batch (NX): ingested=400 failed=0 hint_warnings=64 ingest_ms=1109 total_ms=1111
2026-01-30 14:49:49.686 29280-29540 CatalogSyncService      com.fishit.player.v2                 D  Consumer#1: 5 batches, 5200 total items
2026-01-30 14:49:49.693 29280-29675 XTC                     com.fishit.player.v2                 D  [VOD] DTO→Raw #2300 | id=xtream:vod:383802 | title="American Murderer (2022)" | sourceType=XTREAM | Fields: ✓[year=2022, poster] ✗[plot, cast, director, backdrop, duration, tmdb]
2026-01-30 14:49:49.699 29280-29280 WM-SystemJobService     com.fishit.player.v2                 D  onStopJob for WorkGenerationalId(workSpecId=47d3ae71-16d5-49b2-8070-caeaf1cbfe09, generation=0)
2026-01-30 14:49:49.703 29280-29747 XTC                     com.fishit.player.v2                 D  [LIVE] DTO→Raw #3000 | id=xtream:live:743659 | title="FR: HISTOIRE HD" | sourceType=XTREAM | Fields: ✓[] ✗[year, plot, cast, director, poster, backdrop, duration, tmdb]
2026-01-30 14:49:49.712 29280-29731 XtreamCatalogScanWorker com.fishit.player.v2                 D  PROGRESS discovered=7141 persisted=5200 phase=N/A
2026-01-30 14:49:49.712 29280-29515 XTC                     com.fishit.player.v2                 D  [SERIES] DTO→Raw #1850 | id=xtream:series:4755 | title="The Great Game" | sourceType=XTREAM | Fields: ✓[plot(321c), cast, poster, duration=3360000ms] ✗[year, director, backdrop, tmdb]
2026-01-30 14:49:49.748 29280-29515 XTC                     com.fishit.player.v2                 D  [SERIES] DTO→Raw #1900 | id=xtream:series:4854 | title="Last X-mas - 24 Tage für die Liebe" | sourceType=XTREAM | Fields: ✓[plot(632c), cast, poster] ✗[year, director, backdrop, duration, tmdb]
2026-01-30 14:49:49.748 29280-29540 CatalogSyncService      com.fishit.player.v2                 D  Persisting Xtream catalog batch (NX-ONLY): 400 items (canonical_linking=true)
2026-01-30 14:49:49.756 29280-29675 XTC                     com.fishit.player.v2                 D  [VOD] DTO→Raw #2350 | id=xtream:vod:383892 | title="Familie um jeden Preis (2022)" | sourceType=XTREAM | Fields: ✓[year=2022, poster] ✗[plot, cast, director, backdrop, duration, tmdb]
2026-01-30 14:49:49.762 29280-29515 XTC                     com.fishit.player.v2                 D  [SERIES] DTO→Raw #1950 | id=xtream:series:4952 | title="Vienna Blood" | sourceType=XTREAM | Fields: ✓[plot(715c), cast, poster, duration=5340000ms] ✗[year, director, backdrop, tmdb]
2026-01-30 14:49:49.781 29280-29747 XTC                     com.fishit.player.v2                 D  [LIVE] DTO→Raw #3050 | id=xtream:live:54814 | title="BE: Voo Sport World 3 HD" | sourceType=XTREAM | Fields: ✓[] ✗[year, plot, cast, director, poster, backdrop, duration, tmdb]
2026-01-30 14:49:49.791 29280-29718 TrafficStats            com.fishit.player.v2                 D  tagSocket(143) with statsTag=0xffffffff, statsUid=-1
2026-01-30 14:49:49.798 29280-29675 XTC                     com.fishit.player.v2                 D  [VOD] DTO→Raw #2400 | id=xtream:vod:384013 | title="Happy Nous Year (2022)" | sourceType=XTREAM | Fields: ✓[year=2022, poster] ✗[plot, cast, director, backdrop, duration, tmdb]
2026-01-30 14:49:49.807 29280-29720 TrafficStats            com.fishit.player.v2                 D  tagSocket(135) with statsTag=0xffffffff, statsUid=-1
2026-01-30 14:49:49.829 29280-29719 TrafficStats            com.fishit.player.v2                 D  tagSocket(175) with statsTag=0xffffffff, statsUid=-1
2026-01-30 14:49:49.853 29280-29718 TrafficStats            com.fishit.player.v2                 D  tagSocket(176) with statsTag=0xffffffff, statsUid=-1
2026-01-30 14:49:49.939 29280-29280 NxHomeContentRepo       com.fishit.player.v2                 D  🔍 HomePagingSource: Loaded source refs for 40 works
2026-01-30 14:49:49.944 29280-29280 NxHomeContentRepo       com.fishit.player.v2                 I  ✅ HomePagingSource.load() RESULT | workType=LIVE_CHANNEL offset=0 count=40 hasNext=true titles="#### MAGENTA Sport ####", "00s Replay", "48 Hours"
2026-01-30 14:49:49.976 29280-29520 NxCatalogWriter         com.fishit.player.v2                 D  ✅ OPTIMIZED ingestBatch COMPLETE: 400 items | persist_ms=1016 total_ms=1113 (359 items/sec)
2026-01-30 14:49:49.983 29280-29520 CatalogSyncService      com.fishit.player.v2                 W  Xtream batch (NX): ingested=400 failed=0 hint_warnings=56 ingest_ms=1269 total_ms=1289
2026-01-30 14:49:49.984 29280-29520 CatalogSyncService      com.fishit.player.v2                 D  Consumer#0: 5 batches, 5600 total items
2026-01-30 14:49:50.013 29280-29521 XTC                     com.fishit.player.v2                 D  [SERIES] DTO→Raw #2000 | id=xtream:series:5054 | title="Planet Sex mit Cara Delevingne" | sourceType=XTREAM | Fields: ✓[plot(231c), cast, poster, duration=2700000ms] ✗[year, director, backdrop, tmdb]
2026-01-30 14:49:50.015 29280-29730 XTC                     com.fishit.player.v2                 D  [LIVE] DTO→Raw #3100 | id=xtream:live:178407 | title="RU: Диалоги о рыбалке FHD" | sourceType=XTREAM | Fields: ✓[poster] ✗[year, plot, cast, director, backdrop, duration, tmdb]
2026-01-30 14:49:50.025 29280-29760 XtreamCatalogScanWorker com.fishit.player.v2                 D  PROGRESS discovered=7511 persisted=5600 phase=N/A
2026-01-30 14:49:50.032 29280-29730 XTC                     com.fishit.player.v2                 D  [LIVE] DTO→Raw #3150 | id=xtream:live:178457 | title="RU: Дом кино премиум FHD" | sourceType=XTREAM | Fields: ✓[poster] ✗[year, plot, cast, director, backdrop, duration, tmdb]
2026-01-30 14:49:50.041 29280-29730 XTC                     com.fishit.player.v2                 D  [LIVE] DTO→Raw #3200 | id=xtream:live:178508 | title="RU: Киносемья FHD" | sourceType=XTREAM | Fields: ✓[poster] ✗[year, plot, cast, director, backdrop, duration, tmdb]
2026-01-30 14:49:50.045 29280-29516 XTC                     com.fishit.player.v2                 D  [VOD] DTO→Raw #2450 | id=xtream:vod:384103 | title="Batman und Superman: Kampf der Supersöhn" | sourceType=XTREAM | Fields: ✓[year=2022, poster] ✗[plot, cast, director, backdrop, duration, tmdb]
2026-01-30 14:49:50.050 29280-29520 CatalogSyncService      com.fishit.player.v2                 D  Persisting Xtream catalog batch (NX-ONLY): 400 items (canonical_linking=true)
2026-01-30 14:49:50.063 29280-29730 XTC                     com.fishit.player.v2                 D  [LIVE] DTO→Raw #3250 | id=xtream:live:178566 | title="RU: Матч! Футбол 2 FHD" | sourceType=XTREAM | Fields: ✓[poster] ✗[year, plot, cast, director, backdrop, duration, tmdb]
2026-01-30 14:49:50.077 29280-29730 XTC                     com.fishit.player.v2                 D  [LIVE] DTO→Raw #3300 | id=xtream:live:178625 | title="RU: Россия 1 FHD" | sourceType=XTREAM | Fields: ✓[poster] ✗[year, plot, cast, director, backdrop, duration, tmdb]
2026-01-30 14:49:50.090 29280-29730 NxCatalogWriter         com.fishit.player.v2                 D  📥 OPTIMIZED ingestBatch START: 400 items
2026-01-30 14:49:50.091 29280-29719 TrafficStats            com.fishit.player.v2                 D  tagSocket(135) with statsTag=0xffffffff, statsUid=-1
2026-01-30 14:49:50.095 29280-29280 WorkManage...teObserver com.fishit.player.v2                 I  Sync state: SUCCEEDED
2026-01-30 14:49:50.107 29280-29760 XTC                     com.fishit.player.v2                 D  [VOD] DTO→Raw #2500 | id=xtream:vod:384161 | title="Emily the Criminal (2022)" | sourceType=XTREAM | Fields: ✓[year=2022, poster] ✗[plot, cast, director, backdrop, duration, tmdb]
2026-01-30 14:49:50.126 29280-29516 XTC                     com.fishit.player.v2                 D  [LIVE] DTO→Raw #3350 | id=xtream:live:178663 | title="RU: MTV Live FHD" | sourceType=XTREAM | Fields: ✓[poster] ✗[year, plot, cast, director, backdrop, duration, tmdb]
