2026-01-30 15:37:23.372 17893-18149 XTC                     com.fishit.player.v2                 D  [SERIES] DTO→Raw #1500 | id=xtream:series:3803 | title="Gossip Girl" | sourceType=XTREAM | Fields: ✓[plot(593c), cast, poster, duration=2520000ms] ✗[year, director, backdrop, tmdb]
2026-01-30 15:37:23.374 17893-18877 XTC                     com.fishit.player.v2                 D  [LIVE] DTO→Raw #2050 | id=xtream:live:57393 | title="SLOVENIA CHANNELS" | sourceType=XTREAM | Fields: ✓[] ✗[year, plot, cast, director, poster, backdrop, duration, tmdb]
2026-01-30 15:37:23.374 17893-18880 NxCatalogWriter         com.fishit.player.v2                 D  ✅ OPTIMIZED ingestBatch COMPLETE: 100 items | persist_ms=78 total_ms=95 (1052 items/sec)
2026-01-30 15:37:23.374 17893-18880 CatalogSyncService      com.fishit.player.v2                 W  Xtream batch (NX): ingested=100 failed=0 hint_warnings=23 ingest_ms=120 total_ms=120
2026-01-30 15:37:23.376 17893-18880 CatalogSyncService      com.fishit.player.v2                 D  Persisting Xtream catalog batch (NX-ONLY): 100 items (canonical_linking=true)
2026-01-30 15:37:23.378 17893-18879 XTC                     com.fishit.player.v2                 D  [VOD] DTO→Raw #1950 | id=xtream:vod:655613 | title="War of the Worlds: The Attack | 2023 | 5" | sourceType=XTREAM | Fields: ✓[year=2023, poster] ✗[plot, cast, director, backdrop, duration, tmdb]
2026-01-30 15:37:23.382 17893-18085 NxWorkRepository        com.fishit.player.v2                 W  Deduped 1 duplicate workKeys in batch (100 → 99)
2026-01-30 15:37:23.384 17893-18877 XtreamCatalogScanWorker com.fishit.player.v2                 D  PROGRESS discovered=5488 persisted=5000 phase=N/A
2026-01-30 15:37:23.394 17893-18879 XTC                     com.fishit.player.v2                 D  [VOD] DTO→Raw #2000 | id=xtream:vod:641588 | title="Meinen Hass bekommt ihr nicht | 2022 | 5" | sourceType=XTREAM | Fields: ✓[year=2022, poster] ✗[plot, cast, director, backdrop, duration, tmdb]
2026-01-30 15:37:23.401 17893-18875 NxCatalogWriter         com.fishit.player.v2                 D  📥 OPTIMIZED ingestBatch START: 100 items
2026-01-30 15:37:23.401 17893-18880 XtreamCatalogScanWorker com.fishit.player.v2                 D  PROGRESS discovered=5581 persisted=5000 phase=N/A
2026-01-30 15:37:23.401 17893-18150 NxCatalogWriter         com.fishit.player.v2                 D  📥 OPTIMIZED ingestBatch START: 100 items
2026-01-30 15:37:23.413 17893-18084 XTC                     com.fishit.player.v2                 D  [LIVE] DTO→Raw #2100 | id=xtream:live:68354 | title="MK: MPT 3" | sourceType=XTREAM | Fields: ✓[poster] ✗[year, plot, cast, director, backdrop, duration, tmdb]
2026-01-30 15:37:23.438 17893-18084 XTC                     com.fishit.player.v2                 D  [LIVE] DTO→Raw #2150 | id=xtream:live:112383 | title="CRO: Arena Sport 8 FHD" | sourceType=XTREAM | Fields: ✓[poster] ✗[year, plot, cast, director, backdrop, duration, tmdb]
2026-01-30 15:37:23.451 17893-18084 CatalogSyncBootstrap    com.fishit.player.v2                 I  Catalog sync bootstrap triggered; activeSources=[XTREAM]
2026-01-30 15:37:23.451 17893-18084 CatalogSyncScheduler    com.fishit.player.v2                 D  Enqueueing AUTO sync
2026-01-30 15:37:23.451 17893-18150 NxWorkRepository        com.fishit.player.v2                 W  Deduped 3 duplicate workKeys in batch (100 → 97)
2026-01-30 15:37:23.453 17893-18084 CatalogSyncScheduler    com.fishit.player.v2                 D  Scheduling periodic incremental sync every 2 hours
2026-01-30 15:37:23.455 17893-18085 NxCatalogWriter         com.fishit.player.v2                 D  ✅ OPTIMIZED ingestBatch COMPLETE: 100 items | persist_ms=73 total_ms=93 (1075 items/sec)
2026-01-30 15:37:23.455 17893-18084 CatalogSyncScheduler    com.fishit.player.v2                 I  Periodic incremental sync scheduled: every 2 hours
2026-01-30 15:37:23.456 17893-18085 CatalogSyncService      com.fishit.player.v2                 W  Xtream batch (NX): ingested=100 failed=0 hint_warnings=10 ingest_ms=115 total_ms=115
2026-01-30 15:37:23.456 17893-18084 CatalogSyncBootstrap    com.fishit.player.v2                 I  Periodic incremental sync scheduled: every 2h
2026-01-30 15:37:23.458 17893-18085 CatalogSyncService      com.fishit.player.v2                 D  Persisting Xtream catalog batch (NX-ONLY): 100 items (canonical_linking=true)
2026-01-30 15:37:23.473 17893-18880 XTC                     com.fishit.player.v2                 D  [LIVE] DTO→Raw #2200 | id=xtream:live:81562 | title="EYXU PINK" | sourceType=XTREAM | Fields: ✓[] ✗[year, plot, cast, director, poster, backdrop, duration, tmdb]
2026-01-30 15:37:23.482 17893-18194 WM-SystemJobScheduler   com.fishit.player.v2                 D  Scheduling work ID 398a64de-1eeb-46d1-b11e-0bf55a8335c0Job ID 3
2026-01-30 15:37:23.491 17893-18085 NxCatalogWriter         com.fishit.player.v2                 D  📥 OPTIMIZED ingestBatch START: 100 items
2026-01-30 15:37:23.491 17893-18194 WM-GreedyScheduler      com.fishit.player.v2                 D  Starting work for 398a64de-1eeb-46d1-b11e-0bf55a8335c0
2026-01-30 15:37:23.492 17893-17893 WM-SystemJobService     com.fishit.player.v2                 D  onStartJob for WorkGenerationalId(workSpecId=398a64de-1eeb-46d1-b11e-0bf55a8335c0, generation=0)
2026-01-30 15:37:23.508 17893-18085 NxWorkRepository        com.fishit.player.v2                 W  Deduped 1 duplicate workKeys in batch (100 → 99)
2026-01-30 15:37:23.513 17893-18194 WM-SystemJobScheduler   com.fishit.player.v2                 D  Scheduling work ID 839d3568-3884-436f-ad86-1b9e6ec34807Job ID 4
2026-01-30 15:37:23.519 17893-18194 WM-GreedyScheduler      com.fishit.player.v2                 D  Starting tracking for 839d3568-3884-436f-ad86-1b9e6ec34807
2026-01-30 15:37:23.524 17893-18194 WM-Processor            com.fishit.player.v2                 D  Processor: processing WorkGenerationalId(workSpecId=398a64de-1eeb-46d1-b11e-0bf55a8335c0, generation=0)
2026-01-30 15:37:23.525 17893-17893 WM-SystemJobService     com.fishit.player.v2                 D  onStartJob for WorkGenerationalId(workSpecId=839d3568-3884-436f-ad86-1b9e6ec34807, generation=0)
2026-01-30 15:37:23.526 17893-18194 WM-Processor            com.fishit.player.v2                 D  Work WorkGenerationalId(workSpecId=398a64de-1eeb-46d1-b11e-0bf55a8335c0, generation=0) is already enqueued for processing
2026-01-30 15:37:23.533 17893-17893 WM-WorkerWrapper        com.fishit.player.v2                 D  Starting work for com.fishit.player.v2.work.CatalogSyncOrchestratorWorker
2026-01-30 15:37:23.534 17893-18194 WM-Processor            com.fishit.player.v2                 D  Processor: processing WorkGenerationalId(workSpecId=839d3568-3884-436f-ad86-1b9e6ec34807, generation=0)
2026-01-30 15:37:23.535 17893-18879 CatalogSyn...atorWorker com.fishit.player.v2                 I  START sync_run_id=e1d1402d-1ce3-4996-8f0b-da83f91ade79 mode=auto
2026-01-30 15:37:23.538 17893-18879 RuntimeGuards           com.fishit.player.v2                 D  Manual sync (auto) - skipping battery guard (level=100%)
2026-01-30 15:37:23.539 17893-18879 CatalogSyn...atorWorker com.fishit.player.v2                 I  Active sources check: [XTREAM] (isEmpty=false)
2026-01-30 15:37:23.539 17893-18879 CatalogSyn...atorWorker com.fishit.player.v2                 D  Active sources: [XTREAM] (TELEGRAM=false, XTREAM=true, IO=false)
2026-01-30 15:37:23.540 17893-17893 WM-WorkerWrapper        com.fishit.player.v2                 D  Starting work for com.fishit.player.v2.work.CatalogSyncOrchestratorWorker
2026-01-30 15:37:23.541 17893-18149 CatalogSyn...atorWorker com.fishit.player.v2                 I  START sync_run_id=periodic_1769783843454 mode=incremental
2026-01-30 15:37:23.541 17893-18194 WM-ConstraintTracker    com.fishit.player.v2                 D  BatteryNotLowTracker: initial state = true
2026-01-30 15:37:23.542 17893-18194 WM-BrdcstRcvrCnstrntTrc com.fishit.player.v2                 D  BatteryNotLowTracker: registering receiver
2026-01-30 15:37:23.543 17893-18879 CatalogSyn...atorWorker com.fishit.player.v2                 D  Enqueued Xtream chain: work_name=catalog_sync_global_xtream policy=KEEP workers=2
2026-01-30 15:37:23.543 17893-18149 RuntimeGuards           com.fishit.player.v2                 D  Manual sync (incremental) - skipping battery guard (level=100%)
2026-01-30 15:37:23.543 17893-18879 CatalogSyn...atorWorker com.fishit.player.v2                 D  Telegram not in active sources - skipping Telegram workers
2026-01-30 15:37:23.544 17893-18879 CatalogSyn...atorWorker com.fishit.player.v2                 D  📊 WorkInfo chains enqueued:
                                                                                                      [XTREAM] work_name=catalog_sync_global_xtream → ENQUEUED
                                                                                                      Use 'adb shell dumpsys jobscheduler' or WorkManager Inspector for detailed state
2026-01-30 15:37:23.544 17893-18879 CatalogSyn...atorWorker com.fishit.player.v2                 I  CHAINS_ENQUEUED duration_ms=9 policy=KEEP sources=XTREAM (downstream workers will report completion)
2026-01-30 15:37:23.544 17893-18149 CatalogSyn...atorWorker com.fishit.player.v2                 I  Active sources check: [XTREAM] (isEmpty=false)
2026-01-30 15:37:23.545 17893-18149 CatalogSyn...atorWorker com.fishit.player.v2                 D  Active sources: [XTREAM] (TELEGRAM=false, XTREAM=true, IO=false)
2026-01-30 15:37:23.547 17893-18194 WM-ConstraintTracker    com.fishit.player.v2                 D  NetworkStateTracker24: initial state = NetworkState(isConnected=true, isValidated=true, isMetered=true, isNotRoaming=true)
2026-01-30 15:37:23.547 17893-18194 WM-NetworkStateTracker  com.fishit.player.v2                 D  Registering network callback
2026-01-30 15:37:23.549 17893-18194 ConnectivityManager     com.fishit.player.v2                 D  StackLog: [android.net.ConnectivityManager.sendRequestForNetwork(ConnectivityManager.java:4402)] [android.net.ConnectivityManager.registerDefaultNetworkCallbackForUid(ConnectivityManager.java:4966)] [android.net.ConnectivityManager.registerDefaultNetworkCallback(ConnectivityManager.java:4933)] [android.net.ConnectivityManager.registerDefaultNetworkCallback(ConnectivityManager.java:4907)] [androidx.work.impl.utils.NetworkApi24.registerDefaultNetworkCallbackCompat(NetworkApi24.kt:26)] [androidx.work.impl.constraints.trackers.NetworkStateTracker24.startTracking(NetworkStateTracker.kt:165)] [androidx.work.impl.constraints.trackers.ConstraintTracker.addListener(ConstraintTracker.kt:52)] [androidx.work.impl.constraints.controllers.BaseConstraintController$track$1.invokeSuspend(ContraintControllers.kt:62)] [androidx.work.impl.constraints.controllers.BaseConstraintController$track$1.invoke(Unknown Source:8)] [androidx.work.impl.constraints.controllers.BaseConstraintController$track$1.invoke(Unknown Source:4)] [kotlinx.coroutines.flow.ChannelFlowBuilder.collectTo$suspendImpl(Builders.kt:316)] [kotlinx.coroutines.flow.ChannelFlowBuilder.collectTo(Unknown Source:0)] [kotlinx.coroutines.flow.CallbackFlowBuilder.collectTo(Builders.kt:330)] [kotlinx.coroutines.flow.internal.ChannelFlow$collectToFun$1.invokeSuspend(ChannelFlow.kt:56)] [kotlin.coroutines.jvm.internal.BaseContinuationImpl.resumeWith(ContinuationImpl.kt:34)] [kotlinx.coroutines.DispatchedTask.run(DispatchedTask.kt:100)] [androidx.work.impl.utils.SerialExecutorImpl$Task.run(SerialExecutorImpl.java:96)] [java.util.concurrent.ThreadPoolExecutor.runWorker(ThreadPoolExecutor.java:1145)] [java.util.concurrent.ThreadPoolExecutor$Worker.run(ThreadPoolExecutor.java:644)] [java.lang.Thread.run(Thread.java:1012)]
2026-01-30 15:37:23.554 17893-18149 CatalogSyn...atorWorker com.fishit.player.v2                 D  Enqueued Xtream chain: work_name=catalog_sync_global_xtream policy=KEEP workers=2
2026-01-30 15:37:23.555 17893-18149 CatalogSyn...atorWorker com.fishit.player.v2                 D  Telegram not in active sources - skipping Telegram workers
2026-01-30 15:37:23.556 17893-18149 CatalogSyn...atorWorker com.fishit.player.v2                 D  📊 WorkInfo chains enqueued:
                                                                                                      [XTREAM] work_name=catalog_sync_global_xtream → ENQUEUED
                                                                                                      Use 'adb shell dumpsys jobscheduler' or WorkManager Inspector for detailed state
2026-01-30 15:37:23.556 17893-18149 CatalogSyn...atorWorker com.fishit.player.v2                 I  CHAINS_ENQUEUED duration_ms=15 policy=KEEP sources=XTREAM (downstream workers will report completion)
2026-01-30 15:37:23.559 17893-19283 WM-NetworkStateTracker  com.fishit.player.v2                 D  Network capabilities changed: [ Transports: CELLULAR Capabilities: SUPL&INTERNET&NOT_RESTRICTED&TRUSTED&NOT_VPN&VALIDATED&NOT_ROAMING&FOREGROUND&NOT_CONGESTED&NOT_SUSPENDED&NOT_VCN_MANAGED LinkUpBandwidth>=38374Kbps LinkDnBandwidth>=60620Kbps Specifier: <TelephonyNetworkSpecifier [mSubId = 1]> SubscriptionIds: {1} UnderlyingNetworks: Null]
2026-01-30 15:37:23.560 17893-18194 WM-EnqueueRunnable      com.fishit.player.v2                 E  Prerequisite 587dae5f-fef6-48b2-ba81-ab0547e948eb doesn't exist; not enqueuing
2026-01-30 15:37:23.561 17893-18194 WM-WorkerWrapper        com.fishit.player.v2                 I  Worker result SUCCESS for Work [ id=398a64de-1eeb-46d1-b11e-0bf55a8335c0, tags={ com.fishit.player.v2.work.CatalogSyncOrchestratorWorker,catalog_sync,mode_auto,worker/CatalogSyncOrchestratorWorker } ]
2026-01-30 15:37:23.563 17893-17893 WM-Processor            com.fishit.player.v2                 D  Processor 398a64de-1eeb-46d1-b11e-0bf55a8335c0 executed; reschedule = false
2026-01-30 15:37:23.563 17893-17893 WM-SystemJobService     com.fishit.player.v2                 D  398a64de-1eeb-46d1-b11e-0bf55a8335c0 executed on JobScheduler
2026-01-30 15:37:23.565 17893-18194 WM-EnqueueRunnable      com.fishit.player.v2                 E  Prerequisite fe56684b-ac61-40c9-97a1-84464472a82a doesn't exist; not enqueuing
2026-01-30 15:37:23.567 17893-18194 WM-WorkerWrapper        com.fishit.player.v2                 I  Worker result SUCCESS for Work [ id=839d3568-3884-436f-ad86-1b9e6ec34807, tags={ com.fishit.player.v2.work.CatalogSyncOrchestratorWorker,catalog_sync,mode_incremental,worker/CatalogSyncOrchestratorWorker } ]
2026-01-30 15:37:23.571 17893-17893 WM-Processor            com.fishit.player.v2                 D  Processor 839d3568-3884-436f-ad86-1b9e6ec34807 executed; reschedule = false
2026-01-30 15:37:23.571 17893-17893 WM-GreedyScheduler      com.fishit.player.v2                 D  Stopping tracking for WorkGenerationalId(workSpecId=839d3568-3884-436f-ad86-1b9e6ec34807, generation=0)
2026-01-30 15:37:23.572 17893-18875 NxCatalogWriter         com.fishit.player.v2                 D  ✅ OPTIMIZED ingestBatch COMPLETE: 100 items | persist_ms=138 total_ms=171 (584 items/sec)
2026-01-30 15:37:23.573 17893-17893 WM-SystemJobService     com.fishit.player.v2                 D  839d3568-3884-436f-ad86-1b9e6ec34807 executed on JobScheduler
2026-01-30 15:37:23.575 17893-18194 WM-GreedyScheduler      com.fishit.player.v2                 D  Cancelling work ID 398a64de-1eeb-46d1-b11e-0bf55a8335c0
2026-01-30 15:37:23.576 17893-18875 CatalogSyncService      com.fishit.player.v2                 W  Xtream batch (NX): ingested=100 failed=0 hint_warnings=16 ingest_ms=207 total_ms=207
2026-01-30 15:37:23.579 17893-18084 XTC                     com.fishit.player.v2                 D  [VOD] DTO→Raw #2050 | id=xtream:vod:639373 | title="A Life Too Short: The Isabella Nardoni C" | sourceType=XTREAM | Fields: ✓[year=2023, poster] ✗[plot, cast, director, backdrop, duration, tmdb]
2026-01-30 15:37:23.583 17893-18875 CatalogSyncService      com.fishit.player.v2                 D  Persisting Xtream catalog batch (NX-ONLY): 100 items (canonical_linking=true)
2026-01-30 15:37:23.583 17893-18194 WM-SystemJobScheduler   com.fishit.player.v2                 D  Scheduling work ID 839d3568-3884-436f-ad86-1b9e6ec34807Job ID 4
2026-01-30 15:37:23.591 17893-18194 WM-GreedyScheduler      com.fishit.player.v2                 D  Cancelling work ID 839d3568-3884-436f-ad86-1b9e6ec34807
2026-01-30 15:37:23.595 17893-18194 WM-BrdcstRcvrCnstrntTrc com.fishit.player.v2                 D  BatteryNotLowTracker: unregistering receiver
2026-01-30 15:37:23.597 17893-18194 WM-NetworkStateTracker  com.fishit.player.v2                 D  Unregistering network callback
2026-01-30 15:37:23.598 17893-18194 ConnectivityManager     com.fishit.player.v2                 D  StackLog: [android.net.ConnectivityManager.unregisterNetworkCallback(ConnectivityManager.java:5076)] [androidx.work.impl.utils.NetworkApi21.unregisterNetworkCallbackCompat(NetworkApi21.kt:28)] [androidx.work.impl.constraints.trackers.NetworkStateTracker24.stopTracking(NetworkStateTracker.kt:180)] [androidx.work.impl.constraints.trackers.ConstraintTracker.removeListener(ConstraintTracker.kt:67)] [androidx.work.impl.constraints.controllers.BaseConstraintController$track$1$1.invoke(ContraintControllers.kt:63)] [androidx.work.impl.constraints.controllers.BaseConstraintController$track$1$1.invoke(ContraintControllers.kt:63)] [kotlinx.coroutines.channels.ProduceKt.awaitClose(Produce.kt:69)] [kotlinx.coroutines.channels.ProduceKt$awaitClose$1.invokeSuspend(Unknown Source:13)] [kotlin.coroutines.jvm.internal.BaseContinuationImpl.resumeWith(ContinuationImpl.kt:34)] [kotlinx.coroutines.DispatchedTask.run(DispatchedTask.kt:98)] [androidx.work.impl.utils.SerialExecutorImpl$Task.run(SerialExecutorImpl.java:96)] [java.util.concurrent.ThreadPoolExecutor.runWorker(ThreadPoolExecutor.java:1145)] [java.util.concurrent.ThreadPoolExecutor$Worker.run(ThreadPoolExecutor.java:644)] [java.lang.Thread.run(Thread.java:1012)]
2026-01-30 15:37:23.609 17893-18149 XTC                     com.fishit.player.v2                 D  [LIVE] DTO→Raw #2250 | id=xtream:live:68054 | title="SRB: Fox Crime" | sourceType=XTREAM | Fields: ✓[poster] ✗[year, plot, cast, director, backdrop, duration, tmdb]
2026-01-30 15:37:23.631 17893-18150 NxCatalogWriter         com.fishit.player.v2                 D  ✅ OPTIMIZED ingestBatch COMPLETE: 100 items | persist_ms=180 total_ms=230 (434 items/sec)
2026-01-30 15:37:23.632 17893-18150 CatalogSyncService      com.fishit.player.v2                 W  Xtream batch (NX): ingested=100 failed=0 hint_warnings=15 ingest_ms=255 total_ms=255
2026-01-30 15:37:23.632 17893-18875 NxCatalogWriter         com.fishit.player.v2                 D  📥 OPTIMIZED ingestBatch START: 100 items
2026-01-30 15:37:23.637 17893-18150 CatalogSyncService      com.fishit.player.v2                 D  Persisting Xtream catalog batch (NX-ONLY): 100 items (canonical_linking=true)
2026-01-30 15:37:23.640 17893-18880 XTC                     com.fishit.player.v2                 D  [VOD] DTO→Raw #2100 | id=xtream:vod:622323 | title="Operacja: Soulcatcher | 2023 | 6.4 |" | sourceType=XTREAM | Fields: ✓[year=2023, poster] ✗[plot, cast, director, backdrop, duration, tmdb]
2026-01-30 15:37:23.640 17893-18149 XTC                     com.fishit.player.v2                 D  [SERIES] DTO→Raw #1550 | id=xtream:series:3957 | title="Befruchtet" | sourceType=XTREAM | Fields: ✓[plot(166c), cast, poster, duration=2100000ms] ✗[year, director, backdrop, tmdb]
2026-01-30 15:37:23.667 17893-18150 NxCatalogWriter         com.fishit.player.v2                 D  📥 OPTIMIZED ingestBatch START: 100 items
2026-01-30 15:37:23.668 17893-18085 NxCatalogWriter         com.fishit.player.v2                 D  ✅ OPTIMIZED ingestBatch COMPLETE: 100 items | persist_ms=161 total_ms=177 (564 items/sec)
2026-01-30 15:37:23.669 17893-18085 CatalogSyncService      com.fishit.player.v2                 W  Xtream batch (NX): ingested=100 failed=0 hint_warnings=2 ingest_ms=211 total_ms=211
2026-01-30 15:37:23.672 17893-18085 CatalogSyncService      com.fishit.player.v2                 D  Persisting Xtream catalog batch (NX-ONLY): 100 items (canonical_linking=true)
2026-01-30 15:37:23.695 17893-18150 NxWorkRepository        com.fishit.player.v2                 W  Deduped 1 duplicate workKeys in batch (100 → 99)
2026-01-30 15:37:23.696 17893-18086 XTC                     com.fishit.player.v2                 D  [VOD] DTO→Raw #2150 | id=xtream:vod:613244 | title="Bird Box: Barcelona | 2023 | 6.7 |" | sourceType=XTREAM | Fields: ✓[year=2023, poster] ✗[plot, cast, director, backdrop, duration, tmdb]
2026-01-30 15:37:23.698 17893-18149 XTC                     com.fishit.player.v2                 D  [LIVE] DTO→Raw #2300 | id=xtream:live:80163 | title="EXYU: BBC Earth" | sourceType=XTREAM | Fields: ✓[poster] ✗[year, plot, cast, director, backdrop, duration, tmdb]
2026-01-30 15:37:23.709 17893-18085 NxCatalogWriter         com.fishit.player.v2                 D  📥 OPTIMIZED ingestBatch START: 100 items
2026-01-30 15:37:23.730 17893-18085 NxWorkRepository        com.fishit.player.v2                 W  Deduped 6 duplicate workKeys in batch (100 → 94)
2026-01-30 15:37:23.761 17893-18875 NxCatalogWriter         com.fishit.player.v2                 D  ✅ OPTIMIZED ingestBatch COMPLETE: 100 items | persist_ms=104 total_ms=127 (787 items/sec)
2026-01-30 15:37:23.762 17893-18875 CatalogSyncService      com.fishit.player.v2                 W  Xtream batch (NX): ingested=100 failed=0 hint_warnings=15 ingest_ms=177 total_ms=179
2026-01-30 15:37:23.777 17893-18149 XTC                     com.fishit.player.v2                 D  [LIVE] DTO→Raw #2350 | id=xtream:live:71045 | title="CR: Narodni TV" | sourceType=XTREAM | Fields: ✓[] ✗[year, plot, cast, director, poster, backdrop, duration, tmdb]
2026-01-30 15:37:23.779 17893-18875 CatalogSyncService      com.fishit.player.v2                 D  Persisting Xtream catalog batch (NX-ONLY): 100 items (canonical_linking=true)
2026-01-30 15:37:23.793 17893-18148 XTC                     com.fishit.player.v2                 D  [SERIES] DTO→Raw #1600 | id=xtream:series:4083 | title="The Terminal List - Die Abschussliste" | sourceType=XTREAM | Fields: ✓[plot(317c), cast, poster, duration=3600000ms] ✗[year, director, backdrop, tmdb]
2026-01-30 15:37:23.797 17893-18878 XTC                     com.fishit.player.v2                 D  [VOD] DTO→Raw #2200 | id=xtream:vod:580171 | title="Infinity Pool | 2023 | 6.3" | sourceType=XTREAM | Fields: ✓[year=2023, poster] ✗[plot, cast, director, backdrop, duration, tmdb]
2026-01-30 15:37:23.808 17893-17927 ishit.player.v2         com.fishit.player.v2                 I  Background concurrent copying GC freed 640584(22MB) AllocSpace objects, 0(0B) LOS objects, 49% free, 21MB/43MB, paused 509us,94us total 108.690ms
2026-01-30 15:37:23.822 17893-18875 NxCatalogWriter         com.fishit.player.v2                 D  📥 OPTIMIZED ingestBatch START: 100 items
2026-01-30 15:37:23.852 17893-18150 NxCatalogWriter         com.fishit.player.v2                 D  ✅ OPTIMIZED ingestBatch COMPLETE: 100 items | persist_ms=158 total_ms=185 (540 items/sec)
2026-01-30 15:37:23.853 17893-18150 CatalogSyncService      com.fishit.player.v2                 D  Xtream batch complete (NX): ingested=100 ingest_ms=213 total_ms=216
2026-01-30 15:37:23.856 17893-18150 CatalogSyncService      com.fishit.player.v2                 D  Persisting Xtream catalog batch (NX-ONLY): 100 items (canonical_linking=true)
2026-01-30 15:37:23.891 17893-18150 NxCatalogWriter         com.fishit.player.v2                 D  📥 OPTIMIZED ingestBatch START: 100 items
2026-01-30 15:37:23.908 17893-18875 NxCatalogWriter         com.fishit.player.v2                 D  ✅ OPTIMIZED ingestBatch COMPLETE: 100 items | persist_ms=69 total_ms=86 (1162 items/sec)
2026-01-30 15:37:23.909 17893-18875 CatalogSyncService      com.fishit.player.v2                 W  Xtream batch (NX): ingested=100 failed=0 hint_warnings=11 ingest_ms=129 total_ms=130
2026-01-30 15:37:23.912 17893-18146 XTC                     com.fishit.player.v2                 D  [VOD] DTO→Raw #2250 | id=xtream:vod:414905 | title="Scream 6 (2023)" | sourceType=XTREAM | Fields: ✓[year=2023, poster] ✗[plot, cast, director, backdrop, duration, tmdb]
2026-01-30 15:37:23.914 17893-18875 CatalogSyncService      com.fishit.player.v2                 D  Persisting Xtream catalog batch (NX-ONLY): 100 items (canonical_linking=true)
2026-01-30 15:37:23.919 17893-18151 XTC                     com.fishit.player.v2                 D  [SERIES] DTO→Raw #1650 | id=xtream:series:4299 | title="House of the Dragon" | sourceType=XTREAM | Fields: ✓[plot(96c), cast, poster, duration=3600000ms] ✗[year, director, backdrop, tmdb]
2026-01-30 15:37:23.924 17893-18876 XTC                     com.fishit.player.v2                 D  [LIVE] DTO→Raw #2400 | id=xtream:live:123310 | title="NL: ZIGGO SPORT DOCU HEVC" | sourceType=XTREAM | Fields: ✓[poster] ✗[year, plot, cast, director, backdrop, duration, tmdb]
2026-01-30 15:37:23.943 17893-18875 NxCatalogWriter         com.fishit.player.v2                 D  📥 OPTIMIZED ingestBatch START: 100 items
2026-01-30 15:37:23.949 17893-18085 NxCatalogWriter         com.fishit.player.v2                 D  ✅ OPTIMIZED ingestBatch COMPLETE: 100 items | persist_ms=220 total_ms=240 (416 items/sec)
2026-01-30 15:37:23.950 17893-18876 CatalogSyncService      com.fishit.player.v2                 D  Xtream batch complete (NX): ingested=100 ingest_ms=277 total_ms=278
2026-01-30 15:37:23.951 17893-18876 CatalogSyncService      com.fishit.player.v2                 D  Consumer#0: 20 batches, 5800 total items
2026-01-30 15:37:23.957 17893-18879 XTC                     com.fishit.player.v2                 D  [LIVE] DTO→Raw #2450 | id=xtream:live:67994 | title="NL: CBS REALITY" | sourceType=XTREAM | Fields: ✓[] ✗[year, plot, cast, director, poster, backdrop, duration, tmdb]
2026-01-30 15:37:23.962 17893-18876 CatalogSyncService      com.fishit.player.v2                 D  Persisting Xtream catalog batch (NX-ONLY): 100 items (canonical_linking=true)
2026-01-30 15:37:23.965 17893-18151 XTC                     com.fishit.player.v2                 D  [SERIES] DTO→Raw #1700 | id=xtream:series:4449 | title="Irma Vep" | sourceType=XTREAM | Fields: ✓[plot(448c), cast, poster, duration=3600000ms] ✗[year, director, backdrop, tmdb]
2026-01-30 15:37:23.972 17893-18149 XTC                     com.fishit.player.v2                 D  [VOD] DTO→Raw #2300 | id=xtream:vod:383802 | title="American Murderer (2022)" | sourceType=XTREAM | Fields: ✓[year=2022, poster] ✗[plot, cast, director, backdrop, duration, tmdb]
2026-01-30 15:37:23.979 17893-18875 NxWorkRepository        com.fishit.player.v2                 W  Deduped 1 duplicate workKeys in batch (100 → 99)
2026-01-30 15:37:23.996 17893-18150 NxCatalogWriter         com.fishit.player.v2                 D  ✅ OPTIMIZED ingestBatch COMPLETE: 100 items | persist_ms=90 total_ms=105 (952 items/sec)
2026-01-30 15:37:23.997 17893-18151 CatalogSyncService      com.fishit.player.v2                 W  Xtream batch (NX): ingested=100 failed=0 hint_warnings=35 ingest_ms=140 total_ms=141
2026-01-30 15:37:23.997 17893-18151 CatalogSyncService      com.fishit.player.v2                 D  Consumer#2: 20 batches, 5900 total items
2026-01-30 15:37:23.999 17893-18151 CatalogSyncService      com.fishit.player.v2                 D  Persisting Xtream catalog batch (NX-ONLY): 100 items (canonical_linking=true)
2026-01-30 15:37:24.006 17893-18085 XTC                     com.fishit.player.v2                 D  [LIVE] DTO→Raw #2500 | id=xtream:live:728060 | title="NL: VIAPLAY Premier League 1 FHD" | sourceType=XTREAM | Fields: ✓[poster] ✗[year, plot, cast, director, backdrop, duration, tmdb]
2026-01-30 15:37:24.008 17893-18876 NxCatalogWriter         com.fishit.player.v2                 D  📥 OPTIMIZED ingestBatch START: 100 items
2026-01-30 15:37:24.034 17893-18876 NxWorkRepository        com.fishit.player.v2                 W  Deduped 2 duplicate workKeys in batch (100 → 98)
2026-01-30 15:37:24.037 17893-18151 NxCatalogWriter         com.fishit.player.v2                 D  📥 OPTIMIZED ingestBatch START: 100 items
2026-01-30 15:37:24.066 17893-18875 NxCatalogWriter         com.fishit.player.v2                 D  ✅ OPTIMIZED ingestBatch COMPLETE: 100 items | persist_ms=87 total_ms=123 (813 items/sec)
2026-01-30 15:37:24.066 17893-18875 CatalogSyncService      com.fishit.player.v2                 W  Xtream batch (NX): ingested=100 failed=0 hint_warnings=37 ingest_ms=152 total_ms=152
2026-01-30 15:37:24.067 17893-18875 CatalogSyncService      com.fishit.player.v2                 D  Consumer#1: 20 batches, 6000 total items
2026-01-30 15:37:24.070 17893-18146 XtreamCatalogScanWorker com.fishit.player.v2                 D  PROGRESS discovered=6522 persisted=6000 phase=N/A
2026-01-30 15:37:24.072 17893-18875 CatalogSyncService      com.fishit.player.v2                 D  Persisting Xtream catalog batch (NX-ONLY): 100 items (canonical_linking=true)
2026-01-30 15:37:24.075 17893-18085 XTC                     com.fishit.player.v2                 D  [SERIES] DTO→Raw #1750 | id=xtream:series:4577 | title="Shantaram" | sourceType=XTREAM | Fields: ✓[plot(534c), cast, poster, duration=3180000ms] ✗[year, director, backdrop, tmdb]
2026-01-30 15:37:24.078 17893-18150 XTC                     com.fishit.player.v2                 D  [VOD] DTO→Raw #2350 | id=xtream:vod:383892 | title="Familie um jeden Preis (2022)" | sourceType=XTREAM | Fields: ✓[year=2022, poster] ✗[plot, cast, director, backdrop, duration, tmdb]
2026-01-30 15:37:24.104 17893-18875 NxCatalogWriter         com.fishit.player.v2                 D  📥 OPTIMIZED ingestBatch START: 100 items
2026-01-30 15:37:24.126 17893-18876 NxCatalogWriter         com.fishit.player.v2                 D  ✅ OPTIMIZED ingestBatch COMPLETE: 100 items | persist_ms=93 total_ms=118 (847 items/sec)
2026-01-30 15:37:24.127 17893-18876 CatalogSyncService      com.fishit.player.v2                 W  Xtream batch (NX): ingested=100 failed=0 hint_warnings=8 ingest_ms=165 total_ms=165
2026-01-30 15:37:24.129 17893-18876 CatalogSyncService      com.fishit.player.v2                 D  Persisting Xtream catalog batch (NX-ONLY): 100 items (canonical_linking=true)
2026-01-30 15:37:24.144 17893-18880 XTC                     com.fishit.player.v2                 D  [LIVE] DTO→Raw #2550 | id=xtream:live:51111 | title="NL: FILM 1 ACTION FHD" | sourceType=XTREAM | Fields: ✓[] ✗[year, plot, cast, director, poster, backdrop, duration, tmdb]
2026-01-30 15:37:24.150 17893-18148 XTC                     com.fishit.player.v2                 D  [SERIES] DTO→Raw #1800 | id=xtream:series:4656 | title="Truth Be Told - Der Wahrheit auf der Spu" | sourceType=XTREAM | Fields: ✓[plot(277c), cast, poster, duration=2700000ms] ✗[year, director, backdrop, tmdb]
2026-01-30 15:37:24.156 17893-18151 NxCatalogWriter         com.fishit.player.v2                 D  ✅ OPTIMIZED ingestBatch COMPLETE: 100 items | persist_ms=102 total_ms=119 (840 items/sec)
2026-01-30 15:37:24.157 17893-18151 CatalogSyncService      com.fishit.player.v2                 W  Xtream batch (NX): ingested=100 failed=0 hint_warnings=26 ingest_ms=158 total_ms=158
2026-01-30 15:37:24.159 17893-18151 CatalogSyncService      com.fishit.player.v2                 D  Persisting Xtream catalog batch (NX-ONLY): 100 items (canonical_linking=true)
2026-01-30 15:37:24.173 17893-18876 NxCatalogWriter         com.fishit.player.v2                 D  📥 OPTIMIZED ingestBatch START: 100 items
2026-01-30 15:37:24.176 17893-18149 XTC                     com.fishit.player.v2                 D  [VOD] DTO→Raw #2400 | id=xtream:vod:384013 | title="Happy Nous Year (2022)" | sourceType=XTREAM | Fields: ✓[year=2022, poster] ✗[plot, cast, director, backdrop, duration, tmdb]
2026-01-30 15:37:24.190 17893-18151 NxCatalogWriter         com.fishit.player.v2                 D  📥 OPTIMIZED ingestBatch START: 100 items
2026-01-30 15:37:24.196 17893-18146 XTC                     com.fishit.player.v2                 D  [SERIES] DTO→Raw #1850 | id=xtream:series:4755 | title="The Great Game" | sourceType=XTREAM | Fields: ✓[plot(321c), cast, poster, duration=3360000ms] ✗[year, director, backdrop, tmdb]
2026-01-30 15:37:24.197 17893-18875 NxCatalogWriter         com.fishit.player.v2                 D  ✅ OPTIMIZED ingestBatch COMPLETE: 100 items | persist_ms=78 total_ms=93 (1075 items/sec)
2026-01-30 15:37:24.197 17893-18876 NxWorkRepository        com.fishit.player.v2                 W  Deduped 1 duplicate workKeys in batch (100 → 99)
2026-01-30 15:37:24.197 17893-18875 CatalogSyncService      com.fishit.player.v2                 W  Xtream batch (NX): ingested=100 failed=0 hint_warnings=31 ingest_ms=124 total_ms=125
2026-01-30 15:37:24.199 17893-18875 CatalogSyncService      com.fishit.player.v2                 D  Persisting Xtream catalog batch (NX-ONLY): 100 items (canonical_linking=true)
2026-01-30 15:37:24.202 17893-18880 XTC                     com.fishit.player.v2                 D  [LIVE] DTO→Raw #2600 | id=xtream:live:324134 | title="FR: E! ENTERTAINMENT HEVC" | sourceType=XTREAM | Fields: ✓[poster] ✗[year, plot, cast, director, backdrop, duration, tmdb]
2026-01-30 15:37:24.218 17893-18150 XTC                     com.fishit.player.v2                 D  [VOD] DTO→Raw #2450 | id=xtream:vod:384103 | title="Batman und Superman: Kampf der Supersöhn" | sourceType=XTREAM | Fields: ✓[year=2022, poster] ✗[plot, cast, director, backdrop, duration, tmdb]
2026-01-30 15:37:24.235 17893-18875 NxCatalogWriter         com.fishit.player.v2                 D  📥 OPTIMIZED ingestBatch START: 100 items
2026-01-30 15:37:24.247 17893-18876 NxCatalogWriter         com.fishit.player.v2                 D  ✅ OPTIMIZED ingestBatch COMPLETE: 100 items | persist_ms=51 total_ms=74 (1351 items/sec)
2026-01-30 15:37:24.248 17893-18876 CatalogSyncService      com.fishit.player.v2                 W  Xtream batch (NX): ingested=100 failed=0 hint_warnings=31 ingest_ms=119 total_ms=119
2026-01-30 15:37:24.250 17893-18876 CatalogSyncService      com.fishit.player.v2                 D  Persisting Xtream catalog batch (NX-ONLY): 100 items (canonical_linking=true)
2026-01-30 15:37:24.254 17893-18148 XTC                     com.fishit.player.v2                 D  [LIVE] DTO→Raw #2650 | id=xtream:live:324241 | title="FR: PIWI+ HEVC" | sourceType=XTREAM | Fields: ✓[poster] ✗[year, plot, cast, director, backdrop, duration, tmdb]
2026-01-30 15:37:24.254 17893-18875 NxWorkRepository        com.fishit.player.v2                 W  Deduped 1 duplicate workKeys in batch (100 → 99)
2026-01-30 15:37:24.263 17893-18150 XTC                     com.fishit.player.v2                 D  [VOD] DTO→Raw #2500 | id=xtream:vod:384161 | title="Emily the Criminal (2022)" | sourceType=XTREAM | Fields: ✓[year=2022, poster] ✗[plot, cast, director, backdrop, duration, tmdb]
2026-01-30 15:37:24.268 17893-18146 XTC                     com.fishit.player.v2                 D  [SERIES] DTO→Raw #1900 | id=xtream:series:4854 | title="Last X-mas - 24 Tage für die Liebe" | sourceType=XTREAM | Fields: ✓[plot(632c), cast, poster] ✗[year, director, backdrop, duration, tmdb]
2026-01-30 15:37:24.276 17893-18876 NxCatalogWriter         com.fishit.player.v2                 D  📥 OPTIMIZED ingestBatch START: 100 items
2026-01-30 15:37:24.319 17893-18151 NxCatalogWriter         com.fishit.player.v2                 D  ✅ OPTIMIZED ingestBatch COMPLETE: 100 items | persist_ms=75 total_ms=130 (769 items/sec)
2026-01-30 15:37:24.319 17893-18151 CatalogSyncService      com.fishit.player.v2                 W  Xtream batch (NX): ingested=100 failed=0 hint_warnings=26 ingest_ms=160 total_ms=160
2026-01-30 15:37:24.322 17893-18151 CatalogSyncService      com.fishit.player.v2                 D  Persisting Xtream catalog batch (NX-ONLY): 100 items (canonical_linking=true)
2026-01-30 15:37:24.323 17893-18150 XtreamCatalogScanWorker com.fishit.player.v2                 D  PROGRESS discovered=7056 persisted=6500 phase=N/A
2026-01-30 15:37:24.347 17893-18151 NxCatalogWriter         com.fishit.player.v2                 D  📥 OPTIMIZED ingestBatch START: 100 items
2026-01-30 15:37:24.354 17893-18876 NxCatalogWriter         com.fishit.player.v2                 D  ✅ OPTIMIZED ingestBatch COMPLETE: 100 items | persist_ms=65 total_ms=78 (1282 items/sec)
2026-01-30 15:37:24.355 17893-18876 CatalogSyncService      com.fishit.player.v2                 W  Xtream batch (NX): ingested=100 failed=0 hint_warnings=34 ingest_ms=105 total_ms=105
2026-01-30 15:37:24.357 17893-18876 CatalogSyncService      com.fishit.player.v2                 D  Persisting Xtream catalog batch (NX-ONLY): 100 items (canonical_linking=true)
2026-01-30 15:37:24.360 17893-18086 XTC                     com.fishit.player.v2                 D  [LIVE] DTO→Raw #2700 | id=xtream:live:361934 | title="FR: BEIN SPORTS MAX8 HEVC" | sourceType=XTREAM | Fields: ✓[] ✗[year, plot, cast, director, poster, backdrop, duration, tmdb]
2026-01-30 15:37:24.360 17893-18150 XTC                     com.fishit.player.v2                 D  [VOD] DTO→Raw #2550 | id=xtream:vod:384228 | title="Monsieur Claude und sein großes Fest (20" | sourceType=XTREAM | Fields: ✓[year=2021, poster] ✗[plot, cast, director, backdrop, duration, tmdb]
2026-01-30 15:37:24.363 17893-18085 XTC                     com.fishit.player.v2                 D  [SERIES] DTO→Raw #1950 | id=xtream:series:4952 | title="Vienna Blood" | sourceType=XTREAM | Fields: ✓[plot(715c), cast, poster, duration=5340000ms] ✗[year, director, backdrop, tmdb]
2026-01-30 15:37:24.370 17893-18875 NxCatalogWriter         com.fishit.player.v2                 D  ✅ OPTIMIZED ingestBatch COMPLETE: 100 items | persist_ms=117 total_ms=135 (740 items/sec)
2026-01-30 15:37:24.370 17893-18875 CatalogSyncService      com.fishit.player.v2                 W  Xtream batch (NX): ingested=100 failed=0 hint_warnings=42 ingest_ms=170 total_ms=171
2026-01-30 15:37:24.371 17893-18151 NxWorkRepository        com.fishit.player.v2                 W  Deduped 1 duplicate workKeys in batch (100 → 99)
2026-01-30 15:37:24.378 17893-18875 CatalogSyncService      com.fishit.player.v2                 D  Persisting Xtream catalog batch (NX-ONLY): 100 items (canonical_linking=true)
2026-01-30 15:37:24.384 17893-18086 XTC                     com.fishit.player.v2                 D  [LIVE] DTO→Raw #2750 | id=xtream:live:44392 | title="FR: Orange Cinema 2 HD" | sourceType=XTREAM | Fields: ✓[poster] ✗[year, plot, cast, director, backdrop, duration, tmdb]
2026-01-30 15:37:24.387 17893-18146 XTC                     com.fishit.player.v2                 D  [VOD] DTO→Raw #2600 | id=xtream:vod:384290 | title="Stand up! Was bleibt, wenn alles weg ist" | sourceType=XTREAM | Fields: ✓[year=2022, poster] ✗[plot, cast, director, backdrop, duration, tmdb]
2026-01-30 15:37:24.390 17893-18876 NxCatalogWriter         com.fishit.player.v2                 D  📥 OPTIMIZED ingestBatch START: 100 items
2026-01-30 15:37:24.407 17893-18875 NxCatalogWriter         com.fishit.player.v2                 D  📥 OPTIMIZED ingestBatch START: 100 items
2026-01-30 15:37:24.422 17893-18875 NxWorkRepository        com.fishit.player.v2                 W  Deduped 1 duplicate workKeys in batch (100 → 99)
2026-01-30 15:37:24.424 17893-18151 NxCatalogWriter         com.fishit.player.v2                 D  ✅ OPTIMIZED ingestBatch COMPLETE: 100 items | persist_ms=52 total_ms=76 (1315 items/sec)
2026-01-30 15:37:24.424 17893-18151 CatalogSyncService      com.fishit.player.v2                 W  Xtream batch (NX): ingested=100 failed=0 hint_warnings=45 ingest_ms=102 total_ms=102
2026-01-30 15:37:24.426 17893-18151 CatalogSyncService      com.fishit.player.v2                 D  Persisting Xtream catalog batch (NX-ONLY): 100 items (canonical_linking=true)
2026-01-30 15:37:24.427 17893-18085 XTC                     com.fishit.player.v2                 D  [SERIES] DTO→Raw #2000 | id=xtream:series:5054 | title="Planet Sex mit Cara Delevingne" | sourceType=XTREAM | Fields: ✓[plot(231c), cast, poster, duration=2700000ms] ✗[year, director, backdrop, tmdb]
2026-01-30 15:37:24.429 17893-18149 XtreamCatalogScanWorker com.fishit.player.v2                 D  PROGRESS discovered=7376 persisted=6800 phase=N/A
2026-01-30 15:37:24.442 17893-18146 XTC                     com.fishit.player.v2                 D  [VOD] DTO→Raw #2650 | id=xtream:vod:384361 | title="Unhuman - Wem kannst du trauen? (2022)" | sourceType=XTREAM | Fields: ✓[year=2022, poster] ✗[plot, cast, director, backdrop, duration, tmdb]
2026-01-30 15:37:24.452 17893-18148 NxCatalogWriter         com.fishit.player.v2                 D  📥 OPTIMIZED ingestBatch START: 100 items
2026-01-30 15:37:24.464 17893-18876 NxCatalogWriter         com.fishit.player.v2                 D  ✅ OPTIMIZED ingestBatch COMPLETE: 100 items | persist_ms=63 total_ms=74 (1351 items/sec)
2026-01-30 15:37:24.465 17893-18876 CatalogSyncService      com.fishit.player.v2                 W  Xtream batch (NX): ingested=100 failed=0 hint_warnings=33 ingest_ms=106 total_ms=107
2026-01-30 15:37:24.466 17893-18876 CatalogSyncService      com.fishit.player.v2                 D  Persisting Xtream catalog batch (NX-ONLY): 100 items (canonical_linking=true)
2026-01-30 15:37:24.469 17893-18146 XTC                     com.fishit.player.v2                 D  [LIVE] DTO→Raw #2800 | id=xtream:live:44458 | title="FR: AB1 FHD" | sourceType=XTREAM | Fields: ✓[] ✗[year, plot, cast, director, poster, backdrop, duration, tmdb]
2026-01-30 15:37:24.473 17893-18149 XTC                     com.fishit.player.v2                 D  [VOD] DTO→Raw #2700 | id=xtream:vod:388669 | title="Antlers (2021)" | sourceType=XTREAM | Fields: ✓[year=2021, poster] ✗[plot, cast, director, backdrop, duration, tmdb]
2026-01-30 15:37:24.479 17893-18146 XTC                     com.fishit.player.v2                 D  [LIVE] DTO→Raw #2850 | id=xtream:live:791065 | title="LIGUE 1+" | sourceType=XTREAM | Fields: ✓[poster] ✗[year, plot, cast, director, backdrop, duration, tmdb]
2026-01-30 15:37:24.507 17893-18876 NxCatalogWriter         com.fishit.player.v2                 D  📥 OPTIMIZED ingestBatch START: 100 items
2026-01-30 15:37:24.523 17893-18875 NxCatalogWriter         com.fishit.player.v2                 D  ✅ OPTIMIZED ingestBatch COMPLETE: 100 items | persist_ms=102 total_ms=116 (862 items/sec)
2026-01-30 15:37:24.525 17893-18149 CatalogSyncService      com.fishit.player.v2                 W  Xtream batch (NX): ingested=100 failed=0 hint_warnings=17 ingest_ms=147 total_ms=147
2026-01-30 15:37:24.527 17893-18149 CatalogSyncService      com.fishit.player.v2                 D  Persisting Xtream catalog batch (NX-ONLY): 100 items (canonical_linking=true)
2026-01-30 15:37:24.540 17893-18146 XTC                     com.fishit.player.v2                 D  [VOD] DTO→Raw #2750 | id=xtream:vod:388719 | title="Breaking News in Yuba County (2021)" | sourceType=XTREAM | Fields: ✓[year=2021, poster] ✗[plot, cast, director, backdrop, duration, tmdb]
2026-01-30 15:37:24.559 17893-18149 NxCatalogWriter         com.fishit.player.v2                 D  📥 OPTIMIZED ingestBatch START: 100 items
2026-01-30 15:37:24.570 17893-18149 NxWorkRepository        com.fishit.player.v2                 W  Deduped 2 duplicate workKeys in batch (100 → 98)
2026-01-30 15:37:24.571 17893-18148 NxCatalogWriter         com.fishit.player.v2                 D  ✅ OPTIMIZED ingestBatch COMPLETE: 100 items | persist_ms=92 total_ms=121 (826 items/sec)
2026-01-30 15:37:24.572 17893-18148 CatalogSyncService      com.fishit.player.v2                 W  Xtream batch (NX): ingested=100 failed=0 hint_warnings=39 ingest_ms=145 total_ms=146
2026-01-30 15:37:24.575 17893-18151 XTC                     com.fishit.player.v2                 D  [SERIES] DTO→Raw #2050 | id=xtream:series:5147 | title="Luden - Könige der Reeperbahn" | sourceType=XTREAM | Fields: ✓[plot(292c), cast, poster] ✗[year, director, backdrop, duration, tmdb]
2026-01-30 15:37:24.576 17893-18148 CatalogSyncService      com.fishit.player.v2                 D  Persisting Xtream catalog batch (NX-ONLY): 100 items (canonical_linking=true)
2026-01-30 15:37:24.589 17893-18877 XTC                     com.fishit.player.v2                 D  [LIVE] DTO→Raw #2900 | id=xtream:live:44515 | title="FR: EQUIDIA LIVE FHD" | sourceType=XTREAM | Fields: ✓[] ✗[year, plot, cast, director, poster, backdrop, duration, tmdb]
2026-01-30 15:37:24.599 17893-18148 NxCatalogWriter         com.fishit.player.v2                 D  📥 OPTIMIZED ingestBatch START: 100 items
2026-01-30 15:37:24.604 17893-17893 ViewRootIm...nActivity] com.fishit.player.v2                 I  ViewPostIme pointer 0
2026-01-30 15:37:24.611 17893-18148 NxWorkRepository        com.fishit.player.v2                 W  Deduped 2 duplicate workKeys in batch (100 → 98)
2026-01-30 15:37:24.613 17893-18876 NxCatalogWriter         com.fishit.player.v2                 D  ✅ OPTIMIZED ingestBatch COMPLETE: 100 items | persist_ms=89 total_ms=106 (943 items/sec)
2026-01-30 15:37:24.614 17893-18876 CatalogSyncService      com.fishit.player.v2                 W  Xtream batch (NX): ingested=100 failed=0 hint_warnings=28 ingest_ms=147 total_ms=148
2026-01-30 15:37:24.614 17893-18876 CatalogSyncService      com.fishit.player.v2                 D  Consumer#0: 25 batches, 7200 total items
2026-01-30 15:37:24.617 17893-18876 CatalogSyncService      com.fishit.player.v2                 D  Persisting Xtream catalog batch (NX-ONLY): 100 items (canonical_linking=true)
2026-01-30 15:37:24.621 17893-18879 XTC                     com.fishit.player.v2                 D  [SERIES] DTO→Raw #2100 | id=xtream:series:5258 | title="War Sailor" | sourceType=XTREAM | Fields: ✓[plot(539c), cast, poster, duration=3600000ms] ✗[year, director, backdrop, tmdb]
2026-01-30 15:37:24.638 17893-18086 XTC                     com.fishit.player.v2                 D  [VOD] DTO→Raw #2800 | id=xtream:vod:388770 | title="Dark Glasses (2022)" | sourceType=XTREAM | Fields: ✓[year=2022, poster] ✗[plot, cast, director, backdrop, duration, tmdb]
2026-01-30 15:37:24.639 17893-18876 NxCatalogWriter         com.fishit.player.v2                 D  📥 OPTIMIZED ingestBatch START: 100 items
2026-01-30 15:37:24.664 17893-18149 NxCatalogWriter         com.fishit.player.v2                 D  ✅ OPTIMIZED ingestBatch COMPLETE: 100 items | persist_ms=94 total_ms=105 (952 items/sec)
2026-01-30 15:37:24.665 17893-18149 CatalogSyncService      com.fishit.player.v2                 W  Xtream batch (NX): ingested=100 failed=0 hint_warnings=33 ingest_ms=138 total_ms=138
2026-01-30 15:37:24.668 17893-18085 XTC                     com.fishit.player.v2                 D  [LIVE] DTO→Raw #2950 | id=xtream:live:124147 | title="FR: AMAZON PRIME 5 FHD" | sourceType=XTREAM | Fields: ✓[] ✗[year, plot, cast, director, poster, backdrop, duration, tmdb]
2026-01-30 15:37:24.670 17893-18149 CatalogSyncService      com.fishit.player.v2                 D  Persisting Xtream catalog batch (NX-ONLY): 100 items (canonical_linking=true)
2026-01-30 15:37:24.687 17893-17893 ViewRootIm...nActivity] com.fishit.player.v2                 I  ViewPostIme pointer 1
2026-01-30 15:37:24.697 17893-18149 NxCatalogWriter         com.fishit.player.v2                 D  📥 OPTIMIZED ingestBatch START: 100 items
2026-01-30 15:37:24.702 17893-18148 NxCatalogWriter         com.fishit.player.v2                 D  ✅ OPTIMIZED ingestBatch COMPLETE: 100 items | persist_ms=91 total_ms=104 (961 items/sec)
2026-01-30 15:37:24.703 17893-18148 CatalogSyncService      com.fishit.player.v2                 W  Xtream batch (NX): ingested=100 failed=0 hint_warnings=24 ingest_ms=127 total_ms=127
2026-01-30 15:37:24.703 17893-18148 CatalogSyncService      com.fishit.player.v2                 D  Consumer#2: 25 batches, 7400 total items
2026-01-30 15:37:24.708 17893-18877 XTC                     com.fishit.player.v2                 D  [SERIES] DTO→Raw #2150 | id=xtream:series:5361 | title="Arctic Warrior" | sourceType=XTREAM | Fields: ✓[plot(233c), cast, poster] ✗[year, director, backdrop, duration, tmdb]
2026-01-30 15:37:24.716 17893-18148 CatalogSyncService      com.fishit.player.v2                 D  Persisting Xtream catalog batch (NX-ONLY): 100 items (canonical_linking=true)
2026-01-30 15:37:24.717 17893-18149 NxWorkRepository        com.fishit.player.v2                 W  Deduped 1 duplicate workKeys in batch (100 → 99)
2026-01-30 15:37:24.720 17893-18086 XTC                     com.fishit.player.v2                 D  [VOD] DTO→Raw #2850 | id=xtream:vod:388820 | title="Die Rettung der uns bekannten Welt (2021" | sourceType=XTREAM | Fields: ✓[year=2021, poster] ✗[plot, cast, director, backdrop, duration, tmdb]
2026-01-30 15:37:24.721 17893-18879 XTC                     com.fishit.player.v2                 D  [LIVE] DTO→Raw #3000 | id=xtream:live:743659 | title="FR: HISTOIRE HD" | sourceType=XTREAM | Fields: ✓[] ✗[year, plot, cast, director, poster, backdrop, duration, tmdb]
2026-01-30 15:37:24.752 17893-17893 NxHomeContentRepo       com.fishit.player.v2                 I  🎬 getMoviesPagingData() CALLED - Creating Movies PagingSource
2026-01-30 15:37:24.754 17893-17893 NxHomeContentRepo       com.fishit.player.v2                 I  📺 getSeriesPagingData() CALLED - Creating Series PagingSource
2026-01-30 15:37:24.758 17893-17893 HomeViewModel           com.fishit.player.v2                 I  🏠 HomeViewModel INIT - Creating content flows and paging sources
2026-01-30 15:37:24.763 17893-18148 NxCatalogWriter         com.fishit.player.v2                 D  📥 OPTIMIZED ingestBatch START: 100 items
2026-01-30 15:37:24.767 17893-18876 NxCatalogWriter         com.fishit.player.v2                 D  ✅ OPTIMIZED ingestBatch COMPLETE: 100 items | persist_ms=106 total_ms=129 (775 items/sec)
