2026-01-30 13:11:27.558 20331-20355 CatalogSyncService      com.fishit.player.v2                 W  Xtream playback hint warning for xtream:series:5425: missing contentType
2026-01-30 13:11:27.560 20331-20355 NxCatalogWriter         com.fishit.player.v2                 W  Ingest cancelled for: The Muppets Mayhem
2026-01-30 13:11:27.561 20331-20355 CatalogSyncService      com.fishit.player.v2                 W  Failed to ingest xtream:series:5425 to NX: Job was cancelled
2026-01-30 13:11:27.570 20331-20352 NxCatalogWriter         com.fishit.player.v2                 W  Ingest cancelled for: Sie weiß von dir
2026-01-30 13:11:27.571 20331-20352 CatalogSyncService      com.fishit.player.v2                 W  Failed to ingest xtream:series:5604 to NX: Job was cancelled
2026-01-30 13:11:27.571 20331-20355 NxCatalogWriter         com.fishit.player.v2                 W  Ingest cancelled for: Ivy & Bean: Zum Tanzen verurteilt
2026-01-30 13:11:27.572 20331-20355 CatalogSyncService      com.fishit.player.v2                 W  Failed to ingest xtream:vod:383931 to NX: Job was cancelled
2026-01-30 13:11:27.573 20331-20352 NxCatalogWriter         com.fishit.player.v2                 W  Ingest cancelled for: RU: СТС
2026-01-30 13:11:27.574 20331-20352 CatalogSyncService      com.fishit.player.v2                 W  Failed to ingest xtream:live:178482 to NX: Job was cancelled
2026-01-30 13:11:27.575 20331-20413 CatalogSyncService      com.fishit.player.v2                 W  Failed to ingest xtream:vod:384269 to NX: Job was cancelled
2026-01-30 13:11:27.583 20331-20355 NxCatalogWriter         com.fishit.player.v2                 W  Ingest cancelled for: BE: ELEVEN SPORT 2 BE
2026-01-30 13:11:27.584 20331-20413 CatalogSyncService      com.fishit.player.v2                 W  Xtream playback hint warning for xtream:series:5757: missing contentType
2026-01-30 13:11:27.584 20331-20355 CatalogSyncService      com.fishit.player.v2                 W  Failed to ingest xtream:live:99022 to NX: Job was cancelled
2026-01-30 13:11:27.586 20331-20355 NxCatalogWriter         com.fishit.player.v2                 W  Ingest cancelled for: I wanna dance with somebody
2026-01-30 13:11:27.587 20331-20413 NxCatalogWriter         com.fishit.player.v2                 W  Ingest cancelled for: Der Schiffsarzt
2026-01-30 13:11:27.587 20331-20355 CatalogSyncService      com.fishit.player.v2                 W  Failed to ingest xtream:vod:383932 to NX: Job was cancelled
2026-01-30 13:11:27.588 20331-20413 CatalogSyncService      com.fishit.player.v2                 W  Failed to ingest xtream:series:5757 to NX: Job was cancelled
2026-01-30 13:11:27.590 20331-20352 NxCatalogWriter         com.fishit.player.v2                 W  Ingest cancelled for: RU: ТВ Центр
2026-01-30 13:11:27.590 20331-20355 NxCatalogWriter         com.fishit.player.v2                 W  Ingest cancelled for: BE: ELEVEN SPORT 3 BE
2026-01-30 13:11:27.591 20331-20352 CatalogSyncService      com.fishit.player.v2                 W  Failed to ingest xtream:live:178483 to NX: Job was cancelled
2026-01-30 13:11:27.592 20331-20352 CatalogSyncService      com.fishit.player.v2                 W  Xtream playback hint warning for xtream:series:5605: missing contentType
2026-01-30 13:11:27.598 20331-20413 NxCatalogWriter         com.fishit.player.v2                 W  Ingest cancelled for: RU: Shant music FHD
2026-01-30 13:11:27.602 20331-20413 CatalogSyncService      com.fishit.player.v2                 W  Failed to ingest xtream:live:178660 to NX: Job was cancelled
2026-01-30 13:11:27.606 20331-20373 WM-SystemJobScheduler   com.fishit.player.v2                 D  Scheduling work ID b3f22545-bdcb-42c5-9cb9-dcc7062c8806Job ID 10
2026-01-30 13:11:27.609 20331-20373 WM-GreedyScheduler      com.fishit.player.v2                 D  Starting work for b3f22545-bdcb-42c5-9cb9-dcc7062c8806
2026-01-30 13:11:27.611 20331-20355 CatalogSyncService      com.fishit.player.v2                 W  Failed to ingest xtream:live:99023 to NX: Job was cancelled
2026-01-30 13:11:27.611 20331-20355 CatalogSyncService      com.fishit.player.v2                 W  Xtream playback hint warning for xtream:series:5426: missing contentType
2026-01-30 13:11:27.614 20331-20352 NxCatalogWriter         com.fishit.player.v2                 W  Ingest cancelled for: Skylines
2026-01-30 13:11:27.615 20331-20352 CatalogSyncService      com.fishit.player.v2                 W  Failed to ingest xtream:series:5605 to NX: Job was cancelled
2026-01-30 13:11:27.617 20331-20413 NxCatalogWriter         com.fishit.player.v2                 W  Ingest cancelled for: Ritualmord
2026-01-30 13:11:27.619 20331-20413 CatalogSyncService      com.fishit.player.v2                 W  Failed to ingest xtream:vod:384270 to NX: Job was cancelled
2026-01-30 13:11:27.621 20331-20413 NxCatalogWriter         com.fishit.player.v2                 W  Ingest cancelled for: Rubikon
2026-01-30 13:11:27.621 20331-20413 CatalogSyncService      com.fishit.player.v2                 W  Failed to ingest xtream:vod:384271 to NX: Job was cancelled
2026-01-30 13:11:27.622 20331-20355 NxCatalogWriter         com.fishit.player.v2                 W  Ingest cancelled for: The Cleaner
2026-01-30 13:11:27.623 20331-20355 CatalogSyncService      com.fishit.player.v2                 W  Failed to ingest xtream:series:5426 to NX: Job was cancelled
2026-01-30 13:11:27.627 20331-20355 NxCatalogWriter         com.fishit.player.v2                 W  Ingest cancelled for: BE: Eleven Sports 1 FHD
2026-01-30 13:11:27.628 20331-20355 CatalogSyncService      com.fishit.player.v2                 W  Failed to ingest xtream:live:54807 to NX: Job was cancelled
2026-01-30 13:11:27.629 20331-20355 CatalogSyncService      com.fishit.player.v2                 W  Xtream playback hint warning for xtream:series:5427: missing contentType
2026-01-30 13:11:27.630 20331-20352 NxCatalogWriter         com.fishit.player.v2                 W  Ingest cancelled for: RU: ViP Megahit
2026-01-30 13:11:27.631 20331-20352 CatalogSyncService      com.fishit.player.v2                 W  Failed to ingest xtream:live:178484 to NX: Job was cancelled
2026-01-30 13:11:27.631 20331-20355 NxCatalogWriter         com.fishit.player.v2                 W  Ingest cancelled for: Time Switch
2026-01-30 13:11:27.632 20331-20355 CatalogSyncService      com.fishit.player.v2                 W  Failed to ingest xtream:series:5427 to NX: Job was cancelled
2026-01-30 13:11:27.633 20331-20413 CatalogSyncService      com.fishit.player.v2                 W  Xtream playback hint warning for xtream:series:5758: missing contentType
2026-01-30 13:11:27.635 20331-20413 NxCatalogWriter         com.fishit.player.v2                 W  Ingest cancelled for: Dicte
2026-01-30 13:11:27.636 20331-20413 CatalogSyncService      com.fishit.player.v2                 W  Failed to ingest xtream:series:5758 to NX: Job was cancelled
2026-01-30 13:11:27.640 20331-20352 CatalogSyncService      com.fishit.player.v2                 W  Xtream playback hint warning for xtream:series:5606: missing contentType
2026-01-30 13:11:27.641 20331-20359 WM-Processor            com.fishit.player.v2                 D  Processor: processing WorkGenerationalId(workSpecId=b3f22545-bdcb-42c5-9cb9-dcc7062c8806, generation=0)
2026-01-30 13:11:27.642 20331-20352 NxCatalogWriter         com.fishit.player.v2                 W  Ingest cancelled for: Sneakerheads
2026-01-30 13:11:27.643 20331-20352 CatalogSyncService      com.fishit.player.v2                 W  Failed to ingest xtream:series:5606 to NX: Job was cancelled
2026-01-30 13:11:27.648 20331-20355 NxCatalogWriter         com.fishit.player.v2                 W  Ingest cancelled for: BE: Eleven Sports 2 FHD
2026-01-30 13:11:27.648 20331-20355 CatalogSyncService      com.fishit.player.v2                 W  Failed to ingest xtream:live:54808 to NX: Job was cancelled
2026-01-30 13:11:27.651 20331-20413 NxCatalogWriter         com.fishit.player.v2                 W  Ingest cancelled for: Run & Gun
2026-01-30 13:11:27.652 20331-20413 CatalogSyncService      com.fishit.player.v2                 W  Failed to ingest xtream:vod:384272 to NX: Job was cancelled
2026-01-30 13:11:27.661 20331-20355 NxCatalogWriter         com.fishit.player.v2                 W  Ingest cancelled for: BE: Eleven Sports 3
2026-01-30 13:11:27.662 20331-20352 NxCatalogWriter         com.fishit.player.v2                 W  Ingest cancelled for: RU: Сиеста FHD
2026-01-30 13:11:27.662 20331-20355 CatalogSyncService      com.fishit.player.v2                 W  Failed to ingest xtream:live:99017 to NX: Job was cancelled
2026-01-30 13:11:27.663 20331-20352 CatalogSyncService      com.fishit.player.v2                 W  Failed to ingest xtream:live:178485 to NX: Job was cancelled
2026-01-30 13:11:27.663 20331-20355 CatalogSyncService      com.fishit.player.v2                 W  Xtream playback hint warning for xtream:series:5428: missing contentType
2026-01-30 13:11:27.664 20331-20413 NxCatalogWriter         com.fishit.player.v2                 W  Ingest cancelled for: RU: Clubbing TV FHD
2026-01-30 13:11:27.664 20331-20413 CatalogSyncService      com.fishit.player.v2                 W  Failed to ingest xtream:live:178661 to NX: Job was cancelled
2026-01-30 13:11:27.665 20331-20355 NxCatalogWriter         com.fishit.player.v2                 W  Ingest cancelled for: Class of '09
2026-01-30 13:11:27.666 20331-20355 CatalogSyncService      com.fishit.player.v2                 W  Failed to ingest xtream:series:5428 to NX: Job was cancelled
2026-01-30 13:11:27.668 20331-20352 NxCatalogWriter         com.fishit.player.v2                 W  Ingest cancelled for: RU: Любимое FHD
2026-01-30 13:11:27.671 20331-20413 NxCatalogWriter         com.fishit.player.v2                 W  Ingest cancelled for: RU: AIVA FHD
2026-01-30 13:11:27.672 20331-20413 CatalogSyncService      com.fishit.player.v2                 W  Failed to ingest xtream:live:178662 to NX: Job was cancelled
2026-01-30 13:11:27.673 20331-20413 CatalogSyncService      com.fishit.player.v2                 W  Xtream playback hint warning for xtream:series:5759: missing contentType
2026-01-30 13:11:27.675 20331-20352 CatalogSyncService      com.fishit.player.v2                 W  Failed to ingest xtream:live:178486 to NX: Job was cancelled
2026-01-30 13:11:27.676 20331-20352 CatalogSyncService      com.fishit.player.v2                 W  Xtream playback hint warning for xtream:series:5607: missing contentType
2026-01-30 13:11:27.678 20331-20352 NxCatalogWriter         com.fishit.player.v2                 W  Ingest cancelled for: Social Distance
2026-01-30 13:11:27.684 20331-20355 NxCatalogWriter         com.fishit.player.v2                 W  Ingest cancelled for: Jenseits des Universums
2026-01-30 13:11:27.685 20331-20355 CatalogSyncService      com.fishit.player.v2                 W  Failed to ingest xtream:vod:383935 to NX: Job was cancelled
2026-01-30 13:11:27.686 20331-20413 NxCatalogWriter         com.fishit.player.v2                 W  Ingest cancelled for: Die Erben der Nacht
2026-01-30 13:11:27.687 20331-20413 CatalogSyncService      com.fishit.player.v2                 W  Failed to ingest xtream:series:5759 to NX: Job was cancelled
2026-01-30 13:11:27.688 20331-20413 NxCatalogWriter         com.fishit.player.v2                 W  Ingest cancelled for: Sachertorte
2026-01-30 13:11:27.689 20331-20413 CatalogSyncService      com.fishit.player.v2                 W  Failed to ingest xtream:vod:384273 to NX: Job was cancelled
2026-01-30 13:11:27.690 20331-20413 CatalogSyncService      com.fishit.player.v2                 W  Xtream playback hint warning for xtream:series:5760: missing contentType
2026-01-30 13:11:27.691 20331-20352 CatalogSyncService      com.fishit.player.v2                 W  Failed to ingest xtream:series:5607 to NX: Job was cancelled
2026-01-30 13:11:27.693 20331-20352 NxCatalogWriter         com.fishit.player.v2                 W  Ingest cancelled for: RU: Наше Крутое FHD
2026-01-30 13:11:27.694 20331-20352 CatalogSyncService      com.fishit.player.v2                 W  Failed to ingest xtream:live:178487 to NX: Job was cancelled
2026-01-30 13:11:27.695 20331-20355 NxCatalogWriter         com.fishit.player.v2                 W  Ingest cancelled for: Jerry and Marge Go Large
2026-01-30 13:11:27.695 20331-20352 CatalogSyncService      com.fishit.player.v2                 W  Xtream playback hint warning for xtream:series:5608: missing contentType
2026-01-30 13:11:27.696 20331-20355 CatalogSyncService      com.fishit.player.v2                 W  Failed to ingest xtream:vod:383936 to NX: Job was cancelled
2026-01-30 13:11:27.698 20331-20352 NxCatalogWriter         com.fishit.player.v2                 W  Ingest cancelled for: Somewhere Between
2026-01-30 13:11:27.704 20331-20413 NxCatalogWriter         com.fishit.player.v2                 W  Ingest cancelled for: Die glorreichen Sieben
2026-01-30 13:11:27.705 20331-20413 CatalogSyncService      com.fishit.player.v2                 W  Failed to ingest xtream:series:5760 to NX: Job was cancelled
2026-01-30 13:11:27.707 20331-20352 CatalogSyncService      com.fishit.player.v2                 W  Failed to ingest xtream:series:5608 to NX: Job was cancelled
2026-01-30 13:11:27.709 20331-20352 NxCatalogWriter         com.fishit.player.v2                 W  Ingest cancelled for: RU: Еврокино
2026-01-30 13:11:27.710 20331-20352 CatalogSyncService      com.fishit.player.v2                 W  Failed to ingest xtream:live:178488 to NX: Job was cancelled
2026-01-30 13:11:27.715 20331-20355 NxCatalogWriter         com.fishit.player.v2                 W  Ingest cancelled for: BE: Voo Sport 1 FHD
2026-01-30 13:11:27.716 20331-20355 CatalogSyncService      com.fishit.player.v2                 W  Failed to ingest xtream:live:54810 to NX: Job was cancelled
2026-01-30 13:11:27.718 20331-20355 NxCatalogWriter         com.fishit.player.v2                 W  Ingest cancelled for: Jingle Bell Princess - Eine Prinzessin zu Weihnachten
2026-01-30 13:11:27.720 20331-20352 NxCatalogWriter         com.fishit.player.v2                 W  Ingest cancelled for: RU: Киносерия FHD
2026-01-30 13:11:27.722 20331-20352 CatalogSyncService      com.fishit.player.v2                 W  Failed to ingest xtream:live:178489 to NX: Job was cancelled
2026-01-30 13:11:27.723 20331-20331 WM-WorkerWrapper        com.fishit.player.v2                 D  Starting work for com.fishit.player.v2.work.XtreamCatalogScanWorker
2026-01-30 13:11:27.723 20331-20355 CatalogSyncService      com.fishit.player.v2                 W  Failed to ingest xtream:vod:383938 to NX: Job was cancelled
2026-01-30 13:11:27.724 20331-20355 CatalogSyncService      com.fishit.player.v2                 W  Xtream playback hint warning for xtream:series:5429: missing contentType
2026-01-30 13:11:27.725 20331-20352 CatalogSyncService      com.fishit.player.v2                 W  Xtream playback hint warning for xtream:series:5609: missing contentType
2026-01-30 13:11:27.729 20331-20352 NxCatalogWriter         com.fishit.player.v2                 W  Ingest cancelled for: Spuk in Bly Manor
2026-01-30 13:11:27.729 20331-20439 XtreamCatalogScanWorker com.fishit.player.v2                 I  START sync_run_id=c2fc7962-bdf3-4d22-bb49-00f36832b3e5 mode=auto source=XTREAM scope=INCREMENTAL runtimeBudgetMs=900000 checkpoint=xtream|v=2|phase=VOD_LIST|offset=0
2026-01-30 13:11:27.730 20331-20352 CatalogSyncService      com.fishit.player.v2                 W  Failed to ingest xtream:series:5609 to NX: Job was cancelled
2026-01-30 13:11:27.733 20331-20439 RuntimeGuards           com.fishit.player.v2                 D  Manual sync (auto) - skipping battery guard (level=72%)
2026-01-30 13:11:27.733 20331-20439 XtreamCatalogScanWorker com.fishit.player.v2                 D  Catalog sync: includeVod=true includeSeries=true includeEpisodes=false (lazy) includeLive=true scope=INCREMENTAL enhanced=true
2026-01-30 13:11:27.734 20331-20439 XtreamCatalogScanWorker com.fishit.player.v2                 I  Using CHANNEL-BUFFERED sync: buffer=1000, consumers=3 (25-30% faster than enhanced sync)
2026-01-30 13:11:27.735 20331-20413 CatalogSyncService      com.fishit.player.v2                 W  Xtream playback hint warning for xtream:series:5761: missing contentType
2026-01-30 13:11:27.736 20331-20401 CatalogSyncService      com.fishit.player.v2                 I  Starting channel-buffered Xtream sync: buffer=1000, consumers=3
2026-01-30 13:11:27.738 20331-20413 NxCatalogWriter         com.fishit.player.v2                 W  Ingest cancelled for: Die Medici Herrscher von Florenz
2026-01-30 13:11:27.739 20331-20435 XtreamCatalogPipeline   com.fishit.player.v2                 I  Starting Xtream catalog scan: vod=true, series=true, episodes=false, live=true
2026-01-30 13:11:27.739 20331-20413 CatalogSyncService      com.fishit.player.v2                 W  Failed to ingest xtream:series:5761 to NX: Job was cancelled
2026-01-30 13:11:27.740 20331-20352 NxCatalogWriter         com.fishit.player.v2                 W  Ingest cancelled for: RU: Беларусь 5 FHD
2026-01-30 13:11:27.743 20331-20352 CatalogSyncService      com.fishit.player.v2                 W  Failed to ingest xtream:live:178490 to NX: Job was cancelled
2026-01-30 13:11:27.743 20331-20355 NxCatalogWriter         com.fishit.player.v2                 W  Ingest cancelled for: Dance Brothers
2026-01-30 13:11:27.744 20331-20355 CatalogSyncService      com.fishit.player.v2                 W  Failed to ingest xtream:series:5429 to NX: Job was cancelled
2026-01-30 13:11:27.745 20331-20355 CatalogSyncService      com.fishit.player.v2                 W  Xtream batch (NX): ingested=378 failed=22 hint_warnings=73 ingest_ms=16563 total_ms=16564
2026-01-30 13:11:27.745 20331-20352 NxCatalogWriter         com.fishit.player.v2                 W  Ingest cancelled for: RU: Комедийное FHD
2026-01-30 13:11:27.746 20331-20352 CatalogSyncService      com.fishit.player.v2                 W  Failed to ingest xtream:live:178491 to NX: Job was cancelled
2026-01-30 13:11:27.746 20331-20432 XtreamCatalogPipeline   com.fishit.player.v2                 D  [LIVE] Starting parallel scan (streaming)...
2026-01-30 13:11:27.747 20331-20413 CatalogSyncService      com.fishit.player.v2                 W  Xtream playback hint warning for xtream:series:5762: missing contentType
2026-01-30 13:11:27.749 20331-20413 NxCatalogWriter         com.fishit.player.v2                 W  Ingest cancelled for: Die Meute
2026-01-30 13:11:27.750 20331-20413 CatalogSyncService      com.fishit.player.v2                 W  Failed to ingest xtream:series:5762 to NX: Job was cancelled
2026-01-30 13:11:27.751 20331-20438 XtreamApiClient         com.fishit.player.v2                 D  buildPlayerApiUrl: action=get_live_streams -> konigtv.com/player_api.php
2026-01-30 13:11:27.754 20331-20438 XtreamApiClient         com.fishit.player.v2                 D  streamFromUrl: CALLED for konigtv.com/player_api.php
2026-01-30 13:11:27.755 20331-20435 XtreamCatalogPipeline   com.fishit.player.v2                 D  [SERIES] Starting scan (after slot available)...
2026-01-30 13:11:27.756 20331-20352 NxCatalogWriter         com.fishit.player.v2                 W  Ingest cancelled for: RU: НТВ-Хит
2026-01-30 13:11:27.757 20331-20352 CatalogSyncService      com.fishit.player.v2                 W  Failed to ingest xtream:live:178492 to NX: Job was cancelled
2026-01-30 13:11:27.758 20331-20352 CatalogSyncService      com.fishit.player.v2                 W  Xtream playback hint warning for xtream:series:5610: missing contentType
2026-01-30 13:11:27.760 20331-20413 NxCatalogWriter         com.fishit.player.v2                 W  Ingest cancelled for: Scream: The True Story
2026-01-30 13:11:27.760 20331-20352 NxCatalogWriter         com.fishit.player.v2                 W  Ingest cancelled for: Stateless
2026-01-30 13:11:27.761 20331-20413 CatalogSyncService      com.fishit.player.v2                 W  Failed to ingest xtream:vod:384275 to NX: Job was cancelled
2026-01-30 13:11:27.761 20331-20352 CatalogSyncService      com.fishit.player.v2                 W  Failed to ingest xtream:series:5610 to NX: Job was cancelled
2026-01-30 13:11:27.762 20331-20422 XtreamApiClient         com.fishit.player.v2                 D  buildPlayerApiUrl: action=get_series -> konigtv.com/player_api.php
2026-01-30 13:11:27.763 20331-20413 NxCatalogWriter         com.fishit.player.v2                 W  Ingest cancelled for: See How They Run
2026-01-30 13:11:27.764 20331-20413 CatalogSyncService      com.fishit.player.v2                 W  Failed to ingest xtream:vod:384277 to NX: Job was cancelled
2026-01-30 13:11:27.765 20331-20413 CatalogSyncService      com.fishit.player.v2                 W  Xtream playback hint warning for xtream:series:5763: missing contentType
2026-01-30 13:11:27.767 20331-20413 NxCatalogWriter         com.fishit.player.v2                 W  Ingest cancelled for: Die Pest
2026-01-30 13:11:27.769 20331-20439 XtreamCatalogScanWorker com.fishit.player.v2                 D  Channel-buffered catalog sync started
2026-01-30 13:11:27.772 20331-20422 XtreamApiClient         com.fishit.player.v2                 D  streamFromUrl: CALLED for konigtv.com/player_api.php
2026-01-30 13:11:27.775 20331-20413 CatalogSyncService      com.fishit.player.v2                 W  Failed to ingest xtream:series:5763 to NX: Job was cancelled
2026-01-30 13:11:27.776 20331-20352 NxCatalogWriter         com.fishit.player.v2                 W  Ingest cancelled for: RU: Премиальное FHD
2026-01-30 13:11:27.777 20331-20413 NxCatalogWriter         com.fishit.player.v2                 W  Ingest cancelled for: Shark Bait
2026-01-30 13:11:27.777 20331-20352 CatalogSyncService      com.fishit.player.v2                 W  Failed to ingest xtream:live:178493 to NX: Job was cancelled
2026-01-30 13:11:27.777 20331-20413 CatalogSyncService      com.fishit.player.v2                 W  Failed to ingest xtream:vod:384278 to NX: Job was cancelled
2026-01-30 13:11:27.778 20331-20352 CatalogSyncService      com.fishit.player.v2                 W  Xtream playback hint warning for xtream:series:5611: missing contentType
2026-01-30 13:11:27.780 20331-20352 NxCatalogWriter         com.fishit.player.v2                 W  Ingest cancelled for: Sterbliche
2026-01-30 13:11:27.780 20331-20413 NxCatalogWriter         com.fishit.player.v2                 W  Ingest cancelled for: RU: MTV Live FHD
2026-01-30 13:11:27.781 20331-20352 CatalogSyncService      com.fishit.player.v2                 W  Failed to ingest xtream:series:5611 to NX: Job was cancelled
2026-01-30 13:11:27.782 20331-20352 CatalogSyncService      com.fishit.player.v2                 W  Xtream playback hint warning for xtream:series:5613: missing contentType
2026-01-30 13:11:27.787 20331-20413 CatalogSyncService      com.fishit.player.v2                 W  Failed to ingest xtream:live:178663 to NX: Job was cancelled
2026-01-30 13:11:27.789 20331-20413 NxCatalogWriter         com.fishit.player.v2                 W  Ingest cancelled for: Shattered - Gefährliche Affäre
2026-01-30 13:11:27.790 20331-20413 CatalogSyncService      com.fishit.player.v2                 W  Failed to ingest xtream:vod:384279 to NX: Job was cancelled
2026-01-30 13:11:27.795 20331-20352 NxCatalogWriter         com.fishit.player.v2                 W  Ingest cancelled for: Super PupZ
2026-01-30 13:11:27.796 20331-20352 CatalogSyncService      com.fishit.player.v2                 W  Failed to ingest xtream:series:5613 to NX: Job was cancelled
2026-01-30 13:11:27.797 20331-20352 CatalogSyncService      com.fishit.player.v2                 W  Xtream playback hint warning for xtream:series:5615: missing contentType
2026-01-30 13:11:27.800 20331-20413 CatalogSyncService      com.fishit.player.v2                 W  Xtream playback hint warning for xtream:series:5764: missing contentType
2026-01-30 13:11:27.802 20331-20413 NxCatalogWriter         com.fishit.player.v2                 W  Ingest cancelled for: Die Toten vom Bodensee
2026-01-30 13:11:27.803 20331-20413 CatalogSyncService      com.fishit.player.v2                 W  Failed to ingest xtream:series:5764 to NX: Job was cancelled
2026-01-30 13:11:27.806 20331-20352 NxCatalogWriter         com.fishit.player.v2                 W  Ingest cancelled for: Sweet Home
2026-01-30 13:11:27.808 20331-20413 NxCatalogWriter         com.fishit.player.v2                 W  Ingest cancelled for: RU: MTV FHD
2026-01-30 13:11:27.810 20331-20352 CatalogSyncService      com.fishit.player.v2                 W  Failed to ingest xtream:series:5615 to NX: Job was cancelled
2026-01-30 13:11:27.813 20331-20352 NxCatalogWriter         com.fishit.player.v2                 W  Ingest cancelled for: RU: Сериал
2026-01-30 13:11:27.813 20331-20352 CatalogSyncService      com.fishit.player.v2                 W  Failed to ingest xtream:live:178494 to NX: Job was cancelled
2026-01-30 13:11:27.813 20331-20413 CatalogSyncService      com.fishit.player.v2                 W  Failed to ingest xtream:live:178664 to NX: Job was cancelled
2026-01-30 13:11:27.815 20331-20413 NxCatalogWriter         com.fishit.player.v2                 W  Ingest cancelled for: Shattered.
2026-01-30 13:11:27.816 20331-20413 CatalogSyncService      com.fishit.player.v2                 W  Failed to ingest xtream:vod:384280 to NX: Job was cancelled
2026-01-30 13:11:27.818 20331-20413 NxCatalogWriter         com.fishit.player.v2                 W  Ingest cancelled for: Shotgun Wedding - Ein knallhartes Team
2026-01-30 13:11:27.819 20331-20413 CatalogSyncService      com.fishit.player.v2                 W  Failed to ingest xtream:vod:384281 to NX: Job was cancelled
2026-01-30 13:11:27.820 20331-20352 NxCatalogWriter         com.fishit.player.v2                 W  Ingest cancelled for: RU: Блокбастер FHD
2026-01-30 13:11:27.820 20331-20352 CatalogSyncService      com.fishit.player.v2                 W  Failed to ingest xtream:live:178495 to NX: Job was cancelled
2026-01-30 13:11:27.820 20331-20413 NxCatalogWriter         com.fishit.player.v2                 W  Ingest cancelled for: RU: Жара FHD
2026-01-30 13:11:27.821 20331-20352 CatalogSyncService      com.fishit.player.v2                 W  Xtream playback hint warning for xtream:series:5616: missing contentType
2026-01-30 13:11:27.821 20331-20413 CatalogSyncService      com.fishit.player.v2                 W  Failed to ingest xtream:live:178665 to NX: Job was cancelled
2026-01-30 13:11:27.835 20331-20352 NxCatalogWriter         com.fishit.player.v2                 W  Ingest cancelled for: Team Kaylie
2026-01-30 13:11:27.836 20331-20413 NxCatalogWriter         com.fishit.player.v2                 W  Ingest cancelled for: RU: Bridge-Tv
2026-01-30 13:11:27.836 20331-20352 CatalogSyncService      com.fishit.player.v2                 W  Failed to ingest xtream:series:5616 to NX: Job was cancelled
2026-01-30 13:11:27.837 20331-20413 CatalogSyncService      com.fishit.player.v2                 W  Failed to ingest xtream:live:178666 to NX: Job was cancelled
2026-01-30 13:11:27.843 20331-20352 NxCatalogWriter         com.fishit.player.v2                 W  Ingest cancelled for: RU: Камеди FHD
2026-01-30 13:11:27.851 20331-20413 NxCatalogWriter         com.fishit.player.v2                 W  Ingest cancelled for: Skandal! Der Sturz von Wirecard
2026-01-30 13:11:27.852 20331-20352 CatalogSyncService      com.fishit.player.v2                 W  Failed to ingest xtream:live:178496 to NX: Job was cancelled
2026-01-30 13:11:27.852 20331-20413 CatalogSyncService      com.fishit.player.v2                 W  Failed to ingest xtream:vod:384282 to NX: Job was cancelled
2026-01-30 13:11:27.853 20331-20352 CatalogSyncService      com.fishit.player.v2                 W  Xtream playback hint warning for xtream:series:5619: missing contentType
2026-01-30 13:11:27.853 20331-20413 CatalogSyncService      com.fishit.player.v2                 W  Xtream playback hint warning for xtream:series:5765: missing contentType
2026-01-30 13:11:27.856 20331-20413 NxCatalogWriter         com.fishit.player.v2                 W  Ingest cancelled for: Die Zeugen
2026-01-30 13:11:27.858 20331-20413 CatalogSyncService      com.fishit.player.v2                 W  Failed to ingest xtream:series:5765 to NX: Job was cancelled
2026-01-30 13:11:27.860 20331-20413 NxCatalogWriter         com.fishit.player.v2                 W  Ingest cancelled for: Slapface
2026-01-30 13:11:27.861 20331-20413 CatalogSyncService      com.fishit.player.v2                 W  Failed to ingest xtream:vod:384283 to NX: Job was cancelled
2026-01-30 13:11:27.863 20331-20413 NxCatalogWriter         com.fishit.player.v2                 W  Ingest cancelled for: RU: Bridge TV Classic
2026-01-30 13:11:27.864 20331-20413 CatalogSyncService      com.fishit.player.v2                 W  Failed to ingest xtream:live:178667 to NX: Job was cancelled
2026-01-30 13:11:27.866 20331-20352 NxCatalogWriter         com.fishit.player.v2                 W  Ingest cancelled for: Der Babysitter-Club
2026-01-30 13:11:27.867 20331-20352 CatalogSyncService      com.fishit.player.v2                 W  Failed to ingest xtream:series:5619 to NX: Job was cancelled
2026-01-30 13:11:27.869 20331-20352 NxCatalogWriter         com.fishit.player.v2                 W  Ingest cancelled for: RU: Кинопоказ FHD
2026-01-30 13:11:27.869 20331-20352 CatalogSyncService      com.fishit.player.v2                 W  Failed to ingest xtream:live:178497 to NX: Job was cancelled
2026-01-30 13:11:27.870 20331-20352 CatalogSyncService      com.fishit.player.v2                 W  Xtream playback hint warning for xtream:series:5621: missing contentType
2026-01-30 13:11:27.870 20331-20413 NxCatalogWriter         com.fishit.player.v2                 W  Ingest cancelled for: Slumberland
2026-01-30 13:11:27.871 20331-20413 CatalogSyncService      com.fishit.player.v2                 W  Failed to ingest xtream:vod:384284 to NX: Job was cancelled
2026-01-30 13:11:27.874 20331-20413 NxCatalogWriter         com.fishit.player.v2                 W  Ingest cancelled for: RU: Bridge TV Hits
2026-01-30 13:11:27.875 20331-20413 CatalogSyncService      com.fishit.player.v2                 W  Failed to ingest xtream:live:178668 to NX: Job was cancelled
2026-01-30 13:11:27.876 20331-20413 CatalogSyncService      com.fishit.player.v2                 W  Xtream playback hint warning for xtream:series:5766: missing contentType
2026-01-30 13:11:27.888 20331-20413 NxCatalogWriter         com.fishit.player.v2                 W  Ingest cancelled for: Dignity
2026-01-30 13:11:27.889 20331-20413 CatalogSyncService      com.fishit.player.v2                 W  Failed to ingest xtream:series:5766 to NX: Job was cancelled
2026-01-30 13:11:27.889 20331-20352 NxCatalogWriter         com.fishit.player.v2                 W  Ingest cancelled for: The Eddy
2026-01-30 13:11:27.890 20331-20352 CatalogSyncService      com.fishit.player.v2                 W  Failed to ingest xtream:series:5621 to NX: Job was cancelled
2026-01-30 13:11:27.890 20331-20413 NxCatalogWriter         com.fishit.player.v2                 W  Ingest cancelled for: Smile
2026-01-30 13:11:27.891 20331-20413 CatalogSyncService      com.fishit.player.v2                 W  Failed to ingest xtream:vod:384285 to NX: Job was cancelled
2026-01-30 13:11:27.893 20331-20352 NxCatalogWriter         com.fishit.player.v2                 W  Ingest cancelled for: RU: Наше Мужское FHD
2026-01-30 13:11:27.894 20331-20352 CatalogSyncService      com.fishit.player.v2                 W  Failed to ingest xtream:live:178498 to NX: Job was cancelled
2026-01-30 13:11:27.903 20331-20413 NxCatalogWriter         com.fishit.player.v2                 W  Ingest cancelled for: RU: Europa Plus TV
2026-01-30 13:11:27.904 20331-20413 CatalogSyncService      com.fishit.player.v2                 W  Failed to ingest xtream:live:178669 to NX: Job was cancelled
2026-01-30 13:11:27.906 20331-20413 NxCatalogWriter         com.fishit.player.v2                 W  Ingest cancelled for: Sous Emprise - Die Freiheit unter Wasser
2026-01-30 13:11:27.907 20331-20413 CatalogSyncService      com.fishit.player.v2                 W  Failed to ingest xtream:vod:384287 to NX: Job was cancelled
2026-01-30 13:11:27.910 20331-20413 NxCatalogWriter         com.fishit.player.v2                 W  Ingest cancelled for: RU: MCM Top
2026-01-30 13:11:27.910 20331-20413 CatalogSyncService      com.fishit.player.v2                 W  Failed to ingest xtream:live:178670 to NX: Job was cancelled
2026-01-30 13:11:27.912 20331-20413 NxCatalogWriter         com.fishit.player.v2                 W  Ingest cancelled for: South Park the Streaming Wars
2026-01-30 13:11:27.916 20331-20352 NxCatalogWriter         com.fishit.player.v2                 W  Ingest cancelled for: RU: Про любовь FHD
2026-01-30 13:11:27.917 20331-20352 CatalogSyncService      com.fishit.player.v2                 W  Failed to ingest xtream:live:178499 to NX: Job was cancelled
2026-01-30 13:11:27.918 20331-20352 CatalogSyncService      com.fishit.player.v2                 W  Xtream playback hint warning for xtream:series:5622: missing contentType
2026-01-30 13:11:27.921 20331-20449 TrafficStats            com.fishit.player.v2                 D  tagSocket(113) with statsTag=0xffffffff, statsUid=-1
2026-01-30 13:11:27.928 20331-20413 CatalogSyncService      com.fishit.player.v2                 W  Failed to ingest xtream:vod:384288 to NX: Job was cancelled
---------------------------- PROCESS ENDED (20331) for package com.fishit.player.v2 ----------------------------
2026-01-30 13:11:35.887 20091-20091 AppInfoDashboard        com.android.settings                 E  Package: com.fishit.player.v2 not found for user: 150
2026-01-30 13:11:40.273 20091-20091 AppInfoDashboard        com.android.settings                 E  Package: com.fishit.player.v2 not found for user: 150
2026-01-30 13:11:42.038 20091-20091 AppStorageSettings      com.android.settings                 E  Could not find package
                                                                                                    android.content.pm.PackageManager$NameNotFoundException: com.fishit.player.v2
                                                                                                    	at android.app.ApplicationPackageManager.getPackageInfoAsUser(ApplicationPackageManager.java:300)
                                                                                                    	at android.app.ApplicationPackageManager.getPackageInfoAsUser(ApplicationPackageManager.java:288)
                                                                                                    	at com.android.settings.applications.AppStorageSettings.isSDcardMoveAvailable(AppStorageSettings.java:1061)
                                                                                                    	at com.android.settings.applications.AppStorageSettings.onResume(AppStorageSettings.java:190)
                                                                                                    	at androidx.fragment.app.Fragment.performResume(Fragment.java:3228)
                                                                                                    	at androidx.fragment.app.FragmentStateManager.resume(FragmentStateManager.java:606)
                                                                                                    	at androidx.fragment.app.FragmentStateManager.moveToExpectedState(FragmentStateManager.java:285)
                                                                                                    	at androidx.fragment.app.FragmentStore.moveToExpectedState(FragmentStore.java:115)
                                                                                                    	at androidx.fragment.app.FragmentManager.moveToState(FragmentManager.java:1433)
                                                                                                    	at androidx.fragment.app.FragmentManager.dispatchStateChange(FragmentManager.java:2977)
                                                                                                    	at androidx.fragment.app.FragmentManager.dispatchResume(FragmentManager.java:2909)
                                                                                                    	at androidx.fragment.app.FragmentController.dispatchResume(FragmentController.java:285)
                                                                                                    	at androidx.fragment.app.FragmentActivity.onResumeFragments(FragmentActivity.java:334)
                                                                                                    	at androidx.fragment.app.FragmentActivity.onPostResume(FragmentActivity.java:323)
                                                                                                    	at androidx.appcompat.app.AppCompatActivity.onPostResume(AppCompatActivity.java:245)
                                                                                                    	at android.app.Activity.performResume(Activity.java:9161)
                                                                                                    	at android.app.ActivityThread.performResumeActivity(ActivityThread.java:5399)
                                                                                                    	at android.app.ActivityThread.handleResumeActivity(ActivityThread.java:5508)
                                                                                                    	at android.app.servertransaction.ResumeActivityItem.execute(ResumeActivityItem.java:57)
                                                                                                    	at android.app.servertransaction.ActivityTransactionItem.execute(ActivityTransactionItem.java:45)
                                                                                                    	at android.app.servertransaction.TransactionExecutor.executeLifecycleState(TransactionExecutor.java:180)
                                                                                                    	at android.app.servertransaction.TransactionExecutor.execute(TransactionExecutor.java:98)
                                                                                                    	at android.app.ActivityThread$H.handleMessage(ActivityThread.java:2685)
                                                                                                    	at android.os.Handler.dispatchMessage(Handler.java:106)
                                                                                                    	at android.os.Looper.loopOnce(Looper.java:230)
                                                                                                    	at android.os.Looper.loop(Looper.java:319)
                                                                                                    	at android.app.ActivityThread.main(ActivityThread.java:8919)
                                                                                                    	at java.lang.reflect.Method.invoke(Native Method)
                                                                                                    	at com.android.internal.os.RuntimeInit$MethodAndArgsCaller.run(RuntimeInit.java:578)
                                                                                                    	at com.android.internal.os.ZygoteInit.main(ZygoteInit.java:1103)
2026-01-30 13:11:45.887 20091-20091 AppInfoDashboard        com.android.settings                 E  Package: com.fishit.player.v2 not found for user: 150
2026-01-30 13:12:19.556   925-925   audit                   auditd                               E  type=1400 audit(1769775139.552:37893): avc:  granted  { execute } for  pid=21730 comm="install_server-" path="/data/data/com.fishit.player.v2/code_cache/install_server-65318d08" dev="dm-52" ino=2002727 scontext=u:r:runas_app:s0:c206,c257,c512,c768 tcontext=u:object_r:app_data_file:s0:c206,c257,c512,c768 tclass=file SEPF_SM-G991B_12_0001 audit_filtered
2026-01-30 13:12:19.556   925-925   audit                   auditd                               E  type=1300 audit(1769775139.552:37893): arch=c00000b7 syscall=221 success=yes exit=0 a0=7feb0c3c9b a1=7feb0c31f8 a2=7feb0c3210 a3=36 items=2 ppid=29512 pid=21730 auid=4294967295 uid=10462 gid=10462 euid=10462 suid=10462 fsuid=10462 egid=10462 sgid=10462 fsgid=10462 tty=pts2 ses=4294967295 comm="install_server-" exe="/data/data/com.fishit.player.v2/code_cache/install_server-65318d08" subj=u:r:runas_app:s0:c206,c257,c512,c768 key=(null)
2026-01-30 13:12:19.556   925-925   audit                   auditd                               E  type=1309 audit(1769775139.552:37893): argc=2 a0="/data/data/com.fishit.player.v2/code_cache/install_server-65318d08" a1="com.fishit.player.v2"
2026-01-30 13:12:19.556   925-925   audit                   auditd                               E  type=1302 audit(1769775139.552:37893): item=0 name="/data/data/com.fishit.player.v2/code_cache/install_server-65318d08" inode=2002727 dev=fd:34 mode=0100775 ouid=10462 ogid=10462 rdev=00:00 obj=u:object_r:app_data_file:s0:c206,c257,c512,c768 nametype=NORMAL cap_fp=0 cap_fi=0 cap_fe=0 cap_fver=0 cap_frootid=0
2026-01-30 13:12:20.685   925-925   audit                   auditd                               E  type=1400 audit(1769775140.680:37908): avc:  granted  { execute } for  pid=21749 comm="re-initialized>" path="/data/data/com.fishit.player.v2/code_cache/startup_agents/65318d08-agent.so" dev="dm-52" ino=2304334 scontext=u:r:untrusted_app:s0:c206,c257,c512,c768 tcontext=u:object_r:app_data_file:s0:c206,c257,c512,c768 tclass=file SEPF_SM-G991B_12_0001 audit_filtered
---------------------------- PROCESS STARTED (21749) for package com.fishit.player.v2 ----------------------------
2026-01-30 13:12:21.044 21749-21749 ziparchive              com.fishit.player.v2                 W  Unable to open '/data/data/com.fishit.player.v2/code_cache/.overlay/base.apk/classes21.dm': No such file or directory
2026-01-30 13:12:21.046 21749-21749 ziparchive              com.fishit.player.v2                 W  Unable to open '/data/data/com.fishit.player.v2/code_cache/.overlay/base.apk/classes3.dm': No such file or directory
2026-01-30 13:12:21.055 21749-21749 ziparchive              com.fishit.player.v2                 W  Unable to open '/data/app/~~8gx4JeLiACshgzxwUTnkgQ==/com.fishit.player.v2-2nhDEKtFoifIfaQc4_ebRQ==/base.dm': No such file or directory
2026-01-30 13:12:21.055 21749-21749 ziparchive              com.fishit.player.v2                 W  Unable to open '/data/app/~~8gx4JeLiACshgzxwUTnkgQ==/com.fishit.player.v2-2nhDEKtFoifIfaQc4_ebRQ==/base.dm': No such file or directory
2026-01-30 13:12:22.212 21749-21749 nativeloader            com.fishit.player.v2                 D  Configuring clns-4 for other apk /data/app/~~8gx4JeLiACshgzxwUTnkgQ==/com.fishit.player.v2-2nhDEKtFoifIfaQc4_ebRQ==/base.apk. target_sdk_version=35, uses_libraries=, library_path=/data/app/~~8gx4JeLiACshgzxwUTnkgQ==/com.fishit.player.v2-2nhDEKtFoifIfaQc4_ebRQ==/lib/arm64:/data/app/~~8gx4JeLiACshgzxwUTnkgQ==/com.fishit.player.v2-2nhDEKtFoifIfaQc4_ebRQ==/base.apk!/lib/arm64-v8a, permitted_path=/data:/mnt/expand:/data/user/0/com.fishit.player.v2
2026-01-30 13:12:22.237 21749-21749 GraphicsEnvironment     com.fishit.player.v2                 V  Currently set values for:
2026-01-30 13:12:22.237 21749-21749 GraphicsEnvironment     com.fishit.player.v2                 V    angle_gl_driver_selection_pkgs=[]
2026-01-30 13:12:22.237 21749-21749 GraphicsEnvironment     com.fishit.player.v2                 V    angle_gl_driver_selection_values=[]
2026-01-30 13:12:22.238 21749-21749 GraphicsEnvironment     com.fishit.player.v2                 V  ANGLE GameManagerService for com.fishit.player.v2: false
2026-01-30 13:12:22.238 21749-21749 GraphicsEnvironment     com.fishit.player.v2                 V  com.fishit.player.v2 is not listed in per-application setting
2026-01-30 13:12:22.238 21749-21749 GraphicsEnvironment     com.fishit.player.v2                 V  App is not on the allowlist for updatable production driver.
2026-01-30 13:12:22.371 21749-21749 FirebaseApp             com.fishit.player.v2                 W  Default FirebaseApp failed to initialize because no default options were found. This usually means that com.google.gms:google-services was not applied to your gradle project.
2026-01-30 13:12:22.371 21749-21749 FirebaseInitProvider    com.fishit.player.v2                 I  FirebaseApp initialization unsuccessful
2026-01-30 13:12:23.084 21749-21749 LeakCanaryConfig        com.fishit.player.v2                 I  LeakCanary not available (disabled via compile-time gating)
2026-01-30 13:12:23.087 21749-21749 DebugToolsInitializer   com.fishit.player.v2                 I  DebugToolsInitializer started (LeakCanary available=false)
2026-01-30 13:12:23.091 21749-21749 DebugBootstraps         com.fishit.player.v2                 I  Debug bootstraps started (DebugToolsInitializer)
2026-01-30 13:12:23.092 21749-21772 DebugToolsInitializer   com.fishit.player.v2                 I  Chucker enabled=false
2026-01-30 13:12:23.094 21749-21775 DebugToolsInitializer   com.fishit.player.v2                 D  LeakCanary not available (disabled via compile-time gating)
2026-01-30 13:12:23.096 21749-21775 DebugToolsInitializer   com.fishit.player.v2                 I  LeakCanary enabled=false (available=false)
2026-01-30 13:12:23.126 21749-21749 WM-PackageManagerHelper com.fishit.player.v2                 D  Skipping component enablement for androidx.work.impl.background.systemjob.SystemJobService
2026-01-30 13:12:23.126 21749-21749 WM-Schedulers           com.fishit.player.v2                 D  Created SystemJobScheduler and enabled SystemJobService
2026-01-30 13:12:23.132 21749-21777 WM-ForceStopRunnable    com.fishit.player.v2                 D  The default process name was not specified.
2026-01-30 13:12:23.133 21749-21777 WM-ForceStopRunnable    com.fishit.player.v2                 D  Performing cleanup operations.
2026-01-30 13:12:23.136 21749-21749 FishItV2Application     com.fishit.player.v2                 I  WorkManager initialized
2026-01-30 13:12:23.136 21749-21749 SourceActi...onObserver com.fishit.player.v2                 I  Starting activation observer
2026-01-30 13:12:23.138 21749-21749 TelegramAc...onObserver com.fishit.player.v2                 I  TelegramActivationObserver starting
2026-01-30 13:12:23.140 21749-21749 CatalogSyncBootstrap    com.fishit.player.v2                 I  Catalog sync bootstrap collection started
2026-01-30 13:12:23.141 21749-21775 TelegramAc...onObserver com.fishit.player.v2                 D  Auth state=Idle (initializing/in-progress) → leaving activation unchanged
2026-01-30 13:12:23.149 21749-21749 OpenGLRenderer          com.fishit.player.v2                 D  HWUI - treat SMPTE_170M as sRGB
2026-01-30 13:12:23.149 21749-21772 CatalogSyncBootstrap    com.fishit.player.v2                 D  Source activation check: activeSources=[], hasActive=false
2026-01-30 13:12:23.177   925-925   audit                   auditd                               E  type=1400 audit(1769775143.172:37909): avc:  denied  { ioctl } for  pid=21749 comm="WM.task-1" path="/data/data/com.fishit.player.v2/no_backup/androidx.work.workdb" dev="dm-52" ino=2001898 ioctlcmd=0xf522 scontext=u:r:untrusted_app:s0:c206,c257,c512,c768 tcontext=u:object_r:app_data_file:s0:c206,c257,c512,c768 tclass=file permissive=0 SEPF_SM-G991B_12_0001 audit_filtered
2026-01-30 13:12:23.177   925-925   audit                   auditd                               E  type=1327 audit(1769775143.172:37909): proctitle="com.fishit.player.v2"
2026-01-30 13:12:23.185   925-925   audit                   auditd                               E  type=1400 audit(1769775143.180:37910): avc:  denied  { ioctl } for  pid=21749 comm="WM.task-1" path="/data/data/com.fishit.player.v2/no_backup/androidx.work.workdb-journal" dev="dm-52" ino=1573829 ioctlcmd=0xf522 scontext=u:r:untrusted_app:s0:c206,c257,c512,c768 tcontext=u:object_r:app_data_file:s0:c206,c257,c512,c768 tclass=file permissive=0 SEPF_SM-G991B_12_0001 audit_filtered
2026-01-30 13:12:23.212 21749-21749 ishit.player.v2         com.fishit.player.v2                 E  Invalid resource ID 0x00000000.
2026-01-30 13:12:23.234 21749-21749 DecorView               com.fishit.player.v2                 I  setWindowBackground: isPopOver=false color=ff000000 d=android.graphics.drawable.ColorDrawable@f5d9f77
2026-01-30 13:12:23.241 21749-21749 PhoneWindow             com.fishit.player.v2                 D  forceLight changed to false [] from com.android.internal.policy.PhoneWindow.updateForceLightNavigationBar:4373 com.android.internal.policy.PhoneWindow.setNavigationBarColor:4064 androidx.activity.EdgeToEdgeApi29.setUp:312 androidx.activity.EdgeToEdge.enable:93 androidx.activity.EdgeToEdge.enable$default:71
2026-01-30 13:12:23.258 21749-21777 Compatibil...geReporter com.fishit.player.v2                 D  Compat change id reported: 160794467; UID 10462; state: ENABLED
2026-01-30 13:12:23.262 21749-21777 WM-ForceStopRunnable    com.fishit.player.v2                 D  Application was force-stopped, rescheduling.
2026-01-30 13:12:23.295 21749-21749 Compatibil...geReporter com.fishit.player.v2                 D  Compat change id reported: 237531167; UID 10462; state: DISABLED
2026-01-30 13:12:23.304 21749-21779 NativeCust...ncyManager com.fishit.player.v2                 D  [NativeCFMS] BpCustomFrequencyManager::BpCustomFrequencyManager()
2026-01-30 13:12:23.322 21749-21791 WM-PackageManagerHelper com.fishit.player.v2                 D  androidx.work.impl.background.systemalarm.RescheduleReceiver disabled
