2026-02-10 13:13:59.853  7699-7960  CatalogSyncOrchestrator com.fishit.player.v2                 I  Xtream sync starting...
2026-02-10 13:13:59.860  7699-7699  HomeViewModel           com.fishit.player.v2                 D  🔄 Movies PagingFlow recreated (trigger=0)
2026-02-10 13:13:59.861  7699-7699  NxHomeContentRepo       com.fishit.player.v2                 I  🎬 getMoviesPagingData() CALLED - Creating Movies PagingSource
2026-02-10 13:13:59.864  7699-7699  NxHomeContentRepo       com.fishit.player.v2                 D  🎬 Movies PagingSource FACTORY invoked
2026-02-10 13:13:59.865  7699-7957  XtreamSyncService       com.fishit.player.v2                 D  Starting Xtream sync: profile=PHONE_HIGH_RAM, forceFullSync=false
2026-02-10 13:13:59.867  7699-7963  IncrementalSyncDecider  com.fishit.player.v2                 I  [all] First sync - full required
2026-02-10 13:13:59.869  7699-7963  SyncPerfMetrics         com.fishit.player.v2                 D  Sync app-default started
2026-02-10 13:13:59.874  7699-7699  NxHomeContentRepo       com.fishit.player.v2                 D  🔍 HomePagingSource.load() START | workType=MOVIE offset=0 loadSize=40
2026-02-10 13:13:59.874  7699-7960  XtreamCatalogPipeline   com.fishit.player.v2                 I  Starting Xtream catalog scan: vod=true, series=true, episodes=false, live=true
2026-02-10 13:13:59.876  7699-7963  ObjectBoxPagingSource   com.fishit.player.v2                 D  🔍 DB Query: offset=0 loadSize=40 → results=0
2026-02-10 13:13:59.876  7699-7963  NxHomeContentRepo       com.fishit.player.v2                 D  🔍 HomePagingSource: DB returned 0 works
2026-02-10 13:13:59.876  7699-7926  LiveChannelPhase        com.fishit.player.v2                 D  [LIVE] Starting parallel scan (streaming) with 163 category filter(s) [server-side]...
2026-02-10 13:13:59.877  7699-7959  SeriesItemPhase         com.fishit.player.v2                 D  [SERIES] Starting scan (after slot available)...
2026-02-10 13:13:59.877  7699-7699  HomeViewModel           com.fishit.player.v2                 D  🔄 Series PagingFlow recreated (trigger=0)
2026-02-10 13:13:59.877  7699-7699  NxHomeContentRepo       com.fishit.player.v2                 I  📺 getSeriesPagingData() CALLED - Creating Series PagingSource
2026-02-10 13:13:59.880  7699-7699  NxHomeContentRepo       com.fishit.player.v2                 D  📺 Series PagingSource FACTORY invoked
2026-02-10 13:13:59.881  7699-7922  XtreamStreamFetcher     com.fishit.player.v2                 D  streamFromUrl: CALLED for http://konigtv.com:8080/player_api.php?action=get_live_streams&category_id=11&username=***&password=***
2026-02-10 13:13:59.883  7699-7964  XtreamStreamFetcher     com.fishit.player.v2                 D  streamFromUrl: CALLED for http://konigtv.com:8080/player_api.php?action=get_live_streams&category_id=464&username=***&password=***
2026-02-10 13:13:59.884  7699-7699  NxHomeContentRepo       com.fishit.player.v2                 D  🔍 HomePagingSource.load() START | workType=SERIES offset=0 loadSize=40
2026-02-10 13:13:59.886  7699-7924  XtreamStreamFetcher     com.fishit.player.v2                 D  streamFromUrl: CALLED for http://konigtv.com:8080/player_api.php?action=get_live_streams&category_id=12&username=***&password=***
2026-02-10 13:13:59.887  7699-7957  ObjectBoxPagingSource   com.fishit.player.v2                 D  🔍 DB Query: offset=0 loadSize=40 → results=0
2026-02-10 13:13:59.887  7699-7963  XtreamStreamFetcher     com.fishit.player.v2                 D  streamFromUrl: CALLED for http://konigtv.com:8080/player_api.php?action=get_live_streams&category_id=129&username=***&password=***
2026-02-10 13:13:59.887  7699-7957  NxHomeContentRepo       com.fishit.player.v2                 D  🔍 HomePagingSource: DB returned 0 works
2026-02-10 13:13:59.887  7699-7699  HomeViewModel           com.fishit.player.v2                 D  🔄 Clips PagingFlow recreated (trigger=0)
2026-02-10 13:13:59.889  7699-7959  XtreamStreamFetcher     com.fishit.player.v2                 D  streamFromUrl: CALLED for http://konigtv.com:8080/player_api.php?action=get_series&category_id=*&username=***&password=***
2026-02-10 13:13:59.893  7699-7699  NxHomeContentRepo       com.fishit.player.v2                 D  🔍 HomePagingSource.load() START | workType=CLIP offset=0 loadSize=40
2026-02-10 13:13:59.895  7699-7961  ObjectBoxPagingSource   com.fishit.player.v2                 D  🔍 DB Query: offset=0 loadSize=40 → results=0
2026-02-10 13:13:59.895  7699-7961  NxHomeContentRepo       com.fishit.player.v2                 D  🔍 HomePagingSource: DB returned 0 works
2026-02-10 13:13:59.896  7699-7699  HomeViewModel           com.fishit.player.v2                 D  🔄 Live PagingFlow recreated (trigger=0)
2026-02-10 13:13:59.903  7699-7699  NxHomeContentRepo       com.fishit.player.v2                 D  🔍 HomePagingSource.load() START | workType=LIVE_CHANNEL offset=0 loadSize=40
2026-02-10 13:13:59.905  7699-8895  ObjectBoxPagingSource   com.fishit.player.v2                 D  🔍 DB Query: offset=0 loadSize=40 → results=0
2026-02-10 13:13:59.905  7699-8895  NxHomeContentRepo       com.fishit.player.v2                 D  🔍 HomePagingSource: DB returned 0 works
2026-02-10 13:13:59.907  7699-7699  HomeViewModel           com.fishit.player.v2                 D  🔄 RecentlyAdded PagingFlow recreated (trigger=0)
2026-02-10 13:13:59.912  7699-7699  NxHomeContentRepo       com.fishit.player.v2                 D  🔍 HomePagingSource.load() START | workType=ALL offset=0 loadSize=40
2026-02-10 13:13:59.915  7699-7699  WM-SystemJobService     com.fishit.player.v2                 D  onStartJob for WorkGenerationalId(workSpecId=987ddee3-0f4b-4de3-80f0-0701f6e3f537, generation=0)
2026-02-10 13:13:59.916  7699-8893  ObjectBoxPagingSource   com.fishit.player.v2                 D  🔍 DB Query: offset=0 loadSize=40 → results=0
2026-02-10 13:13:59.916  7699-8893  NxHomeContentRepo       com.fishit.player.v2                 D  🔍 HomePagingSource: DB returned 0 works
2026-02-10 13:13:59.919  7699-8842  TrafficStats            com.fishit.player.v2                 D  tagSocket(79) with statsTag=0xffffffff, statsUid=-1
2026-02-10 13:13:59.920  7699-8838  TrafficStats            com.fishit.player.v2                 D  tagSocket(156) with statsTag=0xffffffff, statsUid=-1
2026-02-10 13:13:59.921  7699-8844  TrafficStats            com.fishit.player.v2                 D  tagSocket(162) with statsTag=0xffffffff, statsUid=-1
2026-02-10 13:13:59.922  7699-8070  WM-Processor            com.fishit.player.v2                 D  Work WorkGenerationalId(workSpecId=987ddee3-0f4b-4de3-80f0-0701f6e3f537, generation=0) is already enqueued for processing
2026-02-10 13:13:59.924  7699-8839  TrafficStats            com.fishit.player.v2                 D  tagSocket(164) with statsTag=0xffffffff, statsUid=-1
2026-02-10 13:13:59.943  7699-7699  ViewRootIm...nActivity] com.fishit.player.v2                 I  handleWindowFocusChanged: 1 0 call from android.view.ViewRootImpl.-$$Nest$mhandleWindowFocusChanged:0
2026-02-10 13:13:59.943  7699-7699  ViewRootIm...nActivity] com.fishit.player.v2                 D  mThreadedRenderer.initializeIfNeeded()#2 mSurface={isValid=true 0xb4000074206e3210}
2026-02-10 13:13:59.944  7699-7699  InputMethodManagerUtils com.fishit.player.v2                 D  startInputInner - Id : 0
2026-02-10 13:13:59.944  7699-7699  InputMethodManager      com.fishit.player.v2                 I  startInputInner - IInputMethodManagerGlobalInvoker.startInputOrWindowGainedFocus
2026-02-10 13:13:59.947  7699-7699  NxHomeContentRepo       com.fishit.player.v2                 D  🔍 HomePagingSource: Processing 0 works for mapping
2026-02-10 13:13:59.948  7699-7699  NxHomeContentRepo       com.fishit.player.v2                 D  🔍 HomePagingSource: Processing 0 works for mapping
2026-02-10 13:13:59.948  7699-7699  NxHomeContentRepo       com.fishit.player.v2                 D  🔍 HomePagingSource: Processing 0 works for mapping
2026-02-10 13:13:59.949  7699-7699  NxHomeContentRepo       com.fishit.player.v2                 D  🔍 HomePagingSource: Processing 0 works for mapping
2026-02-10 13:13:59.949  7699-7699  NxHomeContentRepo       com.fishit.player.v2                 D  🔍 HomePagingSource: Filtered out episodes: 0 → 0
2026-02-10 13:13:59.949  7699-7699  NxHomeContentRepo       com.fishit.player.v2                 D  🔍 HomePagingSource: Processing 0 works for mapping
2026-02-10 13:14:00.053  7699-7699  WorkManage...teObserver com.fishit.player.v2                 D  Sync state: RUNNING | id=987ddee3 | attempts=1 | tags=[mode_expert_now, catalog_sync, worker/CatalogSyncOrchestratorWorker, com.fishit.player.v2.work.CatalogSyncOrchestratorWorker]
2026-02-10 13:14:00.054  7699-7699  NxHomeContentRepo       com.fishit.player.v2                 D  🔍 HomePagingSource: Loaded source refs for 0 works
2026-02-10 13:14:00.055  7699-7699  NxHomeContentRepo       com.fishit.player.v2                 I  ✅ HomePagingSource.load() RESULT | workType=MOVIE offset=0 count=0 hasNext=false titles=
2026-02-10 13:14:00.058  7699-7699  NxHomeContentRepo       com.fishit.player.v2                 D  🔍 HomePagingSource: Loaded source refs for 0 works
2026-02-10 13:14:00.059  7699-7699  NxHomeContentRepo       com.fishit.player.v2                 I  ✅ HomePagingSource.load() RESULT | workType=SERIES offset=0 count=0 hasNext=false titles=
2026-02-10 13:14:00.061  7699-7699  NxHomeContentRepo       com.fishit.player.v2                 D  🔍 HomePagingSource: Loaded source refs for 0 works
2026-02-10 13:14:00.061  7699-7699  NxHomeContentRepo       com.fishit.player.v2                 I  ✅ HomePagingSource.load() RESULT | workType=CLIP offset=0 count=0 hasNext=false titles=
2026-02-10 13:14:00.063  7699-7699  NxHomeContentRepo       com.fishit.player.v2                 D  🔍 HomePagingSource: Loaded source refs for 0 works
2026-02-10 13:14:00.064  7699-7699  NxHomeContentRepo       com.fishit.player.v2                 I  ✅ HomePagingSource.load() RESULT | workType=LIVE_CHANNEL offset=0 count=0 hasNext=false titles=
2026-02-10 13:14:00.066  7699-7699  NxHomeContentRepo       com.fishit.player.v2                 D  🔍 HomePagingSource: Loaded source refs for 0 works
2026-02-10 13:14:00.066  7699-7699  NxHomeContentRepo       com.fishit.player.v2                 I  ✅ HomePagingSource.load() RESULT | workType=ALL offset=0 count=0 hasNext=false titles=
2026-02-10 13:14:00.069  7699-7699  InsetsSourceConsumer    com.fishit.player.v2                 I  applyRequestedVisibilityToControl: visible=false, type=ime, host=com.fishit.player.v2/com.fishit.player.v2.MainActivity
2026-02-10 13:14:00.125  7699-7922  XtreamStreamFetcher     com.fishit.player.v2                 D  streamFromUrl: Starting StreamingJsonParser.streamInBatches() for http://konigtv.com:8080/player_api.php?action=get_live_streams&category_id=11&username=***&password=***
2026-02-10 13:14:00.175  7699-7922  XTC                     com.fishit.player.v2                 D  [LIVE] DTO→Raw #1 | id=xtream:live:30460 | title="UNTERHALTUNG" | sourceType=XTREAM | Fields: ✓[poster] ✗[year, plot, cast, director, backdrop, duration, tmdb]
2026-02-10 13:14:00.230  7699-7922  XTC                     com.fishit.player.v2                 D  [LIVE] DTO→Raw #50 | id=xtream:live:49201 | title="DE: RTL Passion FHD" | sourceType=XTREAM | Fields: ✓[poster] ✗[year, plot, cast, director, backdrop, duration, tmdb]
2026-02-10 13:14:00.233  7699-7960  NxXtreamLiveRepo        com.fishit.player.v2                 W  upsertAll() called - writes should go through NxCatalogWriter
2026-02-10 13:14:00.256  7699-7963  XtreamStreamFetcher     com.fishit.player.v2                 D  streamFromUrl: Starting StreamingJsonParser.streamInBatches() for http://konigtv.com:8080/player_api.php?action=get_live_streams&category_id=129&username=***&password=***
2026-02-10 13:14:00.274  7699-7964  XtreamStreamFetcher     com.fishit.player.v2                 D  streamFromUrl: Starting StreamingJsonParser.streamInBatches() for http://konigtv.com:8080/player_api.php?action=get_live_streams&category_id=464&username=***&password=***
2026-02-10 13:14:00.313  7699-7924  XtreamStreamFetcher     com.fishit.player.v2                 D  streamFromUrl: Starting StreamingJsonParser.streamInBatches() for http://konigtv.com:8080/player_api.php?action=get_live_streams&category_id=12&username=***&password=***
2026-02-10 13:14:00.315  7699-7964  XTC                     com.fishit.player.v2                 D  [LIVE] DTO→Raw #100 | id=xtream:live:67399 | title="DE: Bndliga 1 SD" | sourceType=XTREAM | Fields: ✓[poster] ✗[year, plot, cast, director, backdrop, duration, tmdb]
2026-02-10 13:14:00.316  7699-7923  NxXtreamLiveRepo        com.fishit.player.v2                 W  upsertAll() called - writes should go through NxCatalogWriter
2026-02-10 13:14:00.345  7699-7964  XTC                     com.fishit.player.v2                 D  [LIVE] DTO→Raw #150 | id=xtream:live:2251 | title="DE: Bndliga 5 HD" | sourceType=XTREAM | Fields: ✓[poster] ✗[year, plot, cast, director, backdrop, duration, tmdb]
2026-02-10 13:14:00.347  7699-7960  NxXtreamLiveRepo        com.fishit.player.v2                 W  upsertAll() called - writes should go through NxCatalogWriter
2026-02-10 13:14:00.374  7699-7963  XtreamStreamFetcher     com.fishit.player.v2                 D  StreamBatch: 53 items in 1 batches (119ms) | errors=0
2026-02-10 13:14:00.376  7699-7964  XtreamStreamFetcher     com.fishit.player.v2                 D  StreamBatch: 40 items in 1 batches (103ms) | errors=0
2026-02-10 13:14:00.378  7699-8895  VodItemPhase            com.fishit.player.v2                 D  [VOD] Starting parallel scan (streaming) with 2 category filter(s) [server-side]...
2026-02-10 13:14:00.379  7699-7924  XTC                     com.fishit.player.v2                 D  [LIVE] DTO→Raw #200 | id=xtream:live:127008 | title="DE: AMAZON PRIME HD" | sourceType=XTREAM | Fields: ✓[poster] ✗[year, plot, cast, director, backdrop, duration, tmdb]
2026-02-10 13:14:00.380  7699-7960  NxXtreamLiveRepo        com.fishit.player.v2                 W  upsertAll() called - writes should go through NxCatalogWriter
2026-02-10 13:14:00.381  7699-7963  XtreamStreamFetcher     com.fishit.player.v2                 D  streamFromUrl: CALLED for http://konigtv.com:8080/player_api.php?action=get_live_streams&category_id=463&username=***&password=***
2026-02-10 13:14:00.386  7699-7923  XtreamStreamFetcher     com.fishit.player.v2                 D  streamFromUrl: CALLED for http://konigtv.com:8080/player_api.php?action=get_vod_streams&category_id=56&username=***&password=***
2026-02-10 13:14:00.387  7699-7964  XtreamStreamFetcher     com.fishit.player.v2                 D  streamFromUrl: CALLED for http://konigtv.com:8080/player_api.php?action=get_live_streams&category_id=300&username=***&password=***
2026-02-10 13:14:00.390  7699-8895  XtreamStreamFetcher     com.fishit.player.v2                 D  streamFromUrl: CALLED for http://konigtv.com:8080/player_api.php?action=get_vod_streams&category_id=244&username=***&password=***
2026-02-10 13:14:00.407  7699-7959  XtreamStreamFetcher     com.fishit.player.v2                 D  streamFromUrl: Starting StreamingJsonParser.streamInBatches() for http://konigtv.com:8080/player_api.php?action=get_series&category_id=*&username=***&password=***
2026-02-10 13:14:00.417  7699-8844  TrafficStats            com.fishit.player.v2                 D  tagSocket(117) with statsTag=0xffffffff, statsUid=-1
2026-02-10 13:14:00.417  7699-8841  TrafficStats            com.fishit.player.v2                 D  tagSocket(134) with statsTag=0xffffffff, statsUid=-1
2026-02-10 13:14:00.424  7699-7922  XTC                     com.fishit.player.v2                 D  [LIVE] DTO→Raw #250 | id=xtream:live:697342 | title="DE: WDR KOLN" | sourceType=XTREAM | Fields: ✓[poster] ✗[year, plot, cast, director, backdrop, duration, tmdb]
2026-02-10 13:14:00.424  7699-7957  NxXtreamLiveRepo        com.fishit.player.v2                 W  upsertAll() called - writes should go through NxCatalogWriter
2026-02-10 13:14:00.446  7699-7922  XtreamStreamFetcher     com.fishit.player.v2                 D  StreamBatch: 132 items in 1 batches (321ms) | errors=0
2026-02-10 13:14:00.452  7699-7957  XtreamStreamFetcher     com.fishit.player.v2                 D  streamFromUrl: CALLED for http://konigtv.com:8080/player_api.php?action=get_live_streams&category_id=472&username=***&password=***
2026-02-10 13:14:00.453  7699-7924  XTC                     com.fishit.player.v2                 D  [LIVE] DTO→Raw #300 | id=xtream:live:795607 | title="DE: DEL2 EVENT 18" | sourceType=XTREAM | Fields: ✓[poster] ✗[year, plot, cast, director, backdrop, duration, tmdb]
2026-02-10 13:14:00.454  7699-7926  NxXtreamLiveRepo        com.fishit.player.v2                 W  upsertAll() called - writes should go through NxCatalogWriter
2026-02-10 13:14:00.455  7699-7924  XtreamStreamFetcher     com.fishit.player.v2                 D  StreamBatch: 77 items in 1 batches (145ms) | errors=0
2026-02-10 13:14:00.464  7699-7924  XtreamStreamFetcher     com.fishit.player.v2                 D  streamFromUrl: CALLED for http://konigtv.com:8080/player_api.php?action=get_live_streams&category_id=298&username=***&password=***
2026-02-10 13:14:00.508  7699-7959  StreamingJsonParser     com.fishit.player.v2                 W  streamInBatches mapper error #1: Series ID must be positive, got: -441
2026-02-10 13:14:00.515  7699-7959  StreamingJsonParser     com.fishit.player.v2                 W  streamInBatches mapper error #2: Series ID must be positive, got: -441
2026-02-10 13:14:00.524  7699-7959  StreamingJsonParser     com.fishit.player.v2                 W  streamInBatches mapper error #3: Series ID must be positive, got: -441
2026-02-10 13:14:00.669  7699-7963  XtreamStreamFetcher     com.fishit.player.v2                 D  streamFromUrl: Starting StreamingJsonParser.streamInBatches() for http://konigtv.com:8080/player_api.php?action=get_live_streams&category_id=463&username=***&password=***
2026-02-10 13:14:00.728  7699-7957  XtreamStreamFetcher     com.fishit.player.v2                 D  streamFromUrl: Starting StreamingJsonParser.streamInBatches() for http://konigtv.com:8080/player_api.php?action=get_live_streams&category_id=472&username=***&password=***
2026-02-10 13:14:00.729  7699-7712  InputTransport          com.fishit.player.v2                 D  Input channel destroyed: 'ClientS', fd=141
2026-02-10 13:14:00.729  7699-7963  XtreamStreamFetcher     com.fishit.player.v2                 D  StreamBatch: 38 items in 1 batches (60ms) | errors=0
2026-02-10 13:14:00.731  7699-8895  XtreamStreamFetcher     com.fishit.player.v2                 D  streamFromUrl: Starting StreamingJsonParser.streamInBatches() for http://konigtv.com:8080/player_api.php?action=get_vod_streams&category_id=244&username=***&password=***
2026-02-10 13:14:00.738  7699-7712  InputTransport          com.fishit.player.v2                 D  Input channel destroyed: 'ClientS', fd=184
2026-02-10 13:14:00.744  7699-8893  XtreamStreamFetcher     com.fishit.player.v2                 D  streamFromUrl: CALLED for http://konigtv.com:8080/player_api.php?action=get_live_streams&category_id=71&username=***&password=***
2026-02-10 13:14:00.767  7699-7957  XTC                     com.fishit.player.v2                 D  [LIVE] DTO→Raw #350 | id=xtream:live:790242 | title="UEFA: DAZN UEFA CL 06" | sourceType=XTREAM | Fields: ✓[poster] ✗[year, plot, cast, director, backdrop, duration, tmdb]
2026-02-10 13:14:00.769  7699-7963  NxXtreamLiveRepo        com.fishit.player.v2                 W  upsertAll() called - writes should go through NxCatalogWriter
2026-02-10 13:14:00.778  7699-7957  XtreamStreamFetcher     com.fishit.player.v2                 D  StreamBatch: 20 items in 1 batches (51ms) | errors=0
2026-02-10 13:14:00.779  7699-8895  XTC                     com.fishit.player.v2                 D  [VOD] DTO→Raw #1 | id=xtream:vod:799717 | title="Jäger des verlorenen Schatzes | 1981 | 7" | sourceType=XTREAM | Fields: ✓[year=1981, poster] ✗[plot, cast, director, backdrop, duration, tmdb]
2026-02-10 13:14:00.781  7699-7957  XtreamStreamFetcher     com.fishit.player.v2                 D  streamFromUrl: CALLED for http://konigtv.com:8080/player_api.php?action=get_live_streams&category_id=468&username=***&password=***
2026-02-10 13:14:00.796  7699-7926  NxXtreamLiveRepo        com.fishit.player.v2                 W  upsertAll() called - writes should go through NxCatalogWriter
2026-02-10 13:14:00.797  7699-7926  NxXtreamCatalogRepo     com.fishit.player.v2                 W  upsertAll() called - writes should go through NxCatalogWriter
2026-02-10 13:14:00.797  7699-8895  XTC                     com.fishit.player.v2                 D  [VOD] DTO→Raw #50 | id=xtream:vod:788558 | title="Fünf Freunde | 2012 | 6.5" | sourceType=XTREAM | Fields: ✓[year=2012, poster] ✗[plot, cast, director, backdrop, duration, tmdb]
2026-02-10 13:14:00.813  7699-8895  XTC                     com.fishit.player.v2                 D  [VOD] DTO→Raw #100 | id=xtream:vod:757919 | title="Das Bourne Vermächtnis | 2012 | 6.2" | sourceType=XTREAM | Fields: ✓[year=2012, poster] ✗[plot, cast, director, backdrop, duration, tmdb]
2026-02-10 13:14:00.814  7699-7922  NxXtreamCatalogRepo     com.fishit.player.v2                 W  upsertAll() called - writes should go through NxCatalogWriter
2026-02-10 13:14:00.815  7699-7924  XtreamStreamFetcher     com.fishit.player.v2                 D  streamFromUrl: Starting StreamingJsonParser.streamInBatches() for http://konigtv.com:8080/player_api.php?action=get_live_streams&category_id=298&username=***&password=***
2026-02-10 13:14:00.829  7699-7963  NxXtreamLiveRepo        com.fishit.player.v2                 W  upsertAll() called - writes should go through NxCatalogWriter
2026-02-10 13:14:00.829  7699-7963  NxXtreamCatalogRepo     com.fishit.player.v2                 W  upsertAll() called - writes should go through NxCatalogWriter
2026-02-10 13:14:00.832  7699-8895  XTC                     com.fishit.player.v2                 D  [VOD] DTO→Raw #150 | id=xtream:vod:757749 | title="Die wilden Kerle - Die Legende lebt | 20" | sourceType=XTREAM | Fields: ✓[year=2016, poster] ✗[plot, cast, director, backdrop, duration, tmdb]
2026-02-10 13:14:00.841  7699-7924  XtreamStreamFetcher     com.fishit.player.v2                 D  StreamBatch: 23 items in 1 batches (26ms) | errors=0
2026-02-10 13:14:00.845  7699-7922  XtreamStreamFetcher     com.fishit.player.v2                 D  streamFromUrl: CALLED for http://konigtv.com:8080/player_api.php?action=get_live_streams&category_id=421&username=***&password=***
2026-02-10 13:14:00.854  7699-7964  XtreamStreamFetcher     com.fishit.player.v2                 D  streamFromUrl: Starting StreamingJsonParser.streamInBatches() for http://konigtv.com:8080/player_api.php?action=get_live_streams&category_id=300&username=***&password=***
2026-02-10 13:14:00.875  7699-8896  NxXtreamLiveRepo        com.fishit.player.v2                 W  upsertAll() called - writes should go through NxCatalogWriter
2026-02-10 13:14:00.875  7699-8896  NxXtreamCatalogRepo     com.fishit.player.v2                 W  upsertAll() called - writes should go through NxCatalogWriter
2026-02-10 13:14:00.886  7699-7963  XTC                     com.fishit.player.v2                 D  [VOD] DTO→Raw #200 | id=xtream:vod:756707 | title="Death Race | 2008 | 6.3 " | sourceType=XTREAM | Fields: ✓[year=2008, poster] ✗[plot, cast, director, backdrop, duration, tmdb]
2026-02-10 13:14:00.894  7699-7960  NxXtreamCatalogRepo     com.fishit.player.v2                 W  upsertAll() called - writes should go through NxCatalogWriter
2026-02-10 13:14:00.905  7699-7963  XTC                     com.fishit.player.v2                 D  [VOD] DTO→Raw #250 | id=xtream:vod:728151 | title="Austin Powers - Das Schärfste, was Ihre " | sourceType=XTREAM | Fields: ✓[year=1997, poster] ✗[plot, cast, director, backdrop, duration, tmdb]
2026-02-10 13:14:00.911  7699-8895  NxXtreamLiveRepo        com.fishit.player.v2                 W  upsertAll() called - writes should go through NxCatalogWriter
2026-02-10 13:14:00.912  7699-8895  NxXtreamCatalogRepo     com.fishit.player.v2                 W  upsertAll() called - writes should go through NxCatalogWriter
2026-02-10 13:14:00.921  7699-7963  XTC                     com.fishit.player.v2                 D  [VOD] DTO→Raw #300 | id=xtream:vod:671955 | title="Sharknado 5: Global Swarming | 2017 | 5." | sourceType=XTREAM | Fields: ✓[year=2017, poster] ✗[plot, cast, director, backdrop, duration, tmdb]
2026-02-10 13:14:00.936  7699-7964  XTC                     com.fishit.player.v2                 D  [LIVE] DTO→Raw #400 | id=xtream:live:191739 | title="DE: DAZN SPORTDIGITAL HD" | sourceType=XTREAM | Fields: ✓[poster] ✗[year, plot, cast, director, backdrop, duration, tmdb]
2026-02-10 13:14:00.938  7699-7960  NxXtreamLiveRepo        com.fishit.player.v2                 W  upsertAll() called - writes should go through NxCatalogWriter
2026-02-10 13:14:00.939  7699-7960  NxXtreamCatalogRepo     com.fishit.player.v2                 W  upsertAll() called - writes should go through NxCatalogWriter
2026-02-10 13:14:00.964  7699-7960  NxXtreamLiveRepo        com.fishit.player.v2                 W  upsertAll() called - writes should go through NxCatalogWriter
2026-02-10 13:14:00.964  7699-7960  NxXtreamCatalogRepo     com.fishit.player.v2                 W  upsertAll() called - writes should go through NxCatalogWriter
2026-02-10 13:14:00.975  7699-8895  XTC                     com.fishit.player.v2                 D  [VOD] DTO→Raw #350 | id=xtream:vod:391912 | title="Freitag der 13. - Jason im Blutrausch (1" | sourceType=XTREAM | Fields: ✓[year=1988, poster] ✗[plot, cast, director, backdrop, duration, tmdb]
2026-02-10 13:14:00.979  7699-7960  NxXtreamLiveRepo        com.fishit.player.v2                 W  upsertAll() called - writes should go through NxCatalogWriter
2026-02-10 13:14:00.980  7699-7960  NxXtreamCatalogRepo     com.fishit.player.v2                 W  upsertAll() called - writes should go through NxCatalogWriter
2026-02-10 13:14:00.980  7699-7964  XTC                     com.fishit.player.v2                 D  [LIVE] DTO→Raw #450 | id=xtream:live:797292 | title="DE: DAZN EVENT 18 HD" | sourceType=XTREAM | Fields: ✓[poster] ✗[year, plot, cast, director, backdrop, duration, tmdb]
2026-02-10 13:14:00.991  7699-7960  NxXtreamLiveRepo        com.fishit.player.v2                 W  upsertAll() called - writes should go through NxCatalogWriter
2026-02-10 13:14:00.992  7699-7960  NxXtreamCatalogRepo     com.fishit.player.v2                 W  upsertAll() called - writes should go through NxCatalogWriter
2026-02-10 13:14:00.995  7699-8895  XTC                     com.fishit.player.v2                 D  [VOD] DTO→Raw #400 | id=xtream:vod:391972 | title="Taxi (1998)" | sourceType=XTREAM | Fields: ✓[year=1998, poster] ✗[plot, cast, director, backdrop, duration, tmdb]
2026-02-10 13:14:01.004  7699-7964  XtreamStreamFetcher     com.fishit.player.v2                 D  StreamBatch: 100 items in 1 batches (150ms) | errors=0
2026-02-10 13:14:01.004  7699-7960  NxXtreamLiveRepo        com.fishit.player.v2                 W  upsertAll() called - writes should go through NxCatalogWriter
2026-02-10 13:14:01.005  7699-7960  NxXtreamCatalogRepo     com.fishit.player.v2                 W  upsertAll() called - writes should go through NxCatalogWriter
2026-02-10 13:14:01.007  7699-8896  XtreamStreamFetcher     com.fishit.player.v2                 D  streamFromUrl: CALLED for http://konigtv.com:8080/player_api.php?action=get_live_streams&category_id=13&username=***&password=***
2026-02-10 13:14:01.014  7699-8893  XtreamStreamFetcher     com.fishit.player.v2                 D  streamFromUrl: Starting StreamingJsonParser.streamInBatches() for http://konigtv.com:8080/player_api.php?action=get_live_streams&category_id=71&username=***&password=***
2026-02-10 13:14:01.019  7699-8895  XTC                     com.fishit.player.v2                 D  [VOD] DTO→Raw #450 | id=xtream:vod:434439 | title="Der Hobbit - Eine unerwartete Reise (201" | sourceType=XTREAM | Fields: ✓[year=2012, poster] ✗[plot, cast, director, backdrop, duration, tmdb]
2026-02-10 13:14:01.027  7699-7957  XtreamStreamFetcher     com.fishit.player.v2                 D  streamFromUrl: Starting StreamingJsonParser.streamInBatches() for http://konigtv.com:8080/player_api.php?action=get_live_streams&category_id=468&username=***&password=***
2026-02-10 13:14:01.044  7699-7923  XtreamStreamFetcher     com.fishit.player.v2                 D  streamFromUrl: Starting StreamingJsonParser.streamInBatches() for http://konigtv.com:8080/player_api.php?action=get_vod_streams&category_id=56&username=***&password=***
2026-02-10 13:14:01.045  7699-7957  XTC                     com.fishit.player.v2                 D  [LIVE] DTO→Raw #500 | id=xtream:live:765614 | title="DE: WDR COSMO" | sourceType=XTREAM | Fields: ✓[poster] ✗[year, plot, cast, director, backdrop, duration, tmdb]
2026-02-10 13:14:01.046  7699-7926  NxXtreamLiveRepo        com.fishit.player.v2                 W  upsertAll() called - writes should go through NxCatalogWriter
2026-02-10 13:14:01.047  7699-7963  XtreamSyncService       com.fishit.player.v2                 D  Progress: vod=450, series=0, live=500
2026-02-10 13:14:01.047  7699-7926  NxXtreamCatalogRepo     com.fishit.player.v2                 W  upsertAll() called - writes should go through NxCatalogWriter
2026-02-10 13:14:01.052  7699-8895  StreamingJsonParser     com.fishit.player.v2                 W  streamInBatches mapper error #1: Channel was consumed, consumer had failed
2026-02-10 13:14:01.052  7699-7957  XtreamStreamFetcher     com.fishit.player.v2                 W  streamContentInBatches(get_live_streams): streamFromUrl FAILED for alias=live catId=468 | CancellationException: Channel was consumed, consumer had failed
2026-02-10 13:14:01.052  7699-8893  XtreamStreamFetcher     com.fishit.player.v2                 W  streamContentInBatches(get_live_streams): streamFromUrl FAILED for alias=live catId=71 | CancellationException: Channel was consumed, consumer had failed
2026-02-10 13:14:01.056  7699-7924  XtreamStreamFetcher     com.fishit.player.v2                 D  streamFromUrl: CALLED for http://konigtv.com:8080/player_api.php?action=get_live_streams&category_id=459&username=***&password=***
2026-02-10 13:14:01.060  7699-7924  XtreamStreamFetcher     com.fishit.player.v2                 W  streamContentInBatches(get_live_streams): streamFromUrl FAILED for alias=live catId=459 | CancellationException: Channel was consumed, consumer had failed
2026-02-10 13:14:01.062  7699-8894  XtreamStreamFetcher     com.fishit.player.v2                 D  streamFromUrl: CALLED for http://konigtv.com:8080/player_api.php?action=get_live_streams&category_id=14&username=***&password=***
2026-02-10 13:14:01.064  7699-7964  XtreamStreamFetcher     com.fishit.player.v2                 D  streamFromUrl: CALLED for http://konigtv.com:8080/player_api.php?action=get_live_streams&category_id=10&username=***&password=***
2026-02-10 13:14:01.065  7699-7964  XtreamStreamFetcher     com.fishit.player.v2                 W  streamContentInBatches(get_live_streams): streamFromUrl FAILED for alias=live catId=10 | CancellationException: Channel was consumed, consumer had failed
2026-02-10 13:14:01.066  7699-8895  StreamingJsonParser     com.fishit.player.v2                 W  streamInBatches mapper error #2: Channel was consumed, consumer had failed
2026-02-10 13:14:01.070  7699-8893  XtreamStreamFetcher     com.fishit.player.v2                 D  streamFromUrl: CALLED for http://konigtv.com:8080/player_api.php?action=get_live_streams&category_id=172&username=***&password=***
2026-02-10 13:14:01.072  7699-8895  StreamingJsonParser     com.fishit.player.v2                 W  streamInBatches mapper error #3: Channel was consumed, consumer had failed
2026-02-10 13:14:01.090  7699-7922  XtreamStreamFetcher     com.fishit.player.v2                 W  streamContentInBatches(get_live_streams): streamFromUrl FAILED for alias=live catId=421 | CancellationException: Channel was consumed, consumer had failed
2026-02-10 13:14:01.099  7699-7926  XtreamStreamFetcher     com.fishit.player.v2                 D  streamFromUrl: CALLED for http://konigtv.com:8080/player_api.php?action=get_live_streams&category_id=149&username=***&password=***
2026-02-10 13:14:01.103  7699-7926  XtreamStreamFetcher     com.fishit.player.v2                 W  streamContentInBatches(get_live_streams): streamFromUrl FAILED for alias=live catId=149 | CancellationException: Channel was consumed, consumer had failed
2026-02-10 13:14:01.108  7699-7922  XtreamStreamFetcher     com.fishit.player.v2                 D  streamFromUrl: CALLED for http://konigtv.com:8080/player_api.php?action=get_live_streams&category_id=24&username=***&password=***
2026-02-10 13:14:01.125  7699-8842  TrafficStats            com.fishit.player.v2                 D  tagSocket(141) with statsTag=0xffffffff, statsUid=-1
2026-02-10 13:14:01.126  7699-7923  StreamingJsonParser     com.fishit.player.v2                 W  streamInBatches mapper error #1: Channel was consumed, consumer had failed
2026-02-10 13:14:01.140  7699-7923  StreamingJsonParser     com.fishit.player.v2                 W  streamInBatches mapper error #2: Channel was consumed, consumer had failed
2026-02-10 13:14:01.144  7699-7923  StreamingJsonParser     com.fishit.player.v2                 W  streamInBatches mapper error #3: Channel was consumed, consumer had failed
2026-02-10 13:14:01.162  7699-7711  ishit.player.v2         com.fishit.player.v2                 I  Background concurrent copying GC freed 295249(8853KB) AllocSpace objects, 0(0B) LOS objects, 49% free, 13MB/27MB, paused 2.514ms,115us total 135.390ms
2026-02-10 13:14:01.187  7699-8895  StreamingJsonParser     com.fishit.player.v2                 W  streamInBatches: 27 errors, 714 items in 5 batches
2026-02-10 13:14:01.188  7699-8895  XtreamStreamFetcher     com.fishit.player.v2                 D  StreamBatch: 714 items in 5 batches (457ms) | errors=27
2026-02-10 13:14:01.280  7699-8896  XtreamStreamFetcher     com.fishit.player.v2                 W  streamContentInBatches(get_live_streams): streamFromUrl FAILED for alias=live catId=13 | CancellationException: Channel was consumed, consumer had failed
2026-02-10 13:14:01.326  7699-8894  XtreamStreamFetcher     com.fishit.player.v2                 W  streamContentInBatches(get_live_streams): streamFromUrl FAILED for alias=live catId=14 | CancellationException: Channel was consumed, consumer had failed
2026-02-10 13:14:01.347  7699-8893  XtreamStreamFetcher     com.fishit.player.v2                 W  streamContentInBatches(get_live_streams): streamFromUrl FAILED for alias=live catId=172 | CancellationException: Channel was consumed, consumer had failed
2026-02-10 13:14:01.382  7699-7923  StreamingJsonParser     com.fishit.player.v2                 W  streamInBatches: 28 errors, 3399 items in 23 batches
2026-02-10 13:14:01.382  7699-7923  XtreamStreamFetcher     com.fishit.player.v2                 D  StreamBatch: 3399 items in 23 batches (340ms) | errors=28
2026-02-10 13:14:01.385  7699-8896  VodItemPhase            com.fishit.player.v2                 W  [VOD] Scan failed: Failed to stream VOD items
2026-02-10 13:14:01.503  7699-7714  System                  com.fishit.player.v2                 W  A resource failed to call end.
2026-02-10 13:14:01.503  7699-7714  System                  com.fishit.player.v2                 W  A resource failed to call end.
2026-02-10 13:14:01.503  7699-7714  System                  com.fishit.player.v2                 W  A resource failed to call end.
2026-02-10 13:14:01.503  7699-7714  System                  com.fishit.player.v2                 W  A resource failed to call end.
2026-02-10 13:14:01.532  7699-7922  XtreamStreamFetcher     com.fishit.player.v2                 W  streamContentInBatches(get_live_streams): streamFromUrl FAILED for alias=live catId=24 | CancellationException: Channel was consumed, consumer had failed
2026-02-10 13:14:01.537  7699-7922  LiveChannelPhase        com.fishit.player.v2                 W  [LIVE] Scan failed: Failed to stream live channels
2026-02-10 13:14:01.747  7699-7959  StreamingJsonParser     com.fishit.player.v2                 W  streamInBatches: 185 errors, 6821 items in 45 batches
2026-02-10 13:14:01.747  7699-7959  XtreamStreamFetcher     com.fishit.player.v2                 D  StreamBatch: 6821 items in 45 batches (1342ms) | errors=185
2026-02-10 13:14:01.748  7699-7959  CategoryFa...ckStrategy com.fishit.player.v2                 D  fetchScalarWithFallback: Success with fallback categoryId=* (original=null), result=6821
2026-02-10 13:14:01.748  7699-7959  SeriesItemPhase         com.fishit.player.v2                 W  [SERIES] Scan failed: Failed to stream series items
2026-02-10 13:14:01.749  7699-7959  XtreamCatalogPipeline   com.fishit.player.v2                 I  Scan cancelled by coroutine cancellation
2026-02-10 13:14:01.750  7699-7922  ChannelSyncBuffer       com.fishit.player.v2                 D  [SyncBuffer] Consumer finished, flushed 0 remaining
2026-02-10 13:14:01.751  7699-7959  ChannelSyncBuffer       com.fishit.player.v2                 D  [SyncBuffer] Buffer closed, metrics: BufferMetrics(sent=950, received=950, inBuffer=0, backpressure=0, elapsed=1574ms, throughput=603,6/s)
2026-02-10 13:14:01.803  7699-7959  AndroidRuntime          com.fishit.player.v2                 E  FATAL EXCEPTION: DefaultDispatcher-worker-6
                                                                                                    Process: com.fishit.player.v2, PID: 7699
                                                                                                    java.lang.IllegalStateException: Flow invariant is violated:
                                                                                                    		Emission from another coroutine is detected.
                                                                                                    		Child of StandaloneCoroutine{Active}@3ac2aa7, expected child of DeferredCoroutine{Active}@9773b54.
                                                                                                    		FlowCollector is not thread-safe and concurrent emissions are prohibited.
                                                                                                    		To mitigate this restriction please use 'channelFlow' builder instead of 'flow'
                                                                                                    	at kotlinx.coroutines.flow.internal.SafeCollector_commonKt.checkContext$lambda$0(SafeCollector.common.kt:67)
                                                                                                    	at kotlinx.coroutines.flow.internal.SafeCollector_commonKt.$r8$lambda$0mv-1vIMKs5GqhpegvxZ5k4J09Y(Unknown Source:0)
                                                                                                    	at kotlinx.coroutines.flow.internal.SafeCollector_commonKt$$ExternalSyntheticLambda0.invoke(D8$$SyntheticClass:0)
                                                                                                    	at kotlin.coroutines.CoroutineContext$Element$DefaultImpls.fold(CoroutineContext.kt:70)
                                                                                                    	at kotlinx.coroutines.Job$DefaultImpls.fold(Job.kt:118)
                                                                                                    	at kotlinx.coroutines.JobSupport.fold(JobSupport.kt:22)
                                                                                                    	at kotlin.coroutines.CombinedContext.fold(CoroutineContextImpl.kt:133)
                                                                                                    	at kotlinx.coroutines.flow.internal.SafeCollector_commonKt.checkContext(SafeCollector.common.kt:24)
                                                                                                    	at kotlinx.coroutines.flow.internal.SafeCollector.checkContext(SafeCollector.kt:132)
                                                                                                    	at kotlinx.coroutines.flow.internal.SafeCollector.emit(SafeCollector.kt:109)
                                                                                                    	at kotlinx.coroutines.flow.internal.SafeCollector.emit(SafeCollector.kt:82)
                                                                                                    	at com.fishit.player.core.catalogsync.sources.xtream.DefaultXtreamSyncService$sync$1$producerJob$1$1.emit(DefaultXtreamSyncService.kt:222)
                                                                                                    	at com.fishit.player.core.catalogsync.sources.xtream.DefaultXtreamSyncService$sync$1$producerJob$1$1.emit(DefaultXtreamSyncService.kt:176)
                                                                                                    	at kotlinx.coroutines.flow.FlowKt__ChannelsKt.emitAllImpl$FlowKt__ChannelsKt(Channels.kt:33)
                                                                                                    	at kotlinx.coroutines.flow.FlowKt__ChannelsKt.access$emitAllImpl$FlowKt__ChannelsKt(Channels.kt:1)
                                                                                                    	at kotlinx.coroutines.flow.FlowKt__ChannelsKt$emitAllImpl$1.invokeSuspend(Unknown Source:14)
                                                                                                    	at kotlin.coroutines.jvm.internal.BaseContinuationImpl.resumeWith(ContinuationImpl.kt:34)
                                                                                                    	at kotlinx.coroutines.DispatchedTask.run(DispatchedTask.kt:100)
                                                                                                    	at kotlinx.coroutines.scheduling.CoroutineScheduler.runSafely(CoroutineScheduler.kt:586)
                                                                                                    	at kotlinx.coroutines.scheduling.CoroutineScheduler$Worker.executeTask(CoroutineScheduler.kt:829)
                                                                                                    	at kotlinx.coroutines.scheduling.CoroutineScheduler$Worker.runWorker(CoroutineScheduler.kt:717)
                                                                                                    	at kotlinx.coroutines.scheduling.CoroutineScheduler$Worker.run(CoroutineScheduler.kt:704)
                                                                                                    	Suppressed: kotlinx.coroutines.internal.DiagnosticCoroutineContextException: [StandaloneCoroutine{Cancelling}@3ac2aa7, Dispatchers.Default]
2026-02-10 13:14:01.850  7699-7959  Process                 com.fishit.player.v2                 I  Sending signal. PID: 7699 SIG: 9
---------------------------- PROCESS ENDED (7699) for package com.fishit.player.v2 ----------------------------
---------------------------- PROCESS STARTED (8937) for package com.fishit.player.v2 ----------------------------
2026-02-10 13:14:02.172  8937-8937  ziparchive              com.fishit.player.v2                 W  Unable to open '/data/app/~~cJagwBP_EkcRKbNFJrpnsA==/com.fishit.player.v2-0JOFArjdHnqeaoomrWjW9g==/base.dm': No such file or directory
2026-02-10 13:14:02.172  8937-8937  ziparchive              com.fishit.player.v2                 W  Unable to open '/data/app/~~cJagwBP_EkcRKbNFJrpnsA==/com.fishit.player.v2-0JOFArjdHnqeaoomrWjW9g==/base.dm': No such file or directory
2026-02-10 13:14:02.662  8937-8937  nativeloader            com.fishit.player.v2                 D  Configuring clns-4 for other apk /data/app/~~cJagwBP_EkcRKbNFJrpnsA==/com.fishit.player.v2-0JOFArjdHnqeaoomrWjW9g==/base.apk. target_sdk_version=35, uses_libraries=, library_path=/data/app/~~cJagwBP_EkcRKbNFJrpnsA==/com.fishit.player.v2-0JOFArjdHnqeaoomrWjW9g==/lib/arm64:/data/app/~~cJagwBP_EkcRKbNFJrpnsA==/com.fishit.player.v2-0JOFArjdHnqeaoomrWjW9g==/base.apk!/lib/arm64-v8a, permitted_path=/data:/mnt/expand:/data/user/0/com.fishit.player.v2
2026-02-10 13:14:02.680  8937-8937  GraphicsEnvironment     com.fishit.player.v2                 V  Currently set values for:
2026-02-10 13:14:02.680  8937-8937  GraphicsEnvironment     com.fishit.player.v2                 V    angle_gl_driver_selection_pkgs=[]
2026-02-10 13:14:02.680  8937-8937  GraphicsEnvironment     com.fishit.player.v2                 V    angle_gl_driver_selection_values=[]
2026-02-10 13:14:02.680  8937-8937  GraphicsEnvironment     com.fishit.player.v2                 V  ANGLE GameManagerService for com.fishit.player.v2: false
2026-02-10 13:14:02.680  8937-8937  GraphicsEnvironment     com.fishit.player.v2                 V  com.fishit.player.v2 is not listed in per-application setting
2026-02-10 13:14:02.680  8937-8937  GraphicsEnvironment     com.fishit.player.v2                 V  App is not on the allowlist for updatable production driver.
2026-02-10 13:14:02.729  8937-8937  FirebaseApp             com.fishit.player.v2                 W  Default FirebaseApp failed to initialize because no default options were found. This usually means that com.google.gms:google-services was not applied to your gradle project.
2026-02-10 13:14:02.729  8937-8937  FirebaseInitProvider    com.fishit.player.v2                 I  FirebaseApp initialization unsuccessful
2026-02-10 13:14:03.421  8937-8937  LeakCanaryConfig        com.fishit.player.v2                 I  LeakCanary not available (disabled via compile-time gating)
2026-02-10 13:14:03.423  8937-8937  DebugToolsInitializer   com.fishit.player.v2                 I  DebugToolsInitializer started (LeakCanary available=false)
2026-02-10 13:14:03.427  8937-8937  DebugBootstraps         com.fishit.player.v2                 I  Debug bootstraps started (DebugToolsInitializer)
2026-02-10 13:14:03.436  8937-9201  DebugToolsInitializer   com.fishit.player.v2                 D  LeakCanary not available (disabled via compile-time gating)
2026-02-10 13:14:03.436  8937-9081  DebugToolsInitializer   com.fishit.player.v2                 I  Chucker enabled=false
2026-02-10 13:14:03.436  8937-9201  DebugToolsInitializer   com.fishit.player.v2                 I  LeakCanary enabled=false (available=false)
2026-02-10 13:14:03.450  8937-8937  WM-PackageManagerHelper com.fishit.player.v2                 D  Skipping component enablement for androidx.work.impl.background.systemjob.SystemJobService
2026-02-10 13:14:03.450  8937-8937  WM-Schedulers           com.fishit.player.v2                 D  Created SystemJobScheduler and enabled SystemJobService
2026-02-10 13:14:03.460  8937-9218  WM-ForceStopRunnable    com.fishit.player.v2                 D  The default process name was not specified.
2026-02-10 13:14:03.463  8937-9218  WM-ForceStopRunnable    com.fishit.player.v2                 D  Performing cleanup operations.
2026-02-10 13:14:03.463  8937-8937  FishItV2Application     com.fishit.player.v2                 I  WorkManager initialized
2026-02-10 13:14:03.464  8937-8937  SourceActi...onObserver com.fishit.player.v2                 I  Starting activation observer
2026-02-10 13:14:03.465  8937-8937  TelegramAc...onObserver com.fishit.player.v2                 I  TelegramActivationObserver starting
2026-02-10 13:14:03.468  8937-8937  CatalogSyncBootstrap    com.fishit.player.v2                 I  Catalog sync bootstrap collection started
2026-02-10 13:14:03.479  8937-9082  TelegramAc...onObserver com.fishit.player.v2                 D  Auth state=Idle (initializing/in-progress) → leaving activation unchanged
2026-02-10 13:14:03.480  8937-9204  CatalogSyncBootstrap    com.fishit.player.v2                 D  Source activation check: activeSources=[XTREAM], hasActive=true
2026-02-10 13:14:03.490  8937-8937  Choreographer           com.fishit.player.v2                 I  Skipped 43 frames!  The application may be doing too much work on its main thread.
2026-02-10 13:14:03.491  8937-8937  WM-SystemJobService     com.fishit.player.v2                 D  onStartJob for WorkGenerationalId(workSpecId=987ddee3-0f4b-4de3-80f0-0701f6e3f537, generation=0)
2026-02-10 13:14:03.728  8937-9218  Compatibil...geReporter com.fishit.player.v2                 D  Compat change id reported: 160794467; UID 10514; state: ENABLED
2026-02-10 13:14:03.740  8937-9218  WM-ForceStopRunnable    com.fishit.player.v2                 D  Found unfinished work, scheduling it.
2026-02-10 13:14:03.829  8937-9218  Compatibil...geReporter com.fishit.player.v2                 D  Compat change id reported: 194532703; UID 10514; state: ENABLED
2026-02-10 13:14:03.829  8937-9218  Compatibil...geReporter com.fishit.player.v2                 D  Compat change id reported: 253665015; UID 10514; state: ENABLED
2026-02-10 13:14:03.830  8937-9218  WM-SystemJobScheduler   com.fishit.player.v2                 D  Scheduling work ID 987ddee3-0f4b-4de3-80f0-0701f6e3f537Job ID 4
2026-02-10 13:14:03.834  8937-8937  WM-SystemJobService     com.fishit.player.v2                 D  onStopJob for WorkGenerationalId(workSpecId=987ddee3-0f4b-4de3-80f0-0701f6e3f537, generation=0)
2026-02-10 13:14:04.062  8937-9290  WM-Processor            com.fishit.player.v2                 D  Processor: processing WorkGenerationalId(workSpecId=987ddee3-0f4b-4de3-80f0-0701f6e3f537, generation=0)
