2026-01-30 12:13:23.789 31051-594   XTC                     com.fishit.player.v2                 D  [VOD] DTO→Raw #1150 | id=xtream:vod:749239 | title="Nightwatch - Demons Are Forever | 2023 |" | sourceType=XTREAM | Fields: ✓[year=2023, poster] ✗[plot, cast, director, backdrop, duration, tmdb]
2026-01-30 12:13:23.796 31051-594   XTC                     com.fishit.player.v2                 D  [VOD] DTO→Raw #1200 | id=xtream:vod:746657 | title="Spieleabend | 2024 | 6.7 |" | sourceType=XTREAM | Fields: ✓[year=2024, poster] ✗[plot, cast, director, backdrop, duration, tmdb]
2026-01-30 12:13:23.799 31051-31297 SyncBatchManager        com.fishit.player.v2                 D  Flushing MOVIES batch: 400 items (timeBased=false)
2026-01-30 12:13:23.800 31051-31297 CatalogSyncService      com.fishit.player.v2                 D  Persisting Xtream catalog batch (NX-ONLY): 400 items (canonical_linking=false)
2026-01-30 12:13:23.803 31051-594   XTC                     com.fishit.player.v2                 D  [VOD] DTO→Raw #1250 | id=xtream:vod:744770 | title="We Grown Now | 2024 | 7.2 |" | sourceType=XTREAM | Fields: ✓[year=2024, poster] ✗[plot, cast, director, backdrop, duration, tmdb]
2026-01-30 12:13:23.822 31051-31325 SyncBatchManager        com.fishit.player.v2                 D  Time-based flush for LIVE: 253 items after 4937ms
2026-01-30 12:13:23.823 31051-31325 SyncBatchManager        com.fishit.player.v2                 D  Flushing LIVE batch: 253 items (timeBased=true)
2026-01-30 12:13:23.823 31051-31325 CatalogSyncService      com.fishit.player.v2                 D  Persisting Xtream live batch (NX-ONLY): 253 items
2026-01-30 12:13:27.219 31051-31325 CatalogSyncService      com.fishit.player.v2                 D  Xtream live batch complete (NX): ingested=253 total_ms=3396
2026-01-30 12:13:27.220 31051-31325 CatalogSyncService      com.fishit.player.v2                 D  Time-based flush LIVE: 253 items in 3397ms
2026-01-30 12:13:28.197 31051-591   CatalogSyncService      com.fishit.player.v2                 D  Xtream batch complete (HOT PATH/NX): ingested=400 total_ms=4398
2026-01-30 12:13:28.197 31051-591   XtreamCatalogScanWorker com.fishit.player.v2                 D  PROGRESS discovered=2700 persisted=2700 phase=null
2026-01-30 12:13:28.203 31051-31297 XTC                     com.fishit.player.v2                 D  [VOD] DTO→Raw #1300 | id=xtream:vod:743327 | title="The Last Rifleman | 2023 | 6.7 |" | sourceType=XTREAM | Fields: ✓[year=2023, poster] ✗[plot, cast, director, backdrop, duration, tmdb]
2026-01-30 12:13:28.205 31051-591   XtreamCatalogScanWorker com.fishit.player.v2                 D  PROGRESS discovered=2800 persisted=2700 phase=null
2026-01-30 12:13:28.216 31051-31326 XTC                     com.fishit.player.v2                 D  [VOD] DTO→Raw #1350 | id=xtream:vod:741596 | title="Chantal im Märchenland | 2024 | 5.2 |" | sourceType=XTREAM | Fields: ✓[year=2024, poster] ✗[plot, cast, director, backdrop, duration, tmdb]
2026-01-30 12:13:28.217 31051-31308 XtreamCatalogScanWorker com.fishit.player.v2                 D  PROGRESS discovered=2900 persisted=2700 phase=null
2026-01-30 12:13:28.219 31051-31325 XTC                     com.fishit.player.v2                 D  [LIVE] DTO→Raw #1550 | id=xtream:live:769841 | title="Pluto TV Science" | sourceType=XTREAM | Fields: ✓[poster] ✗[year, plot, cast, director, backdrop, duration, tmdb]
2026-01-30 12:13:28.222 31051-31304 SyncBatchManager        com.fishit.player.v2                 D  Time-based flush for LIVE: 63 items after 4399ms
2026-01-30 12:13:28.223 31051-31304 SyncBatchManager        com.fishit.player.v2                 D  Flushing LIVE batch: 63 items (timeBased=true)
2026-01-30 12:13:28.223 31051-31304 CatalogSyncService      com.fishit.player.v2                 D  Persisting Xtream live batch (NX-ONLY): 63 items
2026-01-30 12:13:28.232 31051-31326 XTC                     com.fishit.player.v2                 D  [VOD] DTO→Raw #1400 | id=xtream:vod:740067 | title="Die Knochenfrau | 2023 | 5.8 |" | sourceType=XTREAM | Fields: ✓[year=2023, poster] ✗[plot, cast, director, backdrop, duration, tmdb]
2026-01-30 12:13:28.234 31051-31297 XtreamCatalogScanWorker com.fishit.player.v2                 D  PROGRESS discovered=3000 persisted=2700 phase=null
2026-01-30 12:13:28.235 31051-31325 XTC                     com.fishit.player.v2                 D  [LIVE] DTO→Raw #1600 | id=xtream:live:769891 | title="Totally Teen" | sourceType=XTREAM | Fields: ✓[poster] ✗[year, plot, cast, director, backdrop, duration, tmdb]
2026-01-30 12:13:28.247 31051-31326 XTC                     com.fishit.player.v2                 D  [VOD] DTO→Raw #1450 | id=xtream:vod:731525 | title="Für immer | 2023 | 6.1 |" | sourceType=XTREAM | Fields: ✓[year=2023, poster] ✗[plot, cast, director, backdrop, duration, tmdb]
2026-01-30 12:13:28.249 31051-663   XtreamCatalogScanWorker com.fishit.player.v2                 D  PROGRESS discovered=3100 persisted=2700 phase=null
2026-01-30 12:13:28.252 31051-31326 XTC                     com.fishit.player.v2                 D  [VOD] DTO→Raw #1500 | id=xtream:vod:728107 | title="My Name Is Loh Kiwan | 2024 | 6.0 |" | sourceType=XTREAM | Fields: ✓[year=2024, poster] ✗[plot, cast, director, backdrop, duration, tmdb]
2026-01-30 12:13:28.253 31051-31325 XTC                     com.fishit.player.v2                 D  [LIVE] DTO→Raw #1650 | id=xtream:live:769941 | title="EstrellaTV" | sourceType=XTREAM | Fields: ✓[poster] ✗[year, plot, cast, director, backdrop, duration, tmdb]
2026-01-30 12:13:28.257 31051-663   SyncPerfMetrics         com.fishit.player.v2                 D  Phase MOVIES started
2026-01-30 12:13:28.258 31051-663   XtreamCatalogScanWorker com.fishit.player.v2                 D  PROGRESS discovered=3147 persisted=2700 phase=VOD
2026-01-30 12:13:28.265 31051-31325 XTC                     com.fishit.player.v2                 D  [LIVE] DTO→Raw #1700 | id=xtream:live:769991 | title="CBS News Chicago" | sourceType=XTREAM | Fields: ✓[poster] ✗[year, plot, cast, director, backdrop, duration, tmdb]
2026-01-30 12:13:28.266 31051-31330 XtreamCatalogScanWorker com.fishit.player.v2                 D  PROGRESS discovered=3200 persisted=2700 phase=null
2026-01-30 12:13:28.280 31051-31325 XTC                     com.fishit.player.v2                 D  [LIVE] DTO→Raw #1750 | id=xtream:live:48684 | title="VIP SPORT: DIGI SPORT 2 (RO)" | sourceType=XTREAM | Fields: ✓[] ✗[year, plot, cast, director, poster, backdrop, duration, tmdb]
2026-01-30 12:13:28.289 31051-663   XtreamCatalogScanWorker com.fishit.player.v2                 D  PROGRESS discovered=3300 persisted=2700 phase=null
2026-01-30 12:13:28.289 31051-31325 XTC                     com.fishit.player.v2                 D  [LIVE] DTO→Raw #1800 | id=xtream:live:182158 | title="VIP SPORT: UFC French" | sourceType=XTREAM | Fields: ✓[poster] ✗[year, plot, cast, director, backdrop, duration, tmdb]
2026-01-30 12:13:28.296 31051-31326 XTC                     com.fishit.player.v2                 D  [VOD] DTO→Raw #1550 | id=xtream:vod:704641 | title="Cat Person | 2023 | 6.2 |" | sourceType=XTREAM | Fields: ✓[year=2023, poster] ✗[plot, cast, director, backdrop, duration, tmdb]
2026-01-30 12:13:28.301 31051-591   XtreamCatalogScanWorker com.fishit.player.v2                 D  PROGRESS discovered=3400 persisted=2700 phase=null
2026-01-30 12:13:28.303 31051-31325 XTC                     com.fishit.player.v2                 D  [LIVE] DTO→Raw #1850 | id=xtream:live:12928 | title="AT: Sky Sport AT 1 FHD" | sourceType=XTREAM | Fields: ✓[poster] ✗[year, plot, cast, director, backdrop, duration, tmdb]
2026-01-30 12:13:28.304 31051-31326 XTC                     com.fishit.player.v2                 D  [VOD] DTO→Raw #1600 | id=xtream:vod:696436 | title="Naughty - Entfesselte Lust | 2023 | 5.8 " | sourceType=XTREAM | Fields: ✓[year=2023, poster] ✗[plot, cast, director, backdrop, duration, tmdb]
2026-01-30 12:13:28.304 31051-591   SyncBatchManager        com.fishit.player.v2                 D  Flushing MOVIES batch: 400 items (timeBased=false)
2026-01-30 12:13:28.304 31051-591   CatalogSyncService      com.fishit.player.v2                 D  Persisting Xtream catalog batch (NX-ONLY): 400 items (canonical_linking=false)
2026-01-30 12:13:29.110 31051-31051 ViewRootIm...nActivity] com.fishit.player.v2                 I  ViewPostIme pointer 0
2026-01-30 12:13:29.294 31051-31051 ViewRootIm...nActivity] com.fishit.player.v2                 I  ViewPostIme pointer 1
2026-01-30 12:13:29.527 31051-31051 ViewRootIm...nActivity] com.fishit.player.v2                 I  ViewPostIme pointer 0
2026-01-30 12:13:29.719 31051-31051 ViewRootIm...nActivity] com.fishit.player.v2                 I  ViewPostIme pointer 1
2026-01-30 12:13:29.746 31051-663   CatalogSyncService      com.fishit.player.v2                 D  Xtream live batch complete (NX): ingested=63 total_ms=1523
2026-01-30 12:13:29.746 31051-663   CatalogSyncService      com.fishit.player.v2                 D  Time-based flush LIVE: 63 items in 1523ms
2026-01-30 12:13:29.947 31051-31297 SyncBatchManager        com.fishit.player.v2                 D  Time-based flush for LIVE: 289 items after 1724ms
2026-01-30 12:13:29.947 31051-31297 SyncBatchManager        com.fishit.player.v2                 D  Flushing LIVE batch: 289 items (timeBased=true)
2026-01-30 12:13:29.948 31051-31297 CatalogSyncService      com.fishit.player.v2                 D  Persisting Xtream live batch (NX-ONLY): 289 items
2026-01-30 12:13:29.969 31051-31051 ViewRootIm...nActivity] com.fishit.player.v2                 I  ViewPostIme pointer 0
2026-01-30 12:13:30.154 31051-31051 ViewRootIm...nActivity] com.fishit.player.v2                 I  ViewPostIme pointer 1
2026-01-30 12:13:31.995 31051-31326 CatalogSyncService      com.fishit.player.v2                 D  Xtream live batch complete (NX): ingested=289 total_ms=2047
2026-01-30 12:13:31.996 31051-31326 CatalogSyncService      com.fishit.player.v2                 D  Time-based flush LIVE: 289 items in 2047ms
2026-01-30 12:13:32.201 31051-31325 CatalogSyncService      com.fishit.player.v2                 D  Xtream batch complete (HOT PATH/NX): ingested=400 total_ms=3896
2026-01-30 12:13:32.203 31051-31325 XtreamCatalogScanWorker com.fishit.player.v2                 D  PROGRESS discovered=3500 persisted=3452 phase=null
2026-01-30 12:13:32.206 31051-31325 XTC                     com.fishit.player.v2                 D  [VOD] DTO→Raw #1650 | id=xtream:vod:692594 | title="Slotherhouse - Ein Faultier zum Fürchten" | sourceType=XTREAM | Fields: ✓[year=2023, poster] ✗[plot, cast, director, backdrop, duration, tmdb]
2026-01-30 12:13:32.207 31051-31326 XTC                     com.fishit.player.v2                 D  [LIVE] DTO→Raw #1900 | id=xtream:live:68164 | title="HR: RTL PASSION" | sourceType=XTREAM | Fields: ✓[poster] ✗[year, plot, cast, director, backdrop, duration, tmdb]
2026-01-30 12:13:32.212 31051-31325 XTC                     com.fishit.player.v2                 D  [VOD] DTO→Raw #1700 | id=xtream:vod:674679 | title="A Royal Corgi Christmas - Weihnachten wi" | sourceType=XTREAM | Fields: ✓[year=2022, poster] ✗[plot, cast, director, backdrop, duration, tmdb]
2026-01-30 12:13:32.213 31051-593   XtreamCatalogScanWorker com.fishit.player.v2                 D  PROGRESS discovered=3600 persisted=3452 phase=null
2026-01-30 12:13:32.218 31051-31326 XTC                     com.fishit.player.v2                 D  [VOD] DTO→Raw #1750 | id=xtream:vod:672225 | title="Elf Me | 2023 | 6.2 |" | sourceType=XTREAM | Fields: ✓[year=2023, poster] ✗[plot, cast, director, backdrop, duration, tmdb]
2026-01-30 12:13:32.219 31051-593   XtreamCatalogScanWorker com.fishit.player.v2                 D  PROGRESS discovered=3700 persisted=3452 phase=null
2026-01-30 12:13:32.221 31051-31308 XTC                     com.fishit.player.v2                 D  [LIVE] DTO→Raw #1950 | id=xtream:live:68283 | title="BIH: RTRS 1" | sourceType=XTREAM | Fields: ✓[poster] ✗[year, plot, cast, director, backdrop, duration, tmdb]
2026-01-30 12:13:32.223 31051-31326 XTC                     com.fishit.player.v2                 D  [VOD] DTO→Raw #1800 | id=xtream:vod:669556 | title="The Royal Nanny | 2022 | 6.2 |" | sourceType=XTREAM | Fields: ✓[year=2022, poster] ✗[plot, cast, director, backdrop, duration, tmdb]
2026-01-30 12:13:32.228 31051-31326 XTC                     com.fishit.player.v2                 D  [VOD] DTO→Raw #1850 | id=xtream:vod:667269 | title="As They Made Us | 2022 | 5.5 |" | sourceType=XTREAM | Fields: ✓[year=2022, poster] ✗[plot, cast, director, backdrop, duration, tmdb]
2026-01-30 12:13:32.233 31051-663   XtreamCatalogScanWorker com.fishit.player.v2                 D  PROGRESS discovered=3800 persisted=3452 phase=null
2026-01-30 12:13:32.238 31051-31330 XTC                     com.fishit.player.v2                 D  [VOD] DTO→Raw #1900 | id=xtream:vod:659371 | title="Detective Dee und die Armee der Toten | " | sourceType=XTREAM | Fields: ✓[year=2022, poster] ✗[plot, cast, director, backdrop, duration, tmdb]
2026-01-30 12:13:32.239 31051-31326 XTC                     com.fishit.player.v2                 D  [LIVE] DTO→Raw #2000 | id=xtream:live:68013 | title="SRB: PRVA HD" | sourceType=XTREAM | Fields: ✓[poster] ✗[year, plot, cast, director, backdrop, duration, tmdb]
2026-01-30 12:13:32.241 31051-663   XtreamCatalogScanWorker com.fishit.player.v2                 D  PROGRESS discovered=3900 persisted=3452 phase=null
2026-01-30 12:13:32.241 31051-663   SyncPerfMetrics         com.fishit.player.v2                 D  Phase LIVE started
2026-01-30 12:13:32.242 31051-663   XtreamCatalogScanWorker com.fishit.player.v2                 D  PROGRESS discovered=3902 persisted=3452 phase=LIVE
2026-01-30 12:13:32.247 31051-31330 XTC                     com.fishit.player.v2                 D  [VOD] DTO→Raw #1950 | id=xtream:vod:655613 | title="War of the Worlds: The Attack | 2023 | 5" | sourceType=XTREAM | Fields: ✓[year=2023, poster] ✗[plot, cast, director, backdrop, duration, tmdb]
2026-01-30 12:13:32.254 31051-593   XTC                     com.fishit.player.v2                 D  [VOD] DTO→Raw #2000 | id=xtream:vod:641588 | title="Meinen Hass bekommt ihr nicht | 2022 | 5" | sourceType=XTREAM | Fields: ✓[year=2022, poster] ✗[plot, cast, director, backdrop, duration, tmdb]
2026-01-30 12:13:32.256 31051-31330 SyncBatchManager        com.fishit.player.v2                 D  Flushing MOVIES batch: 400 items (timeBased=false)
2026-01-30 12:13:32.256 31051-31330 CatalogSyncService      com.fishit.player.v2                 D  Persisting Xtream catalog batch (NX-ONLY): 400 items (canonical_linking=false)
2026-01-30 12:13:32.266 31051-31326 XTC                     com.fishit.player.v2                 D  [LIVE] DTO→Raw #2050 | id=xtream:live:57393 | title="SLOVENIA CHANNELS" | sourceType=XTREAM | Fields: ✓[] ✗[year, plot, cast, director, poster, backdrop, duration, tmdb]
2026-01-30 12:13:32.397 31051-31304 SyncBatchManager        com.fishit.player.v2                 D  Time-based flush for LIVE: 148 items after 2450ms
2026-01-30 12:13:32.397 31051-31304 SyncBatchManager        com.fishit.player.v2                 D  Flushing LIVE batch: 148 items (timeBased=true)
2026-01-30 12:13:32.398 31051-31304 CatalogSyncService      com.fishit.player.v2                 D  Persisting Xtream live batch (NX-ONLY): 148 items
2026-01-30 12:13:33.303 31051-31326 CatalogSyncService      com.fishit.player.v2                 D  Xtream live batch complete (NX): ingested=148 total_ms=905
2026-01-30 12:13:33.303 31051-31326 CatalogSyncService      com.fishit.player.v2                 D  Time-based flush LIVE: 148 items in 905ms
2026-01-30 12:13:34.421 31051-31304 CatalogSyncService      com.fishit.player.v2                 D  Xtream batch complete (HOT PATH/NX): ingested=400 total_ms=2164
2026-01-30 12:13:34.421 31051-31304 XtreamCatalogScanWorker com.fishit.player.v2                 D  PROGRESS discovered=4000 persisted=4000 phase=null
2026-01-30 12:13:34.421 31051-31304 SyncPerfMetrics         com.fishit.player.v2                 D  Phase MOVIES started
2026-01-30 12:13:34.422 31051-31304 XtreamCatalogScanWorker com.fishit.player.v2                 D  PROGRESS discovered=4000 persisted=4000 phase=VOD
2026-01-30 12:13:34.425 31051-31304 XtreamCatalogScanWorker com.fishit.player.v2                 D  PROGRESS discovered=4100 persisted=4000 phase=null
2026-01-30 12:13:34.426 31051-31326 XTC                     com.fishit.player.v2                 D  [VOD] DTO→Raw #2050 | id=xtream:vod:639373 | title="A Life Too Short: The Isabella Nardoni C" | sourceType=XTREAM | Fields: ✓[year=2023, poster] ✗[plot, cast, director, backdrop, duration, tmdb]
2026-01-30 12:13:34.430 31051-31326 XTC                     com.fishit.player.v2                 D  [VOD] DTO→Raw #2100 | id=xtream:vod:622323 | title="Operacja: Soulcatcher | 2023 | 6.4 |" | sourceType=XTREAM | Fields: ✓[year=2023, poster] ✗[plot, cast, director, backdrop, duration, tmdb]
2026-01-30 12:13:34.434 31051-31326 XTC                     com.fishit.player.v2                 D  [VOD] DTO→Raw #2150 | id=xtream:vod:613244 | title="Bird Box: Barcelona | 2023 | 6.7 |" | sourceType=XTREAM | Fields: ✓[year=2023, poster] ✗[plot, cast, director, backdrop, duration, tmdb]
2026-01-30 12:13:34.438 31051-31308 XtreamCatalogScanWorker com.fishit.player.v2                 D  PROGRESS discovered=4200 persisted=4000 phase=null
2026-01-30 12:13:34.438 31051-593   XTC                     com.fishit.player.v2                 D  [LIVE] DTO→Raw #2100 | id=xtream:live:68354 | title="MK: MPT 3" | sourceType=XTREAM | Fields: ✓[poster] ✗[year, plot, cast, director, backdrop, duration, tmdb]
2026-01-30 12:13:34.449 31051-31304 XTC                     com.fishit.player.v2                 D  [VOD] DTO→Raw #2200 | id=xtream:vod:580171 | title="Infinity Pool | 2023 | 6.3" | sourceType=XTREAM | Fields: ✓[year=2023, poster] ✗[plot, cast, director, backdrop, duration, tmdb]
2026-01-30 12:13:34.450 31051-31308 XtreamCatalogScanWorker com.fishit.player.v2                 D  PROGRESS discovered=4300 persisted=4000 phase=null
2026-01-30 12:13:34.456 31051-593   XTC                     com.fishit.player.v2                 D  [LIVE] DTO→Raw #2150 | id=xtream:live:112383 | title="CRO: Arena Sport 8 FHD" | sourceType=XTREAM | Fields: ✓[poster] ✗[year, plot, cast, director, backdrop, duration, tmdb]
2026-01-30 12:13:34.456 31051-31304 XTC                     com.fishit.player.v2                 D  [VOD] DTO→Raw #2250 | id=xtream:vod:414905 | title="Scream 6 (2023)" | sourceType=XTREAM | Fields: ✓[year=2023, poster] ✗[plot, cast, director, backdrop, duration, tmdb]
2026-01-30 12:13:34.457 31051-31308 XtreamCatalogScanWorker com.fishit.player.v2                 D  PROGRESS discovered=4400 persisted=4000 phase=null
2026-01-30 12:13:34.466 31051-31304 XTC                     com.fishit.player.v2                 D  [VOD] DTO→Raw #2300 | id=xtream:vod:383802 | title="American Murderer (2022)" | sourceType=XTREAM | Fields: ✓[year=2022, poster] ✗[plot, cast, director, backdrop, duration, tmdb]
2026-01-30 12:13:34.472 31051-31330 XtreamCatalogScanWorker com.fishit.player.v2                 D  PROGRESS discovered=4500 persisted=4000 phase=null
2026-01-30 12:13:34.476 31051-31304 XTC                     com.fishit.player.v2                 D  [VOD] DTO→Raw #2350 | id=xtream:vod:383892 | title="Familie um jeden Preis (2022)" | sourceType=XTREAM | Fields: ✓[year=2022, poster] ✗[plot, cast, director, backdrop, duration, tmdb]
2026-01-30 12:13:34.487 31051-31304 XTC                     com.fishit.player.v2                 D  [VOD] DTO→Raw #2400 | id=xtream:vod:384013 | title="Happy Nous Year (2022)" | sourceType=XTREAM | Fields: ✓[year=2022, poster] ✗[plot, cast, director, backdrop, duration, tmdb]
2026-01-30 12:13:34.487 31051-31308 SyncBatchManager        com.fishit.player.v2                 D  Flushing MOVIES batch: 400 items (timeBased=false)
2026-01-30 12:13:34.488 31051-31308 CatalogSyncService      com.fishit.player.v2                 D  Persisting Xtream catalog batch (NX-ONLY): 400 items (canonical_linking=false)
2026-01-30 12:13:34.489 31051-593   XTC                     com.fishit.player.v2                 D  [LIVE] DTO→Raw #2200 | id=xtream:live:81562 | title="EYXU PINK" | sourceType=XTREAM | Fields: ✓[] ✗[year, plot, cast, director, poster, backdrop, duration, tmdb]
2026-01-30 12:13:34.496 31051-31304 XTC                     com.fishit.player.v2                 D  [VOD] DTO→Raw #2450 | id=xtream:vod:384103 | title="Batman und Superman: Kampf der Supersöhn" | sourceType=XTREAM | Fields: ✓[year=2022, poster] ✗[plot, cast, director, backdrop, duration, tmdb]
2026-01-30 12:13:34.508 31051-31304 SyncBatchManager        com.fishit.player.v2                 D  Time-based flush for LIVE: 197 items after 2111ms
2026-01-30 12:13:34.508 31051-31304 SyncBatchManager        com.fishit.player.v2                 D  Flushing LIVE batch: 197 items (timeBased=true)
2026-01-30 12:13:34.508 31051-31304 CatalogSyncService      com.fishit.player.v2                 D  Persisting Xtream live batch (NX-ONLY): 197 items
2026-01-30 12:13:35.212 31051-31081 ishit.player.v2         com.fishit.player.v2                 I  Background concurrent copying GC freed 728505(29MB) AllocSpace objects, 0(0B) LOS objects, 44% free, 29MB/53MB, paused 141us,52us total 180.069ms
2026-01-30 12:13:35.751 31051-31325 CatalogSyncService      com.fishit.player.v2                 D  Xtream live batch complete (NX): ingested=197 total_ms=1243
2026-01-30 12:13:35.752 31051-31325 CatalogSyncService      com.fishit.player.v2                 D  Time-based flush LIVE: 197 items in 1244ms
2026-01-30 12:13:37.252 31051-31308 CatalogSyncService      com.fishit.player.v2                 D  Xtream batch complete (HOT PATH/NX): ingested=400 total_ms=2764
2026-01-30 12:13:37.253 31051-31308 XtreamCatalogScanWorker com.fishit.player.v2                 D  PROGRESS discovered=4600 persisted=4597 phase=null
2026-01-30 12:13:37.261 31051-663   XTC                     com.fishit.player.v2                 D  [LIVE] DTO→Raw #2250 | id=xtream:live:68054 | title="SRB: Fox Crime" | sourceType=XTREAM | Fields: ✓[poster] ✗[year, plot, cast, director, backdrop, duration, tmdb]
2026-01-30 12:13:37.265 31051-31308 XtreamCatalogScanWorker com.fishit.player.v2                 D  PROGRESS discovered=4700 persisted=4597 phase=null
2026-01-30 12:13:37.272 31051-31325 XTC                     com.fishit.player.v2                 D  [VOD] DTO→Raw #2500 | id=xtream:vod:384161 | title="Emily the Criminal (2022)" | sourceType=XTREAM | Fields: ✓[year=2022, poster] ✗[plot, cast, director, backdrop, duration, tmdb]
2026-01-30 12:13:37.273 31051-31326 XTC                     com.fishit.player.v2                 D  [LIVE] DTO→Raw #2300 | id=xtream:live:80163 | title="EXYU: BBC Earth" | sourceType=XTREAM | Fields: ✓[poster] ✗[year, plot, cast, director, backdrop, duration, tmdb]
2026-01-30 12:13:37.279 31051-31308 XtreamCatalogScanWorker com.fishit.player.v2                 D  PROGRESS discovered=4798 persisted=4597 phase=VOD
2026-01-30 12:13:37.280 31051-31308 XtreamCatalogScanWorker com.fishit.player.v2                 D  PROGRESS discovered=4800 persisted=4597 phase=null
2026-01-30 12:13:37.303 31051-31326 XTC                     com.fishit.player.v2                 D  [LIVE] DTO→Raw #2350 | id=xtream:live:71045 | title="CR: Narodni TV" | sourceType=XTREAM | Fields: ✓[] ✗[year, plot, cast, director, poster, backdrop, duration, tmdb]
2026-01-30 12:13:37.309 31051-31308 XtreamCatalogScanWorker com.fishit.player.v2                 D  PROGRESS discovered=4900 persisted=4597 phase=null
2026-01-30 12:13:37.313 31051-31325 XTC                     com.fishit.player.v2                 D  [VOD] DTO→Raw #2550 | id=xtream:vod:384228 | title="Monsieur Claude und sein großes Fest (20" | sourceType=XTREAM | Fields: ✓[year=2021, poster] ✗[plot, cast, director, backdrop, duration, tmdb]
2026-01-30 12:13:37.317 31051-31326 XTC                     com.fishit.player.v2                 D  [LIVE] DTO→Raw #2400 | id=xtream:live:123310 | title="NL: ZIGGO SPORT DOCU HEVC" | sourceType=XTREAM | Fields: ✓[poster] ✗[year, plot, cast, director, backdrop, duration, tmdb]
2026-01-30 12:13:37.320 31051-31308 XtreamCatalogScanWorker com.fishit.player.v2                 D  PROGRESS discovered=5000 persisted=4597 phase=null
2026-01-30 12:13:37.323 31051-31325 XTC                     com.fishit.player.v2                 D  [VOD] DTO→Raw #2600 | id=xtream:vod:384290 | title="Stand up! Was bleibt, wenn alles weg ist" | sourceType=XTREAM | Fields: ✓[year=2022, poster] ✗[plot, cast, director, backdrop, duration, tmdb]
2026-01-30 12:13:37.325 31051-31326 XTC                     com.fishit.player.v2                 D  [LIVE] DTO→Raw #2450 | id=xtream:live:67994 | title="NL: CBS REALITY" | sourceType=XTREAM | Fields: ✓[] ✗[year, plot, cast, director, poster, backdrop, duration, tmdb]
2026-01-30 12:13:37.329 31051-31308 XtreamCatalogScanWorker com.fishit.player.v2                 D  PROGRESS discovered=5100 persisted=4597 phase=null
2026-01-30 12:13:37.333 31051-31326 XTC                     com.fishit.player.v2                 D  [LIVE] DTO→Raw #2500 | id=xtream:live:728060 | title="NL: VIAPLAY Premier League 1 FHD" | sourceType=XTREAM | Fields: ✓[poster] ✗[year, plot, cast, director, backdrop, duration, tmdb]
2026-01-30 12:13:37.334 31051-31325 XTC                     com.fishit.player.v2                 D  [VOD] DTO→Raw #2650 | id=xtream:vod:384361 | title="Unhuman - Wem kannst du trauen? (2022)" | sourceType=XTREAM | Fields: ✓[year=2022, poster] ✗[plot, cast, director, backdrop, duration, tmdb]
2026-01-30 12:13:37.334 31051-31304 SyncPerfMetrics         com.fishit.player.v2                 D  Phase LIVE started
2026-01-30 12:13:37.335 31051-31304 XtreamCatalogScanWorker com.fishit.player.v2                 D  PROGRESS discovered=5149 persisted=4597 phase=LIVE
2026-01-30 12:13:37.344 31051-31325 XTC                     com.fishit.player.v2                 D  [VOD] DTO→Raw #2700 | id=xtream:vod:388669 | title="Antlers (2021)" | sourceType=XTREAM | Fields: ✓[year=2021, poster] ✗[plot, cast, director, backdrop, duration, tmdb]
2026-01-30 12:13:37.344 31051-591   XtreamCatalogScanWorker com.fishit.player.v2                 D  PROGRESS discovered=5200 persisted=4597 phase=null
2026-01-30 12:13:37.355 31051-31325 XTC                     com.fishit.player.v2                 D  [VOD] DTO→Raw #2750 | id=xtream:vod:388719 | title="Breaking News in Yuba County (2021)" | sourceType=XTREAM | Fields: ✓[year=2021, poster] ✗[plot, cast, director, backdrop, duration, tmdb]
2026-01-30 12:13:37.356 31051-31326 XTC                     com.fishit.player.v2                 D  [LIVE] DTO→Raw #2550 | id=xtream:live:51111 | title="NL: FILM 1 ACTION FHD" | sourceType=XTREAM | Fields: ✓[] ✗[year, plot, cast, director, poster, backdrop, duration, tmdb]
2026-01-30 12:13:37.357 31051-591   SyncBatchManager        com.fishit.player.v2                 D  Time-based flush for LIVE: 343 items after 2849ms
2026-01-30 12:13:37.357 31051-591   SyncBatchManager        com.fishit.player.v2                 D  Flushing LIVE batch: 343 items (timeBased=true)
2026-01-30 12:13:37.358 31051-591   CatalogSyncService      com.fishit.player.v2                 D  Persisting Xtream live batch (NX-ONLY): 343 items
2026-01-30 12:13:37.360 31051-31304 XtreamCatalogScanWorker com.fishit.player.v2                 D  PROGRESS discovered=5300 persisted=4597 phase=null
2026-01-30 12:13:37.368 31051-591   XTC                     com.fishit.player.v2                 D  [VOD] DTO→Raw #2800 | id=xtream:vod:388770 | title="Dark Glasses (2022)" | sourceType=XTREAM | Fields: ✓[year=2022, poster] ✗[plot, cast, director, backdrop, duration, tmdb]
2026-01-30 12:13:37.370 31051-31330 XTC                     com.fishit.player.v2                 D  [LIVE] DTO→Raw #2600 | id=xtream:live:324134 | title="FR: E! ENTERTAINMENT HEVC" | sourceType=XTREAM | Fields: ✓[poster] ✗[year, plot, cast, director, backdrop, duration, tmdb]
2026-01-30 12:13:37.373 31051-31304 SyncBatchManager        com.fishit.player.v2                 D  Flushing MOVIES batch: 400 items (timeBased=false)
2026-01-30 12:13:37.374 31051-31304 CatalogSyncService      com.fishit.player.v2                 D  Persisting Xtream catalog batch (NX-ONLY): 400 items (canonical_linking=false)
2026-01-30 12:13:37.377 31051-591   XTC                     com.fishit.player.v2                 D  [VOD] DTO→Raw #2850 | id=xtream:vod:388820 | title="Die Rettung der uns bekannten Welt (2021" | sourceType=XTREAM | Fields: ✓[year=2021, poster] ✗[plot, cast, director, backdrop, duration, tmdb]
2026-01-30 12:13:38.953 31051-31081 ishit.player.v2         com.fishit.player.v2                 I  Background concurrent copying GC freed 724283(30MB) AllocSpace objects, 0(0B) LOS objects, 46% free, 27MB/51MB, paused 915us,65us total 124.843ms
2026-01-30 12:13:42.000 31051-591   CatalogSyncService      com.fishit.player.v2                 D  Xtream live batch complete (NX): ingested=343 total_ms=4642
2026-01-30 12:13:42.001 31051-591   CatalogSyncService      com.fishit.player.v2                 D  Time-based flush LIVE: 343 items in 4642ms
2026-01-30 12:13:42.201 31051-31330 SyncBatchManager        com.fishit.player.v2                 D  Time-based flush for LIVE: 57 items after 4844ms
2026-01-30 12:13:42.202 31051-31330 SyncBatchManager        com.fishit.player.v2                 D  Flushing LIVE batch: 57 items (timeBased=true)
2026-01-30 12:13:42.202 31051-31330 CatalogSyncService      com.fishit.player.v2                 D  Persisting Xtream live batch (NX-ONLY): 57 items
2026-01-30 12:13:42.278 31051-31330 CatalogSyncService      com.fishit.player.v2                 D  Xtream batch complete (HOT PATH/NX): ingested=400 total_ms=4904
2026-01-30 12:13:42.279 31051-31330 XtreamCatalogScanWorker com.fishit.player.v2                 D  PROGRESS discovered=5400 persisted=5340 phase=null
2026-01-30 12:13:42.288 31051-31330 XtreamCatalogScanWorker com.fishit.player.v2                 D  PROGRESS discovered=5500 persisted=5340 phase=null
2026-01-30 12:13:42.294 31051-31308 XTC                     com.fishit.player.v2                 D  [LIVE] DTO→Raw #2650 | id=xtream:live:324241 | title="FR: PIWI+ HEVC" | sourceType=XTREAM | Fields: ✓[poster] ✗[year, plot, cast, director, backdrop, duration, tmdb]
2026-01-30 12:13:42.300 31051-31304 XTC                     com.fishit.player.v2                 D  [VOD] DTO→Raw #2900 | id=xtream:vod:388870 | title="Lointain (2021)" | sourceType=XTREAM | Fields: ✓[year=2021, poster] ✗[plot, cast, director, backdrop, duration, tmdb]
2026-01-30 12:13:42.308 31051-663   XtreamCatalogScanWorker com.fishit.player.v2                 D  PROGRESS discovered=5600 persisted=5340 phase=null
2026-01-30 12:13:42.308 31051-31308 XTC                     com.fishit.player.v2                 D  [LIVE] DTO→Raw #2700 | id=xtream:live:361934 | title="FR: BEIN SPORTS MAX8 HEVC" | sourceType=XTREAM | Fields: ✓[] ✗[year, plot, cast, director, poster, backdrop, duration, tmdb]
2026-01-30 12:13:42.330 31051-31308 XTC                     com.fishit.player.v2                 D  [LIVE] DTO→Raw #2750 | id=xtream:live:44392 | title="FR: Orange Cinema 2 HD" | sourceType=XTREAM | Fields: ✓[poster] ✗[year, plot, cast, director, backdrop, duration, tmdb]
2026-01-30 12:13:42.330 31051-31304 XTC                     com.fishit.player.v2                 D  [VOD] DTO→Raw #2950 | id=xtream:vod:388922 | title="Held (2021)" | sourceType=XTREAM | Fields: ✓[year=2021, poster] ✗[plot, cast, director, backdrop, duration, tmdb]
2026-01-30 12:13:42.331 31051-31326 XtreamCatalogScanWorker com.fishit.player.v2                 D  PROGRESS discovered=5700 persisted=5340 phase=null
2026-01-30 12:13:42.338 31051-31308 XTC                     com.fishit.player.v2                 D  [LIVE] DTO→Raw #2800 | id=xtream:live:44458 | title="FR: AB1 FHD" | sourceType=XTREAM | Fields: ✓[] ✗[year, plot, cast, director, poster, backdrop, duration, tmdb]
2026-01-30 12:13:42.344 31051-591   XtreamCatalogScanWorker com.fishit.player.v2                 D  PROGRESS discovered=5800 persisted=5340 phase=null
2026-01-30 12:13:42.349 31051-31308 XTC                     com.fishit.player.v2                 D  [LIVE] DTO→Raw #2850 | id=xtream:live:791065 | title="LIGUE 1+" | sourceType=XTREAM | Fields: ✓[poster] ✗[year, plot, cast, director, backdrop, duration, tmdb]
2026-01-30 12:13:42.350 31051-31304 XTC                     com.fishit.player.v2                 D  [VOD] DTO→Raw #3000 | id=xtream:vod:388974 | title="Kate (2021)" | sourceType=XTREAM | Fields: ✓[year=2021, poster] ✗[plot, cast, director, backdrop, duration, tmdb]
2026-01-30 12:13:42.354 31051-593   SyncPerfMetrics         com.fishit.player.v2                 D  Phase MOVIES started
2026-01-30 12:13:42.355 31051-593   XtreamCatalogScanWorker com.fishit.player.v2                 D  PROGRESS discovered=5855 persisted=5340 phase=VOD
2026-01-30 12:13:42.357 31051-31308 XTC                     com.fishit.player.v2                 D  [LIVE] DTO→Raw #2900 | id=xtream:live:44515 | title="FR: EQUIDIA LIVE FHD" | sourceType=XTREAM | Fields: ✓[] ✗[year, plot, cast, director, poster, backdrop, duration, tmdb]
2026-01-30 12:13:42.363 31051-593   XtreamCatalogScanWorker com.fishit.player.v2                 D  PROGRESS discovered=5900 persisted=5340 phase=null
2026-01-30 12:13:42.380 31051-31308 XTC                     com.fishit.player.v2                 D  [LIVE] DTO→Raw #2950 | id=xtream:live:124147 | title="FR: AMAZON PRIME 5 FHD" | sourceType=XTREAM | Fields: ✓[] ✗[year, plot, cast, director, poster, backdrop, duration, tmdb]
2026-01-30 12:13:42.383 31051-591   XtreamCatalogScanWorker com.fishit.player.v2                 D  PROGRESS discovered=6000 persisted=5340 phase=null
2026-01-30 12:13:42.387 31051-31304 XTC                     com.fishit.player.v2                 D  [VOD] DTO→Raw #3050 | id=xtream:vod:389025 | title="Megaboa (2021)" | sourceType=XTREAM | Fields: ✓[year=2021, poster] ✗[plot, cast, director, backdrop, duration, tmdb]
2026-01-30 12:13:42.390 31051-31308 XTC                     com.fishit.player.v2                 D  [LIVE] DTO→Raw #3000 | id=xtream:live:743659 | title="FR: HISTOIRE HD" | sourceType=XTREAM | Fields: ✓[] ✗[year, plot, cast, director, poster, backdrop, duration, tmdb]
2026-01-30 12:13:42.394 31051-663   SyncPerfMetrics         com.fishit.player.v2                 D  Phase LIVE started
2026-01-30 12:13:42.395 31051-663   XtreamCatalogScanWorker com.fishit.player.v2                 D  PROGRESS discovered=6062 persisted=5340 phase=LIVE
2026-01-30 12:13:42.398 31051-31304 XTC                     com.fishit.player.v2                 D  [VOD] DTO→Raw #3100 | id=xtream:vod:389076 | title="Old (2021)" | sourceType=XTREAM | Fields: ✓[year=2021, poster] ✗[plot, cast, director, backdrop, duration, tmdb]
2026-01-30 12:13:42.398 31051-31326 XtreamCatalogScanWorker com.fishit.player.v2                 D  PROGRESS discovered=6100 persisted=5340 phase=null
2026-01-30 12:13:42.408 31051-31304 XTC                     com.fishit.player.v2                 D  [VOD] DTO→Raw #3150 | id=xtream:vod:389127 | title="Rettungshund Ruby (2022)" | sourceType=XTREAM | Fields: ✓[year=2022, poster] ✗[plot, cast, director, backdrop, duration, tmdb]
2026-01-30 12:13:42.418 31051-593   XtreamCatalogScanWorker com.fishit.player.v2                 D  PROGRESS discovered=6200 persisted=5340 phase=null
2026-01-30 12:13:42.420 31051-31304 XTC                     com.fishit.player.v2                 D  [VOD] DTO→Raw #3200 | id=xtream:vod:389178 | title="Liebe² (2021)" | sourceType=XTREAM | Fields: ✓[year=2021, poster] ✗[plot, cast, director, backdrop, duration, tmdb]
2026-01-30 12:13:42.421 31051-591   SyncBatchManager        com.fishit.player.v2                 D  Flushing MOVIES batch: 400 items (timeBased=false)
2026-01-30 12:13:42.421 31051-591   CatalogSyncService      com.fishit.player.v2                 D  Persisting Xtream catalog batch (NX-ONLY): 400 items (canonical_linking=false)
2026-01-30 12:13:42.814 31051-31325 CatalogSyncService      com.fishit.player.v2                 D  Xtream live batch complete (NX): ingested=57 total_ms=612
2026-01-30 12:13:42.814 31051-31325 CatalogSyncService      com.fishit.player.v2                 D  Time-based flush LIVE: 57 items in 612ms
2026-01-30 12:13:43.416 31051-31330 SyncBatchManager        com.fishit.player.v2                 D  Time-based flush for LIVE: 419 items after 1214ms
2026-01-30 12:13:43.416 31051-31330 SyncBatchManager        com.fishit.player.v2                 D  Flushing LIVE batch: 419 items (timeBased=true)
2026-01-30 12:13:43.417 31051-31330 CatalogSyncService      com.fishit.player.v2                 D  Persisting Xtream live batch (NX-ONLY): 419 items
2026-01-30 12:13:45.969 31051-31051 ViewRootIm...nActivity] com.fishit.player.v2                 I  ViewPostIme pointer 0
2026-01-30 12:13:46.094 31051-31051 ViewRootIm...nActivity] com.fishit.player.v2                 I  ViewPostIme pointer 1
2026-01-30 12:13:46.301 31051-31051 ViewRootIm...nActivity] com.fishit.player.v2                 I  ViewPostIme pointer 0
2026-01-30 12:13:46.469 31051-31051 ViewRootIm...nActivity] com.fishit.player.v2                 I  ViewPostIme pointer 1
2026-01-30 12:13:47.239 31051-31051 ViewRootIm...nActivity] com.fishit.player.v2                 I  ViewPostIme pointer 0
2026-01-30 12:13:47.286 31051-31051 ViewRootIm...nActivity] com.fishit.player.v2                 I  ViewPostIme pointer 1
2026-01-30 12:13:47.304 31051-31051 WindowOnBackDispatcher  com.fishit.player.v2                 W  OnBackInvokedCallback is not enabled for the application.
                                                                                                    Set 'android:enableOnBackInvokedCallback="true"' in the application manifest.
2026-01-30 12:13:47.335 31051-31051 NxLibraryContentRepo    com.fishit.player.v2                 W  observeVodCategories() is deprecated - use getVodPagingData() for large catalogs
2026-01-30 12:13:47.335 31051-31051 NxWorkRepository        com.fishit.player.v2                 I  observeByType CALLED: type=MOVIE (entity=MOVIE), limit=50
2026-01-30 12:13:47.336 31051-31051 NxLibraryContentRepo    com.fishit.player.v2                 W  observeSeriesCategories() is deprecated - use getSeriesPagingData() for large catalogs
2026-01-30 12:13:47.336 31051-31051 NxWorkRepository        com.fishit.player.v2                 I  observeByType CALLED: type=SERIES (entity=SERIES), limit=50
2026-01-30 12:13:47.619 31051-31326 NxWorkRepository        com.fishit.player.v2                 I  observeByType EMITTING: type=SERIES, count=0
2026-01-30 12:13:47.621 31051-594   NxWorkRepository        com.fishit.player.v2                 I  observeByType EMITTING: type=MOVIE, count=50
2026-01-30 12:13:47.794 31051-31081 ishit.player.v2         com.fishit.player.v2                 I  Background young concurrent copying GC freed 511893(19MB) AllocSpace objects, 0(0B) LOS objects, 12% free, 42MB/48MB, paused 82us,137us total 138.183ms
2026-01-30 12:13:48.033 31051-623   TrafficStats            com.fishit.player.v2                 D  tagSocket(143) with statsTag=0xffffffff, statsUid=-1
2026-01-30 12:13:48.034 31051-622   TrafficStats            com.fishit.player.v2                 D  tagSocket(154) with statsTag=0xffffffff, statsUid=-1
2026-01-30 12:13:48.037 31051-723   TrafficStats            com.fishit.player.v2                 D  tagSocket(147) with statsTag=0xffffffff, statsUid=-1
2026-01-30 12:13:48.038 31051-624   TrafficStats            com.fishit.player.v2                 D  tagSocket(183) with statsTag=0xffffffff, statsUid=-1
2026-01-30 12:13:48.231 31051-31081 ishit.player.v2         com.fishit.player.v2                 I  Background concurrent copying GC freed 630614(25MB) AllocSpace objects, 1(16KB) LOS objects, 32% free, 49MB/73MB, paused 322us,142us total 362.921ms
2026-01-30 12:13:48.649 31051-31081 ishit.player.v2         com.fishit.player.v2                 I  Background young concurrent copying GC freed 804106(31MB) AllocSpace objects, 0(0B) LOS objects, 27% free, 52MB/73MB, paused 863us,132us total 158.579ms
2026-01-30 12:13:49.092 31051-31081 ishit.player.v2         com.fishit.player.v2                 I  Background concurrent copying GC freed 1056853(44MB) AllocSpace objects, 12(240KB) LOS objects, 32% free, 49MB/73MB, paused 92us,106us total 249.439ms
2026-01-30 12:13:49.381 31051-31051 ViewRootIm...nActivity] com.fishit.player.v2                 I  ViewPostIme pointer 0
2026-01-30 12:13:49.447 31051-31051 ViewRootIm...nActivity] com.fishit.player.v2                 I  ViewPostIme pointer 1
2026-01-30 12:13:49.561 31051-31081 ishit.player.v2         com.fishit.player.v2                 I  Background young concurrent copying GC freed 828950(31MB) AllocSpace objects, 0(0B) LOS objects, 16% free, 61MB/73MB, paused 190us,88us total 223.356ms
2026-01-30 12:13:50.002 31051-31081 ishit.player.v2         com.fishit.player.v2                 I  Background concurrent copying GC freed 1218882(51MB) AllocSpace objects, 0(0B) LOS objects, 32% free, 49MB/73MB, paused 176us,130us total 310.351ms
2026-01-30 12:13:50.455 31051-31081 ishit.player.v2         com.fishit.player.v2                 I  Background young concurrent copying GC freed 780404(29MB) AllocSpace objects, 0(0B) LOS objects, 19% free, 58MB/73MB, paused 146us,148us total 206.302ms
2026-01-30 12:13:50.571 31051-591   CatalogSyncService      com.fishit.player.v2                 D  Xtream batch complete (HOT PATH/NX): ingested=400 total_ms=8149
2026-01-30 12:13:50.575 31051-31304 XTC                     com.fishit.player.v2                 D  [LIVE] DTO→Raw #3050 | id=xtream:live:54814 | title="BE: Voo Sport World 3 HD" | sourceType=XTREAM | Fields: ✓[] ✗[year, plot, cast, director, poster, backdrop, duration, tmdb]
2026-01-30 12:13:50.576 31051-31325 XtreamCatalogScanWorker com.fishit.player.v2                 D  PROGRESS discovered=6300 persisted=5797 phase=null
2026-01-30 12:13:50.576 31051-594   XTC                     com.fishit.player.v2                 D  [VOD] DTO→Raw #3250 | id=xtream:vod:389230 | title="The King's Daughter (2022)" | sourceType=XTREAM | Fields: ✓[year=2022, poster] ✗[plot, cast, director, backdrop, duration, tmdb]
2026-01-30 12:13:50.596 31051-31304 XTC                     com.fishit.player.v2                 D  [LIVE] DTO→Raw #3100 | id=xtream:live:178407 | title="RU: Диалоги о рыбалке FHD" | sourceType=XTREAM | Fields: ✓[poster] ✗[year, plot, cast, director, backdrop, duration, tmdb]
2026-01-30 12:13:50.602 31051-593   XtreamCatalogScanWorker com.fishit.player.v2                 D  PROGRESS discovered=6400 persisted=5797 phase=null
2026-01-30 12:13:50.602 31051-594   XTC                     com.fishit.player.v2                 D  [VOD] DTO→Raw #3300 | id=xtream:vod:389282 | title="Through my Window - Ich sehe nur dich (2" | sourceType=XTREAM | Fields: ✓[year=2022, poster] ✗[plot, cast, director, backdrop, duration, tmdb]
2026-01-30 12:13:50.621 31051-31304 XTC                     com.fishit.player.v2                 D  [LIVE] DTO→Raw #3150 | id=xtream:live:178457 | title="RU: Дом кино премиум FHD" | sourceType=XTREAM | Fields: ✓[poster] ✗[year, plot, cast, director, backdrop, duration, tmdb]
2026-01-30 12:13:50.622 31051-594   XTC                     com.fishit.player.v2                 D  [VOD] DTO→Raw #3350 | id=xtream:vod:389336 | title="X (2022)" | sourceType=XTREAM | Fields: ✓[year=2022, poster] ✗[plot, cast, director, backdrop, duration, tmdb]
2026-01-30 12:13:50.622 31051-593   XtreamCatalogScanWorker com.fishit.player.v2                 D  PROGRESS discovered=6500 persisted=5797 phase=null
2026-01-30 12:13:50.637 31051-31304 XTC                     com.fishit.player.v2                 D  [LIVE] DTO→Raw #3200 | id=xtream:live:178508 | title="RU: Киносемья FHD" | sourceType=XTREAM | Fields: ✓[poster] ✗[year, plot, cast, director, backdrop, duration, tmdb]
2026-01-30 12:13:50.639 31051-594   XTC                     com.fishit.player.v2                 D  [VOD] DTO→Raw #3400 | id=xtream:vod:798247 | title="Shrek 2 - Der tollkühne Held kehrt zurüc" | sourceType=XTREAM | Fields: ✓[year=2004, poster] ✗[plot, cast, director, backdrop, duration, tmdb]
2026-01-30 12:13:50.640 31051-31326 XtreamCatalogScanWorker com.fishit.player.v2                 D  PROGRESS discovered=6600 persisted=5797 phase=null
2026-01-30 12:13:50.651 31051-594   XTC                     com.fishit.player.v2                 D  [VOD] DTO→Raw #3450 | id=xtream:vod:760054 | title="Halloween II - Das Grauen kehrt zurück |" | sourceType=XTREAM | Fields: ✓[year=1981, poster] ✗[plot, cast, director, backdrop, duration, tmdb]
2026-01-30 12:13:50.655 31051-594   XTC                     com.fishit.player.v2                 D  [VOD] DTO→Raw #3500 | id=xtream:vod:757835 | title="Jurassic World - Ein neues Zeitalter | 2" | sourceType=XTREAM | Fields: ✓[year=2022, poster] ✗[plot, cast, director, backdrop, duration, tmdb]
2026-01-30 12:13:50.658 31051-31326 XtreamCatalogScanWorker com.fishit.player.v2                 D  PROGRESS discovered=6700 persisted=5797 phase=null
2026-01-30 12:13:50.663 31051-31304 XTC                     com.fishit.player.v2                 D  [LIVE] DTO→Raw #3250 | id=xtream:live:178566 | title="RU: Матч! Футбол 2 FHD" | sourceType=XTREAM | Fields: ✓[poster] ✗[year, plot, cast, director, backdrop, duration, tmdb]
2026-01-30 12:13:50.673 31051-31304 XTC                     com.fishit.player.v2                 D  [LIVE] DTO→Raw #3300 | id=xtream:live:178625 | title="RU: Россия 1 FHD" | sourceType=XTREAM | Fields: ✓[poster] ✗[year, plot, cast, director, backdrop, duration, tmdb]
2026-01-30 12:13:50.674 31051-31326 SyncPerfMetrics         com.fishit.player.v2                 D  Phase MOVIES started
2026-01-30 12:13:50.674 31051-31326 XtreamCatalogScanWorker com.fishit.player.v2                 D  PROGRESS discovered=6743 persisted=5797 phase=VOD
2026-01-30 12:13:50.676 31051-31326 XtreamCatalogScanWorker com.fishit.player.v2                 D  PROGRESS discovered=6800 persisted=5797 phase=null
2026-01-30 12:13:50.699 31051-31326 XTC                     com.fishit.player.v2                 D  [LIVE] DTO→Raw #3350 | id=xtream:live:178663 | title="RU: MTV Live FHD" | sourceType=XTREAM | Fields: ✓[poster] ✗[year, plot, cast, director, backdrop, duration, tmdb]
2026-01-30 12:13:50.711 31051-594   XTC                     com.fishit.player.v2                 D  [VOD] DTO→Raw #3550 | id=xtream:vod:757219 | title="Mission: Impossible III | 2006 | 6.7" | sourceType=XTREAM | Fields: ✓[year=2006, poster] ✗[plot, cast, director, backdrop, duration, tmdb]
2026-01-30 12:13:50.711 31051-31308 XtreamCatalogScanWorker com.fishit.player.v2                 D  PROGRESS discovered=6900 persisted=5797 phase=null
2026-01-30 12:13:50.719 31051-31326 XTC                     com.fishit.player.v2                 D  [LIVE] DTO→Raw #3400 | id=xtream:live:124239 | title="UA: TET" | sourceType=XTREAM | Fields: ✓[poster] ✗[year, plot, cast, director, backdrop, duration, tmdb]
2026-01-30 12:13:50.719 31051-594   XTC                     com.fishit.player.v2                 D  [VOD] DTO→Raw #3600 | id=xtream:vod:752127 | title="Goal II – Der Traum ist real! | 2007 | 6" | sourceType=XTREAM | Fields: ✓[year=2007, poster] ✗[plot, cast, director, backdrop, duration, tmdb]
2026-01-30 12:13:50.721 31051-31308 XtreamCatalogScanWorker com.fishit.player.v2                 D  PROGRESS discovered=7000 persisted=5797 phase=null
2026-01-30 12:13:50.721 31051-31308 SyncBatchManager        com.fishit.player.v2                 D  Flushing MOVIES batch: 400 items (timeBased=false)
2026-01-30 12:13:50.722 31051-31308 CatalogSyncService      com.fishit.player.v2                 D  Persisting Xtream catalog batch (NX-ONLY): 400 items (canonical_linking=false)
2026-01-30 12:13:50.846 31051-31081 ishit.player.v2         com.fishit.player.v2                 I  Background concurrent copying GC freed 1158688(49MB) AllocSpace objects, 0(0B) LOS objects, 37% free, 39MB/63MB, paused 216us,71us total 224.520ms
2026-01-30 12:13:51.333 31051-31051 ViewRootIm...nActivity] com.fishit.player.v2                 I  ViewPostIme pointer 0
2026-01-30 12:13:51.383 31051-31081 ishit.player.v2         com.fishit.player.v2                 I  Background young concurrent copying GC freed 530829(19MB) AllocSpace objects, 0(0B) LOS objects, 1% free, 62MB/63MB, paused 149us,90us total 225.102ms
2026-01-30 12:13:51.403 31051-31051 ViewRootIm...nActivity] com.fishit.player.v2                 I  ViewPostIme pointer 1
2026-01-30 12:13:51.611 31051-31081 ishit.player.v2         com.fishit.player.v2                 I  Background concurrent copying GC freed 1017696(43MB) AllocSpace objects, 0(0B) LOS objects, 39% free, 36MB/60MB, paused 242us,36us total 220.621ms
2026-01-30 12:13:51.976 31051-31081 ishit.player.v2         com.fishit.player.v2                 I  Background young concurrent copying GC freed 574358(21MB) AllocSpace objects, 0(0B) LOS objects, 13% free, 52MB/60MB, paused 114us,97us total 133.048ms
2026-01-30 12:13:52.384 31051-31081 ishit.player.v2         com.fishit.player.v2                 I  Background concurrent copying GC freed 949206(39MB) AllocSpace objects, 0(0B) LOS objects, 35% free, 43MB/67MB, paused 185us,153us total 311.592ms
2026-01-30 12:13:52.846 31051-31081 ishit.player.v2         com.fishit.player.v2                 I  Background young concurrent copying GC freed 622936(22MB) AllocSpace objects, 0(0B) LOS objects, 13% free, 58MB/67MB, paused 145us,158us total 190.808ms
