2026-02-10 13:36:07.005 19301-19301 ViewRootIm...nActivity] com.fishit.player.v2                 I  handleWindowFocusChanged: 1 0 call from android.view.ViewRootImpl.-$$Nest$mhandleWindowFocusChanged:0
2026-02-10 13:36:07.005 19301-19301 ViewRootIm...nActivity] com.fishit.player.v2                 D  mThreadedRenderer.initializeIfNeeded()#2 mSurface={isValid=true 0xb4000074206da9d0}
2026-02-10 13:36:07.006 19301-19301 InputMethodManagerUtils com.fishit.player.v2                 D  startInputInner - Id : 0
2026-02-10 13:36:07.006 19301-20186 TrafficStats            com.fishit.player.v2                 D  tagSocket(166) with statsTag=0xffffffff, statsUid=-1
2026-02-10 13:36:07.006 19301-19301 InputMethodManager      com.fishit.player.v2                 I  startInputInner - IInputMethodManagerGlobalInvoker.startInputOrWindowGainedFocus
2026-02-10 13:36:07.008 19301-19301 WM-SystemJobService     com.fishit.player.v2                 D  onStartJob for WorkGenerationalId(workSpecId=f9476dce-2a49-4d74-b3db-c934f9a7081c, generation=0)
2026-02-10 13:36:07.008 19301-20185 TrafficStats            com.fishit.player.v2                 D  tagSocket(169) with statsTag=0xffffffff, statsUid=-1
2026-02-10 13:36:07.010 19301-19301 NxHomeContentRepo       com.fishit.player.v2                 D  🔍 HomePagingSource: Processing 0 works for mapping
2026-02-10 13:36:07.011 19301-19301 NxHomeContentRepo       com.fishit.player.v2                 D  🔍 HomePagingSource: Processing 0 works for mapping
2026-02-10 13:36:07.011 19301-19301 NxHomeContentRepo       com.fishit.player.v2                 D  🔍 HomePagingSource: Processing 0 works for mapping
2026-02-10 13:36:07.012 19301-19301 NxHomeContentRepo       com.fishit.player.v2                 D  🔍 HomePagingSource: Processing 0 works for mapping
2026-02-10 13:36:07.015 19301-19622 WM-Processor            com.fishit.player.v2                 D  Work WorkGenerationalId(workSpecId=f9476dce-2a49-4d74-b3db-c934f9a7081c, generation=0) is already enqueued for processing
2026-02-10 13:36:07.023 19301-19301 NxHomeContentRepo       com.fishit.player.v2                 D  🔍 HomePagingSource: Filtered out episodes: 0 → 0
2026-02-10 13:36:07.024 19301-19301 NxHomeContentRepo       com.fishit.player.v2                 D  🔍 HomePagingSource: Processing 0 works for mapping
2026-02-10 13:36:07.089 19301-19301 WorkManage...teObserver com.fishit.player.v2                 D  Sync state: RUNNING | id=f9476dce | attempts=1 | tags=[mode_expert_now, catalog_sync, worker/CatalogSyncOrchestratorWorker, com.fishit.player.v2.work.CatalogSyncOrchestratorWorker]
2026-02-10 13:36:07.091 19301-19301 NxHomeContentRepo       com.fishit.player.v2                 D  🔍 HomePagingSource: Loaded source refs for 0 works
2026-02-10 13:36:07.091 19301-19301 NxHomeContentRepo       com.fishit.player.v2                 I  ✅ HomePagingSource.load() RESULT | workType=MOVIE offset=0 count=0 hasNext=false titles=
2026-02-10 13:36:07.094 19301-19301 NxHomeContentRepo       com.fishit.player.v2                 D  🔍 HomePagingSource: Loaded source refs for 0 works
2026-02-10 13:36:07.094 19301-19301 NxHomeContentRepo       com.fishit.player.v2                 I  ✅ HomePagingSource.load() RESULT | workType=LIVE_CHANNEL offset=0 count=0 hasNext=false titles=
2026-02-10 13:36:07.096 19301-19301 NxHomeContentRepo       com.fishit.player.v2                 D  🔍 HomePagingSource: Loaded source refs for 0 works
2026-02-10 13:36:07.097 19301-19301 NxHomeContentRepo       com.fishit.player.v2                 I  ✅ HomePagingSource.load() RESULT | workType=CLIP offset=0 count=0 hasNext=false titles=
2026-02-10 13:36:07.099 19301-19301 InsetsSourceConsumer    com.fishit.player.v2                 I  applyRequestedVisibilityToControl: visible=false, type=ime, host=com.fishit.player.v2/com.fishit.player.v2.MainActivity
2026-02-10 13:36:07.100 19301-19301 NxHomeContentRepo       com.fishit.player.v2                 D  🔍 HomePagingSource: Loaded source refs for 0 works
2026-02-10 13:36:07.100 19301-19301 NxHomeContentRepo       com.fishit.player.v2                 I  ✅ HomePagingSource.load() RESULT | workType=SERIES offset=0 count=0 hasNext=false titles=
2026-02-10 13:36:07.103 19301-19301 NxHomeContentRepo       com.fishit.player.v2                 D  🔍 HomePagingSource: Loaded source refs for 0 works
2026-02-10 13:36:07.103 19301-19301 NxHomeContentRepo       com.fishit.player.v2                 I  ✅ HomePagingSource.load() RESULT | workType=ALL offset=0 count=0 hasNext=false titles=
2026-02-10 13:36:07.323 19301-19609 XtreamStreamFetcher     com.fishit.player.v2                 D  streamFromUrl: Starting StreamingJsonParser.streamInBatches() for http://konigtv.com:8080/player_api.php?action=get_live_streams&category_id=282&username=***&password=***
2026-02-10 13:36:07.336 19301-19483 XtreamStreamFetcher     com.fishit.player.v2                 D  streamFromUrl: Starting StreamingJsonParser.streamInBatches() for http://konigtv.com:8080/player_api.php?action=get_series&category_id=66&username=***&password=***
2026-02-10 13:36:07.342 19301-19612 XtreamStreamFetcher     com.fishit.player.v2                 D  streamFromUrl: Starting StreamingJsonParser.streamInBatches() for http://konigtv.com:8080/player_api.php?action=get_series&category_id=180&username=***&password=***
2026-02-10 13:36:07.362 19301-19607 XtreamStreamFetcher     com.fishit.player.v2                 D  streamFromUrl: Starting StreamingJsonParser.streamInBatches() for http://konigtv.com:8080/player_api.php?action=get_live_streams&category_id=13&username=***&password=***
2026-02-10 13:36:07.397 19301-19609 XTC                     com.fishit.player.v2                 D  [LIVE] DTO→Raw #1 | id=xtream:live:150139 | title="INFO SKY SELECT JANUAR" | sourceType=XTREAM | Fields: ✓[poster] ✗[year, plot, cast, director, backdrop, duration, tmdb]
2026-02-10 13:36:07.427 19301-19609 XtreamStreamFetcher     com.fishit.player.v2                 D  StreamBatch: 11 items in 1 batches (105ms) | errors=0
2026-02-10 13:36:07.434 19301-19609 XtreamStreamFetcher     com.fishit.player.v2                 D  streamFromUrl: CALLED for http://konigtv.com:8080/player_api.php?action=get_live_streams&category_id=189&username=***&password=***
2026-02-10 13:36:07.435 19301-19620 XtreamStreamFetcher     com.fishit.player.v2                 D  streamFromUrl: Starting StreamingJsonParser.streamInBatches() for http://konigtv.com:8080/player_api.php?action=get_live_streams&category_id=459&username=***&password=***
2026-02-10 13:36:07.439 19301-21159 VodItemPhase            com.fishit.player.v2                 D  [VOD] Starting parallel scan (streaming) with 3 category filter(s) [server-side]...
2026-02-10 13:36:07.458 19301-19484 XtreamStreamFetcher     com.fishit.player.v2                 D  streamFromUrl: CALLED for http://konigtv.com:8080/player_api.php?action=get_vod_streams&category_id=56&username=***&password=***
2026-02-10 13:36:07.458 19301-21147 XtreamStreamFetcher     com.fishit.player.v2                 D  streamFromUrl: CALLED for http://konigtv.com:8080/player_api.php?action=get_vod_streams&category_id=295&username=***&password=***
2026-02-10 13:36:07.465 19301-21148 XtreamStreamFetcher     com.fishit.player.v2                 D  streamFromUrl: CALLED for http://konigtv.com:8080/player_api.php?action=get_vod_streams&category_id=244&username=***&password=***
2026-02-10 13:36:07.495 19301-20185 TrafficStats            com.fishit.player.v2                 D  tagSocket(137) with statsTag=0xffffffff, statsUid=-1
2026-02-10 13:36:07.501 19301-20183 TrafficStats            com.fishit.player.v2                 D  tagSocket(138) with statsTag=0xffffffff, statsUid=-1
2026-02-10 13:36:07.510 19301-20189 TrafficStats            com.fishit.player.v2                 D  tagSocket(168) with statsTag=0xffffffff, statsUid=-1
2026-02-10 13:36:07.547 19301-19611 XtreamStreamFetcher     com.fishit.player.v2                 D  streamFromUrl: Starting StreamingJsonParser.streamInBatches() for http://konigtv.com:8080/player_api.php?action=get_live_streams&category_id=187&username=***&password=***
2026-02-10 13:36:07.549 19301-19608 XtreamStreamFetcher     com.fishit.player.v2                 D  streamFromUrl: Starting StreamingJsonParser.streamInBatches() for http://konigtv.com:8080/player_api.php?action=get_series&category_id=179&username=***&password=***
2026-02-10 13:36:07.603 19301-19620 XTC                     com.fishit.player.v2                 D  [LIVE] DTO→Raw #50 | id=xtream:live:735881 | title="DE: AMERICAN HORROR STORY" | sourceType=XTREAM | Fields: ✓[poster] ✗[year, plot, cast, director, backdrop, duration, tmdb]
2026-02-10 13:36:07.631 19301-19483 XTC                     com.fishit.player.v2                 D  [SERIES] DTO→Raw #1 | id=xtream:series:-441 | title="Madam Secretary" | sourceType=XTREAM | Fields: ✓[year=2014, plot(542c), cast, poster, duration=2700000ms] ✗[director, backdrop, tmdb]
2026-02-10 13:36:07.642 19301-19611 XtreamStreamFetcher     com.fishit.player.v2                 D  StreamBatch: 11 items in 1 batches (98ms) | errors=0
2026-02-10 13:36:07.646 19301-19620 XtreamStreamFetcher     com.fishit.player.v2                 D  StreamBatch: 38 items in 1 batches (215ms) | errors=0
2026-02-10 13:36:07.650 19301-19611 XtreamStreamFetcher     com.fishit.player.v2                 D  streamFromUrl: CALLED for http://konigtv.com:8080/player_api.php?action=get_live_streams&category_id=275&username=***&password=***
2026-02-10 13:36:07.663 19301-19485 XtreamStreamFetcher     com.fishit.player.v2                 D  streamFromUrl: CALLED for http://konigtv.com:8080/player_api.php?action=get_live_streams&category_id=14&username=***&password=***
2026-02-10 13:36:07.690 19301-19607 XTC                     com.fishit.player.v2                 D  [LIVE] DTO→Raw #100 | id=xtream:live:54762 | title="DE: Universal FHD" | sourceType=XTREAM | Fields: ✓[poster] ✗[year, plot, cast, director, backdrop, duration, tmdb]
2026-02-10 13:36:07.717 19301-19483 XTC                     com.fishit.player.v2                 D  [SERIES] DTO→Raw #50 | id=xtream:series:1184 | title="Die Toten von Marnow" | sourceType=XTREAM | Fields: ✓[year=2021, plot(205c), cast, poster] ✗[director, backdrop, duration, tmdb]
2026-02-10 13:36:07.763 19301-19483 XTC                     com.fishit.player.v2                 D  [SERIES] DTO→Raw #100 | id=xtream:series:1462 | title="Workin Moms" | sourceType=XTREAM | Fields: ✓[year=2017, plot(161c), cast, poster, duration=1800000ms] ✗[director, backdrop, tmdb]
2026-02-10 13:36:07.780 19301-19607 XTC                     com.fishit.player.v2                 D  [LIVE] DTO→Raw #150 | id=xtream:live:142999 | title="DE: Vera Kino Bollywood 1" | sourceType=XTREAM | Fields: ✓[poster] ✗[year, plot, cast, director, backdrop, duration, tmdb]
2026-02-10 13:36:07.806 19301-19608 XTC                     com.fishit.player.v2                 D  [SERIES] DTO→Raw #150 | id=xtream:series:122 | title="The End of the F***ing World DE" | sourceType=XTREAM | Fields: ✓[year=2017, plot(164c), cast, poster, duration=1080000ms] ✗[director, backdrop, tmdb]
2026-02-10 13:36:07.814 19301-19609 XtreamStreamFetcher     com.fishit.player.v2                 D  streamFromUrl: Starting StreamingJsonParser.streamInBatches() for http://konigtv.com:8080/player_api.php?action=get_live_streams&category_id=189&username=***&password=***
2026-02-10 13:36:07.814 19301-21147 XtreamStreamFetcher     com.fishit.player.v2                 D  streamFromUrl: Starting StreamingJsonParser.streamInBatches() for http://konigtv.com:8080/player_api.php?action=get_vod_streams&category_id=295&username=***&password=***
2026-02-10 13:36:07.829 19301-19483 XTC                     com.fishit.player.v2                 D  [SERIES] DTO→Raw #200 | id=xtream:series:1777 | title="Die Astronauten" | sourceType=XTREAM | Fields: ✓[year=2020, plot(250c), cast, poster, duration=1440000ms] ✗[director, backdrop, tmdb]
2026-02-10 13:36:07.851 19301-19483 XTC                     com.fishit.player.v2                 D  [SERIES] DTO→Raw #250 | id=xtream:series:2047 | title="Little Britain" | sourceType=XTREAM | Fields: ✓[year=2003, plot(890c), cast, poster, duration=1800000ms] ✗[director, backdrop, tmdb]
2026-02-10 13:36:07.878 19301-19612 XTC                     com.fishit.player.v2                 D  [SERIES] DTO→Raw #300 | id=xtream:series:2059 | title="Maradona Leben wie ein Traum" | sourceType=XTREAM | Fields: ✓[year=2021, plot(582c), cast, poster, duration=3600000ms] ✗[director, backdrop, tmdb]
2026-02-10 13:36:07.882 19301-19607 XTC                     com.fishit.player.v2                 D  [LIVE] DTO→Raw #200 | id=xtream:live:121653 | title="DE: REDBOX Kino 8" | sourceType=XTREAM | Fields: ✓[poster] ✗[year, plot, cast, director, backdrop, duration, tmdb]
2026-02-10 13:36:07.900 19301-19608 XTC                     com.fishit.player.v2                 D  [SERIES] DTO→Raw #350 | id=xtream:series:1045 | title="50M2" | sourceType=XTREAM | Fields: ✓[year=2021, plot(158c), cast, poster, duration=2940000ms] ✗[director, backdrop, tmdb]
2026-02-10 13:36:07.932 19301-21159 XtreamStreamFetcher     com.fishit.player.v2                 D  StreamBatch: 160 items in 2 batches (571ms) | errors=0
2026-02-10 13:36:07.940 19301-19612 XTC                     com.fishit.player.v2                 D  [SERIES] DTO→Raw #400 | id=xtream:series:3257 | title="Catastrophe" | sourceType=XTREAM | Fields: ✓[year=2017, cast, poster, duration=1800000ms] ✗[plot, director, backdrop, tmdb]
2026-02-10 13:36:07.986 19301-19609 XTC                     com.fishit.player.v2                 D  [LIVE] DTO→Raw #250 | id=xtream:live:117854 | title="DE: Malcolm Mittendrin 24/7" | sourceType=XTREAM | Fields: ✓[poster] ✗[year, plot, cast, director, backdrop, duration, tmdb]
2026-02-10 13:36:07.992 19301-19608 XTC                     com.fishit.player.v2                 D  [SERIES] DTO→Raw #450 | id=xtream:series:1796 | title="Joint Venture" | sourceType=XTREAM | Fields: ✓[year=2019, cast, poster] ✗[plot, director, backdrop, duration, tmdb]
2026-02-10 13:36:08.012 19301-19611 XtreamStreamFetcher     com.fishit.player.v2                 D  streamFromUrl: Starting StreamingJsonParser.streamInBatches() for http://konigtv.com:8080/player_api.php?action=get_live_streams&category_id=275&username=***&password=***
2026-02-10 13:36:08.018 19301-21148 XtreamStreamFetcher     com.fishit.player.v2                 D  streamFromUrl: Starting StreamingJsonParser.streamInBatches() for http://konigtv.com:8080/player_api.php?action=get_vod_streams&category_id=244&username=***&password=***
2026-02-10 13:36:08.032 19301-21147 XTC                     com.fishit.player.v2                 D  [VOD] DTO→Raw #1 | id=xtream:vod:800673 | title="Die Weihnachtsprinzessin - Liebe zum Fes" | sourceType=XTREAM | Fields: ✓[year=2022, poster] ✗[plot, cast, director, backdrop, duration, tmdb]
2026-02-10 13:36:08.034 19301-19485 XtreamStreamFetcher     com.fishit.player.v2                 D  streamFromUrl: Starting StreamingJsonParser.streamInBatches() for http://konigtv.com:8080/player_api.php?action=get_live_streams&category_id=14&username=***&password=***
2026-02-10 13:36:08.050 19301-20187 TrafficStats            com.fishit.player.v2                 D  tagSocket(134) with statsTag=0xffffffff, statsUid=-1
2026-02-10 13:36:08.075 19301-20185 TrafficStats            com.fishit.player.v2                 D  tagSocket(152) with statsTag=0xffffffff, statsUid=-1
2026-02-10 13:36:08.080 19301-19484 XtreamStreamFetcher     com.fishit.player.v2                 D  streamFromUrl: Starting StreamingJsonParser.streamInBatches() for http://konigtv.com:8080/player_api.php?action=get_vod_streams&category_id=56&username=***&password=***
2026-02-10 13:36:08.093 19301-19483 XTC                     com.fishit.player.v2                 D  [SERIES] DTO→Raw #500 | id=xtream:series:2442 | title="Die purpurnen Flüsse" | sourceType=XTREAM | Fields: ✓[year=2018, plot(469c), cast, poster, duration=2880000ms] ✗[director, backdrop, tmdb]
2026-02-10 13:36:08.093 19301-19610 XtreamSyncService       com.fishit.player.v2                 D  Progress: vod=30, series=500, live=286
2026-02-10 13:36:08.117 19301-19609 XTC                     com.fishit.player.v2                 D  [LIVE] DTO→Raw #300 | id=xtream:live:110849 | title="DE: S.W.A.T. 24/7" | sourceType=XTREAM | Fields: ✓[poster] ✗[year, plot, cast, director, backdrop, duration, tmdb]
2026-02-10 13:36:08.141 19301-19612 XTC                     com.fishit.player.v2                 D  [SERIES] DTO→Raw #550 | id=xtream:series:4723 | title="September Mornings" | sourceType=XTREAM | Fields: ✓[year=2021, plot(603c), cast, poster, duration=1800000ms] ✗[director, backdrop, tmdb]
2026-02-10 13:36:08.164 19301-21148 XTC                     com.fishit.player.v2                 D  [VOD] DTO→Raw #50 | id=xtream:vod:799720 | title="Indiana Jones und das Königreich des Kri" | sourceType=XTREAM | Fields: ✓[year=2008, poster] ✗[plot, cast, director, backdrop, duration, tmdb]
2026-02-10 13:36:08.172 19301-19485 XTC                     com.fishit.player.v2                 D  [LIVE] DTO→Raw #350 | id=xtream:live:359535 | title="DE: Peppa Wutz 24/7 - 1" | sourceType=XTREAM | Fields: ✓[poster] ✗[year, plot, cast, director, backdrop, duration, tmdb]
2026-02-10 13:36:08.174 19301-19483 XTC                     com.fishit.player.v2                 D  [SERIES] DTO→Raw #600 | id=xtream:series:3168 | title="L'Ora - Worte gegen Waffen" | sourceType=XTREAM | Fields: ✓[year=2022, plot(812c), cast, poster] ✗[director, backdrop, duration, tmdb]
2026-02-10 13:36:08.211 19301-19612 XTC                     com.fishit.player.v2                 D  [VOD] DTO→Raw #100 | id=xtream:vod:794140 | title="Nachts im Museum - Das geheimnisvolle Gr" | sourceType=XTREAM | Fields: ✓[year=2014, poster] ✗[plot, cast, director, backdrop, duration, tmdb]
2026-02-10 13:36:08.226 19301-19609 XtreamStreamFetcher     com.fishit.player.v2                 D  StreamBatch: 105 items in 1 batches (421ms) | errors=0
2026-02-10 13:36:08.283 19301-19312 ishit.player.v2         com.fishit.player.v2                 I  Background concurrent copying GC freed 216344(7698KB) AllocSpace objects, 1(20KB) LOS objects, 49% free, 14MB/29MB, paused 192us,219us total 223.460ms
2026-02-10 13:36:08.330 19301-19313 InputTransport          com.fishit.player.v2                 D  Input channel destroyed: 'ClientS', fd=170
2026-02-10 13:36:08.994 19301-19620 XTC                     com.fishit.player.v2                 D  [SERIES] DTO→Raw #650 | id=xtream:series:3216 | title="Westwall" | sourceType=XTREAM | Fields: ✓[year=2021, poster] ✗[plot, cast, director, backdrop, duration, tmdb]
2026-02-10 13:36:09.572 19301-19612 XTC                     com.fishit.player.v2                 D  [LIVE] DTO→Raw #400 | id=xtream:live:376310 | title="DE: Yu-Gi-Oh! 3 - Premium 24/7" | sourceType=XTREAM | Fields: ✓[poster] ✗[year, plot, cast, director, backdrop, duration, tmdb]
2026-02-10 13:36:09.950 19301-19610 XTC                     com.fishit.player.v2                 D  [VOD] DTO→Raw #150 | id=xtream:vod:804345 | title="Ella McCay | 2025 | 5.2" | sourceType=XTREAM | Fields: ✓[year=2025, poster] ✗[plot, cast, director, backdrop, duration, tmdb]
2026-02-10 13:36:10.390 19301-19607 XTC                     com.fishit.player.v2                 D  [SERIES] DTO→Raw #700 | id=xtream:series:3117 | title="Neymar: Das vollkommene Chaos" | sourceType=XTREAM | Fields: ✓[year=2022, plot(943c), cast, director, poster, duration=3060000ms] ✗[backdrop, tmdb]
2026-02-10 13:36:10.394 19301-19612 XTC                     com.fishit.player.v2                 D  [VOD] DTO→Raw #200 | id=xtream:vod:803369 | title="People We Meet on Vacation | 2026 | 7.0" | sourceType=XTREAM | Fields: ✓[year=2026, poster] ✗[plot, cast, director, backdrop, duration, tmdb]
2026-02-10 13:36:11.441 19301-21148 XTC                     com.fishit.player.v2                 D  [VOD] DTO→Raw #250 | id=xtream:vod:758416 | title="Resident Evil | 2002 | 6.6" | sourceType=XTREAM | Fields: ✓[year=2002, poster] ✗[plot, cast, director, backdrop, duration, tmdb]
2026-02-10 13:36:11.446 19301-21148 XTC                     com.fishit.player.v2                 D  [SERIES] DTO→Raw #750 | id=xtream:series:3386 | title="Catching Killers" | sourceType=XTREAM | Fields: ✓[year=2021, plot(657c), cast, poster, duration=2400000ms] ✗[director, backdrop, tmdb]
2026-02-10 13:36:11.665 19301-19613 XTC                     com.fishit.player.v2                 D  [LIVE] DTO→Raw #450 | id=xtream:live:85559 | title="DE: Miraculous 24/7" | sourceType=XTREAM | Fields: ✓[poster] ✗[year, plot, cast, director, backdrop, duration, tmdb]
2026-02-10 13:36:11.904 19301-21239 XTC                     com.fishit.player.v2                 D  [VOD] DTO→Raw #300 | id=xtream:vod:757848 | title="Underworld - Aufstand der Lykaner | 2009" | sourceType=XTREAM | Fields: ✓[year=2009, poster] ✗[plot, cast, director, backdrop, duration, tmdb]
2026-02-10 13:36:12.217 19301-19608 XTC                     com.fishit.player.v2                 D  [SERIES] DTO→Raw #800 | id=xtream:series:5976 | title="Patriot" | sourceType=XTREAM | Fields: ✓[year=2015, plot(275c), cast, poster, duration=3000000ms] ✗[director, backdrop, tmdb]
2026-02-10 13:36:12.522 19301-21193 XTC                     com.fishit.player.v2                 D  [VOD] DTO→Raw #350 | id=xtream:vod:757826 | title="Twilight - Biss zum Morgengrauen | 2008 " | sourceType=XTREAM | Fields: ✓[year=2008, poster] ✗[plot, cast, director, backdrop, duration, tmdb]
2026-02-10 13:36:13.068 19301-21239 XTC                     com.fishit.player.v2                 D  [LIVE] DTO→Raw #500 | id=xtream:live:358507 | title="DE: Death Note 24/7" | sourceType=XTREAM | Fields: ✓[poster] ✗[year, plot, cast, director, backdrop, duration, tmdb]
2026-02-10 13:36:13.424 19301-19612 XTC                     com.fishit.player.v2                 D  [SERIES] DTO→Raw #850 | id=xtream:series:3825 | title="Savage Beauty" | sourceType=XTREAM | Fields: ✓[year=2022, plot(529c), cast, poster] ✗[director, backdrop, duration, tmdb]
2026-02-10 13:36:13.847 19301-19612 XtreamSyncService       com.fishit.player.v2                 D  Progress: vod=373, series=840, live=500
2026-02-10 13:36:13.852 19301-21192 XtreamStreamFetcher     com.fishit.player.v2                 D  StreamBatch: 104 items in 1 batches (5821ms) | errors=0
2026-02-10 13:36:13.856 19301-21193 XTC                     com.fishit.player.v2                 D  [VOD] DTO→Raw #400 | id=xtream:vod:387377 | title="Ein Hund namens Weihnachten (2009)" | sourceType=XTREAM | Fields: ✓[year=2009, poster] ✗[plot, cast, director, backdrop, duration, tmdb]
2026-02-10 13:36:14.181 19301-21146 XTC                     com.fishit.player.v2                 D  [SERIES] DTO→Raw #900 | id=xtream:series:4021 | title="Dive Club" | sourceType=XTREAM | Fields: ✓[year=2021, plot(164c), cast, poster] ✗[director, backdrop, duration, tmdb]
2026-02-10 13:36:14.435 19301-19612 XTC                     com.fishit.player.v2                 D  [VOD] DTO→Raw #450 | id=xtream:vod:799208 | title="My Secret Santa | 2025 | 7.8" | sourceType=XTREAM | Fields: ✓[year=2025, poster] ✗[plot, cast, director, backdrop, duration, tmdb]
2026-02-10 13:36:14.717 19301-19608 XtreamStreamFetcher     com.fishit.player.v2                 D  StreamBatch: 117 items in 1 batches (6707ms) | errors=0
2026-02-10 13:36:14.719 19301-21241 LiveChannelPhase        com.fishit.player.v2                 D  [LIVE] Scan complete: 546 channels
2026-02-10 13:36:14.719 19301-21241 XTC                     com.fishit.player.v2                 I  Phase complete: LIVE | items=546 | duration=7781ms | rate=70 items/sec
2026-02-10 13:36:14.733 19301-21148 XTC                     com.fishit.player.v2                 D  [SERIES] DTO→Raw #950 | id=xtream:series:4148 | title="Die längste Nacht" | sourceType=XTREAM | Fields: ✓[year=2022, plot(410c), cast, director, poster, duration=2700000ms] ✗[backdrop, tmdb]
2026-02-10 13:36:15.189 19301-19607 XTC                     com.fishit.player.v2                 D  [VOD] DTO→Raw #500 | id=xtream:vod:757222 | title="Mission: Impossible - Rogue Nation | 201" | sourceType=XTREAM | Fields: ✓[year=2015, poster] ✗[plot, cast, director, backdrop, duration, tmdb]
2026-02-10 13:36:15.207 19301-19484 XTC                     com.fishit.player.v2                 D  [SERIES] DTO→Raw #1000 | id=xtream:series:3964 | title="The Girl in the Woods" | sourceType=XTREAM | Fields: ✓[year=2021, plot(197c), cast, director, poster, duration=1800000ms] ✗[backdrop, tmdb]
2026-02-10 13:36:15.468 19301-21238 XtreamSyncService       com.fishit.player.v2                 D  Progress: vod=500, series=985, live=546
2026-02-10 13:36:15.711 19301-19613 XTC                     com.fishit.player.v2                 D  [VOD] DTO→Raw #550 | id=xtream:vod:798263 | title="Karli & Marie | 2025 | 5.2 |" | sourceType=XTREAM | Fields: ✓[year=2025, poster] ✗[plot, cast, director, backdrop, duration, tmdb]
2026-02-10 13:36:15.715 19301-21240 XtreamSyncService       com.fishit.player.v2                 D  Progress: vod=521, series=1000, live=546
2026-02-10 13:36:15.962 19301-21239 XTC                     com.fishit.player.v2                 D  [SERIES] DTO→Raw #1050 | id=xtream:series:4525 | title="The Watcher" | sourceType=XTREAM | Fields: ✓[year=2022, plot(174c), cast, poster, duration=2880000ms] ✗[director, backdrop, tmdb]
2026-02-10 13:36:15.964 19301-21238 XTC                     com.fishit.player.v2                 D  [VOD] DTO→Raw #600 | id=xtream:vod:752127 | title="Goal II – Der Traum ist real! | 2007 | 6" | sourceType=XTREAM | Fields: ✓[year=2007, poster] ✗[plot, cast, director, backdrop, duration, tmdb]
2026-02-10 13:36:16.464 19301-19608 XTC                     com.fishit.player.v2                 D  [SERIES] DTO→Raw #1100 | id=xtream:series:8347 | title="Airwolf" | sourceType=XTREAM | Fields: ✓[year=1984, plot(543c), cast, poster, duration=2880000ms] ✗[director, backdrop, tmdb]
2026-02-10 13:36:16.466 19301-19609 XTC                     com.fishit.player.v2                 D  [VOD] DTO→Raw #650 | id=xtream:vod:734093 | title="Next Friday | 2000 | 6.4" | sourceType=XTREAM | Fields: ✓[year=2000, poster] ✗[plot, cast, director, backdrop, duration, tmdb]
2026-02-10 13:36:17.235 19301-21239 XTC                     com.fishit.player.v2                 D  [VOD] DTO→Raw #700 | id=xtream:vod:727650 | title="Lethal Weapon 4 - Zwei Profis räumen auf" | sourceType=XTREAM | Fields: ✓[year=1998, poster] ✗[plot, cast, director, backdrop, duration, tmdb]
2026-02-10 13:36:17.236 19301-21148 XTC                     com.fishit.player.v2                 D  [SERIES] DTO→Raw #1150 | id=xtream:series:4886 | title="Far from Home" | sourceType=XTREAM | Fields: ✓[year=2022, plot(166c), cast, poster, duration=3240000ms] ✗[director, backdrop, tmdb]
2026-02-10 13:36:18.169 19301-21241 XTC                     com.fishit.player.v2                 D  [VOD] DTO→Raw #750 | id=xtream:vod:795368 | title="Tron: Ares | 2025 | 6.3 |" | sourceType=XTREAM | Fields: ✓[year=2025, poster] ✗[plot, cast, director, backdrop, duration, tmdb]
2026-02-10 13:36:18.175 19301-19608 XTC                     com.fishit.player.v2                 D  [SERIES] DTO→Raw #1200 | id=xtream:series:4993 | title="Shahmaran" | sourceType=XTREAM | Fields: ✓[year=2023, plot(548c), cast, director, poster] ✗[backdrop, duration, tmdb]
2026-02-10 13:36:18.768 19301-19485 XTC                     com.fishit.player.v2                 D  [VOD] DTO→Raw #800 | id=xtream:vod:673278 | title="Step Up to the Streets | 2008 | 6.6" | sourceType=XTREAM | Fields: ✓[year=2008, poster] ✗[plot, cast, director, backdrop, duration, tmdb]
2026-02-10 13:36:18.779 19301-21159 XTC                     com.fishit.player.v2                 D  [SERIES] DTO→Raw #1250 | id=xtream:series:8754 | title="Wild im Westen" | sourceType=XTREAM | Fields: ✓[year=2016, plot(278c), cast, poster, duration=2700000ms] ✗[director, backdrop, tmdb]
2026-02-10 13:36:19.078 19301-19612 XTC                     com.fishit.player.v2                 D  [VOD] DTO→Raw #850 | id=xtream:vod:793780 | title="The Old Woman with the Knife | 2025 | 6." | sourceType=XTREAM | Fields: ✓[year=2025, poster] ✗[plot, cast, director, backdrop, duration, tmdb]
2026-02-10 13:36:19.775 19301-20186 TrafficStats            com.fishit.player.v2                 D  tagSocket(141) with statsTag=0xffffffff, statsUid=-1
2026-02-10 13:36:19.776 19301-20189 TrafficStats            com.fishit.player.v2                 D  tagSocket(190) with statsTag=0xffffffff, statsUid=-1
2026-02-10 13:36:19.778 19301-20187 TrafficStats            com.fishit.player.v2                 D  tagSocket(191) with statsTag=0xffffffff, statsUid=-1
2026-02-10 13:36:19.853 19301-19607 XTC                     com.fishit.player.v2                 D  [SERIES] DTO→Raw #1300 | id=xtream:series:5485 | title="Perfect Match" | sourceType=XTREAM | Fields: ✓[year=2023, plot(889c), cast, poster, duration=3900000ms] ✗[director, backdrop, tmdb]
2026-02-10 13:36:19.863 19301-21241 XTC                     com.fishit.player.v2                 D  [VOD] DTO→Raw #900 | id=xtream:vod:793235 | title="The Fetus | 2025 | 7.2 |" | sourceType=XTREAM | Fields: ✓[year=2025, poster] ✗[plot, cast, director, backdrop, duration, tmdb]
2026-02-10 13:36:20.678 19301-21240 XTC                     com.fishit.player.v2                 D  [SERIES] DTO→Raw #1350 | id=xtream:series:9032 | title="MaPa" | sourceType=XTREAM | Fields: ✓[year=2020, plot(250c), cast, poster, duration=2100000ms] ✗[director, backdrop, tmdb]
2026-02-10 13:36:20.681 19301-19485 XTC                     com.fishit.player.v2                 D  [VOD] DTO→Raw #950 | id=xtream:vod:672310 | title="A Christmas to Savour | 2021 | 5.5" | sourceType=XTREAM | Fields: ✓[year=2021, poster] ✗[plot, cast, director, backdrop, duration, tmdb]
2026-02-10 13:36:21.041 19301-21192 XtreamStreamFetcher     com.fishit.player.v2                 D  StreamBatch: 314 items in 3 batches (13237ms) | errors=0
2026-02-10 13:36:21.408 19301-21240 XTC                     com.fishit.player.v2                 D  [SERIES] DTO→Raw #1400 | id=xtream:series:9092 | title="Unter Kontrolle" | sourceType=XTREAM | Fields: ✓[year=2023, plot(390c), cast, director, poster] ✗[backdrop, duration, tmdb]
2026-02-10 13:36:21.413 19301-21241 XTC                     com.fishit.player.v2                 D  [VOD] DTO→Raw #1000 | id=xtream:vod:791022 | title="Die Jagd nach der Mumie von Paris | 2025" | sourceType=XTREAM | Fields: ✓[year=2025, poster] ✗[plot, cast, director, backdrop, duration, tmdb]
2026-02-10 13:36:22.064 19301-21148 XtreamSyncService       com.fishit.player.v2                 D  Progress: vod=1000, series=1412, live=546
2026-02-10 13:36:22.065 19301-21193 XTC                     com.fishit.player.v2                 D  [SERIES] DTO→Raw #1450 | id=xtream:series:9139 | title="Frozen Planet II" | sourceType=XTREAM | Fields: ✓[year=2022, plot(191c), cast, poster, duration=3420000ms] ✗[director, backdrop, tmdb]
2026-02-10 13:36:22.297 19301-21239 XTC                     com.fishit.player.v2                 D  [VOD] DTO→Raw #1050 | id=xtream:vod:789844 | title="Die Bonnards – malen und lieben | 2024 |" | sourceType=XTREAM | Fields: ✓[year=2024, poster] ✗[plot, cast, director, backdrop, duration, tmdb]
2026-02-10 13:36:22.309 19301-21192 XTC                     com.fishit.player.v2                 D  [SERIES] DTO→Raw #1500 | id=xtream:series:9303 | title="Total Control" | sourceType=XTREAM | Fields: ✓[year=2019, plot(543c), cast, director, poster, duration=3000000ms] ✗[backdrop, tmdb]
2026-02-10 13:36:22.760 19301-21240 XTC                     com.fishit.player.v2                 D  [VOD] DTO→Raw #1100 | id=xtream:vod:788463 | title="Vorsicht, Freundschaft! | 2025 | 6.6 |" | sourceType=XTREAM | Fields: ✓[year=2025, poster] ✗[plot, cast, director, backdrop, duration, tmdb]
2026-02-10 13:36:22.769 19301-21241 XtreamSyncService       com.fishit.player.v2                 D  Progress: vod=1074, series=1500, live=546
2026-02-10 13:36:22.772 19301-19608 XTC                     com.fishit.player.v2                 D  [SERIES] DTO→Raw #1550 | id=xtream:series:4950 | title="Eine lausige Hexe" | sourceType=XTREAM | Fields: ✓[year=2017, plot(519c), cast, poster, duration=1740000ms] ✗[director, backdrop, tmdb]
2026-02-10 13:36:23.287 19301-19612 XTC                     com.fishit.player.v2                 D  [VOD] DTO→Raw #1150 | id=xtream:vod:787646 | title="Liebe findet uns | 2025 | 6.7 |" | sourceType=XTREAM | Fields: ✓[year=2025, poster] ✗[plot, cast, director, backdrop, duration, tmdb]
2026-02-10 13:36:23.291 19301-19607 XTC                     com.fishit.player.v2                 D  [SERIES] DTO→Raw #1600 | id=xtream:series:5018 | title="Hotel Portofino" | sourceType=XTREAM | Fields: ✓[year=2022, plot(622c), cast, poster, duration=3240000ms] ✗[director, backdrop, tmdb]
2026-02-10 13:36:23.503 19301-21241 XTC                     com.fishit.player.v2                 D  [VOD] DTO→Raw #1200 | id=xtream:vod:785139 | title="Heart Eyes | 2025 | 5.8 |" | sourceType=XTREAM | Fields: ✓[year=2025, poster] ✗[plot, cast, director, backdrop, duration, tmdb]
2026-02-10 13:36:23.732 19301-19609 XTC                     com.fishit.player.v2                 D  [SERIES] DTO→Raw #1650 | id=xtream:series:5111 | title="Noch nicht ganz tot" | sourceType=XTREAM | Fields: ✓[year=2023, plot(382c), cast, poster, duration=1380000ms] ✗[director, backdrop, tmdb]
2026-02-10 13:36:24.213 19301-19611 XTC                     com.fishit.player.v2                 D  [SERIES] DTO→Raw #1700 | id=xtream:series:7786 | title="FUBAR" | sourceType=XTREAM | Fields: ✓[year=2023, plot(143c), cast, director, poster] ✗[backdrop, duration, tmdb]
2026-02-10 13:36:24.219 19301-21193 XTC                     com.fishit.player.v2                 D  [VOD] DTO→Raw #1250 | id=xtream:vod:434465 | title="Die purpurnen Flüsse 2 - Die Engel der A" | sourceType=XTREAM | Fields: ✓[year=2004, poster] ✗[plot, cast, director, backdrop, duration, tmdb]
2026-02-10 13:36:24.692 19301-19608 XTC                     com.fishit.player.v2                 D  [SERIES] DTO→Raw #1750 | id=xtream:series:5266 | title="Panhandle" | sourceType=XTREAM | Fields: ✓[year=2022, plot(618c), cast, poster, duration=3000000ms] ✗[director, backdrop, tmdb]
2026-02-10 13:36:24.708 19301-21239 XTC                     com.fishit.player.v2                 D  [VOD] DTO→Raw #1300 | id=xtream:vod:782375 | title="From the World of John Wick: Ballerina |" | sourceType=XTREAM | Fields: ✓[year=2025, poster] ✗[plot, cast, director, backdrop, duration, tmdb]
2026-02-10 13:36:25.193 19301-19483 XTC                     com.fishit.player.v2                 D  [SERIES] DTO→Raw #1800 | id=xtream:series:11070 | title="The Big Cigar" | sourceType=XTREAM | Fields: ✓[year=2024, plot(216c), cast, director, poster] ✗[backdrop, duration, tmdb]
2026-02-10 13:36:25.197 19301-21148 XTC                     com.fishit.player.v2                 D  [VOD] DTO→Raw #1350 | id=xtream:vod:780851 | title="Echo Valley | 2025 | 6.6 |" | sourceType=XTREAM | Fields: ✓[year=2025, poster] ✗[plot, cast, director, backdrop, duration, tmdb]
2026-02-10 13:36:25.977 19301-21193 XTC                     com.fishit.player.v2                 D  [SERIES] DTO→Raw #1850 | id=xtream:series:11237 | title="Women in Blue" | sourceType=XTREAM | Fields: ✓[year=2024, plot(303c), cast, poster] ✗[director, backdrop, duration, tmdb]
2026-02-10 13:36:25.980 19301-21148 XTC                     com.fishit.player.v2                 D  [VOD] DTO→Raw #1400 | id=xtream:vod:434566 | title="James Bond 007 - Der Morgen stirbt nie (" | sourceType=XTREAM | Fields: ✓[year=1997, poster] ✗[plot, cast, director, backdrop, duration, tmdb]
2026-02-10 13:36:26.825 19301-21239 XTC                     com.fishit.player.v2                 D  [SERIES] DTO→Raw #1900 | id=xtream:series:5678 | title="The Crash" | sourceType=XTREAM | Fields: ✓[year=2013, cast, poster, duration=3360000ms] ✗[plot, director, backdrop, tmdb]
2026-02-10 13:36:27.376 19301-19608 XTC                     com.fishit.player.v2                 D  [VOD] DTO→Raw #1450 | id=xtream:vod:434601 | title="Keinohrhasen (2007)" | sourceType=XTREAM | Fields: ✓[year=2007, poster] ✗[plot, cast, director, backdrop, duration, tmdb]
2026-02-10 13:36:27.381 19301-19610 XTC                     com.fishit.player.v2                 D  [SERIES] DTO→Raw #1950 | id=xtream:series:5719 | title="Beforeigners" | sourceType=XTREAM | Fields: ✓[year=2019, plot(621c), cast, director, poster, duration=3000000ms] ✗[backdrop, tmdb]
2026-02-10 13:36:28.057 19301-21193 XTC                     com.fishit.player.v2                 D  [VOD] DTO→Raw #1500 | id=xtream:vod:434630 | title="New Kids Nitro (2011)" | sourceType=XTREAM | Fields: ✓[year=2011, poster] ✗[plot, cast, director, backdrop, duration, tmdb]
2026-02-10 13:36:28.064 19301-21240 XTC                     com.fishit.player.v2                 D  [SERIES] DTO→Raw #2000 | id=xtream:series:5737 | title="Class" | sourceType=XTREAM | Fields: ✓[year=2016, plot(975c), cast, poster, duration=2700000ms] ✗[director, backdrop, tmdb]
2026-02-10 13:36:28.333 19301-19483 XtreamSyncService       com.fishit.player.v2                 D  Progress: vod=1500, series=1985, live=546
2026-02-10 13:36:28.549 19301-21238 XtreamSyncService       com.fishit.player.v2                 D  Progress: vod=1508, series=2000, live=546
2026-02-10 13:36:28.551 19301-19611 XTC                     com.fishit.player.v2                 D  [VOD] DTO→Raw #1550 | id=xtream:vod:776354 | title="Irenas Geheimnis | 2024 | 7.5 |" | sourceType=XTREAM | Fields: ✓[year=2024, poster] ✗[plot, cast, director, backdrop, duration, tmdb]
2026-02-10 13:36:28.553 19301-19620 XTC                     com.fishit.player.v2                 D  [SERIES] DTO→Raw #2050 | id=xtream:series:5759 | title="Die Erben der Nacht" | sourceType=XTREAM | Fields: ✓[year=2019, plot(770c), poster, duration=1500000ms] ✗[cast, director, backdrop, tmdb]
2026-02-10 13:36:29.014 19301-21241 XTC                     com.fishit.player.v2                 D  [VOD] DTO→Raw #1600 | id=xtream:vod:774433 | title="Der Vierer | 2024 | 6.0 |" | sourceType=XTREAM | Fields: ✓[year=2024, poster] ✗[plot, cast, director, backdrop, duration, tmdb]
2026-02-10 13:36:29.017 19301-19610 XTC                     com.fishit.player.v2                 D  [SERIES] DTO→Raw #2100 | id=xtream:series:5770 | title="Dollface" | sourceType=XTREAM | Fields: ✓[year=2020, poster, duration=3000000ms] ✗[plot, cast, director, backdrop, tmdb]
2026-02-10 13:36:29.461 19301-21148 XTC                     com.fishit.player.v2                 D  [VOD] DTO→Raw #1650 | id=xtream:vod:773220 | title="Nur noch 6 Stunden - Wettlauf mit der Ze" | sourceType=XTREAM | Fields: ✓[year=2024, poster] ✗[plot, cast, director, backdrop, duration, tmdb]
2026-02-10 13:36:29.472 19301-21241 XTC                     com.fishit.player.v2                 D  [SERIES] DTO→Raw #2150 | id=xtream:series:12447 | title="Remnick" | sourceType=XTREAM | Fields: ✓[year=2025, plot(236c), cast, poster] ✗[director, backdrop, duration, tmdb]
2026-02-10 13:36:29.954 19301-19484 XTC                     com.fishit.player.v2                 D  [VOD] DTO→Raw #1700 | id=xtream:vod:771367 | title="Demon City | 2025 | 5.4 |" | sourceType=XTREAM | Fields: ✓[year=2025, poster] ✗[plot, cast, director, backdrop, duration, tmdb]
2026-02-10 13:36:29.960 19301-19608 XTC                     com.fishit.player.v2                 D  [SERIES] DTO→Raw #2200 | id=xtream:series:9569 | title="Yu Yu Hakusho" | sourceType=XTREAM | Fields: ✓[year=2023, plot(167c), cast, poster] ✗[director, backdrop, duration, tmdb]
2026-02-10 13:36:30.186 19301-21193 XtreamStreamFetcher     com.fishit.player.v2                 D  StreamBatch: 727 items in 5 batches (22844ms) | errors=0
2026-02-10 13:36:30.387 19301-19613 XTC                     com.fishit.player.v2                 D  [VOD] DTO→Raw #1750 | id=xtream:vod:434751 | title="Transformers: Ära des Untergangs (2014)" | sourceType=XTREAM | Fields: ✓[year=2014, poster] ✗[plot, cast, director, backdrop, duration, tmdb]
2026-02-10 13:36:30.391 19301-19613 XtreamStreamFetcher     com.fishit.player.v2                 D  StreamBatch: 714 items in 5 batches (22375ms) | errors=0
2026-02-10 13:36:30.610 19301-21241 XTC                     com.fishit.player.v2                 D  [VOD] DTO→Raw #1800 | id=xtream:vod:767821 | title="Ihr seid herzlich eingeladen | 2025 | 6." | sourceType=XTREAM | Fields: ✓[year=2025, poster] ✗[plot, cast, director, backdrop, duration, tmdb]
2026-02-10 13:36:30.610 19301-21147 XTC                     com.fishit.player.v2                 D  [SERIES] DTO→Raw #2250 | id=xtream:series:5827 | title="Medical Investigation" | sourceType=XTREAM | Fields: ✓[poster] ✗[year, plot, cast, director, backdrop, duration, tmdb]
2026-02-10 13:36:30.819 19301-19611 XTC                     com.fishit.player.v2                 D  [VOD] DTO→Raw #1850 | id=xtream:vod:765417 | title="Avicii – Ich heiße Tim | 2024 | 8.4 |" | sourceType=XTREAM | Fields: ✓[year=2024, poster] ✗[plot, cast, director, backdrop, duration, tmdb]
2026-02-10 13:36:31.295 19301-21241 XTC                     com.fishit.player.v2                 D  [VOD] DTO→Raw #1900 | id=xtream:vod:763415 | title="Hostile Forces - Lauf’ um dein Leben | 2" | sourceType=XTREAM | Fields: ✓[year=2023, poster] ✗[plot, cast, director, backdrop, duration, tmdb]
2026-02-10 13:36:31.303 19301-21147 XTC                     com.fishit.player.v2                 D  [SERIES] DTO→Raw #2300 | id=xtream:series:10871 | title="Das Signal" | sourceType=XTREAM | Fields: ✓[year=2024, plot(169c), cast, director, poster] ✗[backdrop, duration, tmdb]
2026-02-10 13:36:31.755 19301-21147 XTC                     com.fishit.player.v2                 D  [SERIES] DTO→Raw #2350 | id=xtream:series:11023 | title="Fiasco" | sourceType=XTREAM | Fields: ✓[year=2024, plot(152c), cast, director, poster] ✗[backdrop, duration, tmdb]
2026-02-10 13:36:31.756 19301-19613 XTC                     com.fishit.player.v2                 D  [VOD] DTO→Raw #1950 | id=xtream:vod:761321 | title="The Piano Lesson | 2024 | 5.9 |" | sourceType=XTREAM | Fields: ✓[year=2024, poster] ✗[plot, cast, director, backdrop, duration, tmdb]
2026-02-10 13:36:32.231 19301-19483 XTC                     com.fishit.player.v2                 D  [VOD] DTO→Raw #2000 | id=xtream:vod:756110 | title="Paris Paradies | 2024 | 6.0 |" | sourceType=XTREAM | Fields: ✓[year=2024, poster] ✗[plot, cast, director, backdrop, duration, tmdb]
2026-02-10 13:36:32.233 19301-21147 XTC                     com.fishit.player.v2                 D  [SERIES] DTO→Raw #2400 | id=xtream:series:11133 | title="The Vince Staples Show" | sourceType=XTREAM | Fields: ✓[year=2024, plot(179c), cast, poster] ✗[director, backdrop, duration, tmdb]
2026-02-10 13:36:32.473 19301-21240 XtreamSyncService       com.fishit.player.v2                 D  Progress: vod=2000, series=2395, live=546
2026-02-10 13:36:32.701 19301-19610 XTC                     com.fishit.player.v2                 D  [VOD] DTO→Raw #2050 | id=xtream:vod:754588 | title="WWE Bad Blood | 2024 | 6.5 |" | sourceType=XTREAM | Fields: ✓[year=2024, poster] ✗[plot, cast, director, backdrop, duration, tmdb]
2026-02-10 13:36:32.904 19301-21240 XTC                     com.fishit.player.v2                 D  [SERIES] DTO→Raw #2450 | id=xtream:series:8196 | title="Then You Run" | sourceType=XTREAM | Fields: ✓[year=2023, plot(922c), cast, poster] ✗[director, backdrop, duration, tmdb]
2026-02-10 13:36:33.129 19301-19613 XTC                     com.fishit.player.v2                 D  [VOD] DTO→Raw #2100 | id=xtream:vod:753439 | title="The Locksmith - Der Spezialist | 2023 | " | sourceType=XTREAM | Fields: ✓[year=2023, poster] ✗[plot, cast, director, backdrop, duration, tmdb]
2026-02-10 13:36:33.132 19301-19483 XTC                     com.fishit.player.v2                 D  [SERIES] DTO→Raw #2500 | id=xtream:series:8308 | title="Helden der Baustelle" | sourceType=XTREAM | Fields: ✓[year=2019, plot(446c), poster, duration=2700000ms] ✗[cast, director, backdrop, tmdb]
2026-02-10 13:36:33.343 19301-21240 XTC                     com.fishit.player.v2                 D  [VOD] DTO→Raw #2150 | id=xtream:vod:750965 | title="Trap: No Way Out | 2024 | 6.4 |" | sourceType=XTREAM | Fields: ✓[year=2024, poster] ✗[plot, cast, director, backdrop, duration, tmdb]
2026-02-10 13:36:33.586 19301-19485 XtreamSyncService       com.fishit.player.v2                 D  Progress: vod=2122, series=2500, live=546
2026-02-10 13:36:33.800 19301-21147 XTC                     com.fishit.player.v2                 D  [SERIES] DTO→Raw #2550 | id=xtream:series:11596 | title="Hundert Jahre Einsamkeit" | sourceType=XTREAM | Fields: ✓[year=2024, plot(170c), cast, poster] ✗[director, backdrop, duration, tmdb]
2026-02-10 13:36:33.801 19301-21159 XTC                     com.fishit.player.v2                 D  [VOD] DTO→Raw #2200 | id=xtream:vod:749015 | title="Longlegs | 2024 | 6.8 |" | sourceType=XTREAM | Fields: ✓[year=2024, poster] ✗[plot, cast, director, backdrop, duration, tmdb]
2026-02-10 13:36:34.236 19301-21147 XTC                     com.fishit.player.v2                 D  [SERIES] DTO→Raw #2600 | id=xtream:series:11726 | title="Cassandra" | sourceType=XTREAM | Fields: ✓[year=2025, plot(162c), cast, poster] ✗[director, backdrop, duration, tmdb]
2026-02-10 13:36:34.238 19301-21241 XTC                     com.fishit.player.v2                 D  [VOD] DTO→Raw #2250 | id=xtream:vod:746684 | title="Back to Black | 2024 | 6.8 |" | sourceType=XTREAM | Fields: ✓[year=2024, poster] ✗[plot, cast, director, backdrop, duration, tmdb]
2026-02-10 13:36:34.728 19301-19610 XTC                     com.fishit.player.v2                 D  [SERIES] DTO→Raw #2650 | id=xtream:series:11839 | title="Million Dollar Secret" | sourceType=XTREAM | Fields: ✓[year=2025, plot(159c), cast, poster] ✗[director, backdrop, duration, tmdb]
2026-02-10 13:36:34.962 19301-21147 XTC                     com.fishit.player.v2                 D  [SERIES] DTO→Raw #2700 | id=xtream:series:9488 | title="Tiny Toons Looniversity" | sourceType=XTREAM | Fields: ✓[year=2023, plot(621c), cast, poster] ✗[director, backdrop, duration, tmdb]
2026-02-10 13:36:34.962 19301-21241 XTC                     com.fishit.player.v2                 D  [VOD] DTO→Raw #2300 | id=xtream:vod:744736 | title="In guten Händen 2 | 2024 | 7.0 |" | sourceType=XTREAM | Fields: ✓[year=2024, poster] ✗[plot, cast, director, backdrop, duration, tmdb]
2026-02-10 13:36:35.433 19301-19613 XTC                     com.fishit.player.v2                 D  [SERIES] DTO→Raw #2750 | id=xtream:series:12155 | title="Die Gringo-Jäger" | sourceType=XTREAM | Fields: ✓[year=2025, plot(121c), cast, poster] ✗[director, backdrop, duration, tmdb]
2026-02-10 13:36:35.434 19301-21241 XTC                     com.fishit.player.v2                 D  [VOD] DTO→Raw #2350 | id=xtream:vod:743331 | title="Leere Netze | 2024 | 5.8 |" | sourceType=XTREAM | Fields: ✓[year=2024, poster] ✗[plot, cast, director, backdrop, duration, tmdb]
2026-02-10 13:36:35.905 19301-19483 XTC                     com.fishit.player.v2                 D  [SERIES] DTO→Raw #2800 | id=xtream:series:12353 | title="Devil May Cry" | sourceType=XTREAM | Fields: ✓[year=2025, plot(144c), poster] ✗[cast, director, backdrop, duration, tmdb]
2026-02-10 13:36:36.163 19301-21239 XTC                     com.fishit.player.v2                 D  [SERIES] DTO→Raw #2850 | id=xtream:series:10395 | title="TESTO" | sourceType=XTREAM | Fields: ✓[year=2024, plot(114c), cast, poster, duration=900000ms] ✗[director, backdrop, tmdb]
2026-02-10 13:36:36.164 19301-19610 XTC                     com.fishit.player.v2                 D  [VOD] DTO→Raw #2400 | id=xtream:vod:741585 | title="The Point Men - Gegen die Zeit | 2023 | " | sourceType=XTREAM | Fields: ✓[year=2023] ✗[plot, cast, director, poster, backdrop, duration, tmdb]
2026-02-10 13:36:36.591 19301-19485 XTC                     com.fishit.player.v2                 D  [VOD] DTO→Raw #2450 | id=xtream:vod:739912 | title="Falling Into Place | 2023 | 6.0 |" | sourceType=XTREAM | Fields: ✓[year=2023, poster] ✗[plot, cast, director, backdrop, duration, tmdb]
2026-02-10 13:36:36.593 19301-21159 XTC                     com.fishit.player.v2                 D  [SERIES] DTO→Raw #2900 | id=xtream:series:12559 | title="Last Samurai Standing" | sourceType=XTREAM | Fields: ✓[year=2025, plot(162c), cast, poster] ✗[director, backdrop, duration, tmdb]
2026-02-10 13:36:37.031 19301-19610 XTC                     com.fishit.player.v2                 D  [VOD] DTO→Raw #2500 | id=xtream:vod:731109 | title="The Queen Mary | 2023 | 5.3 |" | sourceType=XTREAM | Fields: ✓[year=2023, poster] ✗[plot, cast, director, backdrop, duration, tmdb]
2026-02-10 13:36:37.032 19301-19485 XTC                     com.fishit.player.v2                 D  [SERIES] DTO→Raw #2950 | id=xtream:series:12713 | title="Free Bert" | sourceType=XTREAM | Fields: ✓[year=2026, plot(157c), cast, poster] ✗[director, backdrop, duration, tmdb]
2026-02-10 13:36:37.282 19301-21239 XtreamStreamFetcher     com.fishit.player.v2                 W  streamContentInBatches(get_series): streamFromUrl FAILED for alias=series catId=179 | ClassCastException: java.io.InterruptedIOException cannot be cast to java.lang.Void
2026-02-10 13:36:37.284 19301-19620 XtreamSyncService       com.fishit.player.v2                 D  Progress: vod=2500, series=2945, live=546
2026-02-10 13:36:37.521 19301-19610 XTC                     com.fishit.player.v2                 D  [SERIES] DTO→Raw #3000 | id=xtream:series:11205 | title="Possessions" | sourceType=XTREAM | Fields: ✓[year=2020, plot(150c), cast, director, poster, duration=3120000ms] ✗[backdrop, tmdb]
