2026-01-30 09:23:34.194 11850-11860 ishit.player.v2         com.fishit.player.v2                 I  Background young concurrent copying GC freed 1369501(42MB) AllocSpace objects, 0(0B) LOS objects, 15% free, 133MB/157MB, paused 319us,103us total 131.384ms
2026-01-30 09:23:34.514 11850-11850 Choreographer           com.fishit.player.v2                 I  Skipped 46 frames!  The application may be doing too much work on its main thread.
2026-01-30 09:23:34.570 11850-12416 OpenGLRenderer          com.fishit.player.v2                 I  Davey! duration=806ms; Flags=0, FrameTimelineVsyncId=1762499, IntendedVsync=34918244479936, Vsync=34919011674882, InputEventId=0, HandleInputStart=34919016234138, AnimationStart=34919016235484, PerformTraversalsStart=34919029927484, DrawStart=34919030127561, FrameDeadline=34918277796196, FrameInterval=34919015660599, FrameStartTime=16678151, SyncQueued=34919040519638, SyncStart=34919040702792, IssueDrawCommandsStart=34919041009984, SwapBuffers=34919047223830, FrameCompleted=34919051493407, DequeueBufferDuration=33269, QueueBufferDuration=556385, GpuCompleted=34919051493407, SwapBuffersCompleted=34919050875715, DisplayPresentTime=34873115617286, CommandSubmissionCompleted=34919047223830,
2026-01-30 09:23:34.778 11850-11860 ishit.player.v2         com.fishit.player.v2                 I  Background concurrent copying GC freed 2135899(73MB) AllocSpace objects, 0(0B) LOS objects, 15% free, 129MB/153MB, paused 228us,296us total 412.739ms
2026-01-30 09:23:35.117 11850-11860 ishit.player.v2         com.fishit.player.v2                 I  Background young concurrent copying GC freed 1130074(32MB) AllocSpace objects, 0(0B) LOS objects, 10% free, 137MB/153MB, paused 678us,2.392ms total 158.231ms
2026-01-30 09:23:35.303 11850-11850 Choreographer           com.fishit.player.v2                 I  Skipped 45 frames!  The application may be doing too much work on its main thread.
2026-01-30 09:23:35.351 11850-12416 OpenGLRenderer          com.fishit.player.v2                 I  Davey! duration=794ms; Flags=0, FrameTimelineVsyncId=1762527, IntendedVsync=34919045067743, Vsync=34919795593178, InputEventId=0, HandleInputStart=34919808313368, AnimationStart=34919808315945, PerformTraversalsStart=34919823586560, DrawStart=34919823809599, FrameDeadline=34919078376001, FrameInterval=34919804839984, FrameStartTime=16678343, SyncQueued=34919833033599, SyncStart=34919833155945, IssueDrawCommandsStart=34919833285791, SwapBuffers=34919835094137, FrameCompleted=34919839296983, DequeueBufferDuration=17538, QueueBufferDuration=2634615, GpuCompleted=34919838165830, SwapBuffersCompleted=34919839296983, DisplayPresentTime=34873132319863, CommandSubmissionCompleted=34919835094137,
2026-01-30 09:23:35.658 11850-11860 ishit.player.v2         com.fishit.player.v2                 I  Background concurrent copying GC freed 1812788(64MB) AllocSpace objects, 0(0B) LOS objects, 15% free, 135MB/159MB, paused 145us,251us total 416.584ms
2026-01-30 09:23:36.041 11850-11860 ishit.player.v2         com.fishit.player.v2                 I  Background young concurrent copying GC freed 1218934(34MB) AllocSpace objects, 0(0B) LOS objects, 10% free, 142MB/159MB, paused 276us,160us total 193.881ms
2026-01-30 09:23:36.136 11850-11850 Choreographer           com.fishit.player.v2                 I  Skipped 48 frames!  The application may be doing too much work on its main thread.
2026-01-30 09:23:36.184 11850-11883 OpenGLRenderer          com.fishit.player.v2                 I  Davey! duration=846ms; Flags=0, FrameTimelineVsyncId=1762548, IntendedVsync=34919828969738, Vsync=34920629534810, InputEventId=0, HandleInputStart=34920637992752, AnimationStart=34920637994098, PerformTraversalsStart=34920653369598, DrawStart=34920653452637, FrameDeadline=34919862294873, FrameInterval=34920637521098, FrameStartTime=16678439, SyncQueued=34920662706137, SyncStart=34920662916944, IssueDrawCommandsStart=34920663208175, SwapBuffers=34920673179906, FrameCompleted=34920675703214, DequeueBufferDuration=34038, QueueBufferDuration=486846, GpuCompleted=34920675703214, SwapBuffersCompleted=34920674907983, DisplayPresentTime=34873149031478, CommandSubmissionCompleted=34920673179906,
2026-01-30 09:23:36.551 11850-13380 CatalogSyncService      com.fishit.player.v2                 D  Xtream batch complete (HOT PATH/NX): ingested=400 total_ms=9507
2026-01-30 09:23:36.552 11850-13380 XtreamCatalogScanWorker com.fishit.player.v2                 D  PROGRESS discovered=9700 persisted=9700 phase=null
2026-01-30 09:23:36.553 11850-13380 SyncPerfMetrics         com.fishit.player.v2                 D  Phase MOVIES started
2026-01-30 09:23:36.553 11850-13380 XtreamCatalogScanWorker com.fishit.player.v2                 D  PROGRESS discovered=9700 persisted=9700 phase=VOD
2026-01-30 09:23:36.571 11850-13380 XtreamCatalogScanWorker com.fishit.player.v2                 D  PROGRESS discovered=9800 persisted=9700 phase=null
2026-01-30 09:23:36.577 11850-11976 XTC                     com.fishit.player.v2                 D  [VOD] DTO→Raw #5300 | id=xtream:vod:389282 | title="Through my Window - Ich sehe nur dich (2" | sourceType=XTREAM | Fields: ✓[year=2022, poster] ✗[plot, cast, director, backdrop, duration, tmdb]
2026-01-30 09:23:36.579 11850-13380 SyncPerfMetrics         com.fishit.player.v2                 D  Phase MOVIES started
2026-01-30 09:23:36.579 11850-13380 XtreamCatalogScanWorker com.fishit.player.v2                 D  PROGRESS discovered=9816 persisted=9700 phase=VOD
2026-01-30 09:23:36.594 11850-11977 XTC                     com.fishit.player.v2                 D  [LIVE] DTO→Raw #4550 | id=xtream:live:71808 | title="DE: Deluxe Music HEVC" | sourceType=XTREAM | Fields: ✓[poster] ✗[year, plot, cast, director, backdrop, duration, tmdb]
2026-01-30 09:23:36.610 11850-11976 XTC                     com.fishit.player.v2                 D  [VOD] DTO→Raw #5350 | id=xtream:vod:389336 | title="X (2022)" | sourceType=XTREAM | Fields: ✓[year=2022, poster] ✗[plot, cast, director, backdrop, duration, tmdb]
2026-01-30 09:23:36.615 11850-13380 XtreamCatalogScanWorker com.fishit.player.v2                 D  PROGRESS discovered=9900 persisted=9700 phase=null
2026-01-30 09:23:36.620 11850-11976 XTC                     com.fishit.player.v2                 D  [VOD] DTO→Raw #5400 | id=xtream:vod:798247 | title="Shrek 2 - Der tollkühne Held kehrt zurüc" | sourceType=XTREAM | Fields: ✓[year=2004, poster] ✗[plot, cast, director, backdrop, duration, tmdb]
2026-01-30 09:23:36.626 11850-13380 SyncPerfMetrics         com.fishit.player.v2                 D  Phase MOVIES started
2026-01-30 09:23:36.626 11850-13380 XtreamCatalogScanWorker com.fishit.player.v2                 D  PROGRESS discovered=9979 persisted=9700 phase=VOD
2026-01-30 09:23:36.627 11850-13380 XtreamCatalogScanWorker com.fishit.player.v2                 D  PROGRESS discovered=10000 persisted=9700 phase=null
2026-01-30 09:23:36.630 11850-11976 XTC                     com.fishit.player.v2                 D  [VOD] DTO→Raw #5450 | id=xtream:vod:760054 | title="Halloween II - Das Grauen kehrt zurück |" | sourceType=XTREAM | Fields: ✓[year=1981, poster] ✗[plot, cast, director, backdrop, duration, tmdb]
2026-01-30 09:23:36.635 11850-12012 SyncBatchManager        com.fishit.player.v2                 D  Time-based flush for LIVE: 90 items after 3912ms
2026-01-30 09:23:36.636 11850-12012 SyncBatchManager        com.fishit.player.v2                 D  Flushing LIVE batch: 90 items (timeBased=true)
2026-01-30 09:23:36.637 11850-11977 XTC                     com.fishit.player.v2                 D  [LIVE] DTO→Raw #4600 | id=xtream:live:49200 | title="DE: Pro 7 Maxx FHD" | sourceType=XTREAM | Fields: ✓[poster] ✗[year, plot, cast, director, backdrop, duration, tmdb]
2026-01-30 09:23:36.637 11850-12012 CatalogSyncService      com.fishit.player.v2                 D  Persisting Xtream live batch (NX-ONLY): 90 items
2026-01-30 09:23:36.637 11850-11976 XTC                     com.fishit.player.v2                 D  [VOD] DTO→Raw #5500 | id=xtream:vod:757835 | title="Jurassic World - Ein neues Zeitalter | 2" | sourceType=XTREAM | Fields: ✓[year=2022, poster] ✗[plot, cast, director, backdrop, duration, tmdb]
2026-01-30 09:23:36.645 11850-13380 SyncPerfMetrics         com.fishit.player.v2                 D  Phase LIVE started
2026-01-30 09:23:36.650 11850-13380 XtreamCatalogScanWorker com.fishit.player.v2                 D  PROGRESS discovered=10099 persisted=9700 phase=LIVE
2026-01-30 09:23:36.659 11850-11860 ishit.player.v2         com.fishit.player.v2                 I  Background concurrent copying GC freed 1920721(66MB) AllocSpace objects, 0(0B) LOS objects, 14% free, 147MB/171MB, paused 292us,202us total 469.010ms
2026-01-30 09:23:36.663 11850-13380 XtreamCatalogScanWorker com.fishit.player.v2                 D  PROGRESS discovered=10100 persisted=9700 phase=null
2026-01-30 09:23:36.663 11850-13380 SyncPerfMetrics         com.fishit.player.v2                 D  Phase MOVIES started
2026-01-30 09:23:36.664 11850-13380 XtreamCatalogScanWorker com.fishit.player.v2                 D  PROGRESS discovered=10101 persisted=9700 phase=VOD
2026-01-30 09:23:36.664 11850-11977 XTC                     com.fishit.player.v2                 D  [LIVE] DTO→Raw #4650 | id=xtream:live:361561 | title="DE: NDR Hamburg" | sourceType=XTREAM | Fields: ✓[poster] ✗[year, plot, cast, director, backdrop, duration, tmdb]
2026-01-30 09:23:36.688 11850-13381 XtreamCatalogScanWorker com.fishit.player.v2                 D  PROGRESS discovered=10200 persisted=9700 phase=null
2026-01-30 09:23:36.688 11850-11976 XTC                     com.fishit.player.v2                 D  [VOD] DTO→Raw #5550 | id=xtream:vod:757219 | title="Mission: Impossible III | 2006 | 6.7" | sourceType=XTREAM | Fields: ✓[year=2006, poster] ✗[plot, cast, director, backdrop, duration, tmdb]
2026-01-30 09:23:36.705 11850-13381 XTC                     com.fishit.player.v2                 D  [LIVE] DTO→Raw #4700 | id=xtream:live:197779 | title="DE: QVC STYLE TV" | sourceType=XTREAM | Fields: ✓[poster] ✗[year, plot, cast, director, backdrop, duration, tmdb]
2026-01-30 09:23:36.706 11850-11977 SyncPerfMetrics         com.fishit.player.v2                 D  Phase LIVE started
2026-01-30 09:23:36.706 11850-11977 XtreamCatalogScanWorker com.fishit.player.v2                 D  PROGRESS discovered=10293 persisted=9700 phase=LIVE
2026-01-30 09:23:36.707 11850-11976 XTC                     com.fishit.player.v2                 D  [VOD] DTO→Raw #5600 | id=xtream:vod:752127 | title="Goal II – Der Traum ist real! | 2007 | 6" | sourceType=XTREAM | Fields: ✓[year=2007, poster] ✗[plot, cast, director, backdrop, duration, tmdb]
2026-01-30 09:23:36.708 11850-11977 XtreamCatalogScanWorker com.fishit.player.v2                 D  PROGRESS discovered=10300 persisted=9700 phase=null
2026-01-30 09:23:36.709 11850-11977 SyncBatchManager        com.fishit.player.v2                 D  Flushing MOVIES batch: 400 items (timeBased=false)
2026-01-30 09:23:36.710 11850-11976 XTC                     com.fishit.player.v2                 D  [VOD] DTO→Raw #5650 | id=xtream:vod:727616 | title="Young Ip Man: Crisis Time | 2023 | 6.1" | sourceType=XTREAM | Fields: ✓[year=2023, poster] ✗[plot, cast, director, backdrop, duration, tmdb]
2026-01-30 09:23:36.710 11850-11977 CatalogSyncService      com.fishit.player.v2                 D  Persisting Xtream catalog batch (NX-ONLY): 400 items (canonical_linking=false)
2026-01-30 09:23:36.953 11850-11850 Choreographer           com.fishit.player.v2                 I  Skipped 47 frames!  The application may be doing too much work on its main thread.
2026-01-30 09:23:36.982 11850-11883 OpenGLRenderer          com.fishit.player.v2                 I  Davey! duration=816ms; Flags=0, FrameTimelineVsyncId=1762582, IntendedVsync=34920662929699, Vsync=34921446825262, InputEventId=0, HandleInputStart=34921454765136, AnimationStart=34921454767175, PerformTraversalsStart=34921464509828, DrawStart=34921464609713, FrameDeadline=34920696236793, FrameInterval=34921454346444, FrameStartTime=16678629, SyncQueued=34921470778213, SyncStart=34921470968290, IssueDrawCommandsStart=34921471282598, SwapBuffers=34921475856175, FrameCompleted=34921479266905, DequeueBufferDuration=36577, QueueBufferDuration=579500, GpuCompleted=34921479266905, SwapBuffersCompleted=34921478667252, DisplayPresentTime=34873165680286, CommandSubmissionCompleted=34921475856175,
2026-01-30 09:23:37.263 11850-11860 ishit.player.v2         com.fishit.player.v2                 I  Background young concurrent copying GC freed 1363810(39MB) AllocSpace objects, 0(0B) LOS objects, 1% free, 168MB/171MB, paused 303us,150us total 434.882ms
2026-01-30 09:23:37.759 11850-12013 XtreamApiClient         com.fishit.player.v2                 W  streamContentInBatches(get_series): streamFromUrl FAILED for alias=series params=null | SocketException: Socket closed
2026-01-30 09:23:37.760 11850-12013 XtreamApiClient         com.fishit.player.v2                 D  streamContentInBatches(get_series): 0 items without category_id (fallback)
2026-01-30 09:23:37.761 11850-12013 XtreamCatalogPipeline   com.fishit.player.v2                 D  [SERIES] Scan complete: 0 items
2026-01-30 09:23:37.762 11850-12013 XTC                     com.fishit.player.v2                 I  Phase complete: SERIES | items=0 | duration=90686ms | rate=0 items/sec
2026-01-30 09:23:38.026 11850-11850 Choreographer           com.fishit.player.v2                 I  Skipped 33 frames!  The application may be doing too much work on its main thread.
2026-01-30 09:23:38.488 11850-13682 ishit.player.v2         com.fishit.player.v2                 I  Waiting for a blocking GC Alloc
2026-01-30 09:23:38.488 11850-12508 ishit.player.v2         com.fishit.player.v2                 I  Waiting for a blocking GC Alloc
2026-01-30 09:23:38.488 11850-11850 ishit.player.v2         com.fishit.player.v2                 I  Waiting for a blocking GC Alloc
2026-01-30 09:23:38.488 11850-11977 ishit.player.v2         com.fishit.player.v2                 I  Waiting for a blocking GC Alloc
2026-01-30 09:23:38.489 11850-13683 ishit.player.v2         com.fishit.player.v2                 I  Waiting for a blocking GC Alloc
2026-01-30 09:23:38.489 11850-12507 ishit.player.v2         com.fishit.player.v2                 I  Waiting for a blocking GC Alloc
2026-01-30 09:23:38.491 11850-13684 ishit.player.v2         com.fishit.player.v2                 I  Waiting for a blocking GC Alloc
2026-01-30 09:23:38.493 11850-13381 ishit.player.v2         com.fishit.player.v2                 I  Waiting for a blocking GC Alloc
2026-01-30 09:23:38.497 11850-11989 ishit.player.v2         com.fishit.player.v2                 I  Waiting for a blocking GC Alloc
2026-01-30 09:23:38.530 11850-11860 ishit.player.v2         com.fishit.player.v2                 I  Background concurrent copying GC freed 2578361(94MB) AllocSpace objects, 0(0B) LOS objects, 12% free, 161MB/185MB, paused 265us,102us total 1.246s
2026-01-30 09:23:38.530 11850-13682 ishit.player.v2         com.fishit.player.v2                 I  WaitForGcToComplete blocked Alloc on Background for 42.688ms
2026-01-30 09:23:38.530 11850-13682 ishit.player.v2         com.fishit.player.v2                 I  Starting a blocking GC Alloc
2026-01-30 09:23:38.531 11850-12508 ishit.player.v2         com.fishit.player.v2                 I  WaitForGcToComplete blocked Alloc on Background for 42.997ms
2026-01-30 09:23:38.531 11850-12508 ishit.player.v2         com.fishit.player.v2                 I  Starting a blocking GC Alloc
2026-01-30 09:23:38.534 11850-11850 ishit.player.v2         com.fishit.player.v2                 I  WaitForGcToComplete blocked Alloc on Background for 46.210ms
2026-01-30 09:23:38.534 11850-11850 ishit.player.v2         com.fishit.player.v2                 I  Starting a blocking GC Alloc
2026-01-30 09:23:38.534 11850-11977 ishit.player.v2         com.fishit.player.v2                 I  WaitForGcToComplete blocked Alloc on Background for 45.935ms
2026-01-30 09:23:38.534 11850-11977 ishit.player.v2         com.fishit.player.v2                 I  Starting a blocking GC Alloc
2026-01-30 09:23:38.535 11850-13683 ishit.player.v2         com.fishit.player.v2                 I  WaitForGcToComplete blocked Alloc on Background for 45.608ms
2026-01-30 09:23:38.535 11850-13683 ishit.player.v2         com.fishit.player.v2                 I  Starting a blocking GC Alloc
2026-01-30 09:23:38.535 11850-12507 ishit.player.v2         com.fishit.player.v2                 I  WaitForGcToComplete blocked Alloc on Background for 45.804ms
2026-01-30 09:23:38.535 11850-12507 ishit.player.v2         com.fishit.player.v2                 I  Starting a blocking GC Alloc
2026-01-30 09:23:38.535 11850-13684 ishit.player.v2         com.fishit.player.v2                 I  WaitForGcToComplete blocked Alloc on Background for 44.599ms
2026-01-30 09:23:38.535 11850-13684 ishit.player.v2         com.fishit.player.v2                 I  Starting a blocking GC Alloc
2026-01-30 09:23:38.535 11850-13381 ishit.player.v2         com.fishit.player.v2                 I  WaitForGcToComplete blocked Alloc on Background for 42.510ms
2026-01-30 09:23:38.535 11850-13381 ishit.player.v2         com.fishit.player.v2                 I  Starting a blocking GC Alloc
2026-01-30 09:23:38.535 11850-11989 ishit.player.v2         com.fishit.player.v2                 I  WaitForGcToComplete blocked Alloc on Background for 37.896ms
2026-01-30 09:23:38.535 11850-11989 ishit.player.v2         com.fishit.player.v2                 I  Starting a blocking GC Alloc
2026-01-30 09:23:38.581 11850-11850 Choreographer           com.fishit.player.v2                 I  Skipped 31 frames!  The application may be doing too much work on its main thread.
2026-01-30 09:23:38.795 11850-12480 CatalogSyncService      com.fishit.player.v2                 D  Xtream live batch complete (NX): ingested=90 total_ms=2157
2026-01-30 09:23:38.796 11850-12480 CatalogSyncService      com.fishit.player.v2                 D  Time-based flush LIVE: 90 items in 2159ms
2026-01-30 09:23:38.998 11850-11988 SyncBatchManager        com.fishit.player.v2                 D  Time-based flush for LIVE: 113 items after 2362ms
2026-01-30 09:23:38.999 11850-11988 SyncBatchManager        com.fishit.player.v2                 D  Flushing LIVE batch: 113 items (timeBased=true)
2026-01-30 09:23:39.000 11850-11988 CatalogSyncService      com.fishit.player.v2                 D  Persisting Xtream live batch (NX-ONLY): 113 items
2026-01-30 09:23:39.131 11850-11850 Choreographer           com.fishit.player.v2                 I  Skipped 30 frames!  The application may be doing too much work on its main thread.
2026-01-30 09:23:39.423 11850-11860 ishit.player.v2         com.fishit.player.v2                 I  Background young concurrent copying GC freed 974883(34MB) AllocSpace objects, 0(0B) LOS objects, 3% free, 178MB/185MB, paused 430us,155us total 493.061ms
2026-01-30 09:23:39.748 11850-11850 Choreographer           com.fishit.player.v2                 I  Skipped 33 frames!  The application may be doing too much work on its main thread.
2026-01-30 09:23:40.382 11850-11850 Choreographer           com.fishit.player.v2                 I  Skipped 35 frames!  The application may be doing too much work on its main thread.
2026-01-30 09:23:40.579 11850-11860 ishit.player.v2         com.fishit.player.v2                 I  Background concurrent copying GC freed 1812130(81MB) AllocSpace objects, 0(0B) LOS objects, 12% free, 162MB/186MB, paused 144us,1.415ms total 1.043s
2026-01-30 09:23:41.522 11850-11860 ishit.player.v2         com.fishit.player.v2                 I  Background young concurrent copying GC freed 1039411(37MB) AllocSpace objects, 0(0B) LOS objects, 5% free, 175MB/186MB, paused 145us,316us total 514.796ms
2026-01-30 09:23:41.591 11850-11850 Choreographer           com.fishit.player.v2                 I  Skipped 42 frames!  The application may be doing too much work on its main thread.
2026-01-30 09:23:41.623 11850-11883 OpenGLRenderer          com.fishit.player.v2                 I  Davey! duration=732ms; Flags=0, FrameTimelineVsyncId=1762790, IntendedVsync=34925383075790, Vsync=34926083607356, InputEventId=0, HandleInputStart=34926092843979, AnimationStart=34926092845902, PerformTraversalsStart=34926102225864, DrawStart=34926102317017, FrameDeadline=34925416446368, FrameInterval=34926092312787, FrameStartTime=16679323, SyncQueued=34926108507133, SyncStart=34926108690517, IssueDrawCommandsStart=34926108976364, SwapBuffers=34926112784248, FrameCompleted=34926115892594, DequeueBufferDuration=34231, QueueBufferDuration=279154, GpuCompleted=34926115892594, SwapBuffersCompleted=34926114568787, DisplayPresentTime=34873299161209, CommandSubmissionCompleted=34926112784248,
2026-01-30 09:23:41.938 11850-11977 CatalogSyncService      com.fishit.player.v2                 D  Xtream live batch complete (NX): ingested=113 total_ms=2938
2026-01-30 09:23:41.940 11850-11977 CatalogSyncService      com.fishit.player.v2                 D  Time-based flush LIVE: 113 items in 2940ms
2026-01-30 09:23:42.131 11850-11850 Choreographer           com.fishit.player.v2                 I  Skipped 30 frames!  The application may be doing too much work on its main thread.
2026-01-30 09:23:42.840 11850-12508 ishit.player.v2         com.fishit.player.v2                 I  Waiting for a blocking GC Alloc
2026-01-30 09:23:42.840 11850-12507 ishit.player.v2         com.fishit.player.v2                 I  Waiting for a blocking GC Alloc
2026-01-30 09:23:42.842 11850-11977 ishit.player.v2         com.fishit.player.v2                 I  Waiting for a blocking GC Alloc
2026-01-30 09:23:42.842 11850-13683 ishit.player.v2         com.fishit.player.v2                 I  Waiting for a blocking GC Alloc
2026-01-30 09:23:42.844 11850-11850 ishit.player.v2         com.fishit.player.v2                 I  Waiting for a blocking GC Alloc
2026-01-30 09:23:42.844 11850-13682 ishit.player.v2         com.fishit.player.v2                 I  Waiting for a blocking GC Alloc
2026-01-30 09:23:42.846 11850-12481 ishit.player.v2         com.fishit.player.v2                 I  Waiting for a blocking GC Alloc
2026-01-30 09:23:42.899 11850-11860 ishit.player.v2         com.fishit.player.v2                 I  Background concurrent copying GC freed 2278374(95MB) AllocSpace objects, 0(0B) LOS objects, 13% free, 160MB/184MB, paused 293us,47us total 1.195s
2026-01-30 09:23:42.899 11850-12508 ishit.player.v2         com.fishit.player.v2                 I  WaitForGcToComplete blocked Alloc on Background for 58.716ms
2026-01-30 09:23:42.899 11850-12508 ishit.player.v2         com.fishit.player.v2                 I  Starting a blocking GC Alloc
2026-01-30 09:23:42.899 11850-12507 ishit.player.v2         com.fishit.player.v2                 I  WaitForGcToComplete blocked Alloc on Background for 58.739ms
2026-01-30 09:23:42.899 11850-12507 ishit.player.v2         com.fishit.player.v2                 I  Starting a blocking GC Alloc
2026-01-30 09:23:42.899 11850-11977 ishit.player.v2         com.fishit.player.v2                 I  WaitForGcToComplete blocked Alloc on Background for 57.831ms
2026-01-30 09:23:42.899 11850-11977 ishit.player.v2         com.fishit.player.v2                 I  Starting a blocking GC Alloc
2026-01-30 09:23:42.906 11850-13683 ishit.player.v2         com.fishit.player.v2                 I  WaitForGcToComplete blocked Alloc on Background for 64.534ms
2026-01-30 09:23:42.906 11850-13683 ishit.player.v2         com.fishit.player.v2                 I  Starting a blocking GC Alloc
2026-01-30 09:23:42.906 11850-11850 ishit.player.v2         com.fishit.player.v2                 I  WaitForGcToComplete blocked Alloc on Background for 62.875ms
2026-01-30 09:23:42.906 11850-11850 ishit.player.v2         com.fishit.player.v2                 I  Starting a blocking GC Alloc
2026-01-30 09:23:42.907 11850-13682 ishit.player.v2         com.fishit.player.v2                 I  WaitForGcToComplete blocked Alloc on Background for 62.679ms
2026-01-30 09:23:42.907 11850-13682 ishit.player.v2         com.fishit.player.v2                 I  Starting a blocking GC Alloc
2026-01-30 09:23:42.907 11850-12481 ishit.player.v2         com.fishit.player.v2                 I  WaitForGcToComplete blocked Alloc on Background for 61.560ms
2026-01-30 09:23:42.907 11850-12481 ishit.player.v2         com.fishit.player.v2                 I  Starting a blocking GC Alloc
2026-01-30 09:23:43.394 11850-11850 Choreographer           com.fishit.player.v2                 I  Skipped 44 frames!  The application may be doing too much work on its main thread.
2026-01-30 09:23:43.443 11850-11883 OpenGLRenderer          com.fishit.player.v2                 I  Davey! duration=769ms; Flags=0, FrameTimelineVsyncId=1762886, IntendedVsync=34927151049586, Vsync=34927884931306, InputEventId=0, HandleInputStart=34927896429709, AnimationStart=34927896431862, PerformTraversalsStart=34927906199285, DrawStart=34927906295478, FrameDeadline=34927201023454, FrameInterval=34927896042747, FrameStartTime=16679130, SyncQueued=34927912493824, SyncStart=34927912674439, IssueDrawCommandsStart=34927912969978, SwapBuffers=34927916737439, FrameCompleted=34927921155708, DequeueBufferDuration=33962, QueueBufferDuration=1826000, GpuCompleted=34927921155708, SwapBuffersCompleted=34927920797632, DisplayPresentTime=34874533342785, CommandSubmissionCompleted=34927916737439,
2026-01-30 09:23:43.643 11850-11860 ishit.player.v2         com.fishit.player.v2                 I  Background young concurrent copying GC freed 930541(33MB) AllocSpace objects, 0(0B) LOS objects, 5% free, 174MB/184MB, paused 654us,189us total 387.290ms
2026-01-30 09:23:44.787 11850-12508 ishit.player.v2         com.fishit.player.v2                 I  Waiting for a blocking GC Alloc
2026-01-30 09:23:44.788 11850-11850 ishit.player.v2         com.fishit.player.v2                 I  Waiting for a blocking GC Alloc
2026-01-30 09:23:44.788 11850-12507 ishit.player.v2         com.fishit.player.v2                 I  Waiting for a blocking GC Alloc
2026-01-30 09:23:44.789 11850-11977 ishit.player.v2         com.fishit.player.v2                 I  Waiting for a blocking GC Alloc
2026-01-30 09:23:44.789 11850-13382 ishit.player.v2         com.fishit.player.v2                 I  Waiting for a blocking GC Alloc
2026-01-30 09:23:44.790 11850-13683 ishit.player.v2         com.fishit.player.v2                 I  Waiting for a blocking GC Alloc
2026-01-30 09:23:44.793 11850-13682 ishit.player.v2         com.fishit.player.v2                 I  Waiting for a blocking GC Alloc
2026-01-30 09:23:44.793 11850-13685 ishit.player.v2         com.fishit.player.v2                 I  Waiting for a blocking GC Alloc
2026-01-30 09:23:44.891 11850-11860 ishit.player.v2         com.fishit.player.v2                 I  Background concurrent copying GC freed 2422947(100MB) AllocSpace objects, 0(0B) LOS objects, 13% free, 155MB/179MB, paused 225us,47us total 1.127s
2026-01-30 09:23:44.891 11850-12508 ishit.player.v2         com.fishit.player.v2                 I  WaitForGcToComplete blocked Alloc on Background for 103.762ms
2026-01-30 09:23:44.891 11850-12508 ishit.player.v2         com.fishit.player.v2                 I  Starting a blocking GC Alloc
2026-01-30 09:23:44.891 11850-11850 ishit.player.v2         com.fishit.player.v2                 I  WaitForGcToComplete blocked Alloc on Background for 103.781ms
2026-01-30 09:23:44.891 11850-11850 ishit.player.v2         com.fishit.player.v2                 I  Starting a blocking GC Alloc
2026-01-30 09:23:44.891 11850-12507 ishit.player.v2         com.fishit.player.v2                 I  WaitForGcToComplete blocked Alloc on HeapTrim for 103.271ms
2026-01-30 09:23:44.892 11850-12507 ishit.player.v2         com.fishit.player.v2                 I  Starting a blocking GC Alloc
2026-01-30 09:23:44.892 11850-13683 ishit.player.v2         com.fishit.player.v2                 I  WaitForGcToComplete blocked Alloc on HeapTrim for 102.036ms
2026-01-30 09:23:44.892 11850-13683 ishit.player.v2         com.fishit.player.v2                 I  Starting a blocking GC Alloc
2026-01-30 09:23:44.895 11850-13682 ishit.player.v2         com.fishit.player.v2                 I  WaitForGcToComplete blocked Alloc on HeapTrim for 102.317ms
2026-01-30 09:23:44.895 11850-13682 ishit.player.v2         com.fishit.player.v2                 I  Starting a blocking GC Alloc
2026-01-30 09:23:44.895 11850-13685 ishit.player.v2         com.fishit.player.v2                 I  WaitForGcToComplete blocked Alloc on HeapTrim for 102.259ms
2026-01-30 09:23:44.895 11850-13685 ishit.player.v2         com.fishit.player.v2                 I  Starting a blocking GC Alloc
2026-01-30 09:23:44.896 11850-11977 ishit.player.v2         com.fishit.player.v2                 I  WaitForGcToComplete blocked Alloc on HeapTrim for 107.175ms
2026-01-30 09:23:44.896 11850-11977 ishit.player.v2         com.fishit.player.v2                 I  Starting a blocking GC Alloc
2026-01-30 09:23:44.896 11850-13382 ishit.player.v2         com.fishit.player.v2                 I  WaitForGcToComplete blocked Alloc on HeapTrim for 107.702ms
2026-01-30 09:23:44.896 11850-13382 ishit.player.v2         com.fishit.player.v2                 I  Starting a blocking GC Alloc
2026-01-30 09:23:45.023 11850-11850 Choreographer           com.fishit.player.v2                 I  Skipped 41 frames!  The application may be doing too much work on its main thread.
2026-01-30 09:23:45.075 11850-11883 OpenGLRenderer          com.fishit.player.v2                 I  Davey! duration=722ms; Flags=0, FrameTimelineVsyncId=1762962, IntendedVsync=34928835679483, Vsync=34929519532874, InputEventId=0, HandleInputStart=34929525605592, AnimationStart=34929525610592, PerformTraversalsStart=34929544284707, DrawStart=34929544377477, FrameDeadline=34928869026801, FrameInterval=34929524233092, FrameStartTime=16679351, SyncQueued=34929550285015, SyncStart=34929550688169, IssueDrawCommandsStart=34929550972477, SwapBuffers=34929555648477, FrameCompleted=34929558847400, DequeueBufferDuration=34154, QueueBufferDuration=822000, GpuCompleted=34929558847400, SwapBuffersCompleted=34929558147784, DisplayPresentTime=34875267114515, CommandSubmissionCompleted=34929555648477,
2026-01-30 09:23:45.598 11850-11850 Choreographer           com.fishit.player.v2                 I  Skipped 32 frames!  The application may be doing too much work on its main thread.
2026-01-30 09:23:45.651 11850-11860 ishit.player.v2         com.fishit.player.v2                 I  Background young concurrent copying GC freed 724692(24MB) AllocSpace objects, 0(0B) LOS objects, 0% free, 181MB/181MB, paused 288us,246us total 382.262ms
2026-01-30 09:23:45.701 11850-13376 CatalogSyncService      com.fishit.player.v2                 D  Xtream batch complete (HOT PATH/NX): ingested=400 total_ms=8990
2026-01-30 09:23:45.701 11850-13376 SyncPerfMetrics         com.fishit.player.v2                 D  Phase MOVIES started
2026-01-30 09:23:45.702 11850-13376 XtreamCatalogScanWorker com.fishit.player.v2                 D  PROGRESS discovered=10303 persisted=10303 phase=VOD
2026-01-30 09:23:45.718 11850-12481 XtreamCatalogScanWorker com.fishit.player.v2                 D  PROGRESS discovered=10400 persisted=10303 phase=null
2026-01-30 09:23:45.728 11850-13376 XTC                     com.fishit.player.v2                 D  [VOD] DTO→Raw #5700 | id=xtream:vod:391869 | title="Batman v Superman: Dawn of Justice (2016" | sourceType=XTREAM | Fields: ✓[year=2016, poster] ✗[plot, cast, director, backdrop, duration, tmdb]
2026-01-30 09:23:45.728 11850-12012 SyncPerfMetrics         com.fishit.player.v2                 D  Phase MOVIES started
2026-01-30 09:23:45.729 11850-12012 XtreamCatalogScanWorker com.fishit.player.v2                 D  PROGRESS discovered=10445 persisted=10303 phase=VOD
2026-01-30 09:23:45.732 11850-11988 XTC                     com.fishit.player.v2                 D  [LIVE] DTO→Raw #4750 | id=xtream:live:67411 | title="DE: Bndliga 7 SD" | sourceType=XTREAM | Fields: ✓[poster] ✗[year, plot, cast, director, backdrop, duration, tmdb]
2026-01-30 09:23:45.752 11850-13376 XtreamCatalogScanWorker com.fishit.player.v2                 D  PROGRESS discovered=10500 persisted=10303 phase=null
2026-01-30 09:23:45.753 11850-12013 XTC                     com.fishit.player.v2                 D  [LIVE] DTO→Raw #4800 | id=xtream:live:354423 | title="DE: Bundesliga Tivibu 2 (Türkisch)" | sourceType=XTREAM | Fields: ✓[poster] ✗[year, plot, cast, director, backdrop, duration, tmdb]
2026-01-30 09:23:45.754 11850-13376 SyncPerfMetrics         com.fishit.player.v2                 D  Phase LIVE started
2026-01-30 09:23:45.754 11850-13376 XtreamCatalogScanWorker com.fishit.player.v2                 D  PROGRESS discovered=10541 persisted=10303 phase=LIVE
2026-01-30 09:23:45.758 11850-12012 XTC                     com.fishit.player.v2                 D  [VOD] DTO→Raw #5750 | id=xtream:vod:391944 | title="Star Trek Beyond (2016)" | sourceType=XTREAM | Fields: ✓[year=2016, poster] ✗[plot, cast, director, backdrop, duration, tmdb]
2026-01-30 09:23:45.766 11850-12013 XTC                     com.fishit.player.v2                 D  [LIVE] DTO→Raw #4850 | id=xtream:live:181819 | title="MyTeam TV - 7" | sourceType=XTREAM | Fields: ✓[poster] ✗[year, plot, cast, director, backdrop, duration, tmdb]
2026-01-30 09:23:45.766 11850-12480 XtreamCatalogScanWorker com.fishit.player.v2                 D  PROGRESS discovered=10600 persisted=10303 phase=null
2026-01-30 09:23:45.772 11850-12480 SyncBatchManager        com.fishit.player.v2                 D  Time-based flush for LIVE: 154 items after 6773ms
2026-01-30 09:23:45.773 11850-12480 SyncBatchManager        com.fishit.player.v2                 D  Flushing LIVE batch: 154 items (timeBased=true)
2026-01-30 09:23:45.775 11850-12480 CatalogSyncService      com.fishit.player.v2                 D  Persisting Xtream live batch (NX-ONLY): 154 items
2026-01-30 09:23:45.799 11850-12012 XTC                     com.fishit.player.v2                 D  [VOD] DTO→Raw #5800 | id=xtream:vod:392000 | title="X-Men: Apocalypse (2016)" | sourceType=XTREAM | Fields: ✓[year=2016, poster] ✗[plot, cast, director, backdrop, duration, tmdb]
2026-01-30 09:23:45.801 11850-12480 SyncPerfMetrics         com.fishit.player.v2                 D  Phase MOVIES started
2026-01-30 09:23:45.806 11850-12480 XtreamCatalogScanWorker com.fishit.player.v2                 D  PROGRESS discovered=10681 persisted=10303 phase=VOD
2026-01-30 09:23:45.811 11850-12013 XTC                     com.fishit.player.v2                 D  [LIVE] DTO→Raw #4900 | id=xtream:live:795605 | title="DE: DEL2 EVENT 16" | sourceType=XTREAM | Fields: ✓[poster] ✗[year, plot, cast, director, backdrop, duration, tmdb]
2026-01-30 09:23:45.828 11850-12480 XtreamCatalogScanWorker com.fishit.player.v2                 D  PROGRESS discovered=10700 persisted=10303 phase=null
2026-01-30 09:23:45.848 11850-11977 XTC                     com.fishit.player.v2                 D  [VOD] DTO→Raw #5850 | id=xtream:vod:434474 | title="Dirty Harry (1971)" | sourceType=XTREAM | Fields: ✓[year=1971, poster] ✗[plot, cast, director, backdrop, duration, tmdb]
2026-01-30 09:23:45.849 11850-12480 SyncPerfMetrics         com.fishit.player.v2                 D  Phase LIVE started
2026-01-30 09:23:45.854 11850-12480 XtreamCatalogScanWorker com.fishit.player.v2                 D  PROGRESS discovered=10734 persisted=10303 phase=LIVE
2026-01-30 09:23:45.860 11850-13376 XTC                     com.fishit.player.v2                 D  [LIVE] DTO→Raw #4950 | id=xtream:live:792958 | title="DE: RTL+ SPORT EVENT 17" | sourceType=XTREAM | Fields: ✓[poster] ✗[year, plot, cast, director, backdrop, duration, tmdb]
2026-01-30 09:23:45.864 11850-12480 XtreamCatalogScanWorker com.fishit.player.v2                 D  PROGRESS discovered=10800 persisted=10303 phase=null
2026-01-30 09:23:45.869 11850-13381 XTC                     com.fishit.player.v2                 D  [VOD] DTO→Raw #5900 | id=xtream:vod:434540 | title="Harry Potter und die Heiligtümer des Tod" | sourceType=XTREAM | Fields: ✓[year=2010, poster] ✗[plot, cast, director, backdrop, duration, tmdb]
2026-01-30 09:23:45.880 11850-12480 SyncPerfMetrics         com.fishit.player.v2                 D  Phase MOVIES started
2026-01-30 09:23:45.881 11850-12480 XtreamCatalogScanWorker com.fishit.player.v2                 D  PROGRESS discovered=10858 persisted=10303 phase=VOD
2026-01-30 09:23:45.883 11850-12480 XtreamCatalogScanWorker com.fishit.player.v2                 D  PROGRESS discovered=10900 persisted=10303 phase=null
2026-01-30 09:23:45.892 11850-13376 XTC                     com.fishit.player.v2                 D  [LIVE] DTO→Raw #5000 | id=xtream:live:797354 | title="DE: DAZN EVENT 26 HD" | sourceType=XTREAM | Fields: ✓[poster] ✗[year, plot, cast, director, backdrop, duration, tmdb]
2026-01-30 09:23:45.893 11850-13381 XTC                     com.fishit.player.v2                 D  [VOD] DTO→Raw #5950 | id=xtream:vod:434605 | title="Kill Bill - Volume 1 (2003)" | sourceType=XTREAM | Fields: ✓[year=2003, poster] ✗[plot, cast, director, backdrop, duration, tmdb]
2026-01-30 09:23:45.895 11850-11988 SyncPerfMetrics         com.fishit.player.v2                 D  Phase LIVE started
2026-01-30 09:23:45.896 11850-11988 XtreamCatalogScanWorker com.fishit.player.v2                 D  PROGRESS discovered=10947 persisted=10303 phase=LIVE
2026-01-30 09:23:45.935 11850-12013 XtreamCatalogScanWorker com.fishit.player.v2                 D  PROGRESS discovered=11000 persisted=10303 phase=null
2026-01-30 09:23:45.935 11850-13381 XTC                     com.fishit.player.v2                 D  [VOD] DTO→Raw #6000 | id=xtream:vod:434668 | title="Return of the Footsoldier (2015)" | sourceType=XTREAM | Fields: ✓[year=2015, poster] ✗[plot, cast, director, backdrop, duration, tmdb]
2026-01-30 09:23:45.937 11850-12013 SyncBatchManager        com.fishit.player.v2                 D  Flushing MOVIES batch: 400 items (timeBased=false)
2026-01-30 09:23:45.938 11850-12013 CatalogSyncService      com.fishit.player.v2                 D  Persisting Xtream catalog batch (NX-ONLY): 400 items (canonical_linking=false)
2026-01-30 09:23:45.952 11850-13376 XTC                     com.fishit.player.v2                 D  [LIVE] DTO→Raw #5050 | id=xtream:live:744166 | title="DE: DYN SPORT 25" | sourceType=XTREAM | Fields: ✓[poster] ✗[year, plot, cast, director, backdrop, duration, tmdb]
2026-01-30 09:23:46.228 11850-11850 Choreographer           com.fishit.player.v2                 I  Skipped 36 frames!  The application may be doing too much work on its main thread.
2026-01-30 09:23:46.769 11850-13682 ishit.player.v2         com.fishit.player.v2                 I  Waiting for a blocking GC Alloc
2026-01-30 09:23:46.769 11850-12507 ishit.player.v2         com.fishit.player.v2                 I  Waiting for a blocking GC Alloc
2026-01-30 09:23:46.769 11850-11850 ishit.player.v2         com.fishit.player.v2                 I  Waiting for a blocking GC Alloc
2026-01-30 09:23:46.769 11850-13683 ishit.player.v2         com.fishit.player.v2                 I  Waiting for a blocking GC Alloc
2026-01-30 09:23:46.770 11850-12480 ishit.player.v2         com.fishit.player.v2                 I  Waiting for a blocking GC Alloc
2026-01-30 09:23:46.774 11850-12508 ishit.player.v2         com.fishit.player.v2                 I  Waiting for a blocking GC Alloc
2026-01-30 09:23:46.776 11850-12012 ishit.player.v2         com.fishit.player.v2                 I  Waiting for a blocking GC Alloc
2026-01-30 09:23:46.783 11850-13376 ishit.player.v2         com.fishit.player.v2                 I  Waiting for a blocking GC Alloc
2026-01-30 09:23:46.866 11850-11860 ishit.player.v2         com.fishit.player.v2                 I  Background concurrent copying GC freed 2070569(84MB) AllocSpace objects, 0(0B) LOS objects, 12% free, 171MB/195MB, paused 346us,44us total 1.214s
2026-01-30 09:23:46.866 11850-13682 ishit.player.v2         com.fishit.player.v2                 I  WaitForGcToComplete blocked Alloc on Background for 96.982ms
2026-01-30 09:23:46.866 11850-13682 ishit.player.v2         com.fishit.player.v2                 I  Starting a blocking GC Alloc
2026-01-30 09:23:46.866 11850-12507 ishit.player.v2         com.fishit.player.v2                 I  WaitForGcToComplete blocked Alloc on Background for 96.909ms
2026-01-30 09:23:46.866 11850-12507 ishit.player.v2         com.fishit.player.v2                 I  Starting a blocking GC Alloc
2026-01-30 09:23:46.866 11850-11850 ishit.player.v2         com.fishit.player.v2                 I  WaitForGcToComplete blocked Alloc on Background for 97.011ms
2026-01-30 09:23:46.866 11850-11850 ishit.player.v2         com.fishit.player.v2                 I  Starting a blocking GC Alloc
2026-01-30 09:23:46.870 11850-13683 ishit.player.v2         com.fishit.player.v2                 I  WaitForGcToComplete blocked Alloc on Background for 100.836ms
2026-01-30 09:23:46.870 11850-13683 ishit.player.v2         com.fishit.player.v2                 I  Starting a blocking GC Alloc
2026-01-30 09:23:46.870 11850-12480 ishit.player.v2         com.fishit.player.v2                 I  WaitForGcToComplete blocked Alloc on Background for 100.477ms
2026-01-30 09:23:46.870 11850-12480 ishit.player.v2         com.fishit.player.v2                 I  Starting a blocking GC Alloc
2026-01-30 09:23:46.871 11850-12508 ishit.player.v2         com.fishit.player.v2                 I  WaitForGcToComplete blocked Alloc on Background for 96.378ms
2026-01-30 09:23:46.871 11850-12508 ishit.player.v2         com.fishit.player.v2                 I  Starting a blocking GC Alloc
2026-01-30 09:23:46.871 11850-12012 ishit.player.v2         com.fishit.player.v2                 I  WaitForGcToComplete blocked Alloc on Background for 94.666ms
2026-01-30 09:23:46.871 11850-12012 ishit.player.v2         com.fishit.player.v2                 I  Starting a blocking GC Alloc
2026-01-30 09:23:46.878 11850-13376 ishit.player.v2         com.fishit.player.v2                 I  WaitForGcToComplete blocked Alloc on Background for 95.440ms
2026-01-30 09:23:46.878 11850-13376 ishit.player.v2         com.fishit.player.v2                 I  Starting a blocking GC Alloc
2026-01-30 09:23:46.979 11850-11850 Choreographer           com.fishit.player.v2                 I  Skipped 43 frames!  The application may be doing too much work on its main thread.
2026-01-30 09:23:47.076 11850-11883 OpenGLRenderer          com.fishit.player.v2                 I  Davey! duration=802ms; Flags=0, FrameTimelineVsyncId=1763046, IntendedVsync=34930753778859, Vsync=34931470984975, InputEventId=0, HandleInputStart=34931481920552, AnimationStart=34931481925937, PerformTraversalsStart=34931515666398, DrawStart=34931515869706, FrameDeadline=34930770445525, FrameInterval=34931480560783, FrameStartTime=16679212, SyncQueued=34931543535321, SyncStart=34931543726129, IssueDrawCommandsStart=34931544075014, SwapBuffers=34931551671321, FrameCompleted=34931556395860, DequeueBufferDuration=35154, QueueBufferDuration=321616, GpuCompleted=34931556395860, SwapBuffersCompleted=34931555223514, DisplayPresentTime=34878618625859, CommandSubmissionCompleted=34931551671321,
2026-01-30 09:23:47.708 11850-11850 Choreographer           com.fishit.player.v2                 I  Skipped 41 frames!  The application may be doing too much work on its main thread.
2026-01-30 09:23:47.775 11850-11883 OpenGLRenderer          com.fishit.player.v2                 I  Davey! duration=746ms; Flags=0, FrameTimelineVsyncId=1763059, IntendedVsync=34931521044558, Vsync=34932204895489, InputEventId=0, HandleInputStart=34932210816052, AnimationStart=34932210822475, PerformTraversalsStart=34932242598167, DrawStart=34932242812321, FrameDeadline=34931587726913, FrameInterval=34932209493859, FrameStartTime=16679291, SyncQueued=34932262522936, SyncStart=34932262645667, IssueDrawCommandsStart=34932262762475, SwapBuffers=34932264407013, FrameCompleted=34932267296359, DequeueBufferDuration=16577, QueueBufferDuration=254346, GpuCompleted=34932267296359, SwapBuffersCompleted=34932265885398, DisplayPresentTime=34890491552504, CommandSubmissionCompleted=34932264407013,
2026-01-30 09:23:47.807 11850-11860 ishit.player.v2         com.fishit.player.v2                 I  Background young concurrent copying GC freed 810934(28MB) AllocSpace objects, 0(0B) LOS objects, 0% free, 198MB/198MB, paused 391us,399us total 486.242ms
2026-01-30 09:23:48.276 11850-11850 Choreographer           com.fishit.player.v2                 I  Skipped 31 frames!  The application may be doing too much work on its main thread.
2026-01-30 09:23:48.742 11850-11850 ishit.player.v2         com.fishit.player.v2                 I  Waiting for a blocking GC Alloc
2026-01-30 09:23:48.742 11850-12012 ishit.player.v2         com.fishit.player.v2                 I  Waiting for a blocking GC Alloc
2026-01-30 09:23:48.743 11850-13682 ishit.player.v2         com.fishit.player.v2                 I  Waiting for a blocking GC Alloc
2026-01-30 09:23:48.743 11850-12507 ishit.player.v2         com.fishit.player.v2                 I  Waiting for a blocking GC Alloc
2026-01-30 09:23:48.743 11850-12508 ishit.player.v2         com.fishit.player.v2                 I  Waiting for a blocking GC Alloc
2026-01-30 09:23:48.743 11850-13683 ishit.player.v2         com.fishit.player.v2                 I  Waiting for a blocking GC Alloc
2026-01-30 09:23:48.750 11850-12480 ishit.player.v2         com.fishit.player.v2                 I  Waiting for a blocking GC Alloc
2026-01-30 09:23:48.750 11850-12013 ishit.player.v2         com.fishit.player.v2                 I  Waiting for a blocking GC Alloc
2026-01-30 09:23:48.895 11850-11860 ishit.player.v2         com.fishit.player.v2                 I  Background concurrent copying GC freed 2247327(92MB) AllocSpace objects, 0(0B) LOS objects, 12% free, 163MB/187MB, paused 378us,45us total 1.087s
2026-01-30 09:23:48.895 11850-11850 ishit.player.v2         com.fishit.player.v2                 I  WaitForGcToComplete blocked Alloc on Background for 153.675ms
2026-01-30 09:23:48.896 11850-11850 ishit.player.v2         com.fishit.player.v2                 I  Starting a blocking GC Alloc
2026-01-30 09:23:48.896 11850-12012 ishit.player.v2         com.fishit.player.v2                 I  WaitForGcToComplete blocked Alloc on Background for 154.005ms
2026-01-30 09:23:48.896 11850-12012 ishit.player.v2         com.fishit.player.v2                 I  Starting a blocking GC Alloc
2026-01-30 09:23:48.902 11850-13682 ishit.player.v2         com.fishit.player.v2                 I  WaitForGcToComplete blocked Alloc on Background for 159.437ms
2026-01-30 09:23:48.902 11850-13682 ishit.player.v2         com.fishit.player.v2                 I  Starting a blocking GC Alloc
2026-01-30 09:23:48.903 11850-12507 ishit.player.v2         com.fishit.player.v2                 I  WaitForGcToComplete blocked Alloc on Background for 159.551ms
2026-01-30 09:23:48.903 11850-12507 ishit.player.v2         com.fishit.player.v2                 I  Starting a blocking GC Alloc
2026-01-30 09:23:48.903 11850-12508 ishit.player.v2         com.fishit.player.v2                 I  WaitForGcToComplete blocked Alloc on Background for 159.830ms
2026-01-30 09:23:48.903 11850-12508 ishit.player.v2         com.fishit.player.v2                 I  Starting a blocking GC Alloc
2026-01-30 09:23:48.903 11850-13683 ishit.player.v2         com.fishit.player.v2                 I  WaitForGcToComplete blocked Alloc on Background for 160.119ms
2026-01-30 09:23:48.903 11850-13683 ishit.player.v2         com.fishit.player.v2                 I  Starting a blocking GC Alloc
2026-01-30 09:23:48.904 11850-12480 ishit.player.v2         com.fishit.player.v2                 I  WaitForGcToComplete blocked Alloc on Background for 153.955ms
2026-01-30 09:23:48.904 11850-12480 ishit.player.v2         com.fishit.player.v2                 I  Starting a blocking GC Alloc
2026-01-30 09:23:48.905 11850-12013 ishit.player.v2         com.fishit.player.v2                 I  WaitForGcToComplete blocked Alloc on Background for 155.453ms
2026-01-30 09:23:48.905 11850-12013 ishit.player.v2         com.fishit.player.v2                 I  Starting a blocking GC Alloc
2026-01-30 09:23:48.933 11850-11850 Choreographer           com.fishit.player.v2                 I  Skipped 38 frames!  The application may be doing too much work on its main thread.
2026-01-30 09:23:49.013 11850-11883 OpenGLRenderer          com.fishit.player.v2                 I  Davey! duration=702ms; Flags=0, FrameTimelineVsyncId=1763108, IntendedVsync=34932788669544, Vsync=34933422483248, InputEventId=0, HandleInputStart=34933435445858, AnimationStart=34933435451628, PerformTraversalsStart=34933467081281, DrawStart=34933467284820, FrameDeadline=34932822020183, FrameInterval=34933434669935, FrameStartTime=16679308, SyncQueued=34933486112397, SyncStart=34933486267705, IssueDrawCommandsStart=34933486411781, SwapBuffers=34933488297166, FrameCompleted=34933491686705, DequeueBufferDuration=21615, QueueBufferDuration=359077, GpuCompleted=34933491686705, SwapBuffersCompleted=34933490354435, DisplayPresentTime=34890758312927, CommandSubmissionCompleted=34933488297166,
2026-01-30 09:23:49.587 11850-11850 Choreographer           com.fishit.player.v2                 I  Skipped 36 frames!  The application may be doing too much work on its main thread.
2026-01-30 09:23:49.591 11850-11860 ishit.player.v2         com.fishit.player.v2                 I  Background young concurrent copying GC freed 511284(17MB) AllocSpace objects, 0(0B) LOS objects, 0% free, 192MB/192MB, paused 831us,167us total 362.689ms
