2026-01-28 14:43:24.103  8837-8837  InsetsController        com.fishit.player.v2                 I  onStateChanged: host=com.fishit.player.v2/com.fishit.player.v2.MainActivity, from=android.view.ViewRootImpl$ViewRootHandler.handleMessageImpl:7209, state=InsetsState: {mDisplayFrame=Rect(0, 0 - 1080, 2400), mDisplayCutout=DisplayCutout{insets=Rect(0, 80 - 0, 0) waterfall=Insets{left=0, top=0, right=0, bottom=0} boundingRect={Bounds=[Rect(0, 0 - 0, 0), Rect(510, 0 - 570, 80), Rect(0, 0 - 0, 0), Rect(0, 0 - 0, 0)]} cutoutPathParserInfo={CutoutPathParserInfo{displayWidth=1080 displayHeight=2400 physicalDisplayWidth=1080 physicalDisplayHeight=2400 density={3.0} cutoutSpec={M 0,0 H -10 V 26.66666666666667 H 10 V 0 H 0 Z @dp} rotation={0} scale={1.0} physicalPixelDisplaySizeRatio={1.0}}}}, mRoundedCorners=RoundedCorners{[RoundedCorner{position=TopLeft, radius=90, center=Point(90, 90)}, RoundedCorner{position=TopRight, radius=90, center=Point(990, 90)}, RoundedCorner{position=BottomRight, radius=90, center=Point(990, 2310)}, RoundedCorner{position=BottomLeft, radius=90, center=Point(90, 2310)}]}  mRoundedCornerFrame=Rect(0, 0 - 1080, 2400), mPrivacyIndicatorBounds=PrivacyIndicatorBounds {static bounds=Rect(948, 0 - 1080, 80) rotation=0}, mDisplayShape=DisplayShape{ spec=-311912193 displayWidth=1080 displayHeight=2400 physicalPixelDisplaySizeRatio=1.0 rotation=0 offsetX=0 offsetY=0 scale=1.0}, mSources= { InsetsSource: {3 mType=ime mFrame=[0,2256][1080,2400] mVisible=false mFlags=[]}, InsetsSource: {27 mType=displayCutout mFrame=[0,0][1080,80] mVisible=true mFlags=[]}, InsetsSource: {567b0001 mType=navigationBars mFrame=[0,2256][1080,2400] mVisible=true mFlags=[]}, InsetsSource: {567b0004 mType=systemGestures mFrame=[0,0][0,0] mVisible=true mFlags=[]}, InsetsSource: {567b0005 mType=mandatorySystemGestures mFrame=[0,2256][1080,2400] mVisible=true mFlags=[]}, InsetsSource: {567b0006 mType=tappableElement mFrame=[0,2256][1080,2400] mVisible=true mFlags=[]}, InsetsSource: {567b0024 mType=systemGestures mFrame=[0,0][0,0] mVisible=true mFlags=[]}, InsetsSource: {667f0000 mType=statusBars mFrame=[0,0][1080,80] mVisible=true mFlags=[]}, InsetsSource: {667f0005 mType=mandatorySystemGestures mFrame=[0,0][1080,116] mVisible=true mFlags=[]}, InsetsSource: {667f0006 mType=tappableElement mFrame=[0,0][1080,80] mVisible=true mFlags=[]} }
2026-01-28 14:43:24.106  8837-8837  InsetsSourceConsumer    com.fishit.player.v2                 I  applyRequestedVisibilityToControl: visible=true, type=navigationBars, host=com.fishit.player.v2/com.fishit.player.v2.MainActivity
2026-01-28 14:43:24.108  8837-8837  ViewRootIm...nActivity] com.fishit.player.v2                 I  handleResized, msg = 4 frames=ClientWindowFrames{frame=[0,0][1080,2400] display=[0,0][1080,2400] parentFrame=[0,0][0,0]} forceNextWindowRelayout=false displayId=0 dragResizing=false compatScale=1.0 frameChanged=false attachedFrameChanged=false configChanged=false displayChanged=false compatScaleChanged=false
2026-01-28 14:43:24.109  8837-8837  WindowOnBackDispatcher  com.fishit.player.v2                 W  sendCancelIfRunning: isInProgress=falsecallback=ImeCallback=ImeOnBackInvokedCallback@154262279 Callback=android.window.IOnBackInvokedCallback$Stub$Proxy@441a094
2026-01-28 14:43:24.113  8837-8837  InsetsController        com.fishit.player.v2                 I  cancelAnimation: types=ime, animType=1, host=com.fishit.player.v2/com.fishit.player.v2.MainActivity, from=android.view.InsetsController.notifyFinished:1748 android.view.InsetsAnimationThreadControlRunner$1.lambda$notifyFinished$0:85 android.view.InsetsAnimationThreadControlRunner$1.$r8$lambda$RAf1SfIREsj9-wH5FOigMy6eLkM:0
2026-01-28 14:43:24.114  8837-8837  ImeTracker              com.fishit.player.v2                 I  com.fishit.player.v2:3d61e0ab: onRequestHide at ORIGIN_CLIENT_HIDE_SOFT_INPUT reason HIDE_SOFT_INPUT_BY_INSETS_API
2026-01-28 14:43:24.115  8837-8837  InputMethodManager_LC   com.fishit.player.v2                 I  notifyImeHidden: IInputMethodManagerGlobalInvoker.hideSoftInput
2026-01-28 14:43:24.119  8837-8837  ImeTracker              com.fishit.player.v2                 I  com.fishit.player.v2:2feb8843: onHidden
2026-01-28 14:43:24.218  8837-9502  TrafficStats            com.fishit.player.v2                 D  tagSocket(138) with statsTag=0xffffffff, statsUid=-1
2026-01-28 14:43:24.264  8837-9356  XtreamApiClient         com.fishit.player.v2                 D  NetworkProbe: HTTP 200 for konigtv.com/player_api.php | bytes=3753 contentType=application/json
2026-01-28 14:43:24.278  8837-9354  XtreamApiClient         com.fishit.player.v2                 D  NetworkProbe: HTTP 200 for konigtv.com/player_api.php | bytes=458 contentType=application/json
2026-01-28 14:43:24.457  8837-9356  XtreamApiClient         com.fishit.player.v2                 D  NetworkProbe: HTTP 200 for konigtv.com/player_api.php | bytes=11946 contentType=application/json
2026-01-28 14:43:24.601  8837-9354  XtreamApiClient         com.fishit.player.v2                 D  NetworkProbe: HTTP 200 for konigtv.com/player_api.php | bytes=10494 contentType=application/json
2026-01-28 14:43:24.649  8837-9411  ViewRootIm...nActivity] com.fishit.player.v2                 I  Resizing android.view.ViewRootImpl@bef7ed: frame = [0,0][1080,2400] reportDraw = false forceLayout = false syncSeqId = -1
2026-01-28 14:43:24.652  8837-8837  InsetsController        com.fishit.player.v2                 I  onStateChanged: host=com.fishit.player.v2/com.fishit.player.v2.MainActivity, from=android.view.ViewRootImpl$ViewRootHandler.handleMessageImpl:7196, state=InsetsState: {mDisplayFrame=Rect(0, 0 - 1080, 2400), mDisplayCutout=DisplayCutout{insets=Rect(0, 80 - 0, 0) waterfall=Insets{left=0, top=0, right=0, bottom=0} boundingRect={Bounds=[Rect(0, 0 - 0, 0), Rect(510, 0 - 570, 80), Rect(0, 0 - 0, 0), Rect(0, 0 - 0, 0)]} cutoutPathParserInfo={CutoutPathParserInfo{displayWidth=1080 displayHeight=2400 physicalDisplayWidth=1080 physicalDisplayHeight=2400 density={3.0} cutoutSpec={M 0,0 H -10 V 26.66666666666667 H 10 V 0 H 0 Z @dp} rotation={0} scale={1.0} physicalPixelDisplaySizeRatio={1.0}}}}, mRoundedCorners=RoundedCorners{[RoundedCorner{position=TopLeft, radius=90, center=Point(90, 90)}, RoundedCorner{position=TopRight, radius=90, center=Point(990, 90)}, RoundedCorner{position=BottomRight, radius=90, center=Point(990, 2310)}, RoundedCorner{position=BottomLeft, radius=90, center=Point(90, 2310)}]}  mRoundedCornerFrame=Rect(0, 0 - 1080, 2400), mPrivacyIndicatorBounds=PrivacyIndicatorBounds {static bounds=Rect(948, 0 - 1080, 80) rotation=0}, mDisplayShape=DisplayShape{ spec=-311912193 displayWidth=1080 displayHeight=2400 physicalPixelDisplaySizeRatio=1.0 rotation=0 offsetX=0 offsetY=0 scale=1.0}, mSources= { InsetsSource: {3 mType=ime mFrame=[0,0][0,0] mVisible=false mFlags=[]}, InsetsSource: {27 mType=displayCutout mFrame=[0,0][1080,80] mVisible=true mFlags=[]}, InsetsSource: {567b0001 mType=navigationBars mFrame=[0,2256][1080,2400] mVisible=true mFlags=[]}, InsetsSource: {567b0004 mType=systemGestures mFrame=[0,0][0,0] mVisible=true mFlags=[]}, InsetsSource: {567b0005 mType=mandatorySystemGestures mFrame=[0,2256][1080,2400] mVisible=true mFlags=[]}, InsetsSource: {567b0006 mType=tappableElement mFrame=[0,2256][1080,2400] mVisible=true mFlags=[]}, InsetsSource: {567b0024 mType=systemGestures mFrame=[0,0][0,0] mVisible=true mFlags=[]}, InsetsSource: {667f0000 mType=statusBars mFrame=[0,0][1080,80] mVisible=true mFlags=[]}, InsetsSource: {667f0005 mType=mandatorySystemGestures mFrame=[0,0][1080,116] mVisible=true mFlags=[]}, InsetsSource: {667f0006 mType=tappableElement mFrame=[0,0][1080,80] mVisible=true mFlags=[]} }
2026-01-28 14:43:24.653  8837-8837  ViewRootIm...nActivity] com.fishit.player.v2                 I  handleResized, msg = 4 frames=ClientWindowFrames{frame=[0,0][1080,2400] display=[0,0][1080,2400] parentFrame=[0,0][0,0]} forceNextWindowRelayout=false displayId=0 dragResizing=false compatScale=1.0 frameChanged=false attachedFrameChanged=false configChanged=false displayChanged=false compatScaleChanged=false
2026-01-28 14:43:24.716  8837-9356  XtreamApiClient         com.fishit.player.v2                 D  NetworkProbe: HTTP 200 for konigtv.com/player_api.php | bytes=458 contentType=application/json
2026-01-28 14:43:24.729  8837-9309  XtreamApiClient         com.fishit.player.v2                 D  buildPlayerApiUrl: action=get_short_epg -> konigtv.com/player_api.php
2026-01-28 14:43:25.027  8837-9309  XtreamApiClient         com.fishit.player.v2                 D  NetworkProbe: HTTP 200 for konigtv.com/player_api.php | bytes=39 contentType=application/json
2026-01-28 14:43:25.033  8837-9309  XtreamApiClient         com.fishit.player.v2                 D  NetworkProbe: Manually decompressed gzip body for konigtv.com/player_api.php | original=39 decompressed=19
2026-01-28 14:43:25.700  8837-9361  XtreamApiClient         com.fishit.player.v2                 D  NetworkProbe: HTTP 200 for konigtv.com/player_api.php | bytes=3287878 contentType=application/json
2026-01-28 14:43:25.776  8837-8853  InputTransport          com.fishit.player.v2                 D  Input channel destroyed: 'ClientS', fd=141
2026-01-28 14:43:26.808  8837-9354  XtreamApiClient         com.fishit.player.v2                 D  NetworkProbe: HTTP 200 for konigtv.com/player_api.php | bytes=6212435 contentType=application/json
2026-01-28 14:43:26.965  8837-8852  ishit.player.v2         com.fishit.player.v2                 I  Background concurrent copying GC freed 3462(6717KB) AllocSpace objects, 0(0B) LOS objects, 38% free, 38MB/62MB, paused 79us,86us total 152.021ms
2026-01-28 14:43:28.442  8837-9354  XtreamApiClient         com.fishit.player.v2                 D  buildPlayerApiUrl: action=null -> konigtv.com/player_api.php
2026-01-28 14:43:28.444  8837-9354  XtreamApiClient         com.fishit.player.v2                 D  getServerInfo: Fetching from konigtv.com/player_api.php
2026-01-28 14:43:28.533  8837-9354  XtreamApiClient         com.fishit.player.v2                 D  NetworkProbe: HTTP 200 for konigtv.com/player_api.php | bytes=458 contentType=application/json
2026-01-28 14:43:28.534  8837-9354  XtreamApiClient         com.fishit.player.v2                 D  getServerInfo: Received 458 bytes, parsing...
2026-01-28 14:43:28.541  8837-9354  XtreamApiClient         com.fishit.player.v2                 D  Server info retrieved: konigtv.com
2026-01-28 14:43:28.543  8837-8837  XtreamAuthRepoAdapter   com.fishit.player.v2                 D  initialize: API client initialized successfully with capabilities: http://konigtv.com:8080
2026-01-28 14:43:28.550  8837-9354  XtreamAuthRepoAdapter   com.fishit.player.v2                 D  connectionState -> Connected(baseUrl=http://konigtv.com:8080, latencyMs=4507) | domain=Connected
2026-01-28 14:43:28.551  8837-9354  XtreamAuthRepoAdapter   com.fishit.player.v2                 D  authState -> Authenticated(userInfo=XtreamUserInfo(username=Christoph10, status=ACTIVE, expDateEpoch=1797326326, maxConnections=1, activeConnections=0, isTrial=false, allowedFormats=[m3u8, ts], createdAt=1757512912, message=Welcome)) | domain=Authenticated
2026-01-28 14:43:28.653  8837-9308  CatalogSyncBootstrap    com.fishit.player.v2                 D  Source activation check: activeSources=[XTREAM], hasActive=true
2026-01-28 14:43:28.653  8837-9354  SourceActi...onObserver com.fishit.player.v2                 I  Active sources changed: [XTREAM] → enqueuing auto sync
2026-01-28 14:43:28.654  8837-9355  SourceActivationStore   com.fishit.player.v2                 D  Loaded state from DataStore: SourceActivationSnapshot(xtream=Active, telegram=Inactive, io=Inactive)
2026-01-28 14:43:28.655  8837-9354  CatalogSyncScheduler    com.fishit.player.v2                 D  Enqueueing AUTO sync
2026-01-28 14:43:28.671  8837-8837  SourceActivationStore   com.fishit.player.v2                 I  Source activation changed: XTREAM -> Active
2026-01-28 14:43:28.671  8837-8837  XtreamAuthRepoAdapter   com.fishit.player.v2                 I  initialize: XTREAM source activated
2026-01-28 14:43:28.672  8837-8837  OnboardingViewModel     com.fishit.player.v2                 D  connectXtream: Initialize succeeded, saving credentials
2026-01-28 14:43:28.696  8837-9354  XtreamCredStore         com.fishit.player.v2                 I  Stored credentials: scheme=http, host=konigtv.com, port=8080
2026-01-28 14:43:28.701  8837-9379  Compatibil...geReporter com.fishit.player.v2                 D  Compat change id reported: 194532703; UID 10459; state: ENABLED
2026-01-28 14:43:28.701  8837-9379  Compatibil...geReporter com.fishit.player.v2                 D  Compat change id reported: 253665015; UID 10459; state: ENABLED
2026-01-28 14:43:28.701  8837-9379  WM-SystemJobScheduler   com.fishit.player.v2                 D  Scheduling work ID 8dc1cb7d-f768-4e37-b828-8df644164cecJob ID 0
2026-01-28 14:43:28.722  8837-9379  WM-GreedyScheduler      com.fishit.player.v2                 D  Starting work for 8dc1cb7d-f768-4e37-b828-8df644164cec
2026-01-28 14:43:28.730  8837-8837  WM-SystemJobService     com.fishit.player.v2                 D  onStartJob for WorkGenerationalId(workSpecId=8dc1cb7d-f768-4e37-b828-8df644164cec, generation=0)
2026-01-28 14:43:28.735  8837-9379  WM-Processor            com.fishit.player.v2                 D  Processor: processing WorkGenerationalId(workSpecId=8dc1cb7d-f768-4e37-b828-8df644164cec, generation=0)
2026-01-28 14:43:28.741  8837-9379  WM-Processor            com.fishit.player.v2                 D  Work WorkGenerationalId(workSpecId=8dc1cb7d-f768-4e37-b828-8df644164cec, generation=0) is already enqueued for processing
2026-01-28 14:43:28.744  8837-9379  Compatibil...geReporter com.fishit.player.v2                 D  Compat change id reported: 263076149; UID 10459; state: ENABLED
2026-01-28 14:43:28.753  8837-8837  WM-WorkerWrapper        com.fishit.player.v2                 D  Starting work for com.fishit.player.v2.work.CatalogSyncOrchestratorWorker
2026-01-28 14:43:28.755  8837-9354  CatalogSyn...atorWorker com.fishit.player.v2                 I  START sync_run_id=7ae0619c-dfc6-4d36-821e-016ef3ca2270 mode=auto
2026-01-28 14:43:28.759  8837-9354  RuntimeGuards           com.fishit.player.v2                 D  Manual sync (auto) - skipping battery guard (level=100%)
2026-01-28 14:43:28.759  8837-9354  CatalogSyn...atorWorker com.fishit.player.v2                 I  Active sources check: [XTREAM] (isEmpty=false)
2026-01-28 14:43:28.760  8837-9354  CatalogSyn...atorWorker com.fishit.player.v2                 D  Active sources: [XTREAM] (TELEGRAM=false, XTREAM=true, IO=false)
2026-01-28 14:43:28.763  8837-9354  CatalogSyn...atorWorker com.fishit.player.v2                 D  Enqueued Xtream chain: work_name=catalog_sync_global_xtream policy=KEEP workers=2
2026-01-28 14:43:28.764  8837-9354  CatalogSyn...atorWorker com.fishit.player.v2                 D  Telegram not in active sources - skipping Telegram workers
2026-01-28 14:43:28.764  8837-9354  CatalogSyn...atorWorker com.fishit.player.v2                 D  📊 WorkInfo chains enqueued:
                                                                                                      [XTREAM] work_name=catalog_sync_global_xtream → ENQUEUED
                                                                                                      Use 'adb shell dumpsys jobscheduler' or WorkManager Inspector for detailed state
2026-01-28 14:43:28.765  8837-9354  CatalogSyn...atorWorker com.fishit.player.v2                 I  CHAINS_ENQUEUED duration_ms=10 policy=KEEP sources=XTREAM (downstream workers will report completion)
2026-01-28 14:43:28.767  8837-9379  WM-PackageManagerHelper com.fishit.player.v2                 D  androidx.work.impl.background.systemalarm.RescheduleReceiver enabled
2026-01-28 14:43:28.790  8837-9380  WM-SystemJobScheduler   com.fishit.player.v2                 D  Scheduling work ID 2016d2d9-c2c1-46f9-b139-6b8ac03f6216Job ID 1
2026-01-28 14:43:28.795  8837-8837  WM-SystemJobService     com.fishit.player.v2                 D  onStartJob for WorkGenerationalId(workSpecId=2016d2d9-c2c1-46f9-b139-6b8ac03f6216, generation=0)
2026-01-28 14:43:28.796  8837-9380  WM-GreedyScheduler      com.fishit.player.v2                 D  Starting work for 2016d2d9-c2c1-46f9-b139-6b8ac03f6216
2026-01-28 14:43:28.798  8837-9380  WM-WorkerWrapper        com.fishit.player.v2                 I  Worker result SUCCESS for Work [ id=8dc1cb7d-f768-4e37-b828-8df644164cec, tags={ com.fishit.player.v2.work.CatalogSyncOrchestratorWorker,catalog_sync,mode_auto,worker/CatalogSyncOrchestratorWorker } ]
2026-01-28 14:43:28.801  8837-8837  WM-Processor            com.fishit.player.v2                 D  Processor 8dc1cb7d-f768-4e37-b828-8df644164cec executed; reschedule = false
2026-01-28 14:43:28.801  8837-8837  WM-SystemJobService     com.fishit.player.v2                 D  8dc1cb7d-f768-4e37-b828-8df644164cec executed on JobScheduler
2026-01-28 14:43:28.807  8837-9380  WM-Processor            com.fishit.player.v2                 D  Processor: processing WorkGenerationalId(workSpecId=2016d2d9-c2c1-46f9-b139-6b8ac03f6216, generation=0)
2026-01-28 14:43:28.810  8837-9380  WM-Processor            com.fishit.player.v2                 D  Work WorkGenerationalId(workSpecId=2016d2d9-c2c1-46f9-b139-6b8ac03f6216, generation=0) is already enqueued for processing
2026-01-28 14:43:28.812  8837-9380  WM-GreedyScheduler      com.fishit.player.v2                 D  Cancelling work ID 8dc1cb7d-f768-4e37-b828-8df644164cec
2026-01-28 14:43:28.829  8837-8837  WM-WorkerWrapper        com.fishit.player.v2                 D  Starting work for com.fishit.player.v2.work.XtreamPreflightWorker
2026-01-28 14:43:28.831  8837-9354  XtreamPreflightWorker   com.fishit.player.v2                 I  START sync_run_id=7ae0619c-dfc6-4d36-821e-016ef3ca2270 mode=auto source=XTREAM attempt=0/5
2026-01-28 14:43:28.833  8837-9354  RuntimeGuards           com.fishit.player.v2                 D  Manual sync (auto) - skipping battery guard (level=100%)
2026-01-28 14:43:28.834  8837-9354  XtreamPreflightWorker   com.fishit.player.v2                 I  SUCCESS duration_ms=4 (credentials valid)
2026-01-28 14:43:28.838  8837-9379  WM-WorkerWrapper        com.fishit.player.v2                 I  Worker result SUCCESS for Work [ id=2016d2d9-c2c1-46f9-b139-6b8ac03f6216, tags={ com.fishit.player.v2.work.XtreamPreflightWorker,catalog_sync,source_xtream,worker/XtreamPreflightWorker } ]
2026-01-28 14:43:28.841  8837-9379  WM-WorkerWrapper        com.fishit.player.v2                 I  Setting status to enqueued for 41dc9395-f5d6-4abf-8ac0-0a3c29ade675
2026-01-28 14:43:28.843  8837-8837  WM-Processor            com.fishit.player.v2                 D  Processor 2016d2d9-c2c1-46f9-b139-6b8ac03f6216 executed; reschedule = false
2026-01-28 14:43:28.844  8837-8837  WM-SystemJobService     com.fishit.player.v2                 D  2016d2d9-c2c1-46f9-b139-6b8ac03f6216 executed on JobScheduler
2026-01-28 14:43:28.846  8837-9379  WM-GreedyScheduler      com.fishit.player.v2                 D  Cancelling work ID 2016d2d9-c2c1-46f9-b139-6b8ac03f6216
2026-01-28 14:43:28.847  8837-8837  ishit.player.v2         com.fishit.player.v2                 W  Accessing hidden field Landroid/app/ActivityThread;->mServices:Landroid/util/ArrayMap; (unsupported, reflection, allowed)
2026-01-28 14:43:28.848  8837-8837  LeakCanary              com.fishit.player.v2                 D  Watching instance of androidx.work.impl.background.systemjob.SystemJobService (androidx.work.impl.background.systemjob.SystemJobService received Service#onDestroy() callback) with key 4cf783e4-afa1-4e9e-b47a-9c246ccdf3a8
2026-01-28 14:43:28.860  8837-9379  WM-SystemJobScheduler   com.fishit.player.v2                 D  Scheduling work ID 41dc9395-f5d6-4abf-8ac0-0a3c29ade675Job ID 2
2026-01-28 14:43:28.872  8837-9379  WM-GreedyScheduler      com.fishit.player.v2                 D  Starting work for 41dc9395-f5d6-4abf-8ac0-0a3c29ade675
2026-01-28 14:43:28.879  8837-8837  WM-SystemJobService     com.fishit.player.v2                 D  onStartJob for WorkGenerationalId(workSpecId=41dc9395-f5d6-4abf-8ac0-0a3c29ade675, generation=0)
2026-01-28 14:43:28.881  8837-9379  WM-Processor            com.fishit.player.v2                 D  Processor: processing WorkGenerationalId(workSpecId=41dc9395-f5d6-4abf-8ac0-0a3c29ade675, generation=0)
2026-01-28 14:43:28.885  8837-9379  WM-Processor            com.fishit.player.v2                 D  Work WorkGenerationalId(workSpecId=41dc9395-f5d6-4abf-8ac0-0a3c29ade675, generation=0) is already enqueued for processing
2026-01-28 14:43:29.135  8837-8852  ishit.player.v2         com.fishit.player.v2                 I  Background young concurrent copying GC freed 22529(1460KB) AllocSpace objects, 4(164KB) LOS objects, 2% free, 60MB/62MB, paused 133us,80us total 204.950ms
2026-01-28 14:43:29.229  8837-8837  WM-WorkerWrapper        com.fishit.player.v2                 D  Starting work for com.fishit.player.v2.work.XtreamCatalogScanWorker
2026-01-28 14:43:29.235  8837-9354  XtreamCatalogScanWorker com.fishit.player.v2                 I  START sync_run_id=7ae0619c-dfc6-4d36-821e-016ef3ca2270 mode=auto source=XTREAM scope=INCREMENTAL runtimeBudgetMs=900000 checkpoint=xtream|v=2|phase=VOD_LIST|offset=0
2026-01-28 14:43:29.237  8837-9354  RuntimeGuards           com.fishit.player.v2                 D  Manual sync (auto) - skipping battery guard (level=100%)
2026-01-28 14:43:29.238  8837-9354  XtreamCatalogScanWorker com.fishit.player.v2                 D  Catalog sync: includeVod=true includeSeries=true includeEpisodes=false (lazy) includeLive=true scope=INCREMENTAL enhanced=true
2026-01-28 14:43:29.239  8837-9354  XtreamCatalogScanWorker com.fishit.player.v2                 I  Using ENHANCED sync: live=600 movies=400 series=200 timeFlush=true
2026-01-28 14:43:29.242  8837-9354  CatalogSyncService      com.fishit.player.v2                 I  Starting enhanced Xtream sync: live=true, vod=true, series=true, episodes=false, excludeSeriesIds=0, episodeParallelism=4, canonical_linking=false
2026-01-28 14:43:29.242  8837-9354  XtreamCatalogScanWorker com.fishit.player.v2                 D  Enhanced catalog sync started
2026-01-28 14:43:29.252  8837-9308  XtreamCatalogPipeline   com.fishit.player.v2                 I  Starting Xtream catalog scan: vod=true, series=true, episodes=false, live=true
2026-01-28 14:43:29.253  8837-9354  CatalogSyncService      com.fishit.player.v2                 D  Enhanced scan started
2026-01-28 14:43:29.254  8837-9355  XtreamCatalogPipeline   com.fishit.player.v2                 D  [LIVE] Starting parallel scan (streaming-first)...
2026-01-28 14:43:29.255  8837-9354  XtreamCatalogPipeline   com.fishit.player.v2                 D  [VOD] Starting parallel scan (streaming-first)...
2026-01-28 14:43:29.256  8837-9309  XtreamCatalogPipeline   com.fishit.player.v2                 D  [SERIES] Starting parallel scan (streaming-first, episodes deferred)...
2026-01-28 14:43:29.265  8837-9354  XtreamApiClient         com.fishit.player.v2                 D  buildPlayerApiUrl: action=get_vod_streams -> konigtv.com/player_api.php
2026-01-28 14:43:29.268  8837-9356  XtreamApiClient         com.fishit.player.v2                 D  buildPlayerApiUrl: action=get_live_streams -> konigtv.com/player_api.php
2026-01-28 14:43:29.271  8837-9309  XtreamApiClient         com.fishit.player.v2                 D  buildPlayerApiUrl: action=get_series -> konigtv.com/player_api.php
2026-01-28 14:43:29.599  8837-9309  XtreamApiClient         com.fishit.player.v2                 D  StreamingFetch: Success for konigtv.com/player_api.php, streaming response
2026-01-28 14:43:29.800  8837-9309  XTC                     com.fishit.player.v2                 D  [LIVE] DTO→Raw #1 | id=xtream:live:81568 | title="DE HEVC" | sourceType=XTREAM | Fields: ✓[poster] ✗[year, plot, cast, director, backdrop, duration, tmdb]
2026-01-28 14:43:29.819  8837-9356  XtreamApiClient         com.fishit.player.v2                 D  StreamingFetch: Success for konigtv.com/player_api.php, streaming response
2026-01-28 14:43:29.869  8837-9309  XTC                     com.fishit.player.v2                 D  [LIVE] DTO→Raw #50 | id=xtream:live:71808 | title="DE: Deluxe Music HEVC" | sourceType=XTREAM | Fields: ✓[poster] ✗[year, plot, cast, director, backdrop, duration, tmdb]
2026-01-28 14:43:29.944  8837-9309  XTC                     com.fishit.player.v2                 D  [LIVE] DTO→Raw #100 | id=xtream:live:49200 | title="DE: Pro 7 Maxx FHD" | sourceType=XTREAM | Fields: ✓[poster] ✗[year, plot, cast, director, backdrop, duration, tmdb]
2026-01-28 14:43:29.945  8837-9355  XtreamCatalogScanWorker com.fishit.player.v2                 D  PROGRESS discovered=100 persisted=0 phase=null
2026-01-28 14:43:29.946  8837-9355  SyncPerfMetrics         com.fishit.player.v2                 D  Phase LIVE started
2026-01-28 14:43:29.951  8837-8852  ishit.player.v2         com.fishit.player.v2                 I  Background concurrent copying GC freed 1084808(37MB) AllocSpace objects, 8(6300KB) LOS objects, 49% free, 18MB/37MB, paused 94us,59us total 101.006ms
2026-01-28 14:43:29.952  8837-9355  XtreamCatalogScanWorker com.fishit.player.v2                 D  PROGRESS discovered=100 persisted=0 phase=LIVE
2026-01-28 14:43:30.004  8837-9309  XTC                     com.fishit.player.v2                 D  [LIVE] DTO→Raw #150 | id=xtream:live:361561 | title="DE: NDR Hamburg" | sourceType=XTREAM | Fields: ✓[poster] ✗[year, plot, cast, director, backdrop, duration, tmdb]
2026-01-28 14:43:30.060  8837-9309  XTC                     com.fishit.player.v2                 D  [LIVE] DTO→Raw #200 | id=xtream:live:197779 | title="DE: QVC STYLE TV" | sourceType=XTREAM | Fields: ✓[poster] ✗[year, plot, cast, director, backdrop, duration, tmdb]
2026-01-28 14:43:30.061  8837-9355  XtreamCatalogScanWorker com.fishit.player.v2                 D  PROGRESS discovered=200 persisted=0 phase=null
2026-01-28 14:43:30.062  8837-9355  SyncPerfMetrics         com.fishit.player.v2                 D  Phase LIVE started
2026-01-28 14:43:30.062  8837-9355  XtreamCatalogScanWorker com.fishit.player.v2                 D  PROGRESS discovered=200 persisted=0 phase=LIVE
2026-01-28 14:43:30.126  8837-9309  XTC                     com.fishit.player.v2                 D  [LIVE] DTO→Raw #250 | id=xtream:live:67411 | title="DE: Bndliga 7 SD" | sourceType=XTREAM | Fields: ✓[poster] ✗[year, plot, cast, director, backdrop, duration, tmdb]
2026-01-28 14:43:30.189  8837-9309  XTC                     com.fishit.player.v2                 D  [LIVE] DTO→Raw #300 | id=xtream:live:354423 | title="DE: Bundesliga Tivibu 2 (Türkisch)" | sourceType=XTREAM | Fields: ✓[poster] ✗[year, plot, cast, director, backdrop, duration, tmdb]
2026-01-28 14:43:30.190  8837-9361  XtreamCatalogScanWorker com.fishit.player.v2                 D  PROGRESS discovered=300 persisted=0 phase=null
2026-01-28 14:43:30.191  8837-9361  SyncPerfMetrics         com.fishit.player.v2                 D  Phase LIVE started
2026-01-28 14:43:30.192  8837-9361  XtreamCatalogScanWorker com.fishit.player.v2                 D  PROGRESS discovered=300 persisted=0 phase=LIVE
2026-01-28 14:43:30.244  8837-9309  XTC                     com.fishit.player.v2                 D  [LIVE] DTO→Raw #350 | id=xtream:live:181819 | title="MyTeam TV - 7" | sourceType=XTREAM | Fields: ✓[poster] ✗[year, plot, cast, director, backdrop, duration, tmdb]
2026-01-28 14:43:30.252  8837-9356  XTC                     com.fishit.player.v2                 D  [SERIES] DTO→Raw #1 | id=xtream:series:-441 | title="Madam Secretary" | sourceType=XTREAM | Fields: ✓[plot(542c), cast, poster] ✗[year, director, backdrop, duration, tmdb]
2026-01-28 14:43:30.269  8837-9361  XtreamCatalogScanWorker com.fishit.player.v2                 D  PROGRESS discovered=400 persisted=0 phase=null
2026-01-28 14:43:30.281  8837-9356  XTC                     com.fishit.player.v2                 D  [SERIES] DTO→Raw #50 | id=xtream:series:365 | title="4 Blocks" | sourceType=XTREAM | Fields: ✓[plot(424c), cast, poster] ✗[year, director, backdrop, duration, tmdb]
2026-01-28 14:43:30.288  8837-9309  XTC                     com.fishit.player.v2                 D  [LIVE] DTO→Raw #400 | id=xtream:live:795605 | title="DE: DEL2 EVENT 16" | sourceType=XTREAM | Fields: ✓[poster] ✗[year, plot, cast, director, backdrop, duration, tmdb]
2026-01-28 14:43:30.293  8837-9488  SyncPerfMetrics         com.fishit.player.v2                 D  Phase LIVE started
2026-01-28 14:43:30.295  8837-9488  XtreamCatalogScanWorker com.fishit.player.v2                 D  PROGRESS discovered=464 persisted=0 phase=LIVE
2026-01-28 14:43:30.302  8837-9488  XtreamCatalogScanWorker com.fishit.player.v2                 D  PROGRESS discovered=500 persisted=0 phase=null
2026-01-28 14:43:30.309  8837-9356  XTC                     com.fishit.player.v2                 D  [SERIES] DTO→Raw #100 | id=xtream:series:687 | title="The I-Land" | sourceType=XTREAM | Fields: ✓[plot(471c), cast, poster] ✗[year, director, backdrop, duration, tmdb]
2026-01-28 14:43:30.310  8837-9488  SyncPerfMetrics         com.fishit.player.v2                 D  Phase SERIES started
2026-01-28 14:43:30.310  8837-9488  XtreamCatalogScanWorker com.fishit.player.v2                 D  PROGRESS discovered=523 persisted=0 phase=SERIES
2026-01-28 14:43:30.335  8837-9356  XTC                     com.fishit.player.v2                 D  [SERIES] DTO→Raw #150 | id=xtream:series:784 | title="Who Killed Jeffrey Epstein" | sourceType=XTREAM | Fields: ✓[poster] ✗[year, plot, cast, director, backdrop, duration, tmdb]
2026-01-28 14:43:30.335  8837-9309  XTC                     com.fishit.player.v2                 D  [LIVE] DTO→Raw #450 | id=xtream:live:792958 | title="DE: RTL+ SPORT EVENT 17" | sourceType=XTREAM | Fields: ✓[poster] ✗[year, plot, cast, director, backdrop, duration, tmdb]
2026-01-28 14:43:30.336  8837-9355  XtreamCatalogScanWorker com.fishit.player.v2                 D  PROGRESS discovered=600 persisted=0 phase=null
2026-01-28 14:43:30.361  8837-9356  XTC                     com.fishit.player.v2                 D  [SERIES] DTO→Raw #200 | id=xtream:series:1141 | title="Godless" | sourceType=XTREAM | Fields: ✓[plot(170c), cast, poster] ✗[year, director, backdrop, duration, tmdb]
2026-01-28 14:43:30.362  8837-9488  SyncBatchManager        com.fishit.player.v2                 D  Flushing SERIES batch: 200 items (timeBased=false)
2026-01-28 14:43:30.362  8837-9488  CatalogSyncService      com.fishit.player.v2                 D  Persisting Xtream catalog batch (NX-ONLY): 200 items (canonical_linking=false)
2026-01-28 14:43:30.590  8837-9354  XtreamApiClient         com.fishit.player.v2                 D  StreamingFetch: Success for konigtv.com/player_api.php, streaming response
2026-01-28 14:43:30.659  8837-9355  SyncBatchManager        com.fishit.player.v2                 D  Time-based flush for LIVE: 475 items after 1207ms
2026-01-28 14:43:30.660  8837-9355  SyncBatchManager        com.fishit.player.v2                 D  Flushing LIVE batch: 475 items (timeBased=true)
2026-01-28 14:43:30.661  8837-9355  CatalogSyncService      com.fishit.player.v2                 D  Persisting Xtream live batch (NX-ONLY): 475 items
2026-01-28 14:43:30.786  8837-9354  XTC                     com.fishit.player.v2                 D  [VOD] DTO→Raw #1 | id=xtream:vod:804345 | title="Ella McCay | 2025 | 5.2" | sourceType=XTREAM | Fields: ✓[year=2025, poster] ✗[plot, cast, director, backdrop, duration, tmdb]
2026-01-28 14:43:32.124  8837-9356  CatalogSyncService      com.fishit.player.v2                 D  Xtream batch complete (HOT PATH/NX): ingested=200 total_ms=1762
2026-01-28 14:43:32.126  8837-9356  SyncPerfMetrics         com.fishit.player.v2                 D  Phase SERIES started
2026-01-28 14:43:32.126  8837-9356  XtreamCatalogScanWorker com.fishit.player.v2                 D  PROGRESS discovered=675 persisted=200 phase=SERIES
2026-01-28 14:43:32.128  8837-9361  XTC                     com.fishit.player.v2                 D  [LIVE] DTO→Raw #500 | id=xtream:live:797354 | title="DE: DAZN EVENT 26 HD" | sourceType=XTREAM | Fields: ✓[poster] ✗[year, plot, cast, director, backdrop, duration, tmdb]
2026-01-28 14:43:32.134  8837-9354  XTC                     com.fishit.player.v2                 D  [SERIES] DTO→Raw #250 | id=xtream:series:1344 | title="LOL: Last One Laughing" | sourceType=XTREAM | Fields: ✓[plot(258c), cast, poster] ✗[year, director, backdrop, duration, tmdb]
2026-01-28 14:43:32.134  8837-9356  XtreamCatalogScanWorker com.fishit.player.v2                 D  PROGRESS discovered=700 persisted=200 phase=null
2026-01-28 14:43:32.142  8837-9356  SyncPerfMetrics         com.fishit.player.v2                 D  Phase LIVE started
2026-01-28 14:43:32.143  8837-9356  XtreamCatalogScanWorker com.fishit.player.v2                 D  PROGRESS discovered=745 persisted=200 phase=LIVE
2026-01-28 14:43:32.148  8837-9361  XTC                     com.fishit.player.v2                 D  [VOD] DTO→Raw #50 | id=xtream:vod:801981 | title="Anaconda | 2025 | 6.7" | sourceType=XTREAM | Fields: ✓[year=2025, poster] ✗[plot, cast, director, backdrop, duration, tmdb]
2026-01-28 14:43:32.149  8837-9356  XtreamCatalogScanWorker com.fishit.player.v2                 D  PROGRESS discovered=800 persisted=200 phase=null
2026-01-28 14:43:32.163  8837-9491  XTC                     com.fishit.player.v2                 D  [SERIES] DTO→Raw #300 | id=xtream:series:1475 | title="Panic" | sourceType=XTREAM | Fields: ✓[plot(526c), cast, poster] ✗[year, director, backdrop, duration, tmdb]
2026-01-28 14:43:32.164  8837-9355  SyncPerfMetrics         com.fishit.player.v2                 D  Phase SERIES started
2026-01-28 14:43:32.165  8837-9355  XtreamCatalogScanWorker com.fishit.player.v2                 D  PROGRESS discovered=891 persisted=200 phase=SERIES
2026-01-28 14:43:32.166  8837-9355  XtreamCatalogScanWorker com.fishit.player.v2                 D  PROGRESS discovered=900 persisted=200 phase=null
2026-01-28 14:43:32.167  8837-9361  XTC                     com.fishit.player.v2                 D  [VOD] DTO→Raw #100 | id=xtream:vod:800634 | title="Whiteout - Überleben ist alles | 2025 | " | sourceType=XTREAM | Fields: ✓[year=2025, poster] ✗[plot, cast, director, backdrop, duration, tmdb]
2026-01-28 14:43:32.168  8837-9355  SyncPerfMetrics         com.fishit.player.v2                 D  Phase MOVIES started
2026-01-28 14:43:32.168  8837-9355  XtreamCatalogScanWorker com.fishit.player.v2                 D  PROGRESS discovered=906 persisted=200 phase=VOD
2026-01-28 14:43:32.189  8837-9361  XTC                     com.fishit.player.v2                 D  [VOD] DTO→Raw #150 | id=xtream:vod:798830 | title="825 Forest Road | 2025 | 5.9 |" | sourceType=XTREAM | Fields: ✓[year=2025, poster] ✗[plot, cast, director, backdrop, duration, tmdb]
2026-01-28 14:43:32.190  8837-9491  XTC                     com.fishit.player.v2                 D  [SERIES] DTO→Raw #350 | id=xtream:series:1604 | title="Monster bei der Arbeit" | sourceType=XTREAM | Fields: ✓[plot(482c), cast, poster] ✗[year, director, backdrop, duration, tmdb]
2026-01-28 14:43:32.200  8837-9353  XtreamCatalogScanWorker com.fishit.player.v2                 D  PROGRESS discovered=1000 persisted=200 phase=null
2026-01-28 14:43:32.206  8837-9361  XTC                     com.fishit.player.v2                 D  [VOD] DTO→Raw #200 | id=xtream:vod:797304 | title="Frankenstein | 2025 | 7.9 |" | sourceType=XTREAM | Fields: ✓[year=2025, poster] ✗[plot, cast, director, backdrop, duration, tmdb]
2026-01-28 14:43:32.218  8837-9353  SyncPerfMetrics         com.fishit.player.v2                 D  Phase MOVIES started
2026-01-28 14:43:32.219  8837-9353  XtreamCatalogScanWorker com.fishit.player.v2                 D  PROGRESS discovered=1080 persisted=200 phase=VOD
2026-01-28 14:43:32.221  8837-9353  XtreamCatalogScanWorker com.fishit.player.v2                 D  PROGRESS discovered=1100 persisted=200 phase=null
2026-01-28 14:43:32.221  8837-9491  XTC                     com.fishit.player.v2                 D  [SERIES] DTO→Raw #400 | id=xtream:series:1752 | title="The North Water" | sourceType=XTREAM | Fields: ✓[plot(570c), cast, poster] ✗[year, director, backdrop, duration, tmdb]
2026-01-28 14:43:32.225  8837-9353  SyncBatchManager        com.fishit.player.v2                 D  Flushing SERIES batch: 200 items (timeBased=false)
2026-01-28 14:43:32.225  8837-9361  XTC                     com.fishit.player.v2                 D  [VOD] DTO→Raw #250 | id=xtream:vod:794087 | title="Jenseits der blauen Grenze | 2024 | 6.4 " | sourceType=XTREAM | Fields: ✓[year=2024, poster] ✗[plot, cast, director, backdrop, duration, tmdb]
2026-01-28 14:43:32.225  8837-9353  CatalogSyncService      com.fishit.player.v2                 D  Persisting Xtream catalog batch (NX-ONLY): 200 items (canonical_linking=false)
2026-01-28 14:43:33.656  8837-9308  CatalogSyncBootstrap    com.fishit.player.v2                 I  Catalog sync bootstrap triggered; activeSources=[XTREAM]
2026-01-28 14:43:33.658  8837-9308  CatalogSyncScheduler    com.fishit.player.v2                 D  Enqueueing AUTO sync
2026-01-28 14:43:33.664  8837-9308  CatalogSyncScheduler    com.fishit.player.v2                 D  Scheduling periodic incremental sync every 2 hours
2026-01-28 14:43:33.669  8837-9308  CatalogSyncScheduler    com.fishit.player.v2                 I  Periodic incremental sync scheduled: every 2 hours
2026-01-28 14:43:33.669  8837-9308  CatalogSyncBootstrap    com.fishit.player.v2                 I  Periodic incremental sync scheduled: every 2h
2026-01-28 14:43:33.681  8837-9379  WM-SystemJobScheduler   com.fishit.player.v2                 D  Scheduling work ID e48c8815-ec9d-40a7-9a69-dc79e4d1ce07Job ID 3
2026-01-28 14:43:33.696  8837-8837  WM-SystemJobService     com.fishit.player.v2                 D  onStartJob for WorkGenerationalId(workSpecId=e48c8815-ec9d-40a7-9a69-dc79e4d1ce07, generation=0)
2026-01-28 14:43:33.697  8837-9379  WM-GreedyScheduler      com.fishit.player.v2                 D  Starting work for e48c8815-ec9d-40a7-9a69-dc79e4d1ce07
2026-01-28 14:43:33.714  8837-9379  WM-SystemJobScheduler   com.fishit.player.v2                 D  Scheduling work ID b4c430c6-5814-43d9-be34-fd95bc262ae8Job ID 4
2026-01-28 14:43:33.725  8837-9379  WM-GreedyScheduler      com.fishit.player.v2                 D  Starting tracking for b4c430c6-5814-43d9-be34-fd95bc262ae8
2026-01-28 14:43:33.732  8837-9379  WM-Processor            com.fishit.player.v2                 D  Processor: processing WorkGenerationalId(workSpecId=e48c8815-ec9d-40a7-9a69-dc79e4d1ce07, generation=0)
2026-01-28 14:43:33.734  8837-9379  WM-Processor            com.fishit.player.v2                 D  Work WorkGenerationalId(workSpecId=e48c8815-ec9d-40a7-9a69-dc79e4d1ce07, generation=0) is already enqueued for processing
2026-01-28 14:43:33.736  8837-8837  WM-SystemJobService     com.fishit.player.v2                 D  onStartJob for WorkGenerationalId(workSpecId=b4c430c6-5814-43d9-be34-fd95bc262ae8, generation=0)
2026-01-28 14:43:33.746  8837-8837  WM-WorkerWrapper        com.fishit.player.v2                 D  Starting work for com.fishit.player.v2.work.CatalogSyncOrchestratorWorker
2026-01-28 14:43:33.747  8837-9308  CatalogSyn...atorWorker com.fishit.player.v2                 I  START sync_run_id=07b6c489-08c4-43ca-b1f8-00b1a3d01a65 mode=auto
2026-01-28 14:43:33.748  8837-9379  WM-Processor            com.fishit.player.v2                 D  Processor: processing WorkGenerationalId(workSpecId=b4c430c6-5814-43d9-be34-fd95bc262ae8, generation=0)
2026-01-28 14:43:33.755  8837-8837  WM-WorkerWrapper        com.fishit.player.v2                 D  Starting work for com.fishit.player.v2.work.CatalogSyncOrchestratorWorker
2026-01-28 14:43:33.755  8837-9356  CatalogSyn...atorWorker com.fishit.player.v2                 I  START sync_run_id=periodic_1769607813666 mode=incremental
2026-01-28 14:43:33.772  8837-9356  RuntimeGuards           com.fishit.player.v2                 D  Manual sync (incremental) - skipping battery guard (level=100%)
2026-01-28 14:43:33.772  8837-9379  WM-ConstraintTracker    com.fishit.player.v2                 D  BatteryNotLowTracker: initial state = true
2026-01-28 14:43:33.772  8837-9379  WM-BrdcstRcvrCnstrntTrc com.fishit.player.v2                 D  BatteryNotLowTracker: registering receiver
2026-01-28 14:43:33.772  8837-9356  CatalogSyn...atorWorker com.fishit.player.v2                 I  Active sources check: [XTREAM] (isEmpty=false)
2026-01-28 14:43:33.773  8837-9308  RuntimeGuards           com.fishit.player.v2                 D  Manual sync (auto) - skipping battery guard (level=100%)
2026-01-28 14:43:33.773  8837-9308  CatalogSyn...atorWorker com.fishit.player.v2                 I  Active sources check: [XTREAM] (isEmpty=false)
2026-01-28 14:43:33.774  8837-9308  CatalogSyn...atorWorker com.fishit.player.v2                 D  Active sources: [XTREAM] (TELEGRAM=false, XTREAM=true, IO=false)
2026-01-28 14:43:33.776  8837-9308  CatalogSyn...atorWorker com.fishit.player.v2                 D  Enqueued Xtream chain: work_name=catalog_sync_global_xtream policy=KEEP workers=2
2026-01-28 14:43:33.776  8837-9308  CatalogSyn...atorWorker com.fishit.player.v2                 D  Telegram not in active sources - skipping Telegram workers
2026-01-28 14:43:33.777  8837-9308  CatalogSyn...atorWorker com.fishit.player.v2                 D  📊 WorkInfo chains enqueued:
                                                                                                      [XTREAM] work_name=catalog_sync_global_xtream → ENQUEUED
                                                                                                      Use 'adb shell dumpsys jobscheduler' or WorkManager Inspector for detailed state
2026-01-28 14:43:33.777  8837-9308  CatalogSyn...atorWorker com.fishit.player.v2                 I  CHAINS_ENQUEUED duration_ms=31 policy=KEEP sources=XTREAM (downstream workers will report completion)
2026-01-28 14:43:33.779  8837-9356  CatalogSyn...atorWorker com.fishit.player.v2                 D  Active sources: [XTREAM] (TELEGRAM=false, XTREAM=true, IO=false)
2026-01-28 14:43:33.781  8837-9356  CatalogSyn...atorWorker com.fishit.player.v2                 D  Enqueued Xtream chain: work_name=catalog_sync_global_xtream policy=KEEP workers=2
2026-01-28 14:43:33.782  8837-9356  CatalogSyn...atorWorker com.fishit.player.v2                 D  Telegram not in active sources - skipping Telegram workers
2026-01-28 14:43:33.782  8837-9356  CatalogSyn...atorWorker com.fishit.player.v2                 D  📊 WorkInfo chains enqueued:
                                                                                                      [XTREAM] work_name=catalog_sync_global_xtream → ENQUEUED
                                                                                                      Use 'adb shell dumpsys jobscheduler' or WorkManager Inspector for detailed state
2026-01-28 14:43:33.783  8837-9356  CatalogSyn...atorWorker com.fishit.player.v2                 I  CHAINS_ENQUEUED duration_ms=28 policy=KEEP sources=XTREAM (downstream workers will report completion)
2026-01-28 14:43:33.783  8837-9379  WM-ConstraintTracker    com.fishit.player.v2                 D  NetworkStateTracker24: initial state = NetworkState(isConnected=true, isValidated=true, isMetered=true, isNotRoaming=true)
2026-01-28 14:43:33.783  8837-9379  WM-NetworkStateTracker  com.fishit.player.v2                 D  Registering network callback
2026-01-28 14:43:33.785  8837-9379  ConnectivityManager     com.fishit.player.v2                 D  StackLog: [android.net.ConnectivityManager.sendRequestForNetwork(ConnectivityManager.java:4402)] [android.net.ConnectivityManager.registerDefaultNetworkCallbackForUid(ConnectivityManager.java:4966)] [android.net.ConnectivityManager.registerDefaultNetworkCallback(ConnectivityManager.java:4933)] [android.net.ConnectivityManager.registerDefaultNetworkCallback(ConnectivityManager.java:4907)] [androidx.work.impl.utils.NetworkApi24.registerDefaultNetworkCallbackCompat(NetworkApi24.kt:26)] [androidx.work.impl.constraints.trackers.NetworkStateTracker24.startTracking(NetworkStateTracker.kt:165)] [androidx.work.impl.constraints.trackers.ConstraintTracker.addListener(ConstraintTracker.kt:52)] [androidx.work.impl.constraints.controllers.BaseConstraintController$track$1.invokeSuspend(ContraintControllers.kt:62)] [androidx.work.impl.constraints.controllers.BaseConstraintController$track$1.invoke(Unknown Source:8)] [androidx.work.impl.constraints.controllers.BaseConstraintController$track$1.invoke(Unknown Source:4)] [kotlinx.coroutines.flow.ChannelFlowBuilder.collectTo$suspendImpl(Builders.kt:316)] [kotlinx.coroutines.flow.ChannelFlowBuilder.collectTo(Unknown Source:0)] [kotlinx.coroutines.flow.CallbackFlowBuilder.collectTo(Builders.kt:330)] [kotlinx.coroutines.flow.internal.ChannelFlow$collectToFun$1.invokeSuspend(ChannelFlow.kt:56)] [kotlin.coroutines.jvm.internal.BaseContinuationImpl.resumeWith(ContinuationImpl.kt:34)] [kotlinx.coroutines.DispatchedTask.run(DispatchedTask.kt:100)] [androidx.work.impl.utils.SerialExecutorImpl$Task.run(SerialExecutorImpl.java:96)] [java.util.concurrent.ThreadPoolExecutor.runWorker(ThreadPoolExecutor.java:1145)] [java.util.concurrent.ThreadPoolExecutor$Worker.run(ThreadPoolExecutor.java:644)] [java.lang.Thread.run(Thread.java:1012)]
2026-01-28 14:43:33.800  8837-9519  WM-NetworkStateTracker  com.fishit.player.v2                 D  Network capabilities changed: [ Transports: CELLULAR Capabilities: SUPL&INTERNET&NOT_RESTRICTED&TRUSTED&NOT_VPN&VALIDATED&NOT_ROAMING&FOREGROUND&NOT_CONGESTED&NOT_SUSPENDED&NOT_VCN_MANAGED LinkUpBandwidth>=38406Kbps LinkDnBandwidth>=60510Kbps Specifier: <TelephonyNetworkSpecifier [mSubId = 1]> SubscriptionIds: {1} UnderlyingNetworks: Null]
2026-01-28 14:43:33.804  8837-9379  WM-EnqueueRunnable      com.fishit.player.v2                 E  Prerequisite 4a0f9587-c80e-474e-8763-2158ba21a765 doesn't exist; not enqueuing
2026-01-28 14:43:33.807  8837-9379  WM-WorkerWrapper        com.fishit.player.v2                 I  Worker result SUCCESS for Work [ id=e48c8815-ec9d-40a7-9a69-dc79e4d1ce07, tags={ com.fishit.player.v2.work.CatalogSyncOrchestratorWorker,catalog_sync,mode_auto,worker/CatalogSyncOrchestratorWorker } ]
2026-01-28 14:43:33.810  8837-8837  WM-Processor            com.fishit.player.v2                 D  Processor e48c8815-ec9d-40a7-9a69-dc79e4d1ce07 executed; reschedule = false
2026-01-28 14:43:33.811  8837-8837  WM-SystemJobService     com.fishit.player.v2                 D  e48c8815-ec9d-40a7-9a69-dc79e4d1ce07 executed on JobScheduler
2026-01-28 14:43:33.813  8837-9379  WM-EnqueueRunnable      com.fishit.player.v2                 E  Prerequisite 347959c7-8e88-4ca5-a77c-e4a1152a7c32 doesn't exist; not enqueuing
2026-01-28 14:43:33.816  8837-9379  WM-WorkerWrapper        com.fishit.player.v2                 I  Worker result SUCCESS for Work [ id=b4c430c6-5814-43d9-be34-fd95bc262ae8, tags={ com.fishit.player.v2.work.CatalogSyncOrchestratorWorker,catalog_sync,mode_incremental,worker/CatalogSyncOrchestratorWorker } ]
2026-01-28 14:43:33.819  8837-8837  WM-Processor            com.fishit.player.v2                 D  Processor b4c430c6-5814-43d9-be34-fd95bc262ae8 executed; reschedule = false
2026-01-28 14:43:33.820  8837-8837  WM-GreedyScheduler      com.fishit.player.v2                 D  Stopping tracking for WorkGenerationalId(workSpecId=b4c430c6-5814-43d9-be34-fd95bc262ae8, generation=0)
2026-01-28 14:43:33.821  8837-8837  WM-SystemJobService     com.fishit.player.v2                 D  b4c430c6-5814-43d9-be34-fd95bc262ae8 executed on JobScheduler
2026-01-28 14:43:33.825  8837-9379  WM-GreedyScheduler      com.fishit.player.v2                 D  Cancelling work ID e48c8815-ec9d-40a7-9a69-dc79e4d1ce07
2026-01-28 14:43:33.834  8837-9379  WM-SystemJobScheduler   com.fishit.player.v2                 D  Scheduling work ID b4c430c6-5814-43d9-be34-fd95bc262ae8Job ID 4
2026-01-28 14:43:33.857  8837-9379  WM-GreedyScheduler      com.fishit.player.v2                 D  Cancelling work ID b4c430c6-5814-43d9-be34-fd95bc262ae8
2026-01-28 14:43:33.864  8837-9379  WM-BrdcstRcvrCnstrntTrc com.fishit.player.v2                 D  BatteryNotLowTracker: unregistering receiver
2026-01-28 14:43:33.866  8837-9379  WM-NetworkStateTracker  com.fishit.player.v2                 D  Unregistering network callback
2026-01-28 14:43:33.867  8837-9379  ConnectivityManager     com.fishit.player.v2                 D  StackLog: [android.net.ConnectivityManager.unregisterNetworkCallback(ConnectivityManager.java:5076)] [androidx.work.impl.utils.NetworkApi21.unregisterNetworkCallbackCompat(NetworkApi21.kt:28)] [androidx.work.impl.constraints.trackers.NetworkStateTracker24.stopTracking(NetworkStateTracker.kt:180)] [androidx.work.impl.constraints.trackers.ConstraintTracker.removeListener(ConstraintTracker.kt:67)] [androidx.work.impl.constraints.controllers.BaseConstraintController$track$1$1.invoke(ContraintControllers.kt:63)] [androidx.work.impl.constraints.controllers.BaseConstraintController$track$1$1.invoke(ContraintControllers.kt:63)] [kotlinx.coroutines.channels.ProduceKt.awaitClose(Produce.kt:69)] [kotlinx.coroutines.channels.ProduceKt$awaitClose$1.invokeSuspend(Unknown Source:13)] [kotlin.coroutines.jvm.internal.BaseContinuationImpl.resumeWith(ContinuationImpl.kt:34)] [kotlinx.coroutines.DispatchedTask.run(DispatchedTask.kt:98)] [androidx.work.impl.utils.SerialExecutorImpl$Task.run(SerialExecutorImpl.java:96)] [java.util.concurrent.ThreadPoolExecutor.runWorker(ThreadPoolExecutor.java:1145)] [java.util.concurrent.ThreadPoolExecutor$Worker.run(ThreadPoolExecutor.java:644)] [java.lang.Thread.run(Thread.java:1012)]
