2026-01-30 12:24:32.844  5427-5736  CatalogSyncService      com.fishit.player.v2                 D  Xtream batch complete (NX): ingested=400 ingest_ms=23938 total_ms=23939
2026-01-30 12:24:32.856  5427-6196  XTC                     com.fishit.player.v2                 D  [VOD] DTOâ†’Raw #2050 | id=xtream:vod:639373 | title="A Life Too Short: The Isabella Nardoni C" | sourceType=XTREAM | Fields: âœ“[year=2023, poster] âœ—[plot, cast, director, backdrop, duration, tmdb]
2026-01-30 12:24:32.869  5427-6199  XTC                     com.fishit.player.v2                 D  [LIVE] DTOâ†’Raw #3500 | id=xtream:live:82078 | title="BULGARIA KIDS" | sourceType=XTREAM | Fields: âœ“[] âœ—[year, plot, cast, director, poster, backdrop, duration, tmdb]
2026-01-30 12:24:32.869  5427-6196  XTC                     com.fishit.player.v2                 D  [VOD] DTOâ†’Raw #2100 | id=xtream:vod:622323 | title="Operacja: Soulcatcher | 2023 | 6.4 |" | sourceType=XTREAM | Fields: âœ“[year=2023, poster] âœ—[plot, cast, director, backdrop, duration, tmdb]
2026-01-30 12:24:32.871  5427-5737  XtreamCatalogScanWorker com.fishit.player.v2                 D  PROGRESS discovered=5601 persisted=3600 phase=N/A
2026-01-30 12:24:32.879  5427-5736  CatalogSyncService      com.fishit.player.v2                 D  Persisting Xtream catalog batch (NX-ONLY): 400 items (canonical_linking=true)
2026-01-30 12:24:32.885  5427-6196  XTC                     com.fishit.player.v2                 D  [VOD] DTOâ†’Raw #2150 | id=xtream:vod:613244 | title="Bird Box: Barcelona | 2023 | 6.7 |" | sourceType=XTREAM | Fields: âœ“[year=2023, poster] âœ—[plot, cast, director, backdrop, duration, tmdb]
2026-01-30 12:24:32.897  5427-6196  XTC                     com.fishit.player.v2                 D  [VOD] DTOâ†’Raw #2200 | id=xtream:vod:580171 | title="Infinity Pool | 2023 | 6.3" | sourceType=XTREAM | Fields: âœ“[year=2023, poster] âœ—[plot, cast, director, backdrop, duration, tmdb]
2026-01-30 12:24:32.913  5427-6196  XTC                     com.fishit.player.v2                 D  [VOD] DTOâ†’Raw #2250 | id=xtream:vod:414905 | title="Scream 6 (2023)" | sourceType=XTREAM | Fields: âœ“[year=2023, poster] âœ—[plot, cast, director, backdrop, duration, tmdb]
2026-01-30 12:24:32.939  5427-6196  XTC                     com.fishit.player.v2                 D  [VOD] DTOâ†’Raw #2300 | id=xtream:vod:383802 | title="American Murderer (2022)" | sourceType=XTREAM | Fields: âœ“[year=2022, poster] âœ—[plot, cast, director, backdrop, duration, tmdb]
2026-01-30 12:24:42.389  5427-5442  ishit.player.v2         com.fishit.player.v2                 I  Background concurrent copying GC freed 595430(25MB) AllocSpace objects, 0(0B) LOS objects, 46% free, 28MB/52MB, paused 161us,106us total 103.351ms
2026-01-30 12:24:52.184  5427-5737  CatalogSyncService      com.fishit.player.v2                 D  Xtream batch complete (NX): ingested=400 ingest_ms=20394 total_ms=20395
2026-01-30 12:24:52.186  5427-6009  XTC                     com.fishit.player.v2                 D  [LIVE] DTOâ†’Raw #3550 | id=xtream:live:82070 | title="BG: MAX Sport 3 HD" | sourceType=XTREAM | Fields: âœ“[] âœ—[year, plot, cast, director, poster, backdrop, duration, tmdb]
2026-01-30 12:24:52.193  5427-5737  CatalogSyncService      com.fishit.player.v2                 D  Persisting Xtream catalog batch (NX-ONLY): 400 items (canonical_linking=true)
2026-01-30 12:24:52.209  5427-5784  XTC                     com.fishit.player.v2                 D  [VOD] DTOâ†’Raw #2350 | id=xtream:vod:383892 | title="Familie um jeden Preis (2022)" | sourceType=XTREAM | Fields: âœ“[year=2022, poster] âœ—[plot, cast, director, backdrop, duration, tmdb]
2026-01-30 12:24:52.215  5427-6009  XTC                     com.fishit.player.v2                 D  [LIVE] DTOâ†’Raw #3600 | id=xtream:live:43803 | title="AL: RTSH Plus" | sourceType=XTREAM | Fields: âœ“[] âœ—[year, plot, cast, director, poster, backdrop, duration, tmdb]
2026-01-30 12:24:52.229  5427-6009  XTC                     com.fishit.player.v2                 D  [LIVE] DTOâ†’Raw #3650 | id=xtream:live:23257 | title="AL: TV Mitrovica" | sourceType=XTREAM | Fields: âœ“[] âœ—[year, plot, cast, director, poster, backdrop, duration, tmdb]
2026-01-30 12:24:52.229  5427-5784  XTC                     com.fishit.player.v2                 D  [VOD] DTOâ†’Raw #2400 | id=xtream:vod:384013 | title="Happy Nous Year (2022)" | sourceType=XTREAM | Fields: âœ“[year=2022, poster] âœ—[plot, cast, director, backdrop, duration, tmdb]
2026-01-30 12:24:52.243  5427-6009  XTC                     com.fishit.player.v2                 D  [LIVE] DTOâ†’Raw #3700 | id=xtream:live:101384 | title="AL: PEACE TV" | sourceType=XTREAM | Fields: âœ“[] âœ—[year, plot, cast, director, poster, backdrop, duration, tmdb]
2026-01-30 12:24:52.248  5427-5784  XTC                     com.fishit.player.v2                 D  [VOD] DTOâ†’Raw #2450 | id=xtream:vod:384103 | title="Batman und Superman: Kampf der SupersÃ¶hn" | sourceType=XTREAM | Fields: âœ“[year=2022, poster] âœ—[plot, cast, director, backdrop, duration, tmdb]
2026-01-30 12:24:52.255  5427-6009  XTC                     com.fishit.player.v2                 D  [LIVE] DTOâ†’Raw #3750 | id=xtream:live:705095 | title="AL: KS Ã‡iftelia" | sourceType=XTREAM | Fields: âœ“[] âœ—[year, plot, cast, director, poster, backdrop, duration, tmdb]
2026-01-30 12:24:53.396  5427-5442  ishit.player.v2         com.fishit.player.v2                 I  Background concurrent copying GC freed 607003(25MB) AllocSpace objects, 0(0B) LOS objects, 47% free, 26MB/50MB, paused 145us,97us total 102.230ms
2026-01-30 12:24:53.968  5427-6009  CatalogSyncService      com.fishit.player.v2                 D  Xtream batch complete (NX): ingested=400 ingest_ms=21640 total_ms=21640
2026-01-30 12:24:53.975  5427-5735  XTC                     com.fishit.player.v2                 D  [LIVE] DTOâ†’Raw #3800 | id=xtream:live:23250 | title="AL: Tring Super" | sourceType=XTREAM | Fields: âœ“[poster] âœ—[year, plot, cast, director, backdrop, duration, tmdb]
2026-01-30 12:24:53.976  5427-6199  XTC                     com.fishit.player.v2                 D  [VOD] DTOâ†’Raw #2500 | id=xtream:vod:384161 | title="Emily the Criminal (2022)" | sourceType=XTREAM | Fields: âœ“[year=2022, poster] âœ—[plot, cast, director, backdrop, duration, tmdb]
2026-01-30 12:24:53.977  5427-6009  CatalogSyncService      com.fishit.player.v2                 D  Persisting Xtream catalog batch (NX-ONLY): 400 items (canonical_linking=true)
2026-01-30 12:24:53.979  5427-6029  XtreamCatalogScanWorker com.fishit.player.v2                 D  PROGRESS discovered=6308 persisted=4400 phase=N/A
2026-01-30 12:24:53.985  5427-5735  XTC                     com.fishit.player.v2                 D  [LIVE] DTOâ†’Raw #3850 | id=xtream:live:101660 | title="AL: X Action FHD" | sourceType=XTREAM | Fields: âœ“[] âœ—[year, plot, cast, director, poster, backdrop, duration, tmdb]
2026-01-30 12:24:53.997  5427-5735  XTC                     com.fishit.player.v2                 D  [LIVE] DTOâ†’Raw #3900 | id=xtream:live:354111 | title="AL: Tring Smile" | sourceType=XTREAM | Fields: âœ“[] âœ—[year, plot, cast, director, poster, backdrop, duration, tmdb]
2026-01-30 12:24:54.014  5427-5735  XTC                     com.fishit.player.v2                 D  [LIVE] DTOâ†’Raw #3950 | id=xtream:live:711755 | title="AL: NETFLIX FANTAZI" | sourceType=XTREAM | Fields: âœ“[] âœ—[year, plot, cast, director, poster, backdrop, duration, tmdb]
2026-01-30 12:24:54.034  5427-5735  XTC                     com.fishit.player.v2                 D  [LIVE] DTOâ†’Raw #4000 | id=xtream:live:711839 | title="AL: WebStar Cinema DE" | sourceType=XTREAM | Fields: âœ“[] âœ—[year, plot, cast, director, poster, backdrop, duration, tmdb]
2026-01-30 12:24:54.035  5427-6196  XtreamCatalogScanWorker com.fishit.player.v2                 D  PROGRESS discovered=6500 persisted=4400 phase=N/A
2026-01-30 12:24:54.083  5427-5735  XTC                     com.fishit.player.v2                 D  [LIVE] DTOâ†’Raw #4050 | id=xtream:live:711915 | title="AL: HS Select Shqip Black Panther" | sourceType=XTREAM | Fields: âœ“[] âœ—[year, plot, cast, director, poster, backdrop, duration, tmdb]
2026-01-30 12:24:54.106  5427-5735  XTC                     com.fishit.player.v2                 D  [LIVE] DTOâ†’Raw #4100 | id=xtream:live:23216 | title="AL: RTSH SPORT FHD" | sourceType=XTREAM | Fields: âœ“[poster] âœ—[year, plot, cast, director, backdrop, duration, tmdb]
2026-01-30 12:24:54.113  5427-6199  XTC                     com.fishit.player.v2                 D  [VOD] DTOâ†’Raw #2550 | id=xtream:vod:384228 | title="Monsieur Claude und sein groÃŸes Fest (20" | sourceType=XTREAM | Fields: âœ“[year=2021, poster] âœ—[plot, cast, director, backdrop, duration, tmdb]
2026-01-30 12:24:54.674  5427-5737  CatalogSyncService      com.fishit.player.v2                 D  Xtream batch complete (NX): ingested=400 ingest_ms=21794 total_ms=21795
2026-01-30 12:24:54.682  5427-5737  CatalogSyncService      com.fishit.player.v2                 D  Persisting Xtream catalog batch (NX-ONLY): 400 items (canonical_linking=true)
2026-01-30 12:24:54.694  5427-5786  XTC                     com.fishit.player.v2                 D  [LIVE] DTOâ†’Raw #4150 | id=xtream:live:66008 | title="GR: AXELWOS TV" | sourceType=XTREAM | Fields: âœ“[poster] âœ—[year, plot, cast, director, backdrop, duration, tmdb]
2026-01-30 12:24:54.705  5427-5782  XTC                     com.fishit.player.v2                 D  [VOD] DTOâ†’Raw #2600 | id=xtream:vod:384290 | title="Stand up! Was bleibt, wenn alles weg ist" | sourceType=XTREAM | Fields: âœ“[year=2022, poster] âœ—[plot, cast, director, backdrop, duration, tmdb]
2026-01-30 12:24:54.712  5427-5786  XTC                     com.fishit.player.v2                 D  [LIVE] DTOâ†’Raw #4200 | id=xtream:live:66037 | title="GR: COSMOTE CINEMA 1 HD" | sourceType=XTREAM | Fields: âœ“[] âœ—[year, plot, cast, director, poster, backdrop, duration, tmdb]
2026-01-30 12:24:54.739  5427-5786  XTC                     com.fishit.player.v2                 D  [LIVE] DTOâ†’Raw #4250 | id=xtream:live:66041 | title="GR: NOVA SPORTS 4 HD" | sourceType=XTREAM | Fields: âœ“[] âœ—[year, plot, cast, director, poster, backdrop, duration, tmdb]
2026-01-30 12:24:54.742  5427-5782  XTC                     com.fishit.player.v2                 D  [VOD] DTOâ†’Raw #2650 | id=xtream:vod:384361 | title="Unhuman - Wem kannst du trauen? (2022)" | sourceType=XTREAM | Fields: âœ“[year=2022, poster] âœ—[plot, cast, director, backdrop, duration, tmdb]
2026-01-30 12:24:54.749  5427-5786  XTC                     com.fishit.player.v2                 D  [LIVE] DTOâ†’Raw #4300 | id=xtream:live:801252 | title="GR: COSMOTE History" | sourceType=XTREAM | Fields: âœ“[] âœ—[year, plot, cast, director, poster, backdrop, duration, tmdb]
2026-01-30 12:24:54.760  5427-5782  XTC                     com.fishit.player.v2                 D  [VOD] DTOâ†’Raw #2700 | id=xtream:vod:388669 | title="Antlers (2021)" | sourceType=XTREAM | Fields: âœ“[year=2021, poster] âœ—[plot, cast, director, backdrop, duration, tmdb]
2026-01-30 12:24:54.761  5427-5786  XTC                     com.fishit.player.v2                 D  [LIVE] DTOâ†’Raw #4350 | id=xtream:live:46412 | title="IT: Rai Movie HD" | sourceType=XTREAM | Fields: âœ“[poster] âœ—[year, plot, cast, director, backdrop, duration, tmdb]
2026-01-30 12:24:54.992  5427-5442  ishit.player.v2         com.fishit.player.v2                 I  Background concurrent copying GC freed 682535(27MB) AllocSpace objects, 0(0B) LOS objects, 45% free, 28MB/52MB, paused 172us,139us total 217.385ms
2026-01-30 12:24:55.012  5427-5444  Box                     com.fishit.player.v2                 W  Skipping low-level close for read-only cursor (non-creator thread 'FinalizerDaemon')
2026-01-30 12:24:55.012  5427-5444  System.out              com.fishit.player.v2                 I  Hint: use closeThreadResources() to avoid finalizing recycled transactions (initial commit count: 3929).
2026-01-30 12:24:55.012  5427-5444  Box                     com.fishit.player.v2                 E  Destroying inactive transaction #10441 owned by thread #19 in non-owner thread 'FinalizerDaemon'
2026-01-30 12:24:55.012  5427-5444  Box                     com.fishit.player.v2                 E  Aborting a read transaction in a non-creator thread is a severe usage error and may cause a panic in a future version
2026-01-30 12:24:55.013  5427-5444  System.out              com.fishit.player.v2                 I  Hint: use closeThreadResources() to avoid finalizing recycled transactions (initial commit count: 3901).
2026-01-30 12:24:55.014  5427-5444  Box                     com.fishit.player.v2                 W  Skipping low-level close for read-only cursor (non-creator thread 'FinalizerDaemon')
2026-01-30 12:24:55.014  5427-5444  Box                     com.fishit.player.v2                 E  Destroying inactive transaction #10401 owned by thread #19 in non-owner thread 'FinalizerDaemon'
2026-01-30 12:24:55.014  5427-5444  Box                     com.fishit.player.v2                 E  Aborting a read transaction in a non-creator thread is a severe usage error and may cause a panic in a future version
2026-01-30 12:24:56.418  5427-5442  ishit.player.v2         com.fishit.player.v2                 I  Background concurrent copying GC freed 641701(27MB) AllocSpace objects, 0(0B) LOS objects, 46% free, 28MB/52MB, paused 104us,85us total 105.117ms
2026-01-30 12:25:01.541  5427-5442  ishit.player.v2         com.fishit.player.v2                 I  Background concurrent copying GC freed 569818(24MB) AllocSpace objects, 0(0B) LOS objects, 45% free, 29MB/53MB, paused 88us,49us total 107.624ms
2026-01-30 12:25:06.399  5427-5442  ishit.player.v2         com.fishit.player.v2                 I  Background concurrent copying GC freed 594353(24MB) AllocSpace objects, 0(0B) LOS objects, 45% free, 28MB/52MB, paused 93us,92us total 107.173ms
2026-01-30 12:25:07.798  5427-5442  ishit.player.v2         com.fishit.player.v2                 I  Background concurrent copying GC freed 664249(27MB) AllocSpace objects, 0(0B) LOS objects, 46% free, 27MB/51MB, paused 80us,53us total 104.037ms
2026-01-30 12:25:07.979  5427-5783  CatalogSyncService      com.fishit.player.v2                 D  Xtream batch complete (NX): ingested=400 ingest_ms=15786 total_ms=15786
2026-01-30 12:25:07.980  5427-5783  CatalogSyncService      com.fishit.player.v2                 D  Consumer#0: 5 batches, 5200 total items
2026-01-30 12:25:07.989  5427-5783  CatalogSyncService      com.fishit.player.v2                 D  Persisting Xtream catalog batch (NX-ONLY): 400 items (canonical_linking=true)
2026-01-30 12:25:08.000  5427-6200  XTC                     com.fishit.player.v2                 D  [VOD] DTOâ†’Raw #2750 | id=xtream:vod:388719 | title="Breaking News in Yuba County (2021)" | sourceType=XTREAM | Fields: âœ“[year=2021, poster] âœ—[plot, cast, director, backdrop, duration, tmdb]
2026-01-30 12:25:08.017  5427-6200  XTC                     com.fishit.player.v2                 D  [VOD] DTOâ†’Raw #2800 | id=xtream:vod:388770 | title="Dark Glasses (2022)" | sourceType=XTREAM | Fields: âœ“[year=2022, poster] âœ—[plot, cast, director, backdrop, duration, tmdb]
2026-01-30 12:25:08.019  5427-6196  XTC                     com.fishit.player.v2                 D  [LIVE] DTOâ†’Raw #4400 | id=xtream:live:67954 | title="IT: RDS Social TV" | sourceType=XTREAM | Fields: âœ“[poster] âœ—[year, plot, cast, director, backdrop, duration, tmdb]
2026-01-30 12:25:08.033  5427-6200  XTC                     com.fishit.player.v2                 D  [VOD] DTOâ†’Raw #2850 | id=xtream:vod:388820 | title="Die Rettung der uns bekannten Welt (2021" | sourceType=XTREAM | Fields: âœ“[year=2021, poster] âœ—[plot, cast, director, backdrop, duration, tmdb]
2026-01-30 12:25:08.044  5427-6196  XTC                     com.fishit.player.v2                 D  [LIVE] DTOâ†’Raw #4450 | id=xtream:live:82909 | title="IT: SKY SPORT FOOTBALL FHD" | sourceType=XTREAM | Fields: âœ“[poster] âœ—[year, plot, cast, director, backdrop, duration, tmdb]
2026-01-30 12:25:08.048  5427-6200  XTC                     com.fishit.player.v2                 D  [VOD] DTOâ†’Raw #2900 | id=xtream:vod:388870 | title="Lointain (2021)" | sourceType=XTREAM | Fields: âœ“[year=2021, poster] âœ—[plot, cast, director, backdrop, duration, tmdb]
2026-01-30 12:25:08.060  5427-6196  XTC                     com.fishit.player.v2                 D  [LIVE] DTOâ†’Raw #4500 | id=xtream:live:199393 | title="IT: SKY SPORT AEW / WWE HD" | sourceType=XTREAM | Fields: âœ“[poster] âœ—[year, plot, cast, director, backdrop, duration, tmdb]
2026-01-30 12:25:08.061  5427-6200  XTC                     com.fishit.player.v2                 D  [VOD] DTOâ†’Raw #2950 | id=xtream:vod:388922 | title="Held (2021)" | sourceType=XTREAM | Fields: âœ“[year=2021, poster] âœ—[plot, cast, director, backdrop, duration, tmdb]
2026-01-30 12:25:08.420  5427-5783  CatalogSyncService      com.fishit.player.v2                 D  Xtream batch complete (NX): ingested=400 ingest_ms=14441 total_ms=14442
2026-01-30 12:25:08.420  5427-5783  CatalogSyncService      com.fishit.player.v2                 D  Consumer#1: 5 batches, 5600 total items
2026-01-30 12:25:08.425  5427-6029  XtreamCatalogScanWorker com.fishit.player.v2                 D  PROGRESS discovered=7445 persisted=5600 phase=N/A
2026-01-30 12:25:08.429  5427-5783  CatalogSyncService      com.fishit.player.v2                 D  Persisting Xtream catalog batch (NX-ONLY): 400 items (canonical_linking=true)
2026-01-30 12:25:08.435  5427-5736  XTC                     com.fishit.player.v2                 D  [VOD] DTOâ†’Raw #3000 | id=xtream:vod:388974 | title="Kate (2021)" | sourceType=XTREAM | Fields: âœ“[year=2021, poster] âœ—[plot, cast, director, backdrop, duration, tmdb]
2026-01-30 12:25:08.439  5427-5786  XtreamCatalogScanWorker com.fishit.player.v2                 D  PROGRESS discovered=7521 persisted=5600 phase=N/A
2026-01-30 12:25:08.456  5427-5735  XTC                     com.fishit.player.v2                 D  [LIVE] DTOâ†’Raw #4550 | id=xtream:live:366001 | title="IT: DAZN Event 2" | sourceType=XTREAM | Fields: âœ“[poster] âœ—[year, plot, cast, director, backdrop, duration, tmdb]
2026-01-30 12:25:08.486  5427-5735  XTC                     com.fishit.player.v2                 D  [LIVE] DTOâ†’Raw #4600 | id=xtream:live:338065 | title="ONEFOOTBALL EVENT 06 HD" | sourceType=XTREAM | Fields: âœ“[] âœ—[year, plot, cast, director, poster, backdrop, duration, tmdb]
2026-01-30 12:25:08.522  5427-5736  XTC                     com.fishit.player.v2                 D  [VOD] DTOâ†’Raw #3050 | id=xtream:vod:389025 | title="Megaboa (2021)" | sourceType=XTREAM | Fields: âœ“[year=2021, poster] âœ—[plot, cast, director, backdrop, duration, tmdb]
2026-01-30 12:25:08.524  5427-5735  XTC                     com.fishit.player.v2                 D  [LIVE] DTOâ†’Raw #4650 | id=xtream:live:367944 | title="IT: SERIE A3 HD" | sourceType=XTREAM | Fields: âœ“[] âœ—[year, plot, cast, director, poster, backdrop, duration, tmdb]
2026-01-30 12:25:08.540  5427-5735  XTC                     com.fishit.player.v2                 D  [LIVE] DTOâ†’Raw #4700 | id=xtream:live:180443 | title="IT: Sky Cinema Drama +1 HD" | sourceType=XTREAM | Fields: âœ“[poster] âœ—[year, plot, cast, director, backdrop, duration, tmdb]
2026-01-30 12:25:08.541  5427-5736  XTC                     com.fishit.player.v2                 D  [VOD] DTOâ†’Raw #3100 | id=xtream:vod:389076 | title="Old (2021)" | sourceType=XTREAM | Fields: âœ“[year=2021, poster] âœ—[plot, cast, director, backdrop, duration, tmdb]
2026-01-30 12:25:09.147  5427-5442  ishit.player.v2         com.fishit.player.v2                 I  Background concurrent copying GC freed 625624(25MB) AllocSpace objects, 0(0B) LOS objects, 44% free, 29MB/53MB, paused 104us,99us total 121.196ms
2026-01-30 12:25:09.348  5427-6029  CatalogSyncService      com.fishit.player.v2                 D  Xtream batch complete (NX): ingested=400 ingest_ms=14665 total_ms=14666
2026-01-30 12:25:09.348  5427-6029  CatalogSyncService      com.fishit.player.v2                 D  Consumer#2: 5 batches, 6000 total items
2026-01-30 12:25:09.359  5427-6200  XTC                     com.fishit.player.v2                 D  [LIVE] DTOâ†’Raw #4750 | id=xtream:live:46424 | title="IT: Paramount Network" | sourceType=XTREAM | Fields: âœ“[poster] âœ—[year, plot, cast, director, backdrop, duration, tmdb]
2026-01-30 12:25:09.360  5427-6029  CatalogSyncService      com.fishit.player.v2                 D  Persisting Xtream catalog batch (NX-ONLY): 400 items (canonical_linking=true)
2026-01-30 12:25:09.363  5427-5735  XTC                     com.fishit.player.v2                 D  [VOD] DTOâ†’Raw #3150 | id=xtream:vod:389127 | title="Rettungshund Ruby (2022)" | sourceType=XTREAM | Fields: âœ“[year=2022, poster] âœ—[plot, cast, director, backdrop, duration, tmdb]
2026-01-30 12:25:09.373  5427-6200  XTC                     com.fishit.player.v2                 D  [LIVE] DTOâ†’Raw #4800 | id=xtream:live:46494 | title="IT: Giallo HD" | sourceType=XTREAM | Fields: âœ“[poster] âœ—[year, plot, cast, director, backdrop, duration, tmdb]
2026-01-30 12:25:09.390  5427-5735  XTC                     com.fishit.player.v2                 D  [VOD] DTOâ†’Raw #3200 | id=xtream:vod:389178 | title="LiebeÂ² (2021)" | sourceType=XTREAM | Fields: âœ“[year=2021, poster] âœ—[plot, cast, director, backdrop, duration, tmdb]
2026-01-30 12:25:09.392  5427-6200  XTC                     com.fishit.player.v2                 D  [LIVE] DTOâ†’Raw #4850 | id=xtream:live:367903 | title="IT: DISCOVERY REAL TIME FHD" | sourceType=XTREAM | Fields: âœ“[] âœ—[year, plot, cast, director, poster, backdrop, duration, tmdb]
2026-01-30 12:25:09.416  5427-5735  XTC                     com.fishit.player.v2                 D  [VOD] DTOâ†’Raw #3250 | id=xtream:vod:389230 | title="The King's Daughter (2022)" | sourceType=XTREAM | Fields: âœ“[year=2022, poster] âœ—[plot, cast, director, backdrop, duration, tmdb]
2026-01-30 12:25:09.417  5427-6200  XTC                     com.fishit.player.v2                 D  [LIVE] DTOâ†’Raw #4900 | id=xtream:live:180527 | title="IT: Cartoon Network FHD HEVC" | sourceType=XTREAM | Fields: âœ“[poster] âœ—[year, plot, cast, director, backdrop, duration, tmdb]
2026-01-30 12:25:09.430  5427-5735  XTC                     com.fishit.player.v2                 D  [VOD] DTOâ†’Raw #3300 | id=xtream:vod:389282 | title="Through my Window - Ich sehe nur dich (2" | sourceType=XTREAM | Fields: âœ“[year=2022, poster] âœ—[plot, cast, director, backdrop, duration, tmdb]
2026-01-30 12:25:10.546  5427-5442  ishit.player.v2         com.fishit.player.v2                 I  Background concurrent copying GC freed 708905(29MB) AllocSpace objects, 0(0B) LOS objects, 46% free, 27MB/51MB, paused 91us,110us total 111.512ms
2026-01-30 12:25:11.936  5427-5442  ishit.player.v2         com.fishit.player.v2                 I  Background concurrent copying GC freed 628770(26MB) AllocSpace objects, 0(0B) LOS objects, 46% free, 27MB/51MB, paused 97us,49us total 106.212ms
2026-01-30 12:25:13.840  5427-5442  ishit.player.v2         com.fishit.player.v2                 I  Background concurrent copying GC freed 625501(27MB) AllocSpace objects, 0(0B) LOS objects, 45% free, 28MB/52MB, paused 134us,53us total 184.122ms
2026-01-30 12:25:16.898  5427-5442  ishit.player.v2         com.fishit.player.v2                 I  Background concurrent copying GC freed 538033(23MB) AllocSpace objects, 0(0B) LOS objects, 45% free, 28MB/52MB, paused 80us,49us total 104.950ms
2026-01-30 12:25:17.413  5427-5427  ViewRootIm...nActivity] com.fishit.player.v2                 I  ViewPostIme pointer 0
2026-01-30 12:25:17.582  5427-5427  ViewRootIm...nActivity] com.fishit.player.v2                 I  ViewPostIme pointer 1
2026-01-30 12:25:17.937  5427-5427  ViewRootIm...nActivity] com.fishit.player.v2                 I  ViewPostIme pointer 0
2026-01-30 12:25:18.125  5427-5427  ViewRootIm...nActivity] com.fishit.player.v2                 I  ViewPostIme pointer 1
2026-01-30 12:25:18.382  5427-5442  ishit.player.v2         com.fishit.player.v2                 I  Background concurrent copying GC freed 667938(28MB) AllocSpace objects, 0(0B) LOS objects, 44% free, 30MB/54MB, paused 238us,48us total 195.426ms
2026-01-30 12:25:18.704  5427-5427  ViewRootIm...nActivity] com.fishit.player.v2                 I  ViewPostIme pointer 0
2026-01-30 12:25:18.864  5427-5427  ViewRootIm...nActivity] com.fishit.player.v2                 I  ViewPostIme pointer 1
2026-01-30 12:25:20.302  5427-5442  ishit.player.v2         com.fishit.player.v2                 I  Background concurrent copying GC freed 741125(32MB) AllocSpace objects, 0(0B) LOS objects, 47% free, 26MB/50MB, paused 81us,98us total 193.094ms
2026-01-30 12:25:20.464  5427-5427  ViewRootIm...nActivity] com.fishit.player.v2                 I  ViewPostIme pointer 0
2026-01-30 12:25:20.673  5427-5427  ViewRootIm...nActivity] com.fishit.player.v2                 I  ViewPostIme pointer 1
2026-01-30 12:25:21.672  5427-5442  ishit.player.v2         com.fishit.player.v2                 I  Background concurrent copying GC freed 606671(26MB) AllocSpace objects, 0(0B) LOS objects, 47% free, 26MB/50MB, paused 141us,108us total 101.025ms
2026-01-30 12:25:21.781  5427-5427  ViewRootIm...nActivity] com.fishit.player.v2                 I  ViewPostIme pointer 0
2026-01-30 12:25:21.864  5427-5427  ViewRootIm...nActivity] com.fishit.player.v2                 I  ViewPostIme pointer 1
2026-01-30 12:25:21.887  5427-5427  WindowOnBackDispatcher  com.fishit.player.v2                 W  OnBackInvokedCallback is not enabled for the application.
                                                                                                    Set 'android:enableOnBackInvokedCallback="true"' in the application manifest.
2026-01-30 12:25:21.925  5427-5427  NxLibraryContentRepo    com.fishit.player.v2                 W  observeVodCategories() is deprecated - use getVodPagingData() for large catalogs
2026-01-30 12:25:21.925  5427-5427  NxWorkRepository        com.fishit.player.v2                 I  observeByType CALLED: type=MOVIE (entity=MOVIE), limit=50
2026-01-30 12:25:21.927  5427-5427  NxLibraryContentRepo    com.fishit.player.v2                 W  observeSeriesCategories() is deprecated - use getSeriesPagingData() for large catalogs
2026-01-30 12:25:21.928  5427-5427  NxWorkRepository        com.fishit.player.v2                 I  observeByType CALLED: type=SERIES (entity=SERIES), limit=50
2026-01-30 12:25:22.363  5427-6201  NxWorkRepository        com.fishit.player.v2                 I  observeByType EMITTING: type=SERIES, count=0
2026-01-30 12:25:22.377  5427-5785  NxWorkRepository        com.fishit.player.v2                 I  observeByType EMITTING: type=MOVIE, count=50
2026-01-30 12:25:22.476  5427-5442  ishit.player.v2         com.fishit.player.v2                 I  Background young concurrent copying GC freed 437843(16MB) AllocSpace objects, 0(0B) LOS objects, 21% free, 39MB/50MB, paused 216us,127us total 151.017ms
2026-01-30 12:25:22.698  5427-6183  TrafficStats            com.fishit.player.v2                 D  tagSocket(190) with statsTag=0xffffffff, statsUid=-1
2026-01-30 12:25:22.704  5427-6334  TrafficStats            com.fishit.player.v2                 D  tagSocket(144) with statsTag=0xffffffff, statsUid=-1
2026-01-30 12:25:22.705  5427-6337  TrafficStats            com.fishit.player.v2                 D  tagSocket(191) with statsTag=0xffffffff, statsUid=-1
2026-01-30 12:25:22.706  5427-6349  TrafficStats            com.fishit.player.v2                 D  tagSocket(194) with statsTag=0xffffffff, statsUid=-1
2026-01-30 12:25:22.719  5427-6352  TrafficStats            com.fishit.player.v2                 D  tagSocket(195) with statsTag=0xffffffff, statsUid=-1
2026-01-30 12:25:23.045  5427-5442  ishit.player.v2         com.fishit.player.v2                 I  Background concurrent copying GC freed 543312(23MB) AllocSpace objects, 0(0B) LOS objects, 38% free, 37MB/61MB, paused 317us,166us total 308.445ms
2026-01-30 12:25:23.613  5427-5736  CatalogSyncService      com.fishit.player.v2                 D  Xtream batch complete (NX): ingested=400 ingest_ms=15623 total_ms=15624
2026-01-30 12:25:23.633  5427-5784  XTC                     com.fishit.player.v2                 D  [LIVE] DTOâ†’Raw #4950 | id=xtream:live:366479 | title="ES: DAZN 2 FHD HEVC" | sourceType=XTREAM | Fields: âœ“[] âœ—[year, plot, cast, director, poster, backdrop, duration, tmdb]
2026-01-30 12:25:23.654  5427-5736  CatalogSyncService      com.fishit.player.v2                 D  Persisting Xtream catalog batch (NX-ONLY): 400 items (canonical_linking=true)
2026-01-30 12:25:23.660  5427-6356  XTC                     com.fishit.player.v2                 D  [VOD] DTOâ†’Raw #3350 | id=xtream:vod:389336 | title="X (2022)" | sourceType=XTREAM | Fields: âœ“[year=2022, poster] âœ—[plot, cast, director, backdrop, duration, tmdb]
2026-01-30 12:25:23.699  5427-6356  XTC                     com.fishit.player.v2                 D  [VOD] DTOâ†’Raw #3400 | id=xtream:vod:798247 | title="Shrek 2 - Der tollkÃ¼hne Held kehrt zurÃ¼c" | sourceType=XTREAM | Fields: âœ“[year=2004, poster] âœ—[plot, cast, director, backdrop, duration, tmdb]
2026-01-30 12:25:23.701  5427-5784  XTC                     com.fishit.player.v2                 D  [LIVE] DTOâ†’Raw #5000 | id=xtream:live:63382 | title="ES: COSMO FHD" | sourceType=XTREAM | Fields: âœ“[poster] âœ—[year, plot, cast, director, backdrop, duration, tmdb]
2026-01-30 12:25:23.703  5427-5785  XtreamCatalogScanWorker com.fishit.player.v2                 D  PROGRESS discovered=8402 persisted=6400 phase=N/A
2026-01-30 12:25:23.747  5427-6356  XTC                     com.fishit.player.v2                 D  [VOD] DTOâ†’Raw #3450 | id=xtream:vod:760054 | title="Halloween II - Das Grauen kehrt zurÃ¼ck |" | sourceType=XTREAM | Fields: âœ“[year=1981, poster] âœ—[plot, cast, director, backdrop, duration, tmdb]
2026-01-30 12:25:23.779  5427-6356  XTC                     com.fishit.player.v2                 D  [VOD] DTOâ†’Raw #3500 | id=xtream:vod:757835 | title="Jurassic World - Ein neues Zeitalter | 2" | sourceType=XTREAM | Fields: âœ“[year=2022, poster] âœ—[plot, cast, director, backdrop, duration, tmdb]
2026-01-30 12:25:23.781  5427-6201  XtreamCatalogScanWorker com.fishit.player.v2                 D  PROGRESS discovered=8500 persisted=6400 phase=N/A
2026-01-30 12:25:23.798  5427-5784  XTC                     com.fishit.player.v2                 D  [LIVE] DTOâ†’Raw #5050 | id=xtream:live:63387 | title="ES: DISNEY JUNIOR HD" | sourceType=XTREAM | Fields: âœ“[] âœ—[year, plot, cast, director, poster, backdrop, duration, tmdb]
2026-01-30 12:25:23.818  5427-5784  XTC                     com.fishit.player.v2                 D  [LIVE] DTOâ†’Raw #5100 | id=xtream:live:63501 | title="ES: MOVISTAR LA LIGA 8" | sourceType=XTREAM | Fields: âœ“[] âœ—[year, plot, cast, director, poster, backdrop, duration, tmdb]
2026-01-30 12:25:23.832  5427-5442  ishit.player.v2         com.fishit.player.v2                 I  Background young concurrent copying GC freed 446921(16MB) AllocSpace objects, 0(0B) LOS objects, 11% free, 54MB/61MB, paused 206us,2.321ms total 248.886ms
2026-01-30 12:25:23.837  5427-5784  XTC                     com.fishit.player.v2                 D  [LIVE] DTOâ†’Raw #5150 | id=xtream:live:63335 | title="ES: MOVISTAR GOLF FHD" | sourceType=XTREAM | Fields: âœ“[] âœ—[year, plot, cast, director, poster, backdrop, duration, tmdb]
2026-01-30 12:25:24.041  5427-5427  ViewRootIm...nActivity] com.fishit.player.v2                 I  ViewPostIme pointer 0
2026-01-30 12:25:24.112  5427-5427  ViewRootIm...nActivity] com.fishit.player.v2                 I  ViewPostIme pointer 1
2026-01-30 12:25:24.440  5427-5442  ishit.player.v2         com.fishit.player.v2                 I  Background concurrent copying GC freed 844693(35MB) AllocSpace objects, 0(0B) LOS objects, 35% free, 43MB/67MB, paused 394us,219us total 461.866ms
2026-01-30 12:25:24.982  5427-5785  CatalogSyncService      com.fishit.player.v2                 D  Xtream batch complete (NX): ingested=400 ingest_ms=16552 total_ms=16553
2026-01-30 12:25:24.996  5427-5785  CatalogSyncService      com.fishit.player.v2                 D  Persisting Xtream catalog batch (NX-ONLY): 400 items (canonical_linking=true)
2026-01-30 12:25:25.003  5427-5737  XTC                     com.fishit.player.v2                 D  [LIVE] DTOâ†’Raw #5200 | id=xtream:live:182712 | title="PT: RTP 1 HEVC" | sourceType=XTREAM | Fields: âœ“[poster] âœ—[year, plot, cast, director, backdrop, duration, tmdb]
2026-01-30 12:25:25.014  5427-5783  XTC                     com.fishit.player.v2                 D  [VOD] DTOâ†’Raw #3550 | id=xtream:vod:757219 | title="Mission: Impossible III | 2006 | 6.7" | sourceType=XTREAM | Fields: âœ“[year=2006, poster] âœ—[plot, cast, director, backdrop, duration, tmdb]
2026-01-30 12:25:25.033  5427-5783  XTC                     com.fishit.player.v2                 D  [VOD] DTOâ†’Raw #3600 | id=xtream:vod:752127 | title="Goal II â€“ Der Traum ist real! | 2007 | 6" | sourceType=XTREAM | Fields: âœ“[year=2007, poster] âœ—[plot, cast, director, backdrop, duration, tmdb]
2026-01-30 12:25:25.057  5427-5737  XTC                     com.fishit.player.v2                 D  [LIVE] DTOâ†’Raw #5250 | id=xtream:live:182762 | title="PT: NATIONAL GEOGRAPHIC HEVC" | sourceType=XTREAM | Fields: âœ“[poster] âœ—[year, plot, cast, director, backdrop, duration, tmdb]
2026-01-30 12:25:25.058  5427-5783  XTC                     com.fishit.player.v2                 D  [VOD] DTOâ†’Raw #3650 | id=xtream:vod:727616 | title="Young Ip Man: Crisis Time | 2023 | 6.1" | sourceType=XTREAM | Fields: âœ“[year=2023, poster] âœ—[plot, cast, director, backdrop, duration, tmdb]
2026-01-30 12:25:25.074  5427-5737  XTC                     com.fishit.player.v2                 D  [LIVE] DTOâ†’Raw #5300 | id=xtream:live:12735 | title="PT: FOX Life HD" | sourceType=XTREAM | Fields: âœ“[] âœ—[year, plot, cast, director, poster, backdrop, duration, tmdb]
2026-01-30 12:25:25.080  5427-5783  XTC                     com.fishit.player.v2                 D  [VOD] DTOâ†’Raw #3700 | id=xtream:vod:391869 | title="Batman v Superman: Dawn of Justice (2016" | sourceType=XTREAM | Fields: âœ“[year=2016, poster] âœ—[plot, cast, director, backdrop, duration, tmdb]
2026-01-30 12:25:25.091  5427-5442  ishit.player.v2         com.fishit.player.v2                 I  Background young concurrent copying GC freed 556067(20MB) AllocSpace objects, 0(0B) LOS objects, 17% free, 55MB/67MB, paused 350us,305us total 195.340ms
2026-01-30 12:25:25.690  5427-5427  ViewRootIm...nActivity] com.fishit.player.v2                 I  ViewPostIme pointer 0
2026-01-30 12:25:25.724  5427-5442  ishit.player.v2         com.fishit.player.v2                 I  Background concurrent copying GC freed 976870(41MB) AllocSpace objects, 16(320KB) LOS objects, 35% free, 44MB/68MB, paused 218us,176us total 411.470ms
2026-01-30 12:25:25.763  5427-5427  ViewRootIm...nActivity] com.fishit.player.v2                 I  ViewPostIme pointer 1
2026-01-30 12:25:26.435  5427-5442  ishit.player.v2         com.fishit.player.v2                 I  Background young concurrent copying GC freed 657517(25MB) AllocSpace objects, 0(0B) LOS objects, 25% free, 50MB/68MB, paused 235us,175us total 201.438ms
2026-01-30 12:25:27.154  5427-5442  ishit.player.v2         com.fishit.player.v2                 I  Background concurrent copying GC freed 985117(41MB) AllocSpace objects, 0(0B) LOS objects, 36% free, 42MB/66MB, paused 221us,777us total 371.107ms
2026-01-30 12:25:27.806  5427-5442  ishit.player.v2         com.fishit.player.v2                 I  Background young concurrent copying GC freed 554325(20MB) AllocSpace objects, 0(0B) LOS objects, 16% free, 55MB/66MB, paused 198us,106us total 218.974ms
2026-01-30 12:25:28.280  5427-5442  ishit.player.v2         com.fishit.player.v2                 I  Background concurrent copying GC freed 893271(38MB) AllocSpace objects, 0(0B) LOS objects, 38% free, 38MB/62MB, paused 199us,132us total 258.759ms
2026-01-30 12:25:28.768  5427-5784  CatalogSyncService      com.fishit.player.v2                 D  Xtream batch complete (NX): ingested=400 ingest_ms=19408 total_ms=19408
2026-01-30 12:25:28.777  5427-6029  XTC                     com.fishit.player.v2                 D  [LIVE] DTOâ†’Raw #5350 | id=xtream:live:12786 | title="PT: Odisseia" | sourceType=XTREAM | Fields: âœ“[] âœ—[year, plot, cast, director, poster, backdrop, duration, tmdb]
2026-01-30 12:25:28.806  5427-5783  XTC                     com.fishit.player.v2                 D  [VOD] DTOâ†’Raw #3750 | id=xtream:vod:391944 | title="Star Trek Beyond (2016)" | sourceType=XTREAM | Fields: âœ“[year=2016, poster] âœ—[plot, cast, director, backdrop, duration, tmdb]
2026-01-30 12:25:28.812  5427-5784  CatalogSyncService      com.fishit.player.v2                 D  Persisting Xtream catalog batch (NX-ONLY): 400 items (canonical_linking=true)
2026-01-30 12:25:28.825  5427-6029  XTC                     com.fishit.player.v2                 D  [LIVE] DTOâ†’Raw #5400 | id=xtream:live:324390 | title="PL VIP: Biznes24 HD" | sourceType=XTREAM | Fields: âœ“[] âœ—[year, plot, cast, director, poster, backdrop, duration, tmdb]
2026-01-30 12:25:28.846  5427-6029  XTC                     com.fishit.player.v2                 D  [LIVE] DTOâ†’Raw #5450 | id=xtream:live:324440 | title="PL VIP: FILMBOX PREMIUM" | sourceType=XTREAM | Fields: âœ“[] âœ—[year, plot, cast, director, poster, backdrop, duration, tmdb]
2026-01-30 12:25:28.863  5427-5783  XTC                     com.fishit.player.v2                 D  [VOD] DTOâ†’Raw #3800 | id=xtream:vod:392000 | title="X-Men: Apocalypse (2016)" | sourceType=XTREAM | Fields: âœ“[year=2016, poster] âœ—[plot, cast, director, backdrop, duration, tmdb]
2026-01-30 12:25:28.883  5427-6029  XTC                     com.fishit.player.v2                 D  [LIVE] DTOâ†’Raw #5500 | id=xtream:live:324490 | title="PL VIP: POLSAT SPORT EXTRA HD" | sourceType=XTREAM | Fields: âœ“[] âœ—[year, plot, cast, director, poster, backdrop, duration, tmdb]
2026-01-30 12:25:28.884  5427-6358  XtreamCatalogScanWorker com.fishit.player.v2                 D  PROGRESS discovered=9328 persisted=7200 phase=N/A
2026-01-30 12:25:28.902  5427-5783  XTC                     com.fishit.player.v2                 D  [VOD] DTOâ†’Raw #3850 | id=xtream:vod:434474 | title="Dirty Harry (1971)" | sourceType=XTREAM | Fields: âœ“[year=1971, poster] âœ—[plot, cast, director, backdrop, duration, tmdb]
2026-01-30 12:25:28.940  5427-5783  XTC                     com.fishit.player.v2                 D  [VOD] DTOâ†’Raw #3900 | id=xtream:vod:434540 | title="Harry Potter und die HeiligtÃ¼mer des Tod" | sourceType=XTREAM | Fields: âœ“[year=2010, poster] âœ—[plot, cast, director, backdrop, duration, tmdb]
2026-01-30 12:25:28.989  5427-5442  ishit.player.v2         com.fishit.player.v2                 I  Background young concurrent copying GC freed 474290(18MB) AllocSpace objects, 0(0B) LOS objects, 14% free, 53MB/62MB, paused 314us,217us total 199.555ms
2026-01-30 12:25:29.589  5427-5442  ishit.player.v2         com.fishit.player.v2                 I  Background concurrent copying GC freed 961388(40MB) AllocSpace objects, 0(0B) LOS objects, 35% free, 44MB/68MB, paused 192us,147us total 450.158ms
2026-01-30 12:25:30.323  5427-5442  ishit.player.v2         com.fishit.player.v2                 I  Background young concurrent copying GC freed 509858(18MB) AllocSpace objects, 0(0B) LOS objects, 12% free, 59MB/68MB, paused 232us,188us total 238.025ms
2026-01-30 12:25:30.825  5427-5442  ishit.player.v2         com.fishit.player.v2                 I  Background concurrent copying GC freed 921613(39MB) AllocSpace objects, 0(0B) LOS objects, 34% free, 44MB/68MB, paused 222us,170us total 364.851ms
2026-01-30 12:25:31.553  5427-5442  ishit.player.v2         com.fishit.player.v2                 I  Background young concurrent copying GC freed 548060(20MB) AllocSpace objects, 0(0B) LOS objects, 12% free, 60MB/68MB, paused 216us,181us total 266.045ms
2026-01-30 12:25:31.871  5427-5442  ishit.player.v2         com.fishit.player.v2                 I  Background concurrent copying GC freed 784373(33MB) AllocSpace objects, 0(0B) LOS objects, 36% free, 41MB/65MB, paused 131us,173us total 162.136ms
2026-01-30 12:25:32.577  5427-5442  ishit.player.v2         com.fishit.player.v2                 I  Background young concurrent copying GC freed 440267(16MB) AllocSpace objects, 0(0B) LOS objects, 11% free, 57MB/65MB, paused 216us,189us total 203.384ms
2026-01-30 12:25:33.071  5427-5442  ishit.player.v2         com.fishit.player.v2                 I  Background concurrent copying GC freed 851039(37MB) AllocSpace objects, 0(0B) LOS objects, 33% free, 46MB/70MB, paused 232us,395us total 369.416ms
2026-01-30 12:25:33.764  5427-5442  ishit.player.v2         com.fishit.player.v2                 I  Background young concurrent copying GC freed 545247(19MB) AllocSpace objects, 0(0B) LOS objects, 8% free, 64MB/70MB, paused 337us,265us total 276.384ms
2026-01-30 12:25:34.243  5427-5442  ishit.player.v2         com.fishit.player.v2                 I  Background concurrent copying GC freed 1069240(47MB) AllocSpace objects, 0(0B) LOS objects, 37% free, 40MB/64MB, paused 232us,173us total 367.209ms
2026-01-30 12:25:34.841  5427-5442  ishit.player.v2         com.fishit.player.v2                 I  Background young concurrent copying GC freed 453518(15MB) AllocSpace objects, 0(0B) LOS objects, 17% free, 53MB/64MB, paused 255us,118us total 109.468ms
2026-01-30 12:25:35.445  5427-5442  ishit.player.v2         com.fishit.player.v2                 I  Background concurrent copying GC freed 814090(34MB) AllocSpace objects, 0(0B) LOS objects, 32% free, 50MB/74MB, paused 512us,176us total 390.698ms
2026-01-30 12:25:36.007  5427-5442  ishit.player.v2         com.fishit.player.v2                 I  Background young concurrent copying GC freed 667667(25MB) AllocSpace objects, 0(0B) LOS objects, 24% free, 56MB/74MB, paused 236us,171us total 158.200ms
2026-01-30 12:25:36.608  5427-5442  ishit.player.v2         com.fishit.player.v2                 I  Background concurrent copying GC freed 1101064(46MB) AllocSpace objects, 0(0B) LOS objects, 36% free, 42MB/66MB, paused 247us,378us total 298.241ms
2026-01-30 12:25:36.699  5427-5427  ViewRootIm...nActivity] com.fishit.player.v2                 I  ViewPostIme pointer 0
2026-01-30 12:25:36.846  5427-5427  ViewRootIm...nActivity] com.fishit.player.v2                 I  ViewPostIme pointer 1
2026-01-30 12:25:37.556  5427-5442  ishit.player.v2         com.fishit.player.v2                 W  Suspending all threads took: 5.670ms
2026-01-30 12:25:37.589  5427-5442  ishit.player.v2         com.fishit.player.v2                 I  Background young concurrent copying GC freed 465589(17MB) AllocSpace objects, 0(0B) LOS objects, 6% free, 62MB/66MB, paused 797us,5.809ms total 422.925ms
2026-01-30 12:25:38.156  5427-5427  ViewRootIm...nActivity] com.fishit.player.v2                 I  ViewPostIme pointer 0
2026-01-30 12:25:38.224  5427-5442  ishit.player.v2         com.fishit.player.v2                 I  Background concurrent copying GC freed 765011(33MB) AllocSpace objects, 0(0B) LOS objects, 31% free, 52MB/76MB, paused 259us,184us total 435.626ms
2026-01-30 12:25:38.403  5427-5427  ViewRootIm...nActivity] com.fishit.player.v2                 I  ViewPostIme pointer 1
2026-01-30 12:25:39.002  5427-5442  ishit.player.v2         com.fishit.player.v2                 I  Background young concurrent copying GC freed 661505(24MB) AllocSpace objects, 0(0B) LOS objects, 22% free, 59MB/76MB, paused 220us,232us total 244.543ms
2026-01-30 12:25:39.564  5427-5427  ViewRootIm...nActivity] com.fishit.player.v2                 I  ViewPostIme pointer 0
2026-01-30 12:25:39.629  5427-5427  ViewRootIm...nActivity] com.fishit.player.v2                 I  ViewPostIme pointer 1
2026-01-30 12:25:39.803  5427-5442  ishit.player.v2         com.fishit.player.v2                 I  Background concurrent copying GC freed 1117796(47MB) AllocSpace objects, 0(0B) LOS objects, 32% free, 49MB/73MB, paused 247us,208us total 463.310ms
2026-01-30 12:25:40.391  5427-5442  ishit.player.v2         com.fishit.player.v2                 I  Background young concurrent copying GC freed 594605(21MB) AllocSpace objects, 0(0B) LOS objects, 21% free, 57MB/73MB, paused 426us,147us total 145.117ms
2026-01-30 12:25:40.634  5427-5427  ViewRootIm...nActivity] com.fishit.player.v2                 I  ViewPostIme pointer 0
2026-01-30 12:25:40.776  5427-5427  ViewRootIm...nActivity] com.fishit.player.v2                 I  ViewPostIme pointer 1
2026-01-30 12:25:41.023  5427-5442  ishit.player.v2         com.fishit.player.v2                 I  Background concurrent copying GC freed 983190(44MB) AllocSpace objects, 0(0B) LOS objects, 42% free, 32MB/56MB, paused 167us,121us total 151.832ms
2026-01-30 12:25:41.625  5427-5427  ViewRootIm...nActivity] com.fishit.player.v2                 I  ViewPostIme pointer 0
2026-01-30 12:25:41.753  5427-5427  ViewRootIm...nActivity] com.fishit.player.v2                 I  ViewPostIme pointer 1
2026-01-30 12:25:41.807  5427-5442  ishit.player.v2         com.fishit.player.v2                 I  Background young concurrent copying GC freed 476114(18MB) AllocSpace objects, 0(0B) LOS objects, 27% free, 40MB/56MB, paused 207us,183us total 106.391ms
2026-01-30 12:25:41.950  5427-5784  System.err              com.fishit.player.v2                 W  java.io.InterruptedIOException
2026-01-30 12:25:41.951  5427-5784  System.err              com.fishit.player.v2                 W  	at okhttp3.internal.http2.Http2Stream.waitForIo$okhttp(Http2Stream.kt:716)
2026-01-30 12:25:41.951  5427-5784  System.err              com.fishit.player.v2                 W  	at okhttp3.internal.http2.Http2Stream$FramingSource.read(Http2Stream.kt:419)
2026-01-30 12:25:41.951  5427-5784  System.err              com.fishit.player.v2                 W  	at okhttp3.internal.connection.Exchange$ResponseBodySource.read(Exchange.kt:313)
2026-01-30 12:25:41.951  5427-5784  System.err              com.fishit.player.v2                 W  	at okio.RealBufferedSource.read(RealBufferedSource.kt:215)
2026-01-30 12:25:41.951  5427-5784  System.err              com.fishit.player.v2                 W  	at okio.ForwardingSource.read(ForwardingSource.kt:27)
2026-01-30 12:25:41.951  5427-5784  System.err              com.fishit.player.v2                 W  	at coil3.decode.BitmapFactoryDecoder$ExceptionCatchingSource.read(BitmapFactoryDecoder.kt:199)
2026-01-30 12:25:41.951  5427-5784  System.err              com.fishit.player.v2                 W  	at okio.RealBufferedSource$inputStream$1.read(RealBufferedSource.kt:169)
2026-01-30 12:25:41.951  5427-5784  System.err              com.fishit.player.v2                 W  	at android.graphics.BitmapFactory.nativeDecodeStream(Native Method)
2026-01-30 12:25:41.951  5427-5784  System.err              com.fishit.player.v2                 W  	at android.graphics.BitmapFactory.decodeStreamInternal(BitmapFactory.java:996)
2026-01-30 12:25:41.951  5427-5784  System.err              com.fishit.player.v2                 W  	at android.graphics.BitmapFactory.decodeStream(BitmapFactory.java:913)
2026-01-30 12:25:41.952  5427-5784  System.err              com.fishit.player.v2                 W  	at coil3.decode.BitmapFactoryDecoder.decode(BitmapFactoryDecoder.kt:70)
2026-01-30 12:25:41.952  5427-5784  System.err              com.fishit.player.v2                 W  	at coil3.decode.BitmapFactoryDecoder.decode$lambda$1$lambda$0(BitmapFactoryDecoder.kt:40)
2026-01-30 12:25:41.952  5427-5784  System.err              com.fishit.player.v2                 W  	at coil3.decode.BitmapFactoryDecoder.$r8$lambda$IkU2c7r0f381u8BJYshQQ1nIP90(Unknown Source:0)
2026-01-30 12:25:41.952  5427-5784  System.err              com.fishit.player.v2                 W  	at coil3.decode.BitmapFactoryDecoder$$ExternalSyntheticLambda0.invoke(D8$$SyntheticClass:0)
2026-01-30 12:25:41.952  5427-5784  System.err              com.fishit.player.v2                 W  	at kotlinx.coroutines.InterruptibleKt.runInterruptibleInExpectedContext(Interruptible.kt:48)
2026-01-30 12:25:41.954  5427-5784  System.err              com.fishit.player.v2                 W  	at kotlinx.coroutines.InterruptibleKt.access$runInterruptibleInExpectedContext(Interruptible.kt:1)
2026-01-30 12:25:41.955  5427-5784  System.err              com.fishit.player.v2                 W  	at kotlinx.coroutines.InterruptibleKt$runInterruptible$2.invokeSuspend(Interruptible.kt:40)
2026-01-30 12:25:41.955  5427-5784  System.err              com.fishit.player.v2                 W  	at kotlinx.coroutines.InterruptibleKt$runInterruptible$2.invoke(Unknown Source:8)
2026-01-30 12:25:41.956  5427-5784  System.err              com.fishit.player.v2                 W  	at kotlinx.coroutines.InterruptibleKt$runInterruptible$2.invoke(Unknown Source:4)
2026-01-30 12:25:41.956  5427-5784  System.err              com.fishit.player.v2                 W  	at kotlinx.coroutines.intrinsics.UndispatchedKt.startUndspatched(Undispatched.kt:66)
2026-01-30 12:25:41.956  5427-5784  System.err              com.fishit.player.v2                 W  	at kotlinx.coroutines.intrinsics.UndispatchedKt.startUndispatchedOrReturn(Undispatched.kt:43)
2026-01-30 12:25:41.956  5427-5784  System.err              com.fishit.player.v2                 W  	at kotlinx.coroutines.BuildersKt__Builders_commonKt.withContext(Builders.common.kt:165)
