2026-01-28 15:25:33.555 23187-23187 ViewRootIm...nActivity] com.fishit.player.v2                 I  handleResized, msg = 4 frames=ClientWindowFrames{frame=[0,0][1080,2400] display=[0,0][1080,2400] parentFrame=[0,0][0,0]} forceNextWindowRelayout=false displayId=0 dragResizing=false compatScale=1.0 frameChanged=false attachedFrameChanged=false configChanged=false displayChanged=false compatScaleChanged=false
2026-01-28 15:25:33.849 23187-23380 XtreamApiClient         com.fishit.player.v2                 D  NetworkProbe: HTTP 200 for konigtv.com/player_api.php | bytes=458 contentType=application/json
2026-01-28 15:25:33.869 23187-23285 XtreamApiClient         com.fishit.player.v2                 D  buildPlayerApiUrl: action=get_short_epg -> konigtv.com/player_api.php
2026-01-28 15:25:33.959 23187-23285 XtreamApiClient         com.fishit.player.v2                 D  NetworkProbe: HTTP 200 for konigtv.com/player_api.php | bytes=39 contentType=application/json
2026-01-28 15:25:33.964 23187-23285 XtreamApiClient         com.fishit.player.v2                 D  NetworkProbe: Manually decompressed gzip body for konigtv.com/player_api.php | original=39 decompressed=19
2026-01-28 15:25:35.224 23187-23284 XtreamApiClient         com.fishit.player.v2                 D  NetworkProbe: HTTP 200 for konigtv.com/player_api.php | bytes=3287878 contentType=application/json
2026-01-28 15:25:35.265 23187-23210 InputTransport          com.fishit.player.v2                 D  Input channel destroyed: 'ClientS', fd=152
2026-01-28 15:25:36.949 23187-23281 XtreamApiClient         com.fishit.player.v2                 D  NetworkProbe: HTTP 200 for konigtv.com/player_api.php | bytes=6212435 contentType=application/json
2026-01-28 15:25:38.046 23187-23209 ishit.player.v2         com.fishit.player.v2                 I  Background concurrent copying GC freed 4488(4124KB) AllocSpace objects, 2(60KB) LOS objects, 31% free, 52MB/76MB, paused 60us,36us total 103.978ms
2026-01-28 15:25:38.132 23187-23281 XtreamApiClient         com.fishit.player.v2                 D  buildPlayerApiUrl: action=null -> konigtv.com/player_api.php
2026-01-28 15:25:38.133 23187-23281 XtreamApiClient         com.fishit.player.v2                 D  getServerInfo: Fetching from konigtv.com/player_api.php
2026-01-28 15:25:38.277 23187-23281 XtreamApiClient         com.fishit.player.v2                 D  NetworkProbe: HTTP 200 for konigtv.com/player_api.php | bytes=458 contentType=application/json
2026-01-28 15:25:38.279 23187-23281 XtreamApiClient         com.fishit.player.v2                 D  getServerInfo: Received 458 bytes, parsing...
2026-01-28 15:25:38.288 23187-23281 XtreamApiClient         com.fishit.player.v2                 D  Server info retrieved: konigtv.com
2026-01-28 15:25:38.289 23187-23187 XtreamAuthRepoAdapter   com.fishit.player.v2                 D  initialize: API client initialized successfully with capabilities: http://konigtv.com:8080
2026-01-28 15:25:38.296 23187-23281 XtreamAuthRepoAdapter   com.fishit.player.v2                 D  connectionState -> Connected(baseUrl=http://konigtv.com:8080, latencyMs=5279) | domain=Connected
2026-01-28 15:25:38.297 23187-23281 XtreamAuthRepoAdapter   com.fishit.player.v2                 D  authState -> Authenticated(userInfo=XtreamUserInfo(username=Christoph10, status=ACTIVE, expDateEpoch=1797326326, maxConnections=1, activeConnections=0, isTrial=false, allowedFormats=[m3u8, ts], createdAt=1757512912, message=Welcome)) | domain=Authenticated
2026-01-28 15:25:38.366 23187-23281 SourceActivationStore   com.fishit.player.v2                 D  Loaded state from DataStore: SourceActivationSnapshot(xtream=Active, telegram=Inactive, io=Inactive)
2026-01-28 15:25:38.366 23187-23380 CatalogSyncBootstrap    com.fishit.player.v2                 D  Source activation check: activeSources=[XTREAM], hasActive=true
2026-01-28 15:25:38.367 23187-23284 SourceActi...onObserver com.fishit.player.v2                 I  Active sources changed: [XTREAM] → enqueuing auto sync
2026-01-28 15:25:38.370 23187-23284 CatalogSyncScheduler    com.fishit.player.v2                 D  Enqueueing AUTO sync
2026-01-28 15:25:38.378 23187-23187 SourceActivationStore   com.fishit.player.v2                 I  Source activation changed: XTREAM -> Active
2026-01-28 15:25:38.379 23187-23187 XtreamAuthRepoAdapter   com.fishit.player.v2                 I  initialize: XTREAM source activated
2026-01-28 15:25:38.379 23187-23187 OnboardingViewModel     com.fishit.player.v2                 D  connectXtream: Initialize succeeded, saving credentials
2026-01-28 15:25:38.403 23187-23380 XtreamCredStore         com.fishit.player.v2                 I  Stored credentials: scheme=http, host=konigtv.com, port=8080
2026-01-28 15:25:38.408 23187-23301 Compatibil...geReporter com.fishit.player.v2                 D  Compat change id reported: 194532703; UID 10483; state: ENABLED
2026-01-28 15:25:38.408 23187-23301 Compatibil...geReporter com.fishit.player.v2                 D  Compat change id reported: 253665015; UID 10483; state: ENABLED
2026-01-28 15:25:38.409 23187-23301 WM-SystemJobScheduler   com.fishit.player.v2                 D  Scheduling work ID 81f600bf-3d8a-41cf-b441-3dd8410757c7Job ID 0
2026-01-28 15:25:38.421 23187-23301 WM-GreedyScheduler      com.fishit.player.v2                 D  Starting work for 81f600bf-3d8a-41cf-b441-3dd8410757c7
2026-01-28 15:25:38.424 23187-23187 WM-SystemJobService     com.fishit.player.v2                 D  onStartJob for WorkGenerationalId(workSpecId=81f600bf-3d8a-41cf-b441-3dd8410757c7, generation=0)
2026-01-28 15:25:38.429 23187-23301 WM-Processor            com.fishit.player.v2                 D  Processor: processing WorkGenerationalId(workSpecId=81f600bf-3d8a-41cf-b441-3dd8410757c7, generation=0)
2026-01-28 15:25:38.432 23187-23301 WM-Processor            com.fishit.player.v2                 D  Work WorkGenerationalId(workSpecId=81f600bf-3d8a-41cf-b441-3dd8410757c7, generation=0) is already enqueued for processing
2026-01-28 15:25:38.435 23187-23301 Compatibil...geReporter com.fishit.player.v2                 D  Compat change id reported: 263076149; UID 10483; state: ENABLED
2026-01-28 15:25:38.441 23187-23187 WM-WorkerWrapper        com.fishit.player.v2                 D  Starting work for com.fishit.player.v2.work.CatalogSyncOrchestratorWorker
2026-01-28 15:25:38.442 23187-23380 CatalogSyn...atorWorker com.fishit.player.v2                 I  START sync_run_id=59f78bc4-cb04-4489-9aba-9d3f2bcc1e11 mode=auto
2026-01-28 15:25:38.445 23187-23380 RuntimeGuards           com.fishit.player.v2                 D  Manual sync (auto) - skipping battery guard (level=100%)
2026-01-28 15:25:38.445 23187-23380 CatalogSyn...atorWorker com.fishit.player.v2                 I  Active sources check: [XTREAM] (isEmpty=false)
2026-01-28 15:25:38.445 23187-23380 CatalogSyn...atorWorker com.fishit.player.v2                 D  Active sources: [XTREAM] (TELEGRAM=false, XTREAM=true, IO=false)
2026-01-28 15:25:38.447 23187-23380 CatalogSyn...atorWorker com.fishit.player.v2                 D  Enqueued Xtream chain: work_name=catalog_sync_global_xtream policy=KEEP workers=2
2026-01-28 15:25:38.448 23187-23380 CatalogSyn...atorWorker com.fishit.player.v2                 D  Telegram not in active sources - skipping Telegram workers
2026-01-28 15:25:38.448 23187-23380 CatalogSyn...atorWorker com.fishit.player.v2                 D  📊 WorkInfo chains enqueued:
                                                                                                      [XTREAM] work_name=catalog_sync_global_xtream → ENQUEUED
                                                                                                      Use 'adb shell dumpsys jobscheduler' or WorkManager Inspector for detailed state
2026-01-28 15:25:38.449 23187-23380 CatalogSyn...atorWorker com.fishit.player.v2                 I  CHAINS_ENQUEUED duration_ms=7 policy=KEEP sources=XTREAM (downstream workers will report completion)
2026-01-28 15:25:38.450 23187-23301 WM-PackageManagerHelper com.fishit.player.v2                 D  androidx.work.impl.background.systemalarm.RescheduleReceiver enabled
2026-01-28 15:25:38.464 23187-23301 WM-SystemJobScheduler   com.fishit.player.v2                 D  Scheduling work ID b3eecd2e-4cac-4efc-9f81-d3836238e996Job ID 1
2026-01-28 15:25:38.469 23187-23301 WM-GreedyScheduler      com.fishit.player.v2                 D  Starting work for b3eecd2e-4cac-4efc-9f81-d3836238e996
2026-01-28 15:25:38.469 23187-23187 WM-SystemJobService     com.fishit.player.v2                 D  onStartJob for WorkGenerationalId(workSpecId=b3eecd2e-4cac-4efc-9f81-d3836238e996, generation=0)
2026-01-28 15:25:38.471 23187-23301 WM-WorkerWrapper        com.fishit.player.v2                 I  Worker result SUCCESS for Work [ id=81f600bf-3d8a-41cf-b441-3dd8410757c7, tags={ com.fishit.player.v2.work.CatalogSyncOrchestratorWorker,catalog_sync,mode_auto,worker/CatalogSyncOrchestratorWorker } ]
2026-01-28 15:25:38.472 23187-23187 WM-Processor            com.fishit.player.v2                 D  Processor 81f600bf-3d8a-41cf-b441-3dd8410757c7 executed; reschedule = false
2026-01-28 15:25:38.473 23187-23187 WM-SystemJobService     com.fishit.player.v2                 D  81f600bf-3d8a-41cf-b441-3dd8410757c7 executed on JobScheduler
2026-01-28 15:25:38.476 23187-23301 WM-Processor            com.fishit.player.v2                 D  Processor: processing WorkGenerationalId(workSpecId=b3eecd2e-4cac-4efc-9f81-d3836238e996, generation=0)
2026-01-28 15:25:38.478 23187-23301 WM-Processor            com.fishit.player.v2                 D  Work WorkGenerationalId(workSpecId=b3eecd2e-4cac-4efc-9f81-d3836238e996, generation=0) is already enqueued for processing
2026-01-28 15:25:38.479 23187-23301 WM-GreedyScheduler      com.fishit.player.v2                 D  Cancelling work ID 81f600bf-3d8a-41cf-b441-3dd8410757c7
2026-01-28 15:25:38.489 23187-23187 WM-WorkerWrapper        com.fishit.player.v2                 D  Starting work for com.fishit.player.v2.work.XtreamPreflightWorker
2026-01-28 15:25:38.489 23187-23380 XtreamPreflightWorker   com.fishit.player.v2                 I  START sync_run_id=59f78bc4-cb04-4489-9aba-9d3f2bcc1e11 mode=auto source=XTREAM attempt=0/5
2026-01-28 15:25:38.491 23187-23380 RuntimeGuards           com.fishit.player.v2                 D  Manual sync (auto) - skipping battery guard (level=100%)
2026-01-28 15:25:38.492 23187-23380 XtreamPreflightWorker   com.fishit.player.v2                 I  SUCCESS duration_ms=3 (credentials valid)
2026-01-28 15:25:38.494 23187-23302 WM-WorkerWrapper        com.fishit.player.v2                 I  Worker result SUCCESS for Work [ id=b3eecd2e-4cac-4efc-9f81-d3836238e996, tags={ com.fishit.player.v2.work.XtreamPreflightWorker,catalog_sync,source_xtream,worker/XtreamPreflightWorker } ]
2026-01-28 15:25:38.495 23187-23302 WM-WorkerWrapper        com.fishit.player.v2                 I  Setting status to enqueued for df9f5f53-d9bb-4869-94d7-0fbb1c98f6fa
2026-01-28 15:25:38.497 23187-23187 WM-Processor            com.fishit.player.v2                 D  Processor b3eecd2e-4cac-4efc-9f81-d3836238e996 executed; reschedule = false
2026-01-28 15:25:38.497 23187-23187 WM-SystemJobService     com.fishit.player.v2                 D  b3eecd2e-4cac-4efc-9f81-d3836238e996 executed on JobScheduler
2026-01-28 15:25:38.500 23187-23302 WM-GreedyScheduler      com.fishit.player.v2                 D  Cancelling work ID b3eecd2e-4cac-4efc-9f81-d3836238e996
2026-01-28 15:25:38.500 23187-23187 ishit.player.v2         com.fishit.player.v2                 W  Accessing hidden field Landroid/app/ActivityThread;->mServices:Landroid/util/ArrayMap; (unsupported, reflection, allowed)
2026-01-28 15:25:38.506 23187-23187 LeakCanary              com.fishit.player.v2                 D  Watching instance of androidx.work.impl.background.systemjob.SystemJobService (androidx.work.impl.background.systemjob.SystemJobService received Service#onDestroy() callback) with key 6fada58a-6b7f-4a81-887b-080c290b2924
2026-01-28 15:25:38.508 23187-23302 WM-SystemJobScheduler   com.fishit.player.v2                 D  Scheduling work ID df9f5f53-d9bb-4869-94d7-0fbb1c98f6faJob ID 2
2026-01-28 15:25:38.518 23187-23302 WM-GreedyScheduler      com.fishit.player.v2                 D  Starting work for df9f5f53-d9bb-4869-94d7-0fbb1c98f6fa
2026-01-28 15:25:38.521 23187-23187 WM-SystemJobService     com.fishit.player.v2                 D  onStartJob for WorkGenerationalId(workSpecId=df9f5f53-d9bb-4869-94d7-0fbb1c98f6fa, generation=0)
2026-01-28 15:25:38.522 23187-23302 WM-Processor            com.fishit.player.v2                 D  Processor: processing WorkGenerationalId(workSpecId=df9f5f53-d9bb-4869-94d7-0fbb1c98f6fa, generation=0)
2026-01-28 15:25:38.525 23187-23302 WM-Processor            com.fishit.player.v2                 D  Work WorkGenerationalId(workSpecId=df9f5f53-d9bb-4869-94d7-0fbb1c98f6fa, generation=0) is already enqueued for processing
2026-01-28 15:25:38.895 23187-23187 WM-WorkerWrapper        com.fishit.player.v2                 D  Starting work for com.fishit.player.v2.work.XtreamCatalogScanWorker
2026-01-28 15:25:38.899 23187-23380 XtreamCatalogScanWorker com.fishit.player.v2                 I  START sync_run_id=59f78bc4-cb04-4489-9aba-9d3f2bcc1e11 mode=auto source=XTREAM scope=INCREMENTAL runtimeBudgetMs=900000 checkpoint=xtream|v=2|phase=VOD_LIST|offset=0
2026-01-28 15:25:38.901 23187-23380 RuntimeGuards           com.fishit.player.v2                 D  Manual sync (auto) - skipping battery guard (level=100%)
2026-01-28 15:25:38.902 23187-23380 XtreamCatalogScanWorker com.fishit.player.v2                 D  Catalog sync: includeVod=true includeSeries=true includeEpisodes=false (lazy) includeLive=true scope=INCREMENTAL enhanced=true
2026-01-28 15:25:38.903 23187-23380 XtreamCatalogScanWorker com.fishit.player.v2                 I  Using ENHANCED sync: live=600 movies=400 series=200 timeFlush=true
2026-01-28 15:25:38.904 23187-23380 CatalogSyncService      com.fishit.player.v2                 I  Starting enhanced Xtream sync: live=true, vod=true, series=true, episodes=false, excludeSeriesIds=0, episodeParallelism=4, canonical_linking=false
2026-01-28 15:25:38.905 23187-23380 XtreamCatalogScanWorker com.fishit.player.v2                 D  Enhanced catalog sync started
2026-01-28 15:25:38.912 23187-23284 XtreamCatalogPipeline   com.fishit.player.v2                 I  Starting Xtream catalog scan: vod=true, series=true, episodes=false, live=true
2026-01-28 15:25:38.913 23187-23380 CatalogSyncService      com.fishit.player.v2                 D  Enhanced scan started
2026-01-28 15:25:38.914 23187-23380 XtreamCatalogPipeline   com.fishit.player.v2                 D  [LIVE] Starting parallel scan (streaming-first)...
2026-01-28 15:25:38.914 23187-23285 XtreamCatalogPipeline   com.fishit.player.v2                 D  [VOD] Starting parallel scan (streaming-first)...
2026-01-28 15:25:38.915 23187-23284 XtreamCatalogPipeline   com.fishit.player.v2                 D  [SERIES] Starting parallel scan (streaming-first, episodes deferred)...
2026-01-28 15:25:38.920 23187-23380 XtreamApiClient         com.fishit.player.v2                 D  buildPlayerApiUrl: action=get_live_streams -> konigtv.com/player_api.php
2026-01-28 15:25:38.921 23187-23285 XtreamApiClient         com.fishit.player.v2                 D  buildPlayerApiUrl: action=get_vod_streams -> konigtv.com/player_api.php
2026-01-28 15:25:38.922 23187-23280 XtreamApiClient         com.fishit.player.v2                 D  buildPlayerApiUrl: action=get_series -> konigtv.com/player_api.php
2026-01-28 15:25:39.093 23187-23380 XtreamApiClient         com.fishit.player.v2                 D  StreamingFetch: Success for konigtv.com/player_api.php, streaming response
2026-01-28 15:25:39.311 23187-23380 XTC                     com.fishit.player.v2                 D  [LIVE] DTO→Raw #1 | id=xtream:live:81568 | title="DE HEVC" | sourceType=XTREAM | Fields: ✓[poster] ✗[year, plot, cast, director, backdrop, duration, tmdb]
2026-01-28 15:25:39.352 23187-23380 XTC                     com.fishit.player.v2                 D  [LIVE] DTO→Raw #50 | id=xtream:live:71808 | title="DE: Deluxe Music HEVC" | sourceType=XTREAM | Fields: ✓[poster] ✗[year, plot, cast, director, backdrop, duration, tmdb]
2026-01-28 15:25:39.392 23187-23380 XTC                     com.fishit.player.v2                 D  [LIVE] DTO→Raw #100 | id=xtream:live:49200 | title="DE: Pro 7 Maxx FHD" | sourceType=XTREAM | Fields: ✓[poster] ✗[year, plot, cast, director, backdrop, duration, tmdb]
2026-01-28 15:25:39.393 23187-23280 XtreamCatalogScanWorker com.fishit.player.v2                 D  PROGRESS discovered=100 persisted=0 phase=null
2026-01-28 15:25:39.394 23187-23280 SyncPerfMetrics         com.fishit.player.v2                 D  Phase LIVE started
2026-01-28 15:25:39.395 23187-23280 XtreamCatalogScanWorker com.fishit.player.v2                 D  PROGRESS discovered=100 persisted=0 phase=LIVE
2026-01-28 15:25:39.428 23187-23380 XTC                     com.fishit.player.v2                 D  [LIVE] DTO→Raw #150 | id=xtream:live:361561 | title="DE: NDR Hamburg" | sourceType=XTREAM | Fields: ✓[poster] ✗[year, plot, cast, director, backdrop, duration, tmdb]
2026-01-28 15:25:39.451 23187-23281 XtreamApiClient         com.fishit.player.v2                 D  StreamingFetch: Success for konigtv.com/player_api.php, streaming response
2026-01-28 15:25:39.463 23187-23380 XTC                     com.fishit.player.v2                 D  [LIVE] DTO→Raw #200 | id=xtream:live:197779 | title="DE: QVC STYLE TV" | sourceType=XTREAM | Fields: ✓[poster] ✗[year, plot, cast, director, backdrop, duration, tmdb]
2026-01-28 15:25:39.464 23187-23285 XtreamCatalogScanWorker com.fishit.player.v2                 D  PROGRESS discovered=200 persisted=0 phase=null
2026-01-28 15:25:39.465 23187-23285 SyncPerfMetrics         com.fishit.player.v2                 D  Phase LIVE started
2026-01-28 15:25:39.466 23187-23285 XtreamCatalogScanWorker com.fishit.player.v2                 D  PROGRESS discovered=200 persisted=0 phase=LIVE
2026-01-28 15:25:39.501 23187-23380 XTC                     com.fishit.player.v2                 D  [LIVE] DTO→Raw #250 | id=xtream:live:67411 | title="DE: Bndliga 7 SD" | sourceType=XTREAM | Fields: ✓[poster] ✗[year, plot, cast, director, backdrop, duration, tmdb]
2026-01-28 15:25:39.536 23187-23380 XTC                     com.fishit.player.v2                 D  [LIVE] DTO→Raw #300 | id=xtream:live:354423 | title="DE: Bundesliga Tivibu 2 (Türkisch)" | sourceType=XTREAM | Fields: ✓[poster] ✗[year, plot, cast, director, backdrop, duration, tmdb]
2026-01-28 15:25:39.537 23187-23280 XtreamCatalogScanWorker com.fishit.player.v2                 D  PROGRESS discovered=300 persisted=0 phase=null
2026-01-28 15:25:39.537 23187-23280 SyncPerfMetrics         com.fishit.player.v2                 D  Phase LIVE started
2026-01-28 15:25:39.538 23187-23280 XtreamCatalogScanWorker com.fishit.player.v2                 D  PROGRESS discovered=300 persisted=0 phase=LIVE
2026-01-28 15:25:39.564 23187-23380 XTC                     com.fishit.player.v2                 D  [LIVE] DTO→Raw #350 | id=xtream:live:181819 | title="MyTeam TV - 7" | sourceType=XTREAM | Fields: ✓[poster] ✗[year, plot, cast, director, backdrop, duration, tmdb]
2026-01-28 15:25:39.595 23187-23380 XTC                     com.fishit.player.v2                 D  [LIVE] DTO→Raw #400 | id=xtream:live:795605 | title="DE: DEL2 EVENT 16" | sourceType=XTREAM | Fields: ✓[poster] ✗[year, plot, cast, director, backdrop, duration, tmdb]
2026-01-28 15:25:39.595 23187-23280 XtreamCatalogScanWorker com.fishit.player.v2                 D  PROGRESS discovered=400 persisted=0 phase=null
2026-01-28 15:25:39.596 23187-23280 SyncPerfMetrics         com.fishit.player.v2                 D  Phase LIVE started
2026-01-28 15:25:39.597 23187-23280 XtreamCatalogScanWorker com.fishit.player.v2                 D  PROGRESS discovered=400 persisted=0 phase=LIVE
2026-01-28 15:25:39.625 23187-23380 XTC                     com.fishit.player.v2                 D  [LIVE] DTO→Raw #450 | id=xtream:live:792958 | title="DE: RTL+ SPORT EVENT 17" | sourceType=XTREAM | Fields: ✓[poster] ✗[year, plot, cast, director, backdrop, duration, tmdb]
2026-01-28 15:25:39.655 23187-23380 XTC                     com.fishit.player.v2                 D  [LIVE] DTO→Raw #500 | id=xtream:live:797354 | title="DE: DAZN EVENT 26 HD" | sourceType=XTREAM | Fields: ✓[poster] ✗[year, plot, cast, director, backdrop, duration, tmdb]
2026-01-28 15:25:39.656 23187-23280 XtreamCatalogScanWorker com.fishit.player.v2                 D  PROGRESS discovered=500 persisted=0 phase=null
2026-01-28 15:25:39.656 23187-23280 SyncPerfMetrics         com.fishit.player.v2                 D  Phase LIVE started
2026-01-28 15:25:39.657 23187-23280 XtreamCatalogScanWorker com.fishit.player.v2                 D  PROGRESS discovered=500 persisted=0 phase=LIVE
2026-01-28 15:25:39.744 23187-23380 XTC                     com.fishit.player.v2                 D  [LIVE] DTO→Raw #550 | id=xtream:live:744166 | title="DE: DYN SPORT 25" | sourceType=XTREAM | Fields: ✓[poster] ✗[year, plot, cast, director, backdrop, duration, tmdb]
2026-01-28 15:25:39.771 23187-23380 XTC                     com.fishit.player.v2                 D  [LIVE] DTO→Raw #600 | id=xtream:live:121760 | title="DE: Spiegel TV Wissen RAW" | sourceType=XTREAM | Fields: ✓[poster] ✗[year, plot, cast, director, backdrop, duration, tmdb]
2026-01-28 15:25:39.771 23187-23280 SyncBatchManager        com.fishit.player.v2                 D  Flushing LIVE batch: 600 items (timeBased=false)
2026-01-28 15:25:39.772 23187-23280 CatalogSyncService      com.fishit.player.v2                 D  Persisting Xtream live batch (NX-ONLY): 600 items
2026-01-28 15:25:39.794 23187-23380 XTC                     com.fishit.player.v2                 D  [LIVE] DTO→Raw #650 | id=xtream:live:48858 | title="DE: Sky Cinema Highlights FHD" | sourceType=XTREAM | Fields: ✓[poster] ✗[year, plot, cast, director, backdrop, duration, tmdb]
2026-01-28 15:25:40.161 23187-23281 XTC                     com.fishit.player.v2                 D  [SERIES] DTO→Raw #1 | id=xtream:series:-441 | title="Madam Secretary" | sourceType=XTREAM | Fields: ✓[plot(542c), cast, poster] ✗[year, director, backdrop, duration, tmdb]
2026-01-28 15:25:40.411 23187-23187 ViewRootIm...nActivity] com.fishit.player.v2                 I  ViewPostIme pointer 0
2026-01-28 15:25:40.515 23187-23284 XtreamApiClient         com.fishit.player.v2                 D  StreamingFetch: Success for konigtv.com/player_api.php, streaming response
2026-01-28 15:25:40.580 23187-23187 ViewRootIm...nActivity] com.fishit.player.v2                 I  ViewPostIme pointer 1
2026-01-28 15:25:40.611 23187-23187 Compatibil...geReporter com.fishit.player.v2                 D  Compat change id reported: 171228096; UID 10483; state: ENABLED
2026-01-28 15:25:40.716 23187-23284 XTC                     com.fishit.player.v2                 D  [VOD] DTO→Raw #1 | id=xtream:vod:804345 | title="Ella McCay | 2025 | 5.2" | sourceType=XTREAM | Fields: ✓[year=2025, poster] ✗[plot, cast, director, backdrop, duration, tmdb]
2026-01-28 15:25:41.467 23187-23187 ViewRootIm...nActivity] com.fishit.player.v2                 I  ViewPostIme pointer 0
2026-01-28 15:25:41.488 23187-23187 Choreographer           com.fishit.player.v2                 W  Frame time is 0.019780999 ms in the future!  Check that graphics HAL is generating vsync timestamps using the correct timebase.
2026-01-28 15:25:41.551 23187-23187 ViewRootIm...nActivity] com.fishit.player.v2                 I  ViewPostIme pointer 1
2026-01-28 15:25:41.720 23187-23208 ishit.player.v2         com.fishit.player.v2                 I  Compiler allocated 7198KB to compile void android.view.ViewRootImpl.performTraversals()
2026-01-28 15:25:41.909 23187-23187 WorkManage...teObserver com.fishit.player.v2                 I  Sync state: SUCCEEDED
2026-01-28 15:25:42.108 23187-23397 TrafficStats            com.fishit.player.v2                 D  tagSocket(93) with statsTag=0xffffffff, statsUid=-1
2026-01-28 15:25:42.110 23187-23399 TrafficStats            com.fishit.player.v2                 D  tagSocket(162) with statsTag=0xffffffff, statsUid=-1
2026-01-28 15:25:42.110 23187-23440 TrafficStats            com.fishit.player.v2                 D  tagSocket(175) with statsTag=0xffffffff, statsUid=-1
2026-01-28 15:25:42.119 23187-23441 TrafficStats            com.fishit.player.v2                 D  tagSocket(141) with statsTag=0xffffffff, statsUid=-1
2026-01-28 15:25:42.239 23187-23209 ishit.player.v2         com.fishit.player.v2                 I  Background young concurrent copying GC freed 439126(15MB) AllocSpace objects, 7(244KB) LOS objects, 18% free, 62MB/76MB, paused 183us,91us total 120.124ms
2026-01-28 15:25:43.369 23187-23385 CatalogSyncBootstrap    com.fishit.player.v2                 I  Catalog sync bootstrap triggered; activeSources=[XTREAM]
2026-01-28 15:25:43.369 23187-23385 CatalogSyncScheduler    com.fishit.player.v2                 D  Enqueueing AUTO sync
2026-01-28 15:25:43.374 23187-23385 CatalogSyncScheduler    com.fishit.player.v2                 D  Scheduling periodic incremental sync every 2 hours
2026-01-28 15:25:43.389 23187-23385 CatalogSyncScheduler    com.fishit.player.v2                 I  Periodic incremental sync scheduled: every 2 hours
2026-01-28 15:25:43.389 23187-23385 CatalogSyncBootstrap    com.fishit.player.v2                 I  Periodic incremental sync scheduled: every 2h
2026-01-28 15:25:43.390 23187-23300 WM-SystemJobScheduler   com.fishit.player.v2                 D  Scheduling work ID 9a30030d-ba73-4696-9c4d-426bb3ea5988Job ID 3
2026-01-28 15:25:43.396 23187-23300 WM-GreedyScheduler      com.fishit.player.v2                 D  Starting work for 9a30030d-ba73-4696-9c4d-426bb3ea5988
2026-01-28 15:25:43.397 23187-23187 WM-SystemJobService     com.fishit.player.v2                 D  onStartJob for WorkGenerationalId(workSpecId=9a30030d-ba73-4696-9c4d-426bb3ea5988, generation=0)
2026-01-28 15:25:43.506 23187-23300 WM-SystemJobScheduler   com.fishit.player.v2                 D  Scheduling work ID 50ceb85b-32e5-42e5-81ed-86449c5504b8Job ID 4
2026-01-28 15:25:43.512 23187-23300 WM-GreedyScheduler      com.fishit.player.v2                 D  Starting tracking for 50ceb85b-32e5-42e5-81ed-86449c5504b8
2026-01-28 15:25:43.515 23187-23288 WM-Processor            com.fishit.player.v2                 D  Processor: processing WorkGenerationalId(workSpecId=9a30030d-ba73-4696-9c4d-426bb3ea5988, generation=0)
2026-01-28 15:25:43.516 23187-23187 WM-SystemJobService     com.fishit.player.v2                 D  onStartJob for WorkGenerationalId(workSpecId=50ceb85b-32e5-42e5-81ed-86449c5504b8, generation=0)
2026-01-28 15:25:43.517 23187-23288 WM-Processor            com.fishit.player.v2                 D  Work WorkGenerationalId(workSpecId=9a30030d-ba73-4696-9c4d-426bb3ea5988, generation=0) is already enqueued for processing
2026-01-28 15:25:43.527 23187-23187 WM-WorkerWrapper        com.fishit.player.v2                 D  Starting work for com.fishit.player.v2.work.CatalogSyncOrchestratorWorker
2026-01-28 15:25:43.527 23187-23285 CatalogSyn...atorWorker com.fishit.player.v2                 I  START sync_run_id=34d58bf4-c197-4b3c-beee-53f656fc9a44 mode=auto
2026-01-28 15:25:43.529 23187-23288 WM-Processor            com.fishit.player.v2                 D  Processor: processing WorkGenerationalId(workSpecId=50ceb85b-32e5-42e5-81ed-86449c5504b8, generation=0)
2026-01-28 15:25:43.529 23187-23285 RuntimeGuards           com.fishit.player.v2                 D  Manual sync (auto) - skipping battery guard (level=100%)
2026-01-28 15:25:43.530 23187-23285 CatalogSyn...atorWorker com.fishit.player.v2                 I  Active sources check: [XTREAM] (isEmpty=false)
2026-01-28 15:25:43.530 23187-23285 CatalogSyn...atorWorker com.fishit.player.v2                 D  Active sources: [XTREAM] (TELEGRAM=false, XTREAM=true, IO=false)
2026-01-28 15:25:43.530 23187-23187 WorkManage...teObserver com.fishit.player.v2                 D  Sync state: ENQUEUED | id=9a30030d | attempts=0 | tags=[catalog_sync, worker/CatalogSyncOrchestratorWorker, com.fishit.player.v2.work.CatalogSyncOrchestratorWorker, mode_auto]
2026-01-28 15:25:43.532 23187-23285 CatalogSyn...atorWorker com.fishit.player.v2                 D  Enqueued Xtream chain: work_name=catalog_sync_global_xtream policy=KEEP workers=2
2026-01-28 15:25:43.532 23187-23285 CatalogSyn...atorWorker com.fishit.player.v2                 D  Telegram not in active sources - skipping Telegram workers
2026-01-28 15:25:43.533 23187-23285 CatalogSyn...atorWorker com.fishit.player.v2                 D  📊 WorkInfo chains enqueued:
                                                                                                      [XTREAM] work_name=catalog_sync_global_xtream → ENQUEUED
                                                                                                      Use 'adb shell dumpsys jobscheduler' or WorkManager Inspector for detailed state
2026-01-28 15:25:43.533 23187-23285 CatalogSyn...atorWorker com.fishit.player.v2                 I  CHAINS_ENQUEUED duration_ms=6 policy=KEEP sources=XTREAM (downstream workers will report completion)
2026-01-28 15:25:43.537 23187-23187 WM-WorkerWrapper        com.fishit.player.v2                 D  Starting work for com.fishit.player.v2.work.CatalogSyncOrchestratorWorker
2026-01-28 15:25:43.538 23187-23285 CatalogSyn...atorWorker com.fishit.player.v2                 I  START sync_run_id=periodic_1769610343378 mode=incremental
2026-01-28 15:25:43.540 23187-23285 RuntimeGuards           com.fishit.player.v2                 D  Manual sync (incremental) - skipping battery guard (level=100%)
2026-01-28 15:25:43.540 23187-23288 WM-EnqueueRunnable      com.fishit.player.v2                 E  Prerequisite 6e868559-d3fb-434d-8d8b-bfaeafde66d1 doesn't exist; not enqueuing
2026-01-28 15:25:43.540 23187-23285 CatalogSyn...atorWorker com.fishit.player.v2                 I  Active sources check: [XTREAM] (isEmpty=false)
2026-01-28 15:25:43.540 23187-23285 CatalogSyn...atorWorker com.fishit.player.v2                 D  Active sources: [XTREAM] (TELEGRAM=false, XTREAM=true, IO=false)
2026-01-28 15:25:43.542 23187-23288 WM-ConstraintTracker    com.fishit.player.v2                 D  BatteryNotLowTracker: initial state = true
2026-01-28 15:25:43.542 23187-23288 WM-BrdcstRcvrCnstrntTrc com.fishit.player.v2                 D  BatteryNotLowTracker: registering receiver
2026-01-28 15:25:43.543 23187-23285 CatalogSyn...atorWorker com.fishit.player.v2                 D  Enqueued Xtream chain: work_name=catalog_sync_global_xtream policy=KEEP workers=2
2026-01-28 15:25:43.543 23187-23285 CatalogSyn...atorWorker com.fishit.player.v2                 D  Telegram not in active sources - skipping Telegram workers
2026-01-28 15:25:43.544 23187-23285 CatalogSyn...atorWorker com.fishit.player.v2                 D  📊 WorkInfo chains enqueued:
                                                                                                      [XTREAM] work_name=catalog_sync_global_xtream → ENQUEUED
                                                                                                      Use 'adb shell dumpsys jobscheduler' or WorkManager Inspector for detailed state
2026-01-28 15:25:43.544 23187-23285 CatalogSyn...atorWorker com.fishit.player.v2                 I  CHAINS_ENQUEUED duration_ms=6 policy=KEEP sources=XTREAM (downstream workers will report completion)
2026-01-28 15:25:43.546 23187-23288 WM-ConstraintTracker    com.fishit.player.v2                 D  NetworkStateTracker24: initial state = NetworkState(isConnected=true, isValidated=true, isMetered=true, isNotRoaming=true)
2026-01-28 15:25:43.546 23187-23288 WM-NetworkStateTracker  com.fishit.player.v2                 D  Registering network callback
2026-01-28 15:25:43.547 23187-23288 ConnectivityManager     com.fishit.player.v2                 D  StackLog: [android.net.ConnectivityManager.sendRequestForNetwork(ConnectivityManager.java:4402)] [android.net.ConnectivityManager.registerDefaultNetworkCallbackForUid(ConnectivityManager.java:4966)] [android.net.ConnectivityManager.registerDefaultNetworkCallback(ConnectivityManager.java:4933)] [android.net.ConnectivityManager.registerDefaultNetworkCallback(ConnectivityManager.java:4907)] [androidx.work.impl.utils.NetworkApi24.registerDefaultNetworkCallbackCompat(NetworkApi24.kt:26)] [androidx.work.impl.constraints.trackers.NetworkStateTracker24.startTracking(NetworkStateTracker.kt:165)] [androidx.work.impl.constraints.trackers.ConstraintTracker.addListener(ConstraintTracker.kt:52)] [androidx.work.impl.constraints.controllers.BaseConstraintController$track$1.invokeSuspend(ContraintControllers.kt:62)] [androidx.work.impl.constraints.controllers.BaseConstraintController$track$1.invoke(Unknown Source:8)] [androidx.work.impl.constraints.controllers.BaseConstraintController$track$1.invoke(Unknown Source:4)] [kotlinx.coroutines.flow.ChannelFlowBuilder.collectTo$suspendImpl(Builders.kt:316)] [kotlinx.coroutines.flow.ChannelFlowBuilder.collectTo(Unknown Source:0)] [kotlinx.coroutines.flow.CallbackFlowBuilder.collectTo(Builders.kt:330)] [kotlinx.coroutines.flow.internal.ChannelFlow$collectToFun$1.invokeSuspend(ChannelFlow.kt:56)] [kotlin.coroutines.jvm.internal.BaseContinuationImpl.resumeWith(ContinuationImpl.kt:34)] [kotlinx.coroutines.DispatchedTask.run(DispatchedTask.kt:100)] [androidx.work.impl.utils.SerialExecutorImpl$Task.run(SerialExecutorImpl.java:96)] [java.util.concurrent.ThreadPoolExecutor.runWorker(ThreadPoolExecutor.java:1145)] [java.util.concurrent.ThreadPoolExecutor$Worker.run(ThreadPoolExecutor.java:644)] [java.lang.Thread.run(Thread.java:1012)]
2026-01-28 15:25:43.552 23187-23450 WM-NetworkStateTracker  com.fishit.player.v2                 D  Network capabilities changed: [ Transports: CELLULAR Capabilities: SUPL&INTERNET&NOT_RESTRICTED&TRUSTED&NOT_VPN&VALIDATED&NOT_ROAMING&FOREGROUND&NOT_CONGESTED&NOT_SUSPENDED&NOT_VCN_MANAGED LinkUpBandwidth>=11926Kbps LinkDnBandwidth>=11926Kbps Specifier: <TelephonyNetworkSpecifier [mSubId = 1]> SubscriptionIds: {1} UnderlyingNetworks: Null]
2026-01-28 15:25:43.553 23187-23288 WM-WorkerWrapper        com.fishit.player.v2                 I  Worker result SUCCESS for Work [ id=9a30030d-ba73-4696-9c4d-426bb3ea5988, tags={ com.fishit.player.v2.work.CatalogSyncOrchestratorWorker,catalog_sync,mode_auto,worker/CatalogSyncOrchestratorWorker } ]
2026-01-28 15:25:43.560 23187-23288 WM-EnqueueRunnable      com.fishit.player.v2                 E  Prerequisite 52d3d396-f87c-474e-b42b-641c0a5cf71b doesn't exist; not enqueuing
2026-01-28 15:25:43.566 23187-23300 WM-GreedyScheduler      com.fishit.player.v2                 D  Constraints met: Scheduling work ID WorkGenerationalId(workSpecId=50ceb85b-32e5-42e5-81ed-86449c5504b8, generation=0)
2026-01-28 15:25:43.569 23187-23302 WM-Processor            com.fishit.player.v2                 D  Work WorkGenerationalId(workSpecId=50ceb85b-32e5-42e5-81ed-86449c5504b8, generation=0) is already enqueued for processing
2026-01-28 15:25:43.579 23187-23187 WorkManage...teObserver com.fishit.player.v2                 D  Sync state: RUNNING | id=9a30030d | attempts=1 | tags=[catalog_sync, worker/CatalogSyncOrchestratorWorker, com.fishit.player.v2.work.CatalogSyncOrchestratorWorker, mode_auto]
2026-01-28 15:25:43.580 23187-23187 WM-Processor            com.fishit.player.v2                 D  Processor 9a30030d-ba73-4696-9c4d-426bb3ea5988 executed; reschedule = false
2026-01-28 15:25:43.580 23187-23187 WM-SystemJobService     com.fishit.player.v2                 D  9a30030d-ba73-4696-9c4d-426bb3ea5988 executed on JobScheduler
2026-01-28 15:25:43.580 23187-23300 WM-WorkerWrapper        com.fishit.player.v2                 I  Worker result SUCCESS for Work [ id=50ceb85b-32e5-42e5-81ed-86449c5504b8, tags={ com.fishit.player.v2.work.CatalogSyncOrchestratorWorker,catalog_sync,mode_incremental,worker/CatalogSyncOrchestratorWorker } ]
2026-01-28 15:25:43.590 23187-23302 WM-GreedyScheduler      com.fishit.player.v2                 D  Cancelling work ID 9a30030d-ba73-4696-9c4d-426bb3ea5988
2026-01-28 15:25:43.592 23187-23187 WM-Processor            com.fishit.player.v2                 D  Processor 50ceb85b-32e5-42e5-81ed-86449c5504b8 executed; reschedule = false
2026-01-28 15:25:43.592 23187-23187 WM-GreedyScheduler      com.fishit.player.v2                 D  Stopping tracking for WorkGenerationalId(workSpecId=50ceb85b-32e5-42e5-81ed-86449c5504b8, generation=0)
2026-01-28 15:25:43.596 23187-23302 WM-SystemJobScheduler   com.fishit.player.v2                 D  Scheduling work ID 50ceb85b-32e5-42e5-81ed-86449c5504b8Job ID 4
2026-01-28 15:25:43.597 23187-23187 WM-SystemJobService     com.fishit.player.v2                 D  50ceb85b-32e5-42e5-81ed-86449c5504b8 executed on JobScheduler
2026-01-28 15:25:43.611 23187-23187 WM-SystemJobService     com.fishit.player.v2                 D  onStopJob for WorkGenerationalId(workSpecId=50ceb85b-32e5-42e5-81ed-86449c5504b8, generation=0)
2026-01-28 15:25:43.630 23187-23187 WorkManage...teObserver com.fishit.player.v2                 I  Sync state: SUCCEEDED
2026-01-28 15:25:43.631 23187-23302 WM-GreedyScheduler      com.fishit.player.v2                 D  Cancelling work ID 50ceb85b-32e5-42e5-81ed-86449c5504b8
2026-01-28 15:25:43.636 23187-23302 WM-BrdcstRcvrCnstrntTrc com.fishit.player.v2                 D  BatteryNotLowTracker: unregistering receiver
2026-01-28 15:25:43.639 23187-23302 WM-NetworkStateTracker  com.fishit.player.v2                 D  Unregistering network callback
2026-01-28 15:25:43.640 23187-23302 ConnectivityManager     com.fishit.player.v2                 D  StackLog: [android.net.ConnectivityManager.unregisterNetworkCallback(ConnectivityManager.java:5076)] [androidx.work.impl.utils.NetworkApi21.unregisterNetworkCallbackCompat(NetworkApi21.kt:28)] [androidx.work.impl.constraints.trackers.NetworkStateTracker24.stopTracking(NetworkStateTracker.kt:180)] [androidx.work.impl.constraints.trackers.ConstraintTracker.removeListener(ConstraintTracker.kt:67)] [androidx.work.impl.constraints.controllers.BaseConstraintController$track$1$1.invoke(ContraintControllers.kt:63)] [androidx.work.impl.constraints.controllers.BaseConstraintController$track$1$1.invoke(ContraintControllers.kt:63)] [kotlinx.coroutines.channels.ProduceKt.awaitClose(Produce.kt:69)] [kotlinx.coroutines.channels.ProduceKt$awaitClose$1.invokeSuspend(Unknown Source:13)] [kotlin.coroutines.jvm.internal.BaseContinuationImpl.resumeWith(ContinuationImpl.kt:34)] [kotlinx.coroutines.DispatchedTask.run(DispatchedTask.kt:98)] [androidx.work.impl.utils.SerialExecutorImpl$Task.run(SerialExecutorImpl.java:96)] [java.util.concurrent.ThreadPoolExecutor.runWorker(ThreadPoolExecutor.java:1145)] [java.util.concurrent.ThreadPoolExecutor$Worker.run(ThreadPoolExecutor.java:644)] [java.lang.Thread.run(Thread.java:1012)]
2026-01-28 15:25:43.682 23187-23187 ViewRootIm...nActivity] com.fishit.player.v2                 I  ViewPostIme pointer 0
2026-01-28 15:25:43.837 23187-23187 ViewRootIm...nActivity] com.fishit.player.v2                 I  ViewPostIme pointer 1
2026-01-28 15:25:45.897 23187-23187 ViewRootIm...nActivity] com.fishit.player.v2                 I  ViewPostIme pointer 0
2026-01-28 15:25:46.074 23187-23187 ViewRootIm...nActivity] com.fishit.player.v2                 I  ViewPostIme pointer 1
2026-01-28 15:25:46.463 23187-23187 ViewRootIm...nActivity] com.fishit.player.v2                 I  ViewPostIme pointer 0
2026-01-28 15:25:46.598 23187-23187 ViewRootIm...nActivity] com.fishit.player.v2                 I  ViewPostIme pointer 1
2026-01-28 15:25:47.263 23187-23284 CatalogSyncService      com.fishit.player.v2                 D  Xtream live batch complete (NX): ingested=600 total_ms=7491
2026-01-28 15:25:47.264 23187-23284 XtreamCatalogScanWorker com.fishit.player.v2                 D  PROGRESS discovered=600 persisted=600 phase=null
2026-01-28 15:25:47.264 23187-23284 SyncPerfMetrics         com.fishit.player.v2                 D  Phase LIVE started
2026-01-28 15:25:47.265 23187-23284 XtreamCatalogScanWorker com.fishit.player.v2                 D  PROGRESS discovered=600 persisted=600 phase=LIVE
2026-01-28 15:25:47.276 23187-23284 XtreamCatalogScanWorker com.fishit.player.v2                 D  PROGRESS discovered=700 persisted=600 phase=null
2026-01-28 15:25:47.285 23187-23281 XTC                     com.fishit.player.v2                 D  [SERIES] DTO→Raw #50 | id=xtream:series:365 | title="4 Blocks" | sourceType=XTREAM | Fields: ✓[plot(424c), cast, poster] ✗[year, director, backdrop, duration, tmdb]
2026-01-28 15:25:47.297 23187-23386 XtreamCatalogScanWorker com.fishit.player.v2                 D  PROGRESS discovered=800 persisted=600 phase=null
2026-01-28 15:25:47.301 23187-23385 XTC                     com.fishit.player.v2                 D  [VOD] DTO→Raw #50 | id=xtream:vod:801981 | title="Anaconda | 2025 | 6.7" | sourceType=XTREAM | Fields: ✓[year=2025, poster] ✗[plot, cast, director, backdrop, duration, tmdb]
2026-01-28 15:25:47.302 23187-23377 XTC                     com.fishit.player.v2                 D  [LIVE] DTO→Raw #700 | id=xtream:live:733471 | title="DE: 2 BROKE GIRLS" | sourceType=XTREAM | Fields: ✓[poster] ✗[year, plot, cast, director, backdrop, duration, tmdb]
2026-01-28 15:25:47.302 23187-23386 SyncPerfMetrics         com.fishit.player.v2                 D  Phase LIVE started
2026-01-28 15:25:47.303 23187-23386 XtreamCatalogScanWorker com.fishit.player.v2                 D  PROGRESS discovered=838 persisted=600 phase=LIVE
2026-01-28 15:25:47.306 23187-23281 XTC                     com.fishit.player.v2                 D  [SERIES] DTO→Raw #100 | id=xtream:series:687 | title="The I-Land" | sourceType=XTREAM | Fields: ✓[plot(471c), cast, poster] ✗[year, director, backdrop, duration, tmdb]
2026-01-28 15:25:47.310 23187-23285 SyncPerfMetrics         com.fishit.player.v2                 D  Phase SERIES started
2026-01-28 15:25:47.312 23187-23285 XtreamCatalogScanWorker com.fishit.player.v2                 D  PROGRESS discovered=878 persisted=600 phase=SERIES
2026-01-28 15:25:47.317 23187-23377 XTC                     com.fishit.player.v2                 D  [VOD] DTO→Raw #100 | id=xtream:vod:800634 | title="Whiteout - Überleben ist alles | 2025 | " | sourceType=XTREAM | Fields: ✓[year=2025, poster] ✗[plot, cast, director, backdrop, duration, tmdb]
2026-01-28 15:25:47.324 23187-23285 XtreamCatalogScanWorker com.fishit.player.v2                 D  PROGRESS discovered=900 persisted=600 phase=null
2026-01-28 15:25:47.346 23187-23385 XTC                     com.fishit.player.v2                 D  [LIVE] DTO→Raw #750 | id=xtream:live:749839 | title="DE: EDGAR WALLACE MIX" | sourceType=XTREAM | Fields: ✓[poster] ✗[year, plot, cast, director, backdrop, duration, tmdb]
2026-01-28 15:25:47.348 23187-23285 SyncPerfMetrics         com.fishit.player.v2                 D  Phase MOVIES started
2026-01-28 15:25:47.349 23187-23285 XtreamCatalogScanWorker com.fishit.player.v2                 D  PROGRESS discovered=952 persisted=600 phase=VOD
2026-01-28 15:25:47.353 23187-23386 XTC                     com.fishit.player.v2                 D  [SERIES] DTO→Raw #150 | id=xtream:series:784 | title="Who Killed Jeffrey Epstein" | sourceType=XTREAM | Fields: ✓[poster] ✗[year, plot, cast, director, backdrop, duration, tmdb]
2026-01-28 15:25:47.365 23187-23285 XtreamCatalogScanWorker com.fishit.player.v2                 D  PROGRESS discovered=1000 persisted=600 phase=null
2026-01-28 15:25:47.368 23187-23287 XTC                     com.fishit.player.v2                 D  [VOD] DTO→Raw #150 | id=xtream:vod:798830 | title="825 Forest Road | 2025 | 5.9 |" | sourceType=XTREAM | Fields: ✓[year=2025, poster] ✗[plot, cast, director, backdrop, duration, tmdb]
2026-01-28 15:25:47.371 23187-23285 XtreamCatalogScanWorker com.fishit.player.v2                 D  PROGRESS discovered=1100 persisted=600 phase=null
2026-01-28 15:25:47.379 23187-23284 XTC                     com.fishit.player.v2                 D  [SERIES] DTO→Raw #200 | id=xtream:series:1141 | title="Godless" | sourceType=XTREAM | Fields: ✓[plot(170c), cast, poster] ✗[year, director, backdrop, duration, tmdb]
2026-01-28 15:25:47.379 23187-23281 SyncBatchManager        com.fishit.player.v2                 D  Flushing SERIES batch: 200 items (timeBased=false)
2026-01-28 15:25:47.380 23187-23281 CatalogSyncService      com.fishit.player.v2                 D  Persisting Xtream catalog batch (NX-ONLY): 200 items (canonical_linking=false)
2026-01-28 15:25:47.380 23187-23285 SyncBatchManager        com.fishit.player.v2                 D  Time-based flush for LIVE: 171 items after 7609ms
2026-01-28 15:25:47.381 23187-23285 SyncBatchManager        com.fishit.player.v2                 D  Flushing LIVE batch: 171 items (timeBased=true)
2026-01-28 15:25:47.381 23187-23285 CatalogSyncService      com.fishit.player.v2                 D  Persisting Xtream live batch (NX-ONLY): 171 items
2026-01-28 15:25:47.381 23187-23287 XTC                     com.fishit.player.v2                 D  [VOD] DTO→Raw #200 | id=xtream:vod:797304 | title="Frankenstein | 2025 | 7.9 |" | sourceType=XTREAM | Fields: ✓[year=2025, poster] ✗[plot, cast, director, backdrop, duration, tmdb]
2026-01-28 15:25:48.088 23187-23209 ishit.player.v2         com.fishit.player.v2                 I  Background concurrent copying GC freed 687077(30MB) AllocSpace objects, 13(260KB) LOS objects, 49% free, 24MB/48MB, paused 136us,56us total 122.611ms
2026-01-28 15:25:48.425 23187-23285 CatalogSyncService      com.fishit.player.v2                 D  Xtream batch complete (HOT PATH/NX): ingested=200 total_ms=1045
2026-01-28 15:25:48.428 23187-23285 SyncPerfMetrics         com.fishit.player.v2                 D  Phase SERIES started
2026-01-28 15:25:48.428 23187-23285 XtreamCatalogScanWorker com.fishit.player.v2                 D  PROGRESS discovered=1163 persisted=800 phase=SERIES
2026-01-28 15:25:48.432 23187-23285 SyncPerfMetrics         com.fishit.player.v2                 D  Phase MOVIES started
2026-01-28 15:25:48.432 23187-23285 XtreamCatalogScanWorker com.fishit.player.v2                 D  PROGRESS discovered=1178 persisted=800 phase=VOD
2026-01-28 15:25:48.434 23187-23285 XtreamCatalogScanWorker com.fishit.player.v2                 D  PROGRESS discovered=1200 persisted=800 phase=null
2026-01-28 15:25:48.440 23187-23287 XTC                     com.fishit.player.v2                 D  [SERIES] DTO→Raw #250 | id=xtream:series:1344 | title="LOL: Last One Laughing" | sourceType=XTREAM | Fields: ✓[plot(258c), cast, poster] ✗[year, director, backdrop, duration, tmdb]
2026-01-28 15:25:48.446 23187-23280 XTC                     com.fishit.player.v2                 D  [VOD] DTO→Raw #250 | id=xtream:vod:794087 | title="Jenseits der blauen Grenze | 2024 | 6.4 " | sourceType=XTREAM | Fields: ✓[year=2024, poster] ✗[plot, cast, director, backdrop, duration, tmdb]
2026-01-28 15:25:48.448 23187-23386 XtreamCatalogScanWorker com.fishit.player.v2                 D  PROGRESS discovered=1300 persisted=800 phase=null
2026-01-28 15:25:48.467 23187-23287 XTC                     com.fishit.player.v2                 D  [SERIES] DTO→Raw #300 | id=xtream:series:1475 | title="Panic" | sourceType=XTREAM | Fields: ✓[plot(526c), cast, poster] ✗[year, director, backdrop, duration, tmdb]
2026-01-28 15:25:48.467 23187-23281 SyncPerfMetrics         com.fishit.player.v2                 D  Phase SERIES started
2026-01-28 15:25:48.469 23187-23281 XtreamCatalogScanWorker com.fishit.player.v2                 D  PROGRESS discovered=1384 persisted=800 phase=SERIES
2026-01-28 15:25:48.472 23187-23285 XtreamCatalogScanWorker com.fishit.player.v2                 D  PROGRESS discovered=1400 persisted=800 phase=null
2026-01-28 15:25:48.473 23187-23385 XTC                     com.fishit.player.v2                 D  [LIVE] DTO→Raw #800 | id=xtream:live:729970 | title="DE: POLICE ACADEMY" | sourceType=XTREAM | Fields: ✓[poster] ✗[year, plot, cast, director, backdrop, duration, tmdb]
2026-01-28 15:25:48.474 23187-23285 SyncPerfMetrics         com.fishit.player.v2                 D  Phase LIVE started
2026-01-28 15:25:48.475 23187-23285 XtreamCatalogScanWorker com.fishit.player.v2                 D  PROGRESS discovered=1407 persisted=800 phase=LIVE
2026-01-28 15:25:48.477 23187-23280 XTC                     com.fishit.player.v2                 D  [VOD] DTO→Raw #300 | id=xtream:vod:791360 | title="All of You | 2025 | 6.5 |" | sourceType=XTREAM | Fields: ✓[year=2025, poster] ✗[plot, cast, director, backdrop, duration, tmdb]
2026-01-28 15:25:48.478 23187-23281 SyncPerfMetrics         com.fishit.player.v2                 D  Phase MOVIES started
2026-01-28 15:25:48.478 23187-23281 XtreamCatalogScanWorker com.fishit.player.v2                 D  PROGRESS discovered=1418 persisted=800 phase=VOD
2026-01-28 15:25:48.492 23187-23386 XtreamCatalogScanWorker com.fishit.player.v2                 D  PROGRESS discovered=1500 persisted=800 phase=null
2026-01-28 15:25:48.493 23187-23287 XTC                     com.fishit.player.v2                 D  [SERIES] DTO→Raw #350 | id=xtream:series:1604 | title="Monster bei der Arbeit" | sourceType=XTREAM | Fields: ✓[plot(482c), cast, poster] ✗[year, director, backdrop, duration, tmdb]
2026-01-28 15:25:48.500 23187-23280 XTC                     com.fishit.player.v2                 D  [VOD] DTO→Raw #350 | id=xtream:vod:788976 | title="Was ist Liebe wert - Materialists | 2025" | sourceType=XTREAM | Fields: ✓[year=2025, poster] ✗[plot, cast, director, backdrop, duration, tmdb]
