2026-01-30 12:23:24.488  5427-5427  ViewRootIm...nActivity] com.fishit.player.v2                 I  ViewPostIme pointer 0
2026-01-30 12:23:24.585  5427-5427  ViewRootIm...nActivity] com.fishit.player.v2                 I  ViewPostIme pointer 1
2026-01-30 12:23:24.612  5427-5442  ishit.player.v2         com.fishit.player.v2                 I  Background concurrent copying GC freed 78145(6251KB) AllocSpace objects, 22(888KB) LOS objects, 49% free, 8130KB/15MB, paused 401us,297us total 111.697ms
2026-01-30 12:23:24.729  5427-5427  InputMethodManagerUtils com.fishit.player.v2                 D  startInputInner - Id : 0
2026-01-30 12:23:24.729  5427-5427  InputMethodManager      com.fishit.player.v2                 I  startInputInner - IInputMethodManagerGlobalInvoker.startInputOrWindowGainedFocus
2026-01-30 12:23:24.737  5427-5427  InputMethodManagerUtils com.fishit.player.v2                 D  startInputInner - Id : 0
2026-01-30 12:23:24.737  5427-5427  InputMethodManager      com.fishit.player.v2                 I  startInputInner - IInputMethodManagerGlobalInvoker.startInputOrWindowGainedFocus
2026-01-30 12:23:24.746  5427-5427  ImeTracker              com.fishit.player.v2                 I  com.fishit.player.v2:42154465: onRequestShow at ORIGIN_CLIENT_SHOW_SOFT_INPUT reason SHOW_SOFT_INPUT_BY_INSETS_API
2026-01-30 12:23:24.747  5427-5427  InsetsController        com.fishit.player.v2                 D  show(ime(), fromIme=false)
2026-01-30 12:23:24.748  5427-5427  InsetsController        com.fishit.player.v2                 I  setRequestedVisibleTypes: visible=true, mask=ime, host=com.fishit.player.v2/com.fishit.player.v2.MainActivity, from=android.view.InsetsController.controlAnimationUnchecked:1445 android.view.InsetsController.applyAnimation:2005 android.view.InsetsController.applyAnimation:1968 android.view.InsetsController.show:1309 android.view.InsetsController.show:1237 androidx.core.view.SoftwareKeyboardControllerCompat$Impl30.show:194 androidx.core.view.SoftwareKeyboardControllerCompat.show:71 androidx.compose.ui.text.input.InputMethodManagerImpl.showSoftInput:81 androidx.compose.ui.text.input.TextInputServiceAndroid.setKeyboardVisibleImmediately:475 androidx.compose.ui.text.input.TextInputServiceAndroid.processInputCommands:359
2026-01-30 12:23:24.749  5427-5427  InputMethodManager_LC   com.fishit.player.v2                 I  ris()
2026-01-30 12:23:24.750  5427-5427  InputMethodManager_LC   com.fishit.player.v2                 I  ssi(): flags=0 view=com.fishit.player.v2 reason = SHOW_SOFT_INPUT_BY_INSETS_API
2026-01-30 12:23:24.750  5427-5427  InputMethodManager_LC   com.fishit.player.v2                 I  ssi() view is not EditText
2026-01-30 12:23:24.751  5427-5427  InputMethodManager      com.fishit.player.v2                 D  showSoftInput() view=androidx.compose.ui.platform.AndroidComposeView{8c9b76a VFED..... .F....ID 0,0-1080,2400 aid=1073741824} flags=0 reason=SHOW_SOFT_INPUT_BY_INSETS_API
2026-01-30 12:23:24.759  5427-5427  InsetsController        com.fishit.player.v2                 I  setRequestedVisibleTypes: visible=false, mask=ime, host=com.fishit.player.v2/com.fishit.player.v2.MainActivity, from=android.view.InsetsController.controlAnimationUncheckedInner:1546 android.view.InsetsController.controlAnimationUnchecked:1449 android.view.InsetsController.applyAnimation:2005 android.view.InsetsController.applyAnimation:1968 android.view.InsetsController.show:1309 android.view.InsetsController.show:1237 androidx.core.view.SoftwareKeyboardControllerCompat$Impl30.show:194 androidx.core.view.SoftwareKeyboardControllerCompat.show:71 androidx.compose.ui.text.input.InputMethodManagerImpl.showSoftInput:81 androidx.compose.ui.text.input.TextInputServiceAndroid.setKeyboardVisibleImmediately:475
2026-01-30 12:23:24.873  5427-5427  InputMethodManager_LC   com.fishit.player.v2                 I  showSoftInput(View,I)
2026-01-30 12:23:24.874  5427-5427  ImeTracker              com.fishit.player.v2                 I  com.fishit.player.v2:5f6f44fc: onRequestShow at ORIGIN_CLIENT_SHOW_SOFT_INPUT reason SHOW_SOFT_INPUT
2026-01-30 12:23:24.875  5427-5427  InputMethodManager_LC   com.fishit.player.v2                 I  ssi(): flags=0 view=com.fishit.player.v2 reason = SHOW_SOFT_INPUT
2026-01-30 12:23:24.875  5427-5427  InputMethodManager_LC   com.fishit.player.v2                 I  ssi() view is not EditText
2026-01-30 12:23:24.875  5427-5427  InputMethodManager      com.fishit.player.v2                 D  showSoftInput() view=androidx.compose.ui.platform.AndroidComposeView{8c9b76a VFED..... .F....ID 0,0-1080,2400 aid=1073741824} flags=0 reason=SHOW_SOFT_INPUT
2026-01-30 12:23:24.878  5427-5427  RemoteInpu...ectionImpl com.fishit.player.v2                 W  getExtractedText on inactive InputConnection
2026-01-30 12:23:25.135  5427-5462  ViewRootIm...nActivity] com.fishit.player.v2                 I  Resizing android.view.ViewRootImpl@b787c95: frame = [0,0][1080,2400] reportDraw = false forceLayout = false syncSeqId = -1
2026-01-30 12:23:25.138  5427-5427  InsetsController        com.fishit.player.v2                 I  onStateChanged: host=com.fishit.player.v2/com.fishit.player.v2.MainActivity, from=android.view.ViewRootImpl$ViewRootHandler.handleMessageImpl:7196, state=InsetsState: {mDisplayFrame=Rect(0, 0 - 1080, 2400), mDisplayCutout=DisplayCutout{insets=Rect(0, 80 - 0, 0) waterfall=Insets{left=0, top=0, right=0, bottom=0} boundingRect={Bounds=[Rect(0, 0 - 0, 0), Rect(510, 0 - 570, 80), Rect(0, 0 - 0, 0), Rect(0, 0 - 0, 0)]} cutoutPathParserInfo={CutoutPathParserInfo{displayWidth=1080 displayHeight=2400 physicalDisplayWidth=1080 physicalDisplayHeight=2400 density={3.0} cutoutSpec={M 0,0 H -10 V 26.66666666666667 H 10 V 0 H 0 Z @dp} rotation={0} scale={1.0} physicalPixelDisplaySizeRatio={1.0}}}}, mRoundedCorners=RoundedCorners{[RoundedCorner{position=TopLeft, radius=90, center=Point(90, 90)}, RoundedCorner{position=TopRight, radius=90, center=Point(990, 90)}, RoundedCorner{position=BottomRight, radius=90, center=Point(990, 2310)}, RoundedCorner{position=BottomLeft, radius=90, center=Point(90, 2310)}]}  mRoundedCornerFrame=Rect(0, 0 - 1080, 2400), mPrivacyIndicatorBounds=PrivacyIndicatorBounds {static bounds=Rect(948, 0 - 1080, 80) rotation=0}, mDisplayShape=DisplayShape{ spec=-311912193 displayWidth=1080 displayHeight=2400 physicalPixelDisplaySizeRatio=1.0 rotation=0 offsetX=0 offsetY=0 scale=1.0}, mSources= { InsetsSource: {3 mType=ime mFrame=[0,2256][1080,2400] mVisible=false mFlags=[]}, InsetsSource: {27 mType=displayCutout mFrame=[0,0][1080,80] mVisible=true mFlags=[]}, InsetsSource: {24df0000 mType=statusBars mFrame=[0,0][1080,80] mVisible=true mFlags=[]}, InsetsSource: {24df0005 mType=mandatorySystemGestures mFrame=[0,0][1080,116] mVisible=true mFlags=[]}, InsetsSource: {24df0006 mType=tappableElement mFrame=[0,0][1080,80] mVisible=true mFlags=[]}, InsetsSource: {68b60001 mType=navigationBars mFrame=[0,2256][1080,2400] mVisible=true mFlags=[]}, InsetsSource: {68b60004 mType=systemGestures mFrame=[0,0][0,0] mVisible=true mFlags=[]}, InsetsSource: {68b60005 mType=mandatorySystemGestures mFrame=[0,2256][1080,2400] mVisible=true mFlags=[]}, InsetsSource: {68b60006 mType=tappableElement mFrame=[0,2256][1080,2400] mVisible=true mFlags=[]}, InsetsSource: {68b60024 mType=systemGestures mFrame=[0,0][0,0] mVisible=true mFlags=[]} }
2026-01-30 12:23:25.139  5427-5427  ViewRootIm...nActivity] com.fishit.player.v2                 I  handleResized, msg = 4 frames=ClientWindowFrames{frame=[0,0][1080,2400] display=[0,0][1080,2400] parentFrame=[0,0][0,0]} forceNextWindowRelayout=false displayId=0 dragResizing=false compatScale=1.0 frameChanged=false attachedFrameChanged=false configChanged=false displayChanged=false compatScaleChanged=false
2026-01-30 12:23:25.196  5427-5427  InsetsController        com.fishit.player.v2                 D  show(ime(), fromIme=true)
2026-01-30 12:23:25.197  5427-5427  InsetsController        com.fishit.player.v2                 I  setRequestedVisibleTypes: visible=true, mask=ime, host=com.fishit.player.v2/com.fishit.player.v2.MainActivity, from=android.view.InsetsController.controlAnimationUnchecked:1445 android.view.InsetsController.handlePendingControlRequest:1324 android.view.InsetsController.show:1260 android.view.ViewRootImpl$ViewRootHandler.handleMessageImpl:7233 android.view.ViewRootImpl$ViewRootHandler.handleMessage:7166 android.os.Handler.dispatchMessage:106 android.os.Looper.loopOnce:230 android.os.Looper.loop:319 android.app.ActivityThread.main:8919 java.lang.reflect.Method.invoke:-2
2026-01-30 12:23:25.200  5427-5427  InsetsController        com.fishit.player.v2                 I  controlAnimationUncheckedInner: Added types=ime, animType=0, host=com.fishit.player.v2/com.fishit.player.v2.MainActivity, from=android.view.InsetsController.controlAnimationUnchecked:1449 android.view.InsetsController.handlePendingControlRequest:1324 android.view.InsetsController.show:1260
2026-01-30 12:23:25.244  5427-5462  ViewRootIm...nActivity] com.fishit.player.v2                 I  Resizing android.view.ViewRootImpl@b787c95: frame = [0,0][1080,2400] reportDraw = false forceLayout = false syncSeqId = -1
2026-01-30 12:23:25.315  5427-5427  InsetsController        com.fishit.player.v2                 I  onStateChanged: host=com.fishit.player.v2/com.fishit.player.v2.MainActivity, from=android.view.ViewRootImpl$ViewRootHandler.handleMessageImpl:7209, state=InsetsState: {mDisplayFrame=Rect(0, 0 - 1080, 2400), mDisplayCutout=DisplayCutout{insets=Rect(0, 80 - 0, 0) waterfall=Insets{left=0, top=0, right=0, bottom=0} boundingRect={Bounds=[Rect(0, 0 - 0, 0), Rect(510, 0 - 570, 80), Rect(0, 0 - 0, 0), Rect(0, 0 - 0, 0)]} cutoutPathParserInfo={CutoutPathParserInfo{displayWidth=1080 displayHeight=2400 physicalDisplayWidth=1080 physicalDisplayHeight=2400 density={3.0} cutoutSpec={M 0,0 H -10 V 26.66666666666667 H 10 V 0 H 0 Z @dp} rotation={0} scale={1.0} physicalPixelDisplaySizeRatio={1.0}}}}, mRoundedCorners=RoundedCorners{[RoundedCorner{position=TopLeft, radius=90, center=Point(90, 90)}, RoundedCorner{position=TopRight, radius=90, center=Point(990, 90)}, RoundedCorner{position=BottomRight, radius=90, center=Point(990, 2310)}, RoundedCorner{position=BottomLeft, radius=90, center=Point(90, 2310)}]}  mRoundedCornerFrame=Rect(0, 0 - 1080, 2400), mPrivacyIndicatorBounds=PrivacyIndicatorBounds {static bounds=Rect(948, 0 - 1080, 80) rotation=0}, mDisplayShape=DisplayShape{ spec=-311912193 displayWidth=1080 displayHeight=2400 physicalPixelDisplaySizeRatio=1.0 rotation=0 offsetX=0 offsetY=0 scale=1.0}, mSources= { InsetsSource: {3 mType=ime mFrame=[0,2256][1080,2400] mVisible=true mFlags=[]}, InsetsSource: {27 mType=displayCutout mFrame=[0,0][1080,80] mVisible=true mFlags=[]}, InsetsSource: {24df0000 mType=statusBars mFrame=[0,0][1080,80] mVisible=true mFlags=[]}, InsetsSource: {24df0005 mType=mandatorySystemGestures mFrame=[0,0][1080,116] mVisible=true mFlags=[]}, InsetsSource: {24df0006 mType=tappableElement mFrame=[0,0][1080,80] mVisible=true mFlags=[]}, InsetsSource: {68b60001 mType=navigationBars mFrame=[0,2256][1080,2400] mVisible=true mFlags=[]}, InsetsSource: {68b60004 mType=systemGestures mFrame=[0,0][0,0] mVisible=true mFlags=[]}, InsetsSource: {68b60005 mType=mandatorySystemGestures mFrame=[0,2256][1080,2400] mVisible=true mFlags=[]}, InsetsSource: {68b60006 mType=tappableElement mFrame=[0,2256][1080,2400] mVisible=true mFlags=[]}, InsetsSource: {68b60024 mType=systemGestures mFrame=[0,0][0,0] mVisible=true mFlags=[]} }
2026-01-30 12:23:25.317  5427-5427  ViewRootIm...nActivity] com.fishit.player.v2                 I  handleResized, msg = 4 frames=ClientWindowFrames{frame=[0,0][1080,2400] display=[0,0][1080,2400] parentFrame=[0,0][0,0]} forceNextWindowRelayout=false displayId=0 dragResizing=false compatScale=1.0 frameChanged=false attachedFrameChanged=false configChanged=false displayChanged=false compatScaleChanged=false
2026-01-30 12:23:25.318  5427-5427  InsetsController        com.fishit.player.v2                 I  cancelAnimation: types=ime, animType=0, host=com.fishit.player.v2/com.fishit.player.v2.MainActivity, from=android.view.InsetsController.notifyFinished:1748 android.view.InsetsAnimationThreadControlRunner$1.lambda$notifyFinished$0:85 android.view.InsetsAnimationThreadControlRunner$1.$r8$lambda$RAf1SfIREsj9-wH5FOigMy6eLkM:0
2026-01-30 12:23:25.319  5427-5427  ImeTracker              com.fishit.player.v2                 I  com.fishit.player.v2:5f6f44fc: onShown
2026-01-30 12:23:25.327  5427-5820  ViewRootIm...nActivity] com.fishit.player.v2                 I  mWNT: t=0xb4000078e4e54bd0 mBlastBufferQueue=0xb400007a14e40ed0 fn= 11 mRenderHdrSdrRatio=1.0 caller= android.view.SyncRtSurfaceTransactionApplier.applyTransaction:96 android.view.SyncRtSurfaceTransactionApplier.lambda$scheduleApply$0:69 android.view.SyncRtSurfaceTransactionApplier.$r8$lambda$SgowXC58rj3PR958kHUfRgLZmvE:0
2026-01-30 12:23:26.846  5427-5427  ViewRootIm...nActivity] com.fishit.player.v2                 I  ViewPostIme key 0
2026-01-30 12:23:26.866  5427-5427  ViewRootIm...nActivity] com.fishit.player.v2                 I  ViewPostIme key 1
2026-01-30 12:23:32.963  5427-5427  ViewRootIm...nActivity] com.fishit.player.v2                 I  ViewPostIme pointer 0
2026-01-30 12:23:33.023  5427-5427  ViewRootIm...nActivity] com.fishit.player.v2                 I  ViewPostIme pointer 1
2026-01-30 12:23:33.027  5427-5427  OnboardingViewModel     com.fishit.player.v2                 D  connectXtream: Starting with URL host: http://konigtv.com:8080
2026-01-30 12:23:33.032  5427-5427  OnboardingViewModel     com.fishit.player.v2                 D  connectXtream: Parsed credentials - host=konigtv.com, port=8080, username=Christoph10, useHttps=false
2026-01-30 12:23:33.033  5427-5427  Compatibil...geReporter com.fishit.player.v2                 D  Compat change id reported: 247079863; UID 10456; state: ENABLED
2026-01-30 12:23:33.036  5427-5427  OnboardingViewModel     com.fishit.player.v2                 D  connectXtream: Created config - scheme=http, host=konigtv.com, port=8080, username=Christoph10
2026-01-30 12:23:33.037  5427-5427  XtreamAuthRepoAdapter   com.fishit.player.v2                 D  initialize: Starting with config - scheme=http, host=konigtv.com, port=8080, username=Christoph10
2026-01-30 12:23:33.040  5427-5427  XtreamAuthRepoAdapter   com.fishit.player.v2                 D  initialize: Calling apiClient.initialize
2026-01-30 12:23:33.043  5427-5736  XtreamApiClient         com.fishit.player.v2                 D  Initializing client for konigtv.com (forceDiscovery=false)
2026-01-30 12:23:33.044  5427-5736  XtreamApiClient         com.fishit.player.v2                 D  Resolved port: 8080
2026-01-30 12:23:33.117  5427-5735  XtreamApiClient         com.fishit.player.v2                 D  buildPlayerApiUrl: action=get_live_categories -> konigtv.com/player_api.php
2026-01-30 12:23:33.124  5427-5785  XtreamApiClient         com.fishit.player.v2                 D  buildPlayerApiUrl: action=get_movies_categories -> konigtv.com/player_api.php
2026-01-30 12:23:33.127  5427-5788  XtreamApiClient         com.fishit.player.v2                 D  buildPlayerApiUrl: action=get_movie_categories -> konigtv.com/player_api.php
2026-01-30 12:23:33.128  5427-5787  XtreamApiClient         com.fishit.player.v2                 D  buildPlayerApiUrl: action=get_series_categories -> konigtv.com/player_api.php
2026-01-30 12:23:33.135  5427-5784  XtreamApiClient         com.fishit.player.v2                 D  buildPlayerApiUrl: action=get_live_streams -> konigtv.com/player_api.php
2026-01-30 12:23:33.135  5427-5737  XtreamApiClient         com.fishit.player.v2                 D  buildPlayerApiUrl: action=get_vod_categories -> konigtv.com/player_api.php
2026-01-30 12:23:33.138  5427-5786  XtreamApiClient         com.fishit.player.v2                 D  buildPlayerApiUrl: action=get_series -> konigtv.com/player_api.php
2026-01-30 12:23:33.212  5427-5964  TrafficStats            com.fishit.player.v2                 D  tagSocket(75) with statsTag=0xffffffff, statsUid=-1
2026-01-30 12:23:33.259  5427-5427  ImeTracker              com.fishit.player.v2                 I  com.fishit.player.v2:98cbd94: onRequestHide at ORIGIN_CLIENT_HIDE_SOFT_INPUT reason HIDE_SOFT_INPUT_BY_INSETS_API
2026-01-30 12:23:33.260  5427-5965  TrafficStats            com.fishit.player.v2                 D  tagSocket(133) with statsTag=0xffffffff, statsUid=-1
2026-01-30 12:23:33.260  5427-5427  InsetsController        com.fishit.player.v2                 I  setRequestedVisibleTypes: visible=false, mask=ime, host=com.fishit.player.v2/com.fishit.player.v2.MainActivity, from=android.view.InsetsController.controlAnimationUnchecked:1445 android.view.InsetsController.applyAnimation:2005 android.view.InsetsController.applyAnimation:1968 android.view.InsetsController.hide:1403 android.view.InsetsController.hide:1342 androidx.core.view.SoftwareKeyboardControllerCompat$Impl30.hide:227 androidx.core.view.SoftwareKeyboardControllerCompat.hide:81 androidx.compose.ui.text.input.InputMethodManagerImpl.hideSoftInput:85 androidx.compose.ui.text.input.TextInputServiceAndroid.setKeyboardVisibleImmediately:477 androidx.compose.ui.text.input.TextInputServiceAndroid.processInputCommands:359
2026-01-30 12:23:33.262  5427-5427  ImeTracker              com.fishit.player.v2                 I  com.fishit.player.v2:bb99937e: onRequestHide at ORIGIN_CLIENT_HIDE_SOFT_INPUT reason HIDE_SOFT_INPUT_BY_INSETS_API
2026-01-30 12:23:33.262  5427-5427  InputMethodManager_LC   com.fishit.player.v2                 I  notifyImeHidden: IInputMethodManagerGlobalInvoker.hideSoftInput
2026-01-30 12:23:33.271  5427-5427  InsetsController        com.fishit.player.v2                 I  controlAnimationUncheckedInner: Added types=ime, animType=1, host=com.fishit.player.v2/com.fishit.player.v2.MainActivity, from=android.view.InsetsController.controlAnimationUnchecked:1449 android.view.InsetsController.applyAnimation:2005 android.view.InsetsController.applyAnimation:1968
2026-01-30 12:23:33.272  5427-5427  InputMethodManagerUtils com.fishit.player.v2                 D  startInputInner - Id : 0
2026-01-30 12:23:33.272  5427-5427  InputMethodManager      com.fishit.player.v2                 I  startInputInner - IInputMethodManagerGlobalInvoker.startInputOrWindowGainedFocus
2026-01-30 12:23:33.290  5427-5427  ImeTracker              com.fishit.player.v2                 I  com.fishit.player.v2:bb99937e: onCancelled at PHASE_CLIENT_APPLY_ANIMATION
2026-01-30 12:23:33.290  5427-5427  RemoteInpu...ectionImpl com.fishit.player.v2                 W  requestCursorAnchorInfo on inactive InputConnection
2026-01-30 12:23:33.294  5427-5427  InsetsController        com.fishit.player.v2                 I  onStateChanged: host=com.fishit.player.v2/com.fishit.player.v2.MainActivity, from=android.view.ViewRootImpl$ViewRootHandler.handleMessageImpl:7209, state=InsetsState: {mDisplayFrame=Rect(0, 0 - 1080, 2400), mDisplayCutout=DisplayCutout{insets=Rect(0, 80 - 0, 0) waterfall=Insets{left=0, top=0, right=0, bottom=0} boundingRect={Bounds=[Rect(0, 0 - 0, 0), Rect(510, 0 - 570, 80), Rect(0, 0 - 0, 0), Rect(0, 0 - 0, 0)]} cutoutPathParserInfo={CutoutPathParserInfo{displayWidth=1080 displayHeight=2400 physicalDisplayWidth=1080 physicalDisplayHeight=2400 density={3.0} cutoutSpec={M 0,0 H -10 V 26.66666666666667 H 10 V 0 H 0 Z @dp} rotation={0} scale={1.0} physicalPixelDisplaySizeRatio={1.0}}}}, mRoundedCorners=RoundedCorners{[RoundedCorner{position=TopLeft, radius=90, center=Point(90, 90)}, RoundedCorner{position=TopRight, radius=90, center=Point(990, 90)}, RoundedCorner{position=BottomRight, radius=90, center=Point(990, 2310)}, RoundedCorner{position=BottomLeft, radius=90, center=Point(90, 2310)}]}  mRoundedCornerFrame=Rect(0, 0 - 1080, 2400), mPrivacyIndicatorBounds=PrivacyIndicatorBounds {static bounds=Rect(948, 0 - 1080, 80) rotation=0}, mDisplayShape=DisplayShape{ spec=-311912193 displayWidth=1080 displayHeight=2400 physicalPixelDisplaySizeRatio=1.0 rotation=0 offsetX=0 offsetY=0 scale=1.0}, mSources= { InsetsSource: {3 mType=ime mFrame=[0,2256][1080,2400] mVisible=false mFlags=[]}, InsetsSource: {27 mType=displayCutout mFrame=[0,0][1080,80] mVisible=true mFlags=[]}, InsetsSource: {24df0000 mType=statusBars mFrame=[0,0][1080,80] mVisible=true mFlags=[]}, InsetsSource: {24df0005 mType=mandatorySystemGestures mFrame=[0,0][1080,116] mVisible=true mFlags=[]}, InsetsSource: {24df0006 mType=tappableElement mFrame=[0,0][1080,80] mVisible=true mFlags=[]}, InsetsSource: {68b60001 mType=navigationBars mFrame=[0,2256][1080,2400] mVisible=true mFlags=[]}, InsetsSource: {68b60004 mType=systemGestures mFrame=[0,0][0,0] mVisible=true mFlags=[]}, InsetsSource: {68b60005 mType=mandatorySystemGestures mFrame=[0,2256][1080,2400] mVisible=true mFlags=[]}, InsetsSource: {68b60006 mType=tappableElement mFrame=[0,2256][1080,2400] mVisible=true mFlags=[]}, InsetsSource: {68b60024 mType=systemGestures mFrame=[0,0][0,0] mVisible=true mFlags=[]} }
2026-01-30 12:23:33.296  5427-5427  InsetsSourceConsumer    com.fishit.player.v2                 I  applyRequestedVisibilityToControl: visible=true, type=navigationBars, host=com.fishit.player.v2/com.fishit.player.v2.MainActivity
2026-01-30 12:23:33.298  5427-5455  ViewRootIm...nActivity] com.fishit.player.v2                 I  Resizing android.view.ViewRootImpl@b787c95: frame = [0,0][1080,2400] reportDraw = false forceLayout = false syncSeqId = -1
2026-01-30 12:23:33.305  5427-5427  ViewRootIm...nActivity] com.fishit.player.v2                 I  handleResized, msg = 4 frames=ClientWindowFrames{frame=[0,0][1080,2400] display=[0,0][1080,2400] parentFrame=[0,0][0,0]} forceNextWindowRelayout=false displayId=0 dragResizing=false compatScale=1.0 frameChanged=false attachedFrameChanged=false configChanged=false displayChanged=false compatScaleChanged=false
2026-01-30 12:23:33.310  5427-5427  InsetsController        com.fishit.player.v2                 I  cancelAnimation: types=ime, animType=1, host=com.fishit.player.v2/com.fishit.player.v2.MainActivity, from=android.view.InsetsController.notifyFinished:1748 android.view.InsetsAnimationThreadControlRunner$1.lambda$notifyFinished$0:85 android.view.InsetsAnimationThreadControlRunner$1.$r8$lambda$RAf1SfIREsj9-wH5FOigMy6eLkM:0
2026-01-30 12:23:33.313  5427-5427  ImeTracker              com.fishit.player.v2                 I  com.fishit.player.v2:2d2fcfe2: onRequestHide at ORIGIN_CLIENT_HIDE_SOFT_INPUT reason HIDE_SOFT_INPUT_BY_INSETS_API
2026-01-30 12:23:33.314  5427-5427  InputMethodManager_LC   com.fishit.player.v2                 I  notifyImeHidden: IInputMethodManagerGlobalInvoker.hideSoftInput
2026-01-30 12:23:33.317  5427-5427  ImeTracker              com.fishit.player.v2                 I  com.fishit.player.v2:98cbd94: onHidden
2026-01-30 12:23:33.318  5427-5427  WindowOnBackDispatcher  com.fishit.player.v2                 W  sendCancelIfRunning: isInProgress=falsecallback=ImeCallback=ImeOnBackInvokedCallback@162403614 Callback=android.window.IOnBackInvokedCallback$Stub$Proxy@d75cf3
2026-01-30 12:23:33.379  5427-5964  TrafficStats            com.fishit.player.v2                 D  tagSocket(134) with statsTag=0xffffffff, statsUid=-1
2026-01-30 12:23:33.500  5427-5965  TrafficStats            com.fishit.player.v2                 D  tagSocket(137) with statsTag=0xffffffff, statsUid=-1
2026-01-30 12:23:33.524  5427-5787  XtreamApiClient         com.fishit.player.v2                 D  NetworkProbe: HTTP 200 for konigtv.com/player_api.php | bytes=321 contentType=application/json
2026-01-30 12:23:33.529  5427-5787  XtreamApiClient         com.fishit.player.v2                 D  NetworkProbe: Manually decompressed gzip body for konigtv.com/player_api.php | original=321 decompressed=458
2026-01-30 12:23:33.594  5427-5735  XtreamApiClient         com.fishit.player.v2                 D  NetworkProbe: HTTP 200 for konigtv.com/player_api.php | bytes=1752 contentType=application/json
2026-01-30 12:23:33.627  5427-5735  XtreamApiClient         com.fishit.player.v2                 D  NetworkProbe: Manually decompressed gzip body for konigtv.com/player_api.php | original=1752 decompressed=11946
2026-01-30 12:23:33.743  5427-5969  TrafficStats            com.fishit.player.v2                 D  tagSocket(134) with statsTag=0xffffffff, statsUid=-1
2026-01-30 12:23:33.759  5427-5784  XtreamApiClient         com.fishit.player.v2                 D  NetworkProbe: HTTP 200 for konigtv.com/player_api.php | bytes=1557 contentType=application/json
2026-01-30 12:23:33.784  5427-5784  XtreamApiClient         com.fishit.player.v2                 D  NetworkProbe: Manually decompressed gzip body for konigtv.com/player_api.php | original=1557 decompressed=10494
2026-01-30 12:23:33.829  5427-5786  XtreamApiClient         com.fishit.player.v2                 D  NetworkProbe: HTTP 200 for konigtv.com/player_api.php | bytes=314 contentType=application/json
2026-01-30 12:23:33.834  5427-5786  XtreamApiClient         com.fishit.player.v2                 D  NetworkProbe: Manually decompressed gzip body for konigtv.com/player_api.php | original=314 decompressed=458
2026-01-30 12:23:33.844  5427-5788  XtreamApiClient         com.fishit.player.v2                 D  buildPlayerApiUrl: action=get_short_epg -> konigtv.com/player_api.php
2026-01-30 12:23:33.878  5427-5462  ViewRootIm...nActivity] com.fishit.player.v2                 I  Resizing android.view.ViewRootImpl@b787c95: frame = [0,0][1080,2400] reportDraw = false forceLayout = false syncSeqId = -1
2026-01-30 12:23:33.881  5427-5427  InsetsController        com.fishit.player.v2                 I  onStateChanged: host=com.fishit.player.v2/com.fishit.player.v2.MainActivity, from=android.view.ViewRootImpl$ViewRootHandler.handleMessageImpl:7196, state=InsetsState: {mDisplayFrame=Rect(0, 0 - 1080, 2400), mDisplayCutout=DisplayCutout{insets=Rect(0, 80 - 0, 0) waterfall=Insets{left=0, top=0, right=0, bottom=0} boundingRect={Bounds=[Rect(0, 0 - 0, 0), Rect(510, 0 - 570, 80), Rect(0, 0 - 0, 0), Rect(0, 0 - 0, 0)]} cutoutPathParserInfo={CutoutPathParserInfo{displayWidth=1080 displayHeight=2400 physicalDisplayWidth=1080 physicalDisplayHeight=2400 density={3.0} cutoutSpec={M 0,0 H -10 V 26.66666666666667 H 10 V 0 H 0 Z @dp} rotation={0} scale={1.0} physicalPixelDisplaySizeRatio={1.0}}}}, mRoundedCorners=RoundedCorners{[RoundedCorner{position=TopLeft, radius=90, center=Point(90, 90)}, RoundedCorner{position=TopRight, radius=90, center=Point(990, 90)}, RoundedCorner{position=BottomRight, radius=90, center=Point(990, 2310)}, RoundedCorner{position=BottomLeft, radius=90, center=Point(90, 2310)}]}  mRoundedCornerFrame=Rect(0, 0 - 1080, 2400), mPrivacyIndicatorBounds=PrivacyIndicatorBounds {static bounds=Rect(948, 0 - 1080, 80) rotation=0}, mDisplayShape=DisplayShape{ spec=-311912193 displayWidth=1080 displayHeight=2400 physicalPixelDisplaySizeRatio=1.0 rotation=0 offsetX=0 offsetY=0 scale=1.0}, mSources= { InsetsSource: {3 mType=ime mFrame=[0,0][0,0] mVisible=false mFlags=[]}, InsetsSource: {27 mType=displayCutout mFrame=[0,0][1080,80] mVisible=true mFlags=[]}, InsetsSource: {24df0000 mType=statusBars mFrame=[0,0][1080,80] mVisible=true mFlags=[]}, InsetsSource: {24df0005 mType=mandatorySystemGestures mFrame=[0,0][1080,116] mVisible=true mFlags=[]}, InsetsSource: {24df0006 mType=tappableElement mFrame=[0,0][1080,80] mVisible=true mFlags=[]}, InsetsSource: {68b60001 mType=navigationBars mFrame=[0,2256][1080,2400] mVisible=true mFlags=[]}, InsetsSource: {68b60004 mType=systemGestures mFrame=[0,0][0,0] mVisible=true mFlags=[]}, InsetsSource: {68b60005 mType=mandatorySystemGestures mFrame=[0,2256][1080,2400] mVisible=true mFlags=[]}, InsetsSource: {68b60006 mType=tappableElement mFrame=[0,2256][1080,2400] mVisible=true mFlags=[]}, InsetsSource: {68b60024 mType=systemGestures mFrame=[0,0][0,0] mVisible=true mFlags=[]} }
2026-01-30 12:23:33.883  5427-5427  ViewRootIm...nActivity] com.fishit.player.v2                 I  handleResized, msg = 4 frames=ClientWindowFrames{frame=[0,0][1080,2400] display=[0,0][1080,2400] parentFrame=[0,0][0,0]} forceNextWindowRelayout=false displayId=0 dragResizing=false compatScale=1.0 frameChanged=false attachedFrameChanged=false configChanged=false displayChanged=false compatScaleChanged=false
2026-01-30 12:23:34.026  5427-5788  XtreamApiClient         com.fishit.player.v2                 D  NetworkProbe: HTTP 200 for konigtv.com/player_api.php | bytes=707 contentType=application/json
2026-01-30 12:23:34.037  5427-5788  XtreamApiClient         com.fishit.player.v2                 D  NetworkProbe: Manually decompressed gzip body for konigtv.com/player_api.php | original=707 decompressed=3753
2026-01-30 12:23:34.048  5427-5786  XtreamApiClient         com.fishit.player.v2                 D  NetworkProbe: HTTP 200 for konigtv.com/player_api.php | bytes=39 contentType=application/json
2026-01-30 12:23:34.053  5427-5786  XtreamApiClient         com.fishit.player.v2                 D  NetworkProbe: Manually decompressed gzip body for konigtv.com/player_api.php | original=39 decompressed=19
2026-01-30 12:23:34.086  5427-5787  XtreamApiClient         com.fishit.player.v2                 D  NetworkProbe: HTTP 200 for konigtv.com/player_api.php | bytes=260203 contentType=application/json
2026-01-30 12:23:34.252  5427-5443  InputTransport          com.fishit.player.v2                 D  Input channel destroyed: 'ClientS', fd=162
2026-01-30 12:23:34.257  5427-5443  InputTransport          com.fishit.player.v2                 D  Input channel destroyed: 'ClientS', fd=143
2026-01-30 12:23:34.257  5427-5443  InputTransport          com.fishit.player.v2                 D  Input channel destroyed: 'ClientS', fd=131
2026-01-30 12:23:34.258  5427-5444  System                  com.fishit.player.v2                 W  A resource failed to call release.
2026-01-30 12:23:34.271  5427-5787  XtreamApiClient         com.fishit.player.v2                 D  NetworkProbe: Manually decompressed gzip body for konigtv.com/player_api.php | original=260203 decompressed=3288108
2026-01-30 12:23:34.529  5427-5735  XtreamApiClient         com.fishit.player.v2                 D  NetworkProbe: HTTP 200 for konigtv.com/player_api.php | bytes=2043732 contentType=application/json
2026-01-30 12:23:35.010  5427-5735  XtreamApiClient         com.fishit.player.v2                 D  NetworkProbe: Manually decompressed gzip body for konigtv.com/player_api.php | original=2043732 decompressed=6215313
2026-01-30 12:23:35.829  5427-5442  ishit.player.v2         com.fishit.player.v2                 I  Background young concurrent copying GC freed 7967(451KB) AllocSpace objects, 0(0B) LOS objects, 0% free, 53MB/53MB, paused 209us,64us total 236.387ms
2026-01-30 12:23:36.020  5427-5442  ishit.player.v2         com.fishit.player.v2                 I  Background concurrent copying GC freed 3701(196KB) AllocSpace objects, 4(10232KB) LOS objects, 33% free, 46MB/70MB, paused 104us,70us total 190.826ms
2026-01-30 12:23:36.401  5427-5735  XtreamApiClient         com.fishit.player.v2                 D  buildPlayerApiUrl: action=null -> konigtv.com/player_api.php
2026-01-30 12:23:36.404  5427-5735  XtreamApiClient         com.fishit.player.v2                 D  getServerInfo: Fetching from konigtv.com/player_api.php
2026-01-30 12:23:37.053  5427-5735  XtreamApiClient         com.fishit.player.v2                 D  NetworkProbe: HTTP 200 for konigtv.com/player_api.php | bytes=321 contentType=application/json
2026-01-30 12:23:37.057  5427-5735  XtreamApiClient         com.fishit.player.v2                 D  NetworkProbe: Manually decompressed gzip body for konigtv.com/player_api.php | original=321 decompressed=458
2026-01-30 12:23:37.060  5427-5735  XtreamApiClient         com.fishit.player.v2                 D  getServerInfo: Received 458 bytes, parsing...
2026-01-30 12:23:37.079  5427-5735  XtreamApiClient         com.fishit.player.v2                 D  Server info retrieved: konigtv.com
2026-01-30 12:23:37.083  5427-5427  XtreamAuthRepoAdapter   com.fishit.player.v2                 D  initialize: API client initialized successfully with capabilities: http://konigtv.com:8080
2026-01-30 12:23:37.084  5427-5788  XtreamAuthRepoAdapter   com.fishit.player.v2                 D  connectionState -> Connected(baseUrl=http://konigtv.com:8080, latencyMs=3352) | domain=Connected
2026-01-30 12:23:37.087  5427-5788  XtreamAuthRepoAdapter   com.fishit.player.v2                 D  authState -> Authenticated(userInfo=XtreamUserInfo(username=Christoph10, status=ACTIVE, expDateEpoch=1797326326, maxConnections=1, activeConnections=0, isTrial=false, allowedFormats=[m3u8, ts], createdAt=1757512912, message=Welcome)) | domain=Authenticated
2026-01-30 12:23:37.104  5427-5735  SourceActivationStore   com.fishit.player.v2                 D  Loaded state from DataStore: SourceActivationSnapshot(xtream=Active, telegram=Inactive, io=Inactive)
2026-01-30 12:23:37.105  5427-5737  CatalogSyncBootstrap    com.fishit.player.v2                 D  Source activation check: activeSources=[XTREAM], hasActive=true
2026-01-30 12:23:37.105  5427-5788  SourceActi...onObserver com.fishit.player.v2                 I  Active sources changed: [XTREAM] â†’ enqueuing auto sync
2026-01-30 12:23:37.107  5427-5788  CatalogSyncScheduler    com.fishit.player.v2                 D  Enqueueing AUTO sync
2026-01-30 12:23:37.171  5427-5811  Compatibil...geReporter com.fishit.player.v2                 D  Compat change id reported: 194532703; UID 10456; state: ENABLED
2026-01-30 12:23:37.171  5427-5811  Compatibil...geReporter com.fishit.player.v2                 D  Compat change id reported: 253665015; UID 10456; state: ENABLED
2026-01-30 12:23:37.172  5427-5811  WM-SystemJobScheduler   com.fishit.player.v2                 D  Scheduling work ID cf23fa32-ab37-48d6-8674-d707878f8b78Job ID 0
2026-01-30 12:23:37.200  5427-5811  WM-GreedyScheduler      com.fishit.player.v2                 D  Starting work for cf23fa32-ab37-48d6-8674-d707878f8b78
2026-01-30 12:23:37.220  5427-5811  WM-Processor            com.fishit.player.v2                 D  Processor: processing WorkGenerationalId(workSpecId=cf23fa32-ab37-48d6-8674-d707878f8b78, generation=0)
2026-01-30 12:23:37.223  5427-5427  SourceActivationStore   com.fishit.player.v2                 I  Source activation changed: XTREAM -> Active
2026-01-30 12:23:37.224  5427-5427  XtreamAuthRepoAdapter   com.fishit.player.v2                 I  initialize: XTREAM source activated
2026-01-30 12:23:37.225  5427-5427  OnboardingViewModel     com.fishit.player.v2                 D  connectXtream: Initialize succeeded, saving credentials
2026-01-30 12:23:37.229  5427-5811  Compatibil...geReporter com.fishit.player.v2                 D  Compat change id reported: 263076149; UID 10456; state: ENABLED
2026-01-30 12:23:37.248  5427-5788  XtreamCredStore         com.fishit.player.v2                 I  Stored credentials: scheme=http, host=konigtv.com, port=8080
2026-01-30 12:23:37.254  5427-5811  WM-PackageManagerHelper com.fishit.player.v2                 D  androidx.work.impl.background.systemalarm.RescheduleReceiver enabled
2026-01-30 12:23:37.270  5427-5427  WM-WorkerWrapper        com.fishit.player.v2                 D  Starting work for com.fishit.player.v2.work.CatalogSyncOrchestratorWorker
2026-01-30 12:23:37.272  5427-5788  CatalogSyn...atorWorker com.fishit.player.v2                 I  START sync_run_id=74086264-510d-4ff0-b536-d85f2da93d64 mode=auto
2026-01-30 12:23:37.276  5427-5788  RuntimeGuards           com.fishit.player.v2                 D  Manual sync (auto) - skipping battery guard (level=61%)
2026-01-30 12:23:37.277  5427-5427  WM-SystemJobService     com.fishit.player.v2                 D  onStartJob for WorkGenerationalId(workSpecId=cf23fa32-ab37-48d6-8674-d707878f8b78, generation=0)
2026-01-30 12:23:37.278  5427-5788  CatalogSyn...atorWorker com.fishit.player.v2                 I  Active sources check: [XTREAM] (isEmpty=false)
2026-01-30 12:23:37.279  5427-5788  CatalogSyn...atorWorker com.fishit.player.v2                 D  Active sources: [XTREAM] (TELEGRAM=false, XTREAM=true, IO=false)
2026-01-30 12:23:37.283  5427-5789  WM-Processor            com.fishit.player.v2                 D  Work WorkGenerationalId(workSpecId=cf23fa32-ab37-48d6-8674-d707878f8b78, generation=0) is already enqueued for processing
2026-01-30 12:23:37.285  5427-5788  CatalogSyn...atorWorker com.fishit.player.v2                 D  Enqueued Xtream chain: work_name=catalog_sync_global_xtream policy=KEEP workers=2
2026-01-30 12:23:37.286  5427-5788  CatalogSyn...atorWorker com.fishit.player.v2                 D  Telegram not in active sources - skipping Telegram workers
2026-01-30 12:23:37.288  5427-5788  CatalogSyn...atorWorker com.fishit.player.v2                 D  ðŸ“Š WorkInfo chains enqueued:
                                                                                                      [XTREAM] work_name=catalog_sync_global_xtream â†’ ENQUEUED
                                                                                                      Use 'adb shell dumpsys jobscheduler' or WorkManager Inspector for detailed state
2026-01-30 12:23:37.289  5427-5788  CatalogSyn...atorWorker com.fishit.player.v2                 I  CHAINS_ENQUEUED duration_ms=18 policy=KEEP sources=XTREAM (downstream workers will report completion)
2026-01-30 12:23:37.312  5427-5813  WM-SystemJobScheduler   com.fishit.player.v2                 D  Scheduling work ID 081c221c-292d-45ac-8305-f394b8e06d75Job ID 1
2026-01-30 12:23:37.339  5427-5813  WM-GreedyScheduler      com.fishit.player.v2                 D  Starting work for 081c221c-292d-45ac-8305-f394b8e06d75
2026-01-30 12:23:37.340  5427-5427  WM-SystemJobService     com.fishit.player.v2                 D  onStartJob for WorkGenerationalId(workSpecId=081c221c-292d-45ac-8305-f394b8e06d75, generation=0)
2026-01-30 12:23:37.342  5427-5813  WM-WorkerWrapper        com.fishit.player.v2                 I  Worker result SUCCESS for Work [ id=cf23fa32-ab37-48d6-8674-d707878f8b78, tags={ com.fishit.player.v2.work.CatalogSyncOrchestratorWorker,catalog_sync,mode_auto,worker/CatalogSyncOrchestratorWorker } ]
2026-01-30 12:23:37.346  5427-5427  WM-Processor            com.fishit.player.v2                 D  Processor cf23fa32-ab37-48d6-8674-d707878f8b78 executed; reschedule = false
2026-01-30 12:23:37.346  5427-5427  WM-SystemJobService     com.fishit.player.v2                 D  cf23fa32-ab37-48d6-8674-d707878f8b78 executed on JobScheduler
2026-01-30 12:23:37.353  5427-5813  WM-Processor            com.fishit.player.v2                 D  Processor: processing WorkGenerationalId(workSpecId=081c221c-292d-45ac-8305-f394b8e06d75, generation=0)
2026-01-30 12:23:37.357  5427-5813  WM-Processor            com.fishit.player.v2                 D  Work WorkGenerationalId(workSpecId=081c221c-292d-45ac-8305-f394b8e06d75, generation=0) is already enqueued for processing
2026-01-30 12:23:37.359  5427-5813  WM-GreedyScheduler      com.fishit.player.v2                 D  Cancelling work ID cf23fa32-ab37-48d6-8674-d707878f8b78
2026-01-30 12:23:37.377  5427-5427  WM-WorkerWrapper        com.fishit.player.v2                 D  Starting work for com.fishit.player.v2.work.XtreamPreflightWorker
2026-01-30 12:23:37.379  5427-5788  XtreamPreflightWorker   com.fishit.player.v2                 I  START sync_run_id=74086264-510d-4ff0-b536-d85f2da93d64 mode=auto source=XTREAM attempt=0/5
2026-01-30 12:23:37.383  5427-5788  RuntimeGuards           com.fishit.player.v2                 D  Manual sync (auto) - skipping battery guard (level=61%)
2026-01-30 12:23:37.385  5427-5788  XtreamPreflightWorker   com.fishit.player.v2                 I  SUCCESS duration_ms=6 (credentials valid)
2026-01-30 12:23:37.392  5427-5812  WM-WorkerWrapper        com.fishit.player.v2                 I  Worker result SUCCESS for Work [ id=081c221c-292d-45ac-8305-f394b8e06d75, tags={ com.fishit.player.v2.work.XtreamPreflightWorker,catalog_sync,source_xtream,worker/XtreamPreflightWorker } ]
2026-01-30 12:23:37.398  5427-5812  WM-WorkerWrapper        com.fishit.player.v2                 I  Setting status to enqueued for 1835eda4-e24e-4192-bf13-d9dccbffc758
2026-01-30 12:23:37.402  5427-5427  WM-Processor            com.fishit.player.v2                 D  Processor 081c221c-292d-45ac-8305-f394b8e06d75 executed; reschedule = false
2026-01-30 12:23:37.402  5427-5427  WM-SystemJobService     com.fishit.player.v2                 D  081c221c-292d-45ac-8305-f394b8e06d75 executed on JobScheduler
2026-01-30 12:23:37.406  5427-5427  ishit.player.v2         com.fishit.player.v2                 W  Accessing hidden field Landroid/app/ActivityThread;->mServices:Landroid/util/ArrayMap; (unsupported, reflection, allowed)
2026-01-30 12:23:37.406  5427-5812  WM-GreedyScheduler      com.fishit.player.v2                 D  Cancelling work ID 081c221c-292d-45ac-8305-f394b8e06d75
2026-01-30 12:23:37.408  5427-5427  LeakCanary              com.fishit.player.v2                 D  Watching instance of androidx.work.impl.background.systemjob.SystemJobService (androidx.work.impl.background.systemjob.SystemJobService received Service#onDestroy() callback) with key 8bb65eb5-5e22-49a1-8193-30dcc16427ac
2026-01-30 12:23:37.420  5427-5812  WM-SystemJobScheduler   com.fishit.player.v2                 D  Scheduling work ID 1835eda4-e24e-4192-bf13-d9dccbffc758Job ID 2
2026-01-30 12:23:37.426  5427-5812  WM-GreedyScheduler      com.fishit.player.v2                 D  Starting work for 1835eda4-e24e-4192-bf13-d9dccbffc758
2026-01-30 12:23:37.430  5427-5427  WM-SystemJobService     com.fishit.player.v2                 D  onStartJob for WorkGenerationalId(workSpecId=1835eda4-e24e-4192-bf13-d9dccbffc758, generation=0)
2026-01-30 12:23:37.435  5427-5812  WM-Processor            com.fishit.player.v2                 D  Processor: processing WorkGenerationalId(workSpecId=1835eda4-e24e-4192-bf13-d9dccbffc758, generation=0)
2026-01-30 12:23:37.438  5427-5812  WM-Processor            com.fishit.player.v2                 D  Work WorkGenerationalId(workSpecId=1835eda4-e24e-4192-bf13-d9dccbffc758, generation=0) is already enqueued for processing
2026-01-30 12:23:37.770  5427-5427  WM-WorkerWrapper        com.fishit.player.v2                 D  Starting work for com.fishit.player.v2.work.XtreamCatalogScanWorker
2026-01-30 12:23:37.781  5427-5788  XtreamCatalogScanWorker com.fishit.player.v2                 I  START sync_run_id=74086264-510d-4ff0-b536-d85f2da93d64 mode=auto source=XTREAM scope=INCREMENTAL runtimeBudgetMs=900000 checkpoint=xtream|v=2|phase=VOD_LIST|offset=0
2026-01-30 12:23:37.786  5427-5788  RuntimeGuards           com.fishit.player.v2                 D  Manual sync (auto) - skipping battery guard (level=61%)
2026-01-30 12:23:37.788  5427-5788  XtreamCatalogScanWorker com.fishit.player.v2                 D  Catalog sync: includeVod=true includeSeries=true includeEpisodes=false (lazy) includeLive=true scope=INCREMENTAL enhanced=true
2026-01-30 12:23:37.794  5427-5788  XtreamCatalogScanWorker com.fishit.player.v2                 I  Using CHANNEL-BUFFERED sync: buffer=1000, consumers=3 (25-30% faster than enhanced sync)
2026-01-30 12:23:37.799  5427-5737  XtreamCatalogScanWorker com.fishit.player.v2                 D  Channel-buffered catalog sync started
2026-01-30 12:23:37.800  5427-5784  CatalogSyncService      com.fishit.player.v2                 I  Starting channel-buffered Xtream sync: buffer=1000, consumers=3
2026-01-30 12:23:37.808  5427-5788  XtreamCatalogPipeline   com.fishit.player.v2                 I  Starting Xtream catalog scan: vod=true, series=true, episodes=false, live=true
2026-01-30 12:23:37.812  5427-5737  XtreamCatalogPipeline   com.fishit.player.v2                 D  [LIVE] Starting parallel scan (streaming)...
2026-01-30 12:23:37.822  5427-5735  XtreamApiClient         com.fishit.player.v2                 D  buildPlayerApiUrl: action=get_live_streams -> konigtv.com/player_api.php
2026-01-30 12:23:37.827  5427-5735  XtreamApiClient         com.fishit.player.v2                 D  streamFromUrl: CALLED for konigtv.com/player_api.php
2026-01-30 12:23:38.147  5427-5735  XtreamApiClient         com.fishit.player.v2                 D  StreamingFetch: Detected GZIP for konigtv.com/player_api.php (manual decompression)
2026-01-30 12:23:38.149  5427-5735  XtreamApiClient         com.fishit.player.v2                 D  StreamingFetch: Success for konigtv.com/player_api.php, streaming response
2026-01-30 12:23:38.156  5427-5735  XtreamApiClient         com.fishit.player.v2                 D  streamFromUrl: Starting StreamingJsonParser.streamInBatches() for konigtv.com/player_api.php
2026-01-30 12:23:38.315  5427-5788  XtreamCatalogPipeline   com.fishit.player.v2                 D  [VOD] Starting parallel scan (streaming)...
2026-01-30 12:23:38.326  5427-5788  XtreamApiClient         com.fishit.player.v2                 D  buildPlayerApiUrl: action=get_vod_streams -> konigtv.com/player_api.php
2026-01-30 12:23:38.329  5427-5788  XtreamApiClient         com.fishit.player.v2                 D  streamFromUrl: CALLED for konigtv.com/player_api.php
2026-01-30 12:23:38.376  5427-5735  XTC                     com.fishit.player.v2                 D  [LIVE] DTOâ†’Raw #1 | id=xtream:live:81568 | title="DE HEVC" | sourceType=XTREAM | Fields: âœ“[poster] âœ—[year, plot, cast, director, backdrop, duration, tmdb]
2026-01-30 12:23:38.450  5427-5735  XTC                     com.fishit.player.v2                 D  [LIVE] DTOâ†’Raw #50 | id=xtream:live:71808 | title="DE: Deluxe Music HEVC" | sourceType=XTREAM | Fields: âœ“[poster] âœ—[year, plot, cast, director, backdrop, duration, tmdb]
2026-01-30 12:23:38.518  5427-5735  XTC                     com.fishit.player.v2                 D  [LIVE] DTOâ†’Raw #100 | id=xtream:live:49200 | title="DE: Pro 7 Maxx FHD" | sourceType=XTREAM | Fields: âœ“[poster] âœ—[year, plot, cast, director, backdrop, duration, tmdb]
2026-01-30 12:23:38.581  5427-5735  XTC                     com.fishit.player.v2                 D  [LIVE] DTOâ†’Raw #150 | id=xtream:live:361561 | title="DE: NDR Hamburg" | sourceType=XTREAM | Fields: âœ“[poster] âœ—[year, plot, cast, director, backdrop, duration, tmdb]
2026-01-30 12:23:38.640  5427-5735  XTC                     com.fishit.player.v2                 D  [LIVE] DTOâ†’Raw #200 | id=xtream:live:197779 | title="DE: QVC STYLE TV" | sourceType=XTREAM | Fields: âœ“[poster] âœ—[year, plot, cast, director, backdrop, duration, tmdb]
2026-01-30 12:23:38.699  5427-5735  XTC                     com.fishit.player.v2                 D  [LIVE] DTOâ†’Raw #250 | id=xtream:live:67411 | title="DE: Bndliga 7 SD" | sourceType=XTREAM | Fields: âœ“[poster] âœ—[year, plot, cast, director, backdrop, duration, tmdb]
2026-01-30 12:23:38.757  5427-5735  XTC                     com.fishit.player.v2                 D  [LIVE] DTOâ†’Raw #300 | id=xtream:live:354423 | title="DE: Bundesliga Tivibu 2 (TÃ¼rkisch)" | sourceType=XTREAM | Fields: âœ“[poster] âœ—[year, plot, cast, director, backdrop, duration, tmdb]
2026-01-30 12:23:38.809  5427-5735  XTC                     com.fishit.player.v2                 D  [LIVE] DTOâ†’Raw #350 | id=xtream:live:181819 | title="MyTeam TV - 7" | sourceType=XTREAM | Fields: âœ“[poster] âœ—[year, plot, cast, director, backdrop, duration, tmdb]
2026-01-30 12:23:38.862  5427-5735  XTC                     com.fishit.player.v2                 D  [LIVE] DTOâ†’Raw #400 | id=xtream:live:795605 | title="DE: DEL2 EVENT 16" | sourceType=XTREAM | Fields: âœ“[poster] âœ—[year, plot, cast, director, backdrop, duration, tmdb]
2026-01-30 12:23:38.913  5427-5735  XTC                     com.fishit.player.v2                 D  [LIVE] DTOâ†’Raw #450 | id=xtream:live:792958 | title="DE: RTL+ SPORT EVENT 17" | sourceType=XTREAM | Fields: âœ“[poster] âœ—[year, plot, cast, director, backdrop, duration, tmdb]
2026-01-30 12:23:38.963  5427-5735  XTC                     com.fishit.player.v2                 D  [LIVE] DTOâ†’Raw #500 | id=xtream:live:797354 | title="DE: DAZN EVENT 26 HD" | sourceType=XTREAM | Fields: âœ“[poster] âœ—[year, plot, cast, director, backdrop, duration, tmdb]
2026-01-30 12:23:38.966  5427-5737  XtreamCatalogScanWorker com.fishit.player.v2                 D  PROGRESS discovered=500 persisted=0 phase=N/A
2026-01-30 12:23:39.122  5427-5735  XTC                     com.fishit.player.v2                 D  [LIVE] DTOâ†’Raw #550 | id=xtream:live:744166 | title="DE: DYN SPORT 25" | sourceType=XTREAM | Fields: âœ“[poster] âœ—[year, plot, cast, director, backdrop, duration, tmdb]
2026-01-30 12:23:39.168  5427-5735  XTC                     com.fishit.player.v2                 D  [LIVE] DTOâ†’Raw #600 | id=xtream:live:121760 | title="DE: Spiegel TV Wissen RAW" | sourceType=XTREAM | Fields: âœ“[poster] âœ—[year, plot, cast, director, backdrop, duration, tmdb]
2026-01-30 12:23:39.212  5427-5735  XTC                     com.fishit.player.v2                 D  [LIVE] DTOâ†’Raw #650 | id=xtream:live:48858 | title="DE: Sky Cinema Highlights FHD" | sourceType=XTREAM | Fields: âœ“[poster] âœ—[year, plot, cast, director, backdrop, duration, tmdb]
2026-01-30 12:23:39.255  5427-5735  XTC                     com.fishit.player.v2                 D  [LIVE] DTOâ†’Raw #700 | id=xtream:live:733471 | title="DE: 2 BROKE GIRLS" | sourceType=XTREAM | Fields: âœ“[poster] âœ—[year, plot, cast, director, backdrop, duration, tmdb]
2026-01-30 12:23:39.294  5427-5735  XTC                     com.fishit.player.v2                 D  [LIVE] DTOâ†’Raw #750 | id=xtream:live:749839 | title="DE: EDGAR WALLACE MIX" | sourceType=XTREAM | Fields: âœ“[poster] âœ—[year, plot, cast, director, backdrop, duration, tmdb]
