2026-01-30 08:35:43.695 23226-23251 XtreamApiClient         com.fishit.player.v2                 D  StreamingFetch: Success for konigtv.com/player_api.php, streaming response
2026-01-30 08:35:43.706 23226-23251 XtreamApiClient         com.fishit.player.v2                 D  buildPlayerApiUrl: action=get_movies_streams -> konigtv.com/player_api.php
2026-01-30 08:35:43.852 23226-23251 XtreamApiClient         com.fishit.player.v2                 D  StreamingFetch: Success for konigtv.com/player_api.php, streaming response
2026-01-30 08:35:43.862 23226-23251 XtreamApiClient         com.fishit.player.v2                 D  buildPlayerApiUrl: action=get_vod_streams -> konigtv.com/player_api.php
2026-01-30 08:35:44.980 23226-23248 ishit.player.v2         com.fishit.player.v2                 I  Explicit concurrent copying GC freed 1094291(38MB) AllocSpace objects, 7(212KB) LOS objects, 49% free, 18MB/36MB, paused 286us,62us total 63.673ms
2026-01-30 08:35:45.145 23226-23251 XtreamApiClient         com.fishit.player.v2                 D  StreamingFetch: Success for konigtv.com/player_api.php, streaming response
2026-01-30 08:35:45.268 23226-23251 XtreamApiClient         com.fishit.player.v2                 D  buildPlayerApiUrl: action=get_movie_streams -> konigtv.com/player_api.php
2026-01-30 08:35:45.282 23226-23329 TrafficStats            com.fishit.player.v2                 D  tagSocket(88) with statsTag=0xffffffff, statsUid=-1
2026-01-30 08:35:45.624 23226-23251 XtreamApiClient         com.fishit.player.v2                 D  StreamingFetch: Success for konigtv.com/player_api.php, streaming response
2026-01-30 08:35:45.632 23226-23251 XtreamApiClient         com.fishit.player.v2                 D  buildPlayerApiUrl: action=get_movies_streams -> konigtv.com/player_api.php
2026-01-30 08:35:45.787 23226-23251 XtreamApiClient         com.fishit.player.v2                 D  StreamingFetch: Success for konigtv.com/player_api.php, streaming response
2026-01-30 08:35:45.789 23226-23251 XtreamApiClient         com.fishit.player.v2                 D  streamContentInBatches(get_vod_streams): 0 items without category_id (fallback)
2026-01-30 08:35:45.791 23226-23251 XtreamCatalogPipeline   com.fishit.player.v2                 D  [VOD] Scan complete: 0 items
2026-01-30 08:35:45.792 23226-23251 XTC                     com.fishit.player.v2                 I  Phase complete: VOD | items=0 | duration=5768ms | rate=0 items/sec
2026-01-30 08:35:45.793 23226-23251 XtreamCatalogPipeline   com.fishit.player.v2                 I  Xtream catalog scan completed: 0 items (live=0, vod=0, series=0, episodes=0) in 5774ms
2026-01-30 08:35:45.797 23226-23258 CatalogSyncService      com.fishit.player.v2                 I  Enhanced sync completed:
                                                                                                    === Xtream Catalog Sync Performance Report ===
                                                                                                    Generated: 2026-01-30T07:35:45.796606Z

                                                                                                    === TOTALS ===
                                                                                                      Total Duration: 0ms (0.0s)
                                                                                                      Total Discovered: 0 items
                                                                                                      Total Persisted: 0 items
                                                                                                      Total Errors: 0
                                                                                                      Total Retries: 0
                                                                                                      Memory Variance: 0 MB
2026-01-30 08:35:45.798 23226-23258 XtreamCatalogScanWorker com.fishit.player.v2                 I  Enhanced catalog sync completed: 0 items, advancing to VOD_INFO phase
2026-01-30 08:35:45.814 23226-23249 XtreamCatalogScanWorker com.fishit.player.v2                 I  SUCCESS duration_ms=5805 throughput=0 items/sec | vod=0 series=0 episodes=0 live=0 | backfill_remaining: vod=0 series=0
2026-01-30 08:35:45.815 23226-23249 HomeCacheInvalidator    com.fishit.player.v2                 I  INVALIDATE_ALL source=XTREAM sync_run_id=a1d02a09-cd6c-478c-b255-0324300315db
2026-01-30 08:35:45.817 23226-23249 HomeCacheInvalidator    com.fishit.player.v2                 D  Cache invalidated: Home UI will refresh from DB on next query
2026-01-30 08:35:45.848 23226-23251 XtreamCatalogScanWorker com.fishit.player.v2                 D  Saved sync metadata for incremental sync: vod=0 series=0 live=0
2026-01-30 08:35:45.852 23226-23277 WM-WorkerWrapper        com.fishit.player.v2                 I  Worker result SUCCESS for Work [ id=2590f714-9d00-469e-bc6f-50a4c5080b56, tags={ com.fishit.player.v2.work.XtreamCatalogScanWorker,catalog_sync,source_xtream,worker/XtreamCatalogScanWorker } ]
2026-01-30 08:35:45.855 23226-23226 WM-Processor            com.fishit.player.v2                 D  Processor 2590f714-9d00-469e-bc6f-50a4c5080b56 executed; reschedule = false
2026-01-30 08:35:45.855 23226-23226 WM-SystemJobService     com.fishit.player.v2                 D  2590f714-9d00-469e-bc6f-50a4c5080b56 executed on JobScheduler
2026-01-30 08:35:45.866 23226-23277 WM-GreedyScheduler      com.fishit.player.v2                 D  Cancelling work ID 2590f714-9d00-469e-bc6f-50a4c5080b56
2026-01-30 08:35:45.866 23226-23226 LeakCanary              com.fishit.player.v2                 D  Watching instance of androidx.work.impl.background.systemjob.SystemJobService (androidx.work.impl.background.systemjob.SystemJobService received Service#onDestroy() callback) with key 6c5e6461-82bc-4b71-9682-469a2ffde6f5
2026-01-30 08:35:50.919 23226-23248 ishit.player.v2         com.fishit.player.v2                 I  Explicit concurrent copying GC freed 10223(606KB) AllocSpace objects, 0(0B) LOS objects, 49% free, 17MB/35MB, paused 161us,51us total 46.845ms
2026-01-30 08:37:18.736 23226-23226 ViewRootIm...nActivity] com.fishit.player.v2                 I  handleWindowFocusChanged: 0 0 call from android.view.ViewRootImpl.-$$Nest$mhandleWindowFocusChanged:0
2026-01-30 08:37:18.736 23226-23226 ImeFocusController      com.fishit.player.v2                 I  onPreWindowFocus: skipped, hasWindowFocus=false mHasImeFocus=true
2026-01-30 08:37:18.737 23226-23226 ImeFocusController      com.fishit.player.v2                 I  onPostWindowFocus: skipped, hasWindowFocus=false mHasImeFocus=true
2026-01-30 08:37:18.837 23226-23226 ViewRootIm...nActivity] com.fishit.player.v2                 I  handleAppVisibility mAppVisible = true visible = false
2026-01-30 08:37:18.851 23226-23226 ViewRootIm...nActivity] com.fishit.player.v2                 I  destroyHardwareResources: Callers=android.view.ViewRootImpl.performTraversals:3932 android.view.ViewRootImpl.doTraversal:3288 android.view.ViewRootImpl$TraversalRunnable.run:11344 android.view.Choreographer$CallbackRecord.run:1689 android.view.Choreographer$CallbackRecord.run:1698 android.view.Choreographer.doCallbacks:1153 android.view.Choreographer.doFrame:1079 android.view.Choreographer$FrameDisplayEventReceiver.run:1646 android.os.Handler.handleCallback:958 android.os.Handler.dispatchMessage:99
2026-01-30 08:37:18.856 23226-23259 OpenGLRenderer          com.fishit.player.v2                 D  CacheManager::trimMemory(20)
2026-01-30 08:37:18.901 23226-23226 ViewRootIm...nActivity] com.fishit.player.v2                 I  Relayout returned: old=(0,0,1080,2400) new=(0,0,1080,2400) relayoutAsync=false req=(1080,2400)8 dur=29 res=0x402 s={false 0x0} ch=true seqId=0
2026-01-30 08:37:18.906 23226-23259 OpenGLRenderer          com.fishit.player.v2                 D  CacheManager::trimMemory(20)
2026-01-30 08:37:18.925 23226-23226 ViewRootIm...nActivity] com.fishit.player.v2                 I  stopped(true) old = false
2026-01-30 08:37:18.926 23226-23226 ViewRootIm...nActivity] com.fishit.player.v2                 D  WindowStopped on com.fishit.player.v2/com.fishit.player.v2.MainActivity set to true
2026-01-30 08:37:18.926 23226-23259 OpenGLRenderer          com.fishit.player.v2                 D  CacheManager::trimMemory(20)
2026-01-30 08:37:18.954 23226-23226 InputTransport          com.fishit.player.v2                 D  Input channel destroyed: 'ClientS', fd=132
2026-01-30 08:37:18.968  1438-5668  WindowManager           system_server                        E  win=Window{d6ad828 u0 com.fishit.player.v2/com.fishit.player.v2.MainActivity} destroySurfaces: appStopped=true cleanupOnResume=false win.mWindowRemovalAllowed=false win.mRemoveOnExit=false win.mViewVisibility=8 caller=com.android.server.wm.ActivityRecord.destroySurfaces:6949 com.android.server.wm.ActivityRecord.destroySurfaces:6930 com.android.server.wm.ActivityRecord.activityStopped:7630 com.android.server.wm.ActivityClientController.activityStopped:321 android.app.IActivityClientController$Stub.onTransact:702 com.android.server.wm.ActivityClientController.onTransact:186 android.os.Binder.execTransactInternal:1380
2026-01-30 08:37:21.063 23226-23226 ViewRootIm...nActivity] com.fishit.player.v2                 I  handleAppVisibility mAppVisible = false visible = true
2026-01-30 08:37:21.069 23226-23226 ViewRootIm...nActivity] com.fishit.player.v2                 I  stopped(false) old = true
2026-01-30 08:37:21.069 23226-23226 ViewRootIm...nActivity] com.fishit.player.v2                 D  WindowStopped on com.fishit.player.v2/com.fishit.player.v2.MainActivity set to false
2026-01-30 08:37:21.101 23226-23226 BLASTBufferQueue_Java   com.fishit.player.v2                 I  new BLASTBufferQueue, mName= ViewRootImpl@2f57262[MainActivity] mNativeObject= 0xb400007a14e4a7f0 sc.mNativeObject= 0xb400007b04e3a710 caller= android.view.ViewRootImpl.updateBlastSurfaceIfNeeded:3028 android.view.ViewRootImpl.relayoutWindow:10131 android.view.ViewRootImpl.performTraversals:4110 android.view.ViewRootImpl.doTraversal:3288 android.view.ViewRootImpl$TraversalRunnable.run:11344 android.view.Choreographer$CallbackRecord.run:1689 android.view.Choreographer$CallbackRecord.run:1698 android.view.Choreographer.doCallbacks:1153 android.view.Choreographer.doFrame:1079 android.view.Choreographer$FrameDisplayEventReceiver.run:1646
2026-01-30 08:37:21.103 23226-23226 BLASTBufferQueue_Java   com.fishit.player.v2                 I  update, w= 1080 h= 2400 mName = ViewRootImpl@2f57262[MainActivity] mNativeObject= 0xb400007a14e4a7f0 sc.mNativeObject= 0xb400007b04e3a710 format= -1 caller= android.graphics.BLASTBufferQueue.<init>:89 android.view.ViewRootImpl.updateBlastSurfaceIfNeeded:3028 android.view.ViewRootImpl.relayoutWindow:10131 android.view.ViewRootImpl.performTraversals:4110 android.view.ViewRootImpl.doTraversal:3288 android.view.ViewRootImpl$TraversalRunnable.run:11344
2026-01-30 08:37:21.103 23226-23226 ViewRootIm...nActivity] com.fishit.player.v2                 I  Relayout returned: old=(0,0,1080,2400) new=(0,0,1080,2400) relayoutAsync=false req=(1080,2400)0 dur=15 res=0x403 s={true 0xb400007994e73000} ch=true seqId=0
2026-01-30 08:37:21.104 23226-23226 ViewRootIm...nActivity] com.fishit.player.v2                 D  mThreadedRenderer.initialize() mSurface={isValid=true 0xb400007994e73000} hwInitialized=true
2026-01-30 08:37:21.106 23226-23226 ViewRootIm...nActivity] com.fishit.player.v2                 D  reportNextDraw android.view.ViewRootImpl.performTraversals:4718 android.view.ViewRootImpl.doTraversal:3288 android.view.ViewRootImpl$TraversalRunnable.run:11344 android.view.Choreographer$CallbackRecord.run:1689 android.view.Choreographer$CallbackRecord.run:1698
2026-01-30 08:37:21.106 23226-23226 ViewRootIm...nActivity] com.fishit.player.v2                 I  Setup new sync=wmsSync-ViewRootImpl@2f57262[MainActivity]#2
2026-01-30 08:37:21.106 23226-23226 ViewRootIm...nActivity] com.fishit.player.v2                 I  Creating new active sync group ViewRootImpl@2f57262[MainActivity]#3
2026-01-30 08:37:21.107 23226-23226 ViewRootIm...nActivity] com.fishit.player.v2                 I  registerCallbacksForSync syncBuffer=false
2026-01-30 08:37:21.115 23226-23286 ViewRootIm...nActivity] com.fishit.player.v2                 I  Received frameDrawingCallback syncResult=0 frameNum=1.
2026-01-30 08:37:21.116 23226-23286 ViewRootIm...nActivity] com.fishit.player.v2                 I  mWNT: t=0xb4000078e4e63850 mBlastBufferQueue=0xb400007a14e4a7f0 fn= 1 mRenderHdrSdrRatio=1.0 caller= android.view.ViewRootImpl$8.onFrameDraw:13841 android.view.ThreadedRenderer$1.onFrameDraw:792 <bottom of call stack>
2026-01-30 08:37:21.116 23226-23286 ViewRootIm...nActivity] com.fishit.player.v2                 I  Setting up sync and frameCommitCallback
2026-01-30 08:37:21.118 23226-23259 BLASTBufferQueue        com.fishit.player.v2                 I  [ViewRootImpl@2f57262[MainActivity]#1](f:0,a:0,s:0) onFrameAvailable the first frame is available
2026-01-30 08:37:21.119 23226-23259 ViewRootIm...nActivity] com.fishit.player.v2                 I  Received frameCommittedCallback lastAttemptedDrawFrameNum=1 didProduceBuffer=true
2026-01-30 08:37:21.120 23226-23226 ViewRootIm...nActivity] com.fishit.player.v2                 I  reportDrawFinished seqId=0
2026-01-30 08:37:21.121 23226-23226 InsetsSourceConsumer    com.fishit.player.v2                 I  applyRequestedVisibilityToControl: visible=true, type=navigationBars, host=com.fishit.player.v2/com.fishit.player.v2.MainActivity
2026-01-30 08:37:21.122 23226-23226 InsetsSourceConsumer    com.fishit.player.v2                 I  applyRequestedVisibilityToControl: visible=true, type=statusBars, host=com.fishit.player.v2/com.fishit.player.v2.MainActivity
2026-01-30 08:37:21.138 23226-23226 ViewRootIm...nActivity] com.fishit.player.v2                 I  handleWindowFocusChanged: 1 0 call from android.view.ViewRootImpl.-$$Nest$mhandleWindowFocusChanged:0
2026-01-30 08:37:21.139 23226-23226 ViewRootIm...nActivity] com.fishit.player.v2                 D  mThreadedRenderer.initializeIfNeeded()#2 mSurface={isValid=true 0xb400007994e73000}
2026-01-30 08:37:21.140 23226-23226 InputMethodManagerUtils com.fishit.player.v2                 D  startInputInner - Id : 0
2026-01-30 08:37:21.140 23226-23226 InputMethodManager      com.fishit.player.v2                 I  startInputInner - IInputMethodManagerGlobalInvoker.startInputOrWindowGainedFocus
2026-01-30 08:37:21.160 23226-23226 InsetsSourceConsumer    com.fishit.player.v2                 I  applyRequestedVisibilityToControl: visible=false, type=ime, host=com.fishit.player.v2/com.fishit.player.v2.MainActivity
2026-01-30 08:37:21.172 23226-23242 ViewRootIm...nActivity] com.fishit.player.v2                 I  Resizing android.view.ViewRootImpl@bf102e0: frame = [0,0][1080,2400] reportDraw = false forceLayout = false syncSeqId = -1
2026-01-30 08:37:21.173 23226-23226 ViewRootIm...nActivity] com.fishit.player.v2                 I  handleResized, msg = 4 frames=ClientWindowFrames{frame=[0,0][1080,2400] display=[0,0][1080,2400] parentFrame=[0,0][0,0]} forceNextWindowRelayout=false displayId=0 dragResizing=false compatScale=1.0 frameChanged=false attachedFrameChanged=false configChanged=false displayChanged=false compatScaleChanged=false
2026-01-30 08:37:23.470 23226-23226 ViewRootIm...nActivity] com.fishit.player.v2                 I  ViewPostIme pointer 0
2026-01-30 08:37:23.705 23226-23226 ViewRootIm...nActivity] com.fishit.player.v2                 I  handleWindowFocusChanged: 0 0 call from android.view.ViewRootImpl.-$$Nest$mhandleWindowFocusChanged:0
2026-01-30 08:37:23.705 23226-23226 ImeFocusController      com.fishit.player.v2                 I  onPreWindowFocus: skipped, hasWindowFocus=false mHasImeFocus=true
2026-01-30 08:37:23.706 23226-23226 ImeFocusController      com.fishit.player.v2                 I  onPostWindowFocus: skipped, hasWindowFocus=false mHasImeFocus=true
2026-01-30 08:37:25.832 23226-23226 InsetsSourceConsumer    com.fishit.player.v2                 I  applyRequestedVisibilityToControl: visible=true, type=navigationBars, host=com.fishit.player.v2/com.fishit.player.v2.MainActivity
2026-01-30 08:37:25.833 23226-23226 InsetsSourceConsumer    com.fishit.player.v2                 I  applyRequestedVisibilityToControl: visible=true, type=statusBars, host=com.fishit.player.v2/com.fishit.player.v2.MainActivity
2026-01-30 08:37:25.842 23226-23287 ViewRootIm...nActivity] com.fishit.player.v2                 I  mWNT: t=0xb4000078e4e627d0 mBlastBufferQueue=0xb400007a14e4a7f0 fn= 5 mRenderHdrSdrRatio=1.0 caller= android.view.SyncRtSurfaceTransactionApplier.applyTransaction:96 android.view.SyncRtSurfaceTransactionApplier.lambda$scheduleApply$0:69 android.view.SyncRtSurfaceTransactionApplier.$r8$lambda$SgowXC58rj3PR958kHUfRgLZmvE:0
2026-01-30 08:37:25.843 23226-23226 ViewRootIm...nActivity] com.fishit.player.v2                 I  handleWindowFocusChanged: 1 0 call from android.view.ViewRootImpl.-$$Nest$mhandleWindowFocusChanged:0
2026-01-30 08:37:25.843 23226-23226 ViewRootIm...nActivity] com.fishit.player.v2                 D  mThreadedRenderer.initializeIfNeeded()#2 mSurface={isValid=true 0xb400007994e73000}
2026-01-30 08:37:25.844 23226-23226 InputMethodManagerUtils com.fishit.player.v2                 D  startInputInner - Id : 0
2026-01-30 08:37:25.844 23226-23226 InputMethodManager      com.fishit.player.v2                 I  startInputInner - IInputMethodManagerGlobalInvoker.startInputOrWindowGainedFocus
2026-01-30 08:37:27.746 23226-23226 ViewRootIm...nActivity] com.fishit.player.v2                 I  ViewPostIme pointer 0
2026-01-30 08:37:27.754 23226-23226 ViewRootIm...nActivity] com.fishit.player.v2                 I  ViewPostIme pointer 1
2026-01-30 08:37:27.787 23226-23226 WindowOnBackDispatcher  com.fishit.player.v2                 W  OnBackInvokedCallback is not enabled for the application.
                                                                                                    Set 'android:enableOnBackInvokedCallback="true"' in the application manifest.
2026-01-30 08:37:27.849 23226-23226 LeakDiagnostics         com.fishit.player.v2                 W  Failed to get leak summary: objectWatcher
2026-01-30 08:37:27.850 23226-23226 LeakDiagnostics         com.fishit.player.v2                 W  Failed to get detailed status: objectWatcher
2026-01-30 08:37:27.884 23226-23254 CacheManager            com.fishit.player.v2                 D  TDLib files cache size: 0 bytes
2026-01-30 08:37:28.240 23226-23254 XtreamCredStore         com.fishit.player.v2                 I  Read stored config: scheme=http, host=konigtv.com, port=8080
2026-01-30 08:37:28.247 23226-23304 CacheManager            com.fishit.player.v2                 D  Image cache size: 0 bytes
2026-01-30 08:37:28.290 23226-23226 WorkManage...teObserver com.fishit.player.v2                 I  Sync state: SUCCEEDED
2026-01-30 08:37:28.297 23226-23304 CacheManager            com.fishit.player.v2                 D  Database size: 94208 bytes
2026-01-30 08:37:28.916 23226-23226 ViewRootIm...nActivity] com.fishit.player.v2                 I  ViewPostIme pointer 0
2026-01-30 08:37:29.083 23226-23226 ViewRootIm...nActivity] com.fishit.player.v2                 I  ViewPostIme pointer 1
2026-01-30 08:37:29.348 23226-23226 ViewRootIm...nActivity] com.fishit.player.v2                 I  ViewPostIme pointer 0
2026-01-30 08:37:29.409 23226-23235 ishit.player.v2         com.fishit.player.v2                 I  Compiler allocated 7198KB to compile void android.view.ViewRootImpl.performTraversals()
2026-01-30 08:37:29.697 23226-23226 ViewRootIm...nActivity] com.fishit.player.v2                 I  ViewPostIme pointer 1
2026-01-30 08:37:30.147 23226-23226 ViewRootIm...nActivity] com.fishit.player.v2                 I  ViewPostIme pointer 0
2026-01-30 08:37:30.280 23226-23226 ViewRootIm...nActivity] com.fishit.player.v2                 I  ViewPostIme pointer 1
2026-01-30 08:37:31.058 23226-23226 ViewRootIm...nActivity] com.fishit.player.v2                 I  ViewPostIme pointer 0
2026-01-30 08:37:31.231 23226-23226 ViewRootIm...nActivity] com.fishit.player.v2                 I  ViewPostIme pointer 1
2026-01-30 08:37:31.919 23226-23226 ViewRootIm...nActivity] com.fishit.player.v2                 I  ViewPostIme pointer 0
2026-01-30 08:37:32.088 23226-23226 ViewRootIm...nActivity] com.fishit.player.v2                 I  ViewPostIme pointer 1
2026-01-30 08:37:32.869 23226-23226 ViewRootIm...nActivity] com.fishit.player.v2                 I  ViewPostIme pointer 0
2026-01-30 08:37:33.084 23226-23226 ViewRootIm...nActivity] com.fishit.player.v2                 I  ViewPostIme pointer 1
2026-01-30 08:37:34.512 23226-23226 ViewRootIm...nActivity] com.fishit.player.v2                 I  ViewPostIme pointer 0
2026-01-30 08:37:35.585 23226-23226 ViewRootIm...nActivity] com.fishit.player.v2                 I  ViewPostIme pointer 1
2026-01-30 08:37:36.372 23226-23226 ViewRootIm...nActivity] com.fishit.player.v2                 I  ViewPostIme pointer 0
2026-01-30 08:37:36.520 23226-23226 ViewRootIm...nActivity] com.fishit.player.v2                 I  ViewPostIme pointer 1
2026-01-30 08:37:37.555 23226-23226 ViewRootIm...nActivity] com.fishit.player.v2                 I  ViewPostIme pointer 0
2026-01-30 08:37:37.759 23226-23226 ViewRootIm...nActivity] com.fishit.player.v2                 I  ViewPostIme pointer 1
2026-01-30 08:37:38.930 23226-23226 ViewRootIm...nActivity] com.fishit.player.v2                 I  ViewPostIme pointer 0
2026-01-30 08:37:39.022 23226-23226 ViewRootIm...nActivity] com.fishit.player.v2                 I  ViewPostIme pointer 1
2026-01-30 08:37:40.791 23226-23226 ViewRootIm...nActivity] com.fishit.player.v2                 I  ViewPostIme pointer 0
2026-01-30 08:37:41.354 23226-23226 ViewRootIm...nActivity] com.fishit.player.v2                 I  ViewPostIme pointer 1
2026-01-30 08:37:41.799 23226-23226 ViewRootIm...nActivity] com.fishit.player.v2                 I  ViewPostIme pointer 0
2026-01-30 08:37:41.933 23226-23226 ViewRootIm...nActivity] com.fishit.player.v2                 I  ViewPostIme pointer 1
2026-01-30 08:37:43.227 23226-23226 ViewRootIm...nActivity] com.fishit.player.v2                 I  ViewPostIme pointer 0
2026-01-30 08:37:43.318 23226-23226 ViewRootIm...nActivity] com.fishit.player.v2                 I  ViewPostIme pointer 1
2026-01-30 08:37:44.344 23226-23226 ViewRootIm...nActivity] com.fishit.player.v2                 I  ViewPostIme pointer 0
2026-01-30 08:37:44.410 23226-23226 ViewRootIm...nActivity] com.fishit.player.v2                 I  ViewPostIme pointer 1
