2026-01-30 08:25:16.177 20176-20531 ViewRootIm...nActivity] com.fishit.player.v2                 I  mWNT: t=0xb4000078e4e38350 mBlastBufferQueue=0xb400007a14e36610 fn= 9 mRenderHdrSdrRatio=1.0 caller= android.view.SyncRtSurfaceTransactionApplier.applyTransaction:96 android.view.SyncRtSurfaceTransactionApplier.lambda$scheduleApply$0:69 android.view.SyncRtSurfaceTransactionApplier.$r8$lambda$SgowXC58rj3PR958kHUfRgLZmvE:0
2026-01-30 08:25:18.042 20176-20176 ViewRootIm...nActivity] com.fishit.player.v2                 I  ViewPostIme key 0
2026-01-30 08:25:18.051 20176-20176 ViewRootIm...nActivity] com.fishit.player.v2                 I  ViewPostIme key 1
2026-01-30 08:25:24.557 20176-20176 ViewRootIm...nActivity] com.fishit.player.v2                 I  ViewPostIme pointer 0
2026-01-30 08:25:24.589 20176-20176 ViewRootIm...nActivity] com.fishit.player.v2                 I  ViewPostIme pointer 1
2026-01-30 08:25:24.592 20176-20176 OnboardingViewModel     com.fishit.player.v2                 D  connectXtream: Starting with URL host: http://konigtv.com:8080
2026-01-30 08:25:24.595 20176-20176 OnboardingViewModel     com.fishit.player.v2                 D  connectXtream: Parsed credentials - host=konigtv.com, port=8080, username=Christoph10, useHttps=false
2026-01-30 08:25:24.596 20176-20176 Compatibil...geReporter com.fishit.player.v2                 D  Compat change id reported: 247079863; UID 10376; state: ENABLED
2026-01-30 08:25:24.598 20176-20176 OnboardingViewModel     com.fishit.player.v2                 D  connectXtream: Created config - scheme=http, host=konigtv.com, port=8080, username=Christoph10
2026-01-30 08:25:24.599 20176-20176 XtreamAuthRepoAdapter   com.fishit.player.v2                 D  initialize: Starting with config - scheme=http, host=konigtv.com, port=8080, username=Christoph10
2026-01-30 08:25:24.601 20176-20176 XtreamAuthRepoAdapter   com.fishit.player.v2                 D  initialize: Calling apiClient.initialize
2026-01-30 08:25:24.603 20176-20417 XtreamApiClient         com.fishit.player.v2                 D  Initializing client for konigtv.com (forceDiscovery=false)
2026-01-30 08:25:24.604 20176-20417 XtreamApiClient         com.fishit.player.v2                 D  Resolved port: 8080
2026-01-30 08:25:24.648 20176-20849 XtreamApiClient         com.fishit.player.v2                 D  buildPlayerApiUrl: action=get_vod_categories -> konigtv.com/player_api.php
2026-01-30 08:25:24.655 20176-20416 XtreamApiClient         com.fishit.player.v2                 D  buildPlayerApiUrl: action=get_live_streams -> konigtv.com/player_api.php
2026-01-30 08:25:24.658 20176-20436 XtreamApiClient         com.fishit.player.v2                 D  buildPlayerApiUrl: action=get_series_categories -> konigtv.com/player_api.php
2026-01-30 08:25:24.658 20176-20437 XtreamApiClient         com.fishit.player.v2                 D  buildPlayerApiUrl: action=get_movies_categories -> konigtv.com/player_api.php
2026-01-30 08:25:24.660 20176-20435 XtreamApiClient         com.fishit.player.v2                 D  buildPlayerApiUrl: action=get_series -> konigtv.com/player_api.php
2026-01-30 08:25:24.661 20176-20434 XtreamApiClient         com.fishit.player.v2                 D  buildPlayerApiUrl: action=get_live_categories -> konigtv.com/player_api.php
2026-01-30 08:25:24.663 20176-20415 XtreamApiClient         com.fishit.player.v2                 D  buildPlayerApiUrl: action=get_movie_categories -> konigtv.com/player_api.php
2026-01-30 08:25:24.704 20176-20176 ImeTracker              com.fishit.player.v2                 I  com.fishit.player.v2:de07ea18: onRequestHide at ORIGIN_CLIENT_HIDE_SOFT_INPUT reason HIDE_SOFT_INPUT_BY_INSETS_API
2026-01-30 08:25:24.705 20176-20176 InsetsController        com.fishit.player.v2                 I  setRequestedVisibleTypes: visible=false, mask=ime, host=com.fishit.player.v2/com.fishit.player.v2.MainActivity, from=android.view.InsetsController.controlAnimationUnchecked:1445 android.view.InsetsController.applyAnimation:2005 android.view.InsetsController.applyAnimation:1968 android.view.InsetsController.hide:1403 android.view.InsetsController.hide:1342 androidx.core.view.SoftwareKeyboardControllerCompat$Impl30.hide:227 androidx.core.view.SoftwareKeyboardControllerCompat.hide:81 androidx.compose.ui.text.input.InputMethodManagerImpl.hideSoftInput:85 androidx.compose.ui.text.input.TextInputServiceAndroid.setKeyboardVisibleImmediately:477 androidx.compose.ui.text.input.TextInputServiceAndroid.processInputCommands:359
2026-01-30 08:25:24.706 20176-20176 ImeTracker              com.fishit.player.v2                 I  com.fishit.player.v2:4efa84dd: onRequestHide at ORIGIN_CLIENT_HIDE_SOFT_INPUT reason HIDE_SOFT_INPUT_BY_INSETS_API
2026-01-30 08:25:24.706 20176-20176 InputMethodManager_LC   com.fishit.player.v2                 I  notifyImeHidden: IInputMethodManagerGlobalInvoker.hideSoftInput
2026-01-30 08:25:24.714 20176-20176 InsetsController        com.fishit.player.v2                 I  controlAnimationUncheckedInner: Added types=ime, animType=1, host=com.fishit.player.v2/com.fishit.player.v2.MainActivity, from=android.view.InsetsController.controlAnimationUnchecked:1449 android.view.InsetsController.applyAnimation:2005 android.view.InsetsController.applyAnimation:1968
2026-01-30 08:25:24.715 20176-20176 InputMethodManagerUtils com.fishit.player.v2                 D  startInputInner - Id : 0
2026-01-30 08:25:24.715 20176-20176 InputMethodManager      com.fishit.player.v2                 I  startInputInner - IInputMethodManagerGlobalInvoker.startInputOrWindowGainedFocus
2026-01-30 08:25:24.738 20176-20176 ImeTracker              com.fishit.player.v2                 I  com.fishit.player.v2:4efa84dd: onCancelled at PHASE_CLIENT_APPLY_ANIMATION
2026-01-30 08:25:24.738 20176-20176 RemoteInpu...ectionImpl com.fishit.player.v2                 W  requestCursorAnchorInfo on inactive InputConnection
2026-01-30 08:25:24.742 20176-20176 InsetsController        com.fishit.player.v2                 I  onStateChanged: host=com.fishit.player.v2/com.fishit.player.v2.MainActivity, from=android.view.ViewRootImpl$ViewRootHandler.handleMessageImpl:7209, state=InsetsState: {mDisplayFrame=Rect(0, 0 - 1080, 2400), mDisplayCutout=DisplayCutout{insets=Rect(0, 80 - 0, 0) waterfall=Insets{left=0, top=0, right=0, bottom=0} boundingRect={Bounds=[Rect(0, 0 - 0, 0), Rect(510, 0 - 570, 80), Rect(0, 0 - 0, 0), Rect(0, 0 - 0, 0)]} cutoutPathParserInfo={CutoutPathParserInfo{displayWidth=1080 displayHeight=2400 physicalDisplayWidth=1080 physicalDisplayHeight=2400 density={3.0} cutoutSpec={M 0,0 H -10 V 26.66666666666667 H 10 V 0 H 0 Z @dp} rotation={0} scale={1.0} physicalPixelDisplaySizeRatio={1.0}}}}, mRoundedCorners=RoundedCorners{[RoundedCorner{position=TopLeft, radius=90, center=Point(90, 90)}, RoundedCorner{position=TopRight, radius=90, center=Point(990, 90)}, RoundedCorner{position=BottomRight, radius=90, center=Point(990, 2310)}, RoundedCorner{position=BottomLeft, radius=90, center=Point(90, 2310)}]}  mRoundedCornerFrame=Rect(0, 0 - 1080, 2400), mPrivacyIndicatorBounds=PrivacyIndicatorBounds {static bounds=Rect(948, 0 - 1080, 80) rotation=0}, mDisplayShape=DisplayShape{ spec=-311912193 displayWidth=1080 displayHeight=2400 physicalPixelDisplaySizeRatio=1.0 rotation=0 offsetX=0 offsetY=0 scale=1.0}, mSources= { InsetsSource: {3 mType=ime mFrame=[0,2256][1080,2400] mVisible=false mFlags=[]}, InsetsSource: {27 mType=displayCutout mFrame=[0,0][1080,80] mVisible=true mFlags=[]}, InsetsSource: {24df0000 mType=statusBars mFrame=[0,0][1080,80] mVisible=true mFlags=[]}, InsetsSource: {24df0005 mType=mandatorySystemGestures mFrame=[0,0][1080,116] mVisible=true mFlags=[]}, InsetsSource: {24df0006 mType=tappableElement mFrame=[0,0][1080,80] mVisible=true mFlags=[]}, InsetsSource: {68b60001 mType=navigationBars mFrame=[0,2256][1080,2400] mVisible=true mFlags=[]}, InsetsSource: {68b60004 mType=systemGestures mFrame=[0,0][0,0] mVisible=true mFlags=[]}, InsetsSource: {68b60005 mType=mandatorySystemGestures mFrame=[0,2256][1080,2400] mVisible=true mFlags=[]}, InsetsSource: {68b60006 mType=tappableElement mFrame=[0,2256][1080,2400] mVisible=true mFlags=[]}, InsetsSource: {68b60024 mType=systemGestures mFrame=[0,0][0,0] mVisible=true mFlags=[]} }
2026-01-30 08:25:24.743 20176-20176 InsetsSourceConsumer    com.fishit.player.v2                 I  applyRequestedVisibilityToControl: visible=true, type=navigationBars, host=com.fishit.player.v2/com.fishit.player.v2.MainActivity
2026-01-30 08:25:24.746 20176-20176 InsetsController        com.fishit.player.v2                 I  cancelAnimation: types=ime, animType=1, host=com.fishit.player.v2/com.fishit.player.v2.MainActivity, from=android.view.InsetsController.notifyFinished:1748 android.view.InsetsAnimationThreadControlRunner$1.lambda$notifyFinished$0:85 android.view.InsetsAnimationThreadControlRunner$1.$r8$lambda$RAf1SfIREsj9-wH5FOigMy6eLkM:0
2026-01-30 08:25:24.747 20176-20176 ImeTracker              com.fishit.player.v2                 I  com.fishit.player.v2:1de6d1e5: onRequestHide at ORIGIN_CLIENT_HIDE_SOFT_INPUT reason HIDE_SOFT_INPUT_BY_INSETS_API
2026-01-30 08:25:24.747 20176-20176 InputMethodManager_LC   com.fishit.player.v2                 I  notifyImeHidden: IInputMethodManagerGlobalInvoker.hideSoftInput
2026-01-30 08:25:24.748 20176-20197 ViewRootIm...nActivity] com.fishit.player.v2                 I  Resizing android.view.ViewRootImpl@89899e: frame = [0,0][1080,2400] reportDraw = false forceLayout = false syncSeqId = -1
2026-01-30 08:25:24.751 20176-20176 ImeTracker              com.fishit.player.v2                 I  com.fishit.player.v2:de07ea18: onHidden
2026-01-30 08:25:24.751 20176-20176 WindowOnBackDispatcher  com.fishit.player.v2                 W  sendCancelIfRunning: isInProgress=falsecallback=ImeCallback=ImeOnBackInvokedCallback@162403614 Callback=android.window.IOnBackInvokedCallback$Stub$Proxy@81f965f
2026-01-30 08:25:24.754 20176-20176 ViewRootIm...nActivity] com.fishit.player.v2                 I  handleResized, msg = 4 frames=ClientWindowFrames{frame=[0,0][1080,2400] display=[0,0][1080,2400] parentFrame=[0,0][0,0]} forceNextWindowRelayout=false displayId=0 dragResizing=false compatScale=1.0 frameChanged=false attachedFrameChanged=false configChanged=false displayChanged=false compatScaleChanged=false
2026-01-30 08:25:24.759 20176-20860 TrafficStats            com.fishit.player.v2                 D  tagSocket(123) with statsTag=0xffffffff, statsUid=-1
2026-01-30 08:25:24.780 20176-20863 TrafficStats            com.fishit.player.v2                 D  tagSocket(130) with statsTag=0xffffffff, statsUid=-1
2026-01-30 08:25:24.905 20176-20860 TrafficStats            com.fishit.player.v2                 D  tagSocket(148) with statsTag=0xffffffff, statsUid=-1
2026-01-30 08:25:24.968 20176-20849 XtreamApiClient         com.fishit.player.v2                 D  NetworkProbe: HTTP 200 for konigtv.com/player_api.php | bytes=1576 contentType=application/json
2026-01-30 08:25:24.969 20176-20437 XtreamApiClient         com.fishit.player.v2                 D  NetworkProbe: HTTP 200 for konigtv.com/player_api.php | bytes=672 contentType=application/json
2026-01-30 08:25:24.975 20176-20849 XtreamApiClient         com.fishit.player.v2                 D  NetworkProbe: Manually decompressed gzip body for konigtv.com/player_api.php | original=1576 decompressed=10494
2026-01-30 08:25:24.980 20176-20437 XtreamApiClient         com.fishit.player.v2                 D  NetworkProbe: Manually decompressed gzip body for konigtv.com/player_api.php | original=672 decompressed=3753
2026-01-30 08:25:25.201 20176-20437 XtreamApiClient         com.fishit.player.v2                 D  NetworkProbe: HTTP 200 for konigtv.com/player_api.php | bytes=1752 contentType=application/json
2026-01-30 08:25:25.208 20176-20437 XtreamApiClient         com.fishit.player.v2                 D  NetworkProbe: Manually decompressed gzip body for konigtv.com/player_api.php | original=1752 decompressed=11946
2026-01-30 08:25:25.293 20176-20197 ViewRootIm...nActivity] com.fishit.player.v2                 I  Resizing android.view.ViewRootImpl@89899e: frame = [0,0][1080,2400] reportDraw = false forceLayout = false syncSeqId = -1
2026-01-30 08:25:25.296 20176-20176 InsetsController        com.fishit.player.v2                 I  onStateChanged: host=com.fishit.player.v2/com.fishit.player.v2.MainActivity, from=android.view.ViewRootImpl$ViewRootHandler.handleMessageImpl:7196, state=InsetsState: {mDisplayFrame=Rect(0, 0 - 1080, 2400), mDisplayCutout=DisplayCutout{insets=Rect(0, 80 - 0, 0) waterfall=Insets{left=0, top=0, right=0, bottom=0} boundingRect={Bounds=[Rect(0, 0 - 0, 0), Rect(510, 0 - 570, 80), Rect(0, 0 - 0, 0), Rect(0, 0 - 0, 0)]} cutoutPathParserInfo={CutoutPathParserInfo{displayWidth=1080 displayHeight=2400 physicalDisplayWidth=1080 physicalDisplayHeight=2400 density={3.0} cutoutSpec={M 0,0 H -10 V 26.66666666666667 H 10 V 0 H 0 Z @dp} rotation={0} scale={1.0} physicalPixelDisplaySizeRatio={1.0}}}}, mRoundedCorners=RoundedCorners{[RoundedCorner{position=TopLeft, radius=90, center=Point(90, 90)}, RoundedCorner{position=TopRight, radius=90, center=Point(990, 90)}, RoundedCorner{position=BottomRight, radius=90, center=Point(990, 2310)}, RoundedCorner{position=BottomLeft, radius=90, center=Point(90, 2310)}]}  mRoundedCornerFrame=Rect(0, 0 - 1080, 2400), mPrivacyIndicatorBounds=PrivacyIndicatorBounds {static bounds=Rect(948, 0 - 1080, 80) rotation=0}, mDisplayShape=DisplayShape{ spec=-311912193 displayWidth=1080 displayHeight=2400 physicalPixelDisplaySizeRatio=1.0 rotation=0 offsetX=0 offsetY=0 scale=1.0}, mSources= { InsetsSource: {3 mType=ime mFrame=[0,0][0,0] mVisible=false mFlags=[]}, InsetsSource: {27 mType=displayCutout mFrame=[0,0][1080,80] mVisible=true mFlags=[]}, InsetsSource: {24df0000 mType=statusBars mFrame=[0,0][1080,80] mVisible=true mFlags=[]}, InsetsSource: {24df0005 mType=mandatorySystemGestures mFrame=[0,0][1080,116] mVisible=true mFlags=[]}, InsetsSource: {24df0006 mType=tappableElement mFrame=[0,0][1080,80] mVisible=true mFlags=[]}, InsetsSource: {68b60001 mType=navigationBars mFrame=[0,2256][1080,2400] mVisible=true mFlags=[]}, InsetsSource: {68b60004 mType=systemGestures mFrame=[0,0][0,0] mVisible=true mFlags=[]}, InsetsSource: {68b60005 mType=mandatorySystemGestures mFrame=[0,2256][1080,2400] mVisible=true mFlags=[]}, InsetsSource: {68b60006 mType=tappableElement mFrame=[0,2256][1080,2400] mVisible=true mFlags=[]}, InsetsSource: {68b60024 mType=systemGestures mFrame=[0,0][0,0] mVisible=true mFlags=[]} }
2026-01-30 08:25:25.297 20176-20176 ViewRootIm...nActivity] com.fishit.player.v2                 I  handleResized, msg = 4 frames=ClientWindowFrames{frame=[0,0][1080,2400] display=[0,0][1080,2400] parentFrame=[0,0][0,0]} forceNextWindowRelayout=false displayId=0 dragResizing=false compatScale=1.0 frameChanged=false attachedFrameChanged=false configChanged=false displayChanged=false compatScaleChanged=false
2026-01-30 08:25:25.389 20176-20437 XtreamApiClient         com.fishit.player.v2                 D  NetworkProbe: HTTP 200 for konigtv.com/player_api.php | bytes=320 contentType=application/json
2026-01-30 08:25:25.396 20176-20437 XtreamApiClient         com.fishit.player.v2                 D  NetworkProbe: Manually decompressed gzip body for konigtv.com/player_api.php | original=320 decompressed=458
2026-01-30 08:25:25.448 20176-20849 XtreamApiClient         com.fishit.player.v2                 D  NetworkProbe: HTTP 200 for konigtv.com/player_api.php | bytes=259233 contentType=application/json
2026-01-30 08:25:25.505 20176-20192 InputTransport          com.fishit.player.v2                 D  Input channel destroyed: 'ClientS', fd=135
2026-01-30 08:25:25.507 20176-20192 InputTransport          com.fishit.player.v2                 D  Input channel destroyed: 'ClientS', fd=122
2026-01-30 08:25:25.507 20176-20192 InputTransport          com.fishit.player.v2                 D  Input channel destroyed: 'ClientS', fd=77
2026-01-30 08:25:25.507 20176-20193 System                  com.fishit.player.v2                 W  A resource failed to call release.
2026-01-30 08:25:25.538 20176-20849 XtreamApiClient         com.fishit.player.v2                 D  NetworkProbe: Manually decompressed gzip body for konigtv.com/player_api.php | original=259233 decompressed=3288108
2026-01-30 08:25:25.566 20176-20191 ishit.player.v2         com.fishit.player.v2                 I  Background concurrent copying GC freed 1356(82KB) AllocSpace objects, 1(2052KB) LOS objects, 49% free, 17MB/35MB, paused 6.297ms,229us total 56.566ms
2026-01-30 08:25:25.596 20176-20434 XtreamApiClient         com.fishit.player.v2                 D  NetworkProbe: HTTP 200 for konigtv.com/player_api.php | bytes=320 contentType=application/json
2026-01-30 08:25:25.600 20176-20434 XtreamApiClient         com.fishit.player.v2                 D  NetworkProbe: Manually decompressed gzip body for konigtv.com/player_api.php | original=320 decompressed=458
2026-01-30 08:25:25.611 20176-20416 XtreamApiClient         com.fishit.player.v2                 D  NetworkProbe: HTTP 200 for konigtv.com/player_api.php | bytes=2043071 contentType=application/json
2026-01-30 08:25:25.614 20176-20437 XtreamApiClient         com.fishit.player.v2                 D  buildPlayerApiUrl: action=get_short_epg -> konigtv.com/player_api.php
2026-01-30 08:25:25.681 20176-20437 XtreamApiClient         com.fishit.player.v2                 D  NetworkProbe: HTTP 200 for konigtv.com/player_api.php | bytes=39 contentType=application/json
2026-01-30 08:25:25.685 20176-20437 XtreamApiClient         com.fishit.player.v2                 D  NetworkProbe: Manually decompressed gzip body for konigtv.com/player_api.php | original=39 decompressed=19
2026-01-30 08:25:25.918 20176-20416 XtreamApiClient         com.fishit.player.v2                 D  NetworkProbe: Manually decompressed gzip body for konigtv.com/player_api.php | original=2043071 decompressed=6214125
2026-01-30 08:25:26.442 20176-20191 ishit.player.v2         com.fishit.player.v2                 I  Background young concurrent copying GC freed 9946(578KB) AllocSpace objects, 0(0B) LOS objects, 0% free, 47MB/47MB, paused 64us,56us total 111.534ms
2026-01-30 08:25:26.558 20176-20191 ishit.player.v2         com.fishit.player.v2                 I  Background concurrent copying GC freed 2821(189KB) AllocSpace objects, 0(0B) LOS objects, 31% free, 51MB/75MB, paused 67us,47us total 115.323ms
2026-01-30 08:25:26.621 20176-20416 XtreamApiClient         com.fishit.player.v2                 D  buildPlayerApiUrl: action=null -> konigtv.com/player_api.php
2026-01-30 08:25:26.623 20176-20416 XtreamApiClient         com.fishit.player.v2                 D  getServerInfo: Fetching from konigtv.com/player_api.php
2026-01-30 08:25:26.697 20176-20416 XtreamApiClient         com.fishit.player.v2                 D  NetworkProbe: HTTP 200 for konigtv.com/player_api.php | bytes=320 contentType=application/json
2026-01-30 08:25:26.700 20176-20416 XtreamApiClient         com.fishit.player.v2                 D  NetworkProbe: Manually decompressed gzip body for konigtv.com/player_api.php | original=320 decompressed=458
2026-01-30 08:25:26.701 20176-20416 XtreamApiClient         com.fishit.player.v2                 D  getServerInfo: Received 458 bytes, parsing...
2026-01-30 08:25:26.708 20176-20416 XtreamApiClient         com.fishit.player.v2                 D  Server info retrieved: konigtv.com
2026-01-30 08:25:26.711 20176-20849 XtreamAuthRepoAdapter   com.fishit.player.v2                 D  connectionState -> Connected(baseUrl=http://konigtv.com:8080, latencyMs=2014) | domain=Connected
2026-01-30 08:25:26.711 20176-20176 XtreamAuthRepoAdapter   com.fishit.player.v2                 D  initialize: API client initialized successfully with capabilities: http://konigtv.com:8080
2026-01-30 08:25:26.712 20176-20849 XtreamAuthRepoAdapter   com.fishit.player.v2                 D  authState -> Authenticated(userInfo=XtreamUserInfo(username=Christoph10, status=ACTIVE, expDateEpoch=1797326326, maxConnections=1, activeConnections=0, isTrial=false, allowedFormats=[m3u8, ts], createdAt=1757512912, message=Welcome)) | domain=Authenticated
2026-01-30 08:25:26.726 20176-20436 SourceActi...onObserver com.fishit.player.v2                 I  Active sources changed: [XTREAM] → enqueuing auto sync
2026-01-30 08:25:26.726 20176-20415 CatalogSyncBootstrap    com.fishit.player.v2                 D  Source activation check: activeSources=[XTREAM], hasActive=true
2026-01-30 08:25:26.727 20176-20436 CatalogSyncScheduler    com.fishit.player.v2                 D  Enqueueing AUTO sync
2026-01-30 08:25:26.735 20176-20434 SourceActivationStore   com.fishit.player.v2                 D  Loaded state from DataStore: SourceActivationSnapshot(xtream=Active, telegram=Inactive, io=Inactive)
2026-01-30 08:25:26.768 20176-20491 Compatibil...geReporter com.fishit.player.v2                 D  Compat change id reported: 194532703; UID 10376; state: ENABLED
2026-01-30 08:25:26.768 20176-20491 Compatibil...geReporter com.fishit.player.v2                 D  Compat change id reported: 253665015; UID 10376; state: ENABLED
2026-01-30 08:25:26.769 20176-20491 WM-SystemJobScheduler   com.fishit.player.v2                 D  Scheduling work ID ad06ce20-4437-4b21-8213-ec4d1c18f88fJob ID 0
2026-01-30 08:25:26.793 20176-20491 WM-GreedyScheduler      com.fishit.player.v2                 D  Starting work for ad06ce20-4437-4b21-8213-ec4d1c18f88f
2026-01-30 08:25:26.802 20176-20491 WM-Processor            com.fishit.player.v2                 D  Processor: processing WorkGenerationalId(workSpecId=ad06ce20-4437-4b21-8213-ec4d1c18f88f, generation=0)
2026-01-30 08:25:26.806 20176-20176 SourceActivationStore   com.fishit.player.v2                 I  Source activation changed: XTREAM -> Active
2026-01-30 08:25:26.807 20176-20176 XtreamAuthRepoAdapter   com.fishit.player.v2                 I  initialize: XTREAM source activated
2026-01-30 08:25:26.808 20176-20176 OnboardingViewModel     com.fishit.player.v2                 D  connectXtream: Initialize succeeded, saving credentials
2026-01-30 08:25:26.811 20176-20491 Compatibil...geReporter com.fishit.player.v2                 D  Compat change id reported: 263076149; UID 10376; state: ENABLED
2026-01-30 08:25:26.827 20176-20436 XtreamCredStore         com.fishit.player.v2                 I  Stored credentials: scheme=http, host=konigtv.com, port=8080
2026-01-30 08:25:26.838 20176-20491 WM-PackageManagerHelper com.fishit.player.v2                 D  androidx.work.impl.background.systemalarm.RescheduleReceiver enabled
2026-01-30 08:25:26.848 20176-20176 WM-WorkerWrapper        com.fishit.player.v2                 D  Starting work for com.fishit.player.v2.work.CatalogSyncOrchestratorWorker
2026-01-30 08:25:26.850 20176-20436 CatalogSyn...atorWorker com.fishit.player.v2                 I  START sync_run_id=7d9e2c25-9b9c-4e7f-8ce1-bea4263484d6 mode=auto
2026-01-30 08:25:26.854 20176-20176 WM-SystemJobService     com.fishit.player.v2                 D  onStartJob for WorkGenerationalId(workSpecId=ad06ce20-4437-4b21-8213-ec4d1c18f88f, generation=0)
2026-01-30 08:25:26.854 20176-20436 RuntimeGuards           com.fishit.player.v2                 D  Manual sync (auto) - skipping battery guard (level=83%)
2026-01-30 08:25:26.855 20176-20436 CatalogSyn...atorWorker com.fishit.player.v2                 I  Active sources check: [XTREAM] (isEmpty=false)
2026-01-30 08:25:26.856 20176-20436 CatalogSyn...atorWorker com.fishit.player.v2                 D  Active sources: [XTREAM] (TELEGRAM=false, XTREAM=true, IO=false)
2026-01-30 08:25:26.858 20176-20436 CatalogSyn...atorWorker com.fishit.player.v2                 D  Enqueued Xtream chain: work_name=catalog_sync_global_xtream policy=KEEP workers=2
2026-01-30 08:25:26.859 20176-20436 CatalogSyn...atorWorker com.fishit.player.v2                 D  Telegram not in active sources - skipping Telegram workers
2026-01-30 08:25:26.859 20176-20453 WM-Processor            com.fishit.player.v2                 D  Work WorkGenerationalId(workSpecId=ad06ce20-4437-4b21-8213-ec4d1c18f88f, generation=0) is already enqueued for processing
2026-01-30 08:25:26.859 20176-20436 CatalogSyn...atorWorker com.fishit.player.v2                 D  📊 WorkInfo chains enqueued:
                                                                                                      [XTREAM] work_name=catalog_sync_global_xtream → ENQUEUED
                                                                                                      Use 'adb shell dumpsys jobscheduler' or WorkManager Inspector for detailed state
2026-01-30 08:25:26.860 20176-20436 CatalogSyn...atorWorker com.fishit.player.v2                 I  CHAINS_ENQUEUED duration_ms=10 policy=KEEP sources=XTREAM (downstream workers will report completion)
2026-01-30 08:25:26.875 20176-20453 WM-SystemJobScheduler   com.fishit.player.v2                 D  Scheduling work ID 36ac8575-97b1-4343-b263-c22b8c73c1daJob ID 1
2026-01-30 08:25:26.889 20176-20453 WM-GreedyScheduler      com.fishit.player.v2                 D  Starting work for 36ac8575-97b1-4343-b263-c22b8c73c1da
2026-01-30 08:25:26.889 20176-20176 WM-SystemJobService     com.fishit.player.v2                 D  onStartJob for WorkGenerationalId(workSpecId=36ac8575-97b1-4343-b263-c22b8c73c1da, generation=0)
2026-01-30 08:25:26.893 20176-20453 WM-WorkerWrapper        com.fishit.player.v2                 I  Worker result SUCCESS for Work [ id=ad06ce20-4437-4b21-8213-ec4d1c18f88f, tags={ com.fishit.player.v2.work.CatalogSyncOrchestratorWorker,catalog_sync,mode_auto,worker/CatalogSyncOrchestratorWorker } ]
2026-01-30 08:25:26.895 20176-20176 WM-Processor            com.fishit.player.v2                 D  Processor ad06ce20-4437-4b21-8213-ec4d1c18f88f executed; reschedule = false
2026-01-30 08:25:26.896 20176-20176 WM-SystemJobService     com.fishit.player.v2                 D  ad06ce20-4437-4b21-8213-ec4d1c18f88f executed on JobScheduler
2026-01-30 08:25:26.898 20176-20453 WM-Processor            com.fishit.player.v2                 D  Processor: processing WorkGenerationalId(workSpecId=36ac8575-97b1-4343-b263-c22b8c73c1da, generation=0)
2026-01-30 08:25:26.900 20176-20453 WM-Processor            com.fishit.player.v2                 D  Work WorkGenerationalId(workSpecId=36ac8575-97b1-4343-b263-c22b8c73c1da, generation=0) is already enqueued for processing
2026-01-30 08:25:26.904 20176-20453 WM-GreedyScheduler      com.fishit.player.v2                 D  Cancelling work ID ad06ce20-4437-4b21-8213-ec4d1c18f88f
2026-01-30 08:25:26.913 20176-20176 WM-WorkerWrapper        com.fishit.player.v2                 D  Starting work for com.fishit.player.v2.work.XtreamPreflightWorker
2026-01-30 08:25:26.914 20176-20436 XtreamPreflightWorker   com.fishit.player.v2                 I  START sync_run_id=7d9e2c25-9b9c-4e7f-8ce1-bea4263484d6 mode=auto source=XTREAM attempt=0/5
2026-01-30 08:25:26.916 20176-20436 RuntimeGuards           com.fishit.player.v2                 D  Manual sync (auto) - skipping battery guard (level=83%)
2026-01-30 08:25:26.917 20176-20436 XtreamPreflightWorker   com.fishit.player.v2                 I  SUCCESS duration_ms=3 (credentials valid)
2026-01-30 08:25:26.919 20176-20490 WM-WorkerWrapper        com.fishit.player.v2                 I  Worker result SUCCESS for Work [ id=36ac8575-97b1-4343-b263-c22b8c73c1da, tags={ com.fishit.player.v2.work.XtreamPreflightWorker,catalog_sync,source_xtream,worker/XtreamPreflightWorker } ]
2026-01-30 08:25:26.921 20176-20490 WM-WorkerWrapper        com.fishit.player.v2                 I  Setting status to enqueued for ee6d442f-94d0-4fdd-a01d-8fe19c197b82
2026-01-30 08:25:26.923 20176-20176 WM-Processor            com.fishit.player.v2                 D  Processor 36ac8575-97b1-4343-b263-c22b8c73c1da executed; reschedule = false
2026-01-30 08:25:26.923 20176-20176 WM-SystemJobService     com.fishit.player.v2                 D  36ac8575-97b1-4343-b263-c22b8c73c1da executed on JobScheduler
2026-01-30 08:25:26.925 20176-20490 WM-GreedyScheduler      com.fishit.player.v2                 D  Cancelling work ID 36ac8575-97b1-4343-b263-c22b8c73c1da
2026-01-30 08:25:26.926 20176-20176 ishit.player.v2         com.fishit.player.v2                 W  Accessing hidden field Landroid/app/ActivityThread;->mServices:Landroid/util/ArrayMap; (unsupported, reflection, allowed)
2026-01-30 08:25:26.932 20176-20176 LeakCanary              com.fishit.player.v2                 D  Watching instance of androidx.work.impl.background.systemjob.SystemJobService (androidx.work.impl.background.systemjob.SystemJobService received Service#onDestroy() callback) with key 19b2965e-8a28-404e-a9eb-634229ffbb04
2026-01-30 08:25:26.933 20176-20490 WM-SystemJobScheduler   com.fishit.player.v2                 D  Scheduling work ID ee6d442f-94d0-4fdd-a01d-8fe19c197b82Job ID 2
2026-01-30 08:25:26.941 20176-20490 WM-GreedyScheduler      com.fishit.player.v2                 D  Starting work for ee6d442f-94d0-4fdd-a01d-8fe19c197b82
2026-01-30 08:25:26.946 20176-20176 WM-SystemJobService     com.fishit.player.v2                 D  onStartJob for WorkGenerationalId(workSpecId=ee6d442f-94d0-4fdd-a01d-8fe19c197b82, generation=0)
2026-01-30 08:25:26.947 20176-20490 WM-Processor            com.fishit.player.v2                 D  Processor: processing WorkGenerationalId(workSpecId=ee6d442f-94d0-4fdd-a01d-8fe19c197b82, generation=0)
2026-01-30 08:25:26.950 20176-20490 WM-Processor            com.fishit.player.v2                 D  Work WorkGenerationalId(workSpecId=ee6d442f-94d0-4fdd-a01d-8fe19c197b82, generation=0) is already enqueued for processing
2026-01-30 08:25:27.185 20176-20176 WM-WorkerWrapper        com.fishit.player.v2                 D  Starting work for com.fishit.player.v2.work.XtreamCatalogScanWorker
2026-01-30 08:25:27.191 20176-20436 XtreamCatalogScanWorker com.fishit.player.v2                 I  START sync_run_id=7d9e2c25-9b9c-4e7f-8ce1-bea4263484d6 mode=auto source=XTREAM scope=INCREMENTAL runtimeBudgetMs=900000 checkpoint=xtream|v=2|phase=VOD_LIST|offset=0
2026-01-30 08:25:27.193 20176-20436 RuntimeGuards           com.fishit.player.v2                 D  Manual sync (auto) - skipping battery guard (level=83%)
2026-01-30 08:25:27.194 20176-20436 XtreamCatalogScanWorker com.fishit.player.v2                 D  Catalog sync: includeVod=true includeSeries=true includeEpisodes=false (lazy) includeLive=true scope=INCREMENTAL enhanced=true
2026-01-30 08:25:27.195 20176-20436 XtreamCatalogScanWorker com.fishit.player.v2                 I  Using ENHANCED sync: live=600 movies=400 series=200 timeFlush=true
2026-01-30 08:25:27.197 20176-20436 CatalogSyncService      com.fishit.player.v2                 I  Starting enhanced Xtream sync: live=true, vod=true, series=true, episodes=false, excludeSeriesIds=0, episodeParallelism=4, canonical_linking=false
2026-01-30 08:25:27.197 20176-20436 XtreamCatalogScanWorker com.fishit.player.v2                 D  Enhanced catalog sync started
2026-01-30 08:25:27.205 20176-20415 XtreamCatalogPipeline   com.fishit.player.v2                 I  Starting Xtream catalog scan: vod=true, series=true, episodes=false, live=true
2026-01-30 08:25:27.206 20176-20436 CatalogSyncService      com.fishit.player.v2                 D  Enhanced scan started
2026-01-30 08:25:27.207 20176-20434 XtreamCatalogPipeline   com.fishit.player.v2                 D  [LIVE] Starting parallel scan (streaming-first)...
2026-01-30 08:25:27.207 20176-20436 XtreamCatalogPipeline   com.fishit.player.v2                 D  [VOD] Starting parallel scan (streaming-first)...
2026-01-30 08:25:27.208 20176-20437 XtreamCatalogPipeline   com.fishit.player.v2                 D  [SERIES] Starting parallel scan (streaming-first, episodes deferred)...
2026-01-30 08:25:27.216 20176-20434 XtreamApiClient         com.fishit.player.v2                 D  buildPlayerApiUrl: action=get_live_streams -> konigtv.com/player_api.php
2026-01-30 08:25:27.216 20176-20851 XtreamApiClient         com.fishit.player.v2                 D  buildPlayerApiUrl: action=get_series -> konigtv.com/player_api.php
2026-01-30 08:25:27.216 20176-20849 XtreamApiClient         com.fishit.player.v2                 D  buildPlayerApiUrl: action=get_vod_streams -> konigtv.com/player_api.php
2026-01-30 08:25:27.435 20176-20434 XtreamApiClient         com.fishit.player.v2                 D  StreamingFetch: Success for konigtv.com/player_api.php, streaming response
2026-01-30 08:25:27.533 20176-20434 XtreamApiClient         com.fishit.player.v2                 D  buildPlayerApiUrl: action=get_live_streams -> konigtv.com/player_api.php
2026-01-30 08:25:27.624 20176-20436 XtreamApiClient         com.fishit.player.v2                 D  StreamingFetch: Success for konigtv.com/player_api.php, streaming response
2026-01-30 08:25:27.743 20176-20436 XtreamApiClient         com.fishit.player.v2                 D  buildPlayerApiUrl: action=get_series -> konigtv.com/player_api.php
2026-01-30 08:25:27.756 20176-20863 TrafficStats            com.fishit.player.v2                 D  tagSocket(130) with statsTag=0xffffffff, statsUid=-1
2026-01-30 08:25:27.769 20176-20434 XtreamApiClient         com.fishit.player.v2                 D  StreamingFetch: Success for konigtv.com/player_api.php, streaming response
2026-01-30 08:25:27.841 20176-20434 XtreamApiClient         com.fishit.player.v2                 D  buildPlayerApiUrl: action=get_live_streams -> konigtv.com/player_api.php
2026-01-30 08:25:28.046 20176-20434 XtreamApiClient         com.fishit.player.v2                 D  StreamingFetch: Success for konigtv.com/player_api.php, streaming response
2026-01-30 08:25:28.055 20176-20436 XtreamApiClient         com.fishit.player.v2                 D  StreamingFetch: Success for konigtv.com/player_api.php, streaming response
2026-01-30 08:25:28.111 20176-20434 XtreamApiClient         com.fishit.player.v2                 D  streamContentInBatches(get_live_streams): 0 items without category_id (fallback)
2026-01-30 08:25:28.115 20176-20416 XtreamCatalogPipeline   com.fishit.player.v2                 D  [LIVE] Scan complete: 0 channels
2026-01-30 08:25:28.116 20176-20416 XTC                     com.fishit.player.v2                 I  Phase complete: LIVE | items=0 | duration=908ms | rate=0 items/sec
2026-01-30 08:25:28.172 20176-20436 XtreamApiClient         com.fishit.player.v2                 D  buildPlayerApiUrl: action=get_series -> konigtv.com/player_api.php
2026-01-30 08:25:28.412 20176-20436 XtreamApiClient         com.fishit.player.v2                 D  StreamingFetch: Success for konigtv.com/player_api.php, streaming response
2026-01-30 08:25:28.543 20176-20436 XtreamApiClient         com.fishit.player.v2                 D  streamContentInBatches(get_series): 0 items without category_id (fallback)
2026-01-30 08:25:28.546 20176-20416 XtreamCatalogPipeline   com.fishit.player.v2                 D  [SERIES] Scan complete: 0 items
2026-01-30 08:25:28.548 20176-20416 XTC                     com.fishit.player.v2                 I  Phase complete: SERIES | items=0 | duration=1338ms | rate=0 items/sec
2026-01-30 08:25:28.711 20176-20849 XtreamApiClient         com.fishit.player.v2                 D  StreamingFetch: Success for konigtv.com/player_api.php, streaming response
2026-01-30 08:25:28.825 20176-20849 XtreamApiClient         com.fishit.player.v2                 D  buildPlayerApiUrl: action=get_movie_streams -> konigtv.com/player_api.php
2026-01-30 08:25:28.839 20176-20860 TrafficStats            com.fishit.player.v2                 D  tagSocket(123) with statsTag=0xffffffff, statsUid=-1
2026-01-30 08:25:29.006 20176-20849 XtreamApiClient         com.fishit.player.v2                 D  StreamingFetch: Success for konigtv.com/player_api.php, streaming response
2026-01-30 08:25:29.017 20176-20849 XtreamApiClient         com.fishit.player.v2                 D  buildPlayerApiUrl: action=get_movies_streams -> konigtv.com/player_api.php
2026-01-30 08:25:29.139 20176-20849 XtreamApiClient         com.fishit.player.v2                 D  StreamingFetch: Success for konigtv.com/player_api.php, streaming response
2026-01-30 08:25:29.149 20176-20849 XtreamApiClient         com.fishit.player.v2                 D  buildPlayerApiUrl: action=get_vod_streams -> konigtv.com/player_api.php
2026-01-30 08:25:30.517 20176-20849 XtreamApiClient         com.fishit.player.v2                 D  StreamingFetch: Success for konigtv.com/player_api.php, streaming response
2026-01-30 08:25:30.627 20176-20849 XtreamApiClient         com.fishit.player.v2                 D  buildPlayerApiUrl: action=get_movie_streams -> konigtv.com/player_api.php
2026-01-30 08:25:30.641 20176-20860 TrafficStats            com.fishit.player.v2                 D  tagSocket(123) with statsTag=0xffffffff, statsUid=-1
2026-01-30 08:25:30.821 20176-20849 XtreamApiClient         com.fishit.player.v2                 D  StreamingFetch: Success for konigtv.com/player_api.php, streaming response
2026-01-30 08:25:30.827 20176-20849 XtreamApiClient         com.fishit.player.v2                 D  buildPlayerApiUrl: action=get_movies_streams -> konigtv.com/player_api.php
2026-01-30 08:25:30.946 20176-20849 XtreamApiClient         com.fishit.player.v2                 D  StreamingFetch: Success for konigtv.com/player_api.php, streaming response
2026-01-30 08:25:30.954 20176-20849 XtreamApiClient         com.fishit.player.v2                 D  buildPlayerApiUrl: action=get_vod_streams -> konigtv.com/player_api.php
2026-01-30 08:25:31.731 20176-20416 CatalogSyncBootstrap    com.fishit.player.v2                 I  Catalog sync bootstrap triggered; activeSources=[XTREAM]
2026-01-30 08:25:31.732 20176-20416 CatalogSyncScheduler    com.fishit.player.v2                 D  Enqueueing AUTO sync
2026-01-30 08:25:31.740 20176-20416 CatalogSyncScheduler    com.fishit.player.v2                 D  Scheduling periodic incremental sync every 2 hours
2026-01-30 08:25:31.750 20176-20416 CatalogSyncScheduler    com.fishit.player.v2                 I  Periodic incremental sync scheduled: every 2 hours
2026-01-30 08:25:31.752 20176-20416 CatalogSyncBootstrap    com.fishit.player.v2                 I  Periodic incremental sync scheduled: every 2h
2026-01-30 08:25:31.753 20176-20490 WM-SystemJobScheduler   com.fishit.player.v2                 D  Scheduling work ID f844f225-fd1a-43bc-a8d0-69df55c2049bJob ID 3
2026-01-30 08:25:31.760 20176-20490 WM-GreedyScheduler      com.fishit.player.v2                 D  Starting work for f844f225-fd1a-43bc-a8d0-69df55c2049b
2026-01-30 08:25:31.760 20176-20176 WM-SystemJobService     com.fishit.player.v2                 D  onStartJob for WorkGenerationalId(workSpecId=f844f225-fd1a-43bc-a8d0-69df55c2049b, generation=0)
2026-01-30 08:25:31.781 20176-20490 WM-SystemJobScheduler   com.fishit.player.v2                 D  Scheduling work ID cb159034-e17e-4810-b68b-a36bf6c0cfcdJob ID 4
2026-01-30 08:25:31.792 20176-20490 WM-GreedyScheduler      com.fishit.player.v2                 D  Starting tracking for cb159034-e17e-4810-b68b-a36bf6c0cfcd
2026-01-30 08:25:31.796 20176-20490 WM-Processor            com.fishit.player.v2                 D  Processor: processing WorkGenerationalId(workSpecId=f844f225-fd1a-43bc-a8d0-69df55c2049b, generation=0)
2026-01-30 08:25:31.799 20176-20490 WM-Processor            com.fishit.player.v2                 D  Work WorkGenerationalId(workSpecId=f844f225-fd1a-43bc-a8d0-69df55c2049b, generation=0) is already enqueued for processing
2026-01-30 08:25:31.804 20176-20176 WM-SystemJobService     com.fishit.player.v2                 D  onStartJob for WorkGenerationalId(workSpecId=cb159034-e17e-4810-b68b-a36bf6c0cfcd, generation=0)
2026-01-30 08:25:31.811 20176-20176 WM-WorkerWrapper        com.fishit.player.v2                 D  Starting work for com.fishit.player.v2.work.CatalogSyncOrchestratorWorker
2026-01-30 08:25:31.811 20176-20416 CatalogSyn...atorWorker com.fishit.player.v2                 I  START sync_run_id=88607c06-ee72-44dd-8a4d-ca4d6604a85a mode=auto
2026-01-30 08:25:31.815 20176-20490 WM-Processor            com.fishit.player.v2                 D  Processor: processing WorkGenerationalId(workSpecId=cb159034-e17e-4810-b68b-a36bf6c0cfcd, generation=0)
2026-01-30 08:25:31.816 20176-20416 RuntimeGuards           com.fishit.player.v2                 D  Manual sync (auto) - skipping battery guard (level=83%)
2026-01-30 08:25:31.818 20176-20416 CatalogSyn...atorWorker com.fishit.player.v2                 I  Active sources check: [XTREAM] (isEmpty=false)
2026-01-30 08:25:31.820 20176-20416 CatalogSyn...atorWorker com.fishit.player.v2                 D  Active sources: [XTREAM] (TELEGRAM=false, XTREAM=true, IO=false)
2026-01-30 08:25:31.826 20176-20176 WM-WorkerWrapper        com.fishit.player.v2                 D  Starting work for com.fishit.player.v2.work.CatalogSyncOrchestratorWorker
2026-01-30 08:25:31.826 20176-20416 CatalogSyn...atorWorker com.fishit.player.v2                 D  Enqueued Xtream chain: work_name=catalog_sync_global_xtream policy=KEEP workers=2
2026-01-30 08:25:31.827 20176-20436 CatalogSyn...atorWorker com.fishit.player.v2                 I  START sync_run_id=periodic_1769757931744 mode=incremental
2026-01-30 08:25:31.828 20176-20416 CatalogSyn...atorWorker com.fishit.player.v2                 D  Telegram not in active sources - skipping Telegram workers
2026-01-30 08:25:31.829 20176-20436 RuntimeGuards           com.fishit.player.v2                 D  Manual sync (incremental) - skipping battery guard (level=83%)
2026-01-30 08:25:31.829 20176-20436 CatalogSyn...atorWorker com.fishit.player.v2                 I  Active sources check: [XTREAM] (isEmpty=false)
2026-01-30 08:25:31.830 20176-20436 CatalogSyn...atorWorker com.fishit.player.v2                 D  Active sources: [XTREAM] (TELEGRAM=false, XTREAM=true, IO=false)
2026-01-30 08:25:31.830 20176-20416 CatalogSyn...atorWorker com.fishit.player.v2                 D  📊 WorkInfo chains enqueued:
                                                                                                      [XTREAM] work_name=catalog_sync_global_xtream → ENQUEUED
                                                                                                      Use 'adb shell dumpsys jobscheduler' or WorkManager Inspector for detailed state
2026-01-30 08:25:31.832 20176-20416 CatalogSyn...atorWorker com.fishit.player.v2                 I  CHAINS_ENQUEUED duration_ms=20 policy=KEEP sources=XTREAM (downstream workers will report completion)
2026-01-30 08:25:31.832 20176-20436 CatalogSyn...atorWorker com.fishit.player.v2                 D  Enqueued Xtream chain: work_name=catalog_sync_global_xtream policy=KEEP workers=2
2026-01-30 08:25:31.832 20176-20436 CatalogSyn...atorWorker com.fishit.player.v2                 D  Telegram not in active sources - skipping Telegram workers
2026-01-30 08:25:31.833 20176-20436 CatalogSyn...atorWorker com.fishit.player.v2                 D  📊 WorkInfo chains enqueued:
                                                                                                      [XTREAM] work_name=catalog_sync_global_xtream → ENQUEUED
                                                                                                      Use 'adb shell dumpsys jobscheduler' or WorkManager Inspector for detailed state
2026-01-30 08:25:31.833 20176-20436 CatalogSyn...atorWorker com.fishit.player.v2                 I  CHAINS_ENQUEUED duration_ms=7 policy=KEEP sources=XTREAM (downstream workers will report completion)
2026-01-30 08:25:31.835 20176-20491 WM-ConstraintTracker    com.fishit.player.v2                 D  BatteryNotLowTracker: initial state = true
2026-01-30 08:25:31.835 20176-20491 WM-BrdcstRcvrCnstrntTrc com.fishit.player.v2                 D  BatteryNotLowTracker: registering receiver
2026-01-30 08:25:31.848 20176-20491 WM-ConstraintTracker    com.fishit.player.v2                 D  NetworkStateTracker24: initial state = NetworkState(isConnected=true, isValidated=true, isMetered=true, isNotRoaming=true)
2026-01-30 08:25:31.849 20176-20491 WM-NetworkStateTracker  com.fishit.player.v2                 D  Registering network callback
2026-01-30 08:25:31.852 20176-20491 ConnectivityManager     com.fishit.player.v2                 D  StackLog: [android.net.ConnectivityManager.sendRequestForNetwork(ConnectivityManager.java:4402)] [android.net.ConnectivityManager.registerDefaultNetworkCallbackForUid(ConnectivityManager.java:4966)] [android.net.ConnectivityManager.registerDefaultNetworkCallback(ConnectivityManager.java:4933)] [android.net.ConnectivityManager.registerDefaultNetworkCallback(ConnectivityManager.java:4907)] [androidx.work.impl.utils.NetworkApi24.registerDefaultNetworkCallbackCompat(NetworkApi24.kt:26)] [androidx.work.impl.constraints.trackers.NetworkStateTracker24.startTracking(NetworkStateTracker.kt:165)] [androidx.work.impl.constraints.trackers.ConstraintTracker.addListener(ConstraintTracker.kt:52)] [androidx.work.impl.constraints.controllers.BaseConstraintController$track$1.invokeSuspend(ContraintControllers.kt:62)] [androidx.work.impl.constraints.controllers.BaseConstraintController$track$1.invoke(Unknown Source:8)] [androidx.work.impl.constraints.controllers.BaseConstraintController$track$1.invoke(Unknown Source:4)] [kotlinx.coroutines.flow.ChannelFlowBuilder.collectTo$suspendImpl(Builders.kt:316)] [kotlinx.coroutines.flow.ChannelFlowBuilder.collectTo(Unknown Source:0)] [kotlinx.coroutines.flow.CallbackFlowBuilder.collectTo(Builders.kt:330)] [kotlinx.coroutines.flow.internal.ChannelFlow$collectToFun$1.invokeSuspend(ChannelFlow.kt:56)] [kotlin.coroutines.jvm.internal.BaseContinuationImpl.resumeWith(ContinuationImpl.kt:34)] [kotlinx.coroutines.DispatchedTask.run(DispatchedTask.kt:100)] [androidx.work.impl.utils.SerialExecutorImpl$Task.run(SerialExecutorImpl.java:96)] [java.util.concurrent.ThreadPoolExecutor.runWorker(ThreadPoolExecutor.java:1145)] [java.util.concurrent.ThreadPoolExecutor$Worker.run(ThreadPoolExecutor.java:644)] [java.lang.Thread.run(Thread.java:1012)]
2026-01-30 08:25:31.862 20176-20885 WM-NetworkStateTracker  com.fishit.player.v2                 D  Network capabilities changed: [ Transports: CELLULAR Capabilities: SUPL&INTERNET&NOT_RESTRICTED&TRUSTED&NOT_VPN&VALIDATED&NOT_ROAMING&FOREGROUND&NOT_CONGESTED&NOT_SUSPENDED&NOT_VCN_MANAGED LinkUpBandwidth>=38374Kbps LinkDnBandwidth>=60607Kbps Specifier: <TelephonyNetworkSpecifier [mSubId = 1]> SubscriptionIds: {1} UnderlyingNetworks: Null]
2026-01-30 08:25:31.868 20176-20489 WM-EnqueueRunnable      com.fishit.player.v2                 E  Prerequisite 03a4046b-505c-4596-b9d1-7be2698df640 doesn't exist; not enqueuing
2026-01-30 08:25:31.872 20176-20489 WM-EnqueueRunnable      com.fishit.player.v2                 E  Prerequisite f0e7a046-10e1-47d3-81ef-75fd2dc0988d doesn't exist; not enqueuing
2026-01-30 08:25:31.878 20176-20489 WM-WorkerWrapper        com.fishit.player.v2                 I  Worker result SUCCESS for Work [ id=f844f225-fd1a-43bc-a8d0-69df55c2049b, tags={ com.fishit.player.v2.work.CatalogSyncOrchestratorWorker,catalog_sync,mode_auto,worker/CatalogSyncOrchestratorWorker } ]
2026-01-30 08:25:31.881 20176-20176 WM-Processor            com.fishit.player.v2                 D  Processor f844f225-fd1a-43bc-a8d0-69df55c2049b executed; reschedule = false
2026-01-30 08:25:31.882 20176-20491 WM-WorkerWrapper        com.fishit.player.v2                 I  Worker result SUCCESS for Work [ id=cb159034-e17e-4810-b68b-a36bf6c0cfcd, tags={ com.fishit.player.v2.work.CatalogSyncOrchestratorWorker,catalog_sync,mode_incremental,worker/CatalogSyncOrchestratorWorker } ]
2026-01-30 08:25:31.886 20176-20176 WM-SystemJobService     com.fishit.player.v2                 D  f844f225-fd1a-43bc-a8d0-69df55c2049b executed on JobScheduler
2026-01-30 08:25:31.891 20176-20176 WM-Processor            com.fishit.player.v2                 D  Processor cb159034-e17e-4810-b68b-a36bf6c0cfcd executed; reschedule = false
2026-01-30 08:25:31.892 20176-20176 WM-GreedyScheduler      com.fishit.player.v2                 D  Stopping tracking for WorkGenerationalId(workSpecId=cb159034-e17e-4810-b68b-a36bf6c0cfcd, generation=0)
2026-01-30 08:25:31.893 20176-20176 WM-SystemJobService     com.fishit.player.v2                 D  cb159034-e17e-4810-b68b-a36bf6c0cfcd executed on JobScheduler
2026-01-30 08:25:31.894 20176-20491 WM-GreedyScheduler      com.fishit.player.v2                 D  Cancelling work ID f844f225-fd1a-43bc-a8d0-69df55c2049b
2026-01-30 08:25:31.902 20176-20491 WM-SystemJobScheduler   com.fishit.player.v2                 D  Scheduling work ID cb159034-e17e-4810-b68b-a36bf6c0cfcdJob ID 4
2026-01-30 08:25:31.943 20176-20491 WM-GreedyScheduler      com.fishit.player.v2                 D  Cancelling work ID cb159034-e17e-4810-b68b-a36bf6c0cfcd
2026-01-30 08:25:31.949 20176-20491 WM-BrdcstRcvrCnstrntTrc com.fishit.player.v2                 D  BatteryNotLowTracker: unregistering receiver
2026-01-30 08:25:31.953 20176-20491 WM-NetworkStateTracker  com.fishit.player.v2                 D  Unregistering network callback
