2026-01-30 14:29:47.791 24187-24187 InsetsController        com.fishit.player.v2                 I  onStateChanged: host=com.fishit.player.v2/com.fishit.player.v2.MainActivity, from=android.view.ViewRootImpl$ViewRootHandler.handleMessageImpl:7196, state=InsetsState: {mDisplayFrame=Rect(0, 0 - 1080, 2400), mDisplayCutout=DisplayCutout{insets=Rect(0, 80 - 0, 0) waterfall=Insets{left=0, top=0, right=0, bottom=0} boundingRect={Bounds=[Rect(0, 0 - 0, 0), Rect(510, 0 - 570, 80), Rect(0, 0 - 0, 0), Rect(0, 0 - 0, 0)]} cutoutPathParserInfo={CutoutPathParserInfo{displayWidth=1080 displayHeight=2400 physicalDisplayWidth=1080 physicalDisplayHeight=2400 density={3.0} cutoutSpec={M 0,0 H -10 V 26.66666666666667 H 10 V 0 H 0 Z @dp} rotation={0} scale={1.0} physicalPixelDisplaySizeRatio={1.0}}}}, mRoundedCorners=RoundedCorners{[RoundedCorner{position=TopLeft, radius=90, center=Point(90, 90)}, RoundedCorner{position=TopRight, radius=90, center=Point(990, 90)}, RoundedCorner{position=BottomRight, radius=90, center=Point(990, 2310)}, RoundedCorner{position=BottomLeft, radius=90, center=Point(90, 2310)}]}  mRoundedCornerFrame=Rect(0, 0 - 1080, 2400), mPrivacyIndicatorBounds=PrivacyIndicatorBounds {static bounds=Rect(948, 0 - 1080, 80) rotation=0}, mDisplayShape=DisplayShape{ spec=-311912193 displayWidth=1080 displayHeight=2400 physicalPixelDisplaySizeRatio=1.0 rotation=0 offsetX=0 offsetY=0 scale=1.0}, mSources= { InsetsSource: {3 mType=ime mFrame=[0,0][0,0] mVisible=false mFlags=[]}, InsetsSource: {27 mType=displayCutout mFrame=[0,0][1080,80] mVisible=true mFlags=[]}, InsetsSource: {24df0000 mType=statusBars mFrame=[0,0][1080,80] mVisible=true mFlags=[]}, InsetsSource: {24df0005 mType=mandatorySystemGestures mFrame=[0,0][1080,116] mVisible=true mFlags=[]}, InsetsSource: {24df0006 mType=tappableElement mFrame=[0,0][1080,80] mVisible=true mFlags=[]}, InsetsSource: {68b60001 mType=navigationBars mFrame=[0,2256][1080,2400] mVisible=true mFlags=[]}, InsetsSource: {68b60004 mType=systemGestures mFrame=[0,0][0,0] mVisible=true mFlags=[]}, InsetsSource: {68b60005 mType=mandatorySystemGestures mFrame=[0,2256][1080,2400] mVisible=true mFlags=[]}, InsetsSource: {68b60006 mType=tappableElement mFrame=[0,2256][1080,2400] mVisible=true mFlags=[]}, InsetsSource: {68b60024 mType=systemGestures mFrame=[0,0][0,0] mVisible=true mFlags=[]} }
2026-01-30 14:29:47.792 24187-24187 ViewRootIm...nActivity] com.fishit.player.v2                 I  handleResized, msg = 4 frames=ClientWindowFrames{frame=[0,0][1080,2400] display=[0,0][1080,2400] parentFrame=[0,0][0,0]} forceNextWindowRelayout=false displayId=0 dragResizing=false compatScale=1.0 frameChanged=false attachedFrameChanged=false configChanged=false displayChanged=false compatScaleChanged=false
2026-01-30 14:29:47.844 24187-24361 XtreamApiClient         com.fishit.player.v2                 D  NetworkProbe: HTTP 200 for konigtv.com/player_api.php | bytes=315 contentType=application/json
2026-01-30 14:29:47.850 24187-24361 XtreamApiClient         com.fishit.player.v2                 D  NetworkProbe: Manually decompressed gzip body for konigtv.com/player_api.php | original=315 decompressed=458
2026-01-30 14:29:48.061 24187-24266 XtreamApiClient         com.fishit.player.v2                 D  NetworkProbe: HTTP 200 for konigtv.com/player_api.php | bytes=321 contentType=application/json
2026-01-30 14:29:48.064 24187-24266 XtreamApiClient         com.fishit.player.v2                 D  NetworkProbe: Manually decompressed gzip body for konigtv.com/player_api.php | original=321 decompressed=458
2026-01-30 14:29:48.067 24187-24265 XtreamApiClient         com.fishit.player.v2                 D  NetworkProbe: HTTP 200 for konigtv.com/player_api.php | bytes=1752 contentType=application/json
2026-01-30 14:29:48.093 24187-24265 XtreamApiClient         com.fishit.player.v2                 D  NetworkProbe: Manually decompressed gzip body for konigtv.com/player_api.php | original=1752 decompressed=11946
2026-01-30 14:29:48.159 24187-24362 XtreamApiClient         com.fishit.player.v2                 D  NetworkProbe: HTTP 200 for konigtv.com/player_api.php | bytes=260144 contentType=application/json
2026-01-30 14:29:48.178 24187-24361 XtreamApiClient         com.fishit.player.v2                 D  NetworkProbe: HTTP 200 for konigtv.com/player_api.php | bytes=1557 contentType=application/json
2026-01-30 14:29:48.216 24187-24256 XtreamApiClient         com.fishit.player.v2                 D  NetworkProbe: HTTP 200 for konigtv.com/player_api.php | bytes=2043405 contentType=application/json
2026-01-30 14:29:48.228 24187-24361 XtreamApiClient         com.fishit.player.v2                 D  NetworkProbe: Manually decompressed gzip body for konigtv.com/player_api.php | original=1557 decompressed=10494
2026-01-30 14:29:48.291 24187-24266 XtreamApiClient         com.fishit.player.v2                 D  buildPlayerApiUrl: action=get_short_epg -> konigtv.com/player_api.php
2026-01-30 14:29:48.296 24187-24203 InputTransport          com.fishit.player.v2                 D  Input channel destroyed: 'ClientS', fd=141
2026-01-30 14:29:48.296 24187-24203 InputTransport          com.fishit.player.v2                 D  Input channel destroyed: 'ClientS', fd=146
2026-01-30 14:29:48.305 24187-24203 InputTransport          com.fishit.player.v2                 D  Input channel destroyed: 'ClientS', fd=151
2026-01-30 14:29:48.310 24187-24204 System                  com.fishit.player.v2                 W  A resource failed to call release.
2026-01-30 14:29:48.335 24187-24362 XtreamApiClient         com.fishit.player.v2                 D  NetworkProbe: Manually decompressed gzip body for konigtv.com/player_api.php | original=260144 decompressed=3288108
2026-01-30 14:29:48.508 24187-24266 XtreamApiClient         com.fishit.player.v2                 D  NetworkProbe: HTTP 200 for konigtv.com/player_api.php | bytes=39 contentType=application/json
2026-01-30 14:29:48.512 24187-24266 XtreamApiClient         com.fishit.player.v2                 D  NetworkProbe: Manually decompressed gzip body for konigtv.com/player_api.php | original=39 decompressed=19
2026-01-30 14:29:48.539 24187-24256 XtreamApiClient         com.fishit.player.v2                 D  NetworkProbe: Manually decompressed gzip body for konigtv.com/player_api.php | original=2043405 decompressed=6215313
2026-01-30 14:29:49.137 24187-24202 ishit.player.v2         com.fishit.player.v2                 I  Background young concurrent copying GC freed 7439(484KB) AllocSpace objects, 0(0B) LOS objects, 0% free, 42MB/42MB, paused 75us,72us total 100.090ms
2026-01-30 14:29:49.245 24187-24202 ishit.player.v2         com.fishit.player.v2                 I  Background concurrent copying GC freed 4706(208KB) AllocSpace objects, 0(0B) LOS objects, 33% free, 48MB/72MB, paused 74us,103us total 108.790ms
2026-01-30 14:29:49.428 24187-24256 XtreamApiClient         com.fishit.player.v2                 D  buildPlayerApiUrl: action=null -> konigtv.com/player_api.php
2026-01-30 14:29:49.431 24187-24256 XtreamApiClient         com.fishit.player.v2                 D  getServerInfo: Fetching from konigtv.com/player_api.php
2026-01-30 14:29:49.528 24187-24256 XtreamApiClient         com.fishit.player.v2                 D  NetworkProbe: HTTP 200 for konigtv.com/player_api.php | bytes=321 contentType=application/json
2026-01-30 14:29:49.531 24187-24256 XtreamApiClient         com.fishit.player.v2                 D  NetworkProbe: Manually decompressed gzip body for konigtv.com/player_api.php | original=321 decompressed=458
2026-01-30 14:29:49.533 24187-24256 XtreamApiClient         com.fishit.player.v2                 D  getServerInfo: Received 458 bytes, parsing...
2026-01-30 14:29:49.547 24187-24256 XtreamApiClient         com.fishit.player.v2                 D  Server info retrieved: konigtv.com
2026-01-30 14:29:49.550 24187-24266 XtreamAuthRepoAdapter   com.fishit.player.v2                 D  connectionState -> Connected(baseUrl=http://konigtv.com:8080, latencyMs=2324) | domain=Connected
2026-01-30 14:29:49.551 24187-24187 XtreamAuthRepoAdapter   com.fishit.player.v2                 D  initialize: API client initialized successfully with capabilities: http://konigtv.com:8080
2026-01-30 14:29:49.551 24187-24266 XtreamAuthRepoAdapter   com.fishit.player.v2                 D  authState -> Authenticated(userInfo=XtreamUserInfo(username=Christoph10, status=ACTIVE, expDateEpoch=1797326326, maxConnections=1, activeConnections=0, isTrial=false, allowedFormats=[m3u8, ts], createdAt=1757512912, message=Welcome)) | domain=Authenticated
2026-01-30 14:29:49.571 24187-24264 SourceActi...onObserver com.fishit.player.v2                 I  Active sources changed: [XTREAM] → enqueuing auto sync
2026-01-30 14:29:49.571 24187-24365 CatalogSyncBootstrap    com.fishit.player.v2                 D  Source activation check: activeSources=[XTREAM], hasActive=true
2026-01-30 14:29:49.571 24187-24264 CatalogSyncScheduler    com.fishit.player.v2                 D  Enqueueing AUTO sync
2026-01-30 14:29:49.572 24187-24266 SourceActivationStore   com.fishit.player.v2                 D  Loaded state from DataStore: SourceActivationSnapshot(xtream=Active, telegram=Inactive, io=Inactive)
2026-01-30 14:29:49.620 24187-24288 Compatibil...geReporter com.fishit.player.v2                 D  Compat change id reported: 194532703; UID 10494; state: ENABLED
2026-01-30 14:29:49.621 24187-24288 Compatibil...geReporter com.fishit.player.v2                 D  Compat change id reported: 253665015; UID 10494; state: ENABLED
2026-01-30 14:29:49.621 24187-24288 WM-SystemJobScheduler   com.fishit.player.v2                 D  Scheduling work ID 246791c0-0bf8-4aaa-9edc-f9dd17b36b5aJob ID 0
2026-01-30 14:29:49.635 24187-24288 WM-GreedyScheduler      com.fishit.player.v2                 D  Starting work for 246791c0-0bf8-4aaa-9edc-f9dd17b36b5a
2026-01-30 14:29:49.647 24187-24287 WM-Processor            com.fishit.player.v2                 D  Processor: processing WorkGenerationalId(workSpecId=246791c0-0bf8-4aaa-9edc-f9dd17b36b5a, generation=0)
2026-01-30 14:29:49.654 24187-24287 Compatibil...geReporter com.fishit.player.v2                 D  Compat change id reported: 263076149; UID 10494; state: ENABLED
2026-01-30 14:29:49.654 24187-24187 SourceActivationStore   com.fishit.player.v2                 I  Source activation changed: XTREAM -> Active
2026-01-30 14:29:49.655 24187-24187 XtreamAuthRepoAdapter   com.fishit.player.v2                 I  initialize: XTREAM source activated
2026-01-30 14:29:49.656 24187-24187 OnboardingViewModel     com.fishit.player.v2                 D  connectXtream: Initialize succeeded, saving credentials
2026-01-30 14:29:49.672 24187-24264 XtreamCredStore         com.fishit.player.v2                 I  Stored credentials: scheme=http, host=konigtv.com, port=8080
2026-01-30 14:29:49.672 24187-24287 WM-PackageManagerHelper com.fishit.player.v2                 D  androidx.work.impl.background.systemalarm.RescheduleReceiver enabled
2026-01-30 14:29:49.687 24187-24187 WM-WorkerWrapper        com.fishit.player.v2                 D  Starting work for com.fishit.player.v2.work.CatalogSyncOrchestratorWorker
2026-01-30 14:29:49.689 24187-24264 CatalogSyn...atorWorker com.fishit.player.v2                 I  START sync_run_id=7ebe8243-c9ad-4d04-bce8-d27bc67ce265 mode=auto
2026-01-30 14:29:49.693 24187-24264 RuntimeGuards           com.fishit.player.v2                 D  Manual sync (auto) - skipping battery guard (level=89%)
2026-01-30 14:29:49.694 24187-24264 CatalogSyn...atorWorker com.fishit.player.v2                 I  Active sources check: [XTREAM] (isEmpty=false)
2026-01-30 14:29:49.694 24187-24264 CatalogSyn...atorWorker com.fishit.player.v2                 D  Active sources: [XTREAM] (TELEGRAM=false, XTREAM=true, IO=false)
2026-01-30 14:29:49.695 24187-24187 WM-SystemJobService     com.fishit.player.v2                 D  onStartJob for WorkGenerationalId(workSpecId=246791c0-0bf8-4aaa-9edc-f9dd17b36b5a, generation=0)
2026-01-30 14:29:49.697 24187-24264 CatalogSyn...atorWorker com.fishit.player.v2                 D  Enqueued Xtream chain: work_name=catalog_sync_global_xtream policy=KEEP workers=2
2026-01-30 14:29:49.698 24187-24264 CatalogSyn...atorWorker com.fishit.player.v2                 D  Telegram not in active sources - skipping Telegram workers
2026-01-30 14:29:49.698 24187-24264 CatalogSyn...atorWorker com.fishit.player.v2                 D  📊 WorkInfo chains enqueued:
                                                                                                      [XTREAM] work_name=catalog_sync_global_xtream → ENQUEUED
                                                                                                      Use 'adb shell dumpsys jobscheduler' or WorkManager Inspector for detailed state
2026-01-30 14:29:49.698 24187-24275 WM-Processor            com.fishit.player.v2                 D  Work WorkGenerationalId(workSpecId=246791c0-0bf8-4aaa-9edc-f9dd17b36b5a, generation=0) is already enqueued for processing
2026-01-30 14:29:49.699 24187-24264 CatalogSyn...atorWorker com.fishit.player.v2                 I  CHAINS_ENQUEUED duration_ms=11 policy=KEEP sources=XTREAM (downstream workers will report completion)
2026-01-30 14:29:49.716 24187-24275 WM-SystemJobScheduler   com.fishit.player.v2                 D  Scheduling work ID 9c44dfbb-db71-44a8-9732-f0f4e2960d3aJob ID 1
2026-01-30 14:29:49.720 24187-24187 WM-SystemJobService     com.fishit.player.v2                 D  onStartJob for WorkGenerationalId(workSpecId=9c44dfbb-db71-44a8-9732-f0f4e2960d3a, generation=0)
2026-01-30 14:29:49.720 24187-24275 WM-GreedyScheduler      com.fishit.player.v2                 D  Starting work for 9c44dfbb-db71-44a8-9732-f0f4e2960d3a
2026-01-30 14:29:49.724 24187-24275 WM-WorkerWrapper        com.fishit.player.v2                 I  Worker result SUCCESS for Work [ id=246791c0-0bf8-4aaa-9edc-f9dd17b36b5a, tags={ com.fishit.player.v2.work.CatalogSyncOrchestratorWorker,catalog_sync,mode_auto,worker/CatalogSyncOrchestratorWorker } ]
2026-01-30 14:29:49.726 24187-24187 WM-Processor            com.fishit.player.v2                 D  Processor 246791c0-0bf8-4aaa-9edc-f9dd17b36b5a executed; reschedule = false
2026-01-30 14:29:49.726 24187-24187 WM-SystemJobService     com.fishit.player.v2                 D  246791c0-0bf8-4aaa-9edc-f9dd17b36b5a executed on JobScheduler
2026-01-30 14:29:49.729 24187-24275 WM-Processor            com.fishit.player.v2                 D  Processor: processing WorkGenerationalId(workSpecId=9c44dfbb-db71-44a8-9732-f0f4e2960d3a, generation=0)
2026-01-30 14:29:49.731 24187-24275 WM-Processor            com.fishit.player.v2                 D  Work WorkGenerationalId(workSpecId=9c44dfbb-db71-44a8-9732-f0f4e2960d3a, generation=0) is already enqueued for processing
2026-01-30 14:29:49.735 24187-24275 WM-GreedyScheduler      com.fishit.player.v2                 D  Cancelling work ID 246791c0-0bf8-4aaa-9edc-f9dd17b36b5a
2026-01-30 14:29:49.745 24187-24187 WM-WorkerWrapper        com.fishit.player.v2                 D  Starting work for com.fishit.player.v2.work.XtreamPreflightWorker
2026-01-30 14:29:49.746 24187-24264 XtreamPreflightWorker   com.fishit.player.v2                 I  START sync_run_id=7ebe8243-c9ad-4d04-bce8-d27bc67ce265 mode=auto source=XTREAM attempt=0/5
2026-01-30 14:29:49.749 24187-24264 RuntimeGuards           com.fishit.player.v2                 D  Manual sync (auto) - skipping battery guard (level=89%)
2026-01-30 14:29:49.749 24187-24264 XtreamPreflightWorker   com.fishit.player.v2                 I  SUCCESS duration_ms=3 (credentials valid)
2026-01-30 14:29:49.756 24187-24289 WM-WorkerWrapper        com.fishit.player.v2                 I  Worker result SUCCESS for Work [ id=9c44dfbb-db71-44a8-9732-f0f4e2960d3a, tags={ com.fishit.player.v2.work.XtreamPreflightWorker,catalog_sync,source_xtream,worker/XtreamPreflightWorker } ]
2026-01-30 14:29:49.763 24187-24289 WM-WorkerWrapper        com.fishit.player.v2                 I  Setting status to enqueued for ad015eab-67e5-40a6-91da-338662f29370
2026-01-30 14:29:49.766 24187-24187 WM-Processor            com.fishit.player.v2                 D  Processor 9c44dfbb-db71-44a8-9732-f0f4e2960d3a executed; reschedule = false
2026-01-30 14:29:49.767 24187-24187 WM-SystemJobService     com.fishit.player.v2                 D  9c44dfbb-db71-44a8-9732-f0f4e2960d3a executed on JobScheduler
2026-01-30 14:29:49.772 24187-24289 WM-GreedyScheduler      com.fishit.player.v2                 D  Cancelling work ID 9c44dfbb-db71-44a8-9732-f0f4e2960d3a
2026-01-30 14:29:49.785 24187-24289 WM-SystemJobScheduler   com.fishit.player.v2                 D  Scheduling work ID ad015eab-67e5-40a6-91da-338662f29370Job ID 2
2026-01-30 14:29:49.791 24187-24289 WM-GreedyScheduler      com.fishit.player.v2                 D  Starting work for ad015eab-67e5-40a6-91da-338662f29370
2026-01-30 14:29:49.794 24187-24187 WM-SystemJobService     com.fishit.player.v2                 D  onStartJob for WorkGenerationalId(workSpecId=ad015eab-67e5-40a6-91da-338662f29370, generation=0)
2026-01-30 14:29:49.797 24187-24289 WM-Processor            com.fishit.player.v2                 D  Processor: processing WorkGenerationalId(workSpecId=ad015eab-67e5-40a6-91da-338662f29370, generation=0)
2026-01-30 14:29:49.800 24187-24289 WM-Processor            com.fishit.player.v2                 D  Work WorkGenerationalId(workSpecId=ad015eab-67e5-40a6-91da-338662f29370, generation=0) is already enqueued for processing
2026-01-30 14:29:50.140 24187-24187 WM-WorkerWrapper        com.fishit.player.v2                 D  Starting work for com.fishit.player.v2.work.XtreamCatalogScanWorker
2026-01-30 14:29:50.145 24187-24264 XtreamCatalogScanWorker com.fishit.player.v2                 I  START sync_run_id=7ebe8243-c9ad-4d04-bce8-d27bc67ce265 mode=auto source=XTREAM scope=INCREMENTAL runtimeBudgetMs=900000 checkpoint=xtream|v=2|phase=VOD_LIST|offset=0
2026-01-30 14:29:50.148 24187-24264 RuntimeGuards           com.fishit.player.v2                 D  Manual sync (auto) - skipping battery guard (level=89%)
2026-01-30 14:29:50.149 24187-24264 XtreamCatalogScanWorker com.fishit.player.v2                 D  Catalog sync: includeVod=true includeSeries=true includeEpisodes=false (lazy) includeLive=true scope=INCREMENTAL enhanced=true
2026-01-30 14:29:50.151 24187-24264 XtreamCatalogScanWorker com.fishit.player.v2                 I  Using CHANNEL-BUFFERED sync: buffer=1000, consumers=3 (25-30% faster than enhanced sync)
2026-01-30 14:29:50.153 24187-24361 XtreamCatalogScanWorker com.fishit.player.v2                 D  Channel-buffered catalog sync started
2026-01-30 14:29:50.155 24187-24264 CatalogSyncService      com.fishit.player.v2                 I  Starting channel-buffered Xtream sync: buffer=1000, consumers=3
2026-01-30 14:29:50.160 24187-24256 XtreamCatalogPipeline   com.fishit.player.v2                 I  Starting Xtream catalog scan: vod=true, series=true, episodes=false, live=true
2026-01-30 14:29:50.165 24187-24362 XtreamCatalogPipeline   com.fishit.player.v2                 D  [LIVE] Starting parallel scan (streaming)...
2026-01-30 14:29:50.168 24187-24264 XtreamCatalogPipeline   com.fishit.player.v2                 D  [SERIES] Starting scan (after slot available)...
2026-01-30 14:29:50.172 24187-24362 XtreamApiClient         com.fishit.player.v2                 D  buildPlayerApiUrl: action=get_live_streams -> konigtv.com/player_api.php
2026-01-30 14:29:50.173 24187-24264 XtreamApiClient         com.fishit.player.v2                 D  buildPlayerApiUrl: action=get_series -> konigtv.com/player_api.php
2026-01-30 14:29:50.178 24187-24362 XtreamApiClient         com.fishit.player.v2                 D  streamFromUrl: CALLED for konigtv.com/player_api.php
2026-01-30 14:29:50.178 24187-24264 XtreamApiClient         com.fishit.player.v2                 D  streamFromUrl: CALLED for konigtv.com/player_api.php
2026-01-30 14:29:50.188 24187-24187 ViewRootIm...nActivity] com.fishit.player.v2                 I  ViewPostIme pointer 0
2026-01-30 14:29:50.394 24187-24362 XtreamApiClient         com.fishit.player.v2                 D  StreamingFetch: Detected GZIP for konigtv.com/player_api.php (manual decompression)
2026-01-30 14:29:50.398 24187-24362 XtreamApiClient         com.fishit.player.v2                 D  StreamingFetch: Success for konigtv.com/player_api.php, streaming response
2026-01-30 14:29:50.405 24187-24362 XtreamApiClient         com.fishit.player.v2                 D  streamFromUrl: Starting StreamingJsonParser.streamInBatches() for konigtv.com/player_api.php
2026-01-30 14:29:50.419 24187-24187 ViewRootIm...nActivity] com.fishit.player.v2                 I  ViewPostIme pointer 1
2026-01-30 14:29:50.445 24187-24187 Compatibil...geReporter com.fishit.player.v2                 D  Compat change id reported: 171228096; UID 10494; state: ENABLED
2026-01-30 14:29:50.550 24187-24362 XTC                     com.fishit.player.v2                 D  [LIVE] DTO→Raw #1 | id=xtream:live:81568 | title="DE HEVC" | sourceType=XTREAM | Fields: ✓[poster] ✗[year, plot, cast, director, backdrop, duration, tmdb]
2026-01-30 14:29:50.604 24187-24362 XTC                     com.fishit.player.v2                 D  [LIVE] DTO→Raw #50 | id=xtream:live:71808 | title="DE: Deluxe Music HEVC" | sourceType=XTREAM | Fields: ✓[poster] ✗[year, plot, cast, director, backdrop, duration, tmdb]
2026-01-30 14:29:50.617 24187-24264 XtreamApiClient         com.fishit.player.v2                 D  StreamingFetch: Detected GZIP for konigtv.com/player_api.php (manual decompression)
2026-01-30 14:29:50.620 24187-24264 XtreamApiClient         com.fishit.player.v2                 D  StreamingFetch: Success for konigtv.com/player_api.php, streaming response
2026-01-30 14:29:50.627 24187-24264 XtreamApiClient         com.fishit.player.v2                 D  streamFromUrl: Starting StreamingJsonParser.streamInBatches() for konigtv.com/player_api.php
2026-01-30 14:29:50.688 24187-24266 XtreamCatalogPipeline   com.fishit.player.v2                 D  [VOD] Starting parallel scan (streaming)...
2026-01-30 14:29:50.695 24187-24266 XtreamApiClient         com.fishit.player.v2                 D  buildPlayerApiUrl: action=get_vod_streams -> konigtv.com/player_api.php
2026-01-30 14:29:50.699 24187-24266 XtreamApiClient         com.fishit.player.v2                 D  streamFromUrl: CALLED for konigtv.com/player_api.php
2026-01-30 14:29:50.714 24187-24362 XTC                     com.fishit.player.v2                 D  [LIVE] DTO→Raw #100 | id=xtream:live:49200 | title="DE: Pro 7 Maxx FHD" | sourceType=XTREAM | Fields: ✓[poster] ✗[year, plot, cast, director, backdrop, duration, tmdb]
2026-01-30 14:29:50.778 24187-24362 XTC                     com.fishit.player.v2                 D  [LIVE] DTO→Raw #150 | id=xtream:live:361561 | title="DE: NDR Hamburg" | sourceType=XTREAM | Fields: ✓[poster] ✗[year, plot, cast, director, backdrop, duration, tmdb]
2026-01-30 14:29:50.837 24187-24362 XTC                     com.fishit.player.v2                 D  [LIVE] DTO→Raw #200 | id=xtream:live:197779 | title="DE: QVC STYLE TV" | sourceType=XTREAM | Fields: ✓[poster] ✗[year, plot, cast, director, backdrop, duration, tmdb]
2026-01-30 14:29:50.895 24187-24362 XTC                     com.fishit.player.v2                 D  [LIVE] DTO→Raw #250 | id=xtream:live:67411 | title="DE: Bndliga 7 SD" | sourceType=XTREAM | Fields: ✓[poster] ✗[year, plot, cast, director, backdrop, duration, tmdb]
2026-01-30 14:29:50.932 24187-24264 XTC                     com.fishit.player.v2                 D  [SERIES] DTO→Raw #1 | id=xtream:series:-441 | title="Madam Secretary" | sourceType=XTREAM | Fields: ✓[plot(542c), cast, poster, duration=2700000ms] ✗[year, director, backdrop, tmdb]
2026-01-30 14:29:50.950 24187-24362 XTC                     com.fishit.player.v2                 D  [LIVE] DTO→Raw #300 | id=xtream:live:354423 | title="DE: Bundesliga Tivibu 2 (Türkisch)" | sourceType=XTREAM | Fields: ✓[poster] ✗[year, plot, cast, director, backdrop, duration, tmdb]
2026-01-30 14:29:50.988 24187-24362 XTC                     com.fishit.player.v2                 D  [LIVE] DTO→Raw #350 | id=xtream:live:181819 | title="MyTeam TV - 7" | sourceType=XTREAM | Fields: ✓[poster] ✗[year, plot, cast, director, backdrop, duration, tmdb]
2026-01-30 14:29:50.988 24187-24264 XTC                     com.fishit.player.v2                 D  [SERIES] DTO→Raw #50 | id=xtream:series:365 | title="4 Blocks" | sourceType=XTREAM | Fields: ✓[plot(424c), cast, poster, duration=3000000ms] ✗[year, director, backdrop, tmdb]
2026-01-30 14:29:51.013 24187-24264 XTC                     com.fishit.player.v2                 D  [SERIES] DTO→Raw #100 | id=xtream:series:687 | title="The I-Land" | sourceType=XTREAM | Fields: ✓[plot(471c), cast, poster, duration=2520000ms] ✗[year, director, backdrop, tmdb]
2026-01-30 14:29:51.024 24187-24362 XTC                     com.fishit.player.v2                 D  [LIVE] DTO→Raw #400 | id=xtream:live:795605 | title="DE: DEL2 EVENT 16" | sourceType=XTREAM | Fields: ✓[poster] ✗[year, plot, cast, director, backdrop, duration, tmdb]
2026-01-30 14:29:51.037 24187-24264 XTC                     com.fishit.player.v2                 D  [SERIES] DTO→Raw #150 | id=xtream:series:784 | title="Who Killed Jeffrey Epstein" | sourceType=XTREAM | Fields: ✓[poster] ✗[year, plot, cast, director, backdrop, duration, tmdb]
2026-01-30 14:29:51.059 24187-24362 XTC                     com.fishit.player.v2                 D  [LIVE] DTO→Raw #450 | id=xtream:live:792958 | title="DE: RTL+ SPORT EVENT 17" | sourceType=XTREAM | Fields: ✓[poster] ✗[year, plot, cast, director, backdrop, duration, tmdb]
2026-01-30 14:29:51.061 24187-24264 XTC                     com.fishit.player.v2                 D  [SERIES] DTO→Raw #200 | id=xtream:series:1141 | title="Godless" | sourceType=XTREAM | Fields: ✓[plot(170c), cast, poster, duration=4800000ms] ✗[year, director, backdrop, tmdb]
2026-01-30 14:29:51.095 24187-24362 XTC                     com.fishit.player.v2                 D  [LIVE] DTO→Raw #500 | id=xtream:live:797354 | title="DE: DAZN EVENT 26 HD" | sourceType=XTREAM | Fields: ✓[poster] ✗[year, plot, cast, director, backdrop, duration, tmdb]
2026-01-30 14:29:51.098 24187-24264 XTC                     com.fishit.player.v2                 D  [SERIES] DTO→Raw #250 | id=xtream:series:1344 | title="LOL: Last One Laughing" | sourceType=XTREAM | Fields: ✓[plot(258c), cast, poster] ✗[year, director, backdrop, duration, tmdb]
2026-01-30 14:29:51.099 24187-24258 XtreamCatalogScanWorker com.fishit.player.v2                 D  PROGRESS discovered=747 persisted=0 phase=N/A
2026-01-30 14:29:51.124 24187-24264 XTC                     com.fishit.player.v2                 D  [SERIES] DTO→Raw #300 | id=xtream:series:1475 | title="Panic" | sourceType=XTREAM | Fields: ✓[plot(526c), cast, poster, duration=2700000ms] ✗[year, director, backdrop, tmdb]
2026-01-30 14:29:51.150 24187-24264 XTC                     com.fishit.player.v2                 D  [SERIES] DTO→Raw #350 | id=xtream:series:1604 | title="Monster bei der Arbeit" | sourceType=XTREAM | Fields: ✓[plot(482c), cast, poster, duration=1620000ms] ✗[year, director, backdrop, tmdb]
2026-01-30 14:29:51.180 24187-24264 XTC                     com.fishit.player.v2                 D  [SERIES] DTO→Raw #400 | id=xtream:series:1752 | title="The North Water" | sourceType=XTREAM | Fields: ✓[plot(570c), cast, poster, duration=3600000ms] ✗[year, director, backdrop, tmdb]
2026-01-30 14:29:51.201 24187-24362 XTC                     com.fishit.player.v2                 D  [LIVE] DTO→Raw #550 | id=xtream:live:744166 | title="DE: DYN SPORT 25" | sourceType=XTREAM | Fields: ✓[poster] ✗[year, plot, cast, director, backdrop, duration, tmdb]
2026-01-30 14:29:51.202 24187-24264 XTC                     com.fishit.player.v2                 D  [SERIES] DTO→Raw #450 | id=xtream:series:1972 | title="Tales of Zestiria the X" | sourceType=XTREAM | Fields: ✓[plot(603c), cast, poster, duration=1380000ms] ✗[year, director, backdrop, tmdb]
2026-01-30 14:29:51.223 24187-24264 XTC                     com.fishit.player.v2                 D  [SERIES] DTO→Raw #500 | id=xtream:series:2039 | title="Die Abenteuer des Odysseus" | sourceType=XTREAM | Fields: ✓[plot(841c), cast, poster, duration=5280000ms] ✗[year, director, backdrop, tmdb]
2026-01-30 14:29:51.224 24187-24361 XtreamCatalogScanWorker com.fishit.player.v2                 D  PROGRESS discovered=1087 persisted=0 phase=N/A
2026-01-30 14:29:51.231 24187-24362 XTC                     com.fishit.player.v2                 D  [LIVE] DTO→Raw #600 | id=xtream:live:121760 | title="DE: Spiegel TV Wissen RAW" | sourceType=XTREAM | Fields: ✓[poster] ✗[year, plot, cast, director, backdrop, duration, tmdb]
2026-01-30 14:29:51.234 24187-24254 CatalogSyncService      com.fishit.player.v2                 D  Persisting Xtream catalog batch (NX-ONLY): 400 items (canonical_linking=true)
2026-01-30 14:29:51.264 24187-24361 CatalogSyncService      com.fishit.player.v2                 D  Persisting Xtream catalog batch (NX-ONLY): 400 items (canonical_linking=true)
2026-01-30 14:29:51.269 24187-24362 XTC                     com.fishit.player.v2                 D  [LIVE] DTO→Raw #650 | id=xtream:live:48858 | title="DE: Sky Cinema Highlights FHD" | sourceType=XTREAM | Fields: ✓[poster] ✗[year, plot, cast, director, backdrop, duration, tmdb]
2026-01-30 14:29:51.307 24187-24362 XTC                     com.fishit.player.v2                 D  [LIVE] DTO→Raw #700 | id=xtream:live:733471 | title="DE: 2 BROKE GIRLS" | sourceType=XTREAM | Fields: ✓[poster] ✗[year, plot, cast, director, backdrop, duration, tmdb]
2026-01-30 14:29:51.308 24187-24258 CatalogSyncService      com.fishit.player.v2                 D  Persisting Xtream catalog batch (NX-ONLY): 400 items (canonical_linking=true)
2026-01-30 14:29:51.342 24187-24362 XTC                     com.fishit.player.v2                 D  [LIVE] DTO→Raw #750 | id=xtream:live:749839 | title="DE: EDGAR WALLACE MIX" | sourceType=XTREAM | Fields: ✓[poster] ✗[year, plot, cast, director, backdrop, duration, tmdb]
2026-01-30 14:29:51.378 24187-24362 XTC                     com.fishit.player.v2                 D  [LIVE] DTO→Raw #800 | id=xtream:live:729970 | title="DE: POLICE ACADEMY" | sourceType=XTREAM | Fields: ✓[poster] ✗[year, plot, cast, director, backdrop, duration, tmdb]
2026-01-30 14:29:51.417 24187-24362 XTC                     com.fishit.player.v2                 D  [LIVE] DTO→Raw #850 | id=xtream:live:140923 | title="DE: X-Men HD 24/7" | sourceType=XTREAM | Fields: ✓[poster] ✗[year, plot, cast, director, backdrop, duration, tmdb]
2026-01-30 14:29:51.499 24187-24362 XTC                     com.fishit.player.v2                 D  [LIVE] DTO→Raw #900 | id=xtream:live:364840 | title="DE: TOM HARDY - 24/7" | sourceType=XTREAM | Fields: ✓[poster] ✗[year, plot, cast, director, backdrop, duration, tmdb]
2026-01-30 14:29:51.502 24187-24264 XTC                     com.fishit.player.v2                 D  [SERIES] DTO→Raw #550 | id=xtream:series:2129 | title="Weihnachtsmann & Co. KG" | sourceType=XTREAM | Fields: ✓[plot(468c), cast, poster] ✗[year, director, backdrop, duration, tmdb]
2026-01-30 14:29:51.575 24187-24264 XTC                     com.fishit.player.v2                 D  [SERIES] DTO→Raw #600 | id=xtream:series:2346 | title="Shadow and Bone" | sourceType=XTREAM | Fields: ✓[plot(164c), cast, poster, duration=3120000ms] ✗[year, director, backdrop, tmdb]
2026-01-30 14:29:51.579 24187-24187 ViewRootIm...nActivity] com.fishit.player.v2                 I  ViewPostIme pointer 0
2026-01-30 14:29:51.595 24187-24362 XTC                     com.fishit.player.v2                 D  [LIVE] DTO→Raw #950 | id=xtream:live:140794 | title="DE: See - Reich der Blinden - Premium 24" | sourceType=XTREAM | Fields: ✓[poster] ✗[year, plot, cast, director, backdrop, duration, tmdb]
2026-01-30 14:29:51.642 24187-24264 XTC                     com.fishit.player.v2                 D  [SERIES] DTO→Raw #650 | id=xtream:series:2445 | title="And Just Like That…" | sourceType=XTREAM | Fields: ✓[plot(200c), cast, poster, duration=2640000ms] ✗[year, director, backdrop, tmdb]
2026-01-30 14:29:51.664 24187-24187 ViewRootIm...nActivity] com.fishit.player.v2                 I  ViewPostIme pointer 1
2026-01-30 14:29:51.686 24187-24362 XTC                     com.fishit.player.v2                 D  [LIVE] DTO→Raw #1000 | id=xtream:live:143675 | title="DE: Bad Blood 24/7" | sourceType=XTREAM | Fields: ✓[poster] ✗[year, plot, cast, director, backdrop, duration, tmdb]
2026-01-30 14:29:51.692 24187-24389 XtreamCatalogScanWorker com.fishit.player.v2                 D  PROGRESS discovered=1678 persisted=0 phase=N/A
2026-01-30 14:29:51.721 24187-24264 XTC                     com.fishit.player.v2                 D  [SERIES] DTO→Raw #700 | id=xtream:series:2513 | title="Deep Shit" | sourceType=XTREAM | Fields: ✓[plot(317c), cast, poster, duration=1500000ms] ✗[year, director, backdrop, tmdb]
2026-01-30 14:29:51.768 24187-24264 XTC                     com.fishit.player.v2                 D  [SERIES] DTO→Raw #750 | id=xtream:series:2569 | title="Sharp Objects" | sourceType=XTREAM | Fields: ✓[plot(599c), cast, poster, duration=3600000ms] ✗[year, director, backdrop, tmdb]
2026-01-30 14:29:51.779 24187-24187 NxHomeContentRepo       com.fishit.player.v2                 I  🎬 getMoviesPagingData() CALLED - Creating Movies PagingSource
2026-01-30 14:29:51.784 24187-24187 NxHomeContentRepo       com.fishit.player.v2                 I  📺 getSeriesPagingData() CALLED - Creating Series PagingSource
2026-01-30 14:29:51.792 24187-24187 HomeViewModel           com.fishit.player.v2                 I  🏠 HomeViewModel INIT - Creating content flows and paging sources
2026-01-30 14:29:51.820 24187-24264 XTC                     com.fishit.player.v2                 D  [SERIES] DTO→Raw #800 | id=xtream:series:2619 | title="Informer" | sourceType=XTREAM | Fields: ✓[plot(665c), cast, poster, duration=3300000ms] ✗[year, director, backdrop, tmdb]
2026-01-30 14:29:51.832 24187-24361 NxCatalogWriter         com.fishit.player.v2                 D  📥 OPTIMIZED ingestBatch START: 400 items
2026-01-30 14:29:51.861 24187-24258 NxCatalogWriter         com.fishit.player.v2                 D  📥 OPTIMIZED ingestBatch START: 400 items
2026-01-30 14:29:51.870 24187-24264 XTC                     com.fishit.player.v2                 D  [SERIES] DTO→Raw #850 | id=xtream:series:2670 | title="The Sniffer" | sourceType=XTREAM | Fields: ✓[cast, poster, duration=3600000ms] ✗[year, plot, director, backdrop, tmdb]
2026-01-30 14:29:51.886 24187-24362 XTC                     com.fishit.player.v2                 D  [LIVE] DTO→Raw #1050 | id=xtream:live:364966 | title="DE: SCRUBS 24/7" | sourceType=XTREAM | Fields: ✓[poster] ✗[year, plot, cast, director, backdrop, duration, tmdb]
2026-01-30 14:29:51.902 24187-24264 XTC                     com.fishit.player.v2                 D  [SERIES] DTO→Raw #900 | id=xtream:series:2721 | title="Confess" | sourceType=XTREAM | Fields: ✓[cast, poster, duration=1380000ms] ✗[year, plot, director, backdrop, tmdb]
2026-01-30 14:29:51.944 24187-24264 XTC                     com.fishit.player.v2                 D  [SERIES] DTO→Raw #950 | id=xtream:series:2771 | title="Riverdale" | sourceType=XTREAM | Fields: ✓[plot(606c), cast, poster, duration=2700000ms] ✗[year, director, backdrop, tmdb]
2026-01-30 14:29:52.039 24187-24362 XTC                     com.fishit.player.v2                 D  [LIVE] DTO→Raw #1100 | id=xtream:live:102696 | title="DE: Vera Marvel 5" | sourceType=XTREAM | Fields: ✓[poster] ✗[year, plot, cast, director, backdrop, duration, tmdb]
2026-01-30 14:29:52.045 24187-24202 ishit.player.v2         com.fishit.player.v2                 I  Background young concurrent copying GC freed 426411(13MB) AllocSpace objects, 10(324KB) LOS objects, 17% free, 59MB/72MB, paused 140us,105us total 180.970ms
2026-01-30 14:29:52.067 24187-24187 NxHomeContentRepo       com.fishit.player.v2                 D  🎬 Movies PagingSource FACTORY invoked
2026-01-30 14:29:52.069 24187-24264 XTC                     com.fishit.player.v2                 D  [SERIES] DTO→Raw #1000 | id=xtream:series:2822 | title="Bluff City Law" | sourceType=XTREAM | Fields: ✓[cast, poster, duration=2580000ms] ✗[year, plot, director, backdrop, tmdb]
2026-01-30 14:29:52.070 24187-24389 XtreamCatalogScanWorker com.fishit.player.v2                 D  PROGRESS discovered=2112 persisted=0 phase=N/A
2026-01-30 14:29:52.078 24187-24254 NxCatalogWriter         com.fishit.player.v2                 D  📥 OPTIMIZED ingestBatch START: 400 items
2026-01-30 14:29:52.082 24187-24187 NxHomeContentRepo       com.fishit.player.v2                 D  🔍 HomePagingSource.load() START | workType=MOVIE offset=0 loadSize=40
2026-01-30 14:29:52.085 24187-24389 ObjectBoxPagingSource   com.fishit.player.v2                 D  🔍 DB Query: offset=0 loadSize=40 → results=0
2026-01-30 14:29:52.086 24187-24389 NxHomeContentRepo       com.fishit.player.v2                 D  🔍 HomePagingSource: DB returned 0 works
2026-01-30 14:29:52.086 24187-24266 XtreamApiClient         com.fishit.player.v2                 D  StreamingFetch: Detected GZIP for konigtv.com/player_api.php (manual decompression)
2026-01-30 14:29:52.087 24187-24266 XtreamApiClient         com.fishit.player.v2                 D  StreamingFetch: Success for konigtv.com/player_api.php, streaming response
2026-01-30 14:29:52.090 24187-24187 NxHomeContentRepo       com.fishit.player.v2                 D  📺 Series PagingSource FACTORY invoked
2026-01-30 14:29:52.093 24187-24266 XtreamApiClient         com.fishit.player.v2                 D  streamFromUrl: Starting StreamingJsonParser.streamInBatches() for konigtv.com/player_api.php
2026-01-30 14:29:52.094 24187-24187 NxHomeContentRepo       com.fishit.player.v2                 D  🔍 HomePagingSource.load() START | workType=SERIES offset=0 loadSize=40
2026-01-30 14:29:52.096 24187-24389 ObjectBoxPagingSource   com.fishit.player.v2                 D  🔍 DB Query: offset=0 loadSize=40 → results=0
2026-01-30 14:29:52.096 24187-24389 NxHomeContentRepo       com.fishit.player.v2                 D  🔍 HomePagingSource: DB returned 0 works
2026-01-30 14:29:52.103 24187-24187 NxHomeContentRepo       com.fishit.player.v2                 D  🔍 HomePagingSource.load() START | workType=CLIP offset=0 loadSize=40
2026-01-30 14:29:52.105 24187-24389 ObjectBoxPagingSource   com.fishit.player.v2                 D  🔍 DB Query: offset=0 loadSize=40 → results=0
2026-01-30 14:29:52.105 24187-24389 NxHomeContentRepo       com.fishit.player.v2                 D  🔍 HomePagingSource: DB returned 0 works
2026-01-30 14:29:52.113 24187-24187 NxHomeContentRepo       com.fishit.player.v2                 D  🔍 HomePagingSource.load() START | workType=LIVE_CHANNEL offset=0 loadSize=40
2026-01-30 14:29:52.114 24187-24389 ObjectBoxPagingSource   com.fishit.player.v2                 D  🔍 DB Query: offset=0 loadSize=40 → results=0
2026-01-30 14:29:52.115 24187-24389 NxHomeContentRepo       com.fishit.player.v2                 D  🔍 HomePagingSource: DB returned 0 works
2026-01-30 14:29:52.122 24187-24187 NxHomeContentRepo       com.fishit.player.v2                 D  🔍 HomePagingSource.load() START | workType=ALL offset=0 loadSize=40
2026-01-30 14:29:52.122 24187-24362 XTC                     com.fishit.player.v2                 D  [LIVE] DTO→Raw #1150 | id=xtream:live:150141 | title="DE-SELECT: 2 - ANEMONE" | sourceType=XTREAM | Fields: ✓[poster] ✗[year, plot, cast, director, backdrop, duration, tmdb]
2026-01-30 14:29:52.123 24187-24389 ObjectBoxPagingSource   com.fishit.player.v2                 D  🔍 DB Query: offset=0 loadSize=40 → results=0
2026-01-30 14:29:52.123 24187-24389 NxHomeContentRepo       com.fishit.player.v2                 D  🔍 HomePagingSource: DB returned 0 works
2026-01-30 14:29:52.168 24187-24362 XTC                     com.fishit.player.v2                 D  [LIVE] DTO→Raw #1200 | id=xtream:live:376376 | title="DE: One Piece - 5 Premium 24/7" | sourceType=XTREAM | Fields: ✓[poster] ✗[year, plot, cast, director, backdrop, duration, tmdb]
2026-01-30 14:29:52.216 24187-24362 XTC                     com.fishit.player.v2                 D  [LIVE] DTO→Raw #1250 | id=xtream:live:360770 | title="DE: Wickie und die starken Maenner 2 - 2" | sourceType=XTREAM | Fields: ✓[poster] ✗[year, plot, cast, director, backdrop, duration, tmdb]
2026-01-30 14:29:52.228 24187-24361 NxWorkRepository        com.fishit.player.v2                 W  Deduped 8 duplicate workKeys in batch (400 → 392)
2026-01-30 14:29:52.302 24187-24258 NxWorkRepository        com.fishit.player.v2                 W  Deduped 11 duplicate workKeys in batch (400 → 389)
2026-01-30 14:29:52.302 24187-24254 NxWorkRepository        com.fishit.player.v2                 W  Deduped 3 duplicate workKeys in batch (400 → 397)
2026-01-30 14:29:52.307 24187-24187 NxHomeContentRepo       com.fishit.player.v2                 D  🔍 HomePagingSource: Processing 0 works for mapping
2026-01-30 14:29:52.308 24187-24187 NxHomeContentRepo       com.fishit.player.v2                 D  🔍 HomePagingSource: Processing 0 works for mapping
2026-01-30 14:29:52.309 24187-24187 NxHomeContentRepo       com.fishit.player.v2                 D  🔍 HomePagingSource: Processing 0 works for mapping
2026-01-30 14:29:52.310 24187-24187 NxHomeContentRepo       com.fishit.player.v2                 D  🔍 HomePagingSource: Processing 0 works for mapping
2026-01-30 14:29:52.310 24187-24187 NxHomeContentRepo       com.fishit.player.v2                 D  🔍 HomePagingSource: Filtered out episodes: 0 → 0
2026-01-30 14:29:52.311 24187-24187 NxHomeContentRepo       com.fishit.player.v2                 D  🔍 HomePagingSource: Processing 0 works for mapping
2026-01-30 14:29:52.335 24187-24266 XTC                     com.fishit.player.v2                 D  [VOD] DTO→Raw #1 | id=xtream:vod:804345 | title="Ella McCay | 2025 | 5.2" | sourceType=XTREAM | Fields: ✓[year=2025, poster] ✗[plot, cast, director, backdrop, duration, tmdb]
2026-01-30 14:29:52.558 24187-24187 WorkManage...teObserver com.fishit.player.v2                 I  Sync state: SUCCEEDED
2026-01-30 14:29:52.560 24187-24187 NxHomeContentRepo       com.fishit.player.v2                 D  🔍 HomePagingSource: Loaded source refs for 0 works
2026-01-30 14:29:52.560 24187-24187 NxHomeContentRepo       com.fishit.player.v2                 I  ✅ HomePagingSource.load() RESULT | workType=MOVIE offset=0 count=0 hasNext=false titles=
2026-01-30 14:29:52.566 24187-24187 NxHomeContentRepo       com.fishit.player.v2                 D  🔍 HomePagingSource: Loaded source refs for 0 works
2026-01-30 14:29:52.567 24187-24187 NxHomeContentRepo       com.fishit.player.v2                 I  ✅ HomePagingSource.load() RESULT | workType=SERIES offset=0 count=0 hasNext=false titles=
2026-01-30 14:29:52.571 24187-24187 NxHomeContentRepo       com.fishit.player.v2                 D  🔍 HomePagingSource: Loaded source refs for 0 works
2026-01-30 14:29:52.571 24187-24187 NxHomeContentRepo       com.fishit.player.v2                 I  ✅ HomePagingSource.load() RESULT | workType=CLIP offset=0 count=0 hasNext=false titles=
2026-01-30 14:29:52.575 24187-24187 NxHomeContentRepo       com.fishit.player.v2                 D  🔍 HomePagingSource: Loaded source refs for 0 works
2026-01-30 14:29:52.576 24187-24187 NxHomeContentRepo       com.fishit.player.v2                 I  ✅ HomePagingSource.load() RESULT | workType=LIVE_CHANNEL offset=0 count=0 hasNext=false titles=
2026-01-30 14:29:52.580 24187-24187 NxHomeContentRepo       com.fishit.player.v2                 D  🔍 HomePagingSource: Loaded source refs for 0 works
2026-01-30 14:29:52.581 24187-24187 NxHomeContentRepo       com.fishit.player.v2                 I  ✅ HomePagingSource.load() RESULT | workType=ALL offset=0 count=0 hasNext=false titles=
2026-01-30 14:29:52.736 24187-24202 ishit.player.v2         com.fishit.player.v2                 I  Background concurrent copying GC freed 1382503(47MB) AllocSpace objects, 3(112KB) LOS objects, 47% free, 26MB/50MB, paused 60us,35us total 100.932ms
2026-01-30 14:29:52.792 24187-24254 NxCatalogWriter         com.fishit.player.v2                 D  ✅ OPTIMIZED ingestBatch COMPLETE: 400 items | persist_ms=492 total_ms=725 (551 items/sec)
2026-01-30 14:29:52.793 24187-24254 CatalogSyncService      com.fishit.player.v2                 W  Xtream batch (NX): ingested=400 failed=0 hint_warnings=185 ingest_ms=1558 total_ms=1559
2026-01-30 14:29:52.807 24187-24254 CatalogSyncService      com.fishit.player.v2                 D  Persisting Xtream catalog batch (NX-ONLY): 400 items (canonical_linking=true)
2026-01-30 14:29:52.809 24187-24266 XTC                     com.fishit.player.v2                 D  [LIVE] DTO→Raw #1300 | id=xtream:live:769591 | title="Black Visionaries" | sourceType=XTREAM | Fields: ✓[poster] ✗[year, plot, cast, director, backdrop, duration, tmdb]
2026-01-30 14:29:52.812 24187-24264 XTC                     com.fishit.player.v2                 D  [VOD] DTO→Raw #50 | id=xtream:vod:801981 | title="Anaconda | 2025 | 6.7" | sourceType=XTREAM | Fields: ✓[year=2025, poster] ✗[plot, cast, director, backdrop, duration, tmdb]
2026-01-30 14:29:52.844 24187-24360 XTC                     com.fishit.player.v2                 D  [SERIES] DTO→Raw #1050 | id=xtream:series:2876 | title="New Amsterdam" | sourceType=XTREAM | Fields: ✓[plot(648c), cast, poster, duration=2580000ms] ✗[year, director, backdrop, tmdb]
2026-01-30 14:29:52.854 24187-24389 XTC                     com.fishit.player.v2                 D  [VOD] DTO→Raw #100 | id=xtream:vod:800634 | title="Whiteout - Überleben ist alles | 2025 | " | sourceType=XTREAM | Fields: ✓[year=2025, poster] ✗[plot, cast, director, backdrop, duration, tmdb]
2026-01-30 14:29:52.865 24187-24364 XTC                     com.fishit.player.v2                 D  [LIVE] DTO→Raw #1350 | id=xtream:live:769641 | title="Perry Mason" | sourceType=XTREAM | Fields: ✓[poster] ✗[year, plot, cast, director, backdrop, duration, tmdb]
2026-01-30 14:29:52.866 24187-24360 XTC                     com.fishit.player.v2                 D  [SERIES] DTO→Raw #1100 | id=xtream:series:2929 | title="Top of the Lake" | sourceType=XTREAM | Fields: ✓[plot(379c), cast, poster, duration=2700000ms] ✗[year, director, backdrop, tmdb]
2026-01-30 14:29:52.882 24187-24360 XTC                     com.fishit.player.v2                 D  [SERIES] DTO→Raw #1150 | id=xtream:series:3034 | title="Threesome - Ein Dreier mit Folgen" | sourceType=XTREAM | Fields: ✓[plot(308c), cast, poster, duration=1440000ms] ✗[year, director, backdrop, tmdb]
2026-01-30 14:29:52.885 24187-24389 XTC                     com.fishit.player.v2                 D  [VOD] DTO→Raw #150 | id=xtream:vod:798830 | title="825 Forest Road | 2025 | 5.9 |" | sourceType=XTREAM | Fields: ✓[year=2025, poster] ✗[plot, cast, director, backdrop, duration, tmdb]
2026-01-30 14:29:52.906 24187-24254 NxCatalogWriter         com.fishit.player.v2                 D  📥 OPTIMIZED ingestBatch START: 400 items
2026-01-30 14:29:52.988 24187-24254 NxWorkRepository        com.fishit.player.v2                 W  Deduped 10 duplicate workKeys in batch (400 → 390)
2026-01-30 14:29:53.046 24187-24380 TrafficStats            com.fishit.player.v2                 D  tagSocket(86) with statsTag=0xffffffff, statsUid=-1
2026-01-30 14:29:53.070 24187-24371 TrafficStats            com.fishit.player.v2                 D  tagSocket(137) with statsTag=0xffffffff, statsUid=-1
2026-01-30 14:29:53.178 24187-24361 NxCatalogWriter         com.fishit.player.v2                 D  ✅ OPTIMIZED ingestBatch COMPLETE: 400 items | persist_ms=952 total_ms=1345 (297 items/sec)
2026-01-30 14:29:53.179 24187-24361 CatalogSyncService      com.fishit.player.v2                 W  Xtream batch (NX): ingested=400 failed=0 hint_warnings=174 ingest_ms=1915 total_ms=1915
2026-01-30 14:29:53.194 24187-24361 CatalogSyncService      com.fishit.player.v2                 D  Persisting Xtream catalog batch (NX-ONLY): 400 items (canonical_linking=true)
2026-01-30 14:29:53.223 24187-24264 XTC                     com.fishit.player.v2                 D  [SERIES] DTO→Raw #1200 | id=xtream:series:3154 | title="Toy Boy" | sourceType=XTREAM | Fields: ✓[plot(169c), cast, poster, duration=3600000ms] ✗[year, director, backdrop, tmdb]
2026-01-30 14:29:53.232 24187-24389 XTC                     com.fishit.player.v2                 D  [VOD] DTO→Raw #200 | id=xtream:vod:797304 | title="Frankenstein | 2025 | 7.9 |" | sourceType=XTREAM | Fields: ✓[year=2025, poster] ✗[plot, cast, director, backdrop, duration, tmdb]
2026-01-30 14:29:53.245 24187-24390 XTC                     com.fishit.player.v2                 D  [LIVE] DTO→Raw #1400 | id=xtream:live:769691 | title="Dateline 24/7" | sourceType=XTREAM | Fields: ✓[poster] ✗[year, plot, cast, director, backdrop, duration, tmdb]
2026-01-30 14:29:53.289 24187-24389 XTC                     com.fishit.player.v2                 D  [VOD] DTO→Raw #250 | id=xtream:vod:794087 | title="Jenseits der blauen Grenze | 2024 | 6.4 " | sourceType=XTREAM | Fields: ✓[year=2024, poster] ✗[plot, cast, director, backdrop, duration, tmdb]
2026-01-30 14:29:53.297 24187-24264 XTC                     com.fishit.player.v2                 D  [SERIES] DTO→Raw #1250 | id=xtream:series:3216 | title="Westwall" | sourceType=XTREAM | Fields: ✓[poster] ✗[year, plot, cast, director, backdrop, duration, tmdb]
2026-01-30 14:29:53.298 24187-24361 NxCatalogWriter         com.fishit.player.v2                 D  📥 OPTIMIZED ingestBatch START: 400 items
