                                                                                                          at java.util.concurrent.ThreadPoolExecutor.runWorker(ThreadPoolExecutor.java:1145)
                                                                                                          at java.util.concurrent.ThreadPoolExecutor$Worker.run(ThreadPoolExecutor.java:644)
                                                                                                          at java.lang.Thread.run(Thread.java:1012)
2026-02-10 14:19:30.934 32287-32287 InternalPlayerSession   com.fishit.player.v2                 E  Player error: ERROR_CODE_IO_BAD_HTTP_STATUS
                                                                                                    androidx.media3.exoplayer.ExoPlaybackException: Source error
                                                                                                    	at androidx.media3.exoplayer.ExoPlayerImplInternal.handleIoException(ExoPlayerImplInternal.java:927)
                                                                                                    	at androidx.media3.exoplayer.ExoPlayerImplInternal.handleMessage(ExoPlayerImplInternal.java:899)
                                                                                                    	at android.os.Handler.dispatchMessage(Handler.java:102)
                                                                                                    	at android.os.Looper.loopOnce(Looper.java:230)
                                                                                                    	at android.os.Looper.loop(Looper.java:319)
                                                                                                    	at android.os.HandlerThread.run(HandlerThread.java:67)
                                                                                                    Caused by: androidx.media3.datasource.HttpDataSource$InvalidResponseCodeException: Response code: 404
                                                                                                    	at androidx.media3.datasource.okhttp.OkHttpDataSource.open(OkHttpDataSource.java:309)
                                                                                                    	at androidx.media3.datasource.StatsDataSource.open(StatsDataSource.java:88)
                                                                                                    	at androidx.media3.exoplayer.source.ProgressiveMediaPeriod$ExtractingLoadable.load(ProgressiveMediaPeriod.java:1109)
                                                                                                    	at androidx.media3.exoplayer.upstream.Loader$LoadTask.run(Loader.java:453)
                                                                                                    	at java.util.concurrent.ThreadPoolExecutor.runWorker(ThreadPoolExecutor.java:1145)
                                                                                                    	at java.util.concurrent.ThreadPoolExecutor$Worker.run(ThreadPoolExecutor.java:644)
                                                                                                    	at java.lang.Thread.run(Thread.java:1012)
2026-02-10 14:19:30.964 32287-32310 ishit.player.v2         com.fishit.player.v2                 I  Background young concurrent copying GC freed 227774(7298KB) AllocSpace objects, 0(0B) LOS objects, 0% free, 47MB/47MB, paused 186us,175us total 219.374ms
2026-02-10 14:19:31.058 32287-3118  XTC                     com.fishit.player.v2                 D  [VOD] DTO→Raw #6500 | id=xtream:vod:789948 | title="Gott ist nicht tot 5 - Wir vertrauen auf" | sourceType=XTREAM | Fields: ✓[year=2024, poster] ✗[plot, cast, director, backdrop, duration, tmdb]
2026-02-10 14:19:31.373 32287-1401  XTC                     com.fishit.player.v2                 D  [VOD] DTO→Raw #6550 | id=xtream:vod:788125 | title="Planet Single: Greek Adventure | 2025 | " | sourceType=XTREAM | Fields: ✓[year=2025, poster] ✗[plot, cast, director, backdrop, duration, tmdb]
2026-02-10 14:19:31.375 32287-1437  XtreamSyncService       com.fishit.player.v2                 D  Progress: vod=6500, series=6557, live=11629
2026-02-10 14:19:31.395 32287-32310 ishit.player.v2         com.fishit.player.v2                 I  Background concurrent copying GC freed 413159(16MB) AllocSpace objects, 0(0B) LOS objects, 29% free, 56MB/80MB, paused 277us,69us total 430.450ms
2026-02-10 14:19:31.653 32287-1403  XTC                     com.fishit.player.v2                 D  [VOD] DTO→Raw #6600 | id=xtream:vod:784632 | title="Love Me | 2025 | 6.5 |" | sourceType=XTREAM | Fields: ✓[year=2025, poster] ✗[plot, cast, director, backdrop, duration, tmdb]
2026-02-10 14:19:31.961 32287-1438  XTC                     com.fishit.player.v2                 D  [VOD] DTO→Raw #6650 | id=xtream:vod:782170 | title="The Ritual | 2025 | 5.9 |" | sourceType=XTREAM | Fields: ✓[year=2025, poster] ✗[plot, cast, director, backdrop, duration, tmdb]
2026-02-10 14:19:32.267 32287-3118  XTC                     com.fishit.player.v2                 D  [VOD] DTO→Raw #6700 | id=xtream:vod:780007 | title="Shadow Force - Die letzte Mission | 2025" | sourceType=XTREAM | Fields: ✓[year=2025, poster] ✗[plot, cast, director, backdrop, duration, tmdb]
2026-02-10 14:19:32.312 32287-32310 ishit.player.v2         com.fishit.player.v2                 I  Background concurrent copying GC freed 903890(49MB) AllocSpace objects, 0(0B) LOS objects, 38% free, 38MB/62MB, paused 126us,89us total 148.968ms
2026-02-10 14:19:32.570 32287-32528 XTC                     com.fishit.player.v2                 D  [VOD] DTO→Raw #6750 | id=xtream:vod:777489 | title="Hard Home | 2024 | 5.2 |" | sourceType=XTREAM | Fields: ✓[year=2024, poster] ✗[plot, cast, director, backdrop, duration, tmdb]
2026-02-10 14:19:32.870 32287-1437  XTC                     com.fishit.player.v2                 D  [VOD] DTO→Raw #6800 | id=xtream:vod:774244 | title="Banger | 2025 | 5.8 |" | sourceType=XTREAM | Fields: ✓[year=2025, poster] ✗[plot, cast, director, backdrop, duration, tmdb]
2026-02-10 14:19:33.016 32287-32310 ishit.player.v2         com.fishit.player.v2                 I  Background concurrent copying GC freed 593354(30MB) AllocSpace objects, 0(0B) LOS objects, 37% free, 39MB/63MB, paused 121us,77us total 143.350ms
2026-02-10 14:19:33.178 32287-32528 XTC                     com.fishit.player.v2                 D  [VOD] DTO→Raw #6850 | id=xtream:vod:772288 | title="Delicious | 2025 | 5.1 |" | sourceType=XTREAM | Fields: ✓[year=2025, poster] ✗[plot, cast, director, backdrop, duration, tmdb]
2026-02-10 14:19:33.442 32287-3118  XTC                     com.fishit.player.v2                 D  [VOD] DTO→Raw #6900 | id=xtream:vod:769496 | title="The Witcher: Sirens of the Deep | 2025 |" | sourceType=XTREAM | Fields: ✓[year=2025, poster] ✗[plot, cast, director, backdrop, duration, tmdb]
2026-02-10 14:19:33.716 32287-32310 ishit.player.v2         com.fishit.player.v2                 I  Background concurrent copying GC freed 634095(32MB) AllocSpace objects, 0(0B) LOS objects, 40% free, 35MB/59MB, paused 101us,95us total 108.614ms
2026-02-10 14:19:33.759 32287-1401  XTC                     com.fishit.player.v2                 D  [VOD] DTO→Raw #6950 | id=xtream:vod:766937 | title="Hinter dem Eisernen Horizont | 2024 | 5." | sourceType=XTREAM | Fields: ✓[year=2024, poster] ✗[plot, cast, director, backdrop, duration, tmdb]
2026-02-10 14:19:34.043 32287-1403  XTC                     com.fishit.player.v2                 D  [VOD] DTO→Raw #7000 | id=xtream:vod:764205 | title="Swing Into Romance | 2023 | 6.1 |" | sourceType=XTREAM | Fields: ✓[year=2023, poster] ✗[plot, cast, director, backdrop, duration, tmdb]
2026-02-10 14:19:34.345 32287-1403  XtreamSyncService       com.fishit.player.v2                 D  Progress: vod=7000, series=6557, live=11629
2026-02-10 14:19:34.346 32287-1437  XTC                     com.fishit.player.v2                 D  [VOD] DTO→Raw #7050 | id=xtream:vod:761954 | title="Die Unzertrennlichen – Zwei durch Dick u" | sourceType=XTREAM | Fields: ✓[year=2023, poster] ✗[plot, cast, director, backdrop, duration, tmdb]
2026-02-10 14:19:34.429 32287-32310 ishit.player.v2         com.fishit.player.v2                 I  Background concurrent copying GC freed 587896(30MB) AllocSpace objects, 0(0B) LOS objects, 41% free, 34MB/58MB, paused 399us,70us total 107.360ms
2026-02-10 14:19:34.658 32287-32528 XTC                     com.fishit.player.v2                 D  [VOD] DTO→Raw #7100 | id=xtream:vod:757367 | title="Das perfekte Weihnachts-Date | 2023 | 7." | sourceType=XTREAM | Fields: ✓[year=2023, poster] ✗[plot, cast, director, backdrop, duration, tmdb]
2026-02-10 14:19:35.156 32287-32310 ishit.player.v2         com.fishit.player.v2                 I  Background concurrent copying GC freed 563941(29MB) AllocSpace objects, 0(0B) LOS objects, 41% free, 33MB/57MB, paused 81us,47us total 103.221ms
2026-02-10 14:19:35.266 32287-1403  XTC                     com.fishit.player.v2                 D  [VOD] DTO→Raw #7150 | id=xtream:vod:755474 | title="Blue Cave | 2024 | 5.4 |" | sourceType=XTREAM | Fields: ✓[year=2024, poster] ✗[plot, cast, director, backdrop, duration, tmdb]
2026-02-10 14:19:35.889 32287-32310 ishit.player.v2         com.fishit.player.v2                 I  Background concurrent copying GC freed 542428(28MB) AllocSpace objects, 0(0B) LOS objects, 41% free, 33MB/57MB, paused 481us,50us total 100.441ms
2026-02-10 14:19:36.586 32287-32310 ishit.player.v2         com.fishit.player.v2                 I  Background concurrent copying GC freed 447939(24MB) AllocSpace objects, 0(0B) LOS objects, 37% free, 39MB/63MB, paused 125us,78us total 113.185ms
2026-02-10 14:19:36.843 32287-32528 XTC                     com.fishit.player.v2                 D  [VOD] DTO→Raw #7200 | id=xtream:vod:754061 | title="Never let go – Lass niemals los | 2024 |" | sourceType=XTREAM | Fields: ✓[year=2024, poster] ✗[plot, cast, director, backdrop, duration, tmdb]
2026-02-10 14:19:37.284 32287-32310 ishit.player.v2         com.fishit.player.v2                 I  Background concurrent copying GC freed 529607(29MB) AllocSpace objects, 0(0B) LOS objects, 37% free, 39MB/63MB, paused 145us,42us total 114.901ms
2026-02-10 14:19:37.969 32287-32310 ishit.player.v2         com.fishit.player.v2                 I  Background concurrent copying GC freed 626409(32MB) AllocSpace objects, 0(0B) LOS objects, 39% free, 36MB/60MB, paused 76us,79us total 107.464ms
2026-02-10 14:19:37.972 32287-1438  XTC                     com.fishit.player.v2                 D  [VOD] DTO→Raw #7250 | id=xtream:vod:752397 | title="Donnie Yen's Sakra | 2023 | 6.4 |" | sourceType=XTREAM | Fields: ✓[year=2023, poster] ✗[plot, cast, director, backdrop, duration, tmdb]
2026-02-10 14:19:38.263 32287-32529 XTC                     com.fishit.player.v2                 D  [VOD] DTO→Raw #7300 | id=xtream:vod:749615 | title="Road Wars: Max Fury | 2024 | 5.1 |" | sourceType=XTREAM | Fields: ✓[year=2024, poster] ✗[plot, cast, director, backdrop, duration, tmdb]
2026-02-10 14:19:38.508 32287-1401  XTC                     com.fishit.player.v2                 D  [VOD] DTO→Raw #7350 | id=xtream:vod:747305 | title="Alles gelogen | 2024 | 6.6 |" | sourceType=XTREAM | Fields: ✓[year=2024, poster] ✗[plot, cast, director, backdrop, duration, tmdb]
2026-02-10 14:19:38.648 32287-32310 ishit.player.v2         com.fishit.player.v2                 I  Background concurrent copying GC freed 496909(26MB) AllocSpace objects, 0(0B) LOS objects, 37% free, 39MB/63MB, paused 73us,50us total 116.449ms
2026-02-10 14:19:38.758 32287-1438  XTC                     com.fishit.player.v2                 D  [VOD] DTO→Raw #7400 | id=xtream:vod:745323 | title="Des Teufels Bad | 2024 | 7.5 |" | sourceType=XTREAM | Fields: ✓[year=2024, poster] ✗[plot, cast, director, backdrop, duration, tmdb]
2026-02-10 14:19:38.978 32287-1437  XTC                     com.fishit.player.v2                 D  [VOD] DTO→Raw #7450 | id=xtream:vod:744018 | title="Ella und der schwarze Jaguar | 2024 | 5." | sourceType=XTREAM | Fields: ✓[year=2024, poster] ✗[plot, cast, director, backdrop, duration, tmdb]
2026-02-10 14:19:39.219 32287-1401  XTC                     com.fishit.player.v2                 D  [VOD] DTO→Raw #7500 | id=xtream:vod:742668 | title="Van Damme: Born to Kill | 2024 | 6.8 |" | sourceType=XTREAM | Fields: ✓[year=2024, poster] ✗[plot, cast, director, backdrop, duration, tmdb]
2026-02-10 14:19:39.357 32287-32310 ishit.player.v2         com.fishit.player.v2                 I  Background concurrent copying GC freed 672427(34MB) AllocSpace objects, 0(0B) LOS objects, 40% free, 34MB/58MB, paused 124us,122us total 110.696ms
2026-02-10 14:19:39.469 32287-1401  XtreamSyncService       com.fishit.player.v2                 D  Progress: vod=7500, series=6557, live=11629
2026-02-10 14:19:39.469 32287-32589 XTC                     com.fishit.player.v2                 D  [VOD] DTO→Raw #7550 | id=xtream:vod:740543 | title="Der Dritte Gast | 2024 | 5.1 |" | sourceType=XTREAM | Fields: ✓[year=2024, poster] ✗[plot, cast, director, backdrop, duration, tmdb]
2026-02-10 14:19:39.685 32287-1438  XTC                     com.fishit.player.v2                 D  [VOD] DTO→Raw #7600 | id=xtream:vod:733877 | title="Die Theorie von Allem | 2023 | 6.5 |" | sourceType=XTREAM | Fields: ✓[year=2023, poster] ✗[plot, cast, director, backdrop, duration, tmdb]
2026-02-10 14:19:39.933 32287-32529 XTC                     com.fishit.player.v2                 D  [VOD] DTO→Raw #7650 | id=xtream:vod:729553 | title="Eileen | 2023 | 6.3 |" | sourceType=XTREAM | Fields: ✓[year=2023, poster] ✗[plot, cast, director, backdrop, duration, tmdb]
2026-02-10 14:19:40.044 32287-32310 ishit.player.v2         com.fishit.player.v2                 I  Background concurrent copying GC freed 502921(26MB) AllocSpace objects, 0(0B) LOS objects, 38% free, 38MB/62MB, paused 118us,80us total 117.389ms
2026-02-10 14:19:40.219 32287-1401  XTC                     com.fishit.player.v2                 D  [VOD] DTO→Raw #7700 | id=xtream:vod:711552 | title="Fearless Flyers - Fliegen für Anfänger |" | sourceType=XTREAM | Fields: ✓[year=2023, poster] ✗[plot, cast, director, backdrop, duration, tmdb]
2026-02-10 14:19:40.441 32287-1437  XTC                     com.fishit.player.v2                 D  [VOD] DTO→Raw #7750 | id=xtream:vod:697715 | title="Three Blind Mice | 2023 | 6.2 |" | sourceType=XTREAM | Fields: ✓[year=2023, poster] ✗[plot, cast, director, backdrop, duration, tmdb]
2026-02-10 14:19:40.586 32287-32310 ishit.player.v2         com.fishit.player.v2                 I  Background young concurrent copying GC freed 343172(10MB) AllocSpace objects, 0(0B) LOS objects, 11% free, 55MB/62MB, paused 114us,81us total 142.447ms
2026-02-10 14:19:40.796 32287-32310 ishit.player.v2         com.fishit.player.v2                 I  Background concurrent copying GC freed 564492(30MB) AllocSpace objects, 0(0B) LOS objects, 37% free, 39MB/63MB, paused 119us,79us total 120.860ms
2026-02-10 14:19:40.878 32287-32590 XTC                     com.fishit.player.v2                 D  [VOD] DTO→Raw #7800 | id=xtream:vod:695129 | title="Bitconned – Der Betrug mit der Cryptowäh" | sourceType=XTREAM | Fields: ✓[year=2024, poster] ✗[plot, cast, director, backdrop, duration, tmdb]
2026-02-10 14:19:41.104 32287-3118  XTC                     com.fishit.player.v2                 D  [VOD] DTO→Raw #7850 | id=xtream:vod:675312 | title="Mission Babybär - Eine tierische Tour | " | sourceType=XTREAM | Fields: ✓[year=2022, poster] ✗[plot, cast, director, backdrop, duration, tmdb]
2026-02-10 14:19:41.364 32287-32590 XTC                     com.fishit.player.v2                 D  [VOD] DTO→Raw #7900 | id=xtream:vod:673266 | title="Family Switch | 2023 | 6.7 |" | sourceType=XTREAM | Fields: ✓[year=2023, poster] ✗[plot, cast, director, backdrop, duration, tmdb]
2026-02-10 14:19:41.575 32287-32310 ishit.player.v2         com.fishit.player.v2                 I  Background concurrent copying GC freed 785799(39MB) AllocSpace objects, 0(0B) LOS objects, 44% free, 29MB/53MB, paused 112us,55us total 120.886ms
2026-02-10 14:19:41.613 32287-32590 XTC                     com.fishit.player.v2                 D  [VOD] DTO→Raw #7950 | id=xtream:vod:670453 | title="Luck | 2022 | 7.8 |" | sourceType=XTREAM | Fields: ✓[year=2022, poster] ✗[plot, cast, director, backdrop, duration, tmdb]
2026-02-10 14:19:41.834 32287-1401  XTC                     com.fishit.player.v2                 D  [VOD] DTO→Raw #8000 | id=xtream:vod:668139 | title="Diebinnen | 2023 | 6.7 |" | sourceType=XTREAM | Fields: ✓[year=2023, poster] ✗[plot, cast, director, backdrop, duration, tmdb]
2026-02-10 14:19:42.077 32287-32590 XtreamSyncService       com.fishit.player.v2                 D  Progress: vod=8000, series=6557, live=11629
2026-02-10 14:19:42.082 32287-1438  XTC                     com.fishit.player.v2                 D  [VOD] DTO→Raw #8050 | id=xtream:vod:665690 | title="Goldsmith | 2022 | 6.8 |" | sourceType=XTREAM | Fields: ✓[year=2022, poster] ✗[plot, cast, director, backdrop, duration, tmdb]
2026-02-10 14:19:42.189 32287-32310 ishit.player.v2         com.fishit.player.v2                 I  Background young concurrent copying GC freed 321337(10MB) AllocSpace objects, 0(0B) LOS objects, 0% free, 56MB/56MB, paused 291us,124us total 216.111ms
2026-02-10 14:19:42.313 32287-32310 ishit.player.v2         com.fishit.player.v2                 I  Background concurrent copying GC freed 439376(22MB) AllocSpace objects, 0(0B) LOS objects, 36% free, 40MB/64MB, paused 75us,78us total 124.028ms
2026-02-10 14:19:42.356 32287-32589 XTC                     com.fishit.player.v2                 D  [VOD] DTO→Raw #8100 | id=xtream:vod:656550 | title="Der Schwan | 2023 | 7.8 |" | sourceType=XTREAM | Fields: ✓[year=2023, poster] ✗[plot, cast, director, backdrop, duration, tmdb]
2026-02-10 14:19:42.582 32287-1437  XTC                     com.fishit.player.v2                 D  [VOD] DTO→Raw #8150 | id=xtream:vod:643914 | title="Sugar | 2022 | 5.0 |" | sourceType=XTREAM | Fields: ✓[year=2022, poster] ✗[plot, cast, director, backdrop, duration, tmdb]
2026-02-10 14:19:42.828 32287-1437  XTC                     com.fishit.player.v2                 D  [VOD] DTO→Raw #8200 | id=xtream:vod:639826 | title="Reveille | 2023 | 6.7 |" | sourceType=XTREAM | Fields: ✓[year=2023, poster] ✗[plot, cast, director, backdrop, duration, tmdb]
2026-02-10 14:19:43.062 32287-32590 XTC                     com.fishit.player.v2                 D  [VOD] DTO→Raw #8250 | id=xtream:vod:624680 | title="Kandahar | 2023 | 6.5 |" | sourceType=XTREAM | Fields: ✓[year=2023, poster] ✗[plot, cast, director, backdrop, duration, tmdb]
2026-02-10 14:19:43.137 32287-32310 ishit.player.v2         com.fishit.player.v2                 I  Background concurrent copying GC freed 796017(38MB) AllocSpace objects, 0(0B) LOS objects, 36% free, 41MB/65MB, paused 238us,119us total 292.463ms
2026-02-10 14:19:43.311 32287-1437  XTC                     com.fishit.player.v2                 D  [VOD] DTO→Raw #8300 | id=xtream:vod:618063 | title="The Last Victim - Spirale der Gewalt  | " | sourceType=XTREAM | Fields: ✓[year=2022, poster] ✗[plot, cast, director, backdrop, duration, tmdb]
2026-02-10 14:19:43.538 32287-1401  XTC                     com.fishit.player.v2                 D  [VOD] DTO→Raw #8350 | id=xtream:vod:590463 | title="Hawa | 2022 | 6.2 |" | sourceType=XTREAM | Fields: ✓[year=2022, poster] ✗[plot, cast, director, backdrop, duration, tmdb]
2026-02-10 14:19:43.772 32287-32310 ishit.player.v2         com.fishit.player.v2                 I  Background concurrent copying GC freed 728384(36MB) AllocSpace objects, 0(0B) LOS objects, 42% free, 32MB/56MB, paused 75us,90us total 104.024ms
2026-02-10 14:19:43.798 32287-32589 XTC                     com.fishit.player.v2                 D  [VOD] DTO→Raw #8400 | id=xtream:vod:484897 | title="White Hell - Eiskalte Jagd | 2023 | 6.6 " | sourceType=XTREAM | Fields: ✓[year=2023, poster] ✗[plot, cast, director, backdrop, duration, tmdb]
2026-02-10 14:19:44.061 32287-32589 XTC                     com.fishit.player.v2                 D  [VOD] DTO→Raw #8450 | id=xtream:vod:383925 | title="House Party - Fake it till you make it (" | sourceType=XTREAM | Fields: ✓[year=2023, poster] ✗[plot, cast, director, backdrop, duration, tmdb]
2026-02-10 14:19:44.321 32287-1437  XTC                     com.fishit.player.v2                 D  [VOD] DTO→Raw #8500 | id=xtream:vod:383858 | title="Der schlimmste Tag im Leben | 2022 | 6.3" | sourceType=XTREAM | Fields: ✓[year=2022, poster] ✗[plot, cast, director, backdrop, duration, tmdb]
2026-02-10 14:19:44.460 32287-32310 ishit.player.v2         com.fishit.player.v2                 I  Background concurrent copying GC freed 489895(25MB) AllocSpace objects, 0(0B) LOS objects, 39% free, 37MB/61MB, paused 128us,81us total 147.098ms
2026-02-10 14:19:44.552 32287-32528 XtreamSyncService       com.fishit.player.v2                 D  Progress: vod=8500, series=6557, live=11629
2026-02-10 14:19:44.554 32287-1401  XTC                     com.fishit.player.v2                 D  [VOD] DTO→Raw #8550 | id=xtream:vod:383959 | title="Mittagsstunde (2022)" | sourceType=XTREAM | Fields: ✓[year=2022, poster] ✗[plot, cast, director, backdrop, duration, tmdb]
2026-02-10 14:19:44.781 32287-32596 XTC                     com.fishit.player.v2                 D  [VOD] DTO→Raw #8600 | id=xtream:vod:384078 | title="Zeiten des Umbruchs (2022)" | sourceType=XTREAM | Fields: ✓[year=2022, poster] ✗[plot, cast, director, backdrop, duration, tmdb]
2026-02-10 14:19:45.023 32287-1401  XTC                     com.fishit.player.v2                 D  [VOD] DTO→Raw #8650 | id=xtream:vod:384137 | title="Der Nachname (2022)" | sourceType=XTREAM | Fields: ✓[year=2022, poster] ✗[plot, cast, director, backdrop, duration, tmdb]
2026-02-10 14:19:45.267 32287-1401  XTC                     com.fishit.player.v2                 D  [VOD] DTO→Raw #8700 | id=xtream:vod:384207 | title="Lady Chatterleys Liebhaber (2022)" | sourceType=XTREAM | Fields: ✓[year=2022, poster] ✗[plot, cast, director, backdrop, duration, tmdb]
2026-02-10 14:19:45.487 32287-32309 ishit.player.v2         com.fishit.player.v2                 I  Compiler allocated 4268KB to compile void com.fishit.player.ui.PlayerScreenKt.PlayingView(com.fishit.player.ui.PlayerUiViewModel, com.fishit.player.core.playermodel.PlaybackContext, androidx.compose.runtime.Composer, int)
2026-02-10 14:19:45.502 32287-1437  XTC                     com.fishit.player.v2                 D  [VOD] DTO→Raw #8750 | id=xtream:vod:384267 | title="Rimini (2022)" | sourceType=XTREAM | Fields: ✓[year=2022, poster] ✗[plot, cast, director, backdrop, duration, tmdb]
2026-02-10 14:19:45.755 32287-32596 XTC                     com.fishit.player.v2                 D  [VOD] DTO→Raw #8800 | id=xtream:vod:384335 | title="The Minute You Wake Up Dead (2022)" | sourceType=XTREAM | Fields: ✓[year=2022, poster] ✗[plot, cast, director, backdrop, duration, tmdb]
2026-02-10 14:19:45.837 32287-32310 ishit.player.v2         com.fishit.player.v2                 I  Background concurrent copying GC freed 502099(27MB) AllocSpace objects, 0(0B) LOS objects, 38% free, 38MB/62MB, paused 74us,72us total 121.653ms
2026-02-10 14:19:46.006 32287-32590 XTC                     com.fishit.player.v2                 D  [VOD] DTO→Raw #8850 | id=xtream:vod:388649 | title="A Hero - Die verlorene Ehre des Herrn So" | sourceType=XTREAM | Fields: ✓[year=2021, poster] ✗[plot, cast, director, backdrop, duration, tmdb]
2026-02-10 14:19:46.232 32287-1401  XTC                     com.fishit.player.v2                 D  [VOD] DTO→Raw #8900 | id=xtream:vod:388700 | title="Bigbug (2022)" | sourceType=XTREAM | Fields: ✓[year=2022, poster] ✗[plot, cast, director, backdrop, duration, tmdb]
2026-02-10 14:19:46.527 32287-1401  XTC                     com.fishit.player.v2                 D  [VOD] DTO→Raw #8950 | id=xtream:vod:388751 | title="Colors of Love - Ein Hotel zum Verlieben" | sourceType=XTREAM | Fields: ✓[year=2021, poster] ✗[plot, cast, director, backdrop, duration, tmdb]
2026-02-10 14:19:46.604 32287-32310 ishit.player.v2         com.fishit.player.v2                 I  Background concurrent copying GC freed 687752(35MB) AllocSpace objects, 0(0B) LOS objects, 41% free, 33MB/57MB, paused 134us,60us total 121.063ms
2026-02-10 14:19:46.811 32287-32528 XTC                     com.fishit.player.v2                 D  [VOD] DTO→Raw #9000 | id=xtream:vod:388801 | title="Der Vater der Braut (2022)" | sourceType=XTREAM | Fields: ✓[year=2022, poster] ✗[plot, cast, director, backdrop, duration, tmdb]
2026-02-10 14:19:47.066 32287-1401  XTC                     com.fishit.player.v2                 D  [VOD] DTO→Raw #9050 | id=xtream:vod:388851 | title="Ein Hund namens Palma (2021)" | sourceType=XTREAM | Fields: ✓[year=2021, poster] ✗[plot, cast, director, backdrop, duration, tmdb]
2026-02-10 14:19:47.069 32287-32590 XtreamSyncService       com.fishit.player.v2                 D  Progress: vod=9000, series=6557, live=11629
2026-02-10 14:19:47.390 32287-32310 ishit.player.v2         com.fishit.player.v2                 I  Background concurrent copying GC freed 484707(26MB) AllocSpace objects, 0(0B) LOS objects, 38% free, 37MB/61MB, paused 140us,79us total 133.072ms
2026-02-10 14:19:47.410 32287-1438  XTC                     com.fishit.player.v2                 D  [VOD] DTO→Raw #9100 | id=xtream:vod:388901 | title="Gibt es ein Leben nach der Party? (2021)" | sourceType=XTREAM | Fields: ✓[year=2021, poster] ✗[plot, cast, director, backdrop, duration, tmdb]
2026-02-10 14:19:47.690 32287-32589 XTC                     com.fishit.player.v2                 D  [VOD] DTO→Raw #9150 | id=xtream:vod:388953 | title="Interceptor (2022)" | sourceType=XTREAM | Fields: ✓[year=2022, poster] ✗[plot, cast, director, backdrop, duration, tmdb]
2026-02-10 14:19:47.976 32287-32528 XTC                     com.fishit.player.v2                 D  [VOD] DTO→Raw #9200 | id=xtream:vod:389006 | title="Liebe für Erwachsene (2022)" | sourceType=XTREAM | Fields: ✓[year=2022, poster] ✗[plot, cast, director, backdrop, duration, tmdb]
2026-02-10 14:19:48.178 32287-32310 ishit.player.v2         com.fishit.player.v2                 I  Background concurrent copying GC freed 568095(30MB) AllocSpace objects, 0(0B) LOS objects, 38% free, 38MB/62MB, paused 122us,49us total 134.043ms
2026-02-10 14:19:48.259 32287-32589 XTC                     com.fishit.player.v2                 D  [VOD] DTO→Raw #9250 | id=xtream:vod:389056 | title="Naked Singularity (2021)" | sourceType=XTREAM | Fields: ✓[year=2021, poster] ✗[plot, cast, director, backdrop, duration, tmdb]
2026-02-10 14:19:48.509 32287-32589 XTC                     com.fishit.player.v2                 D  [VOD] DTO→Raw #9300 | id=xtream:vod:389107 | title="Prinzessinnentausch 3 - Auf der Jagd nac" | sourceType=XTREAM | Fields: ✓[year=2021, poster] ✗[plot, cast, director, backdrop, duration, tmdb]
2026-02-10 14:19:48.787 32287-32589 XTC                     com.fishit.player.v2                 D  [VOD] DTO→Raw #9350 | id=xtream:vod:389159 | title="Single All the Way (2021)" | sourceType=XTREAM | Fields: ✓[year=2021, poster] ✗[plot, cast, director, backdrop, duration, tmdb]
2026-02-10 14:19:49.044 32287-32310 ishit.player.v2         com.fishit.player.v2                 I  Background concurrent copying GC freed 691801(35MB) AllocSpace objects, 0(0B) LOS objects, 41% free, 33MB/57MB, paused 146us,79us total 139.476ms
2026-02-10 14:19:49.079 32287-32590 XTC                     com.fishit.player.v2                 D  [VOD] DTO→Raw #9400 | id=xtream:vod:389210 | title="The Djinn (2021)" | sourceType=XTREAM | Fields: ✓[year=2021, poster] ✗[plot, cast, director, backdrop, duration, tmdb]
2026-02-10 14:19:49.315 32287-1437  XTC                     com.fishit.player.v2                 D  [VOD] DTO→Raw #9450 | id=xtream:vod:389262 | title="The Seventh Day (2021)" | sourceType=XTREAM | Fields: ✓[year=2021, poster] ✗[plot, cast, director, backdrop, duration, tmdb]
2026-02-10 14:19:49.658 32287-3118  XTC                     com.fishit.player.v2                 D  [VOD] DTO→Raw #9500 | id=xtream:vod:389314 | title="Vier Gäste (2022)" | sourceType=XTREAM | Fields: ✓[year=2022, poster] ✗[plot, cast, director, backdrop, duration, tmdb]
2026-02-10 14:19:49.865 32287-32310 ishit.player.v2         com.fishit.player.v2                 I  Background concurrent copying GC freed 480533(25MB) AllocSpace objects, 0(0B) LOS objects, 39% free, 37MB/61MB, paused 143us,48us total 118.837ms
2026-02-10 14:19:49.927 32287-32529 XtreamSyncService       com.fishit.player.v2                 D  Progress: vod=9500, series=6557, live=11629
2026-02-10 14:19:49.930 32287-32528 XTC                     com.fishit.player.v2                 D  [VOD] DTO→Raw #9550 | id=xtream:vod:799720 | title="Indiana Jones und das Königreich des Kri" | sourceType=XTREAM | Fields: ✓[year=2008, poster] ✗[plot, cast, director, backdrop, duration, tmdb]
2026-02-10 14:19:50.187 32287-1401  XTC                     com.fishit.player.v2                 D  [VOD] DTO→Raw #9600 | id=xtream:vod:785417 | title="Rush Hour 2 | 2001 |  6.7 " | sourceType=XTREAM | Fields: ✓[year=2001, poster] ✗[plot, cast, director, backdrop, duration, tmdb]
2026-02-10 14:19:50.474 32287-1437  XTC                     com.fishit.player.v2                 D  [VOD] DTO→Raw #9650 | id=xtream:vod:757848 | title="Underworld - Aufstand der Lykaner | 2009" | sourceType=XTREAM | Fields: ✓[year=2009, poster] ✗[plot, cast, director, backdrop, duration, tmdb]
2026-02-10 14:19:50.644 32287-32310 ishit.player.v2         com.fishit.player.v2                 I  Background concurrent copying GC freed 577649(30MB) AllocSpace objects, 0(0B) LOS objects, 38% free, 37MB/61MB, paused 165us,81us total 134.402ms
2026-02-10 14:19:50.756 32287-32529 XTC                     com.fishit.player.v2                 D  [VOD] DTO→Raw #9700 | id=xtream:vod:757415 | title="Wrong Turn 4: Bloody Beginnings | 2011 |" | sourceType=XTREAM | Fields: ✓[year=2011, poster] ✗[plot, cast, director, backdrop, duration, tmdb]
2026-02-10 14:19:51.006 32287-32590 XTC                     com.fishit.player.v2                 D  [VOD] DTO→Raw #9750 | id=xtream:vod:756711 | title="Hellraiser - Das Tor zur Hölle | 1987 | " | sourceType=XTREAM | Fields: ✓[year=1987, poster] ✗[plot, cast, director, backdrop, duration, tmdb]
2026-02-10 14:19:51.351 32287-1437  XTC                     com.fishit.player.v2                 D  [VOD] DTO→Raw #9800 | id=xtream:vod:727648 | title="Lethal Weapon 2 - Brennpunkt L.A. | 1989" | sourceType=XTREAM | Fields: ✓[year=1989, poster] ✗[plot, cast, director, backdrop, duration, tmdb]
2026-02-10 14:19:51.480 32287-32310 ishit.player.v2         com.fishit.player.v2                 I  Background concurrent copying GC freed 567314(30MB) AllocSpace objects, 0(0B) LOS objects, 38% free, 38MB/62MB, paused 82us,97us total 137.566ms
2026-02-10 14:19:51.868 32287-1401  XTC                     com.fishit.player.v2                 D  [VOD] DTO→Raw #9850 | id=xtream:vod:669425 | title="Die Familie Claus | 2020 | 5.9" | sourceType=XTREAM | Fields: ✓[year=2020, poster] ✗[plot, cast, director, backdrop, duration, tmdb]
2026-02-10 14:19:52.308 32287-32310 ishit.player.v2         com.fishit.player.v2                 I  Background concurrent copying GC freed 553302(29MB) AllocSpace objects, 0(0B) LOS objects, 38% free, 39MB/63MB, paused 89us,106us total 134.783ms
2026-02-10 14:19:52.363 32287-32590 XTC                     com.fishit.player.v2                 D  [VOD] DTO→Raw #9900 | id=xtream:vod:391916 | title="Fright Night 2 - Frisches Blut (2013)" | sourceType=XTREAM | Fields: ✓[year=2013, poster] ✗[plot, cast, director, backdrop, duration, tmdb]
2026-02-10 14:19:52.882 32287-32590 XTC                     com.fishit.player.v2                 D  [VOD] DTO→Raw #9950 | id=xtream:vod:391976 | title="Terminator (1984)" | sourceType=XTREAM | Fields: ✓[year=1984, poster] ✗[plot, cast, director, backdrop, duration, tmdb]
2026-02-10 14:19:53.091 32287-32310 ishit.player.v2         com.fishit.player.v2                 I  Background concurrent copying GC freed 554150(29MB) AllocSpace objects, 0(0B) LOS objects, 37% free, 39MB/63MB, paused 137us,144us total 136.288ms
2026-02-10 14:19:53.162 32287-1401  XTC                     com.fishit.player.v2                 D  [VOD] DTO→Raw #10000 | id=xtream:vod:434443 | title="Pepe, der Paukerschreck (1969)" | sourceType=XTREAM | Fields: ✓[year=1969, poster] ✗[plot, cast, director, backdrop, duration, tmdb]
2026-02-10 14:19:53.406 32287-32589 XtreamSyncService       com.fishit.player.v2                 D  Progress: vod=10000, series=6557, live=11629
2026-02-10 14:19:53.409 32287-32529 XTC                     com.fishit.player.v2                 D  [VOD] DTO→Raw #10050 | id=xtream:vod:434516 | title="Ginger Snaps - Das Biest in dir (2000)" | sourceType=XTREAM | Fields: ✓[year=2000, poster] ✗[plot, cast, director, backdrop, duration, tmdb]
2026-02-10 14:19:53.698 32287-32589 XTC                     com.fishit.player.v2                 D  [VOD] DTO→Raw #10100 | id=xtream:vod:434579 | title="James Bond 007 - Lizenz zum Töten (1989)" | sourceType=XTREAM | Fields: ✓[year=1989, poster] ✗[plot, cast, director, backdrop, duration, tmdb]
2026-02-10 14:19:53.867 32287-32310 ishit.player.v2         com.fishit.player.v2                 I  Background concurrent copying GC freed 577007(30MB) AllocSpace objects, 0(0B) LOS objects, 37% free, 40MB/64MB, paused 86us,49us total 139.376ms
2026-02-10 14:19:54.186 32287-32589 XTC                     com.fishit.player.v2                 D  [VOD] DTO→Raw #10150 | id=xtream:vod:434646 | title="Percy Jackson - Im Bann des Zyklopen (20" | sourceType=XTREAM | Fields: ✓[year=2013, poster] ✗[plot, cast, director, backdrop, duration, tmdb]
2026-02-10 14:19:54.505 32287-32529 XTC                     com.fishit.player.v2                 D  [VOD] DTO→Raw #10200 | id=xtream:vod:434710 | title="Smokin' Aces 2: Assassins' Ball (2010)" | sourceType=XTREAM | Fields: ✓[year=2010, poster] ✗[plot, cast, director, backdrop, duration, tmdb]
2026-02-10 14:19:54.681 32287-32310 ishit.player.v2         com.fishit.player.v2                 I  Background concurrent copying GC freed 698893(35MB) AllocSpace objects, 0(0B) LOS objects, 40% free, 35MB/59MB, paused 123us,73us total 170.230ms
2026-02-10 14:19:54.822 32287-32529 XTC                     com.fishit.player.v2                 D  [VOD] DTO→Raw #10250 | id=xtream:vod:434759 | title="Undisputed III: Redemption (2010)" | sourceType=XTREAM | Fields: ✓[year=2010, poster] ✗[plot, cast, director, backdrop, duration, tmdb]
2026-02-10 14:19:55.133 32287-32590 XTC                     com.fishit.player.v2                 D  [VOD] DTO→Raw #10300 | id=xtream:vod:799063 | title="Die üblichen Verdächtigen | 1995 | 8.5" | sourceType=XTREAM | Fields: ✓[year=1995, poster] ✗[plot, cast, director, backdrop, duration, tmdb]
2026-02-10 14:19:55.434 32287-32310 ishit.player.v2         com.fishit.player.v2                 I  Background concurrent copying GC freed 474330(25MB) AllocSpace objects, 0(0B) LOS objects, 37% free, 39MB/63MB, paused 82us,83us total 136.876ms
2026-02-10 14:19:55.462 32287-3118  XTC                     com.fishit.player.v2                 D  [VOD] DTO→Raw #10350 | id=xtream:vod:791310 | title="Barry Seal - Only in America | 2017 | 6." | sourceType=XTREAM | Fields: ✓[year=2017, poster] ✗[plot, cast, director, backdrop, duration, tmdb]
2026-02-10 14:19:55.768 32287-32589 XTC                     com.fishit.player.v2                 D  [VOD] DTO→Raw #10400 | id=xtream:vod:785509 | title="Blood Sister | 1991 | 7.1" | sourceType=XTREAM | Fields: ✓[year=1991, poster] ✗[plot, cast, director, backdrop, duration, tmdb]
2026-02-10 14:19:56.065 32287-32590 XTC                     com.fishit.player.v2                 D  [VOD] DTO→Raw #10450 | id=xtream:vod:780008 | title="Karate Kid: Legends | 2025 | 7.2" | sourceType=XTREAM | Fields: ✓[year=2025, poster] ✗[plot, cast, director, backdrop, duration, tmdb]
2026-02-10 14:19:56.243 32287-32310 ishit.player.v2         com.fishit.player.v2                 I  Background concurrent copying GC freed 564732(30MB) AllocSpace objects, 0(0B) LOS objects, 37% free, 39MB/63MB, paused 141us,92us total 134.237ms
2026-02-10 14:19:56.462 32287-32528 XTC                     com.fishit.player.v2                 D  [VOD] DTO→Raw #10500 | id=xtream:vod:772652 | title="The Electric State | 2025 | 6.2" | sourceType=XTREAM | Fields: ✓[year=2025, poster] ✗[plot, cast, director, backdrop, duration, tmdb]
2026-02-10 14:19:56.805 32287-3118  XTC                     com.fishit.player.v2                 D  [VOD] DTO→Raw #10550 | id=xtream:vod:764011 | title="Stargate: The Ark of Truth - Die Quelle " | sourceType=XTREAM | Fields: ✓[year=2008, poster] ✗[plot, cast, director, backdrop, duration, tmdb]
2026-02-10 14:19:56.806 32287-32529 XtreamSyncService       com.fishit.player.v2                 D  Progress: vod=10500, series=6557, live=11629
2026-02-10 14:19:57.077 32287-32310 ishit.player.v2         com.fishit.player.v2                 I  Background concurrent copying GC freed 563878(30MB) AllocSpace objects, 0(0B) LOS objects, 37% free, 39MB/63MB, paused 82us,49us total 143.204ms
2026-02-10 14:19:57.166 32287-32590 XTC                     com.fishit.player.v2                 D  [VOD] DTO→Raw #10600 | id=xtream:vod:755947 | title="Boneyard | 2024 | 5.3" | sourceType=XTREAM | Fields: ✓[year=2024, poster] ✗[plot, cast, director, backdrop, duration, tmdb]
2026-02-10 14:19:57.446 32287-32589 XTC                     com.fishit.player.v2                 D  [VOD] DTO→Raw #10650 | id=xtream:vod:749614 | title="Road Wars: Max Fury | 2024 | 5.1" | sourceType=XTREAM | Fields: ✓[year=2024, poster] ✗[plot, cast, director, backdrop, duration, tmdb]
2026-02-10 14:19:57.762 32287-32590 XTC                     com.fishit.player.v2                 D  [VOD] DTO→Raw #10700 | id=xtream:vod:742977 | title="Alienoid 2: The Return to the Future | 2" | sourceType=XTREAM | Fields: ✓[year=2024, poster] ✗[plot, cast, director, backdrop, duration, tmdb]
2026-02-10 14:19:57.970 32287-32310 ishit.player.v2         com.fishit.player.v2                 I  Background concurrent copying GC freed 665057(34MB) AllocSpace objects, 0(0B) LOS objects, 41% free, 34MB/58MB, paused 164us,86us total 131.144ms
2026-02-10 14:19:58.093 32287-3118  XTC                     com.fishit.player.v2                 D  [VOD] DTO→Raw #10750 | id=xtream:vod:733312 | title="Bad Company - Die Welt ist in guten Händ" | sourceType=XTREAM | Fields: ✓[year=2002, poster] ✗[plot, cast, director, backdrop, duration, tmdb]
2026-02-10 14:19:58.407 32287-32589 XTC                     com.fishit.player.v2                 D  [VOD] DTO→Raw #10800 | id=xtream:vod:704621 | title="Jiu Jitsu | 2020 | 5.8" | sourceType=XTREAM | Fields: ✓[year=2020, poster] ✗[plot, cast, director, backdrop, duration, tmdb]
2026-02-10 14:19:58.410 32287-32589 StreamingJsonParser     com.fishit.player.v2                 W  streamInBatches mapper error #1: timeout
2026-02-10 14:19:58.411 32287-32589 XtreamStreamFetcher     com.fishit.player.v2                 W  streamContentInBatches(get_movie_streams): streamFromUrl FAILED for alias=vod catId=null | SocketException: Socket closed
2026-02-10 14:19:58.412 32287-32589 XtreamStreamFetcher     com.fishit.player.v2                 D  streamFromUrl: CALLED for http://konigtv.com:8080/player_api.php?action=get_movies_streams&username=***&password=***
2026-02-10 14:19:58.647 32287-32589 XtreamStreamFetcher     com.fishit.player.v2                 D  streamFromUrl: Starting StreamingJsonParser.streamInBatches() for http://konigtv.com:8080/player_api.php?action=get_movies_streams&username=***&password=***
2026-02-10 14:19:58.649 32287-32589 XtreamStreamFetcher     com.fishit.player.v2                 D  StreamBatch: 0 items in 0 batches (2ms) | errors=0
2026-02-10 14:19:58.650 32287-32589 XtreamStreamFetcher     com.fishit.player.v2                 W  streamFromUrl: ZERO items parsed from http://konigtv.com:8080/player_api.php?action=get_movies_streams&username=***&password=*** | batchCount=0 errors=0
2026-02-10 14:19:58.650 32287-32589 CategoryFa...ckStrategy com.fishit.player.v2                 D  fetchScalarWithFallback: All fallback attempts exhausted for categoryId=null
2026-02-10 14:19:58.651 32287-32589 VodItemPhase            com.fishit.player.v2                 D  [VOD] Scan complete: 10800 items
2026-02-10 14:19:58.651 32287-32589 XTC                     com.fishit.player.v2                 I  Phase complete: VOD | items=10800 | duration=185766ms | rate=58 items/sec
2026-02-10 14:19:58.652 32287-32589 XtreamCatalogPipeline   com.fishit.player.v2                 I  Xtream catalog scan completed: 28986 items (live=11629, vod=10800, series=6557, episodes=0) in 186270ms
2026-02-10 14:19:58.830 32287-32310 ishit.player.v2         com.fishit.player.v2                 I  Background concurrent copying GC freed 483488(26MB) AllocSpace objects, 0(0B) LOS objects, 38% free, 38MB/62MB, paused 130us,81us total 142.027ms
2026-02-10 14:19:58.836 32287-32589 ChannelSyncBuffer       com.fishit.player.v2                 D  [SyncBuffer] Buffer closed, metrics: BufferMetrics(sent=28986, received=28000, inBuffer=986, backpressure=587, elapsed=186081ms, throughput=150.5/s)
2026-02-10 14:19:59.694 32287-32310 ishit.player.v2         com.fishit.player.v2                 I  Background concurrent copying GC freed 559741(29MB) AllocSpace objects, 0(0B) LOS objects, 38% free, 38MB/62MB, paused 148us,99us total 142.233ms
2026-02-10 14:20:00.572 32287-32310 ishit.player.v2         com.fishit.player.v2                 I  Background concurrent copying GC freed 567981(30MB) AllocSpace objects, 0(0B) LOS objects, 38% free, 38MB/62MB, paused 186us,49us total 146.261ms
2026-02-10 14:20:01.477 32287-32310 ishit.player.v2         com.fishit.player.v2                 I  Background concurrent copying GC freed 562129(30MB) AllocSpace objects, 0(0B) LOS objects, 38% free, 38MB/62MB, paused 176us,51us total 143.277ms
2026-02-10 14:20:02.354 32287-32310 ishit.player.v2         com.fishit.player.v2                 I  Background concurrent copying GC freed 561916(30MB) AllocSpace objects, 0(0B) LOS objects, 38% free, 38MB/62MB, paused 87us,89us total 141.434ms
2026-02-10 14:20:03.039 32287-32310 ishit.player.v2         com.fishit.player.v2                 I  Background young concurrent copying GC freed 333428(10MB) AllocSpace objects, 0(0B) LOS objects, 6% free, 58MB/62MB, paused 83us,51us total 150.509ms
2026-02-10 14:20:03.235 32287-32310 ishit.player.v2         com.fishit.player.v2                 I  Background concurrent copying GC freed 660819(34MB) AllocSpace objects, 0(0B) LOS objects, 41% free, 33MB/57MB, paused 151us,130us total 132.079ms
2026-02-10 14:20:04.134 32287-32310 ishit.player.v2         com.fishit.player.v2                 I  Background concurrent copying GC freed 488775(26MB) AllocSpace objects, 0(0B) LOS objects, 38% free, 37MB/61MB, paused 133us,80us total 137.767ms
2026-02-10 14:20:05.035 32287-32310 ishit.player.v2         com.fishit.player.v2                 I  Background concurrent copying GC freed 553847(29MB) AllocSpace objects, 0(0B) LOS objects, 39% free, 37MB/61MB, paused 191us,49us total 140.671ms
2026-02-10 14:20:06.027 32287-32310 ishit.player.v2         com.fishit.player.v2                 I  Background concurrent copying GC freed 556973(30MB) AllocSpace objects, 0(0B) LOS objects, 39% free, 36MB/60MB, paused 133us,89us total 138.508ms
2026-02-10 14:20:06.945 32287-32310 ishit.player.v2         com.fishit.player.v2                 I  Background concurrent copying GC freed 537030(29MB) AllocSpace objects, 0(0B) LOS objects, 38% free, 37MB/61MB, paused 139us,82us total 135.778ms
2026-02-10 14:20:07.419 32287-1401  ChannelSyncBuffer       com.fishit.player.v2                 D  [SyncBuffer] Consumer finished, flushed 36 remaining
2026-02-10 14:20:07.424 32287-32590 SyncCheckpointStore     com.fishit.player.v2                 D  Checkpoint cleared for xtream_xtream:Christoph10@konigtv.com
2026-02-10 14:20:07.425 32287-32590 SyncPerfMetrics         com.fishit.player.v2                 I  Sync app-default completed in 195047ms
2026-02-10 14:20:07.425 32287-32590 XtreamSyncService       com.fishit.player.v2                 D  Sync completed: 28986 items in 195047ms (live=11629, vod=10800, series=6557, episodes=0, skippedTimestamp=0, skippedFingerprint=0)
2026-02-10 14:20:07.426 32287-32590 CatalogSyncOrchestrator com.fishit.player.v2                 I  Xtream SUCCESS: vod=10800 series=6557 live=11629
2026-02-10 14:20:07.427 32287-32590 HomeCacheInvalidator    com.fishit.player.v2                 I  INVALIDATE_ALL source=XTREAM sync_run_id=ee3df026-838c-4a48-8821-a55841c0704b
2026-02-10 14:20:07.427 32287-32590 HomeCacheInvalidator    com.fishit.player.v2                 D  Cache invalidated: Home UI will refresh from DB on next query
2026-02-10 14:20:07.428 32287-32287 HomeViewModel           com.fishit.player.v2                 I  📢 Cache invalidation received: continue_watching - triggering paging refresh
2026-02-10 14:20:07.428 32287-32590 CatalogSyncOrchestrator com.fishit.player.v2                 I  SUCCESS duration_ms=195071 total_items=28686 sources=1
2026-02-10 14:20:07.429 32287-32590 NxHomeContentRepo       com.fishit.player.v2                 D  Cache invalidation detected: ContinueWatching, triggering paging refresh
2026-02-10 14:20:07.430 32287-32590 NxHomeContentRepo       com.fishit.player.v2                 D  Cache invalidation detected: RecentlyAdded, triggering paging refresh
2026-02-10 14:20:07.432 32287-32287 HomeViewModel           com.fishit.player.v2                 D  🔄 Movies PagingFlow recreated (trigger=1)
2026-02-10 14:20:07.432 32287-32287 NxHomeContentRepo       com.fishit.player.v2                 I  🎬 getMoviesPagingData() CALLED - Creating Movies PagingSource
2026-02-10 14:20:07.434 32287-32287 NxHomeContentRepo       com.fishit.player.v2                 D  🎬 Movies PagingSource FACTORY invoked
2026-02-10 14:20:07.456 32287-32287 HomeViewModel           com.fishit.player.v2                 I  📢 Cache invalidation received: recently_added - triggering paging refresh
2026-02-10 14:20:07.460 32287-32287 HomeViewModel           com.fishit.player.v2                 D  🔄 Movies PagingFlow recreated (trigger=2)
2026-02-10 14:20:07.461 32287-32287 NxHomeContentRepo       com.fishit.player.v2                 I  🎬 getMoviesPagingData() CALLED - Creating Movies PagingSource
2026-02-10 14:20:07.463 32287-32287 NxHomeContentRepo       com.fishit.player.v2                 D  🎬 Movies PagingSource FACTORY invoked
2026-02-10 14:20:07.464 32287-32287 HomeViewModel           com.fishit.player.v2                 I  📢 Cache invalidation received: movies - triggering paging refresh
2026-02-10 14:20:07.469 32287-32287 HomeViewModel           com.fishit.player.v2                 D  🔄 Movies PagingFlow recreated (trigger=3)
2026-02-10 14:20:07.469 32287-32287 NxHomeContentRepo       com.fishit.player.v2                 I  🎬 getMoviesPagingData() CALLED - Creating Movies PagingSource
2026-02-10 14:20:07.471 32287-32287 NxHomeContentRepo       com.fishit.player.v2                 D  🎬 Movies PagingSource FACTORY invoked
2026-02-10 14:20:07.473 32287-32287 HomeViewModel           com.fishit.player.v2                 I  📢 Cache invalidation received: series - triggering paging refresh
2026-02-10 14:20:07.477 32287-32287 HomeViewModel           com.fishit.player.v2                 D  🔄 Movies PagingFlow recreated (trigger=4)
2026-02-10 14:20:07.477 32287-32287 NxHomeContentRepo       com.fishit.player.v2                 I  🎬 getMoviesPagingData() CALLED - Creating Movies PagingSource
2026-02-10 14:20:07.479 32287-32287 NxHomeContentRepo       com.fishit.player.v2                 D  🎬 Movies PagingSource FACTORY invoked
2026-02-10 14:20:07.481 32287-32287 HomeViewModel           com.fishit.player.v2                 I  📢 Cache invalidation received: clips - triggering paging refresh
2026-02-10 14:20:07.485 32287-32287 HomeViewModel           com.fishit.player.v2                 D  🔄 Movies PagingFlow recreated (trigger=5)
2026-02-10 14:20:07.485 32287-32287 NxHomeContentRepo       com.fishit.player.v2                 I  🎬 getMoviesPagingData() CALLED - Creating Movies PagingSource
2026-02-10 14:20:07.487 32287-32287 NxHomeContentRepo       com.fishit.player.v2                 D  🎬 Movies PagingSource FACTORY invoked
2026-02-10 14:20:07.489 32287-32287 HomeViewModel           com.fishit.player.v2                 I  📢 Cache invalidation received: live_tv - triggering paging refresh
2026-02-10 14:20:07.493 32287-32287 HomeViewModel           com.fishit.player.v2                 D  🔄 Movies PagingFlow recreated (trigger=6)
2026-02-10 14:20:07.493 32287-32287 NxHomeContentRepo       com.fishit.player.v2                 I  🎬 getMoviesPagingData() CALLED - Creating Movies PagingSource
2026-02-10 14:20:07.495 32287-32287 NxHomeContentRepo       com.fishit.player.v2                 D  🎬 Movies PagingSource FACTORY invoked
2026-02-10 14:20:07.498 32287-32287 HomeViewModel           com.fishit.player.v2                 D  🔄 Series PagingFlow recreated (trigger=1)
2026-02-10 14:20:07.499 32287-32287 NxHomeContentRepo       com.fishit.player.v2                 I  📺 getSeriesPagingData() CALLED - Creating Series PagingSource
