2026-01-30 09:36:15.321 17307-18789 SyncPerfMetrics         com.fishit.player.v2                 D  Phase MOVIES started
2026-01-30 09:36:15.322 17307-18786 XTC                     com.fishit.player.v2                 D  [VOD] DTO→Raw #6150 | id=xtream:vod:798830 | title="825 Forest Road | 2025 | 5.9 |" | sourceType=XTREAM | Fields: ✓[year=2025, poster] ✗[plot, cast, director, backdrop, duration, tmdb]
2026-01-30 09:36:15.322 17307-18789 XtreamCatalogScanWorker com.fishit.player.v2                 D  PROGRESS discovered=27100 persisted=26800 phase=VOD
2026-01-30 09:36:15.327 17307-18786 XTC                     com.fishit.player.v2                 D  [VOD] DTO→Raw #6200 | id=xtream:vod:797304 | title="Frankenstein | 2025 | 7.9 |" | sourceType=XTREAM | Fields: ✓[year=2025, poster] ✗[plot, cast, director, backdrop, duration, tmdb]
2026-01-30 09:36:15.332 17307-18786 XTC                     com.fishit.player.v2                 D  [VOD] DTO→Raw #6250 | id=xtream:vod:794087 | title="Jenseits der blauen Grenze | 2024 | 6.4 " | sourceType=XTREAM | Fields: ✓[year=2024, poster] ✗[plot, cast, director, backdrop, duration, tmdb]
2026-01-30 09:36:15.333 17307-18789 XtreamCatalogScanWorker com.fishit.player.v2                 D  PROGRESS discovered=27200 persisted=26800 phase=null
2026-01-30 09:36:15.334 17307-18789 SyncPerfMetrics         com.fishit.player.v2                 D  Phase MOVIES started
2026-01-30 09:36:15.335 17307-18789 XtreamCatalogScanWorker com.fishit.player.v2                 D  PROGRESS discovered=27200 persisted=26800 phase=VOD
2026-01-30 09:36:15.339 17307-18786 XTC                     com.fishit.player.v2                 D  [VOD] DTO→Raw #6300 | id=xtream:vod:791360 | title="All of You | 2025 | 6.5 |" | sourceType=XTREAM | Fields: ✓[year=2025, poster] ✗[plot, cast, director, backdrop, duration, tmdb]
2026-01-30 09:36:15.343 17307-18789 XtreamCatalogScanWorker com.fishit.player.v2                 D  PROGRESS discovered=27300 persisted=26800 phase=null
2026-01-30 09:36:15.343 17307-18789 SyncPerfMetrics         com.fishit.player.v2                 D  Phase MOVIES started
2026-01-30 09:36:15.343 17307-18786 XTC                     com.fishit.player.v2                 D  [VOD] DTO→Raw #6350 | id=xtream:vod:788976 | title="Was ist Liebe wert - Materialists | 2025" | sourceType=XTREAM | Fields: ✓[year=2025, poster] ✗[plot, cast, director, backdrop, duration, tmdb]
2026-01-30 09:36:15.343 17307-18789 XtreamCatalogScanWorker com.fishit.player.v2                 D  PROGRESS discovered=27300 persisted=26800 phase=VOD
2026-01-30 09:36:15.348 17307-18786 XTC                     com.fishit.player.v2                 D  [VOD] DTO→Raw #6400 | id=xtream:vod:786362 | title="Checkmates - Ziemlich schräge Figuren | " | sourceType=XTREAM | Fields: ✓[year=2024, poster] ✗[plot, cast, director, backdrop, duration, tmdb]
2026-01-30 09:36:15.350 17307-17590 SyncBatchManager        com.fishit.player.v2                 D  Flushing MOVIES batch: 400 items (timeBased=false)
2026-01-30 09:36:15.350 17307-17590 CatalogSyncService      com.fishit.player.v2                 D  Persisting Xtream catalog batch (NX-ONLY): 400 items (canonical_linking=false)
2026-01-30 09:36:15.351 17307-18786 XTC                     com.fishit.player.v2                 D  [VOD] DTO→Raw #6450 | id=xtream:vod:783657 | title="The Ballad of Wallis Island | 2025 | 7.0" | sourceType=XTREAM | Fields: ✓[year=2025, poster] ✗[plot, cast, director, backdrop, duration, tmdb]
2026-01-30 09:36:18.301 17307-17307 InputMethodManagerUtils com.fishit.player.v2                 D  startInputInner - Id : 0
2026-01-30 09:36:18.301 17307-17307 InputMethodManager      com.fishit.player.v2                 I  startInputInner - IInputMethodManagerGlobalInvoker.startInputOrWindowGainedFocus
2026-01-30 09:36:18.362 17307-17307 InsetsController        com.fishit.player.v2                 D  show(ime(), fromIme=true)
2026-01-30 09:36:18.363 17307-17307 ImeTracker              com.fishit.player.v2                 I  com.fishit.player.v2:fc602225: onCancelled at PHASE_CLIENT_APPLY_ANIMATION
2026-01-30 09:36:18.449 17307-17322 ishit.player.v2         com.fishit.player.v2                 I  Background concurrent copying GC freed 707747(30MB) AllocSpace objects, 0(0B) LOS objects, 44% free, 30MB/54MB, paused 132us,65us total 100.744ms
2026-01-30 09:36:18.450 17307-17323 InputTransport          com.fishit.player.v2                 D  Input channel destroyed: 'ClientS', fd=133
2026-01-30 09:36:18.603 17307-17307 InputMethodManagerUtils com.fishit.player.v2                 D  startInputInner - Id : 0
2026-01-30 09:36:18.604 17307-17307 InputMethodManager      com.fishit.player.v2                 I  startInputInner - IInputMethodManagerGlobalInvoker.startInputOrWindowGainedFocus
2026-01-30 09:36:18.669 17307-17307 InsetsController        com.fishit.player.v2                 D  show(ime(), fromIme=true)
2026-01-30 09:36:18.669 17307-17307 ImeTracker              com.fishit.player.v2                 I  com.fishit.player.v2:1410effc: onCancelled at PHASE_CLIENT_APPLY_ANIMATION
2026-01-30 09:36:18.954 17307-17323 InputTransport          com.fishit.player.v2                 D  Input channel destroyed: 'ClientS', fd=133
2026-01-30 09:36:19.565 17307-17590 CatalogSyncService      com.fishit.player.v2                 D  Xtream batch complete (HOT PATH/NX): ingested=200 total_ms=5976
2026-01-30 09:36:19.565 17307-17590 CatalogSyncService      com.fishit.player.v2                 D  Time-based flush MOVIES: 200 items in 5976ms
2026-01-30 09:36:21.066 17307-18786 CatalogSyncService      com.fishit.player.v2                 D  Xtream batch complete (HOT PATH/NX): ingested=400 total_ms=5716
2026-01-30 09:36:21.066 17307-18786 XtreamCatalogScanWorker com.fishit.player.v2                 D  PROGRESS discovered=27400 persisted=27400 phase=null
2026-01-30 09:36:21.067 17307-18786 SyncPerfMetrics         com.fishit.player.v2                 D  Phase MOVIES started
2026-01-30 09:36:21.067 17307-18786 XtreamCatalogScanWorker com.fishit.player.v2                 D  PROGRESS discovered=27400 persisted=27400 phase=VOD
2026-01-30 09:36:21.071 17307-17590 XTC                     com.fishit.player.v2                 D  [VOD] DTO→Raw #6500 | id=xtream:vod:780844 | title="Shadow of God | 2025 | 5.0 |" | sourceType=XTREAM | Fields: ✓[year=2025, poster] ✗[plot, cast, director, backdrop, duration, tmdb]
2026-01-30 09:36:21.071 17307-17579 XtreamCatalogScanWorker com.fishit.player.v2                 D  PROGRESS discovered=27500 persisted=27400 phase=null
2026-01-30 09:36:21.072 17307-17579 SyncPerfMetrics         com.fishit.player.v2                 D  Phase MOVIES started
2026-01-30 09:36:21.072 17307-17579 XtreamCatalogScanWorker com.fishit.player.v2                 D  PROGRESS discovered=27500 persisted=27400 phase=VOD
2026-01-30 09:36:21.098 17307-17590 XTC                     com.fishit.player.v2                 D  [VOD] DTO→Raw #6550 | id=xtream:vod:779064 | title="Escape - Der unsichtbare Feind | 2024 | " | sourceType=XTREAM | Fields: ✓[year=2024, poster] ✗[plot, cast, director, backdrop, duration, tmdb]
2026-01-30 09:36:21.103 17307-17590 XTC                     com.fishit.player.v2                 D  [VOD] DTO→Raw #6600 | id=xtream:vod:776412 | title="WWE WrestleMania 41: Sunday | 2025 | 6.1" | sourceType=XTREAM | Fields: ✓[year=2025, poster] ✗[plot, cast, director, backdrop, duration, tmdb]
2026-01-30 09:36:21.103 17307-17579 XtreamCatalogScanWorker com.fishit.player.v2                 D  PROGRESS discovered=27600 persisted=27400 phase=null
2026-01-30 09:36:21.104 17307-17579 SyncPerfMetrics         com.fishit.player.v2                 D  Phase MOVIES started
2026-01-30 09:36:21.104 17307-17579 XtreamCatalogScanWorker com.fishit.player.v2                 D  PROGRESS discovered=27600 persisted=27400 phase=VOD
2026-01-30 09:36:21.107 17307-17590 XTC                     com.fishit.player.v2                 D  [VOD] DTO→Raw #6650 | id=xtream:vod:773840 | title="Vena | 2024 | 7.7 |" | sourceType=XTREAM | Fields: ✓[year=2024, poster] ✗[plot, cast, director, backdrop, duration, tmdb]
2026-01-30 09:36:21.112 17307-17590 XTC                     com.fishit.player.v2                 D  [VOD] DTO→Raw #6700 | id=xtream:vod:771263 | title="Old Guy - Alter Hund mit neuen Tricks | " | sourceType=XTREAM | Fields: ✓[year=2024, poster] ✗[plot, cast, director, backdrop, duration, tmdb]
2026-01-30 09:36:21.112 17307-18786 XtreamCatalogScanWorker com.fishit.player.v2                 D  PROGRESS discovered=27700 persisted=27400 phase=null
2026-01-30 09:36:21.113 17307-18786 SyncPerfMetrics         com.fishit.player.v2                 D  Phase MOVIES started
2026-01-30 09:36:21.113 17307-18786 XtreamCatalogScanWorker com.fishit.player.v2                 D  PROGRESS discovered=27700 persisted=27400 phase=VOD
2026-01-30 09:36:21.116 17307-17590 XTC                     com.fishit.player.v2                 D  [VOD] DTO→Raw #6750 | id=xtream:vod:767670 | title="We Live in Time | 2024 | 7.5 |" | sourceType=XTREAM | Fields: ✓[year=2024, poster] ✗[plot, cast, director, backdrop, duration, tmdb]
2026-01-30 09:36:21.121 17307-17590 XTC                     com.fishit.player.v2                 D  [VOD] DTO→Raw #6800 | id=xtream:vod:765621 | title="The Killer | 2024 | 6.4 |" | sourceType=XTREAM | Fields: ✓[year=2024, poster] ✗[plot, cast, director, backdrop, duration, tmdb]
2026-01-30 09:36:21.121 17307-17579 SyncBatchManager        com.fishit.player.v2                 D  Flushing MOVIES batch: 400 items (timeBased=false)
2026-01-30 09:36:21.122 17307-17579 CatalogSyncService      com.fishit.player.v2                 D  Persisting Xtream catalog batch (NX-ONLY): 400 items (canonical_linking=false)
2026-01-30 09:36:21.124 17307-17590 XTC                     com.fishit.player.v2                 D  [VOD] DTO→Raw #6850 | id=xtream:vod:763435 | title="Escape: Flucht in die Freiheit | 2024 | " | sourceType=XTREAM | Fields: ✓[year=2024, poster] ✗[plot, cast, director, backdrop, duration, tmdb]
2026-01-30 09:36:22.305 17307-17307 ImeTracker              com.fishit.player.v2                 I  com.fishit.player.v2:bd4daa77: onRequestHide at ORIGIN_CLIENT_HIDE_SOFT_INPUT reason HIDE_SOFT_INPUT_BY_INSETS_API
2026-01-30 09:36:22.308 17307-17307 InsetsController        com.fishit.player.v2                 I  setRequestedVisibleTypes: visible=false, mask=ime, host=com.fishit.player.v2/com.fishit.player.v2.MainActivity, from=android.view.InsetsController.controlAnimationUnchecked:1445 android.view.InsetsController.applyAnimation:2005 android.view.InsetsController.applyAnimation:1968 android.view.InsetsController.hide:1403 android.view.InsetsController.hide:1342 androidx.core.view.SoftwareKeyboardControllerCompat$Impl30.hide:227 androidx.core.view.SoftwareKeyboardControllerCompat.hide:81 androidx.compose.ui.text.input.InputMethodManagerImpl.hideSoftInput:85 androidx.compose.ui.text.input.TextInputServiceAndroid.setKeyboardVisibleImmediately:477 androidx.compose.ui.text.input.TextInputServiceAndroid.processInputCommands:359
2026-01-30 09:36:22.310 17307-17307 ImeTracker              com.fishit.player.v2                 I  com.fishit.player.v2:f50608ad: onRequestHide at ORIGIN_CLIENT_HIDE_SOFT_INPUT reason HIDE_SOFT_INPUT_BY_INSETS_API
2026-01-30 09:36:22.311 17307-17307 InputMethodManager_LC   com.fishit.player.v2                 I  notifyImeHidden: IInputMethodManagerGlobalInvoker.hideSoftInput
2026-01-30 09:36:22.316 17307-17307 InsetsController        com.fishit.player.v2                 I  controlAnimationUncheckedInner: Added types=ime, animType=1, host=com.fishit.player.v2/com.fishit.player.v2.MainActivity, from=android.view.InsetsController.controlAnimationUnchecked:1449 android.view.InsetsController.applyAnimation:2005 android.view.InsetsController.applyAnimation:1968
2026-01-30 09:36:22.323 17307-17307 ImeTracker              com.fishit.player.v2                 I  com.fishit.player.v2:f50608ad: onCancelled at PHASE_CLIENT_APPLY_ANIMATION
2026-01-30 09:36:22.332 17307-17337 ViewRootIm...nActivity] com.fishit.player.v2                 I  Resizing android.view.ViewRootImpl@89899e: frame = [0,0][1080,2400] reportDraw = false forceLayout = false syncSeqId = -1
2026-01-30 09:36:22.361 17307-17307 WindowOnBackDispatcher  com.fishit.player.v2                 W  sendCancelIfRunning: isInProgress=falsecallback=ImeCallback=ImeOnBackInvokedCallback@162403614 Callback=android.window.IOnBackInvokedCallback$Stub$Proxy@28d1e46
2026-01-30 09:36:22.366 17307-17307 InsetsController        com.fishit.player.v2                 I  onStateChanged: host=com.fishit.player.v2/com.fishit.player.v2.MainActivity, from=android.view.ViewRootImpl$ViewRootHandler.handleMessageImpl:7209, state=InsetsState: {mDisplayFrame=Rect(0, 0 - 1080, 2400), mDisplayCutout=DisplayCutout{insets=Rect(0, 80 - 0, 0) waterfall=Insets{left=0, top=0, right=0, bottom=0} boundingRect={Bounds=[Rect(0, 0 - 0, 0), Rect(510, 0 - 570, 80), Rect(0, 0 - 0, 0), Rect(0, 0 - 0, 0)]} cutoutPathParserInfo={CutoutPathParserInfo{displayWidth=1080 displayHeight=2400 physicalDisplayWidth=1080 physicalDisplayHeight=2400 density={3.0} cutoutSpec={M 0,0 H -10 V 26.66666666666667 H 10 V 0 H 0 Z @dp} rotation={0} scale={1.0} physicalPixelDisplaySizeRatio={1.0}}}}, mRoundedCorners=RoundedCorners{[RoundedCorner{position=TopLeft, radius=90, center=Point(90, 90)}, RoundedCorner{position=TopRight, radius=90, center=Point(990, 90)}, RoundedCorner{position=BottomRight, radius=90, center=Point(990, 2310)}, RoundedCorner{position=BottomLeft, radius=90, center=Point(90, 2310)}]}  mRoundedCornerFrame=Rect(0, 0 - 1080, 2400), mPrivacyIndicatorBounds=PrivacyIndicatorBounds {static bounds=Rect(948, 0 - 1080, 80) rotation=0}, mDisplayShape=DisplayShape{ spec=-311912193 displayWidth=1080 displayHeight=2400 physicalPixelDisplaySizeRatio=1.0 rotation=0 offsetX=0 offsetY=0 scale=1.0}, mSources= { InsetsSource: {3 mType=ime mFrame=[0,2256][1080,2400] mVisible=false mFlags=[]}, InsetsSource: {27 mType=displayCutout mFrame=[0,0][1080,80] mVisible=true mFlags=[]}, InsetsSource: {24df0000 mType=statusBars mFrame=[0,0][1080,80] mVisible=true mFlags=[]}, InsetsSource: {24df0005 mType=mandatorySystemGestures mFrame=[0,0][1080,116] mVisible=true mFlags=[]}, InsetsSource: {24df0006 mType=tappableElement mFrame=[0,0][1080,80] mVisible=true mFlags=[]}, InsetsSource: {68b60001 mType=navigationBars mFrame=[0,2256][1080,2400] mVisible=true mFlags=[]}, InsetsSource: {68b60004 mType=systemGestures mFrame=[0,0][0,0] mVisible=true mFlags=[]}, InsetsSource: {68b60005 mType=mandatorySystemGestures mFrame=[0,2256][1080,2400] mVisible=true mFlags=[]}, InsetsSource: {68b60006 mType=tappableElement mFrame=[0,2256][1080,2400] mVisible=true mFlags=[]}, InsetsSource: {68b60024 mType=systemGestures mFrame=[0,0][0,0] mVisible=true mFlags=[]} }
2026-01-30 09:36:22.369 17307-17307 InsetsSourceConsumer    com.fishit.player.v2                 I  applyRequestedVisibilityToControl: visible=true, type=navigationBars, host=com.fishit.player.v2/com.fishit.player.v2.MainActivity
2026-01-30 09:36:22.373 17307-17307 ViewRootIm...nActivity] com.fishit.player.v2                 I  handleResized, msg = 4 frames=ClientWindowFrames{frame=[0,0][1080,2400] display=[0,0][1080,2400] parentFrame=[0,0][0,0]} forceNextWindowRelayout=false displayId=0 dragResizing=false compatScale=1.0 frameChanged=false attachedFrameChanged=false configChanged=false displayChanged=false compatScaleChanged=false
2026-01-30 09:36:22.378 17307-17307 InsetsController        com.fishit.player.v2                 I  cancelAnimation: types=ime, animType=1, host=com.fishit.player.v2/com.fishit.player.v2.MainActivity, from=android.view.InsetsController.notifyFinished:1748 android.view.InsetsAnimationThreadControlRunner$1.lambda$notifyFinished$0:85 android.view.InsetsAnimationThreadControlRunner$1.$r8$lambda$RAf1SfIREsj9-wH5FOigMy6eLkM:0
2026-01-30 09:36:22.379 17307-17307 ImeTracker              com.fishit.player.v2                 I  com.fishit.player.v2:aabcfcc6: onRequestHide at ORIGIN_CLIENT_HIDE_SOFT_INPUT reason HIDE_SOFT_INPUT_BY_INSETS_API
2026-01-30 09:36:22.380 17307-17307 InputMethodManager_LC   com.fishit.player.v2                 I  notifyImeHidden: IInputMethodManagerGlobalInvoker.hideSoftInput
2026-01-30 09:36:22.383 17307-17307 ImeTracker              com.fishit.player.v2                 I  com.fishit.player.v2:bd4daa77: onHidden
2026-01-30 09:36:22.465 17307-17322 ishit.player.v2         com.fishit.player.v2                 I  Background concurrent copying GC freed 582421(25MB) AllocSpace objects, 0(0B) LOS objects, 39% free, 36MB/60MB, paused 2.460ms,105us total 164.963ms
2026-01-30 09:36:22.893 17307-17337 ViewRootIm...nActivity] com.fishit.player.v2                 I  Resizing android.view.ViewRootImpl@89899e: frame = [0,0][1080,2400] reportDraw = false forceLayout = false syncSeqId = -1
2026-01-30 09:36:22.895 17307-17307 InsetsController        com.fishit.player.v2                 I  onStateChanged: host=com.fishit.player.v2/com.fishit.player.v2.MainActivity, from=android.view.ViewRootImpl$ViewRootHandler.handleMessageImpl:7196, state=InsetsState: {mDisplayFrame=Rect(0, 0 - 1080, 2400), mDisplayCutout=DisplayCutout{insets=Rect(0, 80 - 0, 0) waterfall=Insets{left=0, top=0, right=0, bottom=0} boundingRect={Bounds=[Rect(0, 0 - 0, 0), Rect(510, 0 - 570, 80), Rect(0, 0 - 0, 0), Rect(0, 0 - 0, 0)]} cutoutPathParserInfo={CutoutPathParserInfo{displayWidth=1080 displayHeight=2400 physicalDisplayWidth=1080 physicalDisplayHeight=2400 density={3.0} cutoutSpec={M 0,0 H -10 V 26.66666666666667 H 10 V 0 H 0 Z @dp} rotation={0} scale={1.0} physicalPixelDisplaySizeRatio={1.0}}}}, mRoundedCorners=RoundedCorners{[RoundedCorner{position=TopLeft, radius=90, center=Point(90, 90)}, RoundedCorner{position=TopRight, radius=90, center=Point(990, 90)}, RoundedCorner{position=BottomRight, radius=90, center=Point(990, 2310)}, RoundedCorner{position=BottomLeft, radius=90, center=Point(90, 2310)}]}  mRoundedCornerFrame=Rect(0, 0 - 1080, 2400), mPrivacyIndicatorBounds=PrivacyIndicatorBounds {static bounds=Rect(948, 0 - 1080, 80) rotation=0}, mDisplayShape=DisplayShape{ spec=-311912193 displayWidth=1080 displayHeight=2400 physicalPixelDisplaySizeRatio=1.0 rotation=0 offsetX=0 offsetY=0 scale=1.0}, mSources= { InsetsSource: {3 mType=ime mFrame=[0,0][0,0] mVisible=false mFlags=[]}, InsetsSource: {27 mType=displayCutout mFrame=[0,0][1080,80] mVisible=true mFlags=[]}, InsetsSource: {24df0000 mType=statusBars mFrame=[0,0][1080,80] mVisible=true mFlags=[]}, InsetsSource: {24df0005 mType=mandatorySystemGestures mFrame=[0,0][1080,116] mVisible=true mFlags=[]}, InsetsSource: {24df0006 mType=tappableElement mFrame=[0,0][1080,80] mVisible=true mFlags=[]}, InsetsSource: {68b60001 mType=navigationBars mFrame=[0,2256][1080,2400] mVisible=true mFlags=[]}, InsetsSource: {68b60004 mType=systemGestures mFrame=[0,0][0,0] mVisible=true mFlags=[]}, InsetsSource: {68b60005 mType=mandatorySystemGestures mFrame=[0,2256][1080,2400] mVisible=true mFlags=[]}, InsetsSource: {68b60006 mType=tappableElement mFrame=[0,2256][1080,2400] mVisible=true mFlags=[]}, InsetsSource: {68b60024 mType=systemGestures mFrame=[0,0][0,0] mVisible=true mFlags=[]} }
2026-01-30 09:36:22.895 17307-17307 ViewRootIm...nActivity] com.fishit.player.v2                 I  handleResized, msg = 4 frames=ClientWindowFrames{frame=[0,0][1080,2400] display=[0,0][1080,2400] parentFrame=[0,0][0,0]} forceNextWindowRelayout=false displayId=0 dragResizing=false compatScale=1.0 frameChanged=false attachedFrameChanged=false configChanged=false displayChanged=false compatScaleChanged=false
2026-01-30 09:36:23.360 17307-18013 CatalogSyncService      com.fishit.player.v2                 D  Xtream batch complete (HOT PATH/NX): ingested=400 total_ms=2237
2026-01-30 09:36:23.360 17307-18013 XtreamCatalogScanWorker com.fishit.player.v2                 D  PROGRESS discovered=27800 persisted=27800 phase=null
2026-01-30 09:36:23.361 17307-18013 SyncPerfMetrics         com.fishit.player.v2                 D  Phase MOVIES started
2026-01-30 09:36:23.361 17307-18013 XtreamCatalogScanWorker com.fishit.player.v2                 D  PROGRESS discovered=27800 persisted=27800 phase=VOD
2026-01-30 09:36:23.365 17307-17590 XTC                     com.fishit.player.v2                 D  [VOD] DTO→Raw #6900 | id=xtream:vod:761313 | title="Blitz | 2024 | 5.2 |" | sourceType=XTREAM | Fields: ✓[year=2024, poster] ✗[plot, cast, director, backdrop, duration, tmdb]
2026-01-30 09:36:23.369 17307-17590 XTC                     com.fishit.player.v2                 D  [VOD] DTO→Raw #6950 | id=xtream:vod:756534 | title="Libre | 2024 | 5.9 |" | sourceType=XTREAM | Fields: ✓[year=2024, poster] ✗[plot, cast, director, backdrop, duration, tmdb]
2026-01-30 09:36:23.369 17307-18013 XtreamCatalogScanWorker com.fishit.player.v2                 D  PROGRESS discovered=27900 persisted=27800 phase=null
2026-01-30 09:36:23.370 17307-18013 SyncPerfMetrics         com.fishit.player.v2                 D  Phase MOVIES started
2026-01-30 09:36:23.371 17307-18013 XtreamCatalogScanWorker com.fishit.player.v2                 D  PROGRESS discovered=27900 persisted=27800 phase=VOD
2026-01-30 09:36:23.374 17307-17590 XTC                     com.fishit.player.v2                 D  [VOD] DTO→Raw #7000 | id=xtream:vod:755046 | title="Arcadian | 2024 | 6.0 |" | sourceType=XTREAM | Fields: ✓[year=2024, poster] ✗[plot, cast, director, backdrop, duration, tmdb]
2026-01-30 09:36:23.378 17307-18013 XtreamCatalogScanWorker com.fishit.player.v2                 D  PROGRESS discovered=28000 persisted=27800 phase=null
2026-01-30 09:36:23.379 17307-18013 SyncPerfMetrics         com.fishit.player.v2                 D  Phase MOVIES started
2026-01-30 09:36:23.379 17307-18013 XtreamCatalogScanWorker com.fishit.player.v2                 D  PROGRESS discovered=28000 persisted=27800 phase=VOD
2026-01-30 09:36:23.380 17307-17611 SyncBatchManager        com.fishit.player.v2                 D  Time-based flush for MOVIES: 200 items after 2258ms
2026-01-30 09:36:23.381 17307-17611 SyncBatchManager        com.fishit.player.v2                 D  Flushing MOVIES batch: 200 items (timeBased=true)
2026-01-30 09:36:23.382 17307-17611 CatalogSyncService      com.fishit.player.v2                 D  Persisting Xtream catalog batch (NX-ONLY): 200 items (canonical_linking=false)
2026-01-30 09:36:23.400 17307-17590 XTC                     com.fishit.player.v2                 D  [VOD] DTO→Raw #7050 | id=xtream:vod:753417 | title="The Crow | 2024 | 5.3 |" | sourceType=XTREAM | Fields: ✓[year=2024, poster] ✗[plot, cast, director, backdrop, duration, tmdb]
2026-01-30 09:36:23.404 17307-17590 XTC                     com.fishit.player.v2                 D  [VOD] DTO→Raw #7100 | id=xtream:vod:751157 | title="The Good Half | 2024 | 5.3 |" | sourceType=XTREAM | Fields: ✓[year=2024, poster] ✗[plot, cast, director, backdrop, duration, tmdb]
2026-01-30 09:36:23.405 17307-18786 XtreamCatalogScanWorker com.fishit.player.v2                 D  PROGRESS discovered=28100 persisted=27800 phase=null
2026-01-30 09:36:23.407 17307-18786 SyncPerfMetrics         com.fishit.player.v2                 D  Phase MOVIES started
2026-01-30 09:36:23.407 17307-17590 XTC                     com.fishit.player.v2                 D  [VOD] DTO→Raw #7150 | id=xtream:vod:749239 | title="Nightwatch - Demons Are Forever | 2023 |" | sourceType=XTREAM | Fields: ✓[year=2023, poster] ✗[plot, cast, director, backdrop, duration, tmdb]
2026-01-30 09:36:23.408 17307-18786 XtreamCatalogScanWorker com.fishit.player.v2                 D  PROGRESS discovered=28100 persisted=27800 phase=VOD
2026-01-30 09:36:23.411 17307-17579 XTC                     com.fishit.player.v2                 D  [VOD] DTO→Raw #7200 | id=xtream:vod:746657 | title="Spieleabend | 2024 | 6.7 |" | sourceType=XTREAM | Fields: ✓[year=2024, poster] ✗[plot, cast, director, backdrop, duration, tmdb]
2026-01-30 09:36:23.416 17307-17590 XTC                     com.fishit.player.v2                 D  [VOD] DTO→Raw #7250 | id=xtream:vod:744770 | title="We Grown Now | 2024 | 7.2 |" | sourceType=XTREAM | Fields: ✓[year=2024, poster] ✗[plot, cast, director, backdrop, duration, tmdb]
2026-01-30 09:36:23.417 17307-18786 XtreamCatalogScanWorker com.fishit.player.v2                 D  PROGRESS discovered=28200 persisted=27800 phase=null
2026-01-30 09:36:23.418 17307-18786 SyncPerfMetrics         com.fishit.player.v2                 D  Phase MOVIES started
2026-01-30 09:36:23.419 17307-18786 XtreamCatalogScanWorker com.fishit.player.v2                 D  PROGRESS discovered=28200 persisted=27800 phase=VOD
2026-01-30 09:36:23.426 17307-17578 XTC                     com.fishit.player.v2                 D  [VOD] DTO→Raw #7300 | id=xtream:vod:743327 | title="The Last Rifleman | 2023 | 6.7 |" | sourceType=XTREAM | Fields: ✓[year=2023, poster] ✗[plot, cast, director, backdrop, duration, tmdb]
2026-01-30 09:36:23.426 17307-17609 XtreamCatalogScanWorker com.fishit.player.v2                 D  PROGRESS discovered=28300 persisted=27800 phase=null
2026-01-30 09:36:23.428 17307-17609 SyncPerfMetrics         com.fishit.player.v2                 D  Phase MOVIES started
2026-01-30 09:36:23.428 17307-17609 XtreamCatalogScanWorker com.fishit.player.v2                 D  PROGRESS discovered=28300 persisted=27800 phase=VOD
2026-01-30 09:36:23.430 17307-17578 XTC                     com.fishit.player.v2                 D  [VOD] DTO→Raw #7350 | id=xtream:vod:741596 | title="Chantal im Märchenland | 2024 | 5.2 |" | sourceType=XTREAM | Fields: ✓[year=2024, poster] ✗[plot, cast, director, backdrop, duration, tmdb]
2026-01-30 09:36:23.434 17307-17578 XTC                     com.fishit.player.v2                 D  [VOD] DTO→Raw #7400 | id=xtream:vod:740067 | title="Die Knochenfrau | 2023 | 5.8 |" | sourceType=XTREAM | Fields: ✓[year=2023, poster] ✗[plot, cast, director, backdrop, duration, tmdb]
2026-01-30 09:36:23.437 17307-17609 SyncBatchManager        com.fishit.player.v2                 D  Flushing MOVIES batch: 400 items (timeBased=false)
2026-01-30 09:36:23.437 17307-17578 XTC                     com.fishit.player.v2                 D  [VOD] DTO→Raw #7450 | id=xtream:vod:731525 | title="Für immer | 2023 | 6.1 |" | sourceType=XTREAM | Fields: ✓[year=2023, poster] ✗[plot, cast, director, backdrop, duration, tmdb]
2026-01-30 09:36:23.438 17307-17609 CatalogSyncService      com.fishit.player.v2                 D  Persisting Xtream catalog batch (NX-ONLY): 400 items (canonical_linking=false)
2026-01-30 09:36:24.373 17307-17322 ishit.player.v2         com.fishit.player.v2                 I  Background concurrent copying GC freed 818898(34MB) AllocSpace objects, 0(0B) LOS objects, 39% free, 36MB/60MB, paused 250us,149us total 287.574ms
2026-01-30 09:36:24.552 17307-17307 ViewRootIm...nActivity] com.fishit.player.v2                 I  ViewPostIme pointer 0
2026-01-30 09:36:24.662 17307-17590 CatalogSyncService      com.fishit.player.v2                 D  Xtream batch complete (HOT PATH/NX): ingested=200 total_ms=1281
2026-01-30 09:36:24.663 17307-17590 CatalogSyncService      com.fishit.player.v2                 D  Time-based flush MOVIES: 200 items in 1282ms
2026-01-30 09:36:24.735 17307-17307 ViewRootIm...nActivity] com.fishit.player.v2                 I  ViewPostIme pointer 1
2026-01-30 09:36:24.878 17307-17322 ishit.player.v2         com.fishit.player.v2                 I  Background young concurrent copying GC freed 539832(20MB) AllocSpace objects, 0(0B) LOS objects, 26% free, 44MB/60MB, paused 59us,121us total 109.002ms
2026-01-30 09:36:25.210 17307-17307 ViewRootIm...nActivity] com.fishit.player.v2                 I  ViewPostIme pointer 0
2026-01-30 09:36:25.385 17307-17307 ViewRootIm...nActivity] com.fishit.player.v2                 I  ViewPostIme pointer 1
2026-01-30 09:36:25.585 17307-17307 ViewRootIm...nActivity] com.fishit.player.v2                 I  ViewPostIme pointer 0
2026-01-30 09:36:25.758 17307-17307 ViewRootIm...nActivity] com.fishit.player.v2                 I  ViewPostIme pointer 1
2026-01-30 09:36:25.772 17307-17322 ishit.player.v2         com.fishit.player.v2                 I  Background young concurrent copying GC freed 355335(12MB) AllocSpace objects, 0(0B) LOS objects, 15% free, 41MB/49MB, paused 126us,73us total 115.093ms
2026-01-30 09:36:25.886 17307-18788 CatalogSyncService      com.fishit.player.v2                 D  Xtream batch complete (HOT PATH/NX): ingested=400 total_ms=2448
2026-01-30 09:36:25.887 17307-18788 XtreamCatalogScanWorker com.fishit.player.v2                 D  PROGRESS discovered=28400 persisted=28400 phase=null
2026-01-30 09:36:25.887 17307-18788 SyncPerfMetrics         com.fishit.player.v2                 D  Phase MOVIES started
2026-01-30 09:36:25.888 17307-18788 XtreamCatalogScanWorker com.fishit.player.v2                 D  PROGRESS discovered=28400 persisted=28400 phase=VOD
2026-01-30 09:36:25.891 17307-17611 XTC                     com.fishit.player.v2                 D  [VOD] DTO→Raw #7500 | id=xtream:vod:728107 | title="My Name Is Loh Kiwan | 2024 | 6.0 |" | sourceType=XTREAM | Fields: ✓[year=2024, poster] ✗[plot, cast, director, backdrop, duration, tmdb]
2026-01-30 09:36:25.891 17307-18789 XtreamCatalogScanWorker com.fishit.player.v2                 D  PROGRESS discovered=28500 persisted=28400 phase=null
2026-01-30 09:36:25.892 17307-18789 SyncPerfMetrics         com.fishit.player.v2                 D  Phase MOVIES started
2026-01-30 09:36:25.892 17307-18789 XtreamCatalogScanWorker com.fishit.player.v2                 D  PROGRESS discovered=28500 persisted=28400 phase=VOD
2026-01-30 09:36:25.918 17307-17611 XTC                     com.fishit.player.v2                 D  [VOD] DTO→Raw #7550 | id=xtream:vod:704641 | title="Cat Person | 2023 | 6.2 |" | sourceType=XTREAM | Fields: ✓[year=2023, poster] ✗[plot, cast, director, backdrop, duration, tmdb]
2026-01-30 09:36:25.923 17307-17611 XTC                     com.fishit.player.v2                 D  [VOD] DTO→Raw #7600 | id=xtream:vod:696436 | title="Naughty - Entfesselte Lust | 2023 | 5.8 " | sourceType=XTREAM | Fields: ✓[year=2023, poster] ✗[plot, cast, director, backdrop, duration, tmdb]
2026-01-30 09:36:25.924 17307-18786 XtreamCatalogScanWorker com.fishit.player.v2                 D  PROGRESS discovered=28600 persisted=28400 phase=null
2026-01-30 09:36:25.926 17307-18786 SyncPerfMetrics         com.fishit.player.v2                 D  Phase MOVIES started
2026-01-30 09:36:25.927 17307-17611 XTC                     com.fishit.player.v2                 D  [VOD] DTO→Raw #7650 | id=xtream:vod:692594 | title="Slotherhouse - Ein Faultier zum Fürchten" | sourceType=XTREAM | Fields: ✓[year=2023, poster] ✗[plot, cast, director, backdrop, duration, tmdb]
2026-01-30 09:36:25.927 17307-18786 XtreamCatalogScanWorker com.fishit.player.v2                 D  PROGRESS discovered=28600 persisted=28400 phase=VOD
2026-01-30 09:36:25.931 17307-17611 XTC                     com.fishit.player.v2                 D  [VOD] DTO→Raw #7700 | id=xtream:vod:674679 | title="A Royal Corgi Christmas - Weihnachten wi" | sourceType=XTREAM | Fields: ✓[year=2022, poster] ✗[plot, cast, director, backdrop, duration, tmdb]
2026-01-30 09:36:25.934 17307-18786 XtreamCatalogScanWorker com.fishit.player.v2                 D  PROGRESS discovered=28700 persisted=28400 phase=null
2026-01-30 09:36:25.935 17307-18786 SyncPerfMetrics         com.fishit.player.v2                 D  Phase MOVIES started
2026-01-30 09:36:25.935 17307-18786 XtreamCatalogScanWorker com.fishit.player.v2                 D  PROGRESS discovered=28700 persisted=28400 phase=VOD
2026-01-30 09:36:25.936 17307-17611 XTC                     com.fishit.player.v2                 D  [VOD] DTO→Raw #7750 | id=xtream:vod:672225 | title="Elf Me | 2023 | 6.2 |" | sourceType=XTREAM | Fields: ✓[year=2023, poster] ✗[plot, cast, director, backdrop, duration, tmdb]
2026-01-30 09:36:25.941 17307-17611 XTC                     com.fishit.player.v2                 D  [VOD] DTO→Raw #7800 | id=xtream:vod:669556 | title="The Royal Nanny | 2022 | 6.2 |" | sourceType=XTREAM | Fields: ✓[year=2022, poster] ✗[plot, cast, director, backdrop, duration, tmdb]
2026-01-30 09:36:25.943 17307-18786 SyncBatchManager        com.fishit.player.v2                 D  Flushing MOVIES batch: 400 items (timeBased=false)
2026-01-30 09:36:25.943 17307-18786 CatalogSyncService      com.fishit.player.v2                 D  Persisting Xtream catalog batch (NX-ONLY): 400 items (canonical_linking=false)
2026-01-30 09:36:25.945 17307-17611 XTC                     com.fishit.player.v2                 D  [VOD] DTO→Raw #7850 | id=xtream:vod:667269 | title="As They Made Us | 2022 | 5.5 |" | sourceType=XTREAM | Fields: ✓[year=2022, poster] ✗[plot, cast, director, backdrop, duration, tmdb]
2026-01-30 09:36:27.856 17307-18788 CatalogSyncService      com.fishit.player.v2                 D  Xtream batch complete (HOT PATH/NX): ingested=400 total_ms=1913
2026-01-30 09:36:27.857 17307-18788 XtreamCatalogScanWorker com.fishit.player.v2                 D  PROGRESS discovered=28800 persisted=28800 phase=null
2026-01-30 09:36:27.857 17307-18788 SyncPerfMetrics         com.fishit.player.v2                 D  Phase MOVIES started
2026-01-30 09:36:27.858 17307-18788 XtreamCatalogScanWorker com.fishit.player.v2                 D  PROGRESS discovered=28800 persisted=28800 phase=VOD
2026-01-30 09:36:27.861 17307-18013 XTC                     com.fishit.player.v2                 D  [VOD] DTO→Raw #7900 | id=xtream:vod:659371 | title="Detective Dee und die Armee der Toten | " | sourceType=XTREAM | Fields: ✓[year=2022, poster] ✗[plot, cast, director, backdrop, duration, tmdb]
2026-01-30 09:36:27.861 17307-18788 XtreamCatalogScanWorker com.fishit.player.v2                 D  PROGRESS discovered=28900 persisted=28800 phase=null
2026-01-30 09:36:27.862 17307-18788 SyncPerfMetrics         com.fishit.player.v2                 D  Phase MOVIES started
2026-01-30 09:36:27.862 17307-18788 XtreamCatalogScanWorker com.fishit.player.v2                 D  PROGRESS discovered=28900 persisted=28800 phase=VOD
2026-01-30 09:36:27.865 17307-18013 XTC                     com.fishit.player.v2                 D  [VOD] DTO→Raw #7950 | id=xtream:vod:655613 | title="War of the Worlds: The Attack | 2023 | 5" | sourceType=XTREAM | Fields: ✓[year=2023, poster] ✗[plot, cast, director, backdrop, duration, tmdb]
2026-01-30 09:36:27.870 17307-18013 XTC                     com.fishit.player.v2                 D  [VOD] DTO→Raw #8000 | id=xtream:vod:641588 | title="Meinen Hass bekommt ihr nicht | 2022 | 5" | sourceType=XTREAM | Fields: ✓[year=2022, poster] ✗[plot, cast, director, backdrop, duration, tmdb]
2026-01-30 09:36:27.870 17307-17611 XtreamCatalogScanWorker com.fishit.player.v2                 D  PROGRESS discovered=29000 persisted=28800 phase=null
2026-01-30 09:36:27.871 17307-17611 SyncPerfMetrics         com.fishit.player.v2                 D  Phase MOVIES started
2026-01-30 09:36:27.871 17307-17611 XtreamCatalogScanWorker com.fishit.player.v2                 D  PROGRESS discovered=29000 persisted=28800 phase=VOD
2026-01-30 09:36:27.872 17307-17611 SyncBatchManager        com.fishit.player.v2                 D  Time-based flush for MOVIES: 200 items after 1929ms
2026-01-30 09:36:27.872 17307-17611 SyncBatchManager        com.fishit.player.v2                 D  Flushing MOVIES batch: 200 items (timeBased=true)
2026-01-30 09:36:27.872 17307-17611 CatalogSyncService      com.fishit.player.v2                 D  Persisting Xtream catalog batch (NX-ONLY): 200 items (canonical_linking=false)
2026-01-30 09:36:27.888 17307-17307 ViewRootIm...nActivity] com.fishit.player.v2                 I  ViewPostIme pointer 0
2026-01-30 09:36:27.899 17307-18013 XTC                     com.fishit.player.v2                 D  [VOD] DTO→Raw #8050 | id=xtream:vod:639373 | title="A Life Too Short: The Isabella Nardoni C" | sourceType=XTREAM | Fields: ✓[year=2023, poster] ✗[plot, cast, director, backdrop, duration, tmdb]
2026-01-30 09:36:27.902 17307-18013 XTC                     com.fishit.player.v2                 D  [VOD] DTO→Raw #8100 | id=xtream:vod:622323 | title="Operacja: Soulcatcher | 2023 | 6.4 |" | sourceType=XTREAM | Fields: ✓[year=2023, poster] ✗[plot, cast, director, backdrop, duration, tmdb]
2026-01-30 09:36:27.905 17307-17578 XtreamCatalogScanWorker com.fishit.player.v2                 D  PROGRESS discovered=29100 persisted=28800 phase=null
2026-01-30 09:36:27.905 17307-17578 SyncPerfMetrics         com.fishit.player.v2                 D  Phase MOVIES started
2026-01-30 09:36:27.906 17307-18013 XTC                     com.fishit.player.v2                 D  [VOD] DTO→Raw #8150 | id=xtream:vod:613244 | title="Bird Box: Barcelona | 2023 | 6.7 |" | sourceType=XTREAM | Fields: ✓[year=2023, poster] ✗[plot, cast, director, backdrop, duration, tmdb]
2026-01-30 09:36:27.906 17307-17578 XtreamCatalogScanWorker com.fishit.player.v2                 D  PROGRESS discovered=29100 persisted=28800 phase=VOD
2026-01-30 09:36:27.917 17307-17611 XTC                     com.fishit.player.v2                 D  [VOD] DTO→Raw #8200 | id=xtream:vod:580171 | title="Infinity Pool | 2023 | 6.3" | sourceType=XTREAM | Fields: ✓[year=2023, poster] ✗[plot, cast, director, backdrop, duration, tmdb]
2026-01-30 09:36:27.919 17307-17590 XtreamCatalogScanWorker com.fishit.player.v2                 D  PROGRESS discovered=29200 persisted=28800 phase=null
2026-01-30 09:36:27.919 17307-17590 SyncPerfMetrics         com.fishit.player.v2                 D  Phase MOVIES started
2026-01-30 09:36:27.920 17307-17590 XtreamCatalogScanWorker com.fishit.player.v2                 D  PROGRESS discovered=29200 persisted=28800 phase=VOD
2026-01-30 09:36:27.925 17307-17611 XTC                     com.fishit.player.v2                 D  [VOD] DTO→Raw #8250 | id=xtream:vod:414905 | title="Scream 6 (2023)" | sourceType=XTREAM | Fields: ✓[year=2023, poster] ✗[plot, cast, director, backdrop, duration, tmdb]
2026-01-30 09:36:27.936 17307-17611 XTC                     com.fishit.player.v2                 D  [VOD] DTO→Raw #8300 | id=xtream:vod:383802 | title="American Murderer (2022)" | sourceType=XTREAM | Fields: ✓[year=2022, poster] ✗[plot, cast, director, backdrop, duration, tmdb]
2026-01-30 09:36:27.937 17307-18013 XtreamCatalogScanWorker com.fishit.player.v2                 D  PROGRESS discovered=29300 persisted=28800 phase=null
2026-01-30 09:36:27.938 17307-18013 SyncPerfMetrics         com.fishit.player.v2                 D  Phase MOVIES started
2026-01-30 09:36:27.938 17307-18013 XtreamCatalogScanWorker com.fishit.player.v2                 D  PROGRESS discovered=29300 persisted=28800 phase=VOD
2026-01-30 09:36:27.946 17307-17307 ViewRootIm...nActivity] com.fishit.player.v2                 I  ViewPostIme pointer 1
2026-01-30 09:36:27.947 17307-17611 XTC                     com.fishit.player.v2                 D  [VOD] DTO→Raw #8350 | id=xtream:vod:383892 | title="Familie um jeden Preis (2022)" | sourceType=XTREAM | Fields: ✓[year=2022, poster] ✗[plot, cast, director, backdrop, duration, tmdb]
2026-01-30 09:36:27.956 17307-17611 XTC                     com.fishit.player.v2                 D  [VOD] DTO→Raw #8400 | id=xtream:vod:384013 | title="Happy Nous Year (2022)" | sourceType=XTREAM | Fields: ✓[year=2022, poster] ✗[plot, cast, director, backdrop, duration, tmdb]
2026-01-30 09:36:27.957 17307-17590 SyncBatchManager        com.fishit.player.v2                 D  Flushing MOVIES batch: 400 items (timeBased=false)
2026-01-30 09:36:27.958 17307-17590 CatalogSyncService      com.fishit.player.v2                 D  Persisting Xtream catalog batch (NX-ONLY): 400 items (canonical_linking=false)
2026-01-30 09:36:27.968 17307-17611 XTC                     com.fishit.player.v2                 D  [VOD] DTO→Raw #8450 | id=xtream:vod:384103 | title="Batman und Superman: Kampf der Supersöhn" | sourceType=XTREAM | Fields: ✓[year=2022, poster] ✗[plot, cast, director, backdrop, duration, tmdb]
2026-01-30 09:36:28.264 17307-17307 InputMethodManagerUtils com.fishit.player.v2                 D  startInputInner - Id : 0
2026-01-30 09:36:28.264 17307-17307 InputMethodManager      com.fishit.player.v2                 I  startInputInner - IInputMethodManagerGlobalInvoker.startInputOrWindowGainedFocus
2026-01-30 09:36:28.381 17307-17322 ishit.player.v2         com.fishit.player.v2                 I  Background concurrent copying GC freed 657925(28MB) AllocSpace objects, 0(0B) LOS objects, 43% free, 31MB/55MB, paused 127us,95us total 101.275ms
2026-01-30 09:36:28.382 17307-17323 InputTransport          com.fishit.player.v2                 D  Input channel destroyed: 'ClientS', fd=145
2026-01-30 09:36:29.139 17307-17322 ishit.player.v2         com.fishit.player.v2                 I  Background concurrent copying GC freed 595385(26MB) AllocSpace objects, 0(0B) LOS objects, 41% free, 33MB/57MB, paused 383us,71us total 102.724ms
2026-01-30 09:36:29.229 17307-18788 CatalogSyncService      com.fishit.player.v2                 D  Xtream batch complete (HOT PATH/NX): ingested=200 total_ms=1357
2026-01-30 09:36:29.230 17307-18788 CatalogSyncService      com.fishit.player.v2                 D  Time-based flush MOVIES: 200 items in 1358ms
2026-01-30 09:36:29.332 17307-17307 ViewRootIm...nActivity] com.fishit.player.v2                 I  ViewPostIme pointer 0
2026-01-30 09:36:29.373 17307-17307 ViewRootIm...nActivity] com.fishit.player.v2                 I  ViewPostIme pointer 1
2026-01-30 09:36:30.344 17307-17609 CatalogSyncService      com.fishit.player.v2                 D  Xtream batch complete (HOT PATH/NX): ingested=400 total_ms=2386
2026-01-30 09:36:30.345 17307-17609 XtreamCatalogScanWorker com.fishit.player.v2                 D  PROGRESS discovered=29400 persisted=29400 phase=null
2026-01-30 09:36:30.345 17307-17609 SyncPerfMetrics         com.fishit.player.v2                 D  Phase MOVIES started
2026-01-30 09:36:30.346 17307-17609 XtreamCatalogScanWorker com.fishit.player.v2                 D  PROGRESS discovered=29400 persisted=29400 phase=VOD
2026-01-30 09:36:30.353 17307-17578 XTC                     com.fishit.player.v2                 D  [VOD] DTO→Raw #8500 | id=xtream:vod:384161 | title="Emily the Criminal (2022)" | sourceType=XTREAM | Fields: ✓[year=2022, poster] ✗[plot, cast, director, backdrop, duration, tmdb]
2026-01-30 09:36:30.353 17307-17609 XtreamCatalogScanWorker com.fishit.player.v2                 D  PROGRESS discovered=29500 persisted=29400 phase=null
2026-01-30 09:36:30.353 17307-17609 SyncPerfMetrics         com.fishit.player.v2                 D  Phase MOVIES started
2026-01-30 09:36:30.354 17307-17609 XtreamCatalogScanWorker com.fishit.player.v2                 D  PROGRESS discovered=29500 persisted=29400 phase=VOD
2026-01-30 09:36:30.387 17307-17578 XTC                     com.fishit.player.v2                 D  [VOD] DTO→Raw #8550 | id=xtream:vod:384228 | title="Monsieur Claude und sein großes Fest (20" | sourceType=XTREAM | Fields: ✓[year=2021, poster] ✗[plot, cast, director, backdrop, duration, tmdb]
2026-01-30 09:36:30.396 17307-17578 XTC                     com.fishit.player.v2                 D  [VOD] DTO→Raw #8600 | id=xtream:vod:384290 | title="Stand up! Was bleibt, wenn alles weg ist" | sourceType=XTREAM | Fields: ✓[year=2022, poster] ✗[plot, cast, director, backdrop, duration, tmdb]
2026-01-30 09:36:30.403 17307-17609 XtreamCatalogScanWorker com.fishit.player.v2                 D  PROGRESS discovered=29600 persisted=29400 phase=null
2026-01-30 09:36:30.403 17307-17609 SyncPerfMetrics         com.fishit.player.v2                 D  Phase MOVIES started
2026-01-30 09:36:30.403 17307-17609 XtreamCatalogScanWorker com.fishit.player.v2                 D  PROGRESS discovered=29600 persisted=29400 phase=VOD
2026-01-30 09:36:30.406 17307-17578 XTC                     com.fishit.player.v2                 D  [VOD] DTO→Raw #8650 | id=xtream:vod:384361 | title="Unhuman - Wem kannst du trauen? (2022)" | sourceType=XTREAM | Fields: ✓[year=2022, poster] ✗[plot, cast, director, backdrop, duration, tmdb]
2026-01-30 09:36:30.417 17307-17578 XTC                     com.fishit.player.v2                 D  [VOD] DTO→Raw #8700 | id=xtream:vod:388669 | title="Antlers (2021)" | sourceType=XTREAM | Fields: ✓[year=2021, poster] ✗[plot, cast, director, backdrop, duration, tmdb]
2026-01-30 09:36:30.417 17307-17609 XtreamCatalogScanWorker com.fishit.player.v2                 D  PROGRESS discovered=29700 persisted=29400 phase=null
2026-01-30 09:36:30.418 17307-17609 SyncPerfMetrics         com.fishit.player.v2                 D  Phase MOVIES started
2026-01-30 09:36:30.418 17307-17609 XtreamCatalogScanWorker com.fishit.player.v2                 D  PROGRESS discovered=29700 persisted=29400 phase=VOD
2026-01-30 09:36:30.427 17307-17578 XTC                     com.fishit.player.v2                 D  [VOD] DTO→Raw #8750 | id=xtream:vod:388719 | title="Breaking News in Yuba County (2021)" | sourceType=XTREAM | Fields: ✓[year=2021, poster] ✗[plot, cast, director, backdrop, duration, tmdb]
2026-01-30 09:36:30.435 17307-17609 SyncBatchManager        com.fishit.player.v2                 D  Time-based flush for MOVIES: 387 items after 2478ms
2026-01-30 09:36:30.435 17307-17609 SyncBatchManager        com.fishit.player.v2                 D  Flushing MOVIES batch: 387 items (timeBased=true)
2026-01-30 09:36:30.436 17307-17609 CatalogSyncService      com.fishit.player.v2                 D  Persisting Xtream catalog batch (NX-ONLY): 387 items (canonical_linking=false)
2026-01-30 09:36:30.437 17307-17578 XTC                     com.fishit.player.v2                 D  [VOD] DTO→Raw #8800 | id=xtream:vod:388770 | title="Dark Glasses (2022)" | sourceType=XTREAM | Fields: ✓[year=2022, poster] ✗[plot, cast, director, backdrop, duration, tmdb]
2026-01-30 09:36:30.438 17307-17590 XtreamCatalogScanWorker com.fishit.player.v2                 D  PROGRESS discovered=29800 persisted=29400 phase=null
2026-01-30 09:36:30.439 17307-17590 SyncPerfMetrics         com.fishit.player.v2                 D  Phase MOVIES started
2026-01-30 09:36:30.439 17307-17590 XtreamCatalogScanWorker com.fishit.player.v2                 D  PROGRESS discovered=29800 persisted=29400 phase=VOD
2026-01-30 09:36:30.445 17307-17578 XTC                     com.fishit.player.v2                 D  [VOD] DTO→Raw #8850 | id=xtream:vod:388820 | title="Die Rettung der uns bekannten Welt (2021" | sourceType=XTREAM | Fields: ✓[year=2021, poster] ✗[plot, cast, director, backdrop, duration, tmdb]
2026-01-30 09:36:30.455 17307-17578 XTC                     com.fishit.player.v2                 D  [VOD] DTO→Raw #8900 | id=xtream:vod:388870 | title="Lointain (2021)" | sourceType=XTREAM | Fields: ✓[year=2021, poster] ✗[plot, cast, director, backdrop, duration, tmdb]
2026-01-30 09:36:30.455 17307-17609 XtreamCatalogScanWorker com.fishit.player.v2                 D  PROGRESS discovered=29900 persisted=29400 phase=null
2026-01-30 09:36:30.456 17307-17609 SyncPerfMetrics         com.fishit.player.v2                 D  Phase MOVIES started
2026-01-30 09:36:30.456 17307-17609 XtreamCatalogScanWorker com.fishit.player.v2                 D  PROGRESS discovered=29900 persisted=29400 phase=VOD
2026-01-30 09:36:30.465 17307-17578 XTC                     com.fishit.player.v2                 D  [VOD] DTO→Raw #8950 | id=xtream:vod:388922 | title="Held (2021)" | sourceType=XTREAM | Fields: ✓[year=2021, poster] ✗[plot, cast, director, backdrop, duration, tmdb]
2026-01-30 09:36:30.479 17307-17578 XTC                     com.fishit.player.v2                 D  [VOD] DTO→Raw #9000 | id=xtream:vod:388974 | title="Kate (2021)" | sourceType=XTREAM | Fields: ✓[year=2021, poster] ✗[plot, cast, director, backdrop, duration, tmdb]
2026-01-30 09:36:30.480 17307-17609 XtreamCatalogScanWorker com.fishit.player.v2                 D  PROGRESS discovered=30000 persisted=29400 phase=null
2026-01-30 09:36:30.480 17307-17609 SyncPerfMetrics         com.fishit.player.v2                 D  Phase MOVIES started
2026-01-30 09:36:30.481 17307-17609 XtreamCatalogScanWorker com.fishit.player.v2                 D  PROGRESS discovered=30000 persisted=29400 phase=VOD
2026-01-30 09:36:30.515 17307-17578 XTC                     com.fishit.player.v2                 D  [VOD] DTO→Raw #9050 | id=xtream:vod:389025 | title="Megaboa (2021)" | sourceType=XTREAM | Fields: ✓[year=2021, poster] ✗[plot, cast, director, backdrop, duration, tmdb]
2026-01-30 09:36:30.524 17307-17578 XTC                     com.fishit.player.v2                 D  [VOD] DTO→Raw #9100 | id=xtream:vod:389076 | title="Old (2021)" | sourceType=XTREAM | Fields: ✓[year=2021, poster] ✗[plot, cast, director, backdrop, duration, tmdb]
2026-01-30 09:36:30.525 17307-17611 XtreamCatalogScanWorker com.fishit.player.v2                 D  PROGRESS discovered=30100 persisted=29400 phase=null
2026-01-30 09:36:30.525 17307-17611 SyncPerfMetrics         com.fishit.player.v2                 D  Phase MOVIES started
2026-01-30 09:36:30.525 17307-17611 XtreamCatalogScanWorker com.fishit.player.v2                 D  PROGRESS discovered=30100 persisted=29400 phase=VOD
2026-01-30 09:36:30.534 17307-17578 XTC                     com.fishit.player.v2                 D  [VOD] DTO→Raw #9150 | id=xtream:vod:389127 | title="Rettungshund Ruby (2022)" | sourceType=XTREAM | Fields: ✓[year=2022, poster] ✗[plot, cast, director, backdrop, duration, tmdb]
2026-01-30 09:36:30.541 17307-18789 SyncBatchManager        com.fishit.player.v2                 D  Flushing MOVIES batch: 400 items (timeBased=false)
2026-01-30 09:36:30.541 17307-18789 CatalogSyncService      com.fishit.player.v2                 D  Persisting Xtream catalog batch (NX-ONLY): 400 items (canonical_linking=false)
