2026-02-10 13:14:04.097  8937-9218  WM-Processor            com.fishit.player.v2                 D  WorkerWrapper interrupted for 987ddee3-0f4b-4de3-80f0-0701f6e3f537
2026-02-10 13:14:04.097  8937-9218  WM-StopWorkRunnable     com.fishit.player.v2                 D  StopWorkRunnable for 987ddee3-0f4b-4de3-80f0-0701f6e3f537; Processor.stopWork = true
2026-02-10 13:14:04.106  8937-9282  WM-WorkerWrapper        com.fishit.player.v2                 D  Status for 987ddee3-0f4b-4de3-80f0-0701f6e3f537 is ENQUEUED; not doing any work and rescheduling for later execution
2026-02-10 13:14:04.128  8937-8937  WM-Processor            com.fishit.player.v2                 D  Processor 987ddee3-0f4b-4de3-80f0-0701f6e3f537 executed; reschedule = true
2026-02-10 13:14:04.159   927-927   audit                   auditd                               E  type=1400 audit(1770725644.153:135940): avc:  denied  { ioctl } for  pid=8937 comm="WM.task-4" path="/data/data/com.fishit.player.v2/no_backup/androidx.work.workdb" dev="dm-52" ino=2348668 ioctlcmd=0xf522 scontext=u:r:untrusted_app:s0:c2,c258,c512,c768 tcontext=u:object_r:app_data_file:s0:c2,c258,c512,c768 tclass=file permissive=0 SEPF_SM-G991B_12_0001 audit_filtered
2026-02-10 13:14:04.198  8937-9290  WM-GreedyScheduler      com.fishit.player.v2                 D  Cancelling work ID 987ddee3-0f4b-4de3-80f0-0701f6e3f537
2026-02-10 13:14:04.263  8937-9290  WM-SystemJobScheduler   com.fishit.player.v2                 D  Scheduling work ID 987ddee3-0f4b-4de3-80f0-0701f6e3f537Job ID 5
2026-02-10 13:14:04.274  8937-9290  WM-PackageManagerHelper com.fishit.player.v2                 D  Skipping component enablement for androidx.work.impl.background.systemalarm.RescheduleReceiver
2026-02-10 13:14:04.533  8937-9202  XtreamCredStore         com.fishit.player.v2                 I  Read stored config: scheme=http, host=konigtv.com, port=8080
2026-02-10 13:14:04.551  8937-9082  SourceActivationStore   com.fishit.player.v2                 I  Source activation changed: XTREAM -> Active
2026-02-10 13:14:04.553  8937-9082  XtreamSessionBootstrap  com.fishit.player.v2                 I  XTREAM activated (optimistic) from stored config: scheme=http, host=konigtv.com, port=8080
2026-02-10 13:14:06.564  8937-9082  XtreamConnectionMgr     com.fishit.player.v2                 D  Initializing for konigtv.com (forceDiscovery=false)
2026-02-10 13:14:06.567  8937-9082  XtreamConnectionMgr     com.fishit.player.v2                 D  Resolved port: 8080
2026-02-10 13:14:06.762  8937-9669  TrafficStats            com.fishit.player.v2                 D  tagSocket(97) with statsTag=0xffffffff, statsUid=-1
2026-02-10 13:14:06.764  8937-9670  TrafficStats            com.fishit.player.v2                 D  tagSocket(98) with statsTag=0xffffffff, statsUid=-1
2026-02-10 13:14:06.766  8937-9671  TrafficStats            com.fishit.player.v2                 D  tagSocket(101) with statsTag=0xffffffff, statsUid=-1
2026-02-10 13:14:06.768  8937-9672  TrafficStats            com.fishit.player.v2                 D  tagSocket(100) with statsTag=0xffffffff, statsUid=-1
2026-02-10 13:14:06.769  8937-9673  TrafficStats            com.fishit.player.v2                 D  tagSocket(99) with statsTag=0xffffffff, statsUid=-1
2026-02-10 13:14:06.771  8937-9674  TrafficStats            com.fishit.player.v2                 D  tagSocket(103) with statsTag=0xffffffff, statsUid=-1
2026-02-10 13:14:06.774  8937-9675  TrafficStats            com.fishit.player.v2                 D  tagSocket(102) with statsTag=0xffffffff, statsUid=-1
2026-02-10 13:14:07.843  8937-9203  XtreamConnectionMgr     com.fishit.player.v2                 D  getServerInfo: Fetching...
2026-02-10 13:14:07.867  8937-9671  TrafficStats            com.fishit.player.v2                 D  tagSocket(98) with statsTag=0xffffffff, statsUid=-1
2026-02-10 13:14:07.981  8937-9203  HttpClient              com.fishit.player.v2                 D  HTTP 200 for konigtv.com/player_api.php | bytes=458 contentType=application/json
2026-02-10 13:14:07.983  8937-9203  HttpClient              com.fishit.player.v2                 D  Response received for konigtv.com/player_api.php (458 chars)
2026-02-10 13:14:07.985  8937-9203  XtreamConnectionMgr     com.fishit.player.v2                 D  getServerInfo: Received 458 bytes, parsing...
2026-02-10 13:14:08.009  8937-9203  XtreamConnectionMgr     com.fishit.player.v2                 D  Server info retrieved: konigtv.com
2026-02-10 13:14:08.013  8937-9203  XtreamSessionBootstrap  com.fishit.player.v2                 I  Xtream session validation succeeded
2026-02-10 13:14:08.060  8937-9203  XtreamCategoryPreloader com.fishit.player.v2                 I  Starting category preload (forceRefresh=false, accountKey=xtream:C...)
2026-02-10 13:14:08.322  8937-9203  HttpClient              com.fishit.player.v2                 D  HTTP 200 for konigtv.com/player_api.php | bytes=10494 contentType=application/json
2026-02-10 13:14:08.324  8937-9203  HttpClient              com.fishit.player.v2                 D  Response received for konigtv.com/player_api.php (10494 chars)
2026-02-10 13:14:08.494  8937-9204  CatalogSyncBootstrap    com.fishit.player.v2                 I  Catalog sync bootstrap triggered; activeSources=[XTREAM]
2026-02-10 13:14:08.497  8937-9204  CatalogSyncScheduler    com.fishit.player.v2                 D  Enqueueing AUTO sync
2026-02-10 13:14:08.525  8937-9204  CatalogSyncScheduler    com.fishit.player.v2                 D  Scheduling periodic incremental sync every 2 hours
2026-02-10 13:14:08.533  8937-9204  CatalogSyncScheduler    com.fishit.player.v2                 I  Periodic incremental sync scheduled: every 2 hours
2026-02-10 13:14:08.534  8937-9204  CatalogSyncBootstrap    com.fishit.player.v2                 I  Periodic incremental sync scheduled: every 2h
2026-02-10 13:14:08.562  8937-9328  WM-GreedyScheduler      com.fishit.player.v2                 D  Cancelling work ID 37406283-b21d-417c-81bc-646bca691c8a
2026-02-10 13:14:08.598  8937-9328  WM-SystemJobScheduler   com.fishit.player.v2                 D  Scheduling work ID 37406283-b21d-417c-81bc-646bca691c8aJob ID 6
2026-02-10 13:14:08.674  8937-9203  HttpClient              com.fishit.player.v2                 D  HTTP 200 for konigtv.com/player_api.php | bytes=3753 contentType=application/json
2026-02-10 13:14:08.676  8937-9203  HttpClient              com.fishit.player.v2                 D  Response received for konigtv.com/player_api.php (3753 chars)
2026-02-10 13:14:08.947  8937-9203  HttpClient              com.fishit.player.v2                 D  HTTP 200 for konigtv.com/player_api.php | bytes=11945 contentType=application/json
2026-02-10 13:14:08.949  8937-9203  HttpClient              com.fishit.player.v2                 D  Response received for konigtv.com/player_api.php (11945 chars)
2026-02-10 13:14:08.972  8937-9711  ProfileInstaller        com.fishit.player.v2                 D  Installing profile for com.fishit.player.v2
2026-02-10 13:14:09.046  8937-9203  XtreamCatalogPipeline   com.fishit.player.v2                 I  Fetched categories: vod=137, series=47, live=163
2026-02-10 13:14:09.247  8937-9204  XtreamCategoryPreloader com.fishit.player.v2                 D  Persisted 347 categories to repository
2026-02-10 13:14:09.249  8937-9204  XtreamCategoryPreloader com.fishit.player.v2                 I  Categories preloaded & persisted: vod=137, series=47, live=163
2026-02-10 13:14:23.902  8937-8937  OpenGLRenderer          com.fishit.player.v2                 D  HWUI - treat SMPTE_170M as sRGB
2026-02-10 13:14:23.931  8937-8937  ishit.player.v2         com.fishit.player.v2                 E  Invalid resource ID 0x00000000.
2026-02-10 13:14:23.941  8937-8937  DecorView               com.fishit.player.v2                 I  setWindowBackground: isPopOver=false color=ff000000 d=android.graphics.drawable.ColorDrawable@b431d6a
2026-02-10 13:14:23.943  8937-8937  PhoneWindow             com.fishit.player.v2                 D  forceLight changed to false [] from com.android.internal.policy.PhoneWindow.updateForceLightNavigationBar:4373 com.android.internal.policy.PhoneWindow.setNavigationBarColor:4064 androidx.activity.EdgeToEdgeApi29.setUp:312 androidx.activity.EdgeToEdge.enable:93 androidx.activity.EdgeToEdge.enable$default:71
2026-02-10 13:14:23.963  8937-8937  Compatibil...geReporter com.fishit.player.v2                 D  Compat change id reported: 237531167; UID 10514; state: DISABLED
2026-02-10 13:14:23.966  8937-9769  NativeCust...ncyManager com.fishit.player.v2                 D  [NativeCFMS] BpCustomFrequencyManager::BpCustomFrequencyManager()
2026-02-10 13:14:23.971  8937-8937  InsetsController        com.fishit.player.v2                 I  onStateChanged: host=com.fishit.player.v2/com.fishit.player.v2.MainActivity, from=android.view.ViewRootImpl.setView:1753, state=InsetsState: {mDisplayFrame=Rect(0, 0 - 1080, 2400), mDisplayCutout=DisplayCutout{insets=Rect(0, 80 - 0, 0) waterfall=Insets{left=0, top=0, right=0, bottom=0} boundingRect={Bounds=[Rect(0, 0 - 0, 0), Rect(510, 0 - 570, 80), Rect(0, 0 - 0, 0), Rect(0, 0 - 0, 0)]} cutoutPathParserInfo={CutoutPathParserInfo{displayWidth=1080 displayHeight=2400 physicalDisplayWidth=1080 physicalDisplayHeight=2400 density={3.0} cutoutSpec={M 0,0 H -10 V 26.66666666666667 H 10 V 0 H 0 Z @dp} rotation={0} scale={1.0} physicalPixelDisplaySizeRatio={1.0}}}}, mRoundedCorners=RoundedCorners{[RoundedCorner{position=TopLeft, radius=90, center=Point(90, 90)}, RoundedCorner{position=TopRight, radius=90, center=Point(990, 90)}, RoundedCorner{position=BottomRight, radius=90, center=Point(990, 2310)}, RoundedCorner{position=BottomLeft, radius=90, center=Point(90, 2310)}]}  mRoundedCornerFrame=Rect(0, 0 - 1080, 2400), mPrivacyIndicatorBounds=PrivacyIndicatorBounds {static bounds=Rect(948, 0 - 1080, 80) rotation=0}, mDisplayShape=DisplayShape{ spec=-311912193 displayWidth=1080 displayHeight=2400 physicalPixelDisplaySizeRatio=1.0 rotation=0 offsetX=0 offsetY=0 scale=1.0}, mSources= { InsetsSource: {f91a0000 mType=statusBars mFrame=[0,0][1080,80] mVisible=true mFlags=[]}, InsetsSource: {f91a0005 mType=mandatorySystemGestures mFrame=[0,0][1080,116] mVisible=true mFlags=[]}, InsetsSource: {f91a0006 mType=tappableElement mFrame=[0,0][1080,80] mVisible=true mFlags=[]}, InsetsSource: {27 mType=displayCutout mFrame=[0,0][1080,80] mVisible=true mFlags=[]}, InsetsSource: {2c340001 mType=navigationBars mFrame=[0,2256][1080,2400] mVisible=true mFlags=[]}, InsetsSource: {2c340004 mType=systemGestures mFrame=[0,0][0,0] mVisible=true mFlags=[]}, InsetsSource: {2c340005 mType=mandatorySystemGestures mFrame=[0,2256][1080,2400] mVisible=true mFlags=[]}, InsetsSource: {2c340006 mType=tappableElement mFrame=[0,2256][1080,2400] mVisible=true mFlags=[]}, InsetsSource: {2c340024 mType=systemGestures mFrame=[0,0][0,0] mVisible=true mFlags=[]} }
2026-02-10 13:14:23.972  8937-8937  ViewRootIm...nActivity] com.fishit.player.v2                 I  synced displayState. AttachInfo displayState=2
2026-02-10 13:14:23.972  8937-8937  ViewRootIm...nActivity] com.fishit.player.v2                 I  setView = com.android.internal.policy.DecorView@ff83e3c TM=true
2026-02-10 13:14:23.972  8937-8937  IDS_TAG                 com.fishit.player.v2                 I  Starting IDS observe window
2026-02-10 13:14:23.972  8937-8937  IDS_TAG                 com.fishit.player.v2                 I  Getting Shared Preference for com.fishit.player.v2.FishItV2Application@e10f7c5 uid = 10514
2026-02-10 13:14:23.978  8937-8937  IDS_TAG                 com.fishit.player.v2                 I  App com.fishit.player.v2.FishItV2Application@e10f7c5 in NO_IDS list
2026-02-10 13:14:23.978  8937-9769  OpenGLRenderer          com.fishit.player.v2                 D  HWUI - treat SMPTE_170M as sRGB
2026-02-10 13:14:23.978  8937-8937  IDS_TAG                 com.fishit.player.v2                 I  Closing IDS observe window
2026-02-10 13:14:23.978  8937-8937  IDS_TAG                 com.fishit.player.v2                 I  Getting Shared Preference for com.fishit.player.v2.FishItV2Application@e10f7c5 uid = 10514
2026-02-10 13:14:24.143  8937-8937  InsetsController        com.fishit.player.v2                 I  onStateChanged: host=com.fishit.player.v2/com.fishit.player.v2.MainActivity, from=android.view.ViewRootImpl.relayoutWindow:10072, state=InsetsState: {mDisplayFrame=Rect(0, 0 - 1080, 2400), mDisplayCutout=DisplayCutout{insets=Rect(0, 80 - 0, 0) waterfall=Insets{left=0, top=0, right=0, bottom=0} boundingRect={Bounds=[Rect(0, 0 - 0, 0), Rect(510, 0 - 570, 80), Rect(0, 0 - 0, 0), Rect(0, 0 - 0, 0)]} cutoutPathParserInfo={CutoutPathParserInfo{displayWidth=1080 displayHeight=2400 physicalDisplayWidth=1080 physicalDisplayHeight=2400 density={3.0} cutoutSpec={M 0,0 H -10 V 26.66666666666667 H 10 V 0 H 0 Z @dp} rotation={0} scale={1.0} physicalPixelDisplaySizeRatio={1.0}}}}, mRoundedCorners=RoundedCorners{[RoundedCorner{position=TopLeft, radius=90, center=Point(90, 90)}, RoundedCorner{position=TopRight, radius=90, center=Point(990, 90)}, RoundedCorner{position=BottomRight, radius=90, center=Point(990, 2310)}, RoundedCorner{position=BottomLeft, radius=90, center=Point(90, 2310)}]}  mRoundedCornerFrame=Rect(0, 0 - 1080, 2400), mPrivacyIndicatorBounds=PrivacyIndicatorBounds {static bounds=Rect(948, 0 - 1080, 80) rotation=0}, mDisplayShape=DisplayShape{ spec=-311912193 displayWidth=1080 displayHeight=2400 physicalPixelDisplaySizeRatio=1.0 rotation=0 offsetX=0 offsetY=0 scale=1.0}, mSources= { InsetsSource: {f91a0000 mType=statusBars mFrame=[0,0][1080,80] mVisible=true mFlags=[]}, InsetsSource: {f91a0005 mType=mandatorySystemGestures mFrame=[0,0][1080,116] mVisible=true mFlags=[]}, InsetsSource: {f91a0006 mType=tappableElement mFrame=[0,0][1080,80] mVisible=true mFlags=[]}, InsetsSource: {3 mType=ime mFrame=[0,0][0,0] mVisible=false mFlags=[]}, InsetsSource: {27 mType=displayCutout mFrame=[0,0][1080,80] mVisible=true mFlags=[]}, InsetsSource: {2c340001 mType=navigationBars mFrame=[0,2256][1080,2400] mVisible=true mFlags=[]}, InsetsSource: {2c340004 mType=systemGestures mFrame=[0,0][0,0] mVisible=true mFlags=[]}, InsetsSource: {2c340005 mType=mandatorySystemGestures mFrame=[0,2256][1080,2400] mVisible=true mFlags=[]}, InsetsSource: {2c340006 mType=tappableElement mFrame=[0,2256][1080,2400] mVisible=true mFlags=[]}, InsetsSource: {2c340024 mType=systemGestures mFrame=[0,0][0,0] mVisible=true mFlags=[]} }
2026-02-10 13:14:24.144  8937-8937  BLASTBufferQueue_Java   com.fishit.player.v2                 I  new BLASTBufferQueue, mName= ViewRootImpl@a2a2110[MainActivity] mNativeObject= 0xb4000075006ad8f0 sc.mNativeObject= 0xb4000072e069cf50 caller= android.view.ViewRootImpl.updateBlastSurfaceIfNeeded:3028 android.view.ViewRootImpl.relayoutWindow:10131 android.view.ViewRootImpl.performTraversals:4110 android.view.ViewRootImpl.doTraversal:3288 android.view.ViewRootImpl$TraversalRunnable.run:11344 android.view.Choreographer$CallbackRecord.run:1689 android.view.Choreographer$CallbackRecord.run:1698 android.view.Choreographer.doCallbacks:1153 android.view.Choreographer.doFrame:1079 android.view.Choreographer$FrameDisplayEventReceiver.run:1646
2026-02-10 13:14:24.144  8937-8937  BLASTBufferQueue_Java   com.fishit.player.v2                 I  update, w= 1080 h= 2400 mName = ViewRootImpl@a2a2110[MainActivity] mNativeObject= 0xb4000075006ad8f0 sc.mNativeObject= 0xb4000072e069cf50 format= -1 caller= android.graphics.BLASTBufferQueue.<init>:89 android.view.ViewRootImpl.updateBlastSurfaceIfNeeded:3028 android.view.ViewRootImpl.relayoutWindow:10131 android.view.ViewRootImpl.performTraversals:4110 android.view.ViewRootImpl.doTraversal:3288 android.view.ViewRootImpl$TraversalRunnable.run:11344
2026-02-10 13:14:24.144  8937-8937  ViewRootIm...nActivity] com.fishit.player.v2                 I  Relayout returned: old=(0,0,1080,2400) new=(0,0,1080,2400) relayoutAsync=false req=(1080,2400)0 dur=6 res=0x403 s={true 0xb4000074206e1000} ch=true seqId=0
2026-02-10 13:14:24.145  8937-8937  ViewRootIm...nActivity] com.fishit.player.v2                 I  performConfigurationChange setNightDimText nightDimLevel=0
2026-02-10 13:14:24.145  8937-8937  ViewRootIm...nActivity] com.fishit.player.v2                 D  mThreadedRenderer.initialize() mSurface={isValid=true 0xb4000074206e1000} hwInitialized=true
2026-02-10 13:14:24.151  8937-8937  ViewRootIm...nActivity] com.fishit.player.v2                 D  reportNextDraw android.view.ViewRootImpl.performTraversals:4718 android.view.ViewRootImpl.doTraversal:3288 android.view.ViewRootImpl$TraversalRunnable.run:11344 android.view.Choreographer$CallbackRecord.run:1689 android.view.Choreographer$CallbackRecord.run:1698
2026-02-10 13:14:24.151  8937-8937  ViewRootIm...nActivity] com.fishit.player.v2                 I  Setup new sync=wmsSync-ViewRootImpl@a2a2110[MainActivity]#0
2026-02-10 13:14:24.151  8937-8937  ViewRootIm...nActivity] com.fishit.player.v2                 I  Creating new active sync group ViewRootImpl@a2a2110[MainActivity]#1
2026-02-10 13:14:24.152  8937-8937  ViewRootIm...nActivity] com.fishit.player.v2                 I  registerCallbacksForSync syncBuffer=false
2026-02-10 13:14:24.157  8937-9784  ViewRootIm...nActivity] com.fishit.player.v2                 I  Received frameDrawingCallback syncResult=0 frameNum=1.
2026-02-10 13:14:24.157  8937-9784  ViewRootIm...nActivity] com.fishit.player.v2                 I  mWNT: t=0xb4000072d06cb890 mBlastBufferQueue=0xb4000075006ad8f0 fn= 1 mRenderHdrSdrRatio=1.0 caller= android.view.ViewRootImpl$8.onFrameDraw:13841 android.view.ThreadedRenderer$1.onFrameDraw:792 <bottom of call stack>
2026-02-10 13:14:24.157  8937-9784  ViewRootIm...nActivity] com.fishit.player.v2                 I  Setting up sync and frameCommitCallback
2026-02-10 13:14:24.162  8937-9769  BLASTBufferQueue        com.fishit.player.v2                 I  [ViewRootImpl@a2a2110[MainActivity]#0](f:0,a:0,s:0) onFrameAvailable the first frame is available
2026-02-10 13:14:24.162  8937-9769  ViewRootIm...nActivity] com.fishit.player.v2                 I  Received frameCommittedCallback lastAttemptedDrawFrameNum=1 didProduceBuffer=true
2026-02-10 13:14:24.163  8937-9769  OpenGLRenderer          com.fishit.player.v2                 D  CFMS:: SetUp Pid : 8937    Tid : 9769
2026-02-10 13:14:24.164  8937-8937  ViewRootIm...nActivity] com.fishit.player.v2                 I  reportDrawFinished seqId=0
2026-02-10 13:14:24.173  8937-8937  InsetsSourceConsumer    com.fishit.player.v2                 I  applyRequestedVisibilityToControl: visible=true, type=navigationBars, host=com.fishit.player.v2/com.fishit.player.v2.MainActivity
2026-02-10 13:14:24.174  8937-8937  InsetsSourceConsumer    com.fishit.player.v2                 I  applyRequestedVisibilityToControl: visible=true, type=statusBars, host=com.fishit.player.v2/com.fishit.player.v2.MainActivity
2026-02-10 13:14:24.207  8937-8937  ViewRootIm...nActivity] com.fishit.player.v2                 I  handleWindowFocusChanged: 1 0 call from android.view.ViewRootImpl.-$$Nest$mhandleWindowFocusChanged:0
2026-02-10 13:14:24.208  8937-8937  ViewRootIm...nActivity] com.fishit.player.v2                 D  mThreadedRenderer.initializeIfNeeded()#2 mSurface={isValid=true 0xb4000074206e1000}
2026-02-10 13:14:24.209  8937-8937  InputMethodManagerUtils com.fishit.player.v2                 D  startInputInner - Id : 0
2026-02-10 13:14:24.210  8937-8937  InputMethodManager      com.fishit.player.v2                 I  startInputInner - IInputMethodManagerGlobalInvoker.startInputOrWindowGainedFocus
2026-02-10 13:14:24.222  8937-8937  InputMethodManagerUtils com.fishit.player.v2                 D  startInputInner - Id : 0
2026-02-10 13:14:24.227  8937-8949  ishit.player.v2         com.fishit.player.v2                 I  Compiler allocated 7198KB to compile void android.view.ViewRootImpl.performTraversals()
2026-02-10 13:14:24.229  8937-8937  InsetsSourceConsumer    com.fishit.player.v2                 I  applyRequestedVisibilityToControl: visible=false, type=ime, host=com.fishit.player.v2/com.fishit.player.v2.MainActivity
2026-02-10 13:14:24.425  8937-8937  HomeViewModel           com.fishit.player.v2                 I  🏠 HomeViewModel INIT - Creating content flows and paging sources
2026-02-10 13:14:24.532  8937-9218  Compatibil...geReporter com.fishit.player.v2                 D  Compat change id reported: 263076149; UID 10514; state: ENABLED
2026-02-10 13:14:24.542  8937-8937  HomeViewModel           com.fishit.player.v2                 D  🔄 Movies PagingFlow recreated (trigger=0)
2026-02-10 13:14:24.542  8937-8937  NxHomeContentRepo       com.fishit.player.v2                 I  🎬 getMoviesPagingData() CALLED - Creating Movies PagingSource
2026-02-10 13:14:24.546  8937-8937  NxHomeContentRepo       com.fishit.player.v2                 D  🎬 Movies PagingSource FACTORY invoked
2026-02-10 13:14:24.555  8937-8937  NxHomeContentRepo       com.fishit.player.v2                 D  🔍 HomePagingSource.load() START | workType=MOVIE offset=0 loadSize=40
2026-02-10 13:14:24.558  8937-9203  ObjectBoxPagingSource   com.fishit.player.v2                 D  🔍 DB Query: offset=0 loadSize=40 → results=0
2026-02-10 13:14:24.559  8937-8937  HomeViewModel           com.fishit.player.v2                 D  🔄 Series PagingFlow recreated (trigger=0)
2026-02-10 13:14:24.559  8937-9203  NxHomeContentRepo       com.fishit.player.v2                 D  🔍 HomePagingSource: DB returned 0 works
2026-02-10 13:14:24.559  8937-8937  NxHomeContentRepo       com.fishit.player.v2                 I  📺 getSeriesPagingData() CALLED - Creating Series PagingSource
2026-02-10 13:14:24.562  8937-8937  NxHomeContentRepo       com.fishit.player.v2                 D  📺 Series PagingSource FACTORY invoked
2026-02-10 13:14:24.565  8937-8937  NxHomeContentRepo       com.fishit.player.v2                 D  🔍 HomePagingSource.load() START | workType=SERIES offset=0 loadSize=40
2026-02-10 13:14:24.568  8937-9203  ObjectBoxPagingSource   com.fishit.player.v2                 D  🔍 DB Query: offset=0 loadSize=40 → results=0
2026-02-10 13:14:24.568  8937-8937  HomeViewModel           com.fishit.player.v2                 D  🔄 Clips PagingFlow recreated (trigger=0)
2026-02-10 13:14:24.568  8937-9203  NxHomeContentRepo       com.fishit.player.v2                 D  🔍 HomePagingSource: DB returned 0 works
2026-02-10 13:14:24.574  8937-8937  NxHomeContentRepo       com.fishit.player.v2                 D  🔍 HomePagingSource.load() START | workType=CLIP offset=0 loadSize=40
2026-02-10 13:14:24.576  8937-9203  ObjectBoxPagingSource   com.fishit.player.v2                 D  🔍 DB Query: offset=0 loadSize=40 → results=0
2026-02-10 13:14:24.577  8937-8937  HomeViewModel           com.fishit.player.v2                 D  🔄 Live PagingFlow recreated (trigger=0)
2026-02-10 13:14:24.577  8937-9203  NxHomeContentRepo       com.fishit.player.v2                 D  🔍 HomePagingSource: DB returned 0 works
2026-02-10 13:14:24.582  8937-8937  NxHomeContentRepo       com.fishit.player.v2                 D  🔍 HomePagingSource.load() START | workType=LIVE_CHANNEL offset=0 loadSize=40
2026-02-10 13:14:24.584  8937-9203  ObjectBoxPagingSource   com.fishit.player.v2                 D  🔍 DB Query: offset=0 loadSize=40 → results=0
2026-02-10 13:14:24.584  8937-8937  HomeViewModel           com.fishit.player.v2                 D  🔄 RecentlyAdded PagingFlow recreated (trigger=0)
2026-02-10 13:14:24.584  8937-9203  NxHomeContentRepo       com.fishit.player.v2                 D  🔍 HomePagingSource: DB returned 0 works
2026-02-10 13:14:24.589  8937-8937  NxHomeContentRepo       com.fishit.player.v2                 D  🔍 HomePagingSource.load() START | workType=ALL offset=0 loadSize=40
2026-02-10 13:14:24.590  8937-9203  ObjectBoxPagingSource   com.fishit.player.v2                 D  🔍 DB Query: offset=0 loadSize=40 → results=0
2026-02-10 13:14:24.590  8937-9203  NxHomeContentRepo       com.fishit.player.v2                 D  🔍 HomePagingSource: DB returned 0 works
2026-02-10 13:14:24.707  8937-8937  WorkManage...teObserver com.fishit.player.v2                 W  Sync state: ENQUEUED | id=987ddee3 | attempts=1 | tags=[mode_expert_now, catalog_sync, worker/CatalogSyncOrchestratorWorker, com.fishit.player.v2.work.CatalogSyncOrchestratorWorker] | stopReason=CANCELLED_BY_APP (⚠️ retry after previous attempt)
2026-02-10 13:14:24.708  8937-8937  NxHomeContentRepo       com.fishit.player.v2                 D  🔍 HomePagingSource: Processing 0 works for mapping
2026-02-10 13:14:24.709  8937-8937  NxHomeContentRepo       com.fishit.player.v2                 D  🔍 HomePagingSource: Processing 0 works for mapping
2026-02-10 13:14:24.709  8937-8937  NxHomeContentRepo       com.fishit.player.v2                 D  🔍 HomePagingSource: Processing 0 works for mapping
2026-02-10 13:14:24.710  8937-8937  NxHomeContentRepo       com.fishit.player.v2                 D  🔍 HomePagingSource: Processing 0 works for mapping
2026-02-10 13:14:24.710  8937-8937  NxHomeContentRepo       com.fishit.player.v2                 D  🔍 HomePagingSource: Filtered out episodes: 0 → 0
2026-02-10 13:14:24.711  8937-8937  NxHomeContentRepo       com.fishit.player.v2                 D  🔍 HomePagingSource: Processing 0 works for mapping
2026-02-10 13:14:24.741  8937-8937  NxHomeContentRepo       com.fishit.player.v2                 D  🔍 HomePagingSource: Loaded source refs for 0 works
2026-02-10 13:14:24.741  8937-8937  NxHomeContentRepo       com.fishit.player.v2                 I  ✅ HomePagingSource.load() RESULT | workType=MOVIE offset=0 count=0 hasNext=false titles=
2026-02-10 13:14:24.745  8937-8937  NxHomeContentRepo       com.fishit.player.v2                 D  🔍 HomePagingSource: Loaded source refs for 0 works
2026-02-10 13:14:24.745  8937-8937  NxHomeContentRepo       com.fishit.player.v2                 I  ✅ HomePagingSource.load() RESULT | workType=CLIP offset=0 count=0 hasNext=false titles=
2026-02-10 13:14:24.748  8937-8937  NxHomeContentRepo       com.fishit.player.v2                 D  🔍 HomePagingSource: Loaded source refs for 0 works
2026-02-10 13:14:24.748  8937-8937  NxHomeContentRepo       com.fishit.player.v2                 I  ✅ HomePagingSource.load() RESULT | workType=SERIES offset=0 count=0 hasNext=false titles=
2026-02-10 13:14:24.750  8937-8937  NxHomeContentRepo       com.fishit.player.v2                 D  🔍 HomePagingSource: Loaded source refs for 0 works
2026-02-10 13:14:24.751  8937-8937  NxHomeContentRepo       com.fishit.player.v2                 I  ✅ HomePagingSource.load() RESULT | workType=LIVE_CHANNEL offset=0 count=0 hasNext=false titles=
2026-02-10 13:14:24.753  8937-8937  NxHomeContentRepo       com.fishit.player.v2                 D  🔍 HomePagingSource: Loaded source refs for 0 works
2026-02-10 13:14:24.753  8937-8937  NxHomeContentRepo       com.fishit.player.v2                 I  ✅ HomePagingSource.load() RESULT | workType=ALL offset=0 count=0 hasNext=false titles=
2026-02-10 13:14:29.709  8937-8937  WM-DelayedWorkTracker   com.fishit.player.v2                 D  Scheduling work 987ddee3-0f4b-4de3-80f0-0701f6e3f537
2026-02-10 13:14:29.709  8937-8937  WM-GreedyScheduler      com.fishit.player.v2                 D  Starting work for 987ddee3-0f4b-4de3-80f0-0701f6e3f537
2026-02-10 13:14:29.717  8937-9328  WM-Processor            com.fishit.player.v2                 D  Processor: processing WorkGenerationalId(workSpecId=987ddee3-0f4b-4de3-80f0-0701f6e3f537, generation=0)
2026-02-10 13:14:29.721   927-927   audit                   auditd                               E  type=1400 audit(1770725669.717:135985): avc:  denied  { ioctl } for  pid=8937 comm="WM.task-4" path="/data/data/com.fishit.player.v2/no_backup/androidx.work.workdb" dev="dm-52" ino=2348668 ioctlcmd=0xf522 scontext=u:r:untrusted_app:s0:c2,c258,c512,c768 tcontext=u:object_r:app_data_file:s0:c2,c258,c512,c768 tclass=file permissive=0 SEPF_SM-G991B_12_0001 audit_filtered
2026-02-10 13:14:29.721   927-927   audit                   auditd                               E  type=1327 audit(1770725669.717:135985): proctitle="com.fishit.player.v2"
2026-02-10 13:14:29.744  8937-8937  WM-WorkerWrapper        com.fishit.player.v2                 D  Starting work for com.fishit.player.v2.work.CatalogSyncOrchestratorWorker
2026-02-10 13:14:29.747  8937-9204  CatalogSyncOrchestrator com.fishit.player.v2                 I  START sync_run_id=76be1abc-f249-4ca5-8097-94affd79e76c mode=expert_now
2026-02-10 13:14:29.750  8937-8937  WorkManage...teObserver com.fishit.player.v2                 D  Sync state: RUNNING | id=987ddee3 | attempts=2 | tags=[mode_expert_now, catalog_sync, worker/CatalogSyncOrchestratorWorker, com.fishit.player.v2.work.CatalogSyncOrchestratorWorker]
2026-02-10 13:14:29.755  8937-9204  RuntimeGuards           com.fishit.player.v2                 D  Manual sync (expert_now) - skipping battery guard (level=53%)
2026-02-10 13:14:29.756  8937-9204  CatalogSyncOrchestrator com.fishit.player.v2                 I  Active sources: [XTREAM] (isEmpty=false)
2026-02-10 13:14:29.758  8937-9204  CatalogSyncOrchestrator com.fishit.player.v2                 I  Xtream sync starting...
2026-02-10 13:14:29.780  8937-9204  XtreamSyncService       com.fishit.player.v2                 D  Starting Xtream sync: profile=PHONE_HIGH_RAM, forceFullSync=false
2026-02-10 13:14:29.783  8937-9204  IncrementalSyncDecider  com.fishit.player.v2                 I  [all] First sync - full required
2026-02-10 13:14:29.784  8937-9204  SyncPerfMetrics         com.fishit.player.v2                 D  Sync app-default started
2026-02-10 13:14:29.792  8937-9204  XtreamCatalogPipeline   com.fishit.player.v2                 I  Starting Xtream catalog scan: vod=true, series=true, episodes=false, live=true
2026-02-10 13:14:29.794  8937-9203  LiveChannelPhase        com.fishit.player.v2                 D  [LIVE] Starting parallel scan (streaming) with 163 category filter(s) [server-side]...
2026-02-10 13:14:29.795  8937-9204  SeriesItemPhase         com.fishit.player.v2                 D  [SERIES] Starting scan (after slot available)...
2026-02-10 13:14:29.802  8937-9082  Compatibil...geReporter com.fishit.player.v2                 D  Compat change id reported: 247079863; UID 10514; state: ENABLED
2026-02-10 13:14:29.802  8937-9204  Compatibil...geReporter com.fishit.player.v2                 D  Compat change id reported: 247079863; UID 10514; state: ENABLED
2026-02-10 13:14:29.803  8937-9082  XtreamStreamFetcher     com.fishit.player.v2                 D  streamFromUrl: CALLED for http://konigtv.com:8080/player_api.php?action=get_live_streams&category_id=11&username=***&password=***
2026-02-10 13:14:29.804  8937-9204  XtreamStreamFetcher     com.fishit.player.v2                 D  streamFromUrl: CALLED for http://konigtv.com:8080/player_api.php?action=get_series&category_id=*&username=***&password=***
2026-02-10 13:14:29.806  8937-9205  XtreamStreamFetcher     com.fishit.player.v2                 D  streamFromUrl: CALLED for http://konigtv.com:8080/player_api.php?action=get_live_streams&category_id=129&username=***&password=***
2026-02-10 13:14:29.809  8937-9080  XtreamStreamFetcher     com.fishit.player.v2                 D  streamFromUrl: CALLED for http://konigtv.com:8080/player_api.php?action=get_live_streams&category_id=464&username=***&password=***
2026-02-10 13:14:29.816  8937-9629  XtreamStreamFetcher     com.fishit.player.v2                 D  streamFromUrl: CALLED for http://konigtv.com:8080/player_api.php?action=get_live_streams&category_id=12&username=***&password=***
2026-02-10 13:14:29.844  8937-9669  TrafficStats            com.fishit.player.v2                 D  tagSocket(151) with statsTag=0xffffffff, statsUid=-1
2026-02-10 13:14:29.844  8937-9671  TrafficStats            com.fishit.player.v2                 D  tagSocket(156) with statsTag=0xffffffff, statsUid=-1
2026-02-10 13:14:29.845  8937-9673  TrafficStats            com.fishit.player.v2                 D  tagSocket(159) with statsTag=0xffffffff, statsUid=-1
2026-02-10 13:14:29.854  8937-9674  TrafficStats            com.fishit.player.v2                 D  tagSocket(160) with statsTag=0xffffffff, statsUid=-1
2026-02-10 13:14:30.193  8937-9205  XtreamStreamFetcher     com.fishit.player.v2                 D  streamFromUrl: Starting StreamingJsonParser.streamInBatches() for http://konigtv.com:8080/player_api.php?action=get_live_streams&category_id=129&username=***&password=***
2026-02-10 13:14:30.194  8937-9629  XtreamStreamFetcher     com.fishit.player.v2                 D  streamFromUrl: Starting StreamingJsonParser.streamInBatches() for http://konigtv.com:8080/player_api.php?action=get_live_streams&category_id=12&username=***&password=***
2026-02-10 13:14:30.196  8937-9082  XtreamStreamFetcher     com.fishit.player.v2                 D  streamFromUrl: Starting StreamingJsonParser.streamInBatches() for http://konigtv.com:8080/player_api.php?action=get_live_streams&category_id=11&username=***&password=***
2026-02-10 13:14:30.278  8937-9205  XTC                     com.fishit.player.v2                 D  [LIVE] DTO→Raw #1 | id=xtream:live:81568 | title="DE HEVC" | sourceType=XTREAM | Fields: ✓[poster] ✗[year, plot, cast, director, backdrop, duration, tmdb]
2026-02-10 13:14:30.279  8937-9204  XtreamStreamFetcher     com.fishit.player.v2                 D  streamFromUrl: Starting StreamingJsonParser.streamInBatches() for http://konigtv.com:8080/player_api.php?action=get_series&category_id=*&username=***&password=***
2026-02-10 13:14:30.290  8937-9080  XtreamStreamFetcher     com.fishit.player.v2                 D  streamFromUrl: Starting StreamingJsonParser.streamInBatches() for http://konigtv.com:8080/player_api.php?action=get_live_streams&category_id=464&username=***&password=***
2026-02-10 13:14:30.296  8937-9632  VodItemPhase            com.fishit.player.v2                 D  [VOD] Starting parallel scan (streaming) with 2 category filter(s) [server-side]...
2026-02-10 13:14:30.311  8937-9816  XtreamStreamFetcher     com.fishit.player.v2                 D  streamFromUrl: CALLED for http://konigtv.com:8080/player_api.php?action=get_vod_streams&category_id=56&username=***&password=***
2026-02-10 13:14:30.317  8937-9203  XtreamStreamFetcher     com.fishit.player.v2                 D  streamFromUrl: CALLED for http://konigtv.com:8080/player_api.php?action=get_vod_streams&category_id=244&username=***&password=***
2026-02-10 13:14:30.357  8937-9669  TrafficStats            com.fishit.player.v2                 D  tagSocket(157) with statsTag=0xffffffff, statsUid=-1
2026-02-10 13:14:30.357  8937-9205  XTC                     com.fishit.player.v2                 D  [LIVE] DTO→Raw #50 | id=xtream:live:50352 | title="DE: Discovery HEVC" | sourceType=XTREAM | Fields: ✓[poster] ✗[year, plot, cast, director, backdrop, duration, tmdb]
2026-02-10 13:14:30.359  8937-9672  TrafficStats            com.fishit.player.v2                 D  tagSocket(161) with statsTag=0xffffffff, statsUid=-1
2026-02-10 13:14:30.362  8937-9632  NxXtreamLiveRepo        com.fishit.player.v2                 W  upsertAll() called - writes should go through NxCatalogWriter
2026-02-10 13:14:30.393  8937-9080  XTC                     com.fishit.player.v2                 D  [LIVE] DTO→Raw #100 | id=xtream:live:83110 | title="DE: Bndliga 1 UHD" | sourceType=XTREAM | Fields: ✓[poster] ✗[year, plot, cast, director, backdrop, duration, tmdb]
2026-02-10 13:14:30.395  8937-9822  NxXtreamLiveRepo        com.fishit.player.v2                 W  upsertAll() called - writes should go through NxCatalogWriter
2026-02-10 13:14:30.408  8937-9205  XtreamStreamFetcher     com.fishit.player.v2                 D  StreamBatch: 53 items in 1 batches (217ms) | errors=0
2026-02-10 13:14:30.415  8937-9822  XtreamStreamFetcher     com.fishit.player.v2                 D  streamFromUrl: CALLED for http://konigtv.com:8080/player_api.php?action=get_live_streams&category_id=463&username=***&password=***
2026-02-10 13:14:30.439  8937-9080  XTC                     com.fishit.player.v2                 D  [LIVE] DTO→Raw #150 | id=xtream:live:67407 | title="DE: Bndliga 5 SD" | sourceType=XTREAM | Fields: ✓[poster] ✗[year, plot, cast, director, backdrop, duration, tmdb]
2026-02-10 13:14:30.439  8937-9205  NxXtreamLiveRepo        com.fishit.player.v2                 W  upsertAll() called - writes should go through NxCatalogWriter
2026-02-10 13:14:30.463  8937-9080  XtreamStreamFetcher     com.fishit.player.v2                 D  StreamBatch: 40 items in 1 batches (176ms) | errors=0
2026-02-10 13:14:30.466  8937-9204  StreamingJsonParser     com.fishit.player.v2                 W  streamInBatches mapper error #1: Series ID must be positive, got: -441
2026-02-10 13:14:30.469  8937-9080  XtreamStreamFetcher     com.fishit.player.v2                 D  streamFromUrl: CALLED for http://konigtv.com:8080/player_api.php?action=get_live_streams&category_id=300&username=***&password=***
2026-02-10 13:14:30.478  8937-9082  XTC                     com.fishit.player.v2                 D  [LIVE] DTO→Raw #200 | id=xtream:live:1825 | title="DE: Sixx FHD" | sourceType=XTREAM | Fields: ✓[poster] ✗[year, plot, cast, director, backdrop, duration, tmdb]
2026-02-10 13:14:30.479  8937-9631  NxXtreamLiveRepo        com.fishit.player.v2                 W  upsertAll() called - writes should go through NxCatalogWriter
2026-02-10 13:14:30.487  8937-9204  StreamingJsonParser     com.fishit.player.v2                 W  streamInBatches mapper error #2: Series ID must be positive, got: -441
2026-02-10 13:14:30.502  8937-9204  StreamingJsonParser     com.fishit.player.v2                 W  streamInBatches mapper error #3: Series ID must be positive, got: -441
2026-02-10 13:14:30.514  8937-9082  XTC                     com.fishit.player.v2                 D  [LIVE] DTO→Raw #250 | id=xtream:live:67325 | title="DE: SERVUS TV FHD" | sourceType=XTREAM | Fields: ✓[poster] ✗[year, plot, cast, director, backdrop, duration, tmdb]
2026-02-10 13:14:30.516  8937-9631  NxXtreamLiveRepo        com.fishit.player.v2                 W  upsertAll() called - writes should go through NxCatalogWriter
2026-02-10 13:14:30.527  8937-9629  XtreamStreamFetcher     com.fishit.player.v2                 D  StreamBatch: 77 items in 1 batches (334ms) | errors=0
2026-02-10 13:14:30.530  8937-9629  XtreamStreamFetcher     com.fishit.player.v2                 D  streamFromUrl: CALLED for http://konigtv.com:8080/player_api.php?action=get_live_streams&category_id=472&username=***&password=***
2026-02-10 13:14:30.565  8937-9082  XTC                     com.fishit.player.v2                 D  [LIVE] DTO→Raw #300 | id=xtream:live:772618 | title="DE: HANDY TV" | sourceType=XTREAM | Fields: ✓[poster] ✗[year, plot, cast, director, backdrop, duration, tmdb]
2026-02-10 13:14:30.567  8937-9823  NxXtreamLiveRepo        com.fishit.player.v2                 W  upsertAll() called - writes should go through NxCatalogWriter
2026-02-10 13:14:30.568  8937-9082  XtreamStreamFetcher     com.fishit.player.v2                 D  StreamBatch: 132 items in 1 batches (377ms) | errors=0
2026-02-10 13:14:30.575  8937-9082  XtreamStreamFetcher     com.fishit.player.v2                 D  streamFromUrl: CALLED for http://konigtv.com:8080/player_api.php?action=get_live_streams&category_id=298&username=***&password=***
2026-02-10 13:14:30.698  8937-9822  XtreamStreamFetcher     com.fishit.player.v2                 D  streamFromUrl: Starting StreamingJsonParser.streamInBatches() for http://konigtv.com:8080/player_api.php?action=get_live_streams&category_id=463&username=***&password=***
2026-02-10 13:14:30.700  8937-9203  XtreamStreamFetcher     com.fishit.player.v2                 D  streamFromUrl: Starting StreamingJsonParser.streamInBatches() for http://konigtv.com:8080/player_api.php?action=get_vod_streams&category_id=244&username=***&password=***
2026-02-10 13:14:30.756  8937-9822  XtreamStreamFetcher     com.fishit.player.v2                 D  StreamBatch: 38 items in 1 batches (58ms) | errors=0
2026-02-10 13:14:30.756  8937-9203  XTC                     com.fishit.player.v2                 D  [VOD] DTO→Raw #1 | id=xtream:vod:799717 | title="Jäger des verlorenen Schatzes | 1981 | 7" | sourceType=XTREAM | Fields: ✓[year=1981, poster] ✗[plot, cast, director, backdrop, duration, tmdb]
2026-02-10 13:14:30.763  8937-9632  XtreamStreamFetcher     com.fishit.player.v2                 D  streamFromUrl: CALLED for http://konigtv.com:8080/player_api.php?action=get_live_streams&category_id=421&username=***&password=***
2026-02-10 13:14:30.766  8937-9202  NxXtreamLiveRepo        com.fishit.player.v2                 W  upsertAll() called - writes should go through NxCatalogWriter
2026-02-10 13:14:30.768  8937-9202  NxXtreamCatalogRepo     com.fishit.player.v2                 W  upsertAll() called - writes should go through NxCatalogWriter
2026-02-10 13:14:30.775  8937-9080  XtreamStreamFetcher     com.fishit.player.v2                 D  streamFromUrl: Starting StreamingJsonParser.streamInBatches() for http://konigtv.com:8080/player_api.php?action=get_live_streams&category_id=300&username=***&password=***
2026-02-10 13:14:30.783  8937-9203  XTC                     com.fishit.player.v2                 D  [VOD] DTO→Raw #50 | id=xtream:vod:788558 | title="Fünf Freunde | 2012 | 6.5" | sourceType=XTREAM | Fields: ✓[year=2012, poster] ✗[plot, cast, director, backdrop, duration, tmdb]
2026-02-10 13:14:30.790  8937-9631  NxXtreamCatalogRepo     com.fishit.player.v2                 W  upsertAll() called - writes should go through NxCatalogWriter
2026-02-10 13:14:30.794  8937-9629  XtreamStreamFetcher     com.fishit.player.v2                 D  streamFromUrl: Starting StreamingJsonParser.streamInBatches() for http://konigtv.com:8080/player_api.php?action=get_live_streams&category_id=472&username=***&password=***
2026-02-10 13:14:30.809  8937-9816  XtreamStreamFetcher     com.fishit.player.v2                 D  streamFromUrl: Starting StreamingJsonParser.streamInBatches() for http://konigtv.com:8080/player_api.php?action=get_vod_streams&category_id=56&username=***&password=***
2026-02-10 13:14:30.809  8937-9203  XTC                     com.fishit.player.v2                 D  [VOD] DTO→Raw #100 | id=xtream:vod:757919 | title="Das Bourne Vermächtnis | 2012 | 6.2" | sourceType=XTREAM | Fields: ✓[year=2012, poster] ✗[plot, cast, director, backdrop, duration, tmdb]
2026-02-10 13:14:30.818  8937-9631  NxXtreamLiveRepo        com.fishit.player.v2                 W  upsertAll() called - writes should go through NxCatalogWriter
2026-02-10 13:14:30.819  8937-9631  NxXtreamCatalogRepo     com.fishit.player.v2                 W  upsertAll() called - writes should go through NxCatalogWriter
2026-02-10 13:14:30.821  8937-9080  XTC                     com.fishit.player.v2                 D  [LIVE] DTO→Raw #350 | id=xtream:live:191730 | title="DE: DAZN SPORT 2 KABEL" | sourceType=XTREAM | Fields: ✓[poster] ✗[year, plot, cast, director, backdrop, duration, tmdb]
2026-02-10 13:14:30.829  8937-9081  NxXtreamLiveRepo        com.fishit.player.v2                 W  upsertAll() called - writes should go through NxCatalogWriter
2026-02-10 13:14:30.830  8937-9081  NxXtreamCatalogRepo     com.fishit.player.v2                 W  upsertAll() called - writes should go through NxCatalogWriter
2026-02-10 13:14:30.832  8937-9203  XTC                     com.fishit.player.v2                 D  [VOD] DTO→Raw #150 | id=xtream:vod:757749 | title="Die wilden Kerle - Die Legende lebt | 20" | sourceType=XTREAM | Fields: ✓[year=2016, poster] ✗[plot, cast, director, backdrop, duration, tmdb]
2026-02-10 13:14:30.845  8937-9629  XtreamStreamFetcher     com.fishit.player.v2                 D  StreamBatch: 20 items in 1 batches (52ms) | errors=0
2026-02-10 13:14:30.850  8937-9081  XtreamStreamFetcher     com.fishit.player.v2                 D  streamFromUrl: CALLED for http://konigtv.com:8080/player_api.php?action=get_live_streams&category_id=71&username=***&password=***
2026-02-10 13:14:30.862  8937-9080  XTC                     com.fishit.player.v2                 D  [LIVE] DTO→Raw #400 | id=xtream:live:191754 | title="DE: RTL+ SPORT EVENT 10" | sourceType=XTREAM | Fields: ✓[poster] ✗[year, plot, cast, director, backdrop, duration, tmdb]
2026-02-10 13:14:30.865  8937-9823  NxXtreamLiveRepo        com.fishit.player.v2                 W  upsertAll() called - writes should go through NxCatalogWriter
2026-02-10 13:14:30.865  8937-9823  NxXtreamCatalogRepo     com.fishit.player.v2                 W  upsertAll() called - writes should go through NxCatalogWriter
2026-02-10 13:14:30.870  8937-9082  XtreamStreamFetcher     com.fishit.player.v2                 D  streamFromUrl: Starting StreamingJsonParser.streamInBatches() for http://konigtv.com:8080/player_api.php?action=get_live_streams&category_id=298&username=***&password=***
2026-02-10 13:14:30.901  8937-9816  XTC                     com.fishit.player.v2                 D  [VOD] DTO→Raw #200 | id=xtream:vod:804345 | title="Ella McCay | 2025 | 5.2" | sourceType=XTREAM | Fields: ✓[year=2025, poster] ✗[plot, cast, director, backdrop, duration, tmdb]
2026-02-10 13:14:30.908  8937-9823  NxXtreamLiveRepo        com.fishit.player.v2                 W  upsertAll() called - writes should go through NxCatalogWriter
2026-02-10 13:14:30.909  8937-9823  NxXtreamCatalogRepo     com.fishit.player.v2                 W  upsertAll() called - writes should go through NxCatalogWriter
2026-02-10 13:14:30.911  8937-9082  XtreamStreamFetcher     com.fishit.player.v2                 D  StreamBatch: 23 items in 1 batches (43ms) | errors=0
2026-02-10 13:14:30.912  8937-9823  NxXtreamLiveRepo        com.fishit.player.v2                 W  upsertAll() called - writes should go through NxCatalogWriter
2026-02-10 13:14:30.912  8937-9823  NxXtreamCatalogRepo     com.fishit.player.v2                 W  upsertAll() called - writes should go through NxCatalogWriter
2026-02-10 13:14:30.914  8937-9816  XTC                     com.fishit.player.v2                 D  [VOD] DTO→Raw #250 | id=xtream:vod:803331 | title="Bone Lake | 2025 | 6.0" | sourceType=XTREAM | Fields: ✓[year=2025, poster] ✗[plot, cast, director, backdrop, duration, tmdb]
2026-02-10 13:14:30.918  8937-9629  NxXtreamLiveRepo        com.fishit.player.v2                 W  upsertAll() called - writes should go through NxCatalogWriter
2026-02-10 13:14:30.919  8937-9629  NxXtreamCatalogRepo     com.fishit.player.v2                 W  upsertAll() called - writes should go through NxCatalogWriter
2026-02-10 13:14:30.922  8937-9080  XTC                     com.fishit.player.v2                 D  [LIVE] DTO→Raw #450 | id=xtream:live:797292 | title="DE: DAZN EVENT 18 HD" | sourceType=XTREAM | Fields: ✓[poster] ✗[year, plot, cast, director, backdrop, duration, tmdb]
2026-02-10 13:14:30.929  8937-9631  XtreamStreamFetcher     com.fishit.player.v2                 D  streamFromUrl: CALLED for http://konigtv.com:8080/player_api.php?action=get_live_streams&category_id=468&username=***&password=***
2026-02-10 13:14:30.930  8937-9816  XTC                     com.fishit.player.v2                 D  [VOD] DTO→Raw #300 | id=xtream:vod:801492 | title="A Big Bold Beautiful Journey | 2025 | 6." | sourceType=XTREAM | Fields: ✓[year=2025, poster] ✗[plot, cast, director, backdrop, duration, tmdb]
2026-02-10 13:14:30.936  8937-9082  NxXtreamLiveRepo        com.fishit.player.v2                 W  upsertAll() called - writes should go through NxCatalogWriter
2026-02-10 13:14:30.937  8937-9082  NxXtreamCatalogRepo     com.fishit.player.v2                 W  upsertAll() called - writes should go through NxCatalogWriter
2026-02-10 13:14:30.943  8937-9082  NxXtreamLiveRepo        com.fishit.player.v2                 W  upsertAll() called - writes should go through NxCatalogWriter
2026-02-10 13:14:30.943  8937-9082  NxXtreamCatalogRepo     com.fishit.player.v2                 W  upsertAll() called - writes should go through NxCatalogWriter
2026-02-10 13:14:30.943  8937-9816  XTC                     com.fishit.player.v2                 D  [VOD] DTO→Raw #350 | id=xtream:vod:800601 | title="Blind ermittelt – Geister der Vergangenh" | sourceType=XTREAM | Fields: ✓[year=2025, poster] ✗[plot, cast, director, backdrop, duration, tmdb]
2026-02-10 13:14:30.952  8937-9080  XtreamStreamFetcher     com.fishit.player.v2                 D  StreamBatch: 100 items in 1 batches (179ms) | errors=0
2026-02-10 13:14:30.952  8937-9082  NxXtreamLiveRepo        com.fishit.player.v2                 W  upsertAll() called - writes should go through NxCatalogWriter
2026-02-10 13:14:30.953  8937-9082  NxXtreamCatalogRepo     com.fishit.player.v2                 W  upsertAll() called - writes should go through NxCatalogWriter
2026-02-10 13:14:30.956  8937-9823  XtreamStreamFetcher     com.fishit.player.v2                 D  streamFromUrl: CALLED for http://konigtv.com:8080/player_api.php?action=get_live_streams&category_id=459&username=***&password=***
2026-02-10 13:14:30.967  8937-9203  XTC                     com.fishit.player.v2                 D  [VOD] DTO→Raw #400 | id=xtream:vod:728151 | title="Austin Powers - Das Schärfste, was Ihre " | sourceType=XTREAM | Fields: ✓[year=1997, poster] ✗[plot, cast, director, backdrop, duration, tmdb]
2026-02-10 13:14:30.979  8937-9629  NxXtreamLiveRepo        com.fishit.player.v2                 W  upsertAll() called - writes should go through NxCatalogWriter
2026-02-10 13:14:30.980  8937-9629  NxXtreamCatalogRepo     com.fishit.player.v2                 W  upsertAll() called - writes should go through NxCatalogWriter
