2026-02-10 13:38:32.641 19301-22466 XtreamHttpDataSource    com.fishit.player.v2                 D  → Xtream HTTP request: GET http://konigtv.com/vod/Christoph10/JQ2rKsQ744/791354.mkv
2026-02-10 13:38:32.641 19301-19624 SurfaceView@9ef08b1     com.fishit.player.v2                 I  aOrMT: ViewRootImpl@e8a5216[MainActivity] t = android.view.SurfaceControl$Transaction@48c335a fN = 491 android.view.SurfaceView.-$$Nest$mapplyOrMergeTransaction:0 android.view.SurfaceView$SurfaceViewPositionUpdateListener.positionChanged:1666 android.graphics.RenderNode$CompositePositionUpdateListener.positionChanged:369
2026-02-10 13:38:32.641 19301-19624 ViewRootIm...nActivity] com.fishit.player.v2                 I  mWNT: t=0xb4000072d06a00d0 mBlastBufferQueue=0xb4000075006ba0f0 fn= 491 mRenderHdrSdrRatio=1.0 caller= android.view.SurfaceView.applyOrMergeTransaction:1598 android.view.SurfaceView.-$$Nest$mapplyOrMergeTransaction:0 android.view.SurfaceView$SurfaceViewPositionUpdateListener.positionChanged:1666
2026-02-10 13:38:32.642 19301-19692 ViewRootIm...nActivity] com.fishit.player.v2                 I  mWNT: t=0xb4000072d06e0290 mBlastBufferQueue=0xb4000075006ba0f0 fn= 491 mRenderHdrSdrRatio=1.0 caller= android.view.ViewRootImpl$6.onFrameDraw:5635 android.view.ViewRootImpl$2.onFrameDraw:2146 android.view.ThreadedRenderer$1.onFrameDraw:792
2026-02-10 13:38:32.688 19301-22466 XtreamHttpDataSource    com.fishit.player.v2                 W  ← Xtream HTTP error: 404 Not Found
2026-02-10 13:38:33.697 19301-22466 XtreamHttpDataSource    com.fishit.player.v2                 D  → Xtream HTTP request: GET http://konigtv.com/vod/Christoph10/JQ2rKsQ744/791354.mkv
2026-02-10 13:38:33.915 19301-22466 XtreamHttpDataSource    com.fishit.player.v2                 W  ← Xtream HTTP error: 404 Not Found
2026-02-10 13:38:35.925 19301-22466 XtreamHttpDataSource    com.fishit.player.v2                 D  → Xtream HTTP request: GET http://konigtv.com/vod/Christoph10/JQ2rKsQ744/791354.mkv
2026-02-10 13:38:36.080 19301-22466 XtreamHttpDataSource    com.fishit.player.v2                 W  ← Xtream HTTP error: 404 Not Found
2026-02-10 13:38:36.093 19301-22464 ExoPlayerImplInternal   com.fishit.player.v2                 E  Playback error
                                                                                                      androidx.media3.exoplayer.ExoPlaybackException: Source error
                                                                                                          at androidx.media3.exoplayer.ExoPlayerImplInternal.handleIoException(ExoPlayerImplInternal.java:927)
                                                                                                          at androidx.media3.exoplayer.ExoPlayerImplInternal.handleMessage(ExoPlayerImplInternal.java:899)
                                                                                                          at android.os.Handler.dispatchMessage(Handler.java:102)
                                                                                                          at android.os.Looper.loopOnce(Looper.java:230)
                                                                                                          at android.os.Looper.loop(Looper.java:319)
                                                                                                          at android.os.HandlerThread.run(HandlerThread.java:67)
                                                                                                      Caused by: androidx.media3.datasource.HttpDataSource$InvalidResponseCodeException: Response code: 404
                                                                                                          at androidx.media3.datasource.okhttp.OkHttpDataSource.open(OkHttpDataSource.java:309)
                                                                                                          at androidx.media3.datasource.StatsDataSource.open(StatsDataSource.java:88)
                                                                                                          at androidx.media3.exoplayer.source.ProgressiveMediaPeriod$ExtractingLoadable.load(ProgressiveMediaPeriod.java:1109)
                                                                                                          at androidx.media3.exoplayer.upstream.Loader$LoadTask.run(Loader.java:453)
                                                                                                          at java.util.concurrent.ThreadPoolExecutor.runWorker(ThreadPoolExecutor.java:1145)
                                                                                                          at java.util.concurrent.ThreadPoolExecutor$Worker.run(ThreadPoolExecutor.java:644)
                                                                                                          at java.lang.Thread.run(Thread.java:1012)
2026-02-10 13:38:36.101 19301-19301 InternalPlayerSession   com.fishit.player.v2                 E  Player error: ERROR_CODE_IO_BAD_HTTP_STATUS
                                                                                                    androidx.media3.exoplayer.ExoPlaybackException: Source error
                                                                                                    	at androidx.media3.exoplayer.ExoPlayerImplInternal.handleIoException(ExoPlayerImplInternal.java:927)
                                                                                                    	at androidx.media3.exoplayer.ExoPlayerImplInternal.handleMessage(ExoPlayerImplInternal.java:899)
                                                                                                    	at android.os.Handler.dispatchMessage(Handler.java:102)
                                                                                                    	at android.os.Looper.loopOnce(Looper.java:230)
                                                                                                    	at android.os.Looper.loop(Looper.java:319)
                                                                                                    	at android.os.HandlerThread.run(HandlerThread.java:67)
                                                                                                    Caused by: androidx.media3.datasource.HttpDataSource$InvalidResponseCodeException: Response code: 404
                                                                                                    	at androidx.media3.datasource.okhttp.OkHttpDataSource.open(OkHttpDataSource.java:309)
                                                                                                    	at androidx.media3.datasource.StatsDataSource.open(StatsDataSource.java:88)
                                                                                                    	at androidx.media3.exoplayer.source.ProgressiveMediaPeriod$ExtractingLoadable.load(ProgressiveMediaPeriod.java:1109)
                                                                                                    	at androidx.media3.exoplayer.upstream.Loader$LoadTask.run(Loader.java:453)
                                                                                                    	at java.util.concurrent.ThreadPoolExecutor.runWorker(ThreadPoolExecutor.java:1145)
                                                                                                    	at java.util.concurrent.ThreadPoolExecutor$Worker.run(ThreadPoolExecutor.java:644)
                                                                                                    	at java.lang.Thread.run(Thread.java:1012)
2026-02-10 13:38:45.356 19301-19301 ViewRootIm...nActivity] com.fishit.player.v2                 I  ViewPostIme pointer 0
2026-02-10 13:38:45.488 19301-19301 ViewRootIm...nActivity] com.fishit.player.v2                 I  ViewPostIme pointer 1
2026-02-10 13:38:46.517 19301-19301 ViewRootIm...nActivity] com.fishit.player.v2                 I  ViewPostIme pointer 0
2026-02-10 13:38:46.615 19301-19301 ViewRootIm...nActivity] com.fishit.player.v2                 I  ViewPostIme pointer 1
2026-02-10 13:38:46.701 19301-19301 SurfaceView@9ef08b1     com.fishit.player.v2                 I  onWindowVisibilityChanged(8) false android.view.SurfaceView{9ef08b1 V.E...... ........ 0,0-1080,2400} of ViewRootImpl@e8a5216[MainActivity]
2026-02-10 13:38:46.701 19301-19301 SurfaceView             com.fishit.player.v2                 I  166660273 Changes: creating=false format=false size=false visible=true alpha=false hint=false visible=true left=false top=false z=false attached=true lifecycleStrategy=false
2026-02-10 13:38:46.702 19301-19301 SurfaceView@9ef08b1     com.fishit.player.v2                 I  166660273 Cur surface: Surface(name=null)/@0x26ef020
2026-02-10 13:38:46.702 19301-19301 SurfaceView@9ef08b1     com.fishit.player.v2                 I  updateSurface: mVisible = false mSurface.isValid() = true
2026-02-10 13:38:46.702 19301-19301 SurfaceView@9ef08b1     com.fishit.player.v2                 I  updateSurface: mSurfaceCreated = true surfaceChanged = false visibleChanged = true
2026-02-10 13:38:46.702 19301-19301 SurfaceView@9ef08b1     com.fishit.player.v2                 V  Layout: x=0 y=0 w=1080 h=2400, frame=Rect(0, 0 - 1080, 2400)
2026-02-10 13:38:46.702 19301-19301 SurfaceView             com.fishit.player.v2                 I  166660273 Detaching SV
2026-02-10 13:38:46.702 19301-19301 SurfaceView             com.fishit.player.v2                 I  166660273 Changes: creating=false format=false size=false visible=false alpha=false hint=false visible=false left=false top=false z=false attached=false lifecycleStrategy=false
2026-02-10 13:38:46.702 19301-19301 SurfaceView@9ef08b1     com.fishit.player.v2                 I  166660273 Cur surface: Surface(name=null)/@0x26ef020
2026-02-10 13:38:46.702 19301-19301 SurfaceView             com.fishit.player.v2                 I  166660273 surfaceDestroyed
2026-02-10 13:38:46.702 19301-19301 SurfaceView@9ef08b1     com.fishit.player.v2                 I  surfaceDestroyed callback.size 1 #4 android.view.SurfaceView{9ef08b1 V.E...... ........ 0,0-1080,2400}
2026-02-10 13:38:46.703 19301-19301 SurfaceView@9ef08b1     com.fishit.player.v2                 I  updateSurface: mVisible = false mSurface.isValid() = true
2026-02-10 13:38:46.704 19301-19301 SurfaceView@9ef08b1     com.fishit.player.v2                 I  releaseSurfaces: viewRoot = ViewRootImpl@e8a5216[MainActivity]
2026-02-10 13:38:46.704 19301-19301 SurfaceView@9ef08b1     com.fishit.player.v2                 V  Layout: x=0 y=0 w=1080 h=2400, frame=Rect(0, 0 - 1080, 2400)
2026-02-10 13:38:46.704 19301-19301 SurfaceView@9ef08b1     com.fishit.player.v2                 I  onDetachedFromWindow: tryReleaseSurfaces()
2026-02-10 13:38:46.704 19301-19301 SurfaceView@9ef08b1     com.fishit.player.v2                 I  releaseSurfaces: viewRoot = ViewRootImpl@e8a5216[MainActivity]
2026-02-10 13:38:46.713 19301-19301 ViewRootIm...nActivity] com.fishit.player.v2                 I  registerCallbackForPendingTransactions
2026-02-10 13:38:46.719 19301-19624 SurfaceView             com.fishit.player.v2                 D  252487700 windowPositionLost, frameNr = 500
2026-02-10 13:38:46.720 19301-19691 ViewRootIm...nActivity] com.fishit.player.v2                 I  mWNT: t=0xb4000072d06e7fb0 mBlastBufferQueue=0xb4000075006ba0f0 fn= 500 mRenderHdrSdrRatio=1.0 caller= android.view.ViewRootImpl$6.onFrameDraw:5635 android.view.ViewRootImpl$2.onFrameDraw:2146 android.view.ThreadedRenderer$1.onFrameDraw:792
2026-02-10 13:38:46.770 19301-19301 DetailEnrichment        com.fishit.player.v2                 D  enrichFromXtream: delegating to UnifiedDetailLoader for sourceKey=src:xtream:xtream:Christoph10@konigtv.com:xtream:vod:791354 (PLATIN)
2026-02-10 13:38:46.771 19301-19301 ApiPriority             com.fishit.player.v2                 D  ⬆️ HIGH_PRIORITY started: DetailLoad:vod:791354 (active=1)
2026-02-10 13:38:46.772 19301-19301 UnifiedDetailLoader     com.fishit.player.v2                 D  loadVodDetailInternal: fetching vodId=791354
2026-02-10 13:38:47.013 19301-19611 HttpClient              com.fishit.player.v2                 D  HTTP 200 for konigtv.com/player_api.php | bytes=3881 contentType=application/json
2026-02-10 13:38:47.013 19301-19611 HttpClient              com.fishit.player.v2                 D  Response received for konigtv.com/player_api.php (3881 chars)
2026-02-10 13:38:47.025 19301-19301 UnifiedDetailLoader     com.fishit.player.v2                 I  loadDetailDeduped: completed in 254ms for vod:791354 hasData=true
2026-02-10 13:38:47.025 19301-19301 ApiPriority             com.fishit.player.v2                 D  ⬇️ HIGH_PRIORITY ended: DetailLoad:vod:791354 (active=0)
2026-02-10 13:38:47.120 19301-19301 DetailEnrichment        com.fishit.player.v2                 D  enrichFromXtream: success via UnifiedDetailLoader, hasPlot=false
2026-02-10 13:38:47.121 19301-19301 DetailEnrichment        com.fishit.player.v2                 I  enrichIfNeededInternal: completed in 351ms canonicalId=movie:heuristic:schwarzeschafe-2025 hasPlot=false source=xtream
2026-02-10 13:38:47.123 19301-19301 ApiPriority             com.fishit.player.v2                 D  ⬆️ HIGH_PRIORITY started: DetailLoad:vod:791354 (active=1)
2026-02-10 13:38:47.123 19301-19301 UnifiedDetailLoader     com.fishit.player.v2                 D  loadVodDetailInternal: fetching vodId=791354
2026-02-10 13:38:47.298 19301-19312 ishit.player.v2         com.fishit.player.v2                 I  Background concurrent copying GC freed 480539(23MB) AllocSpace objects, 0(0B) LOS objects, 49% free, 20MB/40MB, paused 96us,45us total 139.754ms
2026-02-10 13:38:47.377 19301-19611 HttpClient              com.fishit.player.v2                 D  HTTP 200 for konigtv.com/player_api.php | bytes=3881 contentType=application/json
2026-02-10 13:38:47.378 19301-19611 HttpClient              com.fishit.player.v2                 D  Response received for konigtv.com/player_api.php (3881 chars)
2026-02-10 13:38:47.388 19301-19301 UnifiedDetailLoader     com.fishit.player.v2                 I  loadDetailDeduped: completed in 266ms for vod:791354 hasData=true
2026-02-10 13:38:47.389 19301-19301 ApiPriority             com.fishit.player.v2                 D  ⬇️ HIGH_PRIORITY ended: DetailLoad:vod:791354 (active=0)
2026-02-10 13:38:47.389 19301-19301 UnifiedDetailVM         com.fishit.player.v2                 D  applyVodBundle: vodId=791354 containerExtension=mkv
2026-02-10 13:38:47.390 19301-19301 UnifiedDetailVM         com.fishit.player.v2                 I  loadDetailWithUnifiedLoader: completed in 268ms type=Vod
2026-02-10 13:38:51.101 19301-19301 ViewRootIm...nActivity] com.fishit.player.v2                 I  ViewPostIme pointer 0
2026-02-10 13:38:51.156 19301-19301 ViewRootIm...nActivity] com.fishit.player.v2                 I  ViewPostIme pointer 1
2026-02-10 13:38:58.835 19301-19301 ViewRootIm...nActivity] com.fishit.player.v2                 I  ViewPostIme pointer 0
2026-02-10 13:38:58.931 19301-19301 ViewRootIm...nActivity] com.fishit.player.v2                 I  ViewPostIme pointer 1
2026-02-10 13:39:00.301 19301-19301 ViewRootIm...nActivity] com.fishit.player.v2                 I  ViewPostIme pointer 0
2026-02-10 13:39:00.621 19301-19301 ViewRootIm...nActivity] com.fishit.player.v2                 I  ViewPostIme pointer 1
2026-02-10 13:39:01.379 19301-19301 ViewRootIm...nActivity] com.fishit.player.v2                 I  ViewPostIme pointer 0
2026-02-10 13:39:01.411 19301-19301 ViewRootIm...nActivity] com.fishit.player.v2                 I  ViewPostIme pointer 1
2026-02-10 13:39:01.427 19301-19301 WindowOnBackDispatcher  com.fishit.player.v2                 W  OnBackInvokedCallback is not enabled for the application.
                                                                                                    Set 'android:enableOnBackInvokedCallback="true"' in the application manifest.
2026-02-10 13:39:01.527 19301-19301 DetailEnrichment        com.fishit.player.v2                 D  enrichFromXtream: delegating to UnifiedDetailLoader for sourceKey=src:xtream:xtream:Christoph10@konigtv.com:xtream:vod:763427 (PLATIN)
2026-02-10 13:39:01.528 19301-19301 ApiPriority             com.fishit.player.v2                 D  ⬆️ HIGH_PRIORITY started: DetailLoad:vod:763427 (active=1)
2026-02-10 13:39:01.528 19301-19301 UnifiedDetailLoader     com.fishit.player.v2                 D  loadVodDetailInternal: fetching vodId=763427
2026-02-10 13:39:01.803 19301-21159 HttpClient              com.fishit.player.v2                 D  HTTP 200 for konigtv.com/player_api.php | bytes=4065 contentType=application/json
2026-02-10 13:39:01.804 19301-21159 HttpClient              com.fishit.player.v2                 D  Response received for konigtv.com/player_api.php (4065 chars)
2026-02-10 13:39:01.826 19301-19301 UnifiedDetailLoader     com.fishit.player.v2                 I  loadDetailDeduped: completed in 299ms for vod:763427 hasData=true
2026-02-10 13:39:01.827 19301-19301 ApiPriority             com.fishit.player.v2                 D  ⬇️ HIGH_PRIORITY ended: DetailLoad:vod:763427 (active=0)
2026-02-10 13:39:01.935 19301-19301 DetailEnrichment        com.fishit.player.v2                 D  enrichFromXtream: success via UnifiedDetailLoader, hasPlot=false
2026-02-10 13:39:01.935 19301-19301 DetailEnrichment        com.fishit.player.v2                 I  enrichIfNeededInternal: completed in 408ms canonicalId=movie:heuristic:pri-sons-2024 hasPlot=false source=xtream
2026-02-10 13:39:01.937 19301-19301 ApiPriority             com.fishit.player.v2                 D  ⬆️ HIGH_PRIORITY started: DetailLoad:vod:763427 (active=1)
2026-02-10 13:39:01.937 19301-19301 UnifiedDetailLoader     com.fishit.player.v2                 D  loadVodDetailInternal: fetching vodId=763427
2026-02-10 13:39:02.127 19301-21159 HttpClient              com.fishit.player.v2                 D  HTTP 200 for konigtv.com/player_api.php | bytes=4065 contentType=application/json
2026-02-10 13:39:02.129 19301-21159 HttpClient              com.fishit.player.v2                 D  Response received for konigtv.com/player_api.php (4065 chars)
2026-02-10 13:39:02.145 19301-19301 UnifiedDetailLoader     com.fishit.player.v2                 I  loadDetailDeduped: completed in 207ms for vod:763427 hasData=true
2026-02-10 13:39:02.145 19301-19301 ApiPriority             com.fishit.player.v2                 D  ⬇️ HIGH_PRIORITY ended: DetailLoad:vod:763427 (active=0)
2026-02-10 13:39:02.146 19301-19301 UnifiedDetailVM         com.fishit.player.v2                 D  applyVodBundle: vodId=763427 containerExtension=mkv
2026-02-10 13:39:02.146 19301-19301 UnifiedDetailVM         com.fishit.player.v2                 I  loadDetailWithUnifiedLoader: completed in 209ms type=Vod
2026-02-10 13:39:06.661 19301-19301 ViewRootIm...nActivity] com.fishit.player.v2                 I  ViewPostIme pointer 0
2026-02-10 13:39:06.723 19301-19301 ViewRootIm...nActivity] com.fishit.player.v2                 I  ViewPostIme pointer 1
2026-02-10 13:39:06.725 19301-19301 UnifiedDetailVM         com.fishit.player.v2                 D  play: canonicalId=movie:heuristic:pri-sons-2024 sourceKey=src:xtream:xtream:Christoph10@konigtv.com:xtream:vod:763427 missingHints=[]
2026-02-10 13:39:06.773 19301-19301 PlayerNavViewModel      com.fishit.player.v2                 D  Using pending playback: movie:heuristic:pri-sons-2024
2026-02-10 13:39:06.795 19301-19301 PlayerUiViewModel       com.fishit.player.v2                 D  player.ui.start.requested: canonicalId=movie:heuristic:pri-sons-2024
2026-02-10 13:39:06.795 19301-19301 InternalPlayerEntryImpl com.fishit.player.v2                 D  Starting playback: movie:heuristic:pri-sons-2024
2026-02-10 13:39:06.795 19301-19301 InternalPlayerEntryImpl com.fishit.player.v2                 D  Stopping previous session
2026-02-10 13:39:06.796 19301-19301 SubtitleTrackManager    com.fishit.player.v2                 D  Detached from player
2026-02-10 13:39:06.796 19301-19301 AudioTrackManager       com.fishit.player.v2                 D  Detached from player
2026-02-10 13:39:06.796 19301-19301 ExoPlayerImpl           com.fishit.player.v2                 I  Release 73e801f [AndroidXMedia3/1.8.0] [o1s, SM-G991B, samsung, 34] [media3.common, media3.exoplayer, media3.decoder, media3.datasource.okhttp, media3.datasource, media3.ui]
2026-02-10 13:39:06.798 19301-19301 SubtitleTrackManager    com.fishit.player.v2                 D  Detached from player
2026-02-10 13:39:06.798 19301-19301 AudioTrackManager       com.fishit.player.v2                 D  Detached from player
2026-02-10 13:39:06.798 19301-19301 InternalPlayerSession   com.fishit.player.v2                 D  Initializing playback: movie:heuristic:pri-sons-2024
2026-02-10 13:39:06.814 19301-19301 PlaybackSourceResolver  com.fishit.player.v2                 D  Resolving source for: movie:heuristic:pri-sons-2024 (XTREAM)
2026-02-10 13:39:06.814 19301-19301 PlaybackSourceResolver  com.fishit.player.v2                 D  Using factory: XtreamPlaybackSourceFactoryImpl
2026-02-10 13:39:06.815 19301-19301 XtreamPlaybackFactory   com.fishit.player.v2                 D  Creating source for: movie:heuristic:pri-sons-2024
2026-02-10 13:39:06.815 19301-19301 XtreamPlaybackFactory   com.fishit.player.v2                 D  resolveOutputExtension: contentType=vod, containerExt=mkv, hasNewKey=true, hasLegacyKey=false
2026-02-10 13:39:06.815 19301-19301 XtreamPlaybackFactory   com.fishit.player.v2                 I  vod: Using file containerExtension: mkv (SSOT)
2026-02-10 13:39:06.816 19301-19301 XtreamPlaybackFactory   com.fishit.player.v2                 D  Built stream URL for vod content with extension: mkv
2026-02-10 13:39:06.816 19301-19301 PlaybackSourceResolver  com.fishit.player.v2                 D  Selected dataSourceType=XTREAM_HTTP for canonicalId=movie:heuristic:pri-sons-2024
2026-02-10 13:39:06.816 19301-19301 InternalPlayerSession   com.fishit.player.v2                 D  Source resolved: uri=http://konigtv.com:8080/vod/Christoph10/JQ2rKsQ744/763427.mkv, mimeType=video/x-matroska, headers=[User-Agent, Accept, Accept-Encoding, Icy-MetaData, Referer], dataSourceType=XTREAM_HTTP
2026-02-10 13:39:06.817 19301-19301 InternalPlayerSession   com.fishit.player.v2                 D  Set MediaItem MIME type: video/x-matroska
2026-02-10 13:39:06.817 19301-19301 InternalPlayerSession   com.fishit.player.v2                 D  Using Xtream HTTP DataSource = OkHttpDataSource.Factory (redirect-safe)
2026-02-10 13:39:06.817 19301-19301 NextlibCodecs           com.fishit.player.v2                 I  Creating NextLib FFmpeg renderers factory
2026-02-10 13:39:06.818 19301-19301 NextlibCodecs           com.fishit.player.v2                 D  NextRenderersFactory configured with FFmpeg decoders for: Audio(Vorbis, Opus, FLAC, ALAC, MP3, AAC, AC3, EAC3, DTS, TrueHD), Video(H.264, HEVC, VP8, VP9)
2026-02-10 13:39:06.818 19301-19301 InternalPlayerSession   com.fishit.player.v2                 I  SIP using NextLib NextRenderersFactory for FFmpeg codecs
2026-02-10 13:39:06.818 19301-19301 ExoPlayerImpl           com.fishit.player.v2                 I  Init d31dc24 [AndroidXMedia3/1.8.0] [o1s, SM-G991B, samsung, 34]
2026-02-10 13:39:06.823 19301-19301 SubtitleTrackManager    com.fishit.player.v2                 I  Discovered 0 subtitle tracks
2026-02-10 13:39:06.823 19301-19301 SubtitleTrackManager    com.fishit.player.v2                 D  Attached to player
2026-02-10 13:39:06.824 19301-19301 AudioTrackManager       com.fishit.player.v2                 I  Discovered 0 audio tracks
2026-02-10 13:39:06.824 19301-19301 AudioTrackManager       com.fishit.player.v2                 D  Attached to player (preferredLang=null, surround=true)
2026-02-10 13:39:06.824 19301-19301 InternalPlayerEntryImpl com.fishit.player.v2                 D  Playback started: movie:heuristic:pri-sons-2024
2026-02-10 13:39:06.825 19301-19301 PlayerUiViewModel       com.fishit.player.v2                 D  player.ui.start.succeeded: canonicalId=movie:heuristic:pri-sons-2024
2026-02-10 13:39:06.825 19301-22550 XtreamHttpDataSource    com.fishit.player.v2                 D  Chucker not available (disabled via compile-time gating)
2026-02-10 13:39:06.844 19301-22455 TrafficStats            com.fishit.player.v2                 D  tagSocket(182) with statsTag=0xffffffff, statsUid=-1
2026-02-10 13:39:06.854 19301-19301 SurfaceView@e85136b     com.fishit.player.v2                 D  243602283 updateSurface: has no frame
2026-02-10 13:39:06.875 19301-22552 XtreamHttpDataSource    com.fishit.player.v2                 D  → Xtream HTTP request: GET http://konigtv.com/vod/Christoph10/JQ2rKsQ744/763427.mkv
2026-02-10 13:39:06.891 19301-19301 SurfaceView@e85136b     com.fishit.player.v2                 I  onWindowVisibilityChanged(0) true android.view.SurfaceView{e85136b V.E...... ......I. 0,0-0,0} of ViewRootImpl@e8a5216[MainActivity]
2026-02-10 13:39:06.891 19301-19301 SurfaceView@e85136b     com.fishit.player.v2                 D  243602283 updateSurface: has no frame
2026-02-10 13:39:06.893 19301-19301 AnimatorSet             com.fishit.player.v2                 D  mReversing is false. Don't call initChildren.
2026-02-10 13:39:06.894 19301-19301 AnimatorSet             com.fishit.player.v2                 D  mReversing is false. Don't call initChildren.
2026-02-10 13:39:06.900 19301-19301 SurfaceView@e85136b     com.fishit.player.v2                 D  243602283 updateSurface: has no frame
2026-02-10 13:39:06.909 19301-19301 SurfaceView@e85136b     com.fishit.player.v2                 D  243602283 updateSurface: has no frame
2026-02-10 13:39:06.930 19301-19301 SurfaceView             com.fishit.player.v2                 I  243602283 Changes: creating=true format=true size=true visible=true alpha=false hint=false visible=true left=true top=true z=false attached=true lifecycleStrategy=true
2026-02-10 13:39:06.931 19301-19301 BLASTBufferQueue_Java   com.fishit.player.v2                 I  update, w= 1080 h= 2400 mName = null mNativeObject= 0xb4000075006f3ad0 sc.mNativeObject= 0xb4000072e06b6ed0 format= 4 caller= android.view.SurfaceView.createBlastSurfaceControls:1517 android.view.SurfaceView.updateSurface:1193 android.view.SurfaceView.lambda$new$0:258 android.view.SurfaceView.$r8$lambda$cm3nmzErr-srXoT_KjIYQgdhFN0:0 android.view.SurfaceView$$ExternalSyntheticLambda2.onPreDraw:2 android.view.ViewTreeObserver.dispatchOnPreDraw:1204
2026-02-10 13:39:06.932 19301-19301 SurfaceView@e85136b     com.fishit.player.v2                 I  243602283 Cur surface: Surface(name=null)/@0xf99a1ea
2026-02-10 13:39:06.932 19301-19301 SurfaceView@e85136b     com.fishit.player.v2                 I  pST: sr = Rect(0, 0 - 1080, 2400) sw = 1080 sh = 2400
2026-02-10 13:39:06.932 19301-19301 SurfaceView@e85136b     com.fishit.player.v2                 D  243602283 performSurfaceTransaction RenderWorker position = [0, 0, 1080, 2400] surfaceSize = 1080x2400
2026-02-10 13:39:06.932 19301-19301 SurfaceView@e85136b     com.fishit.player.v2                 I  updateSurface: mVisible = true mSurface.isValid() = true
2026-02-10 13:39:06.933 19301-19301 SurfaceView@e85136b     com.fishit.player.v2                 I  updateSurface: mSurfaceCreated = false surfaceChanged = true visibleChanged = true
2026-02-10 13:39:06.933 19301-19301 SurfaceView             com.fishit.player.v2                 I  243602283 visibleChanged -- surfaceCreated
2026-02-10 13:39:06.933 19301-19301 SurfaceView@e85136b     com.fishit.player.v2                 I  surfaceCreated 1 #8 android.view.SurfaceView{e85136b V.E...... ........ 0,0-1080,2400}
2026-02-10 13:39:06.933 19301-19301 SurfaceView             com.fishit.player.v2                 I  243602283 surfaceChanged -- format=4 w=1080 h=2400
2026-02-10 13:39:06.933 19301-19301 SurfaceView@e85136b     com.fishit.player.v2                 I  surfaceChanged (1080,2400) 1 #8 android.view.SurfaceView{e85136b V.E...... ........ 0,0-1080,2400}
2026-02-10 13:39:06.933 19301-19301 SurfaceView             com.fishit.player.v2                 I  243602283 surfaceRedrawNeeded
2026-02-10 13:39:06.934 19301-19301 SurfaceView             com.fishit.player.v2                 I  243602283 finishedDrawing
2026-02-10 13:39:06.934 19301-19301 SurfaceView@e85136b     com.fishit.player.v2                 V  Layout: x=0 y=0 w=1080 h=2400, frame=Rect(0, 0 - 1080, 2400)
2026-02-10 13:39:06.934 19301-19301 ViewRootIm...nActivity] com.fishit.player.v2                 I  registerCallbackForPendingTransactions
2026-02-10 13:39:06.939 19301-19624 SurfaceView             com.fishit.player.v2                 D  243602283 updateSurfacePosition RenderWorker, frameNr = 571, position = [0, 0, 1080, 2400] surfaceSize = 1080x2400
2026-02-10 13:39:06.939 19301-19624 SurfaceView@e85136b     com.fishit.player.v2                 I  uSP: rtp = Rect(0, 0 - 1080, 2400) rtsw = 1080 rtsh = 2400
2026-02-10 13:39:06.940 19301-19624 SurfaceView@e85136b     com.fishit.player.v2                 I  onSSPAndSRT: pl = 0 pt = 0 sx = 1.0 sy = 1.0
2026-02-10 13:39:06.940 19301-19624 SurfaceView@e85136b     com.fishit.player.v2                 I  aOrMT: ViewRootImpl@e8a5216[MainActivity] t = android.view.SurfaceControl$Transaction@cf9fbb7 fN = 571 android.view.SurfaceView.-$$Nest$mapplyOrMergeTransaction:0 android.view.SurfaceView$SurfaceViewPositionUpdateListener.positionChanged:1666 android.graphics.RenderNode$CompositePositionUpdateListener.positionChanged:369
2026-02-10 13:39:06.940 19301-19624 ViewRootIm...nActivity] com.fishit.player.v2                 I  mWNT: t=0xb4000072d06e03f0 mBlastBufferQueue=0xb4000075006ba0f0 fn= 571 mRenderHdrSdrRatio=1.0 caller= android.view.SurfaceView.applyOrMergeTransaction:1598 android.view.SurfaceView.-$$Nest$mapplyOrMergeTransaction:0 android.view.SurfaceView$SurfaceViewPositionUpdateListener.positionChanged:1666
2026-02-10 13:39:06.940 19301-19692 ViewRootIm...nActivity] com.fishit.player.v2                 I  mWNT: t=0xb4000072d06e20d0 mBlastBufferQueue=0xb4000075006ba0f0 fn= 571 mRenderHdrSdrRatio=1.0 caller= android.view.ViewRootImpl$6.onFrameDraw:5635 android.view.ViewRootImpl$2.onFrameDraw:2146 android.view.ThreadedRenderer$1.onFrameDraw:792
2026-02-10 13:39:06.962 19301-22552 XtreamHttpDataSource    com.fishit.player.v2                 W  ← Xtream HTTP error: 404 Not Found
2026-02-10 13:39:06.970 19301-22552 XtreamHttpDataSource    com.fishit.player.v2                 D  → Xtream HTTP request: GET http://konigtv.com/vod/Christoph10/JQ2rKsQ744/763427.mkv
2026-02-10 13:39:07.011 19301-22552 XtreamHttpDataSource    com.fishit.player.v2                 W  ← Xtream HTTP error: 404 Not Found
2026-02-10 13:39:07.866 19301-19311 ishit.player.v2         com.fishit.player.v2                 I  Compiler allocated 4268KB to compile void com.fishit.player.ui.PlayerScreenKt.PlayingView(com.fishit.player.ui.PlayerUiViewModel, com.fishit.player.core.playermodel.PlaybackContext, androidx.compose.runtime.Composer, int)
2026-02-10 13:39:08.021 19301-22552 XtreamHttpDataSource    com.fishit.player.v2                 D  → Xtream HTTP request: GET http://konigtv.com/vod/Christoph10/JQ2rKsQ744/763427.mkv
2026-02-10 13:39:08.085 19301-22552 XtreamHttpDataSource    com.fishit.player.v2                 W  ← Xtream HTTP error: 404 Not Found
2026-02-10 13:39:10.097 19301-22552 XtreamHttpDataSource    com.fishit.player.v2                 D  → Xtream HTTP request: GET http://konigtv.com/vod/Christoph10/JQ2rKsQ744/763427.mkv
2026-02-10 13:39:10.145 19301-22552 XtreamHttpDataSource    com.fishit.player.v2                 W  ← Xtream HTTP error: 404 Not Found
2026-02-10 13:39:10.155 19301-22550 ExoPlayerImplInternal   com.fishit.player.v2                 E  Playback error
                                                                                                      androidx.media3.exoplayer.ExoPlaybackException: Source error
                                                                                                          at androidx.media3.exoplayer.ExoPlayerImplInternal.handleIoException(ExoPlayerImplInternal.java:927)
                                                                                                          at androidx.media3.exoplayer.ExoPlayerImplInternal.handleMessage(ExoPlayerImplInternal.java:899)
                                                                                                          at android.os.Handler.dispatchMessage(Handler.java:102)
                                                                                                          at android.os.Looper.loopOnce(Looper.java:230)
                                                                                                          at android.os.Looper.loop(Looper.java:319)
                                                                                                          at android.os.HandlerThread.run(HandlerThread.java:67)
                                                                                                      Caused by: androidx.media3.datasource.HttpDataSource$InvalidResponseCodeException: Response code: 404
                                                                                                          at androidx.media3.datasource.okhttp.OkHttpDataSource.open(OkHttpDataSource.java:309)
                                                                                                          at androidx.media3.datasource.StatsDataSource.open(StatsDataSource.java:88)
                                                                                                          at androidx.media3.exoplayer.source.ProgressiveMediaPeriod$ExtractingLoadable.load(ProgressiveMediaPeriod.java:1109)
                                                                                                          at androidx.media3.exoplayer.upstream.Loader$LoadTask.run(Loader.java:453)
                                                                                                          at java.util.concurrent.ThreadPoolExecutor.runWorker(ThreadPoolExecutor.java:1145)
                                                                                                          at java.util.concurrent.ThreadPoolExecutor$Worker.run(ThreadPoolExecutor.java:644)
                                                                                                          at java.lang.Thread.run(Thread.java:1012)
2026-02-10 13:39:10.159 19301-19301 InternalPlayerSession   com.fishit.player.v2                 E  Player error: ERROR_CODE_IO_BAD_HTTP_STATUS
                                                                                                    androidx.media3.exoplayer.ExoPlaybackException: Source error
                                                                                                    	at androidx.media3.exoplayer.ExoPlayerImplInternal.handleIoException(ExoPlayerImplInternal.java:927)
                                                                                                    	at androidx.media3.exoplayer.ExoPlayerImplInternal.handleMessage(ExoPlayerImplInternal.java:899)
                                                                                                    	at android.os.Handler.dispatchMessage(Handler.java:102)
                                                                                                    	at android.os.Looper.loopOnce(Looper.java:230)
                                                                                                    	at android.os.Looper.loop(Looper.java:319)
                                                                                                    	at android.os.HandlerThread.run(HandlerThread.java:67)
                                                                                                    Caused by: androidx.media3.datasource.HttpDataSource$InvalidResponseCodeException: Response code: 404
                                                                                                    	at androidx.media3.datasource.okhttp.OkHttpDataSource.open(OkHttpDataSource.java:309)
                                                                                                    	at androidx.media3.datasource.StatsDataSource.open(StatsDataSource.java:88)
                                                                                                    	at androidx.media3.exoplayer.source.ProgressiveMediaPeriod$ExtractingLoadable.load(ProgressiveMediaPeriod.java:1109)
                                                                                                    	at androidx.media3.exoplayer.upstream.Loader$LoadTask.run(Loader.java:453)
                                                                                                    	at java.util.concurrent.ThreadPoolExecutor.runWorker(ThreadPoolExecutor.java:1145)
                                                                                                    	at java.util.concurrent.ThreadPoolExecutor$Worker.run(ThreadPoolExecutor.java:644)
                                                                                                    	at java.lang.Thread.run(Thread.java:1012)
2026-02-10 13:39:14.517 19301-19301 ViewRootIm...nActivity] com.fishit.player.v2                 I  ViewPostIme pointer 0
2026-02-10 13:39:14.571 19301-19301 ViewRootIm...nActivity] com.fishit.player.v2                 I  ViewPostIme pointer 1
2026-02-10 13:39:14.663 19301-19301 SurfaceView@e85136b     com.fishit.player.v2                 I  onWindowVisibilityChanged(8) false android.view.SurfaceView{e85136b V.E...... ........ 0,0-1080,2400} of ViewRootImpl@e8a5216[MainActivity]
2026-02-10 13:39:14.663 19301-19301 SurfaceView             com.fishit.player.v2                 I  243602283 Changes: creating=false format=false size=false visible=true alpha=false hint=false visible=true left=false top=false z=false attached=true lifecycleStrategy=false
2026-02-10 13:39:14.664 19301-19301 SurfaceView@e85136b     com.fishit.player.v2                 I  243602283 Cur surface: Surface(name=null)/@0xf99a1ea
2026-02-10 13:39:14.664 19301-19301 SurfaceView@e85136b     com.fishit.player.v2                 I  updateSurface: mVisible = false mSurface.isValid() = true
2026-02-10 13:39:14.664 19301-19301 SurfaceView@e85136b     com.fishit.player.v2                 I  updateSurface: mSurfaceCreated = true surfaceChanged = false visibleChanged = true
2026-02-10 13:39:14.664 19301-19301 SurfaceView@e85136b     com.fishit.player.v2                 V  Layout: x=0 y=0 w=1080 h=2400, frame=Rect(0, 0 - 1080, 2400)
2026-02-10 13:39:14.664 19301-19301 SurfaceView             com.fishit.player.v2                 I  243602283 Detaching SV
2026-02-10 13:39:14.664 19301-19301 SurfaceView             com.fishit.player.v2                 I  243602283 Changes: creating=false format=false size=false visible=false alpha=false hint=false visible=false left=false top=false z=false attached=false lifecycleStrategy=false
2026-02-10 13:39:14.664 19301-19301 SurfaceView@e85136b     com.fishit.player.v2                 I  243602283 Cur surface: Surface(name=null)/@0xf99a1ea
2026-02-10 13:39:14.664 19301-19301 SurfaceView             com.fishit.player.v2                 I  243602283 surfaceDestroyed
2026-02-10 13:39:14.664 19301-19301 SurfaceView@e85136b     com.fishit.player.v2                 I  surfaceDestroyed callback.size 1 #4 android.view.SurfaceView{e85136b V.E...... ........ 0,0-1080,2400}
2026-02-10 13:39:14.665 19301-19301 SurfaceView@e85136b     com.fishit.player.v2                 I  updateSurface: mVisible = false mSurface.isValid() = true
2026-02-10 13:39:14.666 19301-19301 SurfaceView@e85136b     com.fishit.player.v2                 I  releaseSurfaces: viewRoot = ViewRootImpl@e8a5216[MainActivity]
2026-02-10 13:39:14.666 19301-19301 SurfaceView@e85136b     com.fishit.player.v2                 V  Layout: x=0 y=0 w=1080 h=2400, frame=Rect(0, 0 - 1080, 2400)
2026-02-10 13:39:14.666 19301-19301 SurfaceView@e85136b     com.fishit.player.v2                 I  onDetachedFromWindow: tryReleaseSurfaces()
2026-02-10 13:39:14.666 19301-19301 SurfaceView@e85136b     com.fishit.player.v2                 I  releaseSurfaces: viewRoot = ViewRootImpl@e8a5216[MainActivity]
2026-02-10 13:39:14.675 19301-19301 ViewRootIm...nActivity] com.fishit.player.v2                 I  registerCallbackForPendingTransactions
2026-02-10 13:39:14.679 19301-19624 SurfaceView             com.fishit.player.v2                 D  264352138 windowPositionLost, frameNr = 577
2026-02-10 13:39:14.680 19301-19691 ViewRootIm...nActivity] com.fishit.player.v2                 I  mWNT: t=0xb4000072d06af850 mBlastBufferQueue=0xb4000075006ba0f0 fn= 577 mRenderHdrSdrRatio=1.0 caller= android.view.ViewRootImpl$6.onFrameDraw:5635 android.view.ViewRootImpl$2.onFrameDraw:2146 android.view.ThreadedRenderer$1.onFrameDraw:792
2026-02-10 13:39:14.729 19301-19301 DetailEnrichment        com.fishit.player.v2                 D  enrichFromXtream: delegating to UnifiedDetailLoader for sourceKey=src:xtream:xtream:Christoph10@konigtv.com:xtream:vod:763427 (PLATIN)
2026-02-10 13:39:14.729 19301-19301 ApiPriority             com.fishit.player.v2                 D  ⬆️ HIGH_PRIORITY started: DetailLoad:vod:763427 (active=1)
2026-02-10 13:39:14.730 19301-19301 UnifiedDetailLoader     com.fishit.player.v2                 D  loadVodDetailInternal: fetching vodId=763427
2026-02-10 13:39:14.942 19301-19483 HttpClient              com.fishit.player.v2                 D  HTTP 200 for konigtv.com/player_api.php | bytes=4065 contentType=application/json
2026-02-10 13:39:14.942 19301-19483 HttpClient              com.fishit.player.v2                 D  Response received for konigtv.com/player_api.php (4065 chars)
2026-02-10 13:39:14.953 19301-19301 UnifiedDetailLoader     com.fishit.player.v2                 I  loadDetailDeduped: completed in 224ms for vod:763427 hasData=true
2026-02-10 13:39:14.954 19301-19301 ApiPriority             com.fishit.player.v2                 D  ⬇️ HIGH_PRIORITY ended: DetailLoad:vod:763427 (active=0)
2026-02-10 13:39:15.049 19301-19301 DetailEnrichment        com.fishit.player.v2                 D  enrichFromXtream: success via UnifiedDetailLoader, hasPlot=false
2026-02-10 13:39:15.049 19301-19301 DetailEnrichment        com.fishit.player.v2                 I  enrichIfNeededInternal: completed in 320ms canonicalId=movie:heuristic:pri-sons-2024 hasPlot=false source=xtream
2026-02-10 13:39:15.051 19301-19301 ApiPriority             com.fishit.player.v2                 D  ⬆️ HIGH_PRIORITY started: DetailLoad:vod:763427 (active=1)
2026-02-10 13:39:15.051 19301-19301 UnifiedDetailLoader     com.fishit.player.v2                 D  loadVodDetailInternal: fetching vodId=763427
2026-02-10 13:39:15.267 19301-19483 HttpClient              com.fishit.player.v2                 D  HTTP 200 for konigtv.com/player_api.php | bytes=4065 contentType=application/json
2026-02-10 13:39:15.268 19301-19483 HttpClient              com.fishit.player.v2                 D  Response received for konigtv.com/player_api.php (4065 chars)
2026-02-10 13:39:15.284 19301-19301 UnifiedDetailLoader     com.fishit.player.v2                 I  loadDetailDeduped: completed in 233ms for vod:763427 hasData=true
2026-02-10 13:39:15.285 19301-19301 ApiPriority             com.fishit.player.v2                 D  ⬇️ HIGH_PRIORITY ended: DetailLoad:vod:763427 (active=0)
2026-02-10 13:39:15.286 19301-19301 UnifiedDetailVM         com.fishit.player.v2                 D  applyVodBundle: vodId=763427 containerExtension=mkv
2026-02-10 13:39:15.286 19301-19301 UnifiedDetailVM         com.fishit.player.v2                 I  loadDetailWithUnifiedLoader: completed in 235ms type=Vod
