2026-02-10 13:35:31.403 19301-19301 OnboardingViewModel     com.fishit.player.v2                 D  connectXtream: Initialize succeeded, saving credentials
2026-02-10 13:35:31.405 19301-19301 XtreamAuthRepoAdapter   com.fishit.player.v2                 D  saveCredentials: Generated accountKey=xtream:Christoph10@konigtv.com for host=konigtv.com
2026-02-10 13:35:31.410 19301-19673 WM-Processor            com.fishit.player.v2                 D  Processor: processing WorkGenerationalId(workSpecId=ed9526b8-81b8-4554-941a-c4139262aea7, generation=0)
2026-02-10 13:35:31.415 19301-19673 Compatibil...geReporter com.fishit.player.v2                 D  Compat change id reported: 263076149; UID 10515; state: ENABLED
2026-02-10 13:35:31.476 19301-19301 WM-WorkerWrapper        com.fishit.player.v2                 D  Starting work for com.fishit.player.v2.work.CatalogSyncOrchestratorWorker
2026-02-10 13:35:31.477 19301-19301 WM-SystemJobService     com.fishit.player.v2                 D  onStartJob for WorkGenerationalId(workSpecId=ed9526b8-81b8-4554-941a-c4139262aea7, generation=0)
2026-02-10 13:35:31.480 19301-19485 CatalogSyncOrchestrator com.fishit.player.v2                 I  START sync_run_id=93cc1d38-e9b2-4832-a7a2-e0e846d686e3 mode=auto
2026-02-10 13:35:31.481 19301-19673 WM-PackageManagerHelper com.fishit.player.v2                 D  androidx.work.impl.background.systemalarm.RescheduleReceiver enabled
2026-02-10 13:35:31.485 19301-19485 RuntimeGuards           com.fishit.player.v2                 D  Manual sync (auto) - skipping battery guard (level=59%)
2026-02-10 13:35:31.486 19301-19485 CatalogSyncOrchestrator com.fishit.player.v2                 I  Active sources: [XTREAM] (isEmpty=false)
2026-02-10 13:35:31.486 19301-19673 WM-Processor            com.fishit.player.v2                 D  Work WorkGenerationalId(workSpecId=ed9526b8-81b8-4554-941a-c4139262aea7, generation=0) is already enqueued for processing
2026-02-10 13:35:31.488 19301-19485 CatalogSyncOrchestrator com.fishit.player.v2                 I  Xtream sync starting...
2026-02-10 13:35:31.494 19301-19612 CatalogSyncOrchestrator com.fishit.player.v2                 W  XOC-3: Category selection not complete for account=xtream:Christoph10@konigtv.com, skipping Xtream sync
2026-02-10 13:35:31.496 19301-19612 CatalogSyncOrchestrator com.fishit.player.v2                 I  SUCCESS duration_ms=16 total_items=0 sources=1
2026-02-10 13:35:31.497 19301-19611 XtreamCredStore         com.fishit.player.v2                 I  Stored credentials: scheme=http, host=konigtv.com, port=8080
2026-02-10 13:35:31.498 19301-19301 XtreamAuthRepoAdapter   com.fishit.player.v2                 I  saveCredentials: Xtream account persisted with key=xtream:Christoph10@konigtv.com
2026-02-10 13:35:31.499 19301-19301 OnboardingViewModel     com.fishit.player.v2                 D  connectXtream: Credentials saved, preloading categories
2026-02-10 13:35:31.499 19301-19674 WM-WorkerWrapper        com.fishit.player.v2                 I  Worker result SUCCESS for Work [ id=ed9526b8-81b8-4554-941a-c4139262aea7, tags={ com.fishit.player.v2.work.CatalogSyncOrchestratorWorker,catalog_sync,mode_auto,worker/CatalogSyncOrchestratorWorker } ]
2026-02-10 13:35:31.504 19301-19301 WM-Processor            com.fishit.player.v2                 D  Processor ed9526b8-81b8-4554-941a-c4139262aea7 executed; reschedule = false
2026-02-10 13:35:31.504 19301-19301 WM-SystemJobService     com.fishit.player.v2                 D  ed9526b8-81b8-4554-941a-c4139262aea7 executed on JobScheduler
2026-02-10 13:35:31.508 19301-19674 WM-PackageManagerHelper com.fishit.player.v2                 D  androidx.work.impl.background.systemalarm.RescheduleReceiver disabled
2026-02-10 13:35:31.512 19301-19674 WM-GreedyScheduler      com.fishit.player.v2                 D  Cancelling work ID ed9526b8-81b8-4554-941a-c4139262aea7
2026-02-10 13:35:31.513 19301-19301 XtreamCategoryPreloader com.fishit.player.v2                 I  Starting category preload (forceRefresh=true, accountKey=xtream:C...)
2026-02-10 13:35:31.775 19301-19611 HttpClient              com.fishit.player.v2                 D  HTTP 200 for konigtv.com/player_api.php | bytes=10494 contentType=application/json
2026-02-10 13:35:31.777 19301-19611 HttpClient              com.fishit.player.v2                 D  Response received for konigtv.com/player_api.php (10494 chars)
2026-02-10 13:35:32.047 19301-19611 HttpClient              com.fishit.player.v2                 D  HTTP 200 for konigtv.com/player_api.php | bytes=3753 contentType=application/json
2026-02-10 13:35:32.050 19301-19611 HttpClient              com.fishit.player.v2                 D  Response received for konigtv.com/player_api.php (3753 chars)
2026-02-10 13:35:32.496 19301-19611 HttpClient              com.fishit.player.v2                 D  HTTP 200 for konigtv.com/player_api.php | bytes=11945 contentType=application/json
2026-02-10 13:35:32.499 19301-19611 HttpClient              com.fishit.player.v2                 D  Response received for konigtv.com/player_api.php (11945 chars)
2026-02-10 13:35:32.537 19301-19301 XtreamCatalogPipeline   com.fishit.player.v2                 I  Fetched categories: vod=137, series=47, live=163
2026-02-10 13:35:32.585 19301-19301 XtreamCategoryPreloader com.fishit.player.v2                 D  Persisted 347 categories to repository
2026-02-10 13:35:32.586 19301-19301 XtreamCategoryPreloader com.fishit.player.v2                 I  Categories preloaded & persisted: vod=137, series=47, live=163
2026-02-10 13:35:32.586 19301-19301 OnboardingViewModel     com.fishit.player.v2                 D  Category preload succeeded, resolving accountKey
2026-02-10 13:35:32.620 19301-19301 Dialog                  com.fishit.player.v2                 I  mIsDeviceDefault = false, mIsSamsungBasicInteraction = false, isMetaDataInActivity = false
2026-02-10 13:35:32.628 19301-19301 DecorView               com.fishit.player.v2                 I  setWindowBackground: isPopOver=false color=0 d=android.graphics.drawable.ColorDrawable@ad7eacd
2026-02-10 13:35:32.695 19301-19301 WindowOnBackDispatcher  com.fishit.player.v2                 W  OnBackInvokedCallback is not enabled for the application.
                                                                                                    Set 'android:enableOnBackInvokedCallback="true"' in the application manifest.
2026-02-10 13:35:32.696 19301-19301 WindowManager           com.fishit.player.v2                 I  WindowManagerGlobal#addView, ty=2, view=DecorView@c853af5[MainActivity], caller=android.view.WindowManagerImpl.addView:150 android.app.Dialog.show:512 androidx.compose.material3.ModalBottomSheet_androidKt$ModalBottomSheetDialog$1$1.invoke:307
2026-02-10 13:35:32.701 19301-19624 NativeCust...ncyManager com.fishit.player.v2                 D  [NativeCFMS] BpCustomFrequencyManager::BpCustomFrequencyManager()
2026-02-10 13:35:32.725 19301-19301 InsetsController        com.fishit.player.v2                 I  onStateChanged: host=com.fishit.player.v2/com.fishit.player.v2.MainActivity, from=android.view.ViewRootImpl.setView:1753, state=InsetsState: {mDisplayFrame=Rect(0, 0 - 1080, 2400), mDisplayCutout=DisplayCutout{insets=Rect(0, 80 - 0, 0) waterfall=Insets{left=0, top=0, right=0, bottom=0} boundingRect={Bounds=[Rect(0, 0 - 0, 0), Rect(510, 0 - 570, 80), Rect(0, 0 - 0, 0), Rect(0, 0 - 0, 0)]} cutoutPathParserInfo={CutoutPathParserInfo{displayWidth=1080 displayHeight=2400 physicalDisplayWidth=1080 physicalDisplayHeight=2400 density={3.0} cutoutSpec={M 0,0 H -10 V 26.66666666666667 H 10 V 0 H 0 Z @dp} rotation={0} scale={1.0} physicalPixelDisplaySizeRatio={1.0}}}}, mRoundedCorners=RoundedCorners{[RoundedCorner{position=TopLeft, radius=90, center=Point(90, 90)}, RoundedCorner{position=TopRight, radius=90, center=Point(990, 90)}, RoundedCorner{position=BottomRight, radius=90, center=Point(990, 2310)}, RoundedCorner{position=BottomLeft, radius=90, center=Point(90, 2310)}]}  mRoundedCornerFrame=Rect(0, 0 - 1080, 2400), mPrivacyIndicatorBounds=PrivacyIndicatorBounds {static bounds=Rect(948, 0 - 1080, 80) rotation=0}, mDisplayShape=DisplayShape{ spec=-311912193 displayWidth=1080 displayHeight=2400 physicalPixelDisplaySizeRatio=1.0 rotation=0 offsetX=0 offsetY=0 scale=1.0}, mSources= { InsetsSource: {f91a0000 mType=statusBars mFrame=[0,0][1080,80] mVisible=true mFlags=[]}, InsetsSource: {f91a0005 mType=mandatorySystemGestures mFrame=[0,0][1080,116] mVisible=true mFlags=[]}, InsetsSource: {f91a0006 mType=tappableElement mFrame=[0,0][1080,80] mVisible=true mFlags=[]}, InsetsSource: {3 mType=ime mFrame=[0,0][0,0] mVisible=false mFlags=[]}, InsetsSource: {27 mType=displayCutout mFrame=[0,0][1080,80] mVisible=true mFlags=[]}, InsetsSource: {2c340001 mType=navigationBars mFrame=[0,2256][1080,2400] mVisible=true mFlags=[]}, InsetsSource: {2c340004 mType=systemGestures mFrame=[0,0][0,0] mVisible=true mFlags=[]}, InsetsSource: {2c340005 mType=mandatorySystemGestures mFrame=[0,2256][1080,2400] mVisible=true mFlags=[]}, InsetsSource: {2c340006 mType=tappableElement mFrame=[0,2256][1080,2400] mVisible=true mFlags=[]}, InsetsSource: {2c340024 mType=systemGestures mFrame=[0,0][0,0] mVisible=true mFlags=[]} }
2026-02-10 13:35:32.726 19301-19301 ViewRootIm...nActivity] com.fishit.player.v2                 I  synced displayState. AttachInfo displayState=2
2026-02-10 13:35:32.726 19301-19301 ViewRootIm...nActivity] com.fishit.player.v2                 I  setView = com.android.internal.policy.DecorView@c853af5 TM=true
2026-02-10 13:35:32.752 19301-19301 WindowOnBackDispatcher  com.fishit.player.v2                 W  OnBackInvokedCallback is not enabled for the application.
                                                                                                    Set 'android:enableOnBackInvokedCallback="true"' in the application manifest.
2026-02-10 13:35:33.072 19301-19301 InsetsSourceConsumer    com.fishit.player.v2                 I  applyRequestedVisibilityToControl: visible=true, type=navigationBars, host=com.fishit.player.v2/com.fishit.player.v2.MainActivity
2026-02-10 13:35:33.073 19301-19301 InsetsSourceConsumer    com.fishit.player.v2                 I  applyRequestedVisibilityToControl: visible=true, type=statusBars, host=com.fishit.player.v2/com.fishit.player.v2.MainActivity
2026-02-10 13:35:33.076 19301-19301 BLASTBufferQueue_Java   com.fishit.player.v2                 I  new BLASTBufferQueue, mName= ViewRootImpl@b2ef08a[MainActivity] mNativeObject= 0xb4000075006c5310 sc.mNativeObject= 0xb4000072e06acb50 caller= android.view.ViewRootImpl.updateBlastSurfaceIfNeeded:3028 android.view.ViewRootImpl.relayoutWindow:10131 android.view.ViewRootImpl.performTraversals:4110 android.view.ViewRootImpl.doTraversal:3288 android.view.ViewRootImpl$TraversalRunnable.run:11344 android.view.Choreographer$CallbackRecord.run:1689 android.view.Choreographer$CallbackRecord.run:1698 android.view.Choreographer.doCallbacks:1153 android.view.Choreographer.doFrame:1079 android.view.Choreographer$FrameDisplayEventReceiver.run:1646
2026-02-10 13:35:33.076 19301-19301 BLASTBufferQueue_Java   com.fishit.player.v2                 I  update, w= 1080 h= 2400 mName = ViewRootImpl@b2ef08a[MainActivity] mNativeObject= 0xb4000075006c5310 sc.mNativeObject= 0xb4000072e06acb50 format= -2 caller= android.graphics.BLASTBufferQueue.<init>:89 android.view.ViewRootImpl.updateBlastSurfaceIfNeeded:3028 android.view.ViewRootImpl.relayoutWindow:10131 android.view.ViewRootImpl.performTraversals:4110 android.view.ViewRootImpl.doTraversal:3288 android.view.ViewRootImpl$TraversalRunnable.run:11344
2026-02-10 13:35:33.077 19301-19301 ViewRootIm...nActivity] com.fishit.player.v2                 I  Relayout returned: old=(0,0,1080,2400) new=(0,0,1080,2400) relayoutAsync=false req=(1080,2400)0 dur=22 res=0x403 s={true 0xb400007420722ff0} ch=true seqId=0
2026-02-10 13:35:33.078 19301-19301 ViewRootIm...nActivity] com.fishit.player.v2                 I  performConfigurationChange setNightDimText nightDimLevel=0
2026-02-10 13:35:33.079 19301-19301 ViewRootIm...nActivity] com.fishit.player.v2                 D  mThreadedRenderer.initialize() mSurface={isValid=true 0xb400007420722ff0} hwInitialized=true
2026-02-10 13:35:33.136 19301-19301 ViewRootIm...nActivity] com.fishit.player.v2                 D  reportNextDraw android.view.ViewRootImpl.performTraversals:4718 android.view.ViewRootImpl.doTraversal:3288 android.view.ViewRootImpl$TraversalRunnable.run:11344 android.view.Choreographer$CallbackRecord.run:1689 android.view.Choreographer$CallbackRecord.run:1698
2026-02-10 13:35:33.136 19301-19301 ViewRootIm...nActivity] com.fishit.player.v2                 I  Setup new sync=wmsSync-ViewRootImpl@b2ef08a[MainActivity]#2
2026-02-10 13:35:33.137 19301-19301 ViewRootIm...nActivity] com.fishit.player.v2                 I  Creating new active sync group ViewRootImpl@b2ef08a[MainActivity]#3
2026-02-10 13:35:33.138 19301-19301 ViewRootIm...nActivity] com.fishit.player.v2                 I  registerCallbacksForSync syncBuffer=false
2026-02-10 13:35:33.171 19301-19692 ViewRootIm...nActivity] com.fishit.player.v2                 I  Received frameDrawingCallback syncResult=0 frameNum=1.
2026-02-10 13:35:33.172 19301-19692 ViewRootIm...nActivity] com.fishit.player.v2                 I  mWNT: t=0xb4000072d06d3c90 mBlastBufferQueue=0xb4000075006c5310 fn= 1 mRenderHdrSdrRatio=1.0 caller= android.view.ViewRootImpl$8.onFrameDraw:13841 android.view.ThreadedRenderer$1.onFrameDraw:792 <bottom of call stack>
2026-02-10 13:35:33.172 19301-19692 ViewRootIm...nActivity] com.fishit.player.v2                 I  Setting up sync and frameCommitCallback
2026-02-10 13:35:33.175 19301-19624 BLASTBufferQueue        com.fishit.player.v2                 I  [ViewRootImpl@b2ef08a[MainActivity]#1](f:0,a:0,s:0) onFrameAvailable the first frame is available
2026-02-10 13:35:33.176 19301-19624 ViewRootIm...nActivity] com.fishit.player.v2                 I  Received frameCommittedCallback lastAttemptedDrawFrameNum=1 didProduceBuffer=true
2026-02-10 13:35:33.178 19301-19624 OpenGLRenderer          com.fishit.player.v2                 D  CFMS:: SetUp Pid : 19301    Tid : 19624
2026-02-10 13:35:33.178 19301-19301 ViewRootIm...nActivity] com.fishit.player.v2                 I  reportDrawFinished seqId=0
2026-02-10 13:35:33.214 19301-19301 BLASTBufferQueue_Java   com.fishit.player.v2                 I  update, w= 1080 h= 2400 mName = ViewRootImpl@b2ef08a[MainActivity] mNativeObject= 0xb4000075006c5310 sc.mNativeObject= 0xb4000072e06acb50 format= -2 caller= android.view.ViewRootImpl.updateBlastSurfaceIfNeeded:3017 android.view.ViewRootImpl.relayoutWindow:10131 android.view.ViewRootImpl.performTraversals:4110 android.view.ViewRootImpl.doTraversal:3288 android.view.ViewRootImpl$TraversalRunnable.run:11344 android.view.Choreographer$CallbackRecord.run:1689
2026-02-10 13:35:33.215 19301-19301 ViewRootIm...nActivity] com.fishit.player.v2                 I  Relayout returned: old=(0,0,1080,2400) new=(0,0,1080,2400) relayoutAsync=true req=(1080,2400)0 dur=1 res=0x0 s={true 0xb400007420722ff0} ch=false seqId=0
2026-02-10 13:35:33.215 19301-19301 ViewRootIm...nActivity] com.fishit.player.v2                 I  registerCallbackForPendingTransactions
2026-02-10 13:35:33.228 19301-19691 ViewRootIm...nActivity] com.fishit.player.v2                 I  mWNT: t=0xb4000072d06d5ad0 mBlastBufferQueue=0xb4000075006c5310 fn= 2 mRenderHdrSdrRatio=1.0 caller= android.view.ViewRootImpl$6.onFrameDraw:5635 android.view.ViewRootImpl$2.onFrameDraw:2146 android.view.ThreadedRenderer$1.onFrameDraw:792
2026-02-10 13:35:33.235 19301-19624 OpenGLRenderer          com.fishit.player.v2                 D  HWUI - treat SMPTE_170M as sRGB
2026-02-10 13:35:33.239 19301-19301 ViewRootIm...nActivity] com.fishit.player.v2                 I  handleWindowFocusChanged: 0 0 call from android.view.ViewRootImpl.-$$Nest$mhandleWindowFocusChanged:0
2026-02-10 13:35:33.239 19301-19301 ImeFocusController      com.fishit.player.v2                 I  onPreWindowFocus: skipped, hasWindowFocus=false mHasImeFocus=true
2026-02-10 13:35:33.240 19301-19301 ImeFocusController      com.fishit.player.v2                 I  onPostWindowFocus: skipped, hasWindowFocus=false mHasImeFocus=true
2026-02-10 13:35:33.262 19301-19301 ViewRootIm...nActivity] com.fishit.player.v2                 I  handleWindowFocusChanged: 1 0 call from android.view.ViewRootImpl.-$$Nest$mhandleWindowFocusChanged:0
2026-02-10 13:35:33.262 19301-19301 ViewRootIm...nActivity] com.fishit.player.v2                 D  mThreadedRenderer.initializeIfNeeded()#2 mSurface={isValid=true 0xb400007420722ff0}
2026-02-10 13:35:33.263 19301-19301 InputMethodManagerUtils com.fishit.player.v2                 D  startInputInner - Id : 0
2026-02-10 13:35:33.263 19301-19301 InputMethodManager      com.fishit.player.v2                 I  startInputInner - IInputMethodManagerGlobalInvoker.startInputOrWindowGainedFocus
2026-02-10 13:35:33.399 19301-19301 InsetsSourceConsumer    com.fishit.player.v2                 I  applyRequestedVisibilityToControl: visible=false, type=ime, host=com.fishit.player.v2/com.fishit.player.v2.MainActivity
2026-02-10 13:35:35.547 19301-19301 ViewRootIm...nActivity] com.fishit.player.v2                 I  ViewPostIme pointer 0
2026-02-10 13:35:35.612 19301-19301 ViewRootIm...nActivity] com.fishit.player.v2                 I  ViewPostIme pointer 1
2026-02-10 13:35:36.335 19301-19611 CatalogSyncBootstrap    com.fishit.player.v2                 I  Catalog sync bootstrap triggered; activeSources=[XTREAM]
2026-02-10 13:35:36.335 19301-19611 CatalogSyncScheduler    com.fishit.player.v2                 D  Enqueueing AUTO sync
2026-02-10 13:35:36.337 19301-19611 CatalogSyncScheduler    com.fishit.player.v2                 D  Scheduling periodic incremental sync every 2 hours
2026-02-10 13:35:36.339 19301-19611 CatalogSyncScheduler    com.fishit.player.v2                 I  Periodic incremental sync scheduled: every 2 hours
2026-02-10 13:35:36.339 19301-19611 CatalogSyncBootstrap    com.fishit.player.v2                 I  Periodic incremental sync scheduled: every 2h
2026-02-10 13:35:36.347 19301-19622 WM-SystemJobScheduler   com.fishit.player.v2                 D  Scheduling work ID d78b0978-67fb-48a9-9e09-f6350a4ff953Job ID 1
2026-02-10 13:35:36.356 19301-19622 WM-GreedyScheduler      com.fishit.player.v2                 D  Starting work for d78b0978-67fb-48a9-9e09-f6350a4ff953
2026-02-10 13:35:36.358 19301-19301 WM-SystemJobService     com.fishit.player.v2                 D  onStartJob for WorkGenerationalId(workSpecId=d78b0978-67fb-48a9-9e09-f6350a4ff953, generation=0)
2026-02-10 13:35:36.365 19301-19622 WM-SystemJobScheduler   com.fishit.player.v2                 D  Scheduling work ID f6e33af3-7eb0-4f41-81c4-27618a00d512Job ID 2
2026-02-10 13:35:36.369 19301-19622 WM-GreedyScheduler      com.fishit.player.v2                 D  Starting tracking for f6e33af3-7eb0-4f41-81c4-27618a00d512
2026-02-10 13:35:36.373 19301-19301 WM-SystemJobService     com.fishit.player.v2                 D  onStartJob for WorkGenerationalId(workSpecId=f6e33af3-7eb0-4f41-81c4-27618a00d512, generation=0)
2026-02-10 13:35:36.373 19301-19673 WM-Processor            com.fishit.player.v2                 D  Processor: processing WorkGenerationalId(workSpecId=d78b0978-67fb-48a9-9e09-f6350a4ff953, generation=0)
2026-02-10 13:35:36.374 19301-19673 WM-Processor            com.fishit.player.v2                 D  Work WorkGenerationalId(workSpecId=d78b0978-67fb-48a9-9e09-f6350a4ff953, generation=0) is already enqueued for processing
2026-02-10 13:35:36.380 19301-19301 WM-WorkerWrapper        com.fishit.player.v2                 D  Starting work for com.fishit.player.v2.work.CatalogSyncOrchestratorWorker
2026-02-10 13:35:36.381 19301-19611 CatalogSyncOrchestrator com.fishit.player.v2                 I  START sync_run_id=755c37ff-272f-48e4-8f98-deeefd36edce mode=auto
2026-02-10 13:35:36.382 19301-19673 WM-Processor            com.fishit.player.v2                 D  Processor: processing WorkGenerationalId(workSpecId=f6e33af3-7eb0-4f41-81c4-27618a00d512, generation=0)
2026-02-10 13:35:36.382 19301-19611 RuntimeGuards           com.fishit.player.v2                 D  Manual sync (auto) - skipping battery guard (level=59%)
2026-02-10 13:35:36.383 19301-19611 CatalogSyncOrchestrator com.fishit.player.v2                 I  Active sources: [XTREAM] (isEmpty=false)
2026-02-10 13:35:36.383 19301-19609 CatalogSyncOrchestrator com.fishit.player.v2                 I  Xtream sync starting...
2026-02-10 13:35:36.385 19301-19612 CatalogSyncOrchestrator com.fishit.player.v2                 W  XOC-3: Category selection not complete for account=xtream:Christoph10@konigtv.com, skipping Xtream sync
2026-02-10 13:35:36.386 19301-19612 CatalogSyncOrchestrator com.fishit.player.v2                 I  SUCCESS duration_ms=5 total_items=0 sources=1
2026-02-10 13:35:36.387 19301-19301 WM-WorkerWrapper        com.fishit.player.v2                 D  Starting work for com.fishit.player.v2.work.CatalogSyncOrchestratorWorker
2026-02-10 13:35:36.387 19301-19612 CatalogSyncOrchestrator com.fishit.player.v2                 I  START sync_run_id=periodic_1770726936337 mode=incremental
2026-02-10 13:35:36.388 19301-19673 WM-ConstraintTracker    com.fishit.player.v2                 D  BatteryNotLowTracker: initial state = true
2026-02-10 13:35:36.388 19301-19612 RuntimeGuards           com.fishit.player.v2                 D  Manual sync (incremental) - skipping battery guard (level=59%)
2026-02-10 13:35:36.388 19301-19673 WM-BrdcstRcvrCnstrntTrc com.fishit.player.v2                 D  BatteryNotLowTracker: registering receiver
2026-02-10 13:35:36.389 19301-19612 CatalogSyncOrchestrator com.fishit.player.v2                 I  Active sources: [XTREAM] (isEmpty=false)
2026-02-10 13:35:36.390 19301-19609 CatalogSyncOrchestrator com.fishit.player.v2                 I  Xtream sync starting...
2026-02-10 13:35:36.391 19301-19611 CatalogSyncOrchestrator com.fishit.player.v2                 W  XOC-3: Category selection not complete for account=xtream:Christoph10@konigtv.com, skipping Xtream sync
2026-02-10 13:35:36.392 19301-19611 CatalogSyncOrchestrator com.fishit.player.v2                 I  SUCCESS duration_ms=5 total_items=0 sources=1
2026-02-10 13:35:36.394 19301-19673 WM-ConstraintTracker    com.fishit.player.v2                 D  NetworkStateTracker24: initial state = NetworkState(isConnected=true, isValidated=true, isMetered=true, isNotRoaming=true)
2026-02-10 13:35:36.394 19301-19673 WM-NetworkStateTracker  com.fishit.player.v2                 D  Registering network callback
2026-02-10 13:35:36.395 19301-19673 ConnectivityManager     com.fishit.player.v2                 D  StackLog: [android.net.ConnectivityManager.sendRequestForNetwork(ConnectivityManager.java:4402)] [android.net.ConnectivityManager.registerDefaultNetworkCallbackForUid(ConnectivityManager.java:4966)] [android.net.ConnectivityManager.registerDefaultNetworkCallback(ConnectivityManager.java:4933)] [android.net.ConnectivityManager.registerDefaultNetworkCallback(ConnectivityManager.java:4907)] [androidx.work.impl.utils.NetworkApi24.registerDefaultNetworkCallbackCompat(NetworkApi24.kt:26)] [androidx.work.impl.constraints.trackers.NetworkStateTracker24.startTracking(NetworkStateTracker.kt:165)] [androidx.work.impl.constraints.trackers.ConstraintTracker.addListener(ConstraintTracker.kt:52)] [androidx.work.impl.constraints.controllers.BaseConstraintController$track$1.invokeSuspend(ContraintControllers.kt:62)] [androidx.work.impl.constraints.controllers.BaseConstraintController$track$1.invoke(Unknown Source:8)] [androidx.work.impl.constraints.controllers.BaseConstraintController$track$1.invoke(Unknown Source:4)] [kotlinx.coroutines.flow.ChannelFlowBuilder.collectTo$suspendImpl(Builders.kt:316)] [kotlinx.coroutines.flow.ChannelFlowBuilder.collectTo(Unknown Source:0)] [kotlinx.coroutines.flow.CallbackFlowBuilder.collectTo(Builders.kt:330)] [kotlinx.coroutines.flow.internal.ChannelFlow$collectToFun$1.invokeSuspend(ChannelFlow.kt:56)] [kotlin.coroutines.jvm.internal.BaseContinuationImpl.resumeWith(ContinuationImpl.kt:34)] [kotlinx.coroutines.DispatchedTask.run(DispatchedTask.kt:100)] [androidx.work.impl.utils.SerialExecutorImpl$Task.run(SerialExecutorImpl.java:96)] [java.util.concurrent.ThreadPoolExecutor.runWorker(ThreadPoolExecutor.java:1145)] [java.util.concurrent.ThreadPoolExecutor$Worker.run(ThreadPoolExecutor.java:644)] [java.lang.Thread.run(Thread.java:1012)]
2026-02-10 13:35:36.400 19301-20322 WM-NetworkStateTracker  com.fishit.player.v2                 D  Network capabilities changed: [ Transports: CELLULAR Capabilities: SUPL&INTERNET&NOT_RESTRICTED&TRUSTED&NOT_VPN&VALIDATED&NOT_ROAMING&FOREGROUND&NOT_CONGESTED&NOT_SUSPENDED&NOT_VCN_MANAGED LinkUpBandwidth>=40597Kbps LinkDnBandwidth>=60549Kbps Specifier: <TelephonyNetworkSpecifier [mSubId = 1]> SubscriptionIds: {1} UnderlyingNetworks: Null]
2026-02-10 13:35:36.404 19301-19673 WM-PackageManagerHelper com.fishit.player.v2                 D  androidx.work.impl.background.systemalarm.RescheduleReceiver enabled
2026-02-10 13:35:36.407 19301-19673 WM-WorkerWrapper        com.fishit.player.v2                 I  Worker result SUCCESS for Work [ id=d78b0978-67fb-48a9-9e09-f6350a4ff953, tags={ com.fishit.player.v2.work.CatalogSyncOrchestratorWorker,catalog_sync,mode_auto,worker/CatalogSyncOrchestratorWorker } ]
2026-02-10 13:35:36.408 19301-19301 WM-Processor            com.fishit.player.v2                 D  Processor d78b0978-67fb-48a9-9e09-f6350a4ff953 executed; reschedule = false
2026-02-10 13:35:36.408 19301-19301 WM-SystemJobService     com.fishit.player.v2                 D  d78b0978-67fb-48a9-9e09-f6350a4ff953 executed on JobScheduler
2026-02-10 13:35:36.409 19301-19673 WM-WorkerWrapper        com.fishit.player.v2                 I  Worker result SUCCESS for Work [ id=f6e33af3-7eb0-4f41-81c4-27618a00d512, tags={ com.fishit.player.v2.work.CatalogSyncOrchestratorWorker,catalog_sync,mode_incremental,worker/CatalogSyncOrchestratorWorker } ]
2026-02-10 13:35:36.411 19301-19301 WM-Processor            com.fishit.player.v2                 D  Processor f6e33af3-7eb0-4f41-81c4-27618a00d512 executed; reschedule = false
2026-02-10 13:35:36.411 19301-19301 WM-GreedyScheduler      com.fishit.player.v2                 D  Stopping tracking for WorkGenerationalId(workSpecId=f6e33af3-7eb0-4f41-81c4-27618a00d512, generation=0)
2026-02-10 13:35:36.413 19301-19301 WM-SystemJobService     com.fishit.player.v2                 D  f6e33af3-7eb0-4f41-81c4-27618a00d512 executed on JobScheduler
2026-02-10 13:35:36.415 19301-19673 WM-GreedyScheduler      com.fishit.player.v2                 D  Cancelling work ID d78b0978-67fb-48a9-9e09-f6350a4ff953
2026-02-10 13:35:36.420 19301-19673 WM-SystemJobScheduler   com.fishit.player.v2                 D  Scheduling work ID f6e33af3-7eb0-4f41-81c4-27618a00d512Job ID 2
2026-02-10 13:35:36.424 19301-19673 WM-GreedyScheduler      com.fishit.player.v2                 D  Cancelling work ID f6e33af3-7eb0-4f41-81c4-27618a00d512
2026-02-10 13:35:36.427 19301-19673 WM-BrdcstRcvrCnstrntTrc com.fishit.player.v2                 D  BatteryNotLowTracker: unregistering receiver
2026-02-10 13:35:36.428 19301-19673 WM-NetworkStateTracker  com.fishit.player.v2                 D  Unregistering network callback
2026-02-10 13:35:36.429 19301-19673 ConnectivityManager     com.fishit.player.v2                 D  StackLog: [android.net.ConnectivityManager.unregisterNetworkCallback(ConnectivityManager.java:5076)] [androidx.work.impl.utils.NetworkApi21.unregisterNetworkCallbackCompat(NetworkApi21.kt:28)] [androidx.work.impl.constraints.trackers.NetworkStateTracker24.stopTracking(NetworkStateTracker.kt:180)] [androidx.work.impl.constraints.trackers.ConstraintTracker.removeListener(ConstraintTracker.kt:67)] [androidx.work.impl.constraints.controllers.BaseConstraintController$track$1$1.invoke(ContraintControllers.kt:63)] [androidx.work.impl.constraints.controllers.BaseConstraintController$track$1$1.invoke(ContraintControllers.kt:63)] [kotlinx.coroutines.channels.ProduceKt.awaitClose(Produce.kt:69)] [kotlinx.coroutines.channels.ProduceKt$awaitClose$1.invokeSuspend(Unknown Source:13)] [kotlin.coroutines.jvm.internal.BaseContinuationImpl.resumeWith(ContinuationImpl.kt:34)] [kotlinx.coroutines.DispatchedTask.run(DispatchedTask.kt:98)] [androidx.work.impl.utils.SerialExecutorImpl$Task.run(SerialExecutorImpl.java:96)] [java.util.concurrent.ThreadPoolExecutor.runWorker(ThreadPoolExecutor.java:1145)] [java.util.concurrent.ThreadPoolExecutor$Worker.run(ThreadPoolExecutor.java:644)] [java.lang.Thread.run(Thread.java:1012)]
2026-02-10 13:35:37.215 19301-19301 ViewRootIm...nActivity] com.fishit.player.v2                 I  ViewPostIme pointer 0
2026-02-10 13:35:37.256 19301-19301 ViewRootIm...nActivity] com.fishit.player.v2                 I  ViewPostIme pointer 1
2026-02-10 13:35:37.639 19301-19301 ViewRootIm...nActivity] com.fishit.player.v2                 I  ViewPostIme pointer 0
2026-02-10 13:35:37.682 19301-19301 ViewRootIm...nActivity] com.fishit.player.v2                 I  ViewPostIme pointer 1
2026-02-10 13:35:38.090 19301-19301 ViewRootIm...nActivity] com.fishit.player.v2                 I  ViewPostIme pointer 0
2026-02-10 13:35:38.134 19301-19301 ViewRootIm...nActivity] com.fishit.player.v2                 I  ViewPostIme pointer 1
2026-02-10 13:35:39.167 19301-19301 ViewRootIm...nActivity] com.fishit.player.v2                 I  ViewPostIme pointer 0
2026-02-10 13:35:39.207 19301-19301 ViewRootIm...nActivity] com.fishit.player.v2                 I  ViewPostIme pointer 1
2026-02-10 13:35:40.294 19301-19301 ViewRootIm...nActivity] com.fishit.player.v2                 I  ViewPostIme pointer 0
2026-02-10 13:35:40.301 19301-19301 ViewRootIm...nActivity] com.fishit.player.v2                 I  ViewPostIme pointer 1
2026-02-10 13:35:43.277 19301-19301 ViewRootIm...nActivity] com.fishit.player.v2                 I  ViewPostIme pointer 0
2026-02-10 13:35:43.857 19301-19301 ViewRootIm...nActivity] com.fishit.player.v2                 I  ViewPostIme pointer 1
2026-02-10 13:35:44.218 19301-19313 InputTransport          com.fishit.player.v2                 D  Input channel destroyed: 'ClientS', fd=153
2026-02-10 13:35:44.695 19301-19301 ViewRootIm...nActivity] com.fishit.player.v2                 I  ViewPostIme pointer 0
2026-02-10 13:35:45.571 19301-19301 ViewRootIm...nActivity] com.fishit.player.v2                 I  ViewPostIme pointer 1
2026-02-10 13:35:46.147 19301-19301 ViewRootIm...nActivity] com.fishit.player.v2                 I  ViewPostIme pointer 0
2026-02-10 13:35:46.807 19301-19301 ViewRootIm...nActivity] com.fishit.player.v2                 I  ViewPostIme pointer 1
2026-02-10 13:35:47.321 19301-19301 ViewRootIm...nActivity] com.fishit.player.v2                 I  ViewPostIme pointer 0
2026-02-10 13:35:47.938 19301-19301 ViewRootIm...nActivity] com.fishit.player.v2                 I  ViewPostIme pointer 1
2026-02-10 13:35:48.625 19301-19301 ViewRootIm...nActivity] com.fishit.player.v2                 I  ViewPostIme pointer 0
2026-02-10 13:35:49.092 19301-19301 ViewRootIm...nActivity] com.fishit.player.v2                 I  ViewPostIme pointer 1
2026-02-10 13:35:49.566 19301-19301 ViewRootIm...nActivity] com.fishit.player.v2                 I  ViewPostIme pointer 0
2026-02-10 13:35:49.574 19301-19301 ViewRootIm...nActivity] com.fishit.player.v2                 I  ViewPostIme pointer 1
2026-02-10 13:35:50.008 19301-19301 ViewRootIm...nActivity] com.fishit.player.v2                 I  ViewPostIme pointer 0
2026-02-10 13:35:50.065 19301-19301 ViewRootIm...nActivity] com.fishit.player.v2                 I  ViewPostIme pointer 1
2026-02-10 13:35:50.731 19301-19301 ViewRootIm...nActivity] com.fishit.player.v2                 I  ViewPostIme pointer 0
2026-02-10 13:35:50.791 19301-19301 ViewRootIm...nActivity] com.fishit.player.v2                 I  ViewPostIme pointer 1
2026-02-10 13:35:52.221 19301-19301 ViewRootIm...nActivity] com.fishit.player.v2                 I  ViewPostIme pointer 0
2026-02-10 13:35:52.256 19301-19301 ViewRootIm...nActivity] com.fishit.player.v2                 I  ViewPostIme pointer 1
2026-02-10 13:35:53.029 19301-19301 ViewRootIm...nActivity] com.fishit.player.v2                 I  ViewPostIme pointer 0
2026-02-10 13:35:53.078 19301-19301 ViewRootIm...nActivity] com.fishit.player.v2                 I  ViewPostIme pointer 1
2026-02-10 13:35:53.833 19301-19301 ViewRootIm...nActivity] com.fishit.player.v2                 I  ViewPostIme pointer 0
2026-02-10 13:35:53.887 19301-19301 ViewRootIm...nActivity] com.fishit.player.v2                 I  ViewPostIme pointer 1
2026-02-10 13:35:55.301 19301-19301 ViewRootIm...nActivity] com.fishit.player.v2                 I  ViewPostIme pointer 0
2026-02-10 13:35:56.151 19301-19301 ViewRootIm...nActivity] com.fishit.player.v2                 I  ViewPostIme pointer 1
2026-02-10 13:35:56.733 19301-19301 ViewRootIm...nActivity] com.fishit.player.v2                 I  ViewPostIme pointer 0
2026-02-10 13:35:57.218 19301-19301 ViewRootIm...nActivity] com.fishit.player.v2                 I  ViewPostIme pointer 1
2026-02-10 13:35:57.627 19301-19301 ViewRootIm...nActivity] com.fishit.player.v2                 I  ViewPostIme pointer 0
2026-02-10 13:35:57.709 19301-19301 ViewRootIm...nActivity] com.fishit.player.v2                 I  ViewPostIme pointer 1
2026-02-10 13:35:58.000 19301-19301 ViewRootIm...nActivity] com.fishit.player.v2                 I  ViewPostIme pointer 0
2026-02-10 13:35:58.035 19301-19301 ViewRootIm...nActivity] com.fishit.player.v2                 I  ViewPostIme pointer 1
2026-02-10 13:35:58.510 19301-19301 ViewRootIm...nActivity] com.fishit.player.v2                 I  ViewPostIme pointer 0
2026-02-10 13:35:58.912 19301-19301 ViewRootIm...nActivity] com.fishit.player.v2                 I  ViewPostIme pointer 1
2026-02-10 13:35:59.371 19301-19301 ViewRootIm...nActivity] com.fishit.player.v2                 I  ViewPostIme pointer 0
2026-02-10 13:35:59.429 19301-19301 ViewRootIm...nActivity] com.fishit.player.v2                 I  ViewPostIme pointer 1
2026-02-10 13:35:59.830 19301-19301 ViewRootIm...nActivity] com.fishit.player.v2                 I  ViewPostIme pointer 0
2026-02-10 13:35:59.872 19301-19301 ViewRootIm...nActivity] com.fishit.player.v2                 I  ViewPostIme pointer 1
2026-02-10 13:36:00.163 19301-19301 ViewRootIm...nActivity] com.fishit.player.v2                 I  ViewPostIme pointer 0
2026-02-10 13:36:00.289 19301-19301 ViewRootIm...nActivity] com.fishit.player.v2                 I  ViewPostIme pointer 1
2026-02-10 13:36:00.396 19301-19301 ViewRootIm...nActivity] com.fishit.player.v2                 I  ViewPostIme pointer 0
2026-02-10 13:36:00.505 19301-19301 ViewRootIm...nActivity] com.fishit.player.v2                 I  ViewPostIme pointer 1
2026-02-10 13:36:01.123 19301-19301 ViewRootIm...nActivity] com.fishit.player.v2                 I  ViewPostIme pointer 0
2026-02-10 13:36:01.482 19301-19301 ViewRootIm...nActivity] com.fishit.player.v2                 I  ViewPostIme pointer 1
2026-02-10 13:36:01.824 19301-19301 ViewRootIm...nActivity] com.fishit.player.v2                 I  ViewPostIme pointer 0
2026-02-10 13:36:01.882 19301-19301 ViewRootIm...nActivity] com.fishit.player.v2                 I  ViewPostIme pointer 1
2026-02-10 13:36:02.367 19301-19301 ViewRootIm...nActivity] com.fishit.player.v2                 I  ViewPostIme pointer 0
2026-02-10 13:36:02.433 19301-19301 ViewRootIm...nActivity] com.fishit.player.v2                 I  ViewPostIme pointer 1
2026-02-10 13:36:02.718 19301-19301 ViewRootIm...nActivity] com.fishit.player.v2                 I  ViewPostIme pointer 0
2026-02-10 13:36:02.935 19301-19301 ViewRootIm...nActivity] com.fishit.player.v2                 I  ViewPostIme pointer 1
2026-02-10 13:36:03.530 19301-19301 ViewRootIm...nActivity] com.fishit.player.v2                 I  ViewPostIme pointer 0
2026-02-10 13:36:03.952 19301-19301 ViewRootIm...nActivity] com.fishit.player.v2                 I  ViewPostIme pointer 1
2026-02-10 13:36:04.387 19301-19301 ViewRootIm...nActivity] com.fishit.player.v2                 I  ViewPostIme pointer 0
2026-02-10 13:36:04.870 19301-19301 ViewRootIm...nActivity] com.fishit.player.v2                 I  ViewPostIme pointer 1
2026-02-10 13:36:05.289 19301-19301 ViewRootIm...nActivity] com.fishit.player.v2                 I  ViewPostIme pointer 0
2026-02-10 13:36:05.772 19301-19301 ViewRootIm...nActivity] com.fishit.player.v2                 I  ViewPostIme pointer 1
2026-02-10 13:36:06.292 19301-19301 ViewRootIm...nActivity] com.fishit.player.v2                 I  ViewPostIme pointer 0
2026-02-10 13:36:06.720 19301-19301 ViewRootIm...nActivity] com.fishit.player.v2                 I  ViewPostIme pointer 1
2026-02-10 13:36:06.759 19301-19301 OnboardingViewModel     com.fishit.player.v2                 D  Category gate set: complete=true for account=xtream:Christoph10@konigtv.com
2026-02-10 13:36:06.760 19301-19301 CatalogSyncScheduler    com.fishit.player.v2                 D  Enqueueing EXPERT_NOW sync
2026-02-10 13:36:06.761 19301-19301 OnboardingViewModel     com.fishit.player.v2                 I  Category selection confirmed — sync enqueued, navigating to Home
2026-02-10 13:36:06.781 19301-19622 WM-SystemJobScheduler   com.fishit.player.v2                 D  Scheduling work ID f9476dce-2a49-4d74-b3db-c934f9a7081cJob ID 3
2026-02-10 13:36:06.781 19301-19301 WindowManager           com.fishit.player.v2                 I  WindowManagerGlobal#removeView, ty=2, view=DecorView@c853af5[MainActivity], caller=android.view.WindowManagerGlobal.removeView:628 android.view.WindowManagerImpl.removeViewImmediate:208 android.app.Dialog.dismissDialog:801
2026-02-10 13:36:06.782 19301-19301 WindowOnBackDispatcher  com.fishit.player.v2                 W  sendCancelIfRunning: isInProgress=falsecallback=android.view.ViewRootImpl$$ExternalSyntheticLambda19@4afbee5
2026-02-10 13:36:06.785 19301-19622 WM-GreedyScheduler      com.fishit.player.v2                 D  Starting work for f9476dce-2a49-4d74-b3db-c934f9a7081c
2026-02-10 13:36:06.790 19301-19622 WM-Processor            com.fishit.player.v2                 D  Processor: processing WorkGenerationalId(workSpecId=f9476dce-2a49-4d74-b3db-c934f9a7081c, generation=0)
2026-02-10 13:36:06.815 19301-19301 ViewRootIm...nActivity] com.fishit.player.v2                 I  dispatchDetachedFromWindow
2026-02-10 13:36:06.828 19301-19301 InputTransport          com.fishit.player.v2                 D  Input channel destroyed: '4733a2f', fd=144
2026-02-10 13:36:06.831  1432-1524  WindowManager           system_server                        E  win=Window{4733a2f u0 com.fishit.player.v2/com.fishit.player.v2.MainActivity EXITING} destroySurfaces: appStopped=false cleanupOnResume=false win.mWindowRemovalAllowed=true win.mRemoveOnExit=true win.mViewVisibility=0 caller=com.android.server.wm.WindowState.onExitAnimationDone:5764 com.android.server.wm.WindowStateAnimator.onAnimationFinished:208 com.android.server.wm.WindowState.onAnimationFinished:5995 com.android.server.wm.WindowContainer$$ExternalSyntheticLambda4.onAnimationFinished:0 com.android.server.wm.SurfaceAnimator.lambda$getFinishedCallback$0:140 com.android.server.wm.SurfaceAnimator.$r8$lambda$eYT7rjaBOE8bCIRq043wVzQ_RTM:0 com.android.server.wm.SurfaceAnimator$$ExternalSyntheticLambda1.run:0
2026-02-10 13:36:06.860 19301-19301 HomeViewModel           com.fishit.player.v2                 I  🏠 HomeViewModel INIT - Creating content flows and paging sources
2026-02-10 13:36:06.914 19301-19301 WM-WorkerWrapper        com.fishit.player.v2                 D  Starting work for com.fishit.player.v2.work.CatalogSyncOrchestratorWorker
2026-02-10 13:36:06.914 19301-19611 CatalogSyncOrchestrator com.fishit.player.v2                 I  START sync_run_id=6c94a360-63a1-4186-a3dc-32c2c7efb1bd mode=expert_now
2026-02-10 13:36:06.915 19301-19301 InsetsSourceConsumer    com.fishit.player.v2                 I  applyRequestedVisibilityToControl: visible=true, type=navigationBars, host=com.fishit.player.v2/com.fishit.player.v2.MainActivity
2026-02-10 13:36:06.915 19301-19301 InsetsSourceConsumer    com.fishit.player.v2                 I  applyRequestedVisibilityToControl: visible=true, type=statusBars, host=com.fishit.player.v2/com.fishit.player.v2.MainActivity
2026-02-10 13:36:06.916 19301-19611 RuntimeGuards           com.fishit.player.v2                 D  Manual sync (expert_now) - skipping battery guard (level=59%)
2026-02-10 13:36:06.917 19301-19301 InsetsController        com.fishit.player.v2                 I  onStateChanged: host=com.fishit.player.v2/com.fishit.player.v2.MainActivity, from=android.view.ViewRootImpl$ViewRootHandler.handleMessageImpl:7209, state=InsetsState: {mDisplayFrame=Rect(0, 0 - 1080, 2400), mDisplayCutout=DisplayCutout{insets=Rect(0, 80 - 0, 0) waterfall=Insets{left=0, top=0, right=0, bottom=0} boundingRect={Bounds=[Rect(0, 0 - 0, 0), Rect(510, 0 - 570, 80), Rect(0, 0 - 0, 0), Rect(0, 0 - 0, 0)]} cutoutPathParserInfo={CutoutPathParserInfo{displayWidth=1080 displayHeight=2400 physicalDisplayWidth=1080 physicalDisplayHeight=2400 density={3.0} cutoutSpec={M 0,0 H -10 V 26.66666666666667 H 10 V 0 H 0 Z @dp} rotation={0} scale={1.0} physicalPixelDisplaySizeRatio={1.0}}}}, mRoundedCorners=RoundedCorners{[RoundedCorner{position=TopLeft, radius=90, center=Point(90, 90)}, RoundedCorner{position=TopRight, radius=90, center=Point(990, 90)}, RoundedCorner{position=BottomRight, radius=90, center=Point(990, 2310)}, RoundedCorner{position=BottomLeft, radius=90, center=Point(90, 2310)}]}  mRoundedCornerFrame=Rect(0, 0 - 1080, 2400), mPrivacyIndicatorBounds=PrivacyIndicatorBounds {static bounds=Rect(948, 0 - 1080, 80) rotation=0}, mDisplayShape=DisplayShape{ spec=-311912193 displayWidth=1080 displayHeight=2400 physicalPixelDisplaySizeRatio=1.0 rotation=0 offsetX=0 offsetY=0 scale=1.0}, mSources= { InsetsSource: {f91a0000 mType=statusBars mFrame=[0,0][1080,80] mVisible=true mFlags=[]}, InsetsSource: {f91a0005 mType=mandatorySystemGestures mFrame=[0,0][1080,116] mVisible=true mFlags=[]}, InsetsSource: {f91a0006 mType=tappableElement mFrame=[0,0][1080,80] mVisible=true mFlags=[]}, InsetsSource: {27 mType=displayCutout mFrame=[0,0][1080,80] mVisible=true mFlags=[]}, InsetsSource: {2c340001 mType=navigationBars mFrame=[0,2256][1080,2400] mVisible=true mFlags=[]}, InsetsSource: {2c340004 mType=systemGestures mFrame=[0,0][0,0] mVisible=true mFlags=[]}, InsetsSource: {2c340005 mType=mandatorySystemGestures mFrame=[0,2256][1080,2400] mVisible=true mFlags=[]}, InsetsSource: {2c340006 mType=tappableElement mFrame=[0,2256][1080,2400] mVisible=true mFlags=[]}, InsetsSource: {2c340024 mType=systemGestures mFrame=[0,0][0,0] mVisible=true mFlags=[]} }
2026-02-10 13:36:06.917 19301-19611 CatalogSyncOrchestrator com.fishit.player.v2                 I  Active sources: [XTREAM] (isEmpty=false)
2026-02-10 13:36:06.918 19301-19612 CatalogSyncOrchestrator com.fishit.player.v2                 I  Xtream sync starting...
2026-02-10 13:36:06.924 19301-19301 HomeViewModel           com.fishit.player.v2                 D  🔄 Movies PagingFlow recreated (trigger=0)
2026-02-10 13:36:06.924 19301-19301 NxHomeContentRepo       com.fishit.player.v2                 I  🎬 getMoviesPagingData() CALLED - Creating Movies PagingSource
2026-02-10 13:36:06.927 19301-19485 XtreamSyncService       com.fishit.player.v2                 D  Starting Xtream sync: profile=PHONE_HIGH_RAM, forceFullSync=false
2026-02-10 13:36:06.927 19301-19301 NxHomeContentRepo       com.fishit.player.v2                 D  🎬 Movies PagingSource FACTORY invoked
2026-02-10 13:36:06.929 19301-19611 IncrementalSyncDecider  com.fishit.player.v2                 I  [all] First sync - full required
2026-02-10 13:36:06.930 19301-19611 SyncPerfMetrics         com.fishit.player.v2                 D  Sync app-default started
2026-02-10 13:36:06.936 19301-19611 XtreamCatalogPipeline   com.fishit.player.v2                 I  Starting Xtream catalog scan: vod=true, series=true, episodes=false, live=true
2026-02-10 13:36:06.936 19301-19301 NxHomeContentRepo       com.fishit.player.v2                 D  🔍 HomePagingSource.load() START | workType=MOVIE offset=0 loadSize=40
2026-02-10 13:36:06.938 19301-19609 SeriesItemPhase         com.fishit.player.v2                 D  [SERIES] Starting scan (after slot available) with 3 category filter(s) [server-side]...
2026-02-10 13:36:06.938 19301-19612 ObjectBoxPagingSource   com.fishit.player.v2                 D  🔍 DB Query: offset=0 loadSize=40 → results=0
2026-02-10 13:36:06.939 19301-19612 NxHomeContentRepo       com.fishit.player.v2                 D  🔍 HomePagingSource: DB returned 0 works
2026-02-10 13:36:06.939 19301-19301 HomeViewModel           com.fishit.player.v2                 D  🔄 Series PagingFlow recreated (trigger=0)
2026-02-10 13:36:06.939 19301-19301 NxHomeContentRepo       com.fishit.player.v2                 I  📺 getSeriesPagingData() CALLED - Creating Series PagingSource
2026-02-10 13:36:06.941 19301-19301 NxHomeContentRepo       com.fishit.player.v2                 D  📺 Series PagingSource FACTORY invoked
2026-02-10 13:36:06.944 19301-19301 NxHomeContentRepo       com.fishit.player.v2                 D  🔍 HomePagingSource.load() START | workType=SERIES offset=0 loadSize=40
2026-02-10 13:36:06.946 19301-19610 ObjectBoxPagingSource   com.fishit.player.v2                 D  🔍 DB Query: offset=0 loadSize=40 → results=0
2026-02-10 13:36:06.946 19301-19610 NxHomeContentRepo       com.fishit.player.v2                 D  🔍 HomePagingSource: DB returned 0 works
2026-02-10 13:36:06.947 19301-19301 HomeViewModel           com.fishit.player.v2                 D  🔄 Clips PagingFlow recreated (trigger=0)
2026-02-10 13:36:06.947 19301-19612 XtreamStreamFetcher     com.fishit.player.v2                 D  streamFromUrl: CALLED for http://konigtv.com:8080/player_api.php?action=get_series&category_id=180&username=***&password=***
2026-02-10 13:36:06.947 19301-19485 LiveChannelPhase        com.fishit.player.v2                 D  [LIVE] Starting parallel scan (streaming) with 7 category filter(s) [server-side]...
2026-02-10 13:36:06.949 19301-19608 XtreamStreamFetcher     com.fishit.player.v2                 D  streamFromUrl: CALLED for http://konigtv.com:8080/player_api.php?action=get_series&category_id=179&username=***&password=***
2026-02-10 13:36:06.950 19301-19301 NxHomeContentRepo       com.fishit.player.v2                 D  🔍 HomePagingSource.load() START | workType=CLIP offset=0 loadSize=40
2026-02-10 13:36:06.954 19301-19610 ObjectBoxPagingSource   com.fishit.player.v2                 D  🔍 DB Query: offset=0 loadSize=40 → results=0
2026-02-10 13:36:06.954 19301-19610 NxHomeContentRepo       com.fishit.player.v2                 D  🔍 HomePagingSource: DB returned 0 works
2026-02-10 13:36:06.955 19301-19301 HomeViewModel           com.fishit.player.v2                 D  🔄 Live PagingFlow recreated (trigger=0)
2026-02-10 13:36:06.960 19301-19301 NxHomeContentRepo       com.fishit.player.v2                 D  🔍 HomePagingSource.load() START | workType=LIVE_CHANNEL offset=0 loadSize=40
2026-02-10 13:36:06.962 19301-19483 XtreamStreamFetcher     com.fishit.player.v2                 D  streamFromUrl: CALLED for http://konigtv.com:8080/player_api.php?action=get_series&category_id=66&username=***&password=***
2026-02-10 13:36:06.963 19301-19301 HomeViewModel           com.fishit.player.v2                 D  🔄 RecentlyAdded PagingFlow recreated (trigger=0)
2026-02-10 13:36:06.964 19301-19484 ObjectBoxPagingSource   com.fishit.player.v2                 D  🔍 DB Query: offset=0 loadSize=40 → results=0
2026-02-10 13:36:06.964 19301-19484 NxHomeContentRepo       com.fishit.player.v2                 D  🔍 HomePagingSource: DB returned 0 works
2026-02-10 13:36:06.968 19301-19301 NxHomeContentRepo       com.fishit.player.v2                 D  🔍 HomePagingSource.load() START | workType=ALL offset=0 loadSize=40
2026-02-10 13:36:06.971 19301-19613 ObjectBoxPagingSource   com.fishit.player.v2                 D  🔍 DB Query: offset=0 loadSize=40 → results=0
2026-02-10 13:36:06.973 19301-19613 NxHomeContentRepo       com.fishit.player.v2                 D  🔍 HomePagingSource: DB returned 0 works
2026-02-10 13:36:06.973 19301-19609 XtreamStreamFetcher     com.fishit.player.v2                 D  streamFromUrl: CALLED for http://konigtv.com:8080/player_api.php?action=get_live_streams&category_id=282&username=***&password=***
2026-02-10 13:36:06.974 19301-19620 XtreamStreamFetcher     com.fishit.player.v2                 D  streamFromUrl: CALLED for http://konigtv.com:8080/player_api.php?action=get_live_streams&category_id=459&username=***&password=***
2026-02-10 13:36:06.977 19301-19611 XtreamStreamFetcher     com.fishit.player.v2                 D  streamFromUrl: CALLED for http://konigtv.com:8080/player_api.php?action=get_live_streams&category_id=187&username=***&password=***
2026-02-10 13:36:06.982 19301-19607 XtreamStreamFetcher     com.fishit.player.v2                 D  streamFromUrl: CALLED for http://konigtv.com:8080/player_api.php?action=get_live_streams&category_id=13&username=***&password=***
2026-02-10 13:36:06.992 19301-20188 TrafficStats            com.fishit.player.v2                 D  tagSocket(95) with statsTag=0xffffffff, statsUid=-1
2026-02-10 13:36:06.994 19301-20183 TrafficStats            com.fishit.player.v2                 D  tagSocket(140) with statsTag=0xffffffff, statsUid=-1
2026-02-10 13:36:06.999 19301-20187 TrafficStats            com.fishit.player.v2                 D  tagSocket(153) with statsTag=0xffffffff, statsUid=-1
2026-02-10 13:36:07.002 19301-20189 TrafficStats            com.fishit.player.v2                 D  tagSocket(164) with statsTag=0xffffffff, statsUid=-1
