                                                                                                      int32_t aac-max-output-channel_count = 8
                                                                                                      int32_t aac-target-ref-level = 64
                                                                                                      int32_t channel-count = 2
                                                                                                      int32_t channel-mask = 0
                                                                                                      int32_t max-output-channel-count = 8
                                                                                                      string mime = "audio/raw"
                                                                                                      int32_t sample-rate = 44100
                                                                                                      int32_t android._config-pcm-encoding = 2
                                                                                                    }
2026-01-30 09:05:43.698 30107-30682 CCodecConfig            com.fishit.player.v2                 I  query failed after returning 20 values (BAD_INDEX)
2026-01-30 09:05:43.700 30107-30642 MediaCodec              com.fishit.player.v2                 D  keep callback message for reclaim
2026-01-30 09:05:43.701 30107-30682 CCodec                  com.fishit.player.v2                 I  [c2.android.aac.decoder] state->set(STARTING)
2026-01-30 09:05:43.710 30107-30682 Codec2Client            com.fishit.player.v2                 W  query -- param skipped: index = 1342179345.
2026-01-30 09:05:43.710 30107-30682 Codec2Client            com.fishit.player.v2                 W  query -- param skipped: index = 2415921170.
2026-01-30 09:05:43.710 30107-30682 Codec2Client            com.fishit.player.v2                 W  query -- param skipped: index = 1610614798.
2026-01-30 09:05:43.711 30107-30682 CCodecBufferChannel     com.fishit.player.v2                 D  [c2.android.aac.decoder#417] Created input block pool with allocatorID 19 => poolID 18 - OK (0)
2026-01-30 09:05:43.715 30107-30682 CCodecBufferChannel     com.fishit.player.v2                 I  [c2.android.aac.decoder#417] Created output block pool with allocatorID 19 => poolID 24 - OK
2026-01-30 09:05:43.715 30107-30682 CCodecBufferChannel     com.fishit.player.v2                 D  [c2.android.aac.decoder#417] Configured output block pool ids 24 => OK
2026-01-30 09:05:43.716 30107-30682 CCodec                  com.fishit.player.v2                 I  [c2.android.aac.decoder] state->set(RUNNING)
2026-01-30 09:05:43.718 30107-30682 CCodecBufferChannel     com.fishit.player.v2                 I  [c2.android.aac.decoder#417] 4 initial input buffers available
2026-01-30 09:05:43.743 30107-30666 CCodecConfig            com.fishit.player.v2                 D  c2 config diff is   c2::u32 raw.crop.height = 720
                                                                                                      c2::u32 raw.crop.left = 0
                                                                                                      c2::u32 raw.crop.top = 0
                                                                                                      c2::u32 raw.crop.width = 1280
2026-01-30 09:05:43.746 30107-30682 CCodecConfig            com.fishit.player.v2                 D  c2 config diff is   c2::u32 raw.channel-mask.value = 12
2026-01-30 09:05:43.746 30107-30682 CCodecBuffers           com.fishit.player.v2                 D  [c2.android.aac.decoder#417:Output[N]] popFromStashAndRegister: at 1000000003577us, output format changed to AMessage(what = 0x00000000) = {
                                                                                                      int32_t aac-drc-album-mode = 0
                                                                                                      int32_t aac-drc-boost-level = 127
                                                                                                      int32_t aac-drc-cut-level = 127
                                                                                                      int32_t aac-drc-effect-type = 3
                                                                                                      int32_t aac-drc-output-loudness = -1
                                                                                                      int32_t aac-encoded-target-level = -1
                                                                                                      int32_t aac-max-output-channel_count = 8
                                                                                                      int32_t aac-target-ref-level = 64
                                                                                                      int32_t channel-count = 2
                                                                                                      int32_t channel-mask = 12
                                                                                                      int32_t max-output-channel-count = 8
                                                                                                      string mime = "audio/raw"
                                                                                                      int32_t sample-rate = 44100
                                                                                                      int32_t android._config-pcm-encoding = 2
                                                                                                    }
2026-01-30 09:05:43.757 30107-30665 BLASTBufferQueue        com.fishit.player.v2                 I  [SurfaceView[com.fishit.player.v2/com.fishit.player.v2.MainActivity]@0#1](f:0,a:0,s:0) onFrameAvailable the first frame is available
2026-01-30 09:05:43.757 30107-30665 MediaCodec              com.fishit.player.v2                 I  setCodecState state(1), called in 6
2026-01-30 09:05:43.782 30107-30107 SurfaceView             com.fishit.player.v2                 I  266152019 Changes: creating=false format=false size=true visible=false alpha=false hint=false visible=false left=false top=true z=false attached=true lifecycleStrategy=false
2026-01-30 09:05:43.782 30107-30107 SurfaceView@fdd2853     com.fishit.player.v2                 I  266152019 Cur surface: Surface(name=null)/@0x1097854
2026-01-30 09:05:43.785 30107-30107 BLASTBufferQueue_Java   com.fishit.player.v2                 I  update, w= 1080 h= 607 mName = null mNativeObject= 0xb400007a14e6c490 sc.mNativeObject= 0xb400007b04e4cf50 format= 4 caller= android.view.SurfaceView.setBufferSize:1438 android.view.SurfaceView.performSurfaceTransaction:994 android.view.SurfaceView.updateSurface:1210 android.view.SurfaceView.setFrame:559 android.view.View.layout:25765 android.widget.FrameLayout.layoutChildren:332
2026-01-30 09:05:43.785 30107-30107 SurfaceView@fdd2853     com.fishit.player.v2                 I  pST: sr = Rect(0, 896 - 1080, 1503) sw = 1080 sh = 607
2026-01-30 09:05:43.788 30107-30107 SurfaceView@fdd2853     com.fishit.player.v2                 D  266152019 performSurfaceTransaction RenderWorker position = [0, 896, 1080, 1503] surfaceSize = 1080x607
2026-01-30 09:05:43.788 30107-30107 SurfaceView@fdd2853     com.fishit.player.v2                 I  updateSurface: mVisible = true mSurface.isValid() = true
2026-01-30 09:05:43.788 30107-30107 SurfaceView@fdd2853     com.fishit.player.v2                 I  updateSurface: mSurfaceCreated = true surfaceChanged = false visibleChanged = false
2026-01-30 09:05:43.789 30107-30107 SurfaceView             com.fishit.player.v2                 I  266152019 surfaceChanged -- format=4 w=1080 h=607
2026-01-30 09:05:43.789 30107-30107 SurfaceView@fdd2853     com.fishit.player.v2                 I  surfaceChanged (1080,607) 1 #5 android.view.SurfaceView{fdd2853 V.E...... ......ID 0,0-1080,607}
2026-01-30 09:05:43.790 30107-30107 SurfaceView             com.fishit.player.v2                 I  266152019 surfaceRedrawNeeded
2026-01-30 09:05:43.792 30107-30107 SurfaceView             com.fishit.player.v2                 I  266152019 finishedDrawing
2026-01-30 09:05:43.792 30107-30107 SurfaceView@fdd2853     com.fishit.player.v2                 V  Layout: x=0 y=896 w=1080 h=607, frame=Rect(0, 0 - 1080, 607)
2026-01-30 09:05:43.798 30107-30143 SurfaceView             com.fishit.player.v2                 D  266152019 updateSurfacePosition RenderWorker, frameNr = 397, position = [0, 896, 1080, 1503] surfaceSize = 1080x607
2026-01-30 09:05:43.798 30107-30143 SurfaceView@fdd2853     com.fishit.player.v2                 I  uSP: rtp = Rect(0, 896 - 1080, 1503) rtsw = 1080 rtsh = 607
2026-01-30 09:05:43.798 30107-30143 SurfaceView@fdd2853     com.fishit.player.v2                 I  onSSPAndSRT: pl = 0 pt = 896 sx = 1.0 sy = 1.0
2026-01-30 09:05:43.799 30107-30143 SurfaceView@fdd2853     com.fishit.player.v2                 I  aOrMT: ViewRootImpl@6bc52ae[MainActivity] t = android.view.SurfaceControl$Transaction@e489855 fN = 397 android.view.SurfaceView.-$$Nest$mapplyOrMergeTransaction:0 android.view.SurfaceView$SurfaceViewPositionUpdateListener.positionChanged:1666 android.graphics.RenderNode$CompositePositionUpdateListener.positionChanged:369
2026-01-30 09:05:43.799 30107-30143 ViewRootIm...nActivity] com.fishit.player.v2                 I  mWNT: t=0xb4000078e4e38090 mBlastBufferQueue=0xb400007a14e51eb0 fn= 397 mRenderHdrSdrRatio=1.0 caller= android.view.SurfaceView.applyOrMergeTransaction:1598 android.view.SurfaceView.-$$Nest$mapplyOrMergeTransaction:0 android.view.SurfaceView$SurfaceViewPositionUpdateListener.positionChanged:1666
2026-01-30 09:05:43.807 30107-30642 AudioTrack              com.fishit.player.v2                 D  setVolume(1.000000, 1.000000) pid : 30107
2026-01-30 09:05:43.885 30107-30117 ishit.player.v2         com.fishit.player.v2                 I  Background concurrent copying GC freed 1496003(47MB) AllocSpace objects, 0(0B) LOS objects, 36% free, 41MB/65MB, paused 375us,76us total 137.822ms
2026-01-30 09:05:43.894 30107-30107 InternalPlayerSession   com.fishit.player.v2                 D  Available tracks (NextLib FFmpeg enabled):
                                                                                                      ▶ [Video] video/avc (und, no label)
                                                                                                      ▶ [Audio] audio/mp4a-latm (de, no label)
                                                                                                        [Audio] audio/mp4a-latm (de, no label)
                                                                                                        [Audio] audio/mp4a-latm (de, no label)
                                                                                                        [Audio] audio/mp4a-latm (de, no label)
2026-01-30 09:05:43.962 30107-30107 ViewRootIm...nActivity] com.fishit.player.v2                 I  registerCallbackForPendingTransactions
2026-01-30 09:05:43.978 30107-30369 ViewRootIm...nActivity] com.fishit.player.v2                 I  mWNT: t=0xb4000078e4e3e230 mBlastBufferQueue=0xb400007a14e51eb0 fn= 398 mRenderHdrSdrRatio=1.0 caller= android.view.ViewRootImpl$6.onFrameDraw:5635 android.view.ViewRootImpl$2.onFrameDraw:2146 android.view.ThreadedRenderer$1.onFrameDraw:792
2026-01-30 09:05:44.009 30107-30642 AudioTrack              com.fishit.player.v2                 D  getTimestamp_l(97): device stall time corrected using current time 33848511187019
2026-01-30 09:05:44.022 30107-30642 AudioTrack              com.fishit.player.v2                 D  getTimestamp_l(97): stale timestamp time corrected, currentTimeNanos: 28851924815708 < limitNs: 33848278073750 < mStartNs: 33848358073750
2026-01-30 09:05:44.022 30107-30642 AudioTrack              com.fishit.player.v2                 W  getTimestamp_l(97): retrograde timestamp time corrected, 33848278073750 < 33848511187019
2026-01-30 09:05:44.412 30107-30117 ishit.player.v2         com.fishit.player.v2                 I  Background concurrent copying GC freed 892530(28MB) AllocSpace objects, 0(0B) LOS objects, 26% free, 65MB/89MB, paused 818us,53us total 131.033ms
2026-01-30 09:05:45.736 30107-30117 ishit.player.v2         com.fishit.player.v2                 I  Background concurrent copying GC freed 1279084(40MB) AllocSpace objects, 0(0B) LOS objects, 27% free, 62MB/86MB, paused 96us,58us total 103.983ms
2026-01-30 09:05:47.767 30107-30139 CatalogSyncService      com.fishit.player.v2                 D  Xtream live batch complete (NX): ingested=304 total_ms=4829
2026-01-30 09:05:47.767 30107-30139 CatalogSyncService      com.fishit.player.v2                 D  Time-based flush LIVE: 304 items in 4829ms
2026-01-30 09:05:48.333 30107-30117 ishit.player.v2         com.fishit.player.v2                 I  Background young concurrent copying GC freed 844209(25MB) AllocSpace objects, 0(0B) LOS objects, 2% free, 80MB/82MB, paused 110us,1.890ms total 123.872ms
2026-01-30 09:05:48.367 30107-30139 CatalogSyncService      com.fishit.player.v2                 D  Xtream batch complete (HOT PATH/NX): ingested=400 total_ms=5489
2026-01-30 09:05:48.368 30107-30139 SyncPerfMetrics         com.fishit.player.v2                 D  Phase MOVIES started
2026-01-30 09:05:48.368 30107-30139 XtreamCatalogScanWorker com.fishit.player.v2                 D  PROGRESS discovered=3077 persisted=3078 phase=VOD
2026-01-30 09:05:48.369 30107-30139 XtreamCatalogScanWorker com.fishit.player.v2                 D  PROGRESS discovered=3100 persisted=3078 phase=null
2026-01-30 09:05:48.370 30107-30174 XTC                     com.fishit.player.v2                 D  [LIVE] DTO→Raw #1500 | id=xtream:live:769791 | title="CBS News Chicago" | sourceType=XTREAM | Fields: ✓[poster] ✗[year, plot, cast, director, backdrop, duration, tmdb]
2026-01-30 09:05:48.371 30107-30168 XTC                     com.fishit.player.v2                 D  [VOD] DTO→Raw #1650 | id=xtream:vod:692594 | title="Slotherhouse - Ein Faultier zum Fürchten" | sourceType=XTREAM | Fields: ✓[year=2023, poster] ✗[plot, cast, director, backdrop, duration, tmdb]
2026-01-30 09:05:48.371 30107-30139 SyncPerfMetrics         com.fishit.player.v2                 D  Phase LIVE started
2026-01-30 09:05:48.371 30107-30139 XtreamCatalogScanWorker com.fishit.player.v2                 D  PROGRESS discovered=3149 persisted=3078 phase=LIVE
2026-01-30 09:05:48.382 30107-30172 SyncBatchManager        com.fishit.player.v2                 D  Time-based flush for LIVE: 22 items after 5444ms
2026-01-30 09:05:48.382 30107-30172 SyncBatchManager        com.fishit.player.v2                 D  Flushing LIVE batch: 22 items (timeBased=true)
2026-01-30 09:05:48.383 30107-30172 CatalogSyncService      com.fishit.player.v2                 D  Persisting Xtream live batch (NX-ONLY): 22 items
2026-01-30 09:05:48.405 30107-30168 XTC                     com.fishit.player.v2                 D  [VOD] DTO→Raw #1700 | id=xtream:vod:674679 | title="A Royal Corgi Christmas - Weihnachten wi" | sourceType=XTREAM | Fields: ✓[year=2022, poster] ✗[plot, cast, director, backdrop, duration, tmdb]
2026-01-30 09:05:48.415 30107-30135 XtreamCatalogScanWorker com.fishit.player.v2                 D  PROGRESS discovered=3200 persisted=3078 phase=null
2026-01-30 09:05:48.421 30107-30135 SyncPerfMetrics         com.fishit.player.v2                 D  Phase MOVIES started
2026-01-30 09:05:48.423 30107-30135 XtreamCatalogScanWorker com.fishit.player.v2                 D  PROGRESS discovered=3200 persisted=3078 phase=VOD
2026-01-30 09:05:48.428 30107-30138 XTC                     com.fishit.player.v2                 D  [VOD] DTO→Raw #1750 | id=xtream:vod:672225 | title="Elf Me | 2023 | 6.2 |" | sourceType=XTREAM | Fields: ✓[year=2023, poster] ✗[plot, cast, director, backdrop, duration, tmdb]
2026-01-30 09:05:48.439 30107-30174 XtreamCatalogScanWorker com.fishit.player.v2                 D  PROGRESS discovered=3300 persisted=3078 phase=null
2026-01-30 09:05:48.441 30107-30138 XTC                     com.fishit.player.v2                 D  [LIVE] DTO→Raw #1550 | id=xtream:live:769841 | title="Pluto TV Science" | sourceType=XTREAM | Fields: ✓[poster] ✗[year, plot, cast, director, backdrop, duration, tmdb]
2026-01-30 09:05:48.470 30107-30139 XTC                     com.fishit.player.v2                 D  [VOD] DTO→Raw #1800 | id=xtream:vod:669556 | title="The Royal Nanny | 2022 | 6.2 |" | sourceType=XTREAM | Fields: ✓[year=2022, poster] ✗[plot, cast, director, backdrop, duration, tmdb]
2026-01-30 09:05:48.473 30107-30173 SyncPerfMetrics         com.fishit.player.v2                 D  Phase MOVIES started
2026-01-30 09:05:48.475 30107-30173 XtreamCatalogScanWorker com.fishit.player.v2                 D  PROGRESS discovered=3378 persisted=3078 phase=VOD
2026-01-30 09:05:48.477 30107-30138 XTC                     com.fishit.player.v2                 D  [LIVE] DTO→Raw #1600 | id=xtream:live:769891 | title="Totally Teen" | sourceType=XTREAM | Fields: ✓[poster] ✗[year, plot, cast, director, backdrop, duration, tmdb]
2026-01-30 09:05:48.480 30107-30173 XtreamCatalogScanWorker com.fishit.player.v2                 D  PROGRESS discovered=3400 persisted=3078 phase=null
2026-01-30 09:05:48.483 30107-30139 XTC                     com.fishit.player.v2                 D  [VOD] DTO→Raw #1850 | id=xtream:vod:667269 | title="As They Made Us | 2022 | 5.5 |" | sourceType=XTREAM | Fields: ✓[year=2022, poster] ✗[plot, cast, director, backdrop, duration, tmdb]
2026-01-30 09:05:48.486 30107-30173 SyncPerfMetrics         com.fishit.player.v2                 D  Phase LIVE started
2026-01-30 09:05:48.489 30107-30117 ishit.player.v2         com.fishit.player.v2                 I  Background concurrent copying GC freed 1251865(40MB) AllocSpace objects, 0(0B) LOS objects, 25% free, 71MB/95MB, paused 100us,96us total 148.478ms
2026-01-30 09:05:48.490 30107-30173 XtreamCatalogScanWorker com.fishit.player.v2                 D  PROGRESS discovered=3414 persisted=3078 phase=LIVE
2026-01-30 09:05:48.511 30107-30172 XTC                     com.fishit.player.v2                 D  [LIVE] DTO→Raw #1650 | id=xtream:live:769941 | title="EstrellaTV" | sourceType=XTREAM | Fields: ✓[poster] ✗[year, plot, cast, director, backdrop, duration, tmdb]
2026-01-30 09:05:48.512 30107-30135 XTC                     com.fishit.player.v2                 D  [VOD] DTO→Raw #1900 | id=xtream:vod:659371 | title="Detective Dee und die Armee der Toten | " | sourceType=XTREAM | Fields: ✓[year=2022, poster] ✗[plot, cast, director, backdrop, duration, tmdb]
2026-01-30 09:05:48.515 30107-30173 XtreamCatalogScanWorker com.fishit.player.v2                 D  PROGRESS discovered=3500 persisted=3078 phase=null
2026-01-30 09:05:48.526 30107-30173 SyncPerfMetrics         com.fishit.player.v2                 D  Phase MOVIES started
2026-01-30 09:05:48.527 30107-30173 XtreamCatalogScanWorker com.fishit.player.v2                 D  PROGRESS discovered=3551 persisted=3078 phase=VOD
2026-01-30 09:05:48.531 30107-30170 XtreamCatalogScanWorker com.fishit.player.v2                 D  PROGRESS discovered=3600 persisted=3078 phase=null
2026-01-30 09:05:48.539 30107-30140 XTC                     com.fishit.player.v2                 D  [VOD] DTO→Raw #1950 | id=xtream:vod:655613 | title="War of the Worlds: The Attack | 2023 | 5" | sourceType=XTREAM | Fields: ✓[year=2023, poster] ✗[plot, cast, director, backdrop, duration, tmdb]
2026-01-30 09:05:48.551 30107-30134 XTC                     com.fishit.player.v2                 D  [LIVE] DTO→Raw #1700 | id=xtream:live:769991 | title="CBS News Chicago" | sourceType=XTREAM | Fields: ✓[poster] ✗[year, plot, cast, director, backdrop, duration, tmdb]
2026-01-30 09:05:48.555 30107-30140 XTC                     com.fishit.player.v2                 D  [VOD] DTO→Raw #2000 | id=xtream:vod:641588 | title="Meinen Hass bekommt ihr nicht | 2022 | 5" | sourceType=XTREAM | Fields: ✓[year=2022, poster] ✗[plot, cast, director, backdrop, duration, tmdb]
2026-01-30 09:05:48.564 30107-30665 BufferPoolAccessor2.0   com.fishit.player.v2                 D  bufferpool2 0xb400007964eafff8 : 5(36700160 size) total buffers - 1(7340032 size) used buffers - 235/240 (recycle/alloc) - 5/239 (fetch/transfer)
2026-01-30 09:05:48.565 30107-30139 XTC                     com.fishit.player.v2                 D  [LIVE] DTO→Raw #1750 | id=xtream:live:48684 | title="VIP SPORT: DIGI SPORT 2 (RO)" | sourceType=XTREAM | Fields: ✓[] ✗[year, plot, cast, director, poster, backdrop, duration, tmdb]
2026-01-30 09:05:48.567 30107-30171 SyncPerfMetrics         com.fishit.player.v2                 D  Phase LIVE started
2026-01-30 09:05:48.574 30107-30171 XtreamCatalogScanWorker com.fishit.player.v2                 D  PROGRESS discovered=3697 persisted=3078 phase=LIVE
2026-01-30 09:05:48.579 30107-30171 XtreamCatalogScanWorker com.fishit.player.v2                 D  PROGRESS discovered=3700 persisted=3078 phase=null
2026-01-30 09:05:48.582 30107-30171 SyncBatchManager        com.fishit.player.v2                 D  Flushing MOVIES batch: 400 items (timeBased=false)
2026-01-30 09:05:48.583 30107-30171 CatalogSyncService      com.fishit.player.v2                 D  Persisting Xtream catalog batch (NX-ONLY): 400 items (canonical_linking=false)
2026-01-30 09:05:48.585 30107-30139 CatalogSyncService      com.fishit.player.v2                 D  Xtream live batch complete (NX): ingested=22 total_ms=202
2026-01-30 09:05:48.586 30107-30139 CatalogSyncService      com.fishit.player.v2                 D  Time-based flush LIVE: 22 items in 203ms
2026-01-30 09:05:48.990 30107-30682 BufferPoolAccessor2.0   com.fishit.player.v2                 D  bufferpool2 0xb400007964ec3828 : 5(40960 size) total buffers - 3(24576 size) used buffers - 238/243 (recycle/alloc) - 5/241 (fetch/transfer)
2026-01-30 09:05:49.597 30107-30140 SyncBatchManager        com.fishit.player.v2                 D  Time-based flush for LIVE: 213 items after 1215ms
2026-01-30 09:05:49.599 30107-30140 SyncBatchManager        com.fishit.player.v2                 D  Flushing LIVE batch: 213 items (timeBased=true)
2026-01-30 09:05:49.600 30107-30140 CatalogSyncService      com.fishit.player.v2                 D  Persisting Xtream live batch (NX-ONLY): 213 items
2026-01-30 09:05:49.873 30107-30133 XtreamApiClient         com.fishit.player.v2                 W  streamContentInBatches(get_series): streamFromUrl FAILED for alias=series params={category_id=*} | IllegalArgumentException: Series ID must be positive, got: -441
2026-01-30 09:05:49.875 30107-30133 XtreamApiClient         com.fishit.player.v2                 D  buildPlayerApiUrl: action=get_series -> konigtv.com/player_api.php
2026-01-30 09:05:49.876 30107-30117 ishit.player.v2         com.fishit.player.v2                 I  Background concurrent copying GC freed 1394879(44MB) AllocSpace objects, 0(0B) LOS objects, 25% free, 71MB/95MB, paused 259us,37us total 140.091ms
2026-01-30 09:05:49.876 30107-30133 XtreamApiClient         com.fishit.player.v2                 D  streamFromUrl: CALLED for konigtv.com/player_api.php
2026-01-30 09:05:50.882 30107-30133 XtreamApiClient         com.fishit.player.v2                 D  StreamingFetch: Detected GZIP for konigtv.com/player_api.php (manual decompression)
2026-01-30 09:05:50.883 30107-30133 XtreamApiClient         com.fishit.player.v2                 D  StreamingFetch: Success for konigtv.com/player_api.php, streaming response
2026-01-30 09:05:50.886 30107-30133 XtreamApiClient         com.fishit.player.v2                 D  streamFromUrl: Starting StreamingJsonParser.streamInBatches() for konigtv.com/player_api.php
2026-01-30 09:05:50.977 30107-30133 StreamingJsonParser     com.fishit.player.v2                 W  streamInBatches mapper error #1: Series ID must be positive, got: -441
2026-01-30 09:05:50.984 30107-30133 StreamingJsonParser     com.fishit.player.v2                 W  streamInBatches mapper error #2: Series ID must be positive, got: -441
2026-01-30 09:05:50.985 30107-30133 StreamingJsonParser     com.fishit.player.v2                 W  streamInBatches mapper error #3: Series ID must be positive, got: -441
2026-01-30 09:05:51.487 30107-30107 ViewRootIm...nActivity] com.fishit.player.v2                 I  ViewPostIme pointer 0
2026-01-30 09:05:51.567 30107-30107 ViewRootIm...nActivity] com.fishit.player.v2                 I  ViewPostIme pointer 1
2026-01-30 09:05:51.677 30107-30117 ishit.player.v2         com.fishit.player.v2                 I  Background concurrent copying GC freed 1197952(39MB) AllocSpace objects, 0(0B) LOS objects, 26% free, 65MB/89MB, paused 86us,61us total 150.211ms
2026-01-30 09:05:51.990 30107-30117 ishit.player.v2         com.fishit.player.v2                 W  Suspending all threads took: 5.906ms
2026-01-30 09:05:52.003 30107-30117 ishit.player.v2         com.fishit.player.v2                 I  Background young concurrent copying GC freed 1036015(31MB) AllocSpace objects, 0(0B) LOS objects, 21% free, 65MB/82MB, paused 1.174ms,5.990ms total 78.070ms
2026-01-30 09:05:52.696 30107-30171 CatalogSyncService      com.fishit.player.v2                 D  Xtream live batch complete (NX): ingested=213 total_ms=3096
2026-01-30 09:05:52.701 30107-30171 CatalogSyncService      com.fishit.player.v2                 D  Time-based flush LIVE: 213 items in 3100ms
2026-01-30 09:05:53.076 30107-30117 ishit.player.v2         com.fishit.player.v2                 I  Background concurrent copying GC freed 1195915(39MB) AllocSpace objects, 0(0B) LOS objects, 27% free, 61MB/85MB, paused 124us,35us total 115.993ms
2026-01-30 09:05:53.501 30107-30117 ishit.player.v2         com.fishit.player.v2                 I  Background concurrent copying GC freed 1526106(50MB) AllocSpace objects, 0(0B) LOS objects, 26% free, 66MB/90MB, paused 1.820ms,82us total 170.989ms
2026-01-30 09:05:53.578 30107-30140 CatalogSyncService      com.fishit.player.v2                 D  Xtream batch complete (HOT PATH/NX): ingested=400 total_ms=4995
2026-01-30 09:05:53.578 30107-30140 SyncPerfMetrics         com.fishit.player.v2                 D  Phase MOVIES started
2026-01-30 09:05:53.579 30107-30140 XtreamCatalogScanWorker com.fishit.player.v2                 D  PROGRESS discovered=3713 persisted=3713 phase=VOD
2026-01-30 09:05:53.597 30107-30138 XtreamCatalogScanWorker com.fishit.player.v2                 D  PROGRESS discovered=3800 persisted=3713 phase=null
2026-01-30 09:05:53.611 30107-30134 XTC                     com.fishit.player.v2                 D  [LIVE] DTO→Raw #1800 | id=xtream:live:182158 | title="VIP SPORT: UFC French" | sourceType=XTREAM | Fields: ✓[poster] ✗[year, plot, cast, director, backdrop, duration, tmdb]
2026-01-30 09:05:53.613 30107-30140 SyncPerfMetrics         com.fishit.player.v2                 D  Phase LIVE started
2026-01-30 09:05:53.613 30107-30140 XtreamCatalogScanWorker com.fishit.player.v2                 D  PROGRESS discovered=3826 persisted=3713 phase=LIVE
2026-01-30 09:05:53.626 30107-30139 XTC                     com.fishit.player.v2                 D  [VOD] DTO→Raw #2050 | id=xtream:vod:639373 | title="A Life Too Short: The Isabella Nardoni C" | sourceType=XTREAM | Fields: ✓[year=2023, poster] ✗[plot, cast, director, backdrop, duration, tmdb]
2026-01-30 09:05:53.647 30107-30140 XtreamCatalogScanWorker com.fishit.player.v2                 D  PROGRESS discovered=3900 persisted=3713 phase=null
2026-01-30 09:05:53.650 30107-30139 XTC                     com.fishit.player.v2                 D  [VOD] DTO→Raw #2100 | id=xtream:vod:622323 | title="Operacja: Soulcatcher | 2023 | 6.4 |" | sourceType=XTREAM | Fields: ✓[year=2023, poster] ✗[plot, cast, director, backdrop, duration, tmdb]
2026-01-30 09:05:53.651 30107-30140 SyncPerfMetrics         com.fishit.player.v2                 D  Phase MOVIES started
2026-01-30 09:05:53.651 30107-30140 XtreamCatalogScanWorker com.fishit.player.v2                 D  PROGRESS discovered=3920 persisted=3713 phase=VOD
2026-01-30 09:05:53.656 30107-30139 XTC                     com.fishit.player.v2                 D  [VOD] DTO→Raw #2150 | id=xtream:vod:613244 | title="Bird Box: Barcelona | 2023 | 6.7 |" | sourceType=XTREAM | Fields: ✓[year=2023, poster] ✗[plot, cast, director, backdrop, duration, tmdb]
2026-01-30 09:05:53.676 30107-30139 XTC                     com.fishit.player.v2                 D  [LIVE] DTO→Raw #1850 | id=xtream:live:12928 | title="AT: Sky Sport AT 1 FHD" | sourceType=XTREAM | Fields: ✓[poster] ✗[year, plot, cast, director, backdrop, duration, tmdb]
2026-01-30 09:05:53.676 30107-30174 XTC                     com.fishit.player.v2                 D  [VOD] DTO→Raw #2200 | id=xtream:vod:580171 | title="Infinity Pool | 2023 | 6.3" | sourceType=XTREAM | Fields: ✓[year=2023, poster] ✗[plot, cast, director, backdrop, duration, tmdb]
2026-01-30 09:05:53.678 30107-30138 XtreamCatalogScanWorker com.fishit.player.v2                 D  PROGRESS discovered=4000 persisted=3713 phase=null
2026-01-30 09:05:53.691 30107-30138 SyncPerfMetrics         com.fishit.player.v2                 D  Phase MOVIES started
2026-01-30 09:05:53.692 30107-30138 XtreamCatalogScanWorker com.fishit.player.v2                 D  PROGRESS discovered=4053 persisted=3713 phase=VOD
2026-01-30 09:05:53.693 30107-30139 XTC                     com.fishit.player.v2                 D  [VOD] DTO→Raw #2250 | id=xtream:vod:414905 | title="Scream 6 (2023)" | sourceType=XTREAM | Fields: ✓[year=2023, poster] ✗[plot, cast, director, backdrop, duration, tmdb]
2026-01-30 09:05:53.699 30107-30138 XtreamCatalogScanWorker com.fishit.player.v2                 D  PROGRESS discovered=4100 persisted=3713 phase=null
2026-01-30 09:05:53.711 30107-30140 SyncBatchManager        com.fishit.player.v2                 D  Time-based flush for LIVE: 159 items after 4112ms
2026-01-30 09:05:53.711 30107-30140 SyncBatchManager        com.fishit.player.v2                 D  Flushing LIVE batch: 159 items (timeBased=true)
2026-01-30 09:05:53.712 30107-30140 CatalogSyncService      com.fishit.player.v2                 D  Persisting Xtream live batch (NX-ONLY): 159 items
2026-01-30 09:05:53.716 30107-30139 XTC                     com.fishit.player.v2                 D  [VOD] DTO→Raw #2300 | id=xtream:vod:383802 | title="American Murderer (2022)" | sourceType=XTREAM | Fields: ✓[year=2022, poster] ✗[plot, cast, director, backdrop, duration, tmdb]
2026-01-30 09:05:53.719 30107-30138 SyncPerfMetrics         com.fishit.player.v2                 D  Phase MOVIES started
2026-01-30 09:05:53.720 30107-30138 XtreamCatalogScanWorker com.fishit.player.v2                 D  PROGRESS discovered=4173 persisted=3713 phase=VOD
2026-01-30 09:05:53.721 30107-30138 XtreamCatalogScanWorker com.fishit.player.v2                 D  PROGRESS discovered=4200 persisted=3713 phase=null
2026-01-30 09:05:53.726 30107-30139 XTC                     com.fishit.player.v2                 D  [VOD] DTO→Raw #2350 | id=xtream:vod:383892 | title="Familie um jeden Preis (2022)" | sourceType=XTREAM | Fields: ✓[year=2022, poster] ✗[plot, cast, director, backdrop, duration, tmdb]
2026-01-30 09:05:53.735 30107-30169 XTC                     com.fishit.player.v2                 D  [LIVE] DTO→Raw #1900 | id=xtream:live:68164 | title="HR: RTL PASSION" | sourceType=XTREAM | Fields: ✓[poster] ✗[year, plot, cast, director, backdrop, duration, tmdb]
2026-01-30 09:05:53.740 30107-30139 XTC                     com.fishit.player.v2                 D  [VOD] DTO→Raw #2400 | id=xtream:vod:384013 | title="Happy Nous Year (2022)" | sourceType=XTREAM | Fields: ✓[year=2022, poster] ✗[plot, cast, director, backdrop, duration, tmdb]
2026-01-30 09:05:53.740 30107-30138 SyncPerfMetrics         com.fishit.player.v2                 D  Phase LIVE started
2026-01-30 09:05:53.742 30107-30138 XtreamCatalogScanWorker com.fishit.player.v2                 D  PROGRESS discovered=4277 persisted=3713 phase=LIVE
2026-01-30 09:05:53.743 30107-30138 XtreamCatalogScanWorker com.fishit.player.v2                 D  PROGRESS discovered=4300 persisted=3713 phase=null
2026-01-30 09:05:53.744 30107-30138 SyncBatchManager        com.fishit.player.v2                 D  Flushing MOVIES batch: 400 items (timeBased=false)
2026-01-30 09:05:53.744 30107-30138 CatalogSyncService      com.fishit.player.v2                 D  Persisting Xtream catalog batch (NX-ONLY): 400 items (canonical_linking=false)
2026-01-30 09:05:53.749 30107-30139 XTC                     com.fishit.player.v2                 D  [VOD] DTO→Raw #2450 | id=xtream:vod:384103 | title="Batman und Superman: Kampf der Supersöhn" | sourceType=XTREAM | Fields: ✓[year=2022, poster] ✗[plot, cast, director, backdrop, duration, tmdb]
2026-01-30 09:05:53.927 30107-30665 BufferPoolAccessor2.0   com.fishit.player.v2                 D  bufferpool2 0xb400007964eafff8 : 5(36700160 size) total buffers - 4(29360128 size) used buffers - 506/511 (recycle/alloc) - 5/511 (fetch/transfer)
2026-01-30 09:05:54.129 30107-30682 BufferPoolAccessor2.0   com.fishit.player.v2                 D  bufferpool2 0xb400007964ec3828 : 5(40960 size) total buffers - 1(8192 size) used buffers - 456/461 (recycle/alloc) - 5/460 (fetch/transfer)
2026-01-30 09:05:54.223 30107-30117 ishit.player.v2         com.fishit.player.v2                 I  Background concurrent copying GC freed 1382418(44MB) AllocSpace objects, 0(0B) LOS objects, 27% free, 61MB/85MB, paused 219us,238us total 110.038ms
2026-01-30 09:05:54.234 30107-30670 PipelineWatcher         com.fishit.player.v2                 D  onInputBufferReleased: frameIndex not found (521); ignored
2026-01-30 09:05:54.737 30107-30107 ViewRootIm...nActivity] com.fishit.player.v2                 I  ViewPostIme pointer 0
2026-01-30 09:05:54.813 30107-30107 ViewRootIm...nActivity] com.fishit.player.v2                 I  ViewPostIme pointer 1
2026-01-30 09:05:54.980 30107-30117 ishit.player.v2         com.fishit.player.v2                 I  Background concurrent copying GC freed 1221014(39MB) AllocSpace objects, 0(0B) LOS objects, 26% free, 65MB/89MB, paused 276us,93us total 137.746ms
2026-01-30 09:05:55.464 30107-30117 ishit.player.v2         com.fishit.player.v2                 I  Background concurrent copying GC freed 1956738(61MB) AllocSpace objects, 0(0B) LOS objects, 24% free, 73MB/97MB, paused 231us,87us total 230.919ms
2026-01-30 09:05:55.804 30107-30107 ViewRootIm...nActivity] com.fishit.player.v2                 I  ViewPostIme pointer 0
2026-01-30 09:05:55.962 30107-30117 ishit.player.v2         com.fishit.player.v2                 I  Background young concurrent copying GC freed 909447(26MB) AllocSpace objects, 0(0B) LOS objects, 12% free, 78MB/89MB, paused 299us,86us total 109.973ms
2026-01-30 09:05:55.972 30107-30107 ViewRootIm...nActivity] com.fishit.player.v2                 I  ViewPostIme pointer 1
2026-01-30 09:05:56.018 30107-30134 CatalogSyncService      com.fishit.player.v2                 D  Xtream live batch complete (NX): ingested=159 total_ms=2306
2026-01-30 09:05:56.018 30107-30134 CatalogSyncService      com.fishit.player.v2                 D  Time-based flush LIVE: 159 items in 2306ms
2026-01-30 09:05:56.220 30107-30171 SyncBatchManager        com.fishit.player.v2                 D  Time-based flush for LIVE: 29 items after 2509ms
2026-01-30 09:05:56.221 30107-30171 SyncBatchManager        com.fishit.player.v2                 D  Flushing LIVE batch: 29 items (timeBased=true)
2026-01-30 09:05:56.223 30107-30171 CatalogSyncService      com.fishit.player.v2                 D  Persisting Xtream live batch (NX-ONLY): 29 items
2026-01-30 09:05:56.305 30107-30117 ishit.player.v2         com.fishit.player.v2                 I  Background concurrent copying GC freed 1853010(63MB) AllocSpace objects, 0(0B) LOS objects, 22% free, 82MB/106MB, paused 163us,116us total 268.386ms
2026-01-30 09:05:56.513 30107-30171 CatalogSyncService      com.fishit.player.v2                 D  Xtream live batch complete (NX): ingested=29 total_ms=291
2026-01-30 09:05:56.514 30107-30171 CatalogSyncService      com.fishit.player.v2                 D  Time-based flush LIVE: 29 items in 292ms
2026-01-30 09:05:56.751 30107-30107 ViewRootIm...nActivity] com.fishit.player.v2                 I  ViewPostIme pointer 0
2026-01-30 09:05:56.850 30107-30107 ViewRootIm...nActivity] com.fishit.player.v2                 I  ViewPostIme pointer 1
2026-01-30 09:05:56.895 30107-30117 ishit.player.v2         com.fishit.player.v2                 I  Background young concurrent copying GC freed 916890(26MB) AllocSpace objects, 0(0B) LOS objects, 4% free, 79MB/83MB, paused 119us,104us total 117.123ms
2026-01-30 09:05:57.039 30107-30117 ishit.player.v2         com.fishit.player.v2                 I  Background concurrent copying GC freed 1322416(42MB) AllocSpace objects, 0(0B) LOS objects, 27% free, 64MB/88MB, paused 104us,52us total 129.287ms
2026-01-30 09:05:57.461 30107-30117 ishit.player.v2         com.fishit.player.v2                 I  Background concurrent copying GC freed 1842138(59MB) AllocSpace objects, 0(0B) LOS objects, 26% free, 65MB/89MB, paused 211us,90us total 183.118ms
2026-01-30 09:05:57.581 30107-30107 ViewRootIm...nActivity] com.fishit.player.v2                 I  ViewPostIme pointer 0
2026-01-30 09:05:57.624 30107-30174 CatalogSyncService      com.fishit.player.v2                 D  Xtream batch complete (HOT PATH/NX): ingested=400 total_ms=3880
2026-01-30 09:05:57.625 30107-30174 SyncPerfMetrics         com.fishit.player.v2                 D  Phase MOVIES started
2026-01-30 09:05:57.625 30107-30174 XtreamCatalogScanWorker com.fishit.player.v2                 D  PROGRESS discovered=4301 persisted=4301 phase=VOD
2026-01-30 09:05:57.640 30107-30107 ViewRootIm...nActivity] com.fishit.player.v2                 I  ViewPostIme pointer 1
2026-01-30 09:05:57.645 30107-30135 XTC                     com.fishit.player.v2                 D  [VOD] DTO→Raw #2500 | id=xtream:vod:384161 | title="Emily the Criminal (2022)" | sourceType=XTREAM | Fields: ✓[year=2022, poster] ✗[plot, cast, director, backdrop, duration, tmdb]
2026-01-30 09:05:57.648 30107-30174 XtreamCatalogScanWorker com.fishit.player.v2                 D  PROGRESS discovered=4400 persisted=4301 phase=null
2026-01-30 09:05:57.649 30107-30174 SyncPerfMetrics         com.fishit.player.v2                 D  Phase MOVIES started
2026-01-30 09:05:57.650 30107-30174 XtreamCatalogScanWorker com.fishit.player.v2                 D  PROGRESS discovered=4434 persisted=4301 phase=VOD
2026-01-30 09:05:57.661 30107-30140 XTC                     com.fishit.player.v2                 D  [LIVE] DTO→Raw #1950 | id=xtream:live:68283 | title="BIH: RTRS 1" | sourceType=XTREAM | Fields: ✓[poster] ✗[year, plot, cast, director, backdrop, duration, tmdb]
2026-01-30 09:05:57.711 30107-30138 XtreamCatalogScanWorker com.fishit.player.v2                 D  PROGRESS discovered=4500 persisted=4301 phase=null
2026-01-30 09:05:57.714 30107-30135 XTC                     com.fishit.player.v2                 D  [VOD] DTO→Raw #2550 | id=xtream:vod:384228 | title="Monsieur Claude und sein großes Fest (20" | sourceType=XTREAM | Fields: ✓[year=2021, poster] ✗[plot, cast, director, backdrop, duration, tmdb]
2026-01-30 09:05:57.718 30107-30140 XTC                     com.fishit.player.v2                 D  [LIVE] DTO→Raw #2000 | id=xtream:live:68013 | title="SRB: PRVA HD" | sourceType=XTREAM | Fields: ✓[poster] ✗[year, plot, cast, director, backdrop, duration, tmdb]
2026-01-30 09:05:57.722 30107-30135 XTC                     com.fishit.player.v2                 D  [VOD] DTO→Raw #2600 | id=xtream:vod:384290 | title="Stand up! Was bleibt, wenn alles weg ist" | sourceType=XTREAM | Fields: ✓[year=2022, poster] ✗[plot, cast, director, backdrop, duration, tmdb]
2026-01-30 09:05:57.723 30107-30140 StreamingJsonParser     com.fishit.player.v2                 W  streamInBatches mapper error #1: timeout
2026-01-30 09:05:57.724 30107-30140 XtreamApiClient         com.fishit.player.v2                 W  streamContentInBatches(get_live_streams): streamFromUrl FAILED for alias=live params={category_id=*} | SocketException: Socket closed
2026-01-30 09:05:57.724 30107-30137 SyncPerfMetrics         com.fishit.player.v2                 D  Phase LIVE started
2026-01-30 09:05:57.725 30107-30140 XtreamApiClient         com.fishit.player.v2                 D  buildPlayerApiUrl: action=get_live_streams -> konigtv.com/player_api.php
2026-01-30 09:05:57.727 30107-30140 XtreamApiClient         com.fishit.player.v2                 D  streamFromUrl: CALLED for konigtv.com/player_api.php
2026-01-30 09:05:57.727 30107-30138 SyncBatchManager        com.fishit.player.v2                 D  Time-based flush for LIVE: 99 items after 1506ms
2026-01-30 09:05:57.727 30107-30137 XtreamCatalogScanWorker com.fishit.player.v2                 D  PROGRESS discovered=4578 persisted=4301 phase=LIVE
2026-01-30 09:05:57.727 30107-30138 SyncBatchManager        com.fishit.player.v2                 D  Flushing LIVE batch: 99 items (timeBased=true)
2026-01-30 09:05:57.728 30107-30138 CatalogSyncService      com.fishit.player.v2                 D  Persisting Xtream live batch (NX-ONLY): 99 items
2026-01-30 09:05:57.730 30107-30117 ishit.player.v2         com.fishit.player.v2                 I  Background young concurrent copying GC freed 1041861(30MB) AllocSpace objects, 0(0B) LOS objects, 0% free, 91MB/91MB, paused 85us,1.110ms total 164.639ms
2026-01-30 09:05:57.736 30107-30135 XTC                     com.fishit.player.v2                 D  [VOD] DTO→Raw #2650 | id=xtream:vod:384361 | title="Unhuman - Wem kannst du trauen? (2022)" | sourceType=XTREAM | Fields: ✓[year=2022, poster] ✗[plot, cast, director, backdrop, duration, tmdb]
2026-01-30 09:05:57.738 30107-30137 XtreamCatalogScanWorker com.fishit.player.v2                 D  PROGRESS discovered=4600 persisted=4301 phase=null
2026-01-30 09:05:57.744 30107-30614 TrafficStats            com.fishit.player.v2                 D  tagSocket(182) with statsTag=0xffffffff, statsUid=-1
2026-01-30 09:05:57.744 30107-30137 SyncPerfMetrics         com.fishit.player.v2                 D  Phase MOVIES started
2026-01-30 09:05:57.745 30107-30137 XtreamCatalogScanWorker com.fishit.player.v2                 D  PROGRESS discovered=4600 persisted=4301 phase=VOD
2026-01-30 09:05:57.775 30107-30173 XTC                     com.fishit.player.v2                 D  [VOD] DTO→Raw #2700 | id=xtream:vod:388669 | title="Antlers (2021)" | sourceType=XTREAM | Fields: ✓[year=2021, poster] ✗[plot, cast, director, backdrop, duration, tmdb]
2026-01-30 09:05:57.776 30107-30138 XtreamCatalogScanWorker com.fishit.player.v2                 D  PROGRESS discovered=4700 persisted=4301 phase=null
2026-01-30 09:05:57.776 30107-30138 SyncPerfMetrics         com.fishit.player.v2                 D  Phase MOVIES started
2026-01-30 09:05:57.777 30107-30138 XtreamCatalogScanWorker com.fishit.player.v2                 D  PROGRESS discovered=4700 persisted=4301 phase=VOD
2026-01-30 09:05:57.803 30107-30173 XTC                     com.fishit.player.v2                 D  [VOD] DTO→Raw #2750 | id=xtream:vod:388719 | title="Breaking News in Yuba County (2021)" | sourceType=XTREAM | Fields: ✓[year=2021, poster] ✗[plot, cast, director, backdrop, duration, tmdb]
2026-01-30 09:05:57.831 30107-30173 XTC                     com.fishit.player.v2                 D  [VOD] DTO→Raw #2800 | id=xtream:vod:388770 | title="Dark Glasses (2022)" | sourceType=XTREAM | Fields: ✓[year=2022, poster] ✗[plot, cast, director, backdrop, duration, tmdb]
2026-01-30 09:05:57.832 30107-30171 SyncBatchManager        com.fishit.player.v2                 D  Flushing MOVIES batch: 400 items (timeBased=false)
2026-01-30 09:05:57.833 30107-30171 CatalogSyncService      com.fishit.player.v2                 D  Persisting Xtream catalog batch (NX-ONLY): 400 items (canonical_linking=false)
2026-01-30 09:05:57.849 30107-30173 XTC                     com.fishit.player.v2                 D  [VOD] DTO→Raw #2850 | id=xtream:vod:388820 | title="Die Rettung der uns bekannten Welt (2021" | sourceType=XTREAM | Fields: ✓[year=2021, poster] ✗[plot, cast, director, backdrop, duration, tmdb]
2026-01-30 09:05:57.878 30107-30117 ishit.player.v2         com.fishit.player.v2                 I  Background concurrent copying GC freed 1334727(42MB) AllocSpace objects, 0(0B) LOS objects, 23% free, 76MB/100MB, paused 97us,156us total 147.500ms
2026-01-30 09:05:57.944 30107-30140 XtreamApiClient         com.fishit.player.v2                 D  StreamingFetch: Detected GZIP for konigtv.com/player_api.php (manual decompression)
2026-01-30 09:05:57.946 30107-30140 XtreamApiClient         com.fishit.player.v2                 D  StreamingFetch: Success for konigtv.com/player_api.php, streaming response
2026-01-30 09:05:57.950 30107-30140 XtreamApiClient         com.fishit.player.v2                 D  streamFromUrl: Starting StreamingJsonParser.streamInBatches() for konigtv.com/player_api.php
2026-01-30 09:05:58.278 30107-30117 ishit.player.v2         com.fishit.player.v2                 I  Background concurrent copying GC freed 1417891(46MB) AllocSpace objects, 0(0B) LOS objects, 23% free, 76MB/100MB, paused 76us,96us total 137.115ms
2026-01-30 09:05:58.766 30107-30107 ViewRootIm...nActivity] com.fishit.player.v2                 I  ViewPostIme pointer 0
2026-01-30 09:05:58.832 30107-30107 ViewRootIm...nActivity] com.fishit.player.v2                 I  ViewPostIme pointer 1
2026-01-30 09:05:58.890 30107-30174 CatalogSyncService      com.fishit.player.v2                 D  Xtream live batch complete (NX): ingested=99 total_ms=1163
2026-01-30 09:05:58.894 30107-30174 CatalogSyncService      com.fishit.player.v2                 D  Time-based flush LIVE: 99 items in 1166ms
2026-01-30 09:05:58.923 30107-30117 ishit.player.v2         com.fishit.player.v2                 I  Background young concurrent copying GC freed 935962(27MB) AllocSpace objects, 0(0B) LOS objects, 0% free, 84MB/84MB, paused 219us,138us total 134.044ms
2026-01-30 09:05:58.999 30107-30614 TrafficStats            com.fishit.player.v2                 D  tagSocket(171) with statsTag=0xffffffff, statsUid=-1
2026-01-30 09:05:59.011 30107-30613 TrafficStats            com.fishit.player.v2                 D  tagSocket(289) with statsTag=0xffffffff, statsUid=-1
2026-01-30 09:05:59.054 30107-30107 SurfaceView@fdd2853     com.fishit.player.v2                 I  onWindowVisibilityChanged(8) false android.view.SurfaceView{fdd2853 V.E...... ........ 0,0-1080,607} of ViewRootImpl@6bc52ae[MainActivity]
2026-01-30 09:05:59.054 30107-30107 SurfaceView             com.fishit.player.v2                 I  266152019 Changes: creating=false format=false size=false visible=true alpha=false hint=false visible=true left=false top=false z=false attached=true lifecycleStrategy=false
2026-01-30 09:05:59.054 30107-30107 SurfaceView@fdd2853     com.fishit.player.v2                 I  266152019 Cur surface: Surface(name=null)/@0x1097854
2026-01-30 09:05:59.054 30107-30107 SurfaceView@fdd2853     com.fishit.player.v2                 I  updateSurface: mVisible = false mSurface.isValid() = true
2026-01-30 09:05:59.054 30107-30107 SurfaceView@fdd2853     com.fishit.player.v2                 I  updateSurface: mSurfaceCreated = true surfaceChanged = false visibleChanged = true
2026-01-30 09:05:59.054 30107-30107 SurfaceView@fdd2853     com.fishit.player.v2                 V  Layout: x=0 y=896 w=1080 h=607, frame=Rect(0, 0 - 1080, 607)
2026-01-30 09:05:59.054 30107-30107 SurfaceView             com.fishit.player.v2                 I  266152019 Detaching SV
2026-01-30 09:05:59.055 30107-30107 SurfaceView             com.fishit.player.v2                 I  266152019 Changes: creating=false format=false size=false visible=false alpha=false hint=false visible=false left=false top=false z=false attached=false lifecycleStrategy=false
2026-01-30 09:05:59.055 30107-30107 SurfaceView@fdd2853     com.fishit.player.v2                 I  266152019 Cur surface: Surface(name=null)/@0x1097854
2026-01-30 09:05:59.055 30107-30107 SurfaceView             com.fishit.player.v2                 I  266152019 surfaceDestroyed
2026-01-30 09:05:59.055 30107-30107 SurfaceView@fdd2853     com.fishit.player.v2                 I  surfaceDestroyed callback.size 1 #4 android.view.SurfaceView{fdd2853 V.E...... ........ 0,0-1080,607}
2026-01-30 09:05:59.090 30107-30665 SurfaceUtils            com.fishit.player.v2                 D  connecting to surface 0xb400007994ef6ff0, reason connectToSurface
2026-01-30 09:05:59.090 30107-30665 MediaCodec              com.fishit.player.v2                 I  [c2.exynos.h264.decoder] setting surface generation to 30829570
2026-01-30 09:05:59.090 30107-30665 SurfaceUtils            com.fishit.player.v2                 D  disconnecting from surface 0xb400007994ef6ff0, reason connectToSurface(reconnect)
2026-01-30 09:05:59.090 30107-30665 SurfaceUtils            com.fishit.player.v2                 D  connecting to surface 0xb400007994ef6ff0, reason connectToSurface(reconnect)
2026-01-30 09:05:59.091 30107-30665 Codec2-Out...ufferQueue com.fishit.player.v2                 D  remote graphic buffer migration 15/15
2026-01-30 09:05:59.091 30107-30665 Codec2Client            com.fishit.player.v2                 D  setOutputSurface -- failed to set consumer usage (6/BAD_INDEX)
2026-01-30 09:05:59.091 30107-30665 Codec2Client            com.fishit.player.v2                 D  setOutputSurface -- generation=30829570 consumer usage=0x900
