2026-01-30 09:12:55.438 30107-30107 WindowManager           com.fishit.player.v2                 I  WindowManagerGlobal#addView, ty=1002, view=androidx.compose.ui.window.PopupLayout{94d9672 V.E...... ......I. 0,0-0,0 #1020002 android:id/content}, caller=android.view.WindowManagerImpl.addView:150 androidx.compose.ui.window.PopupLayout.show:562 androidx.compose.ui.window.AndroidPopup_androidKt$Popup$2$1.invoke:334
2026-01-30 09:12:55.440 30107-30143 NativeCust...ncyManager com.fishit.player.v2                 D  [NativeCFMS] BpCustomFrequencyManager::BpCustomFrequencyManager()
2026-01-30 09:12:55.448 30107-30107 InsetsController        com.fishit.player.v2                 I  onStateChanged: host=Pop-up-Fenster, from=android.view.ViewRootImpl.setView:1753, state=InsetsState: {mDisplayFrame=Rect(0, 0 - 1080, 2400), mDisplayCutout=DisplayCutout{insets=Rect(0, 80 - 0, 0) waterfall=Insets{left=0, top=0, right=0, bottom=0} boundingRect={Bounds=[Rect(0, 0 - 0, 0), Rect(510, 0 - 570, 80), Rect(0, 0 - 0, 0), Rect(0, 0 - 0, 0)]} cutoutPathParserInfo={CutoutPathParserInfo{displayWidth=1080 displayHeight=2400 physicalDisplayWidth=1080 physicalDisplayHeight=2400 density={3.0} cutoutSpec={M 0,0 H -10 V 26.66666666666667 H 10 V 0 H 0 Z @dp} rotation={0} scale={1.0} physicalPixelDisplaySizeRatio={1.0}}}}, mRoundedCorners=RoundedCorners{[RoundedCorner{position=TopLeft, radius=90, center=Point(90, 90)}, RoundedCorner{position=TopRight, radius=90, center=Point(990, 90)}, RoundedCorner{position=BottomRight, radius=90, center=Point(990, 2310)}, RoundedCorner{position=BottomLeft, radius=90, center=Point(90, 2310)}]}  mRoundedCornerFrame=Rect(0, 0 - 1080, 2400), mPrivacyIndicatorBounds=PrivacyIndicatorBounds {static bounds=Rect(948, 0 - 1080, 80) rotation=0}, mDisplayShape=DisplayShape{ spec=-311912193 displayWidth=1080 displayHeight=2400 physicalPixelDisplaySizeRatio=1.0 rotation=0 offsetX=0 offsetY=0 scale=1.0}, mSources= { InsetsSource: {27 mType=displayCutout mFrame=[0,0][1080,80] mVisible=true mFlags=[]}, InsetsSource: {24df0000 mType=statusBars mFrame=[0,0][1080,80] mVisible=true mFlags=[]}, InsetsSource: {24df0005 mType=mandatorySystemGestures mFrame=[0,0][1080,116] mVisible=true mFlags=[]}, InsetsSource: {24df0006 mType=tappableElement mFrame=[0,0][1080,80] mVisible=true mFlags=[]}, InsetsSource: {68b60001 mType=navigationBars mFrame=[0,2256][1080,2400] mVisible=true mFlags=[]}, InsetsSource: {68b60004 mType=systemGestures mFrame=[0,0][0,0] mVisible=true mFlags=[]}, InsetsSource: {68b60005 mType=mandatorySystemGestures mFrame=[0,2256][1080,2400] mVisible=true mFlags=[]}, InsetsSource: {68b60006 mType=tappableElement mFrame=[0,2256][1080,2400] mVisible=true mFlags=[]}, InsetsSource: {68b60024 mType=systemGestures mFrame=[0,0][0,0] mVisible=true mFlags=[]} }
2026-01-30 09:12:55.449 30107-30107 ViewRootIm...p-Fenster] com.fishit.player.v2                 I  synced displayState. AttachInfo displayState=2
2026-01-30 09:12:55.449 30107-30107 ViewRootIm...p-Fenster] com.fishit.player.v2                 I  setView = androidx.compose.ui.window.PopupLayout@94d9672 TM=true
2026-01-30 09:12:55.451 30107-30107 ImeTracker              com.fishit.player.v2                 I  com.fishit.player.v2:b236b2fb: onRequestShow at ORIGIN_CLIENT_SHOW_SOFT_INPUT reason SHOW_SOFT_INPUT_BY_INSETS_API
2026-01-30 09:12:55.451 30107-30107 InsetsController        com.fishit.player.v2                 D  show(ime(), fromIme=false)
2026-01-30 09:12:55.451 30107-30107 ImeTracker              com.fishit.player.v2                 I  com.fishit.player.v2:b236b2fb: onCancelled at PHASE_CLIENT_APPLY_ANIMATION
2026-01-30 09:12:55.460 30107-30107 WindowOnBackDispatcher  com.fishit.player.v2                 W  OnBackInvokedCallback is not enabled for the application.
                                                                                                    Set 'android:enableOnBackInvokedCallback="true"' in the application manifest.
2026-01-30 09:12:55.469 30107-30124 ViewRootIm...p-Fenster] com.fishit.player.v2                 I  Resizing android.view.ViewRootImpl@ca979ff: frame = [295,374][357,449] reportDraw = true forceLayout = false syncSeqId = -1
2026-01-30 09:12:55.470 30107-30107 BLASTBufferQueue_Java   com.fishit.player.v2                 I  new BLASTBufferQueue, mName= ViewRootImpl@80bfac3[Pop-up-Fenster] mNativeObject= 0xb400007a14e96790 sc.mNativeObject= 0xb400007b04e62010 caller= android.view.ViewRootImpl.updateBlastSurfaceIfNeeded:3028 android.view.ViewRootImpl.relayoutWindow:10131 android.view.ViewRootImpl.performTraversals:4110 android.view.ViewRootImpl.doTraversal:3288 android.view.ViewRootImpl$TraversalRunnable.run:11344 android.view.Choreographer$CallbackRecord.run:1689 android.view.Choreographer$CallbackRecord.run:1698 android.view.Choreographer.doCallbacks:1153 android.view.Choreographer.doFrame:1079 android.view.Choreographer$FrameDisplayEventReceiver.run:1646
2026-01-30 09:12:55.470 30107-30107 BLASTBufferQueue_Java   com.fishit.player.v2                 I  update, w= 158 h= 171 mName = ViewRootImpl@80bfac3[Pop-up-Fenster] mNativeObject= 0xb400007a14e96790 sc.mNativeObject= 0xb400007b04e62010 format= -3 caller= android.graphics.BLASTBufferQueue.<init>:89 android.view.ViewRootImpl.updateBlastSurfaceIfNeeded:3028 android.view.ViewRootImpl.relayoutWindow:10131 android.view.ViewRootImpl.performTraversals:4110 android.view.ViewRootImpl.doTraversal:3288 android.view.ViewRootImpl$TraversalRunnable.run:11344
2026-01-30 09:12:55.471 30107-30107 ViewRootIm...p-Fenster] com.fishit.player.v2                 I  Relayout returned: old=(0,0,1080,2400) new=(295,374,357,449) relayoutAsync=false req=(62,75)0 dur=4 res=0x403 s={true 0xb400007994eb2de0} ch=true seqId=0
2026-01-30 09:12:55.471 30107-30107 ViewRootIm...p-Fenster] com.fishit.player.v2                 I  performConfigurationChange setNightDimText nightDimLevel=0
2026-01-30 09:12:55.472 30107-30107 ViewRootIm...p-Fenster] com.fishit.player.v2                 D  mThreadedRenderer.initialize() mSurface={isValid=true 0xb400007994eb2de0} hwInitialized=true
2026-01-30 09:12:55.473 30107-30107 ViewRootIm...p-Fenster] com.fishit.player.v2                 D  reportNextDraw android.view.ViewRootImpl.performTraversals:4718 android.view.ViewRootImpl.doTraversal:3288 android.view.ViewRootImpl$TraversalRunnable.run:11344 android.view.Choreographer$CallbackRecord.run:1689 android.view.Choreographer$CallbackRecord.run:1698
2026-01-30 09:12:55.474 30107-30107 ViewRootIm...p-Fenster] com.fishit.player.v2                 I  Setup new sync=wmsSync-ViewRootImpl@80bfac3[Pop-up-Fenster]#74
2026-01-30 09:12:55.474 30107-30107 ViewRootIm...p-Fenster] com.fishit.player.v2                 I  Creating new active sync group ViewRootImpl@80bfac3[Pop-up-Fenster]#75
2026-01-30 09:12:55.474 30107-30107 ViewRootIm...p-Fenster] com.fishit.player.v2                 I  registerCallbacksForSync syncBuffer=false
2026-01-30 09:12:55.476 30107-30369 ViewRootIm...p-Fenster] com.fishit.player.v2                 I  Received frameDrawingCallback syncResult=0 frameNum=1.
2026-01-30 09:12:55.477 30107-30369 ViewRootIm...p-Fenster] com.fishit.player.v2                 I  mWNT: t=0xb4000078e4ec0550 mBlastBufferQueue=0xb400007a14e96790 fn= 1 mRenderHdrSdrRatio=1.0 caller= android.view.ViewRootImpl$8.onFrameDraw:13841 android.view.ThreadedRenderer$1.onFrameDraw:792 <bottom of call stack>
2026-01-30 09:12:55.477 30107-30369 ViewRootIm...p-Fenster] com.fishit.player.v2                 I  Setting up sync and frameCommitCallback
2026-01-30 09:12:55.477 30107-30143 BLASTBufferQueue        com.fishit.player.v2                 I  [ViewRootImpl@80bfac3[Pop-up-Fenster]#22](f:0,a:0,s:0) onFrameAvailable the first frame is available
2026-01-30 09:12:55.477 30107-30143 ViewRootIm...p-Fenster] com.fishit.player.v2                 I  Received frameCommittedCallback lastAttemptedDrawFrameNum=1 didProduceBuffer=true
2026-01-30 09:12:55.477 30107-30143 OpenGLRenderer          com.fishit.player.v2                 D  CFMS:: SetUp Pid : 30107    Tid : 30143
2026-01-30 09:12:55.478 30107-30107 ViewRootIm...p-Fenster] com.fishit.player.v2                 I  reportDrawFinished seqId=0
2026-01-30 09:12:55.482 30107-30143 OpenGLRenderer          com.fishit.player.v2                 D  HWUI - treat SMPTE_170M as sRGB
2026-01-30 09:12:55.487 30107-30107 BLASTBufferQueue_Java   com.fishit.player.v2                 I  update, w= 158 h= 171 mName = ViewRootImpl@80bfac3[Pop-up-Fenster] mNativeObject= 0xb400007a14e96790 sc.mNativeObject= 0xb400007b04e62010 format= -3 caller= android.view.ViewRootImpl.updateBlastSurfaceIfNeeded:3017 android.view.ViewRootImpl.relayoutWindow:10131 android.view.ViewRootImpl.performTraversals:4110 android.view.ViewRootImpl.doTraversal:3288 android.view.ViewRootImpl$TraversalRunnable.run:11344 android.view.Choreographer$CallbackRecord.run:1689
2026-01-30 09:12:55.487 30107-30107 ViewRootIm...p-Fenster] com.fishit.player.v2                 I  Relayout returned: old=(295,374,357,449) new=(295,374,357,449) relayoutAsync=true req=(62,75)0 dur=1 res=0x0 s={true 0xb400007994eb2de0} ch=false seqId=0
2026-01-30 09:12:55.488 30107-30107 ViewRootIm...p-Fenster] com.fishit.player.v2                 I  registerCallbackForPendingTransactions
2026-01-30 09:12:55.489 30107-30368 ViewRootIm...p-Fenster] com.fishit.player.v2                 I  mWNT: t=0xb4000078e4e47ef0 mBlastBufferQueue=0xb400007a14e96790 fn= 2 mRenderHdrSdrRatio=1.0 caller= android.view.ViewRootImpl$6.onFrameDraw:5635 android.view.ViewRootImpl$2.onFrameDraw:2146 android.view.ThreadedRenderer$1.onFrameDraw:792
2026-01-30 09:12:55.492 30107-30107 InputMethodManager_LC   com.fishit.player.v2                 I  showSoftInput(View,I)
2026-01-30 09:12:55.492 30107-30107 ImeTracker              com.fishit.player.v2                 I  com.fishit.player.v2:bdd0f648: onRequestShow at ORIGIN_CLIENT_SHOW_SOFT_INPUT reason SHOW_SOFT_INPUT
2026-01-30 09:12:55.492 30107-30107 InputMethodManager_LC   com.fishit.player.v2                 I  ssi(): flags=0 view=com.fishit.player.v2 reason = SHOW_SOFT_INPUT
2026-01-30 09:12:55.492 30107-30107 InputMethodManager_LC   com.fishit.player.v2                 I  ssi() view is not EditText
2026-01-30 09:12:55.492 30107-30107 InputMethodManager      com.fishit.player.v2                 D  showSoftInput() view=androidx.compose.ui.platform.AndroidComposeView{db56336 VFED..... .F...... 0,0-1080,2400 aid=1073741826} flags=0 reason=SHOW_SOFT_INPUT
2026-01-30 09:12:55.494 30107-30107 ViewRootIm...p-Fenster] com.fishit.player.v2                 I  handleResized, msg = 5 frames=ClientWindowFrames{frame=[295,374][357,449] display=[-100000,-100000][100000,100000] parentFrame=[0,0][0,0] attachedFrame=[0,0][1080,2400]} forceNextWindowRelayout=false displayId=0 dragResizing=false compatScale=1.0 frameChanged=false attachedFrameChanged=false configChanged=false displayChanged=false compatScaleChanged=false
2026-01-30 09:12:55.494 30107-30107 ViewRootIm...p-Fenster] com.fishit.player.v2                 I  handleResized mSyncSeqId = 0
2026-01-30 09:12:55.494 30107-30107 ViewRootIm...p-Fenster] com.fishit.player.v2                 D  reportNextDraw android.view.ViewRootImpl.handleResized:2530 android.view.ViewRootImpl.-$$Nest$mhandleResized:0 android.view.ViewRootImpl$ViewRootHandler.handleMessageImpl:7197 android.view.ViewRootImpl$ViewRootHandler.handleMessage:7166 android.os.Handler.dispatchMessage:106
2026-01-30 09:12:55.496 30107-30107 BLASTBufferQueue_Java   com.fishit.player.v2                 I  update, w= 158 h= 171 mName = ViewRootImpl@80bfac3[Pop-up-Fenster] mNativeObject= 0xb400007a14e96790 sc.mNativeObject= 0xb400007b04e62010 format= -3 caller= android.view.ViewRootImpl.updateBlastSurfaceIfNeeded:3017 android.view.ViewRootImpl.relayoutWindow:10131 android.view.ViewRootImpl.performTraversals:4110 android.view.ViewRootImpl.doTraversal:3288 android.view.ViewRootImpl$TraversalRunnable.run:11344 android.view.Choreographer$CallbackRecord.run:1689
2026-01-30 09:12:55.496 30107-30107 ViewRootIm...p-Fenster] com.fishit.player.v2                 I  Relayout returned: old=(295,374,357,449) new=(295,374,357,449) relayoutAsync=true req=(62,75)0 dur=0 res=0x0 s={true 0xb400007994eb2de0} ch=false seqId=0
2026-01-30 09:12:55.496 30107-30107 ViewRootIm...p-Fenster] com.fishit.player.v2                 I  Setup new sync=wmsSync-ViewRootImpl@80bfac3[Pop-up-Fenster]#76
2026-01-30 09:12:55.496 30107-30107 ViewRootIm...p-Fenster] com.fishit.player.v2                 I  Creating new active sync group ViewRootImpl@80bfac3[Pop-up-Fenster]#77
2026-01-30 09:12:55.497 30107-30107 ViewRootIm...p-Fenster] com.fishit.player.v2                 I  registerCallbacksForSync syncBuffer=false
2026-01-30 09:12:55.497 30107-30369 ViewRootIm...p-Fenster] com.fishit.player.v2                 I  Received frameDrawingCallback syncResult=0 frameNum=3.
2026-01-30 09:12:55.498 30107-30369 ViewRootIm...p-Fenster] com.fishit.player.v2                 I  mWNT: t=0xb4000078e4e50710 mBlastBufferQueue=0xb400007a14e96790 fn= 3 mRenderHdrSdrRatio=1.0 caller= android.view.ViewRootImpl$8.onFrameDraw:13841 android.view.ThreadedRenderer$1.onFrameDraw:792 <bottom of call stack>
2026-01-30 09:12:55.498 30107-30369 ViewRootIm...p-Fenster] com.fishit.player.v2                 I  Setting up sync and frameCommitCallback
2026-01-30 09:12:55.498 30107-30143 ViewRootIm...p-Fenster] com.fishit.player.v2                 I  Received frameCommittedCallback lastAttemptedDrawFrameNum=3 didProduceBuffer=true
2026-01-30 09:12:55.499 30107-30107 ViewRootIm...p-Fenster] com.fishit.player.v2                 I  reportDrawFinished seqId=0
2026-01-30 09:12:55.512 30107-30107 InsetsController        com.fishit.player.v2                 D  show(ime(), fromIme=true)
2026-01-30 09:12:55.512 30107-30107 ImeTracker              com.fishit.player.v2                 I  com.fishit.player.v2:bdd0f648: onCancelled at PHASE_CLIENT_APPLY_ANIMATION
2026-01-30 09:12:56.212 30107-30132 ishit.player.v2         com.fishit.player.v2                 I  Explicit concurrent copying GC freed 16515(1105KB) AllocSpace objects, 4(80KB) LOS objects, 16% free, 120MB/144MB, paused 67us,89us total 81.081ms
2026-01-30 09:12:56.212 30107-30118 InputTransport          com.fishit.player.v2                 D  Input channel destroyed: 'ClientS', fd=190
2026-01-30 09:12:56.212 30107-30118 InputTransport          com.fishit.player.v2                 D  Input channel destroyed: 'ClientS', fd=213
2026-01-30 09:12:56.231 30107-30107 InputMethodManagerUtils com.fishit.player.v2                 D  startInputInner - Id : 0
2026-01-30 09:12:56.232 30107-30107 InputMethodManager      com.fishit.player.v2                 I  startInputInner - IInputMethodManagerGlobalInvoker.startInputOrWindowGainedFocus
2026-01-30 09:12:56.243 30107-30107 WindowManager           com.fishit.player.v2                 I  WindowManagerGlobal#removeView, ty=1002, view=androidx.compose.ui.window.PopupLayout{94d9672 V.E...... ......I. 0,0-62,75 #1020002 android:id/content}, caller=android.view.WindowManagerGlobal.removeView:628 android.view.WindowManagerImpl.removeViewImmediate:208 androidx.compose.ui.window.PopupLayout.dismiss:772
2026-01-30 09:12:56.243 30107-30107 WindowOnBackDispatcher  com.fishit.player.v2                 W  sendCancelIfRunning: isInProgress=falsecallback=android.view.ViewRootImpl$$ExternalSyntheticLambda19@998dd1e
2026-01-30 09:12:56.246 30107-30107 ViewRootIm...p-Fenster] com.fishit.player.v2                 I  dispatchDetachedFromWindow
2026-01-30 09:12:56.250 30107-30107 InputTransport          com.fishit.player.v2                 D  Input channel destroyed: 'ddd0be2', fd=170
2026-01-30 09:12:56.256 30107-30107 LeakCanary              com.fishit.player.v2                 D  Watching instance of androidx.compose.ui.window.PopupLayout (androidx.compose.ui.window.PopupLayout received View#onDetachedFromWindow() callback) with key af153d7f-c451-4655-9834-c057751cefe2
2026-01-30 09:12:56.273 30107-30107 InsetsController        com.fishit.player.v2                 D  show(ime(), fromIme=true)
2026-01-30 09:12:56.273 30107-30107 ImeTracker              com.fishit.player.v2                 I  com.fishit.player.v2:2676ce62: onCancelled at PHASE_CLIENT_APPLY_ANIMATION
2026-01-30 09:12:56.314 30107-30132 NotificationManager     com.fishit.player.v2                 I  com.fishit.player.v2: notify(2131362144, null, Notification(channel=LEAKCANARY_LOW shortcut=null contentView=null vibrate=null sound=null defaults=0x0 flags=0x10 color=0x00000000 groupKey=LEAKCANARY_LOW vis=PRIVATE semFlags=0x0 semPriority=0 semMissedCount=0)) as user
2026-01-30 09:12:56.532 30107-30107 InputMethodManagerUtils com.fishit.player.v2                 D  startInputInner - Id : 0
2026-01-30 09:12:56.532 30107-30107 InputMethodManager      com.fishit.player.v2                 I  startInputInner - IInputMethodManagerGlobalInvoker.startInputOrWindowGainedFocus
2026-01-30 09:12:56.606 30107-30107 InsetsController        com.fishit.player.v2                 D  show(ime(), fromIme=true)
2026-01-30 09:12:56.606 30107-30107 ImeTracker              com.fishit.player.v2                 I  com.fishit.player.v2:c111ae1d: onCancelled at PHASE_CLIENT_APPLY_ANIMATION
2026-01-30 09:12:57.194 30107-30107 ViewRootIm...nActivity] com.fishit.player.v2                 I  ViewPostIme pointer 0
2026-01-30 09:12:57.260 30107-30107 ViewRootIm...nActivity] com.fishit.player.v2                 I  ViewPostIme pointer 1
2026-01-30 09:12:57.275 30107-30107 WindowManager           com.fishit.player.v2                 I  WindowManagerGlobal#addView, ty=1002, view=androidx.compose.ui.window.PopupLayout{9398f31 V.E...... ......I. 0,0-0,0 #1020002 android:id/content}, caller=android.view.WindowManagerImpl.addView:150 androidx.compose.ui.window.PopupLayout.show:562 androidx.compose.ui.window.AndroidPopup_androidKt$Popup$2$1.invoke:334
2026-01-30 09:12:57.276 30107-30143 NativeCust...ncyManager com.fishit.player.v2                 D  [NativeCFMS] BpCustomFrequencyManager::BpCustomFrequencyManager()
2026-01-30 09:12:57.282 30107-30107 InsetsController        com.fishit.player.v2                 I  onStateChanged: host=Pop-up-Fenster, from=android.view.ViewRootImpl.setView:1753, state=InsetsState: {mDisplayFrame=Rect(0, 0 - 1080, 2400), mDisplayCutout=DisplayCutout{insets=Rect(0, 80 - 0, 0) waterfall=Insets{left=0, top=0, right=0, bottom=0} boundingRect={Bounds=[Rect(0, 0 - 0, 0), Rect(510, 0 - 570, 80), Rect(0, 0 - 0, 0), Rect(0, 0 - 0, 0)]} cutoutPathParserInfo={CutoutPathParserInfo{displayWidth=1080 displayHeight=2400 physicalDisplayWidth=1080 physicalDisplayHeight=2400 density={3.0} cutoutSpec={M 0,0 H -10 V 26.66666666666667 H 10 V 0 H 0 Z @dp} rotation={0} scale={1.0} physicalPixelDisplaySizeRatio={1.0}}}}, mRoundedCorners=RoundedCorners{[RoundedCorner{position=TopLeft, radius=90, center=Point(90, 90)}, RoundedCorner{position=TopRight, radius=90, center=Point(990, 90)}, RoundedCorner{position=BottomRight, radius=90, center=Point(990, 2310)}, RoundedCorner{position=BottomLeft, radius=90, center=Point(90, 2310)}]}  mRoundedCornerFrame=Rect(0, 0 - 1080, 2400), mPrivacyIndicatorBounds=PrivacyIndicatorBounds {static bounds=Rect(948, 0 - 1080, 80) rotation=0}, mDisplayShape=DisplayShape{ spec=-311912193 displayWidth=1080 displayHeight=2400 physicalPixelDisplaySizeRatio=1.0 rotation=0 offsetX=0 offsetY=0 scale=1.0}, mSources= { InsetsSource: {27 mType=displayCutout mFrame=[0,0][1080,80] mVisible=true mFlags=[]}, InsetsSource: {24df0000 mType=statusBars mFrame=[0,0][1080,80] mVisible=true mFlags=[]}, InsetsSource: {24df0005 mType=mandatorySystemGestures mFrame=[0,0][1080,116] mVisible=true mFlags=[]}, InsetsSource: {24df0006 mType=tappableElement mFrame=[0,0][1080,80] mVisible=true mFlags=[]}, InsetsSource: {68b60001 mType=navigationBars mFrame=[0,2256][1080,2400] mVisible=true mFlags=[]}, InsetsSource: {68b60004 mType=systemGestures mFrame=[0,0][0,0] mVisible=true mFlags=[]}, InsetsSource: {68b60005 mType=mandatorySystemGestures mFrame=[0,2256][1080,2400] mVisible=true mFlags=[]}, InsetsSource: {68b60006 mType=tappableElement mFrame=[0,2256][1080,2400] mVisible=true mFlags=[]}, InsetsSource: {68b60024 mType=systemGestures mFrame=[0,0][0,0] mVisible=true mFlags=[]} }
2026-01-30 09:12:57.282 30107-30107 ViewRootIm...p-Fenster] com.fishit.player.v2                 I  synced displayState. AttachInfo displayState=2
2026-01-30 09:12:57.282 30107-30107 ViewRootIm...p-Fenster] com.fishit.player.v2                 I  setView = androidx.compose.ui.window.PopupLayout@9398f31 TM=true
2026-01-30 09:12:57.283 30107-30107 ImeTracker              com.fishit.player.v2                 I  com.fishit.player.v2:2a7558b6: onRequestShow at ORIGIN_CLIENT_SHOW_SOFT_INPUT reason SHOW_SOFT_INPUT_BY_INSETS_API
2026-01-30 09:12:57.283 30107-30107 InsetsController        com.fishit.player.v2                 D  show(ime(), fromIme=false)
2026-01-30 09:12:57.283 30107-30107 ImeTracker              com.fishit.player.v2                 I  com.fishit.player.v2:2a7558b6: onCancelled at PHASE_CLIENT_APPLY_ANIMATION
2026-01-30 09:12:57.292 30107-30107 WindowOnBackDispatcher  com.fishit.player.v2                 W  OnBackInvokedCallback is not enabled for the application.
                                                                                                    Set 'android:enableOnBackInvokedCallback="true"' in the application manifest.
2026-01-30 09:12:57.302 30107-30124 ViewRootIm...p-Fenster] com.fishit.player.v2                 I  Resizing android.view.ViewRootImpl@ccf7502: frame = [317,374][379,449] reportDraw = true forceLayout = false syncSeqId = -1
2026-01-30 09:12:57.303 30107-30107 BLASTBufferQueue_Java   com.fishit.player.v2                 I  new BLASTBufferQueue, mName= ViewRootImpl@8091616[Pop-up-Fenster] mNativeObject= 0xb400007a14e86430 sc.mNativeObject= 0xb400007b04e4bc90 caller= android.view.ViewRootImpl.updateBlastSurfaceIfNeeded:3028 android.view.ViewRootImpl.relayoutWindow:10131 android.view.ViewRootImpl.performTraversals:4110 android.view.ViewRootImpl.doTraversal:3288 android.view.ViewRootImpl$TraversalRunnable.run:11344 android.view.Choreographer$CallbackRecord.run:1689 android.view.Choreographer$CallbackRecord.run:1698 android.view.Choreographer.doCallbacks:1153 android.view.Choreographer.doFrame:1079 android.view.Choreographer$FrameDisplayEventReceiver.run:1646
2026-01-30 09:12:57.303 30107-30107 BLASTBufferQueue_Java   com.fishit.player.v2                 I  update, w= 158 h= 171 mName = ViewRootImpl@8091616[Pop-up-Fenster] mNativeObject= 0xb400007a14e86430 sc.mNativeObject= 0xb400007b04e4bc90 format= -3 caller= android.graphics.BLASTBufferQueue.<init>:89 android.view.ViewRootImpl.updateBlastSurfaceIfNeeded:3028 android.view.ViewRootImpl.relayoutWindow:10131 android.view.ViewRootImpl.performTraversals:4110 android.view.ViewRootImpl.doTraversal:3288 android.view.ViewRootImpl$TraversalRunnable.run:11344
2026-01-30 09:12:57.304 30107-30107 ViewRootIm...p-Fenster] com.fishit.player.v2                 I  Relayout returned: old=(0,0,1080,2400) new=(317,374,379,449) relayoutAsync=false req=(62,75)0 dur=5 res=0x403 s={true 0xb400007994eb2de0} ch=true seqId=0
2026-01-30 09:12:57.304 30107-30107 ViewRootIm...p-Fenster] com.fishit.player.v2                 I  performConfigurationChange setNightDimText nightDimLevel=0
2026-01-30 09:12:57.305 30107-30107 ViewRootIm...p-Fenster] com.fishit.player.v2                 D  mThreadedRenderer.initialize() mSurface={isValid=true 0xb400007994eb2de0} hwInitialized=true
2026-01-30 09:12:57.306 30107-30107 ViewRootIm...p-Fenster] com.fishit.player.v2                 D  reportNextDraw android.view.ViewRootImpl.performTraversals:4718 android.view.ViewRootImpl.doTraversal:3288 android.view.ViewRootImpl$TraversalRunnable.run:11344 android.view.Choreographer$CallbackRecord.run:1689 android.view.Choreographer$CallbackRecord.run:1698
2026-01-30 09:12:57.306 30107-30107 ViewRootIm...p-Fenster] com.fishit.player.v2                 I  Setup new sync=wmsSync-ViewRootImpl@8091616[Pop-up-Fenster]#78
2026-01-30 09:12:57.307 30107-30107 ViewRootIm...p-Fenster] com.fishit.player.v2                 I  Creating new active sync group ViewRootImpl@8091616[Pop-up-Fenster]#79
2026-01-30 09:12:57.307 30107-30107 ViewRootIm...p-Fenster] com.fishit.player.v2                 I  registerCallbacksForSync syncBuffer=false
2026-01-30 09:12:57.308 30107-30368 ViewRootIm...p-Fenster] com.fishit.player.v2                 I  Received frameDrawingCallback syncResult=0 frameNum=1.
2026-01-30 09:12:57.309 30107-30368 ViewRootIm...p-Fenster] com.fishit.player.v2                 I  mWNT: t=0xb4000078e4ebec90 mBlastBufferQueue=0xb400007a14e86430 fn= 1 mRenderHdrSdrRatio=1.0 caller= android.view.ViewRootImpl$8.onFrameDraw:13841 android.view.ThreadedRenderer$1.onFrameDraw:792 <bottom of call stack>
2026-01-30 09:12:57.309 30107-30368 ViewRootIm...p-Fenster] com.fishit.player.v2                 I  Setting up sync and frameCommitCallback
2026-01-30 09:12:57.309 30107-30143 BLASTBufferQueue        com.fishit.player.v2                 I  [ViewRootImpl@8091616[Pop-up-Fenster]#23](f:0,a:0,s:0) onFrameAvailable the first frame is available
2026-01-30 09:12:57.309 30107-30143 ViewRootIm...p-Fenster] com.fishit.player.v2                 I  Received frameCommittedCallback lastAttemptedDrawFrameNum=1 didProduceBuffer=true
2026-01-30 09:12:57.310 30107-30143 OpenGLRenderer          com.fishit.player.v2                 D  CFMS:: SetUp Pid : 30107    Tid : 30143
2026-01-30 09:12:57.310 30107-30107 ViewRootIm...p-Fenster] com.fishit.player.v2                 I  reportDrawFinished seqId=0
2026-01-30 09:12:57.314 30107-30143 OpenGLRenderer          com.fishit.player.v2                 D  HWUI - treat SMPTE_170M as sRGB
2026-01-30 09:12:57.318 30107-30107 BLASTBufferQueue_Java   com.fishit.player.v2                 I  update, w= 158 h= 171 mName = ViewRootImpl@8091616[Pop-up-Fenster] mNativeObject= 0xb400007a14e86430 sc.mNativeObject= 0xb400007b04e4bc90 format= -3 caller= android.view.ViewRootImpl.updateBlastSurfaceIfNeeded:3017 android.view.ViewRootImpl.relayoutWindow:10131 android.view.ViewRootImpl.performTraversals:4110 android.view.ViewRootImpl.doTraversal:3288 android.view.ViewRootImpl$TraversalRunnable.run:11344 android.view.Choreographer$CallbackRecord.run:1689
2026-01-30 09:12:57.318 30107-30107 ViewRootIm...p-Fenster] com.fishit.player.v2                 I  Relayout returned: old=(317,374,379,449) new=(317,374,379,449) relayoutAsync=true req=(62,75)0 dur=0 res=0x0 s={true 0xb400007994eb2de0} ch=false seqId=0
2026-01-30 09:12:57.319 30107-30107 ViewRootIm...p-Fenster] com.fishit.player.v2                 I  registerCallbackForPendingTransactions
2026-01-30 09:12:57.320 30107-30369 ViewRootIm...p-Fenster] com.fishit.player.v2                 I  mWNT: t=0xb4000078e4ef8470 mBlastBufferQueue=0xb400007a14e86430 fn= 2 mRenderHdrSdrRatio=1.0 caller= android.view.ViewRootImpl$6.onFrameDraw:5635 android.view.ViewRootImpl$2.onFrameDraw:2146 android.view.ThreadedRenderer$1.onFrameDraw:792
2026-01-30 09:12:57.323 30107-30107 InputMethodManager_LC   com.fishit.player.v2                 I  showSoftInput(View,I)
2026-01-30 09:12:57.323 30107-30107 ImeTracker              com.fishit.player.v2                 I  com.fishit.player.v2:1596edf5: onRequestShow at ORIGIN_CLIENT_SHOW_SOFT_INPUT reason SHOW_SOFT_INPUT
2026-01-30 09:12:57.323 30107-30107 InputMethodManager_LC   com.fishit.player.v2                 I  ssi(): flags=0 view=com.fishit.player.v2 reason = SHOW_SOFT_INPUT
2026-01-30 09:12:57.323 30107-30107 InputMethodManager_LC   com.fishit.player.v2                 I  ssi() view is not EditText
2026-01-30 09:12:57.323 30107-30107 InputMethodManager      com.fishit.player.v2                 D  showSoftInput() view=androidx.compose.ui.platform.AndroidComposeView{db56336 VFED..... .F...... 0,0-1080,2400 aid=1073741826} flags=0 reason=SHOW_SOFT_INPUT
2026-01-30 09:12:57.325 30107-30107 ViewRootIm...p-Fenster] com.fishit.player.v2                 I  handleResized, msg = 5 frames=ClientWindowFrames{frame=[317,374][379,449] display=[-100000,-100000][100000,100000] parentFrame=[0,0][0,0] attachedFrame=[0,0][1080,2400]} forceNextWindowRelayout=false displayId=0 dragResizing=false compatScale=1.0 frameChanged=false attachedFrameChanged=false configChanged=false displayChanged=false compatScaleChanged=false
2026-01-30 09:12:57.325 30107-30107 ViewRootIm...p-Fenster] com.fishit.player.v2                 I  handleResized mSyncSeqId = 0
2026-01-30 09:12:57.325 30107-30107 ViewRootIm...p-Fenster] com.fishit.player.v2                 D  reportNextDraw android.view.ViewRootImpl.handleResized:2530 android.view.ViewRootImpl.-$$Nest$mhandleResized:0 android.view.ViewRootImpl$ViewRootHandler.handleMessageImpl:7197 android.view.ViewRootImpl$ViewRootHandler.handleMessage:7166 android.os.Handler.dispatchMessage:106
2026-01-30 09:12:57.332 30107-30107 BLASTBufferQueue_Java   com.fishit.player.v2                 I  update, w= 158 h= 171 mName = ViewRootImpl@8091616[Pop-up-Fenster] mNativeObject= 0xb400007a14e86430 sc.mNativeObject= 0xb400007b04e4bc90 format= -3 caller= android.view.ViewRootImpl.updateBlastSurfaceIfNeeded:3017 android.view.ViewRootImpl.relayoutWindow:10131 android.view.ViewRootImpl.performTraversals:4110 android.view.ViewRootImpl.doTraversal:3288 android.view.ViewRootImpl$TraversalRunnable.run:11344 android.view.Choreographer$CallbackRecord.run:1689
2026-01-30 09:12:57.332 30107-30107 ViewRootIm...p-Fenster] com.fishit.player.v2                 I  Relayout returned: old=(317,374,379,449) new=(317,374,379,449) relayoutAsync=true req=(62,75)0 dur=1 res=0x0 s={true 0xb400007994eb2de0} ch=false seqId=0
2026-01-30 09:12:57.332 30107-30107 ViewRootIm...p-Fenster] com.fishit.player.v2                 I  Setup new sync=wmsSync-ViewRootImpl@8091616[Pop-up-Fenster]#80
2026-01-30 09:12:57.332 30107-30107 ViewRootIm...p-Fenster] com.fishit.player.v2                 I  Creating new active sync group ViewRootImpl@8091616[Pop-up-Fenster]#81
2026-01-30 09:12:57.333 30107-30107 ViewRootIm...p-Fenster] com.fishit.player.v2                 I  registerCallbacksForSync syncBuffer=false
2026-01-30 09:12:57.334 30107-30368 ViewRootIm...p-Fenster] com.fishit.player.v2                 I  Received frameDrawingCallback syncResult=0 frameNum=3.
2026-01-30 09:12:57.334 30107-30368 ViewRootIm...p-Fenster] com.fishit.player.v2                 I  mWNT: t=0xb4000078e4ebe030 mBlastBufferQueue=0xb400007a14e86430 fn= 3 mRenderHdrSdrRatio=1.0 caller= android.view.ViewRootImpl$8.onFrameDraw:13841 android.view.ThreadedRenderer$1.onFrameDraw:792 <bottom of call stack>
2026-01-30 09:12:57.334 30107-30368 ViewRootIm...p-Fenster] com.fishit.player.v2                 I  Setting up sync and frameCommitCallback
2026-01-30 09:12:57.335 30107-30143 ViewRootIm...p-Fenster] com.fishit.player.v2                 I  Received frameCommittedCallback lastAttemptedDrawFrameNum=3 didProduceBuffer=true
2026-01-30 09:12:57.335 30107-30107 ViewRootIm...p-Fenster] com.fishit.player.v2                 I  reportDrawFinished seqId=0
2026-01-30 09:12:57.335 30107-30107 InsetsController        com.fishit.player.v2                 D  show(ime(), fromIme=true)
2026-01-30 09:12:57.335 30107-30107 ImeTracker              com.fishit.player.v2                 I  com.fishit.player.v2:1596edf5: onCancelled at PHASE_CLIENT_APPLY_ANIMATION
2026-01-30 09:12:58.394 30107-30107 InputMethodManagerUtils com.fishit.player.v2                 D  startInputInner - Id : 0
2026-01-30 09:12:58.394 30107-30107 InputMethodManager      com.fishit.player.v2                 I  startInputInner - IInputMethodManagerGlobalInvoker.startInputOrWindowGainedFocus
2026-01-30 09:12:58.398 30107-30132 ishit.player.v2         com.fishit.player.v2                 I  Explicit concurrent copying GC freed 19447(1308KB) AllocSpace objects, 6(120KB) LOS objects, 16% free, 120MB/144MB, paused 104us,31us total 80.137ms
2026-01-30 09:12:58.399 30107-30118 InputTransport          com.fishit.player.v2                 D  Input channel destroyed: 'ClientS', fd=212
2026-01-30 09:12:58.399 30107-30118 InputTransport          com.fishit.player.v2                 D  Input channel destroyed: 'ClientS', fd=163
2026-01-30 09:12:58.403 30107-30107 WindowManager           com.fishit.player.v2                 I  WindowManagerGlobal#removeView, ty=1002, view=androidx.compose.ui.window.PopupLayout{9398f31 V.E...... ......I. 0,0-62,75 #1020002 android:id/content}, caller=android.view.WindowManagerGlobal.removeView:628 android.view.WindowManagerImpl.removeViewImmediate:208 androidx.compose.ui.window.PopupLayout.dismiss:772
2026-01-30 09:12:58.403 30107-30107 WindowOnBackDispatcher  com.fishit.player.v2                 W  sendCancelIfRunning: isInProgress=falsecallback=android.view.ViewRootImpl$$ExternalSyntheticLambda19@52ba64d
2026-01-30 09:12:58.405 30107-30107 ViewRootIm...p-Fenster] com.fishit.player.v2                 I  dispatchDetachedFromWindow
2026-01-30 09:12:58.407 30107-30107 InputTransport          com.fishit.player.v2                 D  Input channel destroyed: '2114f53', fd=170
2026-01-30 09:12:58.416 30107-30107 LeakCanary              com.fishit.player.v2                 D  Watching instance of androidx.compose.ui.window.PopupLayout (androidx.compose.ui.window.PopupLayout received View#onDetachedFromWindow() callback) with key 37c85367-964f-4be6-9cef-a11ee7c5bf50
2026-01-30 09:12:58.431 30107-30107 InsetsController        com.fishit.player.v2                 D  show(ime(), fromIme=true)
2026-01-30 09:12:58.431 30107-30107 ImeTracker              com.fishit.player.v2                 I  com.fishit.player.v2:3594fd46: onCancelled at PHASE_CLIENT_APPLY_ANIMATION
2026-01-30 09:12:58.503 30107-30132 NotificationManager     com.fishit.player.v2                 I  com.fishit.player.v2: notify(2131362144, null, Notification(channel=LEAKCANARY_LOW shortcut=null contentView=null vibrate=null sound=null defaults=0x0 flags=0x10 color=0x00000000 groupKey=LEAKCANARY_LOW vis=PRIVATE semFlags=0x0 semPriority=0 semMissedCount=0)) as user
2026-01-30 09:12:58.702 30107-30107 InputMethodManagerUtils com.fishit.player.v2                 D  startInputInner - Id : 0
2026-01-30 09:12:58.702 30107-30107 InputMethodManager      com.fishit.player.v2                 I  startInputInner - IInputMethodManagerGlobalInvoker.startInputOrWindowGainedFocus
2026-01-30 09:12:58.745 30107-30107 InsetsController        com.fishit.player.v2                 D  show(ime(), fromIme=true)
2026-01-30 09:12:58.745 30107-30107 ImeTracker              com.fishit.player.v2                 I  com.fishit.player.v2:63ccf221: onCancelled at PHASE_CLIENT_APPLY_ANIMATION
2026-01-30 09:13:00.233 30107-30107 ViewRootIm...nActivity] com.fishit.player.v2                 I  ViewPostIme pointer 0
2026-01-30 09:13:00.322 30107-30107 ViewRootIm...nActivity] com.fishit.player.v2                 I  ViewPostIme pointer 1
2026-01-30 09:13:00.342 30107-30107 WindowOnBackDispatcher  com.fishit.player.v2                 W  OnBackInvokedCallback is not enabled for the application.
                                                                                                    Set 'android:enableOnBackInvokedCallback="true"' in the application manifest.
2026-01-30 09:13:00.405 30107-30107 ImeTracker              com.fishit.player.v2                 I  com.fishit.player.v2:2e353e5d: onRequestHide at ORIGIN_CLIENT_HIDE_SOFT_INPUT reason HIDE_SOFT_INPUT_BY_INSETS_API
2026-01-30 09:13:00.406 30107-30107 InsetsController        com.fishit.player.v2                 I  setRequestedVisibleTypes: visible=false, mask=ime, host=com.fishit.player.v2/com.fishit.player.v2.MainActivity, from=android.view.InsetsController.controlAnimationUnchecked:1445 android.view.InsetsController.applyAnimation:2005 android.view.InsetsController.applyAnimation:1968 android.view.InsetsController.hide:1403 android.view.InsetsController.hide:1342 androidx.core.view.SoftwareKeyboardControllerCompat$Impl30.hide:227 androidx.core.view.SoftwareKeyboardControllerCompat.hide:81 androidx.compose.ui.text.input.InputMethodManagerImpl.hideSoftInput:85 androidx.compose.ui.text.input.TextInputServiceAndroid.setKeyboardVisibleImmediately:477 androidx.compose.ui.text.input.TextInputServiceAndroid.processInputCommands:359
2026-01-30 09:13:00.406 30107-30107 ImeTracker              com.fishit.player.v2                 I  com.fishit.player.v2:d87eb0c7: onRequestHide at ORIGIN_CLIENT_HIDE_SOFT_INPUT reason HIDE_SOFT_INPUT_BY_INSETS_API
2026-01-30 09:13:00.406 30107-30107 InputMethodManager_LC   com.fishit.player.v2                 I  notifyImeHidden: IInputMethodManagerGlobalInvoker.hideSoftInput
2026-01-30 09:13:00.411 30107-30107 InsetsController        com.fishit.player.v2                 I  controlAnimationUncheckedInner: Added types=ime, animType=1, host=com.fishit.player.v2/com.fishit.player.v2.MainActivity, from=android.view.InsetsController.controlAnimationUnchecked:1449 android.view.InsetsController.applyAnimation:2005 android.view.InsetsController.applyAnimation:1968
2026-01-30 09:13:00.412 30107-30107 InputMethodManagerUtils com.fishit.player.v2                 D  startInputInner - Id : 0
2026-01-30 09:13:00.412 30107-30107 InputMethodManager      com.fishit.player.v2                 I  startInputInner - IInputMethodManagerGlobalInvoker.startInputOrWindowGainedFocus
2026-01-30 09:13:00.421 30107-30107 ImeTracker              com.fishit.player.v2                 I  com.fishit.player.v2:d87eb0c7: onCancelled at PHASE_CLIENT_APPLY_ANIMATION
2026-01-30 09:13:00.421 30107-30107 RemoteInpu...ectionImpl com.fishit.player.v2                 W  requestCursorAnchorInfo on inactive InputConnection
2026-01-30 09:13:00.421 30107-30107 WindowOnBackDispatcher  com.fishit.player.v2                 W  sendCancelIfRunning: isInProgress=falsecallback=ImeCallback=ImeOnBackInvokedCallback@162403614 Callback=android.window.IOnBackInvokedCallback$Stub$Proxy@db073b8
2026-01-30 09:13:00.422 30107-30123 ViewRootIm...nActivity] com.fishit.player.v2                 I  Resizing android.view.ViewRootImpl@40f0b81: frame = [0,0][1080,2400] reportDraw = false forceLayout = false syncSeqId = -1
2026-01-30 09:13:00.424 30107-30107 InsetsController        com.fishit.player.v2                 I  onStateChanged: host=com.fishit.player.v2/com.fishit.player.v2.MainActivity, from=android.view.ViewRootImpl$ViewRootHandler.handleMessageImpl:7209, state=InsetsState: {mDisplayFrame=Rect(0, 0 - 1080, 2400), mDisplayCutout=DisplayCutout{insets=Rect(0, 80 - 0, 0) waterfall=Insets{left=0, top=0, right=0, bottom=0} boundingRect={Bounds=[Rect(0, 0 - 0, 0), Rect(510, 0 - 570, 80), Rect(0, 0 - 0, 0), Rect(0, 0 - 0, 0)]} cutoutPathParserInfo={CutoutPathParserInfo{displayWidth=1080 displayHeight=2400 physicalDisplayWidth=1080 physicalDisplayHeight=2400 density={3.0} cutoutSpec={M 0,0 H -10 V 26.66666666666667 H 10 V 0 H 0 Z @dp} rotation={0} scale={1.0} physicalPixelDisplaySizeRatio={1.0}}}}, mRoundedCorners=RoundedCorners{[RoundedCorner{position=TopLeft, radius=90, center=Point(90, 90)}, RoundedCorner{position=TopRight, radius=90, center=Point(990, 90)}, RoundedCorner{position=BottomRight, radius=90, center=Point(990, 2310)}, RoundedCorner{position=BottomLeft, radius=90, center=Point(90, 2310)}]}  mRoundedCornerFrame=Rect(0, 0 - 1080, 2400), mPrivacyIndicatorBounds=PrivacyIndicatorBounds {static bounds=Rect(948, 0 - 1080, 80) rotation=0}, mDisplayShape=DisplayShape{ spec=-311912193 displayWidth=1080 displayHeight=2400 physicalPixelDisplaySizeRatio=1.0 rotation=0 offsetX=0 offsetY=0 scale=1.0}, mSources= { InsetsSource: {3 mType=ime mFrame=[0,2256][1080,2400] mVisible=false mFlags=[]}, InsetsSource: {27 mType=displayCutout mFrame=[0,0][1080,80] mVisible=true mFlags=[]}, InsetsSource: {24df0000 mType=statusBars mFrame=[0,0][1080,80] mVisible=true mFlags=[]}, InsetsSource: {24df0005 mType=mandatorySystemGestures mFrame=[0,0][1080,116] mVisible=true mFlags=[]}, InsetsSource: {24df0006 mType=tappableElement mFrame=[0,0][1080,80] mVisible=true mFlags=[]}, InsetsSource: {68b60001 mType=navigationBars mFrame=[0,2256][1080,2400] mVisible=true mFlags=[]}, InsetsSource: {68b60004 mType=systemGestures mFrame=[0,0][0,0] mVisible=true mFlags=[]}, InsetsSource: {68b60005 mType=mandatorySystemGestures mFrame=[0,2256][1080,2400] mVisible=true mFlags=[]}, InsetsSource: {68b60006 mType=tappableElement mFrame=[0,2256][1080,2400] mVisible=true mFlags=[]}, InsetsSource: {68b60024 mType=systemGestures mFrame=[0,0][0,0] mVisible=true mFlags=[]} }
2026-01-30 09:13:00.425 30107-30107 InsetsSourceConsumer    com.fishit.player.v2                 I  applyRequestedVisibilityToControl: visible=true, type=navigationBars, host=com.fishit.player.v2/com.fishit.player.v2.MainActivity
2026-01-30 09:13:00.426 30107-30107 ViewRootIm...nActivity] com.fishit.player.v2                 I  handleResized, msg = 4 frames=ClientWindowFrames{frame=[0,0][1080,2400] display=[0,0][1080,2400] parentFrame=[0,0][0,0]} forceNextWindowRelayout=false displayId=0 dragResizing=false compatScale=1.0 frameChanged=false attachedFrameChanged=false configChanged=false displayChanged=false compatScaleChanged=false
2026-01-30 09:13:00.428 30107-30107 InsetsController        com.fishit.player.v2                 I  cancelAnimation: types=ime, animType=1, host=com.fishit.player.v2/com.fishit.player.v2.MainActivity, from=android.view.InsetsController.notifyFinished:1748 android.view.InsetsAnimationThreadControlRunner$1.lambda$notifyFinished$0:85 android.view.InsetsAnimationThreadControlRunner$1.$r8$lambda$RAf1SfIREsj9-wH5FOigMy6eLkM:0
2026-01-30 09:13:00.429 30107-30107 ImeTracker              com.fishit.player.v2                 I  com.fishit.player.v2:d26f4fcd: onRequestHide at ORIGIN_CLIENT_HIDE_SOFT_INPUT reason HIDE_SOFT_INPUT_BY_INSETS_API
2026-01-30 09:13:00.429 30107-30107 InputMethodManager_LC   com.fishit.player.v2                 I  notifyImeHidden: IInputMethodManagerGlobalInvoker.hideSoftInput
2026-01-30 09:13:00.430 30107-30107 ImeTracker              com.fishit.player.v2                 I  com.fishit.player.v2:2e353e5d: onHidden
2026-01-30 09:13:00.453 30107-30107 DetailEnrichment        com.fishit.player.v2                 D  parseXtreamVodId: unrecognized format sourceId=src:xtream:xtream:xtream:vod:xtream:vod:801753
2026-01-30 09:13:00.454 30107-30107 DetailEnrichment        com.fishit.player.v2                 W  enrichFromXtream: invalid sourceId=src:xtream:xtream:xtream:vod:xtream:vod:801753
2026-01-30 09:13:00.455 30107-30107 DetailEnrichment        com.fishit.player.v2                 D  parseXtreamVodId: unrecognized format sourceId=src:xtream:xtream:xtream:vod:xtream:vod:801753
2026-01-30 09:13:00.455 30107-30107 DetailEnrichment        com.fishit.player.v2                 W  enrichFromXtream: invalid sourceId=src:xtream:xtream:xtream:vod:xtream:vod:801753
2026-01-30 09:13:00.593 30107-30132 ishit.player.v2         com.fishit.player.v2                 I  Explicit concurrent copying GC freed 94532(4466KB) AllocSpace objects, 0(0B) LOS objects, 16% free, 120MB/144MB, paused 43us,29us total 86.513ms
2026-01-30 09:13:00.594 30107-30118 InputTransport          com.fishit.player.v2                 D  Input channel destroyed: 'ClientS', fd=224
2026-01-30 09:13:00.594 30107-30118 InputTransport          com.fishit.player.v2                 D  Input channel destroyed: 'ClientS', fd=190
2026-01-30 09:13:00.594 30107-30118 InputTransport          com.fishit.player.v2                 D  Input channel destroyed: 'ClientS', fd=213
2026-01-30 09:13:00.697 30107-30132 NotificationManager     com.fishit.player.v2                 I  com.fishit.player.v2: notify(2131362144, null, Notification(channel=LEAKCANARY_LOW shortcut=null contentView=null vibrate=null sound=null defaults=0x0 flags=0x10 color=0x00000000 groupKey=LEAKCANARY_LOW vis=PRIVATE semFlags=0x0 semPriority=0 semMissedCount=0)) as user
2026-01-30 09:13:00.950 30107-30124 ViewRootIm...nActivity] com.fishit.player.v2                 I  Resizing android.view.ViewRootImpl@40f0b81: frame = [0,0][1080,2400] reportDraw = false forceLayout = false syncSeqId = -1
2026-01-30 09:13:00.955 30107-30107 InsetsController        com.fishit.player.v2                 I  onStateChanged: host=com.fishit.player.v2/com.fishit.player.v2.MainActivity, from=android.view.ViewRootImpl$ViewRootHandler.handleMessageImpl:7196, state=InsetsState: {mDisplayFrame=Rect(0, 0 - 1080, 2400), mDisplayCutout=DisplayCutout{insets=Rect(0, 80 - 0, 0) waterfall=Insets{left=0, top=0, right=0, bottom=0} boundingRect={Bounds=[Rect(0, 0 - 0, 0), Rect(510, 0 - 570, 80), Rect(0, 0 - 0, 0), Rect(0, 0 - 0, 0)]} cutoutPathParserInfo={CutoutPathParserInfo{displayWidth=1080 displayHeight=2400 physicalDisplayWidth=1080 physicalDisplayHeight=2400 density={3.0} cutoutSpec={M 0,0 H -10 V 26.66666666666667 H 10 V 0 H 0 Z @dp} rotation={0} scale={1.0} physicalPixelDisplaySizeRatio={1.0}}}}, mRoundedCorners=RoundedCorners{[RoundedCorner{position=TopLeft, radius=90, center=Point(90, 90)}, RoundedCorner{position=TopRight, radius=90, center=Point(990, 90)}, RoundedCorner{position=BottomRight, radius=90, center=Point(990, 2310)}, RoundedCorner{position=BottomLeft, radius=90, center=Point(90, 2310)}]}  mRoundedCornerFrame=Rect(0, 0 - 1080, 2400), mPrivacyIndicatorBounds=PrivacyIndicatorBounds {static bounds=Rect(948, 0 - 1080, 80) rotation=0}, mDisplayShape=DisplayShape{ spec=-311912193 displayWidth=1080 displayHeight=2400 physicalPixelDisplaySizeRatio=1.0 rotation=0 offsetX=0 offsetY=0 scale=1.0}, mSources= { InsetsSource: {3 mType=ime mFrame=[0,0][0,0] mVisible=false mFlags=[]}, InsetsSource: {27 mType=displayCutout mFrame=[0,0][1080,80] mVisible=true mFlags=[]}, InsetsSource: {24df0000 mType=statusBars mFrame=[0,0][1080,80] mVisible=true mFlags=[]}, InsetsSource: {24df0005 mType=mandatorySystemGestures mFrame=[0,0][1080,116] mVisible=true mFlags=[]}, InsetsSource: {24df0006 mType=tappableElement mFrame=[0,0][1080,80] mVisible=true mFlags=[]}, InsetsSource: {68b60001 mType=navigationBars mFrame=[0,2256][1080,2400] mVisible=true mFlags=[]}, InsetsSource: {68b60004 mType=systemGestures mFrame=[0,0][0,0] mVisible=true mFlags=[]}, InsetsSource: {68b60005 mType=mandatorySystemGestures mFrame=[0,2256][1080,2400] mVisible=true mFlags=[]}, InsetsSource: {68b60006 mType=tappableElement mFrame=[0,2256][1080,2400] mVisible=true mFlags=[]}, InsetsSource: {68b60024 mType=systemGestures mFrame=[0,0][0,0] mVisible=true mFlags=[]} }
2026-01-30 09:13:00.956 30107-30107 ViewRootIm...nActivity] com.fishit.player.v2                 I  handleResized, msg = 4 frames=ClientWindowFrames{frame=[0,0][1080,2400] display=[0,0][1080,2400] parentFrame=[0,0][0,0]} forceNextWindowRelayout=false displayId=0 dragResizing=false compatScale=1.0 frameChanged=false attachedFrameChanged=false configChanged=false displayChanged=false compatScaleChanged=false
2026-01-30 09:13:02.786 30107-30132 ishit.player.v2         com.fishit.player.v2                 I  Explicit concurrent copying GC freed 3647(404KB) AllocSpace objects, 2(40KB) LOS objects, 16% free, 120MB/144MB, paused 56us,27us total 78.737ms
2026-01-30 09:13:02.890 30107-30132 NotificationManager     com.fishit.player.v2                 I  com.fishit.player.v2: notify(2131362144, null, Notification(channel=LEAKCANARY_LOW shortcut=null contentView=null vibrate=null sound=null defaults=0x0 flags=0x10 color=0x00000000 groupKey=LEAKCANARY_LOW vis=PRIVATE semFlags=0x0 semPriority=0 semMissedCount=0)) as user
2026-01-30 09:13:04.970 30107-30132 ishit.player.v2         com.fishit.player.v2                 I  Explicit concurrent copying GC freed 242(65KB) AllocSpace objects, 0(0B) LOS objects, 16% free, 120MB/144MB, paused 52us,31us total 75.852ms
2026-01-30 09:13:05.076 30107-30132 NotificationManager     com.fishit.player.v2                 I  com.fishit.player.v2: notify(2131362144, null, Notification(channel=LEAKCANARY_LOW shortcut=null contentView=null vibrate=null sound=null defaults=0x0 flags=0x10 color=0x00000000 groupKey=LEAKCANARY_LOW vis=PRIVATE semFlags=0x0 semPriority=0 semMissedCount=0)) as user
2026-01-30 09:13:07.158 30107-30132 ishit.player.v2         com.fishit.player.v2                 I  Explicit concurrent copying GC freed 448(66KB) AllocSpace objects, 0(0B) LOS objects, 16% free, 120MB/144MB, paused 65us,27us total 78.946ms
2026-01-30 09:13:07.264 30107-30132 NotificationManager     com.fishit.player.v2                 I  com.fishit.player.v2: notify(2131362144, null, Notification(channel=LEAKCANARY_LOW shortcut=null contentView=null vibrate=null sound=null defaults=0x0 flags=0x10 color=0x00000000 groupKey=LEAKCANARY_LOW vis=PRIVATE semFlags=0x0 semPriority=0 semMissedCount=0)) as user
2026-01-30 09:13:09.345 30107-30132 ishit.player.v2         com.fishit.player.v2                 I  Explicit concurrent copying GC freed 208(63KB) AllocSpace objects, 0(0B) LOS objects, 16% free, 120MB/144MB, paused 48us,28us total 77.527ms
2026-01-30 09:13:09.450 30107-30132 NotificationManager     com.fishit.player.v2                 I  com.fishit.player.v2: notify(2131362144, null, Notification(channel=LEAKCANARY_LOW shortcut=null contentView=null vibrate=null sound=null defaults=0x0 flags=0x10 color=0x00000000 groupKey=LEAKCANARY_LOW vis=PRIVATE semFlags=0x0 semPriority=0 semMissedCount=0)) as user
2026-01-30 09:13:10.690 30107-30107 ViewRootIm...nActivity] com.fishit.player.v2                 I  ViewPostIme pointer 0
2026-01-30 09:13:10.751 30107-30107 ViewRootIm...nActivity] com.fishit.player.v2                 I  ViewPostIme pointer 1
2026-01-30 09:13:10.753 30107-30107 UnifiedDetailVM         com.fishit.player.v2                 D  play: canonicalId=movie:destroy-all-neighbors:2024 sourceKey=src:xtream:xtream:xtream:vod:xtream:vod:801753 missingHints=[]
