2026-01-30 12:43:24.357 13836-14046 XTC                     com.fishit.player.v2                 D  [SERIES] DTO→Raw #200 | id=xtream:series:1141 | title="Godless" | sourceType=XTREAM | Fields: ✓[plot(170c), cast, poster, duration=4800000ms] ✗[year, director, backdrop, tmdb]
2026-01-30 12:43:24.379 13836-13836 ViewRootIm...nActivity] com.fishit.player.v2                 I  ViewPostIme pointer 1
2026-01-30 12:43:24.396 13836-14060 XTC                     com.fishit.player.v2                 D  [LIVE] DTO→Raw #500 | id=xtream:live:797354 | title="DE: DAZN EVENT 26 HD" | sourceType=XTREAM | Fields: ✓[poster] ✗[year, plot, cast, director, backdrop, duration, tmdb]
2026-01-30 12:43:24.400 13836-14047 XtreamCatalogScanWorker com.fishit.player.v2                 D  PROGRESS discovered=742 persisted=0 phase=N/A
2026-01-30 12:43:24.405 13836-14046 XTC                     com.fishit.player.v2                 D  [SERIES] DTO→Raw #250 | id=xtream:series:1344 | title="LOL: Last One Laughing" | sourceType=XTREAM | Fields: ✓[plot(258c), cast, poster] ✗[year, director, backdrop, duration, tmdb]
2026-01-30 12:43:24.452 13836-14046 XTC                     com.fishit.player.v2                 D  [SERIES] DTO→Raw #300 | id=xtream:series:1475 | title="Panic" | sourceType=XTREAM | Fields: ✓[plot(526c), cast, poster, duration=2700000ms] ✗[year, director, backdrop, tmdb]
2026-01-30 12:43:24.501 13836-14046 XTC                     com.fishit.player.v2                 D  [SERIES] DTO→Raw #350 | id=xtream:series:1604 | title="Monster bei der Arbeit" | sourceType=XTREAM | Fields: ✓[plot(482c), cast, poster, duration=1620000ms] ✗[year, director, backdrop, tmdb]
2026-01-30 12:43:24.540 13836-14060 XTC                     com.fishit.player.v2                 D  [LIVE] DTO→Raw #550 | id=xtream:live:744166 | title="DE: DYN SPORT 25" | sourceType=XTREAM | Fields: ✓[poster] ✗[year, plot, cast, director, backdrop, duration, tmdb]
2026-01-30 12:43:24.543 13836-14046 XTC                     com.fishit.player.v2                 D  [SERIES] DTO→Raw #400 | id=xtream:series:1752 | title="The North Water" | sourceType=XTREAM | Fields: ✓[plot(570c), cast, poster, duration=3600000ms] ✗[year, director, backdrop, tmdb]
2026-01-30 12:43:24.577 13836-14079 XtreamApiClient         com.fishit.player.v2                 D  StreamingFetch: Detected GZIP for konigtv.com/player_api.php (manual decompression)
2026-01-30 12:43:24.579 13836-14079 XtreamApiClient         com.fishit.player.v2                 D  StreamingFetch: Success for konigtv.com/player_api.php, streaming response
2026-01-30 12:43:24.579 13836-14060 XTC                     com.fishit.player.v2                 D  [LIVE] DTO→Raw #600 | id=xtream:live:121760 | title="DE: Spiegel TV Wissen RAW" | sourceType=XTREAM | Fields: ✓[poster] ✗[year, plot, cast, director, backdrop, duration, tmdb]
2026-01-30 12:43:24.580 13836-14061 CatalogSyncService      com.fishit.player.v2                 D  Persisting Xtream catalog batch (NX-ONLY): 400 items (canonical_linking=true)
2026-01-30 12:43:24.588 13836-14079 XtreamApiClient         com.fishit.player.v2                 D  streamFromUrl: Starting StreamingJsonParser.streamInBatches() for konigtv.com/player_api.php
2026-01-30 12:43:24.588 13836-14046 XTC                     com.fishit.player.v2                 D  [SERIES] DTO→Raw #450 | id=xtream:series:1972 | title="Tales of Zestiria the X" | sourceType=XTREAM | Fields: ✓[plot(603c), cast, poster, duration=1380000ms] ✗[year, director, backdrop, tmdb]
2026-01-30 12:43:24.617 13836-14060 XTC                     com.fishit.player.v2                 D  [LIVE] DTO→Raw #650 | id=xtream:live:48858 | title="DE: Sky Cinema Highlights FHD" | sourceType=XTREAM | Fields: ✓[poster] ✗[year, plot, cast, director, backdrop, duration, tmdb]
2026-01-30 12:43:24.641 13836-14080 CatalogSyncService      com.fishit.player.v2                 D  Persisting Xtream catalog batch (NX-ONLY): 400 items (canonical_linking=true)
2026-01-30 12:43:24.649 13836-14046 XTC                     com.fishit.player.v2                 D  [SERIES] DTO→Raw #500 | id=xtream:series:2039 | title="Die Abenteuer des Odysseus" | sourceType=XTREAM | Fields: ✓[plot(841c), cast, poster, duration=5280000ms] ✗[year, director, backdrop, tmdb]
2026-01-30 12:43:24.651 13836-14063 XtreamCatalogScanWorker com.fishit.player.v2                 D  PROGRESS discovered=1172 persisted=0 phase=N/A
2026-01-30 12:43:24.699 13836-14060 XTC                     com.fishit.player.v2                 D  [LIVE] DTO→Raw #700 | id=xtream:live:733471 | title="DE: 2 BROKE GIRLS" | sourceType=XTREAM | Fields: ✓[poster] ✗[year, plot, cast, director, backdrop, duration, tmdb]
2026-01-30 12:43:24.700 13836-14566 CatalogSyncService      com.fishit.player.v2                 D  Persisting Xtream catalog batch (NX-ONLY): 400 items (canonical_linking=true)
2026-01-30 12:43:24.753 13836-14060 XTC                     com.fishit.player.v2                 D  [LIVE] DTO→Raw #750 | id=xtream:live:749839 | title="DE: EDGAR WALLACE MIX" | sourceType=XTREAM | Fields: ✓[poster] ✗[year, plot, cast, director, backdrop, duration, tmdb]
2026-01-30 12:43:24.775 13836-14079 XTC                     com.fishit.player.v2                 D  [VOD] DTO→Raw #1 | id=xtream:vod:804345 | title="Ella McCay | 2025 | 5.2" | sourceType=XTREAM | Fields: ✓[year=2025, poster] ✗[plot, cast, director, backdrop, duration, tmdb]
2026-01-30 12:43:24.792 13836-14060 XTC                     com.fishit.player.v2                 D  [LIVE] DTO→Raw #800 | id=xtream:live:729970 | title="DE: POLICE ACADEMY" | sourceType=XTREAM | Fields: ✓[poster] ✗[year, plot, cast, director, backdrop, duration, tmdb]
2026-01-30 12:43:24.811 13836-14079 XTC                     com.fishit.player.v2                 D  [VOD] DTO→Raw #50 | id=xtream:vod:801981 | title="Anaconda | 2025 | 6.7" | sourceType=XTREAM | Fields: ✓[year=2025, poster] ✗[plot, cast, director, backdrop, duration, tmdb]
2026-01-30 12:43:24.844 13836-14079 XTC                     com.fishit.player.v2                 D  [VOD] DTO→Raw #100 | id=xtream:vod:800634 | title="Whiteout - Überleben ist alles | 2025 | " | sourceType=XTREAM | Fields: ✓[year=2025, poster] ✗[plot, cast, director, backdrop, duration, tmdb]
2026-01-30 12:43:24.861 13836-14060 XTC                     com.fishit.player.v2                 D  [LIVE] DTO→Raw #850 | id=xtream:live:140923 | title="DE: X-Men HD 24/7" | sourceType=XTREAM | Fields: ✓[poster] ✗[year, plot, cast, director, backdrop, duration, tmdb]
2026-01-30 12:43:24.877 13836-14079 XTC                     com.fishit.player.v2                 D  [VOD] DTO→Raw #150 | id=xtream:vod:798830 | title="825 Forest Road | 2025 | 5.9 |" | sourceType=XTREAM | Fields: ✓[year=2025, poster] ✗[plot, cast, director, backdrop, duration, tmdb]
2026-01-30 12:43:24.898 13836-14079 XTC                     com.fishit.player.v2                 D  [VOD] DTO→Raw #200 | id=xtream:vod:797304 | title="Frankenstein | 2025 | 7.9 |" | sourceType=XTREAM | Fields: ✓[year=2025, poster] ✗[plot, cast, director, backdrop, duration, tmdb]
2026-01-30 12:43:24.908 13836-14060 XTC                     com.fishit.player.v2                 D  [LIVE] DTO→Raw #900 | id=xtream:live:364840 | title="DE: TOM HARDY - 24/7" | sourceType=XTREAM | Fields: ✓[poster] ✗[year, plot, cast, director, backdrop, duration, tmdb]
2026-01-30 12:43:24.922 13836-14046 XTC                     com.fishit.player.v2                 D  [SERIES] DTO→Raw #550 | id=xtream:series:2129 | title="Weihnachtsmann & Co. KG" | sourceType=XTREAM | Fields: ✓[plot(468c), cast, poster] ✗[year, director, backdrop, duration, tmdb]
2026-01-30 12:43:24.927 13836-14079 XTC                     com.fishit.player.v2                 D  [VOD] DTO→Raw #250 | id=xtream:vod:794087 | title="Jenseits der blauen Grenze | 2024 | 6.4 " | sourceType=XTREAM | Fields: ✓[year=2024, poster] ✗[plot, cast, director, backdrop, duration, tmdb]
2026-01-30 12:43:24.951 13836-14079 XTC                     com.fishit.player.v2                 D  [VOD] DTO→Raw #300 | id=xtream:vod:791360 | title="All of You | 2025 | 6.5 |" | sourceType=XTREAM | Fields: ✓[year=2025, poster] ✗[plot, cast, director, backdrop, duration, tmdb]
2026-01-30 12:43:24.962 13836-14060 XTC                     com.fishit.player.v2                 D  [LIVE] DTO→Raw #950 | id=xtream:live:140794 | title="DE: See - Reich der Blinden - Premium 24" | sourceType=XTREAM | Fields: ✓[poster] ✗[year, plot, cast, director, backdrop, duration, tmdb]
2026-01-30 12:43:24.994 13836-14079 XTC                     com.fishit.player.v2                 D  [VOD] DTO→Raw #350 | id=xtream:vod:788976 | title="Was ist Liebe wert - Materialists | 2025" | sourceType=XTREAM | Fields: ✓[year=2025, poster] ✗[plot, cast, director, backdrop, duration, tmdb]
2026-01-30 12:43:24.998 13836-14046 XTC                     com.fishit.player.v2                 D  [SERIES] DTO→Raw #600 | id=xtream:series:2346 | title="Shadow and Bone" | sourceType=XTREAM | Fields: ✓[plot(164c), cast, poster, duration=3120000ms] ✗[year, director, backdrop, tmdb]
2026-01-30 12:43:25.033 13836-14079 XTC                     com.fishit.player.v2                 D  [VOD] DTO→Raw #400 | id=xtream:vod:786362 | title="Checkmates - Ziemlich schräge Figuren | " | sourceType=XTREAM | Fields: ✓[year=2024, poster] ✗[plot, cast, director, backdrop, duration, tmdb]
2026-01-30 12:43:25.035 13836-14060 XTC                     com.fishit.player.v2                 D  [LIVE] DTO→Raw #1000 | id=xtream:live:143675 | title="DE: Bad Blood 24/7" | sourceType=XTREAM | Fields: ✓[poster] ✗[year, plot, cast, director, backdrop, duration, tmdb]
2026-01-30 12:43:25.040 13836-14567 XtreamCatalogScanWorker com.fishit.player.v2                 D  PROGRESS discovered=2038 persisted=0 phase=N/A
2026-01-30 12:43:25.047 13836-14046 XTC                     com.fishit.player.v2                 D  [SERIES] DTO→Raw #650 | id=xtream:series:2445 | title="And Just Like That…" | sourceType=XTREAM | Fields: ✓[plot(200c), cast, poster, duration=2640000ms] ✗[year, director, backdrop, tmdb]
2026-01-30 12:43:25.065 13836-14079 XTC                     com.fishit.player.v2                 D  [VOD] DTO→Raw #450 | id=xtream:vod:783657 | title="The Ballad of Wallis Island | 2025 | 7.0" | sourceType=XTREAM | Fields: ✓[year=2025, poster] ✗[plot, cast, director, backdrop, duration, tmdb]
2026-01-30 12:43:25.093 13836-14046 XTC                     com.fishit.player.v2                 D  [SERIES] DTO→Raw #700 | id=xtream:series:2513 | title="Deep Shit" | sourceType=XTREAM | Fields: ✓[plot(317c), cast, poster, duration=1500000ms] ✗[year, director, backdrop, tmdb]
2026-01-30 12:43:25.106 13836-14079 XTC                     com.fishit.player.v2                 D  [VOD] DTO→Raw #500 | id=xtream:vod:780844 | title="Shadow of God | 2025 | 5.0 |" | sourceType=XTREAM | Fields: ✓[year=2025, poster] ✗[plot, cast, director, backdrop, duration, tmdb]
2026-01-30 12:43:25.130 13836-14046 XTC                     com.fishit.player.v2                 D  [SERIES] DTO→Raw #750 | id=xtream:series:2569 | title="Sharp Objects" | sourceType=XTREAM | Fields: ✓[plot(599c), cast, poster, duration=3600000ms] ✗[year, director, backdrop, tmdb]
2026-01-30 12:43:25.507 13836-13836 ViewRootIm...nActivity] com.fishit.player.v2                 I  ViewPostIme pointer 0
2026-01-30 12:43:25.548 13836-13836 ViewRootIm...nActivity] com.fishit.player.v2                 I  ViewPostIme pointer 1
2026-01-30 12:43:25.671 13836-13836 NxHomeContentRepo       com.fishit.player.v2                 I  🎬 getMoviesPagingData() CALLED - Creating Movies PagingSource
2026-01-30 12:43:25.678 13836-13836 NxHomeContentRepo       com.fishit.player.v2                 I  📺 getSeriesPagingData() CALLED - Creating Series PagingSource
2026-01-30 12:43:25.686 13836-13836 HomeViewModel           com.fishit.player.v2                 I  🏠 HomeViewModel INIT - Creating content flows and paging sources
2026-01-30 12:43:25.949 13836-13836 NxHomeContentRepo       com.fishit.player.v2                 D  🎬 Movies PagingSource FACTORY invoked
2026-01-30 12:43:26.003 13836-13836 NxHomeContentRepo       com.fishit.player.v2                 D  📺 Series PagingSource FACTORY invoked
2026-01-30 12:43:26.097 13836-13849 ishit.player.v2         com.fishit.player.v2                 I  Background young concurrent copying GC freed 413781(13MB) AllocSpace objects, 10(324KB) LOS objects, 16% free, 61MB/74MB, paused 226us,211us total 138.674ms
2026-01-30 12:43:26.622 13836-14046 CatalogSyncBootstrap    com.fishit.player.v2                 I  Catalog sync bootstrap triggered; activeSources=[XTREAM]
2026-01-30 12:43:26.623 13836-14046 CatalogSyncScheduler    com.fishit.player.v2                 D  Enqueueing AUTO sync
2026-01-30 12:43:26.629 13836-14046 CatalogSyncScheduler    com.fishit.player.v2                 D  Scheduling periodic incremental sync every 2 hours
2026-01-30 12:43:26.637 13836-14046 CatalogSyncScheduler    com.fishit.player.v2                 I  Periodic incremental sync scheduled: every 2 hours
2026-01-30 12:43:26.638 13836-14046 CatalogSyncBootstrap    com.fishit.player.v2                 I  Periodic incremental sync scheduled: every 2h
2026-01-30 12:43:26.666 13836-14091 WM-SystemJobScheduler   com.fishit.player.v2                 D  Scheduling work ID bb4dccaf-168d-4166-97ae-c257670ad2cbJob ID 3
2026-01-30 12:43:26.682 13836-14091 WM-GreedyScheduler      com.fishit.player.v2                 D  Starting work for bb4dccaf-168d-4166-97ae-c257670ad2cb
2026-01-30 12:43:26.686   925-925   audit                   auditd                               E  type=1400 audit(1769773406.680:36545): avc:  denied  { ioctl } for  pid=13836 comm="WM.task-1" path="/data/data/com.fishit.player.v2/no_backup/androidx.work.workdb" dev="dm-52" ino=2303786 ioctlcmd=0xf522 scontext=u:r:untrusted_app:s0:c204,c257,c512,c768 tcontext=u:object_r:app_data_file:s0:c204,c257,c512,c768 tclass=file permissive=0 SEPF_SM-G991B_12_0001 audit_filtered
2026-01-30 12:43:26.686   925-925   audit                   auditd                               E  type=1327 audit(1769773406.680:36545): proctitle="com.fishit.player.v2"
2026-01-30 12:43:26.737 13836-14091 WM-SystemJobScheduler   com.fishit.player.v2                 D  Scheduling work ID 60a14d60-c018-47a9-999e-0e4a34b15029Job ID 4
2026-01-30 12:43:26.761 13836-14091 WM-GreedyScheduler      com.fishit.player.v2                 D  Starting tracking for 60a14d60-c018-47a9-999e-0e4a34b15029
2026-01-30 12:43:26.766 13836-13836 WorkManage...teObserver com.fishit.player.v2                 I  Sync state: SUCCEEDED
2026-01-30 12:43:26.783 13836-14091 WM-Processor            com.fishit.player.v2                 D  Processor: processing WorkGenerationalId(workSpecId=bb4dccaf-168d-4166-97ae-c257670ad2cb, generation=0)
2026-01-30 12:43:26.794 13836-13861 OpenGLRenderer          com.fishit.player.v2                 I  Davey! duration=712ms; Flags=0, FrameTimelineVsyncId=2128869, IntendedVsync=46910569002453, Vsync=46910819492418, InputEventId=0, HandleInputStart=46910825714330, AnimationStart=46910825737061, PerformTraversalsStart=46911001172714, DrawStart=46911001512022, FrameDeadline=46910818041184, FrameInterval=46910824407830, FrameStartTime=16699331, SyncQueued=46911265088522, SyncStart=46911265272868, IssueDrawCommandsStart=46911265748214, SwapBuffers=46911279105253, FrameCompleted=46911281619637, DequeueBufferDuration=67269, QueueBufferDuration=930153, GpuCompleted=46911280859060, SwapBuffersCompleted=46911281619637, DisplayPresentTime=288234774265332736, CommandSubmissionCompleted=46911279105253,
2026-01-30 12:43:26.820 13836-14139 WM-ConstraintTracker    com.fishit.player.v2                 D  BatteryNotLowTracker: initial state = true
2026-01-30 12:43:26.821 13836-14139 WM-BrdcstRcvrCnstrntTrc com.fishit.player.v2                 D  BatteryNotLowTracker: registering receiver
2026-01-30 12:43:26.837 13836-14139 WM-ConstraintTracker    com.fishit.player.v2                 D  NetworkStateTracker24: initial state = NetworkState(isConnected=true, isValidated=true, isMetered=true, isNotRoaming=true)
2026-01-30 12:43:26.837 13836-14139 WM-NetworkStateTracker  com.fishit.player.v2                 D  Registering network callback
2026-01-30 12:43:26.841 13836-14139 ConnectivityManager     com.fishit.player.v2                 D  StackLog: [android.net.ConnectivityManager.sendRequestForNetwork(ConnectivityManager.java:4402)] [android.net.ConnectivityManager.registerDefaultNetworkCallbackForUid(ConnectivityManager.java:4966)] [android.net.ConnectivityManager.registerDefaultNetworkCallback(ConnectivityManager.java:4933)] [android.net.ConnectivityManager.registerDefaultNetworkCallback(ConnectivityManager.java:4907)] [androidx.work.impl.utils.NetworkApi24.registerDefaultNetworkCallbackCompat(NetworkApi24.kt:26)] [androidx.work.impl.constraints.trackers.NetworkStateTracker24.startTracking(NetworkStateTracker.kt:165)] [androidx.work.impl.constraints.trackers.ConstraintTracker.addListener(ConstraintTracker.kt:52)] [androidx.work.impl.constraints.controllers.BaseConstraintController$track$1.invokeSuspend(ContraintControllers.kt:62)] [androidx.work.impl.constraints.controllers.BaseConstraintController$track$1.invoke(Unknown Source:8)] [androidx.work.impl.constraints.controllers.BaseConstraintController$track$1.invoke(Unknown Source:4)] [kotlinx.coroutines.flow.ChannelFlowBuilder.collectTo$suspendImpl(Builders.kt:316)] [kotlinx.coroutines.flow.ChannelFlowBuilder.collectTo(Unknown Source:0)] [kotlinx.coroutines.flow.CallbackFlowBuilder.collectTo(Builders.kt:330)] [kotlinx.coroutines.flow.internal.ChannelFlow$collectToFun$1.invokeSuspend(ChannelFlow.kt:56)] [kotlin.coroutines.jvm.internal.BaseContinuationImpl.resumeWith(ContinuationImpl.kt:34)] [kotlinx.coroutines.DispatchedTask.run(DispatchedTask.kt:100)] [androidx.work.impl.utils.SerialExecutorImpl$Task.run(SerialExecutorImpl.java:96)] [java.util.concurrent.ThreadPoolExecutor.runWorker(ThreadPoolExecutor.java:1145)] [java.util.concurrent.ThreadPoolExecutor$Worker.run(ThreadPoolExecutor.java:644)] [java.lang.Thread.run(Thread.java:1012)]
2026-01-30 12:43:26.853 13836-14139 WM-GreedyScheduler      com.fishit.player.v2                 D  Constraints met: Scheduling work ID WorkGenerationalId(workSpecId=60a14d60-c018-47a9-999e-0e4a34b15029, generation=0)
2026-01-30 12:43:26.862 13836-14139 WM-Processor            com.fishit.player.v2                 D  Processor: processing WorkGenerationalId(workSpecId=60a14d60-c018-47a9-999e-0e4a34b15029, generation=0)
2026-01-30 12:43:26.868 13836-14645 WM-NetworkStateTracker  com.fishit.player.v2                 D  Network capabilities changed: [ Transports: CELLULAR Capabilities: SUPL&INTERNET&NOT_RESTRICTED&TRUSTED&NOT_VPN&VALIDATED&NOT_ROAMING&FOREGROUND&NOT_CONGESTED&NOT_SUSPENDED&NOT_VCN_MANAGED LinkUpBandwidth>=23114Kbps LinkDnBandwidth>=50968Kbps Specifier: <TelephonyNetworkSpecifier [mSubId = 1]> SubscriptionIds: {1} UnderlyingNetworks: Null]
2026-01-30 12:43:27.069 13836-13849 ishit.player.v2         com.fishit.player.v2                 I  Background concurrent copying GC freed 1398699(48MB) AllocSpace objects, 3(112KB) LOS objects, 46% free, 27MB/51MB, paused 401us,134us total 144.915ms
2026-01-30 12:43:27.182 13836-13836 WM-SystemJobService     com.fishit.player.v2                 D  onStartJob for WorkGenerationalId(workSpecId=bb4dccaf-168d-4166-97ae-c257670ad2cb, generation=0)
2026-01-30 12:43:27.186 13836-13836 WM-SystemJobService     com.fishit.player.v2                 D  onStartJob for WorkGenerationalId(workSpecId=60a14d60-c018-47a9-999e-0e4a34b15029, generation=0)
2026-01-30 12:43:27.188 13836-13836 WM-WorkerWrapper        com.fishit.player.v2                 D  Starting work for com.fishit.player.v2.work.CatalogSyncOrchestratorWorker
2026-01-30 12:43:27.189 13836-14062 CatalogSyn...atorWorker com.fishit.player.v2                 I  START sync_run_id=5a1e7757-dddb-4f94-8340-18dc72b939db mode=auto
2026-01-30 12:43:27.193 13836-14134 WM-Processor            com.fishit.player.v2                 D  Work WorkGenerationalId(workSpecId=bb4dccaf-168d-4166-97ae-c257670ad2cb, generation=0) is already enqueued for processing
2026-01-30 12:43:27.197 13836-14062 RuntimeGuards           com.fishit.player.v2                 D  Manual sync (auto) - skipping battery guard (level=64%)
2026-01-30 12:43:27.199 13836-14062 CatalogSyn...atorWorker com.fishit.player.v2                 I  Active sources check: [XTREAM] (isEmpty=false)
2026-01-30 12:43:27.203 13836-14062 CatalogSyn...atorWorker com.fishit.player.v2                 D  Active sources: [XTREAM] (TELEGRAM=false, XTREAM=true, IO=false)
2026-01-30 12:43:27.203 13836-14134 WM-Processor            com.fishit.player.v2                 D  Work WorkGenerationalId(workSpecId=60a14d60-c018-47a9-999e-0e4a34b15029, generation=0) is already enqueued for processing
2026-01-30 12:43:27.207 13836-14604 TrafficStats            com.fishit.player.v2                 D  tagSocket(167) with statsTag=0xffffffff, statsUid=-1
2026-01-30 12:43:27.213 13836-14605 TrafficStats            com.fishit.player.v2                 D  tagSocket(168) with statsTag=0xffffffff, statsUid=-1
2026-01-30 12:43:27.222 13836-14062 CatalogSyn...atorWorker com.fishit.player.v2                 D  Enqueued Xtream chain: work_name=catalog_sync_global_xtream policy=KEEP workers=2
2026-01-30 12:43:27.223 13836-14062 CatalogSyn...atorWorker com.fishit.player.v2                 D  Telegram not in active sources - skipping Telegram workers
2026-01-30 12:43:27.223 13836-13836 WM-WorkerWrapper        com.fishit.player.v2                 D  Starting work for com.fishit.player.v2.work.CatalogSyncOrchestratorWorker
2026-01-30 12:43:27.224 13836-14062 CatalogSyn...atorWorker com.fishit.player.v2                 D  📊 WorkInfo chains enqueued:
                                                                                                      [XTREAM] work_name=catalog_sync_global_xtream → ENQUEUED
                                                                                                      Use 'adb shell dumpsys jobscheduler' or WorkManager Inspector for detailed state
2026-01-30 12:43:27.224 13836-14062 CatalogSyn...atorWorker com.fishit.player.v2                 I  CHAINS_ENQUEUED duration_ms=35 policy=KEEP sources=XTREAM (downstream workers will report completion)
2026-01-30 12:43:27.226 13836-14063 CatalogSyn...atorWorker com.fishit.player.v2                 I  START sync_run_id=periodic_1769773406633 mode=incremental
2026-01-30 12:43:27.226 13836-14139 WM-EnqueueRunnable      com.fishit.player.v2                 E  Prerequisite 593f0545-b428-42fd-aba4-04c2ec9d92ef doesn't exist; not enqueuing
2026-01-30 12:43:27.235 13836-14063 RuntimeGuards           com.fishit.player.v2                 D  Manual sync (incremental) - skipping battery guard (level=64%)
2026-01-30 12:43:27.236 13836-14063 CatalogSyn...atorWorker com.fishit.player.v2                 I  Active sources check: [XTREAM] (isEmpty=false)
2026-01-30 12:43:27.237 13836-14063 CatalogSyn...atorWorker com.fishit.player.v2                 D  Active sources: [XTREAM] (TELEGRAM=false, XTREAM=true, IO=false)
2026-01-30 12:43:27.246 13836-14063 CatalogSyn...atorWorker com.fishit.player.v2                 D  Enqueued Xtream chain: work_name=catalog_sync_global_xtream policy=KEEP workers=2
2026-01-30 12:43:27.249 13836-14063 CatalogSyn...atorWorker com.fishit.player.v2                 D  Telegram not in active sources - skipping Telegram workers
2026-01-30 12:43:27.251 13836-14134 WM-EnqueueRunnable      com.fishit.player.v2                 E  Prerequisite 76b6f9b7-93de-4037-8d57-d4fc15159841 doesn't exist; not enqueuing
2026-01-30 12:43:27.257 13836-14063 CatalogSyn...atorWorker com.fishit.player.v2                 D  📊 WorkInfo chains enqueued:
                                                                                                      [XTREAM] work_name=catalog_sync_global_xtream → ENQUEUED
                                                                                                      Use 'adb shell dumpsys jobscheduler' or WorkManager Inspector for detailed state
2026-01-30 12:43:27.258 13836-14063 CatalogSyn...atorWorker com.fishit.player.v2                 I  CHAINS_ENQUEUED duration_ms=34 policy=KEEP sources=XTREAM (downstream workers will report completion)
2026-01-30 12:43:27.359 13836-14529 OpenGLRenderer          com.fishit.player.v2                 I  Davey! duration=843ms; Flags=0, FrameTimelineVsyncId=2128883, IntendedVsync=46911002040627, Vsync=46911318955573, InputEventId=0, HandleInputStart=46911329692099, AnimationStart=46911329703560, PerformTraversalsStart=46911410311830, DrawStart=46911410736676, FrameDeadline=46911303740352, FrameInterval=46911328329560, FrameStartTime=16679734, SyncQueued=46911682168752, SyncStart=46911682352752, IssueDrawCommandsStart=46911682579906, SwapBuffers=46911841997829, FrameCompleted=46911845320560, DequeueBufferDuration=35885, QueueBufferDuration=1033961, GpuCompleted=46911844730483, SwapBuffersCompleted=46911845320560, DisplayPresentTime=288234636826379296, CommandSubmissionCompleted=46911841997829,
2026-01-30 12:43:27.393 13836-14601 TrafficStats            com.fishit.player.v2                 D  tagSocket(133) with statsTag=0xffffffff, statsUid=-1
2026-01-30 12:43:27.424 13836-14605 TrafficStats            com.fishit.player.v2                 D  tagSocket(139) with statsTag=0xffffffff, statsUid=-1
2026-01-30 12:43:27.475 13836-14137 WM-WorkerWrapper        com.fishit.player.v2                 I  Worker result SUCCESS for Work [ id=bb4dccaf-168d-4166-97ae-c257670ad2cb, tags={ com.fishit.player.v2.work.CatalogSyncOrchestratorWorker,catalog_sync,mode_auto,worker/CatalogSyncOrchestratorWorker } ]
2026-01-30 12:43:27.488 13836-14137 WM-WorkerWrapper        com.fishit.player.v2                 I  Worker result SUCCESS for Work [ id=60a14d60-c018-47a9-999e-0e4a34b15029, tags={ com.fishit.player.v2.work.CatalogSyncOrchestratorWorker,catalog_sync,mode_incremental,worker/CatalogSyncOrchestratorWorker } ]
2026-01-30 12:43:27.517 13836-13848 ishit.player.v2         com.fishit.player.v2                 I  Compiler allocated 7198KB to compile void android.view.ViewRootImpl.performTraversals()
2026-01-30 12:43:27.519 13836-13836 WorkManage...teObserver com.fishit.player.v2                 D  Sync state: RUNNING | id=bb4dccaf | attempts=1 | tags=[catalog_sync, worker/CatalogSyncOrchestratorWorker, com.fishit.player.v2.work.CatalogSyncOrchestratorWorker, mode_auto]
2026-01-30 12:43:27.525 13836-13836 WM-Processor            com.fishit.player.v2                 D  Processor bb4dccaf-168d-4166-97ae-c257670ad2cb executed; reschedule = false
2026-01-30 12:43:27.526 13836-13836 WM-SystemJobService     com.fishit.player.v2                 D  bb4dccaf-168d-4166-97ae-c257670ad2cb executed on JobScheduler
2026-01-30 12:43:27.534 13836-14091 WM-GreedyScheduler      com.fishit.player.v2                 D  Cancelling work ID bb4dccaf-168d-4166-97ae-c257670ad2cb
2026-01-30 12:43:27.538 13836-13836 WM-Processor            com.fishit.player.v2                 D  Processor 60a14d60-c018-47a9-999e-0e4a34b15029 executed; reschedule = false
2026-01-30 12:43:27.538 13836-13836 WM-GreedyScheduler      com.fishit.player.v2                 D  Stopping tracking for WorkGenerationalId(workSpecId=60a14d60-c018-47a9-999e-0e4a34b15029, generation=0)
2026-01-30 12:43:27.541 13836-13836 WM-SystemJobService     com.fishit.player.v2                 D  60a14d60-c018-47a9-999e-0e4a34b15029 executed on JobScheduler
2026-01-30 12:43:27.568 13836-14091 WM-SystemJobScheduler   com.fishit.player.v2                 D  Scheduling work ID 60a14d60-c018-47a9-999e-0e4a34b15029Job ID 4
2026-01-30 12:43:27.586 13836-14134 WM-GreedyScheduler      com.fishit.player.v2                 D  Cancelling work ID 60a14d60-c018-47a9-999e-0e4a34b15029
2026-01-30 12:43:27.594 13836-14137 WM-BrdcstRcvrCnstrntTrc com.fishit.player.v2                 D  BatteryNotLowTracker: unregistering receiver
2026-01-30 12:43:27.604 13836-14137 WM-NetworkStateTracker  com.fishit.player.v2                 D  Unregistering network callback
2026-01-30 12:43:27.606 13836-14137 ConnectivityManager     com.fishit.player.v2                 D  StackLog: [android.net.ConnectivityManager.unregisterNetworkCallback(ConnectivityManager.java:5076)] [androidx.work.impl.utils.NetworkApi21.unregisterNetworkCallbackCompat(NetworkApi21.kt:28)] [androidx.work.impl.constraints.trackers.NetworkStateTracker24.stopTracking(NetworkStateTracker.kt:180)] [androidx.work.impl.constraints.trackers.ConstraintTracker.removeListener(ConstraintTracker.kt:67)] [androidx.work.impl.constraints.controllers.BaseConstraintController$track$1$1.invoke(ContraintControllers.kt:63)] [androidx.work.impl.constraints.controllers.BaseConstraintController$track$1$1.invoke(ContraintControllers.kt:63)] [kotlinx.coroutines.channels.ProduceKt.awaitClose(Produce.kt:69)] [kotlinx.coroutines.channels.ProduceKt$awaitClose$1.invokeSuspend(Unknown Source:13)] [kotlin.coroutines.jvm.internal.BaseContinuationImpl.resumeWith(ContinuationImpl.kt:34)] [kotlinx.coroutines.DispatchedTask.run(DispatchedTask.kt:98)] [androidx.work.impl.utils.SerialExecutorImpl$Task.run(SerialExecutorImpl.java:96)] [java.util.concurrent.ThreadPoolExecutor.runWorker(ThreadPoolExecutor.java:1145)] [java.util.concurrent.ThreadPoolExecutor$Worker.run(ThreadPoolExecutor.java:644)] [java.lang.Thread.run(Thread.java:1012)]
2026-01-30 12:43:27.624 13836-13836 WM-SystemJobService     com.fishit.player.v2                 D  onStopJob for WorkGenerationalId(workSpecId=bb4dccaf-168d-4166-97ae-c257670ad2cb, generation=0)
2026-01-30 12:43:27.661 13836-13836 WM-SystemJobService     com.fishit.player.v2                 D  onStopJob for WorkGenerationalId(workSpecId=60a14d60-c018-47a9-999e-0e4a34b15029, generation=0)
2026-01-30 12:43:27.679 13836-13836 WorkManage...teObserver com.fishit.player.v2                 I  Sync state: SUCCEEDED
2026-01-30 12:43:27.742 13836-14060 CatalogSyncService      com.fishit.player.v2                 W  Xtream playback hint warning for xtream:series:86: missing contentType
2026-01-30 12:43:27.839 13836-14047 CatalogSyncService      com.fishit.player.v2                 W  Xtream playback hint warning for xtream:series:111: missing contentType
2026-01-30 12:43:27.867 13836-14639 CatalogSyncService      com.fishit.player.v2                 W  Xtream playback hint warning for xtream:series:85: missing contentType
2026-01-30 12:43:27.943 13836-14060 CatalogSyncService      com.fishit.player.v2                 W  Xtream playback hint warning for xtream:series:117: missing contentType
2026-01-30 12:43:27.955 13836-14062 CatalogSyncService      com.fishit.player.v2                 W  Xtream playback hint warning for xtream:series:113: missing contentType
2026-01-30 12:43:27.969 13836-14045 CatalogSyncService      com.fishit.player.v2                 W  Xtream playback hint warning for xtream:series:116: missing contentType
2026-01-30 12:43:27.980 13836-14639 CatalogSyncService      com.fishit.player.v2                 W  Xtream playback hint warning for xtream:series:-441: missing contentType
2026-01-30 12:43:27.994 13836-14060 CatalogSyncService      com.fishit.player.v2                 W  Xtream playback hint warning for xtream:series:124: missing contentType
2026-01-30 12:43:28.030 13836-14061 CatalogSyncService      com.fishit.player.v2                 W  Xtream playback hint warning for xtream:series:87: missing contentType
2026-01-30 12:43:28.034 13836-14639 CatalogSyncService      com.fishit.player.v2                 W  Xtream playback hint warning for xtream:series:125: missing contentType
2026-01-30 12:43:28.050 13836-14047 CatalogSyncService      com.fishit.player.v2                 W  Xtream playback hint warning for xtream:series:126: missing contentType
2026-01-30 12:43:28.059 13836-14060 CatalogSyncService      com.fishit.player.v2                 W  Xtream playback hint warning for xtream:series:112: missing contentType
2026-01-30 12:43:28.080 13836-14063 CatalogSyncService      com.fishit.player.v2                 W  Xtream playback hint warning for xtream:series:127: missing contentType
2026-01-30 12:43:28.082 13836-14639 CatalogSyncService      com.fishit.player.v2                 W  Xtream playback hint warning for xtream:series:120: missing contentType
2026-01-30 12:43:28.093 13836-14639 CatalogSyncService      com.fishit.player.v2                 W  Xtream playback hint warning for xtream:series:121: missing contentType
2026-01-30 12:43:28.094 13836-14060 CatalogSyncService      com.fishit.player.v2                 W  Xtream playback hint warning for xtream:series:119: missing contentType
2026-01-30 12:43:28.111 13836-14063 CatalogSyncService      com.fishit.player.v2                 W  Xtream playback hint warning for xtream:series:130: missing contentType
2026-01-30 12:43:28.120 13836-14639 CatalogSyncService      com.fishit.player.v2                 W  Xtream playback hint warning for xtream:series:129: missing contentType
2026-01-30 12:43:28.151 13836-14063 CatalogSyncService      com.fishit.player.v2                 W  Xtream playback hint warning for xtream:series:122: missing contentType
2026-01-30 12:43:28.170 13836-14063 CatalogSyncService      com.fishit.player.v2                 W  Xtream playback hint warning for xtream:series:163: missing contentType
2026-01-30 12:43:28.176 13836-14566 CatalogSyncService      com.fishit.player.v2                 W  Xtream playback hint warning for xtream:series:168: missing contentType
2026-01-30 12:43:28.202 13836-14060 CatalogSyncService      com.fishit.player.v2                 W  Xtream playback hint warning for xtream:series:133: missing contentType
2026-01-30 12:43:28.210 13836-14061 CatalogSyncService      com.fishit.player.v2                 W  Xtream playback hint warning for xtream:series:197: missing contentType
2026-01-30 12:43:28.223 13836-14046 CatalogSyncService      com.fishit.player.v2                 W  Xtream playback hint warning for xtream:series:164: missing contentType
2026-01-30 12:43:28.247 13836-14045 CatalogSyncService      com.fishit.player.v2                 W  Xtream playback hint warning for xtream:series:207: missing contentType
2026-01-30 12:43:28.254 13836-14061 CatalogSyncService      com.fishit.player.v2                 W  Xtream playback hint warning for xtream:series:187: missing contentType
2026-01-30 12:43:28.265 13836-14061 CatalogSyncService      com.fishit.player.v2                 W  Xtream playback hint warning for xtream:series:204: missing contentType
2026-01-30 12:43:28.272 13836-14063 CatalogSyncService      com.fishit.player.v2                 W  Xtream playback hint warning for xtream:series:208: missing contentType
2026-01-30 12:43:28.276 13836-14062 CatalogSyncService      com.fishit.player.v2                 W  Xtream playback hint warning for xtream:series:223: missing contentType
2026-01-30 12:43:28.279 13836-14061 CatalogSyncService      com.fishit.player.v2                 W  Xtream playback hint warning for xtream:series:206: missing contentType
2026-01-30 12:43:28.288 13836-14045 CatalogSyncService      com.fishit.player.v2                 W  Xtream playback hint warning for xtream:series:228: missing contentType
2026-01-30 12:43:28.297 13836-14061 CatalogSyncService      com.fishit.player.v2                 W  Xtream playback hint warning for xtream:series:231: missing contentType
2026-01-30 12:43:28.308 13836-14061 CatalogSyncService      com.fishit.player.v2                 W  Xtream playback hint warning for xtream:series:209: missing contentType
2026-01-30 12:43:28.315 13836-14080 CatalogSyncService      com.fishit.player.v2                 W  Xtream playback hint warning for xtream:series:229: missing contentType
2026-01-30 12:43:28.324 13836-14060 CatalogSyncService      com.fishit.player.v2                 W  Xtream playback hint warning for xtream:series:227: missing contentType
2026-01-30 12:43:28.326 13836-14062 CatalogSyncService      com.fishit.player.v2                 W  Xtream playback hint warning for xtream:series:440: missing contentType
2026-01-30 12:43:28.341 13836-14566 CatalogSyncService      com.fishit.player.v2                 W  Xtream playback hint warning for xtream:series:441: missing contentType
2026-01-30 12:43:28.344 13836-14045 CatalogSyncService      com.fishit.player.v2                 W  Xtream playback hint warning for xtream:series:234: missing contentType
2026-01-30 12:43:28.377 13836-14566 CatalogSyncService      com.fishit.player.v2                 W  Xtream playback hint warning for xtream:series:232: missing contentType
2026-01-30 12:43:28.390 13836-14045 CatalogSyncService      com.fishit.player.v2                 W  Xtream playback hint warning for xtream:series:443: missing contentType
2026-01-30 12:43:28.396 13836-14080 CatalogSyncService      com.fishit.player.v2                 W  Xtream playback hint warning for xtream:series:445: missing contentType
2026-01-30 12:43:28.408 13836-14566 CatalogSyncService      com.fishit.player.v2                 W  Xtream playback hint warning for xtream:series:237: missing contentType
2026-01-30 12:43:28.409 13836-14045 CatalogSyncService      com.fishit.player.v2                 W  Xtream playback hint warning for xtream:series:444: missing contentType
2026-01-30 12:43:28.414 13836-14080 CatalogSyncService      com.fishit.player.v2                 W  Xtream playback hint warning for xtream:series:448: missing contentType
2026-01-30 12:43:28.420 13836-14045 CatalogSyncService      com.fishit.player.v2                 W  Xtream playback hint warning for xtream:series:446: missing contentType
2026-01-30 12:43:28.431 13836-14045 CatalogSyncService      com.fishit.player.v2                 W  Xtream playback hint warning for xtream:series:449: missing contentType
2026-01-30 12:43:28.436 13836-14639 CatalogSyncService      com.fishit.player.v2                 W  Xtream playback hint warning for xtream:series:450: missing contentType
2026-01-30 12:43:28.442 13836-14080 CatalogSyncService      com.fishit.player.v2                 W  Xtream playback hint warning for xtream:series:239: missing contentType
2026-01-30 12:43:28.446 13836-14045 CatalogSyncService      com.fishit.player.v2                 W  Xtream playback hint warning for xtream:series:451: missing contentType
2026-01-30 12:43:28.489 13836-14639 CatalogSyncService      com.fishit.player.v2                 W  Xtream playback hint warning for xtream:series:482: missing contentType
2026-01-30 12:43:28.496 13836-14080 CatalogSyncService      com.fishit.player.v2                 W  Xtream playback hint warning for xtream:series:256: missing contentType
2026-01-30 12:43:28.498 13836-14045 CatalogSyncService      com.fishit.player.v2                 W  Xtream playback hint warning for xtream:series:463: missing contentType
2026-01-30 12:43:28.507 13836-14045 CatalogSyncService      com.fishit.player.v2                 W  Xtream playback hint warning for xtream:series:483: missing contentType
2026-01-30 12:43:28.527 13836-14080 CatalogSyncService      com.fishit.player.v2                 W  Xtream playback hint warning for xtream:series:257: missing contentType
2026-01-30 12:43:28.527 13836-14045 CatalogSyncService      com.fishit.player.v2                 W  Xtream playback hint warning for xtream:series:493: missing contentType
2026-01-30 12:43:28.540 13836-14639 CatalogSyncService      com.fishit.player.v2                 W  Xtream playback hint warning for xtream:series:658: missing contentType
2026-01-30 12:43:28.543 13836-14063 CatalogSyncService      com.fishit.player.v2                 W  Xtream playback hint warning for xtream:series:610: missing contentType
2026-01-30 12:43:28.552 13836-14566 CatalogSyncService      com.fishit.player.v2                 W  Xtream playback hint warning for xtream:series:258: missing contentType
2026-01-30 12:43:28.570 13836-14045 CatalogSyncService      com.fishit.player.v2                 W  Xtream playback hint warning for xtream:series:661: missing contentType
2026-01-30 12:43:28.580 13836-14566 CatalogSyncService      com.fishit.player.v2                 W  Xtream playback hint warning for xtream:series:264: missing contentType
2026-01-30 12:43:28.581 13836-14639 CatalogSyncService      com.fishit.player.v2                 W  Xtream playback hint warning for xtream:series:663: missing contentType
2026-01-30 12:43:28.601 13836-14060 CatalogSyncService      com.fishit.player.v2                 W  Xtream playback hint warning for xtream:series:660: missing contentType
2026-01-30 12:43:28.602 13836-13836 ViewRootIm...nActivity] com.fishit.player.v2                 I  ViewPostIme pointer 0
2026-01-30 12:43:28.615 13836-14045 CatalogSyncService      com.fishit.player.v2                 W  Xtream playback hint warning for xtream:series:269: missing contentType
2026-01-30 12:43:28.634 13836-14062 CatalogSyncService      com.fishit.player.v2                 W  Xtream playback hint warning for xtream:series:666: missing contentType
2026-01-30 12:43:28.669 13836-14639 CatalogSyncService      com.fishit.player.v2                 W  Xtream playback hint warning for xtream:series:664: missing contentType
2026-01-30 12:43:28.677 13836-14063 CatalogSyncService      com.fishit.player.v2                 W  Xtream playback hint warning for xtream:series:270: missing contentType
2026-01-30 12:43:28.699 13836-14047 CatalogSyncService      com.fishit.player.v2                 W  Xtream playback hint warning for xtream:series:303: missing contentType
2026-01-30 12:43:28.720 13836-13836 ViewRootIm...nActivity] com.fishit.player.v2                 I  ViewPostIme pointer 1
2026-01-30 12:43:28.735 13836-14061 CatalogSyncService      com.fishit.player.v2                 W  Xtream playback hint warning for xtream:series:667: missing contentType
2026-01-30 12:43:28.744 13836-14061 CatalogSyncService      com.fishit.player.v2                 W  Xtream playback hint warning for xtream:series:669: missing contentType
2026-01-30 12:43:28.747 13836-14045 CatalogSyncService      com.fishit.player.v2                 W  Xtream playback hint warning for xtream:series:670: missing contentType
2026-01-30 12:43:28.755 13836-14061 CatalogSyncService      com.fishit.player.v2                 W  Xtream playback hint warning for xtream:series:679: missing contentType
2026-01-30 12:43:28.758 13836-14047 CatalogSyncService      com.fishit.player.v2                 W  Xtream playback hint warning for xtream:series:313: missing contentType
2026-01-30 12:43:28.771 13836-14079 CatalogSyncService      com.fishit.player.v2                 W  Xtream playback hint warning for xtream:series:680: missing contentType
2026-01-30 12:43:28.785 13836-14045 CatalogSyncService      com.fishit.player.v2                 W  Xtream playback hint warning for xtream:series:671: missing contentType
2026-01-30 12:43:28.802 13836-14063 CatalogSyncService      com.fishit.player.v2                 W  Xtream playback hint warning for xtream:series:683: missing contentType
2026-01-30 12:43:28.806 13836-14045 CatalogSyncService      com.fishit.player.v2                 W  Xtream playback hint warning for xtream:series:673: missing contentType
2026-01-30 12:43:28.813 13836-14046 CatalogSyncService      com.fishit.player.v2                 W  Xtream playback hint warning for xtream:series:685: missing contentType
2026-01-30 12:43:28.819 13836-14566 CatalogSyncService      com.fishit.player.v2                 W  Xtream playback hint warning for xtream:series:327: missing contentType
2026-01-30 12:43:28.823 13836-14061 CatalogSyncService      com.fishit.player.v2                 W  Xtream playback hint warning for xtream:series:674: missing contentType
2026-01-30 12:43:28.839 13836-14079 CatalogSyncService      com.fishit.player.v2                 W  Xtream playback hint warning for xtream:series:675: missing contentType
2026-01-30 12:43:28.844 13836-14047 CatalogSyncService      com.fishit.player.v2                 W  Xtream playback hint warning for xtream:series:696: missing contentType
2026-01-30 12:43:28.846 13836-14062 CatalogSyncService      com.fishit.player.v2                 W  Xtream playback hint warning for xtream:series:328: missing contentType
2026-01-30 12:43:28.858 13836-14566 CatalogSyncService      com.fishit.player.v2                 W  Xtream playback hint warning for xtream:series:677: missing contentType
2026-01-30 12:43:28.871 13836-14566 CatalogSyncService      com.fishit.player.v2                 W  Xtream playback hint warning for xtream:series:678: missing contentType
2026-01-30 12:43:28.895 13836-14566 CatalogSyncService      com.fishit.player.v2                 W  Xtream playback hint warning for xtream:series:681: missing contentType
2026-01-30 12:43:28.900 13836-14060 CatalogSyncService      com.fishit.player.v2                 W  Xtream playback hint warning for xtream:series:704: missing contentType
2026-01-30 12:43:28.903 13836-14047 CatalogSyncService      com.fishit.player.v2                 W  Xtream playback hint warning for xtream:series:365: missing contentType
2026-01-30 12:43:28.911 13836-14079 CatalogSyncService      com.fishit.player.v2                 W  Xtream playback hint warning for xtream:series:707: missing contentType
2026-01-30 12:43:28.924 13836-14062 CatalogSyncService      com.fishit.player.v2                 W  Xtream playback hint warning for xtream:series:710: missing contentType
2026-01-30 12:43:28.926 13836-14060 CatalogSyncService      com.fishit.player.v2                 W  Xtream playback hint warning for xtream:series:684: missing contentType
2026-01-30 12:43:28.927 13836-14566 CatalogSyncService      com.fishit.player.v2                 W  Xtream playback hint warning for xtream:series:394: missing contentType
2026-01-30 12:43:28.937 13836-14060 CatalogSyncService      com.fishit.player.v2                 W  Xtream playback hint warning for xtream:series:686: missing contentType
2026-01-30 12:43:28.959 13836-14063 CatalogSyncService      com.fishit.player.v2                 W  Xtream playback hint warning for xtream:series:396: missing contentType
2026-01-30 12:43:28.972 13836-14062 CatalogSyncService      com.fishit.player.v2                 W  Xtream playback hint warning for xtream:series:729: missing contentType
2026-01-30 12:43:28.983 13836-14079 CatalogSyncService      com.fishit.player.v2                 W  Xtream playback hint warning for xtream:series:734: missing contentType
2026-01-30 12:43:28.987 13836-14047 CatalogSyncService      com.fishit.player.v2                 W  Xtream playback hint warning for xtream:series:691: missing contentType
2026-01-30 12:43:28.997 13836-14047 CatalogSyncService      com.fishit.player.v2                 W  Xtream playback hint warning for xtream:series:694: missing contentType
2026-01-30 12:43:29.046 13836-14639 CatalogSyncService      com.fishit.player.v2                 W  Xtream playback hint warning for xtream:series:697: missing contentType
2026-01-30 12:43:29.055 13836-14046 CatalogSyncService      com.fishit.player.v2                 W  Xtream playback hint warning for xtream:series:699: missing contentType
2026-01-30 12:43:29.075 13836-14639 CatalogSyncService      com.fishit.player.v2                 W  Xtream playback hint warning for xtream:series:700: missing contentType
2026-01-30 12:43:29.082 13836-14046 CatalogSyncService      com.fishit.player.v2                 W  Xtream playback hint warning for xtream:series:785: missing contentType
2026-01-30 12:43:29.083 13836-14047 CatalogSyncService      com.fishit.player.v2                 W  Xtream playback hint warning for xtream:series:397: missing contentType
2026-01-30 12:43:29.111 13836-14639 CatalogSyncService      com.fishit.player.v2                 W  Xtream playback hint warning for xtream:series:702: missing contentType
2026-01-30 12:43:29.126 13836-14063 CatalogSyncService      com.fishit.player.v2                 W  Xtream playback hint warning for xtream:series:965: missing contentType
2026-01-30 12:43:29.157 13836-14046 CatalogSyncService      com.fishit.player.v2                 W  Xtream playback hint warning for xtream:series:705: missing contentType
2026-01-30 12:43:29.162 13836-14079 CatalogSyncService      com.fishit.player.v2                 W  Xtream playback hint warning for xtream:series:979: missing contentType
2026-01-30 12:43:29.170 13836-14566 CatalogSyncService      com.fishit.player.v2                 W  Xtream playback hint warning for xtream:series:435: missing contentType
2026-01-30 12:43:29.185 13836-14079 CatalogSyncService      com.fishit.player.v2                 W  Xtream playback hint warning for xtream:series:1001: missing contentType
2026-01-30 12:43:29.186 13836-14047 CatalogSyncService      com.fishit.player.v2                 W  Xtream playback hint warning for xtream:series:439: missing contentType
2026-01-30 12:43:29.215 13836-14045 CatalogSyncService      com.fishit.player.v2                 W  Xtream playback hint warning for xtream:series:711: missing contentType
2026-01-30 12:43:29.226 13836-14047 CatalogSyncService      com.fishit.player.v2                 W  Xtream playback hint warning for xtream:series:1013: missing contentType
2026-01-30 12:43:29.244 13836-14047 CatalogSyncService      com.fishit.player.v2                 W  Xtream playback hint warning for xtream:series:1022: missing contentType
2026-01-30 12:43:29.255 13836-14045 CatalogSyncService      com.fishit.player.v2                 W  Xtream playback hint warning for xtream:series:717: missing contentType
2026-01-30 12:43:29.286 13836-14079 CatalogSyncService      com.fishit.player.v2                 W  Xtream playback hint warning for xtream:series:457: missing contentType
