2026-01-30 09:22:04.779 11850-11850 WindowOnBackDispatcher  com.fishit.player.v2                 W  sendCancelIfRunning: isInProgress=falsecallback=ImeCallback=ImeOnBackInvokedCallback@162403614 Callback=android.window.IOnBackInvokedCallback$Stub$Proxy@63b2398
2026-01-30 09:22:04.852 11850-12490 TrafficStats            com.fishit.player.v2                 D  tagSocket(133) with statsTag=0xffffffff, statsUid=-1
2026-01-30 09:22:04.980 11850-12498 TrafficStats            com.fishit.player.v2                 D  tagSocket(135) with statsTag=0xffffffff, statsUid=-1
2026-01-30 09:22:05.085 11850-11975 XtreamApiClient         com.fishit.player.v2                 D  NetworkProbe: HTTP 200 for konigtv.com/player_api.php | bytes=260219 contentType=application/json
2026-01-30 09:22:05.140 11850-12021 XtreamApiClient         com.fishit.player.v2                 D  NetworkProbe: HTTP 200 for konigtv.com/player_api.php | bytes=678 contentType=application/json
2026-01-30 09:22:05.146 11850-12021 XtreamApiClient         com.fishit.player.v2                 D  NetworkProbe: Manually decompressed gzip body for konigtv.com/player_api.php | original=678 decompressed=3753
2026-01-30 09:22:05.181 11850-11975 XtreamApiClient         com.fishit.player.v2                 D  NetworkProbe: Manually decompressed gzip body for konigtv.com/player_api.php | original=260219 decompressed=3288108
2026-01-30 09:22:05.186 11850-11861 InputTransport          com.fishit.player.v2                 D  Input channel destroyed: 'ClientS', fd=136
2026-01-30 09:22:05.235 11850-11977 XtreamApiClient         com.fishit.player.v2                 D  NetworkProbe: HTTP 200 for konigtv.com/player_api.php | bytes=320 contentType=application/json
2026-01-30 09:22:05.237 11850-11977 XtreamApiClient         com.fishit.player.v2                 D  NetworkProbe: Manually decompressed gzip body for konigtv.com/player_api.php | original=320 decompressed=458
2026-01-30 09:22:05.332 11850-11883 ViewRootIm...nActivity] com.fishit.player.v2                 I  Resizing android.view.ViewRootImpl@b1ec7f: frame = [0,0][1080,2400] reportDraw = false forceLayout = false syncSeqId = -1
2026-01-30 09:22:05.336 11850-11850 InsetsController        com.fishit.player.v2                 I  onStateChanged: host=com.fishit.player.v2/com.fishit.player.v2.MainActivity, from=android.view.ViewRootImpl$ViewRootHandler.handleMessageImpl:7196, state=InsetsState: {mDisplayFrame=Rect(0, 0 - 1080, 2400), mDisplayCutout=DisplayCutout{insets=Rect(0, 80 - 0, 0) waterfall=Insets{left=0, top=0, right=0, bottom=0} boundingRect={Bounds=[Rect(0, 0 - 0, 0), Rect(510, 0 - 570, 80), Rect(0, 0 - 0, 0), Rect(0, 0 - 0, 0)]} cutoutPathParserInfo={CutoutPathParserInfo{displayWidth=1080 displayHeight=2400 physicalDisplayWidth=1080 physicalDisplayHeight=2400 density={3.0} cutoutSpec={M 0,0 H -10 V 26.66666666666667 H 10 V 0 H 0 Z @dp} rotation={0} scale={1.0} physicalPixelDisplaySizeRatio={1.0}}}}, mRoundedCorners=RoundedCorners{[RoundedCorner{position=TopLeft, radius=90, center=Point(90, 90)}, RoundedCorner{position=TopRight, radius=90, center=Point(990, 90)}, RoundedCorner{position=BottomRight, radius=90, center=Point(990, 2310)}, RoundedCorner{position=BottomLeft, radius=90, center=Point(90, 2310)}]}  mRoundedCornerFrame=Rect(0, 0 - 1080, 2400), mPrivacyIndicatorBounds=PrivacyIndicatorBounds {static bounds=Rect(948, 0 - 1080, 80) rotation=0}, mDisplayShape=DisplayShape{ spec=-311912193 displayWidth=1080 displayHeight=2400 physicalPixelDisplaySizeRatio=1.0 rotation=0 offsetX=0 offsetY=0 scale=1.0}, mSources= { InsetsSource: {3 mType=ime mFrame=[0,0][0,0] mVisible=false mFlags=[]}, InsetsSource: {27 mType=displayCutout mFrame=[0,0][1080,80] mVisible=true mFlags=[]}, InsetsSource: {24df0000 mType=statusBars mFrame=[0,0][1080,80] mVisible=true mFlags=[]}, InsetsSource: {24df0005 mType=mandatorySystemGestures mFrame=[0,0][1080,116] mVisible=true mFlags=[]}, InsetsSource: {24df0006 mType=tappableElement mFrame=[0,0][1080,80] mVisible=true mFlags=[]}, InsetsSource: {68b60001 mType=navigationBars mFrame=[0,2256][1080,2400] mVisible=true mFlags=[]}, InsetsSource: {68b60004 mType=systemGestures mFrame=[0,0][0,0] mVisible=true mFlags=[]}, InsetsSource: {68b60005 mType=mandatorySystemGestures mFrame=[0,2256][1080,2400] mVisible=true mFlags=[]}, InsetsSource: {68b60006 mType=tappableElement mFrame=[0,2256][1080,2400] mVisible=true mFlags=[]}, InsetsSource: {68b60024 mType=systemGestures mFrame=[0,0][0,0] mVisible=true mFlags=[]} }
2026-01-30 09:22:05.337 11850-11850 ViewRootIm...nActivity] com.fishit.player.v2                 I  handleResized, msg = 4 frames=ClientWindowFrames{frame=[0,0][1080,2400] display=[0,0][1080,2400] parentFrame=[0,0][0,0]} forceNextWindowRelayout=false displayId=0 dragResizing=false compatScale=1.0 frameChanged=false attachedFrameChanged=false configChanged=false displayChanged=false compatScaleChanged=false
2026-01-30 09:22:05.404 11850-12021 XtreamApiClient         com.fishit.player.v2                 D  NetworkProbe: HTTP 200 for konigtv.com/player_api.php | bytes=320 contentType=application/json
2026-01-30 09:22:05.407 11850-12021 XtreamApiClient         com.fishit.player.v2                 D  NetworkProbe: Manually decompressed gzip body for konigtv.com/player_api.php | original=320 decompressed=458
2026-01-30 09:22:05.471 11850-11977 XtreamApiClient         com.fishit.player.v2                 D  NetworkProbe: HTTP 200 for konigtv.com/player_api.php | bytes=1752 contentType=application/json
2026-01-30 09:22:05.475 11850-11977 XtreamApiClient         com.fishit.player.v2                 D  NetworkProbe: Manually decompressed gzip body for konigtv.com/player_api.php | original=1752 decompressed=11946
2026-01-30 09:22:05.592 11850-12021 XtreamApiClient         com.fishit.player.v2                 D  NetworkProbe: HTTP 200 for konigtv.com/player_api.php | bytes=1609 contentType=application/json
2026-01-30 09:22:05.597 11850-12021 XtreamApiClient         com.fishit.player.v2                 D  NetworkProbe: Manually decompressed gzip body for konigtv.com/player_api.php | original=1609 decompressed=10494
2026-01-30 09:22:05.603 11850-11976 XtreamApiClient         com.fishit.player.v2                 D  NetworkProbe: HTTP 200 for konigtv.com/player_api.php | bytes=2043490 contentType=application/json
2026-01-30 09:22:05.613 11850-12012 XtreamApiClient         com.fishit.player.v2                 D  buildPlayerApiUrl: action=get_short_epg -> konigtv.com/player_api.php
2026-01-30 09:22:05.671 11850-12012 XtreamApiClient         com.fishit.player.v2                 D  NetworkProbe: HTTP 200 for konigtv.com/player_api.php | bytes=39 contentType=application/json
2026-01-30 09:22:05.679 11850-12012 XtreamApiClient         com.fishit.player.v2                 D  NetworkProbe: Manually decompressed gzip body for konigtv.com/player_api.php | original=39 decompressed=19
2026-01-30 09:22:05.875 11850-11976 XtreamApiClient         com.fishit.player.v2                 D  NetworkProbe: Manually decompressed gzip body for konigtv.com/player_api.php | original=2043490 decompressed=6214125
2026-01-30 09:22:06.518 11850-11976 XtreamApiClient         com.fishit.player.v2                 D  buildPlayerApiUrl: action=null -> konigtv.com/player_api.php
2026-01-30 09:22:06.519 11850-11976 XtreamApiClient         com.fishit.player.v2                 D  getServerInfo: Fetching from konigtv.com/player_api.php
2026-01-30 09:22:06.608 11850-11976 XtreamApiClient         com.fishit.player.v2                 D  NetworkProbe: HTTP 200 for konigtv.com/player_api.php | bytes=314 contentType=application/json
2026-01-30 09:22:06.611 11850-11976 XtreamApiClient         com.fishit.player.v2                 D  NetworkProbe: Manually decompressed gzip body for konigtv.com/player_api.php | original=314 decompressed=458
2026-01-30 09:22:06.614 11850-11976 XtreamApiClient         com.fishit.player.v2                 D  getServerInfo: Received 458 bytes, parsing...
2026-01-30 09:22:06.631 11850-11976 XtreamApiClient         com.fishit.player.v2                 D  Server info retrieved: konigtv.com
2026-01-30 09:22:06.633 11850-12012 XtreamAuthRepoAdapter   com.fishit.player.v2                 D  connectionState -> Connected(baseUrl=http://konigtv.com:8080, latencyMs=1856) | domain=Connected
2026-01-30 09:22:06.634 11850-12012 XtreamAuthRepoAdapter   com.fishit.player.v2                 D  authState -> Authenticated(userInfo=XtreamUserInfo(username=Christoph10, status=ACTIVE, expDateEpoch=1797326326, maxConnections=1, activeConnections=0, isTrial=false, allowedFormats=[m3u8, ts], createdAt=1757512912, message=Welcome)) | domain=Authenticated
2026-01-30 09:22:06.634 11850-11850 XtreamAuthRepoAdapter   com.fishit.player.v2                 D  initialize: API client initialized successfully with capabilities: http://konigtv.com:8080
2026-01-30 09:22:06.716 11850-11977 SourceActi...onObserver com.fishit.player.v2                 I  Active sources changed: [XTREAM] → enqueuing auto sync
2026-01-30 09:22:06.717 11850-11977 CatalogSyncScheduler    com.fishit.player.v2                 D  Enqueueing AUTO sync
2026-01-30 09:22:06.718 11850-12013 SourceActivationStore   com.fishit.player.v2                 D  Loaded state from DataStore: SourceActivationSnapshot(xtream=Active, telegram=Inactive, io=Inactive)
2026-01-30 09:22:06.719 11850-12021 CatalogSyncBootstrap    com.fishit.player.v2                 D  Source activation check: activeSources=[XTREAM], hasActive=true
2026-01-30 09:22:06.727 11850-11850 SourceActivationStore   com.fishit.player.v2                 I  Source activation changed: XTREAM -> Active
2026-01-30 09:22:06.727 11850-11850 XtreamAuthRepoAdapter   com.fishit.player.v2                 I  initialize: XTREAM source activated
2026-01-30 09:22:06.728 11850-11850 OnboardingViewModel     com.fishit.player.v2                 D  connectXtream: Initialize succeeded, saving credentials
2026-01-30 09:22:06.745 11850-12012 XtreamCredStore         com.fishit.player.v2                 I  Stored credentials: scheme=http, host=konigtv.com, port=8080
2026-01-30 09:22:06.757 11850-12074 Compatibil...geReporter com.fishit.player.v2                 D  Compat change id reported: 194532703; UID 10386; state: ENABLED
2026-01-30 09:22:06.757 11850-12074 Compatibil...geReporter com.fishit.player.v2                 D  Compat change id reported: 253665015; UID 10386; state: ENABLED
2026-01-30 09:22:06.757 11850-12074 WM-SystemJobScheduler   com.fishit.player.v2                 D  Scheduling work ID 62e53b41-2cb7-46fd-ab54-39e1d01257e8Job ID 0
2026-01-30 09:22:06.782 11850-12074 WM-GreedyScheduler      com.fishit.player.v2                 D  Starting work for 62e53b41-2cb7-46fd-ab54-39e1d01257e8
2026-01-30 09:22:06.787 11850-11850 WM-SystemJobService     com.fishit.player.v2                 D  onStartJob for WorkGenerationalId(workSpecId=62e53b41-2cb7-46fd-ab54-39e1d01257e8, generation=0)
2026-01-30 09:22:06.792 11850-12093 WM-Processor            com.fishit.player.v2                 D  Processor: processing WorkGenerationalId(workSpecId=62e53b41-2cb7-46fd-ab54-39e1d01257e8, generation=0)
2026-01-30 09:22:06.796 11850-12073 WM-Processor            com.fishit.player.v2                 D  Work WorkGenerationalId(workSpecId=62e53b41-2cb7-46fd-ab54-39e1d01257e8, generation=0) is already enqueued for processing
2026-01-30 09:22:06.801 11850-12093 Compatibil...geReporter com.fishit.player.v2                 D  Compat change id reported: 263076149; UID 10386; state: ENABLED
2026-01-30 09:22:06.807 11850-11850 WM-WorkerWrapper        com.fishit.player.v2                 D  Starting work for com.fishit.player.v2.work.CatalogSyncOrchestratorWorker
2026-01-30 09:22:06.809 11850-12012 CatalogSyn...atorWorker com.fishit.player.v2                 I  START sync_run_id=ea34f0fb-a1cf-4fb3-85fa-85ed781e1c27 mode=auto
2026-01-30 09:22:06.814 11850-12012 RuntimeGuards           com.fishit.player.v2                 D  Manual sync (auto) - skipping battery guard (level=98%)
2026-01-30 09:22:06.815 11850-12012 CatalogSyn...atorWorker com.fishit.player.v2                 I  Active sources check: [XTREAM] (isEmpty=false)
2026-01-30 09:22:06.816 11850-12012 CatalogSyn...atorWorker com.fishit.player.v2                 D  Active sources: [XTREAM] (TELEGRAM=false, XTREAM=true, IO=false)
2026-01-30 09:22:06.817 11850-12074 WM-PackageManagerHelper com.fishit.player.v2                 D  androidx.work.impl.background.systemalarm.RescheduleReceiver enabled
2026-01-30 09:22:06.818 11850-12012 CatalogSyn...atorWorker com.fishit.player.v2                 D  Enqueued Xtream chain: work_name=catalog_sync_global_xtream policy=KEEP workers=2
2026-01-30 09:22:06.818 11850-12012 CatalogSyn...atorWorker com.fishit.player.v2                 D  Telegram not in active sources - skipping Telegram workers
2026-01-30 09:22:06.819 11850-12012 CatalogSyn...atorWorker com.fishit.player.v2                 D  📊 WorkInfo chains enqueued:
                                                                                                      [XTREAM] work_name=catalog_sync_global_xtream → ENQUEUED
                                                                                                      Use 'adb shell dumpsys jobscheduler' or WorkManager Inspector for detailed state
2026-01-30 09:22:06.819 11850-12012 CatalogSyn...atorWorker com.fishit.player.v2                 I  CHAINS_ENQUEUED duration_ms=10 policy=KEEP sources=XTREAM (downstream workers will report completion)
2026-01-30 09:22:06.832 11850-12074 WM-SystemJobScheduler   com.fishit.player.v2                 D  Scheduling work ID 5d560882-6924-4f6a-90e3-5706e06e364aJob ID 1
2026-01-30 09:22:06.836 11850-12074 WM-GreedyScheduler      com.fishit.player.v2                 D  Starting work for 5d560882-6924-4f6a-90e3-5706e06e364a
2026-01-30 09:22:06.837 11850-11850 WM-SystemJobService     com.fishit.player.v2                 D  onStartJob for WorkGenerationalId(workSpecId=5d560882-6924-4f6a-90e3-5706e06e364a, generation=0)
2026-01-30 09:22:06.839 11850-12074 WM-WorkerWrapper        com.fishit.player.v2                 I  Worker result SUCCESS for Work [ id=62e53b41-2cb7-46fd-ab54-39e1d01257e8, tags={ com.fishit.player.v2.work.CatalogSyncOrchestratorWorker,catalog_sync,mode_auto,worker/CatalogSyncOrchestratorWorker } ]
2026-01-30 09:22:06.841 11850-11850 WM-Processor            com.fishit.player.v2                 D  Processor 62e53b41-2cb7-46fd-ab54-39e1d01257e8 executed; reschedule = false
2026-01-30 09:22:06.842 11850-11850 WM-SystemJobService     com.fishit.player.v2                 D  62e53b41-2cb7-46fd-ab54-39e1d01257e8 executed on JobScheduler
2026-01-30 09:22:06.845 11850-12074 WM-Processor            com.fishit.player.v2                 D  Processor: processing WorkGenerationalId(workSpecId=5d560882-6924-4f6a-90e3-5706e06e364a, generation=0)
2026-01-30 09:22:06.847 11850-12074 WM-Processor            com.fishit.player.v2                 D  Work WorkGenerationalId(workSpecId=5d560882-6924-4f6a-90e3-5706e06e364a, generation=0) is already enqueued for processing
2026-01-30 09:22:06.848 11850-12074 WM-GreedyScheduler      com.fishit.player.v2                 D  Cancelling work ID 62e53b41-2cb7-46fd-ab54-39e1d01257e8
2026-01-30 09:22:06.859 11850-11850 WM-WorkerWrapper        com.fishit.player.v2                 D  Starting work for com.fishit.player.v2.work.XtreamPreflightWorker
2026-01-30 09:22:06.860 11850-12012 XtreamPreflightWorker   com.fishit.player.v2                 I  START sync_run_id=ea34f0fb-a1cf-4fb3-85fa-85ed781e1c27 mode=auto source=XTREAM attempt=0/5
2026-01-30 09:22:06.862 11850-12012 RuntimeGuards           com.fishit.player.v2                 D  Manual sync (auto) - skipping battery guard (level=98%)
2026-01-30 09:22:06.862 11850-12012 XtreamPreflightWorker   com.fishit.player.v2                 I  SUCCESS duration_ms=3 (credentials valid)
2026-01-30 09:22:06.865 11850-12073 WM-WorkerWrapper        com.fishit.player.v2                 I  Worker result SUCCESS for Work [ id=5d560882-6924-4f6a-90e3-5706e06e364a, tags={ com.fishit.player.v2.work.XtreamPreflightWorker,catalog_sync,source_xtream,worker/XtreamPreflightWorker } ]
2026-01-30 09:22:06.867 11850-12073 WM-WorkerWrapper        com.fishit.player.v2                 I  Setting status to enqueued for 77e762a1-7eec-4c63-81a8-6c17b4f2dbc5
2026-01-30 09:22:06.868 11850-11850 WM-Processor            com.fishit.player.v2                 D  Processor 5d560882-6924-4f6a-90e3-5706e06e364a executed; reschedule = false
2026-01-30 09:22:06.868 11850-11850 WM-SystemJobService     com.fishit.player.v2                 D  5d560882-6924-4f6a-90e3-5706e06e364a executed on JobScheduler
2026-01-30 09:22:06.870 11850-12073 WM-GreedyScheduler      com.fishit.player.v2                 D  Cancelling work ID 5d560882-6924-4f6a-90e3-5706e06e364a
2026-01-30 09:22:06.871 11850-11850 ishit.player.v2         com.fishit.player.v2                 W  Accessing hidden field Landroid/app/ActivityThread;->mServices:Landroid/util/ArrayMap; (unsupported, reflection, allowed)
2026-01-30 09:22:06.871 11850-11850 LeakCanary              com.fishit.player.v2                 D  Watching instance of androidx.work.impl.background.systemjob.SystemJobService (androidx.work.impl.background.systemjob.SystemJobService received Service#onDestroy() callback) with key a922d64e-2c02-4827-9901-383d2a0bcfc3
2026-01-30 09:22:06.878 11850-12073 WM-SystemJobScheduler   com.fishit.player.v2                 D  Scheduling work ID 77e762a1-7eec-4c63-81a8-6c17b4f2dbc5Job ID 2
2026-01-30 09:22:06.891 11850-12073 WM-GreedyScheduler      com.fishit.player.v2                 D  Starting work for 77e762a1-7eec-4c63-81a8-6c17b4f2dbc5
2026-01-30 09:22:06.895 11850-11850 WM-SystemJobService     com.fishit.player.v2                 D  onStartJob for WorkGenerationalId(workSpecId=77e762a1-7eec-4c63-81a8-6c17b4f2dbc5, generation=0)
2026-01-30 09:22:06.897 11850-12073 WM-Processor            com.fishit.player.v2                 D  Processor: processing WorkGenerationalId(workSpecId=77e762a1-7eec-4c63-81a8-6c17b4f2dbc5, generation=0)
2026-01-30 09:22:06.899 11850-12073 WM-Processor            com.fishit.player.v2                 D  Work WorkGenerationalId(workSpecId=77e762a1-7eec-4c63-81a8-6c17b4f2dbc5, generation=0) is already enqueued for processing
2026-01-30 09:22:07.051 11850-11850 WM-WorkerWrapper        com.fishit.player.v2                 D  Starting work for com.fishit.player.v2.work.XtreamCatalogScanWorker
2026-01-30 09:22:07.056 11850-12021 XtreamCatalogScanWorker com.fishit.player.v2                 I  START sync_run_id=ea34f0fb-a1cf-4fb3-85fa-85ed781e1c27 mode=auto source=XTREAM scope=INCREMENTAL runtimeBudgetMs=900000 checkpoint=xtream|v=2|phase=VOD_LIST|offset=0
2026-01-30 09:22:07.058 11850-12021 RuntimeGuards           com.fishit.player.v2                 D  Manual sync (auto) - skipping battery guard (level=98%)
2026-01-30 09:22:07.059 11850-12021 XtreamCatalogScanWorker com.fishit.player.v2                 D  Catalog sync: includeVod=true includeSeries=true includeEpisodes=false (lazy) includeLive=true scope=INCREMENTAL enhanced=true
2026-01-30 09:22:07.060 11850-12021 XtreamCatalogScanWorker com.fishit.player.v2                 I  Using ENHANCED sync: live=600 movies=400 series=200 timeFlush=true
2026-01-30 09:22:07.062 11850-12021 CatalogSyncService      com.fishit.player.v2                 I  Starting enhanced Xtream sync: live=true, vod=true, series=true, episodes=false, excludeSeriesIds=0, episodeParallelism=4, canonical_linking=false
2026-01-30 09:22:07.063 11850-12021 XtreamCatalogScanWorker com.fishit.player.v2                 D  Enhanced catalog sync started
2026-01-30 09:22:07.070 11850-11977 XtreamCatalogPipeline   com.fishit.player.v2                 I  Starting Xtream catalog scan: vod=true, series=true, episodes=false, live=true
2026-01-30 09:22:07.071 11850-12021 CatalogSyncService      com.fishit.player.v2                 D  Enhanced scan started
2026-01-30 09:22:07.072 11850-12012 XtreamCatalogPipeline   com.fishit.player.v2                 D  [LIVE] Starting parallel scan (streaming-first)...
2026-01-30 09:22:07.074 11850-12013 XtreamCatalogPipeline   com.fishit.player.v2                 D  [VOD] Starting parallel scan (streaming-first)...
2026-01-30 09:22:07.075 11850-11977 XtreamCatalogPipeline   com.fishit.player.v2                 D  [SERIES] Starting parallel scan (streaming-first, episodes deferred)...
2026-01-30 09:22:07.078 11850-12012 XtreamApiClient         com.fishit.player.v2                 D  buildPlayerApiUrl: action=get_live_streams -> konigtv.com/player_api.php
2026-01-30 09:22:07.081 11850-12013 XtreamApiClient         com.fishit.player.v2                 D  buildPlayerApiUrl: action=get_vod_streams -> konigtv.com/player_api.php
2026-01-30 09:22:07.082 11850-12012 XtreamApiClient         com.fishit.player.v2                 D  streamFromUrl: CALLED for konigtv.com/player_api.php
2026-01-30 09:22:07.083 11850-12013 XtreamApiClient         com.fishit.player.v2                 D  streamFromUrl: CALLED for konigtv.com/player_api.php
2026-01-30 09:22:07.085 11850-11977 XtreamApiClient         com.fishit.player.v2                 D  buildPlayerApiUrl: action=get_series -> konigtv.com/player_api.php
2026-01-30 09:22:07.087 11850-11977 XtreamApiClient         com.fishit.player.v2                 D  streamFromUrl: CALLED for konigtv.com/player_api.php
2026-01-30 09:22:07.366 11850-12012 XtreamApiClient         com.fishit.player.v2                 D  StreamingFetch: Detected GZIP for konigtv.com/player_api.php (manual decompression)
2026-01-30 09:22:07.368 11850-12012 XtreamApiClient         com.fishit.player.v2                 D  StreamingFetch: Success for konigtv.com/player_api.php, streaming response
2026-01-30 09:22:07.371 11850-12012 XtreamApiClient         com.fishit.player.v2                 D  streamFromUrl: Starting StreamingJsonParser.streamInBatches() for konigtv.com/player_api.php
2026-01-30 09:22:07.491 11850-12012 XTC                     com.fishit.player.v2                 D  [LIVE] DTO→Raw #1 | id=xtream:live:81568 | title="DE HEVC" | sourceType=XTREAM | Fields: ✓[poster] ✗[year, plot, cast, director, backdrop, duration, tmdb]
2026-01-30 09:22:07.528 11850-12012 XTC                     com.fishit.player.v2                 D  [LIVE] DTO→Raw #50 | id=xtream:live:71808 | title="DE: Deluxe Music HEVC" | sourceType=XTREAM | Fields: ✓[poster] ✗[year, plot, cast, director, backdrop, duration, tmdb]
2026-01-30 09:22:07.565 11850-12012 XTC                     com.fishit.player.v2                 D  [LIVE] DTO→Raw #100 | id=xtream:live:49200 | title="DE: Pro 7 Maxx FHD" | sourceType=XTREAM | Fields: ✓[poster] ✗[year, plot, cast, director, backdrop, duration, tmdb]
2026-01-30 09:22:07.567 11850-12021 XtreamCatalogScanWorker com.fishit.player.v2                 D  PROGRESS discovered=100 persisted=0 phase=null
2026-01-30 09:22:07.567 11850-12021 SyncPerfMetrics         com.fishit.player.v2                 D  Phase LIVE started
2026-01-30 09:22:07.568 11850-12021 XtreamCatalogScanWorker com.fishit.player.v2                 D  PROGRESS discovered=100 persisted=0 phase=LIVE
2026-01-30 09:22:07.571 11850-12013 XtreamApiClient         com.fishit.player.v2                 D  StreamingFetch: Detected GZIP for konigtv.com/player_api.php (manual decompression)
2026-01-30 09:22:07.572 11850-12013 XtreamApiClient         com.fishit.player.v2                 D  StreamingFetch: Success for konigtv.com/player_api.php, streaming response
2026-01-30 09:22:07.574 11850-12013 XtreamApiClient         com.fishit.player.v2                 D  streamFromUrl: Starting StreamingJsonParser.streamInBatches() for konigtv.com/player_api.php
2026-01-30 09:22:07.612 11850-12012 XTC                     com.fishit.player.v2                 D  [LIVE] DTO→Raw #150 | id=xtream:live:361561 | title="DE: NDR Hamburg" | sourceType=XTREAM | Fields: ✓[poster] ✗[year, plot, cast, director, backdrop, duration, tmdb]
2026-01-30 09:22:07.657 11850-12012 XTC                     com.fishit.player.v2                 D  [LIVE] DTO→Raw #200 | id=xtream:live:197779 | title="DE: QVC STYLE TV" | sourceType=XTREAM | Fields: ✓[poster] ✗[year, plot, cast, director, backdrop, duration, tmdb]
2026-01-30 09:22:07.659 11850-12021 XtreamCatalogScanWorker com.fishit.player.v2                 D  PROGRESS discovered=200 persisted=0 phase=null
2026-01-30 09:22:07.659 11850-12021 SyncPerfMetrics         com.fishit.player.v2                 D  Phase LIVE started
2026-01-30 09:22:07.660 11850-12021 XtreamCatalogScanWorker com.fishit.player.v2                 D  PROGRESS discovered=200 persisted=0 phase=LIVE
2026-01-30 09:22:07.704 11850-12012 XTC                     com.fishit.player.v2                 D  [LIVE] DTO→Raw #250 | id=xtream:live:67411 | title="DE: Bndliga 7 SD" | sourceType=XTREAM | Fields: ✓[poster] ✗[year, plot, cast, director, backdrop, duration, tmdb]
2026-01-30 09:22:07.747 11850-12012 XTC                     com.fishit.player.v2                 D  [LIVE] DTO→Raw #300 | id=xtream:live:354423 | title="DE: Bundesliga Tivibu 2 (Türkisch)" | sourceType=XTREAM | Fields: ✓[poster] ✗[year, plot, cast, director, backdrop, duration, tmdb]
2026-01-30 09:22:07.748 11850-12021 XtreamCatalogScanWorker com.fishit.player.v2                 D  PROGRESS discovered=300 persisted=0 phase=null
2026-01-30 09:22:07.749 11850-12021 SyncPerfMetrics         com.fishit.player.v2                 D  Phase LIVE started
2026-01-30 09:22:07.749 11850-12021 XtreamCatalogScanWorker com.fishit.player.v2                 D  PROGRESS discovered=300 persisted=0 phase=LIVE
2026-01-30 09:22:07.784 11850-12013 StreamingJsonParser     com.fishit.player.v2                 W  streamInBatches mapper error #1: Series ID must be positive, got: -441
2026-01-30 09:22:07.792 11850-12012 XTC                     com.fishit.player.v2                 D  [LIVE] DTO→Raw #350 | id=xtream:live:181819 | title="MyTeam TV - 7" | sourceType=XTREAM | Fields: ✓[poster] ✗[year, plot, cast, director, backdrop, duration, tmdb]
2026-01-30 09:22:07.811 11850-12013 StreamingJsonParser     com.fishit.player.v2                 W  streamInBatches mapper error #2: Series ID must be positive, got: -441
2026-01-30 09:22:07.832 11850-12013 StreamingJsonParser     com.fishit.player.v2                 W  streamInBatches mapper error #3: Series ID must be positive, got: -441
2026-01-30 09:22:07.837 11850-12012 XTC                     com.fishit.player.v2                 D  [LIVE] DTO→Raw #400 | id=xtream:live:795605 | title="DE: DEL2 EVENT 16" | sourceType=XTREAM | Fields: ✓[poster] ✗[year, plot, cast, director, backdrop, duration, tmdb]
2026-01-30 09:22:07.838 11850-12021 XtreamCatalogScanWorker com.fishit.player.v2                 D  PROGRESS discovered=400 persisted=0 phase=null
2026-01-30 09:22:07.839 11850-12021 SyncPerfMetrics         com.fishit.player.v2                 D  Phase LIVE started
2026-01-30 09:22:07.840 11850-12021 XtreamCatalogScanWorker com.fishit.player.v2                 D  PROGRESS discovered=400 persisted=0 phase=LIVE
2026-01-30 09:22:07.879 11850-12012 XTC                     com.fishit.player.v2                 D  [LIVE] DTO→Raw #450 | id=xtream:live:792958 | title="DE: RTL+ SPORT EVENT 17" | sourceType=XTREAM | Fields: ✓[poster] ✗[year, plot, cast, director, backdrop, duration, tmdb]
2026-01-30 09:22:07.920 11850-12012 XTC                     com.fishit.player.v2                 D  [LIVE] DTO→Raw #500 | id=xtream:live:797354 | title="DE: DAZN EVENT 26 HD" | sourceType=XTREAM | Fields: ✓[poster] ✗[year, plot, cast, director, backdrop, duration, tmdb]
2026-01-30 09:22:07.921 11850-12021 XtreamCatalogScanWorker com.fishit.player.v2                 D  PROGRESS discovered=500 persisted=0 phase=null
2026-01-30 09:22:07.922 11850-12021 SyncPerfMetrics         com.fishit.player.v2                 D  Phase LIVE started
2026-01-30 09:22:07.923 11850-12021 XtreamCatalogScanWorker com.fishit.player.v2                 D  PROGRESS discovered=500 persisted=0 phase=LIVE
2026-01-30 09:22:08.016 11850-12012 XTC                     com.fishit.player.v2                 D  [LIVE] DTO→Raw #550 | id=xtream:live:744166 | title="DE: DYN SPORT 25" | sourceType=XTREAM | Fields: ✓[poster] ✗[year, plot, cast, director, backdrop, duration, tmdb]
2026-01-30 09:22:08.049 11850-12012 XTC                     com.fishit.player.v2                 D  [LIVE] DTO→Raw #600 | id=xtream:live:121760 | title="DE: Spiegel TV Wissen RAW" | sourceType=XTREAM | Fields: ✓[poster] ✗[year, plot, cast, director, backdrop, duration, tmdb]
2026-01-30 09:22:08.050 11850-12021 SyncBatchManager        com.fishit.player.v2                 D  Flushing LIVE batch: 600 items (timeBased=false)
2026-01-30 09:22:08.051 11850-12021 CatalogSyncService      com.fishit.player.v2                 D  Persisting Xtream live batch (NX-ONLY): 600 items
2026-01-30 09:22:08.079 11850-12012 XTC                     com.fishit.player.v2                 D  [LIVE] DTO→Raw #650 | id=xtream:live:48858 | title="DE: Sky Cinema Highlights FHD" | sourceType=XTREAM | Fields: ✓[poster] ✗[year, plot, cast, director, backdrop, duration, tmdb]
2026-01-30 09:22:08.422 11850-11860 ishit.player.v2         com.fishit.player.v2                 I  Background concurrent copying GC freed 1445582(47MB) AllocSpace objects, 3(112KB) LOS objects, 50% free, 23MB/46MB, paused 112us,68us total 132.281ms
2026-01-30 09:22:08.504 11850-11977 XtreamApiClient         com.fishit.player.v2                 D  StreamingFetch: Detected GZIP for konigtv.com/player_api.php (manual decompression)
2026-01-30 09:22:08.505 11850-11977 XtreamApiClient         com.fishit.player.v2                 D  StreamingFetch: Success for konigtv.com/player_api.php, streaming response
2026-01-30 09:22:08.510 11850-11977 XtreamApiClient         com.fishit.player.v2                 D  streamFromUrl: Starting StreamingJsonParser.streamInBatches() for konigtv.com/player_api.php
2026-01-30 09:22:08.565 11850-11977 XTC                     com.fishit.player.v2                 D  [VOD] DTO→Raw #1 | id=xtream:vod:804345 | title="Ella McCay | 2025 | 5.2" | sourceType=XTREAM | Fields: ✓[year=2025, poster] ✗[plot, cast, director, backdrop, duration, tmdb]
2026-01-30 09:22:10.162 11850-11850 ViewRootIm...nActivity] com.fishit.player.v2                 I  ViewPostIme pointer 0
2026-01-30 09:22:10.401 11850-11850 Compatibil...geReporter com.fishit.player.v2                 D  Compat change id reported: 171228096; UID 10386; state: ENABLED
2026-01-30 09:22:10.422 11850-11859 ishit.player.v2         com.fishit.player.v2                 I  Compiler allocated 7198KB to compile void android.view.ViewRootImpl.performTraversals()
2026-01-30 09:22:10.521 11850-11850 ViewRootIm...nActivity] com.fishit.player.v2                 I  ViewPostIme pointer 1
2026-01-30 09:22:11.395 11850-11850 ViewRootIm...nActivity] com.fishit.player.v2                 I  ViewPostIme pointer 0
2026-01-30 09:22:11.453 11850-11850 ViewRootIm...nActivity] com.fishit.player.v2                 I  ViewPostIme pointer 1
2026-01-30 09:22:11.501 11850-11850 NxHomeContentRepo       com.fishit.player.v2                 I  🎬 getMoviesPagingData() CALLED - Creating Movies PagingSource
2026-01-30 09:22:11.505 11850-11850 NxHomeContentRepo       com.fishit.player.v2                 I  📺 getSeriesPagingData() CALLED - Creating Series PagingSource
2026-01-30 09:22:11.507 11850-11850 HomeViewModel           com.fishit.player.v2                 I  🏠 HomeViewModel INIT - Creating content flows and paging sources
2026-01-30 09:22:11.615 11850-11850 NxHomeContentRepo       com.fishit.player.v2                 D  🎬 Movies PagingSource FACTORY invoked
2026-01-30 09:22:11.629 11850-11850 NxHomeContentRepo       com.fishit.player.v2                 D  📺 Series PagingSource FACTORY invoked
2026-01-30 09:22:11.721 11850-12021 CatalogSyncBootstrap    com.fishit.player.v2                 I  Catalog sync bootstrap triggered; activeSources=[XTREAM]
2026-01-30 09:22:11.721 11850-12021 CatalogSyncScheduler    com.fishit.player.v2                 D  Enqueueing AUTO sync
2026-01-30 09:22:11.725 11850-12021 CatalogSyncScheduler    com.fishit.player.v2                 D  Scheduling periodic incremental sync every 2 hours
2026-01-30 09:22:11.732 11850-12021 CatalogSyncScheduler    com.fishit.player.v2                 I  Periodic incremental sync scheduled: every 2 hours
2026-01-30 09:22:11.733 11850-12021 CatalogSyncBootstrap    com.fishit.player.v2                 I  Periodic incremental sync scheduled: every 2h
2026-01-30 09:22:11.755 11850-12073 WM-SystemJobScheduler   com.fishit.player.v2                 D  Scheduling work ID 890b717e-f743-45d9-8b31-e4f1a4a683b9Job ID 3
2026-01-30 09:22:11.763 11850-11850 WorkManage...teObserver com.fishit.player.v2                 I  Sync state: SUCCEEDED
2026-01-30 09:22:11.766 11850-12073 WM-GreedyScheduler      com.fishit.player.v2                 D  Starting work for 890b717e-f743-45d9-8b31-e4f1a4a683b9
2026-01-30 09:22:11.769   925-925   audit                   auditd                               E  type=1400 audit(1769761331.764:26899): avc:  denied  { ioctl } for  pid=11850 comm="WM.task-4" path="/data/data/com.fishit.player.v2/no_backup/androidx.work.workdb" dev="dm-52" ino=2308152 ioctlcmd=0xf522 scontext=u:r:untrusted_app:s0:c130,c257,c512,c768 tcontext=u:object_r:app_data_file:s0:c130,c257,c512,c768 tclass=file permissive=0 SEPF_SM-G991B_12_0001 audit_filtered
2026-01-30 09:22:11.769   925-925   audit                   auditd                               E  type=1327 audit(1769761331.764:26899): proctitle="com.fishit.player.v2"
2026-01-30 09:22:11.787 11850-12093 WM-SystemJobScheduler   com.fishit.player.v2                 D  Scheduling work ID ae2cb82f-bcd8-4f1f-8d93-c60621eb8a57Job ID 4
2026-01-30 09:22:11.793 11850-12093 WM-GreedyScheduler      com.fishit.player.v2                 D  Starting tracking for ae2cb82f-bcd8-4f1f-8d93-c60621eb8a57
2026-01-30 09:22:11.796 11850-12015 WM-Processor            com.fishit.player.v2                 D  Processor: processing WorkGenerationalId(workSpecId=890b717e-f743-45d9-8b31-e4f1a4a683b9, generation=0)
2026-01-30 09:22:11.816 11850-12074 WM-ConstraintTracker    com.fishit.player.v2                 D  BatteryNotLowTracker: initial state = true
2026-01-30 09:22:11.816 11850-12074 WM-BrdcstRcvrCnstrntTrc com.fishit.player.v2                 D  BatteryNotLowTracker: registering receiver
2026-01-30 09:22:11.827 11850-12073 WM-ConstraintTracker    com.fishit.player.v2                 D  NetworkStateTracker24: initial state = NetworkState(isConnected=true, isValidated=true, isMetered=true, isNotRoaming=true)
2026-01-30 09:22:11.827 11850-12073 WM-NetworkStateTracker  com.fishit.player.v2                 D  Registering network callback
2026-01-30 09:22:11.830 11850-11860 ishit.player.v2         com.fishit.player.v2                 I  Background concurrent copying GC freed 1211191(36MB) AllocSpace objects, 0(0B) LOS objects, 35% free, 44MB/68MB, paused 102us,613us total 188.378ms
2026-01-30 09:22:11.837 11850-12073 ConnectivityManager     com.fishit.player.v2                 D  StackLog: [android.net.ConnectivityManager.sendRequestForNetwork(ConnectivityManager.java:4402)] [android.net.ConnectivityManager.registerDefaultNetworkCallbackForUid(ConnectivityManager.java:4966)] [android.net.ConnectivityManager.registerDefaultNetworkCallback(ConnectivityManager.java:4933)] [android.net.ConnectivityManager.registerDefaultNetworkCallback(ConnectivityManager.java:4907)] [androidx.work.impl.utils.NetworkApi24.registerDefaultNetworkCallbackCompat(NetworkApi24.kt:26)] [androidx.work.impl.constraints.trackers.NetworkStateTracker24.startTracking(NetworkStateTracker.kt:165)] [androidx.work.impl.constraints.trackers.ConstraintTracker.addListener(ConstraintTracker.kt:52)] [androidx.work.impl.constraints.controllers.BaseConstraintController$track$1.invokeSuspend(ContraintControllers.kt:62)] [androidx.work.impl.constraints.controllers.BaseConstraintController$track$1.invoke(Unknown Source:8)] [androidx.work.impl.constraints.controllers.BaseConstraintController$track$1.invoke(Unknown Source:4)] [kotlinx.coroutines.flow.ChannelFlowBuilder.collectTo$suspendImpl(Builders.kt:316)] [kotlinx.coroutines.flow.ChannelFlowBuilder.collectTo(Unknown Source:0)] [kotlinx.coroutines.flow.CallbackFlowBuilder.collectTo(Builders.kt:330)] [kotlinx.coroutines.flow.internal.ChannelFlow$collectToFun$1.invokeSuspend(ChannelFlow.kt:56)] [kotlin.coroutines.jvm.internal.BaseContinuationImpl.resumeWith(ContinuationImpl.kt:34)] [kotlinx.coroutines.DispatchedTask.run(DispatchedTask.kt:100)] [androidx.work.impl.utils.SerialExecutorImpl$Task.run(SerialExecutorImpl.java:96)] [java.util.concurrent.ThreadPoolExecutor.runWorker(ThreadPoolExecutor.java:1145)] [java.util.concurrent.ThreadPoolExecutor$Worker.run(ThreadPoolExecutor.java:644)] [java.lang.Thread.run(Thread.java:1012)]
2026-01-30 09:22:11.843 11850-12093 WM-GreedyScheduler      com.fishit.player.v2                 D  Constraints met: Scheduling work ID WorkGenerationalId(workSpecId=ae2cb82f-bcd8-4f1f-8d93-c60621eb8a57, generation=0)
2026-01-30 09:22:11.845 11850-12093 WM-Processor            com.fishit.player.v2                 D  Processor: processing WorkGenerationalId(workSpecId=ae2cb82f-bcd8-4f1f-8d93-c60621eb8a57, generation=0)
2026-01-30 09:22:11.849 11850-12515 WM-NetworkStateTracker  com.fishit.player.v2                 D  Network capabilities changed: [ Transports: CELLULAR Capabilities: SUPL&INTERNET&NOT_RESTRICTED&TRUSTED&NOT_VPN&VALIDATED&NOT_ROAMING&FOREGROUND&NOT_CONGESTED&NOT_SUSPENDED&NOT_VCN_MANAGED LinkUpBandwidth>=38374Kbps LinkDnBandwidth>=60590Kbps Specifier: <TelephonyNetworkSpecifier [mSubId = 1]> SubscriptionIds: {1} UnderlyingNetworks: Null]
2026-01-30 09:22:11.955 11850-11850 WM-SystemJobService     com.fishit.player.v2                 D  onStartJob for WorkGenerationalId(workSpecId=890b717e-f743-45d9-8b31-e4f1a4a683b9, generation=0)
2026-01-30 09:22:11.966 11850-12093 WM-Processor            com.fishit.player.v2                 D  Work WorkGenerationalId(workSpecId=890b717e-f743-45d9-8b31-e4f1a4a683b9, generation=0) is already enqueued for processing
2026-01-30 09:22:11.998 11850-12498 TrafficStats            com.fishit.player.v2                 D  tagSocket(136) with statsTag=0xffffffff, statsUid=-1
2026-01-30 09:22:11.998 11850-12490 TrafficStats            com.fishit.player.v2                 D  tagSocket(152) with statsTag=0xffffffff, statsUid=-1
2026-01-30 09:22:11.998 11850-11850 WM-SystemJobService     com.fishit.player.v2                 D  onStartJob for WorkGenerationalId(workSpecId=ae2cb82f-bcd8-4f1f-8d93-c60621eb8a57, generation=0)
2026-01-30 09:22:11.999 11850-11850 WM-WorkerWrapper        com.fishit.player.v2                 D  Starting work for com.fishit.player.v2.work.CatalogSyncOrchestratorWorker
2026-01-30 09:22:12.002 11850-11976 CatalogSyn...atorWorker com.fishit.player.v2                 I  START sync_run_id=c4536822-6e5f-4318-9135-5a093435b6a0 mode=auto
2026-01-30 09:22:12.009 11850-11976 RuntimeGuards           com.fishit.player.v2                 D  Manual sync (auto) - skipping battery guard (level=98%)
2026-01-30 09:22:12.009 11850-11976 CatalogSyn...atorWorker com.fishit.player.v2                 I  Active sources check: [XTREAM] (isEmpty=false)
2026-01-30 09:22:12.010 11850-11976 CatalogSyn...atorWorker com.fishit.player.v2                 D  Active sources: [XTREAM] (TELEGRAM=false, XTREAM=true, IO=false)
2026-01-30 09:22:12.015 11850-11976 CatalogSyn...atorWorker com.fishit.player.v2                 D  Enqueued Xtream chain: work_name=catalog_sync_global_xtream policy=KEEP workers=2
2026-01-30 09:22:12.016 11850-11976 CatalogSyn...atorWorker com.fishit.player.v2                 D  Telegram not in active sources - skipping Telegram workers
2026-01-30 09:22:12.016 11850-12015 WM-Processor            com.fishit.player.v2                 D  Work WorkGenerationalId(workSpecId=ae2cb82f-bcd8-4f1f-8d93-c60621eb8a57, generation=0) is already enqueued for processing
2026-01-30 09:22:12.017 11850-11976 CatalogSyn...atorWorker com.fishit.player.v2                 D  📊 WorkInfo chains enqueued:
                                                                                                      [XTREAM] work_name=catalog_sync_global_xtream → ENQUEUED
                                                                                                      Use 'adb shell dumpsys jobscheduler' or WorkManager Inspector for detailed state
2026-01-30 09:22:12.019 11850-11976 CatalogSyn...atorWorker com.fishit.player.v2                 I  CHAINS_ENQUEUED duration_ms=19 policy=KEEP sources=XTREAM (downstream workers will report completion)
2026-01-30 09:22:12.019 11850-12093 WM-EnqueueRunnable      com.fishit.player.v2                 E  Prerequisite 25ba41d9-c342-4ae8-b11f-eee36ac2914b doesn't exist; not enqueuing
2026-01-30 09:22:12.059 11850-12525 TrafficStats            com.fishit.player.v2                 D  tagSocket(171) with statsTag=0xffffffff, statsUid=-1
2026-01-30 09:22:12.076 11850-11860 ishit.player.v2         com.fishit.player.v2                 I  Background young concurrent copying GC freed 1469752(43MB) AllocSpace objects, 1(20KB) LOS objects, 40% free, 35MB/59MB, paused 28.866ms,63us total 127.718ms
2026-01-30 09:22:12.093 11850-12490 TrafficStats            com.fishit.player.v2                 D  tagSocket(173) with statsTag=0xffffffff, statsUid=-1
2026-01-30 09:22:12.124 11850-11850 WM-WorkerWrapper        com.fishit.player.v2                 D  Starting work for com.fishit.player.v2.work.CatalogSyncOrchestratorWorker
2026-01-30 09:22:12.125 11850-12483 CatalogSyn...atorWorker com.fishit.player.v2                 I  START sync_run_id=periodic_1769761331727 mode=incremental
2026-01-30 09:22:12.132 11850-12073 WM-WorkerWrapper        com.fishit.player.v2                 I  Worker result SUCCESS for Work [ id=890b717e-f743-45d9-8b31-e4f1a4a683b9, tags={ com.fishit.player.v2.work.CatalogSyncOrchestratorWorker,catalog_sync,mode_auto,worker/CatalogSyncOrchestratorWorker } ]
2026-01-30 09:22:12.135 11850-12483 RuntimeGuards           com.fishit.player.v2                 D  Manual sync (incremental) - skipping battery guard (level=98%)
2026-01-30 09:22:12.137 11850-12483 CatalogSyn...atorWorker com.fishit.player.v2                 I  Active sources check: [XTREAM] (isEmpty=false)
2026-01-30 09:22:12.139 11850-12483 CatalogSyn...atorWorker com.fishit.player.v2                 D  Active sources: [XTREAM] (TELEGRAM=false, XTREAM=true, IO=false)
2026-01-30 09:22:12.146 11850-12483 CatalogSyn...atorWorker com.fishit.player.v2                 D  Enqueued Xtream chain: work_name=catalog_sync_global_xtream policy=KEEP workers=2
2026-01-30 09:22:12.148 11850-12074 WM-EnqueueRunnable      com.fishit.player.v2                 E  Prerequisite 852bdc2c-5b95-4672-a801-313d0136b7c3 doesn't exist; not enqueuing
2026-01-30 09:22:12.156 11850-12483 CatalogSyn...atorWorker com.fishit.player.v2                 D  Telegram not in active sources - skipping Telegram workers
2026-01-30 09:22:12.158 11850-11850 WorkManage...teObserver com.fishit.player.v2                 D  Sync state: RUNNING | id=890b717e | attempts=1 | tags=[catalog_sync, worker/CatalogSyncOrchestratorWorker, com.fishit.player.v2.work.CatalogSyncOrchestratorWorker, mode_auto]
2026-01-30 09:22:12.159 11850-11850 WM-Processor            com.fishit.player.v2                 D  Processor 890b717e-f743-45d9-8b31-e4f1a4a683b9 executed; reschedule = false
2026-01-30 09:22:12.160 11850-11850 WM-SystemJobService     com.fishit.player.v2                 D  890b717e-f743-45d9-8b31-e4f1a4a683b9 executed on JobScheduler
2026-01-30 09:22:12.167 11850-12073 WM-GreedyScheduler      com.fishit.player.v2                 D  Cancelling work ID 890b717e-f743-45d9-8b31-e4f1a4a683b9
2026-01-30 09:22:12.168 11850-12483 CatalogSyn...atorWorker com.fishit.player.v2                 D  📊 WorkInfo chains enqueued:
                                                                                                      [XTREAM] work_name=catalog_sync_global_xtream → ENQUEUED
                                                                                                      Use 'adb shell dumpsys jobscheduler' or WorkManager Inspector for detailed state
2026-01-30 09:22:12.168 11850-12483 CatalogSyn...atorWorker com.fishit.player.v2                 I  CHAINS_ENQUEUED duration_ms=43 policy=KEEP sources=XTREAM (downstream workers will report completion)
2026-01-30 09:22:12.205 11850-11850 WM-SystemJobService     com.fishit.player.v2                 D  onStopJob for WorkGenerationalId(workSpecId=890b717e-f743-45d9-8b31-e4f1a4a683b9, generation=0)
2026-01-30 09:22:12.211 11850-12015 WM-WorkerWrapper        com.fishit.player.v2                 I  Worker result SUCCESS for Work [ id=ae2cb82f-bcd8-4f1f-8d93-c60621eb8a57, tags={ com.fishit.player.v2.work.CatalogSyncOrchestratorWorker,catalog_sync,mode_incremental,worker/CatalogSyncOrchestratorWorker } ]
2026-01-30 09:22:12.226 11850-11850 WM-Processor            com.fishit.player.v2                 D  Processor ae2cb82f-bcd8-4f1f-8d93-c60621eb8a57 executed; reschedule = false
2026-01-30 09:22:12.226 11850-11850 WM-GreedyScheduler      com.fishit.player.v2                 D  Stopping tracking for WorkGenerationalId(workSpecId=ae2cb82f-bcd8-4f1f-8d93-c60621eb8a57, generation=0)
2026-01-30 09:22:12.228 11850-11850 WM-SystemJobService     com.fishit.player.v2                 D  ae2cb82f-bcd8-4f1f-8d93-c60621eb8a57 executed on JobScheduler
2026-01-30 09:22:12.229 11850-11850 WorkManage...teObserver com.fishit.player.v2                 I  Sync state: SUCCEEDED
2026-01-30 09:22:12.235 11850-12074 WM-GreedyScheduler      com.fishit.player.v2                 D  Cancelling work ID ae2cb82f-bcd8-4f1f-8d93-c60621eb8a57
2026-01-30 09:22:12.251 11850-12074 WM-SystemJobScheduler   com.fishit.player.v2                 D  Scheduling work ID ae2cb82f-bcd8-4f1f-8d93-c60621eb8a57Job ID 4
2026-01-30 09:22:12.257 11850-12074 WM-BrdcstRcvrCnstrntTrc com.fishit.player.v2                 D  BatteryNotLowTracker: unregistering receiver
2026-01-30 09:22:12.266 11850-12074 WM-NetworkStateTracker  com.fishit.player.v2                 D  Unregistering network callback
2026-01-30 09:22:12.266 11850-12074 ConnectivityManager     com.fishit.player.v2                 D  StackLog: [android.net.ConnectivityManager.unregisterNetworkCallback(ConnectivityManager.java:5076)] [androidx.work.impl.utils.NetworkApi21.unregisterNetworkCallbackCompat(NetworkApi21.kt:28)] [androidx.work.impl.constraints.trackers.NetworkStateTracker24.stopTracking(NetworkStateTracker.kt:180)] [androidx.work.impl.constraints.trackers.ConstraintTracker.removeListener(ConstraintTracker.kt:67)] [androidx.work.impl.constraints.controllers.BaseConstraintController$track$1$1.invoke(ContraintControllers.kt:63)] [androidx.work.impl.constraints.controllers.BaseConstraintController$track$1$1.invoke(ContraintControllers.kt:63)] [kotlinx.coroutines.channels.ProduceKt.awaitClose(Produce.kt:69)] [kotlinx.coroutines.channels.ProduceKt$awaitClose$1.invokeSuspend(Unknown Source:13)] [kotlin.coroutines.jvm.internal.BaseContinuationImpl.resumeWith(ContinuationImpl.kt:34)] [kotlinx.coroutines.DispatchedTask.run(DispatchedTask.kt:98)] [androidx.work.impl.utils.SerialExecutorImpl$Task.run(SerialExecutorImpl.java:96)] [java.util.concurrent.ThreadPoolExecutor.runWorker(ThreadPoolExecutor.java:1145)] [java.util.concurrent.ThreadPoolExecutor$Worker.run(ThreadPoolExecutor.java:644)] [java.lang.Thread.run(Thread.java:1012)]
2026-01-30 09:22:12.453 11850-11860 ishit.player.v2         com.fishit.player.v2                 I  Background concurrent copying GC freed 1382045(40MB) AllocSpace objects, 0(0B) LOS objects, 37% free, 39MB/63MB, paused 165us,169us total 169.710ms
2026-01-30 09:22:13.808 11850-12012 CatalogSyncService      com.fishit.player.v2                 D  Xtream live batch complete (NX): ingested=600 total_ms=5756
2026-01-30 09:22:13.808 11850-12012 XtreamCatalogScanWorker com.fishit.player.v2                 D  PROGRESS discovered=600 persisted=600 phase=null
2026-01-30 09:22:13.810 11850-12012 SyncPerfMetrics         com.fishit.player.v2                 D  Phase LIVE started
2026-01-30 09:22:13.811 11850-12012 XtreamCatalogScanWorker com.fishit.player.v2                 D  PROGRESS discovered=600 persisted=600 phase=LIVE
2026-01-30 09:22:13.833 11850-12012 XtreamCatalogScanWorker com.fishit.player.v2                 D  PROGRESS discovered=700 persisted=600 phase=null
2026-01-30 09:22:13.839 11850-12481 XTC                     com.fishit.player.v2                 D  [VOD] DTO→Raw #50 | id=xtream:vod:801981 | title="Anaconda | 2025 | 6.7" | sourceType=XTREAM | Fields: ✓[year=2025, poster] ✗[plot, cast, director, backdrop, duration, tmdb]
2026-01-30 09:22:13.847 11850-11988 XTC                     com.fishit.player.v2                 D  [LIVE] DTO→Raw #700 | id=xtream:live:733471 | title="DE: 2 BROKE GIRLS" | sourceType=XTREAM | Fields: ✓[poster] ✗[year, plot, cast, director, backdrop, duration, tmdb]
2026-01-30 09:22:13.848 11850-12012 SyncPerfMetrics         com.fishit.player.v2                 D  Phase LIVE started
2026-01-30 09:22:13.848 11850-12012 XtreamCatalogScanWorker com.fishit.player.v2                 D  PROGRESS discovered=749 persisted=600 phase=LIVE
2026-01-30 09:22:13.861 11850-12012 XtreamCatalogScanWorker com.fishit.player.v2                 D  PROGRESS discovered=800 persisted=600 phase=null
2026-01-30 09:22:13.865 11850-12481 XTC                     com.fishit.player.v2                 D  [VOD] DTO→Raw #100 | id=xtream:vod:800634 | title="Whiteout - Überleben ist alles | 2025 | " | sourceType=XTREAM | Fields: ✓[year=2025, poster] ✗[plot, cast, director, backdrop, duration, tmdb]
