2026-01-30 13:20:49.839 23864-23958 XtreamApiClient         com.fishit.player.v2                 D  NetworkProbe: Manually decompressed gzip body for konigtv.com/player_api.php | original=1577 decompressed=10494
2026-01-30 13:20:49.864 23864-23956 XtreamApiClient         com.fishit.player.v2                 D  NetworkProbe: HTTP 200 for konigtv.com/player_api.php | bytes=321 contentType=application/json
2026-01-30 13:20:49.874 23864-23956 XtreamApiClient         com.fishit.player.v2                 D  NetworkProbe: Manually decompressed gzip body for konigtv.com/player_api.php | original=321 decompressed=458
2026-01-30 13:20:49.876 23864-23957 XtreamApiClient         com.fishit.player.v2                 D  NetworkProbe: HTTP 200 for konigtv.com/player_api.php | bytes=321 contentType=application/json
2026-01-30 13:20:49.883 23864-23957 XtreamApiClient         com.fishit.player.v2                 D  NetworkProbe: Manually decompressed gzip body for konigtv.com/player_api.php | original=321 decompressed=458
2026-01-30 13:20:49.903 23864-23956 XtreamApiClient         com.fishit.player.v2                 D  buildPlayerApiUrl: action=get_short_epg -> konigtv.com/player_api.php
2026-01-30 13:20:49.973 23864-23956 XtreamApiClient         com.fishit.player.v2                 D  NetworkProbe: HTTP 200 for konigtv.com/player_api.php | bytes=39 contentType=application/json
2026-01-30 13:20:49.974 23864-23956 XtreamApiClient         com.fishit.player.v2                 D  NetworkProbe: Manually decompressed gzip body for konigtv.com/player_api.php | original=39 decompressed=19
2026-01-30 13:20:50.098 23864-23942 XtreamApiClient         com.fishit.player.v2                 D  NetworkProbe: HTTP 200 for konigtv.com/player_api.php | bytes=259540 contentType=application/json
2026-01-30 13:20:50.248 23864-23876 InputTransport          com.fishit.player.v2                 D  Input channel destroyed: 'ClientS', fd=141
2026-01-30 13:20:50.267 23864-23942 XtreamApiClient         com.fishit.player.v2                 D  NetworkProbe: Manually decompressed gzip body for konigtv.com/player_api.php | original=259540 decompressed=3288108
2026-01-30 13:20:50.470 23864-23953 XtreamApiClient         com.fishit.player.v2                 D  NetworkProbe: HTTP 200 for konigtv.com/player_api.php | bytes=2043188 contentType=application/json
2026-01-30 13:20:50.865 23864-23953 XtreamApiClient         com.fishit.player.v2                 D  NetworkProbe: Manually decompressed gzip body for konigtv.com/player_api.php | original=2043188 decompressed=6215313
2026-01-30 13:20:51.407 23864-23875 ishit.player.v2         com.fishit.player.v2                 I  Background young concurrent copying GC freed 8106(481KB) AllocSpace objects, 0(0B) LOS objects, 0% free, 52MB/52MB, paused 80us,53us total 117.214ms
2026-01-30 13:20:51.550 23864-23875 ishit.player.v2         com.fishit.player.v2                 I  Background concurrent copying GC freed 3343(181KB) AllocSpace objects, 4(10232KB) LOS objects, 34% free, 45MB/69MB, paused 96us,54us total 142.094ms
2026-01-30 13:20:51.589 23864-23959 XtreamApiClient         com.fishit.player.v2                 D  NetworkProbe: HTTP 200 for konigtv.com/player_api.php | bytes=678 contentType=application/json
2026-01-30 13:20:51.592 23864-23959 XtreamApiClient         com.fishit.player.v2                 D  NetworkProbe: Manually decompressed gzip body for konigtv.com/player_api.php | original=678 decompressed=3753
2026-01-30 13:20:51.911 23864-23953 XtreamApiClient         com.fishit.player.v2                 D  buildPlayerApiUrl: action=null -> konigtv.com/player_api.php
2026-01-30 13:20:51.913 23864-23953 XtreamApiClient         com.fishit.player.v2                 D  getServerInfo: Fetching from konigtv.com/player_api.php
2026-01-30 13:20:52.026 23864-23953 XtreamApiClient         com.fishit.player.v2                 D  NetworkProbe: HTTP 200 for konigtv.com/player_api.php | bytes=321 contentType=application/json
2026-01-30 13:20:52.030 23864-23953 XtreamApiClient         com.fishit.player.v2                 D  NetworkProbe: Manually decompressed gzip body for konigtv.com/player_api.php | original=321 decompressed=458
2026-01-30 13:20:52.032 23864-23953 XtreamApiClient         com.fishit.player.v2                 D  getServerInfo: Received 458 bytes, parsing...
2026-01-30 13:20:52.040 23864-23953 XtreamApiClient         com.fishit.player.v2                 D  Server info retrieved: konigtv.com
2026-01-30 13:20:52.043 23864-23942 XtreamAuthRepoAdapter   com.fishit.player.v2                 D  connectionState -> Connected(baseUrl=http://konigtv.com:8080, latencyMs=6024) | domain=Connected
2026-01-30 13:20:52.044 23864-23864 XtreamAuthRepoAdapter   com.fishit.player.v2                 D  initialize: API client initialized successfully with capabilities: http://konigtv.com:8080
2026-01-30 13:20:52.045 23864-23942 XtreamAuthRepoAdapter   com.fishit.player.v2                 D  authState -> Authenticated(userInfo=XtreamUserInfo(username=Christoph10, status=ACTIVE, expDateEpoch=1797326326, maxConnections=1, activeConnections=0, isTrial=false, allowedFormats=[m3u8, ts], createdAt=1757512912, message=Welcome)) | domain=Authenticated
2026-01-30 13:20:52.066 23864-23958 SourceActivationStore   com.fishit.player.v2                 D  Loaded state from DataStore: SourceActivationSnapshot(xtream=Active, telegram=Inactive, io=Inactive)
2026-01-30 13:20:52.066 23864-23959 CatalogSyncBootstrap    com.fishit.player.v2                 D  Source activation check: activeSources=[XTREAM], hasActive=true
2026-01-30 13:20:52.066 23864-23957 SourceActi...onObserver com.fishit.player.v2                 I  Active sources changed: [XTREAM] → enqueuing auto sync
2026-01-30 13:20:52.069 23864-23957 CatalogSyncScheduler    com.fishit.player.v2                 D  Enqueueing AUTO sync
2026-01-30 13:20:52.122 23864-23974 Compatibil...geReporter com.fishit.player.v2                 D  Compat change id reported: 194532703; UID 10483; state: ENABLED
2026-01-30 13:20:52.123 23864-23974 Compatibil...geReporter com.fishit.player.v2                 D  Compat change id reported: 253665015; UID 10483; state: ENABLED
2026-01-30 13:20:52.123 23864-23974 WM-SystemJobScheduler   com.fishit.player.v2                 D  Scheduling work ID a264ccdd-ae96-4969-a6d9-9e863ae0e174Job ID 0
2026-01-30 13:20:52.147 23864-23974 WM-GreedyScheduler      com.fishit.player.v2                 D  Starting work for a264ccdd-ae96-4969-a6d9-9e863ae0e174
2026-01-30 13:20:52.160 23864-23974 WM-Processor            com.fishit.player.v2                 D  Processor: processing WorkGenerationalId(workSpecId=a264ccdd-ae96-4969-a6d9-9e863ae0e174, generation=0)
2026-01-30 13:20:52.167 23864-23974 Compatibil...geReporter com.fishit.player.v2                 D  Compat change id reported: 263076149; UID 10483; state: ENABLED
2026-01-30 13:20:52.175 23864-23864 SourceActivationStore   com.fishit.player.v2                 I  Source activation changed: XTREAM -> Active
2026-01-30 13:20:52.176 23864-23864 XtreamAuthRepoAdapter   com.fishit.player.v2                 I  initialize: XTREAM source activated
2026-01-30 13:20:52.177 23864-23864 OnboardingViewModel     com.fishit.player.v2                 D  connectXtream: Initialize succeeded, saving credentials
2026-01-30 13:20:52.197 23864-23974 WM-PackageManagerHelper com.fishit.player.v2                 D  androidx.work.impl.background.systemalarm.RescheduleReceiver enabled
2026-01-30 13:20:52.199 23864-23957 XtreamCredStore         com.fishit.player.v2                 I  Stored credentials: scheme=http, host=konigtv.com, port=8080
2026-01-30 13:20:52.213 23864-23864 WM-WorkerWrapper        com.fishit.player.v2                 D  Starting work for com.fishit.player.v2.work.CatalogSyncOrchestratorWorker
2026-01-30 13:20:52.215 23864-23957 CatalogSyn...atorWorker com.fishit.player.v2                 I  START sync_run_id=039f5c44-b47b-4698-b393-5bb415cb20ae mode=auto
2026-01-30 13:20:52.219 23864-23957 RuntimeGuards           com.fishit.player.v2                 D  Manual sync (auto) - skipping battery guard (level=74%)
2026-01-30 13:20:52.220 23864-23957 CatalogSyn...atorWorker com.fishit.player.v2                 I  Active sources check: [XTREAM] (isEmpty=false)
2026-01-30 13:20:52.221 23864-23957 CatalogSyn...atorWorker com.fishit.player.v2                 D  Active sources: [XTREAM] (TELEGRAM=false, XTREAM=true, IO=false)
2026-01-30 13:20:52.223 23864-23864 WM-SystemJobService     com.fishit.player.v2                 D  onStartJob for WorkGenerationalId(workSpecId=a264ccdd-ae96-4969-a6d9-9e863ae0e174, generation=0)
2026-01-30 13:20:52.224 23864-23957 CatalogSyn...atorWorker com.fishit.player.v2                 D  Enqueued Xtream chain: work_name=catalog_sync_global_xtream policy=KEEP workers=2
2026-01-30 13:20:52.225 23864-23957 CatalogSyn...atorWorker com.fishit.player.v2                 D  Telegram not in active sources - skipping Telegram workers
2026-01-30 13:20:52.225 23864-23957 CatalogSyn...atorWorker com.fishit.player.v2                 D  📊 WorkInfo chains enqueued:
                                                                                                      [XTREAM] work_name=catalog_sync_global_xtream → ENQUEUED
                                                                                                      Use 'adb shell dumpsys jobscheduler' or WorkManager Inspector for detailed state
2026-01-30 13:20:52.226 23864-23957 CatalogSyn...atorWorker com.fishit.player.v2                 I  CHAINS_ENQUEUED duration_ms=11 policy=KEEP sources=XTREAM (downstream workers will report completion)
2026-01-30 13:20:52.247 23864-23960 WM-SystemJobScheduler   com.fishit.player.v2                 D  Scheduling work ID 6a608666-a6c5-4eba-b859-fc7a8e202156Job ID 1
2026-01-30 13:20:52.253 23864-23864 WM-SystemJobService     com.fishit.player.v2                 D  onStartJob for WorkGenerationalId(workSpecId=6a608666-a6c5-4eba-b859-fc7a8e202156, generation=0)
2026-01-30 13:20:52.253 23864-23960 WM-GreedyScheduler      com.fishit.player.v2                 D  Starting work for 6a608666-a6c5-4eba-b859-fc7a8e202156
2026-01-30 13:20:52.256 23864-23960 WM-Processor            com.fishit.player.v2                 D  Work WorkGenerationalId(workSpecId=a264ccdd-ae96-4969-a6d9-9e863ae0e174, generation=0) is already enqueued for processing
2026-01-30 13:20:52.258 23864-23960 WM-WorkerWrapper        com.fishit.player.v2                 I  Worker result SUCCESS for Work [ id=a264ccdd-ae96-4969-a6d9-9e863ae0e174, tags={ com.fishit.player.v2.work.CatalogSyncOrchestratorWorker,catalog_sync,mode_auto,worker/CatalogSyncOrchestratorWorker } ]
2026-01-30 13:20:52.261 23864-23864 WM-Processor            com.fishit.player.v2                 D  Processor a264ccdd-ae96-4969-a6d9-9e863ae0e174 executed; reschedule = false
2026-01-30 13:20:52.261 23864-23864 WM-SystemJobService     com.fishit.player.v2                 D  a264ccdd-ae96-4969-a6d9-9e863ae0e174 executed on JobScheduler
2026-01-30 13:20:52.266 23864-23960 WM-Processor            com.fishit.player.v2                 D  Processor: processing WorkGenerationalId(workSpecId=6a608666-a6c5-4eba-b859-fc7a8e202156, generation=0)
2026-01-30 13:20:52.269 23864-23960 WM-Processor            com.fishit.player.v2                 D  Work WorkGenerationalId(workSpecId=6a608666-a6c5-4eba-b859-fc7a8e202156, generation=0) is already enqueued for processing
2026-01-30 13:20:52.270 23864-23960 WM-GreedyScheduler      com.fishit.player.v2                 D  Cancelling work ID a264ccdd-ae96-4969-a6d9-9e863ae0e174
2026-01-30 13:20:52.285 23864-23864 WM-WorkerWrapper        com.fishit.player.v2                 D  Starting work for com.fishit.player.v2.work.XtreamPreflightWorker
2026-01-30 13:20:52.286 23864-23957 XtreamPreflightWorker   com.fishit.player.v2                 I  START sync_run_id=039f5c44-b47b-4698-b393-5bb415cb20ae mode=auto source=XTREAM attempt=0/5
2026-01-30 13:20:52.290 23864-23957 RuntimeGuards           com.fishit.player.v2                 D  Manual sync (auto) - skipping battery guard (level=74%)
2026-01-30 13:20:52.291 23864-23957 XtreamPreflightWorker   com.fishit.player.v2                 I  SUCCESS duration_ms=5 (credentials valid)
2026-01-30 13:20:52.294 23864-23973 WM-WorkerWrapper        com.fishit.player.v2                 I  Worker result SUCCESS for Work [ id=6a608666-a6c5-4eba-b859-fc7a8e202156, tags={ com.fishit.player.v2.work.XtreamPreflightWorker,catalog_sync,source_xtream,worker/XtreamPreflightWorker } ]
2026-01-30 13:20:52.297 23864-23973 WM-WorkerWrapper        com.fishit.player.v2                 I  Setting status to enqueued for 28d198d7-e9a0-41d6-af83-53da6772c350
2026-01-30 13:20:52.300 23864-23864 WM-Processor            com.fishit.player.v2                 D  Processor 6a608666-a6c5-4eba-b859-fc7a8e202156 executed; reschedule = false
2026-01-30 13:20:52.300 23864-23864 WM-SystemJobService     com.fishit.player.v2                 D  6a608666-a6c5-4eba-b859-fc7a8e202156 executed on JobScheduler
2026-01-30 13:20:52.306 23864-23973 WM-GreedyScheduler      com.fishit.player.v2                 D  Cancelling work ID 6a608666-a6c5-4eba-b859-fc7a8e202156
2026-01-30 13:20:52.319 23864-23973 WM-SystemJobScheduler   com.fishit.player.v2                 D  Scheduling work ID 28d198d7-e9a0-41d6-af83-53da6772c350Job ID 2
2026-01-30 13:20:52.327 23864-23973 WM-GreedyScheduler      com.fishit.player.v2                 D  Starting work for 28d198d7-e9a0-41d6-af83-53da6772c350
2026-01-30 13:20:52.332 23864-23864 WM-SystemJobService     com.fishit.player.v2                 D  onStartJob for WorkGenerationalId(workSpecId=28d198d7-e9a0-41d6-af83-53da6772c350, generation=0)
2026-01-30 13:20:52.335 23864-23973 WM-Processor            com.fishit.player.v2                 D  Processor: processing WorkGenerationalId(workSpecId=28d198d7-e9a0-41d6-af83-53da6772c350, generation=0)
2026-01-30 13:20:52.339 23864-23973 WM-Processor            com.fishit.player.v2                 D  Work WorkGenerationalId(workSpecId=28d198d7-e9a0-41d6-af83-53da6772c350, generation=0) is already enqueued for processing
2026-01-30 13:20:52.530 23864-23864 WM-WorkerWrapper        com.fishit.player.v2                 D  Starting work for com.fishit.player.v2.work.XtreamCatalogScanWorker
2026-01-30 13:20:52.536 23864-23959 XtreamCatalogScanWorker com.fishit.player.v2                 I  START sync_run_id=039f5c44-b47b-4698-b393-5bb415cb20ae mode=auto source=XTREAM scope=INCREMENTAL runtimeBudgetMs=900000 checkpoint=xtream|v=2|phase=VOD_LIST|offset=0
2026-01-30 13:20:52.538 23864-23959 RuntimeGuards           com.fishit.player.v2                 D  Manual sync (auto) - skipping battery guard (level=74%)
2026-01-30 13:20:52.539 23864-23959 XtreamCatalogScanWorker com.fishit.player.v2                 D  Catalog sync: includeVod=true includeSeries=true includeEpisodes=false (lazy) includeLive=true scope=INCREMENTAL enhanced=true
2026-01-30 13:20:52.542 23864-23959 XtreamCatalogScanWorker com.fishit.player.v2                 I  Using CHANNEL-BUFFERED sync: buffer=1000, consumers=3 (25-30% faster than enhanced sync)
2026-01-30 13:20:52.545 23864-23958 XtreamCatalogScanWorker com.fishit.player.v2                 D  Channel-buffered catalog sync started
2026-01-30 13:20:52.545 23864-23957 CatalogSyncService      com.fishit.player.v2                 I  Starting channel-buffered Xtream sync: buffer=1000, consumers=3
2026-01-30 13:20:52.553 23864-23959 XtreamCatalogPipeline   com.fishit.player.v2                 I  Starting Xtream catalog scan: vod=true, series=true, episodes=false, live=true
2026-01-30 13:20:52.555 23864-23953 XtreamCatalogPipeline   com.fishit.player.v2                 D  [LIVE] Starting parallel scan (streaming)...
2026-01-30 13:20:52.557 23864-23942 XtreamCatalogPipeline   com.fishit.player.v2                 D  [SERIES] Starting scan (after slot available)...
2026-01-30 13:20:52.563 23864-23953 XtreamApiClient         com.fishit.player.v2                 D  buildPlayerApiUrl: action=get_live_streams -> konigtv.com/player_api.php
2026-01-30 13:20:52.563 23864-23942 XtreamApiClient         com.fishit.player.v2                 D  buildPlayerApiUrl: action=get_series -> konigtv.com/player_api.php
2026-01-30 13:20:52.566 23864-23953 XtreamApiClient         com.fishit.player.v2                 D  streamFromUrl: CALLED for konigtv.com/player_api.php
2026-01-30 13:20:52.566 23864-23942 XtreamApiClient         com.fishit.player.v2                 D  streamFromUrl: CALLED for konigtv.com/player_api.php
2026-01-30 13:20:52.805 23864-23953 XtreamApiClient         com.fishit.player.v2                 D  StreamingFetch: Detected GZIP for konigtv.com/player_api.php (manual decompression)
2026-01-30 13:20:52.807 23864-23953 XtreamApiClient         com.fishit.player.v2                 D  StreamingFetch: Success for konigtv.com/player_api.php, streaming response
2026-01-30 13:20:52.810 23864-23953 XtreamApiClient         com.fishit.player.v2                 D  streamFromUrl: Starting StreamingJsonParser.streamInBatches() for konigtv.com/player_api.php
2026-01-30 13:20:52.960 23864-23942 XtreamApiClient         com.fishit.player.v2                 D  StreamingFetch: Detected GZIP for konigtv.com/player_api.php (manual decompression)
2026-01-30 13:20:52.963 23864-23942 XtreamApiClient         com.fishit.player.v2                 D  StreamingFetch: Success for konigtv.com/player_api.php, streaming response
2026-01-30 13:20:52.969 23864-23942 XtreamApiClient         com.fishit.player.v2                 D  streamFromUrl: Starting StreamingJsonParser.streamInBatches() for konigtv.com/player_api.php
2026-01-30 13:20:52.986 23864-23953 XTC                     com.fishit.player.v2                 D  [LIVE] DTO→Raw #1 | id=xtream:live:81568 | title="DE HEVC" | sourceType=XTREAM | Fields: ✓[poster] ✗[year, plot, cast, director, backdrop, duration, tmdb]
2026-01-30 13:20:53.058 23864-23956 XtreamCatalogPipeline   com.fishit.player.v2                 D  [VOD] Starting parallel scan (streaming)...
2026-01-30 13:20:53.069 23864-23956 XtreamApiClient         com.fishit.player.v2                 D  buildPlayerApiUrl: action=get_vod_streams -> konigtv.com/player_api.php
2026-01-30 13:20:53.073 23864-23956 XtreamApiClient         com.fishit.player.v2                 D  streamFromUrl: CALLED for konigtv.com/player_api.php
2026-01-30 13:20:53.088 23864-23953 XTC                     com.fishit.player.v2                 D  [LIVE] DTO→Raw #50 | id=xtream:live:71808 | title="DE: Deluxe Music HEVC" | sourceType=XTREAM | Fields: ✓[poster] ✗[year, plot, cast, director, backdrop, duration, tmdb]
2026-01-30 13:20:53.168 23864-23953 XTC                     com.fishit.player.v2                 D  [LIVE] DTO→Raw #100 | id=xtream:live:49200 | title="DE: Pro 7 Maxx FHD" | sourceType=XTREAM | Fields: ✓[poster] ✗[year, plot, cast, director, backdrop, duration, tmdb]
2026-01-30 13:20:53.247 23864-23953 XTC                     com.fishit.player.v2                 D  [LIVE] DTO→Raw #150 | id=xtream:live:361561 | title="DE: NDR Hamburg" | sourceType=XTREAM | Fields: ✓[poster] ✗[year, plot, cast, director, backdrop, duration, tmdb]
2026-01-30 13:20:53.318 23864-23953 XTC                     com.fishit.player.v2                 D  [LIVE] DTO→Raw #200 | id=xtream:live:197779 | title="DE: QVC STYLE TV" | sourceType=XTREAM | Fields: ✓[poster] ✗[year, plot, cast, director, backdrop, duration, tmdb]
2026-01-30 13:20:53.344 23864-23942 XTC                     com.fishit.player.v2                 D  [SERIES] DTO→Raw #1 | id=xtream:series:-441 | title="Madam Secretary" | sourceType=XTREAM | Fields: ✓[plot(542c), cast, poster, duration=2700000ms] ✗[year, director, backdrop, tmdb]
2026-01-30 13:20:53.383 23864-23953 XTC                     com.fishit.player.v2                 D  [LIVE] DTO→Raw #250 | id=xtream:live:67411 | title="DE: Bndliga 7 SD" | sourceType=XTREAM | Fields: ✓[poster] ✗[year, plot, cast, director, backdrop, duration, tmdb]
2026-01-30 13:20:53.392 23864-23942 XTC                     com.fishit.player.v2                 D  [SERIES] DTO→Raw #50 | id=xtream:series:365 | title="4 Blocks" | sourceType=XTREAM | Fields: ✓[plot(424c), cast, poster, duration=3000000ms] ✗[year, director, backdrop, tmdb]
2026-01-30 13:20:53.430 23864-23953 XTC                     com.fishit.player.v2                 D  [LIVE] DTO→Raw #300 | id=xtream:live:354423 | title="DE: Bundesliga Tivibu 2 (Türkisch)" | sourceType=XTREAM | Fields: ✓[poster] ✗[year, plot, cast, director, backdrop, duration, tmdb]
2026-01-30 13:20:53.431 23864-23942 XTC                     com.fishit.player.v2                 D  [SERIES] DTO→Raw #100 | id=xtream:series:687 | title="The I-Land" | sourceType=XTREAM | Fields: ✓[plot(471c), cast, poster, duration=2520000ms] ✗[year, director, backdrop, tmdb]
2026-01-30 13:20:53.471 23864-23942 XTC                     com.fishit.player.v2                 D  [SERIES] DTO→Raw #150 | id=xtream:series:784 | title="Who Killed Jeffrey Epstein" | sourceType=XTREAM | Fields: ✓[poster] ✗[year, plot, cast, director, backdrop, duration, tmdb]
2026-01-30 13:20:53.474 23864-23953 XTC                     com.fishit.player.v2                 D  [LIVE] DTO→Raw #350 | id=xtream:live:181819 | title="MyTeam TV - 7" | sourceType=XTREAM | Fields: ✓[poster] ✗[year, plot, cast, director, backdrop, duration, tmdb]
2026-01-30 13:20:53.507 23864-23942 XTC                     com.fishit.player.v2                 D  [SERIES] DTO→Raw #200 | id=xtream:series:1141 | title="Godless" | sourceType=XTREAM | Fields: ✓[plot(170c), cast, poster, duration=4800000ms] ✗[year, director, backdrop, tmdb]
2026-01-30 13:20:53.514 23864-23953 XTC                     com.fishit.player.v2                 D  [LIVE] DTO→Raw #400 | id=xtream:live:795605 | title="DE: DEL2 EVENT 16" | sourceType=XTREAM | Fields: ✓[poster] ✗[year, plot, cast, director, backdrop, duration, tmdb]
2026-01-30 13:20:53.540 23864-23942 XTC                     com.fishit.player.v2                 D  [SERIES] DTO→Raw #250 | id=xtream:series:1344 | title="LOL: Last One Laughing" | sourceType=XTREAM | Fields: ✓[plot(258c), cast, poster] ✗[year, director, backdrop, duration, tmdb]
2026-01-30 13:20:53.550 23864-23953 XTC                     com.fishit.player.v2                 D  [LIVE] DTO→Raw #450 | id=xtream:live:792958 | title="DE: RTL+ SPORT EVENT 17" | sourceType=XTREAM | Fields: ✓[poster] ✗[year, plot, cast, director, backdrop, duration, tmdb]
2026-01-30 13:20:53.573 23864-23942 XTC                     com.fishit.player.v2                 D  [SERIES] DTO→Raw #300 | id=xtream:series:1475 | title="Panic" | sourceType=XTREAM | Fields: ✓[plot(526c), cast, poster, duration=2700000ms] ✗[year, director, backdrop, tmdb]
2026-01-30 13:20:53.590 23864-23953 XTC                     com.fishit.player.v2                 D  [LIVE] DTO→Raw #500 | id=xtream:live:797354 | title="DE: DAZN EVENT 26 HD" | sourceType=XTREAM | Fields: ✓[poster] ✗[year, plot, cast, director, backdrop, duration, tmdb]
2026-01-30 13:20:53.592 23864-23954 XtreamCatalogScanWorker com.fishit.player.v2                 D  PROGRESS discovered=826 persisted=0 phase=N/A
2026-01-30 13:20:53.610 23864-23942 XTC                     com.fishit.player.v2                 D  [SERIES] DTO→Raw #350 | id=xtream:series:1604 | title="Monster bei der Arbeit" | sourceType=XTREAM | Fields: ✓[plot(482c), cast, poster, duration=1620000ms] ✗[year, director, backdrop, tmdb]
2026-01-30 13:20:53.649 23864-23942 XTC                     com.fishit.player.v2                 D  [SERIES] DTO→Raw #400 | id=xtream:series:1752 | title="The North Water" | sourceType=XTREAM | Fields: ✓[plot(570c), cast, poster, duration=3600000ms] ✗[year, director, backdrop, tmdb]
2026-01-30 13:20:53.686 23864-23942 XTC                     com.fishit.player.v2                 D  [SERIES] DTO→Raw #450 | id=xtream:series:1972 | title="Tales of Zestiria the X" | sourceType=XTREAM | Fields: ✓[plot(603c), cast, poster, duration=1380000ms] ✗[year, director, backdrop, tmdb]
2026-01-30 13:20:53.709 23864-23953 XTC                     com.fishit.player.v2                 D  [LIVE] DTO→Raw #550 | id=xtream:live:744166 | title="DE: DYN SPORT 25" | sourceType=XTREAM | Fields: ✓[poster] ✗[year, plot, cast, director, backdrop, duration, tmdb]
2026-01-30 13:20:53.717 23864-23942 XTC                     com.fishit.player.v2                 D  [SERIES] DTO→Raw #500 | id=xtream:series:2039 | title="Die Abenteuer des Odysseus" | sourceType=XTREAM | Fields: ✓[plot(841c), cast, poster, duration=5280000ms] ✗[year, director, backdrop, tmdb]
2026-01-30 13:20:53.719 23864-23955 XtreamCatalogScanWorker com.fishit.player.v2                 D  PROGRESS discovered=1064 persisted=0 phase=N/A
2026-01-30 13:20:53.745 23864-23953 XTC                     com.fishit.player.v2                 D  [LIVE] DTO→Raw #600 | id=xtream:live:121760 | title="DE: Spiegel TV Wissen RAW" | sourceType=XTREAM | Fields: ✓[poster] ✗[year, plot, cast, director, backdrop, duration, tmdb]
2026-01-30 13:20:53.781 23864-23953 XTC                     com.fishit.player.v2                 D  [LIVE] DTO→Raw #650 | id=xtream:live:48858 | title="DE: Sky Cinema Highlights FHD" | sourceType=XTREAM | Fields: ✓[poster] ✗[year, plot, cast, director, backdrop, duration, tmdb]
2026-01-30 13:20:53.792 23864-23940 CatalogSyncService      com.fishit.player.v2                 D  Persisting Xtream catalog batch (NX-ONLY): 400 items (canonical_linking=true)
2026-01-30 13:20:53.813 23864-24223 CatalogSyncService      com.fishit.player.v2                 D  Persisting Xtream catalog batch (NX-ONLY): 400 items (canonical_linking=true)
2026-01-30 13:20:53.813 23864-23953 XTC                     com.fishit.player.v2                 D  [LIVE] DTO→Raw #700 | id=xtream:live:733471 | title="DE: 2 BROKE GIRLS" | sourceType=XTREAM | Fields: ✓[poster] ✗[year, plot, cast, director, backdrop, duration, tmdb]
2026-01-30 13:20:53.816 23864-23955 CatalogSyncService      com.fishit.player.v2                 D  Persisting Xtream catalog batch (NX-ONLY): 400 items (canonical_linking=true)
2026-01-30 13:20:53.847 23864-23953 XTC                     com.fishit.player.v2                 D  [LIVE] DTO→Raw #750 | id=xtream:live:749839 | title="DE: EDGAR WALLACE MIX" | sourceType=XTREAM | Fields: ✓[poster] ✗[year, plot, cast, director, backdrop, duration, tmdb]
2026-01-30 13:20:53.877 23864-23953 XTC                     com.fishit.player.v2                 D  [LIVE] DTO→Raw #800 | id=xtream:live:729970 | title="DE: POLICE ACADEMY" | sourceType=XTREAM | Fields: ✓[poster] ✗[year, plot, cast, director, backdrop, duration, tmdb]
2026-01-30 13:20:53.909 23864-23953 XTC                     com.fishit.player.v2                 D  [LIVE] DTO→Raw #850 | id=xtream:live:140923 | title="DE: X-Men HD 24/7" | sourceType=XTREAM | Fields: ✓[poster] ✗[year, plot, cast, director, backdrop, duration, tmdb]
2026-01-30 13:20:53.929 23864-23942 XTC                     com.fishit.player.v2                 D  [SERIES] DTO→Raw #550 | id=xtream:series:2129 | title="Weihnachtsmann & Co. KG" | sourceType=XTREAM | Fields: ✓[plot(468c), cast, poster] ✗[year, director, backdrop, duration, tmdb]
2026-01-30 13:20:53.944 23864-23953 XTC                     com.fishit.player.v2                 D  [LIVE] DTO→Raw #900 | id=xtream:live:364840 | title="DE: TOM HARDY - 24/7" | sourceType=XTREAM | Fields: ✓[poster] ✗[year, plot, cast, director, backdrop, duration, tmdb]
2026-01-30 13:20:53.962 23864-23942 XTC                     com.fishit.player.v2                 D  [SERIES] DTO→Raw #600 | id=xtream:series:2346 | title="Shadow and Bone" | sourceType=XTREAM | Fields: ✓[plot(164c), cast, poster, duration=3120000ms] ✗[year, director, backdrop, tmdb]
2026-01-30 13:20:53.979 23864-23953 XTC                     com.fishit.player.v2                 D  [LIVE] DTO→Raw #950 | id=xtream:live:140794 | title="DE: See - Reich der Blinden - Premium 24" | sourceType=XTREAM | Fields: ✓[poster] ✗[year, plot, cast, director, backdrop, duration, tmdb]
2026-01-30 13:20:53.993 23864-23942 XTC                     com.fishit.player.v2                 D  [SERIES] DTO→Raw #650 | id=xtream:series:2445 | title="And Just Like That…" | sourceType=XTREAM | Fields: ✓[plot(200c), cast, poster, duration=2640000ms] ✗[year, director, backdrop, tmdb]
2026-01-30 13:20:54.018 23864-23953 XTC                     com.fishit.player.v2                 D  [LIVE] DTO→Raw #1000 | id=xtream:live:143675 | title="DE: Bad Blood 24/7" | sourceType=XTREAM | Fields: ✓[poster] ✗[year, plot, cast, director, backdrop, duration, tmdb]
2026-01-30 13:20:54.019 23864-23941 XtreamCatalogScanWorker com.fishit.player.v2                 D  PROGRESS discovered=1678 persisted=0 phase=N/A
2026-01-30 13:20:54.032 23864-23942 XTC                     com.fishit.player.v2                 D  [SERIES] DTO→Raw #700 | id=xtream:series:2513 | title="Deep Shit" | sourceType=XTREAM | Fields: ✓[plot(317c), cast, poster, duration=1500000ms] ✗[year, director, backdrop, tmdb]
2026-01-30 13:20:54.064 23864-23942 XTC                     com.fishit.player.v2                 D  [SERIES] DTO→Raw #750 | id=xtream:series:2569 | title="Sharp Objects" | sourceType=XTREAM | Fields: ✓[plot(599c), cast, poster, duration=3600000ms] ✗[year, director, backdrop, tmdb]
2026-01-30 13:20:54.098 23864-23942 XTC                     com.fishit.player.v2                 D  [SERIES] DTO→Raw #800 | id=xtream:series:2619 | title="Informer" | sourceType=XTREAM | Fields: ✓[plot(665c), cast, poster, duration=3300000ms] ✗[year, director, backdrop, tmdb]
2026-01-30 13:20:54.128 23864-23942 XTC                     com.fishit.player.v2                 D  [SERIES] DTO→Raw #850 | id=xtream:series:2670 | title="The Sniffer" | sourceType=XTREAM | Fields: ✓[cast, poster, duration=3600000ms] ✗[year, plot, director, backdrop, tmdb]
2026-01-30 13:20:54.132 23864-23953 XTC                     com.fishit.player.v2                 D  [LIVE] DTO→Raw #1050 | id=xtream:live:364966 | title="DE: SCRUBS 24/7" | sourceType=XTREAM | Fields: ✓[poster] ✗[year, plot, cast, director, backdrop, duration, tmdb]
2026-01-30 13:20:54.157 23864-23942 XTC                     com.fishit.player.v2                 D  [SERIES] DTO→Raw #900 | id=xtream:series:2721 | title="Confess" | sourceType=XTREAM | Fields: ✓[cast, poster, duration=1380000ms] ✗[year, plot, director, backdrop, tmdb]
2026-01-30 13:20:54.159 23864-23953 XTC                     com.fishit.player.v2                 D  [LIVE] DTO→Raw #1100 | id=xtream:live:102696 | title="DE: Vera Marvel 5" | sourceType=XTREAM | Fields: ✓[poster] ✗[year, plot, cast, director, backdrop, duration, tmdb]
2026-01-30 13:20:54.187 23864-23942 XTC                     com.fishit.player.v2                 D  [SERIES] DTO→Raw #950 | id=xtream:series:2771 | title="Riverdale" | sourceType=XTREAM | Fields: ✓[plot(606c), cast, poster, duration=2700000ms] ✗[year, director, backdrop, tmdb]
2026-01-30 13:20:54.189 23864-23953 XTC                     com.fishit.player.v2                 D  [LIVE] DTO→Raw #1150 | id=xtream:live:150141 | title="DE-SELECT: 2 - ANEMONE" | sourceType=XTREAM | Fields: ✓[poster] ✗[year, plot, cast, director, backdrop, duration, tmdb]
2026-01-30 13:20:54.220 23864-23942 XTC                     com.fishit.player.v2                 D  [SERIES] DTO→Raw #1000 | id=xtream:series:2822 | title="Bluff City Law" | sourceType=XTREAM | Fields: ✓[cast, poster, duration=2580000ms] ✗[year, plot, director, backdrop, tmdb]
2026-01-30 13:20:54.222 23864-23953 XTC                     com.fishit.player.v2                 D  [LIVE] DTO→Raw #1200 | id=xtream:live:376376 | title="DE: One Piece - 5 Premium 24/7" | sourceType=XTREAM | Fields: ✓[poster] ✗[year, plot, cast, director, backdrop, duration, tmdb]
2026-01-30 13:20:54.222 23864-23954 XtreamCatalogScanWorker com.fishit.player.v2                 D  PROGRESS discovered=2199 persisted=0 phase=N/A
2026-01-30 13:20:54.252 23864-23953 XTC                     com.fishit.player.v2                 D  [LIVE] DTO→Raw #1250 | id=xtream:live:360770 | title="DE: Wickie und die starken Maenner 2 - 2" | sourceType=XTREAM | Fields: ✓[poster] ✗[year, plot, cast, director, backdrop, duration, tmdb]
2026-01-30 13:20:54.397 23864-23875 ishit.player.v2         com.fishit.player.v2                 I  Background young concurrent copying GC freed 332536(10MB) AllocSpace objects, 12(364KB) LOS objects, 14% free, 59MB/69MB, paused 251us,132us total 129.632ms
2026-01-30 13:20:54.627 23864-23956 XtreamApiClient         com.fishit.player.v2                 D  StreamingFetch: Detected GZIP for konigtv.com/player_api.php (manual decompression)
2026-01-30 13:20:54.628 23864-23956 XtreamApiClient         com.fishit.player.v2                 D  StreamingFetch: Success for konigtv.com/player_api.php, streaming response
2026-01-30 13:20:54.633 23864-23956 XtreamApiClient         com.fishit.player.v2                 D  streamFromUrl: Starting StreamingJsonParser.streamInBatches() for konigtv.com/player_api.php
2026-01-30 13:20:54.832 23864-23956 XTC                     com.fishit.player.v2                 D  [VOD] DTO→Raw #1 | id=xtream:vod:804345 | title="Ella McCay | 2025 | 5.2" | sourceType=XTREAM | Fields: ✓[year=2025, poster] ✗[plot, cast, director, backdrop, duration, tmdb]
2026-01-30 13:20:56.454 23864-23875 ishit.player.v2         com.fishit.player.v2                 I  Background concurrent copying GC freed 1329401(45MB) AllocSpace objects, 3(112KB) LOS objects, 49% free, 24MB/48MB, paused 93us,55us total 104.251ms
2026-01-30 13:20:57.070 23864-23957 CatalogSyncBootstrap    com.fishit.player.v2                 I  Catalog sync bootstrap triggered; activeSources=[XTREAM]
2026-01-30 13:20:57.071 23864-23957 CatalogSyncScheduler    com.fishit.player.v2                 D  Enqueueing AUTO sync
2026-01-30 13:20:57.073 23864-23957 CatalogSyncScheduler    com.fishit.player.v2                 D  Scheduling periodic incremental sync every 2 hours
2026-01-30 13:20:57.076 23864-23957 CatalogSyncScheduler    com.fishit.player.v2                 I  Periodic incremental sync scheduled: every 2 hours
2026-01-30 13:20:57.077 23864-23957 CatalogSyncBootstrap    com.fishit.player.v2                 I  Periodic incremental sync scheduled: every 2h
2026-01-30 13:20:57.092 23864-23960 WM-SystemJobScheduler   com.fishit.player.v2                 D  Scheduling work ID e14ed9ea-83a7-4a27-8369-31fa4c0b0616Job ID 3
2026-01-30 13:20:57.106 23864-23960 WM-GreedyScheduler      com.fishit.player.v2                 D  Starting work for e14ed9ea-83a7-4a27-8369-31fa4c0b0616
2026-01-30 13:20:57.106 23864-23864 WM-SystemJobService     com.fishit.player.v2                 D  onStartJob for WorkGenerationalId(workSpecId=e14ed9ea-83a7-4a27-8369-31fa4c0b0616, generation=0)
2026-01-30 13:20:57.128 23864-23960 WM-SystemJobScheduler   com.fishit.player.v2                 D  Scheduling work ID 59d04654-c128-48a3-a9e6-1eee1c510f86Job ID 4
2026-01-30 13:20:57.141 23864-23960 WM-GreedyScheduler      com.fishit.player.v2                 D  Starting tracking for 59d04654-c128-48a3-a9e6-1eee1c510f86
2026-01-30 13:20:57.147 23864-23864 WM-SystemJobService     com.fishit.player.v2                 D  onStartJob for WorkGenerationalId(workSpecId=59d04654-c128-48a3-a9e6-1eee1c510f86, generation=0)
2026-01-30 13:20:57.148 23864-23960 WM-Processor            com.fishit.player.v2                 D  Processor: processing WorkGenerationalId(workSpecId=e14ed9ea-83a7-4a27-8369-31fa4c0b0616, generation=0)
2026-01-30 13:20:57.157 23864-23960 WM-Processor            com.fishit.player.v2                 D  Work WorkGenerationalId(workSpecId=e14ed9ea-83a7-4a27-8369-31fa4c0b0616, generation=0) is already enqueued for processing
2026-01-30 13:20:57.179 23864-23864 WM-WorkerWrapper        com.fishit.player.v2                 D  Starting work for com.fishit.player.v2.work.CatalogSyncOrchestratorWorker
2026-01-30 13:20:57.180 23864-23953 CatalogSyn...atorWorker com.fishit.player.v2                 I  START sync_run_id=6bd6149a-c9c1-4d89-9cfd-99a899c4cef1 mode=auto
2026-01-30 13:20:57.182 23864-23960 WM-Processor            com.fishit.player.v2                 D  Processor: processing WorkGenerationalId(workSpecId=59d04654-c128-48a3-a9e6-1eee1c510f86, generation=0)
2026-01-30 13:20:57.183 23864-23953 RuntimeGuards           com.fishit.player.v2                 D  Manual sync (auto) - skipping battery guard (level=74%)
2026-01-30 13:20:57.183 23864-23953 CatalogSyn...atorWorker com.fishit.player.v2                 I  Active sources check: [XTREAM] (isEmpty=false)
2026-01-30 13:20:57.184 23864-23953 CatalogSyn...atorWorker com.fishit.player.v2                 D  Active sources: [XTREAM] (TELEGRAM=false, XTREAM=true, IO=false)
2026-01-30 13:20:57.191 23864-23953 CatalogSyn...atorWorker com.fishit.player.v2                 D  Enqueued Xtream chain: work_name=catalog_sync_global_xtream policy=KEEP workers=2
2026-01-30 13:20:57.192 23864-23953 CatalogSyn...atorWorker com.fishit.player.v2                 D  Telegram not in active sources - skipping Telegram workers
2026-01-30 13:20:57.192 23864-23864 WM-WorkerWrapper        com.fishit.player.v2                 D  Starting work for com.fishit.player.v2.work.CatalogSyncOrchestratorWorker
2026-01-30 13:20:57.193 23864-23958 CatalogSyn...atorWorker com.fishit.player.v2                 I  START sync_run_id=periodic_1769775657074 mode=incremental
2026-01-30 13:20:57.193 23864-23953 CatalogSyn...atorWorker com.fishit.player.v2                 D  📊 WorkInfo chains enqueued:
                                                                                                      [XTREAM] work_name=catalog_sync_global_xtream → ENQUEUED
                                                                                                      Use 'adb shell dumpsys jobscheduler' or WorkManager Inspector for detailed state
2026-01-30 13:20:57.194 23864-23953 CatalogSyn...atorWorker com.fishit.player.v2                 I  CHAINS_ENQUEUED duration_ms=14 policy=KEEP sources=XTREAM (downstream workers will report completion)
2026-01-30 13:20:57.195 23864-23960 WM-ConstraintTracker    com.fishit.player.v2                 D  BatteryNotLowTracker: initial state = true
2026-01-30 13:20:57.195 23864-23960 WM-BrdcstRcvrCnstrntTrc com.fishit.player.v2                 D  BatteryNotLowTracker: registering receiver
2026-01-30 13:20:57.196 23864-23958 RuntimeGuards           com.fishit.player.v2                 D  Manual sync (incremental) - skipping battery guard (level=74%)
2026-01-30 13:20:57.197 23864-23958 CatalogSyn...atorWorker com.fishit.player.v2                 I  Active sources check: [XTREAM] (isEmpty=false)
2026-01-30 13:20:57.197 23864-23958 CatalogSyn...atorWorker com.fishit.player.v2                 D  Active sources: [XTREAM] (TELEGRAM=false, XTREAM=true, IO=false)
2026-01-30 13:20:57.199 23864-23958 CatalogSyn...atorWorker com.fishit.player.v2                 D  Enqueued Xtream chain: work_name=catalog_sync_global_xtream policy=KEEP workers=2
2026-01-30 13:20:57.200 23864-23958 CatalogSyn...atorWorker com.fishit.player.v2                 D  Telegram not in active sources - skipping Telegram workers
2026-01-30 13:20:57.200 23864-23958 CatalogSyn...atorWorker com.fishit.player.v2                 D  📊 WorkInfo chains enqueued:
                                                                                                      [XTREAM] work_name=catalog_sync_global_xtream → ENQUEUED
                                                                                                      Use 'adb shell dumpsys jobscheduler' or WorkManager Inspector for detailed state
2026-01-30 13:20:57.201 23864-23958 CatalogSyn...atorWorker com.fishit.player.v2                 I  CHAINS_ENQUEUED duration_ms=7 policy=KEEP sources=XTREAM (downstream workers will report completion)
2026-01-30 13:20:57.205 23864-23960 WM-ConstraintTracker    com.fishit.player.v2                 D  NetworkStateTracker24: initial state = NetworkState(isConnected=true, isValidated=true, isMetered=true, isNotRoaming=true)
2026-01-30 13:20:57.205 23864-23960 WM-NetworkStateTracker  com.fishit.player.v2                 D  Registering network callback
2026-01-30 13:20:57.207 23864-23960 ConnectivityManager     com.fishit.player.v2                 D  StackLog: [android.net.ConnectivityManager.sendRequestForNetwork(ConnectivityManager.java:4402)] [android.net.ConnectivityManager.registerDefaultNetworkCallbackForUid(ConnectivityManager.java:4966)] [android.net.ConnectivityManager.registerDefaultNetworkCallback(ConnectivityManager.java:4933)] [android.net.ConnectivityManager.registerDefaultNetworkCallback(ConnectivityManager.java:4907)] [androidx.work.impl.utils.NetworkApi24.registerDefaultNetworkCallbackCompat(NetworkApi24.kt:26)] [androidx.work.impl.constraints.trackers.NetworkStateTracker24.startTracking(NetworkStateTracker.kt:165)] [androidx.work.impl.constraints.trackers.ConstraintTracker.addListener(ConstraintTracker.kt:52)] [androidx.work.impl.constraints.controllers.BaseConstraintController$track$1.invokeSuspend(ContraintControllers.kt:62)] [androidx.work.impl.constraints.controllers.BaseConstraintController$track$1.invoke(Unknown Source:8)] [androidx.work.impl.constraints.controllers.BaseConstraintController$track$1.invoke(Unknown Source:4)] [kotlinx.coroutines.flow.ChannelFlowBuilder.collectTo$suspendImpl(Builders.kt:316)] [kotlinx.coroutines.flow.ChannelFlowBuilder.collectTo(Unknown Source:0)] [kotlinx.coroutines.flow.CallbackFlowBuilder.collectTo(Builders.kt:330)] [kotlinx.coroutines.flow.internal.ChannelFlow$collectToFun$1.invokeSuspend(ChannelFlow.kt:56)] [kotlin.coroutines.jvm.internal.BaseContinuationImpl.resumeWith(ContinuationImpl.kt:34)] [kotlinx.coroutines.DispatchedTask.run(DispatchedTask.kt:100)] [androidx.work.impl.utils.SerialExecutorImpl$Task.run(SerialExecutorImpl.java:96)] [java.util.concurrent.ThreadPoolExecutor.runWorker(ThreadPoolExecutor.java:1145)] [java.util.concurrent.ThreadPoolExecutor$Worker.run(ThreadPoolExecutor.java:644)] [java.lang.Thread.run(Thread.java:1012)]
2026-01-30 13:20:57.219 23864-24228 WM-NetworkStateTracker  com.fishit.player.v2                 D  Network capabilities changed: [ Transports: CELLULAR Capabilities: SUPL&INTERNET&NOT_RESTRICTED&TRUSTED&NOT_VPN&VALIDATED&NOT_ROAMING&FOREGROUND&NOT_CONGESTED&NOT_SUSPENDED&NOT_VCN_MANAGED LinkUpBandwidth>=23114Kbps LinkDnBandwidth>=50968Kbps Specifier: <TelephonyNetworkSpecifier [mSubId = 1]> SubscriptionIds: {1} UnderlyingNetworks: Null]
2026-01-30 13:20:57.227 23864-23973 WM-EnqueueRunnable      com.fishit.player.v2                 E  Prerequisite ebddb368-5f32-42b7-b91e-3955b9971d4d doesn't exist; not enqueuing
2026-01-30 13:20:57.235 23864-23973 WM-WorkerWrapper        com.fishit.player.v2                 I  Worker result SUCCESS for Work [ id=e14ed9ea-83a7-4a27-8369-31fa4c0b0616, tags={ com.fishit.player.v2.work.CatalogSyncOrchestratorWorker,catalog_sync,mode_auto,worker/CatalogSyncOrchestratorWorker } ]
2026-01-30 13:20:57.243 23864-23864 WM-Processor            com.fishit.player.v2                 D  Processor e14ed9ea-83a7-4a27-8369-31fa4c0b0616 executed; reschedule = false
2026-01-30 13:20:57.243 23864-23864 WM-SystemJobService     com.fishit.player.v2                 D  e14ed9ea-83a7-4a27-8369-31fa4c0b0616 executed on JobScheduler
2026-01-30 13:20:57.249 23864-23973 WM-EnqueueRunnable      com.fishit.player.v2                 E  Prerequisite 315c2057-2e62-4793-a251-5f91191e534c doesn't exist; not enqueuing
2026-01-30 13:20:57.255 23864-23973 WM-WorkerWrapper        com.fishit.player.v2                 I  Worker result SUCCESS for Work [ id=59d04654-c128-48a3-a9e6-1eee1c510f86, tags={ com.fishit.player.v2.work.CatalogSyncOrchestratorWorker,catalog_sync,mode_incremental,worker/CatalogSyncOrchestratorWorker } ]
2026-01-30 13:20:57.264 23864-23864 WM-Processor            com.fishit.player.v2                 D  Processor 59d04654-c128-48a3-a9e6-1eee1c510f86 executed; reschedule = false
2026-01-30 13:20:57.264 23864-23864 WM-GreedyScheduler      com.fishit.player.v2                 D  Stopping tracking for WorkGenerationalId(workSpecId=59d04654-c128-48a3-a9e6-1eee1c510f86, generation=0)
2026-01-30 13:20:57.266 23864-23864 WM-SystemJobService     com.fishit.player.v2                 D  59d04654-c128-48a3-a9e6-1eee1c510f86 executed on JobScheduler
2026-01-30 13:20:57.274 23864-23960 WM-GreedyScheduler      com.fishit.player.v2                 D  Cancelling work ID e14ed9ea-83a7-4a27-8369-31fa4c0b0616
2026-01-30 13:20:57.285 23864-23960 WM-SystemJobScheduler   com.fishit.player.v2                 D  Scheduling work ID 59d04654-c128-48a3-a9e6-1eee1c510f86Job ID 4
2026-01-30 13:20:57.311 23864-23972 WM-GreedyScheduler      com.fishit.player.v2                 D  Cancelling work ID 59d04654-c128-48a3-a9e6-1eee1c510f86
2026-01-30 13:20:57.322 23864-23960 WM-BrdcstRcvrCnstrntTrc com.fishit.player.v2                 D  BatteryNotLowTracker: unregistering receiver
2026-01-30 13:20:57.325 23864-23960 WM-NetworkStateTracker  com.fishit.player.v2                 D  Unregistering network callback
2026-01-30 13:20:57.325 23864-23960 ConnectivityManager     com.fishit.player.v2                 D  StackLog: [android.net.ConnectivityManager.unregisterNetworkCallback(ConnectivityManager.java:5076)] [androidx.work.impl.utils.NetworkApi21.unregisterNetworkCallbackCompat(NetworkApi21.kt:28)] [androidx.work.impl.constraints.trackers.NetworkStateTracker24.stopTracking(NetworkStateTracker.kt:180)] [androidx.work.impl.constraints.trackers.ConstraintTracker.removeListener(ConstraintTracker.kt:67)] [androidx.work.impl.constraints.controllers.BaseConstraintController$track$1$1.invoke(ContraintControllers.kt:63)] [androidx.work.impl.constraints.controllers.BaseConstraintController$track$1$1.invoke(ContraintControllers.kt:63)] [kotlinx.coroutines.channels.ProduceKt.awaitClose(Produce.kt:69)] [kotlinx.coroutines.channels.ProduceKt$awaitClose$1.invokeSuspend(Unknown Source:13)] [kotlin.coroutines.jvm.internal.BaseContinuationImpl.resumeWith(ContinuationImpl.kt:34)] [kotlinx.coroutines.DispatchedTask.run(DispatchedTask.kt:98)] [androidx.work.impl.utils.SerialExecutorImpl$Task.run(SerialExecutorImpl.java:96)] [java.util.concurrent.ThreadPoolExecutor.runWorker(ThreadPoolExecutor.java:1145)] [java.util.concurrent.ThreadPoolExecutor$Worker.run(ThreadPoolExecutor.java:644)] [java.lang.Thread.run(Thread.java:1012)]
2026-01-30 13:20:58.594 23864-23954 CatalogSyncService      com.fishit.player.v2                 W  Xtream batch (NX): ingested=400 failed=0 hint_warnings=180 ingest_ms=4801 total_ms=4802
2026-01-30 13:20:58.613 23864-23954 CatalogSyncService      com.fishit.player.v2                 D  Persisting Xtream catalog batch (NX-ONLY): 400 items (canonical_linking=true)
2026-01-30 13:20:58.617 23864-23941 XTC                     com.fishit.player.v2                 D  [LIVE] DTO→Raw #1300 | id=xtream:live:769591 | title="Black Visionaries" | sourceType=XTREAM | Fields: ✓[poster] ✗[year, plot, cast, director, backdrop, duration, tmdb]
2026-01-30 13:20:58.619 23864-23955 XTC                     com.fishit.player.v2                 D  [VOD] DTO→Raw #50 | id=xtream:vod:801981 | title="Anaconda | 2025 | 6.7" | sourceType=XTREAM | Fields: ✓[year=2025, poster] ✗[plot, cast, director, backdrop, duration, tmdb]
2026-01-30 13:20:58.630 23864-23955 XTC                     com.fishit.player.v2                 D  [VOD] DTO→Raw #100 | id=xtream:vod:800634 | title="Whiteout - Überleben ist alles | 2025 | " | sourceType=XTREAM | Fields: ✓[year=2025, poster] ✗[plot, cast, director, backdrop, duration, tmdb]
2026-01-30 13:20:58.634 23864-24226 XTC                     com.fishit.player.v2                 D  [SERIES] DTO→Raw #1050 | id=xtream:series:2876 | title="New Amsterdam" | sourceType=XTREAM | Fields: ✓[plot(648c), cast, poster, duration=2580000ms] ✗[year, director, backdrop, tmdb]
2026-01-30 13:20:58.639 23864-23941 XTC                     com.fishit.player.v2                 D  [LIVE] DTO→Raw #1350 | id=xtream:live:769641 | title="Perry Mason" | sourceType=XTREAM | Fields: ✓[poster] ✗[year, plot, cast, director, backdrop, duration, tmdb]
2026-01-30 13:20:58.650 23864-23955 XTC                     com.fishit.player.v2                 D  [VOD] DTO→Raw #150 | id=xtream:vod:798830 | title="825 Forest Road | 2025 | 5.9 |" | sourceType=XTREAM | Fields: ✓[year=2025, poster] ✗[plot, cast, director, backdrop, duration, tmdb]
2026-01-30 13:20:58.657 23864-24226 XTC                     com.fishit.player.v2                 D  [SERIES] DTO→Raw #1100 | id=xtream:series:2929 | title="Top of the Lake" | sourceType=XTREAM | Fields: ✓[plot(379c), cast, poster, duration=2700000ms] ✗[year, director, backdrop, tmdb]
2026-01-30 13:20:58.725 23864-23942 CatalogSyncService      com.fishit.player.v2                 W  Xtream batch (NX): ingested=400 failed=0 hint_warnings=159 ingest_ms=4908 total_ms=4909
2026-01-30 13:20:58.728 23864-23955 XTC                     com.fishit.player.v2                 D  [LIVE] DTO→Raw #1400 | id=xtream:live:769691 | title="Dateline 24/7" | sourceType=XTREAM | Fields: ✓[poster] ✗[year, plot, cast, director, backdrop, duration, tmdb]
2026-01-30 13:20:58.736 23864-24226 XTC                     com.fishit.player.v2                 D  [VOD] DTO→Raw #200 | id=xtream:vod:797304 | title="Frankenstein | 2025 | 7.9 |" | sourceType=XTREAM | Fields: ✓[year=2025, poster] ✗[plot, cast, director, backdrop, duration, tmdb]
2026-01-30 13:20:58.751 23864-23959 XTC                     com.fishit.player.v2                 D  [LIVE] DTO→Raw #1450 | id=xtream:live:769741 | title="Top Chef Vault" | sourceType=XTREAM | Fields: ✓[poster] ✗[year, plot, cast, director, backdrop, duration, tmdb]
2026-01-30 13:20:58.754 23864-23942 CatalogSyncService      com.fishit.player.v2                 D  Persisting Xtream catalog batch (NX-ONLY): 400 items (canonical_linking=true)
