2026-01-30 12:11:19.292  1438-4675  BackupManagerService    system_server                        E  Unable to finalize restore of com.fishit.player.v2
2026-01-30 12:11:20.491  1438-1729  SemWallpap...rlayPolicy system_server                        E  for com.fishit.player.v2 checking /data/resource-cache/android-SemWT_MonetPalette-znPs.frro with existing OverlayPaths { resourceDirs = [], overlayPaths = [] }
2026-01-30 12:11:20.491  1438-1729  SemWallpap...rlayPolicy system_server                        E  for com.fishit.player.v2 checking /data/resource-cache/android-SemWT_G_MonetPalette-895z.frro with existing OverlayPaths { resourceDirs = [], overlayPaths = [] }
2026-01-30 12:11:20.491  1438-1729  SemWallpap...rlayPolicy system_server                        E  for com.fishit.player.v2 checking /data/resource-cache/android-SemWT_android-8NM2.frro with existing OverlayPaths { resourceDirs = [], overlayPaths = [] }
---------------------------- PROCESS STARTED (31051) for package com.fishit.player.v2 ----------------------------
2026-01-30 12:11:21.186 31051-31051 ActivityThread          com.fishit.player.v2                 I  Relaunch all activities: onCoreSettingsChange
2026-01-30 12:11:21.187 31051-31051 Compatibil...geReporter com.fishit.player.v2                 D  Compat change id reported: 171979766; UID 10453; state: ENABLED
2026-01-30 12:11:21.187 31051-31051 Compatibil...geReporter com.fishit.player.v2                 D  Compat change id reported: 242716250; UID 10453; state: ENABLED
2026-01-30 12:11:21.211 31051-31051 ziparchive              com.fishit.player.v2                 W  Unable to open '/data/app/~~_C5e8ar_m_CbKtHrt_55zA==/com.fishit.player.v2-xXi0lBSawFfIB0qY4zfnYQ==/base.dm': No such file or directory
2026-01-30 12:11:21.211 31051-31051 ziparchive              com.fishit.player.v2                 W  Unable to open '/data/app/~~_C5e8ar_m_CbKtHrt_55zA==/com.fishit.player.v2-xXi0lBSawFfIB0qY4zfnYQ==/base.dm': No such file or directory
2026-01-30 12:11:22.333 31051-31051 nativeloader            com.fishit.player.v2                 D  Configuring clns-4 for other apk /data/app/~~_C5e8ar_m_CbKtHrt_55zA==/com.fishit.player.v2-xXi0lBSawFfIB0qY4zfnYQ==/base.apk. target_sdk_version=35, uses_libraries=, library_path=/data/app/~~_C5e8ar_m_CbKtHrt_55zA==/com.fishit.player.v2-xXi0lBSawFfIB0qY4zfnYQ==/lib/arm64:/data/app/~~_C5e8ar_m_CbKtHrt_55zA==/com.fishit.player.v2-xXi0lBSawFfIB0qY4zfnYQ==/base.apk!/lib/arm64-v8a, permitted_path=/data:/mnt/expand:/data/user/0/com.fishit.player.v2
2026-01-30 12:11:22.382 31051-31051 GraphicsEnvironment     com.fishit.player.v2                 V  Currently set values for:
2026-01-30 12:11:22.382 31051-31051 GraphicsEnvironment     com.fishit.player.v2                 V    angle_gl_driver_selection_pkgs=[]
2026-01-30 12:11:22.382 31051-31051 GraphicsEnvironment     com.fishit.player.v2                 V    angle_gl_driver_selection_values=[]
2026-01-30 12:11:22.382 31051-31051 GraphicsEnvironment     com.fishit.player.v2                 V  ANGLE GameManagerService for com.fishit.player.v2: false
2026-01-30 12:11:22.382 31051-31051 GraphicsEnvironment     com.fishit.player.v2                 V  com.fishit.player.v2 is not listed in per-application setting
2026-01-30 12:11:22.383 31051-31051 GraphicsEnvironment     com.fishit.player.v2                 V  App is not on the allowlist for updatable production driver.
2026-01-30 12:11:22.439 31051-31051 FirebaseApp             com.fishit.player.v2                 W  Default FirebaseApp failed to initialize because no default options were found. This usually means that com.google.gms:google-services was not applied to your gradle project.
2026-01-30 12:11:22.439 31051-31051 FirebaseInitProvider    com.fishit.player.v2                 I  FirebaseApp initialization unsuccessful
2026-01-30 12:11:22.586 31051-31051 ishit.player.v2         com.fishit.player.v2                 W  Accessing hidden method Landroid/view/WindowManagerGlobal;->getInstance()Landroid/view/WindowManagerGlobal; (unsupported, reflection, allowed)
2026-01-30 12:11:22.586 31051-31051 ishit.player.v2         com.fishit.player.v2                 W  Accessing hidden field Landroid/view/WindowManagerGlobal;->mViews:Ljava/util/ArrayList; (unsupported, reflection, allowed)
2026-01-30 12:11:22.587 31051-31051 ishit.player.v2         com.fishit.player.v2                 W  Accessing hidden field Landroid/app/ActivityThread;->mH:Landroid/app/ActivityThread$H; (unsupported, reflection, allowed)
2026-01-30 12:11:22.587 31051-31051 ishit.player.v2         com.fishit.player.v2                 W  Accessing hidden method Landroid/app/ActivityThread;->currentActivityThread()Landroid/app/ActivityThread; (unsupported, reflection, allowed)
2026-01-30 12:11:22.587 31051-31051 ishit.player.v2         com.fishit.player.v2                 W  Accessing hidden field Landroid/os/Handler;->mCallback:Landroid/os/Handler$Callback; (unsupported, reflection, allowed)
2026-01-30 12:11:22.587 31051-31051 ishit.player.v2         com.fishit.player.v2                 W  Accessing hidden field Landroid/util/Singleton;->mInstance:Ljava/lang/Object; (unsupported, reflection, allowed)
2026-01-30 12:11:22.587 31051-31051 ishit.player.v2         com.fishit.player.v2                 W  Accessing hidden method Landroid/util/Singleton;->get()Ljava/lang/Object; (unsupported, reflection, allowed)
2026-01-30 12:11:22.587 31051-31051 ishit.player.v2         com.fishit.player.v2                 W  Accessing hidden field Landroid/app/ActivityManager;->IActivityManagerSingleton:Landroid/util/Singleton; (unsupported, reflection, allowed)
2026-01-30 12:11:22.899 31051-31051 LeakCanaryConfig        com.fishit.player.v2                 W  Failed to configure LeakCanary: config
2026-01-30 12:11:22.901 31051-31051 DebugToolsInitializer   com.fishit.player.v2                 I  DebugToolsInitializer started (LeakCanary available=true)
2026-01-30 12:11:22.902 31051-31051 DebugBootstraps         com.fishit.player.v2                 I  Debug bootstraps started (DebugToolsInitializer)
2026-01-30 12:11:22.904 31051-31304 DebugToolsInitializer   com.fishit.player.v2                 W  Failed to configure LeakCanary: config
2026-01-30 12:11:22.905 31051-31309 DebugToolsInitializer   com.fishit.player.v2                 I  Chucker enabled=false
2026-01-30 12:11:22.905 31051-31304 DebugToolsInitializer   com.fishit.player.v2                 I  LeakCanary enabled=false (available=true)
2026-01-30 12:11:22.924 31051-31051 WM-PackageManagerHelper com.fishit.player.v2                 D  androidx.work.impl.background.systemjob.SystemJobService enabled
2026-01-30 12:11:22.924 31051-31051 WM-Schedulers           com.fishit.player.v2                 D  Created SystemJobScheduler and enabled SystemJobService
2026-01-30 12:11:22.929 31051-31051 FishItV2Application     com.fishit.player.v2                 I  WorkManager initialized
2026-01-30 12:11:22.930 31051-31329 WM-ForceStopRunnable    com.fishit.player.v2                 D  The default process name was not specified.
2026-01-30 12:11:22.931 31051-31051 SourceActi...onObserver com.fishit.player.v2                 I  Starting activation observer
2026-01-30 12:11:22.931 31051-31329 WM-ForceStopRunnable    com.fishit.player.v2                 D  Performing cleanup operations.
2026-01-30 12:11:22.931 31051-31051 TelegramAc...onObserver com.fishit.player.v2                 I  TelegramActivationObserver starting
2026-01-30 12:11:22.933 31051-31051 CatalogSyncBootstrap    com.fishit.player.v2                 I  Catalog sync bootstrap collection started
2026-01-30 12:11:22.933 31051-31304 TelegramAc...onObserver com.fishit.player.v2                 D  Auth state=Idle (initializing/in-progress) → leaving activation unchanged
2026-01-30 12:11:22.938 31051-31051 OpenGLRenderer          com.fishit.player.v2                 D  HWUI - treat SMPTE_170M as sRGB
2026-01-30 12:11:22.939 31051-31297 CatalogSyncBootstrap    com.fishit.player.v2                 D  Source activation check: activeSources=[], hasActive=false
2026-01-30 12:11:22.988 31051-31051 ishit.player.v2         com.fishit.player.v2                 E  Invalid resource ID 0x00000000.
2026-01-30 12:11:22.998 31051-31051 DecorView               com.fishit.player.v2                 I  setWindowBackground: isPopOver=false color=ff000000 d=android.graphics.drawable.ColorDrawable@8d88214
2026-01-30 12:11:23.003 31051-31051 PhoneWindow             com.fishit.player.v2                 D  forceLight changed to false [] from com.android.internal.policy.PhoneWindow.updateForceLightNavigationBar:4373 com.android.internal.policy.PhoneWindow.setNavigationBarColor:4064 androidx.activity.EdgeToEdgeApi29.setUp:312 androidx.activity.EdgeToEdge.enable:93 androidx.activity.EdgeToEdge.enable$default:71
2026-01-30 12:11:23.027 31051-31329 Compatibil...geReporter com.fishit.player.v2                 D  Compat change id reported: 160794467; UID 10453; state: ENABLED
2026-01-30 12:11:23.030 31051-31051 Compatibil...geReporter com.fishit.player.v2                 D  Compat change id reported: 237531167; UID 10453; state: DISABLED
2026-01-30 12:11:23.033 31051-31051 ishit.player.v2         com.fishit.player.v2                 W  Accessing hidden field Lcom/android/internal/policy/DecorView;->mWindow:Lcom/android/internal/policy/PhoneWindow; (unsupported, reflection, allowed)
2026-01-30 12:11:23.038 31051-31332 NativeCust...ncyManager com.fishit.player.v2                 D  [NativeCFMS] BpCustomFrequencyManager::BpCustomFrequencyManager()
2026-01-30 12:11:23.043 31051-31352 WM-PackageManagerHelper com.fishit.player.v2                 D  Skipping component enablement for androidx.work.impl.background.systemalarm.RescheduleReceiver
2026-01-30 12:11:23.048 31051-31051 InsetsController        com.fishit.player.v2                 I  onStateChanged: host=com.fishit.player.v2/com.fishit.player.v2.MainActivity, from=android.view.ViewRootImpl.setView:1753, state=InsetsState: {mDisplayFrame=Rect(0, 0 - 1080, 2400), mDisplayCutout=DisplayCutout{insets=Rect(0, 80 - 0, 0) waterfall=Insets{left=0, top=0, right=0, bottom=0} boundingRect={Bounds=[Rect(0, 0 - 0, 0), Rect(510, 0 - 570, 80), Rect(0, 0 - 0, 0), Rect(0, 0 - 0, 0)]} cutoutPathParserInfo={CutoutPathParserInfo{displayWidth=1080 displayHeight=2400 physicalDisplayWidth=1080 physicalDisplayHeight=2400 density={3.0} cutoutSpec={M 0,0 H -10 V 26.66666666666667 H 10 V 0 H 0 Z @dp} rotation={0} scale={1.0} physicalPixelDisplaySizeRatio={1.0}}}}, mRoundedCorners=RoundedCorners{[RoundedCorner{position=TopLeft, radius=90, center=Point(90, 90)}, RoundedCorner{position=TopRight, radius=90, center=Point(990, 90)}, RoundedCorner{position=BottomRight, radius=90, center=Point(990, 2310)}, RoundedCorner{position=BottomLeft, radius=90, center=Point(90, 2310)}]}  mRoundedCornerFrame=Rect(0, 0 - 1080, 2400), mPrivacyIndicatorBounds=PrivacyIndicatorBounds {static bounds=Rect(948, 0 - 1080, 80) rotation=0}, mDisplayShape=DisplayShape{ spec=-311912193 displayWidth=1080 displayHeight=2400 physicalPixelDisplaySizeRatio=1.0 rotation=0 offsetX=0 offsetY=0 scale=1.0}, mSources= { InsetsSource: {27 mType=displayCutout mFrame=[0,0][1080,80] mVisible=true mFlags=[]}, InsetsSource: {24df0000 mType=statusBars mFrame=[0,0][1080,80] mVisible=true mFlags=[]}, InsetsSource: {24df0005 mType=mandatorySystemGestures mFrame=[0,0][1080,116] mVisible=true mFlags=[]}, InsetsSource: {24df0006 mType=tappableElement mFrame=[0,0][1080,80] mVisible=true mFlags=[]}, InsetsSource: {68b60001 mType=navigationBars mFrame=[0,2256][1080,2400] mVisible=true mFlags=[]}, InsetsSource: {68b60004 mType=systemGestures mFrame=[0,0][0,0] mVisible=true mFlags=[]}, InsetsSource: {68b60005 mType=mandatorySystemGestures mFrame=[0,2256][1080,2400] mVisible=true mFlags=[]}, InsetsSource: {68b60006 mType=tappableElement mFrame=[0,2256][1080,2400] mVisible=true mFlags=[]}, InsetsSource: {68b60024 mType=systemGestures mFrame=[0,0][0,0] mVisible=true mFlags=[]} }
2026-01-30 12:11:23.050 31051-31051 ViewRootIm...nActivity] com.fishit.player.v2                 I  synced displayState. AttachInfo displayState=2
2026-01-30 12:11:23.050 31051-31051 ViewRootIm...nActivity] com.fishit.player.v2                 I  setView = com.android.internal.policy.DecorView@75af4b0 TM=true
2026-01-30 12:11:23.050 31051-31051 IDS_TAG                 com.fishit.player.v2                 I  Starting IDS observe window
2026-01-30 12:11:23.051 31051-31051 IDS_TAG                 com.fishit.player.v2                 I  Getting Shared Preference for com.fishit.player.v2.FishItV2Application@2425622 uid = 10453
2026-01-30 12:11:23.054 31051-31051 IDS_TAG                 com.fishit.player.v2                 I  App com.fishit.player.v2.FishItV2Application@2425622 has not finished training
2026-01-30 12:11:23.055 31051-31332 OpenGLRenderer          com.fishit.player.v2                 D  CacheManager::trimMemory(10)
2026-01-30 12:11:23.056 31051-31051 IDS_TAG                 com.fishit.player.v2                 I  Closing IDS observe window
2026-01-30 12:11:23.057 31051-31051 IDS_TAG                 com.fishit.player.v2                 I  Getting Shared Preference for com.fishit.player.v2.FishItV2Application@2425622 uid = 10453
2026-01-30 12:11:23.057 31051-31051 IDS_TAG                 com.fishit.player.v2                 I  IDS count updated to 1 for com.fishit.player.v2.FishItV2Application@2425622
2026-01-30 12:11:23.315 31051-31051 BLASTBufferQueue_Java   com.fishit.player.v2                 I  new BLASTBufferQueue, mName= ViewRootImpl@7302557[MainActivity] mNativeObject= 0xb400007a14e41510 sc.mNativeObject= 0xb400007b04e3a590 caller= android.view.ViewRootImpl.updateBlastSurfaceIfNeeded:3028 android.view.ViewRootImpl.relayoutWindow:10131 android.view.ViewRootImpl.performTraversals:4110 android.view.ViewRootImpl.doTraversal:3288 android.view.ViewRootImpl$TraversalRunnable.run:11344 android.view.Choreographer$CallbackRecord.run:1689 android.view.Choreographer$CallbackRecord.run:1698 android.view.Choreographer.doCallbacks:1153 android.view.Choreographer.doFrame:1079 android.view.Choreographer$FrameDisplayEventReceiver.run:1646
2026-01-30 12:11:23.315 31051-31051 BLASTBufferQueue_Java   com.fishit.player.v2                 I  update, w= 1080 h= 2400 mName = ViewRootImpl@7302557[MainActivity] mNativeObject= 0xb400007a14e41510 sc.mNativeObject= 0xb400007b04e3a590 format= -1 caller= android.graphics.BLASTBufferQueue.<init>:89 android.view.ViewRootImpl.updateBlastSurfaceIfNeeded:3028 android.view.ViewRootImpl.relayoutWindow:10131 android.view.ViewRootImpl.performTraversals:4110 android.view.ViewRootImpl.doTraversal:3288 android.view.ViewRootImpl$TraversalRunnable.run:11344
2026-01-30 12:11:23.316 31051-31051 ViewRootIm...nActivity] com.fishit.player.v2                 I  Relayout returned: old=(0,0,1080,2400) new=(0,0,1080,2400) relayoutAsync=false req=(1080,2400)0 dur=13 res=0x403 s={true 0xb400007994e42090} ch=true seqId=0
2026-01-30 12:11:23.317 31051-31051 ViewRootIm...nActivity] com.fishit.player.v2                 I  performConfigurationChange setNightDimText nightDimLevel=0
2026-01-30 12:11:23.323 31051-31051 ViewRootIm...nActivity] com.fishit.player.v2                 D  mThreadedRenderer.initialize() mSurface={isValid=true 0xb400007994e42090} hwInitialized=true
2026-01-30 12:11:23.332 31051-31051 ViewRootIm...nActivity] com.fishit.player.v2                 D  reportNextDraw android.view.ViewRootImpl.performTraversals:4718 android.view.ViewRootImpl.doTraversal:3288 android.view.ViewRootImpl$TraversalRunnable.run:11344 android.view.Choreographer$CallbackRecord.run:1689 android.view.Choreographer$CallbackRecord.run:1698
2026-01-30 12:11:23.332 31051-31051 ViewRootIm...nActivity] com.fishit.player.v2                 I  Setup new sync=wmsSync-ViewRootImpl@7302557[MainActivity]#0
2026-01-30 12:11:23.332 31051-31051 ViewRootIm...nActivity] com.fishit.player.v2                 I  Creating new active sync group ViewRootImpl@7302557[MainActivity]#1
2026-01-30 12:11:23.335 31051-31051 ViewRootIm...nActivity] com.fishit.player.v2                 I  registerCallbacksForSync syncBuffer=false
2026-01-30 12:11:23.343 31051-31391 ViewRootIm...nActivity] com.fishit.player.v2                 I  Received frameDrawingCallback syncResult=0 frameNum=1.
2026-01-30 12:11:23.343 31051-31391 ViewRootIm...nActivity] com.fishit.player.v2                 I  mWNT: t=0xb4000078e4e464d0 mBlastBufferQueue=0xb400007a14e41510 fn= 1 mRenderHdrSdrRatio=1.0 caller= android.view.ViewRootImpl$8.onFrameDraw:13841 android.view.ThreadedRenderer$1.onFrameDraw:792 <bottom of call stack>
2026-01-30 12:11:23.343 31051-31391 ViewRootIm...nActivity] com.fishit.player.v2                 I  Setting up sync and frameCommitCallback
2026-01-30 12:11:23.494 31051-31332 BLASTBufferQueue        com.fishit.player.v2                 I  [ViewRootImpl@7302557[MainActivity]#0](f:0,a:0,s:0) onFrameAvailable the first frame is available
2026-01-30 12:11:23.494 31051-31332 ViewRootIm...nActivity] com.fishit.player.v2                 I  Received frameCommittedCallback lastAttemptedDrawFrameNum=1 didProduceBuffer=true
2026-01-30 12:11:23.496 31051-31332 OpenGLRenderer          com.fishit.player.v2                 D  CFMS:: SetUp Pid : 31051    Tid : 31332
2026-01-30 12:11:23.496 31051-31051 ViewRootIm...nActivity] com.fishit.player.v2                 I  reportDrawFinished seqId=0
2026-01-30 12:11:23.498 31051-31332 OpenGLRenderer          com.fishit.player.v2                 D  HWUI - treat SMPTE_170M as sRGB
2026-01-30 12:11:23.509 31051-31051 InsetsSourceConsumer    com.fishit.player.v2                 I  applyRequestedVisibilityToControl: visible=true, type=navigationBars, host=com.fishit.player.v2/com.fishit.player.v2.MainActivity
2026-01-30 12:11:23.511 31051-31051 InsetsSourceConsumer    com.fishit.player.v2                 I  applyRequestedVisibilityToControl: visible=true, type=statusBars, host=com.fishit.player.v2/com.fishit.player.v2.MainActivity
2026-01-30 12:11:23.517 31051-31051 ViewRootIm...nActivity] com.fishit.player.v2                 I  handleWindowFocusChanged: 1 0 call from android.view.ViewRootImpl.-$$Nest$mhandleWindowFocusChanged:0
2026-01-30 12:11:23.517 31051-31051 ViewRootIm...nActivity] com.fishit.player.v2                 D  mThreadedRenderer.initializeIfNeeded()#2 mSurface={isValid=true 0xb400007994e42090}
2026-01-30 12:11:23.518 31051-31051 InputMethodManagerUtils com.fishit.player.v2                 D  startInputInner - Id : 0
2026-01-30 12:11:23.518 31051-31051 InputMethodManager      com.fishit.player.v2                 I  startInputInner - IInputMethodManagerGlobalInvoker.startInputOrWindowGainedFocus
2026-01-30 12:11:23.524 31051-31280 LeakCanary              com.fishit.player.v2                 D  LeakCanary is running and ready to detect memory leaks.
2026-01-30 12:11:23.539 31051-31051 InputMethodManagerUtils com.fishit.player.v2                 D  startInputInner - Id : 0
2026-01-30 12:11:23.564 31051-31051 InsetsController        com.fishit.player.v2                 I  onStateChanged: host=com.fishit.player.v2/com.fishit.player.v2.MainActivity, from=android.view.ViewRootImpl$ViewRootHandler.handleMessageImpl:7209, state=InsetsState: {mDisplayFrame=Rect(0, 0 - 1080, 2400), mDisplayCutout=DisplayCutout{insets=Rect(0, 80 - 0, 0) waterfall=Insets{left=0, top=0, right=0, bottom=0} boundingRect={Bounds=[Rect(0, 0 - 0, 0), Rect(510, 0 - 570, 80), Rect(0, 0 - 0, 0), Rect(0, 0 - 0, 0)]} cutoutPathParserInfo={CutoutPathParserInfo{displayWidth=1080 displayHeight=2400 physicalDisplayWidth=1080 physicalDisplayHeight=2400 density={3.0} cutoutSpec={M 0,0 H -10 V 26.66666666666667 H 10 V 0 H 0 Z @dp} rotation={0} scale={1.0} physicalPixelDisplaySizeRatio={1.0}}}}, mRoundedCorners=RoundedCorners{[RoundedCorner{position=TopLeft, radius=90, center=Point(90, 90)}, RoundedCorner{position=TopRight, radius=90, center=Point(990, 90)}, RoundedCorner{position=BottomRight, radius=90, center=Point(990, 2310)}, RoundedCorner{position=BottomLeft, radius=90, center=Point(90, 2310)}]}  mRoundedCornerFrame=Rect(0, 0 - 1080, 2400), mPrivacyIndicatorBounds=PrivacyIndicatorBounds {static bounds=Rect(948, 0 - 1080, 80) rotation=0}, mDisplayShape=DisplayShape{ spec=-311912193 displayWidth=1080 displayHeight=2400 physicalPixelDisplaySizeRatio=1.0 rotation=0 offsetX=0 offsetY=0 scale=1.0}, mSources= { InsetsSource: {3 mType=ime mFrame=[0,0][0,0] mVisible=false mFlags=[]}, InsetsSource: {27 mType=displayCutout mFrame=[0,0][1080,80] mVisible=true mFlags=[]}, InsetsSource: {24df0000 mType=statusBars mFrame=[0,0][1080,80] mVisible=true mFlags=[]}, InsetsSource: {24df0005 mType=mandatorySystemGestures mFrame=[0,0][1080,116] mVisible=true mFlags=[]}, InsetsSource: {24df0006 mType=tappableElement mFrame=[0,0][1080,80] mVisible=true mFlags=[]}, InsetsSource: {68b60001 mType=navigationBars mFrame=[0,2256][1080,2400] mVisible=true mFlags=[]}, InsetsSource: {68b60004 mType=systemGestures mFrame=[0,0][0,0] mVisible=true mFlags=[]}, InsetsSource: {68b60005 mType=mandatorySystemGestures mFrame=[0,2256][1080,2400] mVisible=true mFlags=[]}, InsetsSource: {68b60006 mType=tappableElement mFrame=[0,2256][1080,2400] mVisible=true mFlags=[]}, InsetsSource: {68b60024 mType=systemGestures mFrame=[0,0][0,0] mVisible=true mFlags=[]} }
2026-01-30 12:11:23.565 31051-31051 InsetsSourceConsumer    com.fishit.player.v2                 I  applyRequestedVisibilityToControl: visible=false, type=ime, host=com.fishit.player.v2/com.fishit.player.v2.MainActivity
2026-01-30 12:11:23.947 31051-31051 Compatibil...geReporter com.fishit.player.v2                 D  Compat change id reported: 289878283; UID 10453; state: ENABLED
2026-01-30 12:11:24.528 31051-31080 ishit.player.v2         com.fishit.player.v2                 I  Compiler allocated 7198KB to compile void android.view.ViewRootImpl.performTraversals()
2026-01-30 12:11:25.229 31051-31325 XtreamCredStore         com.fishit.player.v2                 D  No complete credentials stored
2026-01-30 12:11:25.229 31051-31325 XtreamSessionBootstrap  com.fishit.player.v2                 D  No stored Xtream credentials found
2026-01-30 12:11:25.273 31051-31330 SourceActivationStore   com.fishit.player.v2                 D  Loaded state from DataStore: SourceActivationSnapshot(xtream=Inactive, telegram=Inactive, io=Inactive)
2026-01-30 12:11:25.273 31051-31331 SourceActi...onObserver com.fishit.player.v2                 I  No active sources → cancelling sync
2026-01-30 12:11:25.278 31051-31309 SourceActivationStore   com.fishit.player.v2                 I  Source activation changed: XTREAM -> Inactive
2026-01-30 12:11:28.302 31051-32075 ProfileInstaller        com.fishit.player.v2                 D  Installing profile for com.fishit.player.v2
2026-01-30 12:12:32.730 31051-31051 InputMethodManagerUtils com.fishit.player.v2                 D  startInputInner - Id : 0
2026-01-30 12:12:32.731 31051-31051 InputMethodManager      com.fishit.player.v2                 I  startInputInner - IInputMethodManagerGlobalInvoker.startInputOrWindowGainedFocus
2026-01-30 12:12:32.976 31051-31051 ViewRootIm...nActivity] com.fishit.player.v2                 I  handleAppVisibility mAppVisible = true visible = false
2026-01-30 12:12:33.008 31051-31051 ViewRootIm...nActivity] com.fishit.player.v2                 I  destroyHardwareResources: Callers=android.view.ViewRootImpl.performTraversals:3932 android.view.ViewRootImpl.doTraversal:3288 android.view.ViewRootImpl$TraversalRunnable.run:11344 android.view.Choreographer$CallbackRecord.run:1689 android.view.Choreographer$CallbackRecord.run:1698 android.view.Choreographer.doCallbacks:1153 android.view.Choreographer.doFrame:1079 android.view.Choreographer$FrameDisplayEventReceiver.run:1646 android.os.Handler.handleCallback:958 android.os.Handler.dispatchMessage:99
2026-01-30 12:12:33.020 31051-31332 OpenGLRenderer          com.fishit.player.v2                 D  CacheManager::trimMemory(20)
2026-01-30 12:12:33.066 31051-31051 ViewRootIm...nActivity] com.fishit.player.v2                 I  Relayout returned: old=(0,0,1080,2400) new=(0,0,1080,2400) relayoutAsync=false req=(1080,2400)8 dur=37 res=0x402 s={false 0x0} ch=true seqId=0
2026-01-30 12:12:33.068 31051-31332 OpenGLRenderer          com.fishit.player.v2                 D  CacheManager::trimMemory(20)
2026-01-30 12:12:33.071 31051-31051 ViewRootIm...nActivity] com.fishit.player.v2                 I  stopped(true) old = false
2026-01-30 12:12:33.072 31051-31051 ViewRootIm...nActivity] com.fishit.player.v2                 D  WindowStopped on com.fishit.player.v2/com.fishit.player.v2.MainActivity set to true
2026-01-30 12:12:33.072 31051-31332 OpenGLRenderer          com.fishit.player.v2                 D  CacheManager::trimMemory(20)
2026-01-30 12:12:33.084 31051-31051 ViewRootImpl            com.fishit.player.v2                 I  updatePointerIcon pointerType = 1, calling pid = 31051
2026-01-30 12:12:33.084 31051-31051 InputManagerGlobal      com.fishit.player.v2                 D  setPointerIconType iconId = 1, callingPid = 31051
2026-01-30 12:12:33.087 31051-31051 ViewRootIm...nActivity] com.fishit.player.v2                 I  onDisplayChanged oldDisplayState=2 newDisplayState=1
2026-01-30 12:12:33.107  1438-3827  WindowManager           system_server                        E  win=Window{7f129cf u0 com.fishit.player.v2/com.fishit.player.v2.MainActivity} destroySurfaces: appStopped=true cleanupOnResume=false win.mWindowRemovalAllowed=false win.mRemoveOnExit=false win.mViewVisibility=8 caller=com.android.server.wm.ActivityRecord.destroySurfaces:6949 com.android.server.wm.ActivityRecord.destroySurfaces:6930 com.android.server.wm.ActivityRecord.activityStopped:7630 com.android.server.wm.ActivityClientController.activityStopped:321 android.app.IActivityClientController$Stub.onTransact:702 com.android.server.wm.ActivityClientController.onTransact:186 android.os.Binder.execTransactInternal:1380
2026-01-30 12:12:33.132 31051-31051 ViewRootIm...nActivity] com.fishit.player.v2                 I  handleWindowFocusChanged: 0 0 call from android.view.ViewRootImpl.-$$Nest$mhandleWindowFocusChanged:0
2026-01-30 12:12:33.133 31051-31051 ImeFocusController      com.fishit.player.v2                 I  onPreWindowFocus: skipped, hasWindowFocus=false mHasImeFocus=true
2026-01-30 12:12:33.139 31051-31051 ImeFocusController      com.fishit.player.v2                 I  onPostWindowFocus: skipped, hasWindowFocus=false mHasImeFocus=true
2026-01-30 12:12:33.140 31051-31051 ViewRootIm...nActivity] com.fishit.player.v2                 I  onDisplayChanged oldDisplayState=1 newDisplayState=1
2026-01-30 12:12:33.823 31051-31051 ViewRootIm...nActivity] com.fishit.player.v2                 I  onDisplayChanged oldDisplayState=1 newDisplayState=3
2026-01-30 12:12:34.002 31051-31051 ViewRootIm...nActivity] com.fishit.player.v2                 I  onDisplayChanged oldDisplayState=3 newDisplayState=3
2026-01-30 12:12:39.466 31051-31051 ViewRootIm...nActivity] com.fishit.player.v2                 I  onDisplayChanged oldDisplayState=3 newDisplayState=4
2026-01-30 12:12:53.743 31051-31051 ViewRootIm...nActivity] com.fishit.player.v2                 I  onDisplayChanged oldDisplayState=4 newDisplayState=2
2026-01-30 12:12:53.837 31051-31051 ViewRootIm...nActivity] com.fishit.player.v2                 I  onDisplayChanged oldDisplayState=2 newDisplayState=2
2026-01-30 12:12:56.397 31051-31051 ViewRootIm...nActivity] com.fishit.player.v2                 I  handleAppVisibility mAppVisible = false visible = true
2026-01-30 12:12:56.399 31051-31051 ViewRootIm...nActivity] com.fishit.player.v2                 I  stopped(false) old = true
2026-01-30 12:12:56.399 31051-31051 ViewRootIm...nActivity] com.fishit.player.v2                 D  WindowStopped on com.fishit.player.v2/com.fishit.player.v2.MainActivity set to false
2026-01-30 12:12:56.429 31051-31051 BLASTBufferQueue_Java   com.fishit.player.v2                 I  new BLASTBufferQueue, mName= ViewRootImpl@7302557[MainActivity] mNativeObject= 0xb400007a14e41510 sc.mNativeObject= 0xb400007b04e41850 caller= android.view.ViewRootImpl.updateBlastSurfaceIfNeeded:3028 android.view.ViewRootImpl.relayoutWindow:10131 android.view.ViewRootImpl.performTraversals:4110 android.view.ViewRootImpl.doTraversal:3288 android.view.ViewRootImpl$TraversalRunnable.run:11344 android.view.Choreographer$CallbackRecord.run:1689 android.view.Choreographer$CallbackRecord.run:1698 android.view.Choreographer.doCallbacks:1153 android.view.Choreographer.doFrame:1079 android.view.Choreographer$FrameDisplayEventReceiver.run:1646
2026-01-30 12:12:56.430 31051-31051 BLASTBufferQueue_Java   com.fishit.player.v2                 I  update, w= 1080 h= 2400 mName = ViewRootImpl@7302557[MainActivity] mNativeObject= 0xb400007a14e41510 sc.mNativeObject= 0xb400007b04e41850 format= -1 caller= android.graphics.BLASTBufferQueue.<init>:89 android.view.ViewRootImpl.updateBlastSurfaceIfNeeded:3028 android.view.ViewRootImpl.relayoutWindow:10131 android.view.ViewRootImpl.performTraversals:4110 android.view.ViewRootImpl.doTraversal:3288 android.view.ViewRootImpl$TraversalRunnable.run:11344
2026-01-30 12:12:56.432 31051-31051 ViewRootIm...nActivity] com.fishit.player.v2                 I  Relayout returned: old=(0,0,1080,2400) new=(0,0,1080,2400) relayoutAsync=false req=(1080,2400)0 dur=15 res=0x403 s={true 0xb400007994e42090} ch=true seqId=0
2026-01-30 12:12:56.435 31051-31051 ViewRootIm...nActivity] com.fishit.player.v2                 D  mThreadedRenderer.initialize() mSurface={isValid=true 0xb400007994e42090} hwInitialized=true
2026-01-30 12:12:56.436 31051-31051 ViewRootIm...nActivity] com.fishit.player.v2                 D  reportNextDraw android.view.ViewRootImpl.performTraversals:4718 android.view.ViewRootImpl.doTraversal:3288 android.view.ViewRootImpl$TraversalRunnable.run:11344 android.view.Choreographer$CallbackRecord.run:1689 android.view.Choreographer$CallbackRecord.run:1698
2026-01-30 12:12:56.437 31051-31051 ViewRootIm...nActivity] com.fishit.player.v2                 I  Setup new sync=wmsSync-ViewRootImpl@7302557[MainActivity]#2
2026-01-30 12:12:56.437 31051-31051 ViewRootIm...nActivity] com.fishit.player.v2                 I  Creating new active sync group ViewRootImpl@7302557[MainActivity]#3
2026-01-30 12:12:56.439 31051-31051 ViewRootIm...nActivity] com.fishit.player.v2                 I  registerCallbacksForSync syncBuffer=false
2026-01-30 12:12:56.465 31051-31392 ViewRootIm...nActivity] com.fishit.player.v2                 I  Received frameDrawingCallback syncResult=0 frameNum=1.
2026-01-30 12:12:56.465 31051-31392 ViewRootIm...nActivity] com.fishit.player.v2                 I  mWNT: t=0xb4000078e4e6abd0 mBlastBufferQueue=0xb400007a14e41510 fn= 1 mRenderHdrSdrRatio=1.0 caller= android.view.ViewRootImpl$8.onFrameDraw:13841 android.view.ThreadedRenderer$1.onFrameDraw:792 <bottom of call stack>
2026-01-30 12:12:56.465 31051-31392 ViewRootIm...nActivity] com.fishit.player.v2                 I  Setting up sync and frameCommitCallback
2026-01-30 12:12:56.467 31051-31332 BLASTBufferQueue        com.fishit.player.v2                 I  [ViewRootImpl@7302557[MainActivity]#1](f:0,a:0,s:0) onFrameAvailable the first frame is available
2026-01-30 12:12:56.467 31051-31332 ViewRootIm...nActivity] com.fishit.player.v2                 I  Received frameCommittedCallback lastAttemptedDrawFrameNum=1 didProduceBuffer=true
2026-01-30 12:12:56.470 31051-31051 ViewRootIm...nActivity] com.fishit.player.v2                 I  reportDrawFinished seqId=0
2026-01-30 12:12:56.529 31051-31051 InsetsSourceConsumer    com.fishit.player.v2                 I  applyRequestedVisibilityToControl: visible=true, type=navigationBars, host=com.fishit.player.v2/com.fishit.player.v2.MainActivity
2026-01-30 12:12:56.529 31051-31051 InsetsSourceConsumer    com.fishit.player.v2                 I  applyRequestedVisibilityToControl: visible=true, type=statusBars, host=com.fishit.player.v2/com.fishit.player.v2.MainActivity
2026-01-30 12:12:56.530 31051-31051 ViewRootIm...nActivity] com.fishit.player.v2                 I  handleWindowFocusChanged: 1 0 call from android.view.ViewRootImpl.-$$Nest$mhandleWindowFocusChanged:0
2026-01-30 12:12:56.531 31051-31051 ViewRootIm...nActivity] com.fishit.player.v2                 D  mThreadedRenderer.initializeIfNeeded()#2 mSurface={isValid=true 0xb400007994e42090}
2026-01-30 12:12:56.531 31051-31051 InputMethodManagerUtils com.fishit.player.v2                 D  startInputInner - Id : 0
2026-01-30 12:12:56.531 31051-31051 InputMethodManager      com.fishit.player.v2                 I  startInputInner - IInputMethodManagerGlobalInvoker.startInputOrWindowGainedFocus
2026-01-30 12:12:56.533 31051-31090 ViewRootIm...nActivity] com.fishit.player.v2                 I  Resizing android.view.ViewRootImpl@6c36d16: frame = [0,0][1080,2400] reportDraw = false forceLayout = false syncSeqId = -1
2026-01-30 12:12:56.550 31051-31051 ViewRootIm...nActivity] com.fishit.player.v2                 I  handleResized, msg = 4 frames=ClientWindowFrames{frame=[0,0][1080,2400] display=[0,0][1080,2400] parentFrame=[0,0][0,0]} forceNextWindowRelayout=false displayId=0 dragResizing=false compatScale=1.0 frameChanged=false attachedFrameChanged=false configChanged=false displayChanged=false compatScaleChanged=false
2026-01-30 12:12:57.334 31051-31051 ViewRootIm...nActivity] com.fishit.player.v2                 I  ViewPostIme pointer 0
2026-01-30 12:12:57.385 31051-31051 ViewRootIm...nActivity] com.fishit.player.v2                 I  ViewPostIme pointer 1
2026-01-30 12:12:57.467 31051-31051 InputMethodManagerUtils com.fishit.player.v2                 D  startInputInner - Id : 0
2026-01-30 12:12:57.467 31051-31051 InputMethodManager      com.fishit.player.v2                 I  startInputInner - IInputMethodManagerGlobalInvoker.startInputOrWindowGainedFocus
2026-01-30 12:12:57.473 31051-31051 InputMethodManagerUtils com.fishit.player.v2                 D  startInputInner - Id : 0
2026-01-30 12:12:57.473 31051-31051 InputMethodManager      com.fishit.player.v2                 I  startInputInner - IInputMethodManagerGlobalInvoker.startInputOrWindowGainedFocus
2026-01-30 12:12:57.479 31051-31051 ImeTracker              com.fishit.player.v2                 I  com.fishit.player.v2:bccb394d: onRequestShow at ORIGIN_CLIENT_SHOW_SOFT_INPUT reason SHOW_SOFT_INPUT_BY_INSETS_API
2026-01-30 12:12:57.479 31051-31051 InsetsController        com.fishit.player.v2                 D  show(ime(), fromIme=false)
2026-01-30 12:12:57.480 31051-31051 InsetsController        com.fishit.player.v2                 I  setRequestedVisibleTypes: visible=true, mask=ime, host=com.fishit.player.v2/com.fishit.player.v2.MainActivity, from=android.view.InsetsController.controlAnimationUnchecked:1445 android.view.InsetsController.applyAnimation:2005 android.view.InsetsController.applyAnimation:1968 android.view.InsetsController.show:1309 android.view.InsetsController.show:1237 androidx.core.view.SoftwareKeyboardControllerCompat$Impl30.show:194 androidx.core.view.SoftwareKeyboardControllerCompat.show:71 androidx.compose.ui.text.input.InputMethodManagerImpl.showSoftInput:81 androidx.compose.ui.text.input.TextInputServiceAndroid.setKeyboardVisibleImmediately:475 androidx.compose.ui.text.input.TextInputServiceAndroid.processInputCommands:359
2026-01-30 12:12:57.480 31051-31051 InputMethodManager_LC   com.fishit.player.v2                 I  ris()
2026-01-30 12:12:57.481 31051-31051 InputMethodManager_LC   com.fishit.player.v2                 I  ssi(): flags=0 view=com.fishit.player.v2 reason = SHOW_SOFT_INPUT_BY_INSETS_API
2026-01-30 12:12:57.481 31051-31051 InputMethodManager_LC   com.fishit.player.v2                 I  ssi() view is not EditText
2026-01-30 12:12:57.482 31051-31051 InputMethodManager      com.fishit.player.v2                 D  showSoftInput() view=androidx.compose.ui.platform.AndroidComposeView{8c9b76a VFED..... .F....ID 0,0-1080,2400 aid=1073741824} flags=0 reason=SHOW_SOFT_INPUT_BY_INSETS_API
2026-01-30 12:12:57.487 31051-31051 InsetsController        com.fishit.player.v2                 I  setRequestedVisibleTypes: visible=false, mask=ime, host=com.fishit.player.v2/com.fishit.player.v2.MainActivity, from=android.view.InsetsController.controlAnimationUncheckedInner:1546 android.view.InsetsController.controlAnimationUnchecked:1449 android.view.InsetsController.applyAnimation:2005 android.view.InsetsController.applyAnimation:1968 android.view.InsetsController.show:1309 android.view.InsetsController.show:1237 androidx.core.view.SoftwareKeyboardControllerCompat$Impl30.show:194 androidx.core.view.SoftwareKeyboardControllerCompat.show:71 androidx.compose.ui.text.input.InputMethodManagerImpl.showSoftInput:81 androidx.compose.ui.text.input.TextInputServiceAndroid.setKeyboardVisibleImmediately:475
2026-01-30 12:12:57.552 31051-31051 InputMethodManager_LC   com.fishit.player.v2                 I  showSoftInput(View,I)
2026-01-30 12:12:57.553 31051-31051 ImeTracker              com.fishit.player.v2                 I  com.fishit.player.v2:e2ea38ec: onRequestShow at ORIGIN_CLIENT_SHOW_SOFT_INPUT reason SHOW_SOFT_INPUT
2026-01-30 12:12:57.553 31051-31051 InputMethodManager_LC   com.fishit.player.v2                 I  ssi(): flags=0 view=com.fishit.player.v2 reason = SHOW_SOFT_INPUT
2026-01-30 12:12:57.553 31051-31051 InputMethodManager_LC   com.fishit.player.v2                 I  ssi() view is not EditText
2026-01-30 12:12:57.554 31051-31051 InputMethodManager      com.fishit.player.v2                 D  showSoftInput() view=androidx.compose.ui.platform.AndroidComposeView{8c9b76a VFED..... .F....ID 0,0-1080,2400 aid=1073741824} flags=0 reason=SHOW_SOFT_INPUT
2026-01-30 12:12:57.555 31051-31051 RemoteInpu...ectionImpl com.fishit.player.v2                 W  getExtractedText on inactive InputConnection
2026-01-30 12:12:57.759 31051-31090 ViewRootIm...nActivity] com.fishit.player.v2                 I  Resizing android.view.ViewRootImpl@6c36d16: frame = [0,0][1080,2400] reportDraw = false forceLayout = false syncSeqId = -1
2026-01-30 12:12:57.761 31051-31051 InsetsController        com.fishit.player.v2                 I  onStateChanged: host=com.fishit.player.v2/com.fishit.player.v2.MainActivity, from=android.view.ViewRootImpl$ViewRootHandler.handleMessageImpl:7196, state=InsetsState: {mDisplayFrame=Rect(0, 0 - 1080, 2400), mDisplayCutout=DisplayCutout{insets=Rect(0, 80 - 0, 0) waterfall=Insets{left=0, top=0, right=0, bottom=0} boundingRect={Bounds=[Rect(0, 0 - 0, 0), Rect(510, 0 - 570, 80), Rect(0, 0 - 0, 0), Rect(0, 0 - 0, 0)]} cutoutPathParserInfo={CutoutPathParserInfo{displayWidth=1080 displayHeight=2400 physicalDisplayWidth=1080 physicalDisplayHeight=2400 density={3.0} cutoutSpec={M 0,0 H -10 V 26.66666666666667 H 10 V 0 H 0 Z @dp} rotation={0} scale={1.0} physicalPixelDisplaySizeRatio={1.0}}}}, mRoundedCorners=RoundedCorners{[RoundedCorner{position=TopLeft, radius=90, center=Point(90, 90)}, RoundedCorner{position=TopRight, radius=90, center=Point(990, 90)}, RoundedCorner{position=BottomRight, radius=90, center=Point(990, 2310)}, RoundedCorner{position=BottomLeft, radius=90, center=Point(90, 2310)}]}  mRoundedCornerFrame=Rect(0, 0 - 1080, 2400), mPrivacyIndicatorBounds=PrivacyIndicatorBounds {static bounds=Rect(948, 0 - 1080, 80) rotation=0}, mDisplayShape=DisplayShape{ spec=-311912193 displayWidth=1080 displayHeight=2400 physicalPixelDisplaySizeRatio=1.0 rotation=0 offsetX=0 offsetY=0 scale=1.0}, mSources= { InsetsSource: {3 mType=ime mFrame=[0,2256][1080,2400] mVisible=false mFlags=[]}, InsetsSource: {27 mType=displayCutout mFrame=[0,0][1080,80] mVisible=true mFlags=[]}, InsetsSource: {24df0000 mType=statusBars mFrame=[0,0][1080,80] mVisible=true mFlags=[]}, InsetsSource: {24df0005 mType=mandatorySystemGestures mFrame=[0,0][1080,116] mVisible=true mFlags=[]}, InsetsSource: {24df0006 mType=tappableElement mFrame=[0,0][1080,80] mVisible=true mFlags=[]}, InsetsSource: {68b60001 mType=navigationBars mFrame=[0,2256][1080,2400] mVisible=true mFlags=[]}, InsetsSource: {68b60004 mType=systemGestures mFrame=[0,0][0,0] mVisible=true mFlags=[]}, InsetsSource: {68b60005 mType=mandatorySystemGestures mFrame=[0,2256][1080,2400] mVisible=true mFlags=[]}, InsetsSource: {68b60006 mType=tappableElement mFrame=[0,2256][1080,2400] mVisible=true mFlags=[]}, InsetsSource: {68b60024 mType=systemGestures mFrame=[0,0][0,0] mVisible=true mFlags=[]} }
2026-01-30 12:12:57.761 31051-31051 ViewRootIm...nActivity] com.fishit.player.v2                 I  handleResized, msg = 4 frames=ClientWindowFrames{frame=[0,0][1080,2400] display=[0,0][1080,2400] parentFrame=[0,0][0,0]} forceNextWindowRelayout=false displayId=0 dragResizing=false compatScale=1.0 frameChanged=false attachedFrameChanged=false configChanged=false displayChanged=false compatScaleChanged=false
2026-01-30 12:12:57.803 31051-31051 InsetsController        com.fishit.player.v2                 D  show(ime(), fromIme=true)
2026-01-30 12:12:57.803 31051-31051 InsetsController        com.fishit.player.v2                 I  setRequestedVisibleTypes: visible=true, mask=ime, host=com.fishit.player.v2/com.fishit.player.v2.MainActivity, from=android.view.InsetsController.controlAnimationUnchecked:1445 android.view.InsetsController.handlePendingControlRequest:1324 android.view.InsetsController.show:1260 android.view.ViewRootImpl$ViewRootHandler.handleMessageImpl:7233 android.view.ViewRootImpl$ViewRootHandler.handleMessage:7166 android.os.Handler.dispatchMessage:106 android.os.Looper.loopOnce:230 android.os.Looper.loop:319 android.app.ActivityThread.main:8919 java.lang.reflect.Method.invoke:-2
2026-01-30 12:12:57.807 31051-31051 InsetsController        com.fishit.player.v2                 I  controlAnimationUncheckedInner: Added types=ime, animType=0, host=com.fishit.player.v2/com.fishit.player.v2.MainActivity, from=android.view.InsetsController.controlAnimationUnchecked:1449 android.view.InsetsController.handlePendingControlRequest:1324 android.view.InsetsController.show:1260
2026-01-30 12:12:57.820 31051-31051 InsetsController        com.fishit.player.v2                 I  onStateChanged: host=com.fishit.player.v2/com.fishit.player.v2.MainActivity, from=android.view.ViewRootImpl$ViewRootHandler.handleMessageImpl:7209, state=InsetsState: {mDisplayFrame=Rect(0, 0 - 1080, 2400), mDisplayCutout=DisplayCutout{insets=Rect(0, 80 - 0, 0) waterfall=Insets{left=0, top=0, right=0, bottom=0} boundingRect={Bounds=[Rect(0, 0 - 0, 0), Rect(510, 0 - 570, 80), Rect(0, 0 - 0, 0), Rect(0, 0 - 0, 0)]} cutoutPathParserInfo={CutoutPathParserInfo{displayWidth=1080 displayHeight=2400 physicalDisplayWidth=1080 physicalDisplayHeight=2400 density={3.0} cutoutSpec={M 0,0 H -10 V 26.66666666666667 H 10 V 0 H 0 Z @dp} rotation={0} scale={1.0} physicalPixelDisplaySizeRatio={1.0}}}}, mRoundedCorners=RoundedCorners{[RoundedCorner{position=TopLeft, radius=90, center=Point(90, 90)}, RoundedCorner{position=TopRight, radius=90, center=Point(990, 90)}, RoundedCorner{position=BottomRight, radius=90, center=Point(990, 2310)}, RoundedCorner{position=BottomLeft, radius=90, center=Point(90, 2310)}]}  mRoundedCornerFrame=Rect(0, 0 - 1080, 2400), mPrivacyIndicatorBounds=PrivacyIndicatorBounds {static bounds=Rect(948, 0 - 1080, 80) rotation=0}, mDisplayShape=DisplayShape{ spec=-311912193 displayWidth=1080 displayHeight=2400 physicalPixelDisplaySizeRatio=1.0 rotation=0 offsetX=0 offsetY=0 scale=1.0}, mSources= { InsetsSource: {3 mType=ime mFrame=[0,2256][1080,2400] mVisible=true mFlags=[]}, InsetsSource: {27 mType=displayCutout mFrame=[0,0][1080,80] mVisible=true mFlags=[]}, InsetsSource: {24df0000 mType=statusBars mFrame=[0,0][1080,80] mVisible=true mFlags=[]}, InsetsSource: {24df0005 mType=mandatorySystemGestures mFrame=[0,0][1080,116] mVisible=true mFlags=[]}, InsetsSource: {24df0006 mType=tappableElement mFrame=[0,0][1080,80] mVisible=true mFlags=[]}, InsetsSource: {68b60001 mType=navigationBars mFrame=[0,2256][1080,2400] mVisible=true mFlags=[]}, InsetsSource: {68b60004 mType=systemGestures mFrame=[0,0][0,0] mVisible=true mFlags=[]}, InsetsSource: {68b60005 mType=mandatorySystemGestures mFrame=[0,2256][1080,2400] mVisible=true mFlags=[]}, InsetsSource: {68b60006 mType=tappableElement mFrame=[0,2256][1080,2400] mVisible=true mFlags=[]}, InsetsSource: {68b60024 mType=systemGestures mFrame=[0,0][0,0] mVisible=true mFlags=[]} }
2026-01-30 12:12:57.834 31051-31438 ViewRootIm...nActivity] com.fishit.player.v2                 I  Resizing android.view.ViewRootImpl@6c36d16: frame = [0,0][1080,2400] reportDraw = false forceLayout = false syncSeqId = -1
2026-01-30 12:12:57.851 31051-31051 ViewRootIm...nActivity] com.fishit.player.v2                 I  handleResized, msg = 4 frames=ClientWindowFrames{frame=[0,0][1080,2400] display=[0,0][1080,2400] parentFrame=[0,0][0,0]} forceNextWindowRelayout=false displayId=0 dragResizing=false compatScale=1.0 frameChanged=false attachedFrameChanged=false configChanged=false displayChanged=false compatScaleChanged=false
2026-01-30 12:12:57.854 31051-32727 InteractionJankMonitor  com.fishit.player.v2                 D  Build configuration failed!
                                                                                                    java.lang.IllegalArgumentException: Must pass in a valid surface control if only instrument surface;
                                                                                                    	at com.android.internal.jank.InteractionJankMonitor$Configuration.validate(InteractionJankMonitor.java:1286)
                                                                                                    	at com.android.internal.jank.InteractionJankMonitor$Configuration.<init>(InteractionJankMonitor.java:1244)
                                                                                                    	at com.android.internal.jank.InteractionJankMonitor$Configuration.<init>(Unknown Source:0)
                                                                                                    	at com.android.internal.jank.InteractionJankMonitor$Configuration$Builder.build(InteractionJankMonitor.java:1224)
                                                                                                    	at com.android.internal.jank.InteractionJankMonitor.begin(InteractionJankMonitor.java:634)
                                                                                                    	at android.view.inputmethod.ImeTracker$ImeJankTracker.onRequestAnimation(ImeTracker.java:717)
                                                                                                    	at android.view.InsetsController$InternalAnimationControlListener$2.onAnimationStart(InsetsController.java:527)
                                                                                                    	at android.animation.Animator$AnimatorListener.onAnimationStart(Animator.java:695)
                                                                                                    	at android.animation.Animator$AnimatorCaller$$ExternalSyntheticLambda0.call(Unknown Source:4)
                                                                                                    	at android.animation.Animator.callOnList(Animator.java:669)
                                                                                                    	at android.animation.Animator.notifyListeners(Animator.java:608)
                                                                                                    	at android.animation.Animator.notifyStartListeners(Animator.java:625)
                                                                                                    	at android.animation.ValueAnimator.startAnimation(ValueAnimator.java:1334)
                                                                                                    	at android.animation.ValueAnimator.start(ValueAnimator.java:1149)
                                                                                                    	at android.animation.ValueAnimator.start(ValueAnimator.java:1173)
                                                                                                    	at android.view.InsetsController$InternalAnimationControlListener.onReady(InsetsController.java:549)
                                                                                                    	at android.view.InsetsAnimationThreadControlRunner.lambda$new$0(InsetsAnimationThreadControlRunner.java:133)
                                                                                                    	at android.view.InsetsAnimationThreadControlRunner.$r8$lambda$3zGKYd3XPzPnvMO2hiF8a88M6T0(Unknown Source:0)
                                                                                                    	at android.view.InsetsAnimationThreadControlRunner$$ExternalSyntheticLambda2.run(Unknown Source:6)
                                                                                                    	at android.os.Handler.handleCallback(Handler.java:958)
                                                                                                    	at android.os.Handler.dispatchMessage(Handler.java:99)
                                                                                                    	at android.os.Looper.loopOnce(Looper.java:230)
                                                                                                    	at android.os.Looper.loop(Looper.java:319)
                                                                                                    	at android.os.HandlerThread.run(HandlerThread.java:67)
