2026-01-30 15:10:52.628  7425-7600  XTC                     com.fishit.player.v2                 D  [SERIES] DTOâ†’Raw #150 | id=xtream:series:784 | title="Who Killed Jeffrey Epstein" | sourceType=XTREAM | Fields: âœ“[poster] âœ—[year, plot, cast, director, backdrop, duration, tmdb]
2026-01-30 15:10:52.649  7425-7590  XTC                     com.fishit.player.v2                 D  [LIVE] DTOâ†’Raw #450 | id=xtream:live:792958 | title="DE: RTL+ SPORT EVENT 17" | sourceType=XTREAM | Fields: âœ“[poster] âœ—[year, plot, cast, director, backdrop, duration, tmdb]
2026-01-30 15:10:52.655  7425-7600  XTC                     com.fishit.player.v2                 D  [SERIES] DTOâ†’Raw #200 | id=xtream:series:1141 | title="Godless" | sourceType=XTREAM | Fields: âœ“[plot(170c), cast, poster, duration=4800000ms] âœ—[year, director, backdrop, tmdb]
2026-01-30 15:10:52.679  7425-7600  XTC                     com.fishit.player.v2                 D  [SERIES] DTOâ†’Raw #250 | id=xtream:series:1344 | title="LOL: Last One Laughing" | sourceType=XTREAM | Fields: âœ“[plot(258c), cast, poster] âœ—[year, director, backdrop, duration, tmdb]
2026-01-30 15:10:52.692  7425-7590  XTC                     com.fishit.player.v2                 D  [LIVE] DTOâ†’Raw #500 | id=xtream:live:797354 | title="DE: DAZN EVENT 26 HD" | sourceType=XTREAM | Fields: âœ“[poster] âœ—[year, plot, cast, director, backdrop, duration, tmdb]
2026-01-30 15:10:52.700  7425-7598  XtreamCatalogScanWorker com.fishit.player.v2                 D  PROGRESS discovered=778 persisted=0 phase=N/A
2026-01-30 15:10:52.703  7425-7600  XTC                     com.fishit.player.v2                 D  [SERIES] DTOâ†’Raw #300 | id=xtream:series:1475 | title="Panic" | sourceType=XTREAM | Fields: âœ“[plot(526c), cast, poster, duration=2700000ms] âœ—[year, director, backdrop, tmdb]
2026-01-30 15:10:52.728  7425-7600  XTC                     com.fishit.player.v2                 D  [SERIES] DTOâ†’Raw #350 | id=xtream:series:1604 | title="Monster bei der Arbeit" | sourceType=XTREAM | Fields: âœ“[plot(482c), cast, poster, duration=1620000ms] âœ—[year, director, backdrop, tmdb]
2026-01-30 15:10:52.755  7425-7600  XTC                     com.fishit.player.v2                 D  [SERIES] DTOâ†’Raw #400 | id=xtream:series:1752 | title="The North Water" | sourceType=XTREAM | Fields: âœ“[plot(570c), cast, poster, duration=3600000ms] âœ—[year, director, backdrop, tmdb]
2026-01-30 15:10:52.778  7425-7600  XTC                     com.fishit.player.v2                 D  [SERIES] DTOâ†’Raw #450 | id=xtream:series:1972 | title="Tales of Zestiria the X" | sourceType=XTREAM | Fields: âœ“[plot(603c), cast, poster, duration=1380000ms] âœ—[year, director, backdrop, tmdb]
2026-01-30 15:10:52.792  7425-7590  XTC                     com.fishit.player.v2                 D  [LIVE] DTOâ†’Raw #550 | id=xtream:live:744166 | title="DE: DYN SPORT 25" | sourceType=XTREAM | Fields: âœ“[poster] âœ—[year, plot, cast, director, backdrop, duration, tmdb]
2026-01-30 15:10:52.797  7425-8124  CatalogSyncService      com.fishit.player.v2                 D  Persisting Xtream catalog batch (NX-ONLY): 400 items (canonical_linking=true)
2026-01-30 15:10:52.800  7425-7600  XTC                     com.fishit.player.v2                 D  [SERIES] DTOâ†’Raw #500 | id=xtream:series:2039 | title="Die Abenteuer des Odysseus" | sourceType=XTREAM | Fields: âœ“[plot(841c), cast, poster, duration=5280000ms] âœ—[year, director, backdrop, tmdb]
2026-01-30 15:10:52.803  7425-7742  XtreamCatalogScanWorker com.fishit.player.v2                 D  PROGRESS discovered=1063 persisted=0 phase=N/A
2026-01-30 15:10:52.827  7425-7590  XTC                     com.fishit.player.v2                 D  [LIVE] DTOâ†’Raw #600 | id=xtream:live:121760 | title="DE: Spiegel TV Wissen RAW" | sourceType=XTREAM | Fields: âœ“[poster] âœ—[year, plot, cast, director, backdrop, duration, tmdb]
2026-01-30 15:10:52.868  7425-7590  XTC                     com.fishit.player.v2                 D  [LIVE] DTOâ†’Raw #650 | id=xtream:live:48858 | title="DE: Sky Cinema Highlights FHD" | sourceType=XTREAM | Fields: âœ“[poster] âœ—[year, plot, cast, director, backdrop, duration, tmdb]
2026-01-30 15:10:52.906  7425-7598  CatalogSyncService      com.fishit.player.v2                 D  Persisting Xtream catalog batch (NX-ONLY): 400 items (canonical_linking=true)
2026-01-30 15:10:52.910  7425-7590  XTC                     com.fishit.player.v2                 D  [LIVE] DTOâ†’Raw #700 | id=xtream:live:733471 | title="DE: 2 BROKE GIRLS" | sourceType=XTREAM | Fields: âœ“[poster] âœ—[year, plot, cast, director, backdrop, duration, tmdb]
2026-01-30 15:10:52.913  7425-7601  CatalogSyncService      com.fishit.player.v2                 D  Persisting Xtream catalog batch (NX-ONLY): 400 items (canonical_linking=true)
2026-01-30 15:10:52.964  7425-7590  XTC                     com.fishit.player.v2                 D  [LIVE] DTOâ†’Raw #750 | id=xtream:live:749839 | title="DE: EDGAR WALLACE MIX" | sourceType=XTREAM | Fields: âœ“[poster] âœ—[year, plot, cast, director, backdrop, duration, tmdb]
2026-01-30 15:10:53.026  7425-7600  XTC                     com.fishit.player.v2                 D  [SERIES] DTOâ†’Raw #550 | id=xtream:series:2129 | title="Weihnachtsmann & Co. KG" | sourceType=XTREAM | Fields: âœ“[plot(468c), cast, poster] âœ—[year, director, backdrop, duration, tmdb]
2026-01-30 15:10:53.041  7425-7590  XTC                     com.fishit.player.v2                 D  [LIVE] DTOâ†’Raw #800 | id=xtream:live:729970 | title="DE: POLICE ACADEMY" | sourceType=XTREAM | Fields: âœ“[poster] âœ—[year, plot, cast, director, backdrop, duration, tmdb]
2026-01-30 15:10:53.057  7425-7600  XTC                     com.fishit.player.v2                 D  [SERIES] DTOâ†’Raw #600 | id=xtream:series:2346 | title="Shadow and Bone" | sourceType=XTREAM | Fields: âœ“[plot(164c), cast, poster, duration=3120000ms] âœ—[year, director, backdrop, tmdb]
2026-01-30 15:10:53.471  7425-8124  NxCatalogWriter         com.fishit.player.v2                 D  ðŸ“¥ OPTIMIZED ingestBatch START: 400 items
2026-01-30 15:10:53.479  7425-7598  NxCatalogWriter         com.fishit.player.v2                 D  ðŸ“¥ OPTIMIZED ingestBatch START: 400 items
2026-01-30 15:10:53.485  7425-7601  NxCatalogWriter         com.fishit.player.v2                 D  ðŸ“¥ OPTIMIZED ingestBatch START: 400 items
2026-01-30 15:10:53.493  7425-7591  XtreamApiClient         com.fishit.player.v2                 D  StreamingFetch: Detected GZIP for konigtv.com/player_api.php (manual decompression)
2026-01-30 15:10:53.495  7425-7591  XtreamApiClient         com.fishit.player.v2                 D  StreamingFetch: Success for konigtv.com/player_api.php, streaming response
2026-01-30 15:10:53.501  7425-7591  XtreamApiClient         com.fishit.player.v2                 D  streamFromUrl: Starting StreamingJsonParser.streamInBatches() for konigtv.com/player_api.php
2026-01-30 15:10:53.588  7425-8124  NxWorkRepository        com.fishit.player.v2                 W  Deduped 7 duplicate workKeys in batch (400 â†’ 393)
2026-01-30 15:10:53.607  7425-7598  NxWorkRepository        com.fishit.player.v2                 W  Deduped 10 duplicate workKeys in batch (400 â†’ 390)
2026-01-30 15:10:53.612  7425-7601  NxWorkRepository        com.fishit.player.v2                 W  Deduped 7 duplicate workKeys in batch (400 â†’ 393)
2026-01-30 15:10:53.714  7425-7591  XTC                     com.fishit.player.v2                 D  [VOD] DTOâ†’Raw #1 | id=xtream:vod:804345 | title="Ella McCay | 2025 | 5.2" | sourceType=XTREAM | Fields: âœ“[year=2025, poster] âœ—[plot, cast, director, backdrop, duration, tmdb]
2026-01-30 15:10:54.125  7425-8124  NxCatalogWriter         com.fishit.player.v2                 D  âœ… OPTIMIZED ingestBatch COMPLETE: 400 items | persist_ms=540 total_ms=655 (610 items/sec)
2026-01-30 15:10:54.128  7425-7591  CatalogSyncService      com.fishit.player.v2                 W  Xtream batch (NX): ingested=400 failed=0 hint_warnings=201 ingest_ms=1329 total_ms=1330
2026-01-30 15:10:54.138  7425-7597  XTC                     com.fishit.player.v2                 D  [SERIES] DTOâ†’Raw #650 | id=xtream:series:2445 | title="And Just Like Thatâ€¦" | sourceType=XTREAM | Fields: âœ“[plot(200c), cast, poster, duration=2640000ms] âœ—[year, director, backdrop, tmdb]
2026-01-30 15:10:54.145  7425-8124  XTC                     com.fishit.player.v2                 D  [LIVE] DTOâ†’Raw #850 | id=xtream:live:140923 | title="DE: X-Men HD 24/7" | sourceType=XTREAM | Fields: âœ“[poster] âœ—[year, plot, cast, director, backdrop, duration, tmdb]
2026-01-30 15:10:54.165  7425-7597  XTC                     com.fishit.player.v2                 D  [VOD] DTOâ†’Raw #50 | id=xtream:vod:801981 | title="Anaconda | 2025 | 6.7" | sourceType=XTREAM | Fields: âœ“[year=2025, poster] âœ—[plot, cast, director, backdrop, duration, tmdb]
2026-01-30 15:10:54.175  7425-7742  CatalogSyncService      com.fishit.player.v2                 D  Persisting Xtream catalog batch (NX-ONLY): 400 items (canonical_linking=true)
2026-01-30 15:10:54.176  7425-8124  XTC                     com.fishit.player.v2                 D  [LIVE] DTOâ†’Raw #900 | id=xtream:live:364840 | title="DE: TOM HARDY - 24/7" | sourceType=XTREAM | Fields: âœ“[poster] âœ—[year, plot, cast, director, backdrop, duration, tmdb]
2026-01-30 15:10:54.183  7425-7590  XTC                     com.fishit.player.v2                 D  [SERIES] DTOâ†’Raw #700 | id=xtream:series:2513 | title="Deep Shit" | sourceType=XTREAM | Fields: âœ“[plot(317c), cast, poster, duration=1500000ms] âœ—[year, director, backdrop, tmdb]
2026-01-30 15:10:54.199  7425-7597  XTC                     com.fishit.player.v2                 D  [VOD] DTOâ†’Raw #100 | id=xtream:vod:800634 | title="Whiteout - Ãœberleben ist alles | 2025 | " | sourceType=XTREAM | Fields: âœ“[year=2025, poster] âœ—[plot, cast, director, backdrop, duration, tmdb]
2026-01-30 15:10:54.209  7425-8124  XTC                     com.fishit.player.v2                 D  [LIVE] DTOâ†’Raw #950 | id=xtream:live:140794 | title="DE: See - Reich der Blinden - Premium 24" | sourceType=XTREAM | Fields: âœ“[poster] âœ—[year, plot, cast, director, backdrop, duration, tmdb]
2026-01-30 15:10:54.211  7425-7601  NxCatalogWriter         com.fishit.player.v2                 D  âœ… OPTIMIZED ingestBatch COMPLETE: 400 items | persist_ms=601 total_ms=726 (550 items/sec)
2026-01-30 15:10:54.212  7425-7601  CatalogSyncService      com.fishit.player.v2                 W  Xtream batch (NX): ingested=400 failed=0 hint_warnings=139 ingest_ms=1298 total_ms=1299
2026-01-30 15:10:54.217  7425-7597  XTC                     com.fishit.player.v2                 D  [VOD] DTOâ†’Raw #150 | id=xtream:vod:798830 | title="825 Forest Road | 2025 | 5.9 |" | sourceType=XTREAM | Fields: âœ“[year=2025, poster] âœ—[plot, cast, director, backdrop, duration, tmdb]
2026-01-30 15:10:54.231  7425-7590  XTC                     com.fishit.player.v2                 D  [SERIES] DTOâ†’Raw #750 | id=xtream:series:2569 | title="Sharp Objects" | sourceType=XTREAM | Fields: âœ“[plot(599c), cast, poster, duration=3600000ms] âœ—[year, director, backdrop, tmdb]
2026-01-30 15:10:54.231  7425-7597  XTC                     com.fishit.player.v2                 D  [VOD] DTOâ†’Raw #200 | id=xtream:vod:797304 | title="Frankenstein | 2025 | 7.9 |" | sourceType=XTREAM | Fields: âœ“[year=2025, poster] âœ—[plot, cast, director, backdrop, duration, tmdb]
2026-01-30 15:10:54.249  7425-7600  XTC                     com.fishit.player.v2                 D  [LIVE] DTOâ†’Raw #1000 | id=xtream:live:143675 | title="DE: Bad Blood 24/7" | sourceType=XTREAM | Fields: âœ“[poster] âœ—[year, plot, cast, director, backdrop, duration, tmdb]
2026-01-30 15:10:54.251  7425-7590  XtreamCatalogScanWorker com.fishit.player.v2                 D  PROGRESS discovered=2012 persisted=800 phase=N/A
2026-01-30 15:10:54.253  7425-7592  CatalogSyncService      com.fishit.player.v2                 D  Persisting Xtream catalog batch (NX-ONLY): 400 items (canonical_linking=true)
2026-01-30 15:10:54.260  7425-7591  XTC                     com.fishit.player.v2                 D  [VOD] DTOâ†’Raw #250 | id=xtream:vod:794087 | title="Jenseits der blauen Grenze | 2024 | 6.4 " | sourceType=XTREAM | Fields: âœ“[year=2024, poster] âœ—[plot, cast, director, backdrop, duration, tmdb]
2026-01-30 15:10:54.266  7425-8124  XTC                     com.fishit.player.v2                 D  [SERIES] DTOâ†’Raw #800 | id=xtream:series:2619 | title="Informer" | sourceType=XTREAM | Fields: âœ“[plot(665c), cast, poster, duration=3300000ms] âœ—[year, director, backdrop, tmdb]
2026-01-30 15:10:54.286  7425-7591  XTC                     com.fishit.player.v2                 D  [VOD] DTOâ†’Raw #300 | id=xtream:vod:791360 | title="All of You | 2025 | 6.5 |" | sourceType=XTREAM | Fields: âœ“[year=2025, poster] âœ—[plot, cast, director, backdrop, duration, tmdb]
2026-01-30 15:10:54.297  7425-8124  XTC                     com.fishit.player.v2                 D  [SERIES] DTOâ†’Raw #850 | id=xtream:series:2670 | title="The Sniffer" | sourceType=XTREAM | Fields: âœ“[cast, poster, duration=3600000ms] âœ—[year, plot, director, backdrop, tmdb]
2026-01-30 15:10:54.299  7425-7591  XTC                     com.fishit.player.v2                 D  [VOD] DTOâ†’Raw #350 | id=xtream:vod:788976 | title="Was ist Liebe wert - Materialists | 2025" | sourceType=XTREAM | Fields: âœ“[year=2025, poster] âœ—[plot, cast, director, backdrop, duration, tmdb]
2026-01-30 15:10:54.361  7425-7742  NxCatalogWriter         com.fishit.player.v2                 D  ðŸ“¥ OPTIMIZED ingestBatch START: 400 items
2026-01-30 15:10:54.423  7425-7592  NxCatalogWriter         com.fishit.player.v2                 D  ðŸ“¥ OPTIMIZED ingestBatch START: 400 items
2026-01-30 15:10:54.429  7425-7598  NxCatalogWriter         com.fishit.player.v2                 D  âœ… OPTIMIZED ingestBatch COMPLETE: 400 items | persist_ms=825 total_ms=950 (421 items/sec)
2026-01-30 15:10:54.430  7425-7598  CatalogSyncService      com.fishit.player.v2                 W  Xtream batch (NX): ingested=400 failed=0 hint_warnings=160 ingest_ms=1524 total_ms=1524
2026-01-30 15:10:54.435  7425-7600  XTC                     com.fishit.player.v2                 D  [SERIES] DTOâ†’Raw #900 | id=xtream:series:2721 | title="Confess" | sourceType=XTREAM | Fields: âœ“[cast, poster, duration=1380000ms] âœ—[year, plot, director, backdrop, tmdb]
2026-01-30 15:10:54.455  7425-8125  XTC                     com.fishit.player.v2                 D  [VOD] DTOâ†’Raw #400 | id=xtream:vod:786362 | title="Checkmates - Ziemlich schrÃ¤ge Figuren | " | sourceType=XTREAM | Fields: âœ“[year=2024, poster] âœ—[plot, cast, director, backdrop, duration, tmdb]
2026-01-30 15:10:54.462  7425-7742  NxWorkRepository        com.fishit.player.v2                 W  Deduped 9 duplicate workKeys in batch (400 â†’ 391)
2026-01-30 15:10:54.464  7425-7600  XTC                     com.fishit.player.v2                 D  [SERIES] DTOâ†’Raw #950 | id=xtream:series:2771 | title="Riverdale" | sourceType=XTREAM | Fields: âœ“[plot(606c), cast, poster, duration=2700000ms] âœ—[year, director, backdrop, tmdb]
2026-01-30 15:10:54.470  7425-8103  CatalogSyncService      com.fishit.player.v2                 D  Persisting Xtream catalog batch (NX-ONLY): 400 items (canonical_linking=true)
2026-01-30 15:10:54.486  7425-8125  XTC                     com.fishit.player.v2                 D  [VOD] DTOâ†’Raw #450 | id=xtream:vod:783657 | title="The Ballad of Wallis Island | 2025 | 7.0" | sourceType=XTREAM | Fields: âœ“[year=2025, poster] âœ—[plot, cast, director, backdrop, duration, tmdb]
2026-01-30 15:10:54.494  7425-7600  XTC                     com.fishit.player.v2                 D  [SERIES] DTOâ†’Raw #1000 | id=xtream:series:2822 | title="Bluff City Law" | sourceType=XTREAM | Fields: âœ“[cast, poster, duration=2580000ms] âœ—[year, plot, director, backdrop, tmdb]
2026-01-30 15:10:54.494  7425-8124  XTC                     com.fishit.player.v2                 D  [LIVE] DTOâ†’Raw #1050 | id=xtream:live:364966 | title="DE: SCRUBS 24/7" | sourceType=XTREAM | Fields: âœ“[poster] âœ—[year, plot, cast, director, backdrop, duration, tmdb]
2026-01-30 15:10:54.495  7425-7591  XtreamCatalogScanWorker com.fishit.player.v2                 D  PROGRESS discovered=2507 persisted=1200 phase=N/A
2026-01-30 15:10:54.513  7425-8125  XTC                     com.fishit.player.v2                 D  [VOD] DTOâ†’Raw #500 | id=xtream:vod:780844 | title="Shadow of God | 2025 | 5.0 |" | sourceType=XTREAM | Fields: âœ“[year=2025, poster] âœ—[plot, cast, director, backdrop, duration, tmdb]
2026-01-30 15:10:54.514  7425-7591  XtreamCatalogScanWorker com.fishit.player.v2                 D  PROGRESS discovered=2565 persisted=1200 phase=N/A
2026-01-30 15:10:54.560  7425-8124  XTC                     com.fishit.player.v2                 D  [LIVE] DTOâ†’Raw #1100 | id=xtream:live:102696 | title="DE: Vera Marvel 5" | sourceType=XTREAM | Fields: âœ“[poster] âœ—[year, plot, cast, director, backdrop, duration, tmdb]
2026-01-30 15:10:54.582  7425-7592  NxWorkRepository        com.fishit.player.v2                 W  Deduped 6 duplicate workKeys in batch (400 â†’ 394)
2026-01-30 15:10:54.590  7425-8124  XTC                     com.fishit.player.v2                 D  [LIVE] DTOâ†’Raw #1150 | id=xtream:live:150141 | title="DE-SELECT: 2 - ANEMONE" | sourceType=XTREAM | Fields: âœ“[poster] âœ—[year, plot, cast, director, backdrop, duration, tmdb]
2026-01-30 15:10:54.618  7425-7600  NxCatalogWriter         com.fishit.player.v2                 D  ðŸ“¥ OPTIMIZED ingestBatch START: 400 items
2026-01-30 15:10:54.695  7425-7600  NxWorkRepository        com.fishit.player.v2                 W  Deduped 2 duplicate workKeys in batch (400 â†’ 398)
2026-01-30 15:10:54.791  7425-7742  NxCatalogWriter         com.fishit.player.v2                 D  âœ… OPTIMIZED ingestBatch COMPLETE: 400 items | persist_ms=331 total_ms=430 (930 items/sec)
2026-01-30 15:10:54.792  7425-7742  CatalogSyncService      com.fishit.player.v2                 W  Xtream batch (NX): ingested=400 failed=0 hint_warnings=170 ingest_ms=617 total_ms=617
2026-01-30 15:10:54.807  7425-7591  XTC                     com.fishit.player.v2                 D  [VOD] DTOâ†’Raw #550 | id=xtream:vod:779064 | title="Escape - Der unsichtbare Feind | 2024 | " | sourceType=XTREAM | Fields: âœ“[year=2024, poster] âœ—[plot, cast, director, backdrop, duration, tmdb]
2026-01-30 15:10:54.816  7425-8124  XTC                     com.fishit.player.v2                 D  [LIVE] DTOâ†’Raw #1200 | id=xtream:live:376376 | title="DE: One Piece - 5 Premium 24/7" | sourceType=XTREAM | Fields: âœ“[poster] âœ—[year, plot, cast, director, backdrop, duration, tmdb]
2026-01-30 15:10:54.817  7425-7591  XTC                     com.fishit.player.v2                 D  [VOD] DTOâ†’Raw #600 | id=xtream:vod:776412 | title="WWE WrestleMania 41: Sunday | 2025 | 6.1" | sourceType=XTREAM | Fields: âœ“[year=2025, poster] âœ—[plot, cast, director, backdrop, duration, tmdb]
2026-01-30 15:10:54.819  7425-7742  CatalogSyncService      com.fishit.player.v2                 D  Persisting Xtream catalog batch (NX-ONLY): 400 items (canonical_linking=true)
2026-01-30 15:10:54.842  7425-7591  XTC                     com.fishit.player.v2                 D  [VOD] DTOâ†’Raw #650 | id=xtream:vod:773840 | title="Vena | 2024 | 7.7 |" | sourceType=XTREAM | Fields: âœ“[year=2024, poster] âœ—[plot, cast, director, backdrop, duration, tmdb]
2026-01-30 15:10:54.842  7425-8125  XTC                     com.fishit.player.v2                 D  [SERIES] DTOâ†’Raw #1050 | id=xtream:series:2876 | title="New Amsterdam" | sourceType=XTREAM | Fields: âœ“[plot(648c), cast, poster, duration=2580000ms] âœ—[year, director, backdrop, tmdb]
2026-01-30 15:10:54.849  7425-8124  XTC                     com.fishit.player.v2                 D  [LIVE] DTOâ†’Raw #1250 | id=xtream:live:360770 | title="DE: Wickie und die starken Maenner 2 - 2" | sourceType=XTREAM | Fields: âœ“[poster] âœ—[year, plot, cast, director, backdrop, duration, tmdb]
2026-01-30 15:10:54.861  7425-7591  XTC                     com.fishit.player.v2                 D  [VOD] DTOâ†’Raw #700 | id=xtream:vod:771263 | title="Old Guy - Alter Hund mit neuen Tricks | " | sourceType=XTREAM | Fields: âœ“[year=2024, poster] âœ—[plot, cast, director, backdrop, duration, tmdb]
2026-01-30 15:10:54.947  7425-7742  NxCatalogWriter         com.fishit.player.v2                 D  ðŸ“¥ OPTIMIZED ingestBatch START: 400 items
2026-01-30 15:10:55.019  7425-7742  NxWorkRepository        com.fishit.player.v2                 W  Deduped 8 duplicate workKeys in batch (400 â†’ 392)
2026-01-30 15:10:55.208  7425-7592  NxCatalogWriter         com.fishit.player.v2                 D  âœ… OPTIMIZED ingestBatch COMPLETE: 400 items | persist_ms=627 total_ms=784 (510 items/sec)
2026-01-30 15:10:55.208  7425-7592  CatalogSyncService      com.fishit.player.v2                 W  Xtream batch (NX): ingested=400 failed=0 hint_warnings=95 ingest_ms=954 total_ms=955
2026-01-30 15:10:55.218  7425-8103  XTC                     com.fishit.player.v2                 D  [SERIES] DTOâ†’Raw #1100 | id=xtream:series:2929 | title="Top of the Lake" | sourceType=XTREAM | Fields: âœ“[plot(379c), cast, poster, duration=2700000ms] âœ—[year, director, backdrop, tmdb]
2026-01-30 15:10:55.226  7425-8124  XTC                     com.fishit.player.v2                 D  [VOD] DTOâ†’Raw #750 | id=xtream:vod:767670 | title="We Live in Time | 2024 | 7.5 |" | sourceType=XTREAM | Fields: âœ“[year=2024, poster] âœ—[plot, cast, director, backdrop, duration, tmdb]
2026-01-30 15:10:55.232  7425-7599  CatalogSyncService      com.fishit.player.v2                 D  Persisting Xtream catalog batch (NX-ONLY): 400 items (canonical_linking=true)
2026-01-30 15:10:55.233  7425-7591  XTC                     com.fishit.player.v2                 D  [LIVE] DTOâ†’Raw #1300 | id=xtream:live:769591 | title="Black Visionaries" | sourceType=XTREAM | Fields: âœ“[poster] âœ—[year, plot, cast, director, backdrop, duration, tmdb]
2026-01-30 15:10:55.235  7425-8124  XTC                     com.fishit.player.v2                 D  [VOD] DTOâ†’Raw #800 | id=xtream:vod:765621 | title="The Killer | 2024 | 6.4 |" | sourceType=XTREAM | Fields: âœ“[year=2024, poster] âœ—[plot, cast, director, backdrop, duration, tmdb]
2026-01-30 15:10:55.236  7425-8103  XTC                     com.fishit.player.v2                 D  [SERIES] DTOâ†’Raw #1150 | id=xtream:series:3034 | title="Threesome - Ein Dreier mit Folgen" | sourceType=XTREAM | Fields: âœ“[plot(308c), cast, poster, duration=1440000ms] âœ—[year, director, backdrop, tmdb]
2026-01-30 15:10:55.248  7425-7598  XTC                     com.fishit.player.v2                 D  [VOD] DTOâ†’Raw #850 | id=xtream:vod:763435 | title="Escape: Flucht in die Freiheit | 2024 | " | sourceType=XTREAM | Fields: âœ“[year=2024, poster] âœ—[plot, cast, director, backdrop, duration, tmdb]
2026-01-30 15:10:55.263  7425-7598  XTC                     com.fishit.player.v2                 D  [LIVE] DTOâ†’Raw #1350 | id=xtream:live:769641 | title="Perry Mason" | sourceType=XTREAM | Fields: âœ“[poster] âœ—[year, plot, cast, director, backdrop, duration, tmdb]
2026-01-30 15:10:55.265  7425-7591  XTC                     com.fishit.player.v2                 D  [VOD] DTOâ†’Raw #900 | id=xtream:vod:761313 | title="Blitz | 2024 | 5.2 |" | sourceType=XTREAM | Fields: âœ“[year=2024, poster] âœ—[plot, cast, director, backdrop, duration, tmdb]
2026-01-30 15:10:55.271  7425-8124  XTC                     com.fishit.player.v2                 D  [SERIES] DTOâ†’Raw #1200 | id=xtream:series:3154 | title="Toy Boy" | sourceType=XTREAM | Fields: âœ“[plot(169c), cast, poster, duration=3600000ms] âœ—[year, director, backdrop, tmdb]
2026-01-30 15:10:55.314  7425-7600  NxCatalogWriter         com.fishit.player.v2                 D  âœ… OPTIMIZED ingestBatch COMPLETE: 400 items | persist_ms=621 total_ms=697 (573 items/sec)
2026-01-30 15:10:55.314  7425-7600  CatalogSyncService      com.fishit.player.v2                 W  Xtream batch (NX): ingested=400 failed=0 hint_warnings=187 ingest_ms=843 total_ms=844
2026-01-30 15:10:55.334  7425-7590  XTC                     com.fishit.player.v2                 D  [VOD] DTOâ†’Raw #950 | id=xtream:vod:756534 | title="Libre | 2024 | 5.9 |" | sourceType=XTREAM | Fields: âœ“[year=2024, poster] âœ—[plot, cast, director, backdrop, duration, tmdb]
2026-01-30 15:10:55.341  7425-7599  NxCatalogWriter         com.fishit.player.v2                 D  ðŸ“¥ OPTIMIZED ingestBatch START: 400 items
2026-01-30 15:10:55.342  7425-8125  CatalogSyncService      com.fishit.player.v2                 D  Persisting Xtream catalog batch (NX-ONLY): 400 items (canonical_linking=true)
2026-01-30 15:10:55.343  7425-7591  XTC                     com.fishit.player.v2                 D  [LIVE] DTOâ†’Raw #1400 | id=xtream:live:769691 | title="Dateline 24/7" | sourceType=XTREAM | Fields: âœ“[poster] âœ—[year, plot, cast, director, backdrop, duration, tmdb]
2026-01-30 15:10:55.347  7425-7590  XTC                     com.fishit.player.v2                 D  [VOD] DTOâ†’Raw #1000 | id=xtream:vod:755046 | title="Arcadian | 2024 | 6.0 |" | sourceType=XTREAM | Fields: âœ“[year=2024, poster] âœ—[plot, cast, director, backdrop, duration, tmdb]
2026-01-30 15:10:55.348  7425-8103  XTC                     com.fishit.player.v2                 D  [SERIES] DTOâ†’Raw #1250 | id=xtream:series:3216 | title="Westwall" | sourceType=XTREAM | Fields: âœ“[poster] âœ—[year, plot, cast, director, backdrop, duration, tmdb]
2026-01-30 15:10:55.355  7425-8124  XtreamCatalogScanWorker com.fishit.player.v2                 D  PROGRESS discovered=3657 persisted=2400 phase=N/A
2026-01-30 15:10:55.365  7425-7591  XTC                     com.fishit.player.v2                 D  [LIVE] DTOâ†’Raw #1450 | id=xtream:live:769741 | title="Top Chef Vault" | sourceType=XTREAM | Fields: âœ“[poster] âœ—[year, plot, cast, director, backdrop, duration, tmdb]
2026-01-30 15:10:55.392  7425-7591  XTC                     com.fishit.player.v2                 D  [LIVE] DTOâ†’Raw #1500 | id=xtream:live:769791 | title="CBS News Chicago" | sourceType=XTREAM | Fields: âœ“[poster] âœ—[year, plot, cast, director, backdrop, duration, tmdb]
2026-01-30 15:10:55.393  7425-7592  XtreamCatalogScanWorker com.fishit.player.v2                 D  PROGRESS discovered=3795 persisted=2400 phase=N/A
2026-01-30 15:10:55.395  7425-8103  XTC                     com.fishit.player.v2                 D  [SERIES] DTOâ†’Raw #1300 | id=xtream:series:3275 | title="Lore" | sourceType=XTREAM | Fields: âœ“[plot(668c), cast, poster, duration=2400000ms] âœ—[year, director, backdrop, tmdb]
2026-01-30 15:10:55.397  7425-7425  ViewRootIm...nActivity] com.fishit.player.v2                 I  ViewPostIme pointer 0
2026-01-30 15:10:55.418  7425-7742  NxCatalogWriter         com.fishit.player.v2                 D  âœ… OPTIMIZED ingestBatch COMPLETE: 400 items | persist_ms=400 total_ms=471 (849 items/sec)
2026-01-30 15:10:55.419  7425-7592  CatalogSyncService      com.fishit.player.v2                 W  Xtream batch (NX): ingested=400 failed=0 hint_warnings=65 ingest_ms=600 total_ms=601
2026-01-30 15:10:55.433  7425-8103  XTC                     com.fishit.player.v2                 D  [SERIES] DTOâ†’Raw #1350 | id=xtream:series:3341 | title="Gordon Ramsay: Uncharted" | sourceType=XTREAM | Fields: âœ“[cast, poster, duration=2820000ms] âœ—[year, plot, director, backdrop, tmdb]
2026-01-30 15:10:55.449  7425-7590  XTC                     com.fishit.player.v2                 D  [VOD] DTOâ†’Raw #1050 | id=xtream:vod:753417 | title="The Crow | 2024 | 5.3 |" | sourceType=XTREAM | Fields: âœ“[year=2024, poster] âœ—[plot, cast, director, backdrop, duration, tmdb]
2026-01-30 15:10:55.464  7425-7601  CatalogSyncService      com.fishit.player.v2                 D  Persisting Xtream catalog batch (NX-ONLY): 400 items (canonical_linking=true)
2026-01-30 15:10:55.464  7425-8103  XTC                     com.fishit.player.v2                 D  [SERIES] DTOâ†’Raw #1400 | id=xtream:series:3452 | title="The Guardians of Justice" | sourceType=XTREAM | Fields: âœ“[plot(800c), cast, poster, duration=1200000ms] âœ—[year, director, backdrop, tmdb]
2026-01-30 15:10:55.473  7425-7590  XTC                     com.fishit.player.v2                 D  [VOD] DTOâ†’Raw #1100 | id=xtream:vod:751157 | title="The Good Half | 2024 | 5.3 |" | sourceType=XTREAM | Fields: âœ“[year=2024, poster] âœ—[plot, cast, director, backdrop, duration, tmdb]
2026-01-30 15:10:55.474  7425-7591  XTC                     com.fishit.player.v2                 D  [LIVE] DTOâ†’Raw #1550 | id=xtream:live:769841 | title="Pluto TV Science" | sourceType=XTREAM | Fields: âœ“[poster] âœ—[year, plot, cast, director, backdrop, duration, tmdb]
2026-01-30 15:10:55.495  7425-7590  XTC                     com.fishit.player.v2                 D  [VOD] DTOâ†’Raw #1150 | id=xtream:vod:749239 | title="Nightwatch - Demons Are Forever | 2023 |" | sourceType=XTREAM | Fields: âœ“[year=2023, poster] âœ—[plot, cast, director, backdrop, duration, tmdb]
2026-01-30 15:10:55.497  7425-7591  XTC                     com.fishit.player.v2                 D  [LIVE] DTOâ†’Raw #1600 | id=xtream:live:769891 | title="Totally Teen" | sourceType=XTREAM | Fields: âœ“[poster] âœ—[year, plot, cast, director, backdrop, duration, tmdb]
2026-01-30 15:10:55.527  7425-8125  NxCatalogWriter         com.fishit.player.v2                 D  ðŸ“¥ OPTIMIZED ingestBatch START: 400 items
2026-01-30 15:10:55.537  7425-7434  ishit.player.v2         com.fishit.player.v2                 I  Background young concurrent copying GC freed 392419(13MB) AllocSpace objects, 0(0B) LOS objects, 13% free, 66MB/77MB, paused 193us,65us total 102.873ms
2026-01-30 15:10:55.584  7425-7425  Compatibil...geReporter com.fishit.player.v2                 D  Compat change id reported: 171228096; UID 10496; state: ENABLED
2026-01-30 15:10:55.586  7425-8125  NxWorkRepository        com.fishit.player.v2                 W  Deduped 5 duplicate workKeys in batch (400 â†’ 395)
2026-01-30 15:10:55.614  7425-7601  NxCatalogWriter         com.fishit.player.v2                 D  ðŸ“¥ OPTIMIZED ingestBatch START: 400 items
2026-01-30 15:10:55.619  7425-7425  ViewRootIm...nActivity] com.fishit.player.v2                 I  ViewPostIme pointer 1
2026-01-30 15:10:55.827  7425-7599  NxCatalogWriter         com.fishit.player.v2                 D  âœ… OPTIMIZED ingestBatch COMPLETE: 400 items | persist_ms=404 total_ms=486 (823 items/sec)
2026-01-30 15:10:55.828  7425-7599  CatalogSyncService      com.fishit.player.v2                 W  Xtream batch (NX): ingested=400 failed=0 hint_warnings=118 ingest_ms=594 total_ms=596
2026-01-30 15:10:55.831  7425-8103  XTC                     com.fishit.player.v2                 D  [VOD] DTOâ†’Raw #1200 | id=xtream:vod:746657 | title="Spieleabend | 2024 | 6.7 |" | sourceType=XTREAM | Fields: âœ“[year=2024, poster] âœ—[plot, cast, director, backdrop, duration, tmdb]
2026-01-30 15:10:55.831  7425-7600  XTC                     com.fishit.player.v2                 D  [SERIES] DTOâ†’Raw #1450 | id=xtream:series:3642 | title="Warrior" | sourceType=XTREAM | Fields: âœ“[plot(440c), cast, poster, duration=3300000ms] âœ—[year, director, backdrop, tmdb]
2026-01-30 15:10:55.837  7425-7591  XTC                     com.fishit.player.v2                 D  [LIVE] DTOâ†’Raw #1650 | id=xtream:live:769941 | title="EstrellaTV" | sourceType=XTREAM | Fields: âœ“[poster] âœ—[year, plot, cast, director, backdrop, duration, tmdb]
2026-01-30 15:10:55.839  7425-8102  XTC                     com.fishit.player.v2                 D  [VOD] DTOâ†’Raw #1250 | id=xtream:vod:744770 | title="We Grown Now | 2024 | 7.2 |" | sourceType=XTREAM | Fields: âœ“[year=2024, poster] âœ—[plot, cast, director, backdrop, duration, tmdb]
2026-01-30 15:10:55.845  7425-8103  CatalogSyncService      com.fishit.player.v2                 D  Persisting Xtream catalog batch (NX-ONLY): 400 items (canonical_linking=true)
2026-01-30 15:10:55.850  7425-7591  XTC                     com.fishit.player.v2                 D  [LIVE] DTOâ†’Raw #1700 | id=xtream:live:769991 | title="CBS News Chicago" | sourceType=XTREAM | Fields: âœ“[poster] âœ—[year, plot, cast, director, backdrop, duration, tmdb]
2026-01-30 15:10:55.858  7425-8102  XTC                     com.fishit.player.v2                 D  [VOD] DTOâ†’Raw #1300 | id=xtream:vod:743327 | title="The Last Rifleman | 2023 | 6.7 |" | sourceType=XTREAM | Fields: âœ“[year=2023, poster] âœ—[plot, cast, director, backdrop, duration, tmdb]
2026-01-30 15:10:55.860  7425-7598  XTC                     com.fishit.player.v2                 D  [SERIES] DTOâ†’Raw #1500 | id=xtream:series:3803 | title="Gossip Girl" | sourceType=XTREAM | Fields: âœ“[plot(593c), cast, poster, duration=2520000ms] âœ—[year, director, backdrop, tmdb]
2026-01-30 15:10:55.863  7425-8124  XtreamCatalogScanWorker com.fishit.player.v2                 D  PROGRESS discovered=4549 persisted=3200 phase=N/A
2026-01-30 15:10:55.867  7425-7591  XTC                     com.fishit.player.v2                 D  [LIVE] DTOâ†’Raw #1750 | id=xtream:live:48684 | title="VIP SPORT: DIGI SPORT 2 (RO)" | sourceType=XTREAM | Fields: âœ“[] âœ—[year, plot, cast, director, poster, backdrop, duration, tmdb]
2026-01-30 15:10:55.868  7425-7599  XTC                     com.fishit.player.v2                 D  [VOD] DTOâ†’Raw #1350 | id=xtream:vod:741596 | title="Chantal im MÃ¤rchenland | 2024 | 5.2 |" | sourceType=XTREAM | Fields: âœ“[year=2024, poster] âœ—[plot, cast, director, backdrop, duration, tmdb]
2026-01-30 15:10:55.876  7425-7591  XTC                     com.fishit.player.v2                 D  [LIVE] DTOâ†’Raw #1800 | id=xtream:live:182158 | title="VIP SPORT: UFC French" | sourceType=XTREAM | Fields: âœ“[poster] âœ—[year, plot, cast, director, backdrop, duration, tmdb]
2026-01-30 15:10:55.934  7425-8103  NxCatalogWriter         com.fishit.player.v2                 D  ðŸ“¥ OPTIMIZED ingestBatch START: 400 items
2026-01-30 15:10:55.994  7425-8103  NxWorkRepository        com.fishit.player.v2                 W  Deduped 1 duplicate workKeys in batch (400 â†’ 399)
2026-01-30 15:10:56.056  7425-8125  NxCatalogWriter         com.fishit.player.v2                 D  âœ… OPTIMIZED ingestBatch COMPLETE: 400 items | persist_ms=471 total_ms=529 (756 items/sec)
2026-01-30 15:10:56.056  7425-8125  CatalogSyncService      com.fishit.player.v2                 W  Xtream batch (NX): ingested=400 failed=0 hint_warnings=109 ingest_ms=714 total_ms=715
2026-01-30 15:10:56.069  7425-7598  XTC                     com.fishit.player.v2                 D  [LIVE] DTOâ†’Raw #1850 | id=xtream:live:12928 | title="AT: Sky Sport AT 1 FHD" | sourceType=XTREAM | Fields: âœ“[poster] âœ—[year, plot, cast, director, backdrop, duration, tmdb]
2026-01-30 15:10:56.075  7425-8124  XTC                     com.fishit.player.v2                 D  [VOD] DTOâ†’Raw #1400 | id=xtream:vod:740067 | title="Die Knochenfrau | 2023 | 5.8 |" | sourceType=XTREAM | Fields: âœ“[year=2023, poster] âœ—[plot, cast, director, backdrop, duration, tmdb]
2026-01-30 15:10:56.078  7425-7600  CatalogSyncService      com.fishit.player.v2                 D  Persisting Xtream catalog batch (NX-ONLY): 400 items (canonical_linking=true)
2026-01-30 15:10:56.084  7425-7598  XTC                     com.fishit.player.v2                 D  [LIVE] DTOâ†’Raw #1900 | id=xtream:live:68164 | title="HR: RTL PASSION" | sourceType=XTREAM | Fields: âœ“[poster] âœ—[year, plot, cast, director, backdrop, duration, tmdb]
2026-01-30 15:10:56.095  7425-7592  XTC                     com.fishit.player.v2                 D  [SERIES] DTOâ†’Raw #1550 | id=xtream:series:3957 | title="Befruchtet" | sourceType=XTREAM | Fields: âœ“[plot(166c), cast, poster, duration=2100000ms] âœ—[year, director, backdrop, tmdb]
2026-01-30 15:10:56.100  7425-8124  XTC                     com.fishit.player.v2                 D  [VOD] DTOâ†’Raw #1450 | id=xtream:vod:731525 | title="FÃ¼r immer | 2023 | 6.1 |" | sourceType=XTREAM | Fields: âœ“[year=2023, poster] âœ—[plot, cast, director, backdrop, duration, tmdb]
2026-01-30 15:10:56.104  7425-7598  XTC                     com.fishit.player.v2                 D  [LIVE] DTOâ†’Raw #1950 | id=xtream:live:68283 | title="BIH: RTRS 1" | sourceType=XTREAM | Fields: âœ“[poster] âœ—[year, plot, cast, director, backdrop, duration, tmdb]
2026-01-30 15:10:56.113  7425-8124  XTC                     com.fishit.player.v2                 D  [VOD] DTOâ†’Raw #1500 | id=xtream:vod:728107 | title="My Name Is Loh Kiwan | 2024 | 6.0 |" | sourceType=XTREAM | Fields: âœ“[year=2024, poster] âœ—[plot, cast, director, backdrop, duration, tmdb]
2026-01-30 15:10:56.187  7425-8124  CatalogSyncBootstrap    com.fishit.player.v2                 I  Catalog sync bootstrap triggered; activeSources=[XTREAM]
2026-01-30 15:10:56.187  7425-8124  CatalogSyncScheduler    com.fishit.player.v2                 D  Enqueueing AUTO sync
2026-01-30 15:10:56.188  7425-7600  NxCatalogWriter         com.fishit.player.v2                 D  ðŸ“¥ OPTIMIZED ingestBatch START: 400 items
2026-01-30 15:10:56.190  7425-8124  CatalogSyncScheduler    com.fishit.player.v2                 D  Scheduling periodic incremental sync every 2 hours
2026-01-30 15:10:56.195  7425-8124  CatalogSyncScheduler    com.fishit.player.v2                 I  Periodic incremental sync scheduled: every 2 hours
2026-01-30 15:10:56.195  7425-8124  CatalogSyncBootstrap    com.fishit.player.v2                 I  Periodic incremental sync scheduled: every 2h
2026-01-30 15:10:56.210  7425-7785  WM-SystemJobScheduler   com.fishit.player.v2                 D  Scheduling work ID 30902ce3-a0a5-4665-8ade-dbee4a5968daJob ID 3
2026-01-30 15:10:56.213  7425-7785  WM-GreedyScheduler      com.fishit.player.v2                 D  Starting work for 30902ce3-a0a5-4665-8ade-dbee4a5968da
2026-01-30 15:10:56.214  7425-7425  WM-SystemJobService     com.fishit.player.v2                 D  onStartJob for WorkGenerationalId(workSpecId=30902ce3-a0a5-4665-8ade-dbee4a5968da, generation=0)
2026-01-30 15:10:56.247  7425-7425  ViewRootIm...nActivity] com.fishit.player.v2                 I  ViewPostIme pointer 0
2026-01-30 15:10:56.247  7425-7600  NxWorkRepository        com.fishit.player.v2                 W  Deduped 9 duplicate workKeys in batch (400 â†’ 391)
2026-01-30 15:10:56.278  7425-7601  NxCatalogWriter         com.fishit.player.v2                 D  âœ… OPTIMIZED ingestBatch COMPLETE: 400 items | persist_ms=605 total_ms=664 (602 items/sec)
2026-01-30 15:10:56.279  7425-7601  CatalogSyncService      com.fishit.player.v2                 W  Xtream batch (NX): ingested=400 failed=0 hint_warnings=148 ingest_ms=814 total_ms=816
2026-01-30 15:10:56.284  7425-7598  XTC                     com.fishit.player.v2                 D  [SERIES] DTOâ†’Raw #1600 | id=xtream:series:4083 | title="The Terminal List - Die Abschussliste" | sourceType=XTREAM | Fields: âœ“[plot(317c), cast, poster, duration=3600000ms] âœ—[year, director, backdrop, tmdb]
2026-01-30 15:10:56.286  7425-7592  XtreamCatalogScanWorker com.fishit.player.v2                 D  PROGRESS discovered=5062 persisted=4000 phase=N/A
2026-01-30 15:10:56.286  7425-7425  ViewRootIm...nActivity] com.fishit.player.v2                 I  ViewPostIme pointer 1
2026-01-30 15:10:56.295  7425-8102  XTC                     com.fishit.player.v2                 D  [LIVE] DTOâ†’Raw #2000 | id=xtream:live:68013 | title="SRB: PRVA HD" | sourceType=XTREAM | Fields: âœ“[poster] âœ—[year, plot, cast, director, backdrop, duration, tmdb]
2026-01-30 15:10:56.297  7425-7590  XTC                     com.fishit.player.v2                 D  [VOD] DTOâ†’Raw #1550 | id=xtream:vod:704641 | title="Cat Person | 2023 | 6.2 |" | sourceType=XTREAM | Fields: âœ“[year=2023, poster] âœ—[plot, cast, director, backdrop, duration, tmdb]
2026-01-30 15:10:56.300  7425-7592  XtreamCatalogScanWorker com.fishit.player.v2                 D  PROGRESS discovered=5147 persisted=4000 phase=N/A
2026-01-30 15:10:56.301  7425-7785  WM-SystemJobScheduler   com.fishit.player.v2                 D  Scheduling work ID c4318628-b783-4dbf-aa32-aef84471ac87Job ID 4
2026-01-30 15:10:56.305  7425-7785  WM-GreedyScheduler      com.fishit.player.v2                 D  Starting tracking for c4318628-b783-4dbf-aa32-aef84471ac87
2026-01-30 15:10:56.312  7425-7601  CatalogSyncService      com.fishit.player.v2                 D  Persisting Xtream catalog batch (NX-ONLY): 400 items (canonical_linking=true)
2026-01-30 15:10:56.313  7425-7785  WM-Processor            com.fishit.player.v2                 D  Processor: processing WorkGenerationalId(workSpecId=30902ce3-a0a5-4665-8ade-dbee4a5968da, generation=0)
2026-01-30 15:10:56.317  7425-7785  WM-Processor            com.fishit.player.v2                 D  Work WorkGenerationalId(workSpecId=30902ce3-a0a5-4665-8ade-dbee4a5968da, generation=0) is already enqueued for processing
2026-01-30 15:10:56.319  7425-7598  XTC                     com.fishit.player.v2                 D  [SERIES] DTOâ†’Raw #1650 | id=xtream:series:4299 | title="House of the Dragon" | sourceType=XTREAM | Fields: âœ“[plot(96c), cast, poster, duration=3600000ms] âœ—[year, director, backdrop, tmdb]
2026-01-30 15:10:56.326  7425-7590  XTC                     com.fishit.player.v2                 D  [VOD] DTOâ†’Raw #1600 | id=xtream:vod:696436 | title="Naughty - Entfesselte Lust | 2023 | 5.8 " | sourceType=XTREAM | Fields: âœ“[year=2023, poster] âœ—[plot, cast, director, backdrop, duration, tmdb]
2026-01-30 15:10:56.327  7425-7425  WM-SystemJobService     com.fishit.player.v2                 D  onStartJob for WorkGenerationalId(workSpecId=c4318628-b783-4dbf-aa32-aef84471ac87, generation=0)
2026-01-30 15:10:56.334  7425-7590  XTC                     com.fishit.player.v2                 D  [VOD] DTOâ†’Raw #1650 | id=xtream:vod:692594 | title="Slotherhouse - Ein Faultier zum FÃ¼rchten" | sourceType=XTREAM | Fields: âœ“[year=2023, poster] âœ—[plot, cast, director, backdrop, duration, tmdb]
2026-01-30 15:10:56.360  7425-7745  WM-Processor            com.fishit.player.v2                 D  Processor: processing WorkGenerationalId(workSpecId=c4318628-b783-4dbf-aa32-aef84471ac87, generation=0)
2026-01-30 15:10:56.366  7425-7745  WM-ConstraintTracker    com.fishit.player.v2                 D  BatteryNotLowTracker: initial state = true
2026-01-30 15:10:56.366  7425-7745  WM-BrdcstRcvrCnstrntTrc com.fishit.player.v2                 D  BatteryNotLowTracker: registering receiver
2026-01-30 15:10:56.375  7425-7745  WM-ConstraintTracker    com.fishit.player.v2                 D  NetworkStateTracker24: initial state = NetworkState(isConnected=true, isValidated=true, isMetered=true, isNotRoaming=true)
2026-01-30 15:10:56.376  7425-7745  WM-NetworkStateTracker  com.fishit.player.v2                 D  Registering network callback
2026-01-30 15:10:56.378  7425-7745  ConnectivityManager     com.fishit.player.v2                 D  StackLog: [android.net.ConnectivityManager.sendRequestForNetwork(ConnectivityManager.java:4402)] [android.net.ConnectivityManager.registerDefaultNetworkCallbackForUid(ConnectivityManager.java:4966)] [android.net.ConnectivityManager.registerDefaultNetworkCallback(ConnectivityManager.java:4933)] [android.net.ConnectivityManager.registerDefaultNetworkCallback(ConnectivityManager.java:4907)] [androidx.work.impl.utils.NetworkApi24.registerDefaultNetworkCallbackCompat(NetworkApi24.kt:26)] [androidx.work.impl.constraints.trackers.NetworkStateTracker24.startTracking(NetworkStateTracker.kt:165)] [androidx.work.impl.constraints.trackers.ConstraintTracker.addListener(ConstraintTracker.kt:52)] [androidx.work.impl.constraints.controllers.BaseConstraintController$track$1.invokeSuspend(ContraintControllers.kt:62)] [androidx.work.impl.constraints.controllers.BaseConstraintController$track$1.invoke(Unknown Source:8)] [androidx.work.impl.constraints.controllers.BaseConstraintController$track$1.invoke(Unknown Source:4)] [kotlinx.coroutines.flow.ChannelFlowBuilder.collectTo$suspendImpl(Builders.kt:316)] [kotlinx.coroutines.flow.ChannelFlowBuilder.collectTo(Unknown Source:0)] [kotlinx.coroutines.flow.CallbackFlowBuilder.collectTo(Builders.kt:330)] [kotlinx.coroutines.flow.internal.ChannelFlow$collectToFun$1.invokeSuspend(ChannelFlow.kt:56)] [kotlin.coroutines.jvm.internal.BaseContinuationImpl.resumeWith(ContinuationImpl.kt:34)] [kotlinx.coroutines.DispatchedTask.run(DispatchedTask.kt:100)] [androidx.work.impl.utils.SerialExecutorImpl$Task.run(SerialExecutorImpl.java:96)] [java.util.concurrent.ThreadPoolExecutor.runWorker(ThreadPoolExecutor.java:1145)] [java.util.concurrent.ThreadPoolExecutor$Worker.run(ThreadPoolExecutor.java:644)] [java.lang.Thread.run(Thread.java:1012)]
2026-01-30 15:10:56.385  7425-7590  XTC                     com.fishit.player.v2                 D  [VOD] DTOâ†’Raw #1700 | id=xtream:vod:674679 | title="A Royal Corgi Christmas - Weihnachten wi" | sourceType=XTREAM | Fields: âœ“[year=2022, poster] âœ—[plot, cast, director, backdrop, duration, tmdb]
2026-01-30 15:10:56.385  7425-7598  XTC                     com.fishit.player.v2                 D  [SERIES] DTOâ†’Raw #1700 | id=xtream:series:4449 | title="Irma Vep" | sourceType=XTREAM | Fields: âœ“[plot(448c), cast, poster, duration=3600000ms] âœ—[year, director, backdrop, tmdb]
2026-01-30 15:10:56.387  7425-8129  WM-NetworkStateTracker  com.fishit.player.v2                 D  Network capabilities changed: [ Transports: CELLULAR Capabilities: SUPL&INTERNET&NOT_RESTRICTED&TRUSTED&NOT_VPN&VALIDATED&NOT_ROAMING&FOREGROUND&NOT_CONGESTED&NOT_SUSPENDED&NOT_VCN_MANAGED LinkUpBandwidth>=23114Kbps LinkDnBandwidth>=50853Kbps Specifier: <TelephonyNetworkSpecifier [mSubId = 1]> SubscriptionIds: {1} UnderlyingNetworks: Null]
2026-01-30 15:10:56.397  7425-7425  NxHomeContentRepo       com.fishit.player.v2                 I  ðŸŽ¬ getMoviesPagingData() CALLED - Creating Movies PagingSource
2026-01-30 15:10:56.399  7425-7425  NxHomeContentRepo       com.fishit.player.v2                 I  ðŸ“º getSeriesPagingData() CALLED - Creating Series PagingSource
2026-01-30 15:10:56.399  7425-7781  WM-GreedyScheduler      com.fishit.player.v2                 D  Constraints met: Scheduling work ID WorkGenerationalId(workSpecId=c4318628-b783-4dbf-aa32-aef84471ac87, generation=0)
2026-01-30 15:10:56.403  7425-7425  HomeViewModel           com.fishit.player.v2                 I  ðŸ  HomeViewModel INIT - Creating content flows and paging sources
2026-01-30 15:10:56.404  7425-7781  WM-Processor            com.fishit.player.v2                 D  Work WorkGenerationalId(workSpecId=c4318628-b783-4dbf-aa32-aef84471ac87, generation=0) is already enqueued for processing
2026-01-30 15:10:56.432  7425-7434  ishit.player.v2         com.fishit.player.v2                 I  Background young concurrent copying GC freed 257245(8451KB) AllocSpace objects, 0(0B) LOS objects, 8% free, 70MB/77MB, paused 14.206ms,128us total 97.671ms
2026-01-30 15:10:56.484  7425-7601  NxCatalogWriter         com.fishit.player.v2                 D  ðŸ“¥ OPTIMIZED ingestBatch START: 400 items
2026-01-30 15:10:56.530  7425-7425  WM-WorkerWrapper        com.fishit.player.v2                 D  Starting work for com.fishit.player.v2.work.CatalogSyncOrchestratorWorker
2026-01-30 15:10:56.531  7425-8102  CatalogSyn...atorWorker com.fishit.player.v2                 I  START sync_run_id=4d1222ad-562b-42a5-a5a0-200cc71e1d75 mode=auto
2026-01-30 15:10:56.534  7425-8102  RuntimeGuards           com.fishit.player.v2                 D  Manual sync (auto) - skipping battery guard (level=100%)
2026-01-30 15:10:56.534  7425-8102  CatalogSyn...atorWorker com.fishit.player.v2                 I  Active sources check: [XTREAM] (isEmpty=false)
2026-01-30 15:10:56.534  7425-8102  CatalogSyn...atorWorker com.fishit.player.v2                 D  Active sources: [XTREAM] (TELEGRAM=false, XTREAM=true, IO=false)
2026-01-30 15:10:56.541  7425-7781  WM-EnqueueRunnable      com.fishit.player.v2                 E  Prerequisite fb77a3ff-ac6e-4c86-a4fe-125702d91567 doesn't exist; not enqueuing
2026-01-30 15:10:56.541  7425-8102  CatalogSyn...atorWorker com.fishit.player.v2                 D  Enqueued Xtream chain: work_name=catalog_sync_global_xtream policy=KEEP workers=2
2026-01-30 15:10:56.541  7425-8102  CatalogSyn...atorWorker com.fishit.player.v2                 D  Telegram not in active sources - skipping Telegram workers
2026-01-30 15:10:56.542  7425-7601  NxWorkRepository        com.fishit.player.v2                 W  Deduped 2 duplicate workKeys in batch (400 â†’ 398)
2026-01-30 15:10:56.542  7425-8102  CatalogSyn...atorWorker com.fishit.player.v2                 D  ðŸ“Š WorkInfo chains enqueued:
                                                                                                      [XTREAM] work_name=catalog_sync_global_xtream â†’ ENQUEUED
                                                                                                      Use 'adb shell dumpsys jobscheduler' or WorkManager Inspector for detailed state
2026-01-30 15:10:56.549  7425-8102  CatalogSyn...atorWorker com.fishit.player.v2                 I  CHAINS_ENQUEUED duration_ms=18 policy=KEEP sources=XTREAM (downstream workers will report completion)
2026-01-30 15:10:56.549  7425-7425  NxHomeContentRepo       com.fishit.player.v2                 D  ðŸŽ¬ Movies PagingSource FACTORY invoked
2026-01-30 15:10:56.565  7425-7425  NxHomeContentRepo       com.fishit.player.v2                 D  ðŸ” HomePagingSource.load() START | workType=MOVIE offset=0 loadSize=40
2026-01-30 15:10:56.571  7425-7425  NxHomeContentRepo       com.fishit.player.v2                 D  ðŸ“º Series PagingSource FACTORY invoked
