2026-01-30 13:20:58.763 23864-24226 XTC                     com.fishit.player.v2                 D  [SERIES] DTO→Raw #1150 | id=xtream:series:3034 | title="Threesome - Ein Dreier mit Folgen" | sourceType=XTREAM | Fields: ✓[plot(308c), cast, poster, duration=1440000ms] ✗[year, director, backdrop, tmdb]
2026-01-30 13:20:58.765 23864-24222 XTC                     com.fishit.player.v2                 D  [VOD] DTO→Raw #250 | id=xtream:vod:794087 | title="Jenseits der blauen Grenze | 2024 | 6.4 " | sourceType=XTREAM | Fields: ✓[year=2024, poster] ✗[plot, cast, director, backdrop, duration, tmdb]
2026-01-30 13:20:58.765 23864-23940 CatalogSyncService      com.fishit.player.v2                 W  Xtream batch (NX): ingested=400 failed=0 hint_warnings=161 ingest_ms=4951 total_ms=4952
2026-01-30 13:20:58.769 23864-23959 XTC                     com.fishit.player.v2                 D  [LIVE] DTO→Raw #1500 | id=xtream:live:769791 | title="CBS News Chicago" | sourceType=XTREAM | Fields: ✓[poster] ✗[year, plot, cast, director, backdrop, duration, tmdb]
2026-01-30 13:20:58.770 23864-23941 XtreamCatalogScanWorker com.fishit.player.v2                 D  PROGRESS discovered=2909 persisted=1200 phase=N/A
2026-01-30 13:20:58.782 23864-23940 CatalogSyncService      com.fishit.player.v2                 D  Persisting Xtream catalog batch (NX-ONLY): 400 items (canonical_linking=true)
2026-01-30 13:20:58.790 23864-24226 XTC                     com.fishit.player.v2                 D  [SERIES] DTO→Raw #1200 | id=xtream:series:3154 | title="Toy Boy" | sourceType=XTREAM | Fields: ✓[plot(169c), cast, poster, duration=3600000ms] ✗[year, director, backdrop, tmdb]
2026-01-30 13:20:58.805 23864-24222 XTC                     com.fishit.player.v2                 D  [VOD] DTO→Raw #300 | id=xtream:vod:791360 | title="All of You | 2025 | 6.5 |" | sourceType=XTREAM | Fields: ✓[year=2025, poster] ✗[plot, cast, director, backdrop, duration, tmdb]
2026-01-30 13:20:58.817 23864-24226 XTC                     com.fishit.player.v2                 D  [SERIES] DTO→Raw #1250 | id=xtream:series:3216 | title="Westwall" | sourceType=XTREAM | Fields: ✓[poster] ✗[year, plot, cast, director, backdrop, duration, tmdb]
2026-01-30 13:20:58.824 23864-24222 XTC                     com.fishit.player.v2                 D  [VOD] DTO→Raw #350 | id=xtream:vod:788976 | title="Was ist Liebe wert - Materialists | 2025" | sourceType=XTREAM | Fields: ✓[year=2025, poster] ✗[plot, cast, director, backdrop, duration, tmdb]
2026-01-30 13:20:58.832 23864-23959 XTC                     com.fishit.player.v2                 D  [LIVE] DTO→Raw #1550 | id=xtream:live:769841 | title="Pluto TV Science" | sourceType=XTREAM | Fields: ✓[poster] ✗[year, plot, cast, director, backdrop, duration, tmdb]
2026-01-30 13:20:58.836 23864-24222 XTC                     com.fishit.player.v2                 D  [VOD] DTO→Raw #400 | id=xtream:vod:786362 | title="Checkmates - Ziemlich schräge Figuren | " | sourceType=XTREAM | Fields: ✓[year=2024, poster] ✗[plot, cast, director, backdrop, duration, tmdb]
2026-01-30 13:20:58.838 23864-24226 XTC                     com.fishit.player.v2                 D  [SERIES] DTO→Raw #1300 | id=xtream:series:3275 | title="Lore" | sourceType=XTREAM | Fields: ✓[plot(668c), cast, poster, duration=2400000ms] ✗[year, director, backdrop, tmdb]
2026-01-30 13:20:58.848 23864-24222 XTC                     com.fishit.player.v2                 D  [VOD] DTO→Raw #450 | id=xtream:vod:783657 | title="The Ballad of Wallis Island | 2025 | 7.0" | sourceType=XTREAM | Fields: ✓[year=2025, poster] ✗[plot, cast, director, backdrop, duration, tmdb]
2026-01-30 13:20:58.848 23864-23959 XTC                     com.fishit.player.v2                 D  [LIVE] DTO→Raw #1600 | id=xtream:live:769891 | title="Totally Teen" | sourceType=XTREAM | Fields: ✓[poster] ✗[year, plot, cast, director, backdrop, duration, tmdb]
2026-01-30 13:21:02.546 23864-23864 ViewRootIm...nActivity] com.fishit.player.v2                 I  ViewPostIme pointer 0
2026-01-30 13:21:02.721 23864-23864 ViewRootIm...nActivity] com.fishit.player.v2                 I  ViewPostIme pointer 1
2026-01-30 13:21:02.727 23864-23864 Compatibil...geReporter com.fishit.player.v2                 D  Compat change id reported: 171228096; UID 10483; state: ENABLED
2026-01-30 13:21:03.312 23864-23864 ViewRootIm...nActivity] com.fishit.player.v2                 I  ViewPostIme pointer 0
2026-01-30 13:21:03.381 23864-23864 ViewRootIm...nActivity] com.fishit.player.v2                 I  ViewPostIme pointer 1
2026-01-30 13:21:03.520 23864-23864 NxHomeContentRepo       com.fishit.player.v2                 I  🎬 getMoviesPagingData() CALLED - Creating Movies PagingSource
2026-01-30 13:21:03.525 23864-23864 NxHomeContentRepo       com.fishit.player.v2                 I  📺 getSeriesPagingData() CALLED - Creating Series PagingSource
2026-01-30 13:21:03.529 23864-23864 HomeViewModel           com.fishit.player.v2                 I  🏠 HomeViewModel INIT - Creating content flows and paging sources
2026-01-30 13:21:03.664 23864-23864 NxHomeContentRepo       com.fishit.player.v2                 D  🎬 Movies PagingSource FACTORY invoked
2026-01-30 13:21:03.681 23864-23864 NxHomeContentRepo       com.fishit.player.v2                 D  🔍 HomePagingSource.load() START | workType=MOVIE offset=0 loadSize=40
2026-01-30 13:21:03.687 23864-23864 NxHomeContentRepo       com.fishit.player.v2                 D  📺 Series PagingSource FACTORY invoked
2026-01-30 13:21:03.687 23864-24226 ObjectBoxPagingSource   com.fishit.player.v2                 D  🔍 DB Query: offset=0 loadSize=40 → results=37
2026-01-30 13:21:03.688 23864-24226 NxHomeContentRepo       com.fishit.player.v2                 D  🔍 HomePagingSource: DB returned 37 works
2026-01-30 13:21:03.690 23864-23864 NxHomeContentRepo       com.fishit.player.v2                 D  🔍 HomePagingSource.load() START | workType=SERIES offset=0 loadSize=40
2026-01-30 13:21:03.695 23864-23864 NxHomeContentRepo       com.fishit.player.v2                 D  🔍 HomePagingSource.load() START | workType=CLIP offset=0 loadSize=40
2026-01-30 13:21:03.697 23864-23952 ObjectBoxPagingSource   com.fishit.player.v2                 D  🔍 DB Query: offset=0 loadSize=40 → results=0
2026-01-30 13:21:03.698 23864-23952 NxHomeContentRepo       com.fishit.player.v2                 D  🔍 HomePagingSource: DB returned 0 works
2026-01-30 13:21:03.701 23864-24222 ObjectBoxPagingSource   com.fishit.player.v2                 D  🔍 DB Query: offset=0 loadSize=40 → results=40
2026-01-30 13:21:03.701 23864-24222 NxHomeContentRepo       com.fishit.player.v2                 D  🔍 HomePagingSource: DB returned 40 works
2026-01-30 13:21:03.701 23864-23864 NxHomeContentRepo       com.fishit.player.v2                 D  🔍 HomePagingSource.load() START | workType=LIVE_CHANNEL offset=0 loadSize=40
2026-01-30 13:21:03.706 23864-23953 ObjectBoxPagingSource   com.fishit.player.v2                 D  🔍 DB Query: offset=0 loadSize=40 → results=40
2026-01-30 13:21:03.706 23864-23864 NxHomeContentRepo       com.fishit.player.v2                 D  🔍 HomePagingSource.load() START | workType=ALL offset=0 loadSize=40
2026-01-30 13:21:03.707 23864-23953 NxHomeContentRepo       com.fishit.player.v2                 D  🔍 HomePagingSource: DB returned 40 works
2026-01-30 13:21:03.714 23864-23942 ObjectBoxPagingSource   com.fishit.player.v2                 D  🔍 DB Query: offset=0 loadSize=40 → results=40
2026-01-30 13:21:03.714 23864-23942 NxHomeContentRepo       com.fishit.player.v2                 D  🔍 HomePagingSource: DB returned 40 works
2026-01-30 13:21:03.771 23864-23864 NxHomeContentRepo       com.fishit.player.v2                 D  🔍 HomePagingSource: Processing 37 works for mapping
2026-01-30 13:21:03.772 23864-23864 NxHomeContentRepo       com.fishit.player.v2                 D  🔍 HomePagingSource: Processing 0 works for mapping
2026-01-30 13:21:03.773 23864-23864 NxHomeContentRepo       com.fishit.player.v2                 D  🔍 HomePagingSource: Processing 40 works for mapping
2026-01-30 13:21:03.773 23864-23864 NxHomeContentRepo       com.fishit.player.v2                 D  🔍 HomePagingSource: Processing 40 works for mapping
2026-01-30 13:21:03.787 23864-23954 CatalogSyncService      com.fishit.player.v2                 W  Xtream batch (NX): ingested=400 failed=0 hint_warnings=262 ingest_ms=5032 total_ms=5033
2026-01-30 13:21:03.789 23864-23875 ishit.player.v2         com.fishit.player.v2                 I  Background concurrent copying GC freed 654772(23MB) AllocSpace objects, 0(0B) LOS objects, 46% free, 28MB/52MB, paused 74us,74us total 112.906ms
2026-01-30 13:21:03.796 23864-23864 NxHomeContentRepo       com.fishit.player.v2                 D  🔍 HomePagingSource: Filtered out episodes: 40 → 40
2026-01-30 13:21:03.796 23864-23956 XTC                     com.fishit.player.v2                 D  [VOD] DTO→Raw #500 | id=xtream:vod:780844 | title="Shadow of God | 2025 | 5.0 |" | sourceType=XTREAM | Fields: ✓[year=2025, poster] ✗[plot, cast, director, backdrop, duration, tmdb]
2026-01-30 13:21:03.796 23864-23864 NxHomeContentRepo       com.fishit.player.v2                 D  🔍 HomePagingSource: Processing 40 works for mapping
2026-01-30 13:21:03.812 23864-23956 XTC                     com.fishit.player.v2                 D  [SERIES] DTO→Raw #1350 | id=xtream:series:3341 | title="Gordon Ramsay: Uncharted" | sourceType=XTREAM | Fields: ✓[cast, poster, duration=2820000ms] ✗[year, plot, director, backdrop, tmdb]
2026-01-30 13:21:03.814 23864-23954 CatalogSyncService      com.fishit.player.v2                 D  Persisting Xtream catalog batch (NX-ONLY): 400 items (canonical_linking=true)
2026-01-30 13:21:03.819 23864-23957 XtreamCatalogScanWorker com.fishit.player.v2                 D  PROGRESS discovered=3474 persisted=1600 phase=N/A
2026-01-30 13:21:03.833 23864-23953 XTC                     com.fishit.player.v2                 D  [LIVE] DTO→Raw #1650 | id=xtream:live:769941 | title="EstrellaTV" | sourceType=XTREAM | Fields: ✓[poster] ✗[year, plot, cast, director, backdrop, duration, tmdb]
2026-01-30 13:21:03.911 23864-23956 XTC                     com.fishit.player.v2                 D  [SERIES] DTO→Raw #1400 | id=xtream:series:3452 | title="The Guardians of Justice" | sourceType=XTREAM | Fields: ✓[plot(800c), cast, poster, duration=1200000ms] ✗[year, director, backdrop, tmdb]
2026-01-30 13:21:03.912 23864-23953 XTC                     com.fishit.player.v2                 D  [LIVE] DTO→Raw #1700 | id=xtream:live:769991 | title="CBS News Chicago" | sourceType=XTREAM | Fields: ✓[poster] ✗[year, plot, cast, director, backdrop, duration, tmdb]
2026-01-30 13:21:03.947 23864-23953 XTC                     com.fishit.player.v2                 D  [LIVE] DTO→Raw #1750 | id=xtream:live:48684 | title="VIP SPORT: DIGI SPORT 2 (RO)" | sourceType=XTREAM | Fields: ✓[] ✗[year, plot, cast, director, poster, backdrop, duration, tmdb]
2026-01-30 13:21:03.949 23864-23956 XTC                     com.fishit.player.v2                 D  [SERIES] DTO→Raw #1450 | id=xtream:series:3642 | title="Warrior" | sourceType=XTREAM | Fields: ✓[plot(440c), cast, poster, duration=3300000ms] ✗[year, director, backdrop, tmdb]
2026-01-30 13:21:03.972 23864-23953 XTC                     com.fishit.player.v2                 D  [LIVE] DTO→Raw #1800 | id=xtream:live:182158 | title="VIP SPORT: UFC French" | sourceType=XTREAM | Fields: ✓[poster] ✗[year, plot, cast, director, backdrop, duration, tmdb]
2026-01-30 13:21:03.990 23864-23956 XTC                     com.fishit.player.v2                 D  [SERIES] DTO→Raw #1500 | id=xtream:series:3803 | title="Gossip Girl" | sourceType=XTREAM | Fields: ✓[plot(593c), cast, poster, duration=2520000ms] ✗[year, director, backdrop, tmdb]
2026-01-30 13:21:03.990 23864-23953 XTC                     com.fishit.player.v2                 D  [LIVE] DTO→Raw #1850 | id=xtream:live:12928 | title="AT: Sky Sport AT 1 FHD" | sourceType=XTREAM | Fields: ✓[poster] ✗[year, plot, cast, director, backdrop, duration, tmdb]
2026-01-30 13:21:04.168 23864-23864 WorkManage...teObserver com.fishit.player.v2                 I  Sync state: SUCCEEDED
2026-01-30 13:21:04.169 23864-23864 NxHomeContentRepo       com.fishit.player.v2                 D  🔍 HomePagingSource: Loaded source refs for 0 works
2026-01-30 13:21:04.170 23864-23864 NxHomeContentRepo       com.fishit.player.v2                 I  ✅ HomePagingSource.load() RESULT | workType=CLIP offset=0 count=0 hasNext=false titles=
2026-01-30 13:21:04.260 23864-23864 NxHomeContentRepo       com.fishit.player.v2                 D  🔍 HomePagingSource: Loaded source refs for 37 works
2026-01-30 13:21:04.263 23864-23864 NxHomeContentRepo       com.fishit.player.v2                 I  ✅ HomePagingSource.load() RESULT | workType=MOVIE offset=0 count=37 hasNext=false titles="1978", "22 Bahnen", "Americana"
2026-01-30 13:21:04.267 23864-23864 NxHomeContentRepo       com.fishit.player.v2                 D  🔍 HomePagingSource: Loaded source refs for 40 works
2026-01-30 13:21:04.269 23864-23864 NxHomeContentRepo       com.fishit.player.v2                 I  ✅ HomePagingSource.load() RESULT | workType=SERIES offset=0 count=40 hasNext=true titles="#FreeRayshawn", "11 22 63 – Der Anschlag", "13 Reasons Why"
2026-01-30 13:21:04.273 23864-23864 NxHomeContentRepo       com.fishit.player.v2                 D  🔍 HomePagingSource: Loaded source refs for 40 works
2026-01-30 13:21:04.275 23864-23864 NxHomeContentRepo       com.fishit.player.v2                 I  ✅ HomePagingSource.load() RESULT | workType=LIVE_CHANNEL offset=0 count=40 hasNext=true titles="#### MAGENTA Sport ####", "00s Replay", "70s Cinema"
2026-01-30 13:21:04.279 23864-23864 NxHomeContentRepo       com.fishit.player.v2                 D  🔍 HomePagingSource: Loaded source refs for 40 works
2026-01-30 13:21:04.281 23864-23864 NxHomeContentRepo       com.fishit.player.v2                 I  ✅ HomePagingSource.load() RESULT | workType=ALL offset=0 count=40 hasNext=true titles="Are You The One?", "Ella McCay", "Jane Austen und das Chaos in meinem Leben"
2026-01-30 13:21:04.466 23864-24213 TrafficStats            com.fishit.player.v2                 D  tagSocket(104) with statsTag=0xffffffff, statsUid=-1
2026-01-30 13:21:04.468 23864-24211 TrafficStats            com.fishit.player.v2                 D  tagSocket(144) with statsTag=0xffffffff, statsUid=-1
2026-01-30 13:21:04.549 23864-24209 TrafficStats            com.fishit.player.v2                 D  tagSocket(170) with statsTag=0xffffffff, statsUid=-1
2026-01-30 13:21:04.560 23864-24211 TrafficStats            com.fishit.player.v2                 D  tagSocket(172) with statsTag=0xffffffff, statsUid=-1
2026-01-30 13:21:04.569 23864-24213 TrafficStats            com.fishit.player.v2                 D  tagSocket(171) with statsTag=0xffffffff, statsUid=-1
2026-01-30 13:21:04.578 23864-24208 TrafficStats            com.fishit.player.v2                 D  tagSocket(174) with statsTag=0xffffffff, statsUid=-1
2026-01-30 13:21:04.634 23864-24212 TrafficStats            com.fishit.player.v2                 D  tagSocket(183) with statsTag=0xffffffff, statsUid=-1
2026-01-30 13:21:04.669 23864-24208 TrafficStats            com.fishit.player.v2                 D  tagSocket(184) with statsTag=0xffffffff, statsUid=-1
2026-01-30 13:21:04.921 23864-24245 CatalogSyncService      com.fishit.player.v2                 W  Xtream batch (NX): ingested=400 failed=0 hint_warnings=140 ingest_ms=6307 total_ms=6308
2026-01-30 13:21:04.929 23864-24226 XtreamCatalogScanWorker com.fishit.player.v2                 D  PROGRESS discovered=3849 persisted=2000 phase=N/A
2026-01-30 13:21:04.957 23864-24245 CatalogSyncService      com.fishit.player.v2                 D  Persisting Xtream catalog batch (NX-ONLY): 400 items (canonical_linking=true)
2026-01-30 13:21:04.978 23864-23959 XTC                     com.fishit.player.v2                 D  [VOD] DTO→Raw #550 | id=xtream:vod:779064 | title="Escape - Der unsichtbare Feind | 2024 | " | sourceType=XTREAM | Fields: ✓[year=2024, poster] ✗[plot, cast, director, backdrop, duration, tmdb]
2026-01-30 13:21:04.979 23864-24242 XTC                     com.fishit.player.v2                 D  [LIVE] DTO→Raw #1900 | id=xtream:live:68164 | title="HR: RTL PASSION" | sourceType=XTREAM | Fields: ✓[poster] ✗[year, plot, cast, director, backdrop, duration, tmdb]
2026-01-30 13:21:05.002 23864-24246 XTC                     com.fishit.player.v2                 D  [SERIES] DTO→Raw #1550 | id=xtream:series:3957 | title="Befruchtet" | sourceType=XTREAM | Fields: ✓[plot(166c), cast, poster, duration=2100000ms] ✗[year, director, backdrop, tmdb]
2026-01-30 13:21:05.012 23864-23959 XTC                     com.fishit.player.v2                 D  [VOD] DTO→Raw #600 | id=xtream:vod:776412 | title="WWE WrestleMania 41: Sunday | 2025 | 6.1" | sourceType=XTREAM | Fields: ✓[year=2025, poster] ✗[plot, cast, director, backdrop, duration, tmdb]
2026-01-30 13:21:05.018 23864-24242 XTC                     com.fishit.player.v2                 D  [LIVE] DTO→Raw #1950 | id=xtream:live:68283 | title="BIH: RTRS 1" | sourceType=XTREAM | Fields: ✓[poster] ✗[year, plot, cast, director, backdrop, duration, tmdb]
2026-01-30 13:21:05.038 23864-23959 XTC                     com.fishit.player.v2                 D  [VOD] DTO→Raw #650 | id=xtream:vod:773840 | title="Vena | 2024 | 7.7 |" | sourceType=XTREAM | Fields: ✓[year=2024, poster] ✗[plot, cast, director, backdrop, duration, tmdb]
2026-01-30 13:21:05.056 23864-24242 XTC                     com.fishit.player.v2                 D  [LIVE] DTO→Raw #2000 | id=xtream:live:68013 | title="SRB: PRVA HD" | sourceType=XTREAM | Fields: ✓[poster] ✗[year, plot, cast, director, backdrop, duration, tmdb]
2026-01-30 13:21:05.591 23864-24222 CatalogSyncService      com.fishit.player.v2                 W  Xtream batch (NX): ingested=400 failed=0 hint_warnings=125 ingest_ms=6807 total_ms=6808
2026-01-30 13:21:05.599 23864-24223 XTC                     com.fishit.player.v2                 D  [VOD] DTO→Raw #700 | id=xtream:vod:771263 | title="Old Guy - Alter Hund mit neuen Tricks | " | sourceType=XTREAM | Fields: ✓[year=2024, poster] ✗[plot, cast, director, backdrop, duration, tmdb]
2026-01-30 13:21:05.604 23864-23956 XtreamCatalogScanWorker com.fishit.player.v2                 D  PROGRESS discovered=4267 persisted=2400 phase=N/A
2026-01-30 13:21:05.605 23864-24261 XTC                     com.fishit.player.v2                 D  [SERIES] DTO→Raw #1600 | id=xtream:series:4083 | title="The Terminal List - Die Abschussliste" | sourceType=XTREAM | Fields: ✓[plot(317c), cast, poster, duration=3600000ms] ✗[year, director, backdrop, tmdb]
2026-01-30 13:21:05.623 23864-24222 CatalogSyncService      com.fishit.player.v2                 D  Persisting Xtream catalog batch (NX-ONLY): 400 items (canonical_linking=true)
2026-01-30 13:21:05.627 23864-23956 XTC                     com.fishit.player.v2                 D  [VOD] DTO→Raw #750 | id=xtream:vod:767670 | title="We Live in Time | 2024 | 7.5 |" | sourceType=XTREAM | Fields: ✓[year=2024, poster] ✗[plot, cast, director, backdrop, duration, tmdb]
2026-01-30 13:21:05.650 23864-23956 XTC                     com.fishit.player.v2                 D  [VOD] DTO→Raw #800 | id=xtream:vod:765621 | title="The Killer | 2024 | 6.4 |" | sourceType=XTREAM | Fields: ✓[year=2024, poster] ✗[plot, cast, director, backdrop, duration, tmdb]
2026-01-30 13:21:05.667 23864-23956 XTC                     com.fishit.player.v2                 D  [VOD] DTO→Raw #850 | id=xtream:vod:763435 | title="Escape: Flucht in die Freiheit | 2024 | " | sourceType=XTREAM | Fields: ✓[year=2024, poster] ✗[plot, cast, director, backdrop, duration, tmdb]
2026-01-30 13:21:05.669 23864-24260 XTC                     com.fishit.player.v2                 D  [SERIES] DTO→Raw #1650 | id=xtream:series:4299 | title="House of the Dragon" | sourceType=XTREAM | Fields: ✓[plot(96c), cast, poster, duration=3600000ms] ✗[year, director, backdrop, tmdb]
2026-01-30 13:21:05.680 23864-23956 XTC                     com.fishit.player.v2                 D  [VOD] DTO→Raw #900 | id=xtream:vod:761313 | title="Blitz | 2024 | 5.2 |" | sourceType=XTREAM | Fields: ✓[year=2024, poster] ✗[plot, cast, director, backdrop, duration, tmdb]
2026-01-30 13:21:05.714 23864-23875 ishit.player.v2         com.fishit.player.v2                 I  Background concurrent copying GC freed 601391(26MB) AllocSpace objects, 12(240KB) LOS objects, 44% free, 29MB/53MB, paused 188us,84us total 122.646ms
2026-01-30 13:21:06.407 23864-23864 ViewRootIm...nActivity] com.fishit.player.v2                 I  ViewPostIme pointer 0
2026-01-30 13:21:06.711 23864-23864 ViewRootIm...nActivity] com.fishit.player.v2                 I  ViewPostIme pointer 1
2026-01-30 13:21:07.362 23864-23875 ishit.player.v2         com.fishit.player.v2                 I  Background concurrent copying GC freed 612218(29MB) AllocSpace objects, 11(220KB) LOS objects, 45% free, 29MB/53MB, paused 274us,66us total 175.850ms
2026-01-30 13:21:07.709 23864-23864 ViewRootIm...nActivity] com.fishit.player.v2                 I  ViewPostIme pointer 0
2026-01-30 13:21:07.934 23864-23864 ViewRootIm...nActivity] com.fishit.player.v2                 I  ViewPostIme pointer 1
2026-01-30 13:21:09.061 23864-23864 ViewRootIm...nActivity] com.fishit.player.v2                 I  ViewPostIme pointer 0
2026-01-30 13:21:09.390 23864-23864 ViewRootIm...nActivity] com.fishit.player.v2                 I  ViewPostIme pointer 1
2026-01-30 13:21:10.100 23864-23864 ViewRootIm...nActivity] com.fishit.player.v2                 I  ViewPostIme pointer 0
2026-01-30 13:21:10.424 23864-23864 ViewRootIm...nActivity] com.fishit.player.v2                 I  ViewPostIme pointer 1
2026-01-30 13:21:14.473 23864-24223 CatalogSyncService      com.fishit.player.v2                 W  Xtream batch (NX): ingested=400 failed=0 hint_warnings=157 ingest_ms=9515 total_ms=9516
2026-01-30 13:21:14.478 23864-23952 XTC                     com.fishit.player.v2                 D  [VOD] DTO→Raw #950 | id=xtream:vod:756534 | title="Libre | 2024 | 5.9 |" | sourceType=XTREAM | Fields: ✓[year=2024, poster] ✗[plot, cast, director, backdrop, duration, tmdb]
2026-01-30 13:21:14.494 23864-24223 CatalogSyncService      com.fishit.player.v2                 D  Persisting Xtream catalog batch (NX-ONLY): 400 items (canonical_linking=true)
2026-01-30 13:21:14.497 23864-23954 XTC                     com.fishit.player.v2                 D  [SERIES] DTO→Raw #1700 | id=xtream:series:4449 | title="Irma Vep" | sourceType=XTREAM | Fields: ✓[plot(448c), cast, poster, duration=3600000ms] ✗[year, director, backdrop, tmdb]
2026-01-30 13:21:14.508 23864-23958 XTC                     com.fishit.player.v2                 D  [LIVE] DTO→Raw #2050 | id=xtream:live:57393 | title="SLOVENIA CHANNELS" | sourceType=XTREAM | Fields: ✓[] ✗[year, plot, cast, director, poster, backdrop, duration, tmdb]
2026-01-30 13:21:14.526 23864-24246 XTC                     com.fishit.player.v2                 D  [VOD] DTO→Raw #1000 | id=xtream:vod:755046 | title="Arcadian | 2024 | 6.0 |" | sourceType=XTREAM | Fields: ✓[year=2024, poster] ✗[plot, cast, director, backdrop, duration, tmdb]
2026-01-30 13:21:14.526 23864-24261 XTC                     com.fishit.player.v2                 D  [LIVE] DTO→Raw #2100 | id=xtream:live:68354 | title="MK: MPT 3" | sourceType=XTREAM | Fields: ✓[poster] ✗[year, plot, cast, director, backdrop, duration, tmdb]
2026-01-30 13:21:14.529 23864-23958 XtreamCatalogScanWorker com.fishit.player.v2                 D  PROGRESS discovered=4820 persisted=2800 phase=N/A
2026-01-30 13:21:14.540 23864-24261 XTC                     com.fishit.player.v2                 D  [LIVE] DTO→Raw #2150 | id=xtream:live:112383 | title="CRO: Arena Sport 8 FHD" | sourceType=XTREAM | Fields: ✓[poster] ✗[year, plot, cast, director, backdrop, duration, tmdb]
2026-01-30 13:21:14.558 23864-24261 XTC                     com.fishit.player.v2                 D  [LIVE] DTO→Raw #2200 | id=xtream:live:81562 | title="EYXU PINK" | sourceType=XTREAM | Fields: ✓[] ✗[year, plot, cast, director, poster, backdrop, duration, tmdb]
2026-01-30 13:21:14.573 23864-24244 XTC                     com.fishit.player.v2                 D  [SERIES] DTO→Raw #1750 | id=xtream:series:4577 | title="Shantaram" | sourceType=XTREAM | Fields: ✓[plot(534c), cast, poster, duration=3180000ms] ✗[year, director, backdrop, tmdb]
2026-01-30 13:21:14.718 23864-24244 CatalogSyncService      com.fishit.player.v2                 W  Xtream batch (NX): ingested=400 failed=0 hint_warnings=96 ingest_ms=10904 total_ms=10904
2026-01-30 13:21:14.722 23864-23957 XTC                     com.fishit.player.v2                 D  [SERIES] DTO→Raw #1800 | id=xtream:series:4656 | title="Truth Be Told - Der Wahrheit auf der Spu" | sourceType=XTREAM | Fields: ✓[plot(277c), cast, poster, duration=2700000ms] ✗[year, director, backdrop, tmdb]
2026-01-30 13:21:14.725 23864-24244 CatalogSyncService      com.fishit.player.v2                 D  Persisting Xtream catalog batch (NX-ONLY): 400 items (canonical_linking=true)
2026-01-30 13:21:14.727 23864-24246 XTC                     com.fishit.player.v2                 D  [VOD] DTO→Raw #1050 | id=xtream:vod:753417 | title="The Crow | 2024 | 5.3 |" | sourceType=XTREAM | Fields: ✓[year=2024, poster] ✗[plot, cast, director, backdrop, duration, tmdb]
2026-01-30 13:21:14.729 23864-24222 XTC                     com.fishit.player.v2                 D  [LIVE] DTO→Raw #2250 | id=xtream:live:68054 | title="SRB: Fox Crime" | sourceType=XTREAM | Fields: ✓[poster] ✗[year, plot, cast, director, backdrop, duration, tmdb]
2026-01-30 13:21:14.752 23864-24222 XTC                     com.fishit.player.v2                 D  [LIVE] DTO→Raw #2300 | id=xtream:live:80163 | title="EXYU: BBC Earth" | sourceType=XTREAM | Fields: ✓[poster] ✗[year, plot, cast, director, backdrop, duration, tmdb]
2026-01-30 13:21:14.760 23864-23957 XTC                     com.fishit.player.v2                 D  [SERIES] DTO→Raw #1850 | id=xtream:series:4755 | title="The Great Game" | sourceType=XTREAM | Fields: ✓[plot(321c), cast, poster, duration=3360000ms] ✗[year, director, backdrop, tmdb]
2026-01-30 13:21:14.763 23864-24246 XTC                     com.fishit.player.v2                 D  [VOD] DTO→Raw #1100 | id=xtream:vod:751157 | title="The Good Half | 2024 | 5.3 |" | sourceType=XTREAM | Fields: ✓[year=2024, poster] ✗[plot, cast, director, backdrop, duration, tmdb]
2026-01-30 13:21:14.769 23864-24222 XTC                     com.fishit.player.v2                 D  [LIVE] DTO→Raw #2350 | id=xtream:live:71045 | title="CR: Narodni TV" | sourceType=XTREAM | Fields: ✓[] ✗[year, plot, cast, director, poster, backdrop, duration, tmdb]
2026-01-30 13:21:14.777 23864-24246 XTC                     com.fishit.player.v2                 D  [VOD] DTO→Raw #1150 | id=xtream:vod:749239 | title="Nightwatch - Demons Are Forever | 2023 |" | sourceType=XTREAM | Fields: ✓[year=2023, poster] ✗[plot, cast, director, backdrop, duration, tmdb]
2026-01-30 13:21:14.794 23864-23957 XTC                     com.fishit.player.v2                 D  [SERIES] DTO→Raw #1900 | id=xtream:series:4854 | title="Last X-mas - 24 Tage für die Liebe" | sourceType=XTREAM | Fields: ✓[plot(632c), cast, poster] ✗[year, director, backdrop, duration, tmdb]
2026-01-30 13:21:15.161 23864-23940 CatalogSyncService      com.fishit.player.v2                 W  Xtream batch (NX): ingested=400 failed=0 hint_warnings=121 ingest_ms=9537 total_ms=9537
2026-01-30 13:21:15.167 23864-24222 XTC                     com.fishit.player.v2                 D  [LIVE] DTO→Raw #2400 | id=xtream:live:123310 | title="NL: ZIGGO SPORT DOCU HEVC" | sourceType=XTREAM | Fields: ✓[poster] ✗[year, plot, cast, director, backdrop, duration, tmdb]
2026-01-30 13:21:15.173 23864-23952 XTC                     com.fishit.player.v2                 D  [VOD] DTO→Raw #1200 | id=xtream:vod:746657 | title="Spieleabend | 2024 | 6.7 |" | sourceType=XTREAM | Fields: ✓[year=2024, poster] ✗[plot, cast, director, backdrop, duration, tmdb]
2026-01-30 13:21:15.187 23864-23940 CatalogSyncService      com.fishit.player.v2                 D  Persisting Xtream catalog batch (NX-ONLY): 400 items (canonical_linking=true)
2026-01-30 13:21:15.190 23864-24222 XTC                     com.fishit.player.v2                 D  [LIVE] DTO→Raw #2450 | id=xtream:live:67994 | title="NL: CBS REALITY" | sourceType=XTREAM | Fields: ✓[] ✗[year, plot, cast, director, poster, backdrop, duration, tmdb]
2026-01-30 13:21:15.199 23864-23952 XTC                     com.fishit.player.v2                 D  [VOD] DTO→Raw #1250 | id=xtream:vod:744770 | title="We Grown Now | 2024 | 7.2 |" | sourceType=XTREAM | Fields: ✓[year=2024, poster] ✗[plot, cast, director, backdrop, duration, tmdb]
2026-01-30 13:21:15.210 23864-24222 XTC                     com.fishit.player.v2                 D  [LIVE] DTO→Raw #2500 | id=xtream:live:728060 | title="NL: VIAPLAY Premier League 1 FHD" | sourceType=XTREAM | Fields: ✓[poster] ✗[year, plot, cast, director, backdrop, duration, tmdb]
2026-01-30 13:21:15.217 23864-23957 XtreamCatalogScanWorker com.fishit.player.v2                 D  PROGRESS discovered=5712 persisted=3600 phase=N/A
2026-01-30 13:21:15.220 23864-23958 XTC                     com.fishit.player.v2                 D  [SERIES] DTO→Raw #1950 | id=xtream:series:4952 | title="Vienna Blood" | sourceType=XTREAM | Fields: ✓[plot(715c), cast, poster, duration=5340000ms] ✗[year, director, backdrop, tmdb]
2026-01-30 13:21:15.221 23864-23952 XTC                     com.fishit.player.v2                 D  [VOD] DTO→Raw #1300 | id=xtream:vod:743327 | title="The Last Rifleman | 2023 | 6.7 |" | sourceType=XTREAM | Fields: ✓[year=2023, poster] ✗[plot, cast, director, backdrop, duration, tmdb]
2026-01-30 13:21:15.238 23864-23952 XTC                     com.fishit.player.v2                 D  [VOD] DTO→Raw #1350 | id=xtream:vod:741596 | title="Chantal im Märchenland | 2024 | 5.2 |" | sourceType=XTREAM | Fields: ✓[year=2024, poster] ✗[plot, cast, director, backdrop, duration, tmdb]
2026-01-30 13:21:15.275 23864-23875 ishit.player.v2         com.fishit.player.v2                 I  Background young concurrent copying GC freed 453679(18MB) AllocSpace objects, 0(0B) LOS objects, 27% free, 37MB/52MB, paused 274us,191us total 119.004ms
2026-01-30 13:21:16.771 23864-23875 ishit.player.v2         com.fishit.player.v2                 I  Background concurrent copying GC freed 605458(27MB) AllocSpace objects, 0(0B) LOS objects, 42% free, 31MB/55MB, paused 168us,54us total 221.450ms
2026-01-30 13:21:30.745 23864-24260 CatalogSyncService      com.fishit.player.v2                 W  Xtream batch (NX): ingested=400 failed=0 hint_warnings=141 ingest_ms=16250 total_ms=16251
2026-01-30 13:21:30.756 23864-24260 CatalogSyncService      com.fishit.player.v2                 D  Persisting Xtream catalog batch (NX-ONLY): 400 items (canonical_linking=true)
2026-01-30 13:21:30.761 23864-23958 XTC                     com.fishit.player.v2                 D  [VOD] DTO→Raw #1400 | id=xtream:vod:740067 | title="Die Knochenfrau | 2023 | 5.8 |" | sourceType=XTREAM | Fields: ✓[year=2023, poster] ✗[plot, cast, director, backdrop, duration, tmdb]
2026-01-30 13:21:30.765 23864-23959 XTC                     com.fishit.player.v2                 D  [SERIES] DTO→Raw #2000 | id=xtream:series:5054 | title="Planet Sex mit Cara Delevingne" | sourceType=XTREAM | Fields: ✓[plot(231c), cast, poster, duration=2700000ms] ✗[year, director, backdrop, tmdb]
2026-01-30 13:21:30.768 23864-24245 XtreamCatalogScanWorker com.fishit.player.v2                 D  PROGRESS discovered=5933 persisted=4000 phase=N/A
2026-01-30 13:21:30.779 23864-24223 XTC                     com.fishit.player.v2                 D  [LIVE] DTO→Raw #2550 | id=xtream:live:51111 | title="NL: FILM 1 ACTION FHD" | sourceType=XTREAM | Fields: ✓[] ✗[year, plot, cast, director, poster, backdrop, duration, tmdb]
2026-01-30 13:21:30.787 23864-23958 XTC                     com.fishit.player.v2                 D  [VOD] DTO→Raw #1450 | id=xtream:vod:731525 | title="Für immer | 2023 | 6.1 |" | sourceType=XTREAM | Fields: ✓[year=2023, poster] ✗[plot, cast, director, backdrop, duration, tmdb]
2026-01-30 13:21:30.798 23864-24223 XTC                     com.fishit.player.v2                 D  [LIVE] DTO→Raw #2600 | id=xtream:live:324134 | title="FR: E! ENTERTAINMENT HEVC" | sourceType=XTREAM | Fields: ✓[poster] ✗[year, plot, cast, director, backdrop, duration, tmdb]
2026-01-30 13:21:30.800 23864-23958 XTC                     com.fishit.player.v2                 D  [VOD] DTO→Raw #1500 | id=xtream:vod:728107 | title="My Name Is Loh Kiwan | 2024 | 6.0 |" | sourceType=XTREAM | Fields: ✓[year=2024, poster] ✗[plot, cast, director, backdrop, duration, tmdb]
2026-01-30 13:21:30.801 23864-24246 XtreamCatalogScanWorker com.fishit.player.v2                 D  PROGRESS discovered=6104 persisted=4000 phase=N/A
2026-01-30 13:21:30.827 23864-24223 XTC                     com.fishit.player.v2                 D  [LIVE] DTO→Raw #2650 | id=xtream:live:324241 | title="FR: PIWI+ HEVC" | sourceType=XTREAM | Fields: ✓[poster] ✗[year, plot, cast, director, backdrop, duration, tmdb]
2026-01-30 13:21:30.851 23864-24223 XTC                     com.fishit.player.v2                 D  [LIVE] DTO→Raw #2700 | id=xtream:live:361934 | title="FR: BEIN SPORTS MAX8 HEVC" | sourceType=XTREAM | Fields: ✓[] ✗[year, plot, cast, director, poster, backdrop, duration, tmdb]
2026-01-30 13:21:30.855 23864-23958 XTC                     com.fishit.player.v2                 D  [VOD] DTO→Raw #1550 | id=xtream:vod:704641 | title="Cat Person | 2023 | 6.2 |" | sourceType=XTREAM | Fields: ✓[year=2023, poster] ✗[plot, cast, director, backdrop, duration, tmdb]
2026-01-30 13:21:33.102 23864-23958 CatalogSyncService      com.fishit.player.v2                 W  Xtream batch (NX): ingested=400 failed=0 hint_warnings=82 ingest_ms=18376 total_ms=18377
2026-01-30 13:21:33.118 23864-23956 XTC                     com.fishit.player.v2                 D  [VOD] DTO→Raw #1600 | id=xtream:vod:696436 | title="Naughty - Entfesselte Lust | 2023 | 5.8 " | sourceType=XTREAM | Fields: ✓[year=2023, poster] ✗[plot, cast, director, backdrop, duration, tmdb]
2026-01-30 13:21:33.118 23864-23958 CatalogSyncService      com.fishit.player.v2                 D  Persisting Xtream catalog batch (NX-ONLY): 400 items (canonical_linking=true)
2026-01-30 13:21:33.120 23864-23955 XTC                     com.fishit.player.v2                 D  [LIVE] DTO→Raw #2750 | id=xtream:live:44392 | title="FR: Orange Cinema 2 HD" | sourceType=XTREAM | Fields: ✓[poster] ✗[year, plot, cast, director, backdrop, duration, tmdb]
2026-01-30 13:21:33.125 23864-24223 XTC                     com.fishit.player.v2                 D  [VOD] DTO→Raw #1650 | id=xtream:vod:692594 | title="Slotherhouse - Ein Faultier zum Fürchten" | sourceType=XTREAM | Fields: ✓[year=2023, poster] ✗[plot, cast, director, backdrop, duration, tmdb]
2026-01-30 13:21:33.136 23864-24223 XTC                     com.fishit.player.v2                 D  [VOD] DTO→Raw #1700 | id=xtream:vod:674679 | title="A Royal Corgi Christmas - Weihnachten wi" | sourceType=XTREAM | Fields: ✓[year=2022, poster] ✗[plot, cast, director, backdrop, duration, tmdb]
2026-01-30 13:21:33.139 23864-24245 XTC                     com.fishit.player.v2                 D  [SERIES] DTO→Raw #2050 | id=xtream:series:5147 | title="Luden - Könige der Reeperbahn" | sourceType=XTREAM | Fields: ✓[plot(292c), cast, poster] ✗[year, director, backdrop, duration, tmdb]
2026-01-30 13:21:33.146 23864-24223 XTC                     com.fishit.player.v2                 D  [VOD] DTO→Raw #1750 | id=xtream:vod:672225 | title="Elf Me | 2023 | 6.2 |" | sourceType=XTREAM | Fields: ✓[year=2023, poster] ✗[plot, cast, director, backdrop, duration, tmdb]
2026-01-30 13:21:33.155 23864-24223 XTC                     com.fishit.player.v2                 D  [VOD] DTO→Raw #1800 | id=xtream:vod:669556 | title="The Royal Nanny | 2022 | 6.2 |" | sourceType=XTREAM | Fields: ✓[year=2022, poster] ✗[plot, cast, director, backdrop, duration, tmdb]
2026-01-30 13:21:34.541 23864-24246 CatalogSyncService      com.fishit.player.v2                 W  Xtream batch (NX): ingested=400 failed=0 hint_warnings=93 ingest_ms=19353 total_ms=19355
2026-01-30 13:21:34.552 23864-23942 XTC                     com.fishit.player.v2                 D  [VOD] DTO→Raw #1850 | id=xtream:vod:667269 | title="As They Made Us | 2022 | 5.5 |" | sourceType=XTREAM | Fields: ✓[year=2022, poster] ✗[plot, cast, director, backdrop, duration, tmdb]
2026-01-30 13:21:34.553 23864-24246 CatalogSyncService      com.fishit.player.v2                 D  Persisting Xtream catalog batch (NX-ONLY): 400 items (canonical_linking=true)
2026-01-30 13:21:34.556 23864-24260 XTC                     com.fishit.player.v2                 D  [LIVE] DTO→Raw #2800 | id=xtream:live:44458 | title="FR: AB1 FHD" | sourceType=XTREAM | Fields: ✓[] ✗[year, plot, cast, director, poster, backdrop, duration, tmdb]
2026-01-30 13:21:34.559 23864-23942 XTC                     com.fishit.player.v2                 D  [VOD] DTO→Raw #1900 | id=xtream:vod:659371 | title="Detective Dee und die Armee der Toten | " | sourceType=XTREAM | Fields: ✓[year=2022, poster] ✗[plot, cast, director, backdrop, duration, tmdb]
2026-01-30 13:21:34.560 23864-23958 XTC                     com.fishit.player.v2                 D  [SERIES] DTO→Raw #2100 | id=xtream:series:5258 | title="War Sailor" | sourceType=XTREAM | Fields: ✓[plot(539c), cast, poster, duration=3600000ms] ✗[year, director, backdrop, tmdb]
2026-01-30 13:21:34.574 23864-23942 XTC                     com.fishit.player.v2                 D  [VOD] DTO→Raw #1950 | id=xtream:vod:655613 | title="War of the Worlds: The Attack | 2023 | 5" | sourceType=XTREAM | Fields: ✓[year=2023, poster] ✗[plot, cast, director, backdrop, duration, tmdb]
2026-01-30 13:21:34.576 23864-24260 XTC                     com.fishit.player.v2                 D  [LIVE] DTO→Raw #2850 | id=xtream:live:791065 | title="LIGUE 1+" | sourceType=XTREAM | Fields: ✓[poster] ✗[year, plot, cast, director, backdrop, duration, tmdb]
2026-01-30 13:21:34.581 23864-23942 XTC                     com.fishit.player.v2                 D  [VOD] DTO→Raw #2000 | id=xtream:vod:641588 | title="Meinen Hass bekommt ihr nicht | 2022 | 5" | sourceType=XTREAM | Fields: ✓[year=2022, poster] ✗[plot, cast, director, backdrop, duration, tmdb]
2026-01-30 13:21:34.585 23864-24245 XtreamCatalogScanWorker com.fishit.player.v2                 D  PROGRESS discovered=6988 persisted=4800 phase=N/A
2026-01-30 13:21:34.596 23864-24260 XTC                     com.fishit.player.v2                 D  [LIVE] DTO→Raw #2900 | id=xtream:live:44515 | title="FR: EQUIDIA LIVE FHD" | sourceType=XTREAM | Fields: ✓[] ✗[year, plot, cast, director, poster, backdrop, duration, tmdb]
2026-01-30 13:21:35.187 23864-23875 ishit.player.v2         com.fishit.player.v2                 I  Background concurrent copying GC freed 551549(25MB) AllocSpace objects, 0(0B) LOS objects, 42% free, 32MB/56MB, paused 150us,89us total 118.894ms
2026-01-30 13:21:37.550 23864-23875 ishit.player.v2         com.fishit.player.v2                 I  Background concurrent copying GC freed 575252(27MB) AllocSpace objects, 0(0B) LOS objects, 44% free, 30MB/54MB, paused 182us,88us total 123.529ms
2026-01-30 13:21:40.351 23864-23875 ishit.player.v2         com.fishit.player.v2                 I  Background concurrent copying GC freed 549363(29MB) AllocSpace objects, 0(0B) LOS objects, 46% free, 27MB/51MB, paused 135us,50us total 106.575ms
2026-01-30 13:21:40.416 23864-23940 CatalogSyncService      com.fishit.player.v2                 W  Xtream batch (NX): ingested=400 failed=0 hint_warnings=109 ingest_ms=9660 total_ms=9660
2026-01-30 13:21:40.416 23864-23940 CatalogSyncService      com.fishit.player.v2                 D  Consumer#0: 5 batches, 5200 total items
2026-01-30 13:21:40.418 23864-24260 XTC                     com.fishit.player.v2                 D  [SERIES] DTO→Raw #2150 | id=xtream:series:5361 | title="Arctic Warrior" | sourceType=XTREAM | Fields: ✓[plot(233c), cast, poster] ✗[year, director, backdrop, duration, tmdb]
2026-01-30 13:21:40.423 23864-23940 CatalogSyncService      com.fishit.player.v2                 D  Persisting Xtream catalog batch (NX-ONLY): 400 items (canonical_linking=true)
2026-01-30 13:21:40.426 23864-24245 XTC                     com.fishit.player.v2                 D  [LIVE] DTO→Raw #2950 | id=xtream:live:124147 | title="FR: AMAZON PRIME 5 FHD" | sourceType=XTREAM | Fields: ✓[] ✗[year, plot, cast, director, poster, backdrop, duration, tmdb]
2026-01-30 13:21:40.435 23864-24245 XTC                     com.fishit.player.v2                 D  [LIVE] DTO→Raw #3000 | id=xtream:live:743659 | title="FR: HISTOIRE HD" | sourceType=XTREAM | Fields: ✓[] ✗[year, plot, cast, director, poster, backdrop, duration, tmdb]
2026-01-30 13:21:40.436 23864-23958 XTC                     com.fishit.player.v2                 D  [VOD] DTO→Raw #2050 | id=xtream:vod:639373 | title="A Life Too Short: The Isabella Nardoni C" | sourceType=XTREAM | Fields: ✓[year=2023, poster] ✗[plot, cast, director, backdrop, duration, tmdb]
2026-01-30 13:21:40.438 23864-24260 XtreamCatalogScanWorker com.fishit.player.v2                 D  PROGRESS discovered=7218 persisted=5200 phase=N/A
2026-01-30 13:21:40.453 23864-24244 XTC                     com.fishit.player.v2                 D  [SERIES] DTO→Raw #2200 | id=xtream:series:5481 | title="XO, Kitty" | sourceType=XTREAM | Fields: ✓[plot(164c), cast, poster, duration=1800000ms] ✗[year, director, backdrop, tmdb]
2026-01-30 13:21:40.458 23864-23958 XTC                     com.fishit.player.v2                 D  [VOD] DTO→Raw #2100 | id=xtream:vod:622323 | title="Operacja: Soulcatcher | 2023 | 6.4 |" | sourceType=XTREAM | Fields: ✓[year=2023, poster] ✗[plot, cast, director, backdrop, duration, tmdb]
2026-01-30 13:21:40.469 23864-23958 XTC                     com.fishit.player.v2                 D  [VOD] DTO→Raw #2150 | id=xtream:vod:613244 | title="Bird Box: Barcelona | 2023 | 6.7 |" | sourceType=XTREAM | Fields: ✓[year=2023, poster] ✗[plot, cast, director, backdrop, duration, tmdb]
2026-01-30 13:21:40.481 23864-23958 XTC                     com.fishit.player.v2                 D  [VOD] DTO→Raw #2200 | id=xtream:vod:580171 | title="Infinity Pool | 2023 | 6.3" | sourceType=XTREAM | Fields: ✓[year=2023, poster] ✗[plot, cast, director, backdrop, duration, tmdb]
2026-01-30 13:21:41.358 23864-23875 ishit.player.v2         com.fishit.player.v2                 I  Background concurrent copying GC freed 531581(24MB) AllocSpace objects, 0(0B) LOS objects, 43% free, 30MB/54MB, paused 120us,98us total 102.342ms
2026-01-30 13:21:41.659 23864-24245 CatalogSyncService      com.fishit.player.v2                 W  Xtream batch (NX): ingested=400 failed=0 hint_warnings=92 ingest_ms=8540 total_ms=8541
2026-01-30 13:21:41.660 23864-24245 CatalogSyncService      com.fishit.player.v2                 D  Consumer#1: 5 batches, 5600 total items
2026-01-30 13:21:41.664 23864-23957 XTC                     com.fishit.player.v2                 D  [SERIES] DTO→Raw #2250 | id=xtream:series:5552 | title="Equinox" | sourceType=XTREAM | Fields: ✓[plot(150c), cast, poster, duration=2820000ms] ✗[year, director, backdrop, tmdb]
2026-01-30 13:21:41.670 23864-24245 CatalogSyncService      com.fishit.player.v2                 D  Persisting Xtream catalog batch (NX-ONLY): 400 items (canonical_linking=true)
2026-01-30 13:21:41.678 23864-23952 XTC                     com.fishit.player.v2                 D  [VOD] DTO→Raw #2250 | id=xtream:vod:414905 | title="Scream 6 (2023)" | sourceType=XTREAM | Fields: ✓[year=2023, poster] ✗[plot, cast, director, backdrop, duration, tmdb]
2026-01-30 13:21:41.699 23864-24244 XTC                     com.fishit.player.v2                 D  [LIVE] DTO→Raw #3050 | id=xtream:live:54814 | title="BE: Voo Sport World 3 HD" | sourceType=XTREAM | Fields: ✓[] ✗[year, plot, cast, director, poster, backdrop, duration, tmdb]
2026-01-30 13:21:41.700 23864-23957 XTC                     com.fishit.player.v2                 D  [SERIES] DTO→Raw #2300 | id=xtream:series:5610 | title="Stateless" | sourceType=XTREAM | Fields: ✓[plot(482c), cast, poster, duration=3000000ms] ✗[year, director, backdrop, tmdb]
2026-01-30 13:21:41.714 23864-23952 XTC                     com.fishit.player.v2                 D  [VOD] DTO→Raw #2300 | id=xtream:vod:383802 | title="American Murderer (2022)" | sourceType=XTREAM | Fields: ✓[year=2022, poster] ✗[plot, cast, director, backdrop, duration, tmdb]
2026-01-30 13:21:41.721 23864-23957 XTC                     com.fishit.player.v2                 D  [SERIES] DTO→Raw #2350 | id=xtream:series:5674 | title="Alex" | sourceType=XTREAM | Fields: ✓[plot(835c), cast, poster, duration=2700000ms] ✗[year, director, backdrop, tmdb]
2026-01-30 13:21:41.732 23864-24244 XTC                     com.fishit.player.v2                 D  [LIVE] DTO→Raw #3100 | id=xtream:live:178407 | title="RU: Диалоги о рыбалке FHD" | sourceType=XTREAM | Fields: ✓[poster] ✗[year, plot, cast, director, backdrop, duration, tmdb]
2026-01-30 13:21:42.220 23864-23956 CatalogSyncService      com.fishit.player.v2                 W  Xtream batch (NX): ingested=400 failed=0 hint_warnings=82 ingest_ms=7667 total_ms=7667
2026-01-30 13:21:42.221 23864-23956 CatalogSyncService      com.fishit.player.v2                 D  Consumer#2: 5 batches, 6000 total items
2026-01-30 13:21:42.226 23864-24244 XTC                     com.fishit.player.v2                 D  [LIVE] DTO→Raw #3150 | id=xtream:live:178457 | title="RU: Дом кино премиум FHD" | sourceType=XTREAM | Fields: ✓[poster] ✗[year, plot, cast, director, backdrop, duration, tmdb]
2026-01-30 13:21:42.229 23864-23957 XTC                     com.fishit.player.v2                 D  [VOD] DTO→Raw #2350 | id=xtream:vod:383892 | title="Familie um jeden Preis (2022)" | sourceType=XTREAM | Fields: ✓[year=2022, poster] ✗[plot, cast, director, backdrop, duration, tmdb]
2026-01-30 13:21:42.229 23864-23956 CatalogSyncService      com.fishit.player.v2                 D  Persisting Xtream catalog batch (NX-ONLY): 400 items (canonical_linking=true)
2026-01-30 13:21:42.251 23864-24244 XTC                     com.fishit.player.v2                 D  [LIVE] DTO→Raw #3200 | id=xtream:live:178508 | title="RU: Киносемья FHD" | sourceType=XTREAM | Fields: ✓[poster] ✗[year, plot, cast, director, backdrop, duration, tmdb]
2026-01-30 13:21:42.254 23864-23940 XTC                     com.fishit.player.v2                 D  [SERIES] DTO→Raw #2400 | id=xtream:series:5729 | title="Blocco 181" | sourceType=XTREAM | Fields: ✓[plot(198c), cast, poster, duration=3000000ms] ✗[year, director, backdrop, tmdb]
2026-01-30 13:21:42.261 23864-23957 XTC                     com.fishit.player.v2                 D  [VOD] DTO→Raw #2400 | id=xtream:vod:384013 | title="Happy Nous Year (2022)" | sourceType=XTREAM | Fields: ✓[year=2022, poster] ✗[plot, cast, director, backdrop, duration, tmdb]
2026-01-30 13:21:42.266 23864-24244 XTC                     com.fishit.player.v2                 D  [LIVE] DTO→Raw #3250 | id=xtream:live:178566 | title="RU: Матч! Футбол 2 FHD" | sourceType=XTREAM | Fields: ✓[poster] ✗[year, plot, cast, director, backdrop, duration, tmdb]
2026-01-30 13:21:42.282 23864-23940 XTC                     com.fishit.player.v2                 D  [SERIES] DTO→Raw #2450 | id=xtream:series:5780 | title="Gannibal" | sourceType=XTREAM | Fields: ✓[cast, poster, duration=2700000ms] ✗[year, plot, director, backdrop, tmdb]
2026-01-30 13:21:42.290 23864-23957 XTC                     com.fishit.player.v2                 D  [VOD] DTO→Raw #2450 | id=xtream:vod:384103 | title="Batman und Superman: Kampf der Supersöhn" | sourceType=XTREAM | Fields: ✓[year=2022, poster] ✗[plot, cast, director, backdrop, duration, tmdb]
2026-01-30 13:21:42.292 23864-24244 XTC                     com.fishit.player.v2                 D  [LIVE] DTO→Raw #3300 | id=xtream:live:178625 | title="RU: Россия 1 FHD" | sourceType=XTREAM | Fields: ✓[poster] ✗[year, plot, cast, director, backdrop, duration, tmdb]
2026-01-30 13:21:42.739 23864-23875 ishit.player.v2         com.fishit.player.v2                 I  Background concurrent copying GC freed 571315(27MB) AllocSpace objects, 0(0B) LOS objects, 43% free, 31MB/55MB, paused 134us,85us total 101.788ms
2026-01-30 13:21:43.894 23864-23875 ishit.player.v2         com.fishit.player.v2                 I  Background concurrent copying GC freed 668702(31MB) AllocSpace objects, 0(0B) LOS objects, 39% free, 37MB/61MB, paused 227us,265us total 271.814ms
2026-01-30 13:21:48.689 23864-24260 CatalogSyncService      com.fishit.player.v2                 W  Xtream batch (NX): ingested=400 failed=0 hint_warnings=18 ingest_ms=8265 total_ms=8265
2026-01-30 13:21:48.696 23864-24260 CatalogSyncService      com.fishit.player.v2                 D  Persisting Xtream catalog batch (NX-ONLY): 400 items (canonical_linking=true)
2026-01-30 13:21:48.701 23864-24246 XTC                     com.fishit.player.v2                 D  [SERIES] DTO→Raw #2500 | id=xtream:series:5831 | title="Miracle Workers" | sourceType=XTREAM | Fields: ✓[plot(227c), cast, poster, duration=1380000ms] ✗[year, director, backdrop, tmdb]
2026-01-30 13:21:48.703 23864-23940 XtreamCatalogScanWorker com.fishit.player.v2                 D  PROGRESS discovered=8335 persisted=6400 phase=N/A
2026-01-30 13:21:48.704 23864-24222 XTC                     com.fishit.player.v2                 D  [LIVE] DTO→Raw #3350 | id=xtream:live:178663 | title="RU: MTV Live FHD" | sourceType=XTREAM | Fields: ✓[poster] ✗[year, plot, cast, director, backdrop, duration, tmdb]
