2026-01-30 09:23:18.009 11850-12021 SyncPerfMetrics         com.fishit.player.v2                 D  Phase MOVIES started
2026-01-30 09:23:18.009 11850-12021 XtreamCatalogScanWorker com.fishit.player.v2                 D  PROGRESS discovered=8199 persisted=8199 phase=VOD
2026-01-30 09:23:18.009 11850-12021 XtreamCatalogScanWorker com.fishit.player.v2                 D  PROGRESS discovered=8200 persisted=8199 phase=null
2026-01-30 09:23:18.010 11850-12021 SyncPerfMetrics         com.fishit.player.v2                 D  Phase LIVE started
2026-01-30 09:23:18.010 11850-12021 XtreamCatalogScanWorker com.fishit.player.v2                 D  PROGRESS discovered=8202 persisted=8199 phase=LIVE
2026-01-30 09:23:18.016 11850-12021 XTC                     com.fishit.player.v2                 D  [VOD] DTO→Raw #4450 | id=xtream:vod:384103 | title="Batman und Superman: Kampf der Supersöhn" | sourceType=XTREAM | Fields: ✓[year=2022, poster] ✗[plot, cast, director, backdrop, duration, tmdb]
2026-01-30 09:23:18.018 11850-11989 XtreamCatalogScanWorker com.fishit.player.v2                 D  PROGRESS discovered=8300 persisted=8199 phase=null
2026-01-30 09:23:18.018 11850-12481 XTC                     com.fishit.player.v2                 D  [LIVE] DTO→Raw #3850 | id=xtream:live:769641 | title="Perry Mason" | sourceType=XTREAM | Fields: ✓[poster] ✗[year, plot, cast, director, backdrop, duration, tmdb]
2026-01-30 09:23:18.030 11850-12481 XTC                     com.fishit.player.v2                 D  [LIVE] DTO→Raw #3900 | id=xtream:live:769691 | title="Dateline 24/7" | sourceType=XTREAM | Fields: ✓[poster] ✗[year, plot, cast, director, backdrop, duration, tmdb]
2026-01-30 09:23:18.031 11850-13077 SyncPerfMetrics         com.fishit.player.v2                 D  Phase LIVE started
2026-01-30 09:23:18.032 11850-13077 XtreamCatalogScanWorker com.fishit.player.v2                 D  PROGRESS discovered=8399 persisted=8199 phase=LIVE
2026-01-30 09:23:18.032 11850-13077 XtreamCatalogScanWorker com.fishit.player.v2                 D  PROGRESS discovered=8400 persisted=8199 phase=null
2026-01-30 09:23:18.034 11850-12021 XTC                     com.fishit.player.v2                 D  [VOD] DTO→Raw #4500 | id=xtream:vod:384161 | title="Emily the Criminal (2022)" | sourceType=XTREAM | Fields: ✓[year=2022, poster] ✗[plot, cast, director, backdrop, duration, tmdb]
2026-01-30 09:23:18.043 11850-12020 SyncPerfMetrics         com.fishit.player.v2                 D  Phase MOVIES started
2026-01-30 09:23:18.044 11850-12020 XtreamCatalogScanWorker com.fishit.player.v2                 D  PROGRESS discovered=8426 persisted=8199 phase=VOD
2026-01-30 09:23:18.056 11850-12481 XTC                     com.fishit.player.v2                 D  [LIVE] DTO→Raw #3950 | id=xtream:live:769741 | title="Top Chef Vault" | sourceType=XTREAM | Fields: ✓[poster] ✗[year, plot, cast, director, backdrop, duration, tmdb]
2026-01-30 09:23:18.076 11850-12481 XTC                     com.fishit.player.v2                 D  [LIVE] DTO→Raw #4000 | id=xtream:live:769791 | title="CBS News Chicago" | sourceType=XTREAM | Fields: ✓[poster] ✗[year, plot, cast, director, backdrop, duration, tmdb]
2026-01-30 09:23:18.076 11850-13379 XtreamCatalogScanWorker com.fishit.player.v2                 D  PROGRESS discovered=8500 persisted=8199 phase=null
2026-01-30 09:23:18.077 11850-13379 SyncPerfMetrics         com.fishit.player.v2                 D  Phase LIVE started
2026-01-30 09:23:18.077 11850-13379 XtreamCatalogScanWorker com.fishit.player.v2                 D  PROGRESS discovered=8500 persisted=8199 phase=LIVE
2026-01-30 09:23:18.115 11850-12481 XTC                     com.fishit.player.v2                 D  [LIVE] DTO→Raw #4050 | id=xtream:live:769841 | title="Pluto TV Science" | sourceType=XTREAM | Fields: ✓[poster] ✗[year, plot, cast, director, backdrop, duration, tmdb]
2026-01-30 09:23:18.118 11850-13379 SyncBatchManager        com.fishit.player.v2                 D  Time-based flush for LIVE: 258 items after 4871ms
2026-01-30 09:23:18.118 11850-13379 SyncBatchManager        com.fishit.player.v2                 D  Flushing LIVE batch: 258 items (timeBased=true)
2026-01-30 09:23:18.119 11850-13379 CatalogSyncService      com.fishit.player.v2                 D  Persisting Xtream live batch (NX-ONLY): 258 items
2026-01-30 09:23:18.120 11850-12482 XtreamCatalogScanWorker com.fishit.player.v2                 D  PROGRESS discovered=8600 persisted=8199 phase=null
2026-01-30 09:23:18.120 11850-12021 XTC                     com.fishit.player.v2                 D  [VOD] DTO→Raw #4550 | id=xtream:vod:384228 | title="Monsieur Claude und sein großes Fest (20" | sourceType=XTREAM | Fields: ✓[year=2021, poster] ✗[plot, cast, director, backdrop, duration, tmdb]
2026-01-30 09:23:18.128 11850-12481 XTC                     com.fishit.player.v2                 D  [LIVE] DTO→Raw #4100 | id=xtream:live:769891 | title="Totally Teen" | sourceType=XTREAM | Fields: ✓[poster] ✗[year, plot, cast, director, backdrop, duration, tmdb]
2026-01-30 09:23:18.139 11850-12482 SyncPerfMetrics         com.fishit.player.v2                 D  Phase LIVE started
2026-01-30 09:23:18.141 11850-12482 XtreamCatalogScanWorker com.fishit.player.v2                 D  PROGRESS discovered=8688 persisted=8199 phase=LIVE
2026-01-30 09:23:18.144 11850-12482 XtreamCatalogScanWorker com.fishit.player.v2                 D  PROGRESS discovered=8700 persisted=8199 phase=null
2026-01-30 09:23:18.146 11850-12021 XTC                     com.fishit.player.v2                 D  [VOD] DTO→Raw #4600 | id=xtream:vod:384290 | title="Stand up! Was bleibt, wenn alles weg ist" | sourceType=XTREAM | Fields: ✓[year=2022, poster] ✗[plot, cast, director, backdrop, duration, tmdb]
2026-01-30 09:23:18.148 11850-11860 ishit.player.v2         com.fishit.player.v2                 I  Background young concurrent copying GC freed 905161(25MB) AllocSpace objects, 0(0B) LOS objects, 21% free, 49MB/62MB, paused 231us,168us total 119.072ms
2026-01-30 09:23:18.152 11850-12482 SyncPerfMetrics         com.fishit.player.v2                 D  Phase MOVIES started
2026-01-30 09:23:18.152 11850-12481 XTC                     com.fishit.player.v2                 D  [LIVE] DTO→Raw #4150 | id=xtream:live:769941 | title="EstrellaTV" | sourceType=XTREAM | Fields: ✓[poster] ✗[year, plot, cast, director, backdrop, duration, tmdb]
2026-01-30 09:23:18.152 11850-12482 XtreamCatalogScanWorker com.fishit.player.v2                 D  PROGRESS discovered=8744 persisted=8199 phase=VOD
2026-01-30 09:23:18.161 11850-12482 XtreamCatalogScanWorker com.fishit.player.v2                 D  PROGRESS discovered=8800 persisted=8199 phase=null
2026-01-30 09:23:18.170 11850-12481 XTC                     com.fishit.player.v2                 D  [LIVE] DTO→Raw #4200 | id=xtream:live:769991 | title="CBS News Chicago" | sourceType=XTREAM | Fields: ✓[poster] ✗[year, plot, cast, director, backdrop, duration, tmdb]
2026-01-30 09:23:18.171 11850-13379 SyncPerfMetrics         com.fishit.player.v2                 D  Phase LIVE started
2026-01-30 09:23:18.171 11850-13379 XtreamCatalogScanWorker com.fishit.player.v2                 D  PROGRESS discovered=8835 persisted=8199 phase=LIVE
2026-01-30 09:23:18.179 11850-12481 XTC                     com.fishit.player.v2                 D  [LIVE] DTO→Raw #4250 | id=xtream:live:48684 | title="VIP SPORT: DIGI SPORT 2 (RO)" | sourceType=XTREAM | Fields: ✓[] ✗[year, plot, cast, director, poster, backdrop, duration, tmdb]
2026-01-30 09:23:18.180 11850-12021 XTC                     com.fishit.player.v2                 D  [VOD] DTO→Raw #4650 | id=xtream:vod:384361 | title="Unhuman - Wem kannst du trauen? (2022)" | sourceType=XTREAM | Fields: ✓[year=2022, poster] ✗[plot, cast, director, backdrop, duration, tmdb]
2026-01-30 09:23:18.190 11850-13382 XtreamCatalogScanWorker com.fishit.player.v2                 D  PROGRESS discovered=8900 persisted=8199 phase=null
2026-01-30 09:23:18.193 11850-12481 XTC                     com.fishit.player.v2                 D  [LIVE] DTO→Raw #4300 | id=xtream:live:182158 | title="VIP SPORT: UFC French" | sourceType=XTREAM | Fields: ✓[poster] ✗[year, plot, cast, director, backdrop, duration, tmdb]
2026-01-30 09:23:18.194 11850-13379 SyncPerfMetrics         com.fishit.player.v2                 D  Phase LIVE started
2026-01-30 09:23:18.195 11850-13379 XtreamCatalogScanWorker com.fishit.player.v2                 D  PROGRESS discovered=8963 persisted=8199 phase=LIVE
2026-01-30 09:23:18.263 11850-11850 ViewRootIm...nActivity] com.fishit.player.v2                 I  ViewPostIme pointer 0
2026-01-30 09:23:18.266 11850-13379 XtreamCatalogScanWorker com.fishit.player.v2                 D  PROGRESS discovered=9000 persisted=8199 phase=null
2026-01-30 09:23:18.267 11850-12481 XTC                     com.fishit.player.v2                 D  [LIVE] DTO→Raw #4350 | id=xtream:live:12928 | title="AT: Sky Sport AT 1 FHD" | sourceType=XTREAM | Fields: ✓[poster] ✗[year, plot, cast, director, backdrop, duration, tmdb]
2026-01-30 09:23:18.272 11850-12021 XTC                     com.fishit.player.v2                 D  [VOD] DTO→Raw #4700 | id=xtream:vod:388669 | title="Antlers (2021)" | sourceType=XTREAM | Fields: ✓[year=2021, poster] ✗[plot, cast, director, backdrop, duration, tmdb]
2026-01-30 09:23:18.274 11850-13379 SyncPerfMetrics         com.fishit.player.v2                 D  Phase MOVIES started
2026-01-30 09:23:18.275 11850-13379 XtreamCatalogScanWorker com.fishit.player.v2                 D  PROGRESS discovered=9064 persisted=8199 phase=VOD
2026-01-30 09:23:18.278 11850-13077 XtreamCatalogScanWorker com.fishit.player.v2                 D  PROGRESS discovered=9100 persisted=8199 phase=null
2026-01-30 09:23:18.285 11850-12021 XTC                     com.fishit.player.v2                 D  [VOD] DTO→Raw #4750 | id=xtream:vod:388719 | title="Breaking News in Yuba County (2021)" | sourceType=XTREAM | Fields: ✓[year=2021, poster] ✗[plot, cast, director, backdrop, duration, tmdb]
2026-01-30 09:23:18.285 11850-12481 XTC                     com.fishit.player.v2                 D  [LIVE] DTO→Raw #4400 | id=xtream:live:68164 | title="HR: RTL PASSION" | sourceType=XTREAM | Fields: ✓[poster] ✗[year, plot, cast, director, backdrop, duration, tmdb]
2026-01-30 09:23:18.289 11850-13077 SyncPerfMetrics         com.fishit.player.v2                 D  Phase LIVE started
2026-01-30 09:23:18.290 11850-13077 XtreamCatalogScanWorker com.fishit.player.v2                 D  PROGRESS discovered=9150 persisted=8199 phase=LIVE
2026-01-30 09:23:18.297 11850-12481 XTC                     com.fishit.player.v2                 D  [LIVE] DTO→Raw #4450 | id=xtream:live:68283 | title="BIH: RTRS 1" | sourceType=XTREAM | Fields: ✓[poster] ✗[year, plot, cast, director, backdrop, duration, tmdb]
2026-01-30 09:23:18.297 11850-13077 XtreamCatalogScanWorker com.fishit.player.v2                 D  PROGRESS discovered=9200 persisted=8199 phase=null
2026-01-30 09:23:18.299 11850-12021 XTC                     com.fishit.player.v2                 D  [VOD] DTO→Raw #4800 | id=xtream:vod:388770 | title="Dark Glasses (2022)" | sourceType=XTREAM | Fields: ✓[year=2022, poster] ✗[plot, cast, director, backdrop, duration, tmdb]
2026-01-30 09:23:18.300 11850-13077 SyncBatchManager        com.fishit.player.v2                 D  Flushing MOVIES batch: 400 items (timeBased=false)
2026-01-30 09:23:18.300 11850-13077 CatalogSyncService      com.fishit.player.v2                 D  Persisting Xtream catalog batch (NX-ONLY): 400 items (canonical_linking=false)
2026-01-30 09:23:18.311 11850-12481 XTC                     com.fishit.player.v2                 D  [LIVE] DTO→Raw #4500 | id=xtream:live:68013 | title="SRB: PRVA HD" | sourceType=XTREAM | Fields: ✓[poster] ✗[year, plot, cast, director, backdrop, duration, tmdb]
2026-01-30 09:23:18.462 11850-11850 ViewRootIm...nActivity] com.fishit.player.v2                 I  ViewPostIme pointer 1
2026-01-30 09:23:18.514 11850-11860 ishit.player.v2         com.fishit.player.v2                 I  Background concurrent copying GC freed 1222644(41MB) AllocSpace objects, 1(20KB) LOS objects, 37% free, 39MB/63MB, paused 185us,94us total 184.101ms
2026-01-30 09:23:19.021 11850-11850 ViewRootIm...nActivity] com.fishit.player.v2                 I  ViewPostIme pointer 0
2026-01-30 09:23:19.056 11850-11860 ishit.player.v2         com.fishit.player.v2                 I  Background concurrent copying GC freed 1140996(37MB) AllocSpace objects, 1(20KB) LOS objects, 36% free, 40MB/64MB, paused 154us,102us total 116.382ms
2026-01-30 09:23:19.208 11850-11850 ViewRootIm...nActivity] com.fishit.player.v2                 I  ViewPostIme pointer 1
2026-01-30 09:23:19.507 11850-11860 ishit.player.v2         com.fishit.player.v2                 I  Background concurrent copying GC freed 1315286(43MB) AllocSpace objects, 0(0B) LOS objects, 39% free, 36MB/60MB, paused 128us,87us total 114.318ms
2026-01-30 09:23:20.064 11850-11850 ViewRootIm...nActivity] com.fishit.player.v2                 I  ViewPostIme pointer 0
2026-01-30 09:23:20.065 11850-11860 ishit.player.v2         com.fishit.player.v2                 I  Background concurrent copying GC freed 920983(33MB) AllocSpace objects, 0(0B) LOS objects, 38% free, 38MB/62MB, paused 128us,114us total 108.400ms
2026-01-30 09:23:20.113 11850-11850 ViewRootIm...nActivity] com.fishit.player.v2                 I  ViewPostIme pointer 1
2026-01-30 09:23:20.127 11850-11850 WindowOnBackDispatcher  com.fishit.player.v2                 W  OnBackInvokedCallback is not enabled for the application.
                                                                                                    Set 'android:enableOnBackInvokedCallback="true"' in the application manifest.
2026-01-30 09:23:20.162 11850-11850 LeakDiagnostics         com.fishit.player.v2                 W  Failed to get leak summary: objectWatcher
2026-01-30 09:23:20.162 11850-11850 LeakDiagnostics         com.fishit.player.v2                 W  Failed to get detailed status: objectWatcher
2026-01-30 09:23:20.193 11850-11975 CacheManager            com.fishit.player.v2                 D  TDLib files cache size: 0 bytes
2026-01-30 09:23:20.376 11850-11860 ishit.player.v2         com.fishit.player.v2                 I  Background young concurrent copying GC freed 917878(26MB) AllocSpace objects, 0(0B) LOS objects, 10% free, 56MB/62MB, paused 223us,118us total 167.090ms
2026-01-30 09:23:20.491 11850-12020 CacheManager            com.fishit.player.v2                 D  Image cache size: 0 bytes
2026-01-30 09:23:20.555 11850-12481 XtreamCredStore         com.fishit.player.v2                 I  Read stored config: scheme=http, host=konigtv.com, port=8080
2026-01-30 09:23:20.782 11850-11850 WorkManage...teObserver com.fishit.player.v2                 I  Sync state: SUCCEEDED
2026-01-30 09:23:20.799 11850-11988 CacheManager            com.fishit.player.v2                 D  Database size: 19001344 bytes
2026-01-30 09:23:21.028 11850-11860 ishit.player.v2         com.fishit.player.v2                 I  Background concurrent copying GC freed 1234180(38MB) AllocSpace objects, 0(0B) LOS objects, 21% free, 86MB/110MB, paused 566us,259us total 610.415ms
2026-01-30 09:23:21.655 11850-11860 ishit.player.v2         com.fishit.player.v2                 I  Background young concurrent copying GC freed 1866684(55MB) AllocSpace objects, 0(0B) LOS objects, 1% free, 108MB/110MB, paused 354us,2.433ms total 497.328ms
2026-01-30 09:23:21.709 11850-11850 Choreographer           com.fishit.player.v2                 I  Skipped 30 frames!  The application may be doing too much work on its main thread.
2026-01-30 09:23:22.193 11850-11850 ViewRootIm...nActivity] com.fishit.player.v2                 I  ViewPostIme pointer 0
2026-01-30 09:23:22.369 11850-11860 ishit.player.v2         com.fishit.player.v2                 I  Background concurrent copying GC freed 2669658(89MB) AllocSpace objects, 0(0B) LOS objects, 18% free, 107MB/131MB, paused 188us,225us total 705.120ms
2026-01-30 09:23:22.384 11850-11850 ViewRootIm...nActivity] com.fishit.player.v2                 I  ViewPostIme pointer 1
2026-01-30 09:23:22.428 11850-11850 Choreographer           com.fishit.player.v2                 I  Skipped 39 frames!  The application may be doing too much work on its main thread.
2026-01-30 09:23:22.672 11850-12482 CatalogSyncService      com.fishit.player.v2                 D  Xtream live batch complete (NX): ingested=258 total_ms=4553
2026-01-30 09:23:22.672 11850-12482 CatalogSyncService      com.fishit.player.v2                 D  Time-based flush LIVE: 258 items in 4553ms
2026-01-30 09:23:22.779 11850-11860 ishit.player.v2         com.fishit.player.v2                 I  Background young concurrent copying GC freed 2147938(64MB) AllocSpace objects, 0(0B) LOS objects, 17% free, 107MB/131MB, paused 301us,98us total 247.759ms
2026-01-30 09:23:22.875 11850-13077 SyncBatchManager        com.fishit.player.v2                 D  Time-based flush for LIVE: 400 items after 4756ms
2026-01-30 09:23:22.876 11850-13077 SyncBatchManager        com.fishit.player.v2                 D  Flushing LIVE batch: 400 items (timeBased=true)
2026-01-30 09:23:22.876 11850-13077 CatalogSyncService      com.fishit.player.v2                 D  Persisting Xtream live batch (NX-ONLY): 400 items
2026-01-30 09:23:23.097 11850-11850 Choreographer           com.fishit.player.v2                 I  Skipped 39 frames!  The application may be doing too much work on its main thread.
2026-01-30 09:23:23.380 11850-11850 ViewRootIm...nActivity] com.fishit.player.v2                 I  ViewPostIme pointer 0
2026-01-30 09:23:23.410 11850-11883 OpenGLRenderer          com.fishit.player.v2                 I  Davey! duration=959ms; Flags=0, FrameTimelineVsyncId=1761093, IntendedVsync=34906936759384, Vsync=34907587298806, InputEventId=0, HandleInputStart=34907599634569, AnimationStart=34907599639800, PerformTraversalsStart=34907851929915, DrawStart=34907852242454, FrameDeadline=34906986857819, FrameInterval=34907598977838, FrameStartTime=16680498, SyncQueued=34907880453684, SyncStart=34907880658723, IssueDrawCommandsStart=34907881002838, SwapBuffers=34907893339454, FrameCompleted=34907896409569, DequeueBufferDuration=33192, QueueBufferDuration=1861039, GpuCompleted=34907895695877, SwapBuffersCompleted=34907896409569, DisplayPresentTime=34872848834709, CommandSubmissionCompleted=34907893339454,
2026-01-30 09:23:23.733 11850-11860 ishit.player.v2         com.fishit.player.v2                 I  Background concurrent copying GC freed 3816450(122MB) AllocSpace objects, 0(0B) LOS objects, 16% free, 121MB/145MB, paused 201us,170us total 803.145ms
2026-01-30 09:23:24.053 11850-11850 ViewRootIm...nActivity] com.fishit.player.v2                 I  ViewPostIme pointer 1
2026-01-30 09:23:24.240 11850-11850 ViewRootIm...nActivity] com.fishit.player.v2                 I  ViewPostIme pointer 0
2026-01-30 09:23:24.295 11850-11850 Choreographer           com.fishit.player.v2                 I  Skipped 71 frames!  The application may be doing too much work on its main thread.
2026-01-30 09:23:24.310 11850-11860 ishit.player.v2         com.fishit.player.v2                 I  Background young concurrent copying GC freed 2440277(70MB) AllocSpace objects, 0(0B) LOS objects, 17% free, 114MB/138MB, paused 216us,111us total 349.393ms
2026-01-30 09:23:24.377 11850-12416 OpenGLRenderer          com.fishit.player.v2                 I  Davey! duration=1263ms; Flags=0, FrameTimelineVsyncId=1761114, IntendedVsync=34907603851661, Vsync=34908788118739, InputEventId=1047861398, HandleInputStart=34908798806722, AnimationStart=34908807131684, PerformTraversalsStart=34908853544684, DrawStart=34908853653414, FrameDeadline=34907920894934, FrameInterval=34908797023991, FrameStartTime=16679818, SyncQueued=34908860204261, SyncStart=34908861422491, IssueDrawCommandsStart=34908861703107, SwapBuffers=34908864922453, FrameCompleted=34908868858414, DequeueBufferDuration=33770, QueueBufferDuration=289231, GpuCompleted=34908868363453, SwapBuffersCompleted=34908868858414, DisplayPresentTime=34872865455748, CommandSubmissionCompleted=34908864922453,
2026-01-30 09:23:24.717 11850-11850 ViewRootIm...nActivity] com.fishit.player.v2                 I  ViewPostIme pointer 1
2026-01-30 09:23:24.899 11850-11850 Choreographer           com.fishit.player.v2                 I  Skipped 34 frames!  The application may be doing too much work on its main thread.
2026-01-30 09:23:25.368 11850-13682 ishit.player.v2         com.fishit.player.v2                 I  Waiting for a blocking GC Alloc
2026-01-30 09:23:25.368 11850-12507 ishit.player.v2         com.fishit.player.v2                 I  Waiting for a blocking GC Alloc
2026-01-30 09:23:25.368 11850-12013 ishit.player.v2         com.fishit.player.v2                 I  Waiting for a blocking GC Alloc
2026-01-30 09:23:25.368 11850-12508 ishit.player.v2         com.fishit.player.v2                 I  Waiting for a blocking GC Alloc
2026-01-30 09:23:25.368 11850-12020 ishit.player.v2         com.fishit.player.v2                 I  Waiting for a blocking GC Alloc
2026-01-30 09:23:25.369 11850-13077 ishit.player.v2         com.fishit.player.v2                 I  Waiting for a blocking GC Alloc
2026-01-30 09:23:25.369 11850-11850 ishit.player.v2         com.fishit.player.v2                 I  Waiting for a blocking GC Alloc
2026-01-30 09:23:25.370 11850-11988 ishit.player.v2         com.fishit.player.v2                 I  Waiting for a blocking GC Alloc
2026-01-30 09:23:25.375 11850-13683 ishit.player.v2         com.fishit.player.v2                 I  Waiting for a blocking GC Alloc
2026-01-30 09:23:25.406 11850-11860 ishit.player.v2         com.fishit.player.v2                 I  Background concurrent copying GC freed 3598643(117MB) AllocSpace objects, 0(0B) LOS objects, 14% free, 138MB/162MB, paused 249us,45us total 944.129ms
2026-01-30 09:23:25.406 11850-13682 ishit.player.v2         com.fishit.player.v2                 I  WaitForGcToComplete blocked Alloc on Background for 37.913ms
2026-01-30 09:23:25.406 11850-13682 ishit.player.v2         com.fishit.player.v2                 I  Starting a blocking GC Alloc
2026-01-30 09:23:25.406 11850-12507 ishit.player.v2         com.fishit.player.v2                 I  WaitForGcToComplete blocked Alloc on Background for 37.916ms
2026-01-30 09:23:25.406 11850-12507 ishit.player.v2         com.fishit.player.v2                 I  Starting a blocking GC Alloc
2026-01-30 09:23:25.407 11850-12013 ishit.player.v2         com.fishit.player.v2                 I  WaitForGcToComplete blocked Alloc on Background for 38.553ms
2026-01-30 09:23:25.407 11850-12013 ishit.player.v2         com.fishit.player.v2                 I  Starting a blocking GC Alloc
2026-01-30 09:23:25.408 11850-12508 ishit.player.v2         com.fishit.player.v2                 I  WaitForGcToComplete blocked Alloc on Background for 39.964ms
2026-01-30 09:23:25.408 11850-12508 ishit.player.v2         com.fishit.player.v2                 I  Starting a blocking GC Alloc
2026-01-30 09:23:25.414 11850-12020 ishit.player.v2         com.fishit.player.v2                 I  WaitForGcToComplete blocked Alloc on Background for 45.559ms
2026-01-30 09:23:25.414 11850-12020 ishit.player.v2         com.fishit.player.v2                 I  Starting a blocking GC Alloc
2026-01-30 09:23:25.414 11850-13077 ishit.player.v2         com.fishit.player.v2                 I  WaitForGcToComplete blocked Alloc on Background for 45.524ms
2026-01-30 09:23:25.414 11850-13077 ishit.player.v2         com.fishit.player.v2                 I  Starting a blocking GC Alloc
2026-01-30 09:23:25.414 11850-11850 ishit.player.v2         com.fishit.player.v2                 I  WaitForGcToComplete blocked Alloc on Background for 44.731ms
2026-01-30 09:23:25.414 11850-11850 ishit.player.v2         com.fishit.player.v2                 I  Starting a blocking GC Alloc
2026-01-30 09:23:25.414 11850-11988 ishit.player.v2         com.fishit.player.v2                 I  WaitForGcToComplete blocked Alloc on Background for 44.582ms
2026-01-30 09:23:25.414 11850-11988 ishit.player.v2         com.fishit.player.v2                 I  Starting a blocking GC Alloc
2026-01-30 09:23:25.415 11850-13683 ishit.player.v2         com.fishit.player.v2                 I  WaitForGcToComplete blocked Alloc on Background for 39.885ms
2026-01-30 09:23:25.415 11850-13683 ishit.player.v2         com.fishit.player.v2                 I  Starting a blocking GC Alloc
2026-01-30 09:23:25.776 11850-11850 ViewRootIm...nActivity] com.fishit.player.v2                 I  ViewPostIme pointer 0
2026-01-30 09:23:25.789 11850-11850 ViewRootIm...nActivity] com.fishit.player.v2                 I  ViewPostIme pointer 1
2026-01-30 09:23:25.980 11850-11860 ishit.player.v2         com.fishit.player.v2                 I  Background young concurrent copying GC freed 2526877(77MB) AllocSpace objects, 0(0B) LOS objects, 17% free, 110MB/134MB, paused 224us,163us total 279.663ms
2026-01-30 09:23:26.012 11850-11850 Choreographer           com.fishit.player.v2                 I  Skipped 64 frames!  The application may be doing too much work on its main thread.
2026-01-30 09:23:26.242 11850-12416 OpenGLRenderer          com.fishit.player.v2                 I  Davey! duration=1286ms; Flags=0, FrameTimelineVsyncId=1761499, IntendedVsync=34909438468273, Vsync=34910505932721, InputEventId=1034333817, HandleInputStart=34910517140759, AnimationStart=34910517142721, PerformTraversalsStart=34910681548529, DrawStart=34910681786029, FrameDeadline=34909521885557, FrameInterval=34910513488682, FrameStartTime=16679132, SyncQueued=34910715776413, SyncStart=34910716002490, IssueDrawCommandsStart=34910716500452, SwapBuffers=34910722937990, FrameCompleted=34910725322836, DequeueBufferDuration=35653, QueueBufferDuration=737731, GpuCompleted=34910725322836, SwapBuffersCompleted=34910725222067, DisplayPresentTime=34872898793325, CommandSubmissionCompleted=34910722937990,
2026-01-30 09:23:26.497 11850-13378 CatalogSyncService      com.fishit.player.v2                 D  Xtream batch complete (HOT PATH/NX): ingested=400 total_ms=8197
2026-01-30 09:23:26.500 11850-13378 SyncPerfMetrics         com.fishit.player.v2                 D  Phase MOVIES started
2026-01-30 09:23:26.502 11850-13378 XtreamCatalogScanWorker com.fishit.player.v2                 D  PROGRESS discovered=9257 persisted=8857 phase=VOD
2026-01-30 09:23:26.559 11850-12483 XTC                     com.fishit.player.v2                 D  [VOD] DTO→Raw #4850 | id=xtream:vod:388820 | title="Die Rettung der uns bekannten Welt (2021" | sourceType=XTREAM | Fields: ✓[year=2021, poster] ✗[plot, cast, director, backdrop, duration, tmdb]
2026-01-30 09:23:26.574 11850-13378 XtreamCatalogScanWorker com.fishit.player.v2                 D  PROGRESS discovered=9300 persisted=8857 phase=null
2026-01-30 09:23:26.575 11850-13378 SyncPerfMetrics         com.fishit.player.v2                 D  Phase LIVE started
2026-01-30 09:23:26.576 11850-13378 XtreamCatalogScanWorker com.fishit.player.v2                 D  PROGRESS discovered=9322 persisted=8857 phase=LIVE
2026-01-30 09:23:26.583 11850-11988 StreamingJsonParser     com.fishit.player.v2                 W  streamInBatches mapper error #1: timeout
2026-01-30 09:23:26.584 11850-11988 XtreamApiClient         com.fishit.player.v2                 W  streamContentInBatches(get_live_streams): streamFromUrl FAILED for alias=live params={category_id=0} | SocketException: Socket closed
2026-01-30 09:23:26.604 11850-11988 XtreamApiClient         com.fishit.player.v2                 D  buildPlayerApiUrl: action=get_live_streams -> konigtv.com/player_api.php
2026-01-30 09:23:26.621 11850-13378 XTC                     com.fishit.player.v2                 D  [VOD] DTO→Raw #4900 | id=xtream:vod:388870 | title="Lointain (2021)" | sourceType=XTREAM | Fields: ✓[year=2021, poster] ✗[plot, cast, director, backdrop, duration, tmdb]
2026-01-30 09:23:26.622 11850-12483 XtreamCatalogScanWorker com.fishit.player.v2                 D  PROGRESS discovered=9400 persisted=8857 phase=null
2026-01-30 09:23:26.624 11850-12483 SyncPerfMetrics         com.fishit.player.v2                 D  Phase MOVIES started
2026-01-30 09:23:26.625 11850-12483 XtreamCatalogScanWorker com.fishit.player.v2                 D  PROGRESS discovered=9400 persisted=8857 phase=VOD
2026-01-30 09:23:26.638 11850-11988 XtreamApiClient         com.fishit.player.v2                 D  streamFromUrl: CALLED for konigtv.com/player_api.php
2026-01-30 09:23:26.734 11850-12526 TrafficStats            com.fishit.player.v2                 D  tagSocket(147) with statsTag=0xffffffff, statsUid=-1
2026-01-30 09:23:26.737 11850-13378 XTC                     com.fishit.player.v2                 D  [VOD] DTO→Raw #4950 | id=xtream:vod:388922 | title="Held (2021)" | sourceType=XTREAM | Fields: ✓[year=2021, poster] ✗[plot, cast, director, backdrop, duration, tmdb]
2026-01-30 09:23:26.755 11850-13378 XTC                     com.fishit.player.v2                 D  [VOD] DTO→Raw #5000 | id=xtream:vod:388974 | title="Kate (2021)" | sourceType=XTREAM | Fields: ✓[year=2021, poster] ✗[plot, cast, director, backdrop, duration, tmdb]
2026-01-30 09:23:26.759 11850-12483 XtreamCatalogScanWorker com.fishit.player.v2                 D  PROGRESS discovered=9500 persisted=8857 phase=null
2026-01-30 09:23:26.760 11850-12483 SyncPerfMetrics         com.fishit.player.v2                 D  Phase MOVIES started
2026-01-30 09:23:26.760 11850-12483 XtreamCatalogScanWorker com.fishit.player.v2                 D  PROGRESS discovered=9500 persisted=8857 phase=VOD
2026-01-30 09:23:26.805 11850-11850 Choreographer           com.fishit.player.v2                 I  Skipped 46 frames!  The application may be doing too much work on its main thread.
2026-01-30 09:23:26.864 11850-12416 OpenGLRenderer          com.fishit.player.v2                 I  Davey! duration=805ms; Flags=0, FrameTimelineVsyncId=1761773, IntendedVsync=34910539263594, Vsync=34911306497180, InputEventId=0, HandleInputStart=34911307076451, AnimationStart=34911307079836, PerformTraversalsStart=34911329309413, DrawStart=34911329415490, FrameDeadline=34910756107235, FrameInterval=34911306681682, FrameStartTime=16678991, SyncQueued=34911333993720, SyncStart=34911334179413, IssueDrawCommandsStart=34911334448682, SwapBuffers=34911342730259, FrameCompleted=34911344661874, DequeueBufferDuration=33846, QueueBufferDuration=326231, GpuCompleted=34911344661874, SwapBuffersCompleted=34911343553566, DisplayPresentTime=34872915483556, CommandSubmissionCompleted=34911342730259,
2026-01-30 09:23:26.918 11850-13378 XTC                     com.fishit.player.v2                 D  [VOD] DTO→Raw #5050 | id=xtream:vod:389025 | title="Megaboa (2021)" | sourceType=XTREAM | Fields: ✓[year=2021, poster] ✗[plot, cast, director, backdrop, duration, tmdb]
2026-01-30 09:23:26.959 11850-11988 XtreamApiClient         com.fishit.player.v2                 D  StreamingFetch: Detected GZIP for konigtv.com/player_api.php (manual decompression)
2026-01-30 09:23:26.960 11850-11988 XtreamApiClient         com.fishit.player.v2                 D  StreamingFetch: Success for konigtv.com/player_api.php, streaming response
2026-01-30 09:23:26.967 11850-13378 XTC                     com.fishit.player.v2                 D  [VOD] DTO→Raw #5100 | id=xtream:vod:389076 | title="Old (2021)" | sourceType=XTREAM | Fields: ✓[year=2021, poster] ✗[plot, cast, director, backdrop, duration, tmdb]
2026-01-30 09:23:26.968 11850-13077 XtreamCatalogScanWorker com.fishit.player.v2                 D  PROGRESS discovered=9600 persisted=8857 phase=null
2026-01-30 09:23:26.969 11850-11988 XtreamApiClient         com.fishit.player.v2                 D  streamFromUrl: Starting StreamingJsonParser.streamInBatches() for konigtv.com/player_api.php
2026-01-30 09:23:26.970 11850-13077 SyncPerfMetrics         com.fishit.player.v2                 D  Phase MOVIES started
2026-01-30 09:23:26.971 11850-13077 XtreamCatalogScanWorker com.fishit.player.v2                 D  PROGRESS discovered=9600 persisted=8857 phase=VOD
2026-01-30 09:23:27.006 11850-13378 XTC                     com.fishit.player.v2                 D  [VOD] DTO→Raw #5150 | id=xtream:vod:389127 | title="Rettungshund Ruby (2022)" | sourceType=XTREAM | Fields: ✓[year=2022, poster] ✗[plot, cast, director, backdrop, duration, tmdb]
2026-01-30 09:23:27.035 11850-13378 XTC                     com.fishit.player.v2                 D  [VOD] DTO→Raw #5200 | id=xtream:vod:389178 | title="Liebe² (2021)" | sourceType=XTREAM | Fields: ✓[year=2021, poster] ✗[plot, cast, director, backdrop, duration, tmdb]
2026-01-30 09:23:27.043 11850-12483 SyncBatchManager        com.fishit.player.v2                 D  Flushing MOVIES batch: 400 items (timeBased=false)
2026-01-30 09:23:27.044 11850-12483 CatalogSyncService      com.fishit.player.v2                 D  Persisting Xtream catalog batch (NX-ONLY): 400 items (canonical_linking=false)
2026-01-30 09:23:27.061 11850-13378 XTC                     com.fishit.player.v2                 D  [VOD] DTO→Raw #5250 | id=xtream:vod:389230 | title="The King's Daughter (2022)" | sourceType=XTREAM | Fields: ✓[year=2022, poster] ✗[plot, cast, director, backdrop, duration, tmdb]
2026-01-30 09:23:27.150 11850-11860 ishit.player.v2         com.fishit.player.v2                 I  Background concurrent copying GC freed 2429197(83MB) AllocSpace objects, 0(0B) LOS objects, 12% free, 165MB/189MB, paused 132us,280us total 1.020s
2026-01-30 09:23:27.437 11850-11850 Choreographer           com.fishit.player.v2                 I  Skipped 36 frames!  The application may be doing too much work on its main thread.
2026-01-30 09:23:27.792 11850-11860 ishit.player.v2         com.fishit.player.v2                 I  Background young concurrent copying GC freed 3060737(92MB) AllocSpace objects, 0(0B) LOS objects, 13% free, 151MB/175MB, paused 150us,132us total 404.447ms
2026-01-30 09:23:28.003 11850-11850 ViewRootIm...nActivity] com.fishit.player.v2                 I  ViewPostIme pointer 0
2026-01-30 09:23:28.008 11850-11850 ViewRootIm...nActivity] com.fishit.player.v2                 I  ViewPostIme pointer 1
2026-01-30 09:23:28.259 11850-11850 Choreographer           com.fishit.player.v2                 I  Skipped 45 frames!  The application may be doing too much work on its main thread.
2026-01-30 09:23:28.313 11850-11883 OpenGLRenderer          com.fishit.player.v2                 I  Davey! duration=790ms; Flags=0, FrameTimelineVsyncId=1761835, IntendedVsync=34912006894166, Vsync=34912757430131, InputEventId=783795983, HandleInputStart=34912761117450, AnimationStart=34912761119642, PerformTraversalsStart=34912776975104, DrawStart=34912777061527, FrameDeadline=34912040273837, FrameInterval=34912760674450, FrameStartTime=16678577, SyncQueued=34912792644527, SyncStart=34912792747796, IssueDrawCommandsStart=34912792884104, SwapBuffers=34912795411181, FrameCompleted=34912797495489, DequeueBufferDuration=17769, QueueBufferDuration=420923, GpuCompleted=34912797495489, SwapBuffersCompleted=34912796405027, DisplayPresentTime=34872948857248, CommandSubmissionCompleted=34912795411181,
2026-01-30 09:23:28.853 11850-11850 ishit.player.v2         com.fishit.player.v2                 I  Waiting for a blocking GC Alloc
2026-01-30 09:23:28.854 11850-12013 ishit.player.v2         com.fishit.player.v2                 I  Waiting for a blocking GC Alloc
2026-01-30 09:23:28.854 11850-13682 ishit.player.v2         com.fishit.player.v2                 I  Waiting for a blocking GC Alloc
2026-01-30 09:23:28.854 11850-12507 ishit.player.v2         com.fishit.player.v2                 I  Waiting for a blocking GC Alloc
2026-01-30 09:23:28.854 11850-13683 ishit.player.v2         com.fishit.player.v2                 I  Waiting for a blocking GC Alloc
2026-01-30 09:23:28.854 11850-12012 ishit.player.v2         com.fishit.player.v2                 I  Waiting for a blocking GC Alloc
2026-01-30 09:23:28.855 11850-12508 ishit.player.v2         com.fishit.player.v2                 I  Waiting for a blocking GC Alloc
2026-01-30 09:23:28.855 11850-13687 ishit.player.v2         com.fishit.player.v2                 I  Waiting for a blocking GC Alloc
2026-01-30 09:23:28.857 11850-13380 ishit.player.v2         com.fishit.player.v2                 I  Waiting for a blocking GC Alloc
2026-01-30 09:23:28.862 11850-13376 ishit.player.v2         com.fishit.player.v2                 I  Waiting for a blocking GC Alloc
2026-01-30 09:23:28.924 11850-11860 ishit.player.v2         com.fishit.player.v2                 I  Background concurrent copying GC freed 3990754(132MB) AllocSpace objects, 0(0B) LOS objects, 16% free, 123MB/147MB, paused 3.866ms,43us total 930.997ms
2026-01-30 09:23:28.924 11850-11850 ishit.player.v2         com.fishit.player.v2                 I  WaitForGcToComplete blocked Alloc on Background for 70.706ms
2026-01-30 09:23:28.924 11850-11850 ishit.player.v2         com.fishit.player.v2                 I  Starting a blocking GC Alloc
2026-01-30 09:23:28.924 11850-12013 ishit.player.v2         com.fishit.player.v2                 I  WaitForGcToComplete blocked Alloc on Background for 70.382ms
2026-01-30 09:23:28.924 11850-12013 ishit.player.v2         com.fishit.player.v2                 I  Starting a blocking GC Alloc
2026-01-30 09:23:28.924 11850-13682 ishit.player.v2         com.fishit.player.v2                 I  WaitForGcToComplete blocked Alloc on Background for 70.238ms
2026-01-30 09:23:28.924 11850-13682 ishit.player.v2         com.fishit.player.v2                 I  Starting a blocking GC Alloc
2026-01-30 09:23:28.924 11850-12507 ishit.player.v2         com.fishit.player.v2                 I  WaitForGcToComplete blocked Alloc on Background for 70.317ms
2026-01-30 09:23:28.924 11850-12507 ishit.player.v2         com.fishit.player.v2                 I  Starting a blocking GC Alloc
2026-01-30 09:23:28.925 11850-13683 ishit.player.v2         com.fishit.player.v2                 I  WaitForGcToComplete blocked Alloc on Background for 70.345ms
2026-01-30 09:23:28.925 11850-13683 ishit.player.v2         com.fishit.player.v2                 I  Starting a blocking GC Alloc
2026-01-30 09:23:28.925 11850-12012 ishit.player.v2         com.fishit.player.v2                 I  WaitForGcToComplete blocked Alloc on Background for 70.251ms
2026-01-30 09:23:28.925 11850-12012 ishit.player.v2         com.fishit.player.v2                 I  Starting a blocking GC Alloc
2026-01-30 09:23:28.925 11850-12508 ishit.player.v2         com.fishit.player.v2                 I  WaitForGcToComplete blocked Alloc on Background for 70.115ms
2026-01-30 09:23:28.925 11850-12508 ishit.player.v2         com.fishit.player.v2                 I  Starting a blocking GC Alloc
2026-01-30 09:23:28.925 11850-13687 ishit.player.v2         com.fishit.player.v2                 I  WaitForGcToComplete blocked Alloc on Background for 70.146ms
2026-01-30 09:23:28.925 11850-13687 ishit.player.v2         com.fishit.player.v2                 I  Starting a blocking GC Alloc
2026-01-30 09:23:28.926 11850-13380 ishit.player.v2         com.fishit.player.v2                 I  WaitForGcToComplete blocked Alloc on Background for 69.711ms
2026-01-30 09:23:28.926 11850-13380 ishit.player.v2         com.fishit.player.v2                 I  Starting a blocking GC Alloc
2026-01-30 09:23:28.930 11850-13376 ishit.player.v2         com.fishit.player.v2                 I  WaitForGcToComplete blocked Alloc on Background for 67.990ms
2026-01-30 09:23:28.930 11850-13376 ishit.player.v2         com.fishit.player.v2                 I  Starting a blocking GC Alloc
2026-01-30 09:23:28.947 11850-11850 Choreographer           com.fishit.player.v2                 I  Skipped 40 frames!  The application may be doing too much work on its main thread.
2026-01-30 09:23:29.029 11850-11883 OpenGLRenderer          com.fishit.player.v2                 I  Davey! duration=744ms; Flags=0, FrameTimelineVsyncId=1762092, IntendedVsync=34912774092564, Vsync=34913441232564, InputEventId=0, HandleInputStart=34913449674603, AnimationStart=34913449680257, PerformTraversalsStart=34913490426603, DrawStart=34913490657488, FrameDeadline=34912824132528, FrameInterval=34913448773219, FrameStartTime=16678500, SyncQueued=34913510996565, SyncStart=34913511128873, IssueDrawCommandsStart=34913511257911, SwapBuffers=34913514737680, FrameCompleted=34913518602526, DequeueBufferDuration=20539, QueueBufferDuration=272346, GpuCompleted=34913518602526, SwapBuffersCompleted=34913515597026, DisplayPresentTime=34872965537940, CommandSubmissionCompleted=34913514737680,
2026-01-30 09:23:29.391 11850-11860 ishit.player.v2         com.fishit.player.v2                 I  Background young concurrent copying GC freed 1427681(42MB) AllocSpace objects, 0(0B) LOS objects, 4% free, 141MB/147MB, paused 164us,134us total 304.518ms
2026-01-30 09:23:29.486 11850-11850 ViewRootIm...nActivity] com.fishit.player.v2                 I  ViewPostIme pointer 0
2026-01-30 09:23:29.490 11850-11850 ViewRootIm...nActivity] com.fishit.player.v2                 I  ViewPostIme pointer 1
2026-01-30 09:23:29.714 11850-11850 Choreographer           com.fishit.player.v2                 I  Skipped 45 frames!  The application may be doing too much work on its main thread.
2026-01-30 09:23:29.764 11850-11883 OpenGLRenderer          com.fishit.player.v2                 I  Davey! duration=800ms; Flags=0, FrameTimelineVsyncId=1762119, IntendedVsync=34913457893010, Vsync=34914208421100, InputEventId=786786515, HandleInputStart=34914219893718, AnimationStart=34914219896872, PerformTraversalsStart=34914238879103, DrawStart=34914238990603, FrameDeadline=34913541291730, FrameInterval=34914216105988, FrameStartTime=16678402, SyncQueued=34914243108141, SyncStart=34914243235526, IssueDrawCommandsStart=34914243378526, SwapBuffers=34914256558064, FrameCompleted=34914258967834, DequeueBufferDuration=17307, QueueBufferDuration=368116, GpuCompleted=34914258967834, SwapBuffersCompleted=34914257483218, DisplayPresentTime=34872982268709, CommandSubmissionCompleted=34914256558064,
2026-01-30 09:23:29.899 11850-11860 ishit.player.v2         com.fishit.player.v2                 I  Background concurrent copying GC freed 1893485(67MB) AllocSpace objects, 0(0B) LOS objects, 17% free, 115MB/139MB, paused 146us,163us total 461.796ms
2026-01-30 09:23:30.283 11850-11850 Choreographer           com.fishit.player.v2                 I  Skipped 33 frames!  The application may be doing too much work on its main thread.
2026-01-30 09:23:30.605 11850-11860 ishit.player.v2         com.fishit.player.v2                 I  Background young concurrent copying GC freed 1033176(31MB) AllocSpace objects, 0(0B) LOS objects, 0% free, 145MB/145MB, paused 167us,240us total 483.074ms
2026-01-30 09:23:30.951 11850-11850 Choreographer           com.fishit.player.v2                 I  Skipped 39 frames!  The application may be doing too much work on its main thread.
2026-01-30 09:23:31.413 11850-12013 ishit.player.v2         com.fishit.player.v2                 I  Waiting for a blocking GC Alloc
2026-01-30 09:23:31.413 11850-12508 ishit.player.v2         com.fishit.player.v2                 I  Waiting for a blocking GC Alloc
2026-01-30 09:23:31.414 11850-13682 ishit.player.v2         com.fishit.player.v2                 I  Waiting for a blocking GC Alloc
2026-01-30 09:23:31.414 11850-11850 ishit.player.v2         com.fishit.player.v2                 I  Waiting for a blocking GC Alloc
2026-01-30 09:23:31.414 11850-12507 ishit.player.v2         com.fishit.player.v2                 I  Waiting for a blocking GC Alloc
2026-01-30 09:23:31.415 11850-13683 ishit.player.v2         com.fishit.player.v2                 I  Waiting for a blocking GC Alloc
2026-01-30 09:23:31.421 11850-11977 ishit.player.v2         com.fishit.player.v2                 I  Waiting for a blocking GC Alloc
2026-01-30 09:23:31.422 11850-12480 ishit.player.v2         com.fishit.player.v2                 I  Waiting for a blocking GC Alloc
2026-01-30 09:23:31.512 11850-11860 ishit.player.v2         com.fishit.player.v2                 I  Background concurrent copying GC freed 3311413(111MB) AllocSpace objects, 0(0B) LOS objects, 14% free, 144MB/168MB, paused 263us,46us total 906.076ms
2026-01-30 09:23:31.512 11850-12013 ishit.player.v2         com.fishit.player.v2                 I  WaitForGcToComplete blocked Alloc on Background for 99.259ms
2026-01-30 09:23:31.512 11850-12013 ishit.player.v2         com.fishit.player.v2                 I  Starting a blocking GC Alloc
2026-01-30 09:23:31.518 11850-12508 ishit.player.v2         com.fishit.player.v2                 I  WaitForGcToComplete blocked Alloc on Background for 104.733ms
2026-01-30 09:23:31.518 11850-12508 ishit.player.v2         com.fishit.player.v2                 I  Starting a blocking GC Alloc
2026-01-30 09:23:31.518 11850-13682 ishit.player.v2         com.fishit.player.v2                 I  WaitForGcToComplete blocked Alloc on Background for 104.447ms
2026-01-30 09:23:31.518 11850-13682 ishit.player.v2         com.fishit.player.v2                 I  Starting a blocking GC Alloc
2026-01-30 09:23:31.518 11850-11850 ishit.player.v2         com.fishit.player.v2                 I  WaitForGcToComplete blocked Alloc on Background for 104.663ms
2026-01-30 09:23:31.518 11850-11850 ishit.player.v2         com.fishit.player.v2                 I  Starting a blocking GC Alloc
2026-01-30 09:23:31.518 11850-12507 ishit.player.v2         com.fishit.player.v2                 I  WaitForGcToComplete blocked Alloc on Background for 104.782ms
2026-01-30 09:23:31.519 11850-12507 ishit.player.v2         com.fishit.player.v2                 I  Starting a blocking GC Alloc
2026-01-30 09:23:31.519 11850-13683 ishit.player.v2         com.fishit.player.v2                 I  WaitForGcToComplete blocked Alloc on Background for 104.059ms
2026-01-30 09:23:31.519 11850-13683 ishit.player.v2         com.fishit.player.v2                 I  Starting a blocking GC Alloc
2026-01-30 09:23:31.519 11850-11977 ishit.player.v2         com.fishit.player.v2                 I  WaitForGcToComplete blocked Alloc on Background for 97.937ms
2026-01-30 09:23:31.519 11850-11977 ishit.player.v2         com.fishit.player.v2                 I  Starting a blocking GC Alloc
2026-01-30 09:23:31.521 11850-12480 ishit.player.v2         com.fishit.player.v2                 I  WaitForGcToComplete blocked Alloc on Background for 99.284ms
2026-01-30 09:23:31.521 11850-12480 ishit.player.v2         com.fishit.player.v2                 I  Starting a blocking GC Alloc
2026-01-30 09:23:31.778 11850-11850 Choreographer           com.fishit.player.v2                 I  Skipped 48 frames!  The application may be doing too much work on its main thread.
2026-01-30 09:23:31.832 11850-11883 OpenGLRenderer          com.fishit.player.v2                 I  Davey! duration=836ms; Flags=0, FrameTimelineVsyncId=1762362, IntendedVsync=34915475914707, Vsync=34916276465475, InputEventId=0, HandleInputStart=34916280576025, AnimationStart=34916280578525, PerformTraversalsStart=34916292933486, DrawStart=34916293035409, FrameDeadline=34915509271612, FrameInterval=34916280169871, FrameStartTime=16678141, SyncQueued=34916303434986, SyncStart=34916303619409, IssueDrawCommandsStart=34916303969486, SwapBuffers=34916307981409, FrameCompleted=34916312753794, DequeueBufferDuration=35115, QueueBufferDuration=764423, GpuCompleted=34916312753794, SwapBuffersCompleted=34916312116986, DisplayPresentTime=34873032285863, CommandSubmissionCompleted=34916307981409,
2026-01-30 09:23:31.935 11850-11860 ishit.player.v2         com.fishit.player.v2                 I  Background young concurrent copying GC freed 1833626(53MB) AllocSpace objects, 0(0B) LOS objects, 8% free, 155MB/168MB, paused 225us,217us total 293.204ms
2026-01-30 09:23:32.307 11850-11850 Choreographer           com.fishit.player.v2                 I  Skipped 30 frames!  The application may be doing too much work on its main thread.
2026-01-30 09:23:32.520 11850-12480 CatalogSyncService      com.fishit.player.v2                 D  Xtream live batch complete (NX): ingested=400 total_ms=9644
2026-01-30 09:23:32.521 11850-12480 CatalogSyncService      com.fishit.player.v2                 D  Time-based flush LIVE: 400 items in 9645ms
2026-01-30 09:23:32.641 11850-11860 ishit.player.v2         com.fishit.player.v2                 I  Background concurrent copying GC freed 2389054(82MB) AllocSpace objects, 0(0B) LOS objects, 14% free, 137MB/161MB, paused 173us,144us total 629.698ms
2026-01-30 09:23:32.722 11850-11976 SyncBatchManager        com.fishit.player.v2                 D  Time-based flush for LIVE: 43 items after 9847ms
2026-01-30 09:23:32.723 11850-11976 SyncBatchManager        com.fishit.player.v2                 D  Flushing LIVE batch: 43 items (timeBased=true)
2026-01-30 09:23:32.724 11850-11976 CatalogSyncService      com.fishit.player.v2                 D  Persisting Xtream live batch (NX-ONLY): 43 items
2026-01-30 09:23:33.137 11850-11860 ishit.player.v2         com.fishit.player.v2                 I  Background young concurrent copying GC freed 1419668(43MB) AllocSpace objects, 0(0B) LOS objects, 7% free, 149MB/161MB, paused 285us,231us total 344.707ms
2026-01-30 09:23:33.595 11850-11988 CatalogSyncService      com.fishit.player.v2                 D  Xtream live batch complete (NX): ingested=43 total_ms=871
2026-01-30 09:23:33.595 11850-11988 CatalogSyncService      com.fishit.player.v2                 D  Time-based flush LIVE: 43 items in 871ms
2026-01-30 09:23:33.879 11850-11860 ishit.player.v2         com.fishit.player.v2                 I  Background concurrent copying GC freed 1904874(73MB) AllocSpace objects, 0(0B) LOS objects, 14% free, 137MB/161MB, paused 364us,217us total 643.642ms
