2026-01-28 14:43:11.525  8837-8837  ActivityThread          com.fishit.player.v2                 I  Relaunch all activities: onCoreSettingsChange
2026-01-28 14:43:11.526  8837-8837  Compatibil...geReporter com.fishit.player.v2                 D  Compat change id reported: 171979766; UID 10459; state: ENABLED
2026-01-28 14:43:11.526  8837-8837  Compatibil...geReporter com.fishit.player.v2                 D  Compat change id reported: 242716250; UID 10459; state: ENABLED
2026-01-28 14:43:11.535  8837-8837  ziparchive              com.fishit.player.v2                 W  Unable to open '/data/app/~~ggA_hkIA6mA5Uysrcpmd8w==/com.fishit.player.v2-QN9qgVlv3AGL95bhwcXtLA==/base.dm': No such file or directory
2026-01-28 14:43:11.535  8837-8837  ziparchive              com.fishit.player.v2                 W  Unable to open '/data/app/~~ggA_hkIA6mA5Uysrcpmd8w==/com.fishit.player.v2-QN9qgVlv3AGL95bhwcXtLA==/base.dm': No such file or directory
2026-01-28 14:43:12.267  8837-8837  nativeloader            com.fishit.player.v2                 D  Configuring clns-4 for other apk /data/app/~~ggA_hkIA6mA5Uysrcpmd8w==/com.fishit.player.v2-QN9qgVlv3AGL95bhwcXtLA==/base.apk. target_sdk_version=35, uses_libraries=, library_path=/data/app/~~ggA_hkIA6mA5Uysrcpmd8w==/com.fishit.player.v2-QN9qgVlv3AGL95bhwcXtLA==/lib/arm64:/data/app/~~ggA_hkIA6mA5Uysrcpmd8w==/com.fishit.player.v2-QN9qgVlv3AGL95bhwcXtLA==/base.apk!/lib/arm64-v8a, permitted_path=/data:/mnt/expand:/data/user/0/com.fishit.player.v2
2026-01-28 14:43:12.282  8837-8837  GraphicsEnvironment     com.fishit.player.v2                 V  Currently set values for:
2026-01-28 14:43:12.282  8837-8837  GraphicsEnvironment     com.fishit.player.v2                 V    angle_gl_driver_selection_pkgs=[]
2026-01-28 14:43:12.282  8837-8837  GraphicsEnvironment     com.fishit.player.v2                 V    angle_gl_driver_selection_values=[]
2026-01-28 14:43:12.282  8837-8837  GraphicsEnvironment     com.fishit.player.v2                 V  ANGLE GameManagerService for com.fishit.player.v2: false
2026-01-28 14:43:12.282  8837-8837  GraphicsEnvironment     com.fishit.player.v2                 V  com.fishit.player.v2 is not listed in per-application setting
2026-01-28 14:43:12.282  8837-8837  GraphicsEnvironment     com.fishit.player.v2                 V  App is not on the allowlist for updatable production driver.
2026-01-28 14:43:12.284  8837-8837  ActivityThread          com.fishit.player.v2                 W  Application com.fishit.player.v2 is suspending. Debugger needs to resume to continue.
2026-01-28 14:43:12.285  8837-8837  System.out              com.fishit.player.v2                 I  Sending WAIT chunk
2026-01-28 14:43:12.285  8837-8837  System.out              com.fishit.player.v2                 I  Waiting for debugger first packet
2026-01-28 14:43:12.485  8837-8837  System.out              com.fishit.player.v2                 I  Debug.suspendAllAndSentVmStart
2026-01-28 14:43:12.725  8837-8837  System.out              com.fishit.player.v2                 I  Debug.suspendAllAndSendVmStart, resumed
2026-01-28 14:43:12.828  8837-8837  FirebaseApp             com.fishit.player.v2                 W  Default FirebaseApp failed to initialize because no default options were found. This usually means that com.google.gms:google-services was not applied to your gradle project.
2026-01-28 14:43:12.828  8837-8837  FirebaseInitProvider    com.fishit.player.v2                 I  FirebaseApp initialization unsuccessful
2026-01-28 14:43:12.980  8837-8837  ishit.player.v2         com.fishit.player.v2                 W  Accessing hidden method Landroid/view/WindowManagerGlobal;->getInstance()Landroid/view/WindowManagerGlobal; (unsupported, reflection, allowed)
2026-01-28 14:43:12.980  8837-8837  ishit.player.v2         com.fishit.player.v2                 W  Accessing hidden field Landroid/view/WindowManagerGlobal;->mViews:Ljava/util/ArrayList; (unsupported, reflection, allowed)
2026-01-28 14:43:12.980  8837-8837  ishit.player.v2         com.fishit.player.v2                 W  Accessing hidden field Landroid/app/ActivityThread;->mH:Landroid/app/ActivityThread$H; (unsupported, reflection, allowed)
2026-01-28 14:43:12.981  8837-8837  ishit.player.v2         com.fishit.player.v2                 W  Accessing hidden method Landroid/app/ActivityThread;->currentActivityThread()Landroid/app/ActivityThread; (unsupported, reflection, allowed)
2026-01-28 14:43:12.981  8837-8837  ishit.player.v2         com.fishit.player.v2                 W  Accessing hidden field Landroid/os/Handler;->mCallback:Landroid/os/Handler$Callback; (unsupported, reflection, allowed)
2026-01-28 14:43:12.981  8837-8837  ishit.player.v2         com.fishit.player.v2                 W  Accessing hidden field Landroid/util/Singleton;->mInstance:Ljava/lang/Object; (unsupported, reflection, allowed)
2026-01-28 14:43:12.981  8837-8837  ishit.player.v2         com.fishit.player.v2                 W  Accessing hidden method Landroid/util/Singleton;->get()Ljava/lang/Object; (unsupported, reflection, allowed)
2026-01-28 14:43:12.981  8837-8837  ishit.player.v2         com.fishit.player.v2                 W  Accessing hidden field Landroid/app/ActivityManager;->IActivityManagerSingleton:Landroid/util/Singleton; (unsupported, reflection, allowed)
2026-01-28 14:43:13.496  8837-8837  LeakCanaryConfig        com.fishit.player.v2                 W  Failed to configure LeakCanary: config
2026-01-28 14:43:13.498  8837-8837  DebugToolsInitializer   com.fishit.player.v2                 I  DebugToolsInitializer started (LeakCanary available=true)
2026-01-28 14:43:13.500  8837-8837  DebugBootstraps         com.fishit.player.v2                 I  Debug bootstraps started (DebugToolsInitializer)
2026-01-28 14:43:13.501  8837-9356  DebugToolsInitializer   com.fishit.player.v2                 W  Failed to configure LeakCanary: config
2026-01-28 14:43:13.502  8837-9356  DebugToolsInitializer   com.fishit.player.v2                 I  LeakCanary enabled=false (available=true)
2026-01-28 14:43:13.502  8837-9297  DebugToolsInitializer   com.fishit.player.v2                 I  Chucker enabled=false
2026-01-28 14:43:13.579  8837-8837  WM-PackageManagerHelper com.fishit.player.v2                 D  androidx.work.impl.background.systemjob.SystemJobService enabled
2026-01-28 14:43:13.579  8837-8837  WM-Schedulers           com.fishit.player.v2                 D  Created SystemJobScheduler and enabled SystemJobService
2026-01-28 14:43:13.584  8837-9363  WM-ForceStopRunnable    com.fishit.player.v2                 D  The default process name was not specified.
2026-01-28 14:43:13.586  8837-9363  WM-ForceStopRunnable    com.fishit.player.v2                 D  Performing cleanup operations.
2026-01-28 14:43:13.586  8837-8837  FishItV2Application     com.fishit.player.v2                 I  WorkManager initialized
2026-01-28 14:43:13.586  8837-8837  SourceActi...onObserver com.fishit.player.v2                 I  Starting activation observer
2026-01-28 14:43:13.587  8837-8837  TelegramAc...onObserver com.fishit.player.v2                 I  TelegramActivationObserver starting
2026-01-28 14:43:13.589  8837-8837  CatalogSyncBootstrap    com.fishit.player.v2                 I  Catalog sync bootstrap collection started
2026-01-28 14:43:13.591  8837-9361  TelegramAc...onObserver com.fishit.player.v2                 D  Auth state=Idle (initializing/in-progress) → leaving activation unchanged
2026-01-28 14:43:13.593  8837-8837  OpenGLRenderer          com.fishit.player.v2                 D  HWUI - treat SMPTE_170M as sRGB
2026-01-28 14:43:13.600  8837-9353  CatalogSyncBootstrap    com.fishit.player.v2                 D  Source activation check: activeSources=[], hasActive=false
2026-01-28 14:43:13.631  8837-8837  ishit.player.v2         com.fishit.player.v2                 E  Invalid resource ID 0x00000000.
2026-01-28 14:43:13.642  8837-8837  DecorView               com.fishit.player.v2                 I  setWindowBackground: isPopOver=false color=ff000000 d=android.graphics.drawable.ColorDrawable@64dc701
2026-01-28 14:43:13.647  8837-8837  PhoneWindow             com.fishit.player.v2                 D  forceLight changed to false [] from com.android.internal.policy.PhoneWindow.updateForceLightNavigationBar:4373 com.android.internal.policy.PhoneWindow.setNavigationBarColor:4064 androidx.activity.EdgeToEdgeApi29.setUp:312 androidx.activity.EdgeToEdge.enable:93 androidx.activity.EdgeToEdge.enable$default:71
2026-01-28 14:43:13.650  8837-9363  Compatibil...geReporter com.fishit.player.v2                 D  Compat change id reported: 160794467; UID 10459; state: ENABLED
2026-01-28 14:43:13.673  8837-9380  WM-PackageManagerHelper com.fishit.player.v2                 D  Skipping component enablement for androidx.work.impl.background.systemalarm.RescheduleReceiver
2026-01-28 14:43:13.681  8837-8837  Compatibil...geReporter com.fishit.player.v2                 D  Compat change id reported: 237531167; UID 10459; state: DISABLED
2026-01-28 14:43:13.684  8837-8837  ishit.player.v2         com.fishit.player.v2                 W  Accessing hidden field Lcom/android/internal/policy/DecorView;->mWindow:Lcom/android/internal/policy/PhoneWindow; (unsupported, reflection, allowed)
2026-01-28 14:43:13.690  8837-9365  NativeCust...ncyManager com.fishit.player.v2                 D  [NativeCFMS] BpCustomFrequencyManager::BpCustomFrequencyManager()
2026-01-28 14:43:13.702  8837-8837  InsetsController        com.fishit.player.v2                 I  onStateChanged: host=com.fishit.player.v2/com.fishit.player.v2.MainActivity, from=android.view.ViewRootImpl.setView:1753, state=InsetsState: {mDisplayFrame=Rect(0, 0 - 1080, 2400), mDisplayCutout=DisplayCutout{insets=Rect(0, 80 - 0, 0) waterfall=Insets{left=0, top=0, right=0, bottom=0} boundingRect={Bounds=[Rect(0, 0 - 0, 0), Rect(510, 0 - 570, 80), Rect(0, 0 - 0, 0), Rect(0, 0 - 0, 0)]} cutoutPathParserInfo={CutoutPathParserInfo{displayWidth=1080 displayHeight=2400 physicalDisplayWidth=1080 physicalDisplayHeight=2400 density={3.0} cutoutSpec={M 0,0 H -10 V 26.66666666666667 H 10 V 0 H 0 Z @dp} rotation={0} scale={1.0} physicalPixelDisplaySizeRatio={1.0}}}}, mRoundedCorners=RoundedCorners{[RoundedCorner{position=TopLeft, radius=90, center=Point(90, 90)}, RoundedCorner{position=TopRight, radius=90, center=Point(990, 90)}, RoundedCorner{position=BottomRight, radius=90, center=Point(990, 2310)}, RoundedCorner{position=BottomLeft, radius=90, center=Point(90, 2310)}]}  mRoundedCornerFrame=Rect(0, 0 - 1080, 2400), mPrivacyIndicatorBounds=PrivacyIndicatorBounds {static bounds=Rect(948, 0 - 1080, 80) rotation=0}, mDisplayShape=DisplayShape{ spec=-311912193 displayWidth=1080 displayHeight=2400 physicalPixelDisplaySizeRatio=1.0 rotation=0 offsetX=0 offsetY=0 scale=1.0}, mSources= { InsetsSource: {27 mType=displayCutout mFrame=[0,0][1080,80] mVisible=true mFlags=[]}, InsetsSource: {567b0001 mType=navigationBars mFrame=[0,2256][1080,2400] mVisible=true mFlags=[]}, InsetsSource: {567b0004 mType=systemGestures mFrame=[0,0][0,0] mVisible=true mFlags=[]}, InsetsSource: {567b0005 mType=mandatorySystemGestures mFrame=[0,2256][1080,2400] mVisible=true mFlags=[]}, InsetsSource: {567b0006 mType=tappableElement mFrame=[0,2256][1080,2400] mVisible=true mFlags=[]}, InsetsSource: {567b0024 mType=systemGestures mFrame=[0,0][0,0] mVisible=true mFlags=[]}, InsetsSource: {667f0000 mType=statusBars mFrame=[0,0][1080,80] mVisible=true mFlags=[]}, InsetsSource: {667f0005 mType=mandatorySystemGestures mFrame=[0,0][1080,116] mVisible=true mFlags=[]}, InsetsSource: {667f0006 mType=tappableElement mFrame=[0,0][1080,80] mVisible=true mFlags=[]} }
2026-01-28 14:43:13.703  8837-8837  ViewRootIm...nActivity] com.fishit.player.v2                 I  synced displayState. AttachInfo displayState=2
2026-01-28 14:43:13.703  8837-8837  ViewRootIm...nActivity] com.fishit.player.v2                 I  setView = com.android.internal.policy.DecorView@1a60dc4 TM=true
2026-01-28 14:43:13.704  8837-8837  IDS_TAG                 com.fishit.player.v2                 I  Starting IDS observe window
2026-01-28 14:43:13.704  8837-8837  IDS_TAG                 com.fishit.player.v2                 I  Getting Shared Preference for com.fishit.player.v2.FishItV2Application@2380016 uid = 10459
2026-01-28 14:43:13.708  8837-8837  IDS_TAG                 com.fishit.player.v2                 I  App com.fishit.player.v2.FishItV2Application@2380016 has not finished training
2026-01-28 14:43:13.711  8837-8837  IDS_TAG                 com.fishit.player.v2                 I  Closing IDS observe window
2026-01-28 14:43:13.711  8837-8837  IDS_TAG                 com.fishit.player.v2                 I  Getting Shared Preference for com.fishit.player.v2.FishItV2Application@2380016 uid = 10459
2026-01-28 14:43:13.715  8837-8837  IDS_TAG                 com.fishit.player.v2                 I  IDS count updated to 1 for com.fishit.player.v2.FishItV2Application@2380016
2026-01-28 14:43:14.133  8837-8851  ishit.player.v2         com.fishit.player.v2                 I  Compiler allocated 7198KB to compile void android.view.ViewRootImpl.performTraversals()
2026-01-28 14:43:14.221  8837-8837  Compatibil...geReporter com.fishit.player.v2                 D  Compat change id reported: 289878283; UID 10459; state: ENABLED
2026-01-28 14:43:14.372  8837-8837  BLASTBufferQueue_Java   com.fishit.player.v2                 I  new BLASTBufferQueue, mName= ViewRootImpl@ce48818[MainActivity] mNativeObject= 0xb400006e78df7b10 sc.mNativeObject= 0xb400006f48dd88d0 caller= android.view.ViewRootImpl.updateBlastSurfaceIfNeeded:3028 android.view.ViewRootImpl.relayoutWindow:10131 android.view.ViewRootImpl.performTraversals:4110 android.view.ViewRootImpl.doTraversal:3288 android.view.ViewRootImpl$TraversalRunnable.run:11344 android.view.Choreographer$CallbackRecord.run:1689 android.view.Choreographer$CallbackRecord.run:1698 android.view.Choreographer.doCallbacks:1153 android.view.Choreographer.doFrame:1079 android.view.Choreographer$FrameDisplayEventReceiver.run:1646
2026-01-28 14:43:14.372  8837-8837  BLASTBufferQueue_Java   com.fishit.player.v2                 I  update, w= 1080 h= 2400 mName = ViewRootImpl@ce48818[MainActivity] mNativeObject= 0xb400006e78df7b10 sc.mNativeObject= 0xb400006f48dd88d0 format= -1 caller= android.graphics.BLASTBufferQueue.<init>:89 android.view.ViewRootImpl.updateBlastSurfaceIfNeeded:3028 android.view.ViewRootImpl.relayoutWindow:10131 android.view.ViewRootImpl.performTraversals:4110 android.view.ViewRootImpl.doTraversal:3288 android.view.ViewRootImpl$TraversalRunnable.run:11344
2026-01-28 14:43:14.373  8837-8837  ViewRootIm...nActivity] com.fishit.player.v2                 I  Relayout returned: old=(0,0,1080,2400) new=(0,0,1080,2400) relayoutAsync=false req=(1080,2400)0 dur=13 res=0x403 s={true 0xb400006ec8e26c60} ch=true seqId=0
2026-01-28 14:43:14.376  8837-8837  ViewRootIm...nActivity] com.fishit.player.v2                 I  performConfigurationChange setNightDimText nightDimLevel=0
2026-01-28 14:43:14.376  8837-8837  ViewRootIm...nActivity] com.fishit.player.v2                 D  mThreadedRenderer.initialize() mSurface={isValid=true 0xb400006ec8e26c60} hwInitialized=true
2026-01-28 14:43:14.404  8837-8837  ViewRootIm...nActivity] com.fishit.player.v2                 D  reportNextDraw android.view.ViewRootImpl.performTraversals:4718 android.view.ViewRootImpl.doTraversal:3288 android.view.ViewRootImpl$TraversalRunnable.run:11344 android.view.Choreographer$CallbackRecord.run:1689 android.view.Choreographer$CallbackRecord.run:1698
2026-01-28 14:43:14.405  8837-8837  ViewRootIm...nActivity] com.fishit.player.v2                 I  Setup new sync=wmsSync-ViewRootImpl@ce48818[MainActivity]#0
2026-01-28 14:43:14.405  8837-8837  ViewRootIm...nActivity] com.fishit.player.v2                 I  Creating new active sync group ViewRootImpl@ce48818[MainActivity]#1
2026-01-28 14:43:14.406  8837-8837  ViewRootIm...nActivity] com.fishit.player.v2                 I  registerCallbacksForSync syncBuffer=false
2026-01-28 14:43:14.429  8837-9400  ViewRootIm...nActivity] com.fishit.player.v2                 I  Received frameDrawingCallback syncResult=0 frameNum=1.
2026-01-28 14:43:14.430  8837-9400  ViewRootIm...nActivity] com.fishit.player.v2                 I  mWNT: t=0xb400007078dfbe10 mBlastBufferQueue=0xb400006e78df7b10 fn= 1 mRenderHdrSdrRatio=1.0 caller= android.view.ViewRootImpl$8.onFrameDraw:13841 android.view.ThreadedRenderer$1.onFrameDraw:792 <bottom of call stack>
2026-01-28 14:43:14.430  8837-9400  ViewRootIm...nActivity] com.fishit.player.v2                 I  Setting up sync and frameCommitCallback
2026-01-28 14:43:14.501  8837-9365  BLASTBufferQueue        com.fishit.player.v2                 I  [ViewRootImpl@ce48818[MainActivity]#0](f:0,a:0,s:0) onFrameAvailable the first frame is available
2026-01-28 14:43:14.502  8837-9365  ViewRootIm...nActivity] com.fishit.player.v2                 I  Received frameCommittedCallback lastAttemptedDrawFrameNum=1 didProduceBuffer=true
2026-01-28 14:43:14.503  8837-9365  OpenGLRenderer          com.fishit.player.v2                 D  CFMS:: SetUp Pid : 8837    Tid : 9365
2026-01-28 14:43:14.503  8837-8837  ViewRootIm...nActivity] com.fishit.player.v2                 I  reportDrawFinished seqId=0
2026-01-28 14:43:14.504  8837-9365  OpenGLRenderer          com.fishit.player.v2                 D  HWUI - treat SMPTE_170M as sRGB
2026-01-28 14:43:14.504  8837-8837  Choreographer           com.fishit.player.v2                 I  Skipped 44 frames!  The application may be doing too much work on its main thread.
2026-01-28 14:43:14.521  8837-8876  OpenGLRenderer          com.fishit.player.v2                 I  Davey! duration=793ms; Flags=1, FrameTimelineVsyncId=57783726, IntendedVsync=339967924965527, Vsync=339967924965527, InputEventId=0, HandleInputStart=339967932895219, AnimationStart=339967932903065, PerformTraversalsStart=339967933047181, DrawStart=339968623340373, FrameDeadline=339967942166747, FrameInterval=339967932851988, FrameStartTime=16683280, SyncQueued=339968644325411, SyncStart=339968645243988, IssueDrawCommandsStart=339968645829373, SwapBuffers=339968717450296, FrameCompleted=339968719539680, DequeueBufferDuration=18308, QueueBufferDuration=293269, GpuCompleted=339968719539680, SwapBuffersCompleted=339968719036796, DisplayPresentTime=288234774265332736, CommandSubmissionCompleted=339968717450296,
2026-01-28 14:43:14.525  8837-9258  LeakCanary              com.fishit.player.v2                 D  LeakCanary is currently disabled: Waiting for debugger to detach.
2026-01-28 14:43:14.554  8837-8837  InsetsSourceConsumer    com.fishit.player.v2                 I  applyRequestedVisibilityToControl: visible=true, type=statusBars, host=com.fishit.player.v2/com.fishit.player.v2.MainActivity
2026-01-28 14:43:14.555  8837-8837  InsetsSourceConsumer    com.fishit.player.v2                 I  applyRequestedVisibilityToControl: visible=true, type=navigationBars, host=com.fishit.player.v2/com.fishit.player.v2.MainActivity
2026-01-28 14:43:14.555  8837-8837  ViewRootIm...nActivity] com.fishit.player.v2                 I  handleWindowFocusChanged: 1 0 call from android.view.ViewRootImpl.-$$Nest$mhandleWindowFocusChanged:0
2026-01-28 14:43:14.556  8837-8837  ViewRootIm...nActivity] com.fishit.player.v2                 D  mThreadedRenderer.initializeIfNeeded()#2 mSurface={isValid=true 0xb400006ec8e26c60}
2026-01-28 14:43:14.557  8837-8837  InputMethodManagerUtils com.fishit.player.v2                 D  startInputInner - Id : 0
2026-01-28 14:43:14.557  8837-8837  InputMethodManager      com.fishit.player.v2                 I  startInputInner - IInputMethodManagerGlobalInvoker.startInputOrWindowGainedFocus
2026-01-28 14:43:14.569  8837-8862  OpenGLRenderer          com.fishit.player.v2                 I  Davey! duration=786ms; Flags=0, FrameTimelineVsyncId=57783752, IntendedVsync=339967975496689, Vsync=339968709536325, InputEventId=0, HandleInputStart=339968721921565, AnimationStart=339968721925180, PerformTraversalsStart=339968754298834, DrawStart=339968754560719, FrameDeadline=339968742429633, FrameInterval=339968721489719, FrameStartTime=16682719, SyncQueued=339968758990372, SyncStart=339968759086488, IssueDrawCommandsStart=339968759141603, SwapBuffers=339968760146988, FrameCompleted=339968761925296, DequeueBufferDuration=14616, QueueBufferDuration=179116, GpuCompleted=339968761925296, SwapBuffersCompleted=339968760722872, DisplayPresentTime=288234774265332736, CommandSubmissionCompleted=339968760146988,
2026-01-28 14:43:14.585  8837-8837  InputMethodManagerUtils com.fishit.player.v2                 D  startInputInner - Id : 0
2026-01-28 14:43:14.590  8837-8837  InsetsController        com.fishit.player.v2                 I  onStateChanged: host=com.fishit.player.v2/com.fishit.player.v2.MainActivity, from=android.view.ViewRootImpl$ViewRootHandler.handleMessageImpl:7209, state=InsetsState: {mDisplayFrame=Rect(0, 0 - 1080, 2400), mDisplayCutout=DisplayCutout{insets=Rect(0, 80 - 0, 0) waterfall=Insets{left=0, top=0, right=0, bottom=0} boundingRect={Bounds=[Rect(0, 0 - 0, 0), Rect(510, 0 - 570, 80), Rect(0, 0 - 0, 0), Rect(0, 0 - 0, 0)]} cutoutPathParserInfo={CutoutPathParserInfo{displayWidth=1080 displayHeight=2400 physicalDisplayWidth=1080 physicalDisplayHeight=2400 density={3.0} cutoutSpec={M 0,0 H -10 V 26.66666666666667 H 10 V 0 H 0 Z @dp} rotation={0} scale={1.0} physicalPixelDisplaySizeRatio={1.0}}}}, mRoundedCorners=RoundedCorners{[RoundedCorner{position=TopLeft, radius=90, center=Point(90, 90)}, RoundedCorner{position=TopRight, radius=90, center=Point(990, 90)}, RoundedCorner{position=BottomRight, radius=90, center=Point(990, 2310)}, RoundedCorner{position=BottomLeft, radius=90, center=Point(90, 2310)}]}  mRoundedCornerFrame=Rect(0, 0 - 1080, 2400), mPrivacyIndicatorBounds=PrivacyIndicatorBounds {static bounds=Rect(948, 0 - 1080, 80) rotation=0}, mDisplayShape=DisplayShape{ spec=-311912193 displayWidth=1080 displayHeight=2400 physicalPixelDisplaySizeRatio=1.0 rotation=0 offsetX=0 offsetY=0 scale=1.0}, mSources= { InsetsSource: {3 mType=ime mFrame=[0,0][0,0] mVisible=false mFlags=[]}, InsetsSource: {27 mType=displayCutout mFrame=[0,0][1080,80] mVisible=true mFlags=[]}, InsetsSource: {567b0001 mType=navigationBars mFrame=[0,2256][1080,2400] mVisible=true mFlags=[]}, InsetsSource: {567b0004 mType=systemGestures mFrame=[0,0][0,0] mVisible=true mFlags=[]}, InsetsSource: {567b0005 mType=mandatorySystemGestures mFrame=[0,2256][1080,2400] mVisible=true mFlags=[]}, InsetsSource: {567b0006 mType=tappableElement mFrame=[0,2256][1080,2400] mVisible=true mFlags=[]}, InsetsSource: {567b0024 mType=systemGestures mFrame=[0,0][0,0] mVisible=true mFlags=[]}, InsetsSource: {667f0000 mType=statusBars mFrame=[0,0][1080,80] mVisible=true mFlags=[]}, InsetsSource: {667f0005 mType=mandatorySystemGestures mFrame=[0,0][1080,116] mVisible=true mFlags=[]}, InsetsSource: {667f0006 mType=tappableElement mFrame=[0,0][1080,80] mVisible=true mFlags=[]} }
2026-01-28 14:43:14.592  8837-8837  InsetsSourceConsumer    com.fishit.player.v2                 I  applyRequestedVisibilityToControl: visible=false, type=ime, host=com.fishit.player.v2/com.fishit.player.v2.MainActivity
2026-01-28 14:43:15.868  8837-9353  XtreamCredStore         com.fishit.player.v2                 D  No complete credentials stored
2026-01-28 14:43:15.869  8837-9353  XtreamSessionBootstrap  com.fishit.player.v2                 D  No stored Xtream credentials found
2026-01-28 14:43:15.922  8837-9309  SourceActivationStore   com.fishit.player.v2                 D  Loaded state from DataStore: SourceActivationSnapshot(xtream=Inactive, telegram=Inactive, io=Inactive)
2026-01-28 14:43:15.923  8837-9353  SourceActi...onObserver com.fishit.player.v2                 I  No active sources → cancelling sync
2026-01-28 14:43:15.925  8837-9309  SourceActivationStore   com.fishit.player.v2                 I  Source activation changed: XTREAM -> Inactive
2026-01-28 14:43:16.609  8837-8837  ViewRootIm...nActivity] com.fishit.player.v2                 I  ViewPostIme pointer 0
2026-01-28 14:43:16.657  8837-8837  ViewRootIm...nActivity] com.fishit.player.v2                 I  ViewPostIme pointer 1
2026-01-28 14:43:16.750  8837-8837  InputMethodManagerUtils com.fishit.player.v2                 D  startInputInner - Id : 0
2026-01-28 14:43:16.750  8837-8837  InputMethodManager      com.fishit.player.v2                 I  startInputInner - IInputMethodManagerGlobalInvoker.startInputOrWindowGainedFocus
2026-01-28 14:43:16.754  8837-8837  InputMethodManagerUtils com.fishit.player.v2                 D  startInputInner - Id : 0
2026-01-28 14:43:16.754  8837-8837  InputMethodManager      com.fishit.player.v2                 I  startInputInner - IInputMethodManagerGlobalInvoker.startInputOrWindowGainedFocus
2026-01-28 14:43:16.759  8837-8837  ImeTracker              com.fishit.player.v2                 I  com.fishit.player.v2:e5c43afb: onRequestShow at ORIGIN_CLIENT_SHOW_SOFT_INPUT reason SHOW_SOFT_INPUT_BY_INSETS_API
2026-01-28 14:43:16.759  8837-8837  InsetsController        com.fishit.player.v2                 D  show(ime(), fromIme=false)
2026-01-28 14:43:16.761  8837-8837  InsetsController        com.fishit.player.v2                 I  setRequestedVisibleTypes: visible=true, mask=ime, host=com.fishit.player.v2/com.fishit.player.v2.MainActivity, from=android.view.InsetsController.controlAnimationUnchecked:1445 android.view.InsetsController.applyAnimation:2005 android.view.InsetsController.applyAnimation:1968 android.view.InsetsController.show:1309 android.view.InsetsController.show:1237 androidx.core.view.SoftwareKeyboardControllerCompat$Impl30.show:194 androidx.core.view.SoftwareKeyboardControllerCompat.show:71 androidx.compose.ui.text.input.InputMethodManagerImpl.showSoftInput:81 androidx.compose.ui.text.input.TextInputServiceAndroid.setKeyboardVisibleImmediately:475 androidx.compose.ui.text.input.TextInputServiceAndroid.processInputCommands:359
2026-01-28 14:43:16.761  8837-8837  InputMethodManager_LC   com.fishit.player.v2                 I  ris()
2026-01-28 14:43:16.761  8837-8837  InputMethodManager_LC   com.fishit.player.v2                 I  ssi(): flags=0 view=com.fishit.player.v2 reason = SHOW_SOFT_INPUT_BY_INSETS_API
2026-01-28 14:43:16.761  8837-8837  InputMethodManager_LC   com.fishit.player.v2                 I  ssi() view is not EditText
2026-01-28 14:43:16.762  8837-8837  InputMethodManager      com.fishit.player.v2                 D  showSoftInput() view=androidx.compose.ui.platform.AndroidComposeView{601ecde VFED..... .F....ID 0,0-1080,2400 aid=1073741824} flags=0 reason=SHOW_SOFT_INPUT_BY_INSETS_API
2026-01-28 14:43:16.766  8837-8837  InsetsController        com.fishit.player.v2                 I  setRequestedVisibleTypes: visible=false, mask=ime, host=com.fishit.player.v2/com.fishit.player.v2.MainActivity, from=android.view.InsetsController.controlAnimationUncheckedInner:1546 android.view.InsetsController.controlAnimationUnchecked:1449 android.view.InsetsController.applyAnimation:2005 android.view.InsetsController.applyAnimation:1968 android.view.InsetsController.show:1309 android.view.InsetsController.show:1237 androidx.core.view.SoftwareKeyboardControllerCompat$Impl30.show:194 androidx.core.view.SoftwareKeyboardControllerCompat.show:71 androidx.compose.ui.text.input.InputMethodManagerImpl.showSoftInput:81 androidx.compose.ui.text.input.TextInputServiceAndroid.setKeyboardVisibleImmediately:475
2026-01-28 14:43:16.835  8837-8837  InputMethodManager_LC   com.fishit.player.v2                 I  showSoftInput(View,I)
2026-01-28 14:43:16.842  8837-8837  ImeTracker              com.fishit.player.v2                 I  com.fishit.player.v2:c3645987: onRequestShow at ORIGIN_CLIENT_SHOW_SOFT_INPUT reason SHOW_SOFT_INPUT
2026-01-28 14:43:16.842  8837-8837  InputMethodManager_LC   com.fishit.player.v2                 I  ssi(): flags=0 view=com.fishit.player.v2 reason = SHOW_SOFT_INPUT
2026-01-28 14:43:16.842  8837-8837  InputMethodManager_LC   com.fishit.player.v2                 I  ssi() view is not EditText
2026-01-28 14:43:16.842  8837-8837  InputMethodManager      com.fishit.player.v2                 D  showSoftInput() view=androidx.compose.ui.platform.AndroidComposeView{601ecde VFED..... .F....ID 0,0-1080,2400 aid=1073741824} flags=0 reason=SHOW_SOFT_INPUT
2026-01-28 14:43:16.843  8837-8837  RemoteInpu...ectionImpl com.fishit.player.v2                 W  getExtractedText on inactive InputConnection
2026-01-28 14:43:16.966  8837-9411  ViewRootIm...nActivity] com.fishit.player.v2                 I  Resizing android.view.ViewRootImpl@bef7ed: frame = [0,0][1080,2400] reportDraw = false forceLayout = false syncSeqId = -1
2026-01-28 14:43:16.968  8837-8837  InsetsController        com.fishit.player.v2                 I  onStateChanged: host=com.fishit.player.v2/com.fishit.player.v2.MainActivity, from=android.view.ViewRootImpl$ViewRootHandler.handleMessageImpl:7196, state=InsetsState: {mDisplayFrame=Rect(0, 0 - 1080, 2400), mDisplayCutout=DisplayCutout{insets=Rect(0, 80 - 0, 0) waterfall=Insets{left=0, top=0, right=0, bottom=0} boundingRect={Bounds=[Rect(0, 0 - 0, 0), Rect(510, 0 - 570, 80), Rect(0, 0 - 0, 0), Rect(0, 0 - 0, 0)]} cutoutPathParserInfo={CutoutPathParserInfo{displayWidth=1080 displayHeight=2400 physicalDisplayWidth=1080 physicalDisplayHeight=2400 density={3.0} cutoutSpec={M 0,0 H -10 V 26.66666666666667 H 10 V 0 H 0 Z @dp} rotation={0} scale={1.0} physicalPixelDisplaySizeRatio={1.0}}}}, mRoundedCorners=RoundedCorners{[RoundedCorner{position=TopLeft, radius=90, center=Point(90, 90)}, RoundedCorner{position=TopRight, radius=90, center=Point(990, 90)}, RoundedCorner{position=BottomRight, radius=90, center=Point(990, 2310)}, RoundedCorner{position=BottomLeft, radius=90, center=Point(90, 2310)}]}  mRoundedCornerFrame=Rect(0, 0 - 1080, 2400), mPrivacyIndicatorBounds=PrivacyIndicatorBounds {static bounds=Rect(948, 0 - 1080, 80) rotation=0}, mDisplayShape=DisplayShape{ spec=-311912193 displayWidth=1080 displayHeight=2400 physicalPixelDisplaySizeRatio=1.0 rotation=0 offsetX=0 offsetY=0 scale=1.0}, mSources= { InsetsSource: {3 mType=ime mFrame=[0,2256][1080,2400] mVisible=false mFlags=[]}, InsetsSource: {27 mType=displayCutout mFrame=[0,0][1080,80] mVisible=true mFlags=[]}, InsetsSource: {567b0001 mType=navigationBars mFrame=[0,2256][1080,2400] mVisible=true mFlags=[]}, InsetsSource: {567b0004 mType=systemGestures mFrame=[0,0][0,0] mVisible=true mFlags=[]}, InsetsSource: {567b0005 mType=mandatorySystemGestures mFrame=[0,2256][1080,2400] mVisible=true mFlags=[]}, InsetsSource: {567b0006 mType=tappableElement mFrame=[0,2256][1080,2400] mVisible=true mFlags=[]}, InsetsSource: {567b0024 mType=systemGestures mFrame=[0,0][0,0] mVisible=true mFlags=[]}, InsetsSource: {667f0000 mType=statusBars mFrame=[0,0][1080,80] mVisible=true mFlags=[]}, InsetsSource: {667f0005 mType=mandatorySystemGestures mFrame=[0,0][1080,116] mVisible=true mFlags=[]}, InsetsSource: {667f0006 mType=tappableElement mFrame=[0,0][1080,80] mVisible=true mFlags=[]} }
2026-01-28 14:43:16.969  8837-8837  ViewRootIm...nActivity] com.fishit.player.v2                 I  handleResized, msg = 4 frames=ClientWindowFrames{frame=[0,0][1080,2400] display=[0,0][1080,2400] parentFrame=[0,0][0,0]} forceNextWindowRelayout=false displayId=0 dragResizing=false compatScale=1.0 frameChanged=false attachedFrameChanged=false configChanged=false displayChanged=false compatScaleChanged=false
2026-01-28 14:43:16.997  8837-8837  InsetsController        com.fishit.player.v2                 D  show(ime(), fromIme=true)
2026-01-28 14:43:16.998  8837-8837  InsetsController        com.fishit.player.v2                 I  setRequestedVisibleTypes: visible=true, mask=ime, host=com.fishit.player.v2/com.fishit.player.v2.MainActivity, from=android.view.InsetsController.controlAnimationUnchecked:1445 android.view.InsetsController.handlePendingControlRequest:1324 android.view.InsetsController.show:1260 android.view.ViewRootImpl$ViewRootHandler.handleMessageImpl:7233 android.view.ViewRootImpl$ViewRootHandler.handleMessage:7166 android.os.Handler.dispatchMessage:106 android.os.Looper.loopOnce:230 android.os.Looper.loop:319 android.app.ActivityThread.main:8919 java.lang.reflect.Method.invoke:-2
2026-01-28 14:43:17.000  8837-8837  InsetsController        com.fishit.player.v2                 I  controlAnimationUncheckedInner: Added types=ime, animType=0, host=com.fishit.player.v2/com.fishit.player.v2.MainActivity, from=android.view.InsetsController.controlAnimationUnchecked:1449 android.view.InsetsController.handlePendingControlRequest:1324 android.view.InsetsController.show:1260
2026-01-28 14:43:17.021  8837-8837  InsetsController        com.fishit.player.v2                 I  onStateChanged: host=com.fishit.player.v2/com.fishit.player.v2.MainActivity, from=android.view.ViewRootImpl$ViewRootHandler.handleMessageImpl:7209, state=InsetsState: {mDisplayFrame=Rect(0, 0 - 1080, 2400), mDisplayCutout=DisplayCutout{insets=Rect(0, 80 - 0, 0) waterfall=Insets{left=0, top=0, right=0, bottom=0} boundingRect={Bounds=[Rect(0, 0 - 0, 0), Rect(510, 0 - 570, 80), Rect(0, 0 - 0, 0), Rect(0, 0 - 0, 0)]} cutoutPathParserInfo={CutoutPathParserInfo{displayWidth=1080 displayHeight=2400 physicalDisplayWidth=1080 physicalDisplayHeight=2400 density={3.0} cutoutSpec={M 0,0 H -10 V 26.66666666666667 H 10 V 0 H 0 Z @dp} rotation={0} scale={1.0} physicalPixelDisplaySizeRatio={1.0}}}}, mRoundedCorners=RoundedCorners{[RoundedCorner{position=TopLeft, radius=90, center=Point(90, 90)}, RoundedCorner{position=TopRight, radius=90, center=Point(990, 90)}, RoundedCorner{position=BottomRight, radius=90, center=Point(990, 2310)}, RoundedCorner{position=BottomLeft, radius=90, center=Point(90, 2310)}]}  mRoundedCornerFrame=Rect(0, 0 - 1080, 2400), mPrivacyIndicatorBounds=PrivacyIndicatorBounds {static bounds=Rect(948, 0 - 1080, 80) rotation=0}, mDisplayShape=DisplayShape{ spec=-311912193 displayWidth=1080 displayHeight=2400 physicalPixelDisplaySizeRatio=1.0 rotation=0 offsetX=0 offsetY=0 scale=1.0}, mSources= { InsetsSource: {3 mType=ime mFrame=[0,2256][1080,2400] mVisible=true mFlags=[]}, InsetsSource: {27 mType=displayCutout mFrame=[0,0][1080,80] mVisible=true mFlags=[]}, InsetsSource: {567b0001 mType=navigationBars mFrame=[0,2256][1080,2400] mVisible=true mFlags=[]}, InsetsSource: {567b0004 mType=systemGestures mFrame=[0,0][0,0] mVisible=true mFlags=[]}, InsetsSource: {567b0005 mType=mandatorySystemGestures mFrame=[0,2256][1080,2400] mVisible=true mFlags=[]}, InsetsSource: {567b0006 mType=tappableElement mFrame=[0,2256][1080,2400] mVisible=true mFlags=[]}, InsetsSource: {567b0024 mType=systemGestures mFrame=[0,0][0,0] mVisible=true mFlags=[]}, InsetsSource: {667f0000 mType=statusBars mFrame=[0,0][1080,80] mVisible=true mFlags=[]}, InsetsSource: {667f0005 mType=mandatorySystemGestures mFrame=[0,0][1080,116] mVisible=true mFlags=[]}, InsetsSource: {667f0006 mType=tappableElement mFrame=[0,0][1080,80] mVisible=true mFlags=[]} }
2026-01-28 14:43:17.023  8837-9411  ViewRootIm...nActivity] com.fishit.player.v2                 I  Resizing android.view.ViewRootImpl@bef7ed: frame = [0,0][1080,2400] reportDraw = false forceLayout = false syncSeqId = -1
2026-01-28 14:43:17.025  8837-8837  ViewRootIm...nActivity] com.fishit.player.v2                 I  handleResized, msg = 4 frames=ClientWindowFrames{frame=[0,0][1080,2400] display=[0,0][1080,2400] parentFrame=[0,0][0,0]} forceNextWindowRelayout=false displayId=0 dragResizing=false compatScale=1.0 frameChanged=false attachedFrameChanged=false configChanged=false displayChanged=false compatScaleChanged=false
2026-01-28 14:43:17.029  8837-9463  InteractionJankMonitor  com.fishit.player.v2                 D  Build configuration failed!
                                                                                                    java.lang.IllegalArgumentException: Must pass in a valid surface control if only instrument surface;
                                                                                                    	at com.android.internal.jank.InteractionJankMonitor$Configuration.validate(InteractionJankMonitor.java:1286)
                                                                                                    	at com.android.internal.jank.InteractionJankMonitor$Configuration.<init>(InteractionJankMonitor.java:1244)
                                                                                                    	at com.android.internal.jank.InteractionJankMonitor$Configuration.<init>(Unknown Source:0)
                                                                                                    	at com.android.internal.jank.InteractionJankMonitor$Configuration$Builder.build(InteractionJankMonitor.java:1224)
                                                                                                    	at com.android.internal.jank.InteractionJankMonitor.begin(InteractionJankMonitor.java:634)
                                                                                                    	at android.view.inputmethod.ImeTracker$ImeJankTracker.onRequestAnimation(ImeTracker.java:717)
                                                                                                    	at android.view.InsetsController$InternalAnimationControlListener$2.onAnimationStart(InsetsController.java:527)
                                                                                                    	at android.animation.Animator$AnimatorListener.onAnimationStart(Animator.java:695)
                                                                                                    	at android.animation.Animator$AnimatorCaller$$ExternalSyntheticLambda0.call(Unknown Source:4)
                                                                                                    	at android.animation.Animator.callOnList(Animator.java:669)
                                                                                                    	at android.animation.Animator.notifyListeners(Animator.java:608)
                                                                                                    	at android.animation.Animator.notifyStartListeners(Animator.java:625)
                                                                                                    	at android.animation.ValueAnimator.startAnimation(ValueAnimator.java:1334)
                                                                                                    	at android.animation.ValueAnimator.start(ValueAnimator.java:1149)
                                                                                                    	at android.animation.ValueAnimator.start(ValueAnimator.java:1173)
                                                                                                    	at android.view.InsetsController$InternalAnimationControlListener.onReady(InsetsController.java:549)
                                                                                                    	at android.view.InsetsAnimationThreadControlRunner.lambda$new$0(InsetsAnimationThreadControlRunner.java:133)
                                                                                                    	at android.view.InsetsAnimationThreadControlRunner.$r8$lambda$3zGKYd3XPzPnvMO2hiF8a88M6T0(Unknown Source:0)
                                                                                                    	at android.view.InsetsAnimationThreadControlRunner$$ExternalSyntheticLambda2.run(Unknown Source:6)
                                                                                                    	at android.os.Handler.handleCallback(Handler.java:958)
                                                                                                    	at android.os.Handler.dispatchMessage(Handler.java:99)
                                                                                                    	at android.os.Looper.loopOnce(Looper.java:230)
                                                                                                    	at android.os.Looper.loop(Looper.java:319)
                                                                                                    	at android.os.HandlerThread.run(HandlerThread.java:67)
2026-01-28 14:43:17.053  8837-8837  InsetsController        com.fishit.player.v2                 I  cancelAnimation: types=ime, animType=0, host=com.fishit.player.v2/com.fishit.player.v2.MainActivity, from=android.view.InsetsController.notifyFinished:1748 android.view.InsetsAnimationThreadControlRunner$1.lambda$notifyFinished$0:85 android.view.InsetsAnimationThreadControlRunner$1.$r8$lambda$RAf1SfIREsj9-wH5FOigMy6eLkM:0
2026-01-28 14:43:17.055  8837-8837  ImeTracker              com.fishit.player.v2                 I  com.fishit.player.v2:c3645987: onShown
2026-01-28 14:43:17.059  8837-9401  ViewRootIm...nActivity] com.fishit.player.v2                 I  mWNT: t=0xb400007078df77f0 mBlastBufferQueue=0xb400006e78df7b10 fn= 10 mRenderHdrSdrRatio=1.0 caller= android.view.SyncRtSurfaceTransactionApplier.applyTransaction:96 android.view.SyncRtSurfaceTransactionApplier.lambda$scheduleApply$0:69 android.view.SyncRtSurfaceTransactionApplier.$r8$lambda$SgowXC58rj3PR958kHUfRgLZmvE:0
2026-01-28 14:43:18.748  8837-8837  ViewRootIm...nActivity] com.fishit.player.v2                 I  ViewPostIme key 0
2026-01-28 14:43:18.760  8837-8837  ViewRootIm...nActivity] com.fishit.player.v2                 I  ViewPostIme key 1
2026-01-28 14:43:19.098  8837-9482  ProfileInstaller        com.fishit.player.v2                 D  Installing profile for com.fishit.player.v2
2026-01-28 14:43:22.079  8837-8853  InputTransport          com.fishit.player.v2                 D  Input channel destroyed: 'ClientS', fd=147
2026-01-28 14:43:22.079  8837-8853  InputTransport          com.fishit.player.v2                 D  Input channel destroyed: 'ClientS', fd=152
2026-01-28 14:43:22.083  8837-8854  System                  com.fishit.player.v2                 W  A resource failed to call release.
2026-01-28 14:43:23.854  8837-8837  ViewRootIm...nActivity] com.fishit.player.v2                 I  ViewPostIme pointer 0
2026-01-28 14:43:23.912  8837-8837  ViewRootIm...nActivity] com.fishit.player.v2                 I  ViewPostIme pointer 1
2026-01-28 14:43:23.917  8837-8837  OnboardingViewModel     com.fishit.player.v2                 D  connectXtream: Starting with URL host: http://konigtv.com:8080
2026-01-28 14:43:23.921  8837-8837  OnboardingViewModel     com.fishit.player.v2                 D  connectXtream: Parsed credentials - host=konigtv.com, port=8080, username=Christoph10, useHttps=false
2026-01-28 14:43:23.922  8837-8837  Compatibil...geReporter com.fishit.player.v2                 D  Compat change id reported: 247079863; UID 10459; state: ENABLED
2026-01-28 14:43:23.925  8837-8837  OnboardingViewModel     com.fishit.player.v2                 D  connectXtream: Created config - scheme=http, host=konigtv.com, port=8080, username=Christoph10
2026-01-28 14:43:23.926  8837-8837  XtreamAuthRepoAdapter   com.fishit.player.v2                 D  initialize: Starting with config - scheme=http, host=konigtv.com, port=8080, username=Christoph10
2026-01-28 14:43:23.928  8837-8837  XtreamAuthRepoAdapter   com.fishit.player.v2                 D  initialize: Calling apiClient.initialize
2026-01-28 14:43:23.931  8837-9353  XtreamApiClient         com.fishit.player.v2                 D  Initializing client for konigtv.com (forceDiscovery=false)
2026-01-28 14:43:23.932  8837-9353  XtreamApiClient         com.fishit.player.v2                 D  Resolved port: 8080
2026-01-28 14:43:23.965  8837-9356  XtreamApiClient         com.fishit.player.v2                 D  buildPlayerApiUrl: action=get_series_categories -> konigtv.com/player_api.php
2026-01-28 14:43:23.981  8837-9355  XtreamApiClient         com.fishit.player.v2                 D  buildPlayerApiUrl: action=get_movies_categories -> konigtv.com/player_api.php
2026-01-28 14:43:23.982  8837-9308  XtreamApiClient         com.fishit.player.v2                 D  buildPlayerApiUrl: action=get_movie_categories -> konigtv.com/player_api.php
2026-01-28 14:43:23.983  8837-9357  XtreamApiClient         com.fishit.player.v2                 D  buildPlayerApiUrl: action=get_live_streams -> konigtv.com/player_api.php
2026-01-28 14:43:23.983  8837-9361  XtreamApiClient         com.fishit.player.v2                 D  buildPlayerApiUrl: action=get_vod_categories -> konigtv.com/player_api.php
2026-01-28 14:43:23.984  8837-9309  XtreamApiClient         com.fishit.player.v2                 D  buildPlayerApiUrl: action=get_live_categories -> konigtv.com/player_api.php
2026-01-28 14:43:23.986  8837-9354  XtreamApiClient         com.fishit.player.v2                 D  buildPlayerApiUrl: action=get_series -> konigtv.com/player_api.php
2026-01-28 14:43:24.042  8837-8837  ImeTracker              com.fishit.player.v2                 I  com.fishit.player.v2:2feb8843: onRequestHide at ORIGIN_CLIENT_HIDE_SOFT_INPUT reason HIDE_SOFT_INPUT_BY_INSETS_API
2026-01-28 14:43:24.045  8837-8837  InsetsController        com.fishit.player.v2                 I  setRequestedVisibleTypes: visible=false, mask=ime, host=com.fishit.player.v2/com.fishit.player.v2.MainActivity, from=android.view.InsetsController.controlAnimationUnchecked:1445 android.view.InsetsController.applyAnimation:2005 android.view.InsetsController.applyAnimation:1968 android.view.InsetsController.hide:1403 android.view.InsetsController.hide:1342 androidx.core.view.SoftwareKeyboardControllerCompat$Impl30.hide:227 androidx.core.view.SoftwareKeyboardControllerCompat.hide:81 androidx.compose.ui.text.input.InputMethodManagerImpl.hideSoftInput:85 androidx.compose.ui.text.input.TextInputServiceAndroid.setKeyboardVisibleImmediately:477 androidx.compose.ui.text.input.TextInputServiceAndroid.processInputCommands:359
2026-01-28 14:43:24.046  8837-8837  ImeTracker              com.fishit.player.v2                 I  com.fishit.player.v2:5d4110a9: onRequestHide at ORIGIN_CLIENT_HIDE_SOFT_INPUT reason HIDE_SOFT_INPUT_BY_INSETS_API
2026-01-28 14:43:24.047  8837-8837  InputMethodManager_LC   com.fishit.player.v2                 I  notifyImeHidden: IInputMethodManagerGlobalInvoker.hideSoftInput
2026-01-28 14:43:24.053  8837-8837  InsetsController        com.fishit.player.v2                 I  controlAnimationUncheckedInner: Added types=ime, animType=1, host=com.fishit.player.v2/com.fishit.player.v2.MainActivity, from=android.view.InsetsController.controlAnimationUnchecked:1449 android.view.InsetsController.applyAnimation:2005 android.view.InsetsController.applyAnimation:1968
2026-01-28 14:43:24.054  8837-8837  InputMethodManagerUtils com.fishit.player.v2                 D  startInputInner - Id : 0
2026-01-28 14:43:24.054  8837-8837  InputMethodManager      com.fishit.player.v2                 I  startInputInner - IInputMethodManagerGlobalInvoker.startInputOrWindowGainedFocus
2026-01-28 14:43:24.064  8837-9501  TrafficStats            com.fishit.player.v2                 D  tagSocket(6) with statsTag=0xffffffff, statsUid=-1
2026-01-28 14:43:24.078  8837-9411  ViewRootIm...nActivity] com.fishit.player.v2                 I  Resizing android.view.ViewRootImpl@bef7ed: frame = [0,0][1080,2400] reportDraw = false forceLayout = false syncSeqId = -1
2026-01-28 14:43:24.090  8837-8837  ImeTracker              com.fishit.player.v2                 I  com.fishit.player.v2:5d4110a9: onCancelled at PHASE_CLIENT_APPLY_ANIMATION
2026-01-28 14:43:24.091  8837-8837  RemoteInpu...ectionImpl com.fishit.player.v2                 W  requestCursorAnchorInfo on inactive InputConnection
2026-01-28 14:43:24.103  8837-9501  TrafficStats            com.fishit.player.v2                 D  tagSocket(133) with statsTag=0xffffffff, statsUid=-1
