2026-01-30 13:11:16.362 20331-20358 CatalogSyncService      com.fishit.player.v2                 W  Xtream playback hint warning for xtream:series:5319: missing contentType
2026-01-30 13:11:16.410 20331-20435 CatalogSyncService      com.fishit.player.v2                 W  Xtream playback hint warning for xtream:series:5503: missing contentType
2026-01-30 13:11:16.435 20331-20401 CatalogSyncService      com.fishit.player.v2                 W  Xtream playback hint warning for xtream:series:5683: missing contentType
2026-01-30 13:11:16.450 20331-20435 CatalogSyncService      com.fishit.player.v2                 W  Xtream playback hint warning for xtream:series:5504: missing contentType
2026-01-30 13:11:16.453 20331-20358 CatalogSyncService      com.fishit.player.v2                 W  Xtream playback hint warning for xtream:series:5320: missing contentType
2026-01-30 13:11:16.455 20331-20352 CatalogSyncService      com.fishit.player.v2                 W  Xtream playback hint warning for xtream:series:5684: missing contentType
2026-01-30 13:11:16.459 20331-20437 CatalogSyncService      com.fishit.player.v2                 W  Xtream playback hint warning for xtream:series:5321: missing contentType
2026-01-30 13:11:16.465 20331-20435 CatalogSyncService      com.fishit.player.v2                 W  Xtream playback hint warning for xtream:series:5505: missing contentType
2026-01-30 13:11:16.485 20331-20435 CatalogSyncService      com.fishit.player.v2                 W  Xtream playback hint warning for xtream:series:5506: missing contentType
2026-01-30 13:11:16.518 20331-20435 CatalogSyncService      com.fishit.player.v2                 W  Xtream playback hint warning for xtream:series:5685: missing contentType
2026-01-30 13:11:16.528 20331-20439 CatalogSyncService      com.fishit.player.v2                 W  Xtream playback hint warning for xtream:series:5508: missing contentType
2026-01-30 13:11:16.544 20331-20340 ishit.player.v2         com.fishit.player.v2                 I  Background concurrent copying GC freed 452022(22MB) AllocSpace objects, 0(0B) LOS objects, 28% free, 60MB/84MB, paused 76us,45us total 104.911ms
2026-01-30 13:11:16.562 20331-20439 CatalogSyncService      com.fishit.player.v2                 W  Xtream playback hint warning for xtream:series:5509: missing contentType
2026-01-30 13:11:16.580 20331-20439 CatalogSyncService      com.fishit.player.v2                 W  Xtream playback hint warning for xtream:series:5510: missing contentType
2026-01-30 13:11:16.587 20331-20437 CatalogSyncService      com.fishit.player.v2                 W  Xtream playback hint warning for xtream:series:5322: missing contentType
2026-01-30 13:11:16.597 20331-20421 CatalogSyncService      com.fishit.player.v2                 W  Xtream playback hint warning for xtream:series:5686: missing contentType
2026-01-30 13:11:16.611 20331-20439 CatalogSyncService      com.fishit.player.v2                 W  Xtream playback hint warning for xtream:series:5511: missing contentType
2026-01-30 13:11:16.750 20331-20439 CatalogSyncService      com.fishit.player.v2                 W  Xtream playback hint warning for xtream:series:5512: missing contentType
2026-01-30 13:11:16.841 20331-20421 CatalogSyncService      com.fishit.player.v2                 W  Xtream playback hint warning for xtream:series:5688: missing contentType
2026-01-30 13:11:16.894 20331-20437 CatalogSyncService      com.fishit.player.v2                 W  Xtream playback hint warning for xtream:series:5323: missing contentType
2026-01-30 13:11:16.896 20331-20358 CatalogSyncService      com.fishit.player.v2                 W  Xtream playback hint warning for xtream:series:5689: missing contentType
2026-01-30 13:11:16.922 20331-20439 CatalogSyncService      com.fishit.player.v2                 W  Xtream playback hint warning for xtream:series:5513: missing contentType
2026-01-30 13:11:17.000 20331-20358 CatalogSyncService      com.fishit.player.v2                 W  Xtream playback hint warning for xtream:series:5690: missing contentType
2026-01-30 13:11:17.086 20331-20439 CatalogSyncService      com.fishit.player.v2                 W  Xtream playback hint warning for xtream:series:5515: missing contentType
2026-01-30 13:11:17.088 20331-20358 CatalogSyncService      com.fishit.player.v2                 W  Xtream playback hint warning for xtream:series:5691: missing contentType
2026-01-30 13:11:17.105 20331-20401 CatalogSyncService      com.fishit.player.v2                 W  Xtream playback hint warning for xtream:series:5692: missing contentType
2026-01-30 13:11:17.142 20331-20358 CatalogSyncService      com.fishit.player.v2                 W  Xtream playback hint warning for xtream:series:5516: missing contentType
2026-01-30 13:11:17.161 20331-20352 CatalogSyncService      com.fishit.player.v2                 W  Xtream playback hint warning for xtream:series:5693: missing contentType
2026-01-30 13:11:17.220 20331-20352 CatalogSyncService      com.fishit.player.v2                 W  Xtream playback hint warning for xtream:series:5694: missing contentType
2026-01-30 13:11:17.246 20331-20355 CatalogSyncService      com.fishit.player.v2                 W  Xtream playback hint warning for xtream:series:5517: missing contentType
2026-01-30 13:11:17.316 20331-20401 CatalogSyncService      com.fishit.player.v2                 W  Xtream playback hint warning for xtream:series:5695: missing contentType
2026-01-30 13:11:17.376 20331-20421 CatalogSyncService      com.fishit.player.v2                 W  Xtream playback hint warning for xtream:series:5324: missing contentType
2026-01-30 13:11:17.381 20331-20413 CatalogSyncService      com.fishit.player.v2                 W  Xtream playback hint warning for xtream:series:5518: missing contentType
2026-01-30 13:11:17.404 20331-20401 CatalogSyncService      com.fishit.player.v2                 W  Xtream playback hint warning for xtream:series:5696: missing contentType
2026-01-30 13:11:17.423 20331-20401 CatalogSyncService      com.fishit.player.v2                 W  Xtream playback hint warning for xtream:series:5697: missing contentType
2026-01-30 13:11:17.468 20331-20413 CatalogSyncService      com.fishit.player.v2                 W  Xtream playback hint warning for xtream:series:5519: missing contentType
2026-01-30 13:11:17.474 20331-20353 CatalogSyncService      com.fishit.player.v2                 W  Xtream playback hint warning for xtream:series:5520: missing contentType
2026-01-30 13:11:17.529 20331-20353 CatalogSyncService      com.fishit.player.v2                 W  Xtream playback hint warning for xtream:series:5522: missing contentType
2026-01-30 13:11:17.531 20331-20401 CatalogSyncService      com.fishit.player.v2                 W  Xtream playback hint warning for xtream:series:5698: missing contentType
2026-01-30 13:11:17.558 20331-20401 CatalogSyncService      com.fishit.player.v2                 W  Xtream playback hint warning for xtream:series:5699: missing contentType
2026-01-30 13:11:17.655 20331-20401 CatalogSyncService      com.fishit.player.v2                 W  Xtream playback hint warning for xtream:series:5700: missing contentType
2026-01-30 13:11:17.656 20331-20437 CatalogSyncService      com.fishit.player.v2                 W  Xtream playback hint warning for xtream:series:5526: missing contentType
2026-01-30 13:11:17.722 20331-20358 CatalogSyncService      com.fishit.player.v2                 W  Xtream playback hint warning for xtream:series:5527: missing contentType
2026-01-30 13:11:17.748 20331-20439 CatalogSyncService      com.fishit.player.v2                 W  Xtream playback hint warning for xtream:series:5326: missing contentType
2026-01-30 13:11:17.771 20331-20401 CatalogSyncService      com.fishit.player.v2                 W  Xtream playback hint warning for xtream:series:5701: missing contentType
2026-01-30 13:11:17.800 20331-20401 CatalogSyncService      com.fishit.player.v2                 W  Xtream playback hint warning for xtream:series:5702: missing contentType
2026-01-30 13:11:17.805 20331-20340 ishit.player.v2         com.fishit.player.v2                 I  Background concurrent copying GC freed 584321(29MB) AllocSpace objects, 0(0B) LOS objects, 28% free, 59MB/83MB, paused 98us,115us total 118.854ms
2026-01-30 13:11:17.838 20331-20358 CatalogSyncService      com.fishit.player.v2                 W  Xtream playback hint warning for xtream:series:5528: missing contentType
2026-01-30 13:11:17.882 20331-20413 CatalogSyncService      com.fishit.player.v2                 W  Xtream playback hint warning for xtream:series:5703: missing contentType
2026-01-30 13:11:17.932 20331-20358 CatalogSyncService      com.fishit.player.v2                 W  Xtream playback hint warning for xtream:series:5529: missing contentType
2026-01-30 13:11:17.958 20331-20413 CatalogSyncService      com.fishit.player.v2                 W  Xtream playback hint warning for xtream:series:5707: missing contentType
2026-01-30 13:11:18.031 20331-20413 CatalogSyncService      com.fishit.player.v2                 W  Xtream playback hint warning for xtream:series:5708: missing contentType
2026-01-30 13:11:18.074 20331-20435 CatalogSyncService      com.fishit.player.v2                 W  Xtream playback hint warning for xtream:series:5530: missing contentType
2026-01-30 13:11:18.077 20331-20413 CatalogSyncService      com.fishit.player.v2                 W  Xtream playback hint warning for xtream:series:5709: missing contentType
2026-01-30 13:11:18.173 20331-20413 CatalogSyncService      com.fishit.player.v2                 W  Xtream playback hint warning for xtream:series:5710: missing contentType
2026-01-30 13:11:18.190 20331-20435 CatalogSyncService      com.fishit.player.v2                 W  Xtream playback hint warning for xtream:series:5531: missing contentType
2026-01-30 13:11:18.191 20331-20437 CatalogSyncService      com.fishit.player.v2                 W  Xtream playback hint warning for xtream:series:5327: missing contentType
2026-01-30 13:11:18.229 20331-20413 CatalogSyncService      com.fishit.player.v2                 W  Xtream playback hint warning for xtream:series:5711: missing contentType
2026-01-30 13:11:18.249 20331-20413 CatalogSyncService      com.fishit.player.v2                 W  Xtream playback hint warning for xtream:series:5712: missing contentType
2026-01-30 13:11:18.252 20331-20435 CatalogSyncService      com.fishit.player.v2                 W  Xtream playback hint warning for xtream:series:5532: missing contentType
2026-01-30 13:11:18.319 20331-20435 CatalogSyncService      com.fishit.player.v2                 W  Xtream playback hint warning for xtream:series:5533: missing contentType
2026-01-30 13:11:18.382 20331-20413 CatalogSyncService      com.fishit.player.v2                 W  Xtream playback hint warning for xtream:series:5713: missing contentType
2026-01-30 13:11:18.400 20331-20437 CatalogSyncService      com.fishit.player.v2                 W  Xtream playback hint warning for xtream:series:5328: missing contentType
2026-01-30 13:11:18.401 20331-20435 CatalogSyncService      com.fishit.player.v2                 W  Xtream playback hint warning for xtream:series:5534: missing contentType
2026-01-30 13:11:18.459 20331-20435 CatalogSyncService      com.fishit.player.v2                 W  Xtream playback hint warning for xtream:series:5535: missing contentType
2026-01-30 13:11:18.467 20331-20439 CatalogSyncService      com.fishit.player.v2                 W  Xtream playback hint warning for xtream:series:5715: missing contentType
2026-01-30 13:11:18.476 20331-20439 CatalogSyncService      com.fishit.player.v2                 W  Xtream playback hint warning for xtream:series:5716: missing contentType
2026-01-30 13:11:18.542 20331-20355 CatalogSyncService      com.fishit.player.v2                 W  Xtream playback hint warning for xtream:series:5536: missing contentType
2026-01-30 13:11:18.645 20331-20355 CatalogSyncService      com.fishit.player.v2                 W  Xtream playback hint warning for xtream:series:5537: missing contentType
2026-01-30 13:11:18.752 20331-20353 CatalogSyncService      com.fishit.player.v2                 W  Xtream playback hint warning for xtream:series:5329: missing contentType
2026-01-30 13:11:18.803 20331-20355 CatalogSyncService      com.fishit.player.v2                 W  Xtream playback hint warning for xtream:series:5538: missing contentType
2026-01-30 13:11:18.888 20331-20413 CatalogSyncService      com.fishit.player.v2                 W  Xtream playback hint warning for xtream:series:5717: missing contentType
2026-01-30 13:11:18.996 20331-20355 CatalogSyncService      com.fishit.player.v2                 W  Xtream playback hint warning for xtream:series:5539: missing contentType
2026-01-30 13:11:19.013 20331-20340 ishit.player.v2         com.fishit.player.v2                 I  Background concurrent copying GC freed 522816(25MB) AllocSpace objects, 0(0B) LOS objects, 27% free, 63MB/87MB, paused 102us,96us total 138.941ms
2026-01-30 13:11:19.122 20331-20355 CatalogSyncService      com.fishit.player.v2                 W  Xtream playback hint warning for xtream:series:5540: missing contentType
2026-01-30 13:11:19.138 20331-20435 CatalogSyncService      com.fishit.player.v2                 W  Xtream playback hint warning for xtream:series:5718: missing contentType
2026-01-30 13:11:19.203 20331-20437 CatalogSyncService      com.fishit.player.v2                 W  Xtream playback hint warning for xtream:series:5332: missing contentType
2026-01-30 13:11:19.317 20331-20437 CatalogSyncService      com.fishit.player.v2                 W  Xtream playback hint warning for xtream:series:5541: missing contentType
2026-01-30 13:11:19.411 20331-20437 CatalogSyncService      com.fishit.player.v2                 W  Xtream playback hint warning for xtream:series:5542: missing contentType
2026-01-30 13:11:19.412 20331-20435 CatalogSyncService      com.fishit.player.v2                 W  Xtream playback hint warning for xtream:series:5719: missing contentType
2026-01-30 13:11:19.563 20331-20437 CatalogSyncService      com.fishit.player.v2                 W  Xtream playback hint warning for xtream:series:5543: missing contentType
2026-01-30 13:11:19.625 20331-20353 CatalogSyncService      com.fishit.player.v2                 W  Xtream playback hint warning for xtream:series:5333: missing contentType
2026-01-30 13:11:19.655 20331-20358 CatalogSyncService      com.fishit.player.v2                 W  Xtream playback hint warning for xtream:series:5720: missing contentType
2026-01-30 13:11:19.693 20331-20437 CatalogSyncService      com.fishit.player.v2                 W  Xtream playback hint warning for xtream:series:5544: missing contentType
2026-01-30 13:11:19.834 20331-20353 CatalogSyncService      com.fishit.player.v2                 W  Xtream playback hint warning for xtream:series:5721: missing contentType
2026-01-30 13:11:19.867 20331-20437 CatalogSyncService      com.fishit.player.v2                 W  Xtream playback hint warning for xtream:series:5545: missing contentType
2026-01-30 13:11:19.889 20331-20437 CatalogSyncService      com.fishit.player.v2                 W  Xtream playback hint warning for xtream:series:5546: missing contentType
2026-01-30 13:11:19.909 20331-20413 CatalogSyncService      com.fishit.player.v2                 W  Xtream playback hint warning for xtream:series:5334: missing contentType
2026-01-30 13:11:19.920 20331-20355 CatalogSyncService      com.fishit.player.v2                 W  Xtream playback hint warning for xtream:series:5722: missing contentType
2026-01-30 13:11:19.930 20331-20437 CatalogSyncService      com.fishit.player.v2                 W  Xtream playback hint warning for xtream:series:5551: missing contentType
2026-01-30 13:11:19.961 20331-20413 CatalogSyncService      com.fishit.player.v2                 W  Xtream playback hint warning for xtream:series:5723: missing contentType
2026-01-30 13:11:19.979 20331-20355 CatalogSyncService      com.fishit.player.v2                 W  Xtream playback hint warning for xtream:series:5552: missing contentType
2026-01-30 13:11:19.985 20331-20355 CatalogSyncService      com.fishit.player.v2                 W  Xtream playback hint warning for xtream:series:5553: missing contentType
2026-01-30 13:11:19.993 20331-20355 CatalogSyncService      com.fishit.player.v2                 W  Xtream playback hint warning for xtream:series:5555: missing contentType
2026-01-30 13:11:20.000 20331-20437 CatalogSyncService      com.fishit.player.v2                 W  Xtream playback hint warning for xtream:series:5336: missing contentType
2026-01-30 13:11:20.014 20331-20358 CatalogSyncService      com.fishit.player.v2                 W  Xtream playback hint warning for xtream:series:5724: missing contentType
2026-01-30 13:11:20.031 20331-20413 CatalogSyncService      com.fishit.player.v2                 W  Xtream playback hint warning for xtream:series:5557: missing contentType
2026-01-30 13:11:20.056 20331-20413 CatalogSyncService      com.fishit.player.v2                 W  Xtream playback hint warning for xtream:series:5558: missing contentType
2026-01-30 13:11:20.104 20331-20421 CatalogSyncService      com.fishit.player.v2                 W  Xtream playback hint warning for xtream:series:5725: missing contentType
2026-01-30 13:11:20.235 20331-20340 ishit.player.v2         com.fishit.player.v2                 I  Background concurrent copying GC freed 600546(28MB) AllocSpace objects, 0(0B) LOS objects, 28% free, 61MB/85MB, paused 183us,57us total 129.304ms
2026-01-30 13:11:20.357 20331-20439 CatalogSyncService      com.fishit.player.v2                 W  Xtream playback hint warning for xtream:series:5726: missing contentType
2026-01-30 13:11:20.381 20331-20435 CatalogSyncService      com.fishit.player.v2                 W  Xtream playback hint warning for xtream:series:5339: missing contentType
2026-01-30 13:11:20.533 20331-20439 CatalogSyncService      com.fishit.player.v2                 W  Xtream playback hint warning for xtream:series:5727: missing contentType
2026-01-30 13:11:20.703 20331-20439 CatalogSyncService      com.fishit.player.v2                 W  Xtream playback hint warning for xtream:series:5728: missing contentType
2026-01-30 13:11:20.913 20331-20401 CatalogSyncService      com.fishit.player.v2                 W  Xtream playback hint warning for xtream:series:5340: missing contentType
2026-01-30 13:11:21.003 20331-20355 CatalogSyncService      com.fishit.player.v2                 W  Xtream playback hint warning for xtream:series:5729: missing contentType
2026-01-30 13:11:21.192 20331-20401 CatalogSyncService      com.fishit.player.v2                 W  Xtream playback hint warning for xtream:series:5344: missing contentType
2026-01-30 13:11:21.219 20331-20355 CatalogSyncService      com.fishit.player.v2                 W  Xtream playback hint warning for xtream:series:5730: missing contentType
2026-01-30 13:11:21.373 20331-20401 CatalogSyncService      com.fishit.player.v2                 W  Xtream playback hint warning for xtream:series:5348: missing contentType
2026-01-30 13:11:21.396 20331-20413 CatalogSyncService      com.fishit.player.v2                 W  Xtream playback hint warning for xtream:series:5563: missing contentType
2026-01-30 13:11:21.398 20331-20340 ishit.player.v2         com.fishit.player.v2                 I  Background concurrent copying GC freed 627579(31MB) AllocSpace objects, 0(0B) LOS objects, 29% free, 56MB/80MB, paused 164us,62us total 110.035ms
2026-01-30 13:11:21.416 20331-20355 CatalogSyncService      com.fishit.player.v2                 W  Xtream playback hint warning for xtream:series:5731: missing contentType
2026-01-30 13:11:21.436 20331-20413 CatalogSyncService      com.fishit.player.v2                 W  Xtream playback hint warning for xtream:series:5564: missing contentType
2026-01-30 13:11:21.463 20331-20413 CatalogSyncService      com.fishit.player.v2                 W  Xtream playback hint warning for xtream:series:5565: missing contentType
2026-01-30 13:11:21.506 20331-20413 CatalogSyncService      com.fishit.player.v2                 W  Xtream playback hint warning for xtream:series:5566: missing contentType
2026-01-30 13:11:21.583 20331-20401 CatalogSyncService      com.fishit.player.v2                 W  Xtream playback hint warning for xtream:series:5349: missing contentType
2026-01-30 13:11:21.587 20331-20413 CatalogSyncService      com.fishit.player.v2                 W  Xtream playback hint warning for xtream:series:5567: missing contentType
2026-01-30 13:11:21.706 20331-20413 CatalogSyncService      com.fishit.player.v2                 W  Xtream playback hint warning for xtream:series:5568: missing contentType
2026-01-30 13:11:21.728 20331-20413 CatalogSyncService      com.fishit.player.v2                 W  Xtream playback hint warning for xtream:series:5569: missing contentType
2026-01-30 13:11:21.816 20331-20413 CatalogSyncService      com.fishit.player.v2                 W  Xtream playback hint warning for xtream:series:5570: missing contentType
2026-01-30 13:11:21.865 20331-20358 CatalogSyncService      com.fishit.player.v2                 W  Xtream playback hint warning for xtream:series:5352: missing contentType
2026-01-30 13:11:21.929 20331-20413 CatalogSyncService      com.fishit.player.v2                 W  Xtream playback hint warning for xtream:series:5571: missing contentType
2026-01-30 13:11:22.056 20331-20413 CatalogSyncService      com.fishit.player.v2                 W  Xtream playback hint warning for xtream:series:5572: missing contentType
2026-01-30 13:11:22.123 20331-20358 CatalogSyncService      com.fishit.player.v2                 W  Xtream playback hint warning for xtream:series:5353: missing contentType
2026-01-30 13:11:22.305 20331-20413 CatalogSyncService      com.fishit.player.v2                 W  Xtream playback hint warning for xtream:series:5573: missing contentType
2026-01-30 13:11:22.398 20331-20413 CatalogSyncService      com.fishit.player.v2                 W  Xtream playback hint warning for xtream:series:5574: missing contentType
2026-01-30 13:11:22.436 20331-20340 ishit.player.v2         com.fishit.player.v2                 I  Background concurrent copying GC freed 466756(23MB) AllocSpace objects, 0(0B) LOS objects, 28% free, 60MB/84MB, paused 135us,142us total 126.964ms
2026-01-30 13:11:22.463 20331-20358 CatalogSyncService      com.fishit.player.v2                 W  Xtream playback hint warning for xtream:series:5356: missing contentType
2026-01-30 13:11:22.568 20331-20439 CatalogSyncService      com.fishit.player.v2                 W  Xtream playback hint warning for xtream:series:5575: missing contentType
2026-01-30 13:11:22.572 20331-20358 CatalogSyncService      com.fishit.player.v2                 W  Xtream playback hint warning for xtream:series:5357: missing contentType
2026-01-30 13:11:22.630 20331-20437 CatalogSyncService      com.fishit.player.v2                 W  Xtream playback hint warning for xtream:series:5732: missing contentType
2026-01-30 13:11:22.665 20331-20413 CatalogSyncService      com.fishit.player.v2                 W  Xtream playback hint warning for xtream:series:5358: missing contentType
2026-01-30 13:11:22.689 20331-20355 CatalogSyncService      com.fishit.player.v2                 W  Xtream playback hint warning for xtream:series:5576: missing contentType
2026-01-30 13:11:22.769 20331-20358 CatalogSyncService      com.fishit.player.v2                 W  Xtream playback hint warning for xtream:series:5359: missing contentType
2026-01-30 13:11:22.772 20331-20421 CatalogSyncService      com.fishit.player.v2                 W  Xtream playback hint warning for xtream:series:5577: missing contentType
2026-01-30 13:11:22.815 20331-20355 CatalogSyncService      com.fishit.player.v2                 W  Xtream playback hint warning for xtream:series:5733: missing contentType
2026-01-30 13:11:22.942 20331-20355 CatalogSyncService      com.fishit.player.v2                 W  Xtream playback hint warning for xtream:series:5578: missing contentType
2026-01-30 13:11:22.963 20331-20437 CatalogSyncService      com.fishit.player.v2                 W  Xtream playback hint warning for xtream:series:5360: missing contentType
2026-01-30 13:11:23.042 20331-20355 CatalogSyncService      com.fishit.player.v2                 W  Xtream playback hint warning for xtream:series:5579: missing contentType
2026-01-30 13:11:23.061 20331-20421 CatalogSyncService      com.fishit.player.v2                 W  Xtream playback hint warning for xtream:series:5734: missing contentType
2026-01-30 13:11:23.187 20331-20355 CatalogSyncService      com.fishit.player.v2                 W  Xtream playback hint warning for xtream:series:5580: missing contentType
2026-01-30 13:11:23.288 20331-20358 CatalogSyncService      com.fishit.player.v2                 W  Xtream playback hint warning for xtream:series:5735: missing contentType
2026-01-30 13:11:23.334 20331-20355 CatalogSyncService      com.fishit.player.v2                 W  Xtream playback hint warning for xtream:series:5581: missing contentType
2026-01-30 13:11:23.411 20331-20437 CatalogSyncService      com.fishit.player.v2                 W  Xtream playback hint warning for xtream:series:5361: missing contentType
2026-01-30 13:11:23.607 20331-20340 ishit.player.v2         com.fishit.player.v2                 I  Background concurrent copying GC freed 622719(31MB) AllocSpace objects, 0(0B) LOS objects, 30% free, 55MB/79MB, paused 74us,103us total 106.718ms
2026-01-30 13:11:23.640 20331-20355 CatalogSyncService      com.fishit.player.v2                 W  Xtream playback hint warning for xtream:series:5582: missing contentType
2026-01-30 13:11:23.663 20331-20401 CatalogSyncService      com.fishit.player.v2                 W  Xtream playback hint warning for xtream:series:5736: missing contentType
2026-01-30 13:11:23.789 20331-20435 CatalogSyncService      com.fishit.player.v2                 W  Xtream playback hint warning for xtream:series:5362: missing contentType
2026-01-30 13:11:24.026 20331-20355 CatalogSyncService      com.fishit.player.v2                 W  Xtream playback hint warning for xtream:series:5364: missing contentType
2026-01-30 13:11:24.030 20331-20413 CatalogSyncService      com.fishit.player.v2                 W  Xtream playback hint warning for xtream:series:5737: missing contentType
2026-01-30 13:11:24.035 20331-20401 CatalogSyncService      com.fishit.player.v2                 W  Xtream playback hint warning for xtream:series:5583: missing contentType
2026-01-30 13:11:24.295 20331-20413 CatalogSyncService      com.fishit.player.v2                 W  Xtream playback hint warning for xtream:series:5738: missing contentType
2026-01-30 13:11:24.355 20331-20352 CatalogSyncService      com.fishit.player.v2                 W  Xtream playback hint warning for xtream:series:5365: missing contentType
2026-01-30 13:11:24.478 20331-20435 CatalogSyncService      com.fishit.player.v2                 W  Xtream playback hint warning for xtream:series:5584: missing contentType
2026-01-30 13:11:24.559 20331-20413 CatalogSyncService      com.fishit.player.v2                 W  Xtream playback hint warning for xtream:series:5739: missing contentType
2026-01-30 13:11:24.639 20331-20401 CatalogSyncService      com.fishit.player.v2                 W  Xtream playback hint warning for xtream:series:5370: missing contentType
2026-01-30 13:11:24.687 20331-20413 CatalogSyncService      com.fishit.player.v2                 W  Xtream playback hint warning for xtream:series:5740: missing contentType
2026-01-30 13:11:24.712 20331-20340 ishit.player.v2         com.fishit.player.v2                 I  Background concurrent copying GC freed 433839(21MB) AllocSpace objects, 0(0B) LOS objects, 28% free, 60MB/84MB, paused 158us,57us total 125.944ms
2026-01-30 13:11:24.810 20331-20437 CatalogSyncService      com.fishit.player.v2                 W  Xtream playback hint warning for xtream:series:5585: missing contentType
2026-01-30 13:11:24.865 20331-20358 CatalogSyncService      com.fishit.player.v2                 W  Xtream playback hint warning for xtream:series:5371: missing contentType
2026-01-30 13:11:25.064 20331-20358 CatalogSyncService      com.fishit.player.v2                 W  Xtream playback hint warning for xtream:series:5372: missing contentType
2026-01-30 13:11:25.124 20331-20413 CatalogSyncService      com.fishit.player.v2                 W  Xtream playback hint warning for xtream:series:5741: missing contentType
2026-01-30 13:11:25.250 20331-20435 CatalogSyncService      com.fishit.player.v2                 W  Xtream playback hint warning for xtream:series:5378: missing contentType
2026-01-30 13:11:25.321 20331-20435 CatalogSyncService      com.fishit.player.v2                 W  Xtream playback hint warning for xtream:series:5380: missing contentType
2026-01-30 13:11:25.323 20331-20421 CatalogSyncService      com.fishit.player.v2                 W  Xtream playback hint warning for xtream:series:5586: missing contentType
2026-01-30 13:11:25.357 20331-20435 CatalogSyncService      com.fishit.player.v2                 W  Xtream playback hint warning for xtream:series:5382: missing contentType
2026-01-30 13:11:25.415 20331-20435 CatalogSyncService      com.fishit.player.v2                 W  Xtream playback hint warning for xtream:series:5384: missing contentType
2026-01-30 13:11:25.444 20331-20437 CatalogSyncService      com.fishit.player.v2                 W  Xtream playback hint warning for xtream:series:5742: missing contentType
2026-01-30 13:11:25.516 20331-20435 CatalogSyncService      com.fishit.player.v2                 W  Xtream playback hint warning for xtream:series:5385: missing contentType
2026-01-30 13:11:25.721 20331-20355 CatalogSyncService      com.fishit.player.v2                 W  Xtream playback hint warning for xtream:series:5743: missing contentType
2026-01-30 13:11:25.845 20331-20435 CatalogSyncService      com.fishit.player.v2                 W  Xtream playback hint warning for xtream:series:5388: missing contentType
2026-01-30 13:11:25.871 20331-20439 CatalogSyncService      com.fishit.player.v2                 W  Xtream playback hint warning for xtream:series:5587: missing contentType
2026-01-30 13:11:25.981 20331-20340 ishit.player.v2         com.fishit.player.v2                 I  Background concurrent copying GC freed 539501(25MB) AllocSpace objects, 0(0B) LOS objects, 27% free, 61MB/85MB, paused 114us,69us total 128.514ms
2026-01-30 13:11:26.007 20331-20355 CatalogSyncService      com.fishit.player.v2                 W  Xtream playback hint warning for xtream:series:5744: missing contentType
2026-01-30 13:11:26.264 20331-20435 CatalogSyncService      com.fishit.player.v2                 W  Xtream playback hint warning for xtream:series:5389: missing contentType
2026-01-30 13:11:26.273 20331-20439 CatalogSyncService      com.fishit.player.v2                 W  Xtream playback hint warning for xtream:series:5745: missing contentType
2026-01-30 13:11:26.297 20331-20355 CatalogSyncService      com.fishit.player.v2                 W  Xtream playback hint warning for xtream:series:5588: missing contentType
2026-01-30 13:11:26.305 20331-20439 CatalogSyncService      com.fishit.player.v2                 W  Xtream playback hint warning for xtream:series:5746: missing contentType
2026-01-30 13:11:26.321 20331-20435 CatalogSyncService      com.fishit.player.v2                 W  Xtream playback hint warning for xtream:series:5391: missing contentType
2026-01-30 13:11:26.333 20331-20355 CatalogSyncService      com.fishit.player.v2                 W  Xtream playback hint warning for xtream:series:5589: missing contentType
2026-01-30 13:11:26.354 20331-20358 CatalogSyncService      com.fishit.player.v2                 W  Xtream playback hint warning for xtream:series:5747: missing contentType
2026-01-30 13:11:26.388 20331-20355 CatalogSyncService      com.fishit.player.v2                 W  Xtream playback hint warning for xtream:series:5590: missing contentType
2026-01-30 13:11:26.398 20331-20355 CatalogSyncService      com.fishit.player.v2                 W  Xtream playback hint warning for xtream:series:5591: missing contentType
2026-01-30 13:11:26.411 20331-20358 CatalogSyncService      com.fishit.player.v2                 W  Xtream playback hint warning for xtream:series:5748: missing contentType
2026-01-30 13:11:26.414 20331-20401 CatalogSyncService      com.fishit.player.v2                 W  Xtream playback hint warning for xtream:series:5396: missing contentType
2026-01-30 13:11:26.430 20331-20355 CatalogSyncService      com.fishit.player.v2                 W  Xtream playback hint warning for xtream:series:5592: missing contentType
2026-01-30 13:11:26.452 20331-20358 CatalogSyncService      com.fishit.player.v2                 W  Xtream playback hint warning for xtream:series:5749: missing contentType
2026-01-30 13:11:26.480 20331-20401 CatalogSyncService      com.fishit.player.v2                 W  Xtream playback hint warning for xtream:series:5398: missing contentType
2026-01-30 13:11:26.503 20331-20387 CatalogSyncService      com.fishit.player.v2                 W  Xtream playback hint warning for xtream:series:5750: missing contentType
2026-01-30 13:11:26.537 20331-20401 CatalogSyncService      com.fishit.player.v2                 W  Xtream playback hint warning for xtream:series:5402: missing contentType
2026-01-30 13:11:26.548 20331-20352 CatalogSyncService      com.fishit.player.v2                 W  Xtream playback hint warning for xtream:series:5751: missing contentType
2026-01-30 13:11:26.582 20331-20352 CatalogSyncService      com.fishit.player.v2                 W  Xtream playback hint warning for xtream:series:5752: missing contentType
2026-01-30 13:11:26.600 20331-20352 CatalogSyncService      com.fishit.player.v2                 W  Xtream playback hint warning for xtream:series:5403: missing contentType
2026-01-30 13:11:26.611 20331-20352 CatalogSyncService      com.fishit.player.v2                 W  Xtream playback hint warning for xtream:series:5593: missing contentType
2026-01-30 13:11:26.667 20331-20353 CatalogSyncService      com.fishit.player.v2                 W  Xtream playback hint warning for xtream:series:5404: missing contentType
2026-01-30 13:11:26.682 20331-20421 CatalogSyncService      com.fishit.player.v2                 W  Xtream playback hint warning for xtream:series:5753: missing contentType
2026-01-30 13:11:26.700 20331-20439 CatalogSyncService      com.fishit.player.v2                 W  Xtream playback hint warning for xtream:series:5594: missing contentType
2026-01-30 13:11:26.733 20331-20358 CatalogSyncService      com.fishit.player.v2                 W  Xtream playback hint warning for xtream:series:5595: missing contentType
2026-01-30 13:11:26.736 20331-20421 CatalogSyncService      com.fishit.player.v2                 W  Xtream playback hint warning for xtream:series:5754: missing contentType
2026-01-30 13:11:26.744 20331-20387 CatalogSyncService      com.fishit.player.v2                 W  Xtream playback hint warning for xtream:series:5405: missing contentType
2026-01-30 13:11:26.783 20331-20387 CatalogSyncService      com.fishit.player.v2                 W  Xtream playback hint warning for xtream:series:5406: missing contentType
2026-01-30 13:11:26.786 20331-20353 CatalogSyncService      com.fishit.player.v2                 W  Xtream playback hint warning for xtream:series:5596: missing contentType
2026-01-30 13:11:26.811 20331-20353 CatalogSyncService      com.fishit.player.v2                 W  Xtream playback hint warning for xtream:series:5599: missing contentType
2026-01-30 13:11:26.833 20331-20387 CatalogSyncService      com.fishit.player.v2                 W  Xtream playback hint warning for xtream:series:5407: missing contentType
2026-01-30 13:11:26.907 20331-20358 CatalogSyncService      com.fishit.player.v2                 W  Xtream playback hint warning for xtream:series:5755: missing contentType
2026-01-30 13:11:26.963 20331-20439 CatalogSyncService      com.fishit.player.v2                 W  Xtream playback hint warning for xtream:series:5600: missing contentType
2026-01-30 13:11:27.124 20331-20331 ViewRootIm...nActivity] com.fishit.player.v2                 I  handleWindowFocusChanged: 0 0 call from android.view.ViewRootImpl.-$$Nest$mhandleWindowFocusChanged:0
2026-01-30 13:11:27.125 20331-20331 ImeFocusController      com.fishit.player.v2                 I  onPreWindowFocus: skipped, hasWindowFocus=false mHasImeFocus=true
2026-01-30 13:11:27.126 20331-20331 ImeFocusController      com.fishit.player.v2                 I  onPostWindowFocus: skipped, hasWindowFocus=false mHasImeFocus=true
2026-01-30 13:11:27.127 20331-20353 CatalogSyncService      com.fishit.player.v2                 W  Xtream playback hint warning for xtream:series:5408: missing contentType
2026-01-30 13:11:27.233 20331-20352 CatalogSyncService      com.fishit.player.v2                 W  Xtream playback hint warning for xtream:series:5601: missing contentType
2026-01-30 13:11:27.265 20331-20331 ViewRootIm...nActivity] com.fishit.player.v2                 I  handleAppVisibility mAppVisible = true visible = false
2026-01-30 13:11:27.277 20331-20331 ViewRootIm...nActivity] com.fishit.player.v2                 I  stopped(true) old = false
2026-01-30 13:11:27.277 20331-20331 ViewRootIm...nActivity] com.fishit.player.v2                 D  WindowStopped on com.fishit.player.v2/com.fishit.player.v2.MainActivity set to true
2026-01-30 13:11:27.277 20331-20361 OpenGLRenderer          com.fishit.player.v2                 D  CacheManager::trimMemory(20)
2026-01-30 13:11:27.314 20331-20387 CatalogSyncService      com.fishit.player.v2                 W  Xtream playback hint warning for xtream:series:5412: missing contentType
2026-01-30 13:11:27.321 20331-20331 ViewRootIm...nActivity] com.fishit.player.v2                 I  destroyHardwareResources: Callers=android.view.ViewRootImpl.performTraversals:3932 android.view.ViewRootImpl.doTraversal:3288 android.view.ViewRootImpl$TraversalRunnable.run:11344 android.view.Choreographer$CallbackRecord.run:1689 android.view.Choreographer$CallbackRecord.run:1698 android.view.Choreographer.doCallbacks:1153 android.view.Choreographer.doFrame:1079 android.view.Choreographer$FrameDisplayEventReceiver.run:1646 android.os.Handler.handleCallback:958 android.os.Handler.dispatchMessage:99
2026-01-30 13:11:27.325 20331-20361 OpenGLRenderer          com.fishit.player.v2                 D  CacheManager::trimMemory(20)
2026-01-30 13:11:27.337 20331-20340 ishit.player.v2         com.fishit.player.v2                 I  Background concurrent copying GC freed 645451(32MB) AllocSpace objects, 0(0B) LOS objects, 29% free, 56MB/80MB, paused 180us,53us total 222.815ms
2026-01-30 13:11:27.353 20331-20331 ViewRootIm...nActivity] com.fishit.player.v2                 I  Relayout returned: old=(0,0,1080,2400) new=(0,0,1080,2400) relayoutAsync=false req=(1080,2400)8 dur=22 res=0x402 s={false 0x0} ch=false seqId=0
2026-01-30 13:11:27.356 20331-20361 OpenGLRenderer          com.fishit.player.v2                 D  CacheManager::trimMemory(20)
2026-01-30 13:11:27.357 20331-20331 WM-SystemJobService     com.fishit.player.v2                 D  onStopJob for WorkGenerationalId(workSpecId=b3f22545-bdcb-42c5-9cb9-dcc7062c8806, generation=0)
2026-01-30 13:11:27.372 20331-20331 InputTransport          com.fishit.player.v2                 D  Input channel destroyed: 'ClientS', fd=134
2026-01-30 13:11:27.382 20331-20437 StreamingJsonParser     com.fishit.player.v2                 W  streamInBatches mapper error #1: Job was cancelled
2026-01-30 13:11:27.385 20331-20358 StreamingJsonParser     com.fishit.player.v2                 W  streamInBatches mapper error #1: Job was cancelled
2026-01-30 13:11:27.416 20331-20387 StreamingJsonParser     com.fishit.player.v2                 W  streamInBatches mapper error #1: Job was cancelled
2026-01-30 13:11:27.420  1438-2832  WindowManager           system_server                        E  win=Window{85d7804 u0 com.fishit.player.v2/com.fishit.player.v2.MainActivity} destroySurfaces: appStopped=true cleanupOnResume=false win.mWindowRemovalAllowed=false win.mRemoveOnExit=false win.mViewVisibility=8 caller=com.android.server.wm.ActivityRecord.destroySurfaces:6949 com.android.server.wm.ActivityRecord.destroySurfaces:6930 com.android.server.wm.ActivityRecord.activityStopped:7630 com.android.server.wm.ActivityClientController.activityStopped:321 android.app.IActivityClientController$Stub.onTransact:702 com.android.server.wm.ActivityClientController.onTransact:186 android.os.Binder.execTransactInternal:1380
2026-01-30 13:11:27.446 20331-20352 NxCatalogWriter         com.fishit.player.v2                 W  Ingest cancelled for: RU: Мужское кино
2026-01-30 13:11:27.447 20331-20352 CatalogSyncService      com.fishit.player.v2                 W  Failed to ingest xtream:live:178478 to NX: Job was cancelled
2026-01-30 13:11:27.448 20331-20352 CatalogSyncService      com.fishit.player.v2                 W  Xtream playback hint warning for xtream:series:5602: missing contentType
2026-01-30 13:11:27.450 20331-20352 NxCatalogWriter         com.fishit.player.v2                 W  Ingest cancelled for: Selling Sunset
2026-01-30 13:11:27.457 20331-20373 WM-Processor            com.fishit.player.v2                 D  WorkerWrapper interrupted for b3f22545-bdcb-42c5-9cb9-dcc7062c8806
2026-01-30 13:11:27.457 20331-20373 WM-StopWorkRunnable     com.fishit.player.v2                 D  StopWorkRunnable for b3f22545-bdcb-42c5-9cb9-dcc7062c8806; Processor.stopWork = true
2026-01-30 13:11:27.459 20331-20373 WM-WorkerWrapper        com.fishit.player.v2                 I  Work [ id=b3f22545-bdcb-42c5-9cb9-dcc7062c8806, tags={ com.fishit.player.v2.work.XtreamCatalogScanWorker,catalog_sync,source_xtream,worker/XtreamCatalogScanWorker } ] was cancelled
                                                                                                    androidx.work.impl.WorkerStoppedException
                                                                                                    	at androidx.work.impl.WorkerWrapper.interrupt(WorkerWrapper.kt:348)
                                                                                                    	at androidx.work.impl.Processor.interrupt(Processor.java:439)
                                                                                                    	at androidx.work.impl.Processor.stopWork(Processor.java:259)
                                                                                                    	at androidx.work.impl.utils.StopWorkRunnable.run(StopWorkRunnable.kt:49)
                                                                                                    	at androidx.work.impl.utils.SerialExecutorImpl$Task.run(SerialExecutorImpl.java:96)
                                                                                                    	at java.util.concurrent.ThreadPoolExecutor.runWorker(ThreadPoolExecutor.java:1145)
                                                                                                    	at java.util.concurrent.ThreadPoolExecutor$Worker.run(ThreadPoolExecutor.java:644)
                                                                                                    	at java.lang.Thread.run(Thread.java:1012)
2026-01-30 13:11:27.465 20331-20413 NxCatalogWriter         com.fishit.player.v2                 W  Ingest cancelled for: RU: Bridge TV Русский Хит
2026-01-30 13:11:27.467 20331-20413 CatalogSyncService      com.fishit.player.v2                 W  Failed to ingest xtream:live:178658 to NX: Job was cancelled
2026-01-30 13:11:27.472 20331-20355 NxCatalogWriter         com.fishit.player.v2                 W  Ingest cancelled for: BE: ELEVEN PRO LEAGUE 3 FHD
2026-01-30 13:11:27.473 20331-20355 CatalogSyncService      com.fishit.player.v2                 W  Failed to ingest xtream:live:99020 to NX: Job was cancelled
2026-01-30 13:11:27.474 20331-20355 CatalogSyncService      com.fishit.player.v2                 W  Xtream playback hint warning for xtream:series:5424: missing contentType
2026-01-30 13:11:27.476 20331-20355 NxCatalogWriter         com.fishit.player.v2                 W  Ingest cancelled for: The Strain
2026-01-30 13:11:27.476 20331-20355 CatalogSyncService      com.fishit.player.v2                 W  Failed to ingest xtream:series:5424 to NX: Job was cancelled
2026-01-30 13:11:27.478 20331-20355 NxCatalogWriter         com.fishit.player.v2                 W  Ingest cancelled for: Hot Seat
2026-01-30 13:11:27.484 20331-20413 NxCatalogWriter         com.fishit.player.v2                 W  Ingest cancelled for: Résistance - Widerstand
2026-01-30 13:11:27.484 20331-20352 CatalogSyncService      com.fishit.player.v2                 W  Failed to ingest xtream:series:5602 to NX: Job was cancelled
2026-01-30 13:11:27.487 20331-20413 CatalogSyncService      com.fishit.player.v2                 W  Failed to ingest xtream:vod:384265 to NX: Job was cancelled
2026-01-30 13:11:27.490 20331-20352 NxCatalogWriter         com.fishit.player.v2                 W  Ingest cancelled for: RU: Родное кино
2026-01-30 13:11:27.491 20331-20352 CatalogSyncService      com.fishit.player.v2                 W  Failed to ingest xtream:live:178479 to NX: Job was cancelled
2026-01-30 13:11:27.494 20331-20373 WM-WorkerWrapper        com.fishit.player.v2                 D  Status for b3f22545-bdcb-42c5-9cb9-dcc7062c8806 is RUNNING; not doing any work and rescheduling for later execution
2026-01-30 13:11:27.498 20331-20331 WM-Processor            com.fishit.player.v2                 D  Processor b3f22545-bdcb-42c5-9cb9-dcc7062c8806 executed; reschedule = true
2026-01-30 13:11:27.503 20331-20413 CatalogSyncService      com.fishit.player.v2                 W  Xtream playback hint warning for xtream:series:5756: missing contentType
2026-01-30 13:11:27.507 20331-20413 NxCatalogWriter         com.fishit.player.v2                 W  Ingest cancelled for: Der Palast
2026-01-30 13:11:27.510 20331-20413 CatalogSyncService      com.fishit.player.v2                 W  Failed to ingest xtream:series:5756 to NX: Job was cancelled
2026-01-30 13:11:27.517 20331-20352 NxCatalogWriter         com.fishit.player.v2                 W  Ingest cancelled for: RU: Русский иллюзион
2026-01-30 13:11:27.518 20331-20352 CatalogSyncService      com.fishit.player.v2                 W  Failed to ingest xtream:live:178480 to NX: Job was cancelled
2026-01-30 13:11:27.519 20331-20352 CatalogSyncService      com.fishit.player.v2                 W  Xtream playback hint warning for xtream:series:5603: missing contentType
2026-01-30 13:11:27.523 20331-20355 CatalogSyncService      com.fishit.player.v2                 W  Failed to ingest xtream:vod:383924 to NX: Job was cancelled
2026-01-30 13:11:27.523 20331-20413 NxCatalogWriter         com.fishit.player.v2                 W  Ingest cancelled for: RU: Mezzo Live FHD
2026-01-30 13:11:27.524 20331-20413 CatalogSyncService      com.fishit.player.v2                 W  Failed to ingest xtream:live:178659 to NX: Job was cancelled
2026-01-30 13:11:27.525 20331-20355 NxCatalogWriter         com.fishit.player.v2                 W  Ingest cancelled for: BE: ELEVEN SPORT 1 BE
2026-01-30 13:11:27.526 20331-20355 CatalogSyncService      com.fishit.player.v2                 W  Failed to ingest xtream:live:99021 to NX: Job was cancelled
2026-01-30 13:11:27.526 20331-20352 NxCatalogWriter         com.fishit.player.v2                 W  Ingest cancelled for: Sick Note
2026-01-30 13:11:27.527 20331-20352 CatalogSyncService      com.fishit.player.v2                 W  Failed to ingest xtream:series:5603 to NX: Job was cancelled
2026-01-30 13:11:27.529 20331-20352 NxCatalogWriter         com.fishit.player.v2                 W  Ingest cancelled for: RU: Русский роман
2026-01-30 13:11:27.530 20331-20352 CatalogSyncService      com.fishit.player.v2                 W  Failed to ingest xtream:live:178481 to NX: Job was cancelled
2026-01-30 13:11:27.537 20331-20413 NxCatalogWriter         com.fishit.player.v2                 W  Ingest cancelled for: Rheingold
2026-01-30 13:11:27.538 20331-20413 CatalogSyncService      com.fishit.player.v2                 W  Failed to ingest xtream:vod:384266 to NX: Job was cancelled
2026-01-30 13:11:27.540 20331-20355 NxCatalogWriter         com.fishit.player.v2                 W  Ingest cancelled for: Ich trau mich 100-mal
2026-01-30 13:11:27.541 20331-20355 CatalogSyncService      com.fishit.player.v2                 W  Failed to ingest xtream:vod:383926 to NX: Job was cancelled
2026-01-30 13:11:27.551 20331-20413 NxCatalogWriter         com.fishit.player.v2                 W  Ingest cancelled for: Rimini
2026-01-30 13:11:27.552 20331-20413 CatalogSyncService      com.fishit.player.v2                 W  Failed to ingest xtream:vod:384267 to NX: Job was cancelled
2026-01-30 13:11:27.553 20331-20413 NxCatalogWriter         com.fishit.player.v2                 W  Ingest cancelled for: Risiken & Nebenwirkungen
2026-01-30 13:11:27.555 20331-20355 NxCatalogWriter         com.fishit.player.v2                 W  Ingest cancelled for: Im Westen nichts Neues
2026-01-30 13:11:27.557 20331-20355 CatalogSyncService      com.fishit.player.v2                 W  Failed to ingest xtream:vod:383928 to NX: Job was cancelled
2026-01-30 13:11:27.557 20331-20352 CatalogSyncService      com.fishit.player.v2                 W  Xtream playback hint warning for xtream:series:5604: missing contentType
2026-01-30 13:11:27.558 20331-20373 WM-GreedyScheduler      com.fishit.player.v2                 D  Cancelling work ID b3f22545-bdcb-42c5-9cb9-dcc7062c8806
