2026-01-28 14:44:01.261  8837-8837  PlaybackSourceResolver  com.fishit.player.v2                 E  No factory and no valid URI for UNKNOWN
2026-01-28 14:44:01.262  8837-8837  InternalPlayerSession   com.fishit.player.v2                 E  Failed to resolve source
                                                                                                    com.fishit.player.playback.domain.PlaybackSourceException: No playback source available for UNKNOWN. Please ensure the source is configured correctly.
                                                                                                    	at com.fishit.player.internal.source.PlaybackSourceResolver.resolveFallback(PlaybackSourceResolver.kt:113)
                                                                                                    	at com.fishit.player.internal.source.PlaybackSourceResolver.resolve(PlaybackSourceResolver.kt:81)
                                                                                                    	at com.fishit.player.internal.session.InternalPlayerSession$initialize$4.invokeSuspend(InternalPlayerSession.kt:226)
                                                                                                    	at kotlin.coroutines.jvm.internal.BaseContinuationImpl.resumeWith(ContinuationImpl.kt:34)
                                                                                                    	at kotlinx.coroutines.DispatchedTask.run(DispatchedTask.kt:100)
                                                                                                    	at android.os.Handler.handleCallback(Handler.java:958)
                                                                                                    	at android.os.Handler.dispatchMessage(Handler.java:99)
                                                                                                    	at android.os.Looper.loopOnce(Looper.java:230)
                                                                                                    	at android.os.Looper.loop(Looper.java:319)
                                                                                                    	at android.app.ActivityThread.main(ActivityThread.java:8919)
                                                                                                    	at java.lang.reflect.Method.invoke(Native Method)
                                                                                                    	at com.android.internal.os.RuntimeInit$MethodAndArgsCaller.run(RuntimeInit.java:578)
                                                                                                    	at com.android.internal.os.ZygoteInit.main(ZygoteInit.java:1103)
2026-01-28 14:44:01.264  8837-8837  InternalPlayerEntryImpl com.fishit.player.v2                 D  Playback started: series:1918-1939-krieg-der-tr-ume:1918
2026-01-28 14:44:01.265  8837-8837  PlayerUiViewModel       com.fishit.player.v2                 D  player.ui.start.succeeded: canonicalId=series:1918-1939-krieg-der-tr-ume:1918
2026-01-28 14:44:03.432  8837-8837  ViewRootIm...nActivity] com.fishit.player.v2                 I  ViewPostIme pointer 0
2026-01-28 14:44:03.498  8837-8837  ViewRootIm...nActivity] com.fishit.player.v2                 I  ViewPostIme pointer 1
2026-01-28 14:44:03.757  8837-8837  DetailEnrichment        com.fishit.player.v2                 D  enrichIfNeeded: skipped (no enrichment path) canonicalId=series:1918-1939-krieg-der-tr-ume:1918 hasXtream=false
2026-01-28 14:44:03.758  8837-8837  DetailEnrichment        com.fishit.player.v2                 D  enrichIfNeeded: skipped (no enrichment path) canonicalId=series:1918-1939-krieg-der-tr-ume:1918 hasXtream=false
2026-01-28 14:44:03.758  8837-8837  UnifiedDetailVM         com.fishit.player.v2                 D  Series canonical ID has no numeric ID: series:1918-1939-krieg-der-tr-ume:1918 (expected when no Xtream source exists)
2026-01-28 14:44:03.758  8837-8837  UnifiedDetailVM         com.fishit.player.v2                 W  Cannot load series details: unable to extract series ID from series:1918-1939-krieg-der-tr-ume:1918
2026-01-28 14:44:03.839  8837-9354  CatalogSyncService      com.fishit.player.v2                 D  Xtream batch complete (HOT PATH/NX): ingested=200 total_ms=4297
2026-01-28 14:44:03.840  8837-9354  SyncPerfMetrics         com.fishit.player.v2                 D  Phase SERIES started
2026-01-28 14:44:03.841  8837-9354  XtreamCatalogScanWorker com.fishit.player.v2                 D  PROGRESS discovered=4643 persisted=4047 phase=SERIES
2026-01-28 14:44:03.850  8837-9354  XtreamCatalogScanWorker com.fishit.player.v2                 D  PROGRESS discovered=4700 persisted=4047 phase=null
2026-01-28 14:44:03.852  8837-9297  XTC                     com.fishit.player.v2                 D  [SERIES] DTO→Raw #1750 | id=xtream:series:4577 | title="Shantaram" | sourceType=XTREAM | Fields: ✓[plot(534c), cast, poster] ✗[year, director, backdrop, duration, tmdb]
2026-01-28 14:44:03.853  8837-9308  XTC                     com.fishit.player.v2                 D  [VOD] DTO→Raw #1500 | id=xtream:vod:728107 | title="My Name Is Loh Kiwan | 2024 | 6.0 |" | sourceType=XTREAM | Fields: ✓[year=2024, poster] ✗[plot, cast, director, backdrop, duration, tmdb]
2026-01-28 14:44:03.856  8837-9354  SyncPerfMetrics         com.fishit.player.v2                 D  Phase MOVIES started
2026-01-28 14:44:03.856  8837-9354  XtreamCatalogScanWorker com.fishit.player.v2                 D  PROGRESS discovered=4763 persisted=4047 phase=VOD
2026-01-28 14:44:03.859  8837-9308  StreamingJsonParser     com.fishit.player.v2                 W  streamInBatches mapper error #1: timeout
2026-01-28 14:44:03.865  8837-9309  XtreamCatalogScanWorker com.fishit.player.v2                 D  PROGRESS discovered=4800 persisted=4047 phase=null
2026-01-28 14:44:03.866  8837-9308  XtreamApiClient         com.fishit.player.v2                 D  buildPlayerApiUrl: action=get_movie_streams -> konigtv.com/player_api.php
2026-01-28 14:44:03.879  8837-9538  TrafficStats            com.fishit.player.v2                 D  tagSocket(132) with statsTag=0xffffffff, statsUid=-1
2026-01-28 14:44:03.879  8837-9297  XTC                     com.fishit.player.v2                 D  [SERIES] DTO→Raw #1800 | id=xtream:series:4656 | title="Truth Be Told - Der Wahrheit auf der Spu" | sourceType=XTREAM | Fields: ✓[plot(277c), cast, poster] ✗[year, director, backdrop, duration, tmdb]
2026-01-28 14:44:03.881  8837-9488  SyncPerfMetrics         com.fishit.player.v2                 D  Phase SERIES started
2026-01-28 14:44:03.881  8837-9488  XtreamCatalogScanWorker com.fishit.player.v2                 D  PROGRESS discovered=4842 persisted=4047 phase=SERIES
2026-01-28 14:44:03.884  8837-9359  XTC                     com.fishit.player.v2                 D  [LIVE] DTO→Raw #1550 | id=xtream:live:71808 | title="DE: Deluxe Music HEVC" | sourceType=XTREAM | Fields: ✓[poster] ✗[year, plot, cast, director, backdrop, duration, tmdb]
2026-01-28 14:44:03.900  8837-9353  XtreamCatalogScanWorker com.fishit.player.v2                 D  PROGRESS discovered=4900 persisted=4047 phase=null
2026-01-28 14:44:03.905  8837-9359  XTC                     com.fishit.player.v2                 D  [LIVE] DTO→Raw #1600 | id=xtream:live:49200 | title="DE: Pro 7 Maxx FHD" | sourceType=XTREAM | Fields: ✓[poster] ✗[year, plot, cast, director, backdrop, duration, tmdb]
2026-01-28 14:44:03.906  8837-9354  SyncPerfMetrics         com.fishit.player.v2                 D  Phase LIVE started
2026-01-28 14:44:03.906  8837-9354  XtreamCatalogScanWorker com.fishit.player.v2                 D  PROGRESS discovered=4925 persisted=4047 phase=LIVE
2026-01-28 14:44:03.923  8837-9359  XTC                     com.fishit.player.v2                 D  [LIVE] DTO→Raw #1650 | id=xtream:live:361561 | title="DE: NDR Hamburg" | sourceType=XTREAM | Fields: ✓[poster] ✗[year, plot, cast, director, backdrop, duration, tmdb]
2026-01-28 14:44:03.927  8837-9361  XtreamCatalogScanWorker com.fishit.player.v2                 D  PROGRESS discovered=5000 persisted=4047 phase=null
2026-01-28 14:44:03.929  8837-9297  XTC                     com.fishit.player.v2                 D  [SERIES] DTO→Raw #1850 | id=xtream:series:4755 | title="The Great Game" | sourceType=XTREAM | Fields: ✓[plot(321c), cast, poster] ✗[year, director, backdrop, duration, tmdb]
2026-01-28 14:44:03.938  8837-9359  XTC                     com.fishit.player.v2                 D  [LIVE] DTO→Raw #1700 | id=xtream:live:197779 | title="DE: QVC STYLE TV" | sourceType=XTREAM | Fields: ✓[poster] ✗[year, plot, cast, director, backdrop, duration, tmdb]
2026-01-28 14:44:03.939  8837-9361  SyncPerfMetrics         com.fishit.player.v2                 D  Phase LIVE started
2026-01-28 14:44:03.941  8837-9361  XtreamCatalogScanWorker com.fishit.player.v2                 D  PROGRESS discovered=5058 persisted=4047 phase=LIVE
2026-01-28 14:44:03.949  8837-9361  XtreamCatalogScanWorker com.fishit.player.v2                 D  PROGRESS discovered=5100 persisted=4047 phase=null
2026-01-28 14:44:03.955  8837-9297  XTC                     com.fishit.player.v2                 D  [SERIES] DTO→Raw #1900 | id=xtream:series:4854 | title="Last X-mas - 24 Tage für die Liebe" | sourceType=XTREAM | Fields: ✓[plot(632c), cast, poster] ✗[year, director, backdrop, duration, tmdb]
2026-01-28 14:44:03.956  8837-9361  SyncBatchManager        com.fishit.player.v2                 D  Flushing SERIES batch: 200 items (timeBased=false)
2026-01-28 14:44:03.957  8837-9361  CatalogSyncService      com.fishit.player.v2                 D  Persisting Xtream catalog batch (NX-ONLY): 200 items (canonical_linking=false)
2026-01-28 14:44:04.103  8837-9308  XtreamApiClient         com.fishit.player.v2                 D  StreamingFetch: Success for konigtv.com/player_api.php, streaming response
2026-01-28 14:44:04.109  8837-9308  XtreamApiClient         com.fishit.player.v2                 D  StreamBatch: 0 items in 0 batches (5ms)
2026-01-28 14:44:04.118  8837-9308  XtreamApiClient         com.fishit.player.v2                 D  buildPlayerApiUrl: action=get_movies_streams -> konigtv.com/player_api.php
2026-01-28 14:44:04.269  8837-9359  CatalogSyncService      com.fishit.player.v2                 D  Xtream live batch complete (NX): ingested=187 total_ms=5128
2026-01-28 14:44:04.269  8837-9359  CatalogSyncService      com.fishit.player.v2                 D  Time-based flush LIVE: 187 items in 5128ms
2026-01-28 14:44:04.269  8837-9359  SyncBatchManager        com.fishit.player.v2                 D  Time-based flush for MOVIES: 382 items after 8266ms
2026-01-28 14:44:04.270  8837-9359  SyncBatchManager        com.fishit.player.v2                 D  Flushing MOVIES batch: 382 items (timeBased=true)
2026-01-28 14:44:04.270  8837-9359  CatalogSyncService      com.fishit.player.v2                 D  Persisting Xtream catalog batch (NX-ONLY): 382 items (canonical_linking=false)
2026-01-28 14:44:04.293  8837-9308  XtreamApiClient         com.fishit.player.v2                 D  StreamingFetch: Success for konigtv.com/player_api.php, streaming response
2026-01-28 14:44:04.294  8837-9308  XtreamApiClient         com.fishit.player.v2                 D  StreamBatch: 0 items in 0 batches (1ms)
2026-01-28 14:44:04.296  8837-9308  XtreamApiClient         com.fishit.player.v2                 D  buildPlayerApiUrl: action=get_vod_streams -> konigtv.com/player_api.php
2026-01-28 14:44:04.332  8837-8837  ViewRootIm...nActivity] com.fishit.player.v2                 I  ViewPostIme pointer 0
2026-01-28 14:44:04.408  8837-8837  ViewRootIm...nActivity] com.fishit.player.v2                 I  ViewPostIme pointer 1
2026-01-28 14:44:05.594  8837-9308  XtreamApiClient         com.fishit.player.v2                 D  StreamingFetch: Success for konigtv.com/player_api.php, streaming response
2026-01-28 14:44:05.908  8837-8837  ViewRootIm...nActivity] com.fishit.player.v2                 I  ViewPostIme pointer 0
2026-01-28 14:44:06.117  8837-9501  TrafficStats            com.fishit.player.v2                 D  tagSocket(133) with statsTag=0xffffffff, statsUid=-1
2026-01-28 14:44:06.117  8837-9538  TrafficStats            com.fishit.player.v2                 D  tagSocket(154) with statsTag=0xffffffff, statsUid=-1
2026-01-28 14:44:06.326  8837-8837  ViewRootIm...nActivity] com.fishit.player.v2                 I  ViewPostIme pointer 1
2026-01-28 14:44:06.888  8837-8837  ViewRootIm...nActivity] com.fishit.player.v2                 I  ViewPostIme pointer 0
2026-01-28 14:44:06.926  8837-8837  ViewRootIm...nActivity] com.fishit.player.v2                 I  ViewPostIme pointer 1
2026-01-28 14:44:06.945  8837-8837  WindowOnBackDispatcher  com.fishit.player.v2                 W  OnBackInvokedCallback is not enabled for the application.
                                                                                                    Set 'android:enableOnBackInvokedCallback="true"' in the application manifest.
2026-01-28 14:44:07.120  8837-8837  DetailEnrichment        com.fishit.player.v2                 D  enrichIfNeeded: skipped (no enrichment path) canonicalId=movie:10dance:2025 hasXtream=false
2026-01-28 14:44:07.121  8837-8837  DetailEnrichment        com.fishit.player.v2                 D  enrichIfNeeded: skipped (no enrichment path) canonicalId=movie:10dance:2025 hasXtream=false
2026-01-28 14:44:08.035  8837-8837  ViewRootIm...nActivity] com.fishit.player.v2                 I  ViewPostIme pointer 0
2026-01-28 14:44:08.108  8837-8837  ViewRootIm...nActivity] com.fishit.player.v2                 I  ViewPostIme pointer 1
2026-01-28 14:44:08.110  8837-8837  UnifiedDetailVM         com.fishit.player.v2                 D  play: canonicalId=movie:10dance:2025 sourceKey=src:xtream:xtream:Xtream VOD:vod:xtream:vod:800989 missingHints=[]
2026-01-28 14:44:08.168  8837-8837  PlayerNavViewModel      com.fishit.player.v2                 D  Using pending playback: movie:10dance:2025
2026-01-28 14:44:08.206  8837-8837  PlayerUiViewModel       com.fishit.player.v2                 D  player.ui.start.requested: canonicalId=movie:10dance:2025
2026-01-28 14:44:08.206  8837-8837  InternalPlayerEntryImpl com.fishit.player.v2                 D  Starting playback: movie:10dance:2025
2026-01-28 14:44:08.207  8837-8837  InternalPlayerEntryImpl com.fishit.player.v2                 D  Stopping previous session
2026-01-28 14:44:08.208  8837-8837  SubtitleTrackManager    com.fishit.player.v2                 D  Detached from player
2026-01-28 14:44:08.208  8837-8837  AudioTrackManager       com.fishit.player.v2                 D  Detached from player
2026-01-28 14:44:08.209  8837-8837  SubtitleTrackManager    com.fishit.player.v2                 D  Detached from player
2026-01-28 14:44:08.209  8837-8837  AudioTrackManager       com.fishit.player.v2                 D  Detached from player
2026-01-28 14:44:08.209  8837-8837  InternalPlayerSession   com.fishit.player.v2                 D  Initializing playback: movie:10dance:2025
2026-01-28 14:44:08.232  8837-8837  PlaybackSourceResolver  com.fishit.player.v2                 D  Resolving source for: movie:10dance:2025 (UNKNOWN)
2026-01-28 14:44:08.233  8837-8837  PlaybackSourceResolver  com.fishit.player.v2                 E  No factory and no valid URI for UNKNOWN
2026-01-28 14:44:08.234  8837-8837  InternalPlayerSession   com.fishit.player.v2                 E  Failed to resolve source
                                                                                                    com.fishit.player.playback.domain.PlaybackSourceException: No playback source available for UNKNOWN. Please ensure the source is configured correctly.
                                                                                                    	at com.fishit.player.internal.source.PlaybackSourceResolver.resolveFallback(PlaybackSourceResolver.kt:113)
                                                                                                    	at com.fishit.player.internal.source.PlaybackSourceResolver.resolve(PlaybackSourceResolver.kt:81)
                                                                                                    	at com.fishit.player.internal.session.InternalPlayerSession$initialize$4.invokeSuspend(InternalPlayerSession.kt:226)
                                                                                                    	at kotlin.coroutines.jvm.internal.BaseContinuationImpl.resumeWith(ContinuationImpl.kt:34)
                                                                                                    	at kotlinx.coroutines.DispatchedTask.run(DispatchedTask.kt:100)
                                                                                                    	at android.os.Handler.handleCallback(Handler.java:958)
                                                                                                    	at android.os.Handler.dispatchMessage(Handler.java:99)
                                                                                                    	at android.os.Looper.loopOnce(Looper.java:230)
                                                                                                    	at android.os.Looper.loop(Looper.java:319)
                                                                                                    	at android.app.ActivityThread.main(ActivityThread.java:8919)
                                                                                                    	at java.lang.reflect.Method.invoke(Native Method)
                                                                                                    	at com.android.internal.os.RuntimeInit$MethodAndArgsCaller.run(RuntimeInit.java:578)
                                                                                                    	at com.android.internal.os.ZygoteInit.main(ZygoteInit.java:1103)
2026-01-28 14:44:08.235  8837-8837  InternalPlayerEntryImpl com.fishit.player.v2                 D  Playback started: movie:10dance:2025
2026-01-28 14:44:08.235  8837-8837  PlayerUiViewModel       com.fishit.player.v2                 D  player.ui.start.succeeded: canonicalId=movie:10dance:2025
2026-01-28 14:44:11.581  8837-9309  CatalogSyncService      com.fishit.player.v2                 D  Xtream batch complete (HOT PATH/NX): ingested=200 total_ms=7624
2026-01-28 14:44:11.581  8837-9309  SyncPerfMetrics         com.fishit.player.v2                 D  Phase SERIES started
2026-01-28 14:44:11.582  8837-9309  XtreamCatalogScanWorker com.fishit.player.v2                 D  PROGRESS discovered=5130 persisted=4434 phase=SERIES
2026-01-28 14:44:11.584  8837-9297  XTC                     com.fishit.player.v2                 D  [LIVE] DTO→Raw #1750 | id=xtream:live:67411 | title="DE: Bndliga 7 SD" | sourceType=XTREAM | Fields: ✓[poster] ✗[year, plot, cast, director, backdrop, duration, tmdb]
2026-01-28 14:44:11.584  8837-9353  XTC                     com.fishit.player.v2                 D  [SERIES] DTO→Raw #1950 | id=xtream:series:4952 | title="Vienna Blood" | sourceType=XTREAM | Fields: ✓[plot(715c), cast, poster] ✗[year, director, backdrop, duration, tmdb]
2026-01-28 14:44:11.585  8837-9309  XtreamCatalogScanWorker com.fishit.player.v2                 D  PROGRESS discovered=5200 persisted=4434 phase=null
2026-01-28 14:44:11.598  8837-9308  XtreamCatalogScanWorker com.fishit.player.v2                 D  PROGRESS discovered=5300 persisted=4434 phase=null
2026-01-28 14:44:11.601  8837-9353  XTC                     com.fishit.player.v2                 D  [SERIES] DTO→Raw #2000 | id=xtream:series:5054 | title="Planet Sex mit Cara Delevingne" | sourceType=XTREAM | Fields: ✓[plot(231c), cast, poster] ✗[year, director, backdrop, duration, tmdb]
2026-01-28 14:44:11.601  8837-9308  SyncPerfMetrics         com.fishit.player.v2                 D  Phase SERIES started
2026-01-28 14:44:11.602  8837-9308  XtreamCatalogScanWorker com.fishit.player.v2                 D  PROGRESS discovered=5319 persisted=4434 phase=SERIES
2026-01-28 14:44:11.602  8837-9353  StreamingJsonParser     com.fishit.player.v2                 W  streamInBatches mapper error #1: timeout
2026-01-28 14:44:11.604  8837-9297  XTC                     com.fishit.player.v2                 D  [LIVE] DTO→Raw #1800 | id=xtream:live:354423 | title="DE: Bundesliga Tivibu 2 (Türkisch)" | sourceType=XTREAM | Fields: ✓[poster] ✗[year, plot, cast, director, backdrop, duration, tmdb]
2026-01-28 14:44:11.605  8837-9491  SyncPerfMetrics         com.fishit.player.v2                 D  Phase LIVE started
2026-01-28 14:44:11.607  8837-9491  XtreamCatalogScanWorker com.fishit.player.v2                 D  PROGRESS discovered=5336 persisted=4434 phase=LIVE
2026-01-28 14:44:11.608  8837-9359  XTC                     com.fishit.player.v2                 D  [VOD] DTO→Raw #1550 | id=xtream:vod:801981 | title="Anaconda | 2025 | 6.7" | sourceType=XTREAM | Fields: ✓[year=2025, poster] ✗[plot, cast, director, backdrop, duration, tmdb]
2026-01-28 14:44:11.610  8837-9353  XtreamApiClient         com.fishit.player.v2                 D  buildPlayerApiUrl: action=get_series -> konigtv.com/player_api.php
2026-01-28 14:44:11.617  8837-9491  XtreamCatalogScanWorker com.fishit.player.v2                 D  PROGRESS discovered=5400 persisted=4434 phase=null
2026-01-28 14:44:11.620  8837-9359  XTC                     com.fishit.player.v2                 D  [VOD] DTO→Raw #1600 | id=xtream:vod:800634 | title="Whiteout - Überleben ist alles | 2025 | " | sourceType=XTREAM | Fields: ✓[year=2025, poster] ✗[plot, cast, director, backdrop, duration, tmdb]
2026-01-28 14:44:11.625  8837-9359  XTC                     com.fishit.player.v2                 D  [LIVE] DTO→Raw #1850 | id=xtream:live:181819 | title="MyTeam TV - 7" | sourceType=XTREAM | Fields: ✓[poster] ✗[year, plot, cast, director, backdrop, duration, tmdb]
2026-01-28 14:44:11.626  8837-9754  TrafficStats            com.fishit.player.v2                 D  tagSocket(147) with statsTag=0xffffffff, statsUid=-1
2026-01-28 14:44:11.626  8837-9491  SyncPerfMetrics         com.fishit.player.v2                 D  Phase MOVIES started
2026-01-28 14:44:11.626  8837-9491  XtreamCatalogScanWorker com.fishit.player.v2                 D  PROGRESS discovered=5440 persisted=4434 phase=VOD
2026-01-28 14:44:11.634  8837-9308  XtreamCatalogScanWorker com.fishit.player.v2                 D  PROGRESS discovered=5500 persisted=4434 phase=null
2026-01-28 14:44:11.645  8837-9359  XTC                     com.fishit.player.v2                 D  [LIVE] DTO→Raw #1900 | id=xtream:live:795605 | title="DE: DEL2 EVENT 16" | sourceType=XTREAM | Fields: ✓[poster] ✗[year, plot, cast, director, backdrop, duration, tmdb]
2026-01-28 14:44:11.645  8837-9355  XTC                     com.fishit.player.v2                 D  [VOD] DTO→Raw #1650 | id=xtream:vod:798830 | title="825 Forest Road | 2025 | 5.9 |" | sourceType=XTREAM | Fields: ✓[year=2025, poster] ✗[plot, cast, director, backdrop, duration, tmdb]
2026-01-28 14:44:11.647  8837-9309  SyncPerfMetrics         com.fishit.player.v2                 D  Phase LIVE started
2026-01-28 14:44:11.648  8837-9309  XtreamCatalogScanWorker com.fishit.player.v2                 D  PROGRESS discovered=5549 persisted=4434 phase=LIVE
2026-01-28 14:44:11.657  8837-9488  XtreamCatalogScanWorker com.fishit.player.v2                 D  PROGRESS discovered=5600 persisted=4434 phase=null
2026-01-28 14:44:11.664  8837-9359  XTC                     com.fishit.player.v2                 D  [LIVE] DTO→Raw #1950 | id=xtream:live:792958 | title="DE: RTL+ SPORT EVENT 17" | sourceType=XTREAM | Fields: ✓[poster] ✗[year, plot, cast, director, backdrop, duration, tmdb]
2026-01-28 14:44:11.667  8837-9355  XTC                     com.fishit.player.v2                 D  [VOD] DTO→Raw #1700 | id=xtream:vod:797304 | title="Frankenstein | 2025 | 7.9 |" | sourceType=XTREAM | Fields: ✓[year=2025, poster] ✗[plot, cast, director, backdrop, duration, tmdb]
2026-01-28 14:44:11.676  8837-9488  SyncPerfMetrics         com.fishit.player.v2                 D  Phase MOVIES started
2026-01-28 14:44:11.676  8837-9488  XtreamCatalogScanWorker com.fishit.player.v2                 D  PROGRESS discovered=5656 persisted=4434 phase=VOD
2026-01-28 14:44:11.682  8837-9355  XTC                     com.fishit.player.v2                 D  [VOD] DTO→Raw #1750 | id=xtream:vod:794087 | title="Jenseits der blauen Grenze | 2024 | 6.4 " | sourceType=XTREAM | Fields: ✓[year=2024, poster] ✗[plot, cast, director, backdrop, duration, tmdb]
2026-01-28 14:44:11.683  8837-9359  XtreamCatalogScanWorker com.fishit.player.v2                 D  PROGRESS discovered=5700 persisted=4434 phase=null
2026-01-28 14:44:11.687  8837-9488  XTC                     com.fishit.player.v2                 D  [LIVE] DTO→Raw #2000 | id=xtream:live:797354 | title="DE: DAZN EVENT 26 HD" | sourceType=XTREAM | Fields: ✓[poster] ✗[year, plot, cast, director, backdrop, duration, tmdb]
2026-01-28 14:44:11.688  8837-9297  SyncPerfMetrics         com.fishit.player.v2                 D  Phase LIVE started
2026-01-28 14:44:11.688  8837-9297  XtreamCatalogScanWorker com.fishit.player.v2                 D  PROGRESS discovered=5756 persisted=4434 phase=LIVE
2026-01-28 14:44:11.704  8837-9355  XTC                     com.fishit.player.v2                 D  [VOD] DTO→Raw #1800 | id=xtream:vod:791360 | title="All of You | 2025 | 6.5 |" | sourceType=XTREAM | Fields: ✓[year=2025, poster] ✗[plot, cast, director, backdrop, duration, tmdb]
2026-01-28 14:44:11.705  8837-9297  XtreamCatalogScanWorker com.fishit.player.v2                 D  PROGRESS discovered=5800 persisted=4434 phase=null
2026-01-28 14:44:11.705  8837-9297  SyncPerfMetrics         com.fishit.player.v2                 D  Phase MOVIES started
2026-01-28 14:44:11.705  8837-9297  XtreamCatalogScanWorker com.fishit.player.v2                 D  PROGRESS discovered=5800 persisted=4434 phase=VOD
2026-01-28 14:44:11.714  8837-9355  XTC                     com.fishit.player.v2                 D  [VOD] DTO→Raw #1850 | id=xtream:vod:788976 | title="Was ist Liebe wert - Materialists | 2025" | sourceType=XTREAM | Fields: ✓[year=2025, poster] ✗[plot, cast, director, backdrop, duration, tmdb]
2026-01-28 14:44:11.722  8837-9355  XTC                     com.fishit.player.v2                 D  [VOD] DTO→Raw #1900 | id=xtream:vod:786362 | title="Checkmates - Ziemlich schräge Figuren | " | sourceType=XTREAM | Fields: ✓[year=2024, poster] ✗[plot, cast, director, backdrop, duration, tmdb]
2026-01-28 14:44:11.723  8837-9491  SyncBatchManager        com.fishit.player.v2                 D  Flushing MOVIES batch: 400 items (timeBased=false)
2026-01-28 14:44:11.724  8837-9491  CatalogSyncService      com.fishit.player.v2                 D  Persisting Xtream catalog batch (NX-ONLY): 400 items (canonical_linking=false)
2026-01-28 14:44:11.730  8837-9355  XTC                     com.fishit.player.v2                 D  [VOD] DTO→Raw #1950 | id=xtream:vod:783657 | title="The Ballad of Wallis Island | 2025 | 7.0" | sourceType=XTREAM | Fields: ✓[year=2025, poster] ✗[plot, cast, director, backdrop, duration, tmdb]
2026-01-28 14:44:11.837  8837-8852  ishit.player.v2         com.fishit.player.v2                 I  Background concurrent copying GC freed 539887(28MB) AllocSpace objects, 0(0B) LOS objects, 45% free, 28MB/52MB, paused 420us,42us total 125.054ms
2026-01-28 14:44:11.880  8837-9353  XtreamApiClient         com.fishit.player.v2                 D  StreamingFetch: Success for konigtv.com/player_api.php, streaming response
2026-01-28 14:44:12.269  8837-8837  ViewRootIm...nActivity] com.fishit.player.v2                 I  ViewPostIme pointer 0
2026-01-28 14:44:12.327  8837-8837  ViewRootIm...nActivity] com.fishit.player.v2                 I  ViewPostIme pointer 1
2026-01-28 14:44:12.522  8837-8837  DetailEnrichment        com.fishit.player.v2                 D  enrichIfNeeded: skipped (no enrichment path) canonicalId=movie:10dance:2025 hasXtream=false
2026-01-28 14:44:12.523  8837-8837  DetailEnrichment        com.fishit.player.v2                 D  enrichIfNeeded: skipped (no enrichment path) canonicalId=movie:10dance:2025 hasXtream=false
2026-01-28 14:44:13.327  8837-8837  ViewRootIm...nActivity] com.fishit.player.v2                 I  ViewPostIme pointer 0
2026-01-28 14:44:13.403  8837-8837  ViewRootIm...nActivity] com.fishit.player.v2                 I  ViewPostIme pointer 1
2026-01-28 14:44:14.346  8837-8837  ViewRootIm...nActivity] com.fishit.player.v2                 I  ViewPostIme pointer 0
2026-01-28 14:44:14.530  8837-8837  ViewRootIm...nActivity] com.fishit.player.v2                 I  ViewPostIme pointer 1
2026-01-28 14:44:15.338  8837-8837  ViewRootIm...nActivity] com.fishit.player.v2                 I  ViewPostIme pointer 0
2026-01-28 14:44:15.473  8837-8837  ViewRootIm...nActivity] com.fishit.player.v2                 I  ViewPostIme pointer 1
2026-01-28 14:44:16.272  8837-8837  ViewRootIm...nActivity] com.fishit.player.v2                 I  ViewPostIme pointer 0
2026-01-28 14:44:16.313  8837-8837  ViewRootIm...nActivity] com.fishit.player.v2                 I  ViewPostIme pointer 1
2026-01-28 14:44:16.328  8837-8837  WindowOnBackDispatcher  com.fishit.player.v2                 W  OnBackInvokedCallback is not enabled for the application.
                                                                                                    Set 'android:enableOnBackInvokedCallback="true"' in the application manifest.
2026-01-28 14:44:16.490  8837-8837  DetailEnrichment        com.fishit.player.v2                 D  enrichIfNeeded: skipped (no enrichment path) canonicalId=movie:ella-mccay:2025 hasXtream=false
2026-01-28 14:44:16.491  8837-8837  DetailEnrichment        com.fishit.player.v2                 D  enrichIfNeeded: skipped (no enrichment path) canonicalId=movie:ella-mccay:2025 hasXtream=false
2026-01-28 14:44:16.851  8837-8852  ishit.player.v2         com.fishit.player.v2                 I  Background concurrent copying GC freed 598051(29MB) AllocSpace objects, 2(40KB) LOS objects, 46% free, 27MB/51MB, paused 197us,41us total 104.627ms
2026-01-28 14:44:17.189  8837-8837  ViewRootIm...nActivity] com.fishit.player.v2                 I  ViewPostIme pointer 0
2026-01-28 14:44:17.267  8837-8837  ViewRootIm...nActivity] com.fishit.player.v2                 I  ViewPostIme pointer 1
2026-01-28 14:44:17.268  8837-8837  UnifiedDetailVM         com.fishit.player.v2                 D  play: canonicalId=movie:ella-mccay:2025 sourceKey=src:xtream:xtream:Xtream VOD:vod:xtream:vod:804345 missingHints=[]
2026-01-28 14:44:17.310  8837-8837  PlayerNavViewModel      com.fishit.player.v2                 D  Using pending playback: movie:ella-mccay:2025
2026-01-28 14:44:17.344  8837-8837  PlayerUiViewModel       com.fishit.player.v2                 D  player.ui.start.requested: canonicalId=movie:ella-mccay:2025
2026-01-28 14:44:17.345  8837-8837  InternalPlayerEntryImpl com.fishit.player.v2                 D  Starting playback: movie:ella-mccay:2025
2026-01-28 14:44:17.345  8837-8837  InternalPlayerEntryImpl com.fishit.player.v2                 D  Stopping previous session
2026-01-28 14:44:17.345  8837-8837  SubtitleTrackManager    com.fishit.player.v2                 D  Detached from player
2026-01-28 14:44:17.345  8837-8837  AudioTrackManager       com.fishit.player.v2                 D  Detached from player
2026-01-28 14:44:17.346  8837-8837  SubtitleTrackManager    com.fishit.player.v2                 D  Detached from player
2026-01-28 14:44:17.346  8837-8837  AudioTrackManager       com.fishit.player.v2                 D  Detached from player
2026-01-28 14:44:17.347  8837-8837  InternalPlayerSession   com.fishit.player.v2                 D  Initializing playback: movie:ella-mccay:2025
2026-01-28 14:44:17.370  8837-8837  PlaybackSourceResolver  com.fishit.player.v2                 D  Resolving source for: movie:ella-mccay:2025 (UNKNOWN)
2026-01-28 14:44:17.371  8837-8837  PlaybackSourceResolver  com.fishit.player.v2                 E  No factory and no valid URI for UNKNOWN
2026-01-28 14:44:17.372  8837-8837  InternalPlayerSession   com.fishit.player.v2                 E  Failed to resolve source
                                                                                                    com.fishit.player.playback.domain.PlaybackSourceException: No playback source available for UNKNOWN. Please ensure the source is configured correctly.
                                                                                                    	at com.fishit.player.internal.source.PlaybackSourceResolver.resolveFallback(PlaybackSourceResolver.kt:113)
                                                                                                    	at com.fishit.player.internal.source.PlaybackSourceResolver.resolve(PlaybackSourceResolver.kt:81)
                                                                                                    	at com.fishit.player.internal.session.InternalPlayerSession$initialize$4.invokeSuspend(InternalPlayerSession.kt:226)
                                                                                                    	at kotlin.coroutines.jvm.internal.BaseContinuationImpl.resumeWith(ContinuationImpl.kt:34)
                                                                                                    	at kotlinx.coroutines.DispatchedTask.run(DispatchedTask.kt:100)
                                                                                                    	at android.os.Handler.handleCallback(Handler.java:958)
                                                                                                    	at android.os.Handler.dispatchMessage(Handler.java:99)
                                                                                                    	at android.os.Looper.loopOnce(Looper.java:230)
                                                                                                    	at android.os.Looper.loop(Looper.java:319)
                                                                                                    	at android.app.ActivityThread.main(ActivityThread.java:8919)
                                                                                                    	at java.lang.reflect.Method.invoke(Native Method)
                                                                                                    	at com.android.internal.os.RuntimeInit$MethodAndArgsCaller.run(RuntimeInit.java:578)
                                                                                                    	at com.android.internal.os.ZygoteInit.main(ZygoteInit.java:1103)
2026-01-28 14:44:17.374  8837-8837  InternalPlayerEntryImpl com.fishit.player.v2                 D  Playback started: movie:ella-mccay:2025
2026-01-28 14:44:17.375  8837-8837  PlayerUiViewModel       com.fishit.player.v2                 D  player.ui.start.succeeded: canonicalId=movie:ella-mccay:2025
2026-01-28 14:44:17.816  8837-9355  CatalogSyncService      com.fishit.player.v2                 D  Xtream batch complete (HOT PATH/NX): ingested=382 total_ms=13546
2026-01-28 14:44:17.816  8837-9355  CatalogSyncService      com.fishit.player.v2                 D  Time-based flush MOVIES: 382 items in 13546ms
2026-01-28 14:44:17.817  8837-9355  SyncBatchManager        com.fishit.player.v2                 D  Time-based flush for SERIES: 100 items after 13861ms
2026-01-28 14:44:17.817  8837-9355  SyncBatchManager        com.fishit.player.v2                 D  Flushing SERIES batch: 100 items (timeBased=true)
2026-01-28 14:44:17.817  8837-9355  CatalogSyncService      com.fishit.player.v2                 D  Persisting Xtream catalog batch (NX-ONLY): 100 items (canonical_linking=false)
2026-01-28 14:44:18.220  8837-9361  CatalogSyncService      com.fishit.player.v2                 D  Xtream batch complete (HOT PATH/NX): ingested=100 total_ms=402
2026-01-28 14:44:18.220  8837-9361  CatalogSyncService      com.fishit.player.v2                 D  Time-based flush SERIES: 100 items in 403ms
2026-01-28 14:44:18.421  8837-9361  SyncBatchManager        com.fishit.player.v2                 D  Time-based flush for LIVE: 584 items after 19281ms
2026-01-28 14:44:18.421  8837-9361  SyncBatchManager        com.fishit.player.v2                 D  Flushing LIVE batch: 584 items (timeBased=true)
2026-01-28 14:44:18.422  8837-9361  CatalogSyncService      com.fishit.player.v2                 D  Persisting Xtream live batch (NX-ONLY): 584 items
2026-01-28 14:44:18.923  8837-8837  ViewRootIm...nActivity] com.fishit.player.v2                 I  ViewPostIme pointer 0
2026-01-28 14:44:18.981  8837-8837  ViewRootIm...nActivity] com.fishit.player.v2                 I  ViewPostIme pointer 1
2026-01-28 14:44:19.228  8837-8837  DetailEnrichment        com.fishit.player.v2                 D  enrichIfNeeded: skipped (no enrichment path) canonicalId=movie:ella-mccay:2025 hasXtream=false
2026-01-28 14:44:19.234  8837-8837  DetailEnrichment        com.fishit.player.v2                 D  enrichIfNeeded: skipped (no enrichment path) canonicalId=movie:ella-mccay:2025 hasXtream=false
2026-01-28 14:44:19.277  8837-9488  CatalogSyncService      com.fishit.player.v2                 D  Xtream batch complete (HOT PATH/NX): ingested=400 total_ms=7553
2026-01-28 14:44:19.278  8837-9488  XtreamCatalogScanWorker com.fishit.player.v2                 D  PROGRESS discovered=5900 persisted=5316 phase=null
2026-01-28 14:44:19.278  8837-9488  SyncPerfMetrics         com.fishit.player.v2                 D  Phase MOVIES started
2026-01-28 14:44:19.279  8837-9488  XtreamCatalogScanWorker com.fishit.player.v2                 D  PROGRESS discovered=5900 persisted=5316 phase=VOD
2026-01-28 14:44:19.284  8837-9355  XtreamCatalogScanWorker com.fishit.player.v2                 D  PROGRESS discovered=6000 persisted=5316 phase=null
2026-01-28 14:44:19.295  8837-9361  XTC                     com.fishit.player.v2                 D  [VOD] DTO→Raw #2000 | id=xtream:vod:780844 | title="Shadow of God | 2025 | 5.0 |" | sourceType=XTREAM | Fields: ✓[year=2025, poster] ✗[plot, cast, director, backdrop, duration, tmdb]
2026-01-28 14:44:19.296  8837-9354  XTC                     com.fishit.player.v2                 D  [LIVE] DTO→Raw #2050 | id=xtream:live:744166 | title="DE: DYN SPORT 25" | sourceType=XTREAM | Fields: ✓[poster] ✗[year, plot, cast, director, backdrop, duration, tmdb]
2026-01-28 14:44:19.300  8837-9309  SyncPerfMetrics         com.fishit.player.v2                 D  Phase MOVIES started
2026-01-28 14:44:19.300  8837-9309  XtreamCatalogScanWorker com.fishit.player.v2                 D  PROGRESS discovered=6096 persisted=5316 phase=VOD
2026-01-28 14:44:19.302  8837-9308  XtreamCatalogScanWorker com.fishit.player.v2                 D  PROGRESS discovered=6100 persisted=5316 phase=null
2026-01-28 14:44:19.312  8837-9359  XTC                     com.fishit.player.v2                 D  [SERIES] DTO→Raw #2050 | id=xtream:series:365 | title="4 Blocks" | sourceType=XTREAM | Fields: ✓[plot(424c), cast, poster] ✗[year, director, backdrop, duration, tmdb]
2026-01-28 14:44:19.316  8837-9354  XTC                     com.fishit.player.v2                 D  [LIVE] DTO→Raw #2100 | id=xtream:live:121760 | title="DE: Spiegel TV Wissen RAW" | sourceType=XTREAM | Fields: ✓[poster] ✗[year, plot, cast, director, backdrop, duration, tmdb]
2026-01-28 14:44:19.317  8837-9297  SyncPerfMetrics         com.fishit.player.v2                 D  Phase LIVE started
2026-01-28 14:44:19.317  8837-9297  XtreamCatalogScanWorker com.fishit.player.v2                 D  PROGRESS discovered=6157 persisted=5316 phase=LIVE
2026-01-28 14:44:19.326  8837-9308  XtreamCatalogScanWorker com.fishit.player.v2                 D  PROGRESS discovered=6200 persisted=5316 phase=null
2026-01-28 14:44:19.333  8837-9354  XTC                     com.fishit.player.v2                 D  [LIVE] DTO→Raw #2150 | id=xtream:live:48858 | title="DE: Sky Cinema Highlights FHD" | sourceType=XTREAM | Fields: ✓[poster] ✗[year, plot, cast, director, backdrop, duration, tmdb]
2026-01-28 14:44:19.342  8837-9359  XTC                     com.fishit.player.v2                 D  [SERIES] DTO→Raw #2100 | id=xtream:series:687 | title="The I-Land" | sourceType=XTREAM | Fields: ✓[plot(471c), cast, poster] ✗[year, director, backdrop, duration, tmdb]
2026-01-28 14:44:19.343  8837-9308  SyncPerfMetrics         com.fishit.player.v2                 D  Phase SERIES started
2026-01-28 14:44:19.344  8837-9308  XtreamCatalogScanWorker com.fishit.player.v2                 D  PROGRESS discovered=6273 persisted=5316 phase=SERIES
2026-01-28 14:44:19.351  8837-9354  XTC                     com.fishit.player.v2                 D  [LIVE] DTO→Raw #2200 | id=xtream:live:733471 | title="DE: 2 BROKE GIRLS" | sourceType=XTREAM | Fields: ✓[poster] ✗[year, plot, cast, director, backdrop, duration, tmdb]
2026-01-28 14:44:19.355  8837-9308  XtreamCatalogScanWorker com.fishit.player.v2                 D  PROGRESS discovered=6300 persisted=5316 phase=null
2026-01-28 14:44:19.356  8837-9359  XTC                     com.fishit.player.v2                 D  [SERIES] DTO→Raw #2150 | id=xtream:series:784 | title="Who Killed Jeffrey Epstein" | sourceType=XTREAM | Fields: ✓[poster] ✗[year, plot, cast, director, backdrop, duration, tmdb]
2026-01-28 14:44:19.356  8837-9308  SyncPerfMetrics         com.fishit.player.v2                 D  Phase LIVE started
2026-01-28 14:44:19.357  8837-9308  XtreamCatalogScanWorker com.fishit.player.v2                 D  PROGRESS discovered=6331 persisted=5316 phase=LIVE
2026-01-28 14:44:19.369  8837-9355  XtreamCatalogScanWorker com.fishit.player.v2                 D  PROGRESS discovered=6400 persisted=5316 phase=null
2026-01-28 14:44:19.379  8837-9354  XTC                     com.fishit.player.v2                 D  [LIVE] DTO→Raw #2250 | id=xtream:live:749839 | title="DE: EDGAR WALLACE MIX" | sourceType=XTREAM | Fields: ✓[poster] ✗[year, plot, cast, director, backdrop, duration, tmdb]
2026-01-28 14:44:19.382  8837-9359  XTC                     com.fishit.player.v2                 D  [SERIES] DTO→Raw #2200 | id=xtream:series:1141 | title="Godless" | sourceType=XTREAM | Fields: ✓[plot(170c), cast, poster] ✗[year, director, backdrop, duration, tmdb]
2026-01-28 14:44:19.383  8837-9355  SyncBatchManager        com.fishit.player.v2                 D  Flushing SERIES batch: 200 items (timeBased=false)
2026-01-28 14:44:19.383  8837-9355  CatalogSyncService      com.fishit.player.v2                 D  Persisting Xtream catalog batch (NX-ONLY): 200 items (canonical_linking=false)
2026-01-28 14:44:19.389  8837-9361  XTC                     com.fishit.player.v2                 D  [VOD] DTO→Raw #2050 | id=xtream:vod:779064 | title="Escape - Der unsichtbare Feind | 2024 | " | sourceType=XTREAM | Fields: ✓[year=2024, poster] ✗[plot, cast, director, backdrop, duration, tmdb]
2026-01-28 14:44:20.128  8837-8852  ishit.player.v2         com.fishit.player.v2                 I  Background young concurrent copying GC freed 468293(19MB) AllocSpace objects, 0(0B) LOS objects, 30% free, 37MB/53MB, paused 230us,95us total 108.161ms
2026-01-28 14:44:20.494  8837-9308  CatalogSyncService      com.fishit.player.v2                 D  Xtream batch complete (HOT PATH/NX): ingested=200 total_ms=1111
2026-01-28 14:44:20.495  8837-9308  SyncPerfMetrics         com.fishit.player.v2                 D  Phase SERIES started
2026-01-28 14:44:20.496  8837-9308  XtreamCatalogScanWorker com.fishit.player.v2                 D  PROGRESS discovered=6473 persisted=5516 phase=SERIES
2026-01-28 14:44:20.501  8837-9308  XtreamCatalogScanWorker com.fishit.player.v2                 D  PROGRESS discovered=6500 persisted=5516 phase=null
2026-01-28 14:44:20.510  8837-9361  XTC                     com.fishit.player.v2                 D  [SERIES] DTO→Raw #2250 | id=xtream:series:1344 | title="LOL: Last One Laughing" | sourceType=XTREAM | Fields: ✓[plot(258c), cast, poster] ✗[year, director, backdrop, duration, tmdb]
2026-01-28 14:44:20.511  8837-9309  XtreamCatalogScanWorker com.fishit.player.v2                 D  PROGRESS discovered=6600 persisted=5516 phase=null
2026-01-28 14:44:20.519  8837-9491  XTC                     com.fishit.player.v2                 D  [VOD] DTO→Raw #2100 | id=xtream:vod:776412 | title="WWE WrestleMania 41: Sunday | 2025 | 6.1" | sourceType=XTREAM | Fields: ✓[year=2025, poster] ✗[plot, cast, director, backdrop, duration, tmdb]
2026-01-28 14:44:20.521  8837-9359  XTC                     com.fishit.player.v2                 D  [LIVE] DTO→Raw #2300 | id=xtream:live:729970 | title="DE: POLICE ACADEMY" | sourceType=XTREAM | Fields: ✓[poster] ✗[year, plot, cast, director, backdrop, duration, tmdb]
2026-01-28 14:44:20.522  8837-9309  SyncPerfMetrics         com.fishit.player.v2                 D  Phase MOVIES started
2026-01-28 14:44:20.524  8837-8837  ViewRootIm...nActivity] com.fishit.player.v2                 I  ViewPostIme pointer 0
2026-01-28 14:44:20.525  8837-9309  XtreamCatalogScanWorker com.fishit.player.v2                 D  PROGRESS discovered=6653 persisted=5516 phase=VOD
2026-01-28 14:44:20.529  8837-9309  SyncPerfMetrics         com.fishit.player.v2                 D  Phase LIVE started
2026-01-28 14:44:20.530  8837-9309  XtreamCatalogScanWorker com.fishit.player.v2                 D  PROGRESS discovered=6667 persisted=5516 phase=LIVE
2026-01-28 14:44:20.541  8837-9353  XTC                     com.fishit.player.v2                 D  [VOD] DTO→Raw #2150 | id=xtream:vod:773840 | title="Vena | 2024 | 7.7 |" | sourceType=XTREAM | Fields: ✓[year=2024, poster] ✗[plot, cast, director, backdrop, duration, tmdb]
2026-01-28 14:44:20.542  8837-9309  XtreamCatalogScanWorker com.fishit.player.v2                 D  PROGRESS discovered=6700 persisted=5516 phase=null
2026-01-28 14:44:20.549  8837-9357  XTC                     com.fishit.player.v2                 D  [SERIES] DTO→Raw #2300 | id=xtream:series:1475 | title="Panic" | sourceType=XTREAM | Fields: ✓[plot(526c), cast, poster] ✗[year, director, backdrop, duration, tmdb]
2026-01-28 14:44:20.550  8837-9309  SyncPerfMetrics         com.fishit.player.v2                 D  Phase SERIES started
2026-01-28 14:44:20.551  8837-9309  XtreamCatalogScanWorker com.fishit.player.v2                 D  PROGRESS discovered=6796 persisted=5516 phase=SERIES
2026-01-28 14:44:20.551  8837-9309  XtreamCatalogScanWorker com.fishit.player.v2                 D  PROGRESS discovered=6800 persisted=5516 phase=null
2026-01-28 14:44:20.555  8837-9491  XTC                     com.fishit.player.v2                 D  [VOD] DTO→Raw #2200 | id=xtream:vod:771263 | title="Old Guy - Alter Hund mit neuen Tricks | " | sourceType=XTREAM | Fields: ✓[year=2024, poster] ✗[plot, cast, director, backdrop, duration, tmdb]
2026-01-28 14:44:20.556  8837-9309  SyncPerfMetrics         com.fishit.player.v2                 D  Phase MOVIES started
2026-01-28 14:44:20.556  8837-9309  XtreamCatalogScanWorker com.fishit.player.v2                 D  PROGRESS discovered=6836 persisted=5516 phase=VOD
2026-01-28 14:44:20.565  8837-9491  XTC                     com.fishit.player.v2                 D  [VOD] DTO→Raw #2250 | id=xtream:vod:767670 | title="We Live in Time | 2024 | 7.5 |" | sourceType=XTREAM | Fields: ✓[year=2024, poster] ✗[plot, cast, director, backdrop, duration, tmdb]
2026-01-28 14:44:20.569  8837-9488  XtreamCatalogScanWorker com.fishit.player.v2                 D  PROGRESS discovered=6900 persisted=5516 phase=null
2026-01-28 14:44:20.572  8837-9491  XTC                     com.fishit.player.v2                 D  [VOD] DTO→Raw #2300 | id=xtream:vod:765621 | title="The Killer | 2024 | 6.4 |" | sourceType=XTREAM | Fields: ✓[year=2024, poster] ✗[plot, cast, director, backdrop, duration, tmdb]
2026-01-28 14:44:20.574  8837-9353  XTC                     com.fishit.player.v2                 D  [LIVE] DTO→Raw #2350 | id=xtream:live:140923 | title="DE: X-Men HD 24/7" | sourceType=XTREAM | Fields: ✓[poster] ✗[year, plot, cast, director, backdrop, duration, tmdb]
2026-01-28 14:44:20.583  8837-9488  SyncBatchManager        com.fishit.player.v2                 D  Flushing MOVIES batch: 400 items (timeBased=false)
2026-01-28 14:44:20.584  8837-9488  CatalogSyncService      com.fishit.player.v2                 D  Persisting Xtream catalog batch (NX-ONLY): 400 items (canonical_linking=false)
2026-01-28 14:44:20.590  8837-8837  ViewRootIm...nActivity] com.fishit.player.v2                 I  ViewPostIme pointer 1
2026-01-28 14:44:20.670  8837-8852  ishit.player.v2         com.fishit.player.v2                 I  Background concurrent copying GC freed 630781(30MB) AllocSpace objects, 0(0B) LOS objects, 39% free, 37MB/61MB, paused 240us,162us total 254.427ms
2026-01-28 14:44:21.836  8837-8852  ishit.player.v2         com.fishit.player.v2                 I  Background concurrent copying GC freed 676620(33MB) AllocSpace objects, 0(0B) LOS objects, 43% free, 30MB/54MB, paused 103us,68us total 113.732ms
