2026-01-28 15:19:40.096 19658-20060 CatalogSyncService      com.fishit.player.v2                 D  Persisting Xtream live batch (NX-ONLY): 600 items
2026-01-28 15:19:40.099 19658-20071 XTC                     com.fishit.player.v2                 D  [SERIES] DTO→Raw #200 | id=xtream:series:1141 | title="Godless" | sourceType=XTREAM | Fields: ✓[plot(170c), cast, poster] ✗[year, director, backdrop, duration, tmdb]
2026-01-28 15:19:40.424 19658-19658 ViewRootIm...nActivity] com.fishit.player.v2                 I  ViewPostIme pointer 0
2026-01-28 15:19:40.646 19658-19658 ViewRootIm...nActivity] com.fishit.player.v2                 I  ViewPostIme pointer 1
2026-01-28 15:19:40.651 19658-19658 Compatibil...geReporter com.fishit.player.v2                 D  Compat change id reported: 171228096; UID 10462; state: ENABLED
2026-01-28 15:19:40.722 19658-20060 SyncBatchManager        com.fishit.player.v2                 D  Time-based flush for SERIES: 185 items after 1204ms
2026-01-28 15:19:40.723 19658-20060 SyncBatchManager        com.fishit.player.v2                 D  Flushing SERIES batch: 185 items (timeBased=true)
2026-01-28 15:19:40.724 19658-20060 CatalogSyncService      com.fishit.player.v2                 D  Persisting Xtream catalog batch (NX-ONLY): 185 items (canonical_linking=false)
2026-01-28 15:19:40.772 19658-20058 XtreamApiClient         com.fishit.player.v2                 D  StreamingFetch: Success for konigtv.com/player_api.php, streaming response
2026-01-28 15:19:41.122 19658-20058 XTC                     com.fishit.player.v2                 D  [VOD] DTO→Raw #1 | id=xtream:vod:804345 | title="Ella McCay | 2025 | 5.2" | sourceType=XTREAM | Fields: ✓[year=2025, poster] ✗[plot, cast, director, backdrop, duration, tmdb]
2026-01-28 15:19:41.495 19658-21193 CatalogSyncService      com.fishit.player.v2                 D  Xtream batch complete (HOT PATH/NX): ingested=185 total_ms=771
2026-01-28 15:19:41.496 19658-21193 CatalogSyncService      com.fishit.player.v2                 D  Time-based flush SERIES: 185 items in 772ms
2026-01-28 15:19:41.562 19658-19658 ViewRootIm...nActivity] com.fishit.player.v2                 I  ViewPostIme pointer 0
2026-01-28 15:19:41.620 19658-19658 ViewRootIm...nActivity] com.fishit.player.v2                 I  ViewPostIme pointer 1
2026-01-28 15:19:41.767 19658-19668 ishit.player.v2         com.fishit.player.v2                 I  Compiler allocated 7198KB to compile void android.view.ViewRootImpl.performTraversals()
2026-01-28 15:19:41.966 19658-19669 ishit.player.v2         com.fishit.player.v2                 I  Background young concurrent copying GC freed 406327(14MB) AllocSpace objects, 8(284KB) LOS objects, 15% free, 63MB/75MB, paused 69us,68us total 148.649ms
2026-01-28 15:19:41.980 19658-19658 WorkManage...teObserver com.fishit.player.v2                 I  Sync state: SUCCEEDED
2026-01-28 15:19:42.192 19658-21209 TrafficStats            com.fishit.player.v2                 D  tagSocket(93) with statsTag=0xffffffff, statsUid=-1
2026-01-28 15:19:42.194 19658-21210 TrafficStats            com.fishit.player.v2                 D  tagSocket(173) with statsTag=0xffffffff, statsUid=-1
2026-01-28 15:19:42.228 19658-21366 TrafficStats            com.fishit.player.v2                 D  tagSocket(169) with statsTag=0xffffffff, statsUid=-1
2026-01-28 15:19:42.236 19658-21209 TrafficStats            com.fishit.player.v2                 D  tagSocket(144) with statsTag=0xffffffff, statsUid=-1
2026-01-28 15:19:42.395 19658-19669 ishit.player.v2         com.fishit.player.v2                 I  Background concurrent copying GC freed 1437529(52MB) AllocSpace objects, 4(132KB) LOS objects, 47% free, 26MB/50MB, paused 22.860ms,64us total 156.641ms
2026-01-28 15:19:43.791 19658-21193 CatalogSyncService      com.fishit.player.v2                 D  Xtream live batch complete (NX): ingested=600 total_ms=3694
2026-01-28 15:19:43.791 19658-21193 SyncPerfMetrics         com.fishit.player.v2                 D  Phase LIVE started
2026-01-28 15:19:43.791 19658-21193 XtreamCatalogScanWorker com.fishit.player.v2                 D  PROGRESS discovered=785 persisted=785 phase=LIVE
2026-01-28 15:19:43.793 19658-21193 XtreamCatalogScanWorker com.fishit.player.v2                 D  PROGRESS discovered=800 persisted=785 phase=null
2026-01-28 15:19:43.794 19658-21193 SyncPerfMetrics         com.fishit.player.v2                 D  Phase SERIES started
2026-01-28 15:19:43.794 19658-21193 XtreamCatalogScanWorker com.fishit.player.v2                 D  PROGRESS discovered=812 persisted=785 phase=SERIES
2026-01-28 15:19:43.801 19658-20070 XtreamCatalogScanWorker com.fishit.player.v2                 D  PROGRESS discovered=900 persisted=785 phase=null
2026-01-28 15:19:43.802 19658-20061 XTC                     com.fishit.player.v2                 D  [SERIES] DTO→Raw #250 | id=xtream:series:1344 | title="LOL: Last One Laughing" | sourceType=XTREAM | Fields: ✓[plot(258c), cast, poster] ✗[year, director, backdrop, duration, tmdb]
2026-01-28 15:19:43.807 19658-20059 XTC                     com.fishit.player.v2                 D  [LIVE] DTO→Raw #650 | id=xtream:live:48858 | title="DE: Sky Cinema Highlights FHD" | sourceType=XTREAM | Fields: ✓[poster] ✗[year, plot, cast, director, backdrop, duration, tmdb]
2026-01-28 15:19:43.817 19658-20061 XTC                     com.fishit.player.v2                 D  [SERIES] DTO→Raw #300 | id=xtream:series:1475 | title="Panic" | sourceType=XTREAM | Fields: ✓[plot(526c), cast, poster] ✗[year, director, backdrop, duration, tmdb]
2026-01-28 15:19:43.819 19658-20070 XtreamCatalogScanWorker com.fishit.player.v2                 D  PROGRESS discovered=1000 persisted=785 phase=null
2026-01-28 15:19:43.820 19658-20070 SyncPerfMetrics         com.fishit.player.v2                 D  Phase SERIES started
2026-01-28 15:19:43.820 19658-20070 XtreamCatalogScanWorker com.fishit.player.v2                 D  PROGRESS discovered=1010 persisted=785 phase=SERIES
2026-01-28 15:19:43.826 19658-20059 XTC                     com.fishit.player.v2                 D  [LIVE] DTO→Raw #700 | id=xtream:live:733471 | title="DE: 2 BROKE GIRLS" | sourceType=XTREAM | Fields: ✓[poster] ✗[year, plot, cast, director, backdrop, duration, tmdb]
2026-01-28 15:19:43.827 19658-20058 XTC                     com.fishit.player.v2                 D  [VOD] DTO→Raw #50 | id=xtream:vod:801981 | title="Anaconda | 2025 | 6.7" | sourceType=XTREAM | Fields: ✓[year=2025, poster] ✗[plot, cast, director, backdrop, duration, tmdb]
2026-01-28 15:19:43.830 19658-20061 XTC                     com.fishit.player.v2                 D  [SERIES] DTO→Raw #350 | id=xtream:series:1604 | title="Monster bei der Arbeit" | sourceType=XTREAM | Fields: ✓[plot(482c), cast, poster] ✗[year, director, backdrop, duration, tmdb]
2026-01-28 15:19:43.831 19658-20070 SyncPerfMetrics         com.fishit.player.v2                 D  Phase LIVE started
2026-01-28 15:19:43.832 19658-20070 XtreamCatalogScanWorker com.fishit.player.v2                 D  PROGRESS discovered=1083 persisted=785 phase=LIVE
2026-01-28 15:19:43.835 19658-20070 XtreamCatalogScanWorker com.fishit.player.v2                 D  PROGRESS discovered=1100 persisted=785 phase=null
2026-01-28 15:19:43.843 19658-20070 SyncBatchManager        com.fishit.player.v2                 D  Flushing SERIES batch: 200 items (timeBased=false)
2026-01-28 15:19:43.844 19658-20070 CatalogSyncService      com.fishit.player.v2                 D  Persisting Xtream catalog batch (NX-ONLY): 200 items (canonical_linking=false)
2026-01-28 15:19:43.845 19658-21193 XTC                     com.fishit.player.v2                 D  [SERIES] DTO→Raw #400 | id=xtream:series:1752 | title="The North Water" | sourceType=XTREAM | Fields: ✓[plot(570c), cast, poster] ✗[year, director, backdrop, duration, tmdb]
2026-01-28 15:19:43.905 19658-20057 SyncBatchManager        com.fishit.player.v2                 D  Time-based flush for LIVE: 137 items after 3810ms
2026-01-28 15:19:43.905 19658-20057 SyncBatchManager        com.fishit.player.v2                 D  Flushing LIVE batch: 137 items (timeBased=true)
2026-01-28 15:19:43.905 19658-20057 CatalogSyncService      com.fishit.player.v2                 D  Persisting Xtream live batch (NX-ONLY): 137 items
2026-01-28 15:19:44.016 19658-20057 CatalogSyncBootstrap    com.fishit.player.v2                 I  Catalog sync bootstrap triggered; activeSources=[XTREAM]
2026-01-28 15:19:44.016 19658-20057 CatalogSyncScheduler    com.fishit.player.v2                 D  Enqueueing AUTO sync
2026-01-28 15:19:44.020 19658-20057 CatalogSyncScheduler    com.fishit.player.v2                 D  Scheduling periodic incremental sync every 2 hours
2026-01-28 15:19:44.027 19658-20057 CatalogSyncScheduler    com.fishit.player.v2                 I  Periodic incremental sync scheduled: every 2 hours
2026-01-28 15:19:44.028 19658-20057 CatalogSyncBootstrap    com.fishit.player.v2                 I  Periodic incremental sync scheduled: every 2h
2026-01-28 15:19:44.035 19658-20086 WM-SystemJobScheduler   com.fishit.player.v2                 D  Scheduling work ID f296f80e-bae2-4068-91d9-034d5d3e9894Job ID 3
2026-01-28 15:19:44.041 19658-20086 WM-GreedyScheduler      com.fishit.player.v2                 D  Starting work for f296f80e-bae2-4068-91d9-034d5d3e9894
2026-01-28 15:19:44.041 19658-19658 WM-SystemJobService     com.fishit.player.v2                 D  onStartJob for WorkGenerationalId(workSpecId=f296f80e-bae2-4068-91d9-034d5d3e9894, generation=0)
2026-01-28 15:19:44.068 19658-20086 WM-SystemJobScheduler   com.fishit.player.v2                 D  Scheduling work ID 74ac5b0a-8130-4a7c-9a26-af7a01af9764Job ID 4
2026-01-28 15:19:44.073 19658-20086 WM-GreedyScheduler      com.fishit.player.v2                 D  Starting tracking for 74ac5b0a-8130-4a7c-9a26-af7a01af9764
2026-01-28 15:19:44.075 19658-19658 WM-SystemJobService     com.fishit.player.v2                 D  onStartJob for WorkGenerationalId(workSpecId=74ac5b0a-8130-4a7c-9a26-af7a01af9764, generation=0)
2026-01-28 15:19:44.080 19658-20086 WM-Processor            com.fishit.player.v2                 D  Processor: processing WorkGenerationalId(workSpecId=f296f80e-bae2-4068-91d9-034d5d3e9894, generation=0)
2026-01-28 15:19:44.083 19658-20086 WM-Processor            com.fishit.player.v2                 D  Work WorkGenerationalId(workSpecId=f296f80e-bae2-4068-91d9-034d5d3e9894, generation=0) is already enqueued for processing
2026-01-28 15:19:44.086 19658-20086 WM-Processor            com.fishit.player.v2                 D  Processor: processing WorkGenerationalId(workSpecId=74ac5b0a-8130-4a7c-9a26-af7a01af9764, generation=0)
2026-01-28 15:19:44.094 19658-19658 WM-WorkerWrapper        com.fishit.player.v2                 D  Starting work for com.fishit.player.v2.work.CatalogSyncOrchestratorWorker
2026-01-28 15:19:44.095 19658-20060 CatalogSyn...atorWorker com.fishit.player.v2                 I  START sync_run_id=0fc33edb-991d-4f6f-83d0-17df500be9a0 mode=auto
2026-01-28 15:19:44.097 19658-20060 RuntimeGuards           com.fishit.player.v2                 D  Manual sync (auto) - skipping battery guard (level=100%)
2026-01-28 15:19:44.097 19658-20060 CatalogSyn...atorWorker com.fishit.player.v2                 I  Active sources check: [XTREAM] (isEmpty=false)
2026-01-28 15:19:44.098 19658-20060 CatalogSyn...atorWorker com.fishit.player.v2                 D  Active sources: [XTREAM] (TELEGRAM=false, XTREAM=true, IO=false)
2026-01-28 15:19:44.098 19658-19658 WM-WorkerWrapper        com.fishit.player.v2                 D  Starting work for com.fishit.player.v2.work.CatalogSyncOrchestratorWorker
2026-01-28 15:19:44.098 19658-21182 CatalogSyn...atorWorker com.fishit.player.v2                 I  START sync_run_id=periodic_1769609984022 mode=incremental
2026-01-28 15:19:44.099 19658-19658 WorkManage...teObserver com.fishit.player.v2                 D  Sync state: ENQUEUED | id=f296f80e | attempts=0 | tags=[catalog_sync, worker/CatalogSyncOrchestratorWorker, com.fishit.player.v2.work.CatalogSyncOrchestratorWorker, mode_auto]
2026-01-28 15:19:44.100 19658-20060 CatalogSyn...atorWorker com.fishit.player.v2                 D  Enqueued Xtream chain: work_name=catalog_sync_global_xtream policy=KEEP workers=2
2026-01-28 15:19:44.100 19658-20060 CatalogSyn...atorWorker com.fishit.player.v2                 D  Telegram not in active sources - skipping Telegram workers
2026-01-28 15:19:44.101 19658-20060 CatalogSyn...atorWorker com.fishit.player.v2                 D  📊 WorkInfo chains enqueued:
                                                                                                      [XTREAM] work_name=catalog_sync_global_xtream → ENQUEUED
                                                                                                      Use 'adb shell dumpsys jobscheduler' or WorkManager Inspector for detailed state
2026-01-28 15:19:44.101 19658-20069 WM-ConstraintTracker    com.fishit.player.v2                 D  BatteryNotLowTracker: initial state = true
2026-01-28 15:19:44.101 19658-20060 CatalogSyn...atorWorker com.fishit.player.v2                 I  CHAINS_ENQUEUED duration_ms=6 policy=KEEP sources=XTREAM (downstream workers will report completion)
2026-01-28 15:19:44.101 19658-20069 WM-BrdcstRcvrCnstrntTrc com.fishit.player.v2                 D  BatteryNotLowTracker: registering receiver
2026-01-28 15:19:44.108 19658-21182 RuntimeGuards           com.fishit.player.v2                 D  Manual sync (incremental) - skipping battery guard (level=100%)
2026-01-28 15:19:44.109 19658-21182 CatalogSyn...atorWorker com.fishit.player.v2                 I  Active sources check: [XTREAM] (isEmpty=false)
2026-01-28 15:19:44.109 19658-21182 CatalogSyn...atorWorker com.fishit.player.v2                 D  Active sources: [XTREAM] (TELEGRAM=false, XTREAM=true, IO=false)
2026-01-28 15:19:44.115 19658-21182 CatalogSyn...atorWorker com.fishit.player.v2                 D  Enqueued Xtream chain: work_name=catalog_sync_global_xtream policy=KEEP workers=2
2026-01-28 15:19:44.116 19658-21182 CatalogSyn...atorWorker com.fishit.player.v2                 D  Telegram not in active sources - skipping Telegram workers
2026-01-28 15:19:44.116 19658-21182 CatalogSyn...atorWorker com.fishit.player.v2                 D  📊 WorkInfo chains enqueued:
                                                                                                      [XTREAM] work_name=catalog_sync_global_xtream → ENQUEUED
                                                                                                      Use 'adb shell dumpsys jobscheduler' or WorkManager Inspector for detailed state
2026-01-28 15:19:44.116 19658-21182 CatalogSyn...atorWorker com.fishit.player.v2                 I  CHAINS_ENQUEUED duration_ms=18 policy=KEEP sources=XTREAM (downstream workers will report completion)
2026-01-28 15:19:44.138 19658-20069 WM-ConstraintTracker    com.fishit.player.v2                 D  NetworkStateTracker24: initial state = NetworkState(isConnected=true, isValidated=true, isMetered=true, isNotRoaming=true)
2026-01-28 15:19:44.138 19658-20069 WM-NetworkStateTracker  com.fishit.player.v2                 D  Registering network callback
2026-01-28 15:19:44.139 19658-20069 ConnectivityManager     com.fishit.player.v2                 D  StackLog: [android.net.ConnectivityManager.sendRequestForNetwork(ConnectivityManager.java:4402)] [android.net.ConnectivityManager.registerDefaultNetworkCallbackForUid(ConnectivityManager.java:4966)] [android.net.ConnectivityManager.registerDefaultNetworkCallback(ConnectivityManager.java:4933)] [android.net.ConnectivityManager.registerDefaultNetworkCallback(ConnectivityManager.java:4907)] [androidx.work.impl.utils.NetworkApi24.registerDefaultNetworkCallbackCompat(NetworkApi24.kt:26)] [androidx.work.impl.constraints.trackers.NetworkStateTracker24.startTracking(NetworkStateTracker.kt:165)] [androidx.work.impl.constraints.trackers.ConstraintTracker.addListener(ConstraintTracker.kt:52)] [androidx.work.impl.constraints.controllers.BaseConstraintController$track$1.invokeSuspend(ContraintControllers.kt:62)] [androidx.work.impl.constraints.controllers.BaseConstraintController$track$1.invoke(Unknown Source:8)] [androidx.work.impl.constraints.controllers.BaseConstraintController$track$1.invoke(Unknown Source:4)] [kotlinx.coroutines.flow.ChannelFlowBuilder.collectTo$suspendImpl(Builders.kt:316)] [kotlinx.coroutines.flow.ChannelFlowBuilder.collectTo(Unknown Source:0)] [kotlinx.coroutines.flow.CallbackFlowBuilder.collectTo(Builders.kt:330)] [kotlinx.coroutines.flow.internal.ChannelFlow$collectToFun$1.invokeSuspend(ChannelFlow.kt:56)] [kotlin.coroutines.jvm.internal.BaseContinuationImpl.resumeWith(ContinuationImpl.kt:34)] [kotlinx.coroutines.DispatchedTask.run(DispatchedTask.kt:100)] [androidx.work.impl.utils.SerialExecutorImpl$Task.run(SerialExecutorImpl.java:96)] [java.util.concurrent.ThreadPoolExecutor.runWorker(ThreadPoolExecutor.java:1145)] [java.util.concurrent.ThreadPoolExecutor$Worker.run(ThreadPoolExecutor.java:644)] [java.lang.Thread.run(Thread.java:1012)]
2026-01-28 15:19:44.153 19658-20069 WM-EnqueueRunnable      com.fishit.player.v2                 E  Prerequisite 3576292d-b7f7-4307-b92a-ab95f6a3b23d doesn't exist; not enqueuing
2026-01-28 15:19:44.154 19658-21376 WM-NetworkStateTracker  com.fishit.player.v2                 D  Network capabilities changed: [ Transports: CELLULAR Capabilities: SUPL&INTERNET&NOT_RESTRICTED&TRUSTED&NOT_VPN&VALIDATED&NOT_ROAMING&FOREGROUND&NOT_CONGESTED&NOT_SUSPENDED&NOT_VCN_MANAGED LinkUpBandwidth>=38406Kbps LinkDnBandwidth>=60510Kbps Specifier: <TelephonyNetworkSpecifier [mSubId = 1]> SubscriptionIds: {1} UnderlyingNetworks: Null]
2026-01-28 15:19:44.161 19658-20069 WM-EnqueueRunnable      com.fishit.player.v2                 E  Prerequisite c20a6bdb-4c19-44d2-85a6-069f5c4c0290 doesn't exist; not enqueuing
2026-01-28 15:19:44.163 19658-20069 WM-WorkerWrapper        com.fishit.player.v2                 I  Worker result SUCCESS for Work [ id=f296f80e-bae2-4068-91d9-034d5d3e9894, tags={ com.fishit.player.v2.work.CatalogSyncOrchestratorWorker,catalog_sync,mode_auto,worker/CatalogSyncOrchestratorWorker } ]
2026-01-28 15:19:44.168 19658-19658 WM-Processor            com.fishit.player.v2                 D  Processor f296f80e-bae2-4068-91d9-034d5d3e9894 executed; reschedule = false
2026-01-28 15:19:44.168 19658-19658 WM-SystemJobService     com.fishit.player.v2                 D  f296f80e-bae2-4068-91d9-034d5d3e9894 executed on JobScheduler
2026-01-28 15:19:44.170 19658-20069 WM-WorkerWrapper        com.fishit.player.v2                 I  Worker result SUCCESS for Work [ id=74ac5b0a-8130-4a7c-9a26-af7a01af9764, tags={ com.fishit.player.v2.work.CatalogSyncOrchestratorWorker,catalog_sync,mode_incremental,worker/CatalogSyncOrchestratorWorker } ]
2026-01-28 15:19:44.174 19658-19658 WM-Processor            com.fishit.player.v2                 D  Processor 74ac5b0a-8130-4a7c-9a26-af7a01af9764 executed; reschedule = false
2026-01-28 15:19:44.190 19658-19658 WM-GreedyScheduler      com.fishit.player.v2                 D  Stopping tracking for WorkGenerationalId(workSpecId=74ac5b0a-8130-4a7c-9a26-af7a01af9764, generation=0)
2026-01-28 15:19:44.190 19658-20086 WM-GreedyScheduler      com.fishit.player.v2                 D  Constraints met: Scheduling work ID WorkGenerationalId(workSpecId=74ac5b0a-8130-4a7c-9a26-af7a01af9764, generation=0)
2026-01-28 15:19:44.191 19658-19658 WM-SystemJobService     com.fishit.player.v2                 D  74ac5b0a-8130-4a7c-9a26-af7a01af9764 executed on JobScheduler
2026-01-28 15:19:44.191 19658-19658 WorkManage...teObserver com.fishit.player.v2                 D  Sync state: RUNNING | id=f296f80e | attempts=1 | tags=[catalog_sync, worker/CatalogSyncOrchestratorWorker, com.fishit.player.v2.work.CatalogSyncOrchestratorWorker, mode_auto]
2026-01-28 15:19:44.192 19658-20086 WM-GreedyScheduler      com.fishit.player.v2                 D  Cancelling work ID f296f80e-bae2-4068-91d9-034d5d3e9894
2026-01-28 15:19:44.199 19658-20086 WM-SystemJobScheduler   com.fishit.player.v2                 D  Scheduling work ID 74ac5b0a-8130-4a7c-9a26-af7a01af9764Job ID 4
2026-01-28 15:19:44.211 19658-20086 WM-GreedyScheduler      com.fishit.player.v2                 D  Cancelling work ID 74ac5b0a-8130-4a7c-9a26-af7a01af9764
2026-01-28 15:19:44.218 19658-20069 WM-Processor            com.fishit.player.v2                 D  Processor: processing WorkGenerationalId(workSpecId=74ac5b0a-8130-4a7c-9a26-af7a01af9764, generation=0)
2026-01-28 15:19:44.218 19658-20069 WM-BrdcstRcvrCnstrntTrc com.fishit.player.v2                 D  BatteryNotLowTracker: unregistering receiver
2026-01-28 15:19:44.220 19658-20084 WM-NetworkStateTracker  com.fishit.player.v2                 D  Unregistering network callback
2026-01-28 15:19:44.221 19658-20084 ConnectivityManager     com.fishit.player.v2                 D  StackLog: [android.net.ConnectivityManager.unregisterNetworkCallback(ConnectivityManager.java:5076)] [androidx.work.impl.utils.NetworkApi21.unregisterNetworkCallbackCompat(NetworkApi21.kt:28)] [androidx.work.impl.constraints.trackers.NetworkStateTracker24.stopTracking(NetworkStateTracker.kt:180)] [androidx.work.impl.constraints.trackers.ConstraintTracker.removeListener(ConstraintTracker.kt:67)] [androidx.work.impl.constraints.controllers.BaseConstraintController$track$1$1.invoke(ContraintControllers.kt:63)] [androidx.work.impl.constraints.controllers.BaseConstraintController$track$1$1.invoke(ContraintControllers.kt:63)] [kotlinx.coroutines.channels.ProduceKt.awaitClose(Produce.kt:69)] [kotlinx.coroutines.channels.ProduceKt$awaitClose$1.invokeSuspend(Unknown Source:13)] [kotlin.coroutines.jvm.internal.BaseContinuationImpl.resumeWith(ContinuationImpl.kt:34)] [kotlinx.coroutines.DispatchedTask.run(DispatchedTask.kt:98)] [androidx.work.impl.utils.SerialExecutorImpl$Task.run(SerialExecutorImpl.java:96)] [java.util.concurrent.ThreadPoolExecutor.runWorker(ThreadPoolExecutor.java:1145)] [java.util.concurrent.ThreadPoolExecutor$Worker.run(ThreadPoolExecutor.java:644)] [java.lang.Thread.run(Thread.java:1012)]
2026-01-28 15:19:44.235 19658-20069 WM-Processor            com.fishit.player.v2                 D  WorkerWrapper interrupted for 74ac5b0a-8130-4a7c-9a26-af7a01af9764
2026-01-28 15:19:44.235 19658-20069 WM-StopWorkRunnable     com.fishit.player.v2                 D  StopWorkRunnable for 74ac5b0a-8130-4a7c-9a26-af7a01af9764; Processor.stopWork = true
2026-01-28 15:19:44.236 19658-20069 WM-WorkerWrapper        com.fishit.player.v2                 D  Status for 74ac5b0a-8130-4a7c-9a26-af7a01af9764 is ENQUEUED; not doing any work and rescheduling for later execution
2026-01-28 15:19:44.237 19658-19658 WM-Processor            com.fishit.player.v2                 D  Processor 74ac5b0a-8130-4a7c-9a26-af7a01af9764 executed; reschedule = true
2026-01-28 15:19:44.237 19658-19658 WM-SystemJobService     com.fishit.player.v2                 D  74ac5b0a-8130-4a7c-9a26-af7a01af9764 executed on JobScheduler
2026-01-28 15:19:44.239 19658-19658 WorkManage...teObserver com.fishit.player.v2                 I  Sync state: SUCCEEDED
2026-01-28 15:19:44.243 19658-20069 WM-GreedyScheduler      com.fishit.player.v2                 D  Cancelling work ID 74ac5b0a-8130-4a7c-9a26-af7a01af9764
2026-01-28 15:19:44.249 19658-20069 WM-SystemJobScheduler   com.fishit.player.v2                 D  Scheduling work ID 74ac5b0a-8130-4a7c-9a26-af7a01af9764Job ID 5
2026-01-28 15:19:44.742 19658-21193 CatalogSyncService      com.fishit.player.v2                 D  Xtream batch complete (HOT PATH/NX): ingested=200 total_ms=897
2026-01-28 15:19:44.743 19658-21193 XtreamCatalogScanWorker com.fishit.player.v2                 D  PROGRESS discovered=1200 persisted=985 phase=null
2026-01-28 15:19:44.743 19658-20060 XTC                     com.fishit.player.v2                 D  [VOD] DTO→Raw #100 | id=xtream:vod:800634 | title="Whiteout - Überleben ist alles | 2025 | " | sourceType=XTREAM | Fields: ✓[year=2025, poster] ✗[plot, cast, director, backdrop, duration, tmdb]
2026-01-28 15:19:44.744 19658-21193 SyncPerfMetrics         com.fishit.player.v2                 D  Phase SERIES started
2026-01-28 15:19:44.744 19658-21193 XtreamCatalogScanWorker com.fishit.player.v2                 D  PROGRESS discovered=1216 persisted=985 phase=SERIES
2026-01-28 15:19:44.746 19658-21193 SyncPerfMetrics         com.fishit.player.v2                 D  Phase MOVIES started
2026-01-28 15:19:44.746 19658-21193 XtreamCatalogScanWorker com.fishit.player.v2                 D  PROGRESS discovered=1259 persisted=985 phase=VOD
2026-01-28 15:19:44.752 19658-20061 XTC                     com.fishit.player.v2                 D  [LIVE] DTO→Raw #750 | id=xtream:live:749839 | title="DE: EDGAR WALLACE MIX" | sourceType=XTREAM | Fields: ✓[poster] ✗[year, plot, cast, director, backdrop, duration, tmdb]
2026-01-28 15:19:44.754 19658-21193 XtreamCatalogScanWorker com.fishit.player.v2                 D  PROGRESS discovered=1300 persisted=985 phase=null
2026-01-28 15:19:44.754 19658-20060 XTC                     com.fishit.player.v2                 D  [VOD] DTO→Raw #150 | id=xtream:vod:798830 | title="825 Forest Road | 2025 | 5.9 |" | sourceType=XTREAM | Fields: ✓[year=2025, poster] ✗[plot, cast, director, backdrop, duration, tmdb]
2026-01-28 15:19:44.763 19658-20070 XTC                     com.fishit.player.v2                 D  [SERIES] DTO→Raw #450 | id=xtream:series:1972 | title="Tales of Zestiria the X" | sourceType=XTREAM | Fields: ✓[plot(603c), cast, poster] ✗[year, director, backdrop, duration, tmdb]
2026-01-28 15:19:44.766 19658-20059 XtreamCatalogScanWorker com.fishit.player.v2                 D  PROGRESS discovered=1400 persisted=985 phase=null
2026-01-28 15:19:44.768 19658-20060 XTC                     com.fishit.player.v2                 D  [VOD] DTO→Raw #200 | id=xtream:vod:797304 | title="Frankenstein | 2025 | 7.9 |" | sourceType=XTREAM | Fields: ✓[year=2025, poster] ✗[plot, cast, director, backdrop, duration, tmdb]
2026-01-28 15:19:44.776 19658-20059 SyncPerfMetrics         com.fishit.player.v2                 D  Phase MOVIES started
2026-01-28 15:19:44.777 19658-20059 XtreamCatalogScanWorker com.fishit.player.v2                 D  PROGRESS discovered=1419 persisted=985 phase=VOD
2026-01-28 15:19:44.780 19658-20059 XtreamCatalogScanWorker com.fishit.player.v2                 D  PROGRESS discovered=1500 persisted=985 phase=null
2026-01-28 15:19:44.781 19658-20061 XTC                     com.fishit.player.v2                 D  [LIVE] DTO→Raw #800 | id=xtream:live:729970 | title="DE: POLICE ACADEMY" | sourceType=XTREAM | Fields: ✓[poster] ✗[year, plot, cast, director, backdrop, duration, tmdb]
2026-01-28 15:19:44.783 19658-20072 SyncPerfMetrics         com.fishit.player.v2                 D  Phase LIVE started
2026-01-28 15:19:44.784 19658-20072 XtreamCatalogScanWorker com.fishit.player.v2                 D  PROGRESS discovered=1510 persisted=985 phase=LIVE
2026-01-28 15:19:44.785 19658-20060 XTC                     com.fishit.player.v2                 D  [VOD] DTO→Raw #250 | id=xtream:vod:794087 | title="Jenseits der blauen Grenze | 2024 | 6.4 " | sourceType=XTREAM | Fields: ✓[year=2024, poster] ✗[plot, cast, director, backdrop, duration, tmdb]
2026-01-28 15:19:44.790 19658-20070 XTC                     com.fishit.player.v2                 D  [SERIES] DTO→Raw #500 | id=xtream:series:2039 | title="Die Abenteuer des Odysseus" | sourceType=XTREAM | Fields: ✓[plot(841c), cast, poster] ✗[year, director, backdrop, duration, tmdb]
2026-01-28 15:19:44.795 19658-21193 SyncPerfMetrics         com.fishit.player.v2                 D  Phase SERIES started
2026-01-28 15:19:44.797 19658-20060 XTC                     com.fishit.player.v2                 D  [VOD] DTO→Raw #300 | id=xtream:vod:791360 | title="All of You | 2025 | 6.5 |" | sourceType=XTREAM | Fields: ✓[year=2025, poster] ✗[plot, cast, director, backdrop, duration, tmdb]
2026-01-28 15:19:44.799 19658-21193 XtreamCatalogScanWorker com.fishit.player.v2                 D  PROGRESS discovered=1584 persisted=985 phase=SERIES
2026-01-28 15:19:44.805 19658-21193 XtreamCatalogScanWorker com.fishit.player.v2                 D  PROGRESS discovered=1600 persisted=985 phase=null
2026-01-28 15:19:44.806 19658-21193 SyncPerfMetrics         com.fishit.player.v2                 D  Phase MOVIES started
2026-01-28 15:19:44.806 19658-21193 XtreamCatalogScanWorker com.fishit.player.v2                 D  PROGRESS discovered=1613 persisted=985 phase=VOD
2026-01-28 15:19:44.819 19658-20061 XTC                     com.fishit.player.v2                 D  [VOD] DTO→Raw #350 | id=xtream:vod:788976 | title="Was ist Liebe wert - Materialists | 2025" | sourceType=XTREAM | Fields: ✓[year=2025, poster] ✗[plot, cast, director, backdrop, duration, tmdb]
2026-01-28 15:19:44.822 19658-21193 XtreamCatalogScanWorker com.fishit.player.v2                 D  PROGRESS discovered=1700 persisted=985 phase=null
2026-01-28 15:19:44.823 19658-20059 XTC                     com.fishit.player.v2                 D  [LIVE] DTO→Raw #850 | id=xtream:live:140923 | title="DE: X-Men HD 24/7" | sourceType=XTREAM | Fields: ✓[poster] ✗[year, plot, cast, director, backdrop, duration, tmdb]
2026-01-28 15:19:44.847 19658-20060 CatalogSyncService      com.fishit.player.v2                 D  Xtream live batch complete (NX): ingested=137 total_ms=942
2026-01-28 15:19:44.847 19658-20060 CatalogSyncService      com.fishit.player.v2                 D  Time-based flush LIVE: 137 items in 942ms
2026-01-28 15:19:44.848 19658-20059 XTC                     com.fishit.player.v2                 D  [LIVE] DTO→Raw #900 | id=xtream:live:364840 | title="DE: TOM HARDY - 24/7" | sourceType=XTREAM | Fields: ✓[poster] ✗[year, plot, cast, director, backdrop, duration, tmdb]
2026-01-28 15:19:44.848 19658-20060 SyncBatchManager        com.fishit.player.v2                 D  Time-based flush for MOVIES: 385 items after 5330ms
2026-01-28 15:19:44.848 19658-20060 SyncBatchManager        com.fishit.player.v2                 D  Flushing MOVIES batch: 385 items (timeBased=true)
2026-01-28 15:19:44.848 19658-20060 CatalogSyncService      com.fishit.player.v2                 D  Persisting Xtream catalog batch (NX-ONLY): 385 items (canonical_linking=false)
2026-01-28 15:19:44.850 19658-21193 SyncPerfMetrics         com.fishit.player.v2                 D  Phase LIVE started
2026-01-28 15:19:44.852 19658-21193 XtreamCatalogScanWorker com.fishit.player.v2                 D  PROGRESS discovered=1788 persisted=1122 phase=LIVE
2026-01-28 15:19:44.855 19658-21193 XtreamCatalogScanWorker com.fishit.player.v2                 D  PROGRESS discovered=1800 persisted=1122 phase=null
2026-01-28 15:19:44.857 19658-20061 XTC                     com.fishit.player.v2                 D  [VOD] DTO→Raw #400 | id=xtream:vod:786362 | title="Checkmates - Ziemlich schräge Figuren | " | sourceType=XTREAM | Fields: ✓[year=2024, poster] ✗[plot, cast, director, backdrop, duration, tmdb]
2026-01-28 15:19:44.860 19658-21193 SyncPerfMetrics         com.fishit.player.v2                 D  Phase MOVIES started
2026-01-28 15:19:44.861 19658-21193 XtreamCatalogScanWorker com.fishit.player.v2                 D  PROGRESS discovered=1824 persisted=1122 phase=VOD
2026-01-28 15:19:44.871 19658-20059 XTC                     com.fishit.player.v2                 D  [LIVE] DTO→Raw #950 | id=xtream:live:140794 | title="DE: See - Reich der Blinden - Premium 24" | sourceType=XTREAM | Fields: ✓[poster] ✗[year, plot, cast, director, backdrop, duration, tmdb]
2026-01-28 15:19:44.880 19658-20060 XtreamCatalogScanWorker com.fishit.player.v2                 D  PROGRESS discovered=1900 persisted=1122 phase=null
2026-01-28 15:19:44.881 19658-20061 XTC                     com.fishit.player.v2                 D  [VOD] DTO→Raw #450 | id=xtream:vod:783657 | title="The Ballad of Wallis Island | 2025 | 7.0" | sourceType=XTREAM | Fields: ✓[year=2025, poster] ✗[plot, cast, director, backdrop, duration, tmdb]
2026-01-28 15:19:44.892 19658-20061 XTC                     com.fishit.player.v2                 D  [VOD] DTO→Raw #500 | id=xtream:vod:780844 | title="Shadow of God | 2025 | 5.0 |" | sourceType=XTREAM | Fields: ✓[year=2025, poster] ✗[plot, cast, director, backdrop, duration, tmdb]
2026-01-28 15:19:44.895 19658-20060 SyncPerfMetrics         com.fishit.player.v2                 D  Phase MOVIES started
2026-01-28 15:19:44.896 19658-20060 XtreamCatalogScanWorker com.fishit.player.v2                 D  PROGRESS discovered=1963 persisted=1122 phase=VOD
2026-01-28 15:19:44.950 19658-20059 XTC                     com.fishit.player.v2                 D  [LIVE] DTO→Raw #1000 | id=xtream:live:143675 | title="DE: Bad Blood 24/7" | sourceType=XTREAM | Fields: ✓[poster] ✗[year, plot, cast, director, backdrop, duration, tmdb]
2026-01-28 15:19:44.951 19658-21184 XtreamCatalogScanWorker com.fishit.player.v2                 D  PROGRESS discovered=2000 persisted=1122 phase=null
2026-01-28 15:19:44.952 19658-21184 SyncPerfMetrics         com.fishit.player.v2                 D  Phase LIVE started
2026-01-28 15:19:44.952 19658-21184 XtreamCatalogScanWorker com.fishit.player.v2                 D  PROGRESS discovered=2000 persisted=1122 phase=LIVE
2026-01-28 15:19:45.012 19658-20070 XTC                     com.fishit.player.v2                 D  [SERIES] DTO→Raw #550 | id=xtream:series:2129 | title="Weihnachtsmann & Co. KG" | sourceType=XTREAM | Fields: ✓[plot(468c), cast, poster] ✗[year, director, backdrop, duration, tmdb]
2026-01-28 15:19:45.025 19658-20060 XtreamCatalogScanWorker com.fishit.player.v2                 D  PROGRESS discovered=2100 persisted=1122 phase=null
2026-01-28 15:19:45.026 19658-20070 XTC                     com.fishit.player.v2                 D  [SERIES] DTO→Raw #600 | id=xtream:series:2346 | title="Shadow and Bone" | sourceType=XTREAM | Fields: ✓[plot(164c), cast, poster] ✗[year, director, backdrop, duration, tmdb]
2026-01-28 15:19:45.026 19658-20061 XTC                     com.fishit.player.v2                 D  [VOD] DTO→Raw #550 | id=xtream:vod:779064 | title="Escape - Der unsichtbare Feind | 2024 | " | sourceType=XTREAM | Fields: ✓[year=2024, poster] ✗[plot, cast, director, backdrop, duration, tmdb]
2026-01-28 15:19:45.028 19658-20060 SyncBatchManager        com.fishit.player.v2                 D  Flushing SERIES batch: 200 items (timeBased=false)
2026-01-28 15:19:45.029 19658-20060 CatalogSyncService      com.fishit.player.v2                 D  Persisting Xtream catalog batch (NX-ONLY): 200 items (canonical_linking=false)
2026-01-28 15:19:45.161 19658-19669 ishit.player.v2         com.fishit.player.v2                 I  Background concurrent copying GC freed 694218(30MB) AllocSpace objects, 4(80KB) LOS objects, 44% free, 30MB/54MB, paused 285us,69us total 188.957ms
2026-01-28 15:19:45.666 19658-19658 ViewRootIm...nActivity] com.fishit.player.v2                 I  ViewPostIme pointer 0
2026-01-28 15:19:45.717 19658-19658 ViewRootIm...nActivity] com.fishit.player.v2                 I  ViewPostIme pointer 1
2026-01-28 15:19:45.734 19658-19658 WindowOnBackDispatcher  com.fishit.player.v2                 W  OnBackInvokedCallback is not enabled for the application.
                                                                                                    Set 'android:enableOnBackInvokedCallback="true"' in the application manifest.
2026-01-28 15:19:45.877 19658-19658 DetailEnrichment        com.fishit.player.v2                 D  enrichIfNeeded: skipped (already has plot) canonicalId=series:mocro-maffia:unknown
2026-01-28 15:19:45.882 19658-19658 DetailEnrichment        com.fishit.player.v2                 D  enrichIfNeeded: skipped (already has plot) canonicalId=series:mocro-maffia:unknown
2026-01-28 15:19:45.882 19658-19658 UnifiedDetailVM         com.fishit.player.v2                 D  Series canonical ID has no numeric ID: series:mocro-maffia:unknown (expected when no Xtream source exists)
2026-01-28 15:19:45.883 19658-19658 UnifiedDetailVM         com.fishit.player.v2                 W  Cannot load series details: unable to extract series ID from series:mocro-maffia:unknown
2026-01-28 15:19:45.942 19658-20059 CatalogSyncService      com.fishit.player.v2                 D  Xtream batch complete (HOT PATH/NX): ingested=200 total_ms=914
2026-01-28 15:19:45.950 19658-20059 SyncPerfMetrics         com.fishit.player.v2                 D  Phase SERIES started
2026-01-28 15:19:45.952 19658-20059 XtreamCatalogScanWorker com.fishit.player.v2                 D  PROGRESS discovered=2149 persisted=1322 phase=SERIES
2026-01-28 15:19:45.958 19658-20059 XtreamCatalogScanWorker com.fishit.player.v2                 D  PROGRESS discovered=2200 persisted=1322 phase=null
2026-01-28 15:19:45.962 19658-21193 XTC                     com.fishit.player.v2                 D  [VOD] DTO→Raw #600 | id=xtream:vod:776412 | title="WWE WrestleMania 41: Sunday | 2025 | 6.1" | sourceType=XTREAM | Fields: ✓[year=2025, poster] ✗[plot, cast, director, backdrop, duration, tmdb]
2026-01-28 15:19:45.980 19658-20059 SyncPerfMetrics         com.fishit.player.v2                 D  Phase MOVIES started
2026-01-28 15:19:45.980 19658-20059 XtreamCatalogScanWorker com.fishit.player.v2                 D  PROGRESS discovered=2258 persisted=1322 phase=VOD
2026-01-28 15:19:45.983 19658-20060 XtreamCatalogScanWorker com.fishit.player.v2                 D  PROGRESS discovered=2300 persisted=1322 phase=null
2026-01-28 15:19:45.990 19658-21193 XTC                     com.fishit.player.v2                 D  [VOD] DTO→Raw #650 | id=xtream:vod:773840 | title="Vena | 2024 | 7.7 |" | sourceType=XTREAM | Fields: ✓[year=2024, poster] ✗[plot, cast, director, backdrop, duration, tmdb]
2026-01-28 15:19:45.991 19658-21389 XTC                     com.fishit.player.v2                 D  [SERIES] DTO→Raw #650 | id=xtream:series:2445 | title="And Just Like That…" | sourceType=XTREAM | Fields: ✓[plot(200c), cast, poster] ✗[year, director, backdrop, duration, tmdb]
2026-01-28 15:19:45.992 19658-20070 XTC                     com.fishit.player.v2                 D  [LIVE] DTO→Raw #1050 | id=xtream:live:364966 | title="DE: SCRUBS 24/7" | sourceType=XTREAM | Fields: ✓[poster] ✗[year, plot, cast, director, backdrop, duration, tmdb]
2026-01-28 15:19:46.008 19658-21193 XTC                     com.fishit.player.v2                 D  [VOD] DTO→Raw #700 | id=xtream:vod:771263 | title="Old Guy - Alter Hund mit neuen Tricks | " | sourceType=XTREAM | Fields: ✓[year=2024, poster] ✗[plot, cast, director, backdrop, duration, tmdb]
2026-01-28 15:19:46.031 19658-20060 XtreamCatalogScanWorker com.fishit.player.v2                 D  PROGRESS discovered=2400 persisted=1322 phase=null
2026-01-28 15:19:46.034 19658-20060 SyncPerfMetrics         com.fishit.player.v2                 D  Phase MOVIES started
2026-01-28 15:19:46.035 19658-20060 XtreamCatalogScanWorker com.fishit.player.v2                 D  PROGRESS discovered=2438 persisted=1322 phase=VOD
2026-01-28 15:19:46.037 19658-20060 XtreamCatalogScanWorker com.fishit.player.v2                 D  PROGRESS discovered=2500 persisted=1322 phase=null
2026-01-28 15:19:46.038 19658-20071 XTC                     com.fishit.player.v2                 D  [SERIES] DTO→Raw #700 | id=xtream:series:2513 | title="Deep Shit" | sourceType=XTREAM | Fields: ✓[plot(317c), cast, poster] ✗[year, director, backdrop, duration, tmdb]
2026-01-28 15:19:46.038 19658-20059 SyncPerfMetrics         com.fishit.player.v2                 D  Phase SERIES started
2026-01-28 15:19:46.039 19658-20059 XtreamCatalogScanWorker com.fishit.player.v2                 D  PROGRESS discovered=2507 persisted=1322 phase=SERIES
2026-01-28 15:19:46.044 19658-21182 XTC                     com.fishit.player.v2                 D  [VOD] DTO→Raw #750 | id=xtream:vod:767670 | title="We Live in Time | 2024 | 7.5 |" | sourceType=XTREAM | Fields: ✓[year=2024, poster] ✗[plot, cast, director, backdrop, duration, tmdb]
2026-01-28 15:19:46.060 19658-20058 XtreamCatalogScanWorker com.fishit.player.v2                 D  PROGRESS discovered=2600 persisted=1322 phase=null
2026-01-28 15:19:46.062 19658-20057 XTC                     com.fishit.player.v2                 D  [LIVE] DTO→Raw #1100 | id=xtream:live:102696 | title="DE: Vera Marvel 5" | sourceType=XTREAM | Fields: ✓[poster] ✗[year, plot, cast, director, backdrop, duration, tmdb]
2026-01-28 15:19:46.063 19658-20071 XTC                     com.fishit.player.v2                 D  [SERIES] DTO→Raw #750 | id=xtream:series:2569 | title="Sharp Objects" | sourceType=XTREAM | Fields: ✓[plot(599c), cast, poster] ✗[year, director, backdrop, duration, tmdb]
2026-01-28 15:19:46.065 19658-20058 SyncPerfMetrics         com.fishit.player.v2                 D  Phase LIVE started
2026-01-28 15:19:46.066 19658-21182 XTC                     com.fishit.player.v2                 D  [VOD] DTO→Raw #800 | id=xtream:vod:765621 | title="The Killer | 2024 | 6.4 |" | sourceType=XTREAM | Fields: ✓[year=2024, poster] ✗[plot, cast, director, backdrop, duration, tmdb]
2026-01-28 15:19:46.067 19658-20058 XtreamCatalogScanWorker com.fishit.player.v2                 D  PROGRESS discovered=2619 persisted=1322 phase=LIVE
2026-01-28 15:19:46.072 19658-20058 SyncBatchManager        com.fishit.player.v2                 D  Flushing MOVIES batch: 400 items (timeBased=false)
2026-01-28 15:19:46.073 19658-20058 CatalogSyncService      com.fishit.player.v2                 D  Persisting Xtream catalog batch (NX-ONLY): 400 items (canonical_linking=false)
2026-01-28 15:19:46.571 19658-19669 ishit.player.v2         com.fishit.player.v2                 I  Background concurrent copying GC freed 751277(35MB) AllocSpace objects, 0(0B) LOS objects, 47% free, 26MB/50MB, paused 205us,50us total 123.757ms
2026-01-28 15:19:47.317 19658-20061 CatalogSyncService      com.fishit.player.v2                 D  Xtream batch complete (HOT PATH/NX): ingested=385 total_ms=2469
2026-01-28 15:19:47.317 19658-20061 CatalogSyncService      com.fishit.player.v2                 D  Time-based flush MOVIES: 385 items in 2469ms
2026-01-28 15:19:47.318 19658-20061 SyncBatchManager        com.fishit.player.v2                 D  Time-based flush for SERIES: 164 items after 2290ms
2026-01-28 15:19:47.318 19658-20061 SyncBatchManager        com.fishit.player.v2                 D  Flushing SERIES batch: 164 items (timeBased=true)
2026-01-28 15:19:47.318 19658-20061 CatalogSyncService      com.fishit.player.v2                 D  Persisting Xtream catalog batch (NX-ONLY): 164 items (canonical_linking=false)
2026-01-28 15:19:47.392 19658-19658 ViewRootIm...nActivity] com.fishit.player.v2                 I  ViewPostIme pointer 0
2026-01-28 15:19:47.449 19658-19658 ViewRootIm...nActivity] com.fishit.player.v2                 I  ViewPostIme pointer 1
2026-01-28 15:19:48.024 19658-20071 CatalogSyncService      com.fishit.player.v2                 D  Xtream batch complete (HOT PATH/NX): ingested=164 total_ms=706
2026-01-28 15:19:48.024 19658-20071 CatalogSyncService      com.fishit.player.v2                 D  Time-based flush SERIES: 164 items in 706ms
2026-01-28 15:19:48.225 19658-20058 SyncBatchManager        com.fishit.player.v2                 D  Time-based flush for LIVE: 369 items after 4320ms
2026-01-28 15:19:48.225 19658-20058 SyncBatchManager        com.fishit.player.v2                 D  Flushing LIVE batch: 369 items (timeBased=true)
2026-01-28 15:19:48.225 19658-20058 CatalogSyncService      com.fishit.player.v2                 D  Persisting Xtream live batch (NX-ONLY): 369 items
2026-01-28 15:19:48.501 19658-19658 ViewRootIm...nActivity] com.fishit.player.v2                 I  ViewPostIme pointer 0
2026-01-28 15:19:48.686 19658-19658 ViewRootIm...nActivity] com.fishit.player.v2                 I  ViewPostIme pointer 1
2026-01-28 15:19:50.294 19658-21193 CatalogSyncService      com.fishit.player.v2                 D  Xtream batch complete (HOT PATH/NX): ingested=400 total_ms=4222
2026-01-28 15:19:50.295 19658-21193 SyncPerfMetrics         com.fishit.player.v2                 D  Phase MOVIES started
2026-01-28 15:19:50.296 19658-21193 XtreamCatalogScanWorker com.fishit.player.v2                 D  PROGRESS discovered=2661 persisted=2271 phase=VOD
2026-01-28 15:19:50.297 19658-21193 XtreamCatalogScanWorker com.fishit.player.v2                 D  PROGRESS discovered=2700 persisted=2271 phase=null
2026-01-28 15:19:50.300 19658-21182 XTC                     com.fishit.player.v2                 D  [VOD] DTO→Raw #850 | id=xtream:vod:763435 | title="Escape: Flucht in die Freiheit | 2024 | " | sourceType=XTREAM | Fields: ✓[year=2024, poster] ✗[plot, cast, director, backdrop, duration, tmdb]
2026-01-28 15:19:50.304 19658-20071 XTC                     com.fishit.player.v2                 D  [LIVE] DTO→Raw #1150 | id=xtream:live:150141 | title="DE-SELECT: 2 - ANEMONE" | sourceType=XTREAM | Fields: ✓[poster] ✗[year, plot, cast, director, backdrop, duration, tmdb]
2026-01-28 15:19:50.304 19658-20072 XtreamCatalogScanWorker com.fishit.player.v2                 D  PROGRESS discovered=2800 persisted=2271 phase=null
2026-01-28 15:19:50.304 19658-20059 XTC                     com.fishit.player.v2                 D  [SERIES] DTO→Raw #800 | id=xtream:series:2619 | title="Informer" | sourceType=XTREAM | Fields: ✓[plot(665c), cast, poster] ✗[year, director, backdrop, duration, tmdb]
2026-01-28 15:19:50.306 19658-20072 SyncPerfMetrics         com.fishit.player.v2                 D  Phase SERIES started
2026-01-28 15:19:50.307 19658-20072 XtreamCatalogScanWorker com.fishit.player.v2                 D  PROGRESS discovered=2830 persisted=2271 phase=SERIES
2026-01-28 15:19:50.309 19658-21182 XTC                     com.fishit.player.v2                 D  [VOD] DTO→Raw #900 | id=xtream:vod:761313 | title="Blitz | 2024 | 5.2 |" | sourceType=XTREAM | Fields: ✓[year=2024, poster] ✗[plot, cast, director, backdrop, duration, tmdb]
2026-01-28 15:19:50.312 19658-20072 SyncPerfMetrics         com.fishit.player.v2                 D  Phase MOVIES started
2026-01-28 15:19:50.313 19658-20072 XtreamCatalogScanWorker com.fishit.player.v2                 D  PROGRESS discovered=2882 persisted=2271 phase=VOD
2026-01-28 15:19:50.313 19658-20072 XtreamCatalogScanWorker com.fishit.player.v2                 D  PROGRESS discovered=2900 persisted=2271 phase=null
2026-01-28 15:19:50.316 19658-20059 XTC                     com.fishit.player.v2                 D  [VOD] DTO→Raw #950 | id=xtream:vod:756534 | title="Libre | 2024 | 5.9 |" | sourceType=XTREAM | Fields: ✓[year=2024, poster] ✗[plot, cast, director, backdrop, duration, tmdb]
2026-01-28 15:19:50.317 19658-20071 XTC                     com.fishit.player.v2                 D  [SERIES] DTO→Raw #850 | id=xtream:series:2670 | title="The Sniffer" | sourceType=XTREAM | Fields: ✓[cast, poster] ✗[year, plot, director, backdrop, duration, tmdb]
2026-01-28 15:19:50.322 19658-21182 XtreamCatalogScanWorker com.fishit.player.v2                 D  PROGRESS discovered=3000 persisted=2271 phase=null
2026-01-28 15:19:50.323 19658-20059 XTC                     com.fishit.player.v2                 D  [VOD] DTO→Raw #1000 | id=xtream:vod:755046 | title="Arcadian | 2024 | 6.0 |" | sourceType=XTREAM | Fields: ✓[year=2024, poster] ✗[plot, cast, director, backdrop, duration, tmdb]
2026-01-28 15:19:50.324 19658-21182 SyncPerfMetrics         com.fishit.player.v2                 D  Phase MOVIES started
2026-01-28 15:19:50.324 19658-21182 XtreamCatalogScanWorker com.fishit.player.v2                 D  PROGRESS discovered=3032 persisted=2271 phase=VOD
2026-01-28 15:19:50.345 19658-20071 XTC                     com.fishit.player.v2                 D  [SERIES] DTO→Raw #900 | id=xtream:series:2721 | title="Confess" | sourceType=XTREAM | Fields: ✓[cast, poster] ✗[year, plot, director, backdrop, duration, tmdb]
2026-01-28 15:19:50.346 19658-20072 SyncPerfMetrics         com.fishit.player.v2                 D  Phase SERIES started
2026-01-28 15:19:50.348 19658-20072 XtreamCatalogScanWorker com.fishit.player.v2                 D  PROGRESS discovered=3095 persisted=2271 phase=SERIES
2026-01-28 15:19:50.349 19658-20072 XtreamCatalogScanWorker com.fishit.player.v2                 D  PROGRESS discovered=3100 persisted=2271 phase=null
2026-01-28 15:19:50.351 19658-20057 XTC                     com.fishit.player.v2                 D  [LIVE] DTO→Raw #1200 | id=xtream:live:376376 | title="DE: One Piece - 5 Premium 24/7" | sourceType=XTREAM | Fields: ✓[poster] ✗[year, plot, cast, director, backdrop, duration, tmdb]
2026-01-28 15:19:50.354 19658-20072 SyncPerfMetrics         com.fishit.player.v2                 D  Phase LIVE started
2026-01-28 15:19:50.355 19658-20072 XtreamCatalogScanWorker com.fishit.player.v2                 D  PROGRESS discovered=3127 persisted=2271 phase=LIVE
2026-01-28 15:19:50.357 19658-20071 XTC                     com.fishit.player.v2                 D  [SERIES] DTO→Raw #950 | id=xtream:series:2771 | title="Riverdale" | sourceType=XTREAM | Fields: ✓[plot(606c), cast, poster] ✗[year, director, backdrop, duration, tmdb]
2026-01-28 15:19:50.360 19658-20072 SyncBatchManager        com.fishit.player.v2                 D  Flushing SERIES batch: 200 items (timeBased=false)
2026-01-28 15:19:50.360 19658-20072 CatalogSyncService      com.fishit.player.v2                 D  Persisting Xtream catalog batch (NX-ONLY): 200 items (canonical_linking=false)
2026-01-28 15:19:53.958 19658-20061 CatalogSyncService      com.fishit.player.v2                 D  Xtream batch complete (HOT PATH/NX): ingested=200 total_ms=3598
2026-01-28 15:19:53.960 19658-20061 XtreamCatalogScanWorker com.fishit.player.v2                 D  PROGRESS discovered=3200 persisted=2471 phase=null
