2026-01-28 15:05:50.781 17087-17697 TrafficStats            com.fishit.player.v2                 D  tagSocket(95) with statsTag=0xffffffff, statsUid=-1
2026-01-28 15:05:50.784 17087-17693 TrafficStats            com.fishit.player.v2                 D  tagSocket(139) with statsTag=0xffffffff, statsUid=-1
2026-01-28 15:05:50.793 17087-17106 ishit.player.v2         com.fishit.player.v2                 I  Background concurrent copying GC freed 658721(24MB) AllocSpace objects, 0(0B) LOS objects, 44% free, 30MB/54MB, paused 91us,550us total 139.504ms
2026-01-28 15:05:51.119 17087-17693 TrafficStats            com.fishit.player.v2                 D  tagSocket(139) with statsTag=0xffffffff, statsUid=-1
2026-01-28 15:05:51.138 17087-17697 TrafficStats            com.fishit.player.v2                 D  tagSocket(136) with statsTag=0xffffffff, statsUid=-1
2026-01-28 15:05:51.625 17087-17437 XtreamApiClient         com.fishit.player.v2                 D  StreamingFetch: Success for konigtv.com/player_api.php, streaming response
2026-01-28 15:05:51.897 17087-17738 CatalogSyncService      com.fishit.player.v2                 D  Xtream live batch complete (NX): ingested=199 total_ms=1974
2026-01-28 15:05:51.898 17087-17738 CatalogSyncService      com.fishit.player.v2                 D  Time-based flush LIVE: 199 items in 1975ms
2026-01-28 15:05:51.898 17087-17738 SyncBatchManager        com.fishit.player.v2                 D  Time-based flush for MOVIES: 39 items after 3814ms
2026-01-28 15:05:51.898 17087-17738 SyncBatchManager        com.fishit.player.v2                 D  Flushing MOVIES batch: 39 items (timeBased=true)
2026-01-28 15:05:51.899 17087-17738 CatalogSyncService      com.fishit.player.v2                 D  Persisting Xtream catalog batch (NX-ONLY): 39 items (canonical_linking=false)
2026-01-28 15:05:52.326 17087-17087 ViewRootIm...nActivity] com.fishit.player.v2                 I  ViewPostIme pointer 0
2026-01-28 15:05:52.554 17087-17087 ViewRootIm...nActivity] com.fishit.player.v2                 I  ViewPostIme pointer 1
2026-01-28 15:05:53.468 17087-17437 CatalogSyncService      com.fishit.player.v2                 D  Xtream batch complete (HOT PATH/NX): ingested=200 total_ms=3060
2026-01-28 15:05:53.470 17087-17437 XtreamCatalogScanWorker com.fishit.player.v2                 D  PROGRESS discovered=3100 persisted=2901 phase=null
2026-01-28 15:05:53.471 17087-17683 XTC                     com.fishit.player.v2                 D  [SERIES] DTO→Raw #1100 | id=xtream:series:687 | title="The I-Land" | sourceType=XTREAM | Fields: ✓[plot(471c), cast, poster] ✗[year, director, backdrop, duration, tmdb]
2026-01-28 15:05:53.474 17087-17437 SyncPerfMetrics         com.fishit.player.v2                 D  Phase SERIES started
2026-01-28 15:05:53.474 17087-17437 XtreamCatalogScanWorker com.fishit.player.v2                 D  PROGRESS discovered=3162 persisted=2901 phase=SERIES
2026-01-28 15:05:53.477 17087-17437 XtreamCatalogScanWorker com.fishit.player.v2                 D  PROGRESS discovered=3200 persisted=2901 phase=null
2026-01-28 15:05:53.486 17087-17435 XTC                     com.fishit.player.v2                 D  [VOD] DTO→Raw #1050 | id=xtream:vod:801981 | title="Anaconda | 2025 | 6.7" | sourceType=XTREAM | Fields: ✓[year=2025, poster] ✗[plot, cast, director, backdrop, duration, tmdb]
2026-01-28 15:05:53.490 17087-17683 XTC                     com.fishit.player.v2                 D  [SERIES] DTO→Raw #1150 | id=xtream:series:784 | title="Who Killed Jeffrey Epstein" | sourceType=XTREAM | Fields: ✓[poster] ✗[year, plot, cast, director, backdrop, duration, tmdb]
2026-01-28 15:05:53.496 17087-17435 XTC                     com.fishit.player.v2                 D  [VOD] DTO→Raw #1100 | id=xtream:vod:800634 | title="Whiteout - Überleben ist alles | 2025 | " | sourceType=XTREAM | Fields: ✓[year=2025, poster] ✗[plot, cast, director, backdrop, duration, tmdb]
2026-01-28 15:05:53.501 17087-17446 XtreamCatalogScanWorker com.fishit.player.v2                 D  PROGRESS discovered=3300 persisted=2901 phase=null
2026-01-28 15:05:53.503 17087-17446 SyncPerfMetrics         com.fishit.player.v2                 D  Phase MOVIES started
2026-01-28 15:05:53.504 17087-17446 XtreamCatalogScanWorker com.fishit.player.v2                 D  PROGRESS discovered=3336 persisted=2901 phase=VOD
2026-01-28 15:05:53.516 17087-17737 XtreamCatalogScanWorker com.fishit.player.v2                 D  PROGRESS discovered=3400 persisted=2901 phase=null
2026-01-28 15:05:53.517 17087-17435 XTC                     com.fishit.player.v2                 D  [LIVE] DTO→Raw #1100 | id=xtream:live:49200 | title="DE: Pro 7 Maxx FHD" | sourceType=XTREAM | Fields: ✓[poster] ✗[year, plot, cast, director, backdrop, duration, tmdb]
2026-01-28 15:05:53.519 17087-17737 SyncPerfMetrics         com.fishit.player.v2                 D  Phase LIVE started
2026-01-28 15:05:53.521 17087-17737 XtreamCatalogScanWorker com.fishit.player.v2                 D  PROGRESS discovered=3412 persisted=2901 phase=LIVE
2026-01-28 15:05:53.523 17087-17682 XTC                     com.fishit.player.v2                 D  [SERIES] DTO→Raw #1200 | id=xtream:series:1141 | title="Godless" | sourceType=XTREAM | Fields: ✓[plot(170c), cast, poster] ✗[year, director, backdrop, duration, tmdb]
2026-01-28 15:05:53.523 17087-17737 SyncPerfMetrics         com.fishit.player.v2                 D  Phase SERIES started
2026-01-28 15:05:53.524 17087-17737 XtreamCatalogScanWorker com.fishit.player.v2                 D  PROGRESS discovered=3435 persisted=2901 phase=SERIES
2026-01-28 15:05:53.560 17087-17087 ViewRootIm...nActivity] com.fishit.player.v2                 I  ViewPostIme pointer 0
2026-01-28 15:05:53.567 17087-17683 XTC                     com.fishit.player.v2                 D  [VOD] DTO→Raw #1150 | id=xtream:vod:798830 | title="825 Forest Road | 2025 | 5.9 |" | sourceType=XTREAM | Fields: ✓[year=2025, poster] ✗[plot, cast, director, backdrop, duration, tmdb]
2026-01-28 15:05:53.567 17087-17682 XTC                     com.fishit.player.v2                 D  [SERIES] DTO→Raw #1250 | id=xtream:series:1344 | title="LOL: Last One Laughing" | sourceType=XTREAM | Fields: ✓[plot(258c), cast, poster] ✗[year, director, backdrop, duration, tmdb]
2026-01-28 15:05:53.568 17087-17737 XTC                     com.fishit.player.v2                 D  [LIVE] DTO→Raw #1150 | id=xtream:live:361561 | title="DE: NDR Hamburg" | sourceType=XTREAM | Fields: ✓[poster] ✗[year, plot, cast, director, backdrop, duration, tmdb]
2026-01-28 15:05:53.569 17087-17738 XtreamCatalogScanWorker com.fishit.player.v2                 D  PROGRESS discovered=3500 persisted=2901 phase=null
2026-01-28 15:05:53.571 17087-17738 SyncBatchManager        com.fishit.player.v2                 D  Flushing SERIES batch: 200 items (timeBased=false)
2026-01-28 15:05:53.571 17087-17738 CatalogSyncService      com.fishit.player.v2                 D  Persisting Xtream catalog batch (NX-ONLY): 200 items (canonical_linking=false)
2026-01-28 15:05:53.877 17087-17087 ViewRootIm...nActivity] com.fishit.player.v2                 I  ViewPostIme pointer 1
2026-01-28 15:05:54.009 17087-17737 CatalogSyncService      com.fishit.player.v2                 D  Xtream batch complete (HOT PATH/NX): ingested=39 total_ms=2110
2026-01-28 15:05:54.009 17087-17737 CatalogSyncService      com.fishit.player.v2                 D  Time-based flush MOVIES: 39 items in 2110ms
2026-01-28 15:05:54.210 17087-17446 SyncBatchManager        com.fishit.player.v2                 D  Time-based flush for LIVE: 260 items after 4288ms
2026-01-28 15:05:54.210 17087-17446 SyncBatchManager        com.fishit.player.v2                 D  Flushing LIVE batch: 260 items (timeBased=true)
2026-01-28 15:05:54.211 17087-17446 CatalogSyncService      com.fishit.player.v2                 D  Persisting Xtream live batch (NX-ONLY): 260 items
2026-01-28 15:05:56.190 17087-17087 ViewRootIm...nActivity] com.fishit.player.v2                 I  ViewPostIme pointer 0
2026-01-28 15:05:56.255 17087-17087 ViewRootIm...nActivity] com.fishit.player.v2                 I  ViewPostIme pointer 1
2026-01-28 15:05:56.275 17087-17087 WindowOnBackDispatcher  com.fishit.player.v2                 W  OnBackInvokedCallback is not enabled for the application.
                                                                                                    Set 'android:enableOnBackInvokedCallback="true"' in the application manifest.
2026-01-28 15:05:56.416 17087-17087 DetailEnrichment        com.fishit.player.v2                 D  enrichIfNeeded: skipped (no enrichment path) canonicalId=movie:schwarzeschafe:2025 hasXtream=false
2026-01-28 15:05:56.421 17087-17087 DetailEnrichment        com.fishit.player.v2                 D  enrichIfNeeded: skipped (no enrichment path) canonicalId=movie:schwarzeschafe:2025 hasXtream=false
2026-01-28 15:05:59.160 17087-17737 CatalogSyncService      com.fishit.player.v2                 D  Xtream batch complete (HOT PATH/NX): ingested=200 total_ms=5588
2026-01-28 15:05:59.165 17087-17087 ViewRootIm...nActivity] com.fishit.player.v2                 I  ViewPostIme pointer 0
2026-01-28 15:05:59.170 17087-17437 XTC                     com.fishit.player.v2                 D  [VOD] DTO→Raw #1200 | id=xtream:vod:797304 | title="Frankenstein | 2025 | 7.9 |" | sourceType=XTREAM | Fields: ✓[year=2025, poster] ✗[plot, cast, director, backdrop, duration, tmdb]
2026-01-28 15:05:59.172 17087-17737 XtreamCatalogScanWorker com.fishit.player.v2                 D  PROGRESS discovered=3600 persisted=3140 phase=null
2026-01-28 15:05:59.172 17087-17087 ViewRootIm...nActivity] com.fishit.player.v2                 I  ViewPostIme pointer 1
2026-01-28 15:05:59.174 17087-17087 UnifiedDetailVM         com.fishit.player.v2                 D  play: canonicalId=movie:schwarzeschafe:2025 sourceKey=src:xtream:xtream:Xtream VOD:vod:xtream:vod:791354 missingHints=[]
2026-01-28 15:05:59.176 17087-17737 SyncPerfMetrics         com.fishit.player.v2                 D  Phase MOVIES started
2026-01-28 15:05:59.176 17087-17737 XtreamCatalogScanWorker com.fishit.player.v2                 D  PROGRESS discovered=3656 persisted=3140 phase=VOD
2026-01-28 15:05:59.178 17087-17737 XtreamCatalogScanWorker com.fishit.player.v2                 D  PROGRESS discovered=3700 persisted=3140 phase=null
2026-01-28 15:05:59.181 17087-17435 XTC                     com.fishit.player.v2                 D  [VOD] DTO→Raw #1250 | id=xtream:vod:794087 | title="Jenseits der blauen Grenze | 2024 | 6.4 " | sourceType=XTREAM | Fields: ✓[year=2024, poster] ✗[plot, cast, director, backdrop, duration, tmdb]
2026-01-28 15:05:59.182 17087-17446 XTC                     com.fishit.player.v2                 D  [LIVE] DTO→Raw #1200 | id=xtream:live:197779 | title="DE: QVC STYLE TV" | sourceType=XTREAM | Fields: ✓[poster] ✗[year, plot, cast, director, backdrop, duration, tmdb]
2026-01-28 15:05:59.183 17087-17684 SyncPerfMetrics         com.fishit.player.v2                 D  Phase LIVE started
2026-01-28 15:05:59.184 17087-17684 XtreamCatalogScanWorker com.fishit.player.v2                 D  PROGRESS discovered=3744 persisted=3140 phase=LIVE
2026-01-28 15:05:59.190 17087-17737 XTC                     com.fishit.player.v2                 D  [SERIES] DTO→Raw #1300 | id=xtream:series:1475 | title="Panic" | sourceType=XTREAM | Fields: ✓[plot(526c), cast, poster] ✗[year, director, backdrop, duration, tmdb]
2026-01-28 15:05:59.190 17087-17682 SyncPerfMetrics         com.fishit.player.v2                 D  Phase SERIES started
2026-01-28 15:05:59.191 17087-17682 XtreamCatalogScanWorker com.fishit.player.v2                 D  PROGRESS discovered=3794 persisted=3140 phase=SERIES
2026-01-28 15:05:59.191 17087-17682 XtreamCatalogScanWorker com.fishit.player.v2                 D  PROGRESS discovered=3800 persisted=3140 phase=null
2026-01-28 15:05:59.199 17087-17446 XTC                     com.fishit.player.v2                 D  [LIVE] DTO→Raw #1250 | id=xtream:live:67411 | title="DE: Bndliga 7 SD" | sourceType=XTREAM | Fields: ✓[poster] ✗[year, plot, cast, director, backdrop, duration, tmdb]
2026-01-28 15:05:59.201 17087-17435 XTC                     com.fishit.player.v2                 D  [VOD] DTO→Raw #1300 | id=xtream:vod:791360 | title="All of You | 2025 | 6.5 |" | sourceType=XTREAM | Fields: ✓[year=2025, poster] ✗[plot, cast, director, backdrop, duration, tmdb]
2026-01-28 15:05:59.202 17087-17684 SyncPerfMetrics         com.fishit.player.v2                 D  Phase MOVIES started
2026-01-28 15:05:59.202 17087-17684 XtreamCatalogScanWorker com.fishit.player.v2                 D  PROGRESS discovered=3879 persisted=3140 phase=VOD
2026-01-28 15:05:59.204 17087-17684 XtreamCatalogScanWorker com.fishit.player.v2                 D  PROGRESS discovered=3900 persisted=3140 phase=null
2026-01-28 15:05:59.209 17087-17737 XTC                     com.fishit.player.v2                 D  [SERIES] DTO→Raw #1350 | id=xtream:series:1604 | title="Monster bei der Arbeit" | sourceType=XTREAM | Fields: ✓[plot(482c), cast, poster] ✗[year, director, backdrop, duration, tmdb]
2026-01-28 15:05:59.217 17087-17435 XTC                     com.fishit.player.v2                 D  [VOD] DTO→Raw #1350 | id=xtream:vod:788976 | title="Was ist Liebe wert - Materialists | 2025" | sourceType=XTREAM | Fields: ✓[year=2025, poster] ✗[plot, cast, director, backdrop, duration, tmdb]
2026-01-28 15:05:59.225 17087-17435 XTC                     com.fishit.player.v2                 D  [VOD] DTO→Raw #1400 | id=xtream:vod:786362 | title="Checkmates - Ziemlich schräge Figuren | " | sourceType=XTREAM | Fields: ✓[year=2024, poster] ✗[plot, cast, director, backdrop, duration, tmdb]
2026-01-28 15:05:59.225 17087-17682 XtreamCatalogScanWorker com.fishit.player.v2                 D  PROGRESS discovered=4000 persisted=3140 phase=null
2026-01-28 15:05:59.229 17087-17682 SyncBatchManager        com.fishit.player.v2                 D  Flushing MOVIES batch: 400 items (timeBased=false)
2026-01-28 15:05:59.229 17087-17682 CatalogSyncService      com.fishit.player.v2                 D  Persisting Xtream catalog batch (NX-ONLY): 400 items (canonical_linking=false)
2026-01-28 15:05:59.236 17087-17087 PlayerNavViewModel      com.fishit.player.v2                 D  Using pending playback: movie:schwarzeschafe:2025
2026-01-28 15:05:59.291 17087-17087 PlayerUiViewModel       com.fishit.player.v2                 D  player.ui.start.requested: canonicalId=movie:schwarzeschafe:2025
2026-01-28 15:05:59.292 17087-17087 InternalPlayerEntryImpl com.fishit.player.v2                 D  Starting playback: movie:schwarzeschafe:2025
2026-01-28 15:05:59.299 17087-17087 SubtitleTrackManager    com.fishit.player.v2                 D  Detached from player
2026-01-28 15:05:59.299 17087-17087 AudioTrackManager       com.fishit.player.v2                 D  Detached from player
2026-01-28 15:05:59.300 17087-17087 InternalPlayerSession   com.fishit.player.v2                 D  Initializing playback: movie:schwarzeschafe:2025
2026-01-28 15:05:59.331 17087-17087 PlaybackSourceResolver  com.fishit.player.v2                 D  Resolving source for: movie:schwarzeschafe:2025 (UNKNOWN)
2026-01-28 15:05:59.340 17087-17087 PlaybackSourceResolver  com.fishit.player.v2                 E  No factory and no valid URI for UNKNOWN
2026-01-28 15:05:59.342 17087-17087 InternalPlayerSession   com.fishit.player.v2                 E  Failed to resolve source
                                                                                                    com.fishit.player.playback.domain.PlaybackSourceException: No playback source available for UNKNOWN. Please ensure the source is configured correctly.
                                                                                                    	at com.fishit.player.internal.source.PlaybackSourceResolver.resolveFallback(PlaybackSourceResolver.kt:113)
                                                                                                    	at com.fishit.player.internal.source.PlaybackSourceResolver.resolve(PlaybackSourceResolver.kt:81)
                                                                                                    	at com.fishit.player.internal.session.InternalPlayerSession$initialize$4.invokeSuspend(InternalPlayerSession.kt:226)
                                                                                                    	at kotlin.coroutines.jvm.internal.BaseContinuationImpl.resumeWith(ContinuationImpl.kt:34)
                                                                                                    	at kotlinx.coroutines.DispatchedTask.run(DispatchedTask.kt:100)
                                                                                                    	at android.os.Handler.handleCallback(Handler.java:958)
                                                                                                    	at android.os.Handler.dispatchMessage(Handler.java:99)
                                                                                                    	at android.os.Looper.loopOnce(Looper.java:230)
                                                                                                    	at android.os.Looper.loop(Looper.java:319)
                                                                                                    	at android.app.ActivityThread.main(ActivityThread.java:8919)
                                                                                                    	at java.lang.reflect.Method.invoke(Native Method)
                                                                                                    	at com.android.internal.os.RuntimeInit$MethodAndArgsCaller.run(RuntimeInit.java:578)
                                                                                                    	at com.android.internal.os.ZygoteInit.main(ZygoteInit.java:1103)
2026-01-28 15:05:59.344 17087-17087 InternalPlayerEntryImpl com.fishit.player.v2                 D  Playback started: movie:schwarzeschafe:2025
2026-01-28 15:05:59.344 17087-17087 PlayerUiViewModel       com.fishit.player.v2                 D  player.ui.start.succeeded: canonicalId=movie:schwarzeschafe:2025
2026-01-28 15:05:59.373 17087-17087 ViewRootIm...nActivity] com.fishit.player.v2                 I  ViewPostIme pointer 0
2026-01-28 15:05:59.415 17087-17087 ViewRootIm...nActivity] com.fishit.player.v2                 I  ViewPostIme pointer 1
2026-01-28 15:06:05.859 17087-17437 CatalogSyncService      com.fishit.player.v2                 D  Xtream live batch complete (NX): ingested=260 total_ms=11647
2026-01-28 15:06:05.859 17087-17437 CatalogSyncService      com.fishit.player.v2                 D  Time-based flush LIVE: 260 items in 11648ms
2026-01-28 15:06:05.859 17087-17437 SyncBatchManager        com.fishit.player.v2                 D  Time-based flush for SERIES: 124 items after 12288ms
2026-01-28 15:06:05.860 17087-17437 SyncBatchManager        com.fishit.player.v2                 D  Flushing SERIES batch: 124 items (timeBased=true)
2026-01-28 15:06:05.860 17087-17437 CatalogSyncService      com.fishit.player.v2                 D  Persisting Xtream catalog batch (NX-ONLY): 124 items (canonical_linking=false)
