2026-01-30 09:05:59.099 30107-30665 BufferQueueProducer     com.fishit.player.v2                 W  [SurfaceView[com.fishit.player.v2/com.fishit.player.v2.MainActivity]@0#1(BLAST Consumer)1](id:759b00000001,api:3,p:30107,c:30107) detachBuffer: slot 14 is not owned by the producer (state = FREE)
2026-01-30 09:05:59.099 30107-30665 BufferQueueProducer     com.fishit.player.v2                 W  [SurfaceView[com.fishit.player.v2/com.fishit.player.v2.MainActivity]@0#1(BLAST Consumer)1](id:759b00000001,api:3,p:30107,c:30107) detachBuffer: slot 16 is not owned by the producer (state = ACQUIRED)
2026-01-30 09:05:59.099 30107-30665 BufferQueueProducer     com.fishit.player.v2                 W  [SurfaceView[com.fishit.player.v2/com.fishit.player.v2.MainActivity]@0#1(BLAST Consumer)1](id:759b00000001,api:3,p:30107,c:30107) detachBuffer: slot 17 is not owned by the producer (state = FREE)
2026-01-30 09:05:59.100 30107-30665 BufferQueueProducer     com.fishit.player.v2                 W  [SurfaceView[com.fishit.player.v2/com.fishit.player.v2.MainActivity]@0#1(BLAST Consumer)1](id:759b00000001,api:3,p:30107,c:30107) detachBuffer: slot 18 is not owned by the producer (state = FREE)
2026-01-30 09:05:59.100 30107-30665 BufferQueueProducer     com.fishit.player.v2                 W  [SurfaceView[com.fishit.player.v2/com.fishit.player.v2.MainActivity]@0#1(BLAST Consumer)1](id:759b00000001,api:3,p:30107,c:30107) detachBuffer: slot 19 is not owned by the producer (state = FREE)
2026-01-30 09:05:59.100 30107-30665 BufferQueueProducer     com.fishit.player.v2                 W  [SurfaceView[com.fishit.player.v2/com.fishit.player.v2.MainActivity]@0#1(BLAST Consumer)1](id:759b00000001,api:3,p:30107,c:30107) detachBuffer: slot 20 is not owned by the producer (state = FREE)
2026-01-30 09:05:59.100 30107-30665 BufferQueueProducer     com.fishit.player.v2                 W  [SurfaceView[com.fishit.player.v2/com.fishit.player.v2.MainActivity]@0#1(BLAST Consumer)1](id:759b00000001,api:3,p:30107,c:30107) detachBuffer: slot 21 is not owned by the producer (state = FREE)
2026-01-30 09:05:59.100 30107-30665 BufferQueueProducer     com.fishit.player.v2                 W  [SurfaceView[com.fishit.player.v2/com.fishit.player.v2.MainActivity]@0#1(BLAST Consumer)1](id:759b00000001,api:3,p:30107,c:30107) detachBuffer: slot 22 is not owned by the producer (state = FREE)
2026-01-30 09:05:59.100 30107-30665 BufferQueueProducer     com.fishit.player.v2                 W  [SurfaceView[com.fishit.player.v2/com.fishit.player.v2.MainActivity]@0#1(BLAST Consumer)1](id:759b00000001,api:3,p:30107,c:30107) detachBuffer: slot 23 is not owned by the producer (state = FREE)
2026-01-30 09:05:59.100 30107-30665 BufferQueueProducer     com.fishit.player.v2                 W  [SurfaceView[com.fishit.player.v2/com.fishit.player.v2.MainActivity]@0#1(BLAST Consumer)1](id:759b00000001,api:3,p:30107,c:30107) detachBuffer: slot 24 is not owned by the producer (state = FREE)
2026-01-30 09:05:59.100 30107-30665 BufferQueueProducer     com.fishit.player.v2                 W  [SurfaceView[com.fishit.player.v2/com.fishit.player.v2.MainActivity]@0#1(BLAST Consumer)1](id:759b00000001,api:3,p:30107,c:30107) detachBuffer: slot 25 is not owned by the producer (state = FREE)
2026-01-30 09:05:59.100 30107-30665 BufferQueueProducer     com.fishit.player.v2                 W  [SurfaceView[com.fishit.player.v2/com.fishit.player.v2.MainActivity]@0#1(BLAST Consumer)1](id:759b00000001,api:3,p:30107,c:30107) detachBuffer: slot 26 is not owned by the producer (state = FREE)
2026-01-30 09:05:59.100 30107-30665 BufferQueueProducer     com.fishit.player.v2                 W  [SurfaceView[com.fishit.player.v2/com.fishit.player.v2.MainActivity]@0#1(BLAST Consumer)1](id:759b00000001,api:3,p:30107,c:30107) detachBuffer: slot 27 is not owned by the producer (state = FREE)
2026-01-30 09:05:59.100 30107-30665 BufferQueueProducer     com.fishit.player.v2                 W  [SurfaceView[com.fishit.player.v2/com.fishit.player.v2.MainActivity]@0#1(BLAST Consumer)1](id:759b00000001,api:3,p:30107,c:30107) detachBuffer: slot 28 is not owned by the producer (state = FREE)
2026-01-30 09:05:59.100 30107-30665 BufferQueueProducer     com.fishit.player.v2                 W  [SurfaceView[com.fishit.player.v2/com.fishit.player.v2.MainActivity]@0#1(BLAST Consumer)1](id:759b00000001,api:3,p:30107,c:30107) detachBuffer: slot 29 is not owned by the producer (state = FREE)
2026-01-30 09:05:59.100 30107-30665 BufferQueueProducer     com.fishit.player.v2                 W  [SurfaceView[com.fishit.player.v2/com.fishit.player.v2.MainActivity]@0#1(BLAST Consumer)1](id:759b00000001,api:3,p:30107,c:30107) detachBuffer: slot 30 is not owned by the producer (state = FREE)
2026-01-30 09:05:59.100 30107-30665 BufferQueueProducer     com.fishit.player.v2                 W  [SurfaceView[com.fishit.player.v2/com.fishit.player.v2.MainActivity]@0#1(BLAST Consumer)1](id:759b00000001,api:3,p:30107,c:30107) detachBuffer: slot 31 is not owned by the producer (state = FREE)
2026-01-30 09:05:59.100 30107-30665 BufferQueueProducer     com.fishit.player.v2                 W  [SurfaceView[com.fishit.player.v2/com.fishit.player.v2.MainActivity]@0#1(BLAST Consumer)1](id:759b00000001,api:3,p:30107,c:30107) detachBuffer: slot 32 is not owned by the producer (state = FREE)
2026-01-30 09:05:59.100 30107-30665 BufferQueueProducer     com.fishit.player.v2                 W  [SurfaceView[com.fishit.player.v2/com.fishit.player.v2.MainActivity]@0#1(BLAST Consumer)1](id:759b00000001,api:3,p:30107,c:30107) detachBuffer: slot 33 is not owned by the producer (state = FREE)
2026-01-30 09:05:59.100 30107-30665 BufferQueueProducer     com.fishit.player.v2                 W  [SurfaceView[com.fishit.player.v2/com.fishit.player.v2.MainActivity]@0#1(BLAST Consumer)1](id:759b00000001,api:3,p:30107,c:30107) detachBuffer: slot 34 is not owned by the producer (state = FREE)
2026-01-30 09:05:59.100 30107-30665 BufferQueueProducer     com.fishit.player.v2                 W  [SurfaceView[com.fishit.player.v2/com.fishit.player.v2.MainActivity]@0#1(BLAST Consumer)1](id:759b00000001,api:3,p:30107,c:30107) detachBuffer: slot 35 is not owned by the producer (state = FREE)
2026-01-30 09:05:59.100 30107-30665 BufferQueueProducer     com.fishit.player.v2                 W  [SurfaceView[com.fishit.player.v2/com.fishit.player.v2.MainActivity]@0#1(BLAST Consumer)1](id:759b00000001,api:3,p:30107,c:30107) detachBuffer: slot 36 is not owned by the producer (state = FREE)
2026-01-30 09:05:59.100 30107-30665 BufferQueueProducer     com.fishit.player.v2                 W  [SurfaceView[com.fishit.player.v2/com.fishit.player.v2.MainActivity]@0#1(BLAST Consumer)1](id:759b00000001,api:3,p:30107,c:30107) detachBuffer: slot 37 is not owned by the producer (state = FREE)
2026-01-30 09:05:59.101 30107-30665 BufferQueueProducer     com.fishit.player.v2                 W  [SurfaceView[com.fishit.player.v2/com.fishit.player.v2.MainActivity]@0#1(BLAST Consumer)1](id:759b00000001,api:3,p:30107,c:30107) detachBuffer: slot 38 is not owned by the producer (state = FREE)
2026-01-30 09:05:59.101 30107-30665 BufferQueueProducer     com.fishit.player.v2                 W  [SurfaceView[com.fishit.player.v2/com.fishit.player.v2.MainActivity]@0#1(BLAST Consumer)1](id:759b00000001,api:3,p:30107,c:30107) detachBuffer: slot 39 is not owned by the producer (state = FREE)
2026-01-30 09:05:59.101 30107-30665 BufferQueueProducer     com.fishit.player.v2                 W  [SurfaceView[com.fishit.player.v2/com.fishit.player.v2.MainActivity]@0#1(BLAST Consumer)1](id:759b00000001,api:3,p:30107,c:30107) detachBuffer: slot 40 is not owned by the producer (state = FREE)
2026-01-30 09:05:59.101 30107-30665 BufferQueueProducer     com.fishit.player.v2                 W  [SurfaceView[com.fishit.player.v2/com.fishit.player.v2.MainActivity]@0#1(BLAST Consumer)1](id:759b00000001,api:3,p:30107,c:30107) detachBuffer: slot 41 is not owned by the producer (state = FREE)
2026-01-30 09:05:59.101 30107-30665 BufferQueueProducer     com.fishit.player.v2                 W  [SurfaceView[com.fishit.player.v2/com.fishit.player.v2.MainActivity]@0#1(BLAST Consumer)1](id:759b00000001,api:3,p:30107,c:30107) detachBuffer: slot 42 is not owned by the producer (state = FREE)
2026-01-30 09:05:59.101 30107-30665 BufferQueueProducer     com.fishit.player.v2                 W  [SurfaceView[com.fishit.player.v2/com.fishit.player.v2.MainActivity]@0#1(BLAST Consumer)1](id:759b00000001,api:3,p:30107,c:30107) detachBuffer: slot 43 is not owned by the producer (state = FREE)
2026-01-30 09:05:59.101 30107-30665 BufferQueueProducer     com.fishit.player.v2                 W  [SurfaceView[com.fishit.player.v2/com.fishit.player.v2.MainActivity]@0#1(BLAST Consumer)1](id:759b00000001,api:3,p:30107,c:30107) detachBuffer: slot 44 is not owned by the producer (state = FREE)
2026-01-30 09:05:59.101 30107-30665 BufferQueueProducer     com.fishit.player.v2                 W  [SurfaceView[com.fishit.player.v2/com.fishit.player.v2.MainActivity]@0#1(BLAST Consumer)1](id:759b00000001,api:3,p:30107,c:30107) detachBuffer: slot 45 is not owned by the producer (state = FREE)
2026-01-30 09:05:59.101 30107-30665 BufferQueueProducer     com.fishit.player.v2                 W  [SurfaceView[com.fishit.player.v2/com.fishit.player.v2.MainActivity]@0#1(BLAST Consumer)1](id:759b00000001,api:3,p:30107,c:30107) detachBuffer: slot 46 is not owned by the producer (state = FREE)
2026-01-30 09:05:59.101 30107-30665 BufferQueueProducer     com.fishit.player.v2                 W  [SurfaceView[com.fishit.player.v2/com.fishit.player.v2.MainActivity]@0#1(BLAST Consumer)1](id:759b00000001,api:3,p:30107,c:30107) detachBuffer: slot 47 is not owned by the producer (state = FREE)
2026-01-30 09:05:59.101 30107-30665 BufferQueueProducer     com.fishit.player.v2                 W  [SurfaceView[com.fishit.player.v2/com.fishit.player.v2.MainActivity]@0#1(BLAST Consumer)1](id:759b00000001,api:3,p:30107,c:30107) detachBuffer: slot 48 is not owned by the producer (state = FREE)
2026-01-30 09:05:59.101 30107-30665 BufferQueueProducer     com.fishit.player.v2                 W  [SurfaceView[com.fishit.player.v2/com.fishit.player.v2.MainActivity]@0#1(BLAST Consumer)1](id:759b00000001,api:3,p:30107,c:30107) detachBuffer: slot 49 is not owned by the producer (state = FREE)
2026-01-30 09:05:59.101 30107-30665 BufferQueueProducer     com.fishit.player.v2                 W  [SurfaceView[com.fishit.player.v2/com.fishit.player.v2.MainActivity]@0#1(BLAST Consumer)1](id:759b00000001,api:3,p:30107,c:30107) detachBuffer: slot 50 is not owned by the producer (state = FREE)
2026-01-30 09:05:59.101 30107-30665 BufferQueueProducer     com.fishit.player.v2                 W  [SurfaceView[com.fishit.player.v2/com.fishit.player.v2.MainActivity]@0#1(BLAST Consumer)1](id:759b00000001,api:3,p:30107,c:30107) detachBuffer: slot 51 is not owned by the producer (state = FREE)
2026-01-30 09:05:59.101 30107-30665 BufferQueueProducer     com.fishit.player.v2                 W  [SurfaceView[com.fishit.player.v2/com.fishit.player.v2.MainActivity]@0#1(BLAST Consumer)1](id:759b00000001,api:3,p:30107,c:30107) detachBuffer: slot 52 is not owned by the producer (state = FREE)
2026-01-30 09:05:59.101 30107-30665 BufferQueueProducer     com.fishit.player.v2                 W  [SurfaceView[com.fishit.player.v2/com.fishit.player.v2.MainActivity]@0#1(BLAST Consumer)1](id:759b00000001,api:3,p:30107,c:30107) detachBuffer: slot 53 is not owned by the producer (state = FREE)
2026-01-30 09:05:59.101 30107-30665 BufferQueueProducer     com.fishit.player.v2                 W  [SurfaceView[com.fishit.player.v2/com.fishit.player.v2.MainActivity]@0#1(BLAST Consumer)1](id:759b00000001,api:3,p:30107,c:30107) detachBuffer: slot 54 is not owned by the producer (state = FREE)
2026-01-30 09:05:59.101 30107-30665 BufferQueueProducer     com.fishit.player.v2                 W  [SurfaceView[com.fishit.player.v2/com.fishit.player.v2.MainActivity]@0#1(BLAST Consumer)1](id:759b00000001,api:3,p:30107,c:30107) detachBuffer: slot 55 is not owned by the producer (state = FREE)
2026-01-30 09:05:59.101 30107-30665 BufferQueueProducer     com.fishit.player.v2                 W  [SurfaceView[com.fishit.player.v2/com.fishit.player.v2.MainActivity]@0#1(BLAST Consumer)1](id:759b00000001,api:3,p:30107,c:30107) detachBuffer: slot 56 is not owned by the producer (state = FREE)
2026-01-30 09:05:59.101 30107-30665 BufferQueueProducer     com.fishit.player.v2                 W  [SurfaceView[com.fishit.player.v2/com.fishit.player.v2.MainActivity]@0#1(BLAST Consumer)1](id:759b00000001,api:3,p:30107,c:30107) detachBuffer: slot 57 is not owned by the producer (state = FREE)
2026-01-30 09:05:59.102 30107-30665 BufferQueueProducer     com.fishit.player.v2                 W  [SurfaceView[com.fishit.player.v2/com.fishit.player.v2.MainActivity]@0#1(BLAST Consumer)1](id:759b00000001,api:3,p:30107,c:30107) detachBuffer: slot 58 is not owned by the producer (state = FREE)
2026-01-30 09:05:59.102 30107-30665 BufferQueueProducer     com.fishit.player.v2                 W  [SurfaceView[com.fishit.player.v2/com.fishit.player.v2.MainActivity]@0#1(BLAST Consumer)1](id:759b00000001,api:3,p:30107,c:30107) detachBuffer: slot 59 is not owned by the producer (state = FREE)
2026-01-30 09:05:59.102 30107-30665 BufferQueueProducer     com.fishit.player.v2                 W  [SurfaceView[com.fishit.player.v2/com.fishit.player.v2.MainActivity]@0#1(BLAST Consumer)1](id:759b00000001,api:3,p:30107,c:30107) detachBuffer: slot 60 is not owned by the producer (state = FREE)
2026-01-30 09:05:59.102 30107-30665 BufferQueueProducer     com.fishit.player.v2                 W  [SurfaceView[com.fishit.player.v2/com.fishit.player.v2.MainActivity]@0#1(BLAST Consumer)1](id:759b00000001,api:3,p:30107,c:30107) detachBuffer: slot 61 is not owned by the producer (state = FREE)
2026-01-30 09:05:59.102 30107-30665 BufferQueueProducer     com.fishit.player.v2                 W  [SurfaceView[com.fishit.player.v2/com.fishit.player.v2.MainActivity]@0#1(BLAST Consumer)1](id:759b00000001,api:3,p:30107,c:30107) detachBuffer: slot 62 is not owned by the producer (state = FREE)
2026-01-30 09:05:59.102 30107-30665 BufferQueueProducer     com.fishit.player.v2                 W  [SurfaceView[com.fishit.player.v2/com.fishit.player.v2.MainActivity]@0#1(BLAST Consumer)1](id:759b00000001,api:3,p:30107,c:30107) detachBuffer: slot 63 is not owned by the producer (state = FREE)
2026-01-30 09:05:59.104 30107-30665 Codec2Client            com.fishit.player.v2                 D  Surface configure completed
2026-01-30 09:05:59.104 30107-30665 SurfaceUtils            com.fishit.player.v2                 D  disconnecting from surface 0xb400007994e420a0, reason disconnectFromSurface
2026-01-30 09:05:59.106 30107-30107 SurfaceView@fdd2853     com.fishit.player.v2                 I  updateSurface: mVisible = false mSurface.isValid() = true
2026-01-30 09:05:59.106 30107-30107 SurfaceView@fdd2853     com.fishit.player.v2                 I  releaseSurfaces: viewRoot = ViewRootImpl@6bc52ae[MainActivity]
2026-01-30 09:05:59.107 30107-30107 SurfaceView@fdd2853     com.fishit.player.v2                 V  Layout: x=0 y=896 w=1080 h=607, frame=Rect(0, 0 - 1080, 607)
2026-01-30 09:05:59.107 30107-30107 SurfaceView@fdd2853     com.fishit.player.v2                 I  onDetachedFromWindow: tryReleaseSurfaces()
2026-01-30 09:05:59.107 30107-30107 SurfaceView@fdd2853     com.fishit.player.v2                 I  releaseSurfaces: viewRoot = ViewRootImpl@6bc52ae[MainActivity]
2026-01-30 09:05:59.128 30107-30107 ViewRootIm...nActivity] com.fishit.player.v2                 I  registerCallbackForPendingTransactions
2026-01-30 09:05:59.135 30107-30143 SurfaceView             com.fishit.player.v2                 D  263357335 windowPositionLost, frameNr = 416
2026-01-30 09:05:59.136 30107-30368 ViewRootIm...nActivity] com.fishit.player.v2                 I  mWNT: t=0xb4000078e4e5b5b0 mBlastBufferQueue=0xb400007a14e51eb0 fn= 416 mRenderHdrSdrRatio=1.0 caller= android.view.ViewRootImpl$6.onFrameDraw:5635 android.view.ViewRootImpl$2.onFrameDraw:2146 android.view.ThreadedRenderer$1.onFrameDraw:792
2026-01-30 09:05:59.297 30107-30117 ishit.player.v2         com.fishit.player.v2                 I  Background young concurrent copying GC freed 922161(26MB) AllocSpace objects, 0(0B) LOS objects, 0% free, 83MB/83MB, paused 1.064ms,393us total 155.832ms
2026-01-30 09:05:59.453 30107-30117 ishit.player.v2         com.fishit.player.v2                 I  Background concurrent copying GC freed 1144026(36MB) AllocSpace objects, 3(56KB) LOS objects, 24% free, 73MB/97MB, paused 404us,38us total 156.015ms
2026-01-30 09:05:59.616 30107-30665 MediaCodec              com.fishit.player.v2                 I  setCodecState state(0), called in 6
2026-01-30 09:05:59.888 30107-30117 ishit.player.v2         com.fishit.player.v2                 I  Background concurrent copying GC freed 1436133(47MB) AllocSpace objects, 6(120KB) LOS objects, 25% free, 69MB/93MB, paused 113us,38us total 105.531ms
2026-01-30 09:06:00.059 30107-30107 ViewRootIm...nActivity] com.fishit.player.v2                 I  ViewPostIme pointer 0
2026-01-30 09:06:00.254 30107-30117 ishit.player.v2         com.fishit.player.v2                 I  Background young concurrent copying GC freed 888968(26MB) AllocSpace objects, 0(0B) LOS objects, 0% free, 91MB/92MB, paused 484us,91us total 123.145ms
2026-01-30 09:06:00.461 30107-30117 ishit.player.v2         com.fishit.player.v2                 I  Background concurrent copying GC freed 1508840(50MB) AllocSpace objects, 2(40KB) LOS objects, 23% free, 79MB/103MB, paused 129us,53us total 202ms
2026-01-30 09:06:00.686 30107-30117 ishit.player.v2         com.fishit.player.v2                 I  Background young concurrent copying GC freed 1413506(42MB) AllocSpace objects, 0(0B) LOS objects, 18% free, 84MB/103MB, paused 602us,374us total 121.495ms
2026-01-30 09:06:00.754 30107-30107 ViewRootIm...nActivity] com.fishit.player.v2                 I  ViewPostIme pointer 1
2026-01-30 09:06:01.099 30107-30117 ishit.player.v2         com.fishit.player.v2                 I  Background concurrent copying GC freed 2606585(83MB) AllocSpace objects, 2(40KB) LOS objects, 21% free, 85MB/109MB, paused 2.416ms,142us total 318.699ms
2026-01-30 09:06:01.260 30107-30107 ViewRootIm...nActivity] com.fishit.player.v2                 I  ViewPostIme pointer 0
2026-01-30 09:06:01.369 30107-30107 ViewRootIm...nActivity] com.fishit.player.v2                 I  ViewPostIme pointer 1
2026-01-30 09:06:01.539 30107-30117 ishit.player.v2         com.fishit.player.v2                 I  Background concurrent copying GC freed 1662786(53MB) AllocSpace objects, 0(0B) LOS objects, 24% free, 75MB/99MB, paused 103us,62us total 162.882ms
2026-01-30 09:06:01.567 30107-30174 CatalogSyncService      com.fishit.player.v2                 D  Xtream batch complete (HOT PATH/NX): ingested=400 total_ms=3734
2026-01-30 09:06:01.567 30107-30174 XtreamCatalogScanWorker com.fishit.player.v2                 D  PROGRESS discovered=4800 persisted=4800 phase=null
2026-01-30 09:06:01.567 30107-30174 SyncPerfMetrics         com.fishit.player.v2                 D  Phase MOVIES started
2026-01-30 09:06:01.568 30107-30174 XtreamCatalogScanWorker com.fishit.player.v2                 D  PROGRESS discovered=4800 persisted=4800 phase=VOD
2026-01-30 09:06:01.583 30107-30137 XtreamCatalogScanWorker com.fishit.player.v2                 D  PROGRESS discovered=4900 persisted=4800 phase=null
2026-01-30 09:06:01.594 30107-30169 XTC                     com.fishit.player.v2                 D  [VOD] DTO→Raw #2900 | id=xtream:vod:388870 | title="Lointain (2021)" | sourceType=XTREAM | Fields: ✓[year=2021, poster] ✗[plot, cast, director, backdrop, duration, tmdb]
2026-01-30 09:06:01.595 30107-30137 SyncPerfMetrics         com.fishit.player.v2                 D  Phase MOVIES started
2026-01-30 09:06:01.595 30107-30137 XtreamCatalogScanWorker com.fishit.player.v2                 D  PROGRESS discovered=4932 persisted=4800 phase=VOD
2026-01-30 09:06:01.601 30107-30135 XTC                     com.fishit.player.v2                 D  [LIVE] DTO→Raw #2050 | id=xtream:live:71808 | title="DE: Deluxe Music HEVC" | sourceType=XTREAM | Fields: ✓[poster] ✗[year, plot, cast, director, backdrop, duration, tmdb]
2026-01-30 09:06:01.615 30107-30137 XtreamCatalogScanWorker com.fishit.player.v2                 D  PROGRESS discovered=5000 persisted=4800 phase=null
2026-01-30 09:06:01.619 30107-30135 XTC                     com.fishit.player.v2                 D  [LIVE] DTO→Raw #2100 | id=xtream:live:49200 | title="DE: Pro 7 Maxx FHD" | sourceType=XTREAM | Fields: ✓[poster] ✗[year, plot, cast, director, backdrop, duration, tmdb]
2026-01-30 09:06:01.619 30107-30137 SyncPerfMetrics         com.fishit.player.v2                 D  Phase LIVE started
2026-01-30 09:06:01.620 30107-30137 XtreamCatalogScanWorker com.fishit.player.v2                 D  PROGRESS discovered=5029 persisted=4800 phase=LIVE
2026-01-30 09:06:01.630 30107-30135 XTC                     com.fishit.player.v2                 D  [LIVE] DTO→Raw #2150 | id=xtream:live:361561 | title="DE: NDR Hamburg" | sourceType=XTREAM | Fields: ✓[poster] ✗[year, plot, cast, director, backdrop, duration, tmdb]
2026-01-30 09:06:01.631 30107-30137 XtreamCatalogScanWorker com.fishit.player.v2                 D  PROGRESS discovered=5100 persisted=4800 phase=null
2026-01-30 09:06:01.632 30107-30169 XTC                     com.fishit.player.v2                 D  [VOD] DTO→Raw #2950 | id=xtream:vod:388922 | title="Held (2021)" | sourceType=XTREAM | Fields: ✓[year=2021, poster] ✗[plot, cast, director, backdrop, duration, tmdb]
2026-01-30 09:06:01.640 30107-30134 XTC                     com.fishit.player.v2                 D  [LIVE] DTO→Raw #2200 | id=xtream:live:197779 | title="DE: QVC STYLE TV" | sourceType=XTREAM | Fields: ✓[poster] ✗[year, plot, cast, director, backdrop, duration, tmdb]
2026-01-30 09:06:01.642 30107-30169 XTC                     com.fishit.player.v2                 D  [VOD] DTO→Raw #3000 | id=xtream:vod:388974 | title="Kate (2021)" | sourceType=XTREAM | Fields: ✓[year=2021, poster] ✗[plot, cast, director, backdrop, duration, tmdb]
2026-01-30 09:06:01.644 30107-30174 SyncPerfMetrics         com.fishit.player.v2                 D  Phase LIVE started
2026-01-30 09:06:01.645 30107-30174 XtreamCatalogScanWorker com.fishit.player.v2                 D  PROGRESS discovered=5185 persisted=4800 phase=LIVE
2026-01-30 09:06:01.645 30107-30174 XtreamCatalogScanWorker com.fishit.player.v2                 D  PROGRESS discovered=5200 persisted=4800 phase=null
2026-01-30 09:06:01.646 30107-30174 SyncPerfMetrics         com.fishit.player.v2                 D  Phase MOVIES started
2026-01-30 09:06:01.646 30107-30174 XtreamCatalogScanWorker com.fishit.player.v2                 D  PROGRESS discovered=5213 persisted=4800 phase=VOD
2026-01-30 09:06:01.665 30107-30134 XTC                     com.fishit.player.v2                 D  [LIVE] DTO→Raw #2250 | id=xtream:live:67411 | title="DE: Bndliga 7 SD" | sourceType=XTREAM | Fields: ✓[poster] ✗[year, plot, cast, director, backdrop, duration, tmdb]
2026-01-30 09:06:01.687 30107-30134 XTC                     com.fishit.player.v2                 D  [LIVE] DTO→Raw #2300 | id=xtream:live:354423 | title="DE: Bundesliga Tivibu 2 (Türkisch)" | sourceType=XTREAM | Fields: ✓[poster] ✗[year, plot, cast, director, backdrop, duration, tmdb]
2026-01-30 09:06:01.688 30107-30172 XtreamCatalogScanWorker com.fishit.player.v2                 D  PROGRESS discovered=5300 persisted=4800 phase=null
2026-01-30 09:06:01.688 30107-30172 SyncPerfMetrics         com.fishit.player.v2                 D  Phase LIVE started
2026-01-30 09:06:01.689 30107-30172 XtreamCatalogScanWorker com.fishit.player.v2                 D  PROGRESS discovered=5300 persisted=4800 phase=LIVE
2026-01-30 09:06:01.706 30107-30134 XTC                     com.fishit.player.v2                 D  [LIVE] DTO→Raw #2350 | id=xtream:live:181819 | title="MyTeam TV - 7" | sourceType=XTREAM | Fields: ✓[poster] ✗[year, plot, cast, director, backdrop, duration, tmdb]
2026-01-30 09:06:01.710 30107-30172 SyncBatchManager        com.fishit.player.v2                 D  Time-based flush for LIVE: 364 items after 3983ms
2026-01-30 09:06:01.711 30107-30172 SyncBatchManager        com.fishit.player.v2                 D  Flushing LIVE batch: 364 items (timeBased=true)
2026-01-30 09:06:01.711 30107-30172 CatalogSyncService      com.fishit.player.v2                 D  Persisting Xtream live batch (NX-ONLY): 364 items
2026-01-30 09:06:01.718 30107-30134 XTC                     com.fishit.player.v2                 D  [LIVE] DTO→Raw #2400 | id=xtream:live:795605 | title="DE: DEL2 EVENT 16" | sourceType=XTREAM | Fields: ✓[poster] ✗[year, plot, cast, director, backdrop, duration, tmdb]
2026-01-30 09:06:01.720 30107-30140 XtreamCatalogScanWorker com.fishit.player.v2                 D  PROGRESS discovered=5400 persisted=4800 phase=null
2026-01-30 09:06:01.721 30107-30140 SyncPerfMetrics         com.fishit.player.v2                 D  Phase LIVE started
2026-01-30 09:06:01.723 30107-30140 XtreamCatalogScanWorker com.fishit.player.v2                 D  PROGRESS discovered=5400 persisted=4800 phase=LIVE
2026-01-30 09:06:01.739 30107-30169 XTC                     com.fishit.player.v2                 D  [VOD] DTO→Raw #3050 | id=xtream:vod:389025 | title="Megaboa (2021)" | sourceType=XTREAM | Fields: ✓[year=2021, poster] ✗[plot, cast, director, backdrop, duration, tmdb]
2026-01-30 09:06:01.744 30107-30174 XtreamCatalogScanWorker com.fishit.player.v2                 D  PROGRESS discovered=5500 persisted=4800 phase=null
2026-01-30 09:06:01.755 30107-30169 XTC                     com.fishit.player.v2                 D  [VOD] DTO→Raw #3100 | id=xtream:vod:389076 | title="Old (2021)" | sourceType=XTREAM | Fields: ✓[year=2021, poster] ✗[plot, cast, director, backdrop, duration, tmdb]
2026-01-30 09:06:01.759 30107-30140 SyncPerfMetrics         com.fishit.player.v2                 D  Phase MOVIES started
2026-01-30 09:06:01.760 30107-30140 XtreamCatalogScanWorker com.fishit.player.v2                 D  PROGRESS discovered=5543 persisted=4800 phase=VOD
2026-01-30 09:06:01.764 30107-30134 XTC                     com.fishit.player.v2                 D  [LIVE] DTO→Raw #2450 | id=xtream:live:792958 | title="DE: RTL+ SPORT EVENT 17" | sourceType=XTREAM | Fields: ✓[poster] ✗[year, plot, cast, director, backdrop, duration, tmdb]
2026-01-30 09:06:01.773 30107-30169 XTC                     com.fishit.player.v2                 D  [VOD] DTO→Raw #3150 | id=xtream:vod:389127 | title="Rettungshund Ruby (2022)" | sourceType=XTREAM | Fields: ✓[year=2022, poster] ✗[plot, cast, director, backdrop, duration, tmdb]
2026-01-30 09:06:01.776 30107-30140 XtreamCatalogScanWorker com.fishit.player.v2                 D  PROGRESS discovered=5600 persisted=4800 phase=null
2026-01-30 09:06:01.787 30107-30134 XTC                     com.fishit.player.v2                 D  [LIVE] DTO→Raw #2500 | id=xtream:live:797354 | title="DE: DAZN EVENT 26 HD" | sourceType=XTREAM | Fields: ✓[poster] ✗[year, plot, cast, director, backdrop, duration, tmdb]
2026-01-30 09:06:01.788 30107-30140 SyncPerfMetrics         com.fishit.player.v2                 D  Phase LIVE started
2026-01-30 09:06:01.788 30107-30140 XtreamCatalogScanWorker com.fishit.player.v2                 D  PROGRESS discovered=5691 persisted=4800 phase=LIVE
2026-01-30 09:06:01.790 30107-30169 XTC                     com.fishit.player.v2                 D  [VOD] DTO→Raw #3200 | id=xtream:vod:389178 | title="Liebe² (2021)" | sourceType=XTREAM | Fields: ✓[year=2021, poster] ✗[plot, cast, director, backdrop, duration, tmdb]
2026-01-30 09:06:01.791 30107-30137 SyncBatchManager        com.fishit.player.v2                 D  Flushing MOVIES batch: 400 items (timeBased=false)
2026-01-30 09:06:01.791 30107-30137 CatalogSyncService      com.fishit.player.v2                 D  Persisting Xtream catalog batch (NX-ONLY): 400 items (canonical_linking=false)
2026-01-30 09:06:01.798 30107-30169 XTC                     com.fishit.player.v2                 D  [VOD] DTO→Raw #3250 | id=xtream:vod:389230 | title="The King's Daughter (2022)" | sourceType=XTREAM | Fields: ✓[year=2022, poster] ✗[plot, cast, director, backdrop, duration, tmdb]
2026-01-30 09:06:01.929 30107-30117 ishit.player.v2         com.fishit.player.v2                 I  Background concurrent copying GC freed 1509150(47MB) AllocSpace objects, 0(0B) LOS objects, 25% free, 71MB/95MB, paused 97us,84us total 100.211ms
2026-01-30 09:06:02.299 30107-30117 ishit.player.v2         com.fishit.player.v2                 I  Background concurrent copying GC freed 1308835(43MB) AllocSpace objects, 0(0B) LOS objects, 25% free, 71MB/95MB, paused 124us,96us total 104.891ms
2026-01-30 09:06:02.470 30107-30107 ViewRootIm...nActivity] com.fishit.player.v2                 I  ViewPostIme pointer 0
2026-01-30 09:06:02.562 30107-30669 BufferPoolAccessor2.0   com.fishit.player.v2                 D  bufferpool2 0xb400007964eafff8 : 5(36700160 size) total buffers - 0(0 size) used buffers - 693/698 (recycle/alloc) - 8/698 (fetch/transfer)
2026-01-30 09:06:02.562 30107-30669 BufferPoolAccessor2.0   com.fishit.player.v2                 D  bufferpool2 0xb400007964ec3828 : 5(40960 size) total buffers - 0(0 size) used buffers - 608/613 (recycle/alloc) - 5/613 (fetch/transfer)
2026-01-30 09:06:02.562 30107-30669 BufferPoolAccessor2.0   com.fishit.player.v2                 D  evictor expired: 2, evicted: 2
2026-01-30 09:06:02.729 30107-30107 ViewRootIm...nActivity] com.fishit.player.v2                 I  ViewPostIme pointer 1
2026-01-30 09:06:02.999 30107-30117 ishit.player.v2         com.fishit.player.v2                 I  Background concurrent copying GC freed 1305099(41MB) AllocSpace objects, 0(0B) LOS objects, 21% free, 86MB/110MB, paused 647us,78us total 166.807ms
2026-01-30 09:06:03.201 30107-30117 ishit.player.v2         com.fishit.player.v2                 I  Background young concurrent copying GC freed 1556248(46MB) AllocSpace objects, 0(0B) LOS objects, 22% free, 83MB/107MB, paused 113us,105us total 101.342ms
2026-01-30 09:06:04.215 30107-30117 ishit.player.v2         com.fishit.player.v2                 I  Background concurrent copying GC freed 1745778(55MB) AllocSpace objects, 0(0B) LOS objects, 21% free, 85MB/109MB, paused 211us,92us total 210.496ms
2026-01-30 09:06:05.534 30107-30117 ishit.player.v2         com.fishit.player.v2                 I  Background young concurrent copying GC freed 930151(27MB) AllocSpace objects, 0(0B) LOS objects, 5% free, 90MB/95MB, paused 135us,112us total 112.756ms
2026-01-30 09:06:06.296 30107-30117 ishit.player.v2         com.fishit.player.v2                 I  Background concurrent copying GC freed 1707602(57MB) AllocSpace objects, 0(0B) LOS objects, 20% free, 91MB/115MB, paused 161us,1.116ms total 243.899ms
2026-01-30 09:06:06.465 30107-30171 CatalogSyncService      com.fishit.player.v2                 D  Xtream live batch complete (NX): ingested=364 total_ms=4754
2026-01-30 09:06:06.465 30107-30171 CatalogSyncService      com.fishit.player.v2                 D  Time-based flush LIVE: 364 items in 4754ms
2026-01-30 09:06:06.666 30107-30174 SyncBatchManager        com.fishit.player.v2                 D  Time-based flush for LIVE: 136 items after 4955ms
2026-01-30 09:06:06.667 30107-30174 SyncBatchManager        com.fishit.player.v2                 D  Flushing LIVE batch: 136 items (timeBased=true)
2026-01-30 09:06:06.667 30107-30174 CatalogSyncService      com.fishit.player.v2                 D  Persisting Xtream live batch (NX-ONLY): 136 items
2026-01-30 09:06:07.193 30107-30171 CatalogSyncService      com.fishit.player.v2                 D  Xtream batch complete (HOT PATH/NX): ingested=400 total_ms=5402
2026-01-30 09:06:07.194 30107-30171 XtreamCatalogScanWorker com.fishit.player.v2                 D  PROGRESS discovered=5700 persisted=5564 phase=null
2026-01-30 09:06:07.194 30107-30171 SyncPerfMetrics         com.fishit.player.v2                 D  Phase MOVIES started
2026-01-30 09:06:07.195 30107-30171 XtreamCatalogScanWorker com.fishit.player.v2                 D  PROGRESS discovered=5700 persisted=5564 phase=VOD
2026-01-30 09:06:07.200 30107-30169 XtreamCatalogScanWorker com.fishit.player.v2                 D  PROGRESS discovered=5800 persisted=5564 phase=null
2026-01-30 09:06:07.202 30107-30139 XTC                     com.fishit.player.v2                 D  [VOD] DTO→Raw #3300 | id=xtream:vod:389282 | title="Through my Window - Ich sehe nur dich (2" | sourceType=XTREAM | Fields: ✓[year=2022, poster] ✗[plot, cast, director, backdrop, duration, tmdb]
2026-01-30 09:06:07.203 30107-30169 SyncPerfMetrics         com.fishit.player.v2                 D  Phase MOVIES started
2026-01-30 09:06:07.203 30107-30169 XtreamCatalogScanWorker com.fishit.player.v2                 D  PROGRESS discovered=5809 persisted=5564 phase=VOD
2026-01-30 09:06:07.213 30107-30139 XTC                     com.fishit.player.v2                 D  [VOD] DTO→Raw #3350 | id=xtream:vod:389336 | title="X (2022)" | sourceType=XTREAM | Fields: ✓[year=2022, poster] ✗[plot, cast, director, backdrop, duration, tmdb]
2026-01-30 09:06:07.221 30107-30139 XTC                     com.fishit.player.v2                 D  [VOD] DTO→Raw #3400 | id=xtream:vod:798247 | title="Shrek 2 - Der tollkühne Held kehrt zurüc" | sourceType=XTREAM | Fields: ✓[year=2004, poster] ✗[plot, cast, director, backdrop, duration, tmdb]
2026-01-30 09:06:07.221 30107-30169 XtreamCatalogScanWorker com.fishit.player.v2                 D  PROGRESS discovered=5900 persisted=5564 phase=null
2026-01-30 09:06:07.225 30107-30169 SyncPerfMetrics         com.fishit.player.v2                 D  Phase MOVIES started
2026-01-30 09:06:07.225 30107-30169 XtreamCatalogScanWorker com.fishit.player.v2                 D  PROGRESS discovered=5932 persisted=5564 phase=VOD
2026-01-30 09:06:07.226 30107-30139 XTC                     com.fishit.player.v2                 D  [VOD] DTO→Raw #3450 | id=xtream:vod:760054 | title="Halloween II - Das Grauen kehrt zurück |" | sourceType=XTREAM | Fields: ✓[year=1981, poster] ✗[plot, cast, director, backdrop, duration, tmdb]
2026-01-30 09:06:07.227 30107-30169 XtreamCatalogScanWorker com.fishit.player.v2                 D  PROGRESS discovered=6000 persisted=5564 phase=null
2026-01-30 09:06:07.234 30107-30139 XTC                     com.fishit.player.v2                 D  [VOD] DTO→Raw #3500 | id=xtream:vod:757835 | title="Jurassic World - Ein neues Zeitalter | 2" | sourceType=XTREAM | Fields: ✓[year=2022, poster] ✗[plot, cast, director, backdrop, duration, tmdb]
2026-01-30 09:06:07.234 30107-30172 SyncPerfMetrics         com.fishit.player.v2                 D  Phase MOVIES started
2026-01-30 09:06:07.235 30107-30172 XtreamCatalogScanWorker com.fishit.player.v2                 D  PROGRESS discovered=6047 persisted=5564 phase=VOD
2026-01-30 09:06:07.240 30107-30140 XTC                     com.fishit.player.v2                 D  [LIVE] DTO→Raw #2550 | id=xtream:live:744166 | title="DE: DYN SPORT 25" | sourceType=XTREAM | Fields: ✓[poster] ✗[year, plot, cast, director, backdrop, duration, tmdb]
2026-01-30 09:06:07.267 30107-30140 XTC                     com.fishit.player.v2                 D  [LIVE] DTO→Raw #2600 | id=xtream:live:121760 | title="DE: Spiegel TV Wissen RAW" | sourceType=XTREAM | Fields: ✓[poster] ✗[year, plot, cast, director, backdrop, duration, tmdb]
2026-01-30 09:06:07.268 30107-30169 XtreamCatalogScanWorker com.fishit.player.v2                 D  PROGRESS discovered=6100 persisted=5564 phase=null
2026-01-30 09:06:07.273 30107-30139 XTC                     com.fishit.player.v2                 D  [VOD] DTO→Raw #3550 | id=xtream:vod:757219 | title="Mission: Impossible III | 2006 | 6.7" | sourceType=XTREAM | Fields: ✓[year=2006, poster] ✗[plot, cast, director, backdrop, duration, tmdb]
2026-01-30 09:06:07.273 30107-30174 SyncPerfMetrics         com.fishit.player.v2                 D  Phase LIVE started
2026-01-30 09:06:07.275 30107-30174 XtreamCatalogScanWorker com.fishit.player.v2                 D  PROGRESS discovered=6138 persisted=5564 phase=LIVE
2026-01-30 09:06:07.284 30107-30137 XTC                     com.fishit.player.v2                 D  [LIVE] DTO→Raw #2650 | id=xtream:live:48858 | title="DE: Sky Cinema Highlights FHD" | sourceType=XTREAM | Fields: ✓[poster] ✗[year, plot, cast, director, backdrop, duration, tmdb]
2026-01-30 09:06:07.286 30107-30174 XtreamCatalogScanWorker com.fishit.player.v2                 D  PROGRESS discovered=6200 persisted=5564 phase=null
2026-01-30 09:06:07.288 30107-30169 XTC                     com.fishit.player.v2                 D  [VOD] DTO→Raw #3600 | id=xtream:vod:752127 | title="Goal II – Der Traum ist real! | 2007 | 6" | sourceType=XTREAM | Fields: ✓[year=2007, poster] ✗[plot, cast, director, backdrop, duration, tmdb]
2026-01-30 09:06:07.293 30107-30169 XTC                     com.fishit.player.v2                 D  [VOD] DTO→Raw #3650 | id=xtream:vod:727616 | title="Young Ip Man: Crisis Time | 2023 | 6.1" | sourceType=XTREAM | Fields: ✓[year=2023, poster] ✗[plot, cast, director, backdrop, duration, tmdb]
2026-01-30 09:06:07.295 30107-30174 SyncBatchManager        com.fishit.player.v2                 D  Flushing MOVIES batch: 400 items (timeBased=false)
2026-01-30 09:06:07.295 30107-30174 CatalogSyncService      com.fishit.player.v2                 D  Persisting Xtream catalog batch (NX-ONLY): 400 items (canonical_linking=false)
2026-01-30 09:06:07.385 30107-30107 ViewRootIm...nActivity] com.fishit.player.v2                 I  ViewPostIme pointer 0
2026-01-30 09:06:07.494 30107-30107 ViewRootIm...nActivity] com.fishit.player.v2                 I  ViewPostIme pointer 1
2026-01-30 09:06:07.527 30107-30107 WindowOnBackDispatcher  com.fishit.player.v2                 W  OnBackInvokedCallback is not enabled for the application.
                                                                                                    Set 'android:enableOnBackInvokedCallback="true"' in the application manifest.
2026-01-30 09:06:07.600 30107-30117 ishit.player.v2         com.fishit.player.v2                 I  Background young concurrent copying GC freed 935554(27MB) AllocSpace objects, 0(0B) LOS objects, 9% free, 90MB/100MB, paused 12.050ms,1.710ms total 104.183ms
2026-01-30 09:06:07.788 30107-30107 DetailEnrichment        com.fishit.player.v2                 D  parseXtreamVodId: unrecognized format sourceId=src:xtream:xtream:xtream:vod:xtream:vod:804345
2026-01-30 09:06:07.788 30107-30107 DetailEnrichment        com.fishit.player.v2                 W  enrichFromXtream: invalid sourceId=src:xtream:xtream:xtream:vod:xtream:vod:804345
2026-01-30 09:06:07.790 30107-30107 DetailEnrichment        com.fishit.player.v2                 D  parseXtreamVodId: unrecognized format sourceId=src:xtream:xtream:xtream:vod:xtream:vod:804345
2026-01-30 09:06:07.790 30107-30107 DetailEnrichment        com.fishit.player.v2                 W  enrichFromXtream: invalid sourceId=src:xtream:xtream:xtream:vod:xtream:vod:804345
2026-01-30 09:06:07.800 30107-30117 ishit.player.v2         com.fishit.player.v2                 I  Background concurrent copying GC freed 1345768(43MB) AllocSpace objects, 0(0B) LOS objects, 21% free, 88MB/112MB, paused 88us,76us total 159.394ms
2026-01-30 09:06:08.217 30107-30140 CatalogSyncService      com.fishit.player.v2                 D  Xtream live batch complete (NX): ingested=136 total_ms=1550
2026-01-30 09:06:08.217 30107-30140 CatalogSyncService      com.fishit.player.v2                 D  Time-based flush LIVE: 136 items in 1550ms
2026-01-30 09:06:08.420 30107-30173 SyncBatchManager        com.fishit.player.v2                 D  Time-based flush for LIVE: 159 items after 1753ms
2026-01-30 09:06:08.421 30107-30173 SyncBatchManager        com.fishit.player.v2                 D  Flushing LIVE batch: 159 items (timeBased=true)
2026-01-30 09:06:08.421 30107-30173 CatalogSyncService      com.fishit.player.v2                 D  Persisting Xtream live batch (NX-ONLY): 159 items
2026-01-30 09:06:08.483 30107-30117 ishit.player.v2         com.fishit.player.v2                 I  Background concurrent copying GC freed 1912381(64MB) AllocSpace objects, 1(20KB) LOS objects, 19% free, 99MB/123MB, paused 212us,120us total 281.296ms
2026-01-30 09:06:08.879 30107-30117 ishit.player.v2         com.fishit.player.v2                 I  Background young concurrent copying GC freed 961407(28MB) AllocSpace objects, 0(0B) LOS objects, 4% free, 103MB/108MB, paused 164us,345us total 141.270ms
2026-01-30 09:06:09.162 30107-30117 ishit.player.v2         com.fishit.player.v2                 I  Background concurrent copying GC freed 1729983(58MB) AllocSpace objects, 0(0B) LOS objects, 18% free, 104MB/128MB, paused 212us,184us total 261.683ms
2026-01-30 09:06:09.414 30107-30117 ishit.player.v2         com.fishit.player.v2                 I  Background young concurrent copying GC freed 1729781(51MB) AllocSpace objects, 0(0B) LOS objects, 16% free, 107MB/128MB, paused 65us,136us total 153.679ms
2026-01-30 09:06:09.780 30107-30117 ishit.player.v2         com.fishit.player.v2                 I  Background concurrent copying GC freed 2622603(84MB) AllocSpace objects, 0(0B) LOS objects, 18% free, 104MB/128MB, paused 161us,172us total 280.499ms
2026-01-30 09:06:09.849 30107-30174 CatalogSyncService      com.fishit.player.v2                 D  Xtream live batch complete (NX): ingested=159 total_ms=1428
2026-01-30 09:06:09.849 30107-30174 CatalogSyncService      com.fishit.player.v2                 D  Time-based flush LIVE: 159 items in 1428ms
2026-01-30 09:06:10.161 30107-30117 ishit.player.v2         com.fishit.player.v2                 I  Background young concurrent copying GC freed 1016595(28MB) AllocSpace objects, 0(0B) LOS objects, 7% free, 104MB/112MB, paused 471us,160us total 109.768ms
2026-01-30 09:06:10.395 30107-30174 CatalogSyncService      com.fishit.player.v2                 D  Xtream batch complete (HOT PATH/NX): ingested=400 total_ms=3100
2026-01-30 09:06:10.395 30107-30174 SyncPerfMetrics         com.fishit.player.v2                 D  Phase MOVIES started
2026-01-30 09:06:10.396 30107-30174 XtreamCatalogScanWorker com.fishit.player.v2                 D  PROGRESS discovered=6259 persisted=6259 phase=VOD
2026-01-30 09:06:10.397 30107-30174 XtreamCatalogScanWorker com.fishit.player.v2                 D  PROGRESS discovered=6300 persisted=6259 phase=null
2026-01-30 09:06:10.419 30107-30173 XTC                     com.fishit.player.v2                 D  [VOD] DTO→Raw #3700 | id=xtream:vod:391869 | title="Batman v Superman: Dawn of Justice (2016" | sourceType=XTREAM | Fields: ✓[year=2016, poster] ✗[plot, cast, director, backdrop, duration, tmdb]
2026-01-30 09:06:10.421 30107-30135 XTC                     com.fishit.player.v2                 D  [LIVE] DTO→Raw #2700 | id=xtream:live:733471 | title="DE: 2 BROKE GIRLS" | sourceType=XTREAM | Fields: ✓[poster] ✗[year, plot, cast, director, backdrop, duration, tmdb]
2026-01-30 09:06:10.422 30107-30171 XtreamCatalogScanWorker com.fishit.player.v2                 D  PROGRESS discovered=6400 persisted=6259 phase=null
2026-01-30 09:06:10.423 30107-30171 SyncPerfMetrics         com.fishit.player.v2                 D  Phase LIVE started
2026-01-30 09:06:10.423 30107-30171 XtreamCatalogScanWorker com.fishit.player.v2                 D  PROGRESS discovered=6399 persisted=6259 phase=LIVE
2026-01-30 09:06:10.424 30107-30171 SyncPerfMetrics         com.fishit.player.v2                 D  Phase MOVIES started
2026-01-30 09:06:10.424 30107-30171 XtreamCatalogScanWorker com.fishit.player.v2                 D  PROGRESS discovered=6404 persisted=6259 phase=VOD
2026-01-30 09:06:10.435 30107-30117 ishit.player.v2         com.fishit.player.v2                 I  Background concurrent copying GC freed 2102038(69MB) AllocSpace objects, 0(0B) LOS objects, 20% free, 92MB/116MB, paused 241us,101us total 241.571ms
2026-01-30 09:06:10.438 30107-30173 XTC                     com.fishit.player.v2                 D  [VOD] DTO→Raw #3750 | id=xtream:vod:391944 | title="Star Trek Beyond (2016)" | sourceType=XTREAM | Fields: ✓[year=2016, poster] ✗[plot, cast, director, backdrop, duration, tmdb]
2026-01-30 09:06:10.443 30107-30134 XtreamCatalogScanWorker com.fishit.player.v2                 D  PROGRESS discovered=6500 persisted=6259 phase=null
2026-01-30 09:06:10.446 30107-30135 XTC                     com.fishit.player.v2                 D  [LIVE] DTO→Raw #2750 | id=xtream:live:749839 | title="DE: EDGAR WALLACE MIX" | sourceType=XTREAM | Fields: ✓[poster] ✗[year, plot, cast, director, backdrop, duration, tmdb]
2026-01-30 09:06:10.448 30107-30173 XTC                     com.fishit.player.v2                 D  [VOD] DTO→Raw #3800 | id=xtream:vod:392000 | title="X-Men: Apocalypse (2016)" | sourceType=XTREAM | Fields: ✓[year=2016, poster] ✗[plot, cast, director, backdrop, duration, tmdb]
2026-01-30 09:06:10.449 30107-30134 SyncPerfMetrics         com.fishit.player.v2                 D  Phase MOVIES started
2026-01-30 09:06:10.450 30107-30134 XtreamCatalogScanWorker com.fishit.player.v2                 D  PROGRESS discovered=6553 persisted=6259 phase=VOD
2026-01-30 09:06:10.452 30107-30174 SyncBatchManager        com.fishit.player.v2                 D  Time-based flush for LIVE: 94 items after 2031ms
2026-01-30 09:06:10.452 30107-30174 SyncBatchManager        com.fishit.player.v2                 D  Flushing LIVE batch: 94 items (timeBased=true)
2026-01-30 09:06:10.452 30107-30174 CatalogSyncService      com.fishit.player.v2                 D  Persisting Xtream live batch (NX-ONLY): 94 items
2026-01-30 09:06:10.457 30107-30134 XtreamCatalogScanWorker com.fishit.player.v2                 D  PROGRESS discovered=6600 persisted=6259 phase=null
2026-01-30 09:06:10.462 30107-30173 XTC                     com.fishit.player.v2                 D  [VOD] DTO→Raw #3850 | id=xtream:vod:434474 | title="Dirty Harry (1971)" | sourceType=XTREAM | Fields: ✓[year=1971, poster] ✗[plot, cast, director, backdrop, duration, tmdb]
2026-01-30 09:06:10.472 30107-30173 XTC                     com.fishit.player.v2                 D  [VOD] DTO→Raw #3900 | id=xtream:vod:434540 | title="Harry Potter und die Heiligtümer des Tod" | sourceType=XTREAM | Fields: ✓[year=2010, poster] ✗[plot, cast, director, backdrop, duration, tmdb]
2026-01-30 09:06:10.473 30107-30135 XTC                     com.fishit.player.v2                 D  [LIVE] DTO→Raw #2800 | id=xtream:live:729970 | title="DE: POLICE ACADEMY" | sourceType=XTREAM | Fields: ✓[poster] ✗[year, plot, cast, director, backdrop, duration, tmdb]
2026-01-30 09:06:10.478 30107-30134 SyncPerfMetrics         com.fishit.player.v2                 D  Phase MOVIES started
2026-01-30 09:06:10.478 30107-30134 XtreamCatalogScanWorker com.fishit.player.v2                 D  PROGRESS discovered=6699 persisted=6259 phase=VOD
2026-01-30 09:06:10.478 30107-30134 XtreamCatalogScanWorker com.fishit.player.v2                 D  PROGRESS discovered=6700 persisted=6259 phase=null
2026-01-30 09:06:10.479 30107-30134 SyncPerfMetrics         com.fishit.player.v2                 D  Phase LIVE started
2026-01-30 09:06:10.479 30107-30134 XtreamCatalogScanWorker com.fishit.player.v2                 D  PROGRESS discovered=6700 persisted=6259 phase=LIVE
2026-01-30 09:06:10.484 30107-30173 XTC                     com.fishit.player.v2                 D  [LIVE] DTO→Raw #2850 | id=xtream:live:140923 | title="DE: X-Men HD 24/7" | sourceType=XTREAM | Fields: ✓[poster] ✗[year, plot, cast, director, backdrop, duration, tmdb]
2026-01-30 09:06:10.487 30107-30139 XtreamCatalogScanWorker com.fishit.player.v2                 D  PROGRESS discovered=6800 persisted=6259 phase=null
2026-01-30 09:06:10.490 30107-30169 XTC                     com.fishit.player.v2                 D  [VOD] DTO→Raw #3950 | id=xtream:vod:434605 | title="Kill Bill - Volume 1 (2003)" | sourceType=XTREAM | Fields: ✓[year=2003, poster] ✗[plot, cast, director, backdrop, duration, tmdb]
2026-01-30 09:06:10.494 30107-30173 XTC                     com.fishit.player.v2                 D  [LIVE] DTO→Raw #2900 | id=xtream:live:364840 | title="DE: TOM HARDY - 24/7" | sourceType=XTREAM | Fields: ✓[poster] ✗[year, plot, cast, director, backdrop, duration, tmdb]
2026-01-30 09:06:10.496 30107-30139 SyncPerfMetrics         com.fishit.player.v2                 D  Phase LIVE started
2026-01-30 09:06:10.497 30107-30139 XtreamCatalogScanWorker com.fishit.player.v2                 D  PROGRESS discovered=6874 persisted=6259 phase=LIVE
2026-01-30 09:06:10.500 30107-30135 XtreamCatalogScanWorker com.fishit.player.v2                 D  PROGRESS discovered=6900 persisted=6259 phase=null
2026-01-30 09:06:10.505 30107-30169 XTC                     com.fishit.player.v2                 D  [VOD] DTO→Raw #4000 | id=xtream:vod:434668 | title="Return of the Footsoldier (2015)" | sourceType=XTREAM | Fields: ✓[year=2015, poster] ✗[plot, cast, director, backdrop, duration, tmdb]
2026-01-30 09:06:10.506 30107-30173 XTC                     com.fishit.player.v2                 D  [LIVE] DTO→Raw #2950 | id=xtream:live:140794 | title="DE: See - Reich der Blinden - Premium 24" | sourceType=XTREAM | Fields: ✓[poster] ✗[year, plot, cast, director, backdrop, duration, tmdb]
2026-01-30 09:06:10.507 30107-30174 SyncBatchManager        com.fishit.player.v2                 D  Flushing MOVIES batch: 400 items (timeBased=false)
2026-01-30 09:06:10.508 30107-30174 CatalogSyncService      com.fishit.player.v2                 D  Persisting Xtream catalog batch (NX-ONLY): 400 items (canonical_linking=false)
