2026-01-28 15:54:21.719 31194-31477 BufferQueueProducer     com.fishit.player.v2                 W  [SurfaceTexture-1-31194-0](id:79da00000002,api:3,p:31194,c:31194) detachBuffer: slot 45 is not owned by the producer (state = FREE)
2026-01-28 15:54:21.719 31194-31477 BufferQueueProducer     com.fishit.player.v2                 W  [SurfaceTexture-1-31194-0](id:79da00000002,api:3,p:31194,c:31194) detachBuffer: slot 46 is not owned by the producer (state = FREE)
2026-01-28 15:54:21.719 31194-31477 BufferQueueProducer     com.fishit.player.v2                 W  [SurfaceTexture-1-31194-0](id:79da00000002,api:3,p:31194,c:31194) detachBuffer: slot 47 is not owned by the producer (state = FREE)
2026-01-28 15:54:21.720 31194-31477 BufferQueueProducer     com.fishit.player.v2                 W  [SurfaceTexture-1-31194-0](id:79da00000002,api:3,p:31194,c:31194) detachBuffer: slot 48 is not owned by the producer (state = FREE)
2026-01-28 15:54:21.720 31194-31477 BufferQueueProducer     com.fishit.player.v2                 W  [SurfaceTexture-1-31194-0](id:79da00000002,api:3,p:31194,c:31194) detachBuffer: slot 49 is not owned by the producer (state = FREE)
2026-01-28 15:54:21.720 31194-31477 BufferQueueProducer     com.fishit.player.v2                 W  [SurfaceTexture-1-31194-0](id:79da00000002,api:3,p:31194,c:31194) detachBuffer: slot 50 is not owned by the producer (state = FREE)
2026-01-28 15:54:21.720 31194-31477 BufferQueueProducer     com.fishit.player.v2                 W  [SurfaceTexture-1-31194-0](id:79da00000002,api:3,p:31194,c:31194) detachBuffer: slot 51 is not owned by the producer (state = FREE)
2026-01-28 15:54:21.720 31194-31477 BufferQueueProducer     com.fishit.player.v2                 W  [SurfaceTexture-1-31194-0](id:79da00000002,api:3,p:31194,c:31194) detachBuffer: slot 52 is not owned by the producer (state = FREE)
2026-01-28 15:54:21.720 31194-31477 BufferQueueProducer     com.fishit.player.v2                 W  [SurfaceTexture-1-31194-0](id:79da00000002,api:3,p:31194,c:31194) detachBuffer: slot 53 is not owned by the producer (state = FREE)
2026-01-28 15:54:21.720 31194-31477 BufferQueueProducer     com.fishit.player.v2                 W  [SurfaceTexture-1-31194-0](id:79da00000002,api:3,p:31194,c:31194) detachBuffer: slot 54 is not owned by the producer (state = FREE)
2026-01-28 15:54:21.720 31194-31477 BufferQueueProducer     com.fishit.player.v2                 W  [SurfaceTexture-1-31194-0](id:79da00000002,api:3,p:31194,c:31194) detachBuffer: slot 55 is not owned by the producer (state = FREE)
2026-01-28 15:54:21.720 31194-31477 BufferQueueProducer     com.fishit.player.v2                 W  [SurfaceTexture-1-31194-0](id:79da00000002,api:3,p:31194,c:31194) detachBuffer: slot 56 is not owned by the producer (state = FREE)
2026-01-28 15:54:21.720 31194-31477 BufferQueueProducer     com.fishit.player.v2                 W  [SurfaceTexture-1-31194-0](id:79da00000002,api:3,p:31194,c:31194) detachBuffer: slot 57 is not owned by the producer (state = FREE)
2026-01-28 15:54:21.720 31194-31477 BufferQueueProducer     com.fishit.player.v2                 W  [SurfaceTexture-1-31194-0](id:79da00000002,api:3,p:31194,c:31194) detachBuffer: slot 58 is not owned by the producer (state = FREE)
2026-01-28 15:54:21.720 31194-31477 BufferQueueProducer     com.fishit.player.v2                 W  [SurfaceTexture-1-31194-0](id:79da00000002,api:3,p:31194,c:31194) detachBuffer: slot 59 is not owned by the producer (state = FREE)
2026-01-28 15:54:21.720 31194-31477 BufferQueueProducer     com.fishit.player.v2                 W  [SurfaceTexture-1-31194-0](id:79da00000002,api:3,p:31194,c:31194) detachBuffer: slot 60 is not owned by the producer (state = FREE)
2026-01-28 15:54:21.720 31194-31477 BufferQueueProducer     com.fishit.player.v2                 W  [SurfaceTexture-1-31194-0](id:79da00000002,api:3,p:31194,c:31194) detachBuffer: slot 61 is not owned by the producer (state = FREE)
2026-01-28 15:54:21.721 31194-31477 BufferQueueProducer     com.fishit.player.v2                 W  [SurfaceTexture-1-31194-0](id:79da00000002,api:3,p:31194,c:31194) detachBuffer: slot 62 is not owned by the producer (state = FREE)
2026-01-28 15:54:21.721 31194-31477 BufferQueueProducer     com.fishit.player.v2                 W  [SurfaceTexture-1-31194-0](id:79da00000002,api:3,p:31194,c:31194) detachBuffer: slot 63 is not owned by the producer (state = FREE)
2026-01-28 15:54:21.723 31194-31477 Codec2Client            com.fishit.player.v2                 D  Surface configure completed
2026-01-28 15:54:21.723 31194-31477 SurfaceUtils            com.fishit.player.v2                 D  disconnecting from surface 0xb400006ec8e42740, reason disconnectFromSurface
2026-01-28 15:54:21.728 31194-31477 CCodec                  com.fishit.player.v2                 I  [c2.exynos.h264.decoder] state->set(RELEASING)
2026-01-28 15:54:21.728 31194-31477 CCodecBufferChannel     com.fishit.player.v2                 D  [c2.exynos.h264.decoder#673] MediaCodec discarded an unknown buffer
2026-01-28 15:54:21.729 31194-31477 CCodecBufferChannel     com.fishit.player.v2                 D  [c2.exynos.h264.decoder#673] MediaCodec discarded an unknown buffer
2026-01-28 15:54:21.730 31194-31477 CCodecBufferChannel     com.fishit.player.v2                 D  [c2.exynos.h264.decoder#673] MediaCodec discarded an unknown buffer
2026-01-28 15:54:21.730 31194-31477 CCodecBufferChannel     com.fishit.player.v2                 D  [c2.exynos.h264.decoder#673] MediaCodec discarded an unknown buffer
2026-01-28 15:54:21.732 31194-31495 CCodec                  com.fishit.player.v2                 I  [c2.android.aac.decoder] state->set(RELEASING)
2026-01-28 15:54:21.732 31194-31495 CCodecBufferChannel     com.fishit.player.v2                 D  [c2.android.aac.decoder#458] MediaCodec discarded an unknown buffer
2026-01-28 15:54:21.732 31194-31495 CCodecBufferChannel     com.fishit.player.v2                 D  [c2.android.aac.decoder#458] MediaCodec discarded an unknown buffer
2026-01-28 15:54:21.732 31194-31495 CCodecBufferChannel     com.fishit.player.v2                 D  [c2.android.aac.decoder#458] MediaCodec discarded an unknown buffer
2026-01-28 15:54:21.733 31194-31495 CCodecBufferChannel     com.fishit.player.v2                 D  [c2.android.aac.decoder#458] MediaCodec discarded an unknown buffer
2026-01-28 15:54:21.735 31194-31637 CCodec                  com.fishit.player.v2                 I  [c2.android.aac.decoder] state->set(RELEASED)
2026-01-28 15:54:21.735 31194-31495 hw-BpHwBinder           com.fishit.player.v2                 I  onLastStrongRef automatically unlinking death recipients
2026-01-28 15:54:21.737 31194-31495 MediaCodec              com.fishit.player.v2                 I  Codec shutdown complete
2026-01-28 15:54:21.737 31194-31495 MediaCodec              com.fishit.player.v2                 D  flushMediametrics
2026-01-28 15:54:21.737 31194-31495 MediaCodec              com.fishit.player.v2                 D  flushMediametrics
2026-01-28 15:54:21.737 31194-31495 MediaCodec              com.fishit.player.v2                 W  no metrics handle found
2026-01-28 15:54:21.738 31194-31194 SubtitleTrackManager    com.fishit.player.v2                 D  Detached from player
2026-01-28 15:54:21.738 31194-31194 AudioTrackManager       com.fishit.player.v2                 D  Detached from player
2026-01-28 15:54:21.739 31194-31194 InternalPlayerSession   com.fishit.player.v2                 D  Initializing playback: series:freerayshawn:unknown
2026-01-28 15:54:21.756 31194-31636 BufferQueueProducer     com.fishit.player.v2                 W  [MediaCodec.release](id:79da00000003,api:3,p:31194,c:31194) detachBuffer: slot 0 is not owned by the producer (state = FREE)
2026-01-28 15:54:21.756 31194-31636 BufferQueueProducer     com.fishit.player.v2                 W  [MediaCodec.release](id:79da00000003,api:3,p:31194,c:31194) detachBuffer: slot 1 is not owned by the producer (state = FREE)
2026-01-28 15:54:21.756 31194-31636 BufferQueueProducer     com.fishit.player.v2                 W  [MediaCodec.release](id:79da00000003,api:3,p:31194,c:31194) detachBuffer: slot 2 is not owned by the producer (state = FREE)
2026-01-28 15:54:21.756 31194-31636 BufferQueueProducer     com.fishit.player.v2                 W  [MediaCodec.release](id:79da00000003,api:3,p:31194,c:31194) detachBuffer: slot 3 is not owned by the producer (state = FREE)
2026-01-28 15:54:21.756 31194-31636 BufferQueueProducer     com.fishit.player.v2                 W  [MediaCodec.release](id:79da00000003,api:3,p:31194,c:31194) detachBuffer: slot 4 is not owned by the producer (state = FREE)
2026-01-28 15:54:21.757 31194-31636 BufferQueueProducer     com.fishit.player.v2                 W  [MediaCodec.release](id:79da00000003,api:3,p:31194,c:31194) detachBuffer: slot 5 is not owned by the producer (state = FREE)
2026-01-28 15:54:21.757 31194-31636 BufferQueueProducer     com.fishit.player.v2                 W  [MediaCodec.release](id:79da00000003,api:3,p:31194,c:31194) detachBuffer: slot 6 is not owned by the producer (state = FREE)
2026-01-28 15:54:21.757 31194-31636 BufferQueueProducer     com.fishit.player.v2                 W  [MediaCodec.release](id:79da00000003,api:3,p:31194,c:31194) detachBuffer: slot 7 is not owned by the producer (state = FREE)
2026-01-28 15:54:21.757 31194-31636 BufferQueueProducer     com.fishit.player.v2                 W  [MediaCodec.release](id:79da00000003,api:3,p:31194,c:31194) detachBuffer: slot 8 is not owned by the producer (state = FREE)
2026-01-28 15:54:21.757 31194-31636 BufferQueueProducer     com.fishit.player.v2                 W  [MediaCodec.release](id:79da00000003,api:3,p:31194,c:31194) detachBuffer: slot 9 is not owned by the producer (state = FREE)
2026-01-28 15:54:21.757 31194-31636 BufferQueueProducer     com.fishit.player.v2                 W  [MediaCodec.release](id:79da00000003,api:3,p:31194,c:31194) detachBuffer: slot 10 is not owned by the producer (state = FREE)
2026-01-28 15:54:21.757 31194-31636 BufferQueueProducer     com.fishit.player.v2                 W  [MediaCodec.release](id:79da00000003,api:3,p:31194,c:31194) detachBuffer: slot 11 is not owned by the producer (state = FREE)
2026-01-28 15:54:21.757 31194-31636 BufferQueueProducer     com.fishit.player.v2                 W  [MediaCodec.release](id:79da00000003,api:3,p:31194,c:31194) detachBuffer: slot 12 is not owned by the producer (state = FREE)
2026-01-28 15:54:21.759 31194-31636 BufferQueueProducer     com.fishit.player.v2                 W  [MediaCodec.release](id:79da00000003,api:3,p:31194,c:31194) detachBuffer: slot 13 is not owned by the producer (state = FREE)
2026-01-28 15:54:21.759 31194-31636 BufferQueueProducer     com.fishit.player.v2                 W  [MediaCodec.release](id:79da00000003,api:3,p:31194,c:31194) detachBuffer: slot 14 is not owned by the producer (state = FREE)
2026-01-28 15:54:21.759 31194-31636 BufferQueueProducer     com.fishit.player.v2                 W  [MediaCodec.release](id:79da00000003,api:3,p:31194,c:31194) detachBuffer: slot 15 is not owned by the producer (state = FREE)
2026-01-28 15:54:21.759 31194-31636 BufferQueueProducer     com.fishit.player.v2                 W  [MediaCodec.release](id:79da00000003,api:3,p:31194,c:31194) detachBuffer: slot 16 is not owned by the producer (state = FREE)
2026-01-28 15:54:21.760 31194-31636 BufferQueueProducer     com.fishit.player.v2                 W  [MediaCodec.release](id:79da00000003,api:3,p:31194,c:31194) detachBuffer: slot 17 is not owned by the producer (state = FREE)
2026-01-28 15:54:21.760 31194-31636 BufferQueueProducer     com.fishit.player.v2                 W  [MediaCodec.release](id:79da00000003,api:3,p:31194,c:31194) detachBuffer: slot 18 is not owned by the producer (state = FREE)
2026-01-28 15:54:21.760 31194-31636 BufferQueueProducer     com.fishit.player.v2                 W  [MediaCodec.release](id:79da00000003,api:3,p:31194,c:31194) detachBuffer: slot 19 is not owned by the producer (state = FREE)
2026-01-28 15:54:21.760 31194-31636 BufferQueueProducer     com.fishit.player.v2                 W  [MediaCodec.release](id:79da00000003,api:3,p:31194,c:31194) detachBuffer: slot 20 is not owned by the producer (state = FREE)
2026-01-28 15:54:21.760 31194-31636 BufferQueueProducer     com.fishit.player.v2                 W  [MediaCodec.release](id:79da00000003,api:3,p:31194,c:31194) detachBuffer: slot 21 is not owned by the producer (state = FREE)
2026-01-28 15:54:21.760 31194-31636 BufferQueueProducer     com.fishit.player.v2                 W  [MediaCodec.release](id:79da00000003,api:3,p:31194,c:31194) detachBuffer: slot 22 is not owned by the producer (state = FREE)
2026-01-28 15:54:21.760 31194-31636 BufferQueueProducer     com.fishit.player.v2                 W  [MediaCodec.release](id:79da00000003,api:3,p:31194,c:31194) detachBuffer: slot 23 is not owned by the producer (state = FREE)
2026-01-28 15:54:21.760 31194-31636 BufferQueueProducer     com.fishit.player.v2                 W  [MediaCodec.release](id:79da00000003,api:3,p:31194,c:31194) detachBuffer: slot 24 is not owned by the producer (state = FREE)
2026-01-28 15:54:21.761 31194-31636 BufferQueueProducer     com.fishit.player.v2                 W  [MediaCodec.release](id:79da00000003,api:3,p:31194,c:31194) detachBuffer: slot 25 is not owned by the producer (state = FREE)
2026-01-28 15:54:21.761 31194-31636 BufferQueueProducer     com.fishit.player.v2                 W  [MediaCodec.release](id:79da00000003,api:3,p:31194,c:31194) detachBuffer: slot 26 is not owned by the producer (state = FREE)
2026-01-28 15:54:21.762 31194-31636 BufferQueueProducer     com.fishit.player.v2                 W  [MediaCodec.release](id:79da00000003,api:3,p:31194,c:31194) detachBuffer: slot 27 is not owned by the producer (state = FREE)
2026-01-28 15:54:21.762 31194-31636 BufferQueueProducer     com.fishit.player.v2                 W  [MediaCodec.release](id:79da00000003,api:3,p:31194,c:31194) detachBuffer: slot 28 is not owned by the producer (state = FREE)
2026-01-28 15:54:21.762 31194-31636 BufferQueueProducer     com.fishit.player.v2                 W  [MediaCodec.release](id:79da00000003,api:3,p:31194,c:31194) detachBuffer: slot 29 is not owned by the producer (state = FREE)
2026-01-28 15:54:21.762 31194-31636 BufferQueueProducer     com.fishit.player.v2                 W  [MediaCodec.release](id:79da00000003,api:3,p:31194,c:31194) detachBuffer: slot 30 is not owned by the producer (state = FREE)
2026-01-28 15:54:21.762 31194-31636 BufferQueueProducer     com.fishit.player.v2                 W  [MediaCodec.release](id:79da00000003,api:3,p:31194,c:31194) detachBuffer: slot 31 is not owned by the producer (state = FREE)
2026-01-28 15:54:21.763 31194-31636 BufferQueueProducer     com.fishit.player.v2                 W  [MediaCodec.release](id:79da00000003,api:3,p:31194,c:31194) detachBuffer: slot 32 is not owned by the producer (state = FREE)
2026-01-28 15:54:21.763 31194-31636 BufferQueueProducer     com.fishit.player.v2                 W  [MediaCodec.release](id:79da00000003,api:3,p:31194,c:31194) detachBuffer: slot 33 is not owned by the producer (state = FREE)
2026-01-28 15:54:21.763 31194-31636 BufferQueueProducer     com.fishit.player.v2                 W  [MediaCodec.release](id:79da00000003,api:3,p:31194,c:31194) detachBuffer: slot 34 is not owned by the producer (state = FREE)
2026-01-28 15:54:21.763 31194-31636 BufferQueueProducer     com.fishit.player.v2                 W  [MediaCodec.release](id:79da00000003,api:3,p:31194,c:31194) detachBuffer: slot 35 is not owned by the producer (state = FREE)
2026-01-28 15:54:21.763 31194-31636 BufferQueueProducer     com.fishit.player.v2                 W  [MediaCodec.release](id:79da00000003,api:3,p:31194,c:31194) detachBuffer: slot 36 is not owned by the producer (state = FREE)
2026-01-28 15:54:21.763 31194-31636 BufferQueueProducer     com.fishit.player.v2                 W  [MediaCodec.release](id:79da00000003,api:3,p:31194,c:31194) detachBuffer: slot 37 is not owned by the producer (state = FREE)
2026-01-28 15:54:21.763 31194-31636 BufferQueueProducer     com.fishit.player.v2                 W  [MediaCodec.release](id:79da00000003,api:3,p:31194,c:31194) detachBuffer: slot 38 is not owned by the producer (state = FREE)
2026-01-28 15:54:21.763 31194-31636 BufferQueueProducer     com.fishit.player.v2                 W  [MediaCodec.release](id:79da00000003,api:3,p:31194,c:31194) detachBuffer: slot 39 is not owned by the producer (state = FREE)
2026-01-28 15:54:21.764 31194-31636 BufferQueueProducer     com.fishit.player.v2                 W  [MediaCodec.release](id:79da00000003,api:3,p:31194,c:31194) detachBuffer: slot 40 is not owned by the producer (state = FREE)
2026-01-28 15:54:21.764 31194-31636 BufferQueueProducer     com.fishit.player.v2                 W  [MediaCodec.release](id:79da00000003,api:3,p:31194,c:31194) detachBuffer: slot 41 is not owned by the producer (state = FREE)
2026-01-28 15:54:21.764 31194-31636 BufferQueueProducer     com.fishit.player.v2                 W  [MediaCodec.release](id:79da00000003,api:3,p:31194,c:31194) detachBuffer: slot 42 is not owned by the producer (state = FREE)
2026-01-28 15:54:21.764 31194-31636 BufferQueueProducer     com.fishit.player.v2                 W  [MediaCodec.release](id:79da00000003,api:3,p:31194,c:31194) detachBuffer: slot 43 is not owned by the producer (state = FREE)
2026-01-28 15:54:21.764 31194-31636 BufferQueueProducer     com.fishit.player.v2                 W  [MediaCodec.release](id:79da00000003,api:3,p:31194,c:31194) detachBuffer: slot 44 is not owned by the producer (state = FREE)
2026-01-28 15:54:21.764 31194-31194 PlaybackSourceResolver  com.fishit.player.v2                 D  Resolving source for: series:freerayshawn:unknown (XTREAM)
2026-01-28 15:54:21.764 31194-31636 BufferQueueProducer     com.fishit.player.v2                 W  [MediaCodec.release](id:79da00000003,api:3,p:31194,c:31194) detachBuffer: slot 45 is not owned by the producer (state = FREE)
2026-01-28 15:54:21.764 31194-31636 BufferQueueProducer     com.fishit.player.v2                 W  [MediaCodec.release](id:79da00000003,api:3,p:31194,c:31194) detachBuffer: slot 46 is not owned by the producer (state = FREE)
2026-01-28 15:54:21.764 31194-31636 BufferQueueProducer     com.fishit.player.v2                 W  [MediaCodec.release](id:79da00000003,api:3,p:31194,c:31194) detachBuffer: slot 47 is not owned by the producer (state = FREE)
2026-01-28 15:54:21.765 31194-31194 PlaybackSourceResolver  com.fishit.player.v2                 D  Using factory: XtreamPlaybackSourceFactoryImpl
2026-01-28 15:54:21.765 31194-31636 BufferQueueProducer     com.fishit.player.v2                 W  [MediaCodec.release](id:79da00000003,api:3,p:31194,c:31194) detachBuffer: slot 48 is not owned by the producer (state = FREE)
2026-01-28 15:54:21.765 31194-31636 BufferQueueProducer     com.fishit.player.v2                 W  [MediaCodec.release](id:79da00000003,api:3,p:31194,c:31194) detachBuffer: slot 49 is not owned by the producer (state = FREE)
2026-01-28 15:54:21.765 31194-31194 XtreamPlaybackFactory   com.fishit.player.v2                 D  Creating source for: series:freerayshawn:unknown
2026-01-28 15:54:21.765 31194-31636 BufferQueueProducer     com.fishit.player.v2                 W  [MediaCodec.release](id:79da00000003,api:3,p:31194,c:31194) detachBuffer: slot 50 is not owned by the producer (state = FREE)
2026-01-28 15:54:21.765 31194-31636 BufferQueueProducer     com.fishit.player.v2                 W  [MediaCodec.release](id:79da00000003,api:3,p:31194,c:31194) detachBuffer: slot 51 is not owned by the producer (state = FREE)
2026-01-28 15:54:21.765 31194-31636 BufferQueueProducer     com.fishit.player.v2                 W  [MediaCodec.release](id:79da00000003,api:3,p:31194,c:31194) detachBuffer: slot 52 is not owned by the producer (state = FREE)
2026-01-28 15:54:21.765 31194-31194 XtreamPlaybackFactory   com.fishit.player.v2                 D  resolveOutputExtension: contentType=series, containerExt=null, hasNewKey=false, hasLegacyKey=false
2026-01-28 15:54:21.765 31194-31636 BufferQueueProducer     com.fishit.player.v2                 W  [MediaCodec.release](id:79da00000003,api:3,p:31194,c:31194) detachBuffer: slot 53 is not owned by the producer (state = FREE)
2026-01-28 15:54:21.765 31194-31636 BufferQueueProducer     com.fishit.player.v2                 W  [MediaCodec.release](id:79da00000003,api:3,p:31194,c:31194) detachBuffer: slot 54 is not owned by the producer (state = FREE)
2026-01-28 15:54:21.765 31194-31194 XtreamPlaybackFactory   com.fishit.player.v2                 W  series: No containerExtension provided. Using fallback: mkv (consistent with transport layer fallback)
2026-01-28 15:54:21.765 31194-31636 BufferQueueProducer     com.fishit.player.v2                 W  [MediaCodec.release](id:79da00000003,api:3,p:31194,c:31194) detachBuffer: slot 55 is not owned by the producer (state = FREE)
2026-01-28 15:54:21.765 31194-31636 BufferQueueProducer     com.fishit.player.v2                 W  [MediaCodec.release](id:79da00000003,api:3,p:31194,c:31194) detachBuffer: slot 56 is not owned by the producer (state = FREE)
2026-01-28 15:54:21.766 31194-31636 BufferQueueProducer     com.fishit.player.v2                 W  [MediaCodec.release](id:79da00000003,api:3,p:31194,c:31194) detachBuffer: slot 57 is not owned by the producer (state = FREE)
2026-01-28 15:54:21.766 31194-31636 BufferQueueProducer     com.fishit.player.v2                 W  [MediaCodec.release](id:79da00000003,api:3,p:31194,c:31194) detachBuffer: slot 58 is not owned by the producer (state = FREE)
2026-01-28 15:54:21.766 31194-31194 PlaybackSourceResolver  com.fishit.player.v2                 E  Factory failed to create source
                                                                                                    com.fishit.player.playback.domain.PlaybackSourceException: Missing seriesId for series content
                                                                                                    	at com.fishit.player.playback.xtream.XtreamPlaybackSourceFactoryImpl.createSource(XtreamPlaybackSourceFactoryImpl.kt:271)
                                                                                                    	at com.fishit.player.internal.source.PlaybackSourceResolver.resolve(PlaybackSourceResolver.kt:66)
                                                                                                    	at com.fishit.player.internal.session.InternalPlayerSession$initialize$4.invokeSuspend(InternalPlayerSession.kt:226)
                                                                                                    	at kotlin.coroutines.jvm.internal.BaseContinuationImpl.resumeWith(ContinuationImpl.kt:34)
                                                                                                    	at kotlinx.coroutines.DispatchedTask.run(DispatchedTask.kt:100)
                                                                                                    	at android.os.Handler.handleCallback(Handler.java:958)
                                                                                                    	at android.os.Handler.dispatchMessage(Handler.java:99)
                                                                                                    	at android.os.Looper.loopOnce(Looper.java:230)
                                                                                                    	at android.os.Looper.loop(Looper.java:319)
                                                                                                    	at android.app.ActivityThread.main(ActivityThread.java:8919)
                                                                                                    	at java.lang.reflect.Method.invoke(Native Method)
                                                                                                    	at com.android.internal.os.RuntimeInit$MethodAndArgsCaller.run(RuntimeInit.java:578)
                                                                                                    	at com.android.internal.os.ZygoteInit.main(ZygoteInit.java:1103)
2026-01-28 15:54:21.767 31194-31636 BufferQueueProducer     com.fishit.player.v2                 W  [MediaCodec.release](id:79da00000003,api:3,p:31194,c:31194) detachBuffer: slot 59 is not owned by the producer (state = FREE)
2026-01-28 15:54:21.767 31194-31636 BufferQueueProducer     com.fishit.player.v2                 W  [MediaCodec.release](id:79da00000003,api:3,p:31194,c:31194) detachBuffer: slot 60 is not owned by the producer (state = FREE)
2026-01-28 15:54:21.767 31194-31636 BufferQueueProducer     com.fishit.player.v2                 W  [MediaCodec.release](id:79da00000003,api:3,p:31194,c:31194) detachBuffer: slot 61 is not owned by the producer (state = FREE)
2026-01-28 15:54:21.767 31194-31636 BufferQueueProducer     com.fishit.player.v2                 W  [MediaCodec.release](id:79da00000003,api:3,p:31194,c:31194) detachBuffer: slot 62 is not owned by the producer (state = FREE)
2026-01-28 15:54:21.767 31194-31636 BufferQueueProducer     com.fishit.player.v2                 W  [MediaCodec.release](id:79da00000003,api:3,p:31194,c:31194) detachBuffer: slot 63 is not owned by the producer (state = FREE)
2026-01-28 15:54:21.768 31194-31194 InternalPlayerSession   com.fishit.player.v2                 E  Failed to resolve source
                                                                                                    com.fishit.player.playback.domain.PlaybackSourceException: Failed to create source: Missing seriesId for series content
                                                                                                    	at com.fishit.player.internal.source.PlaybackSourceResolver.resolve(PlaybackSourceResolver.kt:73)
                                                                                                    	at com.fishit.player.internal.session.InternalPlayerSession$initialize$4.invokeSuspend(InternalPlayerSession.kt:226)
                                                                                                    	at kotlin.coroutines.jvm.internal.BaseContinuationImpl.resumeWith(ContinuationImpl.kt:34)
                                                                                                    	at kotlinx.coroutines.DispatchedTask.run(DispatchedTask.kt:100)
                                                                                                    	at android.os.Handler.handleCallback(Handler.java:958)
                                                                                                    	at android.os.Handler.dispatchMessage(Handler.java:99)
                                                                                                    	at android.os.Looper.loopOnce(Looper.java:230)
                                                                                                    	at android.os.Looper.loop(Looper.java:319)
                                                                                                    	at android.app.ActivityThread.main(ActivityThread.java:8919)
                                                                                                    	at java.lang.reflect.Method.invoke(Native Method)
                                                                                                    	at com.android.internal.os.RuntimeInit$MethodAndArgsCaller.run(RuntimeInit.java:578)
                                                                                                    	at com.android.internal.os.ZygoteInit.main(ZygoteInit.java:1103)
                                                                                                    Caused by: com.fishit.player.playback.domain.PlaybackSourceException: Missing seriesId for series content
                                                                                                    	at com.fishit.player.playback.xtream.XtreamPlaybackSourceFactoryImpl.createSource(XtreamPlaybackSourceFactoryImpl.kt:271)
                                                                                                    	at com.fishit.player.internal.source.PlaybackSourceResolver.resolve(PlaybackSourceResolver.kt:66)
                                                                                                    	at com.fishit.player.internal.session.InternalPlayerSession$initialize$4.invokeSuspend(InternalPlayerSession.kt:226) 
                                                                                                    	at kotlin.coroutines.jvm.internal.BaseContinuationImpl.resumeWith(ContinuationImpl.kt:34) 
                                                                                                    	at kotlinx.coroutines.DispatchedTask.run(DispatchedTask.kt:100) 
                                                                                                    	at android.os.Handler.handleCallback(Handler.java:958) 
                                                                                                    	at android.os.Handler.dispatchMessage(Handler.java:99) 
                                                                                                    	at android.os.Looper.loopOnce(Looper.java:230) 
                                                                                                    	at android.os.Looper.loop(Looper.java:319) 
                                                                                                    	at android.app.ActivityThread.main(ActivityThread.java:8919) 
                                                                                                    	at java.lang.reflect.Method.invoke(Native Method) 
                                                                                                    	at com.android.internal.os.RuntimeInit$MethodAndArgsCaller.run(RuntimeInit.java:578) 
                                                                                                    	at com.android.internal.os.ZygoteInit.main(ZygoteInit.java:1103) 
2026-01-28 15:54:21.769 31194-31194 InternalPlayerEntryImpl com.fishit.player.v2                 D  Playback started: series:freerayshawn:unknown
2026-01-28 15:54:21.769 31194-31636 CCodec                  com.fishit.player.v2                 I  [c2.exynos.h264.decoder] state->set(RELEASED)
2026-01-28 15:54:21.770 31194-31478 hw-BpHwBinder           com.fishit.player.v2                 I  onLastStrongRef automatically unlinking death recipients
2026-01-28 15:54:21.770 31194-31194 PlayerUiViewModel       com.fishit.player.v2                 D  player.ui.start.succeeded: canonicalId=series:freerayshawn:unknown
2026-01-28 15:54:21.770 31194-31477 SurfaceUtils            com.fishit.player.v2                 D  disconnecting from surface 0xb400006ec8eace60, reason disconnectFromSurface
2026-01-28 15:54:21.775 31194-31477 MediaCodec              com.fishit.player.v2                 I  Codec shutdown complete
2026-01-28 15:54:21.775 31194-31477 MediaCodec              com.fishit.player.v2                 D  flushMediametrics
2026-01-28 15:54:21.776 31194-31477 MediaCodec              com.fishit.player.v2                 D  flushMediametrics
2026-01-28 15:54:21.776 31194-31477 MediaCodec              com.fishit.player.v2                 W  no metrics handle found
2026-01-28 15:54:23.875 31194-31194 ViewRootIm...nActivity] com.fishit.player.v2                 I  ViewPostIme pointer 0
2026-01-28 15:54:23.940 31194-31194 ViewRootIm...nActivity] com.fishit.player.v2                 I  ViewPostIme pointer 1
2026-01-28 15:54:24.077 31194-31194 DetailEnrichment        com.fishit.player.v2                 W  enrichFromXtream: invalid sourceId=src:xtream:xtream:Xtream Series:series:xtream:series:2604
2026-01-28 15:54:24.078 31194-31194 DetailEnrichment        com.fishit.player.v2                 W  enrichFromXtream: invalid sourceId=src:xtream:xtream:Xtream Series:series:xtream:series:2604
2026-01-28 15:54:24.078 31194-31194 UnifiedDetailVM         com.fishit.player.v2                 D  Series canonical ID has no numeric ID: series:freerayshawn:unknown (expected when no Xtream source exists)
2026-01-28 15:54:24.078 31194-31194 UnifiedDetailVM         com.fishit.player.v2                 W  Cannot load series details: unable to extract series ID from series:freerayshawn:unknown
2026-01-28 15:54:24.675 31194-31194 ViewRootIm...nActivity] com.fishit.player.v2                 I  ViewPostIme pointer 0
2026-01-28 15:54:24.733 31194-31194 ViewRootIm...nActivity] com.fishit.player.v2                 I  ViewPostIme pointer 1
2026-01-28 15:54:27.147 31194-31482 BufferPoolAccessor2.0   com.fishit.player.v2                 D  bufferpool2 0xb400006f98e6f4d8 : 0(0 size) total buffers - 0(0 size) used buffers - 274/283 (recycle/alloc) - 9/279 (fetch/transfer)
2026-01-28 15:54:27.147 31194-31482 BufferPoolAccessor2.0   com.fishit.player.v2                 D  bufferpool2 0xb400006f98e84678 : 0(0 size) total buffers - 0(0 size) used buffers - 184/194 (recycle/alloc) - 5/188 (fetch/transfer)
2026-01-28 15:54:27.147 31194-31482 BufferPoolAccessor2.0   com.fishit.player.v2                 D  evictor expired: 2, evicted: 2
