2026-01-28 14:03:35.327 27575-27812 CatalogSyncService      com.fishit.player.v2                 D  Xtream live batch complete (NX): ingested=78 total_ms=420
2026-01-28 14:03:35.327 27575-27812 CatalogSyncService      com.fishit.player.v2                 D  Time-based flush LIVE: 78 items in 421ms
2026-01-28 14:03:35.327 27575-27812 SyncBatchManager        com.fishit.player.v2                 D  Time-based flush for MOVIES: 100 items after 2710ms
2026-01-28 14:03:35.328 27575-27812 SyncBatchManager        com.fishit.player.v2                 D  Flushing MOVIES batch: 100 items (timeBased=true)
2026-01-28 14:03:35.328 27575-27812 CatalogSyncService      com.fishit.player.v2                 D  Persisting Xtream catalog batch (NX-ONLY): 100 items (canonical_linking=false)
2026-01-28 14:03:35.592 27575-28067 CatalogSyncService      com.fishit.player.v2                 D  Xtream batch complete (HOT PATH/NX): ingested=200 total_ms=761
2026-01-28 14:03:35.593 27575-28067 SyncPerfMetrics         com.fishit.player.v2                 D  Phase SERIES started
2026-01-28 14:03:35.594 27575-28067 XtreamCatalogScanWorker com.fishit.player.v2                 D  PROGRESS discovered=1674 persisted=1574 phase=SERIES
2026-01-28 14:03:35.599 27575-28067 XtreamCatalogScanWorker com.fishit.player.v2                 D  PROGRESS discovered=1700 persisted=1574 phase=null
2026-01-28 14:03:35.606 27575-28068 XTC                     com.fishit.player.v2                 D  [SERIES] DTO→Raw #800 | id=xtream:series:2619 | title="Informer" | Fields: ✓[plot(665c), cast, poster] ✗[year, director, backdrop, duration, tmdb]
2026-01-28 14:03:35.606 27575-27806 XTC                     com.fishit.player.v2                 D  [LIVE] DTO→Raw #500 | id=xtream:live:797354 | title="DE: DAZN EVENT 26 HD" | Fields: ✓[poster] ✗[year, plot, cast, director, backdrop, duration, tmdb]
2026-01-28 14:03:35.607 27575-28067 XtreamCatalogScanWorker com.fishit.player.v2                 D  PROGRESS discovered=1800 persisted=1574 phase=null
2026-01-28 14:03:35.610 27575-28067 SyncPerfMetrics         com.fishit.player.v2                 D  Phase SERIES started
2026-01-28 14:03:35.610 27575-27807 XTC                     com.fishit.player.v2                 D  [VOD] DTO→Raw #550 | id=xtream:vod:779064 | title="Escape - Der unsichtbare Feind | 2024 | " | Fields: ✓[poster] ✗[year, plot, cast, director, backdrop, duration, tmdb]
2026-01-28 14:03:35.610 27575-28067 XtreamCatalogScanWorker com.fishit.player.v2                 D  PROGRESS discovered=1832 persisted=1574 phase=SERIES
2026-01-28 14:03:35.611 27575-28067 SyncPerfMetrics         com.fishit.player.v2                 D  Phase LIVE started
2026-01-28 14:03:35.612 27575-28067 XtreamCatalogScanWorker com.fishit.player.v2                 D  PROGRESS discovered=1834 persisted=1574 phase=LIVE
2026-01-28 14:03:35.615 27575-28068 XTC                     com.fishit.player.v2                 D  [SERIES] DTO→Raw #850 | id=xtream:series:2670 | title="The Sniffer" | Fields: ✓[cast, poster] ✗[year, plot, director, backdrop, duration, tmdb]
2026-01-28 14:03:35.617 27575-28067 XtreamCatalogScanWorker com.fishit.player.v2                 D  PROGRESS discovered=1900 persisted=1574 phase=null
2026-01-28 14:03:35.620 27575-27807 XTC                     com.fishit.player.v2                 D  [VOD] DTO→Raw #600 | id=xtream:vod:776412 | title="WWE WrestleMania 41: Sunday | 2025 | 6.1" | Fields: ✓[poster] ✗[year, plot, cast, director, backdrop, duration, tmdb]
2026-01-28 14:03:35.622 27575-28067 SyncPerfMetrics         com.fishit.player.v2                 D  Phase MOVIES started
2026-01-28 14:03:35.623 27575-28067 XtreamCatalogScanWorker com.fishit.player.v2                 D  PROGRESS discovered=1985 persisted=1574 phase=VOD
2026-01-28 14:03:35.626 27575-28068 XTC                     com.fishit.player.v2                 D  [SERIES] DTO→Raw #900 | id=xtream:series:2721 | title="Confess" | Fields: ✓[cast, poster] ✗[year, plot, director, backdrop, duration, tmdb]
2026-01-28 14:03:35.630 27575-28067 XtreamCatalogScanWorker com.fishit.player.v2                 D  PROGRESS discovered=2000 persisted=1574 phase=null
2026-01-28 14:03:35.631 27575-27805 XTC                     com.fishit.player.v2                 D  [VOD] DTO→Raw #650 | id=xtream:vod:773840 | title="Vena | 2024 | 7.7 |" | Fields: ✓[poster] ✗[year, plot, cast, director, backdrop, duration, tmdb]
2026-01-28 14:03:35.632 27575-28067 SyncBatchManager        com.fishit.player.v2                 D  Flushing SERIES batch: 200 items (timeBased=false)
2026-01-28 14:03:35.633 27575-28067 CatalogSyncService      com.fishit.player.v2                 D  Persisting Xtream catalog batch (NX-ONLY): 200 items (canonical_linking=false)
2026-01-28 14:03:35.901 27575-28068 CatalogSyncService      com.fishit.player.v2                 D  Xtream batch complete (HOT PATH/NX): ingested=100 total_ms=573
2026-01-28 14:03:35.902 27575-28068 CatalogSyncService      com.fishit.player.v2                 D  Time-based flush MOVIES: 100 items in 573ms
2026-01-28 14:03:36.298 27575-27810 CatalogSyncService      com.fishit.player.v2                 D  Xtream batch complete (HOT PATH/NX): ingested=200 total_ms=665
2026-01-28 14:03:36.299 27575-27810 SyncPerfMetrics         com.fishit.player.v2                 D  Phase SERIES started
2026-01-28 14:03:36.299 27575-27810 XtreamCatalogScanWorker com.fishit.player.v2                 D  PROGRESS discovered=2030 persisted=1874 phase=SERIES
2026-01-28 14:03:36.303 27575-27805 SyncBatchManager        com.fishit.player.v2                 D  Time-based flush for LIVE: 26 items after 1397ms
2026-01-28 14:03:36.303 27575-27805 SyncBatchManager        com.fishit.player.v2                 D  Flushing LIVE batch: 26 items (timeBased=true)
2026-01-28 14:03:36.304 27575-27805 CatalogSyncService      com.fishit.player.v2                 D  Persisting Xtream live batch (NX-ONLY): 26 items
2026-01-28 14:03:36.305 27575-27810 XtreamCatalogScanWorker com.fishit.player.v2                 D  PROGRESS discovered=2100 persisted=1874 phase=null
2026-01-28 14:03:36.307 27575-28068 XTC                     com.fishit.player.v2                 D  [SERIES] DTO→Raw #950 | id=xtream:series:2771 | title="Riverdale" | Fields: ✓[plot(606c), cast, poster] ✗[year, director, backdrop, duration, tmdb]
2026-01-28 14:03:36.312 27575-27805 XtreamCatalogScanWorker com.fishit.player.v2                 D  PROGRESS discovered=2200 persisted=1874 phase=null
2026-01-28 14:03:36.313 27575-27812 XTC                     com.fishit.player.v2                 D  [VOD] DTO→Raw #700 | id=xtream:vod:771263 | title="Old Guy - Alter Hund mit neuen Tricks | " | Fields: ✓[poster] ✗[year, plot, cast, director, backdrop, duration, tmdb]
2026-01-28 14:03:36.313 27575-27805 SyncPerfMetrics         com.fishit.player.v2                 D  Phase MOVIES started
2026-01-28 14:03:36.314 27575-27805 XtreamCatalogScanWorker com.fishit.player.v2                 D  PROGRESS discovered=2212 persisted=1874 phase=VOD
2026-01-28 14:03:36.314 27575-28068 XTC                     com.fishit.player.v2                 D  [SERIES] DTO→Raw #1000 | id=xtream:series:2822 | title="Bluff City Law" | Fields: ✓[cast, poster] ✗[year, plot, director, backdrop, duration, tmdb]
2026-01-28 14:03:36.315 27575-27805 SyncPerfMetrics         com.fishit.player.v2                 D  Phase SERIES started
2026-01-28 14:03:36.316 27575-27805 XtreamCatalogScanWorker com.fishit.player.v2                 D  PROGRESS discovered=2229 persisted=1874 phase=SERIES
2026-01-28 14:03:36.326 27575-27812 XTC                     com.fishit.player.v2                 D  [VOD] DTO→Raw #750 | id=xtream:vod:767670 | title="We Live in Time | 2024 | 7.5 |" | Fields: ✓[poster] ✗[year, plot, cast, director, backdrop, duration, tmdb]
2026-01-28 14:03:36.332 27575-28067 XTC                     com.fishit.player.v2                 D  [LIVE] DTO→Raw #550 | id=xtream:live:744166 | title="DE: DYN SPORT 25" | Fields: ✓[poster] ✗[year, plot, cast, director, backdrop, duration, tmdb]
2026-01-28 14:03:36.332 27575-28066 XtreamCatalogScanWorker com.fishit.player.v2                 D  PROGRESS discovered=2300 persisted=1874 phase=null
2026-01-28 14:03:36.340 27575-27812 XTC                     com.fishit.player.v2                 D  [VOD] DTO→Raw #800 | id=xtream:vod:765621 | title="The Killer | 2024 | 6.4 |" | Fields: ✓[poster] ✗[year, plot, cast, director, backdrop, duration, tmdb]
2026-01-28 14:03:36.341 27575-28066 SyncPerfMetrics         com.fishit.player.v2                 D  Phase MOVIES started
2026-01-28 14:03:36.341 27575-28066 XtreamCatalogScanWorker com.fishit.player.v2                 D  PROGRESS discovered=2365 persisted=1874 phase=VOD
2026-01-28 14:03:36.352 27575-28066 XtreamCatalogScanWorker com.fishit.player.v2                 D  PROGRESS discovered=2400 persisted=1874 phase=null
2026-01-28 14:03:36.356 27575-27812 XTC                     com.fishit.player.v2                 D  [VOD] DTO→Raw #850 | id=xtream:vod:763435 | title="Escape: Flucht in die Freiheit | 2024 | " | Fields: ✓[poster] ✗[year, plot, cast, director, backdrop, duration, tmdb]
2026-01-28 14:03:36.357 27575-28067 XTC                     com.fishit.player.v2                 D  [LIVE] DTO→Raw #600 | id=xtream:live:121760 | title="DE: Spiegel TV Wissen RAW" | Fields: ✓[poster] ✗[year, plot, cast, director, backdrop, duration, tmdb]
2026-01-28 14:03:36.359 27575-27805 SyncPerfMetrics         com.fishit.player.v2                 D  Phase LIVE started
2026-01-28 14:03:36.361 27575-27805 XtreamCatalogScanWorker com.fishit.player.v2                 D  PROGRESS discovered=2458 persisted=1874 phase=LIVE
2026-01-28 14:03:36.368 27575-27812 XTC                     com.fishit.player.v2                 D  [VOD] DTO→Raw #900 | id=xtream:vod:761313 | title="Blitz | 2024 | 5.2 |" | Fields: ✓[poster] ✗[year, plot, cast, director, backdrop, duration, tmdb]
2026-01-28 14:03:36.371 27575-27805 XtreamCatalogScanWorker com.fishit.player.v2                 D  PROGRESS discovered=2500 persisted=1874 phase=null
2026-01-28 14:03:36.378 27575-27805 SyncBatchManager        com.fishit.player.v2                 D  Flushing MOVIES batch: 400 items (timeBased=false)
2026-01-28 14:03:36.379 27575-27805 CatalogSyncService      com.fishit.player.v2                 D  Persisting Xtream catalog batch (NX-ONLY): 400 items (canonical_linking=false)
2026-01-28 14:03:36.429 27575-28068 CatalogSyncService      com.fishit.player.v2                 D  Xtream live batch complete (NX): ingested=26 total_ms=125
2026-01-28 14:03:36.429 27575-28068 CatalogSyncService      com.fishit.player.v2                 D  Time-based flush LIVE: 26 items in 125ms
2026-01-28 14:03:37.031 27575-28066 SyncBatchManager        com.fishit.player.v2                 D  Time-based flush for SERIES: 100 items after 1399ms
2026-01-28 14:03:37.031 27575-28066 SyncBatchManager        com.fishit.player.v2                 D  Flushing SERIES batch: 100 items (timeBased=true)
2026-01-28 14:03:37.031 27575-28066 CatalogSyncService      com.fishit.player.v2                 D  Persisting Xtream catalog batch (NX-ONLY): 100 items (canonical_linking=false)
2026-01-28 14:03:38.025 27575-27807 CatalogSyncService      com.fishit.player.v2                 D  Xtream batch complete (HOT PATH/NX): ingested=100 total_ms=994
2026-01-28 14:03:38.025 27575-27807 CatalogSyncService      com.fishit.player.v2                 D  Time-based flush SERIES: 100 items in 994ms
2026-01-28 14:03:38.227 27575-27807 SyncBatchManager        com.fishit.player.v2                 D  Time-based flush for LIVE: 122 items after 1923ms
2026-01-28 14:03:38.227 27575-27807 SyncBatchManager        com.fishit.player.v2                 D  Flushing LIVE batch: 122 items (timeBased=true)
2026-01-28 14:03:38.227 27575-27807 CatalogSyncService      com.fishit.player.v2                 D  Persisting Xtream live batch (NX-ONLY): 122 items
2026-01-28 14:03:38.553 27575-27575 ViewRootIm...nActivity] com.fishit.player.v2                 I  ViewPostIme pointer 0
2026-01-28 14:03:38.653 27575-27575 ViewRootIm...nActivity] com.fishit.player.v2                 I  ViewPostIme pointer 1
2026-01-28 14:03:38.654 27575-27584 ishit.player.v2         com.fishit.player.v2                 I  Compiler allocated 7198KB to compile void android.view.ViewRootImpl.performTraversals()
2026-01-28 14:03:38.712 27575-27575 Compatibil...geReporter com.fishit.player.v2                 D  Compat change id reported: 171228096; UID 10457; state: ENABLED
2026-01-28 14:03:41.439 27575-27575 ViewRootIm...nActivity] com.fishit.player.v2                 I  ViewPostIme pointer 0
2026-01-28 14:03:41.458 27575-27575 Choreographer           com.fishit.player.v2                 W  Frame time is 0.163551 ms in the future!  Check that graphics HAL is generating vsync timestamps using the correct timebase.
2026-01-28 14:03:41.521 27575-27575 ViewRootIm...nActivity] com.fishit.player.v2                 I  ViewPostIme pointer 1
2026-01-28 14:03:41.886 27575-27575 WorkManage...teObserver com.fishit.player.v2                 I  Sync state: SUCCEEDED
2026-01-28 14:03:42.225 27575-28076 TrafficStats            com.fishit.player.v2                 D  tagSocket(93) with statsTag=0xffffffff, statsUid=-1
2026-01-28 14:03:42.226 27575-28081 TrafficStats            com.fishit.player.v2                 D  tagSocket(170) with statsTag=0xffffffff, statsUid=-1
2026-01-28 14:03:42.230 27575-28135 TrafficStats            com.fishit.player.v2                 D  tagSocket(143) with statsTag=0xffffffff, statsUid=-1
2026-01-28 14:03:42.230 27575-28134 TrafficStats            com.fishit.player.v2                 D  tagSocket(175) with statsTag=0xffffffff, statsUid=-1
2026-01-28 14:03:42.466 27575-28136 TrafficStats            com.fishit.player.v2                 D  tagSocket(144) with statsTag=0xffffffff, statsUid=-1
2026-01-28 14:03:42.496 27575-28134 TrafficStats            com.fishit.player.v2                 D  tagSocket(148) with statsTag=0xffffffff, statsUid=-1
2026-01-28 14:03:42.905 27575-27585 ishit.player.v2         com.fishit.player.v2                 I  Background young concurrent copying GC freed 465061(20MB) AllocSpace objects, 9(180KB) LOS objects, 34% free, 31MB/48MB, paused 255us,204us total 111.345ms
2026-01-28 14:03:43.198 27575-28109 CatalogSyncService      com.fishit.player.v2                 D  Xtream live batch complete (NX): ingested=122 total_ms=4971
2026-01-28 14:03:43.198 27575-28109 CatalogSyncService      com.fishit.player.v2                 D  Time-based flush LIVE: 122 items in 4971ms
2026-01-28 14:03:43.499 27575-27585 ishit.player.v2         com.fishit.player.v2                 I  Background concurrent copying GC freed 550886(26MB) AllocSpace objects, 12(240KB) LOS objects, 46% free, 27MB/51MB, paused 114us,82us total 164.375ms
2026-01-28 14:03:46.178 27575-27812 CatalogSyncService      com.fishit.player.v2                 D  Xtream batch complete (HOT PATH/NX): ingested=400 total_ms=9799
2026-01-28 14:03:46.180 27575-27812 SyncPerfMetrics         com.fishit.player.v2                 D  Phase MOVIES started
2026-01-28 14:03:46.181 27575-27812 XtreamCatalogScanWorker com.fishit.player.v2                 D  PROGRESS discovered=2522 persisted=2522 phase=VOD
2026-01-28 14:03:46.188 27575-27810 XTC                     com.fishit.player.v2                 D  [VOD] DTO→Raw #950 | id=xtream:vod:756534 | title="Libre | 2024 | 5.9 |" | Fields: ✓[poster] ✗[year, plot, cast, director, backdrop, duration, tmdb]
2026-01-28 14:03:46.194 27575-27812 XtreamCatalogScanWorker com.fishit.player.v2                 D  PROGRESS discovered=2600 persisted=2522 phase=null
2026-01-28 14:03:46.201 27575-27813 XTC                     com.fishit.player.v2                 D  [LIVE] DTO→Raw #650 | id=xtream:live:48858 | title="DE: Sky Cinema Highlights FHD" | Fields: ✓[poster] ✗[year, plot, cast, director, backdrop, duration, tmdb]
2026-01-28 14:03:46.201 27575-28069 XTC                     com.fishit.player.v2                 D  [VOD] DTO→Raw #1000 | id=xtream:vod:755046 | title="Arcadian | 2024 | 6.0 |" | Fields: ✓[poster] ✗[year, plot, cast, director, backdrop, duration, tmdb]
2026-01-28 14:03:46.205 27575-27812 SyncPerfMetrics         com.fishit.player.v2                 D  Phase MOVIES started
2026-01-28 14:03:46.206 27575-27812 XtreamCatalogScanWorker com.fishit.player.v2                 D  PROGRESS discovered=2677 persisted=2522 phase=VOD
2026-01-28 14:03:46.217 27575-27810 SyncBatchManager        com.fishit.player.v2                 D  Time-based flush for LIVE: 29 items after 7990ms
2026-01-28 14:03:46.217 27575-27810 SyncBatchManager        com.fishit.player.v2                 D  Flushing LIVE batch: 29 items (timeBased=true)
2026-01-28 14:03:46.218 27575-27810 CatalogSyncService      com.fishit.player.v2                 D  Persisting Xtream live batch (NX-ONLY): 29 items
2026-01-28 14:03:46.219 27575-27812 XtreamCatalogScanWorker com.fishit.player.v2                 D  PROGRESS discovered=2700 persisted=2522 phase=null
2026-01-28 14:03:46.224 27575-28109 XTC                     com.fishit.player.v2                 D  [SERIES] DTO→Raw #1050 | id=xtream:series:2876 | title="New Amsterdam" | Fields: ✓[plot(648c), cast, poster] ✗[year, director, backdrop, duration, tmdb]
2026-01-28 14:03:46.251 27575-28109 XTC                     com.fishit.player.v2                 D  [SERIES] DTO→Raw #1100 | id=xtream:series:2929 | title="Top of the Lake" | Fields: ✓[plot(379c), cast, poster] ✗[year, director, backdrop, duration, tmdb]
2026-01-28 14:03:46.251 27575-27813 XTC                     com.fishit.player.v2                 D  [LIVE] DTO→Raw #700 | id=xtream:live:733471 | title="DE: 2 BROKE GIRLS" | Fields: ✓[poster] ✗[year, plot, cast, director, backdrop, duration, tmdb]
2026-01-28 14:03:46.252 27575-27812 XtreamCatalogScanWorker com.fishit.player.v2                 D  PROGRESS discovered=2800 persisted=2522 phase=null
2026-01-28 14:03:46.253 27575-27812 SyncPerfMetrics         com.fishit.player.v2                 D  Phase SERIES started
2026-01-28 14:03:46.253 27575-27812 XtreamCatalogScanWorker com.fishit.player.v2                 D  PROGRESS discovered=2799 persisted=2522 phase=SERIES
2026-01-28 14:03:46.254 27575-27812 SyncPerfMetrics         com.fishit.player.v2                 D  Phase LIVE started
2026-01-28 14:03:46.254 27575-27812 XtreamCatalogScanWorker com.fishit.player.v2                 D  PROGRESS discovered=2801 persisted=2522 phase=LIVE
2026-01-28 14:03:46.264 27575-28109 XTC                     com.fishit.player.v2                 D  [SERIES] DTO→Raw #1150 | id=xtream:series:3034 | title="Threesome - Ein Dreier mit Folgen" | Fields: ✓[plot(308c), cast, poster] ✗[year, director, backdrop, duration, tmdb]
2026-01-28 14:03:46.272 27575-27585 ishit.player.v2         com.fishit.player.v2                 I  Background concurrent copying GC freed 563928(28MB) AllocSpace objects, 0(0B) LOS objects, 46% free, 28MB/52MB, paused 64us,1.683ms total 125.637ms
2026-01-28 14:03:46.275 27575-27812 XTC                     com.fishit.player.v2                 D  [SERIES] DTO→Raw #1200 | id=xtream:series:3154 | title="Toy Boy" | Fields: ✓[plot(169c), cast, poster] ✗[year, director, backdrop, duration, tmdb]
2026-01-28 14:03:46.278 27575-27810 XtreamCatalogScanWorker com.fishit.player.v2                 D  PROGRESS discovered=2900 persisted=2522 phase=null
2026-01-28 14:03:46.280 27575-27810 SyncBatchManager        com.fishit.player.v2                 D  Flushing SERIES batch: 200 items (timeBased=false)
2026-01-28 14:03:46.281 27575-27810 CatalogSyncService      com.fishit.player.v2                 D  Persisting Xtream catalog batch (NX-ONLY): 200 items (canonical_linking=false)
2026-01-28 14:03:47.252 27575-27575 ViewRootIm...nActivity] com.fishit.player.v2                 I  ViewPostIme pointer 0
2026-01-28 14:03:47.315 27575-27575 ViewRootIm...nActivity] com.fishit.player.v2                 I  ViewPostIme pointer 1
2026-01-28 14:03:47.338 27575-27575 WindowOnBackDispatcher  com.fishit.player.v2                 W  OnBackInvokedCallback is not enabled for the application.
                                                                                                    Set 'android:enableOnBackInvokedCallback="true"' in the application manifest.
2026-01-28 14:03:47.479 27575-27575 DetailEnrichment        com.fishit.player.v2                 D  enrichIfNeeded: skipped (already has plot) canonicalId=series:are-you-the-one:unknown
2026-01-28 14:03:47.481 27575-27575 DetailEnrichment        com.fishit.player.v2                 D  enrichIfNeeded: skipped (already has plot) canonicalId=series:are-you-the-one:unknown
2026-01-28 14:03:47.481 27575-27575 UnifiedDetailVM         com.fishit.player.v2                 W  Cannot load series details: unable to extract series ID from series:are-you-the-one:unknown
2026-01-28 14:03:47.504 27575-27805 CatalogSyncService      com.fishit.player.v2                 D  Xtream live batch complete (NX): ingested=29 total_ms=1286
2026-01-28 14:03:47.505 27575-27805 CatalogSyncService      com.fishit.player.v2                 D  Time-based flush LIVE: 29 items in 1287ms
2026-01-28 14:03:47.505 27575-27805 SyncBatchManager        com.fishit.player.v2                 D  Time-based flush for MOVIES: 100 items after 11128ms
2026-01-28 14:03:47.505 27575-27805 SyncBatchManager        com.fishit.player.v2                 D  Flushing MOVIES batch: 100 items (timeBased=true)
2026-01-28 14:03:47.506 27575-27805 CatalogSyncService      com.fishit.player.v2                 D  Persisting Xtream catalog batch (NX-ONLY): 100 items (canonical_linking=false)
2026-01-28 14:03:52.049 27575-27575 ViewRootIm...nActivity] com.fishit.player.v2                 I  ViewPostIme pointer 0
2026-01-28 14:03:52.099 27575-27575 ViewRootIm...nActivity] com.fishit.player.v2                 I  ViewPostIme pointer 1
2026-01-28 14:03:52.101 27575-27575 UnifiedDetailVM         com.fishit.player.v2                 D  play: canonicalId=series:are-you-the-one:unknown sourceKey=src:xtream:xtream:Xtream Series:series:xtream:series:2570 missingHints=[]
2026-01-28 14:03:52.167 27575-27575 PlayerNavViewModel      com.fishit.player.v2                 D  Using pending playback: series:are-you-the-one:unknown
2026-01-28 14:03:52.225 27575-27575 PlayerUiViewModel       com.fishit.player.v2                 D  player.ui.start.requested: canonicalId=series:are-you-the-one:unknown
2026-01-28 14:03:52.225 27575-27575 InternalPlayerEntryImpl com.fishit.player.v2                 D  Starting playback: series:are-you-the-one:unknown
2026-01-28 14:03:52.241 27575-27575 SubtitleTrackManager    com.fishit.player.v2                 D  Detached from player
2026-01-28 14:03:52.241 27575-27575 AudioTrackManager       com.fishit.player.v2                 D  Detached from player
2026-01-28 14:03:52.242 27575-27575 InternalPlayerSession   com.fishit.player.v2                 D  Initializing playback: series:are-you-the-one:unknown
2026-01-28 14:03:52.277 27575-27575 PlaybackSourceResolver  com.fishit.player.v2                 D  Resolving source for: series:are-you-the-one:unknown (UNKNOWN)
2026-01-28 14:03:52.279 27575-27575 PlaybackSourceResolver  com.fishit.player.v2                 E  No factory and no valid URI for UNKNOWN
2026-01-28 14:03:52.280 27575-27575 InternalPlayerSession   com.fishit.player.v2                 E  Failed to resolve source
                                                                                                    com.fishit.player.playback.domain.PlaybackSourceException: No playback source available for UNKNOWN. Please ensure the source is configured correctly.
                                                                                                    	at com.fishit.player.internal.source.PlaybackSourceResolver.resolveFallback(PlaybackSourceResolver.kt:113)
                                                                                                    	at com.fishit.player.internal.source.PlaybackSourceResolver.resolve(PlaybackSourceResolver.kt:81)
                                                                                                    	at com.fishit.player.internal.session.InternalPlayerSession$initialize$4.invokeSuspend(InternalPlayerSession.kt:226)
                                                                                                    	at kotlin.coroutines.jvm.internal.BaseContinuationImpl.resumeWith(ContinuationImpl.kt:34)
                                                                                                    	at kotlinx.coroutines.DispatchedTask.run(DispatchedTask.kt:100)
                                                                                                    	at android.os.Handler.handleCallback(Handler.java:958)
                                                                                                    	at android.os.Handler.dispatchMessage(Handler.java:99)
                                                                                                    	at android.os.Looper.loopOnce(Looper.java:230)
                                                                                                    	at android.os.Looper.loop(Looper.java:319)
                                                                                                    	at android.app.ActivityThread.main(ActivityThread.java:8919)
                                                                                                    	at java.lang.reflect.Method.invoke(Native Method)
                                                                                                    	at com.android.internal.os.RuntimeInit$MethodAndArgsCaller.run(RuntimeInit.java:578)
                                                                                                    	at com.android.internal.os.ZygoteInit.main(ZygoteInit.java:1103)
2026-01-28 14:03:52.281 27575-27575 InternalPlayerEntryImpl com.fishit.player.v2                 D  Playback started: series:are-you-the-one:unknown
2026-01-28 14:03:52.282 27575-27575 PlayerUiViewModel       com.fishit.player.v2                 D  player.ui.start.succeeded: canonicalId=series:are-you-the-one:unknown
2026-01-28 14:03:52.863 27575-28069 CatalogSyncService      com.fishit.player.v2                 D  Xtream batch complete (HOT PATH/NX): ingested=100 total_ms=5357
2026-01-28 14:03:52.864 27575-28069 CatalogSyncService      com.fishit.player.v2                 D  Time-based flush MOVIES: 100 items in 5357ms
2026-01-28 14:03:52.900 27575-27807 CatalogSyncService      com.fishit.player.v2                 D  Xtream batch complete (HOT PATH/NX): ingested=200 total_ms=6619
2026-01-28 14:03:52.901 27575-27807 SyncPerfMetrics         com.fishit.player.v2                 D  Phase SERIES started
2026-01-28 14:03:52.902 27575-27807 XtreamCatalogScanWorker com.fishit.player.v2                 D  PROGRESS discovered=2941 persisted=2851 phase=SERIES
2026-01-28 14:03:52.905 27575-27807 XtreamCatalogScanWorker com.fishit.player.v2                 D  PROGRESS discovered=3000 persisted=2851 phase=null
2026-01-28 14:03:52.906 27575-27806 XTC                     com.fishit.player.v2                 D  [SERIES] DTO→Raw #1250 | id=xtream:series:3216 | title="Westwall" | Fields: ✓[poster] ✗[year, plot, cast, director, backdrop, duration, tmdb]
2026-01-28 14:03:52.906 27575-27810 XTC                     com.fishit.player.v2                 D  [VOD] DTO→Raw #1050 | id=xtream:vod:753417 | title="The Crow | 2024 | 5.3 |" | Fields: ✓[poster] ✗[year, plot, cast, director, backdrop, duration, tmdb]
2026-01-28 14:03:52.907 27575-28067 XTC                     com.fishit.player.v2                 D  [LIVE] DTO→Raw #750 | id=xtream:live:749839 | title="DE: EDGAR WALLACE MIX" | Fields: ✓[poster] ✗[year, plot, cast, director, backdrop, duration, tmdb]
2026-01-28 14:03:52.913 27575-27810 XTC                     com.fishit.player.v2                 D  [VOD] DTO→Raw #1100 | id=xtream:vod:751157 | title="The Good Half | 2024 | 5.3 |" | Fields: ✓[poster] ✗[year, plot, cast, director, backdrop, duration, tmdb]
2026-01-28 14:03:52.919 27575-27813 XtreamCatalogScanWorker com.fishit.player.v2                 D  PROGRESS discovered=3100 persisted=2851 phase=null
2026-01-28 14:03:52.924 27575-27813 SyncPerfMetrics         com.fishit.player.v2                 D  Phase MOVIES started
2026-01-28 14:03:52.925 27575-27813 XtreamCatalogScanWorker com.fishit.player.v2                 D  PROGRESS discovered=3111 persisted=2851 phase=VOD
2026-01-28 14:03:52.935 27575-27806 XTC                     com.fishit.player.v2                 D  [VOD] DTO→Raw #1150 | id=xtream:vod:749239 | title="Nightwatch - Demons Are Forever | 2023 |" | Fields: ✓[poster] ✗[year, plot, cast, director, backdrop, duration, tmdb]
2026-01-28 14:03:52.941 27575-28067 XTC                     com.fishit.player.v2                 D  [SERIES] DTO→Raw #1300 | id=xtream:series:3275 | title="Lore" | Fields: ✓[plot(668c), cast, poster] ✗[year, director, backdrop, duration, tmdb]
2026-01-28 14:03:52.943 27575-27813 XtreamCatalogScanWorker com.fishit.player.v2                 D  PROGRESS discovered=3200 persisted=2851 phase=null
2026-01-28 14:03:52.948 27575-27808 SyncPerfMetrics         com.fishit.player.v2                 D  Phase SERIES started
2026-01-28 14:03:52.952 27575-27808 XtreamCatalogScanWorker com.fishit.player.v2                 D  PROGRESS discovered=3278 persisted=2851 phase=SERIES
2026-01-28 14:03:52.953 27575-27806 XTC                     com.fishit.player.v2                 D  [VOD] DTO→Raw #1200 | id=xtream:vod:746657 | title="Spieleabend | 2024 | 6.7 |" | Fields: ✓[poster] ✗[year, plot, cast, director, backdrop, duration, tmdb]
2026-01-28 14:03:52.957 27575-27813 XTC                     com.fishit.player.v2                 D  [SERIES] DTO→Raw #1350 | id=xtream:series:3341 | title="Gordon Ramsay: Uncharted" | Fields: ✓[cast, poster] ✗[year, plot, director, backdrop, duration, tmdb]
2026-01-28 14:03:52.960 27575-27813 XTC                     com.fishit.player.v2                 D  [LIVE] DTO→Raw #800 | id=xtream:live:729970 | title="DE: POLICE ACADEMY" | Fields: ✓[poster] ✗[year, plot, cast, director, backdrop, duration, tmdb]
2026-01-28 14:03:52.965 27575-27808 XtreamCatalogScanWorker com.fishit.player.v2                 D  PROGRESS discovered=3300 persisted=2851 phase=null
2026-01-28 14:03:52.972 27575-27808 SyncPerfMetrics         com.fishit.player.v2                 D  Phase MOVIES started
2026-01-28 14:03:52.973 27575-27808 XtreamCatalogScanWorker com.fishit.player.v2                 D  PROGRESS discovered=3345 persisted=2851 phase=VOD
2026-01-28 14:03:52.974 27575-27808 SyncPerfMetrics         com.fishit.player.v2                 D  Phase LIVE started
2026-01-28 14:03:52.975 27575-27808 XtreamCatalogScanWorker com.fishit.player.v2                 D  PROGRESS discovered=3353 persisted=2851 phase=LIVE
2026-01-28 14:03:52.977 27575-27808 XtreamCatalogScanWorker com.fishit.player.v2                 D  PROGRESS discovered=3400 persisted=2851 phase=null
2026-01-28 14:03:52.982 27575-28069 XTC                     com.fishit.player.v2                 D  [VOD] DTO→Raw #1250 | id=xtream:vod:744770 | title="We Grown Now | 2024 | 7.2 |" | Fields: ✓[poster] ✗[year, plot, cast, director, backdrop, duration, tmdb]
2026-01-28 14:03:52.990 27575-27807 XTC                     com.fishit.player.v2                 D  [SERIES] DTO→Raw #1400 | id=xtream:series:3452 | title="The Guardians of Justice" | Fields: ✓[plot(800c), cast, poster] ✗[year, director, backdrop, duration, tmdb]
2026-01-28 14:03:52.991 27575-28069 XTC                     com.fishit.player.v2                 D  [VOD] DTO→Raw #1300 | id=xtream:vod:743327 | title="The Last Rifleman | 2023 | 6.7 |" | Fields: ✓[poster] ✗[year, plot, cast, director, backdrop, duration, tmdb]
2026-01-28 14:03:52.999 27575-28109 XtreamCatalogScanWorker com.fishit.player.v2                 D  PROGRESS discovered=3500 persisted=2851 phase=null
2026-01-28 14:03:53.005 27575-28109 SyncBatchManager        com.fishit.player.v2                 D  Flushing SERIES batch: 200 items (timeBased=false)
2026-01-28 14:03:53.005 27575-28109 CatalogSyncService      com.fishit.player.v2                 D  Persisting Xtream catalog batch (NX-ONLY): 200 items (canonical_linking=false)
2026-01-28 14:03:53.064 27575-27806 SyncBatchManager        com.fishit.player.v2                 D  Time-based flush for LIVE: 175 items after 6847ms
2026-01-28 14:03:53.065 27575-27806 SyncBatchManager        com.fishit.player.v2                 D  Flushing LIVE batch: 175 items (timeBased=true)
2026-01-28 14:03:53.065 27575-27806 CatalogSyncService      com.fishit.player.v2                 D  Persisting Xtream live batch (NX-ONLY): 175 items
2026-01-28 14:03:53.494 27575-27585 ishit.player.v2         com.fishit.player.v2                 I  Background concurrent copying GC freed 591365(29MB) AllocSpace objects, 0(0B) LOS objects, 43% free, 30MB/54MB, paused 133us,78us total 214.544ms
2026-01-28 14:03:53.996 27575-28109 CatalogSyncService      com.fishit.player.v2                 D  Xtream batch complete (HOT PATH/NX): ingested=200 total_ms=991
2026-01-28 14:03:53.997 27575-28109 SyncPerfMetrics         com.fishit.player.v2                 D  Phase SERIES started
2026-01-28 14:03:53.997 27575-28109 XtreamCatalogScanWorker com.fishit.player.v2                 D  PROGRESS discovered=3521 persisted=3051 phase=SERIES
2026-01-28 14:03:53.999 27575-28109 SyncPerfMetrics         com.fishit.player.v2                 D  Phase MOVIES started
2026-01-28 14:03:53.999 27575-28109 XtreamCatalogScanWorker com.fishit.player.v2                 D  PROGRESS discovered=3537 persisted=3051 phase=VOD
2026-01-28 14:03:54.001 27575-27813 XTC                     com.fishit.player.v2                 D  [SERIES] DTO→Raw #1450 | id=xtream:series:3642 | title="Warrior" | Fields: ✓[plot(440c), cast, poster] ✗[year, director, backdrop, duration, tmdb]
2026-01-28 14:03:54.003 27575-28109 XtreamCatalogScanWorker com.fishit.player.v2                 D  PROGRESS discovered=3600 persisted=3051 phase=null
2026-01-28 14:03:54.006 27575-27812 XTC                     com.fishit.player.v2                 D  [LIVE] DTO→Raw #850 | id=xtream:live:140923 | title="DE: X-Men HD 24/7" | Fields: ✓[poster] ✗[year, plot, cast, director, backdrop, duration, tmdb]
2026-01-28 14:03:54.009 27575-28070 XTC                     com.fishit.player.v2                 D  [VOD] DTO→Raw #1350 | id=xtream:vod:741596 | title="Chantal im Märchenland | 2024 | 5.2 |" | Fields: ✓[poster] ✗[year, plot, cast, director, backdrop, duration, tmdb]
2026-01-28 14:03:54.012 27575-28067 XtreamCatalogScanWorker com.fishit.player.v2                 D  PROGRESS discovered=3700 persisted=3051 phase=null
2026-01-28 14:03:54.012 27575-27813 XTC                     com.fishit.player.v2                 D  [SERIES] DTO→Raw #1500 | id=xtream:series:3803 | title="Gossip Girl" | Fields: ✓[plot(593c), cast, poster] ✗[year, director, backdrop, duration, tmdb]
2026-01-28 14:03:54.013 27575-28067 SyncPerfMetrics         com.fishit.player.v2                 D  Phase SERIES started
2026-01-28 14:03:54.014 27575-28067 XtreamCatalogScanWorker com.fishit.player.v2                 D  PROGRESS discovered=3721 persisted=3051 phase=SERIES
2026-01-28 14:03:54.020 27575-28070 XTC                     com.fishit.player.v2                 D  [VOD] DTO→Raw #1400 | id=xtream:vod:740067 | title="Die Knochenfrau | 2023 | 5.8 |" | Fields: ✓[poster] ✗[year, plot, cast, director, backdrop, duration, tmdb]
2026-01-28 14:03:54.024 27575-27807 SyncBatchManager        com.fishit.player.v2                 D  Flushing MOVIES batch: 400 items (timeBased=false)
2026-01-28 14:03:54.025 27575-27807 CatalogSyncService      com.fishit.player.v2                 D  Persisting Xtream catalog batch (NX-ONLY): 400 items (canonical_linking=false)
2026-01-28 14:03:54.029 27575-28070 XTC                     com.fishit.player.v2                 D  [VOD] DTO→Raw #1450 | id=xtream:vod:731525 | title="Für immer | 2023 | 6.1 |" | Fields: ✓[poster] ✗[year, plot, cast, director, backdrop, duration, tmdb]
2026-01-28 14:03:54.405 27575-27808 CatalogSyncService      com.fishit.player.v2                 D  Xtream live batch complete (NX): ingested=175 total_ms=1340
2026-01-28 14:03:54.405 27575-27808 CatalogSyncService      com.fishit.player.v2                 D  Time-based flush LIVE: 175 items in 1340ms
2026-01-28 14:03:54.406 27575-27808 SyncBatchManager        com.fishit.player.v2                 D  Time-based flush for SERIES: 100 items after 1401ms
2026-01-28 14:03:54.406 27575-27808 SyncBatchManager        com.fishit.player.v2                 D  Flushing SERIES batch: 100 items (timeBased=true)
2026-01-28 14:03:54.406 27575-27808 CatalogSyncService      com.fishit.player.v2                 D  Persisting Xtream catalog batch (NX-ONLY): 100 items (canonical_linking=false)
2026-01-28 14:03:54.944 27575-27812 CatalogSyncService      com.fishit.player.v2                 D  Xtream batch complete (HOT PATH/NX): ingested=100 total_ms=538
2026-01-28 14:03:54.944 27575-27812 CatalogSyncService      com.fishit.player.v2                 D  Time-based flush SERIES: 100 items in 538ms
2026-01-28 14:03:55.145 27575-27807 SyncBatchManager        com.fishit.player.v2                 D  Time-based flush for LIVE: 39 items after 2080ms
2026-01-28 14:03:55.145 27575-27807 SyncBatchManager        com.fishit.player.v2                 D  Flushing LIVE batch: 39 items (timeBased=true)
2026-01-28 14:03:55.146 27575-27807 CatalogSyncService      com.fishit.player.v2                 D  Persisting Xtream live batch (NX-ONLY): 39 items
2026-01-28 14:03:55.460 27575-28070 CatalogSyncService      com.fishit.player.v2                 D  Xtream live batch complete (NX): ingested=39 total_ms=313
2026-01-28 14:03:55.460 27575-28070 CatalogSyncService      com.fishit.player.v2                 D  Time-based flush LIVE: 39 items in 314ms
2026-01-28 14:03:55.931 27575-27585 ishit.player.v2         com.fishit.player.v2                 I  Background young concurrent copying GC freed 403365(17MB) AllocSpace objects, 0(0B) LOS objects, 25% free, 37MB/51MB, paused 199us,156us total 122.383ms
2026-01-28 14:03:56.651 27575-27805 CatalogSyncService      com.fishit.player.v2                 D  Xtream batch complete (HOT PATH/NX): ingested=400 total_ms=2625
2026-01-28 14:03:56.651 27575-27805 SyncPerfMetrics         com.fishit.player.v2                 D  Phase MOVIES started
2026-01-28 14:03:56.652 27575-27805 XtreamCatalogScanWorker com.fishit.player.v2                 D  PROGRESS discovered=3765 persisted=3765 phase=VOD
2026-01-28 14:03:56.655 27575-27805 XtreamCatalogScanWorker com.fishit.player.v2                 D  PROGRESS discovered=3800 persisted=3765 phase=null
2026-01-28 14:03:56.662 27575-27808 XtreamCatalogScanWorker com.fishit.player.v2                 D  PROGRESS discovered=3900 persisted=3765 phase=null
2026-01-28 14:03:56.664 27575-28070 XTC                     com.fishit.player.v2                 D  [SERIES] DTO→Raw #1550 | id=xtream:series:3957 | title="Befruchtet" | Fields: ✓[plot(166c), cast, poster] ✗[year, director, backdrop, duration, tmdb]
2026-01-28 14:03:56.666 27575-27808 SyncBatchManager        com.fishit.player.v2                 D  Time-based flush for LIVE: 17 items after 1521ms
2026-01-28 14:03:56.666 27575-27808 SyncBatchManager        com.fishit.player.v2                 D  Flushing LIVE batch: 17 items (timeBased=true)
2026-01-28 14:03:56.667 27575-27808 CatalogSyncService      com.fishit.player.v2                 D  Persisting Xtream live batch (NX-ONLY): 17 items
2026-01-28 14:03:56.673 27575-28070 XTC                     com.fishit.player.v2                 D  [SERIES] DTO→Raw #1600 | id=xtream:series:4083 | title="The Terminal List - Die Abschussliste" | Fields: ✓[plot(317c), cast, poster] ✗[year, director, backdrop, duration, tmdb]
2026-01-28 14:03:56.676 27575-28109 XTC                     com.fishit.player.v2                 D  [VOD] DTO→Raw #1500 | id=xtream:vod:728107 | title="My Name Is Loh Kiwan | 2024 | 6.0 |" | Fields: ✓[poster] ✗[year, plot, cast, director, backdrop, duration, tmdb]
2026-01-28 14:03:56.680 27575-28070 XTC                     com.fishit.player.v2                 D  [SERIES] DTO→Raw #1650 | id=xtream:series:4299 | title="House of the Dragon" | Fields: ✓[plot(96c), cast, poster] ✗[year, director, backdrop, duration, tmdb]
2026-01-28 14:03:56.680 27575-28067 SyncPerfMetrics         com.fishit.player.v2                 D  Phase SERIES started
2026-01-28 14:03:56.682 27575-28067 XtreamCatalogScanWorker com.fishit.player.v2                 D  PROGRESS discovered=3981 persisted=3765 phase=SERIES
2026-01-28 14:03:56.686 27575-27808 XTC                     com.fishit.player.v2                 D  [LIVE] DTO→Raw #900 | id=xtream:live:364840 | title="DE: TOM HARDY - 24/7" | Fields: ✓[poster] ✗[year, plot, cast, director, backdrop, duration, tmdb]
2026-01-28 14:03:56.687 27575-28067 XtreamCatalogScanWorker com.fishit.player.v2                 D  PROGRESS discovered=4000 persisted=3765 phase=null
2026-01-28 14:03:56.689 27575-28067 SyncPerfMetrics         com.fishit.player.v2                 D  Phase MOVIES started
2026-01-28 14:03:56.691 27575-28067 XtreamCatalogScanWorker com.fishit.player.v2                 D  PROGRESS discovered=4009 persisted=3765 phase=VOD
2026-01-28 14:03:56.700 27575-28067 SyncPerfMetrics         com.fishit.player.v2                 D  Phase LIVE started
2026-01-28 14:03:56.702 27575-28067 XtreamCatalogScanWorker com.fishit.player.v2                 D  PROGRESS discovered=4055 persisted=3765 phase=LIVE
2026-01-28 14:03:56.705 27575-28110 XTC                     com.fishit.player.v2                 D  [SERIES] DTO→Raw #1700 | id=xtream:series:4449 | title="Irma Vep" | Fields: ✓[plot(448c), cast, poster] ✗[year, director, backdrop, duration, tmdb]
2026-01-28 14:03:56.711 27575-28067 XtreamCatalogScanWorker com.fishit.player.v2                 D  PROGRESS discovered=4100 persisted=3765 phase=null
2026-01-28 14:03:56.713 27575-28067 SyncBatchManager        com.fishit.player.v2                 D  Flushing SERIES batch: 200 items (timeBased=false)
2026-01-28 14:03:56.714 27575-28067 CatalogSyncService      com.fishit.player.v2                 D  Persisting Xtream catalog batch (NX-ONLY): 200 items (canonical_linking=false)
2026-01-28 14:03:56.715 27575-28070 XTC                     com.fishit.player.v2                 D  [SERIES] DTO→Raw #1750 | id=xtream:series:4577 | title="Shantaram" | Fields: ✓[plot(534c), cast, poster] ✗[year, director, backdrop, duration, tmdb]
2026-01-28 14:03:56.825 27575-27807 CatalogSyncService      com.fishit.player.v2                 D  Xtream live batch complete (NX): ingested=17 total_ms=158
2026-01-28 14:03:56.825 27575-27807 CatalogSyncService      com.fishit.player.v2                 D  Time-based flush LIVE: 17 items in 158ms
2026-01-28 14:03:56.825 27575-27807 SyncBatchManager        com.fishit.player.v2                 D  Time-based flush for MOVIES: 100 items after 2801ms
2026-01-28 14:03:56.826 27575-27807 SyncBatchManager        com.fishit.player.v2                 D  Flushing MOVIES batch: 100 items (timeBased=true)
2026-01-28 14:03:56.826 27575-27807 CatalogSyncService      com.fishit.player.v2                 D  Persisting Xtream catalog batch (NX-ONLY): 100 items (canonical_linking=false)
2026-01-28 14:03:57.540 27575-27813 CatalogSyncService      com.fishit.player.v2                 D  Xtream batch complete (HOT PATH/NX): ingested=100 total_ms=714
2026-01-28 14:03:57.540 27575-27813 CatalogSyncService      com.fishit.player.v2                 D  Time-based flush MOVIES: 100 items in 714ms
2026-01-28 14:03:57.629 27575-27575 ViewRootIm...nActivity] com.fishit.player.v2                 I  ViewPostIme pointer 0
2026-01-28 14:03:57.704 27575-27575 ViewRootIm...nActivity] com.fishit.player.v2                 I  ViewPostIme pointer 1
2026-01-28 14:03:57.734 27575-27805 CatalogSyncService      com.fishit.player.v2                 D  Xtream batch complete (HOT PATH/NX): ingested=200 total_ms=1021
2026-01-28 14:03:57.735 27575-27805 SyncPerfMetrics         com.fishit.player.v2                 D  Phase SERIES started
2026-01-28 14:03:57.735 27575-27805 XtreamCatalogScanWorker com.fishit.player.v2                 D  PROGRESS discovered=4132 persisted=4082 phase=SERIES
2026-01-28 14:03:57.738 27575-27805 XtreamCatalogScanWorker com.fishit.player.v2                 D  PROGRESS discovered=4200 persisted=4082 phase=null
2026-01-28 14:03:57.748 27575-27807 XTC                     com.fishit.player.v2                 D  [VOD] DTO→Raw #1550 | id=xtream:vod:704641 | title="Cat Person | 2023 | 6.2 |" | Fields: ✓[poster] ✗[year, plot, cast, director, backdrop, duration, tmdb]
2026-01-28 14:03:57.749 27575-27808 XTC                     com.fishit.player.v2                 D  [SERIES] DTO→Raw #1800 | id=xtream:series:4656 | title="Truth Be Told - Der Wahrheit auf der Spu" | Fields: ✓[plot(277c), cast, poster] ✗[year, director, backdrop, duration, tmdb]
2026-01-28 14:03:57.749 27575-27812 XtreamCatalogScanWorker com.fishit.player.v2                 D  PROGRESS discovered=4300 persisted=4082 phase=null
2026-01-28 14:03:57.750 27575-27812 SyncPerfMetrics         com.fishit.player.v2                 D  Phase SERIES started
2026-01-28 14:03:57.751 27575-27812 XtreamCatalogScanWorker com.fishit.player.v2                 D  PROGRESS discovered=4308 persisted=4082 phase=SERIES
2026-01-28 14:03:57.754 27575-27808 XTC                     com.fishit.player.v2                 D  [SERIES] DTO→Raw #1850 | id=xtream:series:4755 | title="The Great Game" | Fields: ✓[plot(321c), cast, poster] ✗[year, director, backdrop, duration, tmdb]
2026-01-28 14:03:57.755 27575-28109 XTC                     com.fishit.player.v2                 D  [LIVE] DTO→Raw #950 | id=xtream:live:140794 | title="DE: See - Reich der Blinden - Premium 24" | Fields: ✓[poster] ✗[year, plot, cast, director, backdrop, duration, tmdb]
2026-01-28 14:03:57.759 27575-27807 XTC                     com.fishit.player.v2                 D  [VOD] DTO→Raw #1600 | id=xtream:vod:696436 | title="Naughty - Entfesselte Lust | 2023 | 5.8 " | Fields: ✓[poster] ✗[year, plot, cast, director, backdrop, duration, tmdb]
2026-01-28 14:03:57.760 27575-28110 XTC                     com.fishit.player.v2                 D  [SERIES] DTO→Raw #1900 | id=xtream:series:4854 | title="Last X-mas - 24 Tage für die Liebe" | Fields: ✓[plot(632c), cast, poster] ✗[year, director, backdrop, duration, tmdb]
2026-01-28 14:03:57.765 27575-27808 XtreamCatalogScanWorker com.fishit.player.v2                 D  PROGRESS discovered=4400 persisted=4082 phase=null
2026-01-28 14:03:57.779 27575-27808 SyncBatchManager        com.fishit.player.v2                 D  Flushing SERIES batch: 200 items (timeBased=false)
2026-01-28 14:03:57.779 27575-27808 CatalogSyncService      com.fishit.player.v2                 D  Persisting Xtream catalog batch (NX-ONLY): 200 items (canonical_linking=false)
2026-01-28 14:03:57.891 27575-27575 DetailEnrichment        com.fishit.player.v2                 D  enrichIfNeeded: skipped (already has plot) canonicalId=series:are-you-the-one:unknown
2026-01-28 14:03:57.893 27575-27575 DetailEnrichment        com.fishit.player.v2                 D  enrichIfNeeded: skipped (already has plot) canonicalId=series:are-you-the-one:unknown
2026-01-28 14:03:57.894 27575-27575 UnifiedDetailVM         com.fishit.player.v2                 W  Cannot load series details: unable to extract series ID from series:are-you-the-one:unknown
2026-01-28 14:03:57.942 27575-28067 SyncBatchManager        com.fishit.player.v2                 D  Time-based flush for LIVE: 71 items after 1276ms
2026-01-28 14:03:57.942 27575-28067 SyncBatchManager        com.fishit.player.v2                 D  Flushing LIVE batch: 71 items (timeBased=true)
2026-01-28 14:03:57.943 27575-28067 CatalogSyncService      com.fishit.player.v2                 D  Persisting Xtream live batch (NX-ONLY): 71 items
2026-01-28 14:04:01.655 27575-28110 CatalogSyncService      com.fishit.player.v2                 D  Xtream live batch complete (NX): ingested=71 total_ms=3713
2026-01-28 14:04:01.656 27575-28110 CatalogSyncService      com.fishit.player.v2                 D  Time-based flush LIVE: 71 items in 3714ms
2026-01-28 14:04:01.656 27575-28110 SyncBatchManager        com.fishit.player.v2                 D  Time-based flush for MOVIES: 99 items after 4830ms
2026-01-28 14:04:01.657 27575-28110 SyncBatchManager        com.fishit.player.v2                 D  Flushing MOVIES batch: 99 items (timeBased=true)
2026-01-28 14:04:01.657 27575-28110 CatalogSyncService      com.fishit.player.v2                 D  Persisting Xtream catalog batch (NX-ONLY): 99 items (canonical_linking=false)
2026-01-28 14:04:02.107 27575-27585 ishit.player.v2         com.fishit.player.v2                 I  Background young concurrent copying GC freed 273239(11MB) AllocSpace objects, 0(0B) LOS objects, 14% free, 43MB/50MB, paused 137us,88us total 115.769ms
