2026-01-30 08:40:42.298 23947-24032 TrafficStats            com.fishit.player.v2                 D  tagSocket(129) with statsTag=0xffffffff, statsUid=-1
2026-01-30 08:40:42.416 23947-24016 XtreamApiClient         com.fishit.player.v2                 D  StreamingFetch: Success for konigtv.com/player_api.php, streaming response
2026-01-30 08:40:42.421 23947-24016 XtreamApiClient         com.fishit.player.v2                 D  streamFromUrl: Starting StreamingJsonParser.streamInBatches() for konigtv.com/player_api.php
2026-01-30 08:40:42.475 23947-23970 XtreamApiClient         com.fishit.player.v2                 D  StreamingFetch: Success for konigtv.com/player_api.php, streaming response
2026-01-30 08:40:42.482 23947-23970 XtreamApiClient         com.fishit.player.v2                 D  streamFromUrl: Starting StreamingJsonParser.streamInBatches() for konigtv.com/player_api.php
2026-01-30 08:40:42.521 23947-24016 XtreamApiClient         com.fishit.player.v2                 W  streamContentInBatches(get_live_streams): streamFromUrl FAILED for alias=live params=null | JsonParseException: Illegal character ((CTRL-CHAR, code 31)): only regular white space (\r, \n, \t) is allowed between tokens
                                                                                                     at [Source: REDACTED (`StreamReadFeature.INCLUDE_SOURCE_IN_LOCATION` disabled); line: 1, column: 2]
2026-01-30 08:40:42.524 23947-24016 XtreamApiClient         com.fishit.player.v2                 D  streamContentInBatches(get_live_streams): 0 items without category_id (fallback)
2026-01-30 08:40:42.528 23947-24019 XtreamCatalogPipeline   com.fishit.player.v2                 D  [LIVE] Scan complete: 0 channels
2026-01-30 08:40:42.529 23947-24019 XTC                     com.fishit.player.v2                 I  Phase complete: LIVE | items=0 | duration=1422ms | rate=0 items/sec
2026-01-30 08:40:42.590 23947-23970 XtreamApiClient         com.fishit.player.v2                 W  streamContentInBatches(get_vod_streams): streamFromUrl FAILED for alias=vod params={category_id=*} | JsonParseException: Illegal character ((CTRL-CHAR, code 31)): only regular white space (\r, \n, \t) is allowed between tokens
                                                                                                     at [Source: REDACTED (`StreamReadFeature.INCLUDE_SOURCE_IN_LOCATION` disabled); line: 1, column: 2]
2026-01-30 08:40:42.605 23947-23970 XtreamApiClient         com.fishit.player.v2                 D  buildPlayerApiUrl: action=get_movie_streams -> konigtv.com/player_api.php
2026-01-30 08:40:42.611 23947-23970 XtreamApiClient         com.fishit.player.v2                 D  streamFromUrl: CALLED for konigtv.com/player_api.php
2026-01-30 08:40:42.635 23947-23973 XtreamApiClient         com.fishit.player.v2                 D  StreamingFetch: Success for konigtv.com/player_api.php, streaming response
2026-01-30 08:40:42.640 23947-23973 XtreamApiClient         com.fishit.player.v2                 D  streamFromUrl: Starting StreamingJsonParser.streamInBatches() for konigtv.com/player_api.php
2026-01-30 08:40:42.752 23947-23973 XtreamApiClient         com.fishit.player.v2                 W  streamContentInBatches(get_series): streamFromUrl FAILED for alias=series params=null | JsonParseException: Illegal character ((CTRL-CHAR, code 31)): only regular white space (\r, \n, \t) is allowed between tokens
                                                                                                     at [Source: REDACTED (`StreamReadFeature.INCLUDE_SOURCE_IN_LOCATION` disabled); line: 1, column: 2]
2026-01-30 08:40:42.755 23947-23973 XtreamApiClient         com.fishit.player.v2                 D  streamContentInBatches(get_series): 0 items without category_id (fallback)
2026-01-30 08:40:42.758 23947-24019 XtreamCatalogPipeline   com.fishit.player.v2                 D  [SERIES] Scan complete: 0 items
2026-01-30 08:40:42.760 23947-24019 XTC                     com.fishit.player.v2                 I  Phase complete: SERIES | items=0 | duration=1651ms | rate=0 items/sec
2026-01-30 08:40:42.764 23947-23970 XtreamApiClient         com.fishit.player.v2                 D  StreamingFetch: Success for konigtv.com/player_api.php, streaming response
2026-01-30 08:40:42.771 23947-23970 XtreamApiClient         com.fishit.player.v2                 D  streamFromUrl: Starting StreamingJsonParser.streamInBatches() for konigtv.com/player_api.php
2026-01-30 08:40:42.776 23947-23970 XtreamApiClient         com.fishit.player.v2                 W  streamContentInBatches(get_vod_streams): streamFromUrl FAILED for alias=movie params={category_id=*} | JsonParseException: Illegal character ((CTRL-CHAR, code 31)): only regular white space (\r, \n, \t) is allowed between tokens
                                                                                                     at [Source: REDACTED (`StreamReadFeature.INCLUDE_SOURCE_IN_LOCATION` disabled); line: 1, column: 2]
2026-01-30 08:40:42.785 23947-23970 XtreamApiClient         com.fishit.player.v2                 D  buildPlayerApiUrl: action=get_movies_streams -> konigtv.com/player_api.php
2026-01-30 08:40:42.788 23947-23970 XtreamApiClient         com.fishit.player.v2                 D  streamFromUrl: CALLED for konigtv.com/player_api.php
2026-01-30 08:40:42.927 23947-23970 XtreamApiClient         com.fishit.player.v2                 D  StreamingFetch: Success for konigtv.com/player_api.php, streaming response
2026-01-30 08:40:42.930 23947-23970 XtreamApiClient         com.fishit.player.v2                 D  streamFromUrl: Starting StreamingJsonParser.streamInBatches() for konigtv.com/player_api.php
2026-01-30 08:40:42.932 23947-23970 XtreamApiClient         com.fishit.player.v2                 W  streamContentInBatches(get_vod_streams): streamFromUrl FAILED for alias=movies params={category_id=*} | JsonParseException: Illegal character ((CTRL-CHAR, code 31)): only regular white space (\r, \n, \t) is allowed between tokens
                                                                                                     at [Source: REDACTED (`StreamReadFeature.INCLUDE_SOURCE_IN_LOCATION` disabled); line: 1, column: 2]
2026-01-30 08:40:42.936 23947-23970 XtreamApiClient         com.fishit.player.v2                 D  buildPlayerApiUrl: action=get_vod_streams -> konigtv.com/player_api.php
2026-01-30 08:40:42.938 23947-23970 XtreamApiClient         com.fishit.player.v2                 D  streamFromUrl: CALLED for konigtv.com/player_api.php
2026-01-30 08:40:44.215 23947-23970 XtreamApiClient         com.fishit.player.v2                 D  StreamingFetch: Success for konigtv.com/player_api.php, streaming response
2026-01-30 08:40:44.224 23947-23970 XtreamApiClient         com.fishit.player.v2                 D  streamFromUrl: Starting StreamingJsonParser.streamInBatches() for konigtv.com/player_api.php
2026-01-30 08:40:44.417 23947-23970 XtreamApiClient         com.fishit.player.v2                 W  streamContentInBatches(get_vod_streams): streamFromUrl FAILED for alias=vod params={category_id=0} | JsonParseException: Illegal character ((CTRL-CHAR, code 31)): only regular white space (\r, \n, \t) is allowed between tokens
                                                                                                     at [Source: REDACTED (`StreamReadFeature.INCLUDE_SOURCE_IN_LOCATION` disabled); line: 1, column: 2]
2026-01-30 08:40:44.431 23947-23970 XtreamApiClient         com.fishit.player.v2                 D  buildPlayerApiUrl: action=get_movie_streams -> konigtv.com/player_api.php
2026-01-30 08:40:44.437 23947-23970 XtreamApiClient         com.fishit.player.v2                 D  streamFromUrl: CALLED for konigtv.com/player_api.php
2026-01-30 08:40:44.455 23947-24031 TrafficStats            com.fishit.player.v2                 D  tagSocket(105) with statsTag=0xffffffff, statsUid=-1
2026-01-30 08:40:44.756 23947-23970 XtreamApiClient         com.fishit.player.v2                 D  StreamingFetch: Success for konigtv.com/player_api.php, streaming response
2026-01-30 08:40:44.763 23947-23970 XtreamApiClient         com.fishit.player.v2                 D  streamFromUrl: Starting StreamingJsonParser.streamInBatches() for konigtv.com/player_api.php
2026-01-30 08:40:44.767 23947-23970 XtreamApiClient         com.fishit.player.v2                 W  streamContentInBatches(get_vod_streams): streamFromUrl FAILED for alias=movie params={category_id=0} | JsonParseException: Illegal character ((CTRL-CHAR, code 31)): only regular white space (\r, \n, \t) is allowed between tokens
                                                                                                     at [Source: REDACTED (`StreamReadFeature.INCLUDE_SOURCE_IN_LOCATION` disabled); line: 1, column: 2]
2026-01-30 08:40:44.772 23947-23970 XtreamApiClient         com.fishit.player.v2                 D  buildPlayerApiUrl: action=get_movies_streams -> konigtv.com/player_api.php
2026-01-30 08:40:44.774 23947-23970 XtreamApiClient         com.fishit.player.v2                 D  streamFromUrl: CALLED for konigtv.com/player_api.php
2026-01-30 08:40:44.911 23947-23970 XtreamApiClient         com.fishit.player.v2                 D  StreamingFetch: Success for konigtv.com/player_api.php, streaming response
2026-01-30 08:40:44.917 23947-23970 XtreamApiClient         com.fishit.player.v2                 D  streamFromUrl: Starting StreamingJsonParser.streamInBatches() for konigtv.com/player_api.php
2026-01-30 08:40:44.920 23947-23970 XtreamApiClient         com.fishit.player.v2                 W  streamContentInBatches(get_vod_streams): streamFromUrl FAILED for alias=movies params={category_id=0} | JsonParseException: Illegal character ((CTRL-CHAR, code 31)): only regular white space (\r, \n, \t) is allowed between tokens
                                                                                                     at [Source: REDACTED (`StreamReadFeature.INCLUDE_SOURCE_IN_LOCATION` disabled); line: 1, column: 2]
2026-01-30 08:40:44.924 23947-23970 XtreamApiClient         com.fishit.player.v2                 D  buildPlayerApiUrl: action=get_vod_streams -> konigtv.com/player_api.php
2026-01-30 08:40:44.927 23947-23970 XtreamApiClient         com.fishit.player.v2                 D  streamFromUrl: CALLED for konigtv.com/player_api.php
2026-01-30 08:40:46.049 23947-23969 ishit.player.v2         com.fishit.player.v2                 I  Explicit concurrent copying GC freed 1097440(38MB) AllocSpace objects, 7(212KB) LOS objects, 50% free, 18MB/36MB, paused 57us,47us total 60.272ms
2026-01-30 08:40:46.114 23947-23970 XtreamApiClient         com.fishit.player.v2                 D  StreamingFetch: Success for konigtv.com/player_api.php, streaming response
2026-01-30 08:40:46.120 23947-23970 XtreamApiClient         com.fishit.player.v2                 D  streamFromUrl: Starting StreamingJsonParser.streamInBatches() for konigtv.com/player_api.php
2026-01-30 08:40:46.225 23947-23970 XtreamApiClient         com.fishit.player.v2                 W  streamContentInBatches(get_vod_streams): streamFromUrl FAILED for alias=vod params=null | JsonParseException: Illegal character ((CTRL-CHAR, code 31)): only regular white space (\r, \n, \t) is allowed between tokens
                                                                                                     at [Source: REDACTED (`StreamReadFeature.INCLUDE_SOURCE_IN_LOCATION` disabled); line: 1, column: 2]
2026-01-30 08:40:46.232 23947-23970 XtreamApiClient         com.fishit.player.v2                 D  buildPlayerApiUrl: action=get_movie_streams -> konigtv.com/player_api.php
2026-01-30 08:40:46.235 23947-23970 XtreamApiClient         com.fishit.player.v2                 D  streamFromUrl: CALLED for konigtv.com/player_api.php
2026-01-30 08:40:46.242 23947-24031 TrafficStats            com.fishit.player.v2                 D  tagSocket(105) with statsTag=0xffffffff, statsUid=-1
2026-01-30 08:40:46.455 23947-23970 XtreamApiClient         com.fishit.player.v2                 D  StreamingFetch: Success for konigtv.com/player_api.php, streaming response
2026-01-30 08:40:46.463 23947-23970 XtreamApiClient         com.fishit.player.v2                 D  streamFromUrl: Starting StreamingJsonParser.streamInBatches() for konigtv.com/player_api.php
2026-01-30 08:40:46.466 23947-23970 XtreamApiClient         com.fishit.player.v2                 W  streamContentInBatches(get_vod_streams): streamFromUrl FAILED for alias=movie params=null | JsonParseException: Illegal character ((CTRL-CHAR, code 31)): only regular white space (\r, \n, \t) is allowed between tokens
                                                                                                     at [Source: REDACTED (`StreamReadFeature.INCLUDE_SOURCE_IN_LOCATION` disabled); line: 1, column: 2]
2026-01-30 08:40:46.472 23947-23970 XtreamApiClient         com.fishit.player.v2                 D  buildPlayerApiUrl: action=get_movies_streams -> konigtv.com/player_api.php
2026-01-30 08:40:46.474 23947-23970 XtreamApiClient         com.fishit.player.v2                 D  streamFromUrl: CALLED for konigtv.com/player_api.php
2026-01-30 08:40:46.614 23947-23970 XtreamApiClient         com.fishit.player.v2                 D  StreamingFetch: Success for konigtv.com/player_api.php, streaming response
2026-01-30 08:40:46.621 23947-23970 XtreamApiClient         com.fishit.player.v2                 D  streamFromUrl: Starting StreamingJsonParser.streamInBatches() for konigtv.com/player_api.php
2026-01-30 08:40:46.626 23947-23970 XtreamApiClient         com.fishit.player.v2                 W  streamContentInBatches(get_vod_streams): streamFromUrl FAILED for alias=movies params=null | JsonParseException: Illegal character ((CTRL-CHAR, code 31)): only regular white space (\r, \n, \t) is allowed between tokens
                                                                                                     at [Source: REDACTED (`StreamReadFeature.INCLUDE_SOURCE_IN_LOCATION` disabled); line: 1, column: 2]
2026-01-30 08:40:46.628 23947-23970 XtreamApiClient         com.fishit.player.v2                 D  streamContentInBatches(get_vod_streams): 0 items without category_id (fallback)
2026-01-30 08:40:46.631 23947-24019 XtreamCatalogPipeline   com.fishit.player.v2                 D  [VOD] Scan complete: 0 items
2026-01-30 08:40:46.632 23947-24019 XTC                     com.fishit.player.v2                 I  Phase complete: VOD | items=0 | duration=5524ms | rate=0 items/sec
2026-01-30 08:40:46.633 23947-24019 XtreamCatalogPipeline   com.fishit.player.v2                 I  Xtream catalog scan completed: 0 items (live=0, vod=0, series=0, episodes=0) in 5529ms
2026-01-30 08:40:46.636 23947-23970 CatalogSyncService      com.fishit.player.v2                 I  Enhanced sync completed:
                                                                                                    === Xtream Catalog Sync Performance Report ===
                                                                                                    Generated: 2026-01-30T07:40:46.636023Z

                                                                                                    === TOTALS ===
                                                                                                      Total Duration: 0ms (0.0s)
                                                                                                      Total Discovered: 0 items
                                                                                                      Total Persisted: 0 items
                                                                                                      Total Errors: 0
                                                                                                      Total Retries: 0
                                                                                                      Memory Variance: 0 MB
2026-01-30 08:40:46.637 23947-23970 XtreamCatalogScanWorker com.fishit.player.v2                 I  Enhanced catalog sync completed: 0 items, advancing to VOD_INFO phase
2026-01-30 08:40:46.647 23947-23976 XtreamCatalogScanWorker com.fishit.player.v2                 I  SUCCESS duration_ms=5560 throughput=0 items/sec | vod=0 series=0 episodes=0 live=0 | backfill_remaining: vod=0 series=0
2026-01-30 08:40:46.649 23947-23976 HomeCacheInvalidator    com.fishit.player.v2                 I  INVALIDATE_ALL source=XTREAM sync_run_id=60c79477-39fe-4f9e-bc9d-05f14578dc3d
2026-01-30 08:40:46.650 23947-23976 HomeCacheInvalidator    com.fishit.player.v2                 D  Cache invalidated: Home UI will refresh from DB on next query
2026-01-30 08:40:46.683 23947-23973 XtreamCatalogScanWorker com.fishit.player.v2                 D  Saved sync metadata for incremental sync: vod=0 series=0 live=0
2026-01-30 08:40:46.687 23947-23991 WM-WorkerWrapper        com.fishit.player.v2                 I  Worker result SUCCESS for Work [ id=998b9ff6-2997-4754-96bd-541f12f0d61b, tags={ com.fishit.player.v2.work.XtreamCatalogScanWorker,catalog_sync,source_xtream,worker/XtreamCatalogScanWorker } ]
2026-01-30 08:40:46.689 23947-23947 WM-Processor            com.fishit.player.v2                 D  Processor 998b9ff6-2997-4754-96bd-541f12f0d61b executed; reschedule = false
2026-01-30 08:40:46.689 23947-23947 WM-SystemJobService     com.fishit.player.v2                 D  998b9ff6-2997-4754-96bd-541f12f0d61b executed on JobScheduler
2026-01-30 08:40:46.697 23947-23991 WM-GreedyScheduler      com.fishit.player.v2                 D  Cancelling work ID 998b9ff6-2997-4754-96bd-541f12f0d61b
2026-01-30 08:40:46.698 23947-23947 LeakCanary              com.fishit.player.v2                 D  Watching instance of androidx.work.impl.background.systemjob.SystemJobService (androidx.work.impl.background.systemjob.SystemJobService received Service#onDestroy() callback) with key b2e2250c-597b-48c4-a2b6-e0b4b882fdda
2026-01-30 08:40:51.753 23947-23969 ishit.player.v2         com.fishit.player.v2                 I  Explicit concurrent copying GC freed 11891(738KB) AllocSpace objects, 0(0B) LOS objects, 49% free, 17MB/35MB, paused 77us,62us total 49.150ms
