2026-01-30 12:23:39.331  5427-5735  XTC                     com.fishit.player.v2                 D  [LIVE] DTOâ†’Raw #800 | id=xtream:live:729970 | title="DE: POLICE ACADEMY" | sourceType=XTREAM | Fields: âœ“[poster] âœ—[year, plot, cast, director, backdrop, duration, tmdb]
2026-01-30 12:23:39.369  5427-5735  XTC                     com.fishit.player.v2                 D  [LIVE] DTOâ†’Raw #850 | id=xtream:live:140923 | title="DE: X-Men HD 24/7" | sourceType=XTREAM | Fields: âœ“[poster] âœ—[year, plot, cast, director, backdrop, duration, tmdb]
2026-01-30 12:23:39.409  5427-5735  XTC                     com.fishit.player.v2                 D  [LIVE] DTOâ†’Raw #900 | id=xtream:live:364840 | title="DE: TOM HARDY - 24/7" | sourceType=XTREAM | Fields: âœ“[poster] âœ—[year, plot, cast, director, backdrop, duration, tmdb]
2026-01-30 12:23:39.449  5427-5735  XTC                     com.fishit.player.v2                 D  [LIVE] DTOâ†’Raw #950 | id=xtream:live:140794 | title="DE: See - Reich der Blinden - Premium 24" | sourceType=XTREAM | Fields: âœ“[poster] âœ—[year, plot, cast, director, backdrop, duration, tmdb]
2026-01-30 12:23:39.487  5427-5735  XTC                     com.fishit.player.v2                 D  [LIVE] DTOâ†’Raw #1000 | id=xtream:live:143675 | title="DE: Bad Blood 24/7" | sourceType=XTREAM | Fields: âœ“[poster] âœ—[year, plot, cast, director, backdrop, duration, tmdb]
2026-01-30 12:23:39.489  5427-5787  XtreamCatalogScanWorker com.fishit.player.v2                 D  PROGRESS discovered=1000 persisted=0 phase=N/A
2026-01-30 12:23:39.613  5427-5735  XTC                     com.fishit.player.v2                 D  [LIVE] DTOâ†’Raw #1050 | id=xtream:live:364966 | title="DE: SCRUBS 24/7" | sourceType=XTREAM | Fields: âœ“[poster] âœ—[year, plot, cast, director, backdrop, duration, tmdb]
2026-01-30 12:23:39.658  5427-5735  XTC                     com.fishit.player.v2                 D  [LIVE] DTOâ†’Raw #1100 | id=xtream:live:102696 | title="DE: Vera Marvel 5" | sourceType=XTREAM | Fields: âœ“[poster] âœ—[year, plot, cast, director, backdrop, duration, tmdb]
2026-01-30 12:23:39.695  5427-5735  XTC                     com.fishit.player.v2                 D  [LIVE] DTOâ†’Raw #1150 | id=xtream:live:150141 | title="DE-SELECT: 2 - ANEMONE" | sourceType=XTREAM | Fields: âœ“[poster] âœ—[year, plot, cast, director, backdrop, duration, tmdb]
2026-01-30 12:23:39.728  5427-5787  CatalogSyncService      com.fishit.player.v2                 D  Persisting Xtream catalog batch (NX-ONLY): 400 items (canonical_linking=true)
2026-01-30 12:23:39.730  5427-5735  XTC                     com.fishit.player.v2                 D  [LIVE] DTOâ†’Raw #1200 | id=xtream:live:376376 | title="DE: One Piece - 5 Premium 24/7" | sourceType=XTREAM | Fields: âœ“[poster] âœ—[year, plot, cast, director, backdrop, duration, tmdb]
2026-01-30 12:23:39.730  5427-5782  CatalogSyncService      com.fishit.player.v2                 D  Persisting Xtream catalog batch (NX-ONLY): 400 items (canonical_linking=true)
2026-01-30 12:23:39.732  5427-6009  CatalogSyncService      com.fishit.player.v2                 D  Persisting Xtream catalog batch (NX-ONLY): 400 items (canonical_linking=true)
2026-01-30 12:23:39.766  5427-5735  XTC                     com.fishit.player.v2                 D  [LIVE] DTOâ†’Raw #1250 | id=xtream:live:360770 | title="DE: Wickie und die starken Maenner 2 - 2" | sourceType=XTREAM | Fields: âœ“[poster] âœ—[year, plot, cast, director, backdrop, duration, tmdb]
2026-01-30 12:23:39.803  5427-5735  XTC                     com.fishit.player.v2                 D  [LIVE] DTOâ†’Raw #1300 | id=xtream:live:769591 | title="Black Visionaries" | sourceType=XTREAM | Fields: âœ“[poster] âœ—[year, plot, cast, director, backdrop, duration, tmdb]
2026-01-30 12:23:39.837  5427-5735  XTC                     com.fishit.player.v2                 D  [LIVE] DTOâ†’Raw #1350 | id=xtream:live:769641 | title="Perry Mason" | sourceType=XTREAM | Fields: âœ“[poster] âœ—[year, plot, cast, director, backdrop, duration, tmdb]
2026-01-30 12:23:39.873  5427-5735  XTC                     com.fishit.player.v2                 D  [LIVE] DTOâ†’Raw #1400 | id=xtream:live:769691 | title="Dateline 24/7" | sourceType=XTREAM | Fields: âœ“[poster] âœ—[year, plot, cast, director, backdrop, duration, tmdb]
2026-01-30 12:23:39.907  5427-5735  XTC                     com.fishit.player.v2                 D  [LIVE] DTOâ†’Raw #1450 | id=xtream:live:769741 | title="Top Chef Vault" | sourceType=XTREAM | Fields: âœ“[poster] âœ—[year, plot, cast, director, backdrop, duration, tmdb]
2026-01-30 12:23:39.939  5427-5735  XTC                     com.fishit.player.v2                 D  [LIVE] DTOâ†’Raw #1500 | id=xtream:live:769791 | title="CBS News Chicago" | sourceType=XTREAM | Fields: âœ“[poster] âœ—[year, plot, cast, director, backdrop, duration, tmdb]
2026-01-30 12:23:39.941  5427-5737  XtreamCatalogScanWorker com.fishit.player.v2                 D  PROGRESS discovered=1500 persisted=0 phase=N/A
2026-01-30 12:23:40.035  5427-5788  XtreamApiClient         com.fishit.player.v2                 D  StreamingFetch: Detected GZIP for konigtv.com/player_api.php (manual decompression)
2026-01-30 12:23:40.036  5427-5788  XtreamApiClient         com.fishit.player.v2                 D  StreamingFetch: Success for konigtv.com/player_api.php, streaming response
2026-01-30 12:23:40.042  5427-5788  XtreamApiClient         com.fishit.player.v2                 D  streamFromUrl: Starting StreamingJsonParser.streamInBatches() for konigtv.com/player_api.php
2026-01-30 12:23:40.110  5427-5735  XTC                     com.fishit.player.v2                 D  [LIVE] DTOâ†’Raw #1550 | id=xtream:live:769841 | title="Pluto TV Science" | sourceType=XTREAM | Fields: âœ“[poster] âœ—[year, plot, cast, director, backdrop, duration, tmdb]
2026-01-30 12:23:40.145  5427-5735  XTC                     com.fishit.player.v2                 D  [LIVE] DTOâ†’Raw #1600 | id=xtream:live:769891 | title="Totally Teen" | sourceType=XTREAM | Fields: âœ“[poster] âœ—[year, plot, cast, director, backdrop, duration, tmdb]
2026-01-30 12:23:40.177  5427-5735  XTC                     com.fishit.player.v2                 D  [LIVE] DTOâ†’Raw #1650 | id=xtream:live:769941 | title="EstrellaTV" | sourceType=XTREAM | Fields: âœ“[poster] âœ—[year, plot, cast, director, backdrop, duration, tmdb]
2026-01-30 12:23:40.211  5427-5735  XTC                     com.fishit.player.v2                 D  [LIVE] DTOâ†’Raw #1700 | id=xtream:live:769991 | title="CBS News Chicago" | sourceType=XTREAM | Fields: âœ“[poster] âœ—[year, plot, cast, director, backdrop, duration, tmdb]
2026-01-30 12:23:40.237  5427-5788  XTC                     com.fishit.player.v2                 D  [VOD] DTOâ†’Raw #1 | id=xtream:vod:804345 | title="Ella McCay | 2025 | 5.2" | sourceType=XTREAM | Fields: âœ“[year=2025, poster] âœ—[plot, cast, director, backdrop, duration, tmdb]
2026-01-30 12:23:40.243  5427-5735  XTC                     com.fishit.player.v2                 D  [LIVE] DTOâ†’Raw #1750 | id=xtream:live:48684 | title="VIP SPORT: DIGI SPORT 2 (RO)" | sourceType=XTREAM | Fields: âœ“[] âœ—[year, plot, cast, director, poster, backdrop, duration, tmdb]
2026-01-30 12:23:40.258  5427-5788  XTC                     com.fishit.player.v2                 D  [VOD] DTOâ†’Raw #50 | id=xtream:vod:801981 | title="Anaconda | 2025 | 6.7" | sourceType=XTREAM | Fields: âœ“[year=2025, poster] âœ—[plot, cast, director, backdrop, duration, tmdb]
2026-01-30 12:23:40.267  5427-5735  XTC                     com.fishit.player.v2                 D  [LIVE] DTOâ†’Raw #1800 | id=xtream:live:182158 | title="VIP SPORT: UFC French" | sourceType=XTREAM | Fields: âœ“[poster] âœ—[year, plot, cast, director, backdrop, duration, tmdb]
2026-01-30 12:23:40.290  5427-5788  XTC                     com.fishit.player.v2                 D  [VOD] DTOâ†’Raw #100 | id=xtream:vod:800634 | title="Whiteout - Ãœberleben ist alles | 2025 | " | sourceType=XTREAM | Fields: âœ“[year=2025, poster] âœ—[plot, cast, director, backdrop, duration, tmdb]
2026-01-30 12:23:40.293  5427-5735  XTC                     com.fishit.player.v2                 D  [LIVE] DTOâ†’Raw #1850 | id=xtream:live:12928 | title="AT: Sky Sport AT 1 FHD" | sourceType=XTREAM | Fields: âœ“[poster] âœ—[year, plot, cast, director, backdrop, duration, tmdb]
2026-01-30 12:23:40.310  5427-5788  XTC                     com.fishit.player.v2                 D  [VOD] DTOâ†’Raw #150 | id=xtream:vod:798830 | title="825 Forest Road | 2025 | 5.9 |" | sourceType=XTREAM | Fields: âœ“[year=2025, poster] âœ—[plot, cast, director, backdrop, duration, tmdb]
2026-01-30 12:23:40.326  5427-5735  XTC                     com.fishit.player.v2                 D  [LIVE] DTOâ†’Raw #1900 | id=xtream:live:68164 | title="HR: RTL PASSION" | sourceType=XTREAM | Fields: âœ“[poster] âœ—[year, plot, cast, director, backdrop, duration, tmdb]
2026-01-30 12:23:40.335  5427-5788  XTC                     com.fishit.player.v2                 D  [VOD] DTOâ†’Raw #200 | id=xtream:vod:797304 | title="Frankenstein | 2025 | 7.9 |" | sourceType=XTREAM | Fields: âœ“[year=2025, poster] âœ—[plot, cast, director, backdrop, duration, tmdb]
2026-01-30 12:23:40.354  5427-5735  XTC                     com.fishit.player.v2                 D  [LIVE] DTOâ†’Raw #1950 | id=xtream:live:68283 | title="BIH: RTRS 1" | sourceType=XTREAM | Fields: âœ“[poster] âœ—[year, plot, cast, director, backdrop, duration, tmdb]
2026-01-30 12:23:40.355  5427-5788  XTC                     com.fishit.player.v2                 D  [VOD] DTOâ†’Raw #250 | id=xtream:vod:794087 | title="Jenseits der blauen Grenze | 2024 | 6.4 " | sourceType=XTREAM | Fields: âœ“[year=2024, poster] âœ—[plot, cast, director, backdrop, duration, tmdb]
2026-01-30 12:23:41.341  5427-5442  ishit.player.v2         com.fishit.player.v2                 I  Background young concurrent copying GC freed 378775(11MB) AllocSpace objects, 10(324KB) LOS objects, 16% free, 58MB/70MB, paused 347us,248us total 160.259ms
2026-01-30 12:23:42.110  5427-5736  CatalogSyncBootstrap    com.fishit.player.v2                 I  Catalog sync bootstrap triggered; activeSources=[XTREAM]
2026-01-30 12:23:42.111  5427-5736  CatalogSyncScheduler    com.fishit.player.v2                 D  Enqueueing AUTO sync
2026-01-30 12:23:42.116  5427-5736  CatalogSyncScheduler    com.fishit.player.v2                 D  Scheduling periodic incremental sync every 2 hours
2026-01-30 12:23:42.127  5427-5736  CatalogSyncScheduler    com.fishit.player.v2                 I  Periodic incremental sync scheduled: every 2 hours
2026-01-30 12:23:42.128  5427-5736  CatalogSyncBootstrap    com.fishit.player.v2                 I  Periodic incremental sync scheduled: every 2h
2026-01-30 12:23:42.152  5427-5813  WM-SystemJobScheduler   com.fishit.player.v2                 D  Scheduling work ID fa950ade-e416-4827-8e78-e12720640e53Job ID 3
2026-01-30 12:23:42.174  5427-5813  WM-GreedyScheduler      com.fishit.player.v2                 D  Starting work for fa950ade-e416-4827-8e78-e12720640e53
2026-01-30 12:23:42.175  5427-5427  WM-SystemJobService     com.fishit.player.v2                 D  onStartJob for WorkGenerationalId(workSpecId=fa950ade-e416-4827-8e78-e12720640e53, generation=0)
2026-01-30 12:23:42.199  5427-5813  WM-SystemJobScheduler   com.fishit.player.v2                 D  Scheduling work ID 885bd2d4-3b6f-4cc4-918d-cb517e1b4f13Job ID 4
2026-01-30 12:23:42.206  5427-5813  WM-GreedyScheduler      com.fishit.player.v2                 D  Starting tracking for 885bd2d4-3b6f-4cc4-918d-cb517e1b4f13
2026-01-30 12:23:42.215  5427-5427  WM-SystemJobService     com.fishit.player.v2                 D  onStartJob for WorkGenerationalId(workSpecId=885bd2d4-3b6f-4cc4-918d-cb517e1b4f13, generation=0)
2026-01-30 12:23:42.217  5427-5812  WM-Processor            com.fishit.player.v2                 D  Processor: processing WorkGenerationalId(workSpecId=fa950ade-e416-4827-8e78-e12720640e53, generation=0)
2026-01-30 12:23:42.221  5427-5812  WM-Processor            com.fishit.player.v2                 D  Work WorkGenerationalId(workSpecId=fa950ade-e416-4827-8e78-e12720640e53, generation=0) is already enqueued for processing
2026-01-30 12:23:42.230  5427-5812  WM-Processor            com.fishit.player.v2                 D  Processor: processing WorkGenerationalId(workSpecId=885bd2d4-3b6f-4cc4-918d-cb517e1b4f13, generation=0)
2026-01-30 12:23:42.239  5427-5427  WM-WorkerWrapper        com.fishit.player.v2                 D  Starting work for com.fishit.player.v2.work.CatalogSyncOrchestratorWorker
2026-01-30 12:23:42.240  5427-6009  CatalogSyn...atorWorker com.fishit.player.v2                 I  START sync_run_id=55dcc8a7-d417-4f9f-b75a-a3c4d20a7aae mode=auto
2026-01-30 12:23:42.256  5427-5427  WM-WorkerWrapper        com.fishit.player.v2                 D  Starting work for com.fishit.player.v2.work.CatalogSyncOrchestratorWorker
2026-01-30 12:23:42.257  5427-6029  CatalogSyn...atorWorker com.fishit.player.v2                 I  START sync_run_id=periodic_1769772222120 mode=incremental
2026-01-30 12:23:42.259  5427-6009  RuntimeGuards           com.fishit.player.v2                 D  Manual sync (auto) - skipping battery guard (level=61%)
2026-01-30 12:23:42.260  5427-6029  RuntimeGuards           com.fishit.player.v2                 D  Manual sync (incremental) - skipping battery guard (level=61%)
2026-01-30 12:23:42.260  5427-6009  CatalogSyn...atorWorker com.fishit.player.v2                 I  Active sources check: [XTREAM] (isEmpty=false)
2026-01-30 12:23:42.261  5427-6029  CatalogSyn...atorWorker com.fishit.player.v2                 I  Active sources check: [XTREAM] (isEmpty=false)
2026-01-30 12:23:42.261  5427-6009  CatalogSyn...atorWorker com.fishit.player.v2                 D  Active sources: [XTREAM] (TELEGRAM=false, XTREAM=true, IO=false)
2026-01-30 12:23:42.261  5427-6029  CatalogSyn...atorWorker com.fishit.player.v2                 D  Active sources: [XTREAM] (TELEGRAM=false, XTREAM=true, IO=false)
2026-01-30 12:23:42.266  5427-6029  CatalogSyn...atorWorker com.fishit.player.v2                 D  Enqueued Xtream chain: work_name=catalog_sync_global_xtream policy=KEEP workers=2
2026-01-30 12:23:42.267  5427-6009  CatalogSyn...atorWorker com.fishit.player.v2                 D  Enqueued Xtream chain: work_name=catalog_sync_global_xtream policy=KEEP workers=2
2026-01-30 12:23:42.267  5427-6009  CatalogSyn...atorWorker com.fishit.player.v2                 D  Telegram not in active sources - skipping Telegram workers
2026-01-30 12:23:42.268  5427-6009  CatalogSyn...atorWorker com.fishit.player.v2                 D  ðŸ“Š WorkInfo chains enqueued:
                                                                                                      [XTREAM] work_name=catalog_sync_global_xtream â†’ ENQUEUED
                                                                                                      Use 'adb shell dumpsys jobscheduler' or WorkManager Inspector for detailed state
2026-01-30 12:23:42.268  5427-6009  CatalogSyn...atorWorker com.fishit.player.v2                 I  CHAINS_ENQUEUED duration_ms=28 policy=KEEP sources=XTREAM (downstream workers will report completion)
2026-01-30 12:23:42.270  5427-5812  WM-ConstraintTracker    com.fishit.player.v2                 D  BatteryNotLowTracker: initial state = true
2026-01-30 12:23:42.271  5427-5812  WM-BrdcstRcvrCnstrntTrc com.fishit.player.v2                 D  BatteryNotLowTracker: registering receiver
2026-01-30 12:23:42.274  5427-6029  CatalogSyn...atorWorker com.fishit.player.v2                 D  Telegram not in active sources - skipping Telegram workers
2026-01-30 12:23:42.279  5427-6029  CatalogSyn...atorWorker com.fishit.player.v2                 D  ðŸ“Š WorkInfo chains enqueued:
                                                                                                      [XTREAM] work_name=catalog_sync_global_xtream â†’ ENQUEUED
                                                                                                      Use 'adb shell dumpsys jobscheduler' or WorkManager Inspector for detailed state
2026-01-30 12:23:42.280  5427-6029  CatalogSyn...atorWorker com.fishit.player.v2                 I  CHAINS_ENQUEUED duration_ms=22 policy=KEEP sources=XTREAM (downstream workers will report completion)
2026-01-30 12:23:42.284  5427-5812  WM-ConstraintTracker    com.fishit.player.v2                 D  NetworkStateTracker24: initial state = NetworkState(isConnected=true, isValidated=true, isMetered=true, isNotRoaming=true)
2026-01-30 12:23:42.284  5427-5812  WM-NetworkStateTracker  com.fishit.player.v2                 D  Registering network callback
2026-01-30 12:23:42.286  5427-5812  ConnectivityManager     com.fishit.player.v2                 D  StackLog: [android.net.ConnectivityManager.sendRequestForNetwork(ConnectivityManager.java:4402)] [android.net.ConnectivityManager.registerDefaultNetworkCallbackForUid(ConnectivityManager.java:4966)] [android.net.ConnectivityManager.registerDefaultNetworkCallback(ConnectivityManager.java:4933)] [android.net.ConnectivityManager.registerDefaultNetworkCallback(ConnectivityManager.java:4907)] [androidx.work.impl.utils.NetworkApi24.registerDefaultNetworkCallbackCompat(NetworkApi24.kt:26)] [androidx.work.impl.constraints.trackers.NetworkStateTracker24.startTracking(NetworkStateTracker.kt:165)] [androidx.work.impl.constraints.trackers.ConstraintTracker.addListener(ConstraintTracker.kt:52)] [androidx.work.impl.constraints.controllers.BaseConstraintController$track$1.invokeSuspend(ContraintControllers.kt:62)] [androidx.work.impl.constraints.controllers.BaseConstraintController$track$1.invoke(Unknown Source:8)] [androidx.work.impl.constraints.controllers.BaseConstraintController$track$1.invoke(Unknown Source:4)] [kotlinx.coroutines.flow.ChannelFlowBuilder.collectTo$suspendImpl(Builders.kt:316)] [kotlinx.coroutines.flow.ChannelFlowBuilder.collectTo(Unknown Source:0)] [kotlinx.coroutines.flow.CallbackFlowBuilder.collectTo(Builders.kt:330)] [kotlinx.coroutines.flow.internal.ChannelFlow$collectToFun$1.invokeSuspend(ChannelFlow.kt:56)] [kotlin.coroutines.jvm.internal.BaseContinuationImpl.resumeWith(ContinuationImpl.kt:34)] [kotlinx.coroutines.DispatchedTask.run(DispatchedTask.kt:100)] [androidx.work.impl.utils.SerialExecutorImpl$Task.run(SerialExecutorImpl.java:96)] [java.util.concurrent.ThreadPoolExecutor.runWorker(ThreadPoolExecutor.java:1145)] [java.util.concurrent.ThreadPoolExecutor$Worker.run(ThreadPoolExecutor.java:644)] [java.lang.Thread.run(Thread.java:1012)]
2026-01-30 12:23:42.297  5427-6032  WM-NetworkStateTracker  com.fishit.player.v2                 D  Network capabilities changed: [ Transports: CELLULAR Capabilities: SUPL&INTERNET&NOT_RESTRICTED&TRUSTED&NOT_VPN&VALIDATED&NOT_ROAMING&FOREGROUND&NOT_CONGESTED&NOT_SUSPENDED&NOT_VCN_MANAGED LinkUpBandwidth>=23114Kbps LinkDnBandwidth>=50971Kbps Specifier: <TelephonyNetworkSpecifier [mSubId = 1]> SubscriptionIds: {1} UnderlyingNetworks: Null]
2026-01-30 12:23:42.317  5427-5812  WM-EnqueueRunnable      com.fishit.player.v2                 E  Prerequisite 0ab5ebc0-fc94-4351-8e24-5087e5dd749e doesn't exist; not enqueuing
2026-01-30 12:23:42.328  5427-5812  WM-EnqueueRunnable      com.fishit.player.v2                 E  Prerequisite 80ed6281-0e29-43b2-92f0-3d0022e3f8fa doesn't exist; not enqueuing
2026-01-30 12:23:42.338  5427-5813  WM-WorkerWrapper        com.fishit.player.v2                 I  Worker result SUCCESS for Work [ id=fa950ade-e416-4827-8e78-e12720640e53, tags={ com.fishit.player.v2.work.CatalogSyncOrchestratorWorker,catalog_sync,mode_auto,worker/CatalogSyncOrchestratorWorker } ]
2026-01-30 12:23:42.343  5427-5427  WM-Processor            com.fishit.player.v2                 D  Processor fa950ade-e416-4827-8e78-e12720640e53 executed; reschedule = false
2026-01-30 12:23:42.344  5427-5427  WM-SystemJobService     com.fishit.player.v2                 D  fa950ade-e416-4827-8e78-e12720640e53 executed on JobScheduler
2026-01-30 12:23:42.345  5427-5813  WM-WorkerWrapper        com.fishit.player.v2                 I  Worker result SUCCESS for Work [ id=885bd2d4-3b6f-4cc4-918d-cb517e1b4f13, tags={ com.fishit.player.v2.work.CatalogSyncOrchestratorWorker,catalog_sync,mode_incremental,worker/CatalogSyncOrchestratorWorker } ]
2026-01-30 12:23:42.351  5427-5427  WM-Processor            com.fishit.player.v2                 D  Processor 885bd2d4-3b6f-4cc4-918d-cb517e1b4f13 executed; reschedule = false
2026-01-30 12:23:42.351  5427-5427  WM-GreedyScheduler      com.fishit.player.v2                 D  Stopping tracking for WorkGenerationalId(workSpecId=885bd2d4-3b6f-4cc4-918d-cb517e1b4f13, generation=0)
2026-01-30 12:23:42.355  5427-5427  WM-SystemJobService     com.fishit.player.v2                 D  885bd2d4-3b6f-4cc4-918d-cb517e1b4f13 executed on JobScheduler
2026-01-30 12:23:42.357  5427-5813  WM-GreedyScheduler      com.fishit.player.v2                 D  Cancelling work ID fa950ade-e416-4827-8e78-e12720640e53
2026-01-30 12:23:42.366  5427-5813  WM-SystemJobScheduler   com.fishit.player.v2                 D  Scheduling work ID 885bd2d4-3b6f-4cc4-918d-cb517e1b4f13Job ID 4
2026-01-30 12:23:42.383  5427-5813  WM-GreedyScheduler      com.fishit.player.v2                 D  Cancelling work ID 885bd2d4-3b6f-4cc4-918d-cb517e1b4f13
2026-01-30 12:23:42.390  5427-5813  WM-BrdcstRcvrCnstrntTrc com.fishit.player.v2                 D  BatteryNotLowTracker: unregistering receiver
2026-01-30 12:23:42.395  5427-5813  WM-NetworkStateTracker  com.fishit.player.v2                 D  Unregistering network callback
2026-01-30 12:23:42.397  5427-5813  ConnectivityManager     com.fishit.player.v2                 D  StackLog: [android.net.ConnectivityManager.unregisterNetworkCallback(ConnectivityManager.java:5076)] [androidx.work.impl.utils.NetworkApi21.unregisterNetworkCallbackCompat(NetworkApi21.kt:28)] [androidx.work.impl.constraints.trackers.NetworkStateTracker24.stopTracking(NetworkStateTracker.kt:180)] [androidx.work.impl.constraints.trackers.ConstraintTracker.removeListener(ConstraintTracker.kt:67)] [androidx.work.impl.constraints.controllers.BaseConstraintController$track$1$1.invoke(ContraintControllers.kt:63)] [androidx.work.impl.constraints.controllers.BaseConstraintController$track$1$1.invoke(ContraintControllers.kt:63)] [kotlinx.coroutines.channels.ProduceKt.awaitClose(Produce.kt:69)] [kotlinx.coroutines.channels.ProduceKt$awaitClose$1.invokeSuspend(Unknown Source:13)] [kotlin.coroutines.jvm.internal.BaseContinuationImpl.resumeWith(ContinuationImpl.kt:34)] [kotlinx.coroutines.DispatchedTask.run(DispatchedTask.kt:98)] [androidx.work.impl.utils.SerialExecutorImpl$Task.run(SerialExecutorImpl.java:96)] [java.util.concurrent.ThreadPoolExecutor.runWorker(ThreadPoolExecutor.java:1145)] [java.util.concurrent.ThreadPoolExecutor$Worker.run(ThreadPoolExecutor.java:644)] [java.lang.Thread.run(Thread.java:1012)]
2026-01-30 12:23:44.180  5427-5442  ishit.player.v2         com.fishit.player.v2                 I  Background concurrent copying GC freed 1368416(46MB) AllocSpace objects, 3(112KB) LOS objects, 49% free, 24MB/48MB, paused 164us,41us total 205.538ms
2026-01-30 12:23:48.235  5427-5427  ViewRootIm...nActivity] com.fishit.player.v2                 I  ViewPostIme pointer 0
2026-01-30 12:23:48.408  5427-5427  ViewRootIm...nActivity] com.fishit.player.v2                 I  ViewPostIme pointer 1
2026-01-30 12:23:48.464  5427-5427  Compatibil...geReporter com.fishit.player.v2                 D  Compat change id reported: 171228096; UID 10456; state: ENABLED
2026-01-30 12:23:48.531  5427-5441  ishit.player.v2         com.fishit.player.v2                 I  Compiler allocated 7198KB to compile void android.view.ViewRootImpl.performTraversals()
2026-01-30 12:23:49.249  5427-5788  CatalogSyncService      com.fishit.player.v2                 D  Xtream batch complete (NX): ingested=400 ingest_ms=9516 total_ms=9517
2026-01-30 12:23:49.256  5427-5735  XTC                     com.fishit.player.v2                 D  [VOD] DTOâ†’Raw #300 | id=xtream:vod:791360 | title="All of You | 2025 | 6.5 |" | sourceType=XTREAM | Fields: âœ“[year=2025, poster] âœ—[plot, cast, director, backdrop, duration, tmdb]
2026-01-30 12:23:49.265  5427-5788  CatalogSyncService      com.fishit.player.v2                 D  Persisting Xtream catalog batch (NX-ONLY): 400 items (canonical_linking=true)
2026-01-30 12:23:49.267  5427-5785  XTC                     com.fishit.player.v2                 D  [LIVE] DTOâ†’Raw #2000 | id=xtream:live:68013 | title="SRB: PRVA HD" | sourceType=XTREAM | Fields: âœ“[poster] âœ—[year, plot, cast, director, backdrop, duration, tmdb]
2026-01-30 12:23:49.270  5427-5783  XtreamCatalogScanWorker com.fishit.player.v2                 D  PROGRESS discovered=2336 persisted=400 phase=N/A
2026-01-30 12:23:49.276  5427-5782  CatalogSyncService      com.fishit.player.v2                 D  Xtream batch complete (NX): ingested=400 ingest_ms=9546 total_ms=9548
2026-01-30 12:23:49.280  5427-5735  XTC                     com.fishit.player.v2                 D  [VOD] DTOâ†’Raw #350 | id=xtream:vod:788976 | title="Was ist Liebe wert - Materialists | 2025" | sourceType=XTREAM | Fields: âœ“[year=2025, poster] âœ—[plot, cast, director, backdrop, duration, tmdb]
2026-01-30 12:23:49.297  5427-6009  CatalogSyncService      com.fishit.player.v2                 D  Xtream batch complete (NX): ingested=400 ingest_ms=9565 total_ms=9567
2026-01-30 12:23:49.305  5427-5782  CatalogSyncService      com.fishit.player.v2                 D  Persisting Xtream catalog batch (NX-ONLY): 400 items (canonical_linking=true)
2026-01-30 12:23:49.309  5427-5735  XTC                     com.fishit.player.v2                 D  [VOD] DTOâ†’Raw #400 | id=xtream:vod:786362 | title="Checkmates - Ziemlich schrÃ¤ge Figuren | " | sourceType=XTREAM | Fields: âœ“[year=2024, poster] âœ—[plot, cast, director, backdrop, duration, tmdb]
2026-01-30 12:23:49.316  5427-6009  CatalogSyncService      com.fishit.player.v2                 D  Persisting Xtream catalog batch (NX-ONLY): 400 items (canonical_linking=true)
2026-01-30 12:23:49.326  5427-5735  XTC                     com.fishit.player.v2                 D  [VOD] DTOâ†’Raw #450 | id=xtream:vod:783657 | title="The Ballad of Wallis Island | 2025 | 7.0" | sourceType=XTREAM | Fields: âœ“[year=2025, poster] âœ—[plot, cast, director, backdrop, duration, tmdb]
2026-01-30 12:23:49.343  5427-5735  XTC                     com.fishit.player.v2                 D  [VOD] DTOâ†’Raw #500 | id=xtream:vod:780844 | title="Shadow of God | 2025 | 5.0 |" | sourceType=XTREAM | Fields: âœ“[year=2025, poster] âœ—[plot, cast, director, backdrop, duration, tmdb]
2026-01-30 12:23:49.344  5427-5783  XtreamCatalogScanWorker com.fishit.player.v2                 D  PROGRESS discovered=2503 persisted=1200 phase=N/A
2026-01-30 12:23:49.366  5427-5785  XTC                     com.fishit.player.v2                 D  [LIVE] DTOâ†’Raw #2050 | id=xtream:live:57393 | title="SLOVENIA CHANNELS" | sourceType=XTREAM | Fields: âœ“[] âœ—[year, plot, cast, director, poster, backdrop, duration, tmdb]
2026-01-30 12:23:49.387  5427-5785  XTC                     com.fishit.player.v2                 D  [LIVE] DTOâ†’Raw #2100 | id=xtream:live:68354 | title="MK: MPT 3" | sourceType=XTREAM | Fields: âœ“[poster] âœ—[year, plot, cast, director, backdrop, duration, tmdb]
2026-01-30 12:23:49.410  5427-5785  XTC                     com.fishit.player.v2                 D  [LIVE] DTOâ†’Raw #2150 | id=xtream:live:112383 | title="CRO: Arena Sport 8 FHD" | sourceType=XTREAM | Fields: âœ“[poster] âœ—[year, plot, cast, director, backdrop, duration, tmdb]
2026-01-30 12:23:49.432  5427-5735  XTC                     com.fishit.player.v2                 D  [VOD] DTOâ†’Raw #550 | id=xtream:vod:779064 | title="Escape - Der unsichtbare Feind | 2024 | " | sourceType=XTREAM | Fields: âœ“[year=2024, poster] âœ—[plot, cast, director, backdrop, duration, tmdb]
2026-01-30 12:23:49.435  5427-5785  XTC                     com.fishit.player.v2                 D  [LIVE] DTOâ†’Raw #2200 | id=xtream:live:81562 | title="EYXU PINK" | sourceType=XTREAM | Fields: âœ“[] âœ—[year, plot, cast, director, poster, backdrop, duration, tmdb]
2026-01-30 12:23:49.444  5427-5735  XTC                     com.fishit.player.v2                 D  [VOD] DTOâ†’Raw #600 | id=xtream:vod:776412 | title="WWE WrestleMania 41: Sunday | 2025 | 6.1" | sourceType=XTREAM | Fields: âœ“[year=2025, poster] âœ—[plot, cast, director, backdrop, duration, tmdb]
2026-01-30 12:23:49.455  5427-5785  XTC                     com.fishit.player.v2                 D  [LIVE] DTOâ†’Raw #2250 | id=xtream:live:68054 | title="SRB: Fox Crime" | sourceType=XTREAM | Fields: âœ“[poster] âœ—[year, plot, cast, director, backdrop, duration, tmdb]
2026-01-30 12:23:49.457  5427-5735  XTC                     com.fishit.player.v2                 D  [VOD] DTOâ†’Raw #650 | id=xtream:vod:773840 | title="Vena | 2024 | 7.7 |" | sourceType=XTREAM | Fields: âœ“[year=2024, poster] âœ—[plot, cast, director, backdrop, duration, tmdb]
2026-01-30 12:23:49.471  5427-5735  XTC                     com.fishit.player.v2                 D  [VOD] DTOâ†’Raw #700 | id=xtream:vod:771263 | title="Old Guy - Alter Hund mit neuen Tricks | " | sourceType=XTREAM | Fields: âœ“[year=2024, poster] âœ—[plot, cast, director, backdrop, duration, tmdb]
2026-01-30 12:23:49.476  5427-5785  XTC                     com.fishit.player.v2                 D  [LIVE] DTOâ†’Raw #2300 | id=xtream:live:80163 | title="EXYU: BBC Earth" | sourceType=XTREAM | Fields: âœ“[poster] âœ—[year, plot, cast, director, backdrop, duration, tmdb]
2026-01-30 12:23:49.482  5427-5427  ViewRootIm...nActivity] com.fishit.player.v2                 I  ViewPostIme pointer 0
2026-01-30 12:23:49.484  5427-5735  XTC                     com.fishit.player.v2                 D  [VOD] DTOâ†’Raw #750 | id=xtream:vod:767670 | title="We Live in Time | 2024 | 7.5 |" | sourceType=XTREAM | Fields: âœ“[year=2024, poster] âœ—[plot, cast, director, backdrop, duration, tmdb]
2026-01-30 12:23:49.493  5427-5785  XTC                     com.fishit.player.v2                 D  [LIVE] DTOâ†’Raw #2350 | id=xtream:live:71045 | title="CR: Narodni TV" | sourceType=XTREAM | Fields: âœ“[] âœ—[year, plot, cast, director, poster, backdrop, duration, tmdb]
2026-01-30 12:23:49.498  5427-5735  XTC                     com.fishit.player.v2                 D  [VOD] DTOâ†’Raw #800 | id=xtream:vod:765621 | title="The Killer | 2024 | 6.4 |" | sourceType=XTREAM | Fields: âœ“[year=2024, poster] âœ—[plot, cast, director, backdrop, duration, tmdb]
2026-01-30 12:23:49.508  5427-5785  XTC                     com.fishit.player.v2                 D  [LIVE] DTOâ†’Raw #2400 | id=xtream:live:123310 | title="NL: ZIGGO SPORT DOCU HEVC" | sourceType=XTREAM | Fields: âœ“[poster] âœ—[year, plot, cast, director, backdrop, duration, tmdb]
2026-01-30 12:23:49.513  5427-5735  XTC                     com.fishit.player.v2                 D  [VOD] DTOâ†’Raw #850 | id=xtream:vod:763435 | title="Escape: Flucht in die Freiheit | 2024 | " | sourceType=XTREAM | Fields: âœ“[year=2024, poster] âœ—[plot, cast, director, backdrop, duration, tmdb]
2026-01-30 12:23:49.518  5427-5427  ViewRootIm...nActivity] com.fishit.player.v2                 I  ViewPostIme pointer 1
2026-01-30 12:23:49.520  5427-5785  XTC                     com.fishit.player.v2                 D  [LIVE] DTOâ†’Raw #2450 | id=xtream:live:67994 | title="NL: CBS REALITY" | sourceType=XTREAM | Fields: âœ“[] âœ—[year, plot, cast, director, poster, backdrop, duration, tmdb]
2026-01-30 12:23:49.526  5427-5735  XTC                     com.fishit.player.v2                 D  [VOD] DTOâ†’Raw #900 | id=xtream:vod:761313 | title="Blitz | 2024 | 5.2 |" | sourceType=XTREAM | Fields: âœ“[year=2024, poster] âœ—[plot, cast, director, backdrop, duration, tmdb]
2026-01-30 12:23:49.537  5427-5785  XTC                     com.fishit.player.v2                 D  [LIVE] DTOâ†’Raw #2500 | id=xtream:live:728060 | title="NL: VIAPLAY Premier League 1 FHD" | sourceType=XTREAM | Fields: âœ“[poster] âœ—[year, plot, cast, director, backdrop, duration, tmdb]
2026-01-30 12:23:49.544  5427-5735  XTC                     com.fishit.player.v2                 D  [VOD] DTOâ†’Raw #950 | id=xtream:vod:756534 | title="Libre | 2024 | 5.9 |" | sourceType=XTREAM | Fields: âœ“[year=2024, poster] âœ—[plot, cast, director, backdrop, duration, tmdb]
2026-01-30 12:23:49.623  5427-5427  NxHomeContentRepo       com.fishit.player.v2                 I  ðŸŽ¬ getMoviesPagingData() CALLED - Creating Movies PagingSource
2026-01-30 12:23:49.628  5427-5427  NxHomeContentRepo       com.fishit.player.v2                 I  ðŸ“º getSeriesPagingData() CALLED - Creating Series PagingSource
2026-01-30 12:23:49.632  5427-5427  HomeViewModel           com.fishit.player.v2                 I  ðŸ  HomeViewModel INIT - Creating content flows and paging sources
2026-01-30 12:23:49.794  5427-5427  NxHomeContentRepo       com.fishit.player.v2                 D  ðŸŽ¬ Movies PagingSource FACTORY invoked
2026-01-30 12:23:49.820  5427-5427  NxHomeContentRepo       com.fishit.player.v2                 D  ðŸ“º Series PagingSource FACTORY invoked
2026-01-30 12:23:50.183  5427-5442  ishit.player.v2         com.fishit.player.v2                 I  Background young concurrent copying GC freed 512519(17MB) AllocSpace objects, 0(0B) LOS objects, 29% free, 33MB/48MB, paused 261us,509us total 163.436ms
2026-01-30 12:23:50.345  5427-5427  WorkManage...teObserver com.fishit.player.v2                 I  Sync state: SUCCEEDED
2026-01-30 12:23:50.703  5427-5964  TrafficStats            com.fishit.player.v2                 D  tagSocket(88) with statsTag=0xffffffff, statsUid=-1
2026-01-30 12:23:50.707  5427-5969  TrafficStats            com.fishit.player.v2                 D  tagSocket(143) with statsTag=0xffffffff, statsUid=-1
2026-01-30 12:23:50.710  5427-5965  TrafficStats            com.fishit.player.v2                 D  tagSocket(168) with statsTag=0xffffffff, statsUid=-1
2026-01-30 12:23:50.789  5427-6183  TrafficStats            com.fishit.player.v2                 D  tagSocket(166) with statsTag=0xffffffff, statsUid=-1
2026-01-30 12:23:50.916  5427-5969  TrafficStats            com.fishit.player.v2                 D  tagSocket(175) with statsTag=0xffffffff, statsUid=-1
2026-01-30 12:23:50.920  5427-5965  TrafficStats            com.fishit.player.v2                 D  tagSocket(176) with statsTag=0xffffffff, statsUid=-1
2026-01-30 12:23:51.277  5427-5442  ishit.player.v2         com.fishit.player.v2                 I  Background concurrent copying GC freed 724946(27MB) AllocSpace objects, 1(20KB) LOS objects, 45% free, 28MB/52MB, paused 802us,179us total 352.092ms
2026-01-30 12:23:52.209  5427-5427  ViewRootIm...nActivity] com.fishit.player.v2                 I  ViewPostIme pointer 0
2026-01-30 12:23:52.378  5427-5427  ViewRootIm...nActivity] com.fishit.player.v2                 I  ViewPostIme pointer 1
2026-01-30 12:24:08.175  5427-6196  CatalogSyncService      com.fishit.player.v2                 D  Xtream batch complete (NX): ingested=400 ingest_ms=18869 total_ms=18870
2026-01-30 12:24:08.179  5427-6029  XtreamCatalogScanWorker com.fishit.player.v2                 D  PROGRESS discovered=3424 persisted=1600 phase=N/A
2026-01-30 12:24:08.192  5427-5782  XTC                     com.fishit.player.v2                 D  [LIVE] DTOâ†’Raw #2550 | id=xtream:live:51111 | title="NL: FILM 1 ACTION FHD" | sourceType=XTREAM | Fields: âœ“[] âœ—[year, plot, cast, director, poster, backdrop, duration, tmdb]
2026-01-30 12:24:08.192  5427-5736  XTC                     com.fishit.player.v2                 D  [VOD] DTOâ†’Raw #1000 | id=xtream:vod:755046 | title="Arcadian | 2024 | 6.0 |" | sourceType=XTREAM | Fields: âœ“[year=2024, poster] âœ—[plot, cast, director, backdrop, duration, tmdb]
2026-01-30 12:24:08.194  5427-6009  XtreamCatalogScanWorker com.fishit.player.v2                 D  PROGRESS discovered=3552 persisted=1600 phase=N/A
2026-01-30 12:24:08.198  5427-6196  CatalogSyncService      com.fishit.player.v2                 D  Persisting Xtream catalog batch (NX-ONLY): 400 items (canonical_linking=true)
2026-01-30 12:24:08.210  5427-5782  XTC                     com.fishit.player.v2                 D  [LIVE] DTOâ†’Raw #2600 | id=xtream:live:324134 | title="FR: E! ENTERTAINMENT HEVC" | sourceType=XTREAM | Fields: âœ“[poster] âœ—[year, plot, cast, director, backdrop, duration, tmdb]
2026-01-30 12:24:08.234  5427-5782  XTC                     com.fishit.player.v2                 D  [LIVE] DTOâ†’Raw #2650 | id=xtream:live:324241 | title="FR: PIWI+ HEVC" | sourceType=XTREAM | Fields: âœ“[poster] âœ—[year, plot, cast, director, backdrop, duration, tmdb]
2026-01-30 12:24:08.252  5427-5782  XTC                     com.fishit.player.v2                 D  [LIVE] DTOâ†’Raw #2700 | id=xtream:live:361934 | title="FR: BEIN SPORTS MAX8 HEVC" | sourceType=XTREAM | Fields: âœ“[] âœ—[year, plot, cast, director, poster, backdrop, duration, tmdb]
2026-01-30 12:24:08.273  5427-5782  XTC                     com.fishit.player.v2                 D  [LIVE] DTOâ†’Raw #2750 | id=xtream:live:44392 | title="FR: Orange Cinema 2 HD" | sourceType=XTREAM | Fields: âœ“[poster] âœ—[year, plot, cast, director, backdrop, duration, tmdb]
2026-01-30 12:24:08.293  5427-5782  XTC                     com.fishit.player.v2                 D  [LIVE] DTOâ†’Raw #2800 | id=xtream:live:44458 | title="FR: AB1 FHD" | sourceType=XTREAM | Fields: âœ“[] âœ—[year, plot, cast, director, poster, backdrop, duration, tmdb]
2026-01-30 12:24:08.305  5427-5782  XTC                     com.fishit.player.v2                 D  [LIVE] DTOâ†’Raw #2850 | id=xtream:live:791065 | title="LIGUE 1+" | sourceType=XTREAM | Fields: âœ“[poster] âœ—[year, plot, cast, director, backdrop, duration, tmdb]
2026-01-30 12:24:08.863  5427-5786  CatalogSyncService      com.fishit.player.v2                 D  Xtream batch complete (NX): ingested=400 ingest_ms=19598 total_ms=19599
2026-01-30 12:24:08.901  5427-6199  XTC                     com.fishit.player.v2                 D  [VOD] DTOâ†’Raw #1050 | id=xtream:vod:753417 | title="The Crow | 2024 | 5.3 |" | sourceType=XTREAM | Fields: âœ“[year=2024, poster] âœ—[plot, cast, director, backdrop, duration, tmdb]
2026-01-30 12:24:08.905  5427-5786  CatalogSyncService      com.fishit.player.v2                 D  Persisting Xtream catalog batch (NX-ONLY): 400 items (canonical_linking=true)
2026-01-30 12:24:08.912  5427-5782  XTC                     com.fishit.player.v2                 D  [LIVE] DTOâ†’Raw #2900 | id=xtream:live:44515 | title="FR: EQUIDIA LIVE FHD" | sourceType=XTREAM | Fields: âœ“[] âœ—[year, plot, cast, director, poster, backdrop, duration, tmdb]
2026-01-30 12:24:08.927  5427-6199  XTC                     com.fishit.player.v2                 D  [VOD] DTOâ†’Raw #1100 | id=xtream:vod:751157 | title="The Good Half | 2024 | 5.3 |" | sourceType=XTREAM | Fields: âœ“[year=2024, poster] âœ—[plot, cast, director, backdrop, duration, tmdb]
2026-01-30 12:24:08.934  5427-5782  XTC                     com.fishit.player.v2                 D  [LIVE] DTOâ†’Raw #2950 | id=xtream:live:124147 | title="FR: AMAZON PRIME 5 FHD" | sourceType=XTREAM | Fields: âœ“[] âœ—[year, plot, cast, director, poster, backdrop, duration, tmdb]
2026-01-30 12:24:08.948  5427-6199  XTC                     com.fishit.player.v2                 D  [VOD] DTOâ†’Raw #1150 | id=xtream:vod:749239 | title="Nightwatch - Demons Are Forever | 2023 |" | sourceType=XTREAM | Fields: âœ“[year=2023, poster] âœ—[plot, cast, director, backdrop, duration, tmdb]
2026-01-30 12:24:08.955  5427-6029  CatalogSyncService      com.fishit.player.v2                 D  Xtream batch complete (NX): ingested=400 ingest_ms=19639 total_ms=19639
2026-01-30 12:24:08.956  5427-5782  XTC                     com.fishit.player.v2                 D  [LIVE] DTOâ†’Raw #3000 | id=xtream:live:743659 | title="FR: HISTOIRE HD" | sourceType=XTREAM | Fields: âœ“[] âœ—[year, plot, cast, director, poster, backdrop, duration, tmdb]
2026-01-30 12:24:08.958  5427-6196  XtreamCatalogScanWorker com.fishit.player.v2                 D  PROGRESS discovered=4157 persisted=2400 phase=N/A
2026-01-30 12:24:08.980  5427-6199  XTC                     com.fishit.player.v2                 D  [VOD] DTOâ†’Raw #1200 | id=xtream:vod:746657 | title="Spieleabend | 2024 | 6.7 |" | sourceType=XTREAM | Fields: âœ“[year=2024, poster] âœ—[plot, cast, director, backdrop, duration, tmdb]
2026-01-30 12:24:08.980  5427-6029  CatalogSyncService      com.fishit.player.v2                 D  Persisting Xtream catalog batch (NX-ONLY): 400 items (canonical_linking=true)
2026-01-30 12:24:08.995  5427-6199  XTC                     com.fishit.player.v2                 D  [VOD] DTOâ†’Raw #1250 | id=xtream:vod:744770 | title="We Grown Now | 2024 | 7.2 |" | sourceType=XTREAM | Fields: âœ“[year=2024, poster] âœ—[plot, cast, director, backdrop, duration, tmdb]
2026-01-30 12:24:09.008  5427-6199  XTC                     com.fishit.player.v2                 D  [VOD] DTOâ†’Raw #1300 | id=xtream:vod:743327 | title="The Last Rifleman | 2023 | 6.7 |" | sourceType=XTREAM | Fields: âœ“[year=2023, poster] âœ—[plot, cast, director, backdrop, duration, tmdb]
2026-01-30 12:24:09.017  5427-5782  XTC                     com.fishit.player.v2                 D  [LIVE] DTOâ†’Raw #3050 | id=xtream:live:54814 | title="BE: Voo Sport World 3 HD" | sourceType=XTREAM | Fields: âœ“[] âœ—[year, plot, cast, director, poster, backdrop, duration, tmdb]
2026-01-30 12:24:09.017  5427-6199  XTC                     com.fishit.player.v2                 D  [VOD] DTOâ†’Raw #1350 | id=xtream:vod:741596 | title="Chantal im MÃ¤rchenland | 2024 | 5.2 |" | sourceType=XTREAM | Fields: âœ“[year=2024, poster] âœ—[plot, cast, director, backdrop, duration, tmdb]
2026-01-30 12:24:09.029  5427-6199  XTC                     com.fishit.player.v2                 D  [VOD] DTOâ†’Raw #1400 | id=xtream:vod:740067 | title="Die Knochenfrau | 2023 | 5.8 |" | sourceType=XTREAM | Fields: âœ“[year=2023, poster] âœ—[plot, cast, director, backdrop, duration, tmdb]
2026-01-30 12:24:09.038  5427-5782  XTC                     com.fishit.player.v2                 D  [LIVE] DTOâ†’Raw #3100 | id=xtream:live:178407 | title="RU: Ð”Ð¸Ð°Ð»Ð¾Ð³Ð¸ Ð¾ Ñ€Ñ‹Ð±Ð°Ð»ÐºÐµ FHD" | sourceType=XTREAM | Fields: âœ“[poster] âœ—[year, plot, cast, director, backdrop, duration, tmdb]
2026-01-30 12:24:09.039  5427-6199  XTC                     com.fishit.player.v2                 D  [VOD] DTOâ†’Raw #1450 | id=xtream:vod:731525 | title="FÃ¼r immer | 2023 | 6.1 |" | sourceType=XTREAM | Fields: âœ“[year=2023, poster] âœ—[plot, cast, director, backdrop, duration, tmdb]
2026-01-30 12:24:09.051  5427-6199  XTC                     com.fishit.player.v2                 D  [VOD] DTOâ†’Raw #1500 | id=xtream:vod:728107 | title="My Name Is Loh Kiwan | 2024 | 6.0 |" | sourceType=XTREAM | Fields: âœ“[year=2024, poster] âœ—[plot, cast, director, backdrop, duration, tmdb]
2026-01-30 12:24:09.058  5427-5782  XTC                     com.fishit.player.v2                 D  [LIVE] DTOâ†’Raw #3150 | id=xtream:live:178457 | title="RU: Ð”Ð¾Ð¼ ÐºÐ¸Ð½Ð¾ Ð¿Ñ€ÐµÐ¼Ð¸ÑƒÐ¼ FHD" | sourceType=XTREAM | Fields: âœ“[poster] âœ—[year, plot, cast, director, backdrop, duration, tmdb]
2026-01-30 12:24:09.381  5427-5442  ishit.player.v2         com.fishit.player.v2                 I  Background concurrent copying GC freed 643533(27MB) AllocSpace objects, 0(0B) LOS objects, 48% free, 25MB/49MB, paused 166us,134us total 105.577ms
2026-01-30 12:24:16.299  5427-5442  ishit.player.v2         com.fishit.player.v2                 I  Background concurrent copying GC freed 594911(26MB) AllocSpace objects, 0(0B) LOS objects, 48% free, 25MB/49MB, paused 151us,57us total 115.521ms
2026-01-30 12:24:29.603  5427-5442  ishit.player.v2         com.fishit.player.v2                 I  Background concurrent copying GC freed 597798(27MB) AllocSpace objects, 0(0B) LOS objects, 47% free, 26MB/50MB, paused 90us,113us total 100.077ms
2026-01-30 12:24:31.777  5427-5784  CatalogSyncService      com.fishit.player.v2                 D  Xtream batch complete (NX): ingested=400 ingest_ms=23577 total_ms=23578
2026-01-30 12:24:31.780  5427-5786  XtreamCatalogScanWorker com.fishit.player.v2                 D  PROGRESS discovered=4633 persisted=2800 phase=N/A
2026-01-30 12:24:31.788  5427-5784  CatalogSyncService      com.fishit.player.v2                 D  Persisting Xtream catalog batch (NX-ONLY): 400 items (canonical_linking=true)
2026-01-30 12:24:31.793  5427-5783  XTC                     com.fishit.player.v2                 D  [VOD] DTOâ†’Raw #1550 | id=xtream:vod:704641 | title="Cat Person | 2023 | 6.2 |" | sourceType=XTREAM | Fields: âœ“[year=2023, poster] âœ—[plot, cast, director, backdrop, duration, tmdb]
2026-01-30 12:24:31.801  5427-5783  XTC                     com.fishit.player.v2                 D  [VOD] DTOâ†’Raw #1600 | id=xtream:vod:696436 | title="Naughty - Entfesselte Lust | 2023 | 5.8 " | sourceType=XTREAM | Fields: âœ“[year=2023, poster] âœ—[plot, cast, director, backdrop, duration, tmdb]
2026-01-30 12:24:31.804  5427-6200  XTC                     com.fishit.player.v2                 D  [LIVE] DTOâ†’Raw #3200 | id=xtream:live:178508 | title="RU: ÐšÐ¸Ð½Ð¾ÑÐµÐ¼ÑŒÑ FHD" | sourceType=XTREAM | Fields: âœ“[poster] âœ—[year, plot, cast, director, backdrop, duration, tmdb]
2026-01-30 12:24:31.812  5427-5783  XTC                     com.fishit.player.v2                 D  [VOD] DTOâ†’Raw #1650 | id=xtream:vod:692594 | title="Slotherhouse - Ein Faultier zum FÃ¼rchten" | sourceType=XTREAM | Fields: âœ“[year=2023, poster] âœ—[plot, cast, director, backdrop, duration, tmdb]
2026-01-30 12:24:31.819  5427-5783  XTC                     com.fishit.player.v2                 D  [VOD] DTOâ†’Raw #1700 | id=xtream:vod:674679 | title="A Royal Corgi Christmas - Weihnachten wi" | sourceType=XTREAM | Fields: âœ“[year=2022, poster] âœ—[plot, cast, director, backdrop, duration, tmdb]
2026-01-30 12:24:31.827  5427-5783  XTC                     com.fishit.player.v2                 D  [VOD] DTOâ†’Raw #1750 | id=xtream:vod:672225 | title="Elf Me | 2023 | 6.2 |" | sourceType=XTREAM | Fields: âœ“[year=2023, poster] âœ—[plot, cast, director, backdrop, duration, tmdb]
2026-01-30 12:24:31.834  5427-5783  XTC                     com.fishit.player.v2                 D  [VOD] DTOâ†’Raw #1800 | id=xtream:vod:669556 | title="The Royal Nanny | 2022 | 6.2 |" | sourceType=XTREAM | Fields: âœ“[year=2022, poster] âœ—[plot, cast, director, backdrop, duration, tmdb]
2026-01-30 12:24:31.838  5427-6200  XTC                     com.fishit.player.v2                 D  [LIVE] DTOâ†’Raw #3250 | id=xtream:live:178566 | title="RU: ÐœÐ°Ñ‚Ñ‡! Ð¤ÑƒÑ‚Ð±Ð¾Ð» 2 FHD" | sourceType=XTREAM | Fields: âœ“[poster] âœ—[year, plot, cast, director, backdrop, duration, tmdb]
2026-01-30 12:24:32.319  5427-6201  CatalogSyncService      com.fishit.player.v2                 D  Xtream batch complete (NX): ingested=400 ingest_ms=23338 total_ms=23339
2026-01-30 12:24:32.328  5427-6201  CatalogSyncService      com.fishit.player.v2                 D  Persisting Xtream catalog batch (NX-ONLY): 400 items (canonical_linking=true)
2026-01-30 12:24:32.337  5427-6200  XTC                     com.fishit.player.v2                 D  [VOD] DTOâ†’Raw #1850 | id=xtream:vod:667269 | title="As They Made Us | 2022 | 5.5 |" | sourceType=XTREAM | Fields: âœ“[year=2022, poster] âœ—[plot, cast, director, backdrop, duration, tmdb]
2026-01-30 12:24:32.350  5427-6199  XTC                     com.fishit.player.v2                 D  [LIVE] DTOâ†’Raw #3300 | id=xtream:live:178625 | title="RU: Ð Ð¾ÑÑÐ¸Ñ 1 FHD" | sourceType=XTREAM | Fields: âœ“[poster] âœ—[year, plot, cast, director, backdrop, duration, tmdb]
2026-01-30 12:24:32.355  5427-6200  XTC                     com.fishit.player.v2                 D  [VOD] DTOâ†’Raw #1900 | id=xtream:vod:659371 | title="Detective Dee und die Armee der Toten | " | sourceType=XTREAM | Fields: âœ“[year=2022, poster] âœ—[plot, cast, director, backdrop, duration, tmdb]
2026-01-30 12:24:32.367  5427-6199  XTC                     com.fishit.player.v2                 D  [LIVE] DTOâ†’Raw #3350 | id=xtream:live:178663 | title="RU: MTV Live FHD" | sourceType=XTREAM | Fields: âœ“[poster] âœ—[year, plot, cast, director, backdrop, duration, tmdb]
2026-01-30 12:24:32.367  5427-6200  XTC                     com.fishit.player.v2                 D  [VOD] DTOâ†’Raw #1950 | id=xtream:vod:655613 | title="War of the Worlds: The Attack | 2023 | 5" | sourceType=XTREAM | Fields: âœ“[year=2023, poster] âœ—[plot, cast, director, backdrop, duration, tmdb]
2026-01-30 12:24:32.378  5427-6200  XTC                     com.fishit.player.v2                 D  [VOD] DTOâ†’Raw #2000 | id=xtream:vod:641588 | title="Meinen Hass bekommt ihr nicht | 2022 | 5" | sourceType=XTREAM | Fields: âœ“[year=2022, poster] âœ—[plot, cast, director, backdrop, duration, tmdb]
2026-01-30 12:24:32.379  5427-5783  XtreamCatalogScanWorker com.fishit.player.v2                 D  PROGRESS discovered=5389 persisted=3200 phase=N/A
2026-01-30 12:24:32.382  5427-6199  XTC                     com.fishit.player.v2                 D  [LIVE] DTOâ†’Raw #3400 | id=xtream:live:124239 | title="UA: TET" | sourceType=XTREAM | Fields: âœ“[poster] âœ—[year, plot, cast, director, backdrop, duration, tmdb]
2026-01-30 12:24:32.393  5427-6199  XTC                     com.fishit.player.v2                 D  [LIVE] DTOâ†’Raw #3450 | id=xtream:live:35983 | title="BG: NOVA TV HD" | sourceType=XTREAM | Fields: âœ“[poster] âœ—[year, plot, cast, director, backdrop, duration, tmdb]
2026-01-30 12:24:32.612  5427-5442  ishit.player.v2         com.fishit.player.v2                 I  Background concurrent copying GC freed 647148(28MB) AllocSpace objects, 0(0B) LOS objects, 45% free, 28MB/52MB, paused 139us,87us total 220.087ms
