--------- beginning of main
--------- beginning of system
---------------------------- PROCESS STARTED (20824) for package com.fishit.player.v2 ----------------------------
2026-01-28 13:46:47.433 20824-20824 ziparchive              com.fishit.player.v2                 W  Unable to open '/data/data/com.fishit.player.v2/code_cache/.overlay/base.apk/classes21.dm': No such file or directory
2026-01-28 13:46:47.435 20824-20824 ziparchive              com.fishit.player.v2                 W  Unable to open '/data/data/com.fishit.player.v2/code_cache/.overlay/base.apk/classes26.dm': No such file or directory
2026-01-28 13:46:47.436 20824-20824 ziparchive              com.fishit.player.v2                 W  Unable to open '/data/data/com.fishit.player.v2/code_cache/.overlay/base.apk/classes10.dm': No such file or directory
2026-01-28 13:46:47.439 20824-20824 ziparchive              com.fishit.player.v2                 W  Unable to open '/data/data/com.fishit.player.v2/code_cache/.overlay/base.apk/classes15.dm': No such file or directory
2026-01-28 13:46:47.440 20824-20824 ziparchive              com.fishit.player.v2                 W  Unable to open '/data/data/com.fishit.player.v2/code_cache/.overlay/base.apk/classes16.dm': No such file or directory
2026-01-28 13:46:47.442 20824-20824 ziparchive              com.fishit.player.v2                 W  Unable to open '/data/data/com.fishit.player.v2/code_cache/.overlay/base.apk/classes2.dm': No such file or directory
2026-01-28 13:46:47.444 20824-20824 ziparchive              com.fishit.player.v2                 W  Unable to open '/data/data/com.fishit.player.v2/code_cache/.overlay/base.apk/classes20.dm': No such file or directory
2026-01-28 13:46:47.445 20824-20824 ziparchive              com.fishit.player.v2                 W  Unable to open '/data/data/com.fishit.player.v2/code_cache/.overlay/base.apk/classes5.dm': No such file or directory
2026-01-28 13:46:47.448 20824-20824 ziparchive              com.fishit.player.v2                 W  Unable to open '/data/app/~~nPeeO6IppzO9CD77_oZsBA==/com.fishit.player.v2-p9JlNXSemqGVdDLKyYUzgw==/base.dm': No such file or directory
2026-01-28 13:46:47.448 20824-20824 ziparchive              com.fishit.player.v2                 W  Unable to open '/data/app/~~nPeeO6IppzO9CD77_oZsBA==/com.fishit.player.v2-p9JlNXSemqGVdDLKyYUzgw==/base.dm': No such file or directory
2026-01-28 13:46:47.955 20824-20824 nativeloader            com.fishit.player.v2                 D  Configuring clns-4 for other apk /data/app/~~nPeeO6IppzO9CD77_oZsBA==/com.fishit.player.v2-p9JlNXSemqGVdDLKyYUzgw==/base.apk. target_sdk_version=35, uses_libraries=, library_path=/data/app/~~nPeeO6IppzO9CD77_oZsBA==/com.fishit.player.v2-p9JlNXSemqGVdDLKyYUzgw==/lib/arm64:/data/app/~~nPeeO6IppzO9CD77_oZsBA==/com.fishit.player.v2-p9JlNXSemqGVdDLKyYUzgw==/base.apk!/lib/arm64-v8a, permitted_path=/data:/mnt/expand:/data/user/0/com.fishit.player.v2
2026-01-28 13:46:47.970 20824-20824 GraphicsEnvironment     com.fishit.player.v2                 V  Currently set values for:
2026-01-28 13:46:47.970 20824-20824 GraphicsEnvironment     com.fishit.player.v2                 V    angle_gl_driver_selection_pkgs=[]
2026-01-28 13:46:47.970 20824-20824 GraphicsEnvironment     com.fishit.player.v2                 V    angle_gl_driver_selection_values=[]
2026-01-28 13:46:47.970 20824-20824 GraphicsEnvironment     com.fishit.player.v2                 V  ANGLE GameManagerService for com.fishit.player.v2: false
2026-01-28 13:46:47.970 20824-20824 GraphicsEnvironment     com.fishit.player.v2                 V  com.fishit.player.v2 is not listed in per-application setting
2026-01-28 13:46:47.970 20824-20824 GraphicsEnvironment     com.fishit.player.v2                 V  App is not on the allowlist for updatable production driver.
2026-01-28 13:46:47.972 20824-20824 ActivityThread          com.fishit.player.v2                 W  Application com.fishit.player.v2 is suspending. Debugger needs to resume to continue.
2026-01-28 13:46:47.972 20824-20824 System.out              com.fishit.player.v2                 I  Sending WAIT chunk
2026-01-28 13:46:47.972 20824-20824 System.out              com.fishit.player.v2                 I  Waiting for debugger first packet
2026-01-28 13:46:48.072 20824-20824 System.out              com.fishit.player.v2                 I  Debug.suspendAllAndSentVmStart
2026-01-28 13:46:48.302 20824-20824 System.out              com.fishit.player.v2                 I  Debug.suspendAllAndSendVmStart, resumed
2026-01-28 13:46:48.370 20824-20824 FirebaseApp             com.fishit.player.v2                 W  Default FirebaseApp failed to initialize because no default options were found. This usually means that com.google.gms:google-services was not applied to your gradle project.
2026-01-28 13:46:48.370 20824-20824 FirebaseInitProvider    com.fishit.player.v2                 I  FirebaseApp initialization unsuccessful
2026-01-28 13:46:48.458 20824-20824 ishit.player.v2         com.fishit.player.v2                 W  Accessing hidden method Landroid/view/WindowManagerGlobal;->getInstance()Landroid/view/WindowManagerGlobal; (unsupported, reflection, allowed)
2026-01-28 13:46:48.458 20824-20824 ishit.player.v2         com.fishit.player.v2                 W  Accessing hidden field Landroid/view/WindowManagerGlobal;->mViews:Ljava/util/ArrayList; (unsupported, reflection, allowed)
2026-01-28 13:46:48.458 20824-20824 ishit.player.v2         com.fishit.player.v2                 W  Accessing hidden field Landroid/app/ActivityThread;->mH:Landroid/app/ActivityThread$H; (unsupported, reflection, allowed)
2026-01-28 13:46:48.458 20824-20824 ishit.player.v2         com.fishit.player.v2                 W  Accessing hidden method Landroid/app/ActivityThread;->currentActivityThread()Landroid/app/ActivityThread; (unsupported, reflection, allowed)
2026-01-28 13:46:48.458 20824-20824 ishit.player.v2         com.fishit.player.v2                 W  Accessing hidden field Landroid/os/Handler;->mCallback:Landroid/os/Handler$Callback; (unsupported, reflection, allowed)
2026-01-28 13:46:48.459 20824-20824 ishit.player.v2         com.fishit.player.v2                 W  Accessing hidden field Landroid/util/Singleton;->mInstance:Ljava/lang/Object; (unsupported, reflection, allowed)
2026-01-28 13:46:48.459 20824-20824 ishit.player.v2         com.fishit.player.v2                 W  Accessing hidden method Landroid/util/Singleton;->get()Ljava/lang/Object; (unsupported, reflection, allowed)
2026-01-28 13:46:48.459 20824-20824 ishit.player.v2         com.fishit.player.v2                 W  Accessing hidden field Landroid/app/ActivityManager;->IActivityManagerSingleton:Landroid/util/Singleton; (unsupported, reflection, allowed)
2026-01-28 13:46:48.892 20824-20824 LeakCanaryConfig        com.fishit.player.v2                 W  Failed to configure LeakCanary: config
2026-01-28 13:46:48.894 20824-20824 DebugToolsInitializer   com.fishit.player.v2                 I  DebugToolsInitializer started (LeakCanary available=true)
2026-01-28 13:46:48.895 20824-20824 DebugBootstraps         com.fishit.player.v2                 I  Debug bootstraps started (DebugToolsInitializer)
2026-01-28 13:46:48.900 20824-20856 DebugToolsInitializer   com.fishit.player.v2                 I  Chucker enabled=false
2026-01-28 13:46:48.900 20824-20855 DebugToolsInitializer   com.fishit.player.v2                 W  Failed to configure LeakCanary: config
2026-01-28 13:46:48.900 20824-20855 DebugToolsInitializer   com.fishit.player.v2                 I  LeakCanary enabled=false (available=true)
2026-01-28 13:46:48.918 20824-20824 WM-PackageManagerHelper com.fishit.player.v2                 D  Skipping component enablement for androidx.work.impl.background.systemjob.SystemJobService
2026-01-28 13:46:48.918 20824-20824 WM-Schedulers           com.fishit.player.v2                 D  Created SystemJobScheduler and enabled SystemJobService
2026-01-28 13:46:48.922 20824-20861 WM-ForceStopRunnable    com.fishit.player.v2                 D  The default process name was not specified.
2026-01-28 13:46:48.924 20824-20861 WM-ForceStopRunnable    com.fishit.player.v2                 D  Performing cleanup operations.
2026-01-28 13:46:48.924 20824-20824 FishItV2Application     com.fishit.player.v2                 I  WorkManager initialized
2026-01-28 13:46:48.925 20824-20824 SourceActi...onObserver com.fishit.player.v2                 I  Starting activation observer
2026-01-28 13:46:48.926 20824-20824 TelegramAc...onObserver com.fishit.player.v2                 I  TelegramActivationObserver starting
2026-01-28 13:46:48.927 20824-20824 CatalogSyncBootstrap    com.fishit.player.v2                 I  Catalog sync bootstrap collection started
2026-01-28 13:46:48.928 20824-20860 TelegramAc...onObserver com.fishit.player.v2                 D  Auth state=Idle (initializing/in-progress) → leaving activation unchanged
2026-01-28 13:46:48.932 20824-20824 OpenGLRenderer          com.fishit.player.v2                 D  HWUI - treat SMPTE_170M as sRGB
2026-01-28 13:46:48.940 20824-20855 CatalogSyncBootstrap    com.fishit.player.v2                 D  Source activation check: activeSources=[XTREAM], hasActive=true
2026-01-28 13:46:48.968 20824-20824 ishit.player.v2         com.fishit.player.v2                 E  Invalid resource ID 0x00000000.
2026-01-28 13:46:48.969 20824-20861 WM-SystemJobScheduler   com.fishit.player.v2                 D  Reconciling jobs
2026-01-28 13:46:48.975 20824-20861 Compatibil...geReporter com.fishit.player.v2                 D  Compat change id reported: 160794467; UID 10457; state: ENABLED
2026-01-28 13:46:48.977 20824-20861 WM-ForceStopRunnable    com.fishit.player.v2                 D  Application was force-stopped, rescheduling.
2026-01-28 13:46:48.980 20824-20824 DecorView               com.fishit.player.v2                 I  setWindowBackground: isPopOver=false color=ff000000 d=android.graphics.drawable.ColorDrawable@2a854df
2026-01-28 13:46:48.985 20824-20824 PhoneWindow             com.fishit.player.v2                 D  forceLight changed to false [] from com.android.internal.policy.PhoneWindow.updateForceLightNavigationBar:4373 com.android.internal.policy.PhoneWindow.setNavigationBarColor:4064 androidx.activity.EdgeToEdgeApi29.setUp:312 androidx.activity.EdgeToEdge.enable:93 androidx.activity.EdgeToEdge.enable$default:71
2026-01-28 13:46:48.997 20824-20861 Compatibil...geReporter com.fishit.player.v2                 D  Compat change id reported: 194532703; UID 10457; state: ENABLED
2026-01-28 13:46:48.997 20824-20861 Compatibil...geReporter com.fishit.player.v2                 D  Compat change id reported: 253665015; UID 10457; state: ENABLED
2026-01-28 13:46:48.998 20824-20861 WM-SystemJobScheduler   com.fishit.player.v2                 D  Scheduling work ID 59a8dcf7-b332-4b89-9c7b-49f85756e6e1Job ID 5
2026-01-28 13:46:49.023 20824-20824 Compatibil...geReporter com.fishit.player.v2                 D  Compat change id reported: 237531167; UID 10457; state: DISABLED
2026-01-28 13:46:49.025 20824-20824 ishit.player.v2         com.fishit.player.v2                 W  Accessing hidden field Lcom/android/internal/policy/DecorView;->mWindow:Lcom/android/internal/policy/PhoneWindow; (unsupported, reflection, allowed)
2026-01-28 13:46:49.032 20824-20864 NativeCust...ncyManager com.fishit.player.v2                 D  [NativeCFMS] BpCustomFrequencyManager::BpCustomFrequencyManager()
2026-01-28 13:46:49.046 20824-20824 InsetsController        com.fishit.player.v2                 I  onStateChanged: host=com.fishit.player.v2/com.fishit.player.v2.MainActivity, from=android.view.ViewRootImpl.setView:1753, state=InsetsState: {mDisplayFrame=Rect(0, 0 - 1080, 2400), mDisplayCutout=DisplayCutout{insets=Rect(0, 80 - 0, 0) waterfall=Insets{left=0, top=0, right=0, bottom=0} boundingRect={Bounds=[Rect(0, 0 - 0, 0), Rect(510, 0 - 570, 80), Rect(0, 0 - 0, 0), Rect(0, 0 - 0, 0)]} cutoutPathParserInfo={CutoutPathParserInfo{displayWidth=1080 displayHeight=2400 physicalDisplayWidth=1080 physicalDisplayHeight=2400 density={3.0} cutoutSpec={M 0,0 H -10 V 26.66666666666667 H 10 V 0 H 0 Z @dp} rotation={0} scale={1.0} physicalPixelDisplaySizeRatio={1.0}}}}, mRoundedCorners=RoundedCorners{[RoundedCorner{position=TopLeft, radius=90, center=Point(90, 90)}, RoundedCorner{position=TopRight, radius=90, center=Point(990, 90)}, RoundedCorner{position=BottomRight, radius=90, center=Point(990, 2310)}, RoundedCorner{position=BottomLeft, radius=90, center=Point(90, 2310)}]}  mRoundedCornerFrame=Rect(0, 0 - 1080, 2400), mPrivacyIndicatorBounds=PrivacyIndicatorBounds {static bounds=Rect(948, 0 - 1080, 80) rotation=0}, mDisplayShape=DisplayShape{ spec=-311912193 displayWidth=1080 displayHeight=2400 physicalPixelDisplaySizeRatio=1.0 rotation=0 offsetX=0 offsetY=0 scale=1.0}, mSources= { InsetsSource: {27 mType=displayCutout mFrame=[0,0][1080,80] mVisible=true mFlags=[]}, InsetsSource: {567b0001 mType=navigationBars mFrame=[0,2256][1080,2400] mVisible=true mFlags=[]}, InsetsSource: {567b0004 mType=systemGestures mFrame=[0,0][0,0] mVisible=true mFlags=[]}, InsetsSource: {567b0005 mType=mandatorySystemGestures mFrame=[0,2256][1080,2400] mVisible=true mFlags=[]}, InsetsSource: {567b0006 mType=tappableElement mFrame=[0,2256][1080,2400] mVisible=true mFlags=[]}, InsetsSource: {567b0024 mType=systemGestures mFrame=[0,0][0,0] mVisible=true mFlags=[]}, InsetsSource: {667f0000 mType=statusBars mFrame=[0,0][1080,80] mVisible=true mFlags=[]}, InsetsSource: {667f0005 mType=mandatorySystemGestures mFrame=[0,0][1080,116] mVisible=true mFlags=[]}, InsetsSource: {667f0006 mType=tappableElement mFrame=[0,0][1080,80] mVisible=true mFlags=[]} }
2026-01-28 13:46:49.048 20824-20824 ViewRootIm...nActivity] com.fishit.player.v2                 I  synced displayState. AttachInfo displayState=2
2026-01-28 13:46:49.048 20824-20824 ViewRootIm...nActivity] com.fishit.player.v2                 I  setView = com.android.internal.policy.DecorView@abc709a TM=true
2026-01-28 13:46:49.049 20824-20824 IDS_TAG                 com.fishit.player.v2                 I  Starting IDS observe window
2026-01-28 13:46:49.049 20824-20878 WM-PackageManagerHelper com.fishit.player.v2                 D  Skipping component enablement for androidx.work.impl.background.systemalarm.RescheduleReceiver
2026-01-28 13:46:49.049 20824-20824 IDS_TAG                 com.fishit.player.v2                 I  Getting Shared Preference for com.fishit.player.v2.FishItV2Application@36a5f6d uid = 10457
2026-01-28 13:46:49.055 20824-20824 IDS_TAG                 com.fishit.player.v2                 I  App com.fishit.player.v2.FishItV2Application@36a5f6d has not finished training
2026-01-28 13:46:49.058 20824-20824 IDS_TAG                 com.fishit.player.v2                 I  Closing IDS observe window
2026-01-28 13:46:49.058 20824-20824 IDS_TAG                 com.fishit.player.v2                 I  Getting Shared Preference for com.fishit.player.v2.FishItV2Application@36a5f6d uid = 10457
2026-01-28 13:46:49.059 20824-20824 IDS_TAG                 com.fishit.player.v2                 I  IDS count updated to 2 for com.fishit.player.v2.FishItV2Application@36a5f6d
2026-01-28 13:46:49.208 20824-20857 XtreamCredStore         com.fishit.player.v2                 I  Read stored config: scheme=http, host=konigtv.com, port=8080
2026-01-28 13:46:49.209 20824-20857 XtreamSessionBootstrap  com.fishit.player.v2                 I  Auto-initializing Xtream session from stored config: scheme=http, host=konigtv.com, port=8080
2026-01-28 13:46:49.211 20824-20857 XtreamApiClient         com.fishit.player.v2                 D  Initializing client for konigtv.com (forceDiscovery=false)
2026-01-28 13:46:49.211 20824-20857 XtreamApiClient         com.fishit.player.v2                 D  Resolved port: 8080
2026-01-28 13:46:49.256 20824-20882 XtreamApiClient         com.fishit.player.v2                 D  buildPlayerApiUrl: action=get_movie_categories -> konigtv.com/player_api.php
2026-01-28 13:46:49.260 20824-20855 XtreamApiClient         com.fishit.player.v2                 D  buildPlayerApiUrl: action=get_live_categories -> konigtv.com/player_api.php
2026-01-28 13:46:49.265 20824-20859 XtreamApiClient         com.fishit.player.v2                 D  buildPlayerApiUrl: action=get_live_streams -> konigtv.com/player_api.php
2026-01-28 13:46:49.266 20824-20860 XtreamApiClient         com.fishit.player.v2                 D  buildPlayerApiUrl: action=get_vod_categories -> konigtv.com/player_api.php
2026-01-28 13:46:49.271 20824-20885 XtreamApiClient         com.fishit.player.v2                 D  buildPlayerApiUrl: action=get_movies_categories -> konigtv.com/player_api.php
2026-01-28 13:46:49.274 20824-20856 XtreamApiClient         com.fishit.player.v2                 D  buildPlayerApiUrl: action=get_series_categories -> konigtv.com/player_api.php
2026-01-28 13:46:49.277 20824-20862 XtreamApiClient         com.fishit.player.v2                 D  buildPlayerApiUrl: action=get_series -> konigtv.com/player_api.php
2026-01-28 13:46:49.435 20824-20899 TrafficStats            com.fishit.player.v2                 D  tagSocket(118) with statsTag=0xffffffff, statsUid=-1
2026-01-28 13:46:49.435 20824-20898 TrafficStats            com.fishit.player.v2                 D  tagSocket(117) with statsTag=0xffffffff, statsUid=-1
2026-01-28 13:46:49.511 20824-20898 TrafficStats            com.fishit.player.v2                 D  tagSocket(119) with statsTag=0xffffffff, statsUid=-1
2026-01-28 13:46:49.522 20824-20833 ishit.player.v2         com.fishit.player.v2                 I  Compiler allocated 7198KB to compile void android.view.ViewRootImpl.performTraversals()
2026-01-28 13:46:49.573 20824-20824 Compatibil...geReporter com.fishit.player.v2                 D  Compat change id reported: 289878283; UID 10457; state: ENABLED
2026-01-28 13:46:49.594 20824-20882 XtreamApiClient         com.fishit.player.v2                 D  NetworkProbe: HTTP 200 for konigtv.com/player_api.php | bytes=458 contentType=application/json
2026-01-28 13:46:49.713 20824-20885 XtreamApiClient         com.fishit.player.v2                 D  NetworkProbe: HTTP 200 for konigtv.com/player_api.php | bytes=11946 contentType=application/json
2026-01-28 13:46:49.716 20824-20824 BLASTBufferQueue_Java   com.fishit.player.v2                 I  new BLASTBufferQueue, mName= ViewRootImpl@a45f278[MainActivity] mNativeObject= 0xb400006e78df3650 sc.mNativeObject= 0xb400006f48ddb210 caller= android.view.ViewRootImpl.updateBlastSurfaceIfNeeded:3028 android.view.ViewRootImpl.relayoutWindow:10131 android.view.ViewRootImpl.performTraversals:4110 android.view.ViewRootImpl.doTraversal:3288 android.view.ViewRootImpl$TraversalRunnable.run:11344 android.view.Choreographer$CallbackRecord.run:1689 android.view.Choreographer$CallbackRecord.run:1698 android.view.Choreographer.doCallbacks:1153 android.view.Choreographer.doFrame:1079 android.view.Choreographer$FrameDisplayEventReceiver.run:1646
2026-01-28 13:46:49.717 20824-20824 BLASTBufferQueue_Java   com.fishit.player.v2                 I  update, w= 1080 h= 2400 mName = ViewRootImpl@a45f278[MainActivity] mNativeObject= 0xb400006e78df3650 sc.mNativeObject= 0xb400006f48ddb210 format= -1 caller= android.graphics.BLASTBufferQueue.<init>:89 android.view.ViewRootImpl.updateBlastSurfaceIfNeeded:3028 android.view.ViewRootImpl.relayoutWindow:10131 android.view.ViewRootImpl.performTraversals:4110 android.view.ViewRootImpl.doTraversal:3288 android.view.ViewRootImpl$TraversalRunnable.run:11344
2026-01-28 13:46:49.718 20824-20824 ViewRootIm...nActivity] com.fishit.player.v2                 I  Relayout returned: old=(0,0,1080,2400) new=(0,0,1080,2400) relayoutAsync=false req=(1080,2400)0 dur=12 res=0x403 s={true 0xb400006ec8e24a50} ch=true seqId=0
2026-01-28 13:46:49.718 20824-20824 ViewRootIm...nActivity] com.fishit.player.v2                 I  performConfigurationChange setNightDimText nightDimLevel=0
2026-01-28 13:46:49.719 20824-20824 ViewRootIm...nActivity] com.fishit.player.v2                 D  mThreadedRenderer.initialize() mSurface={isValid=true 0xb400006ec8e24a50} hwInitialized=true
2026-01-28 13:46:49.750 20824-20824 ViewRootIm...nActivity] com.fishit.player.v2                 D  reportNextDraw android.view.ViewRootImpl.performTraversals:4718 android.view.ViewRootImpl.doTraversal:3288 android.view.ViewRootImpl$TraversalRunnable.run:11344 android.view.Choreographer$CallbackRecord.run:1689 android.view.Choreographer$CallbackRecord.run:1698
2026-01-28 13:46:49.751 20824-20824 ViewRootIm...nActivity] com.fishit.player.v2                 I  Setup new sync=wmsSync-ViewRootImpl@a45f278[MainActivity]#0
2026-01-28 13:46:49.751 20824-20824 ViewRootIm...nActivity] com.fishit.player.v2                 I  Creating new active sync group ViewRootImpl@a45f278[MainActivity]#1
2026-01-28 13:46:49.755 20824-20824 ViewRootIm...nActivity] com.fishit.player.v2                 I  registerCallbacksForSync syncBuffer=false
2026-01-28 13:46:49.782 20824-20859 XtreamApiClient         com.fishit.player.v2                 D  NetworkProbe: HTTP 200 for konigtv.com/player_api.php | bytes=10494 contentType=application/json
2026-01-28 13:46:49.787 20824-20905 ViewRootIm...nActivity] com.fishit.player.v2                 I  Received frameDrawingCallback syncResult=0 frameNum=1.
2026-01-28 13:46:49.787 20824-20905 ViewRootIm...nActivity] com.fishit.player.v2                 I  mWNT: t=0xb400007078df6b90 mBlastBufferQueue=0xb400006e78df3650 fn= 1 mRenderHdrSdrRatio=1.0 caller= android.view.ViewRootImpl$8.onFrameDraw:13841 android.view.ThreadedRenderer$1.onFrameDraw:792 <bottom of call stack>
2026-01-28 13:46:49.787 20824-20905 ViewRootIm...nActivity] com.fishit.player.v2                 I  Setting up sync and frameCommitCallback
2026-01-28 13:46:49.801 20824-20864 BLASTBufferQueue        com.fishit.player.v2                 I  [ViewRootImpl@a45f278[MainActivity]#0](f:0,a:0,s:0) onFrameAvailable the first frame is available
2026-01-28 13:46:49.802 20824-20864 ViewRootIm...nActivity] com.fishit.player.v2                 I  Received frameCommittedCallback lastAttemptedDrawFrameNum=1 didProduceBuffer=true
2026-01-28 13:46:49.802 20824-20864 OpenGLRenderer          com.fishit.player.v2                 D  CFMS:: SetUp Pid : 20824    Tid : 20864
2026-01-28 13:46:49.803 20824-20824 ViewRootIm...nActivity] com.fishit.player.v2                 I  reportDrawFinished seqId=0
2026-01-28 13:46:49.804 20824-20864 OpenGLRenderer          com.fishit.player.v2                 D  HWUI - treat SMPTE_170M as sRGB
2026-01-28 13:46:49.804 20824-20824 Choreographer           com.fishit.player.v2                 I  Skipped 42 frames!  The application may be doing too much work on its main thread.
2026-01-28 13:46:49.807 20824-20842 OpenGLRenderer          com.fishit.player.v2                 I  Davey! duration=746ms; Flags=1, FrameTimelineVsyncId=57712808, IntendedVsync=336583272562332, Vsync=336583272562332, InputEventId=0, HandleInputStart=336583276655602, AnimationStart=336583276662102, PerformTraversalsStart=336583276812871, DrawStart=336583972524063, FrameDeadline=336583303111498, FrameInterval=336583276611563, FrameStartTime=16676860, SyncQueued=336584002753409, SyncStart=336584002833178, IssueDrawCommandsStart=336584004165832, SwapBuffers=336584017460447, FrameCompleted=336584019128563, DequeueBufferDuration=12538, QueueBufferDuration=278000, GpuCompleted=336584019128563, SwapBuffersCompleted=336584018983140, DisplayPresentTime=0, CommandSubmissionCompleted=336584017460447,
2026-01-28 13:46:49.818 20824-20853 LeakCanary              com.fishit.player.v2                 D  LeakCanary is currently disabled: Waiting for debugger to detach.
2026-01-28 13:46:49.836 20824-20824 Choreographer           com.fishit.player.v2                 I  Skipped 43 frames!  The application may be doing too much work on its main thread.
2026-01-28 13:46:49.838 20824-20824 InsetsSourceConsumer    com.fishit.player.v2                 I  applyRequestedVisibilityToControl: visible=true, type=statusBars, host=com.fishit.player.v2/com.fishit.player.v2.MainActivity
2026-01-28 13:46:49.839 20824-20824 InsetsSourceConsumer    com.fishit.player.v2                 I  applyRequestedVisibilityToControl: visible=true, type=navigationBars, host=com.fishit.player.v2/com.fishit.player.v2.MainActivity
2026-01-28 13:46:49.840 20824-20824 ViewRootIm...nActivity] com.fishit.player.v2                 I  handleWindowFocusChanged: 1 0 call from android.view.ViewRootImpl.-$$Nest$mhandleWindowFocusChanged:0
2026-01-28 13:46:49.841 20824-20824 ViewRootIm...nActivity] com.fishit.player.v2                 D  mThreadedRenderer.initializeIfNeeded()#2 mSurface={isValid=true 0xb400006ec8e24a50}
2026-01-28 13:46:49.848 20824-20824 InputMethodManagerUtils com.fishit.player.v2                 D  startInputInner - Id : 0
2026-01-28 13:46:49.848 20824-20824 InputMethodManager      com.fishit.player.v2                 I  startInputInner - IInputMethodManagerGlobalInvoker.startInputOrWindowGainedFocus
2026-01-28 13:46:49.854 20824-20824 Choreographer           com.fishit.player.v2                 W  Already have a pending vsync event.  There should only be one at a time.
2026-01-28 13:46:49.858 20824-20839 OpenGLRenderer          com.fishit.player.v2                 I  Davey! duration=733ms; Flags=0, FrameTimelineVsyncId=57712821, IntendedVsync=336583319696604, Vsync=336584020071216, InputEventId=0, HandleInputStart=336584022916563, AnimationStart=336584022920678, PerformTraversalsStart=336584048624601, DrawStart=336584048835178, FrameDeadline=336584039687698, FrameInterval=336584021169755, FrameStartTime=16675586, SyncQueued=336584051650793, SyncStart=336584051724178, IssueDrawCommandsStart=336584051780332, SwapBuffers=336584052745524, FrameCompleted=336584053670563, DequeueBufferDuration=13346, QueueBufferDuration=201192, GpuCompleted=336584053670563, SwapBuffersCompleted=336584053374024, DisplayPresentTime=0, CommandSubmissionCompleted=336584052745524,
2026-01-28 13:46:49.875 20824-20882 XtreamApiClient         com.fishit.player.v2                 D  NetworkProbe: HTTP 200 for konigtv.com/player_api.php | bytes=458 contentType=application/json
2026-01-28 13:46:49.889 20824-20824 InputMethodManagerUtils com.fishit.player.v2                 D  startInputInner - Id : 0
2026-01-28 13:46:49.891 20824-20824 InsetsController        com.fishit.player.v2                 I  onStateChanged: host=com.fishit.player.v2/com.fishit.player.v2.MainActivity, from=android.view.ViewRootImpl$ViewRootHandler.handleMessageImpl:7209, state=InsetsState: {mDisplayFrame=Rect(0, 0 - 1080, 2400), mDisplayCutout=DisplayCutout{insets=Rect(0, 80 - 0, 0) waterfall=Insets{left=0, top=0, right=0, bottom=0} boundingRect={Bounds=[Rect(0, 0 - 0, 0), Rect(510, 0 - 570, 80), Rect(0, 0 - 0, 0), Rect(0, 0 - 0, 0)]} cutoutPathParserInfo={CutoutPathParserInfo{displayWidth=1080 displayHeight=2400 physicalDisplayWidth=1080 physicalDisplayHeight=2400 density={3.0} cutoutSpec={M 0,0 H -10 V 26.66666666666667 H 10 V 0 H 0 Z @dp} rotation={0} scale={1.0} physicalPixelDisplaySizeRatio={1.0}}}}, mRoundedCorners=RoundedCorners{[RoundedCorner{position=TopLeft, radius=90, center=Point(90, 90)}, RoundedCorner{position=TopRight, radius=90, center=Point(990, 90)}, RoundedCorner{position=BottomRight, radius=90, center=Point(990, 2310)}, RoundedCorner{position=BottomLeft, radius=90, center=Point(90, 2310)}]}  mRoundedCornerFrame=Rect(0, 0 - 1080, 2400), mPrivacyIndicatorBounds=PrivacyIndicatorBounds {static bounds=Rect(948, 0 - 1080, 80) rotation=0}, mDisplayShape=DisplayShape{ spec=-311912193 displayWidth=1080 displayHeight=2400 physicalPixelDisplaySizeRatio=1.0 rotation=0 offsetX=0 offsetY=0 scale=1.0}, mSources= { InsetsSource: {3 mType=ime mFrame=[0,0][0,0] mVisible=false mFlags=[]}, InsetsSource: {27 mType=displayCutout mFrame=[0,0][1080,80] mVisible=true mFlags=[]}, InsetsSource: {567b0001 mType=navigationBars mFrame=[0,2256][1080,2400] mVisible=true mFlags=[]}, InsetsSource: {567b0004 mType=systemGestures mFrame=[0,0][0,0] mVisible=true mFlags=[]}, InsetsSource: {567b0005 mType=mandatorySystemGestures mFrame=[0,2256][1080,2400] mVisible=true mFlags=[]}, InsetsSource: {567b0006 mType=tappableElement mFrame=[0,2256][1080,2400] mVisible=true mFlags=[]}, InsetsSource: {567b0024 mType=systemGestures mFrame=[0,0][0,0] mVisible=true mFlags=[]}, InsetsSource: {667f0000 mType=statusBars mFrame=[0,0][1080,80] mVisible=true mFlags=[]}, InsetsSource: {667f0005 mType=mandatorySystemGestures mFrame=[0,0][1080,116] mVisible=true mFlags=[]}, InsetsSource: {667f0006 mType=tappableElement mFrame=[0,0][1080,80] mVisible=true mFlags=[]} }
2026-01-28 13:46:49.892 20824-20824 InsetsSourceConsumer    com.fishit.player.v2                 I  applyRequestedVisibilityToControl: visible=false, type=ime, host=com.fishit.player.v2/com.fishit.player.v2.MainActivity
2026-01-28 13:46:49.934 20824-20855 XtreamApiClient         com.fishit.player.v2                 D  buildPlayerApiUrl: action=get_short_epg -> konigtv.com/player_api.php
2026-01-28 13:46:50.084 20824-20859 XtreamApiClient         com.fishit.player.v2                 D  NetworkProbe: HTTP 200 for konigtv.com/player_api.php | bytes=3753 contentType=application/json
2026-01-28 13:46:50.152 20824-20859 XtreamApiClient         com.fishit.player.v2                 D  NetworkProbe: HTTP 200 for konigtv.com/player_api.php | bytes=39 contentType=application/json
2026-01-28 13:46:50.156 20824-20859 XtreamApiClient         com.fishit.player.v2                 D  NetworkProbe: Manually decompressed gzip body for konigtv.com/player_api.php | original=39 decompressed=19
2026-01-28 13:46:50.464 20824-20862 XtreamApiClient         com.fishit.player.v2                 D  NetworkProbe: HTTP 200 for konigtv.com/player_api.php | bytes=3287270 contentType=application/json
2026-01-28 13:46:51.338 20824-20882 XtreamApiClient         com.fishit.player.v2                 D  NetworkProbe: HTTP 200 for konigtv.com/player_api.php | bytes=6212435 contentType=application/json
2026-01-28 13:46:51.591 20824-20834 ishit.player.v2         com.fishit.player.v2                 I  Background concurrent copying GC freed 157192(20MB) AllocSpace objects, 22(9936KB) LOS objects, 39% free, 36MB/60MB, paused 107us,156us total 222.656ms
2026-01-28 13:46:52.973 20824-20882 XtreamApiClient         com.fishit.player.v2                 D  buildPlayerApiUrl: action=null -> konigtv.com/player_api.php
2026-01-28 13:46:52.974 20824-20882 XtreamApiClient         com.fishit.player.v2                 D  getServerInfo: Fetching from konigtv.com/player_api.php
2026-01-28 13:46:53.139 20824-20882 XtreamApiClient         com.fishit.player.v2                 D  NetworkProbe: HTTP 200 for konigtv.com/player_api.php | bytes=458 contentType=application/json
2026-01-28 13:46:53.143 20824-20882 XtreamApiClient         com.fishit.player.v2                 D  getServerInfo: Received 458 bytes, parsing...
2026-01-28 13:46:53.166 20824-20882 XtreamApiClient         com.fishit.player.v2                 D  Server info retrieved: konigtv.com
2026-01-28 13:46:53.171 20824-20882 XtreamSessionBootstrap  com.fishit.player.v2                 I  Xtream session auto-initialization succeeded
2026-01-28 13:46:53.189 20824-20862 SourceActivationStore   com.fishit.player.v2                 I  Source activation changed: XTREAM -> Active
2026-01-28 13:46:53.958 20824-20862 CatalogSyncBootstrap    com.fishit.player.v2                 I  Catalog sync bootstrap triggered; activeSources=[XTREAM]
2026-01-28 13:46:53.959 20824-20862 CatalogSyncScheduler    com.fishit.player.v2                 D  Enqueueing AUTO sync
2026-01-28 13:46:53.973 20824-20862 CatalogSyncScheduler    com.fishit.player.v2                 D  Scheduling periodic incremental sync every 2 hours
2026-01-28 13:46:53.977 20824-20862 CatalogSyncScheduler    com.fishit.player.v2                 I  Periodic incremental sync scheduled: every 2 hours
2026-01-28 13:46:53.978 20824-20862 CatalogSyncBootstrap    com.fishit.player.v2                 I  Periodic incremental sync scheduled: every 2h
2026-01-28 13:46:54.007 20824-20861 WM-SystemJobScheduler   com.fishit.player.v2                 D  Scheduling work ID 1511dadf-e82e-44a1-a254-f805ae7dfad9Job ID 6
2026-01-28 13:46:54.027 20824-20861 WM-GreedyScheduler      com.fishit.player.v2                 D  Starting work for 1511dadf-e82e-44a1-a254-f805ae7dfad9
2026-01-28 13:46:54.030 20824-20824 WM-SystemJobService     com.fishit.player.v2                 D  onStartJob for WorkGenerationalId(workSpecId=1511dadf-e82e-44a1-a254-f805ae7dfad9, generation=0)
2026-01-28 13:46:54.045 20824-20861 WM-GreedyScheduler      com.fishit.player.v2                 D  Cancelling work ID 59a8dcf7-b332-4b89-9c7b-49f85756e6e1
2026-01-28 13:46:54.064 20824-20861 WM-SystemJobScheduler   com.fishit.player.v2                 D  Scheduling work ID 59a8dcf7-b332-4b89-9c7b-49f85756e6e1Job ID 7
2026-01-28 13:46:54.081 20824-20861 WM-Processor            com.fishit.player.v2                 D  Processor: processing WorkGenerationalId(workSpecId=1511dadf-e82e-44a1-a254-f805ae7dfad9, generation=0)
2026-01-28 13:46:54.085 20824-20861 WM-Processor            com.fishit.player.v2                 D  Work WorkGenerationalId(workSpecId=1511dadf-e82e-44a1-a254-f805ae7dfad9, generation=0) is already enqueued for processing
2026-01-28 13:46:54.094 20824-20861 Compatibil...geReporter com.fishit.player.v2                 D  Compat change id reported: 263076149; UID 10457; state: ENABLED
2026-01-28 13:46:54.103 20824-20824 WM-WorkerWrapper        com.fishit.player.v2                 D  Starting work for com.fishit.player.v2.work.CatalogSyncOrchestratorWorker
2026-01-28 13:46:54.105 20824-20862 CatalogSyn...atorWorker com.fishit.player.v2                 I  START sync_run_id=3e5a89fd-daf4-41ea-95ec-136a3c4889b4 mode=auto
2026-01-28 13:46:54.109 20824-20862 RuntimeGuards           com.fishit.player.v2                 D  Manual sync (auto) - skipping battery guard (level=97%)
2026-01-28 13:46:54.110 20824-20862 CatalogSyn...atorWorker com.fishit.player.v2                 I  Active sources check: [XTREAM] (isEmpty=false)
2026-01-28 13:46:54.110 20824-20862 CatalogSyn...atorWorker com.fishit.player.v2                 D  Active sources: [XTREAM] (TELEGRAM=false, XTREAM=true, IO=false)
2026-01-28 13:46:54.114 20824-20862 CatalogSyn...atorWorker com.fishit.player.v2                 D  Enqueued Xtream chain: work_name=catalog_sync_global_xtream policy=KEEP workers=2
2026-01-28 13:46:54.115 20824-20862 CatalogSyn...atorWorker com.fishit.player.v2                 D  Telegram not in active sources - skipping Telegram workers
2026-01-28 13:46:54.116 20824-20862 CatalogSyn...atorWorker com.fishit.player.v2                 D  📊 WorkInfo chains enqueued:
                                                                                                      [XTREAM] work_name=catalog_sync_global_xtream → ENQUEUED
                                                                                                      Use 'adb shell dumpsys jobscheduler' or WorkManager Inspector for detailed state
2026-01-28 13:46:54.117 20824-20862 CatalogSyn...atorWorker com.fishit.player.v2                 I  CHAINS_ENQUEUED duration_ms=12 policy=KEEP sources=XTREAM (downstream workers will report completion)
2026-01-28 13:46:54.143 20824-20877 WM-SystemJobScheduler   com.fishit.player.v2                 D  Scheduling work ID a5b2227f-5495-4dac-bf63-b6004ce4b382Job ID 8
2026-01-28 13:46:54.150 20824-20824 WM-SystemJobService     com.fishit.player.v2                 D  onStartJob for WorkGenerationalId(workSpecId=a5b2227f-5495-4dac-bf63-b6004ce4b382, generation=0)
2026-01-28 13:46:54.152 20824-20877 WM-GreedyScheduler      com.fishit.player.v2                 D  Starting work for a5b2227f-5495-4dac-bf63-b6004ce4b382
2026-01-28 13:46:54.155 20824-20877 WM-WorkerWrapper        com.fishit.player.v2                 I  Worker result SUCCESS for Work [ id=1511dadf-e82e-44a1-a254-f805ae7dfad9, tags={ com.fishit.player.v2.work.CatalogSyncOrchestratorWorker,catalog_sync,mode_auto,worker/CatalogSyncOrchestratorWorker } ]
2026-01-28 13:46:54.158 20824-20824 WM-Processor            com.fishit.player.v2                 D  Processor 1511dadf-e82e-44a1-a254-f805ae7dfad9 executed; reschedule = false
2026-01-28 13:46:54.158 20824-20824 WM-SystemJobService     com.fishit.player.v2                 D  1511dadf-e82e-44a1-a254-f805ae7dfad9 executed on JobScheduler
2026-01-28 13:46:54.163 20824-20877 WM-Processor            com.fishit.player.v2                 D  Processor: processing WorkGenerationalId(workSpecId=a5b2227f-5495-4dac-bf63-b6004ce4b382, generation=0)
2026-01-28 13:46:54.167 20824-20877 WM-Processor            com.fishit.player.v2                 D  Work WorkGenerationalId(workSpecId=a5b2227f-5495-4dac-bf63-b6004ce4b382, generation=0) is already enqueued for processing
2026-01-28 13:46:54.168 20824-20877 WM-GreedyScheduler      com.fishit.player.v2                 D  Cancelling work ID 1511dadf-e82e-44a1-a254-f805ae7dfad9
2026-01-28 13:46:54.186 20824-20824 WM-WorkerWrapper        com.fishit.player.v2                 D  Starting work for com.fishit.player.v2.work.XtreamPreflightWorker
2026-01-28 13:46:54.187 20824-20862 XtreamPreflightWorker   com.fishit.player.v2                 I  START sync_run_id=3e5a89fd-daf4-41ea-95ec-136a3c4889b4 mode=auto source=XTREAM attempt=0/5
2026-01-28 13:46:54.190 20824-20862 RuntimeGuards           com.fishit.player.v2                 D  Manual sync (auto) - skipping battery guard (level=97%)
2026-01-28 13:46:54.212 20824-20862 XtreamCredStore         com.fishit.player.v2                 I  Read stored config: scheme=http, host=konigtv.com, port=8080
2026-01-28 13:46:54.213 20824-20862 XtreamPreflightWorker   com.fishit.player.v2                 W  Auth state idle but credentials exist (session initializing)
2026-01-28 13:46:54.213 20824-20862 WorkerRetryPolicy       com.fishit.player.v2                 W  Auth state idle with valid credentials - retrying (attempt=0, remaining=5, limit=5)
2026-01-28 13:46:54.216 20824-20861 WM-WorkerWrapper        com.fishit.player.v2                 I  Worker result RETRY for Work [ id=a5b2227f-5495-4dac-bf63-b6004ce4b382, tags={ com.fishit.player.v2.work.XtreamPreflightWorker,catalog_sync,source_xtream,worker/XtreamPreflightWorker } ]
2026-01-28 13:46:54.222 20824-20824 WM-Processor            com.fishit.player.v2                 D  Processor a5b2227f-5495-4dac-bf63-b6004ce4b382 executed; reschedule = true
2026-01-28 13:46:54.222 20824-20824 WM-SystemJobService     com.fishit.player.v2                 D  a5b2227f-5495-4dac-bf63-b6004ce4b382 executed on JobScheduler
2026-01-28 13:46:54.227 20824-20824 ishit.player.v2         com.fishit.player.v2                 W  Accessing hidden field Landroid/app/ActivityThread;->mServices:Landroid/util/ArrayMap; (unsupported, reflection, allowed)
2026-01-28 13:46:54.228 20824-20824 LeakCanary              com.fishit.player.v2                 D  Watching instance of androidx.work.impl.background.systemjob.SystemJobService (androidx.work.impl.background.systemjob.SystemJobService received Service#onDestroy() callback) with key 6d2b82c3-40da-41bd-a308-4bd83c8cd932
2026-01-28 13:46:54.233 20824-20861 WM-GreedyScheduler      com.fishit.player.v2                 D  Cancelling work ID a5b2227f-5495-4dac-bf63-b6004ce4b382
2026-01-28 13:46:54.248 20824-20861 WM-SystemJobScheduler   com.fishit.player.v2                 D  Scheduling work ID a5b2227f-5495-4dac-bf63-b6004ce4b382Job ID 9
2026-01-28 13:46:54.846 20824-20939 ProfileInstaller        com.fishit.player.v2                 D  Installing profile for com.fishit.player.v2
2026-01-28 13:46:59.335 20824-20853 ishit.player.v2         com.fishit.player.v2                 I  Explicit concurrent copying GC freed 1074466(37MB) AllocSpace objects, 5(172KB) LOS objects, 50% free, 17MB/35MB, paused 101us,68us total 102.740ms